[log] command 'run' started at 2026-07-23_13-26-02 for model 'millet__inceptiontime_conjunctive'
[log] a copy of everything below is being saved to: results/SEA_NET/millet__inceptiontime_conjunctive/logs/run_2026-07-23_13-26-02.log

=== run: model=millet__inceptiontime_conjunctive (config sv1/millet) dataset=WebTraffic device=cuda mode=full ===
resolved config:
  model = sv1/millet
  run.mode = single
  run.dataset = WebTraffic
  run.smoke = False
  run.re_train = True
  preprocessing.instance_type = single_point
  preprocessing.window_size = 5
  preprocessing.window_stride = 5
  seed = 0
  device = auto
  output.results_dir = results/SEA_NET
  interpretability.dataset = WebTraffic
  interpretability.n_classes = 3
  interpretability.per_class = 1
  mlflow.enabled = True
  mlflow.experiment_name = SEA-Net
  mlflow.tracking_uri = sqlite:///mlflow.db
  mlflow.log_model_weights = True
  model_config.name = millet
  model_config.encoder.type = inceptiontime
  model_config.pooling.type = conjunctive
  model_config.pooling.d_attn = 8
  model_config.pooling.dropout = 0.1
  model_config.pooling.positional_encoding = True
  model_config.training.n_epochs = 400
  model_config.training.patience = 60
  model_config.training.max_batch = 16
  model_config.training.learning_rate = 0.00125
  model_config.training.weight_decay = 0.00012
  model_config.training.label_smoothing = 0.13
  model_config.training.lambda_entropy = 0.0
  model_config.training.min_train_for_val = 100
  model_config.training.val_frac = 0.2
  model_config.training.optimizer = adam
[params] using DEFAULT recipe (no Optuna record yet - run 'python main.py optuna --model sv1/millet').
  [mlflow] logging runs to experiment 'SEA-Net_millet__inceptiontime_conjunctive_2026-07-23' at sqlite:///mlflow.db
  [mlflow] browse later with:  mlflow ui --backend-store-uri sqlite:///mlflow.db
    stage 1/3: loading data ...
    stage 2/3: training on 400 series (val=100, C=10, T=1008, batch=16) ...
    stage 3/3: scoring on 500 test series (accuracy + AOPCR + NDCG) ...
    [mlflow] versioned model 'millet__inceptiontime_conjunctive' (id=m-3788baf5ba974a6ca8c583ad99770565) params={'model_size_mb': '4.1098', 'n_model_params': '423707', 'name': 'millet'}
    [mlflow] logged run 'millet_WebTraffic'  (train_acc=1.0000 val_acc=0.8700 test_acc=0.8940 test_loss=0.5150)

=== millet__inceptiontime_conjunctive on WebTraffic ===
  params          : 423707
  model_size_mb   : 4.1098
  n_train         : 400
  n_val           : 100
  n_test          : 500
  series_length   : 1008
  n_classes       : 10
  test_acc        : 0.894
  test_loss       : 0.515
  test_aopcr      : 1.5936
  test_ndcg       : 0.6711
  train_time_s    : 49.12

  saved -> results/SEA_NET/millet__inceptiontime_conjunctive/results.csv
  recorded default metrics -> configs/models/sv1/millet.yaml (records.default)

[log] finished; full output saved to results/SEA_NET/millet__inceptiontime_conjunctive/logs/run_2026-07-23_13-26-02.log
