[log] command 'train' started at 2026-07-20_17-28-06 for model 'inceptiontime_conjunctive'
[log] a copy of everything below is being saved to: results/SEA_NET/inceptiontime_conjunctive/logs/train_2026-07-20_17-28-06.log

=== train: model=inceptiontime_conjunctive (config millet) device=cuda mode=full datasets=129 ===
[params] using DEFAULT recipe (no Optuna record yet - run 'python main.py optuna --model millet').
  results  -> results/SEA_NET/inceptiontime_conjunctive/results.csv
  resume   -> results/SEA_NET/inceptiontime_conjunctive/done_train_dataset.txt  (delete it to retrain everything; delete one line to retrain that dataset)

  [mlflow] logging runs to experiment 'SEA-Net_inceptiontime_conjunctive_2026-07-20' at sqlite:///mlflow.db
  [mlflow] browse later with:  mlflow ui --backend-store-uri sqlite:///mlflow.db
[  1/129] WebTraffic
    stage 1/3: loading data ...
    stage 2/3: training on 400 series (val=100, C=10, T=201, batch=16) ...
    stage 3/3: scoring on 500 test series (accuracy + AOPCR + NDCG) ...
    [mlflow] versioned model 'inceptiontime_conjunctive' (id=m-96597a5ee937493d9d5c406c715f3507) params={'model_size_mb': '4.3785', 'n_model_params': '493979', 'name': 'millet'}
    [mlflow] logged run 'millet_WebTraffic'  (train_acc=1.0000 val_acc=0.7600 test_acc=0.7520 test_loss=0.8266)
[  1/129] WebTraffic                   DONE  acc=0.7520 loss=0.8266 AOPCR=  0.516 NDCG=  n/a C= 10 T=  201 (206s)  [1 trained / 0 failed so far]
[  2/129] Adiac
    stage 1/3: loading data ...
    stage 2/3: training on 328 series (val=62, C=37, T=35, batch=16) ...
    stage 3/3: scoring on 391 test series (accuracy + AOPCR) ...
[  2/129] Adiac                        FAILED: RuntimeError: a Tensor with 80 elements cannot be converted to Scalar
[  3/129] ArrowHead
    stage 1/3: loading data ...
    stage 2/3: training on 36 series (no val (train-loss early stop), C=3, T=50, batch=3) ...
    stage 3/3: scoring on 175 test series (accuracy + AOPCR) ...
    [mlflow] versioned model 'inceptiontime_conjunctive' (id=m-528c06aa75bc48d9af635b2f279775f6) params={'model_size_mb': '4.3751', 'n_model_params': '493076', 'name': 'millet'}
    [mlflow] logged run 'millet_ArrowHead'  (train_acc=1.0000 test_acc=0.7371 test_loss=0.6310)
[  3/129] ArrowHead                    DONE  acc=0.7371 loss=0.6310 AOPCR=  0.222 NDCG=  n/a C=  3 T=   50 (17s)  [2 trained / 1 failed so far]
[  4/129] Beef
    stage 1/3: loading data ...
    stage 2/3: training on 30 series (no val (train-loss early stop), C=5, T=94, batch=3) ...
    stage 3/3: scoring on 30 test series (accuracy + AOPCR) ...
    [mlflow] versioned model 'inceptiontime_conjunctive' (id=m-dd845ff4b2aa4ea384c56ed8d8373fa8) params={'model_size_mb': '4.3761', 'n_model_params': '493334', 'name': 'millet'}
    [mlflow] logged run 'millet_Beef'  (train_acc=1.0000 test_acc=0.8667 test_loss=0.4293)
[  4/129] Beef                         DONE  acc=0.8667 loss=0.4293 AOPCR=  0.673 NDCG=  n/a C=  5 T=   94 (18s)  [3 trained / 1 failed so far]
[  5/129] BeetleFly
    stage 1/3: loading data ...
    stage 2/3: training on 20 series (no val (train-loss early stop), C=2, T=102, batch=2) ...
    stage 3/3: scoring on 20 test series (accuracy + AOPCR) ...
    [mlflow] versioned model 'inceptiontime_conjunctive' (id=m-f5a3688f8d954883bcc9734fd852143e) params={'model_size_mb': '4.3746', 'n_model_params': '492947', 'name': 'millet'}
    [mlflow] logged run 'millet_BeetleFly'  (train_acc=1.0000 test_acc=0.8000 test_loss=0.4128)
[  5/129] BeetleFly                    DONE  acc=0.8000 loss=0.4128 AOPCR=  0.258 NDCG=  n/a C=  2 T=  102 (8s)  [4 trained / 1 failed so far]
[  6/129] BirdChicken
    stage 1/3: loading data ...
    stage 2/3: training on 20 series (no val (train-loss early stop), C=2, T=102, batch=2) ...
    stage 3/3: scoring on 20 test series (accuracy + AOPCR) ...
    [mlflow] versioned model 'inceptiontime_conjunctive' (id=m-812ea668b76244f4aad96bd3de9fe692) params={'model_size_mb': '4.3746', 'n_model_params': '492947', 'name': 'millet'}
    [mlflow] logged run 'millet_BirdChicken'  (train_acc=1.0000 test_acc=0.8000 test_loss=0.4007)
[  6/129] BirdChicken                  DONE  acc=0.8000 loss=0.4007 AOPCR=  0.349 NDCG=  n/a C=  2 T=  102 (12s)  [5 trained / 1 failed so far]
[  7/129] Car
    stage 1/3: loading data ...
    stage 2/3: training on 60 series (no val (train-loss early stop), C=4, T=115, batch=6) ...
    stage 3/3: scoring on 60 test series (accuracy + AOPCR) ...
    [mlflow] versioned model 'inceptiontime_conjunctive' (id=m-5c4e3f0e575145cbb4274b6709e144ee) params={'model_size_mb': '4.3756', 'n_model_params': '493205', 'name': 'millet'}
    [mlflow] logged run 'millet_Car'  (train_acc=1.0000 test_acc=0.9000 test_loss=0.3866)
[  7/129] Car                          DONE  acc=0.9000 loss=0.3866 AOPCR=  0.527 NDCG=  n/a C=  4 T=  115 (25s)  [6 trained / 1 failed so far]
[  8/129] CBF
    stage 1/3: loading data ...
    stage 2/3: training on 30 series (no val (train-loss early stop), C=3, T=25, batch=3) ...
    stage 3/3: scoring on 900 test series (accuracy + AOPCR) ...
[  8/129] CBF                          FAILED: RuntimeError: a Tensor with 80 elements cannot be converted to Scalar
[  9/129] ChlorineConcentration
    stage 1/3: loading data ...
    stage 2/3: training on 375 series (val=92, C=3, T=33, batch=16) ...
    stage 3/3: scoring on 3840 test series (accuracy + AOPCR) ...
[  9/129] ChlorineConcentration        FAILED: RuntimeError: a Tensor with 80 elements cannot be converted to Scalar
[ 10/129] CinCECGTorso
    stage 1/3: loading data ...
    stage 2/3: training on 40 series (no val (train-loss early stop), C=4, T=327, batch=4) ...
    stage 3/3: scoring on 1380 test series (accuracy + AOPCR) ...
    [mlflow] versioned model 'inceptiontime_conjunctive' (id=m-d88360de8fac48b8b980a1bd59da3ffd) params={'model_size_mb': '4.3756', 'n_model_params': '493205', 'name': 'millet'}
    [mlflow] logged run 'millet_CinCECGTorso'  (train_acc=1.0000 test_acc=0.8101 test_loss=0.5648)
[ 10/129] CinCECGTorso                 DONE  acc=0.8101 loss=0.5648 AOPCR=  0.718 NDCG=  n/a C=  4 T=  327 (18s)  [7 trained / 3 failed so far]
[ 11/129] Coffee
    stage 1/3: loading data ...
    stage 2/3: training on 28 series (no val (train-loss early stop), C=2, T=57, batch=2) ...
    stage 3/3: scoring on 28 test series (accuracy + AOPCR) ...
    [mlflow] versioned model 'inceptiontime_conjunctive' (id=m-308cfd024660481d92fc1719dc2ffa47) params={'model_size_mb': '4.3746', 'n_model_params': '492947', 'name': 'millet'}
    [mlflow] logged run 'millet_Coffee'  (train_acc=1.0000 test_acc=1.0000 test_loss=0.0857)
[ 11/129] Coffee                       DONE  acc=1.0000 loss=0.0857 AOPCR=  0.538 NDCG=  n/a C=  2 T=   57 (11s)  [8 trained / 3 failed so far]
[ 12/129] Computers
    stage 1/3: loading data ...
    stage 2/3: training on 200 series (val=50, C=2, T=144, batch=16) ...
    stage 3/3: scoring on 250 test series (accuracy + AOPCR) ...
    [mlflow] versioned model 'inceptiontime_conjunctive' (id=m-601574e0f098486aabe1e7cdf23b0eca) params={'model_size_mb': '4.3746', 'n_model_params': '492947', 'name': 'millet'}
    [mlflow] logged run 'millet_Computers'  (train_acc=1.0000 val_acc=0.8200 test_acc=0.6080 test_loss=0.8340)
[ 12/129] Computers                    DONE  acc=0.6080 loss=0.8340 AOPCR=  0.542 NDCG=  n/a C=  2 T=  144 (47s)  [9 trained / 3 failed so far]
[ 13/129] CricketX
    stage 1/3: loading data ...
    stage 2/3: training on 317 series (val=73, C=12, T=60, batch=16) ...
    stage 3/3: scoring on 390 test series (accuracy + AOPCR) ...
    [mlflow] versioned model 'inceptiontime_conjunctive' (id=m-1901f0ddb57f4b84a5e843f71db2cbf9) params={'model_size_mb': '4.3795', 'n_model_params': '494237', 'name': 'millet'}
    [mlflow] logged run 'millet_CricketX'  (train_acc=1.0000 val_acc=0.8082 test_acc=0.7410 test_loss=0.8716)
[ 13/129] CricketX                     DONE  acc=0.7410 loss=0.8716 AOPCR=  0.825 NDCG=  n/a C= 12 T=   60 (36s)  [10 trained / 3 failed so far]
[ 14/129] CricketY
    stage 1/3: loading data ...
    stage 2/3: training on 317 series (val=73, C=12, T=60, batch=16) ...
    stage 3/3: scoring on 390 test series (accuracy + AOPCR) ...
    [mlflow] versioned model 'inceptiontime_conjunctive' (id=m-c2f8290fd9ab4f0aa7e32c1aa310cd82) params={'model_size_mb': '4.3795', 'n_model_params': '494237', 'name': 'millet'}
    [mlflow] logged run 'millet_CricketY'  (train_acc=1.0000 val_acc=0.8082 test_acc=0.7385 test_loss=0.8859)
[ 14/129] CricketY                     DONE  acc=0.7385 loss=0.8859 AOPCR=  0.852 NDCG=  n/a C= 12 T=   60 (43s)  [11 trained / 3 failed so far]
[ 15/129] CricketZ
    stage 1/3: loading data ...
    stage 2/3: training on 316 series (val=74, C=12, T=60, batch=16) ...
    stage 3/3: scoring on 390 test series (accuracy + AOPCR) ...
    [mlflow] versioned model 'inceptiontime_conjunctive' (id=m-e4cf6239fdf44c9eae2d732b379f474e) params={'model_size_mb': '4.3795', 'n_model_params': '494237', 'name': 'millet'}
    [mlflow] logged run 'millet_CricketZ'  (train_acc=1.0000 val_acc=0.8108 test_acc=0.7692 test_loss=0.9086)
[ 15/129] CricketZ                     DONE  acc=0.7692 loss=0.9086 AOPCR=  0.743 NDCG=  n/a C= 12 T=   60 (25s)  [12 trained / 3 failed so far]
[ 16/129] DiatomSizeReduction
    stage 1/3: loading data ...
    stage 2/3: training on 16 series (no val (train-loss early stop), C=4, T=69, batch=2) ...
    stage 3/3: scoring on 306 test series (accuracy + AOPCR) ...
    [mlflow] versioned model 'inceptiontime_conjunctive' (id=m-010030a6ede040e4b52942be511ac141) params={'model_size_mb': '4.3756', 'n_model_params': '493205', 'name': 'millet'}
    [mlflow] logged run 'millet_DiatomSizeReduction'  (train_acc=1.0000 test_acc=0.9804 test_loss=0.1799)
[ 16/129] DiatomSizeReduction          DONE  acc=0.9804 loss=0.1799 AOPCR= -0.631 NDCG=  n/a C=  4 T=   69 (10s)  [13 trained / 3 failed so far]
[ 17/129] DistalPhalanxOutlineAgeGroup
    stage 1/3: loading data ...
    stage 2/3: training on 321 series (val=79, C=3, T=16, batch=16) ...
[ 17/129] DistalPhalanxOutlineAgeGroup FAILED: RuntimeError: a Tensor with 80 elements cannot be converted to Scalar
[ 18/129] DistalPhalanxOutlineCorrect
    stage 1/3: loading data ...
    stage 2/3: training on 481 series (val=119, C=2, T=16, batch=16) ...
[ 18/129] DistalPhalanxOutlineCorrect  FAILED: RuntimeError: a Tensor with 80 elements cannot be converted to Scalar
[ 19/129] DistalPhalanxTW
    stage 1/3: loading data ...
    stage 2/3: training on 323 series (val=77, C=6, T=16, batch=16) ...
[ 19/129] DistalPhalanxTW              FAILED: RuntimeError: a Tensor with 80 elements cannot be converted to Scalar
[ 20/129] Earthquakes
    stage 1/3: loading data ...
    stage 2/3: training on 259 series (val=63, C=2, T=102, batch=16) ...
    stage 3/3: scoring on 139 test series (accuracy + AOPCR) ...
    [mlflow] versioned model 'inceptiontime_conjunctive' (id=m-51fe687c2c7548219426904ffafd588f) params={'model_size_mb': '4.3746', 'n_model_params': '492947', 'name': 'millet'}
    [mlflow] logged run 'millet_Earthquakes'  (train_acc=0.8185 val_acc=0.8254 test_acc=0.7482 test_loss=0.5703)
[ 20/129] Earthquakes                  DONE  acc=0.7482 loss=0.5703 AOPCR= -0.184 NDCG=  n/a C=  2 T=  102 (20s)  [14 trained / 6 failed so far]
[ 21/129] ECG200
    stage 1/3: loading data ...
    stage 2/3: training on 81 series (val=19, C=2, T=19, batch=8) ...
[ 21/129] ECG200                       FAILED: RuntimeError: a Tensor with 40 elements cannot be converted to Scalar
[ 22/129] ECG5000
    stage 1/3: loading data ...
    stage 2/3: training on 401 series (val=99, C=5, T=28, batch=16) ...
    stage 3/3: scoring on 4500 test series (accuracy + AOPCR) ...
[ 22/129] ECG5000                      FAILED: RuntimeError: a Tensor with 80 elements cannot be converted to Scalar
[ 23/129] ECGFiveDays
    stage 1/3: loading data ...
    stage 2/3: training on 23 series (no val (train-loss early stop), C=2, T=27, batch=2) ...
    stage 3/3: scoring on 861 test series (accuracy + AOPCR) ...
[ 23/129] ECGFiveDays                  FAILED: RuntimeError: a Tensor with 80 elements cannot be converted to Scalar
[ 24/129] ElectricDevices
    stage 1/3: loading data ...
    stage 2/3: training on 7144 series (val=1782, C=7, T=19, batch=16) ...
[ 24/129] ElectricDevices              FAILED: RuntimeError: a Tensor with 80 elements cannot be converted to Scalar
[ 25/129] FaceAll
    stage 1/3: loading data ...
    stage 2/3: training on 448 series (val=112, C=14, T=26, batch=16) ...
    stage 3/3: scoring on 1690 test series (accuracy + AOPCR) ...
[ 25/129] FaceAll                      FAILED: RuntimeError: a Tensor with 80 elements cannot be converted to Scalar
[ 26/129] FaceFour
    stage 1/3: loading data ...
    stage 2/3: training on 24 series (no val (train-loss early stop), C=4, T=70, batch=2) ...
    stage 3/3: scoring on 88 test series (accuracy + AOPCR) ...
    [mlflow] versioned model 'inceptiontime_conjunctive' (id=m-d82d8da420574e10b5f1a41b66a8c303) params={'model_size_mb': '4.3756', 'n_model_params': '493205', 'name': 'millet'}
    [mlflow] logged run 'millet_FaceFour'  (train_acc=1.0000 test_acc=0.9545 test_loss=0.2325)
[ 26/129] FaceFour                     DONE  acc=0.9545 loss=0.2325 AOPCR=  0.485 NDCG=  n/a C=  4 T=   70 (18s)  [15 trained / 11 failed so far]
[ 27/129] FacesUCR
    stage 1/3: loading data ...
    stage 2/3: training on 165 series (val=35, C=14, T=26, batch=16) ...
    stage 3/3: scoring on 2050 test series (accuracy + AOPCR) ...
[ 27/129] FacesUCR                     FAILED: RuntimeError: a Tensor with 80 elements cannot be converted to Scalar
[ 28/129] FiftyWords
    stage 1/3: loading data ...
    stage 2/3: training on 365 series (val=85, C=50, T=54, batch=16) ...
    stage 3/3: scoring on 455 test series (accuracy + AOPCR) ...
    [mlflow] versioned model 'inceptiontime_conjunctive' (id=m-462d133cbffb4132b2fab2e87a4b5194) params={'model_size_mb': '4.3982', 'n_model_params': '499139', 'name': 'millet'}
    [mlflow] logged run 'millet_FiftyWords'  (train_acc=0.9973 val_acc=0.7412 test_acc=0.7714 test_loss=0.9865)
[ 28/129] FiftyWords                   DONE  acc=0.7714 loss=0.9865 AOPCR=  0.153 NDCG=  n/a C= 50 T=   54 (22s)  [16 trained / 12 failed so far]
[ 29/129] Fish
    stage 1/3: loading data ...
    stage 2/3: training on 142 series (val=33, C=7, T=92, batch=14) ...
    stage 3/3: scoring on 175 test series (accuracy + AOPCR) ...
    [mlflow] versioned model 'inceptiontime_conjunctive' (id=m-444adc00b49f4c7885b26afbcc6ddb18) params={'model_size_mb': '4.377', 'n_model_params': '493592', 'name': 'millet'}
    [mlflow] logged run 'millet_Fish'  (train_acc=1.0000 val_acc=1.0000 test_acc=0.9714 test_loss=0.2070)
[ 29/129] Fish                         DONE  acc=0.9714 loss=0.2070 AOPCR=  0.490 NDCG=  n/a C=  7 T=   92 (30s)  [17 trained / 12 failed so far]
[ 30/129] FordA
    stage 1/3: loading data ...
    stage 2/3: training on 2881 series (val=720, C=2, T=100, batch=16) ...
    stage 3/3: scoring on 1320 test series (accuracy + AOPCR) ...
    [mlflow] versioned model 'inceptiontime_conjunctive' (id=m-4b703fb0d9e8475184c59ed097c7169c) params={'model_size_mb': '4.3746', 'n_model_params': '492947', 'name': 'millet'}
    [mlflow] logged run 'millet_FordA'  (train_acc=0.9715 val_acc=0.9597 test_acc=0.9568 test_loss=0.1655)
[ 30/129] FordA                        DONE  acc=0.9568 loss=0.1655 AOPCR= -0.032 NDCG=  n/a C=  2 T=  100 (250s)  [18 trained / 12 failed so far]
[ 31/129] FordB
    stage 1/3: loading data ...
    stage 2/3: training on 2909 series (val=727, C=2, T=100, batch=16) ...
    stage 3/3: scoring on 810 test series (accuracy + AOPCR) ...
    [mlflow] versioned model 'inceptiontime_conjunctive' (id=m-f305fd5812704ff9839be965637b1cfc) params={'model_size_mb': '4.3746', 'n_model_params': '492947', 'name': 'millet'}
    [mlflow] logged run 'millet_FordB'  (train_acc=0.9917 val_acc=0.9560 test_acc=0.8321 test_loss=0.3938)
[ 31/129] FordB                        DONE  acc=0.8321 loss=0.3938 AOPCR=  0.054 NDCG=  n/a C=  2 T=  100 (263s)  [19 trained / 12 failed so far]
[ 32/129] GunPoint
    stage 1/3: loading data ...
    stage 2/3: training on 50 series (no val (train-loss early stop), C=2, T=30, batch=5) ...
    stage 3/3: scoring on 150 test series (accuracy + AOPCR) ...
[ 32/129] GunPoint                     FAILED: RuntimeError: a Tensor with 80 elements cannot be converted to Scalar
[ 33/129] Ham
    stage 1/3: loading data ...
    stage 2/3: training on 88 series (val=21, C=2, T=86, batch=8) ...
    stage 3/3: scoring on 105 test series (accuracy + AOPCR) ...
    [mlflow] versioned model 'inceptiontime_conjunctive' (id=m-99e3ae8cded64f0180a4857b93a1483b) params={'model_size_mb': '4.3746', 'n_model_params': '492947', 'name': 'millet'}
    [mlflow] logged run 'millet_Ham'  (train_acc=1.0000 val_acc=0.8571 test_acc=0.7333 test_loss=0.6170)
[ 33/129] Ham                          DONE  acc=0.7333 loss=0.6170 AOPCR=  0.234 NDCG=  n/a C=  2 T=   86 (14s)  [20 trained / 13 failed so far]
[ 34/129] HandOutlines
    stage 1/3: loading data ...
    stage 2/3: training on 801 series (val=199, C=2, T=541, batch=16) ...
    stage 3/3: scoring on 370 test series (accuracy + AOPCR) ...
    [mlflow] versioned model 'inceptiontime_conjunctive' (id=m-da85127068794148992de7b82e11e5d7) params={'model_size_mb': '4.3746', 'n_model_params': '492947', 'name': 'millet'}
    [mlflow] logged run 'millet_HandOutlines'  (train_acc=0.9825 val_acc=0.9296 test_acc=0.9514 test_loss=0.1778)
[ 34/129] HandOutlines                 DONE  acc=0.9514 loss=0.1778 AOPCR=  0.368 NDCG=  n/a C=  2 T=  541 (134s)  [21 trained / 13 failed so far]
[ 35/129] Haptics
    stage 1/3: loading data ...
    stage 2/3: training on 127 series (val=28, C=5, T=218, batch=12) ...
    stage 3/3: scoring on 308 test series (accuracy + AOPCR) ...
    [mlflow] versioned model 'inceptiontime_conjunctive' (id=m-92c2a0dd4efe44ff9b7b50de9cf8fd50) params={'model_size_mb': '4.3761', 'n_model_params': '493334', 'name': 'millet'}
    [mlflow] logged run 'millet_Haptics'  (train_acc=0.7953 val_acc=0.4286 test_acc=0.4643 test_loss=1.3769)
[ 35/129] Haptics                      DONE  acc=0.4643 loss=1.3769 AOPCR=  1.175 NDCG=  n/a C=  5 T=  218 (19s)  [22 trained / 13 failed so far]
[ 36/129] Herring
    stage 1/3: loading data ...
    stage 2/3: training on 64 series (no val (train-loss early stop), C=2, T=102, batch=6) ...
    stage 3/3: scoring on 64 test series (accuracy + AOPCR) ...
    [mlflow] versioned model 'inceptiontime_conjunctive' (id=m-380b6902a6494ae2ae22889820e795a9) params={'model_size_mb': '4.3746', 'n_model_params': '492947', 'name': 'millet'}
    [mlflow] logged run 'millet_Herring'  (train_acc=1.0000 test_acc=0.6250 test_loss=0.7590)
[ 36/129] Herring                      DONE  acc=0.6250 loss=0.7590 AOPCR=  0.810 NDCG=  n/a C=  2 T=  102 (18s)  [23 trained / 13 failed so far]
[ 37/129] InlineSkate
    stage 1/3: loading data ...
    stage 2/3: training on 84 series (val=16, C=7, T=376, batch=8) ...
    stage 3/3: scoring on 550 test series (accuracy + AOPCR) ...
    [mlflow] versioned model 'inceptiontime_conjunctive' (id=m-6599c66e635b49d386e6235c5ef12f85) params={'model_size_mb': '4.377', 'n_model_params': '493592', 'name': 'millet'}
    [mlflow] logged run 'millet_InlineSkate'  (train_acc=0.9762 val_acc=0.6875 test_acc=0.3709 test_loss=1.6429)
[ 37/129] InlineSkate                  DONE  acc=0.3709 loss=1.6429 AOPCR=  1.392 NDCG=  n/a C=  7 T=  376 (10s)  [24 trained / 13 failed so far]
[ 38/129] InsectWingbeatSound
    stage 1/3: loading data ...
    stage 2/3: training on 176 series (val=44, C=11, T=51, batch=16) ...
    stage 3/3: scoring on 1980 test series (accuracy + AOPCR) ...
    [mlflow] versioned model 'inceptiontime_conjunctive' (id=m-4fd17b34d42a486f8b668c6ee697e2b5) params={'model_size_mb': '4.379', 'n_model_params': '494108', 'name': 'millet'}
    [mlflow] logged run 'millet_InsectWingbeatSound'  (train_acc=0.7898 val_acc=0.6364 test_acc=0.6404 test_loss=1.0057)
[ 38/129] InsectWingbeatSound          DONE  acc=0.6404 loss=1.0057 AOPCR=  0.562 NDCG=  n/a C= 11 T=   51 (8s)  [25 trained / 13 failed so far]
[ 39/129] ItalyPowerDemand
    stage 1/3: loading data ...
    stage 2/3: training on 67 series (no val (train-loss early stop), C=2, T=4, batch=6) ...
[ 39/129] ItalyPowerDemand             FAILED: RuntimeError: a Tensor with 30 elements cannot be converted to Scalar
[ 40/129] LargeKitchenAppliances
    stage 1/3: loading data ...
    stage 2/3: training on 300 series (val=75, C=3, T=144, batch=16) ...
    stage 3/3: scoring on 375 test series (accuracy + AOPCR) ...
    [mlflow] versioned model 'inceptiontime_conjunctive' (id=m-3f7357b61e3a43c2bdbc828bf5207530) params={'model_size_mb': '4.3751', 'n_model_params': '493076', 'name': 'millet'}
    [mlflow] logged run 'millet_LargeKitchenAppliances'  (train_acc=0.9967 val_acc=0.9333 test_acc=0.8347 test_loss=0.4626)
[ 40/129] LargeKitchenAppliances       DONE  acc=0.8347 loss=0.4626 AOPCR=  1.367 NDCG=  n/a C=  3 T=  144 (109s)  [26 trained / 14 failed so far]
[ 41/129] Lightning2
    stage 1/3: loading data ...
    stage 2/3: training on 60 series (no val (train-loss early stop), C=2, T=127, batch=6) ...
    stage 3/3: scoring on 61 test series (accuracy + AOPCR) ...
    [mlflow] versioned model 'inceptiontime_conjunctive' (id=m-e54eb721b00c4d7bb184b39d5cf74600) params={'model_size_mb': '4.3746', 'n_model_params': '492947', 'name': 'millet'}
    [mlflow] logged run 'millet_Lightning2'  (train_acc=1.0000 test_acc=0.7705 test_loss=0.4626)
[ 41/129] Lightning2                   DONE  acc=0.7705 loss=0.4626 AOPCR=  0.392 NDCG=  n/a C=  2 T=  127 (13s)  [27 trained / 14 failed so far]
[ 42/129] Lightning7
    stage 1/3: loading data ...
    stage 2/3: training on 70 series (no val (train-loss early stop), C=7, T=63, batch=7) ...
    stage 3/3: scoring on 73 test series (accuracy + AOPCR) ...
    [mlflow] versioned model 'inceptiontime_conjunctive' (id=m-6e75ff0c0a19458ba2b07a130dafbd40) params={'model_size_mb': '4.377', 'n_model_params': '493592', 'name': 'millet'}
    [mlflow] logged run 'millet_Lightning7'  (train_acc=1.0000 test_acc=0.7534 test_loss=0.8013)
[ 42/129] Lightning7                   DONE  acc=0.7534 loss=0.8013 AOPCR=  0.850 NDCG=  n/a C=  7 T=   63 (15s)  [28 trained / 14 failed so far]
[ 43/129] Mallat
    stage 1/3: loading data ...
    stage 2/3: training on 55 series (no val (train-loss early stop), C=8, T=204, batch=5) ...
    stage 3/3: scoring on 2345 test series (accuracy + AOPCR) ...
    [mlflow] versioned model 'inceptiontime_conjunctive' (id=m-6c22a36d8aff4409a6df06a937b04789) params={'model_size_mb': '4.3775', 'n_model_params': '493721', 'name': 'millet'}
    [mlflow] logged run 'millet_Mallat'  (train_acc=1.0000 test_acc=0.9574 test_loss=0.2782)
[ 43/129] Mallat                       DONE  acc=0.9574 loss=0.2782 AOPCR=  0.703 NDCG=  n/a C=  8 T=  204 (18s)  [29 trained / 14 failed so far]
[ 44/129] Meat
    stage 1/3: loading data ...
    stage 2/3: training on 60 series (no val (train-loss early stop), C=3, T=89, batch=6) ...
    stage 3/3: scoring on 60 test series (accuracy + AOPCR) ...
    [mlflow] versioned model 'inceptiontime_conjunctive' (id=m-9fb9fe70679c42799413303e542cdd44) params={'model_size_mb': '4.3751', 'n_model_params': '493076', 'name': 'millet'}
    [mlflow] logged run 'millet_Meat'  (train_acc=1.0000 test_acc=0.9167 test_loss=0.2435)
[ 44/129] Meat                         DONE  acc=0.9167 loss=0.2435 AOPCR=  0.861 NDCG=  n/a C=  3 T=   89 (29s)  [30 trained / 14 failed so far]
[ 45/129] MedicalImages
    stage 1/3: loading data ...
    stage 2/3: training on 307 series (val=74, C=10, T=19, batch=16) ...
[ 45/129] MedicalImages                FAILED: RuntimeError: a Tensor with 80 elements cannot be converted to Scalar
[ 46/129] MiddlePhalanxOutlineAgeGroup
    stage 1/3: loading data ...
    stage 2/3: training on 321 series (val=79, C=3, T=16, batch=16) ...
[ 46/129] MiddlePhalanxOutlineAgeGroup FAILED: RuntimeError: a Tensor with 80 elements cannot be converted to Scalar
[ 47/129] MiddlePhalanxOutlineCorrect
    stage 1/3: loading data ...
    stage 2/3: training on 481 series (val=119, C=2, T=16, batch=16) ...
[ 47/129] MiddlePhalanxOutlineCorrect  FAILED: RuntimeError: a Tensor with 80 elements cannot be converted to Scalar
[ 48/129] MiddlePhalanxTW
    stage 1/3: loading data ...
    stage 2/3: training on 321 series (val=78, C=6, T=16, batch=16) ...
[ 48/129] MiddlePhalanxTW              FAILED: RuntimeError: a Tensor with 80 elements cannot be converted to Scalar
[ 49/129] MoteStrain
    stage 1/3: loading data ...
    stage 2/3: training on 20 series (no val (train-loss early stop), C=2, T=16, batch=2) ...
[ 49/129] MoteStrain                   FAILED: RuntimeError: a Tensor with 10 elements cannot be converted to Scalar
[ 50/129] NonInvasiveFetalECGThorax1
    stage 1/3: loading data ...
    stage 2/3: training on 1452 series (val=348, C=42, T=150, batch=16) ...
    stage 3/3: scoring on 1965 test series (accuracy + AOPCR) ...
    [mlflow] versioned model 'inceptiontime_conjunctive' (id=m-ba33dbcbc4bf4c649847c3b4a1c6f335) params={'model_size_mb': '4.3943', 'n_model_params': '498107', 'name': 'millet'}
    [mlflow] logged run 'millet_NonInvasiveFetalECGThorax1'  (train_acc=0.9966 val_acc=0.9483 test_acc=0.9379 test_loss=0.3183)
[ 50/129] NonInvasiveFetalECGThorax1   DONE  acc=0.9379 loss=0.3183 AOPCR= -0.476 NDCG=  n/a C= 42 T=  150 (459s)  [31 trained / 19 failed so far]
[ 51/129] NonInvasiveFetalECGThorax2
    stage 1/3: loading data ...
    stage 2/3: training on 1452 series (val=348, C=42, T=150, batch=16) ...
    stage 3/3: scoring on 1965 test series (accuracy + AOPCR) ...
    [mlflow] versioned model 'inceptiontime_conjunctive' (id=m-907e659a3fed4475b7cfc25067415a1d) params={'model_size_mb': '4.3943', 'n_model_params': '498107', 'name': 'millet'}
    [mlflow] logged run 'millet_NonInvasiveFetalECGThorax2'  (train_acc=0.9966 val_acc=0.9425 test_acc=0.9481 test_loss=0.2838)
[ 51/129] NonInvasiveFetalECGThorax2   DONE  acc=0.9481 loss=0.2838 AOPCR= -0.419 NDCG=  n/a C= 42 T=  150 (454s)  [32 trained / 19 failed so far]
[ 52/129] OliveOil
    stage 1/3: loading data ...
    stage 2/3: training on 30 series (no val (train-loss early stop), C=4, T=114, batch=3) ...
    stage 3/3: scoring on 30 test series (accuracy + AOPCR) ...
    [mlflow] versioned model 'inceptiontime_conjunctive' (id=m-f522d0f8eeb84837ad46864e467c8345) params={'model_size_mb': '4.3756', 'n_model_params': '493205', 'name': 'millet'}
    [mlflow] logged run 'millet_OliveOil'  (train_acc=0.4667 test_acc=0.4333 test_loss=1.0209)
[ 52/129] OliveOil                     DONE  acc=0.4333 loss=1.0209 AOPCR=  0.597 NDCG=  n/a C=  4 T=  114 (13s)  [33 trained / 19 failed so far]
[ 53/129] OSULeaf
    stage 1/3: loading data ...
    stage 2/3: training on 163 series (val=37, C=6, T=85, batch=16) ...
    stage 3/3: scoring on 242 test series (accuracy + AOPCR) ...
    [mlflow] versioned model 'inceptiontime_conjunctive' (id=m-85dd65a901d748c9933cf97a55aff346) params={'model_size_mb': '4.3766', 'n_model_params': '493463', 'name': 'millet'}
    [mlflow] logged run 'millet_OSULeaf'  (train_acc=1.0000 val_acc=1.0000 test_acc=0.8967 test_loss=0.4636)
[ 53/129] OSULeaf                      DONE  acc=0.8967 loss=0.4636 AOPCR=  0.573 NDCG=  n/a C=  6 T=   85 (19s)  [34 trained / 19 failed so far]
[ 54/129] PhalangesOutlinesCorrect
    stage 1/3: loading data ...
    stage 2/3: training on 1441 series (val=359, C=2, T=16, batch=16) ...
[ 54/129] PhalangesOutlinesCorrect     FAILED: RuntimeError: a Tensor with 80 elements cannot be converted to Scalar
[ 55/129] Phoneme
    stage 1/3: loading data ...
    stage 2/3: training on 171 series (val=43, C=39, T=204, batch=16) ...
    stage 3/3: scoring on 1896 test series (accuracy + AOPCR) ...
    [mlflow] versioned model 'inceptiontime_conjunctive' (id=m-b26643e9dfd44813b19e896914a34fef) params={'model_size_mb': '4.3928', 'n_model_params': '497720', 'name': 'millet'}
    [mlflow] logged run 'millet_Phoneme'  (train_acc=0.7427 val_acc=0.3256 test_acc=0.2358 test_loss=2.8691)
[ 55/129] Phoneme                      DONE  acc=0.2358 loss=2.8691 AOPCR=  0.582 NDCG=  n/a C= 39 T=  204 (26s)  [35 trained / 20 failed so far]
[ 56/129] Plane
    stage 1/3: loading data ...
    stage 2/3: training on 87 series (val=18, C=7, T=28, batch=8) ...
    stage 3/3: scoring on 105 test series (accuracy + AOPCR) ...
[ 56/129] Plane                        FAILED: RuntimeError: a Tensor with 80 elements cannot be converted to Scalar
[ 57/129] ProximalPhalanxOutlineAgeGroup
    stage 1/3: loading data ...
    stage 2/3: training on 322 series (val=78, C=3, T=16, batch=16) ...
[ 57/129] ProximalPhalanxOutlineAgeGroup FAILED: RuntimeError: a Tensor with 80 elements cannot be converted to Scalar
[ 58/129] ProximalPhalanxOutlineCorrect
    stage 1/3: loading data ...
    stage 2/3: training on 481 series (val=119, C=2, T=16, batch=16) ...
[ 58/129] ProximalPhalanxOutlineCorrect FAILED: RuntimeError: a Tensor with 80 elements cannot be converted to Scalar
[ 59/129] ProximalPhalanxTW
    stage 1/3: loading data ...
    stage 2/3: training on 322 series (val=78, C=6, T=16, batch=16) ...
[ 59/129] ProximalPhalanxTW            FAILED: RuntimeError: a Tensor with 80 elements cannot be converted to Scalar
[ 60/129] RefrigerationDevices
    stage 1/3: loading data ...
    stage 2/3: training on 300 series (val=75, C=3, T=144, batch=16) ...
    stage 3/3: scoring on 375 test series (accuracy + AOPCR) ...
    [mlflow] versioned model 'inceptiontime_conjunctive' (id=m-2b3c0ad0cf214ce2968f62a571c00cba) params={'model_size_mb': '4.3751', 'n_model_params': '493076', 'name': 'millet'}
    [mlflow] logged run 'millet_RefrigerationDevices'  (train_acc=0.8433 val_acc=0.6533 test_acc=0.4560 test_loss=1.5593)
[ 60/129] RefrigerationDevices         DONE  acc=0.4560 loss=1.5593 AOPCR=  0.368 NDCG=  n/a C=  3 T=  144 (42s)  [36 trained / 24 failed so far]
[ 61/129] ScreenType
    stage 1/3: loading data ...
    stage 2/3: training on 300 series (val=75, C=3, T=144, batch=16) ...
    stage 3/3: scoring on 375 test series (accuracy + AOPCR) ...
    [mlflow] versioned model 'inceptiontime_conjunctive' (id=m-ece8336727944bfe8d51d0fa061ba5b6) params={'model_size_mb': '4.3751', 'n_model_params': '493076', 'name': 'millet'}
    [mlflow] logged run 'millet_ScreenType'  (train_acc=0.7000 val_acc=0.4267 test_acc=0.4320 test_loss=1.1432)
[ 61/129] ScreenType                   DONE  acc=0.4320 loss=1.1432 AOPCR=  0.477 NDCG=  n/a C=  3 T=  144 (44s)  [37 trained / 24 failed so far]
[ 62/129] ShapeletSim
    stage 1/3: loading data ...
    stage 2/3: training on 20 series (no val (train-loss early stop), C=2, T=100, batch=2) ...
    stage 3/3: scoring on 180 test series (accuracy + AOPCR) ...
    [mlflow] versioned model 'inceptiontime_conjunctive' (id=m-ca7073b2096c41d7ae5e203d990956c6) params={'model_size_mb': '4.3746', 'n_model_params': '492947', 'name': 'millet'}
    [mlflow] logged run 'millet_ShapeletSim'  (train_acc=1.0000 test_acc=0.4611 test_loss=0.9038)
[ 62/129] ShapeletSim                  DONE  acc=0.4611 loss=0.9038 AOPCR=  0.443 NDCG=  n/a C=  2 T=  100 (16s)  [38 trained / 24 failed so far]
[ 63/129] ShapesAll
    stage 1/3: loading data ...
    stage 2/3: training on 480 series (val=120, C=60, T=102, batch=16) ...
    stage 3/3: scoring on 600 test series (accuracy + AOPCR) ...
    [mlflow] versioned model 'inceptiontime_conjunctive' (id=m-fa46274080eb491192bfe4a1b7819e10) params={'model_size_mb': '4.4031', 'n_model_params': '500429', 'name': 'millet'}
    [mlflow] logged run 'millet_ShapesAll'  (train_acc=1.0000 val_acc=0.9250 test_acc=0.8817 test_loss=0.7173)
[ 63/129] ShapesAll                    DONE  acc=0.8817 loss=0.7173 AOPCR=  0.213 NDCG=  n/a C= 60 T=  102 (158s)  [39 trained / 24 failed so far]
[ 64/129] SmallKitchenAppliances
    stage 1/3: loading data ...
    stage 2/3: training on 300 series (val=75, C=3, T=144, batch=16) ...
    stage 3/3: scoring on 375 test series (accuracy + AOPCR) ...
    [mlflow] versioned model 'inceptiontime_conjunctive' (id=m-3d37b966990e4e7381c90d1628f4fc3d) params={'model_size_mb': '4.3751', 'n_model_params': '493076', 'name': 'millet'}
    [mlflow] logged run 'millet_SmallKitchenAppliances'  (train_acc=0.9600 val_acc=0.7867 test_acc=0.7307 test_loss=0.6818)
[ 64/129] SmallKitchenAppliances       DONE  acc=0.7307 loss=0.6818 AOPCR=  0.319 NDCG=  n/a C=  3 T=  144 (56s)  [40 trained / 24 failed so far]
[ 65/129] SonyAIBORobotSurface1
    stage 1/3: loading data ...
    stage 2/3: training on 20 series (no val (train-loss early stop), C=2, T=14, batch=2) ...
[ 65/129] SonyAIBORobotSurface1        FAILED: RuntimeError: a Tensor with 10 elements cannot be converted to Scalar
[ 66/129] SonyAIBORobotSurface2
    stage 1/3: loading data ...
    stage 2/3: training on 27 series (no val (train-loss early stop), C=2, T=13, batch=2) ...
[ 66/129] SonyAIBORobotSurface2        FAILED: RuntimeError: a Tensor with 10 elements cannot be converted to Scalar
[ 67/129] StarLightCurves
    stage 1/3: loading data ...
    stage 2/3: training on 801 series (val=199, C=3, T=204, batch=16) ...
    stage 3/3: scoring on 8236 test series (accuracy + AOPCR) ...
    [mlflow] versioned model 'inceptiontime_conjunctive' (id=m-24ce6fc8419940a6b188570bf0abf363) params={'model_size_mb': '4.3751', 'n_model_params': '493076', 'name': 'millet'}
    [mlflow] logged run 'millet_StarLightCurves'  (train_acc=0.9888 val_acc=0.9799 test_acc=0.9758 test_loss=0.1573)
[ 67/129] StarLightCurves              DONE  acc=0.9758 loss=0.1573 AOPCR=  0.882 NDCG=  n/a C=  3 T=  204 (240s)  [41 trained / 26 failed so far]
[ 68/129] Strawberry
    stage 1/3: loading data ...
    stage 2/3: training on 492 series (val=121, C=2, T=47, batch=16) ...
    stage 3/3: scoring on 370 test series (accuracy + AOPCR) ...
    [mlflow] versioned model 'inceptiontime_conjunctive' (id=m-e2c36c4d3c3b4645907bd79a50bf4fd2) params={'model_size_mb': '4.3746', 'n_model_params': '492947', 'name': 'millet'}
    [mlflow] logged run 'millet_Strawberry'  (train_acc=0.9817 val_acc=0.9917 test_acc=0.9568 test_loss=0.1620)
[ 68/129] Strawberry                   DONE  acc=0.9568 loss=0.1620 AOPCR= -0.155 NDCG=  n/a C=  2 T=   47 (39s)  [42 trained / 26 failed so far]
[ 69/129] SwedishLeaf
    stage 1/3: loading data ...
    stage 2/3: training on 405 series (val=95, C=15, T=25, batch=16) ...
    stage 3/3: scoring on 625 test series (accuracy + AOPCR) ...
[ 69/129] SwedishLeaf                  FAILED: RuntimeError: a Tensor with 80 elements cannot be converted to Scalar
[ 70/129] Symbols
    stage 1/3: loading data ...
    stage 2/3: training on 25 series (no val (train-loss early stop), C=6, T=79, batch=2) ...
    stage 3/3: scoring on 995 test series (accuracy + AOPCR) ...
    [mlflow] versioned model 'inceptiontime_conjunctive' (id=m-8e2c3674c4d7423b9e1b467410cfbaea) params={'model_size_mb': '4.3766', 'n_model_params': '493463', 'name': 'millet'}
    [mlflow] logged run 'millet_Symbols'  (train_acc=1.0000 test_acc=0.9709 test_loss=0.2654)
[ 70/129] Symbols                      DONE  acc=0.9709 loss=0.2654 AOPCR=  0.845 NDCG=  n/a C=  6 T=   79 (15s)  [43 trained / 27 failed so far]
[ 71/129] SyntheticControl
    stage 1/3: loading data ...
    stage 2/3: training on 240 series (val=60, C=6, T=12, batch=16) ...
[ 71/129] SyntheticControl             FAILED: RuntimeError: a Tensor with 80 elements cannot be converted to Scalar
[ 72/129] ToeSegmentation1
    stage 1/3: loading data ...
    stage 2/3: training on 40 series (no val (train-loss early stop), C=2, T=55, batch=4) ...
    stage 3/3: scoring on 228 test series (accuracy + AOPCR) ...
    [mlflow] versioned model 'inceptiontime_conjunctive' (id=m-a391ad40a55f43399f4e3125e29d6bc0) params={'model_size_mb': '4.3746', 'n_model_params': '492947', 'name': 'millet'}
    [mlflow] logged run 'millet_ToeSegmentation1'  (train_acc=1.0000 test_acc=0.9298 test_loss=0.2370)
[ 72/129] ToeSegmentation1             DONE  acc=0.9298 loss=0.2370 AOPCR=  0.090 NDCG=  n/a C=  2 T=   55 (14s)  [44 trained / 28 failed so far]
[ 73/129] ToeSegmentation2
    stage 1/3: loading data ...
    stage 2/3: training on 36 series (no val (train-loss early stop), C=2, T=68, batch=3) ...
    stage 3/3: scoring on 130 test series (accuracy + AOPCR) ...
    [mlflow] versioned model 'inceptiontime_conjunctive' (id=m-ec558c2a564a4b708ba50ea4f6a0350b) params={'model_size_mb': '4.3746', 'n_model_params': '492947', 'name': 'millet'}
    [mlflow] logged run 'millet_ToeSegmentation2'  (train_acc=1.0000 test_acc=0.9154 test_loss=0.2633)
[ 73/129] ToeSegmentation2             DONE  acc=0.9154 loss=0.2633 AOPCR=  0.035 NDCG=  n/a C=  2 T=   68 (14s)  [45 trained / 28 failed so far]
[ 74/129] Trace
    stage 1/3: loading data ...
    stage 2/3: training on 81 series (val=19, C=4, T=55, batch=8) ...
    stage 3/3: scoring on 100 test series (accuracy + AOPCR) ...
    [mlflow] versioned model 'inceptiontime_conjunctive' (id=m-514715344cdf4b1d8f84edcaf7ed9b48) params={'model_size_mb': '4.3756', 'n_model_params': '493205', 'name': 'millet'}
    [mlflow] logged run 'millet_Trace'  (train_acc=1.0000 val_acc=1.0000 test_acc=1.0000 test_loss=0.1057)
[ 74/129] Trace                        DONE  acc=1.0000 loss=0.1057 AOPCR=  1.001 NDCG=  n/a C=  4 T=   55 (14s)  [46 trained / 28 failed so far]
[ 75/129] TwoLeadECG
    stage 1/3: loading data ...
    stage 2/3: training on 23 series (no val (train-loss early stop), C=2, T=16, batch=2) ...
[ 75/129] TwoLeadECG                   FAILED: RuntimeError: a Tensor with 10 elements cannot be converted to Scalar
[ 76/129] TwoPatterns
    stage 1/3: loading data ...
    stage 2/3: training on 801 series (val=199, C=4, T=25, batch=16) ...
    stage 3/3: scoring on 4000 test series (accuracy + AOPCR) ...
[ 76/129] TwoPatterns                  FAILED: RuntimeError: a Tensor with 80 elements cannot be converted to Scalar
[ 77/129] UWaveGestureLibraryAll
    stage 1/3: loading data ...
    stage 2/3: training on 719 series (val=177, C=8, T=189, batch=16) ...
    stage 3/3: scoring on 3582 test series (accuracy + AOPCR) ...
    [mlflow] versioned model 'inceptiontime_conjunctive' (id=m-e9a3a9439cbd4692815fdcec30d1f9a3) params={'model_size_mb': '4.3775', 'n_model_params': '493721', 'name': 'millet'}
    [mlflow] logged run 'millet_UWaveGestureLibraryAll'  (train_acc=1.0000 val_acc=0.9718 test_acc=0.9679 test_loss=0.2610)
[ 77/129] UWaveGestureLibraryAll       DONE  acc=0.9679 loss=0.2610 AOPCR=  0.217 NDCG=  n/a C=  8 T=  189 (397s)  [47 trained / 30 failed so far]
[ 78/129] UWaveGestureLibraryX
    stage 1/3: loading data ...
    stage 2/3: training on 719 series (val=177, C=8, T=63, batch=16) ...
    stage 3/3: scoring on 3582 test series (accuracy + AOPCR) ...
    [mlflow] versioned model 'inceptiontime_conjunctive' (id=m-0042d95b9bc1469b80b3f7f17bc8d91f) params={'model_size_mb': '4.3775', 'n_model_params': '493721', 'name': 'millet'}
    [mlflow] logged run 'millet_UWaveGestureLibraryX'  (train_acc=1.0000 val_acc=0.8701 test_acc=0.8224 test_loss=0.5975)
[ 78/129] UWaveGestureLibraryX         DONE  acc=0.8224 loss=0.5975 AOPCR=  0.572 NDCG=  n/a C=  8 T=   63 (83s)  [48 trained / 30 failed so far]
[ 79/129] UWaveGestureLibraryY
    stage 1/3: loading data ...
    stage 2/3: training on 719 series (val=177, C=8, T=63, batch=16) ...
    stage 3/3: scoring on 3582 test series (accuracy + AOPCR) ...
    [mlflow] versioned model 'inceptiontime_conjunctive' (id=m-efb7125705dd4314b3a9029401f0267a) params={'model_size_mb': '4.3775', 'n_model_params': '493721', 'name': 'millet'}
    [mlflow] logged run 'millet_UWaveGestureLibraryY'  (train_acc=0.9416 val_acc=0.7627 test_acc=0.7351 test_loss=0.8170)
[ 79/129] UWaveGestureLibraryY         DONE  acc=0.7351 loss=0.8170 AOPCR=  0.550 NDCG=  n/a C=  8 T=   63 (47s)  [49 trained / 30 failed so far]
[ 80/129] UWaveGestureLibraryZ
    stage 1/3: loading data ...
    stage 2/3: training on 719 series (val=177, C=8, T=63, batch=16) ...
    stage 3/3: scoring on 3582 test series (accuracy + AOPCR) ...
    [mlflow] versioned model 'inceptiontime_conjunctive' (id=m-e1cc9378e929474fa210cb657848ee98) params={'model_size_mb': '4.3775', 'n_model_params': '493721', 'name': 'millet'}
    [mlflow] logged run 'millet_UWaveGestureLibraryZ'  (train_acc=0.7733 val_acc=0.6949 test_acc=0.7060 test_loss=0.7997)
[ 80/129] UWaveGestureLibraryZ         DONE  acc=0.7060 loss=0.7997 AOPCR=  0.712 NDCG=  n/a C=  8 T=   63 (37s)  [50 trained / 30 failed so far]
[ 81/129] Wafer
    stage 1/3: loading data ...
    stage 2/3: training on 801 series (val=199, C=2, T=30, batch=16) ...
    stage 3/3: scoring on 6164 test series (accuracy + AOPCR) ...
[ 81/129] Wafer                        FAILED: RuntimeError: a Tensor with 80 elements cannot be converted to Scalar
[ 82/129] Wine
    stage 1/3: loading data ...
    stage 2/3: training on 57 series (no val (train-loss early stop), C=2, T=46, batch=5) ...
    stage 3/3: scoring on 54 test series (accuracy + AOPCR) ...
    [mlflow] versioned model 'inceptiontime_conjunctive' (id=m-b96ac067bbdd4b2aa9a2b181ba104562) params={'model_size_mb': '4.3746', 'n_model_params': '492947', 'name': 'millet'}
    [mlflow] logged run 'millet_Wine'  (train_acc=0.9298 test_acc=0.7407 test_loss=0.4323)
[ 82/129] Wine                         DONE  acc=0.7407 loss=0.4323 AOPCR=-21.914 NDCG=  n/a C=  2 T=   46 (19s)  [51 trained / 31 failed so far]
[ 83/129] WordSynonyms
    stage 1/3: loading data ...
    stage 2/3: training on 217 series (val=50, C=25, T=54, batch=16) ...
    stage 3/3: scoring on 638 test series (accuracy + AOPCR) ...
    [mlflow] versioned model 'inceptiontime_conjunctive' (id=m-c0950235d88f4260952712a75e6cfb13) params={'model_size_mb': '4.3859', 'n_model_params': '495914', 'name': 'millet'}
    [mlflow] logged run 'millet_WordSynonyms'  (train_acc=1.0000 val_acc=0.7600 test_acc=0.7163 test_loss=1.2284)
[ 83/129] WordSynonyms                 DONE  acc=0.7163 loss=1.2284 AOPCR=  0.386 NDCG=  n/a C= 25 T=   54 (21s)  [52 trained / 31 failed so far]
[ 84/129] Worms
    stage 1/3: loading data ...
    stage 2/3: training on 146 series (val=35, C=5, T=180, batch=14) ...
    stage 3/3: scoring on 77 test series (accuracy + AOPCR) ...
    [mlflow] versioned model 'inceptiontime_conjunctive' (id=m-13eaedb045db4f81a8e1c07faf82769c) params={'model_size_mb': '4.3761', 'n_model_params': '493334', 'name': 'millet'}
    [mlflow] logged run 'millet_Worms'  (train_acc=0.8562 val_acc=0.5714 test_acc=0.5974 test_loss=0.9228)
[ 84/129] Worms                        DONE  acc=0.5974 loss=0.9228 AOPCR=  0.919 NDCG=  n/a C=  5 T=  180 (24s)  [53 trained / 31 failed so far]
[ 85/129] WormsTwoClass
    stage 1/3: loading data ...
    stage 2/3: training on 145 series (val=36, C=2, T=180, batch=14) ...
    stage 3/3: scoring on 77 test series (accuracy + AOPCR) ...
    [mlflow] versioned model 'inceptiontime_conjunctive' (id=m-98f9fdc41b8149e98b2b2318e985b4d7) params={'model_size_mb': '4.3746', 'n_model_params': '492947', 'name': 'millet'}
    [mlflow] logged run 'millet_WormsTwoClass'  (train_acc=0.8897 val_acc=0.7500 test_acc=0.7013 test_loss=0.5010)
[ 85/129] WormsTwoClass                DONE  acc=0.7013 loss=0.5010 AOPCR=  0.571 NDCG=  n/a C=  2 T=  180 (23s)  [54 trained / 31 failed so far]
[ 86/129] Yoga
    stage 1/3: loading data ...
    stage 2/3: training on 241 series (val=59, C=2, T=85, batch=16) ...
    stage 3/3: scoring on 3000 test series (accuracy + AOPCR) ...
    [mlflow] versioned model 'inceptiontime_conjunctive' (id=m-291f2e27acca4dff989ce2feb61a1cc6) params={'model_size_mb': '4.3746', 'n_model_params': '492947', 'name': 'millet'}
    [mlflow] logged run 'millet_Yoga'  (train_acc=1.0000 val_acc=0.9153 test_acc=0.8747 test_loss=0.3203)
[ 86/129] Yoga                         DONE  acc=0.8747 loss=0.3203 AOPCR=  0.582 NDCG=  n/a C=  2 T=   85 (24s)  [55 trained / 31 failed so far]
[ 87/129] ACSF1
    stage 1/3: loading data ...
    stage 2/3: training on 80 series (val=20, C=10, T=292, batch=8) ...
    stage 3/3: scoring on 100 test series (accuracy + AOPCR) ...
    [mlflow] versioned model 'inceptiontime_conjunctive' (id=m-a9c17954980142769aea09240540cbd4) params={'model_size_mb': '4.3785', 'n_model_params': '493979', 'name': 'millet'}
    [mlflow] logged run 'millet_ACSF1'  (train_acc=0.9000 val_acc=0.8000 test_acc=0.7400 test_loss=0.8015)
[ 87/129] ACSF1                        DONE  acc=0.7400 loss=0.8015 AOPCR= -0.534 NDCG=  n/a C= 10 T=  292 (14s)  [56 trained / 31 failed so far]
[ 88/129] AllGestureWiimoteX
    stage 1/3: loading data ...
    stage 2/3: training on 240 series (val=60, C=10, T=100, batch=16) ...
    stage 3/3: scoring on 700 test series (accuracy + AOPCR) ...
    [mlflow] versioned model 'inceptiontime_conjunctive' (id=m-2981ce9863ea46d98159be65afc635dd) params={'model_size_mb': '4.3785', 'n_model_params': '493979', 'name': 'millet'}
    [mlflow] logged run 'millet_AllGestureWiimoteX'  (train_acc=1.0000 val_acc=0.7333 test_acc=0.6371 test_loss=1.1856)
[ 88/129] AllGestureWiimoteX           DONE  acc=0.6371 loss=1.1856 AOPCR=  1.281 NDCG=  n/a C= 10 T=  100 (29s)  [57 trained / 31 failed so far]
[ 89/129] AllGestureWiimoteY
    stage 1/3: loading data ...
    stage 2/3: training on 240 series (val=60, C=10, T=100, batch=16) ...
    stage 3/3: scoring on 700 test series (accuracy + AOPCR) ...
    [mlflow] versioned model 'inceptiontime_conjunctive' (id=m-4c7e3a4648dc4b54b1a127267535df58) params={'model_size_mb': '4.3785', 'n_model_params': '493979', 'name': 'millet'}
    [mlflow] logged run 'millet_AllGestureWiimoteY'  (train_acc=1.0000 val_acc=0.7500 test_acc=0.6929 test_loss=1.0330)
[ 89/129] AllGestureWiimoteY           DONE  acc=0.6929 loss=1.0330 AOPCR=  1.275 NDCG=  n/a C= 10 T=  100 (47s)  [58 trained / 31 failed so far]
[ 90/129] AllGestureWiimoteZ
    stage 1/3: loading data ...
    stage 2/3: training on 240 series (val=60, C=10, T=100, batch=16) ...
    stage 3/3: scoring on 700 test series (accuracy + AOPCR) ...
    [mlflow] versioned model 'inceptiontime_conjunctive' (id=m-5119f272ad2144afb20243a8668af677) params={'model_size_mb': '4.3785', 'n_model_params': '493979', 'name': 'millet'}
    [mlflow] logged run 'millet_AllGestureWiimoteZ'  (train_acc=1.0000 val_acc=0.6333 test_acc=0.6457 test_loss=1.1876)
[ 90/129] AllGestureWiimoteZ           DONE  acc=0.6457 loss=1.1876 AOPCR=  1.143 NDCG=  n/a C= 10 T=  100 (43s)  [59 trained / 31 failed so far]
[ 91/129] BME
    stage 1/3: loading data ...
    stage 2/3: training on 30 series (no val (train-loss early stop), C=3, T=25, batch=3) ...
    stage 3/3: scoring on 150 test series (accuracy + AOPCR) ...
[ 91/129] BME                          FAILED: RuntimeError: a Tensor with 80 elements cannot be converted to Scalar
[ 92/129] Chinatown
    stage 1/3: loading data ...
    stage 2/3: training on 20 series (no val (train-loss early stop), C=2, T=4, batch=2) ...
[ 92/129] Chinatown                    FAILED: RuntimeError: a Tensor with 10 elements cannot be converted to Scalar
[ 93/129] Crop
    stage 1/3: loading data ...
    stage 2/3: training on 5760 series (val=1440, C=24, T=9, batch=16) ...
[ 93/129] Crop                         FAILED: RuntimeError: a Tensor with 80 elements cannot be converted to Scalar
[ 94/129] DodgerLoopDay
    stage 1/3: loading data ...
    stage 2/3: training on 78 series (no val (train-loss early stop), C=7, T=57, batch=7) ...
    stage 3/3: scoring on 80 test series (accuracy + AOPCR) ...
    [mlflow] versioned model 'inceptiontime_conjunctive' (id=m-b560742a5f554d30a2b3fec649a6ffcc) params={'model_size_mb': '4.377', 'n_model_params': '493592', 'name': 'millet'}
    [mlflow] logged run 'millet_DodgerLoopDay'  (train_acc=1.0000 test_acc=0.4750 test_loss=1.5251)
[ 94/129] DodgerLoopDay                DONE  acc=0.4750 loss=1.5251 AOPCR=  0.518 NDCG=  n/a C=  7 T=   57 (35s)  [60 trained / 34 failed so far]
[ 95/129] DodgerLoopGame
    stage 1/3: loading data ...
    stage 2/3: training on 20 series (no val (train-loss early stop), C=2, T=57, batch=2) ...
    stage 3/3: scoring on 138 test series (accuracy + AOPCR) ...
    [mlflow] versioned model 'inceptiontime_conjunctive' (id=m-d3de68d4fa1048fdab48e1cc6dc3223a) params={'model_size_mb': '4.3746', 'n_model_params': '492947', 'name': 'millet'}
    [mlflow] logged run 'millet_DodgerLoopGame'  (train_acc=1.0000 test_acc=0.8551 test_loss=0.3652)
[ 95/129] DodgerLoopGame               DONE  acc=0.8551 loss=0.3652 AOPCR=  0.903 NDCG=  n/a C=  2 T=   57 (13s)  [61 trained / 34 failed so far]
[ 96/129] DodgerLoopWeekend
    stage 1/3: loading data ...
    stage 2/3: training on 20 series (no val (train-loss early stop), C=2, T=57, batch=2) ...
    stage 3/3: scoring on 138 test series (accuracy + AOPCR) ...
    [mlflow] versioned model 'inceptiontime_conjunctive' (id=m-e20bca1253ab468d8734110c6cbe9782) params={'model_size_mb': '4.3746', 'n_model_params': '492947', 'name': 'millet'}
    [mlflow] logged run 'millet_DodgerLoopWeekend'  (train_acc=1.0000 test_acc=0.9855 test_loss=0.1280)
[ 96/129] DodgerLoopWeekend            DONE  acc=0.9855 loss=0.1280 AOPCR=  0.348 NDCG=  n/a C=  2 T=   57 (13s)  [62 trained / 34 failed so far]
[ 97/129] EOGHorizontalSignal
    stage 1/3: loading data ...
    stage 2/3: training on 290 series (val=72, C=12, T=250, batch=16) ...
    stage 3/3: scoring on 362 test series (accuracy + AOPCR) ...
    [mlflow] versioned model 'inceptiontime_conjunctive' (id=m-862c54bdd2d645438c9cd5f951ad87a7) params={'model_size_mb': '4.3795', 'n_model_params': '494237', 'name': 'millet'}
    [mlflow] logged run 'millet_EOGHorizontalSignal'  (train_acc=0.9966 val_acc=0.9028 test_acc=0.5193 test_loss=1.4853)
[ 97/129] EOGHorizontalSignal          DONE  acc=0.5193 loss=1.4853 AOPCR=  1.875 NDCG=  n/a C= 12 T=  250 (23s)  [63 trained / 34 failed so far]
[ 98/129] EOGVerticalSignal
    stage 1/3: loading data ...
    stage 2/3: training on 290 series (val=72, C=12, T=250, batch=16) ...
    stage 3/3: scoring on 362 test series (accuracy + AOPCR) ...
    [mlflow] versioned model 'inceptiontime_conjunctive' (id=m-3e50d74e0cd04aae92f7ca668aaec1e5) params={'model_size_mb': '4.3795', 'n_model_params': '494237', 'name': 'millet'}
    [mlflow] logged run 'millet_EOGVerticalSignal'  (train_acc=1.0000 val_acc=0.8333 test_acc=0.4724 test_loss=1.7750)
[ 98/129] EOGVerticalSignal            DONE  acc=0.4724 loss=1.7750 AOPCR=  1.326 NDCG=  n/a C= 12 T=  250 (29s)  [64 trained / 34 failed so far]
[ 99/129] EthanolLevel
    stage 1/3: loading data ...
    stage 2/3: training on 404 series (val=100, C=4, T=350, batch=16) ...
    stage 3/3: scoring on 500 test series (accuracy + AOPCR) ...
    [mlflow] versioned model 'inceptiontime_conjunctive' (id=m-02f29d0649484f74977f06d4dad1879b) params={'model_size_mb': '4.3756', 'n_model_params': '493205', 'name': 'millet'}
    [mlflow] logged run 'millet_EthanolLevel'  (train_acc=0.9827 val_acc=0.9100 test_acc=0.8220 test_loss=0.5022)
[ 99/129] EthanolLevel                 DONE  acc=0.8220 loss=0.5022 AOPCR=  0.833 NDCG=  n/a C=  4 T=  350 (62s)  [65 trained / 34 failed so far]
[100/129] FreezerRegularTrain
    stage 1/3: loading data ...
    stage 2/3: training on 120 series (val=30, C=2, T=60, batch=12) ...
    stage 3/3: scoring on 2850 test series (accuracy + AOPCR) ...
    [mlflow] versioned model 'inceptiontime_conjunctive' (id=m-9902ebfc0c9d464893dc16283c94ecb3) params={'model_size_mb': '4.3746', 'n_model_params': '492947', 'name': 'millet'}
    [mlflow] logged run 'millet_FreezerRegularTrain'  (train_acc=1.0000 val_acc=1.0000 test_acc=0.9958 test_loss=0.0756)
[100/129] FreezerRegularTrain          DONE  acc=0.9958 loss=0.0756 AOPCR=  0.651 NDCG=  n/a C=  2 T=   60 (17s)  [66 trained / 34 failed so far]
[101/129] FreezerSmallTrain
    stage 1/3: loading data ...
    stage 2/3: training on 28 series (no val (train-loss early stop), C=2, T=60, batch=2) ...
    stage 3/3: scoring on 2850 test series (accuracy + AOPCR) ...
    [mlflow] versioned model 'inceptiontime_conjunctive' (id=m-eea9f10465fe4cc98fa8012911be54b1) params={'model_size_mb': '4.3746', 'n_model_params': '492947', 'name': 'millet'}
    [mlflow] logged run 'millet_FreezerSmallTrain'  (train_acc=1.0000 test_acc=0.6579 test_loss=0.8670)
[101/129] FreezerSmallTrain            DONE  acc=0.6579 loss=0.8670 AOPCR=  0.597 NDCG=  n/a C=  2 T=   60 (26s)  [67 trained / 34 failed so far]
[102/129] Fungi
    stage 1/3: loading data ...
    stage 2/3: training on 18 series (no val (train-loss early stop), C=18, T=40, batch=2) ...
    stage 3/3: scoring on 186 test series (accuracy + AOPCR) ...
[102/129] Fungi                        FAILED: RuntimeError: a Tensor with 80 elements cannot be converted to Scalar
[103/129] GestureMidAirD1
    stage 1/3: loading data ...
    stage 2/3: training on 182 series (val=26, C=26, T=72, batch=16) ...
    stage 3/3: scoring on 130 test series (accuracy + AOPCR) ...
    [mlflow] versioned model 'inceptiontime_conjunctive' (id=m-c8820de151ca4213b8b0d08635cd1921) params={'model_size_mb': '4.3864', 'n_model_params': '496043', 'name': 'millet'}
    [mlflow] logged run 'millet_GestureMidAirD1'  (train_acc=0.8077 val_acc=0.7308 test_acc=0.5846 test_loss=1.2722)
[103/129] GestureMidAirD1              DONE  acc=0.5846 loss=1.2722 AOPCR=  1.183 NDCG=  n/a C= 26 T=   72 (11s)  [68 trained / 35 failed so far]
[104/129] GestureMidAirD2
    stage 1/3: loading data ...
    stage 2/3: training on 182 series (val=26, C=26, T=72, batch=16) ...
    stage 3/3: scoring on 130 test series (accuracy + AOPCR) ...
    [mlflow] versioned model 'inceptiontime_conjunctive' (id=m-8aa4b746c285427bbf2e11fa778f9ec6) params={'model_size_mb': '4.3864', 'n_model_params': '496043', 'name': 'millet'}
    [mlflow] logged run 'millet_GestureMidAirD2'  (train_acc=0.6868 val_acc=0.5385 test_acc=0.5615 test_loss=1.2572)
[104/129] GestureMidAirD2              DONE  acc=0.5615 loss=1.2572 AOPCR=  1.119 NDCG=  n/a C= 26 T=   72 (11s)  [69 trained / 35 failed so far]
[105/129] GestureMidAirD3
    stage 1/3: loading data ...
    stage 2/3: training on 182 series (val=26, C=26, T=72, batch=16) ...
    stage 3/3: scoring on 130 test series (accuracy + AOPCR) ...
    [mlflow] versioned model 'inceptiontime_conjunctive' (id=m-8df1ab1b7aad4376b6734be582887d9e) params={'model_size_mb': '4.3864', 'n_model_params': '496043', 'name': 'millet'}
    [mlflow] logged run 'millet_GestureMidAirD3'  (train_acc=0.9945 val_acc=0.5000 test_acc=0.3462 test_loss=2.4211)
[105/129] GestureMidAirD3              DONE  acc=0.3462 loss=2.4211 AOPCR=  1.138 NDCG=  n/a C= 26 T=   72 (18s)  [70 trained / 35 failed so far]
[106/129] GesturePebbleZ1
    stage 1/3: loading data ...
    stage 2/3: training on 107 series (val=25, C=6, T=91, batch=10) ...
    stage 3/3: scoring on 172 test series (accuracy + AOPCR) ...
    [mlflow] versioned model 'inceptiontime_conjunctive' (id=m-223eea04f9804bb29d5fb35b11032821) params={'model_size_mb': '4.3766', 'n_model_params': '493463', 'name': 'millet'}
    [mlflow] logged run 'millet_GesturePebbleZ1'  (train_acc=1.0000 val_acc=1.0000 test_acc=0.8953 test_loss=0.4225)
[106/129] GesturePebbleZ1              DONE  acc=0.8953 loss=0.4225 AOPCR=  1.079 NDCG=  n/a C=  6 T=   91 (15s)  [71 trained / 35 failed so far]
[107/129] GesturePebbleZ2
    stage 1/3: loading data ...
    stage 2/3: training on 120 series (val=26, C=6, T=91, batch=12) ...
    stage 3/3: scoring on 158 test series (accuracy + AOPCR) ...
    [mlflow] versioned model 'inceptiontime_conjunctive' (id=m-b4e564ab37d8445b88be26680c43d322) params={'model_size_mb': '4.3766', 'n_model_params': '493463', 'name': 'millet'}
    [mlflow] logged run 'millet_GesturePebbleZ2'  (train_acc=1.0000 val_acc=1.0000 test_acc=0.8924 test_loss=0.3866)
[107/129] GesturePebbleZ2              DONE  acc=0.8924 loss=0.3866 AOPCR=  1.254 NDCG=  n/a C=  6 T=   91 (19s)  [72 trained / 35 failed so far]
[108/129] GunPointAgeSpan
    stage 1/3: loading data ...
    stage 2/3: training on 109 series (val=26, C=2, T=30, batch=10) ...
    stage 3/3: scoring on 316 test series (accuracy + AOPCR) ...
[108/129] GunPointAgeSpan              FAILED: RuntimeError: a Tensor with 80 elements cannot be converted to Scalar
[109/129] GunPointMaleVersusFemale
    stage 1/3: loading data ...
    stage 2/3: training on 109 series (val=26, C=2, T=30, batch=10) ...
    stage 3/3: scoring on 316 test series (accuracy + AOPCR) ...
[109/129] GunPointMaleVersusFemale     FAILED: RuntimeError: a Tensor with 80 elements cannot be converted to Scalar
[110/129] GunPointOldVersusYoung
    stage 1/3: loading data ...
    stage 2/3: training on 109 series (val=27, C=2, T=30, batch=10) ...
    stage 3/3: scoring on 315 test series (accuracy + AOPCR) ...
[110/129] GunPointOldVersusYoung       FAILED: RuntimeError: a Tensor with 80 elements cannot be converted to Scalar
[111/129] HouseTwenty
    stage 1/3: loading data ...
    stage 2/3: training on 40 series (no val (train-loss early stop), C=2, T=400, batch=4) ...
    stage 3/3: scoring on 119 test series (accuracy + AOPCR) ...
    [mlflow] versioned model 'inceptiontime_conjunctive' (id=m-bb5f165b1b1443b7aba91e9be4a52d5d) params={'model_size_mb': '4.3746', 'n_model_params': '492947', 'name': 'millet'}
    [mlflow] logged run 'millet_HouseTwenty'  (train_acc=1.0000 test_acc=0.9748 test_loss=0.1554)
[111/129] HouseTwenty                  DONE  acc=0.9748 loss=0.1554 AOPCR=  0.851 NDCG=  n/a C=  2 T=  400 (17s)  [73 trained / 38 failed so far]
[112/129] InsectEPGRegularTrain
    stage 1/3: loading data ...
    stage 2/3: training on 62 series (no val (train-loss early stop), C=3, T=120, batch=6) ...
    stage 3/3: scoring on 249 test series (accuracy + AOPCR) ...
    [mlflow] versioned model 'inceptiontime_conjunctive' (id=m-a51d5dc85c6d4cadb4066caeccac4c50) params={'model_size_mb': '4.3751', 'n_model_params': '493076', 'name': 'millet'}
    [mlflow] logged run 'millet_InsectEPGRegularTrain'  (train_acc=1.0000 test_acc=0.9839 test_loss=0.1445)
[112/129] InsectEPGRegularTrain        DONE  acc=0.9839 loss=0.1445 AOPCR=  0.870 NDCG=  n/a C=  3 T=  120 (23s)  [74 trained / 38 failed so far]
[113/129] InsectEPGSmallTrain
    stage 1/3: loading data ...
    stage 2/3: training on 17 series (no val (train-loss early stop), C=3, T=120, batch=2) ...
    stage 3/3: scoring on 249 test series (accuracy + AOPCR) ...
    [mlflow] versioned model 'inceptiontime_conjunctive' (id=m-677446e2af604823bbd69c888e996eaa) params={'model_size_mb': '4.3751', 'n_model_params': '493076', 'name': 'millet'}
    [mlflow] logged run 'millet_InsectEPGSmallTrain'  (train_acc=1.0000 test_acc=0.8594 test_loss=0.4387)
[113/129] InsectEPGSmallTrain          DONE  acc=0.8594 loss=0.4387 AOPCR=  0.703 NDCG=  n/a C=  3 T=  120 (11s)  [75 trained / 38 failed so far]
[114/129] MelbournePedestrian
    stage 1/3: loading data ...
    stage 2/3: training on 956 series (val=238, C=10, T=4, batch=16) ...
[114/129] MelbournePedestrian          FAILED: RuntimeError: a Tensor with 80 elements cannot be converted to Scalar
[115/129] MixedShapesRegularTrain
    stage 1/3: loading data ...
    stage 2/3: training on 400 series (val=100, C=5, T=204, batch=16) ...
    stage 3/3: scoring on 2425 test series (accuracy + AOPCR) ...
    [mlflow] versioned model 'inceptiontime_conjunctive' (id=m-fc73c34bd63e43a9a1fa4a81567cc922) params={'model_size_mb': '4.3761', 'n_model_params': '493334', 'name': 'millet'}
    [mlflow] logged run 'millet_MixedShapesRegularTrain'  (train_acc=1.0000 val_acc=0.9900 test_acc=0.9641 test_loss=0.2243)
[115/129] MixedShapesRegularTrain      DONE  acc=0.9641 loss=0.2243 AOPCR=  0.411 NDCG=  n/a C=  5 T=  204 (153s)  [76 trained / 39 failed so far]
[116/129] MixedShapesSmallTrain
    stage 1/3: loading data ...
    stage 2/3: training on 80 series (val=20, C=5, T=204, batch=8) ...
    stage 3/3: scoring on 2425 test series (accuracy + AOPCR) ...
    [mlflow] versioned model 'inceptiontime_conjunctive' (id=m-6d39b5f652ca4ef6a45ee600ae328ca2) params={'model_size_mb': '4.3761', 'n_model_params': '493334', 'name': 'millet'}
    [mlflow] logged run 'millet_MixedShapesSmallTrain'  (train_acc=1.0000 val_acc=1.0000 test_acc=0.9274 test_loss=0.3273)
[116/129] MixedShapesSmallTrain        DONE  acc=0.9274 loss=0.3273 AOPCR=  0.391 NDCG=  n/a C=  5 T=  204 (61s)  [77 trained / 39 failed so far]
[117/129] PLAID
    stage 1/3: loading data ...
    stage 2/3: training on 436 series (val=101, C=11, T=268, batch=16) ...
    stage 3/3: scoring on 537 test series (accuracy + AOPCR) ...
    [mlflow] versioned model 'inceptiontime_conjunctive' (id=m-1741d551c9ef4e26baeea45fd82daef1) params={'model_size_mb': '4.379', 'n_model_params': '494108', 'name': 'millet'}
    [mlflow] logged run 'millet_PLAID'  (train_acc=0.9610 val_acc=0.7921 test_acc=0.8194 test_loss=0.6702)
[117/129] PLAID                        DONE  acc=0.8194 loss=0.6702 AOPCR=  2.156 NDCG=  n/a C= 11 T=  268 (29s)  [78 trained / 39 failed so far]
[118/129] PickupGestureWiimoteZ
    stage 1/3: loading data ...
    stage 2/3: training on 50 series (no val (train-loss early stop), C=10, T=72, batch=5) ...
    stage 3/3: scoring on 50 test series (accuracy + AOPCR) ...
    [mlflow] versioned model 'inceptiontime_conjunctive' (id=m-b61fe04fad2c4fafa7878b086d3a189c) params={'model_size_mb': '4.3785', 'n_model_params': '493979', 'name': 'millet'}
    [mlflow] logged run 'millet_PickupGestureWiimoteZ'  (train_acc=1.0000 test_acc=0.8200 test_loss=0.8182)
[118/129] PickupGestureWiimoteZ        DONE  acc=0.8200 loss=0.8182 AOPCR=  0.833 NDCG=  n/a C= 10 T=   72 (16s)  [79 trained / 39 failed so far]
[119/129] PigAirwayPressure
    stage 1/3: loading data ...
    stage 2/3: training on 52 series (val=52, C=52, T=400, batch=5) ...
    stage 3/3: scoring on 208 test series (accuracy + AOPCR) ...
    [mlflow] versioned model 'inceptiontime_conjunctive' (id=m-96de049d9a1c4faf987833faa98c8d9c) params={'model_size_mb': '4.3992', 'n_model_params': '499397', 'name': 'millet'}
    [mlflow] logged run 'millet_PigAirwayPressure'  (train_acc=0.0769 val_acc=0.0385 test_acc=0.0385 test_loss=3.8476)
[119/129] PigAirwayPressure            DONE  acc=0.0385 loss=3.8476 AOPCR=  0.132 NDCG=  n/a C= 52 T=  400 (6s)  [80 trained / 39 failed so far]
[120/129] PigArtPressure
    stage 1/3: loading data ...
    stage 2/3: training on 52 series (val=52, C=52, T=400, batch=5) ...
    stage 3/3: scoring on 208 test series (accuracy + AOPCR) ...
    [mlflow] versioned model 'inceptiontime_conjunctive' (id=m-b6b977a6ec0f46daa5bb5d5ff60e49af) params={'model_size_mb': '4.3992', 'n_model_params': '499397', 'name': 'millet'}
    [mlflow] logged run 'millet_PigArtPressure'  (train_acc=1.0000 val_acc=0.6923 test_acc=0.8269 test_loss=0.7432)
[120/129] PigArtPressure               DONE  acc=0.8269 loss=0.7432 AOPCR=  0.518 NDCG=  n/a C= 52 T=  400 (25s)  [81 trained / 39 failed so far]
[121/129] PigCVP
    stage 1/3: loading data ...
    stage 2/3: training on 52 series (val=52, C=52, T=400, batch=5) ...
    stage 3/3: scoring on 208 test series (accuracy + AOPCR) ...
    [mlflow] versioned model 'inceptiontime_conjunctive' (id=m-ca38553db8d34a58b0466aa5937479df) params={'model_size_mb': '4.3992', 'n_model_params': '499397', 'name': 'millet'}
    [mlflow] logged run 'millet_PigCVP'  (train_acc=1.0000 val_acc=0.6346 test_acc=0.7212 test_loss=1.2815)
[121/129] PigCVP                       DONE  acc=0.7212 loss=1.2815 AOPCR= -0.035 NDCG=  n/a C= 52 T=  400 (15s)  [82 trained / 39 failed so far]
[122/129] PowerCons
    stage 1/3: loading data ...
    stage 2/3: training on 144 series (val=36, C=2, T=28, batch=14) ...
    stage 3/3: scoring on 180 test series (accuracy + AOPCR) ...
[122/129] PowerCons                    FAILED: RuntimeError: a Tensor with 80 elements cannot be converted to Scalar
[123/129] Rock
    stage 1/3: loading data ...
    stage 2/3: training on 20 series (no val (train-loss early stop), C=4, T=568, batch=2) ...
    stage 3/3: scoring on 50 test series (accuracy + AOPCR) ...
    [mlflow] versioned model 'inceptiontime_conjunctive' (id=m-e46ada755419460d9dcee20b038a8dc1) params={'model_size_mb': '4.3756', 'n_model_params': '493205', 'name': 'millet'}
    [mlflow] logged run 'millet_Rock'  (train_acc=1.0000 test_acc=0.7400 test_loss=0.7939)
[123/129] Rock                         DONE  acc=0.7400 loss=0.7939 AOPCR=  1.027 NDCG=  n/a C=  4 T=  568 (16s)  [83 trained / 40 failed so far]
[124/129] SemgHandGenderCh2
    stage 1/3: loading data ...
    stage 2/3: training on 240 series (val=60, C=2, T=300, batch=16) ...
    stage 3/3: scoring on 600 test series (accuracy + AOPCR) ...
    [mlflow] versioned model 'inceptiontime_conjunctive' (id=m-a71c3329c43e428a83279d2b7b168121) params={'model_size_mb': '4.3746', 'n_model_params': '492947', 'name': 'millet'}
    [mlflow] logged run 'millet_SemgHandGenderCh2'  (train_acc=1.0000 val_acc=0.8500 test_acc=0.8550 test_loss=0.3391)
[124/129] SemgHandGenderCh2            DONE  acc=0.8550 loss=0.3391 AOPCR=  1.445 NDCG=  n/a C=  2 T=  300 (10s)  [84 trained / 40 failed so far]
[125/129] SemgHandMovementCh2
    stage 1/3: loading data ...
    stage 2/3: training on 360 series (val=90, C=6, T=300, batch=16) ...
    stage 3/3: scoring on 450 test series (accuracy + AOPCR) ...
    [mlflow] versioned model 'inceptiontime_conjunctive' (id=m-39548e62f47241f2aa9a1b529e436a35) params={'model_size_mb': '4.3766', 'n_model_params': '493463', 'name': 'millet'}
    [mlflow] logged run 'millet_SemgHandMovementCh2'  (train_acc=0.6778 val_acc=0.5333 test_acc=0.4933 test_loss=1.3031)
[125/129] SemgHandMovementCh2          DONE  acc=0.4933 loss=1.3031 AOPCR=  1.125 NDCG=  n/a C=  6 T=  300 (12s)  [85 trained / 40 failed so far]
[126/129] SemgHandSubjectCh2
    stage 1/3: loading data ...
    stage 2/3: training on 360 series (val=90, C=5, T=300, batch=16) ...
    stage 3/3: scoring on 450 test series (accuracy + AOPCR) ...
    [mlflow] versioned model 'inceptiontime_conjunctive' (id=m-889bfa4a346b462bb29905cd0f35e260) params={'model_size_mb': '4.3761', 'n_model_params': '493334', 'name': 'millet'}
    [mlflow] logged run 'millet_SemgHandSubjectCh2'  (train_acc=1.0000 val_acc=0.8778 test_acc=0.7911 test_loss=0.6484)
[126/129] SemgHandSubjectCh2           DONE  acc=0.7911 loss=0.6484 AOPCR=  1.462 NDCG=  n/a C=  5 T=  300 (14s)  [86 trained / 40 failed so far]
[127/129] ShakeGestureWiimoteZ
    stage 1/3: loading data ...
    stage 2/3: training on 50 series (no val (train-loss early stop), C=10, T=77, batch=5) ...
    stage 3/3: scoring on 50 test series (accuracy + AOPCR) ...
    [mlflow] versioned model 'inceptiontime_conjunctive' (id=m-d2bb6aab28d54986875d56c7b0cc0632) params={'model_size_mb': '4.3785', 'n_model_params': '493979', 'name': 'millet'}
    [mlflow] logged run 'millet_ShakeGestureWiimoteZ'  (train_acc=1.0000 test_acc=0.8200 test_loss=0.6504)
[127/129] ShakeGestureWiimoteZ         DONE  acc=0.8200 loss=0.6504 AOPCR=  0.769 NDCG=  n/a C= 10 T=   77 (21s)  [87 trained / 40 failed so far]
[128/129] SmoothSubspace
    stage 1/3: loading data ...
    stage 2/3: training on 120 series (val=30, C=3, T=3, batch=12) ...
[128/129] SmoothSubspace               FAILED: RuntimeError: a Tensor with 60 elements cannot be converted to Scalar
[129/129] UMD
    stage 1/3: loading data ...
    stage 2/3: training on 36 series (no val (train-loss early stop), C=3, T=30, batch=3) ...
    stage 3/3: scoring on 144 test series (accuracy + AOPCR) ...
[129/129] UMD                          FAILED: RuntimeError: a Tensor with 80 elements cannot be converted to Scalar

Done: 87 trained, 0 skipped, 42 failed.
Results -> results/SEA_NET/inceptiontime_conjunctive/results.csv

=== inceptiontime_conjunctive vs MILLET ConjunctiveInceptionTime (mean of 5 reps) ===
  UCR datasets evaluated: 86  (with MILLET baseline: 54, without: 32)
  metric        ours    MILLET   win/tie/loss   (mean over the 54 datasets MILLET published)
  acc         0.7783    0.8318        10/7/37   
  loss        0.6297    1.2362        37/1/16   (lower is better)
  aopcr       0.0604    4.9375         2/0/52   
  wrote results/SEA_NET/inceptiontime_conjunctive/comparison_vs_millet.csv

Next: `python main.py report` to draw the figures for inceptiontime_conjunctive.

[log] finished; full output saved to results/SEA_NET/inceptiontime_conjunctive/logs/train_2026-07-20_17-28-06.log
