[log] command 'train' started at 2026-07-29_20-18-25 for model 'seanet_slim_topk__sea_mstcn_sep__sea_topk_conjunctive'
[log] a copy of everything below is being saved to: results/SEA_NET/seanet_slim_topk__sea_mstcn_sep__sea_topk_conjunctive/logs/train_2026-07-29_20-18-25.log

=== train: model=seanet_slim_topk__sea_mstcn_sep__sea_topk_conjunctive (config sv4/seanet_slim_topk) device=cuda mode=full datasets=129 ===
[params] using DEFAULT recipe (no Optuna record yet - run 'python main.py optuna --model sv4/seanet_slim_topk').
  results  -> results/SEA_NET/seanet_slim_topk__sea_mstcn_sep__sea_topk_conjunctive/results.csv
  resume   -> results/SEA_NET/seanet_slim_topk__sea_mstcn_sep__sea_topk_conjunctive/done_train_dataset.txt  (delete it to retrain everything; delete one line to retrain that dataset)

  [mlflow] logging runs to experiment 'SEA-Net_seanet_slim_topk__sea_mstcn_sep__sea_topk_conjunctive_2026-07-29' at sqlite:///mlflow.db
  [mlflow] browse later with:  mlflow ui --backend-store-uri sqlite:///mlflow.db
[  1/129] WebTraffic                   already done -> skip
[  2/129] Adiac
    stage 1/3: loading data ...
    stage 2/3: training on 328 series (val=62, C=37, T=176, batch=16) ...
    stage 3/3: scoring on 391 test series (accuracy + AOPCR) ...
    [mlflow] versioned model 'seanet_slim_topk__sea_mstcn_sep__sea_topk_conjunctive' (id=m-ca877a20eabd42f3b37f5ff0f829ece4) params={'model_size_mb': '1.492', 'n_model_params': '59578', 'name': 'seanet_slim_topk'}
    [mlflow] logged run 'seanet_slim_topk_Adiac'  (train_acc=0.9207 val_acc=0.8065 test_acc=0.7801 test_loss=0.7531)
[  2/129] Adiac                        DONE  acc=0.7801 loss=0.7531 AOPCR= -1.281 NDCG=  n/a C= 37 T=  176 (45s)  [1 trained / 0 failed so far]
[  3/129] ArrowHead
    stage 1/3: loading data ...
    stage 2/3: training on 36 series (no val (train-loss early stop), C=3, T=251, batch=3) ...
    stage 3/3: scoring on 175 test series (accuracy + AOPCR) ...
    [mlflow] versioned model 'seanet_slim_topk__sea_mstcn_sep__sea_topk_conjunctive' (id=m-05fd85ebb5aa46e6adaf857bd789a4a0) params={'model_size_mb': '1.4824', 'n_model_params': '57062', 'name': 'seanet_slim_topk'}
    [mlflow] logged run 'seanet_slim_topk_ArrowHead'  (train_acc=1.0000 test_acc=0.8171 test_loss=0.4859)
[  3/129] ArrowHead                    DONE  acc=0.8171 loss=0.4859 AOPCR=  0.671 NDCG=  n/a C=  3 T=  251 (44s)  [2 trained / 0 failed so far]
[  4/129] Beef
    stage 1/3: loading data ...
    stage 2/3: training on 30 series (no val (train-loss early stop), C=5, T=470, batch=3) ...
    stage 3/3: scoring on 30 test series (accuracy + AOPCR) ...
    [mlflow] versioned model 'seanet_slim_topk__sea_mstcn_sep__sea_topk_conjunctive' (id=m-b179128d900b40fc8f1936836f49c212) params={'model_size_mb': '1.4829', 'n_model_params': '57210', 'name': 'seanet_slim_topk'}
    [mlflow] logged run 'seanet_slim_topk_Beef'  (train_acc=1.0000 test_acc=0.8000 test_loss=0.6379)
[  4/129] Beef                         DONE  acc=0.8000 loss=0.6379 AOPCR=  1.376 NDCG=  n/a C=  5 T=  470 (48s)  [3 trained / 0 failed so far]
[  5/129] BeetleFly
    stage 1/3: loading data ...
    stage 2/3: training on 20 series (no val (train-loss early stop), C=2, T=512, batch=2) ...
    stage 3/3: scoring on 20 test series (accuracy + AOPCR) ...
    [mlflow] versioned model 'seanet_slim_topk__sea_mstcn_sep__sea_topk_conjunctive' (id=m-47fa79832a0647ef8648fd00593d33cd) params={'model_size_mb': '1.4821', 'n_model_params': '56988', 'name': 'seanet_slim_topk'}
    [mlflow] logged run 'seanet_slim_topk_BeetleFly'  (train_acc=1.0000 test_acc=0.7500 test_loss=0.4511)
[  5/129] BeetleFly                    DONE  acc=0.7500 loss=0.4511 AOPCR=  0.486 NDCG=  n/a C=  2 T=  512 (21s)  [4 trained / 0 failed so far]
[  6/129] BirdChicken
    stage 1/3: loading data ...
    stage 2/3: training on 20 series (no val (train-loss early stop), C=2, T=512, batch=2) ...
    stage 3/3: scoring on 20 test series (accuracy + AOPCR) ...
    [mlflow] versioned model 'seanet_slim_topk__sea_mstcn_sep__sea_topk_conjunctive' (id=m-dbb28dc6daa64d5296dd623aff4d4b48) params={'model_size_mb': '1.4821', 'n_model_params': '56988', 'name': 'seanet_slim_topk'}
    [mlflow] logged run 'seanet_slim_topk_BirdChicken'  (train_acc=1.0000 test_acc=0.8000 test_loss=0.9021)
[  6/129] BirdChicken                  DONE  acc=0.8000 loss=0.9021 AOPCR=  4.437 NDCG=  n/a C=  2 T=  512 (13s)  [5 trained / 0 failed so far]
[  7/129] Car
    stage 1/3: loading data ...
    stage 2/3: training on 60 series (no val (train-loss early stop), C=4, T=577, batch=6) ...
    stage 3/3: scoring on 60 test series (accuracy + AOPCR) ...
    [mlflow] versioned model 'seanet_slim_topk__sea_mstcn_sep__sea_topk_conjunctive' (id=m-4cfcde506c924d869b15398ca3eab8c8) params={'model_size_mb': '1.4827', 'n_model_params': '57136', 'name': 'seanet_slim_topk'}
    [mlflow] logged run 'seanet_slim_topk_Car'  (train_acc=1.0000 test_acc=0.8833 test_loss=0.3992)
[  7/129] Car                          DONE  acc=0.8833 loss=0.3992 AOPCR= -2.285 NDCG=  n/a C=  4 T=  577 (45s)  [6 trained / 0 failed so far]
[  8/129] CBF
    stage 1/3: loading data ...
    stage 2/3: training on 30 series (no val (train-loss early stop), C=3, T=128, batch=3) ...
    stage 3/3: scoring on 900 test series (accuracy + AOPCR) ...
    [mlflow] versioned model 'seanet_slim_topk__sea_mstcn_sep__sea_topk_conjunctive' (id=m-93a1db5e08054ab4b9f62d5de39864e8) params={'model_size_mb': '1.4824', 'n_model_params': '57062', 'name': 'seanet_slim_topk'}
    [mlflow] logged run 'seanet_slim_topk_CBF'  (train_acc=1.0000 test_acc=0.9856 test_loss=0.1381)
[  8/129] CBF                          DONE  acc=0.9856 loss=0.1381 AOPCR=  2.742 NDCG=  n/a C=  3 T=  128 (23s)  [7 trained / 0 failed so far]
[  9/129] ChlorineConcentration
    stage 1/3: loading data ...
    stage 2/3: training on 375 series (val=92, C=3, T=166, batch=16) ...
    stage 3/3: scoring on 3840 test series (accuracy + AOPCR) ...
    [mlflow] versioned model 'seanet_slim_topk__sea_mstcn_sep__sea_topk_conjunctive' (id=m-1f3af387c7774ebca2ce21aacb87618c) params={'model_size_mb': '1.4824', 'n_model_params': '57062', 'name': 'seanet_slim_topk'}
    [mlflow] logged run 'seanet_slim_topk_ChlorineConcentration'  (train_acc=0.7867 val_acc=0.6630 test_acc=0.6419 test_loss=0.8354)
[  9/129] ChlorineConcentration        DONE  acc=0.6419 loss=0.8354 AOPCR=  1.012 NDCG=  n/a C=  3 T=  166 (64s)  [8 trained / 0 failed so far]
[ 10/129] CinCECGTorso
    stage 1/3: loading data ...
    stage 2/3: training on 40 series (no val (train-loss early stop), C=4, T=1639, batch=4) ...
    stage 3/3: scoring on 1380 test series (accuracy + AOPCR) ...
    [mlflow] versioned model 'seanet_slim_topk__sea_mstcn_sep__sea_topk_conjunctive' (id=m-e1d7bc034b284c9e8d4278f237b43e41) params={'model_size_mb': '1.4827', 'n_model_params': '57136', 'name': 'seanet_slim_topk'}
    [mlflow] logged run 'seanet_slim_topk_CinCECGTorso'  (train_acc=1.0000 test_acc=0.7087 test_loss=0.7491)
[ 10/129] CinCECGTorso                 DONE  acc=0.7087 loss=0.7491 AOPCR=  3.327 NDCG=  n/a C=  4 T= 1639 (18s)  [9 trained / 0 failed so far]
[ 11/129] Coffee
    stage 1/3: loading data ...
    stage 2/3: training on 28 series (no val (train-loss early stop), C=2, T=286, batch=2) ...
    stage 3/3: scoring on 28 test series (accuracy + AOPCR) ...
    [mlflow] versioned model 'seanet_slim_topk__sea_mstcn_sep__sea_topk_conjunctive' (id=m-dcdeced9c43f4860a4f5d23093874b68) params={'model_size_mb': '1.4821', 'n_model_params': '56988', 'name': 'seanet_slim_topk'}
    [mlflow] logged run 'seanet_slim_topk_Coffee'  (train_acc=1.0000 test_acc=1.0000 test_loss=0.0687)
[ 11/129] Coffee                       DONE  acc=1.0000 loss=0.0687 AOPCR=  2.295 NDCG=  n/a C=  2 T=  286 (43s)  [10 trained / 0 failed so far]
[ 12/129] Computers
    stage 1/3: loading data ...
    stage 2/3: training on 200 series (val=50, C=2, T=720, batch=16) ...
    stage 3/3: scoring on 250 test series (accuracy + AOPCR) ...
    [mlflow] versioned model 'seanet_slim_topk__sea_mstcn_sep__sea_topk_conjunctive' (id=m-380e888d76714d4ab551136e60b747f9) params={'model_size_mb': '1.4821', 'n_model_params': '56988', 'name': 'seanet_slim_topk'}
    [mlflow] logged run 'seanet_slim_topk_Computers'  (train_acc=1.0000 val_acc=0.8600 test_acc=0.7440 test_loss=0.6390)
[ 12/129] Computers                    DONE  acc=0.7440 loss=0.6390 AOPCR=  1.875 NDCG=  n/a C=  2 T=  720 (23s)  [11 trained / 0 failed so far]
[ 13/129] CricketX
    stage 1/3: loading data ...
    stage 2/3: training on 317 series (val=73, C=12, T=300, batch=16) ...
    stage 3/3: scoring on 390 test series (accuracy + AOPCR) ...
    [mlflow] versioned model 'seanet_slim_topk__sea_mstcn_sep__sea_topk_conjunctive' (id=m-2a616b4614a94939b6323184053017df) params={'model_size_mb': '1.4849', 'n_model_params': '57728', 'name': 'seanet_slim_topk'}
    [mlflow] logged run 'seanet_slim_topk_CricketX'  (train_acc=1.0000 val_acc=0.8767 test_acc=0.8256 test_loss=0.6569)
[ 13/129] CricketX                     DONE  acc=0.8256 loss=0.6569 AOPCR=  1.598 NDCG=  n/a C= 12 T=  300 (86s)  [12 trained / 0 failed so far]
[ 14/129] CricketY
    stage 1/3: loading data ...
    stage 2/3: training on 317 series (val=73, C=12, T=300, batch=16) ...
    stage 3/3: scoring on 390 test series (accuracy + AOPCR) ...
    [mlflow] versioned model 'seanet_slim_topk__sea_mstcn_sep__sea_topk_conjunctive' (id=m-945f39a9a2444f5fa0b23390f2a0e19c) params={'model_size_mb': '1.4849', 'n_model_params': '57728', 'name': 'seanet_slim_topk'}
    [mlflow] logged run 'seanet_slim_topk_CricketY'  (train_acc=1.0000 val_acc=0.9041 test_acc=0.8179 test_loss=0.6535)
[ 14/129] CricketY                     DONE  acc=0.8179 loss=0.6535 AOPCR=  1.497 NDCG=  n/a C= 12 T=  300 (62s)  [13 trained / 0 failed so far]
[ 15/129] CricketZ
    stage 1/3: loading data ...
    stage 2/3: training on 316 series (val=74, C=12, T=300, batch=16) ...
    stage 3/3: scoring on 390 test series (accuracy + AOPCR) ...
    [mlflow] versioned model 'seanet_slim_topk__sea_mstcn_sep__sea_topk_conjunctive' (id=m-93e8a9d3750b4567a8eb563246830d1c) params={'model_size_mb': '1.4849', 'n_model_params': '57728', 'name': 'seanet_slim_topk'}
    [mlflow] logged run 'seanet_slim_topk_CricketZ'  (train_acc=1.0000 val_acc=0.9189 test_acc=0.8308 test_loss=0.6436)
[ 15/129] CricketZ                     DONE  acc=0.8308 loss=0.6436 AOPCR=  1.694 NDCG=  n/a C= 12 T=  300 (68s)  [14 trained / 0 failed so far]
[ 16/129] DiatomSizeReduction
    stage 1/3: loading data ...
    stage 2/3: training on 16 series (no val (train-loss early stop), C=4, T=345, batch=2) ...
    stage 3/3: scoring on 306 test series (accuracy + AOPCR) ...
    [mlflow] versioned model 'seanet_slim_topk__sea_mstcn_sep__sea_topk_conjunctive' (id=m-277f1f3b19b44328bc4abe95f0df4863) params={'model_size_mb': '1.4827', 'n_model_params': '57136', 'name': 'seanet_slim_topk'}
    [mlflow] logged run 'seanet_slim_topk_DiatomSizeReduction'  (train_acc=1.0000 test_acc=0.9706 test_loss=0.2100)
[ 16/129] DiatomSizeReduction          DONE  acc=0.9706 loss=0.2100 AOPCR=  2.324 NDCG=  n/a C=  4 T=  345 (35s)  [15 trained / 0 failed so far]
[ 17/129] DistalPhalanxOutlineAgeGroup
    stage 1/3: loading data ...
    stage 2/3: training on 321 series (val=79, C=3, T=80, batch=16) ...
    stage 3/3: scoring on 139 test series (accuracy + AOPCR) ...
    [mlflow] versioned model 'seanet_slim_topk__sea_mstcn_sep__sea_topk_conjunctive' (id=m-c0802ade76794d408c53e2d8b6d15b86) params={'model_size_mb': '1.4824', 'n_model_params': '57062', 'name': 'seanet_slim_topk'}
    [mlflow] logged run 'seanet_slim_topk_DistalPhalanxOutlineAgeGroup'  (train_acc=0.9065 val_acc=0.8354 test_acc=0.7770 test_loss=0.5587)
[ 17/129] DistalPhalanxOutlineAgeGroup DONE  acc=0.7770 loss=0.5587 AOPCR= -0.917 NDCG=  n/a C=  3 T=   80 (54s)  [16 trained / 0 failed so far]
[ 18/129] DistalPhalanxOutlineCorrect
    stage 1/3: loading data ...
    stage 2/3: training on 481 series (val=119, C=2, T=80, batch=16) ...
    stage 3/3: scoring on 276 test series (accuracy + AOPCR) ...
    [mlflow] versioned model 'seanet_slim_topk__sea_mstcn_sep__sea_topk_conjunctive' (id=m-387bd4f37afb4610926bde169af88224) params={'model_size_mb': '1.4821', 'n_model_params': '56988', 'name': 'seanet_slim_topk'}
    [mlflow] logged run 'seanet_slim_topk_DistalPhalanxOutlineCorrect'  (train_acc=0.9522 val_acc=0.8739 test_acc=0.7790 test_loss=0.5286)
[ 18/129] DistalPhalanxOutlineCorrect  DONE  acc=0.7790 loss=0.5286 AOPCR=  0.316 NDCG=  n/a C=  2 T=   80 (68s)  [17 trained / 0 failed so far]
[ 19/129] DistalPhalanxTW
    stage 1/3: loading data ...
    stage 2/3: training on 323 series (val=77, C=6, T=80, batch=16) ...
    stage 3/3: scoring on 139 test series (accuracy + AOPCR) ...
    [mlflow] versioned model 'seanet_slim_topk__sea_mstcn_sep__sea_topk_conjunctive' (id=m-674522cd02b34f98872894603d2bfa3b) params={'model_size_mb': '1.4832', 'n_model_params': '57284', 'name': 'seanet_slim_topk'}
    [mlflow] logged run 'seanet_slim_topk_DistalPhalanxTW'  (train_acc=0.8514 val_acc=0.8442 test_acc=0.6906 test_loss=0.7893)
[ 19/129] DistalPhalanxTW              DONE  acc=0.6906 loss=0.7893 AOPCR=  0.029 NDCG=  n/a C=  6 T=   80 (32s)  [18 trained / 0 failed so far]
[ 20/129] Earthquakes
    stage 1/3: loading data ...
    stage 2/3: training on 259 series (val=63, C=2, T=512, batch=16) ...
    stage 3/3: scoring on 139 test series (accuracy + AOPCR) ...
    [mlflow] versioned model 'seanet_slim_topk__sea_mstcn_sep__sea_topk_conjunctive' (id=m-c0ee722fe3844e629946a0fdce09bff0) params={'model_size_mb': '1.4821', 'n_model_params': '56988', 'name': 'seanet_slim_topk'}
    [mlflow] logged run 'seanet_slim_topk_Earthquakes'  (train_acc=0.8185 val_acc=0.8254 test_acc=0.7482 test_loss=0.5227)
[ 20/129] Earthquakes                  DONE  acc=0.7482 loss=0.5227 AOPCR=  0.513 NDCG=  n/a C=  2 T=  512 (16s)  [19 trained / 0 failed so far]
[ 21/129] ECG200
    stage 1/3: loading data ...
    stage 2/3: training on 81 series (val=19, C=2, T=96, batch=8) ...
    stage 3/3: scoring on 100 test series (accuracy + AOPCR) ...
    [mlflow] versioned model 'seanet_slim_topk__sea_mstcn_sep__sea_topk_conjunctive' (id=m-51be2086b20d48eab222971cd0414953) params={'model_size_mb': '1.4821', 'n_model_params': '56988', 'name': 'seanet_slim_topk'}
    [mlflow] logged run 'seanet_slim_topk_ECG200'  (train_acc=1.0000 val_acc=0.8421 test_acc=0.9000 test_loss=0.2650)
[ 21/129] ECG200                       DONE  acc=0.9000 loss=0.2650 AOPCR=  1.088 NDCG=  n/a C=  2 T=   96 (14s)  [20 trained / 0 failed so far]
[ 22/129] ECG5000
    stage 1/3: loading data ...
    stage 2/3: training on 401 series (val=99, C=5, T=140, batch=16) ...
    stage 3/3: scoring on 4500 test series (accuracy + AOPCR) ...
    [mlflow] versioned model 'seanet_slim_topk__sea_mstcn_sep__sea_topk_conjunctive' (id=m-caeb793a2d624d60943c9954af5fa510) params={'model_size_mb': '1.4829', 'n_model_params': '57210', 'name': 'seanet_slim_topk'}
    [mlflow] logged run 'seanet_slim_topk_ECG5000'  (train_acc=1.0000 val_acc=0.9596 test_acc=0.9322 test_loss=0.2739)
[ 22/129] ECG5000                      DONE  acc=0.9322 loss=0.2739 AOPCR=  1.276 NDCG=  n/a C=  5 T=  140 (57s)  [21 trained / 0 failed so far]
[ 23/129] ECGFiveDays
    stage 1/3: loading data ...
    stage 2/3: training on 23 series (no val (train-loss early stop), C=2, T=136, batch=2) ...
    stage 3/3: scoring on 861 test series (accuracy + AOPCR) ...
    [mlflow] versioned model 'seanet_slim_topk__sea_mstcn_sep__sea_topk_conjunctive' (id=m-db42f1bcdfc74b4a8716aaf344f445cd) params={'model_size_mb': '1.4821', 'n_model_params': '56988', 'name': 'seanet_slim_topk'}
    [mlflow] logged run 'seanet_slim_topk_ECGFiveDays'  (train_acc=1.0000 test_acc=1.0000 test_loss=0.0589)
[ 23/129] ECGFiveDays                  DONE  acc=1.0000 loss=0.0589 AOPCR=  1.876 NDCG=  n/a C=  2 T=  136 (19s)  [22 trained / 0 failed so far]
[ 24/129] ElectricDevices
    stage 1/3: loading data ...
    stage 2/3: training on 7144 series (val=1782, C=7, T=96, batch=16) ...
    stage 3/3: scoring on 7711 test series (accuracy + AOPCR) ...
    [mlflow] versioned model 'seanet_slim_topk__sea_mstcn_sep__sea_topk_conjunctive' (id=m-f92cfc06b19c453a97d7224f694c5110) params={'model_size_mb': '1.4835', 'n_model_params': '57358', 'name': 'seanet_slim_topk'}
    [mlflow] logged run 'seanet_slim_topk_ElectricDevices'  (train_acc=0.9331 val_acc=0.9046 test_acc=0.7037 test_loss=0.9702)
[ 24/129] ElectricDevices              DONE  acc=0.7037 loss=0.9702 AOPCR=  1.664 NDCG=  n/a C=  7 T=   96 (597s)  [23 trained / 0 failed so far]
[ 25/129] FaceAll
    stage 1/3: loading data ...
    stage 2/3: training on 448 series (val=112, C=14, T=131, batch=16) ...
    stage 3/3: scoring on 1690 test series (accuracy + AOPCR) ...
    [mlflow] versioned model 'seanet_slim_topk__sea_mstcn_sep__sea_topk_conjunctive' (id=m-0031967401ae4e5794cef07b95f52722) params={'model_size_mb': '1.4854', 'n_model_params': '57876', 'name': 'seanet_slim_topk'}
    [mlflow] logged run 'seanet_slim_topk_FaceAll'  (train_acc=1.0000 val_acc=0.9911 test_acc=0.8272 test_loss=0.7863)
[ 25/129] FaceAll                      DONE  acc=0.8272 loss=0.7863 AOPCR=  0.738 NDCG=  n/a C= 14 T=  131 (98s)  [24 trained / 0 failed so far]
[ 26/129] FaceFour
    stage 1/3: loading data ...
    stage 2/3: training on 24 series (no val (train-loss early stop), C=4, T=350, batch=2) ...
    stage 3/3: scoring on 88 test series (accuracy + AOPCR) ...
    [mlflow] versioned model 'seanet_slim_topk__sea_mstcn_sep__sea_topk_conjunctive' (id=m-266c94af2d6a468e8699b9203fafcb00) params={'model_size_mb': '1.4827', 'n_model_params': '57136', 'name': 'seanet_slim_topk'}
    [mlflow] logged run 'seanet_slim_topk_FaceFour'  (train_acc=1.0000 test_acc=0.8977 test_loss=0.2723)
[ 26/129] FaceFour                     DONE  acc=0.8977 loss=0.2723 AOPCR=  1.573 NDCG=  n/a C=  4 T=  350 (34s)  [25 trained / 0 failed so far]
[ 27/129] FacesUCR
    stage 1/3: loading data ...
    stage 2/3: training on 165 series (val=35, C=14, T=131, batch=16) ...
    stage 3/3: scoring on 2050 test series (accuracy + AOPCR) ...
    [mlflow] versioned model 'seanet_slim_topk__sea_mstcn_sep__sea_topk_conjunctive' (id=m-826a35aa083b4abc9505796de89fb974) params={'model_size_mb': '1.4854', 'n_model_params': '57876', 'name': 'seanet_slim_topk'}
    [mlflow] logged run 'seanet_slim_topk_FacesUCR'  (train_acc=1.0000 val_acc=0.9714 test_acc=0.9605 test_loss=0.2231)
[ 27/129] FacesUCR                     DONE  acc=0.9605 loss=0.2231 AOPCR=  0.798 NDCG=  n/a C= 14 T=  131 (48s)  [26 trained / 0 failed so far]
[ 28/129] FiftyWords
    stage 1/3: loading data ...
    stage 2/3: training on 365 series (val=85, C=50, T=270, batch=16) ...
    stage 3/3: scoring on 455 test series (accuracy + AOPCR) ...
    [mlflow] versioned model 'seanet_slim_topk__sea_mstcn_sep__sea_topk_conjunctive' (id=m-8c3b0a4647ca4098a02283f5e9a0a752) params={'model_size_mb': '1.4957', 'n_model_params': '60540', 'name': 'seanet_slim_topk'}
    [mlflow] logged run 'seanet_slim_topk_FiftyWords'  (train_acc=1.0000 val_acc=0.7765 test_acc=0.7978 test_loss=0.9036)
[ 28/129] FiftyWords                   DONE  acc=0.7978 loss=0.9036 AOPCR=  1.928 NDCG=  n/a C= 50 T=  270 (59s)  [27 trained / 0 failed so far]
[ 29/129] Fish
    stage 1/3: loading data ...
    stage 2/3: training on 142 series (val=33, C=7, T=463, batch=14) ...
    stage 3/3: scoring on 175 test series (accuracy + AOPCR) ...
    [mlflow] versioned model 'seanet_slim_topk__sea_mstcn_sep__sea_topk_conjunctive' (id=m-cee102c613fa4f21aedd281f7dba9bf2) params={'model_size_mb': '1.4835', 'n_model_params': '57358', 'name': 'seanet_slim_topk'}
    [mlflow] logged run 'seanet_slim_topk_Fish'  (train_acc=1.0000 val_acc=1.0000 test_acc=0.9543 test_loss=0.2433)
[ 29/129] Fish                         DONE  acc=0.9543 loss=0.2433 AOPCR=  0.821 NDCG=  n/a C=  7 T=  463 (22s)  [28 trained / 0 failed so far]
[ 30/129] FordA
    stage 1/3: loading data ...
    stage 2/3: training on 2881 series (val=720, C=2, T=500, batch=16) ...
    stage 3/3: scoring on 1320 test series (accuracy + AOPCR) ...
    [mlflow] versioned model 'seanet_slim_topk__sea_mstcn_sep__sea_topk_conjunctive' (id=m-09dd5ca263794d2b9d0ac920f1550cfb) params={'model_size_mb': '1.4821', 'n_model_params': '56988', 'name': 'seanet_slim_topk'}
    [mlflow] logged run 'seanet_slim_topk_FordA'  (train_acc=0.9781 val_acc=0.9681 test_acc=0.9598 test_loss=0.1362)
[ 30/129] FordA                        DONE  acc=0.9598 loss=0.1362 AOPCR=  0.492 NDCG=  n/a C=  2 T=  500 (195s)  [29 trained / 0 failed so far]
[ 31/129] FordB
    stage 1/3: loading data ...
    stage 2/3: training on 2909 series (val=727, C=2, T=500, batch=16) ...
    stage 3/3: scoring on 810 test series (accuracy + AOPCR) ...
    [mlflow] versioned model 'seanet_slim_topk__sea_mstcn_sep__sea_topk_conjunctive' (id=m-a7db4614a29b4f5b96acda745008e1d0) params={'model_size_mb': '1.4821', 'n_model_params': '56988', 'name': 'seanet_slim_topk'}
    [mlflow] logged run 'seanet_slim_topk_FordB'  (train_acc=0.9938 val_acc=0.9601 test_acc=0.8383 test_loss=0.3833)
[ 31/129] FordB                        DONE  acc=0.8383 loss=0.3833 AOPCR=  0.894 NDCG=  n/a C=  2 T=  500 (180s)  [30 trained / 0 failed so far]
[ 32/129] GunPoint
    stage 1/3: loading data ...
    stage 2/3: training on 50 series (no val (train-loss early stop), C=2, T=150, batch=5) ...
    stage 3/3: scoring on 150 test series (accuracy + AOPCR) ...
    [mlflow] versioned model 'seanet_slim_topk__sea_mstcn_sep__sea_topk_conjunctive' (id=m-01fce7bef6214b9882bdf82de6d1c4c1) params={'model_size_mb': '1.4821', 'n_model_params': '56988', 'name': 'seanet_slim_topk'}
    [mlflow] logged run 'seanet_slim_topk_GunPoint'  (train_acc=1.0000 test_acc=0.9933 test_loss=0.0790)
[ 32/129] GunPoint                     DONE  acc=0.9933 loss=0.0790 AOPCR=  1.178 NDCG=  n/a C=  2 T=  150 (26s)  [31 trained / 0 failed so far]
[ 33/129] Ham
    stage 1/3: loading data ...
    stage 2/3: training on 88 series (val=21, C=2, T=431, batch=8) ...
    stage 3/3: scoring on 105 test series (accuracy + AOPCR) ...
    [mlflow] versioned model 'seanet_slim_topk__sea_mstcn_sep__sea_topk_conjunctive' (id=m-dab5b909b48e453bab5ef8f5229a1fd0) params={'model_size_mb': '1.4821', 'n_model_params': '56988', 'name': 'seanet_slim_topk'}
    [mlflow] logged run 'seanet_slim_topk_Ham'  (train_acc=1.0000 val_acc=1.0000 test_acc=0.7333 test_loss=0.5679)
[ 33/129] Ham                          DONE  acc=0.7333 loss=0.5679 AOPCR=  1.247 NDCG=  n/a C=  2 T=  431 (29s)  [32 trained / 0 failed so far]
[ 34/129] HandOutlines
    stage 1/3: loading data ...
    stage 2/3: training on 801 series (val=199, C=2, T=2709, batch=16) ...
    stage 3/3: scoring on 370 test series (accuracy + AOPCR) ...
    [mlflow] versioned model 'seanet_slim_topk__sea_mstcn_sep__sea_topk_conjunctive' (id=m-e22fb2ad39934e7a8fbec8832757527a) params={'model_size_mb': '1.4821', 'n_model_params': '56988', 'name': 'seanet_slim_topk'}
    [mlflow] logged run 'seanet_slim_topk_HandOutlines'  (train_acc=0.9863 val_acc=0.9347 test_acc=0.9351 test_loss=0.2105)
[ 34/129] HandOutlines                 DONE  acc=0.9351 loss=0.2105 AOPCR= -8.353 NDCG=  n/a C=  2 T= 2709 (217s)  [33 trained / 0 failed so far]
[ 35/129] Haptics
    stage 1/3: loading data ...
    stage 2/3: training on 127 series (val=28, C=5, T=1092, batch=12) ...
    stage 3/3: scoring on 308 test series (accuracy + AOPCR) ...
    [mlflow] versioned model 'seanet_slim_topk__sea_mstcn_sep__sea_topk_conjunctive' (id=m-af0798b648c84577b362600a73fa781d) params={'model_size_mb': '1.4829', 'n_model_params': '57210', 'name': 'seanet_slim_topk'}
    [mlflow] logged run 'seanet_slim_topk_Haptics'  (train_acc=0.7874 val_acc=0.5357 test_acc=0.4578 test_loss=1.4630)
[ 35/129] Haptics                      DONE  acc=0.4578 loss=1.4630 AOPCR=  1.822 NDCG=  n/a C=  5 T= 1092 (13s)  [34 trained / 0 failed so far]
[ 36/129] Herring
    stage 1/3: loading data ...
    stage 2/3: training on 64 series (no val (train-loss early stop), C=2, T=512, batch=6) ...
    stage 3/3: scoring on 64 test series (accuracy + AOPCR) ...
    [mlflow] versioned model 'seanet_slim_topk__sea_mstcn_sep__sea_topk_conjunctive' (id=m-f27b5960a19043dba533ef587ecc1a25) params={'model_size_mb': '1.4821', 'n_model_params': '56988', 'name': 'seanet_slim_topk'}
    [mlflow] logged run 'seanet_slim_topk_Herring'  (train_acc=1.0000 test_acc=0.5781 test_loss=1.0109)
[ 36/129] Herring                      DONE  acc=0.5781 loss=1.0109 AOPCR=  1.158 NDCG=  n/a C=  2 T=  512 (29s)  [35 trained / 0 failed so far]
[ 37/129] InlineSkate
    stage 1/3: loading data ...
    stage 2/3: training on 84 series (val=16, C=7, T=1882, batch=8) ...
    stage 3/3: scoring on 550 test series (accuracy + AOPCR) ...
    [mlflow] versioned model 'seanet_slim_topk__sea_mstcn_sep__sea_topk_conjunctive' (id=m-5e2387f962424e55949ada3944755462) params={'model_size_mb': '1.4835', 'n_model_params': '57358', 'name': 'seanet_slim_topk'}
    [mlflow] logged run 'seanet_slim_topk_InlineSkate'  (train_acc=0.7024 val_acc=0.3125 test_acc=0.2655 test_loss=2.0087)
[ 37/129] InlineSkate                  DONE  acc=0.2655 loss=2.0087 AOPCR=  2.833 NDCG=  n/a C=  7 T= 1882 (16s)  [36 trained / 0 failed so far]
[ 38/129] InsectWingbeatSound
    stage 1/3: loading data ...
    stage 2/3: training on 176 series (val=44, C=11, T=256, batch=16) ...
    stage 3/3: scoring on 1980 test series (accuracy + AOPCR) ...
    [mlflow] versioned model 'seanet_slim_topk__sea_mstcn_sep__sea_topk_conjunctive' (id=m-adc5a3f0779f41a09c07c2d55299ad3c) params={'model_size_mb': '1.4846', 'n_model_params': '57654', 'name': 'seanet_slim_topk'}
    [mlflow] logged run 'seanet_slim_topk_InsectWingbeatSound'  (train_acc=0.6875 val_acc=0.5909 test_acc=0.5859 test_loss=1.0567)
[ 38/129] InsectWingbeatSound          DONE  acc=0.5859 loss=1.0567 AOPCR=  0.932 NDCG=  n/a C= 11 T=  256 (11s)  [37 trained / 0 failed so far]
[ 39/129] ItalyPowerDemand
    stage 1/3: loading data ...
    stage 2/3: training on 67 series (no val (train-loss early stop), C=2, T=24, batch=6) ...
    stage 3/3: scoring on 1029 test series (accuracy + AOPCR) ...
    [mlflow] versioned model 'seanet_slim_topk__sea_mstcn_sep__sea_topk_conjunctive' (id=m-fa41edd173fb4cf98d92a290fdcc1be5) params={'model_size_mb': '1.4821', 'n_model_params': '56988', 'name': 'seanet_slim_topk'}
    [mlflow] logged run 'seanet_slim_topk_ItalyPowerDemand'  (train_acc=1.0000 test_acc=0.9679 test_loss=0.1432)
[ 39/129] ItalyPowerDemand             DONE  acc=0.9679 loss=0.1432 AOPCR=  0.301 NDCG=  n/a C=  2 T=   24 (47s)  [38 trained / 0 failed so far]
[ 40/129] LargeKitchenAppliances
    stage 1/3: loading data ...
    stage 2/3: training on 300 series (val=75, C=3, T=720, batch=16) ...
    stage 3/3: scoring on 375 test series (accuracy + AOPCR) ...
    [mlflow] versioned model 'seanet_slim_topk__sea_mstcn_sep__sea_topk_conjunctive' (id=m-311014b5bedd4a42bfb07d898b70346b) params={'model_size_mb': '1.4824', 'n_model_params': '57062', 'name': 'seanet_slim_topk'}
    [mlflow] logged run 'seanet_slim_topk_LargeKitchenAppliances'  (train_acc=0.9833 val_acc=0.9733 test_acc=0.8960 test_loss=0.3535)
[ 40/129] LargeKitchenAppliances       DONE  acc=0.8960 loss=0.3535 AOPCR=  1.985 NDCG=  n/a C=  3 T=  720 (36s)  [39 trained / 0 failed so far]
[ 41/129] Lightning2
    stage 1/3: loading data ...
    stage 2/3: training on 60 series (no val (train-loss early stop), C=2, T=637, batch=6) ...
    stage 3/3: scoring on 61 test series (accuracy + AOPCR) ...
    [mlflow] versioned model 'seanet_slim_topk__sea_mstcn_sep__sea_topk_conjunctive' (id=m-62aecd001878407b860f646cfbb21bd0) params={'model_size_mb': '1.4821', 'n_model_params': '56988', 'name': 'seanet_slim_topk'}
    [mlflow] logged run 'seanet_slim_topk_Lightning2'  (train_acc=1.0000 test_acc=0.8689 test_loss=0.3255)
[ 41/129] Lightning2                   DONE  acc=0.8689 loss=0.3255 AOPCR=  1.229 NDCG=  n/a C=  2 T=  637 (48s)  [40 trained / 0 failed so far]
[ 42/129] Lightning7
    stage 1/3: loading data ...
    stage 2/3: training on 70 series (no val (train-loss early stop), C=7, T=319, batch=7) ...
    stage 3/3: scoring on 73 test series (accuracy + AOPCR) ...
    [mlflow] versioned model 'seanet_slim_topk__sea_mstcn_sep__sea_topk_conjunctive' (id=m-b18e34c9992a45668c10e2f6647a6a92) params={'model_size_mb': '1.4835', 'n_model_params': '57358', 'name': 'seanet_slim_topk'}
    [mlflow] logged run 'seanet_slim_topk_Lightning7'  (train_acc=1.0000 test_acc=0.8356 test_loss=0.5600)
[ 42/129] Lightning7                   DONE  acc=0.8356 loss=0.5600 AOPCR=  2.616 NDCG=  n/a C=  7 T=  319 (34s)  [41 trained / 0 failed so far]
[ 43/129] Mallat
    stage 1/3: loading data ...
    stage 2/3: training on 55 series (no val (train-loss early stop), C=8, T=1024, batch=5) ...
    stage 3/3: scoring on 2345 test series (accuracy + AOPCR) ...
    [mlflow] versioned model 'seanet_slim_topk__sea_mstcn_sep__sea_topk_conjunctive' (id=m-c307f67079864c4fa2a9fbab90b30c90) params={'model_size_mb': '1.4838', 'n_model_params': '57432', 'name': 'seanet_slim_topk'}
    [mlflow] logged run 'seanet_slim_topk_Mallat'  (train_acc=1.0000 test_acc=0.7412 test_loss=0.7865)
[ 43/129] Mallat                       DONE  acc=0.7412 loss=0.7865 AOPCR=  2.197 NDCG=  n/a C=  8 T= 1024 (29s)  [42 trained / 0 failed so far]
[ 44/129] Meat
    stage 1/3: loading data ...
    stage 2/3: training on 60 series (no val (train-loss early stop), C=3, T=448, batch=6) ...
    stage 3/3: scoring on 60 test series (accuracy + AOPCR) ...
    [mlflow] versioned model 'seanet_slim_topk__sea_mstcn_sep__sea_topk_conjunctive' (id=m-9f3cf05d88b94494bf5f5bf786e61cbc) params={'model_size_mb': '1.4824', 'n_model_params': '57062', 'name': 'seanet_slim_topk'}
    [mlflow] logged run 'seanet_slim_topk_Meat'  (train_acc=1.0000 test_acc=0.9000 test_loss=0.2933)
[ 44/129] Meat                         DONE  acc=0.9000 loss=0.2933 AOPCR=  0.679 NDCG=  n/a C=  3 T=  448 (51s)  [43 trained / 0 failed so far]
[ 45/129] MedicalImages
    stage 1/3: loading data ...
    stage 2/3: training on 307 series (val=74, C=10, T=99, batch=16) ...
    stage 3/3: scoring on 760 test series (accuracy + AOPCR) ...
    [mlflow] versioned model 'seanet_slim_topk__sea_mstcn_sep__sea_topk_conjunctive' (id=m-b188b7884c7f45ce95828b74cec186cc) params={'model_size_mb': '1.4843', 'n_model_params': '57580', 'name': 'seanet_slim_topk'}
    [mlflow] logged run 'seanet_slim_topk_MedicalImages'  (train_acc=0.9153 val_acc=0.7838 test_acc=0.7316 test_loss=0.7214)
[ 45/129] MedicalImages                DONE  acc=0.7316 loss=0.7214 AOPCR=  0.791 NDCG=  n/a C= 10 T=   99 (24s)  [44 trained / 0 failed so far]
[ 46/129] MiddlePhalanxOutlineAgeGroup
    stage 1/3: loading data ...
    stage 2/3: training on 321 series (val=79, C=3, T=80, batch=16) ...
    stage 3/3: scoring on 154 test series (accuracy + AOPCR) ...
    [mlflow] versioned model 'seanet_slim_topk__sea_mstcn_sep__sea_topk_conjunctive' (id=m-9dfaa262b9c04a8587134e7ddfb5a2e4) params={'model_size_mb': '1.4824', 'n_model_params': '57062', 'name': 'seanet_slim_topk'}
    [mlflow] logged run 'seanet_slim_topk_MiddlePhalanxOutlineAgeGroup'  (train_acc=0.8224 val_acc=0.7848 test_acc=0.5974 test_loss=0.9581)
[ 46/129] MiddlePhalanxOutlineAgeGroup DONE  acc=0.5974 loss=0.9581 AOPCR=  0.632 NDCG=  n/a C=  3 T=   80 (30s)  [45 trained / 0 failed so far]
[ 47/129] MiddlePhalanxOutlineCorrect
    stage 1/3: loading data ...
    stage 2/3: training on 481 series (val=119, C=2, T=80, batch=16) ...
    stage 3/3: scoring on 291 test series (accuracy + AOPCR) ...
    [mlflow] versioned model 'seanet_slim_topk__sea_mstcn_sep__sea_topk_conjunctive' (id=m-fbaad9f2fc0041bc9fd0444f1014dc04) params={'model_size_mb': '1.4821', 'n_model_params': '56988', 'name': 'seanet_slim_topk'}
    [mlflow] logged run 'seanet_slim_topk_MiddlePhalanxOutlineCorrect'  (train_acc=0.9730 val_acc=0.8655 test_acc=0.8282 test_loss=0.4168)
[ 47/129] MiddlePhalanxOutlineCorrect  DONE  acc=0.8282 loss=0.4168 AOPCR= -0.138 NDCG=  n/a C=  2 T=   80 (114s)  [46 trained / 0 failed so far]
[ 48/129] MiddlePhalanxTW
    stage 1/3: loading data ...
    stage 2/3: training on 321 series (val=78, C=6, T=80, batch=16) ...
    stage 3/3: scoring on 154 test series (accuracy + AOPCR) ...
    [mlflow] versioned model 'seanet_slim_topk__sea_mstcn_sep__sea_topk_conjunctive' (id=m-0c64fa03da17439fa0628880cad5cd03) params={'model_size_mb': '1.4832', 'n_model_params': '57284', 'name': 'seanet_slim_topk'}
    [mlflow] logged run 'seanet_slim_topk_MiddlePhalanxTW'  (train_acc=0.6729 val_acc=0.6410 test_acc=0.5714 test_loss=1.0693)
[ 48/129] MiddlePhalanxTW              DONE  acc=0.5714 loss=1.0693 AOPCR=  0.726 NDCG=  n/a C=  6 T=   80 (31s)  [47 trained / 0 failed so far]
[ 49/129] MoteStrain
    stage 1/3: loading data ...
    stage 2/3: training on 20 series (no val (train-loss early stop), C=2, T=84, batch=2) ...
    stage 3/3: scoring on 1252 test series (accuracy + AOPCR) ...
    [mlflow] versioned model 'seanet_slim_topk__sea_mstcn_sep__sea_topk_conjunctive' (id=m-39fa47645aac4155a92ade73be8d88d9) params={'model_size_mb': '1.4821', 'n_model_params': '56988', 'name': 'seanet_slim_topk'}
    [mlflow] logged run 'seanet_slim_topk_MoteStrain'  (train_acc=1.0000 test_acc=0.8682 test_loss=0.3199)
[ 49/129] MoteStrain                   DONE  acc=0.8682 loss=0.3199 AOPCR=  1.478 NDCG=  n/a C=  2 T=   84 (26s)  [48 trained / 0 failed so far]
[ 50/129] NonInvasiveFetalECGThorax1
    stage 1/3: loading data ...
    stage 2/3: training on 1452 series (val=348, C=42, T=750, batch=16) ...
    stage 3/3: scoring on 1965 test series (accuracy + AOPCR) ...
    [mlflow] versioned model 'seanet_slim_topk__sea_mstcn_sep__sea_topk_conjunctive' (id=m-55939a4ad45f4b9ba842edea13ea873e) params={'model_size_mb': '1.4934', 'n_model_params': '59948', 'name': 'seanet_slim_topk'}
    [mlflow] logged run 'seanet_slim_topk_NonInvasiveFetalECGThorax1'  (train_acc=0.9787 val_acc=0.8678 test_acc=0.8641 test_loss=0.5325)
[ 50/129] NonInvasiveFetalECGThorax1   DONE  acc=0.8641 loss=0.5325 AOPCR=  1.330 NDCG=  n/a C= 42 T=  750 (236s)  [49 trained / 0 failed so far]
[ 51/129] NonInvasiveFetalECGThorax2
    stage 1/3: loading data ...
    stage 2/3: training on 1452 series (val=348, C=42, T=750, batch=16) ...
    stage 3/3: scoring on 1965 test series (accuracy + AOPCR) ...
    [mlflow] versioned model 'seanet_slim_topk__sea_mstcn_sep__sea_topk_conjunctive' (id=m-b53c6879119d4f64b7ce1f7d5b8c06da) params={'model_size_mb': '1.4934', 'n_model_params': '59948', 'name': 'seanet_slim_topk'}
    [mlflow] logged run 'seanet_slim_topk_NonInvasiveFetalECGThorax2'  (train_acc=0.9614 val_acc=0.8879 test_acc=0.8774 test_loss=0.4291)
[ 51/129] NonInvasiveFetalECGThorax2   DONE  acc=0.8774 loss=0.4291 AOPCR=  1.441 NDCG=  n/a C= 42 T=  750 (213s)  [50 trained / 0 failed so far]
[ 52/129] OliveOil
    stage 1/3: loading data ...
    stage 2/3: training on 30 series (no val (train-loss early stop), C=4, T=570, batch=3) ...
    stage 3/3: scoring on 30 test series (accuracy + AOPCR) ...
    [mlflow] versioned model 'seanet_slim_topk__sea_mstcn_sep__sea_topk_conjunctive' (id=m-fab330deaf1847cf9700e21c791db5c4) params={'model_size_mb': '1.4827', 'n_model_params': '57136', 'name': 'seanet_slim_topk'}
    [mlflow] logged run 'seanet_slim_topk_OliveOil'  (train_acc=0.4333 test_acc=0.4000 test_loss=1.2930)
[ 52/129] OliveOil                     DONE  acc=0.4000 loss=1.2930 AOPCR= -0.062 NDCG=  n/a C=  4 T=  570 (12s)  [51 trained / 0 failed so far]
[ 53/129] OSULeaf
    stage 1/3: loading data ...
    stage 2/3: training on 163 series (val=37, C=6, T=427, batch=16) ...
    stage 3/3: scoring on 242 test series (accuracy + AOPCR) ...
    [mlflow] versioned model 'seanet_slim_topk__sea_mstcn_sep__sea_topk_conjunctive' (id=m-da59c8d2808e4433af76af7d61f7e768) params={'model_size_mb': '1.4832', 'n_model_params': '57284', 'name': 'seanet_slim_topk'}
    [mlflow] logged run 'seanet_slim_topk_OSULeaf'  (train_acc=1.0000 val_acc=0.8649 test_acc=0.8512 test_loss=0.4922)
[ 53/129] OSULeaf                      DONE  acc=0.8512 loss=0.4922 AOPCR=  1.250 NDCG=  n/a C=  6 T=  427 (17s)  [52 trained / 0 failed so far]
[ 54/129] PhalangesOutlinesCorrect
    stage 1/3: loading data ...
    stage 2/3: training on 1441 series (val=359, C=2, T=80, batch=16) ...
    stage 3/3: scoring on 858 test series (accuracy + AOPCR) ...
    [mlflow] versioned model 'seanet_slim_topk__sea_mstcn_sep__sea_topk_conjunctive' (id=m-04caf01da6794f78b745e228e8c962d2) params={'model_size_mb': '1.4821', 'n_model_params': '56988', 'name': 'seanet_slim_topk'}
    [mlflow] logged run 'seanet_slim_topk_PhalangesOutlinesCorrect'  (train_acc=0.8973 val_acc=0.8774 test_acc=0.8042 test_loss=0.4099)
[ 54/129] PhalangesOutlinesCorrect     DONE  acc=0.8042 loss=0.4099 AOPCR= -0.305 NDCG=  n/a C=  2 T=   80 (141s)  [53 trained / 0 failed so far]
[ 55/129] Phoneme
    stage 1/3: loading data ...
    stage 2/3: training on 171 series (val=43, C=39, T=1024, batch=16) ...
    stage 3/3: scoring on 1896 test series (accuracy + AOPCR) ...
    [mlflow] versioned model 'seanet_slim_topk__sea_mstcn_sep__sea_topk_conjunctive' (id=m-0173c791567745c696a5286f0b4608d7) params={'model_size_mb': '1.4925', 'n_model_params': '59726', 'name': 'seanet_slim_topk'}
    [mlflow] logged run 'seanet_slim_topk_Phoneme'  (train_acc=0.6491 val_acc=0.2558 test_acc=0.2463 test_loss=2.9588)
[ 55/129] Phoneme                      DONE  acc=0.2463 loss=2.9588 AOPCR=  1.666 NDCG=  n/a C= 39 T= 1024 (14s)  [54 trained / 0 failed so far]
[ 56/129] Plane
    stage 1/3: loading data ...
    stage 2/3: training on 87 series (val=18, C=7, T=144, batch=8) ...
    stage 3/3: scoring on 105 test series (accuracy + AOPCR) ...
    [mlflow] versioned model 'seanet_slim_topk__sea_mstcn_sep__sea_topk_conjunctive' (id=m-7695c62b81a04eda9244076633668fd8) params={'model_size_mb': '1.4835', 'n_model_params': '57358', 'name': 'seanet_slim_topk'}
    [mlflow] logged run 'seanet_slim_topk_Plane'  (train_acc=1.0000 val_acc=1.0000 test_acc=0.9810 test_loss=0.0691)
[ 56/129] Plane                        DONE  acc=0.9810 loss=0.0691 AOPCR=  1.520 NDCG=  n/a C=  7 T=  144 (13s)  [55 trained / 0 failed so far]
[ 57/129] ProximalPhalanxOutlineAgeGroup
    stage 1/3: loading data ...
    stage 2/3: training on 322 series (val=78, C=3, T=80, batch=16) ...
    stage 3/3: scoring on 205 test series (accuracy + AOPCR) ...
    [mlflow] versioned model 'seanet_slim_topk__sea_mstcn_sep__sea_topk_conjunctive' (id=m-0eaf5bcf81b54260b9f8d94a37c3009c) params={'model_size_mb': '1.4824', 'n_model_params': '57062', 'name': 'seanet_slim_topk'}
    [mlflow] logged run 'seanet_slim_topk_ProximalPhalanxOutlineAgeGroup'  (train_acc=0.8758 val_acc=0.8205 test_acc=0.8244 test_loss=0.4342)
[ 57/129] ProximalPhalanxOutlineAgeGroup DONE  acc=0.8244 loss=0.4342 AOPCR=  0.007 NDCG=  n/a C=  3 T=   80 (42s)  [56 trained / 0 failed so far]
[ 58/129] ProximalPhalanxOutlineCorrect
    stage 1/3: loading data ...
    stage 2/3: training on 481 series (val=119, C=2, T=80, batch=16) ...
    stage 3/3: scoring on 291 test series (accuracy + AOPCR) ...
    [mlflow] versioned model 'seanet_slim_topk__sea_mstcn_sep__sea_topk_conjunctive' (id=m-8c0e941acfee46299250da1a0828cc53) params={'model_size_mb': '1.4821', 'n_model_params': '56988', 'name': 'seanet_slim_topk'}
    [mlflow] logged run 'seanet_slim_topk_ProximalPhalanxOutlineCorrect'  (train_acc=0.9875 val_acc=0.9244 test_acc=0.9107 test_loss=0.2437)
[ 58/129] ProximalPhalanxOutlineCorrect DONE  acc=0.9107 loss=0.2437 AOPCR= -1.410 NDCG=  n/a C=  2 T=   80 (150s)  [57 trained / 0 failed so far]
[ 59/129] ProximalPhalanxTW
    stage 1/3: loading data ...
    stage 2/3: training on 322 series (val=78, C=6, T=80, batch=16) ...
    stage 3/3: scoring on 205 test series (accuracy + AOPCR) ...
    [mlflow] versioned model 'seanet_slim_topk__sea_mstcn_sep__sea_topk_conjunctive' (id=m-a1f06f939a6b471b8ee1b40d93de8ed2) params={'model_size_mb': '1.4832', 'n_model_params': '57284', 'name': 'seanet_slim_topk'}
    [mlflow] logged run 'seanet_slim_topk_ProximalPhalanxTW'  (train_acc=0.8851 val_acc=0.8718 test_acc=0.8000 test_loss=0.5680)
[ 59/129] ProximalPhalanxTW            DONE  acc=0.8000 loss=0.5680 AOPCR= -0.812 NDCG=  n/a C=  6 T=   80 (54s)  [58 trained / 0 failed so far]
[ 60/129] RefrigerationDevices
    stage 1/3: loading data ...
    stage 2/3: training on 300 series (val=75, C=3, T=720, batch=16) ...
    stage 3/3: scoring on 375 test series (accuracy + AOPCR) ...
    [mlflow] versioned model 'seanet_slim_topk__sea_mstcn_sep__sea_topk_conjunctive' (id=m-db453e6a694b4120aa2f68f83b911e85) params={'model_size_mb': '1.4824', 'n_model_params': '57062', 'name': 'seanet_slim_topk'}
    [mlflow] logged run 'seanet_slim_topk_RefrigerationDevices'  (train_acc=0.5933 val_acc=0.6400 test_acc=0.4747 test_loss=1.2362)
[ 60/129] RefrigerationDevices         DONE  acc=0.4747 loss=1.2362 AOPCR=  0.358 NDCG=  n/a C=  3 T=  720 (15s)  [59 trained / 0 failed so far]
[ 61/129] ScreenType
    stage 1/3: loading data ...
    stage 2/3: training on 300 series (val=75, C=3, T=720, batch=16) ...
    stage 3/3: scoring on 375 test series (accuracy + AOPCR) ...
    [mlflow] versioned model 'seanet_slim_topk__sea_mstcn_sep__sea_topk_conjunctive' (id=m-bff30716d9e9496983247675ac8a5905) params={'model_size_mb': '1.4824', 'n_model_params': '57062', 'name': 'seanet_slim_topk'}
    [mlflow] logged run 'seanet_slim_topk_ScreenType'  (train_acc=0.8200 val_acc=0.6667 test_acc=0.4587 test_loss=1.1751)
[ 61/129] ScreenType                   DONE  acc=0.4587 loss=1.1751 AOPCR=  0.643 NDCG=  n/a C=  3 T=  720 (25s)  [60 trained / 0 failed so far]
[ 62/129] ShapeletSim
    stage 1/3: loading data ...
    stage 2/3: training on 20 series (no val (train-loss early stop), C=2, T=500, batch=2) ...
    stage 3/3: scoring on 180 test series (accuracy + AOPCR) ...
    [mlflow] versioned model 'seanet_slim_topk__sea_mstcn_sep__sea_topk_conjunctive' (id=m-7a1058fdb29d4875a4ba5633b93e0c86) params={'model_size_mb': '1.4821', 'n_model_params': '56988', 'name': 'seanet_slim_topk'}
    [mlflow] logged run 'seanet_slim_topk_ShapeletSim'  (train_acc=1.0000 test_acc=1.0000 test_loss=0.0529)
[ 62/129] ShapeletSim                  DONE  acc=1.0000 loss=0.0529 AOPCR=  2.207 NDCG=  n/a C=  2 T=  500 (10s)  [61 trained / 0 failed so far]
[ 63/129] ShapesAll
    stage 1/3: loading data ...
    stage 2/3: training on 480 series (val=120, C=60, T=512, batch=16) ...
    stage 3/3: scoring on 600 test series (accuracy + AOPCR) ...
    [mlflow] versioned model 'seanet_slim_topk__sea_mstcn_sep__sea_topk_conjunctive' (id=m-dffab801782a4287a46876f537a7f52f) params={'model_size_mb': '1.4984', 'n_model_params': '61280', 'name': 'seanet_slim_topk'}
    [mlflow] logged run 'seanet_slim_topk_ShapesAll'  (train_acc=0.9979 val_acc=0.9083 test_acc=0.8550 test_loss=0.7068)
[ 63/129] ShapesAll                    DONE  acc=0.8550 loss=0.7068 AOPCR=  2.204 NDCG=  n/a C= 60 T=  512 (85s)  [62 trained / 0 failed so far]
[ 64/129] SmallKitchenAppliances
    stage 1/3: loading data ...
    stage 2/3: training on 300 series (val=75, C=3, T=720, batch=16) ...
    stage 3/3: scoring on 375 test series (accuracy + AOPCR) ...
    [mlflow] versioned model 'seanet_slim_topk__sea_mstcn_sep__sea_topk_conjunctive' (id=m-fc70e88b4ead4853b63e1fba450438af) params={'model_size_mb': '1.4824', 'n_model_params': '57062', 'name': 'seanet_slim_topk'}
    [mlflow] logged run 'seanet_slim_topk_SmallKitchenAppliances'  (train_acc=0.8967 val_acc=0.8267 test_acc=0.8133 test_loss=0.4828)
[ 64/129] SmallKitchenAppliances       DONE  acc=0.8133 loss=0.4828 AOPCR=  1.212 NDCG=  n/a C=  3 T=  720 (32s)  [63 trained / 0 failed so far]
[ 65/129] SonyAIBORobotSurface1
    stage 1/3: loading data ...
    stage 2/3: training on 20 series (no val (train-loss early stop), C=2, T=70, batch=2) ...
    stage 3/3: scoring on 601 test series (accuracy + AOPCR) ...
    [mlflow] versioned model 'seanet_slim_topk__sea_mstcn_sep__sea_topk_conjunctive' (id=m-e7c9d0dbd80041cbb57ebf02e2b607d2) params={'model_size_mb': '1.4821', 'n_model_params': '56988', 'name': 'seanet_slim_topk'}
    [mlflow] logged run 'seanet_slim_topk_SonyAIBORobotSurface1'  (train_acc=1.0000 test_acc=0.9168 test_loss=0.2391)
[ 65/129] SonyAIBORobotSurface1        DONE  acc=0.9168 loss=0.2391 AOPCR=  0.922 NDCG=  n/a C=  2 T=   70 (26s)  [64 trained / 0 failed so far]
[ 66/129] SonyAIBORobotSurface2
    stage 1/3: loading data ...
    stage 2/3: training on 27 series (no val (train-loss early stop), C=2, T=65, batch=2) ...
    stage 3/3: scoring on 953 test series (accuracy + AOPCR) ...
    [mlflow] versioned model 'seanet_slim_topk__sea_mstcn_sep__sea_topk_conjunctive' (id=m-37526b11bd9847c293b821cde9680bc8) params={'model_size_mb': '1.4821', 'n_model_params': '56988', 'name': 'seanet_slim_topk'}
    [mlflow] logged run 'seanet_slim_topk_SonyAIBORobotSurface2'  (train_acc=1.0000 test_acc=0.8520 test_loss=0.3580)
[ 66/129] SonyAIBORobotSurface2        DONE  acc=0.8520 loss=0.3580 AOPCR=  0.454 NDCG=  n/a C=  2 T=   65 (71s)  [65 trained / 0 failed so far]
[ 67/129] StarLightCurves
    stage 1/3: loading data ...
    stage 2/3: training on 801 series (val=199, C=3, T=1024, batch=16) ...
    stage 3/3: scoring on 8236 test series (accuracy + AOPCR) ...
    [mlflow] versioned model 'seanet_slim_topk__sea_mstcn_sep__sea_topk_conjunctive' (id=m-ad0c043d3ee743e9bd368d35b2934aec) params={'model_size_mb': '1.4824', 'n_model_params': '57062', 'name': 'seanet_slim_topk'}
    [mlflow] logged run 'seanet_slim_topk_StarLightCurves'  (train_acc=1.0000 val_acc=0.9899 test_acc=0.9717 test_loss=0.1439)
[ 67/129] StarLightCurves              DONE  acc=0.9717 loss=0.1439 AOPCR=  2.381 NDCG=  n/a C=  3 T= 1024 (102s)  [66 trained / 0 failed so far]
[ 68/129] Strawberry
    stage 1/3: loading data ...
    stage 2/3: training on 492 series (val=121, C=2, T=235, batch=16) ...
    stage 3/3: scoring on 370 test series (accuracy + AOPCR) ...
    [mlflow] versioned model 'seanet_slim_topk__sea_mstcn_sep__sea_topk_conjunctive' (id=m-f829835810434636a5fccf0d781519bf) params={'model_size_mb': '1.4821', 'n_model_params': '56988', 'name': 'seanet_slim_topk'}
    [mlflow] logged run 'seanet_slim_topk_Strawberry'  (train_acc=0.9756 val_acc=0.9917 test_acc=0.9622 test_loss=0.1487)
[ 68/129] Strawberry                   DONE  acc=0.9622 loss=0.1487 AOPCR=  0.685 NDCG=  n/a C=  2 T=  235 (90s)  [67 trained / 0 failed so far]
[ 69/129] SwedishLeaf
    stage 1/3: loading data ...
    stage 2/3: training on 405 series (val=95, C=15, T=128, batch=16) ...
    stage 3/3: scoring on 625 test series (accuracy + AOPCR) ...
    [mlflow] versioned model 'seanet_slim_topk__sea_mstcn_sep__sea_topk_conjunctive' (id=m-dc4fc49f62aa4eda941e5426e60c5230) params={'model_size_mb': '1.4857', 'n_model_params': '57950', 'name': 'seanet_slim_topk'}
    [mlflow] logged run 'seanet_slim_topk_SwedishLeaf'  (train_acc=1.0000 val_acc=0.9789 test_acc=0.9504 test_loss=0.2552)
[ 69/129] SwedishLeaf                  DONE  acc=0.9504 loss=0.2552 AOPCR=  1.205 NDCG=  n/a C= 15 T=  128 (130s)  [68 trained / 0 failed so far]
[ 70/129] Symbols
    stage 1/3: loading data ...
    stage 2/3: training on 25 series (no val (train-loss early stop), C=6, T=398, batch=2) ...
    stage 3/3: scoring on 995 test series (accuracy + AOPCR) ...
    [mlflow] versioned model 'seanet_slim_topk__sea_mstcn_sep__sea_topk_conjunctive' (id=m-0fb61826e51f4fc5b8cc2c399c18e542) params={'model_size_mb': '1.4832', 'n_model_params': '57284', 'name': 'seanet_slim_topk'}
    [mlflow] logged run 'seanet_slim_topk_Symbols'  (train_acc=1.0000 test_acc=0.9246 test_loss=0.3259)
[ 70/129] Symbols                      DONE  acc=0.9246 loss=0.3259 AOPCR=  1.746 NDCG=  n/a C=  6 T=  398 (22s)  [69 trained / 0 failed so far]
[ 71/129] SyntheticControl
    stage 1/3: loading data ...
    stage 2/3: training on 240 series (val=60, C=6, T=60, batch=16) ...
    stage 3/3: scoring on 300 test series (accuracy + AOPCR) ...
    [mlflow] versioned model 'seanet_slim_topk__sea_mstcn_sep__sea_topk_conjunctive' (id=m-6b8563deff0442099443a3c72cbe742d) params={'model_size_mb': '1.4832', 'n_model_params': '57284', 'name': 'seanet_slim_topk'}
    [mlflow] logged run 'seanet_slim_topk_SyntheticControl'  (train_acc=1.0000 val_acc=1.0000 test_acc=0.9900 test_loss=0.1114)
[ 71/129] SyntheticControl             DONE  acc=0.9900 loss=0.1114 AOPCR=  0.652 NDCG=  n/a C=  6 T=   60 (63s)  [70 trained / 0 failed so far]
[ 72/129] ToeSegmentation1
    stage 1/3: loading data ...
    stage 2/3: training on 40 series (no val (train-loss early stop), C=2, T=277, batch=4) ...
    stage 3/3: scoring on 228 test series (accuracy + AOPCR) ...
    [mlflow] versioned model 'seanet_slim_topk__sea_mstcn_sep__sea_topk_conjunctive' (id=m-dc7898c53baf4c149863bac016b26913) params={'model_size_mb': '1.4821', 'n_model_params': '56988', 'name': 'seanet_slim_topk'}
    [mlflow] logged run 'seanet_slim_topk_ToeSegmentation1'  (train_acc=1.0000 test_acc=0.9561 test_loss=0.1859)
[ 72/129] ToeSegmentation1             DONE  acc=0.9561 loss=0.1859 AOPCR=  1.035 NDCG=  n/a C=  2 T=  277 (20s)  [71 trained / 0 failed so far]
[ 73/129] ToeSegmentation2
    stage 1/3: loading data ...
    stage 2/3: training on 36 series (no val (train-loss early stop), C=2, T=343, batch=3) ...
    stage 3/3: scoring on 130 test series (accuracy + AOPCR) ...
    [mlflow] versioned model 'seanet_slim_topk__sea_mstcn_sep__sea_topk_conjunctive' (id=m-ef443b8e34784da686eecc1a75fb63cc) params={'model_size_mb': '1.4821', 'n_model_params': '56988', 'name': 'seanet_slim_topk'}
    [mlflow] logged run 'seanet_slim_topk_ToeSegmentation2'  (train_acc=1.0000 test_acc=0.9308 test_loss=0.2375)
[ 73/129] ToeSegmentation2             DONE  acc=0.9308 loss=0.2375 AOPCR=  1.294 NDCG=  n/a C=  2 T=  343 (37s)  [72 trained / 0 failed so far]
[ 74/129] Trace
    stage 1/3: loading data ...
    stage 2/3: training on 81 series (val=19, C=4, T=275, batch=8) ...
    stage 3/3: scoring on 100 test series (accuracy + AOPCR) ...
    [mlflow] versioned model 'seanet_slim_topk__sea_mstcn_sep__sea_topk_conjunctive' (id=m-b79ac2fe6bf54be6a4edef89aca2cbe6) params={'model_size_mb': '1.4827', 'n_model_params': '57136', 'name': 'seanet_slim_topk'}
    [mlflow] logged run 'seanet_slim_topk_Trace'  (train_acc=1.0000 val_acc=1.0000 test_acc=1.0000 test_loss=0.0870)
[ 74/129] Trace                        DONE  acc=1.0000 loss=0.0870 AOPCR=  1.692 NDCG=  n/a C=  4 T=  275 (48s)  [73 trained / 0 failed so far]
[ 75/129] TwoLeadECG
    stage 1/3: loading data ...
    stage 2/3: training on 23 series (no val (train-loss early stop), C=2, T=82, batch=2) ...
    stage 3/3: scoring on 1139 test series (accuracy + AOPCR) ...
    [mlflow] versioned model 'seanet_slim_topk__sea_mstcn_sep__sea_topk_conjunctive' (id=m-bcd54e94b2834703b1407814dc24e2e3) params={'model_size_mb': '1.4821', 'n_model_params': '56988', 'name': 'seanet_slim_topk'}
    [mlflow] logged run 'seanet_slim_topk_TwoLeadECG'  (train_acc=1.0000 test_acc=0.9895 test_loss=0.0854)
[ 75/129] TwoLeadECG                   DONE  acc=0.9895 loss=0.0854 AOPCR=  0.456 NDCG=  n/a C=  2 T=   82 (24s)  [74 trained / 0 failed so far]
[ 76/129] TwoPatterns
    stage 1/3: loading data ...
    stage 2/3: training on 801 series (val=199, C=4, T=128, batch=16) ...
    stage 3/3: scoring on 4000 test series (accuracy + AOPCR) ...
    [mlflow] versioned model 'seanet_slim_topk__sea_mstcn_sep__sea_topk_conjunctive' (id=m-5c1b8f831e31472cbb583ad00304d538) params={'model_size_mb': '1.4827', 'n_model_params': '57136', 'name': 'seanet_slim_topk'}
    [mlflow] logged run 'seanet_slim_topk_TwoPatterns'  (train_acc=1.0000 val_acc=1.0000 test_acc=1.0000 test_loss=0.0793)
[ 76/129] TwoPatterns                  DONE  acc=1.0000 loss=0.0793 AOPCR=  1.677 NDCG=  n/a C=  4 T=  128 (183s)  [75 trained / 0 failed so far]
[ 77/129] UWaveGestureLibraryAll
    stage 1/3: loading data ...
    stage 2/3: training on 719 series (val=177, C=8, T=945, batch=16) ...
    stage 3/3: scoring on 3582 test series (accuracy + AOPCR) ...
    [mlflow] versioned model 'seanet_slim_topk__sea_mstcn_sep__sea_topk_conjunctive' (id=m-a2fb5f190ae74938821134172359402b) params={'model_size_mb': '1.4838', 'n_model_params': '57432', 'name': 'seanet_slim_topk'}
    [mlflow] logged run 'seanet_slim_topk_UWaveGestureLibraryAll'  (train_acc=1.0000 val_acc=0.9548 test_acc=0.9623 test_loss=0.2257)
[ 77/129] UWaveGestureLibraryAll       DONE  acc=0.9623 loss=0.2257 AOPCR=  1.784 NDCG=  n/a C=  8 T=  945 (139s)  [76 trained / 0 failed so far]
[ 78/129] UWaveGestureLibraryX
    stage 1/3: loading data ...
    stage 2/3: training on 719 series (val=177, C=8, T=315, batch=16) ...
    stage 3/3: scoring on 3582 test series (accuracy + AOPCR) ...
    [mlflow] versioned model 'seanet_slim_topk__sea_mstcn_sep__sea_topk_conjunctive' (id=m-f7fb62b9090340328afe4ac489238825) params={'model_size_mb': '1.4838', 'n_model_params': '57432', 'name': 'seanet_slim_topk'}
    [mlflow] logged run 'seanet_slim_topk_UWaveGestureLibraryX'  (train_acc=0.9430 val_acc=0.8305 test_acc=0.8029 test_loss=0.5808)
[ 78/129] UWaveGestureLibraryX         DONE  acc=0.8029 loss=0.5808 AOPCR=  1.442 NDCG=  n/a C=  8 T=  315 (50s)  [77 trained / 0 failed so far]
[ 79/129] UWaveGestureLibraryY
    stage 1/3: loading data ...
    stage 2/3: training on 719 series (val=177, C=8, T=315, batch=16) ...
    stage 3/3: scoring on 3582 test series (accuracy + AOPCR) ...
    [mlflow] versioned model 'seanet_slim_topk__sea_mstcn_sep__sea_topk_conjunctive' (id=m-db7de7f447314fe58946698204ca3028) params={'model_size_mb': '1.4838', 'n_model_params': '57432', 'name': 'seanet_slim_topk'}
    [mlflow] logged run 'seanet_slim_topk_UWaveGestureLibraryY'  (train_acc=1.0000 val_acc=0.7571 test_acc=0.7621 test_loss=0.8103)
[ 79/129] UWaveGestureLibraryY         DONE  acc=0.7621 loss=0.8103 AOPCR=  1.359 NDCG=  n/a C=  8 T=  315 (170s)  [78 trained / 0 failed so far]
[ 80/129] UWaveGestureLibraryZ
    stage 1/3: loading data ...
    stage 2/3: training on 719 series (val=177, C=8, T=315, batch=16) ...
    stage 3/3: scoring on 3582 test series (accuracy + AOPCR) ...
    [mlflow] versioned model 'seanet_slim_topk__sea_mstcn_sep__sea_topk_conjunctive' (id=m-ad03be2ca96f40e39a2a538a8882312d) params={'model_size_mb': '1.4838', 'n_model_params': '57432', 'name': 'seanet_slim_topk'}
    [mlflow] logged run 'seanet_slim_topk_UWaveGestureLibraryZ'  (train_acc=0.8331 val_acc=0.7288 test_acc=0.7451 test_loss=0.7171)
[ 80/129] UWaveGestureLibraryZ         DONE  acc=0.7451 loss=0.7171 AOPCR=  1.762 NDCG=  n/a C=  8 T=  315 (49s)  [79 trained / 0 failed so far]
[ 81/129] Wafer
    stage 1/3: loading data ...
    stage 2/3: training on 801 series (val=199, C=2, T=152, batch=16) ...
    stage 3/3: scoring on 6164 test series (accuracy + AOPCR) ...
    [mlflow] versioned model 'seanet_slim_topk__sea_mstcn_sep__sea_topk_conjunctive' (id=m-62fe50ed044d42a8913af7adaffdc8f4) params={'model_size_mb': '1.4821', 'n_model_params': '56988', 'name': 'seanet_slim_topk'}
    [mlflow] logged run 'seanet_slim_topk_Wafer'  (train_acc=1.0000 val_acc=1.0000 test_acc=0.9943 test_loss=0.0764)
[ 81/129] Wafer                        DONE  acc=0.9943 loss=0.0764 AOPCR=  0.579 NDCG=  n/a C=  2 T=  152 (84s)  [80 trained / 0 failed so far]
[ 82/129] Wine
    stage 1/3: loading data ...
    stage 2/3: training on 57 series (no val (train-loss early stop), C=2, T=234, batch=5) ...
    stage 3/3: scoring on 54 test series (accuracy + AOPCR) ...
    [mlflow] versioned model 'seanet_slim_topk__sea_mstcn_sep__sea_topk_conjunctive' (id=m-e235eeec4faf436c956dcd7b3090a66f) params={'model_size_mb': '1.4821', 'n_model_params': '56988', 'name': 'seanet_slim_topk'}
    [mlflow] logged run 'seanet_slim_topk_Wine'  (train_acc=0.5789 test_acc=0.5000 test_loss=0.6932)
[ 82/129] Wine                         DONE  acc=0.5000 loss=0.6932 AOPCR=  1.073 NDCG=  n/a C=  2 T=  234 (69s)  [81 trained / 0 failed so far]
[ 83/129] WordSynonyms
    stage 1/3: loading data ...
    stage 2/3: training on 217 series (val=50, C=25, T=270, batch=16) ...
    stage 3/3: scoring on 638 test series (accuracy + AOPCR) ...
    [mlflow] versioned model 'seanet_slim_topk__sea_mstcn_sep__sea_topk_conjunctive' (id=m-ed607d9e51cb404ba4f49eebf9d22365) params={'model_size_mb': '1.4886', 'n_model_params': '58690', 'name': 'seanet_slim_topk'}
    [mlflow] logged run 'seanet_slim_topk_WordSynonyms'  (train_acc=1.0000 val_acc=0.7200 test_acc=0.7038 test_loss=1.2241)
[ 83/129] WordSynonyms                 DONE  acc=0.7038 loss=1.2241 AOPCR=  1.325 NDCG=  n/a C= 25 T=  270 (66s)  [82 trained / 0 failed so far]
[ 84/129] Worms
    stage 1/3: loading data ...
    stage 2/3: training on 146 series (val=35, C=5, T=900, batch=14) ...
    stage 3/3: scoring on 77 test series (accuracy + AOPCR) ...
    [mlflow] versioned model 'seanet_slim_topk__sea_mstcn_sep__sea_topk_conjunctive' (id=m-39d05ef9f6b546d8b508cf684df811ff) params={'model_size_mb': '1.4829', 'n_model_params': '57210', 'name': 'seanet_slim_topk'}
    [mlflow] logged run 'seanet_slim_topk_Worms'  (train_acc=0.9795 val_acc=0.7143 test_acc=0.6623 test_loss=0.9360)
[ 84/129] Worms                        DONE  acc=0.6623 loss=0.9360 AOPCR=  1.482 NDCG=  n/a C=  5 T=  900 (14s)  [83 trained / 0 failed so far]
[ 85/129] WormsTwoClass
    stage 1/3: loading data ...
    stage 2/3: training on 145 series (val=36, C=2, T=900, batch=14) ...
    stage 3/3: scoring on 77 test series (accuracy + AOPCR) ...
    [mlflow] versioned model 'seanet_slim_topk__sea_mstcn_sep__sea_topk_conjunctive' (id=m-d2640253b79241ba9ee64a8ed9d3424d) params={'model_size_mb': '1.4821', 'n_model_params': '56988', 'name': 'seanet_slim_topk'}
    [mlflow] logged run 'seanet_slim_topk_WormsTwoClass'  (train_acc=0.9655 val_acc=0.8611 test_acc=0.6883 test_loss=0.6003)
[ 85/129] WormsTwoClass                DONE  acc=0.6883 loss=0.6003 AOPCR=  0.997 NDCG=  n/a C=  2 T=  900 (12s)  [84 trained / 0 failed so far]
[ 86/129] Yoga
    stage 1/3: loading data ...
    stage 2/3: training on 241 series (val=59, C=2, T=426, batch=16) ...
    stage 3/3: scoring on 3000 test series (accuracy + AOPCR) ...
    [mlflow] versioned model 'seanet_slim_topk__sea_mstcn_sep__sea_topk_conjunctive' (id=m-c444203132314a20ab0730417098d2f3) params={'model_size_mb': '1.4821', 'n_model_params': '56988', 'name': 'seanet_slim_topk'}
    [mlflow] logged run 'seanet_slim_topk_Yoga'  (train_acc=1.0000 val_acc=0.9492 test_acc=0.8870 test_loss=0.2712)
[ 86/129] Yoga                         DONE  acc=0.8870 loss=0.2712 AOPCR=  1.107 NDCG=  n/a C=  2 T=  426 (43s)  [85 trained / 0 failed so far]
[ 87/129] ACSF1
    stage 1/3: loading data ...
    stage 2/3: training on 80 series (val=20, C=10, T=1460, batch=8) ...
    stage 3/3: scoring on 100 test series (accuracy + AOPCR) ...
    [mlflow] versioned model 'seanet_slim_topk__sea_mstcn_sep__sea_topk_conjunctive' (id=m-265f38efde454c5cae8845ccc44acfdc) params={'model_size_mb': '1.4843', 'n_model_params': '57580', 'name': 'seanet_slim_topk'}
    [mlflow] logged run 'seanet_slim_topk_ACSF1'  (train_acc=0.9000 val_acc=0.7500 test_acc=0.8100 test_loss=0.7076)
[ 87/129] ACSF1                        DONE  acc=0.8100 loss=0.7076 AOPCR= -0.216 NDCG=  n/a C= 10 T= 1460 (24s)  [86 trained / 0 failed so far]
[ 88/129] AllGestureWiimoteX
    stage 1/3: loading data ...
    stage 2/3: training on 240 series (val=60, C=10, T=500, batch=16) ...
    stage 3/3: scoring on 700 test series (accuracy + AOPCR) ...
    [mlflow] versioned model 'seanet_slim_topk__sea_mstcn_sep__sea_topk_conjunctive' (id=m-76f88a1ee9a240e496097e89090b79ca) params={'model_size_mb': '1.4843', 'n_model_params': '57580', 'name': 'seanet_slim_topk'}
    [mlflow] logged run 'seanet_slim_topk_AllGestureWiimoteX'  (train_acc=1.0000 val_acc=0.8667 test_acc=0.7586 test_loss=0.7840)
[ 88/129] AllGestureWiimoteX           DONE  acc=0.7586 loss=0.7840 AOPCR=  2.703 NDCG=  n/a C= 10 T=  500 (25s)  [87 trained / 0 failed so far]
[ 89/129] AllGestureWiimoteY
    stage 1/3: loading data ...
    stage 2/3: training on 240 series (val=60, C=10, T=500, batch=16) ...
    stage 3/3: scoring on 700 test series (accuracy + AOPCR) ...
    [mlflow] versioned model 'seanet_slim_topk__sea_mstcn_sep__sea_topk_conjunctive' (id=m-b301057239bd4fb8a8a39c9f62b99ea5) params={'model_size_mb': '1.4843', 'n_model_params': '57580', 'name': 'seanet_slim_topk'}
    [mlflow] logged run 'seanet_slim_topk_AllGestureWiimoteY'  (train_acc=1.0000 val_acc=0.7167 test_acc=0.7757 test_loss=0.7652)
[ 89/129] AllGestureWiimoteY           DONE  acc=0.7757 loss=0.7652 AOPCR=  2.827 NDCG=  n/a C= 10 T=  500 (26s)  [88 trained / 0 failed so far]
[ 90/129] AllGestureWiimoteZ
    stage 1/3: loading data ...
    stage 2/3: training on 240 series (val=60, C=10, T=500, batch=16) ...
    stage 3/3: scoring on 700 test series (accuracy + AOPCR) ...
    [mlflow] versioned model 'seanet_slim_topk__sea_mstcn_sep__sea_topk_conjunctive' (id=m-f9857e8038a241fb8c09e37c697a33ae) params={'model_size_mb': '1.4843', 'n_model_params': '57580', 'name': 'seanet_slim_topk'}
    [mlflow] logged run 'seanet_slim_topk_AllGestureWiimoteZ'  (train_acc=1.0000 val_acc=0.7500 test_acc=0.7371 test_loss=0.9351)
[ 90/129] AllGestureWiimoteZ           DONE  acc=0.7371 loss=0.9351 AOPCR=  2.268 NDCG=  n/a C= 10 T=  500 (47s)  [89 trained / 0 failed so far]
[ 91/129] BME
    stage 1/3: loading data ...
    stage 2/3: training on 30 series (no val (train-loss early stop), C=3, T=128, batch=3) ...
    stage 3/3: scoring on 150 test series (accuracy + AOPCR) ...
    [mlflow] versioned model 'seanet_slim_topk__sea_mstcn_sep__sea_topk_conjunctive' (id=m-a8f77cfad1964a59b01292c4d267a5b1) params={'model_size_mb': '1.4824', 'n_model_params': '57062', 'name': 'seanet_slim_topk'}
    [mlflow] logged run 'seanet_slim_topk_BME'  (train_acc=1.0000 test_acc=1.0000 test_loss=0.0983)
[ 91/129] BME                          DONE  acc=1.0000 loss=0.0983 AOPCR=  2.124 NDCG=  n/a C=  3 T=  128 (52s)  [90 trained / 0 failed so far]
[ 92/129] Chinatown
    stage 1/3: loading data ...
    stage 2/3: training on 20 series (no val (train-loss early stop), C=2, T=24, batch=2) ...
    stage 3/3: scoring on 343 test series (accuracy + AOPCR) ...
    [mlflow] versioned model 'seanet_slim_topk__sea_mstcn_sep__sea_topk_conjunctive' (id=m-a32c669e4b3f40258bcc2e3ae11d0862) params={'model_size_mb': '1.4821', 'n_model_params': '56988', 'name': 'seanet_slim_topk'}
    [mlflow] logged run 'seanet_slim_topk_Chinatown'  (train_acc=1.0000 test_acc=0.9738 test_loss=0.1349)
[ 92/129] Chinatown                    DONE  acc=0.9738 loss=0.1349 AOPCR=  0.278 NDCG=  n/a C=  2 T=   24 (26s)  [91 trained / 0 failed so far]
[ 93/129] Crop
    stage 1/3: loading data ...
    stage 2/3: training on 5760 series (val=1440, C=24, T=46, batch=16) ...
    stage 3/3: scoring on 16800 test series (accuracy + AOPCR) ...
    [mlflow] versioned model 'seanet_slim_topk__sea_mstcn_sep__sea_topk_conjunctive' (id=m-9728fa10d91e48898553aefcce3fe251) params={'model_size_mb': '1.4883', 'n_model_params': '58616', 'name': 'seanet_slim_topk'}
    [mlflow] logged run 'seanet_slim_topk_Crop'  (train_acc=0.8345 val_acc=0.7160 test_acc=0.7183 test_loss=0.8834)
[ 93/129] Crop                         DONE  acc=0.7183 loss=0.8834 AOPCR=  1.033 NDCG=  n/a C= 24 T=   46 (471s)  [92 trained / 0 failed so far]
[ 94/129] DodgerLoopDay
    stage 1/3: loading data ...
    stage 2/3: training on 78 series (no val (train-loss early stop), C=7, T=288, batch=7) ...
    stage 3/3: scoring on 80 test series (accuracy + AOPCR) ...
    [mlflow] versioned model 'seanet_slim_topk__sea_mstcn_sep__sea_topk_conjunctive' (id=m-af812c6860c0430aaf8b3f283c5588e4) params={'model_size_mb': '1.4835', 'n_model_params': '57358', 'name': 'seanet_slim_topk'}
    [mlflow] logged run 'seanet_slim_topk_DodgerLoopDay'  (train_acc=1.0000 test_acc=0.5375 test_loss=1.4146)
[ 94/129] DodgerLoopDay                DONE  acc=0.5375 loss=1.4146 AOPCR=  0.803 NDCG=  n/a C=  7 T=  288 (44s)  [93 trained / 0 failed so far]
[ 95/129] DodgerLoopGame
    stage 1/3: loading data ...
    stage 2/3: training on 20 series (no val (train-loss early stop), C=2, T=288, batch=2) ...
    stage 3/3: scoring on 138 test series (accuracy + AOPCR) ...
    [mlflow] versioned model 'seanet_slim_topk__sea_mstcn_sep__sea_topk_conjunctive' (id=m-257b0588536143b3961ed2b6ab3099a5) params={'model_size_mb': '1.4821', 'n_model_params': '56988', 'name': 'seanet_slim_topk'}
    [mlflow] logged run 'seanet_slim_topk_DodgerLoopGame'  (train_acc=1.0000 test_acc=0.9420 test_loss=0.1839)
[ 95/129] DodgerLoopGame               DONE  acc=0.9420 loss=0.1839 AOPCR=  1.690 NDCG=  n/a C=  2 T=  288 (36s)  [94 trained / 0 failed so far]
[ 96/129] DodgerLoopWeekend
    stage 1/3: loading data ...
    stage 2/3: training on 20 series (no val (train-loss early stop), C=2, T=288, batch=2) ...
    stage 3/3: scoring on 138 test series (accuracy + AOPCR) ...
    [mlflow] versioned model 'seanet_slim_topk__sea_mstcn_sep__sea_topk_conjunctive' (id=m-bbff6999aea94d0f9deeb448089f2361) params={'model_size_mb': '1.4821', 'n_model_params': '56988', 'name': 'seanet_slim_topk'}
    [mlflow] logged run 'seanet_slim_topk_DodgerLoopWeekend'  (train_acc=1.0000 test_acc=0.9855 test_loss=0.1377)
[ 96/129] DodgerLoopWeekend            DONE  acc=0.9855 loss=0.1377 AOPCR=  2.497 NDCG=  n/a C=  2 T=  288 (19s)  [95 trained / 0 failed so far]
[ 97/129] EOGHorizontalSignal
    stage 1/3: loading data ...
    stage 2/3: training on 290 series (val=72, C=12, T=1250, batch=16) ...
    stage 3/3: scoring on 362 test series (accuracy + AOPCR) ...
    [mlflow] versioned model 'seanet_slim_topk__sea_mstcn_sep__sea_topk_conjunctive' (id=m-159b361e2c2f41058cc16b088997c4ac) params={'model_size_mb': '1.4849', 'n_model_params': '57728', 'name': 'seanet_slim_topk'}
    [mlflow] logged run 'seanet_slim_topk_EOGHorizontalSignal'  (train_acc=1.0000 val_acc=0.9028 test_acc=0.5221 test_loss=1.6589)
[ 97/129] EOGHorizontalSignal          DONE  acc=0.5221 loss=1.6589 AOPCR=  3.757 NDCG=  n/a C= 12 T= 1250 (57s)  [96 trained / 0 failed so far]
[ 98/129] EOGVerticalSignal
    stage 1/3: loading data ...
    stage 2/3: training on 290 series (val=72, C=12, T=1250, batch=16) ...
    stage 3/3: scoring on 362 test series (accuracy + AOPCR) ...
    [mlflow] versioned model 'seanet_slim_topk__sea_mstcn_sep__sea_topk_conjunctive' (id=m-0ecd65f6cfff41eea6e0e277628ab741) params={'model_size_mb': '1.4849', 'n_model_params': '57728', 'name': 'seanet_slim_topk'}
    [mlflow] logged run 'seanet_slim_topk_EOGVerticalSignal'  (train_acc=0.9966 val_acc=0.8056 test_acc=0.5138 test_loss=1.6556)
[ 98/129] EOGVerticalSignal            DONE  acc=0.5138 loss=1.6556 AOPCR=  3.092 NDCG=  n/a C= 12 T= 1250 (37s)  [97 trained / 0 failed so far]
[ 99/129] EthanolLevel
    stage 1/3: loading data ...
    stage 2/3: training on 404 series (val=100, C=4, T=1751, batch=16) ...
    stage 3/3: scoring on 500 test series (accuracy + AOPCR) ...
    [mlflow] versioned model 'seanet_slim_topk__sea_mstcn_sep__sea_topk_conjunctive' (id=m-bb3644ef395746598c6b6526389aaafe) params={'model_size_mb': '1.4827', 'n_model_params': '57136', 'name': 'seanet_slim_topk'}
    [mlflow] logged run 'seanet_slim_topk_EthanolLevel'  (train_acc=0.9332 val_acc=0.8900 test_acc=0.7260 test_loss=0.6016)
[ 99/129] EthanolLevel                 DONE  acc=0.7260 loss=0.6016 AOPCR= -0.886 NDCG=  n/a C=  4 T= 1751 (89s)  [98 trained / 0 failed so far]
[100/129] FreezerRegularTrain
    stage 1/3: loading data ...
    stage 2/3: training on 120 series (val=30, C=2, T=301, batch=12) ...
    stage 3/3: scoring on 2850 test series (accuracy + AOPCR) ...
    [mlflow] versioned model 'seanet_slim_topk__sea_mstcn_sep__sea_topk_conjunctive' (id=m-7ed2c901c1374b9aa72a6b15d920f0ee) params={'model_size_mb': '1.4821', 'n_model_params': '56988', 'name': 'seanet_slim_topk'}
    [mlflow] logged run 'seanet_slim_topk_FreezerRegularTrain'  (train_acc=1.0000 val_acc=1.0000 test_acc=0.9860 test_loss=0.0974)
[100/129] FreezerRegularTrain          DONE  acc=0.9860 loss=0.0974 AOPCR=  4.143 NDCG=  n/a C=  2 T=  301 (24s)  [99 trained / 0 failed so far]
[101/129] FreezerSmallTrain
    stage 1/3: loading data ...
    stage 2/3: training on 28 series (no val (train-loss early stop), C=2, T=301, batch=2) ...
    stage 3/3: scoring on 2850 test series (accuracy + AOPCR) ...
    [mlflow] versioned model 'seanet_slim_topk__sea_mstcn_sep__sea_topk_conjunctive' (id=m-b7d42ac7d0f243399a4e1643652daf96) params={'model_size_mb': '1.4821', 'n_model_params': '56988', 'name': 'seanet_slim_topk'}
    [mlflow] logged run 'seanet_slim_topk_FreezerSmallTrain'  (train_acc=1.0000 test_acc=0.6796 test_loss=0.8799)
[101/129] FreezerSmallTrain            DONE  acc=0.6796 loss=0.8799 AOPCR=  2.392 NDCG=  n/a C=  2 T=  301 (35s)  [100 trained / 0 failed so far]
[102/129] Fungi
    stage 1/3: loading data ...
    stage 2/3: training on 18 series (no val (train-loss early stop), C=18, T=201, batch=2) ...
    stage 3/3: scoring on 186 test series (accuracy + AOPCR) ...
    [mlflow] versioned model 'seanet_slim_topk__sea_mstcn_sep__sea_topk_conjunctive' (id=m-151d4a0e1c1f40b898cc8ab238f61f13) params={'model_size_mb': '1.4867', 'n_model_params': '58172', 'name': 'seanet_slim_topk'}
    [mlflow] logged run 'seanet_slim_topk_Fungi'  (train_acc=1.0000 test_acc=1.0000 test_loss=0.1117)
[102/129] Fungi                        DONE  acc=1.0000 loss=0.1117 AOPCR=  1.449 NDCG=  n/a C= 18 T=  201 (39s)  [101 trained / 0 failed so far]
[103/129] GestureMidAirD1
    stage 1/3: loading data ...
    stage 2/3: training on 182 series (val=26, C=26, T=360, batch=16) ...
    stage 3/3: scoring on 130 test series (accuracy + AOPCR) ...
    [mlflow] versioned model 'seanet_slim_topk__sea_mstcn_sep__sea_topk_conjunctive' (id=m-fb7222f5e23e4e08aff92bb7383480b4) params={'model_size_mb': '1.4889', 'n_model_params': '58764', 'name': 'seanet_slim_topk'}
    [mlflow] logged run 'seanet_slim_topk_GestureMidAirD1'  (train_acc=0.9725 val_acc=0.6923 test_acc=0.7231 test_loss=1.0688)
[103/129] GestureMidAirD1              DONE  acc=0.7231 loss=1.0688 AOPCR=  2.702 NDCG=  n/a C= 26 T=  360 (16s)  [102 trained / 0 failed so far]
[104/129] GestureMidAirD2
    stage 1/3: loading data ...
    stage 2/3: training on 182 series (val=26, C=26, T=360, batch=16) ...
    stage 3/3: scoring on 130 test series (accuracy + AOPCR) ...
    [mlflow] versioned model 'seanet_slim_topk__sea_mstcn_sep__sea_topk_conjunctive' (id=m-5e3a849168fd4224bbfd4ad942d1c34d) params={'model_size_mb': '1.4889', 'n_model_params': '58764', 'name': 'seanet_slim_topk'}
    [mlflow] logged run 'seanet_slim_topk_GestureMidAirD2'  (train_acc=0.7747 val_acc=0.5000 test_acc=0.6077 test_loss=1.1878)
[104/129] GestureMidAirD2              DONE  acc=0.6077 loss=1.1878 AOPCR=  2.129 NDCG=  n/a C= 26 T=  360 (15s)  [103 trained / 0 failed so far]
[105/129] GestureMidAirD3
    stage 1/3: loading data ...
    stage 2/3: training on 182 series (val=26, C=26, T=360, batch=16) ...
    stage 3/3: scoring on 130 test series (accuracy + AOPCR) ...
    [mlflow] versioned model 'seanet_slim_topk__sea_mstcn_sep__sea_topk_conjunctive' (id=m-a3f48a6603494b1080ac15ae2276556b) params={'model_size_mb': '1.4889', 'n_model_params': '58764', 'name': 'seanet_slim_topk'}
    [mlflow] logged run 'seanet_slim_topk_GestureMidAirD3'  (train_acc=0.7308 val_acc=0.3462 test_acc=0.2615 test_loss=2.4038)
[105/129] GestureMidAirD3              DONE  acc=0.2615 loss=2.4038 AOPCR=  2.112 NDCG=  n/a C= 26 T=  360 (14s)  [104 trained / 0 failed so far]
[106/129] GesturePebbleZ1
    stage 1/3: loading data ...
    stage 2/3: training on 107 series (val=25, C=6, T=455, batch=10) ...
    stage 3/3: scoring on 172 test series (accuracy + AOPCR) ...
    [mlflow] versioned model 'seanet_slim_topk__sea_mstcn_sep__sea_topk_conjunctive' (id=m-a613768348604811be00e96bd78db65d) params={'model_size_mb': '1.4832', 'n_model_params': '57284', 'name': 'seanet_slim_topk'}
    [mlflow] logged run 'seanet_slim_topk_GesturePebbleZ1'  (train_acc=1.0000 val_acc=1.0000 test_acc=0.9186 test_loss=0.2918)
[106/129] GesturePebbleZ1              DONE  acc=0.9186 loss=0.2918 AOPCR=  1.609 NDCG=  n/a C=  6 T=  455 (40s)  [105 trained / 0 failed so far]
[107/129] GesturePebbleZ2
    stage 1/3: loading data ...
    stage 2/3: training on 120 series (val=26, C=6, T=455, batch=12) ...
    stage 3/3: scoring on 158 test series (accuracy + AOPCR) ...
    [mlflow] versioned model 'seanet_slim_topk__sea_mstcn_sep__sea_topk_conjunctive' (id=m-7ee129935b384c61a482c86a7df8d49d) params={'model_size_mb': '1.4832', 'n_model_params': '57284', 'name': 'seanet_slim_topk'}
    [mlflow] logged run 'seanet_slim_topk_GesturePebbleZ2'  (train_acc=1.0000 val_acc=1.0000 test_acc=0.9114 test_loss=0.3435)
[107/129] GesturePebbleZ2              DONE  acc=0.9114 loss=0.3435 AOPCR=  1.601 NDCG=  n/a C=  6 T=  455 (33s)  [106 trained / 0 failed so far]
[108/129] GunPointAgeSpan
    stage 1/3: loading data ...
    stage 2/3: training on 109 series (val=26, C=2, T=150, batch=10) ...
    stage 3/3: scoring on 316 test series (accuracy + AOPCR) ...
    [mlflow] versioned model 'seanet_slim_topk__sea_mstcn_sep__sea_topk_conjunctive' (id=m-9c4d69333cb141e7bb99fbfc3c0e99ad) params={'model_size_mb': '1.4821', 'n_model_params': '56988', 'name': 'seanet_slim_topk'}
    [mlflow] logged run 'seanet_slim_topk_GunPointAgeSpan'  (train_acc=1.0000 val_acc=1.0000 test_acc=0.9842 test_loss=0.1001)
[108/129] GunPointAgeSpan              DONE  acc=0.9842 loss=0.1001 AOPCR= -0.562 NDCG=  n/a C=  2 T=  150 (23s)  [107 trained / 0 failed so far]
[109/129] GunPointMaleVersusFemale
    stage 1/3: loading data ...
    stage 2/3: training on 109 series (val=26, C=2, T=150, batch=10) ...
    stage 3/3: scoring on 316 test series (accuracy + AOPCR) ...
    [mlflow] versioned model 'seanet_slim_topk__sea_mstcn_sep__sea_topk_conjunctive' (id=m-b2a017d13d8d4484bbad6314a6526446) params={'model_size_mb': '1.4821', 'n_model_params': '56988', 'name': 'seanet_slim_topk'}
    [mlflow] logged run 'seanet_slim_topk_GunPointMaleVersusFemale'  (train_acc=1.0000 val_acc=1.0000 test_acc=0.9842 test_loss=0.0988)
[109/129] GunPointMaleVersusFemale     DONE  acc=0.9842 loss=0.0988 AOPCR=  3.774 NDCG=  n/a C=  2 T=  150 (39s)  [108 trained / 0 failed so far]
[110/129] GunPointOldVersusYoung
    stage 1/3: loading data ...
    stage 2/3: training on 109 series (val=27, C=2, T=150, batch=10) ...
    stage 3/3: scoring on 315 test series (accuracy + AOPCR) ...
    [mlflow] versioned model 'seanet_slim_topk__sea_mstcn_sep__sea_topk_conjunctive' (id=m-a78e114a27374d8296a1d83374fb6e15) params={'model_size_mb': '1.4821', 'n_model_params': '56988', 'name': 'seanet_slim_topk'}
    [mlflow] logged run 'seanet_slim_topk_GunPointOldVersusYoung'  (train_acc=1.0000 val_acc=1.0000 test_acc=0.9778 test_loss=0.1168)
[110/129] GunPointOldVersusYoung       DONE  acc=0.9778 loss=0.1168 AOPCR=  1.521 NDCG=  n/a C=  2 T=  150 (48s)  [109 trained / 0 failed so far]
[111/129] HouseTwenty
    stage 1/3: loading data ...
    stage 2/3: training on 40 series (no val (train-loss early stop), C=2, T=2000, batch=4) ...
    stage 3/3: scoring on 119 test series (accuracy + AOPCR) ...
    [mlflow] versioned model 'seanet_slim_topk__sea_mstcn_sep__sea_topk_conjunctive' (id=m-d53b0be033214c6f87d203d4f7faa9cf) params={'model_size_mb': '1.4821', 'n_model_params': '56988', 'name': 'seanet_slim_topk'}
    [mlflow] logged run 'seanet_slim_topk_HouseTwenty'  (train_acc=1.0000 test_acc=0.9748 test_loss=0.1269)
[111/129] HouseTwenty                  DONE  acc=0.9748 loss=0.1269 AOPCR=  3.609 NDCG=  n/a C=  2 T= 2000 (15s)  [110 trained / 0 failed so far]
[112/129] InsectEPGRegularTrain
    stage 1/3: loading data ...
    stage 2/3: training on 62 series (no val (train-loss early stop), C=3, T=601, batch=6) ...
    stage 3/3: scoring on 249 test series (accuracy + AOPCR) ...
    [mlflow] versioned model 'seanet_slim_topk__sea_mstcn_sep__sea_topk_conjunctive' (id=m-872170f03b96493189676ccb9a93e33a) params={'model_size_mb': '1.4824', 'n_model_params': '57062', 'name': 'seanet_slim_topk'}
    [mlflow] logged run 'seanet_slim_topk_InsectEPGRegularTrain'  (train_acc=1.0000 test_acc=0.9639 test_loss=0.1719)
[112/129] InsectEPGRegularTrain        DONE  acc=0.9639 loss=0.1719 AOPCR=  2.035 NDCG=  n/a C=  3 T=  601 (54s)  [111 trained / 0 failed so far]
[113/129] InsectEPGSmallTrain
    stage 1/3: loading data ...
    stage 2/3: training on 17 series (no val (train-loss early stop), C=3, T=601, batch=2) ...
    stage 3/3: scoring on 249 test series (accuracy + AOPCR) ...
    [mlflow] versioned model 'seanet_slim_topk__sea_mstcn_sep__sea_topk_conjunctive' (id=m-ee47503219724b349e1363f384eec15c) params={'model_size_mb': '1.4824', 'n_model_params': '57062', 'name': 'seanet_slim_topk'}
    [mlflow] logged run 'seanet_slim_topk_InsectEPGSmallTrain'  (train_acc=1.0000 test_acc=0.9518 test_loss=0.1998)
[113/129] InsectEPGSmallTrain          DONE  acc=0.9518 loss=0.1998 AOPCR=  2.343 NDCG=  n/a C=  3 T=  601 (34s)  [112 trained / 0 failed so far]
[114/129] MelbournePedestrian
    stage 1/3: loading data ...
    stage 2/3: training on 956 series (val=238, C=10, T=24, batch=16) ...
    stage 3/3: scoring on 2439 test series (accuracy + AOPCR) ...
    [mlflow] versioned model 'seanet_slim_topk__sea_mstcn_sep__sea_topk_conjunctive' (id=m-ff33fe742665418d881fbe718f5513c6) params={'model_size_mb': '1.4843', 'n_model_params': '57580', 'name': 'seanet_slim_topk'}
    [mlflow] logged run 'seanet_slim_topk_MelbournePedestrian'  (train_acc=0.9990 val_acc=0.9034 test_acc=0.8930 test_loss=0.3816)
[114/129] MelbournePedestrian          DONE  acc=0.8930 loss=0.3816 AOPCR=  0.531 NDCG=  n/a C= 10 T=   24 (172s)  [113 trained / 0 failed so far]
[115/129] MixedShapesRegularTrain
    stage 1/3: loading data ...
    stage 2/3: training on 400 series (val=100, C=5, T=1024, batch=16) ...
    stage 3/3: scoring on 2425 test series (accuracy + AOPCR) ...
    [mlflow] versioned model 'seanet_slim_topk__sea_mstcn_sep__sea_topk_conjunctive' (id=m-74172ce26f164898a3c6dd2b03783bbd) params={'model_size_mb': '1.4829', 'n_model_params': '57210', 'name': 'seanet_slim_topk'}
    [mlflow] logged run 'seanet_slim_topk_MixedShapesRegularTrain'  (train_acc=1.0000 val_acc=0.9400 test_acc=0.9476 test_loss=0.2304)
[115/129] MixedShapesRegularTrain      DONE  acc=0.9476 loss=0.2304 AOPCR=  1.027 NDCG=  n/a C=  5 T= 1024 (82s)  [114 trained / 0 failed so far]
[116/129] MixedShapesSmallTrain
    stage 1/3: loading data ...
    stage 2/3: training on 80 series (val=20, C=5, T=1024, batch=8) ...
    stage 3/3: scoring on 2425 test series (accuracy + AOPCR) ...
    [mlflow] versioned model 'seanet_slim_topk__sea_mstcn_sep__sea_topk_conjunctive' (id=m-1fee244e7a274f0abf3406f7dafb849e) params={'model_size_mb': '1.4829', 'n_model_params': '57210', 'name': 'seanet_slim_topk'}
    [mlflow] logged run 'seanet_slim_topk_MixedShapesSmallTrain'  (train_acc=1.0000 val_acc=1.0000 test_acc=0.8713 test_loss=0.4188)
[116/129] MixedShapesSmallTrain        DONE  acc=0.8713 loss=0.4188 AOPCR=  1.840 NDCG=  n/a C=  5 T= 1024 (28s)  [115 trained / 0 failed so far]
[117/129] PLAID
    stage 1/3: loading data ...
    stage 2/3: training on 436 series (val=101, C=11, T=1344, batch=16) ...
    stage 3/3: scoring on 537 test series (accuracy + AOPCR) ...
    [mlflow] versioned model 'seanet_slim_topk__sea_mstcn_sep__sea_topk_conjunctive' (id=m-8cb1b9ae308c4c7f9306d9afbb9983bb) params={'model_size_mb': '1.4846', 'n_model_params': '57654', 'name': 'seanet_slim_topk'}
    [mlflow] logged run 'seanet_slim_topk_PLAID'  (train_acc=0.9794 val_acc=0.9109 test_acc=0.9050 test_loss=0.3730)
[117/129] PLAID                        DONE  acc=0.9050 loss=0.3730 AOPCR=  2.097 NDCG=  n/a C= 11 T= 1344 (99s)  [116 trained / 0 failed so far]
[118/129] PickupGestureWiimoteZ
    stage 1/3: loading data ...
    stage 2/3: training on 50 series (no val (train-loss early stop), C=10, T=361, batch=5) ...
    stage 3/3: scoring on 50 test series (accuracy + AOPCR) ...
    [mlflow] versioned model 'seanet_slim_topk__sea_mstcn_sep__sea_topk_conjunctive' (id=m-b36102435f06431c98618db5ccc79cf4) params={'model_size_mb': '1.4843', 'n_model_params': '57580', 'name': 'seanet_slim_topk'}
    [mlflow] logged run 'seanet_slim_topk_PickupGestureWiimoteZ'  (train_acc=1.0000 test_acc=0.7600 test_loss=0.8408)
[118/129] PickupGestureWiimoteZ        DONE  acc=0.7600 loss=0.8408 AOPCR=  1.136 NDCG=  n/a C= 10 T=  361 (41s)  [117 trained / 0 failed so far]
[119/129] PigAirwayPressure
    stage 1/3: loading data ...
    stage 2/3: training on 52 series (val=52, C=52, T=2000, batch=5) ...
    stage 3/3: scoring on 208 test series (accuracy + AOPCR) ...
    [mlflow] versioned model 'seanet_slim_topk__sea_mstcn_sep__sea_topk_conjunctive' (id=m-ed4d6486dcec4dada6ff53ef39a4faca) params={'model_size_mb': '1.4962', 'n_model_params': '60688', 'name': 'seanet_slim_topk'}
    [mlflow] logged run 'seanet_slim_topk_PigAirwayPressure'  (train_acc=0.0962 val_acc=0.0769 test_acc=0.0721 test_loss=3.8833)
[119/129] PigAirwayPressure            DONE  acc=0.0721 loss=3.8833 AOPCR=  0.834 NDCG=  n/a C= 52 T= 2000 (11s)  [118 trained / 0 failed so far]
[120/129] PigArtPressure
    stage 1/3: loading data ...
    stage 2/3: training on 52 series (val=52, C=52, T=2000, batch=5) ...
    stage 3/3: scoring on 208 test series (accuracy + AOPCR) ...
    [mlflow] versioned model 'seanet_slim_topk__sea_mstcn_sep__sea_topk_conjunctive' (id=m-d87801e5239d41139147ae54dd011a3a) params={'model_size_mb': '1.4962', 'n_model_params': '60688', 'name': 'seanet_slim_topk'}
    [mlflow] logged run 'seanet_slim_topk_PigArtPressure'  (train_acc=1.0000 val_acc=0.7500 test_acc=0.8606 test_loss=0.6620)
[120/129] PigArtPressure               DONE  acc=0.8606 loss=0.6620 AOPCR=  1.314 NDCG=  n/a C= 52 T= 2000 (30s)  [119 trained / 0 failed so far]
[121/129] PigCVP
    stage 1/3: loading data ...
    stage 2/3: training on 52 series (val=52, C=52, T=2000, batch=5) ...
    stage 3/3: scoring on 208 test series (accuracy + AOPCR) ...
    [mlflow] versioned model 'seanet_slim_topk__sea_mstcn_sep__sea_topk_conjunctive' (id=m-0283f87673314d5194ec320bd9894e1c) params={'model_size_mb': '1.4962', 'n_model_params': '60688', 'name': 'seanet_slim_topk'}
    [mlflow] logged run 'seanet_slim_topk_PigCVP'  (train_acc=1.0000 val_acc=0.7692 test_acc=0.7404 test_loss=1.2695)
[121/129] PigCVP                       DONE  acc=0.7404 loss=1.2695 AOPCR=  2.024 NDCG=  n/a C= 52 T= 2000 (49s)  [120 trained / 0 failed so far]
[122/129] PowerCons
    stage 1/3: loading data ...
    stage 2/3: training on 144 series (val=36, C=2, T=144, batch=14) ...
    stage 3/3: scoring on 180 test series (accuracy + AOPCR) ...
    [mlflow] versioned model 'seanet_slim_topk__sea_mstcn_sep__sea_topk_conjunctive' (id=m-3157a461953942c0a4b9b48b55dc94b4) params={'model_size_mb': '1.4821', 'n_model_params': '56988', 'name': 'seanet_slim_topk'}
    [mlflow] logged run 'seanet_slim_topk_PowerCons'  (train_acc=1.0000 val_acc=0.9722 test_acc=0.9444 test_loss=0.1657)
[122/129] PowerCons                    DONE  acc=0.9444 loss=0.1657 AOPCR=  1.772 NDCG=  n/a C=  2 T=  144 (17s)  [121 trained / 0 failed so far]
[123/129] Rock
    stage 1/3: loading data ...
    stage 2/3: training on 20 series (no val (train-loss early stop), C=4, T=2844, batch=2) ...
    stage 3/3: scoring on 50 test series (accuracy + AOPCR) ...
    [mlflow] versioned model 'seanet_slim_topk__sea_mstcn_sep__sea_topk_conjunctive' (id=m-dc80a5d20efe41b785773bc61eb5ccb2) params={'model_size_mb': '1.4827', 'n_model_params': '57136', 'name': 'seanet_slim_topk'}
    [mlflow] logged run 'seanet_slim_topk_Rock'  (train_acc=1.0000 test_acc=0.5600 test_loss=0.9416)
[123/129] Rock                         DONE  acc=0.5600 loss=0.9416 AOPCR=  2.789 NDCG=  n/a C=  4 T= 2844 (36s)  [122 trained / 0 failed so far]
[124/129] SemgHandGenderCh2
    stage 1/3: loading data ...
    stage 2/3: training on 240 series (val=60, C=2, T=1500, batch=16) ...
    stage 3/3: scoring on 600 test series (accuracy + AOPCR) ...
    [mlflow] versioned model 'seanet_slim_topk__sea_mstcn_sep__sea_topk_conjunctive' (id=m-dae939ee5e0f431cbbf12d3d7510a302) params={'model_size_mb': '1.4821', 'n_model_params': '56988', 'name': 'seanet_slim_topk'}
    [mlflow] logged run 'seanet_slim_topk_SemgHandGenderCh2'  (train_acc=1.0000 val_acc=0.9333 test_acc=0.8950 test_loss=0.2444)
[124/129] SemgHandGenderCh2            DONE  acc=0.8950 loss=0.2444 AOPCR=  3.831 NDCG=  n/a C=  2 T= 1500 (42s)  [123 trained / 0 failed so far]
[125/129] SemgHandMovementCh2
    stage 1/3: loading data ...
    stage 2/3: training on 360 series (val=90, C=6, T=1500, batch=16) ...
    stage 3/3: scoring on 450 test series (accuracy + AOPCR) ...
    [mlflow] versioned model 'seanet_slim_topk__sea_mstcn_sep__sea_topk_conjunctive' (id=m-42e7ed326db749a99473d0cf5258d01e) params={'model_size_mb': '1.4832', 'n_model_params': '57284', 'name': 'seanet_slim_topk'}
    [mlflow] logged run 'seanet_slim_topk_SemgHandMovementCh2'  (train_acc=0.7361 val_acc=0.6111 test_acc=0.5489 test_loss=1.1878)
[125/129] SemgHandMovementCh2          DONE  acc=0.5489 loss=1.1878 AOPCR=  2.781 NDCG=  n/a C=  6 T= 1500 (29s)  [124 trained / 0 failed so far]
[126/129] SemgHandSubjectCh2
    stage 1/3: loading data ...
    stage 2/3: training on 360 series (val=90, C=5, T=1500, batch=16) ...
    stage 3/3: scoring on 450 test series (accuracy + AOPCR) ...
    [mlflow] versioned model 'seanet_slim_topk__sea_mstcn_sep__sea_topk_conjunctive' (id=m-d99c0684bb734ae89ac1b668d49ef114) params={'model_size_mb': '1.4829', 'n_model_params': '57210', 'name': 'seanet_slim_topk'}
    [mlflow] logged run 'seanet_slim_topk_SemgHandSubjectCh2'  (train_acc=1.0000 val_acc=0.9333 test_acc=0.8800 test_loss=0.4231)
[126/129] SemgHandSubjectCh2           DONE  acc=0.8800 loss=0.4231 AOPCR=  3.497 NDCG=  n/a C=  5 T= 1500 (72s)  [125 trained / 0 failed so far]
[127/129] ShakeGestureWiimoteZ
    stage 1/3: loading data ...
    stage 2/3: training on 50 series (no val (train-loss early stop), C=10, T=385, batch=5) ...
    stage 3/3: scoring on 50 test series (accuracy + AOPCR) ...
    [mlflow] versioned model 'seanet_slim_topk__sea_mstcn_sep__sea_topk_conjunctive' (id=m-c2bd1f6cf26449ca9e6828cbc6f086a9) params={'model_size_mb': '1.4843', 'n_model_params': '57580', 'name': 'seanet_slim_topk'}
    [mlflow] logged run 'seanet_slim_topk_ShakeGestureWiimoteZ'  (train_acc=1.0000 test_acc=0.9000 test_loss=0.3865)
[127/129] ShakeGestureWiimoteZ         DONE  acc=0.9000 loss=0.3865 AOPCR=  1.810 NDCG=  n/a C= 10 T=  385 (29s)  [126 trained / 0 failed so far]
[128/129] SmoothSubspace
    stage 1/3: loading data ...
    stage 2/3: training on 120 series (val=30, C=3, T=15, batch=12) ...
    stage 3/3: scoring on 150 test series (accuracy + AOPCR) ...
    [mlflow] versioned model 'seanet_slim_topk__sea_mstcn_sep__sea_topk_conjunctive' (id=m-05fe4505fa81405c89ed1144e86afbd7) params={'model_size_mb': '1.4824', 'n_model_params': '57062', 'name': 'seanet_slim_topk'}
    [mlflow] logged run 'seanet_slim_topk_SmoothSubspace'  (train_acc=1.0000 val_acc=1.0000 test_acc=0.9733 test_loss=0.1201)
[128/129] SmoothSubspace               DONE  acc=0.9733 loss=0.1201 AOPCR= -0.058 NDCG=  n/a C=  3 T=   15 (51s)  [127 trained / 0 failed so far]
[129/129] UMD
    stage 1/3: loading data ...
    stage 2/3: training on 36 series (no val (train-loss early stop), C=3, T=150, batch=3) ...
    stage 3/3: scoring on 144 test series (accuracy + AOPCR) ...
    [mlflow] versioned model 'seanet_slim_topk__sea_mstcn_sep__sea_topk_conjunctive' (id=m-fbf21c1801b94c80a61ca5543d253306) params={'model_size_mb': '1.4824', 'n_model_params': '57062', 'name': 'seanet_slim_topk'}
    [mlflow] logged run 'seanet_slim_topk_UMD'  (train_acc=1.0000 test_acc=0.9931 test_loss=0.1047)
[129/129] UMD                          DONE  acc=0.9931 loss=0.1047 AOPCR=  2.255 NDCG=  n/a C=  3 T=  150 (65s)  [128 trained / 0 failed so far]

Done: 128 trained, 1 skipped, 0 failed.
Results -> results/SEA_NET/seanet_slim_topk__sea_mstcn_sep__sea_topk_conjunctive/results.csv

=== seanet_slim_topk__sea_mstcn_sep__sea_topk_conjunctive vs MILLET ConjunctiveInceptionTime (mean of 5 reps) ===
  UCR datasets evaluated: 128  (with MILLET baseline: 85, without: 43)
  metric        ours    MILLET   win/tie/loss   (mean over the 85 datasets MILLET published)
  acc         0.8093    0.8445       20/11/54   
  loss        0.5525    1.2241        60/1/24   (lower is better)
  aopcr       1.0179    4.5532         5/0/80   
  wrote results/SEA_NET/seanet_slim_topk__sea_mstcn_sep__sea_topk_conjunctive/comparison_vs_millet.csv

Next: `python main.py report` to draw the figures for seanet_slim_topk__sea_mstcn_sep__sea_topk_conjunctive.

[log] finished; full output saved to results/SEA_NET/seanet_slim_topk__sea_mstcn_sep__sea_topk_conjunctive/logs/train_2026-07-29_20-18-25.log
