[log] command 'webtraffic' started at 2026-08-09_18-32-22 for model 'seanet_gated_mean_topk__sea_mstcn_sep_gated__sea_topk_conjunctive'
[log] a copy of everything below is being saved to: results/SEA_NET/seanet_gated_mean_topk__sea_mstcn_sep_gated__sea_topk_conjunctive/logs/webtraffic_2026-08-09_18-32-22.log

=== webtraffic: model=seanet_gated_mean_topk__sea_mstcn_sep_gated__sea_topk_conjunctive (config sv4/seanet_gated_mean_topk) device=cuda mode=full ===
[params] using DEFAULT recipe (no Optuna record yet - run 'python main.py optuna --model sv4/seanet_gated_mean_topk').
  [mlflow] logging runs to experiment 'SEA-Net_seanet_gated_mean_topk__sea_mstcn_sep_gated__sea_topk_conjunctive_2026-08-09' at sqlite:///mlflow.db
  [mlflow] browse later with:  mlflow ui --backend-store-uri sqlite:///mlflow.db
    stage 1/3: loading data ...
    stage 2/3: training on 400 series (val=100, C=10, T=1008, batch=16) ...
    stage 3/3: scoring on 500 test series (accuracy + AOPCR + NDCG) ...
    [mlflow] versioned model 'seanet_gated_mean_topk__sea_mstcn_sep_gated__sea_topk_conjunctive' (id=m-fafdf1556b7a4f3991b5bf7f39d12a67) params={'model_size_mb': '1.5025', 'n_model_params': '61740', 'name': 'seanet_gated_mean_topk'}
    [mlflow] logged run 'seanet_gated_mean_topk_WebTraffic'  (train_acc=1.0000 val_acc=0.9600 test_acc=0.9580 test_loss=0.2413)

=== seanet_gated_mean_topk__sea_mstcn_sep_gated__sea_topk_conjunctive on WebTraffic ===
  params          : 61740
  model_size_mb   : 1.5025
  n_train         : 400
  n_val           : 100
  n_test          : 500
  series_length   : 1008
  n_classes       : 10
  test_acc        : 0.958
  test_loss       : 0.2413
  test_aopcr      : 2.0739
  test_ndcg       : 0.7487
  train_time_s    : 103.27

=== vs MILLET ConjunctiveInceptionTime (mean of 5 reps) ===
  metric         ours     MILLET
  acc          0.9580     0.9240
  loss         0.2413     0.3788
  AOPCR        2.0739    12.7676
  NDCG@n       0.7487     0.6744

  saved -> results/SEA_NET/seanet_gated_mean_topk__sea_mstcn_sep_gated__sea_topk_conjunctive/results.csv

[log] finished; full output saved to results/SEA_NET/seanet_gated_mean_topk__sea_mstcn_sep_gated__sea_topk_conjunctive/logs/webtraffic_2026-08-09_18-32-22.log
