[log] command 'train' started at 2026-07-24_19-12-34 for model 'seanet_recon_topk__mstcn_sep_recon_topk_conjunctive'
[log] a copy of everything below is being saved to: results/SEA_NET/seanet_recon_topk__mstcn_sep_recon_topk_conjunctive/logs/train_2026-07-24_19-12-34.log

=== train: model=seanet_recon_topk__mstcn_sep_recon_topk_conjunctive (config sv4/seanet_recon_topk) device=cuda mode=full datasets=129 ===
[params] using DEFAULT recipe (no Optuna record yet - run 'python main.py optuna --model sv4/seanet_recon_topk').
  results  -> results/SEA_NET/seanet_recon_topk__mstcn_sep_recon_topk_conjunctive/results.csv
  resume   -> results/SEA_NET/seanet_recon_topk__mstcn_sep_recon_topk_conjunctive/done_train_dataset.txt  (delete it to retrain everything; delete one line to retrain that dataset)

  [mlflow] logging runs to experiment 'SEA-Net_seanet_recon_topk__mstcn_sep_recon_topk_conjunctive_2026-07-24' at sqlite:///mlflow.db
  [mlflow] browse later with:  mlflow ui --backend-store-uri sqlite:///mlflow.db
[  1/129] WebTraffic                   already done -> skip
[  2/129] Adiac
    stage 1/3: loading data ...
    stage 2/3: training on 328 series (val=62, C=37, T=176, batch=16) ...
    stage 3/3: scoring on 391 test series (accuracy + AOPCR) ...
    [mlflow] versioned model 'seanet_recon_topk__mstcn_sep_recon_topk_conjunctive' (id=m-f54af5ca690d467d951cb4557faa5c39) params={'model_size_mb': '1.5172', 'n_model_params': '64923', 'name': 'seanet_recon_topk'}
    [mlflow] logged run 'seanet_recon_topk_Adiac'  (train_acc=0.9787 val_acc=0.8387 test_acc=0.7852 test_loss=0.7946)
[  2/129] Adiac                        DONE  acc=0.7852 loss=0.7946 AOPCR= -2.632 NDCG=  n/a C= 37 T=  176 (43s)  [1 trained / 0 failed so far]
[  3/129] ArrowHead
    stage 1/3: loading data ...
    stage 2/3: training on 36 series (no val (train-loss early stop), C=3, T=251, batch=3) ...
    stage 3/3: scoring on 175 test series (accuracy + AOPCR) ...
    [mlflow] versioned model 'seanet_recon_topk__mstcn_sep_recon_topk_conjunctive' (id=m-f0af1e802f6740f0847661978ba6a10c) params={'model_size_mb': '1.5076', 'n_model_params': '62407', 'name': 'seanet_recon_topk'}
    [mlflow] logged run 'seanet_recon_topk_ArrowHead'  (train_acc=1.0000 test_acc=0.8743 test_loss=0.3772)
[  3/129] ArrowHead                    DONE  acc=0.8743 loss=0.3772 AOPCR=  0.527 NDCG=  n/a C=  3 T=  251 (48s)  [2 trained / 0 failed so far]
[  4/129] Beef
    stage 1/3: loading data ...
    stage 2/3: training on 30 series (no val (train-loss early stop), C=5, T=470, batch=3) ...
    stage 3/3: scoring on 30 test series (accuracy + AOPCR) ...
    [mlflow] versioned model 'seanet_recon_topk__mstcn_sep_recon_topk_conjunctive' (id=m-8e0636ff33b348b7a1775f7c86885886) params={'model_size_mb': '1.5082', 'n_model_params': '62555', 'name': 'seanet_recon_topk'}
    [mlflow] logged run 'seanet_recon_topk_Beef'  (train_acc=1.0000 test_acc=0.8333 test_loss=0.6244)
[  4/129] Beef                         DONE  acc=0.8333 loss=0.6244 AOPCR=  3.112 NDCG=  n/a C=  5 T=  470 (38s)  [3 trained / 0 failed so far]
[  5/129] BeetleFly
    stage 1/3: loading data ...
    stage 2/3: training on 20 series (no val (train-loss early stop), C=2, T=512, batch=2) ...
    stage 3/3: scoring on 20 test series (accuracy + AOPCR) ...
    [mlflow] versioned model 'seanet_recon_topk__mstcn_sep_recon_topk_conjunctive' (id=m-96b21b0c803e42f984cb3ff1c3ab908a) params={'model_size_mb': '1.5074', 'n_model_params': '62333', 'name': 'seanet_recon_topk'}
    [mlflow] logged run 'seanet_recon_topk_BeetleFly'  (train_acc=1.0000 test_acc=0.8000 test_loss=0.3176)
[  5/129] BeetleFly                    DONE  acc=0.8000 loss=0.3176 AOPCR=  0.939 NDCG=  n/a C=  2 T=  512 (27s)  [4 trained / 0 failed so far]
[  6/129] BirdChicken
    stage 1/3: loading data ...
    stage 2/3: training on 20 series (no val (train-loss early stop), C=2, T=512, batch=2) ...
    stage 3/3: scoring on 20 test series (accuracy + AOPCR) ...
    [mlflow] versioned model 'seanet_recon_topk__mstcn_sep_recon_topk_conjunctive' (id=m-684c5bbea5704724a43fb10a69307e4a) params={'model_size_mb': '1.5074', 'n_model_params': '62333', 'name': 'seanet_recon_topk'}
    [mlflow] logged run 'seanet_recon_topk_BirdChicken'  (train_acc=1.0000 test_acc=0.7000 test_loss=0.5715)
[  6/129] BirdChicken                  DONE  acc=0.7000 loss=0.5715 AOPCR=  1.146 NDCG=  n/a C=  2 T=  512 (23s)  [5 trained / 0 failed so far]
[  7/129] Car
    stage 1/3: loading data ...
    stage 2/3: training on 60 series (no val (train-loss early stop), C=4, T=577, batch=6) ...
    stage 3/3: scoring on 60 test series (accuracy + AOPCR) ...
    [mlflow] versioned model 'seanet_recon_topk__mstcn_sep_recon_topk_conjunctive' (id=m-ed3bc2a44d034ae7b4fc98acb930299c) params={'model_size_mb': '1.5079', 'n_model_params': '62481', 'name': 'seanet_recon_topk'}
    [mlflow] logged run 'seanet_recon_topk_Car'  (train_acc=1.0000 test_acc=0.9500 test_loss=0.2623)
[  7/129] Car                          DONE  acc=0.9500 loss=0.2623 AOPCR=  1.166 NDCG=  n/a C=  4 T=  577 (45s)  [6 trained / 0 failed so far]
[  8/129] CBF
    stage 1/3: loading data ...
    stage 2/3: training on 30 series (no val (train-loss early stop), C=3, T=128, batch=3) ...
    stage 3/3: scoring on 900 test series (accuracy + AOPCR) ...
    [mlflow] versioned model 'seanet_recon_topk__mstcn_sep_recon_topk_conjunctive' (id=m-54f2b6096b114d4aa28771d48b9927de) params={'model_size_mb': '1.5076', 'n_model_params': '62407', 'name': 'seanet_recon_topk'}
    [mlflow] logged run 'seanet_recon_topk_CBF'  (train_acc=1.0000 test_acc=0.9978 test_loss=0.1054)
[  8/129] CBF                          DONE  acc=0.9978 loss=0.1054 AOPCR=  0.846 NDCG=  n/a C=  3 T=  128 (15s)  [7 trained / 0 failed so far]
[  9/129] ChlorineConcentration
    stage 1/3: loading data ...
    stage 2/3: training on 375 series (val=92, C=3, T=166, batch=16) ...
    stage 3/3: scoring on 3840 test series (accuracy + AOPCR) ...
    [mlflow] versioned model 'seanet_recon_topk__mstcn_sep_recon_topk_conjunctive' (id=m-92250f1f528c431a82d4f6809b716d6d) params={'model_size_mb': '1.5076', 'n_model_params': '62407', 'name': 'seanet_recon_topk'}
    [mlflow] logged run 'seanet_recon_topk_ChlorineConcentration'  (train_acc=0.8453 val_acc=0.6413 test_acc=0.6328 test_loss=0.8063)
[  9/129] ChlorineConcentration        DONE  acc=0.6328 loss=0.8063 AOPCR=  1.860 NDCG=  n/a C=  3 T=  166 (59s)  [8 trained / 0 failed so far]
[ 10/129] CinCECGTorso
    stage 1/3: loading data ...
    stage 2/3: training on 40 series (no val (train-loss early stop), C=4, T=1639, batch=4) ...
    stage 3/3: scoring on 1380 test series (accuracy + AOPCR) ...
    [mlflow] versioned model 'seanet_recon_topk__mstcn_sep_recon_topk_conjunctive' (id=m-6bfacf4de352418ca8311ec3629c3ba4) params={'model_size_mb': '1.5079', 'n_model_params': '62481', 'name': 'seanet_recon_topk'}
    [mlflow] logged run 'seanet_recon_topk_CinCECGTorso'  (train_acc=1.0000 test_acc=0.7254 test_loss=0.6992)
[ 10/129] CinCECGTorso                 DONE  acc=0.7254 loss=0.6992 AOPCR=  1.683 NDCG=  n/a C=  4 T= 1639 (40s)  [9 trained / 0 failed so far]
[ 11/129] Coffee
    stage 1/3: loading data ...
    stage 2/3: training on 28 series (no val (train-loss early stop), C=2, T=286, batch=2) ...
    stage 3/3: scoring on 28 test series (accuracy + AOPCR) ...
    [mlflow] versioned model 'seanet_recon_topk__mstcn_sep_recon_topk_conjunctive' (id=m-0ccfb13f1ac6476b9ee230a8b485dceb) params={'model_size_mb': '1.5074', 'n_model_params': '62333', 'name': 'seanet_recon_topk'}
    [mlflow] logged run 'seanet_recon_topk_Coffee'  (train_acc=1.0000 test_acc=1.0000 test_loss=0.0692)
[ 11/129] Coffee                       DONE  acc=1.0000 loss=0.0692 AOPCR=  1.202 NDCG=  n/a C=  2 T=  286 (32s)  [10 trained / 0 failed so far]
[ 12/129] Computers
    stage 1/3: loading data ...
    stage 2/3: training on 200 series (val=50, C=2, T=720, batch=16) ...
    stage 3/3: scoring on 250 test series (accuracy + AOPCR) ...
    [mlflow] versioned model 'seanet_recon_topk__mstcn_sep_recon_topk_conjunctive' (id=m-955310e585934942b697f850533952d8) params={'model_size_mb': '1.5074', 'n_model_params': '62333', 'name': 'seanet_recon_topk'}
    [mlflow] logged run 'seanet_recon_topk_Computers'  (train_acc=1.0000 val_acc=0.8400 test_acc=0.7280 test_loss=0.6612)
[ 12/129] Computers                    DONE  acc=0.7280 loss=0.6612 AOPCR=  1.099 NDCG=  n/a C=  2 T=  720 (29s)  [11 trained / 0 failed so far]
[ 13/129] CricketX
    stage 1/3: loading data ...
    stage 2/3: training on 317 series (val=73, C=12, T=300, batch=16) ...
    stage 3/3: scoring on 390 test series (accuracy + AOPCR) ...
    [mlflow] versioned model 'seanet_recon_topk__mstcn_sep_recon_topk_conjunctive' (id=m-11a81e1ca7f047a6a915bd379b796857) params={'model_size_mb': '1.5101', 'n_model_params': '63073', 'name': 'seanet_recon_topk'}
    [mlflow] logged run 'seanet_recon_topk_CricketX'  (train_acc=1.0000 val_acc=0.8630 test_acc=0.8308 test_loss=0.6551)
[ 13/129] CricketX                     DONE  acc=0.8308 loss=0.6551 AOPCR=  1.098 NDCG=  n/a C= 12 T=  300 (59s)  [12 trained / 0 failed so far]
[ 14/129] CricketY
    stage 1/3: loading data ...
    stage 2/3: training on 317 series (val=73, C=12, T=300, batch=16) ...
    stage 3/3: scoring on 390 test series (accuracy + AOPCR) ...
    [mlflow] versioned model 'seanet_recon_topk__mstcn_sep_recon_topk_conjunctive' (id=m-e605458951a144c3a13a85ba1becc70d) params={'model_size_mb': '1.5101', 'n_model_params': '63073', 'name': 'seanet_recon_topk'}
    [mlflow] logged run 'seanet_recon_topk_CricketY'  (train_acc=1.0000 val_acc=0.9041 test_acc=0.8385 test_loss=0.6105)
[ 14/129] CricketY                     DONE  acc=0.8385 loss=0.6105 AOPCR=  0.735 NDCG=  n/a C= 12 T=  300 (44s)  [13 trained / 0 failed so far]
[ 15/129] CricketZ
    stage 1/3: loading data ...
    stage 2/3: training on 316 series (val=74, C=12, T=300, batch=16) ...
    stage 3/3: scoring on 390 test series (accuracy + AOPCR) ...
    [mlflow] versioned model 'seanet_recon_topk__mstcn_sep_recon_topk_conjunctive' (id=m-16a1194fb4e2443dbfe0841dec8e576b) params={'model_size_mb': '1.5101', 'n_model_params': '63073', 'name': 'seanet_recon_topk'}
    [mlflow] logged run 'seanet_recon_topk_CricketZ'  (train_acc=1.0000 val_acc=0.9054 test_acc=0.8205 test_loss=0.6969)
[ 15/129] CricketZ                     DONE  acc=0.8205 loss=0.6969 AOPCR=  1.051 NDCG=  n/a C= 12 T=  300 (46s)  [14 trained / 0 failed so far]
[ 16/129] DiatomSizeReduction
    stage 1/3: loading data ...
    stage 2/3: training on 16 series (no val (train-loss early stop), C=4, T=345, batch=2) ...
    stage 3/3: scoring on 306 test series (accuracy + AOPCR) ...
    [mlflow] versioned model 'seanet_recon_topk__mstcn_sep_recon_topk_conjunctive' (id=m-9c410873f84e44daba6c4d136368a39b) params={'model_size_mb': '1.5079', 'n_model_params': '62481', 'name': 'seanet_recon_topk'}
    [mlflow] logged run 'seanet_recon_topk_DiatomSizeReduction'  (train_acc=1.0000 test_acc=0.9510 test_loss=0.2443)
[ 16/129] DiatomSizeReduction          DONE  acc=0.9510 loss=0.2443 AOPCR=  0.745 NDCG=  n/a C=  4 T=  345 (25s)  [15 trained / 0 failed so far]
[ 17/129] DistalPhalanxOutlineAgeGroup
    stage 1/3: loading data ...
    stage 2/3: training on 321 series (val=79, C=3, T=80, batch=16) ...
    stage 3/3: scoring on 139 test series (accuracy + AOPCR) ...
    [mlflow] versioned model 'seanet_recon_topk__mstcn_sep_recon_topk_conjunctive' (id=m-2622b3253d794a17ad11c5efd8efc407) params={'model_size_mb': '1.5076', 'n_model_params': '62407', 'name': 'seanet_recon_topk'}
    [mlflow] logged run 'seanet_recon_topk_DistalPhalanxOutlineAgeGroup'  (train_acc=0.8629 val_acc=0.8354 test_acc=0.7482 test_loss=0.5858)
[ 17/129] DistalPhalanxOutlineAgeGroup DONE  acc=0.7482 loss=0.5858 AOPCR=  1.472 NDCG=  n/a C=  3 T=   80 (15s)  [16 trained / 0 failed so far]
[ 18/129] DistalPhalanxOutlineCorrect
    stage 1/3: loading data ...
    stage 2/3: training on 481 series (val=119, C=2, T=80, batch=16) ...
    stage 3/3: scoring on 276 test series (accuracy + AOPCR) ...
    [mlflow] versioned model 'seanet_recon_topk__mstcn_sep_recon_topk_conjunctive' (id=m-47cd6cd57aac4c1ba6a753e9f48dd9b2) params={'model_size_mb': '1.5074', 'n_model_params': '62333', 'name': 'seanet_recon_topk'}
    [mlflow] logged run 'seanet_recon_topk_DistalPhalanxOutlineCorrect'  (train_acc=0.8898 val_acc=0.8487 test_acc=0.7717 test_loss=0.4835)
[ 18/129] DistalPhalanxOutlineCorrect  DONE  acc=0.7717 loss=0.4835 AOPCR=  0.198 NDCG=  n/a C=  2 T=   80 (27s)  [17 trained / 0 failed so far]
[ 19/129] DistalPhalanxTW
    stage 1/3: loading data ...
    stage 2/3: training on 323 series (val=77, C=6, T=80, batch=16) ...
    stage 3/3: scoring on 139 test series (accuracy + AOPCR) ...
    [mlflow] versioned model 'seanet_recon_topk__mstcn_sep_recon_topk_conjunctive' (id=m-66b9a3d7a0f14f1c9397ef2e198f48e6) params={'model_size_mb': '1.5085', 'n_model_params': '62629', 'name': 'seanet_recon_topk'}
    [mlflow] logged run 'seanet_recon_topk_DistalPhalanxTW'  (train_acc=0.8483 val_acc=0.8701 test_acc=0.6906 test_loss=0.8126)
[ 19/129] DistalPhalanxTW              DONE  acc=0.6906 loss=0.8126 AOPCR=  0.139 NDCG=  n/a C=  6 T=   80 (26s)  [18 trained / 0 failed so far]
[ 20/129] Earthquakes
    stage 1/3: loading data ...
    stage 2/3: training on 259 series (val=63, C=2, T=512, batch=16) ...
    stage 3/3: scoring on 139 test series (accuracy + AOPCR) ...
    [mlflow] versioned model 'seanet_recon_topk__mstcn_sep_recon_topk_conjunctive' (id=m-41deec90495547ed81e7f943060cf394) params={'model_size_mb': '1.5074', 'n_model_params': '62333', 'name': 'seanet_recon_topk'}
    [mlflow] logged run 'seanet_recon_topk_Earthquakes'  (train_acc=0.8185 val_acc=0.8254 test_acc=0.7482 test_loss=0.5521)
[ 20/129] Earthquakes                  DONE  acc=0.7482 loss=0.5521 AOPCR=  0.151 NDCG=  n/a C=  2 T=  512 (10s)  [19 trained / 0 failed so far]
[ 21/129] ECG200
    stage 1/3: loading data ...
    stage 2/3: training on 81 series (val=19, C=2, T=96, batch=8) ...
    stage 3/3: scoring on 100 test series (accuracy + AOPCR) ...
    [mlflow] versioned model 'seanet_recon_topk__mstcn_sep_recon_topk_conjunctive' (id=m-2668ccb8f06743d3ad103b2f21c20967) params={'model_size_mb': '1.5074', 'n_model_params': '62333', 'name': 'seanet_recon_topk'}
    [mlflow] logged run 'seanet_recon_topk_ECG200'  (train_acc=1.0000 val_acc=1.0000 test_acc=0.8900 test_loss=0.2834)
[ 21/129] ECG200                       DONE  acc=0.8900 loss=0.2834 AOPCR=  0.092 NDCG=  n/a C=  2 T=   96 (21s)  [20 trained / 0 failed so far]
[ 22/129] ECG5000
    stage 1/3: loading data ...
    stage 2/3: training on 401 series (val=99, C=5, T=140, batch=16) ...
    stage 3/3: scoring on 4500 test series (accuracy + AOPCR) ...
    [mlflow] versioned model 'seanet_recon_topk__mstcn_sep_recon_topk_conjunctive' (id=m-490bcf2f259d496294fbe9835a53112b) params={'model_size_mb': '1.5082', 'n_model_params': '62555', 'name': 'seanet_recon_topk'}
    [mlflow] logged run 'seanet_recon_topk_ECG5000'  (train_acc=1.0000 val_acc=0.9697 test_acc=0.9384 test_loss=0.2738)
[ 22/129] ECG5000                      DONE  acc=0.9384 loss=0.2738 AOPCR=  1.621 NDCG=  n/a C=  5 T=  140 (70s)  [21 trained / 0 failed so far]
[ 23/129] ECGFiveDays
    stage 1/3: loading data ...
    stage 2/3: training on 23 series (no val (train-loss early stop), C=2, T=136, batch=2) ...
    stage 3/3: scoring on 861 test series (accuracy + AOPCR) ...
    [mlflow] versioned model 'seanet_recon_topk__mstcn_sep_recon_topk_conjunctive' (id=m-76318c9fbb8445e09a03630ff5403dae) params={'model_size_mb': '1.5074', 'n_model_params': '62333', 'name': 'seanet_recon_topk'}
    [mlflow] logged run 'seanet_recon_topk_ECGFiveDays'  (train_acc=1.0000 test_acc=1.0000 test_loss=0.0690)
[ 23/129] ECGFiveDays                  DONE  acc=1.0000 loss=0.0690 AOPCR=  0.013 NDCG=  n/a C=  2 T=  136 (28s)  [22 trained / 0 failed so far]
[ 24/129] ElectricDevices
    stage 1/3: loading data ...
    stage 2/3: training on 7144 series (val=1782, C=7, T=96, batch=16) ...
    stage 3/3: scoring on 7711 test series (accuracy + AOPCR) ...
    [mlflow] versioned model 'seanet_recon_topk__mstcn_sep_recon_topk_conjunctive' (id=m-8ac623a0230a4c07a8433e8713cb5f2b) params={'model_size_mb': '1.5087', 'n_model_params': '62703', 'name': 'seanet_recon_topk'}
    [mlflow] logged run 'seanet_recon_topk_ElectricDevices'  (train_acc=0.9478 val_acc=0.9068 test_acc=0.6696 test_loss=1.1254)
[ 24/129] ElectricDevices              DONE  acc=0.6696 loss=1.1254 AOPCR=  0.707 NDCG=  n/a C=  7 T=   96 (644s)  [23 trained / 0 failed so far]
[ 25/129] FaceAll
    stage 1/3: loading data ...
    stage 2/3: training on 448 series (val=112, C=14, T=131, batch=16) ...
    stage 3/3: scoring on 1690 test series (accuracy + AOPCR) ...
    [mlflow] versioned model 'seanet_recon_topk__mstcn_sep_recon_topk_conjunctive' (id=m-f067b78183194cc79893c9d7a561945d) params={'model_size_mb': '1.5107', 'n_model_params': '63221', 'name': 'seanet_recon_topk'}
    [mlflow] logged run 'seanet_recon_topk_FaceAll'  (train_acc=1.0000 val_acc=0.9911 test_acc=0.8391 test_loss=0.7106)
[ 25/129] FaceAll                      DONE  acc=0.8391 loss=0.7106 AOPCR=  0.520 NDCG=  n/a C= 14 T=  131 (74s)  [24 trained / 0 failed so far]
[ 26/129] FaceFour
    stage 1/3: loading data ...
    stage 2/3: training on 24 series (no val (train-loss early stop), C=4, T=350, batch=2) ...
    stage 3/3: scoring on 88 test series (accuracy + AOPCR) ...
    [mlflow] versioned model 'seanet_recon_topk__mstcn_sep_recon_topk_conjunctive' (id=m-7d5548e7ccf54f639ff2eed0f358b73f) params={'model_size_mb': '1.5079', 'n_model_params': '62481', 'name': 'seanet_recon_topk'}
    [mlflow] logged run 'seanet_recon_topk_FaceFour'  (train_acc=1.0000 test_acc=0.9545 test_loss=0.2068)
[ 26/129] FaceFour                     DONE  acc=0.9545 loss=0.2068 AOPCR=  0.860 NDCG=  n/a C=  4 T=  350 (30s)  [25 trained / 0 failed so far]
[ 27/129] FacesUCR
    stage 1/3: loading data ...
    stage 2/3: training on 165 series (val=35, C=14, T=131, batch=16) ...
    stage 3/3: scoring on 2050 test series (accuracy + AOPCR) ...
    [mlflow] versioned model 'seanet_recon_topk__mstcn_sep_recon_topk_conjunctive' (id=m-b3ddf7bbcbc04ea4bbe3584065e62feb) params={'model_size_mb': '1.5107', 'n_model_params': '63221', 'name': 'seanet_recon_topk'}
    [mlflow] logged run 'seanet_recon_topk_FacesUCR'  (train_acc=1.0000 val_acc=1.0000 test_acc=0.9663 test_loss=0.2253)
[ 27/129] FacesUCR                     DONE  acc=0.9663 loss=0.2253 AOPCR=  0.910 NDCG=  n/a C= 14 T=  131 (30s)  [26 trained / 0 failed so far]
[ 28/129] FiftyWords
    stage 1/3: loading data ...
    stage 2/3: training on 365 series (val=85, C=50, T=270, batch=16) ...
    stage 3/3: scoring on 455 test series (accuracy + AOPCR) ...
    [mlflow] versioned model 'seanet_recon_topk__mstcn_sep_recon_topk_conjunctive' (id=m-cfa9d8f7f44b4696b3b96cd5d4e4f1c3) params={'model_size_mb': '1.5209', 'n_model_params': '65885', 'name': 'seanet_recon_topk'}
    [mlflow] logged run 'seanet_recon_topk_FiftyWords'  (train_acc=1.0000 val_acc=0.7412 test_acc=0.7538 test_loss=0.9334)
[ 28/129] FiftyWords                   DONE  acc=0.7538 loss=0.9334 AOPCR=  2.390 NDCG=  n/a C= 50 T=  270 (23s)  [27 trained / 0 failed so far]
[ 29/129] Fish
    stage 1/3: loading data ...
    stage 2/3: training on 142 series (val=33, C=7, T=463, batch=14) ...
    stage 3/3: scoring on 175 test series (accuracy + AOPCR) ...
    [mlflow] versioned model 'seanet_recon_topk__mstcn_sep_recon_topk_conjunctive' (id=m-8d8971e32d714fd3a145eb97daf1dcbe) params={'model_size_mb': '1.5087', 'n_model_params': '62703', 'name': 'seanet_recon_topk'}
    [mlflow] logged run 'seanet_recon_topk_Fish'  (train_acc=1.0000 val_acc=0.9697 test_acc=0.9657 test_loss=0.2097)
[ 29/129] Fish                         DONE  acc=0.9657 loss=0.2097 AOPCR=  0.784 NDCG=  n/a C=  7 T=  463 (43s)  [28 trained / 0 failed so far]
[ 30/129] FordA
    stage 1/3: loading data ...
    stage 2/3: training on 2881 series (val=720, C=2, T=500, batch=16) ...
    stage 3/3: scoring on 1320 test series (accuracy + AOPCR) ...
    [mlflow] versioned model 'seanet_recon_topk__mstcn_sep_recon_topk_conjunctive' (id=m-4ba74e57fe904dd18a16c6ea86712300) params={'model_size_mb': '1.5074', 'n_model_params': '62333', 'name': 'seanet_recon_topk'}
    [mlflow] logged run 'seanet_recon_topk_FordA'  (train_acc=1.0000 val_acc=0.9625 test_acc=0.9614 test_loss=0.1583)
[ 30/129] FordA                        DONE  acc=0.9614 loss=0.1583 AOPCR=  0.590 NDCG=  n/a C=  2 T=  500 (233s)  [29 trained / 0 failed so far]
[ 31/129] FordB
    stage 1/3: loading data ...
    stage 2/3: training on 2909 series (val=727, C=2, T=500, batch=16) ...
    stage 3/3: scoring on 810 test series (accuracy + AOPCR) ...
    [mlflow] versioned model 'seanet_recon_topk__mstcn_sep_recon_topk_conjunctive' (id=m-41c788746d0a488098e6f9d8d7844647) params={'model_size_mb': '1.5074', 'n_model_params': '62333', 'name': 'seanet_recon_topk'}
    [mlflow] logged run 'seanet_recon_topk_FordB'  (train_acc=1.0000 val_acc=0.9642 test_acc=0.8457 test_loss=0.3796)
[ 31/129] FordB                        DONE  acc=0.8457 loss=0.3796 AOPCR=  1.279 NDCG=  n/a C=  2 T=  500 (194s)  [30 trained / 0 failed so far]
[ 32/129] GunPoint
    stage 1/3: loading data ...
    stage 2/3: training on 50 series (no val (train-loss early stop), C=2, T=150, batch=5) ...
    stage 3/3: scoring on 150 test series (accuracy + AOPCR) ...
    [mlflow] versioned model 'seanet_recon_topk__mstcn_sep_recon_topk_conjunctive' (id=m-7f65c8676c5c4efb8dc0a61f74f77ecf) params={'model_size_mb': '1.5074', 'n_model_params': '62333', 'name': 'seanet_recon_topk'}
    [mlflow] logged run 'seanet_recon_topk_GunPoint'  (train_acc=1.0000 test_acc=0.9867 test_loss=0.0862)
[ 32/129] GunPoint                     DONE  acc=0.9867 loss=0.0862 AOPCR=  1.535 NDCG=  n/a C=  2 T=  150 (40s)  [31 trained / 0 failed so far]
[ 33/129] Ham
    stage 1/3: loading data ...
    stage 2/3: training on 88 series (val=21, C=2, T=431, batch=8) ...
    stage 3/3: scoring on 105 test series (accuracy + AOPCR) ...
    [mlflow] versioned model 'seanet_recon_topk__mstcn_sep_recon_topk_conjunctive' (id=m-f80da7ea25ec4ad59adab3488b540d70) params={'model_size_mb': '1.5074', 'n_model_params': '62333', 'name': 'seanet_recon_topk'}
    [mlflow] logged run 'seanet_recon_topk_Ham'  (train_acc=1.0000 val_acc=0.8571 test_acc=0.6857 test_loss=0.7096)
[ 33/129] Ham                          DONE  acc=0.6857 loss=0.7096 AOPCR=  1.571 NDCG=  n/a C=  2 T=  431 (8s)  [32 trained / 0 failed so far]
[ 34/129] HandOutlines
    stage 1/3: loading data ...
    stage 2/3: training on 801 series (val=199, C=2, T=2709, batch=16) ...
    stage 3/3: scoring on 370 test series (accuracy + AOPCR) ...
    [mlflow] versioned model 'seanet_recon_topk__mstcn_sep_recon_topk_conjunctive' (id=m-f8338bf4f938465db38ba79e20450711) params={'model_size_mb': '1.5074', 'n_model_params': '62333', 'name': 'seanet_recon_topk'}
    [mlflow] logged run 'seanet_recon_topk_HandOutlines'  (train_acc=0.9750 val_acc=0.9196 test_acc=0.9459 test_loss=0.1948)
[ 34/129] HandOutlines                 DONE  acc=0.9459 loss=0.1948 AOPCR=  4.188 NDCG=  n/a C=  2 T= 2709 (161s)  [33 trained / 0 failed so far]
[ 35/129] Haptics
    stage 1/3: loading data ...
    stage 2/3: training on 127 series (val=28, C=5, T=1092, batch=12) ...
    stage 3/3: scoring on 308 test series (accuracy + AOPCR) ...
    [mlflow] versioned model 'seanet_recon_topk__mstcn_sep_recon_topk_conjunctive' (id=m-74bf13803d194df3a89803c7ebcc7319) params={'model_size_mb': '1.5082', 'n_model_params': '62555', 'name': 'seanet_recon_topk'}
    [mlflow] logged run 'seanet_recon_topk_Haptics'  (train_acc=0.7795 val_acc=0.5714 test_acc=0.4481 test_loss=1.3896)
[ 35/129] Haptics                      DONE  acc=0.4481 loss=1.3896 AOPCR=  1.372 NDCG=  n/a C=  5 T= 1092 (10s)  [34 trained / 0 failed so far]
[ 36/129] Herring
    stage 1/3: loading data ...
    stage 2/3: training on 64 series (no val (train-loss early stop), C=2, T=512, batch=6) ...
    stage 3/3: scoring on 64 test series (accuracy + AOPCR) ...
    [mlflow] versioned model 'seanet_recon_topk__mstcn_sep_recon_topk_conjunctive' (id=m-1139572ec53c44eb874199556a36dd89) params={'model_size_mb': '1.5074', 'n_model_params': '62333', 'name': 'seanet_recon_topk'}
    [mlflow] logged run 'seanet_recon_topk_Herring'  (train_acc=1.0000 test_acc=0.6406 test_loss=0.8364)
[ 36/129] Herring                      DONE  acc=0.6406 loss=0.8364 AOPCR=  4.958 NDCG=  n/a C=  2 T=  512 (33s)  [35 trained / 0 failed so far]
[ 37/129] InlineSkate
    stage 1/3: loading data ...
    stage 2/3: training on 84 series (val=16, C=7, T=1882, batch=8) ...
    stage 3/3: scoring on 550 test series (accuracy + AOPCR) ...
    [mlflow] versioned model 'seanet_recon_topk__mstcn_sep_recon_topk_conjunctive' (id=m-bbfb91e5abd4427a8ebeb02939577d72) params={'model_size_mb': '1.5087', 'n_model_params': '62703', 'name': 'seanet_recon_topk'}
    [mlflow] logged run 'seanet_recon_topk_InlineSkate'  (train_acc=0.5119 val_acc=0.4375 test_acc=0.2545 test_loss=1.9082)
[ 37/129] InlineSkate                  DONE  acc=0.2545 loss=1.9082 AOPCR=  1.860 NDCG=  n/a C=  7 T= 1882 (9s)  [36 trained / 0 failed so far]
[ 38/129] InsectWingbeatSound
    stage 1/3: loading data ...
    stage 2/3: training on 176 series (val=44, C=11, T=256, batch=16) ...
    stage 3/3: scoring on 1980 test series (accuracy + AOPCR) ...
    [mlflow] versioned model 'seanet_recon_topk__mstcn_sep_recon_topk_conjunctive' (id=m-6b14b1a825b548828fbb19210d623e35) params={'model_size_mb': '1.5098', 'n_model_params': '62999', 'name': 'seanet_recon_topk'}
    [mlflow] logged run 'seanet_recon_topk_InsectWingbeatSound'  (train_acc=0.7273 val_acc=0.5909 test_acc=0.6071 test_loss=1.0154)
[ 38/129] InsectWingbeatSound          DONE  acc=0.6071 loss=1.0154 AOPCR=  0.910 NDCG=  n/a C= 11 T=  256 (9s)  [37 trained / 0 failed so far]
[ 39/129] ItalyPowerDemand
    stage 1/3: loading data ...
    stage 2/3: training on 67 series (no val (train-loss early stop), C=2, T=24, batch=6) ...
    stage 3/3: scoring on 1029 test series (accuracy + AOPCR) ...
    [mlflow] versioned model 'seanet_recon_topk__mstcn_sep_recon_topk_conjunctive' (id=m-b2c987584a1b466ab527719408030da3) params={'model_size_mb': '1.5074', 'n_model_params': '62333', 'name': 'seanet_recon_topk'}
    [mlflow] logged run 'seanet_recon_topk_ItalyPowerDemand'  (train_acc=1.0000 test_acc=0.9650 test_loss=0.1460)
[ 39/129] ItalyPowerDemand             DONE  acc=0.9650 loss=0.1460 AOPCR=  0.327 NDCG=  n/a C=  2 T=   24 (23s)  [38 trained / 0 failed so far]
[ 40/129] LargeKitchenAppliances
    stage 1/3: loading data ...
    stage 2/3: training on 300 series (val=75, C=3, T=720, batch=16) ...
    stage 3/3: scoring on 375 test series (accuracy + AOPCR) ...
    [mlflow] versioned model 'seanet_recon_topk__mstcn_sep_recon_topk_conjunctive' (id=m-a05949c1757a4e9ea7ec9b89347adf39) params={'model_size_mb': '1.5076', 'n_model_params': '62407', 'name': 'seanet_recon_topk'}
    [mlflow] logged run 'seanet_recon_topk_LargeKitchenAppliances'  (train_acc=1.0000 val_acc=0.9733 test_acc=0.9013 test_loss=0.3302)
[ 40/129] LargeKitchenAppliances       DONE  acc=0.9013 loss=0.3302 AOPCR=  2.141 NDCG=  n/a C=  3 T=  720 (23s)  [39 trained / 0 failed so far]
[ 41/129] Lightning2
    stage 1/3: loading data ...
    stage 2/3: training on 60 series (no val (train-loss early stop), C=2, T=637, batch=6) ...
    stage 3/3: scoring on 61 test series (accuracy + AOPCR) ...
    [mlflow] versioned model 'seanet_recon_topk__mstcn_sep_recon_topk_conjunctive' (id=m-de1da0f053d84367bd40280641a123b1) params={'model_size_mb': '1.5074', 'n_model_params': '62333', 'name': 'seanet_recon_topk'}
    [mlflow] logged run 'seanet_recon_topk_Lightning2'  (train_acc=1.0000 test_acc=0.9016 test_loss=0.3280)
[ 41/129] Lightning2                   DONE  acc=0.9016 loss=0.3280 AOPCR=  0.685 NDCG=  n/a C=  2 T=  637 (30s)  [40 trained / 0 failed so far]
[ 42/129] Lightning7
    stage 1/3: loading data ...
    stage 2/3: training on 70 series (no val (train-loss early stop), C=7, T=319, batch=7) ...
    stage 3/3: scoring on 73 test series (accuracy + AOPCR) ...
    [mlflow] versioned model 'seanet_recon_topk__mstcn_sep_recon_topk_conjunctive' (id=m-658252acb9a042d2a3dfecea73d2c66f) params={'model_size_mb': '1.5087', 'n_model_params': '62703', 'name': 'seanet_recon_topk'}
    [mlflow] logged run 'seanet_recon_topk_Lightning7'  (train_acc=1.0000 test_acc=0.7534 test_loss=0.6689)
[ 42/129] Lightning7                   DONE  acc=0.7534 loss=0.6689 AOPCR=  1.681 NDCG=  n/a C=  7 T=  319 (33s)  [41 trained / 0 failed so far]
[ 43/129] Mallat
    stage 1/3: loading data ...
    stage 2/3: training on 55 series (no val (train-loss early stop), C=8, T=1024, batch=5) ...
    stage 3/3: scoring on 2345 test series (accuracy + AOPCR) ...
    [mlflow] versioned model 'seanet_recon_topk__mstcn_sep_recon_topk_conjunctive' (id=m-40dab158b555469a9da9053b2de4cff9) params={'model_size_mb': '1.509', 'n_model_params': '62777', 'name': 'seanet_recon_topk'}
    [mlflow] logged run 'seanet_recon_topk_Mallat'  (train_acc=1.0000 test_acc=0.7458 test_loss=0.8342)
[ 43/129] Mallat                       DONE  acc=0.7458 loss=0.8342 AOPCR=  2.079 NDCG=  n/a C=  8 T= 1024 (49s)  [42 trained / 0 failed so far]
[ 44/129] Meat
    stage 1/3: loading data ...
    stage 2/3: training on 60 series (no val (train-loss early stop), C=3, T=448, batch=6) ...
    stage 3/3: scoring on 60 test series (accuracy + AOPCR) ...
    [mlflow] versioned model 'seanet_recon_topk__mstcn_sep_recon_topk_conjunctive' (id=m-892e04d59a664117aab51474d79be92e) params={'model_size_mb': '1.5076', 'n_model_params': '62407', 'name': 'seanet_recon_topk'}
    [mlflow] logged run 'seanet_recon_topk_Meat'  (train_acc=1.0000 test_acc=0.9333 test_loss=0.2655)
[ 44/129] Meat                         DONE  acc=0.9333 loss=0.2655 AOPCR=  1.599 NDCG=  n/a C=  3 T=  448 (41s)  [43 trained / 0 failed so far]
[ 45/129] MedicalImages
    stage 1/3: loading data ...
    stage 2/3: training on 307 series (val=74, C=10, T=99, batch=16) ...
    stage 3/3: scoring on 760 test series (accuracy + AOPCR) ...
    [mlflow] versioned model 'seanet_recon_topk__mstcn_sep_recon_topk_conjunctive' (id=m-b268ad6ea32045d082c3ec30957e365a) params={'model_size_mb': '1.5096', 'n_model_params': '62925', 'name': 'seanet_recon_topk'}
    [mlflow] logged run 'seanet_recon_topk_MedicalImages'  (train_acc=0.8893 val_acc=0.6892 test_acc=0.7053 test_loss=0.8544)
[ 45/129] MedicalImages                DONE  acc=0.7053 loss=0.8544 AOPCR=  0.869 NDCG=  n/a C= 10 T=   99 (21s)  [44 trained / 0 failed so far]
[ 46/129] MiddlePhalanxOutlineAgeGroup
    stage 1/3: loading data ...
    stage 2/3: training on 321 series (val=79, C=3, T=80, batch=16) ...
    stage 3/3: scoring on 154 test series (accuracy + AOPCR) ...
    [mlflow] versioned model 'seanet_recon_topk__mstcn_sep_recon_topk_conjunctive' (id=m-fd821ef968ed41c595d62528a7a8d023) params={'model_size_mb': '1.5076', 'n_model_params': '62407', 'name': 'seanet_recon_topk'}
    [mlflow] logged run 'seanet_recon_topk_MiddlePhalanxOutlineAgeGroup'  (train_acc=0.8069 val_acc=0.8228 test_acc=0.6429 test_loss=0.9078)
[ 46/129] MiddlePhalanxOutlineAgeGroup DONE  acc=0.6429 loss=0.9078 AOPCR=  0.307 NDCG=  n/a C=  3 T=   80 (15s)  [45 trained / 0 failed so far]
[ 47/129] MiddlePhalanxOutlineCorrect
    stage 1/3: loading data ...
    stage 2/3: training on 481 series (val=119, C=2, T=80, batch=16) ...
    stage 3/3: scoring on 291 test series (accuracy + AOPCR) ...
    [mlflow] versioned model 'seanet_recon_topk__mstcn_sep_recon_topk_conjunctive' (id=m-5f930c6810e04e83ad49708f1588b0cb) params={'model_size_mb': '1.5074', 'n_model_params': '62333', 'name': 'seanet_recon_topk'}
    [mlflow] logged run 'seanet_recon_topk_MiddlePhalanxOutlineCorrect'  (train_acc=0.8981 val_acc=0.8151 test_acc=0.8144 test_loss=0.3891)
[ 47/129] MiddlePhalanxOutlineCorrect  DONE  acc=0.8144 loss=0.3891 AOPCR=  3.369 NDCG=  n/a C=  2 T=   80 (52s)  [46 trained / 0 failed so far]
[ 48/129] MiddlePhalanxTW
    stage 1/3: loading data ...
    stage 2/3: training on 321 series (val=78, C=6, T=80, batch=16) ...
    stage 3/3: scoring on 154 test series (accuracy + AOPCR) ...
    [mlflow] versioned model 'seanet_recon_topk__mstcn_sep_recon_topk_conjunctive' (id=m-1c094414e6e344cabe1ee89f0d939ac3) params={'model_size_mb': '1.5085', 'n_model_params': '62629', 'name': 'seanet_recon_topk'}
    [mlflow] logged run 'seanet_recon_topk_MiddlePhalanxTW'  (train_acc=0.6760 val_acc=0.6282 test_acc=0.5714 test_loss=1.0591)
[ 48/129] MiddlePhalanxTW              DONE  acc=0.5714 loss=1.0591 AOPCR=  0.249 NDCG=  n/a C=  6 T=   80 (25s)  [47 trained / 0 failed so far]
[ 49/129] MoteStrain
    stage 1/3: loading data ...
    stage 2/3: training on 20 series (no val (train-loss early stop), C=2, T=84, batch=2) ...
    stage 3/3: scoring on 1252 test series (accuracy + AOPCR) ...
    [mlflow] versioned model 'seanet_recon_topk__mstcn_sep_recon_topk_conjunctive' (id=m-812e9d6b37a246688bc154949748d4eb) params={'model_size_mb': '1.5074', 'n_model_params': '62333', 'name': 'seanet_recon_topk'}
    [mlflow] logged run 'seanet_recon_topk_MoteStrain'  (train_acc=1.0000 test_acc=0.8642 test_loss=0.3301)
[ 49/129] MoteStrain                   DONE  acc=0.8642 loss=0.3301 AOPCR=  1.772 NDCG=  n/a C=  2 T=   84 (22s)  [48 trained / 0 failed so far]
[ 50/129] NonInvasiveFetalECGThorax1
    stage 1/3: loading data ...
    stage 2/3: training on 1452 series (val=348, C=42, T=750, batch=16) ...
    stage 3/3: scoring on 1965 test series (accuracy + AOPCR) ...
    [mlflow] versioned model 'seanet_recon_topk__mstcn_sep_recon_topk_conjunctive' (id=m-a92d05727aea4637b258e1cec1aaeb16) params={'model_size_mb': '1.5186', 'n_model_params': '65293', 'name': 'seanet_recon_topk'}
    [mlflow] logged run 'seanet_recon_topk_NonInvasiveFetalECGThorax1'  (train_acc=0.9387 val_acc=0.8908 test_acc=0.8687 test_loss=0.4522)
[ 50/129] NonInvasiveFetalECGThorax1   DONE  acc=0.8687 loss=0.4522 AOPCR=  1.710 NDCG=  n/a C= 42 T=  750 (117s)  [49 trained / 0 failed so far]
[ 51/129] NonInvasiveFetalECGThorax2
    stage 1/3: loading data ...
    stage 2/3: training on 1452 series (val=348, C=42, T=750, batch=16) ...
    stage 3/3: scoring on 1965 test series (accuracy + AOPCR) ...
    [mlflow] versioned model 'seanet_recon_topk__mstcn_sep_recon_topk_conjunctive' (id=m-e2fb708a8ec9490c857fc2efe8f40e74) params={'model_size_mb': '1.5186', 'n_model_params': '65293', 'name': 'seanet_recon_topk'}
    [mlflow] logged run 'seanet_recon_topk_NonInvasiveFetalECGThorax2'  (train_acc=0.9229 val_acc=0.8592 test_acc=0.8524 test_loss=0.6366)
[ 51/129] NonInvasiveFetalECGThorax2   DONE  acc=0.8524 loss=0.6366 AOPCR=  1.749 NDCG=  n/a C= 42 T=  750 (244s)  [50 trained / 0 failed so far]
[ 52/129] OliveOil
    stage 1/3: loading data ...
    stage 2/3: training on 30 series (no val (train-loss early stop), C=4, T=570, batch=3) ...
    stage 3/3: scoring on 30 test series (accuracy + AOPCR) ...
    [mlflow] versioned model 'seanet_recon_topk__mstcn_sep_recon_topk_conjunctive' (id=m-7c9ff25062ec47959b4ce6dfeda254ce) params={'model_size_mb': '1.5079', 'n_model_params': '62481', 'name': 'seanet_recon_topk'}
    [mlflow] logged run 'seanet_recon_topk_OliveOil'  (train_acc=0.4333 test_acc=0.4000 test_loss=1.2988)
[ 52/129] OliveOil                     DONE  acc=0.4000 loss=1.2988 AOPCR=  0.817 NDCG=  n/a C=  4 T=  570 (14s)  [51 trained / 0 failed so far]
[ 53/129] OSULeaf
    stage 1/3: loading data ...
    stage 2/3: training on 163 series (val=37, C=6, T=427, batch=16) ...
    stage 3/3: scoring on 242 test series (accuracy + AOPCR) ...
    [mlflow] versioned model 'seanet_recon_topk__mstcn_sep_recon_topk_conjunctive' (id=m-dbdb3f3d8d064f4aa64bcd74767e4b44) params={'model_size_mb': '1.5085', 'n_model_params': '62629', 'name': 'seanet_recon_topk'}
    [mlflow] logged run 'seanet_recon_topk_OSULeaf'  (train_acc=1.0000 val_acc=1.0000 test_acc=0.9008 test_loss=0.4013)
[ 53/129] OSULeaf                      DONE  acc=0.9008 loss=0.4013 AOPCR=  0.898 NDCG=  n/a C=  6 T=  427 (24s)  [52 trained / 0 failed so far]
[ 54/129] PhalangesOutlinesCorrect
    stage 1/3: loading data ...
    stage 2/3: training on 1441 series (val=359, C=2, T=80, batch=16) ...
    stage 3/3: scoring on 858 test series (accuracy + AOPCR) ...
    [mlflow] versioned model 'seanet_recon_topk__mstcn_sep_recon_topk_conjunctive' (id=m-620284c5f33e4b04b1a67e276cc91b85) params={'model_size_mb': '1.5074', 'n_model_params': '62333', 'name': 'seanet_recon_topk'}
    [mlflow] logged run 'seanet_recon_topk_PhalangesOutlinesCorrect'  (train_acc=0.9112 val_acc=0.8914 test_acc=0.8042 test_loss=0.4300)
[ 54/129] PhalangesOutlinesCorrect     DONE  acc=0.8042 loss=0.4300 AOPCR=  0.897 NDCG=  n/a C=  2 T=   80 (124s)  [53 trained / 0 failed so far]
[ 55/129] Phoneme
    stage 1/3: loading data ...
    stage 2/3: training on 171 series (val=43, C=39, T=1024, batch=16) ...
    stage 3/3: scoring on 1896 test series (accuracy + AOPCR) ...
    [mlflow] versioned model 'seanet_recon_topk__mstcn_sep_recon_topk_conjunctive' (id=m-e4596c126cfe4a88a1b3d173b2c5b582) params={'model_size_mb': '1.5178', 'n_model_params': '65071', 'name': 'seanet_recon_topk'}
    [mlflow] logged run 'seanet_recon_topk_Phoneme'  (train_acc=0.3918 val_acc=0.1395 test_acc=0.1872 test_loss=3.0262)
[ 55/129] Phoneme                      DONE  acc=0.1872 loss=3.0262 AOPCR=  1.317 NDCG=  n/a C= 39 T= 1024 (8s)  [54 trained / 0 failed so far]
[ 56/129] Plane
    stage 1/3: loading data ...
    stage 2/3: training on 87 series (val=18, C=7, T=144, batch=8) ...
    stage 3/3: scoring on 105 test series (accuracy + AOPCR) ...
    [mlflow] versioned model 'seanet_recon_topk__mstcn_sep_recon_topk_conjunctive' (id=m-40766d25719e420aa1674d5e7278ab98) params={'model_size_mb': '1.5087', 'n_model_params': '62703', 'name': 'seanet_recon_topk'}
    [mlflow] logged run 'seanet_recon_topk_Plane'  (train_acc=1.0000 val_acc=1.0000 test_acc=1.0000 test_loss=0.0900)
[ 56/129] Plane                        DONE  acc=1.0000 loss=0.0900 AOPCR=  0.921 NDCG=  n/a C=  7 T=  144 (42s)  [55 trained / 0 failed so far]
[ 57/129] ProximalPhalanxOutlineAgeGroup
    stage 1/3: loading data ...
    stage 2/3: training on 322 series (val=78, C=3, T=80, batch=16) ...
    stage 3/3: scoring on 205 test series (accuracy + AOPCR) ...
    [mlflow] versioned model 'seanet_recon_topk__mstcn_sep_recon_topk_conjunctive' (id=m-6dd91724ba0a469eb9876f5cf70ca479) params={'model_size_mb': '1.5076', 'n_model_params': '62407', 'name': 'seanet_recon_topk'}
    [mlflow] logged run 'seanet_recon_topk_ProximalPhalanxOutlineAgeGroup'  (train_acc=0.8789 val_acc=0.8333 test_acc=0.8293 test_loss=0.4140)
[ 57/129] ProximalPhalanxOutlineAgeGroup DONE  acc=0.8293 loss=0.4140 AOPCR=  0.108 NDCG=  n/a C=  3 T=   80 (22s)  [56 trained / 0 failed so far]
[ 58/129] ProximalPhalanxOutlineCorrect
    stage 1/3: loading data ...
    stage 2/3: training on 481 series (val=119, C=2, T=80, batch=16) ...
    stage 3/3: scoring on 291 test series (accuracy + AOPCR) ...
    [mlflow] versioned model 'seanet_recon_topk__mstcn_sep_recon_topk_conjunctive' (id=m-5a11878aa42946cb841da962815788fa) params={'model_size_mb': '1.5074', 'n_model_params': '62333', 'name': 'seanet_recon_topk'}
    [mlflow] logged run 'seanet_recon_topk_ProximalPhalanxOutlineCorrect'  (train_acc=0.9647 val_acc=0.9244 test_acc=0.9141 test_loss=0.2422)
[ 58/129] ProximalPhalanxOutlineCorrect DONE  acc=0.9141 loss=0.2422 AOPCR=  0.923 NDCG=  n/a C=  2 T=   80 (80s)  [57 trained / 0 failed so far]
[ 59/129] ProximalPhalanxTW
    stage 1/3: loading data ...
    stage 2/3: training on 322 series (val=78, C=6, T=80, batch=16) ...
