[log] command 'train' started at 2026-07-25_00-07-24 for model 'seanet_recon_topk__mstcn_sep_recon_topk_conjunctive'
[log] a copy of everything below is being saved to: results/SEA_NET/seanet_recon_topk__mstcn_sep_recon_topk_conjunctive/logs/train_2026-07-25_00-07-24.log

=== train: model=seanet_recon_topk__mstcn_sep_recon_topk_conjunctive (config sv4/seanet_recon_topk) device=cuda mode=full datasets=129 ===
[params] using DEFAULT recipe (no Optuna record yet - run 'python main.py optuna --model sv4/seanet_recon_topk').
  results  -> results/SEA_NET/seanet_recon_topk__mstcn_sep_recon_topk_conjunctive/results.csv
  resume   -> results/SEA_NET/seanet_recon_topk__mstcn_sep_recon_topk_conjunctive/done_train_dataset.txt  (delete it to retrain everything; delete one line to retrain that dataset)

  [mlflow] logging runs to experiment 'SEA-Net_seanet_recon_topk__mstcn_sep_recon_topk_conjunctive_2026-07-25' at sqlite:///mlflow.db
  [mlflow] browse later with:  mlflow ui --backend-store-uri sqlite:///mlflow.db
[  1/129] WebTraffic                   already done -> skip
[  2/129] Adiac                        already done -> skip
[  3/129] ArrowHead                    already done -> skip
[  4/129] Beef                         already done -> skip
[  5/129] BeetleFly                    already done -> skip
[  6/129] BirdChicken                  already done -> skip
[  7/129] Car                          already done -> skip
[  8/129] CBF                          already done -> skip
[  9/129] ChlorineConcentration        already done -> skip
[ 10/129] CinCECGTorso                 already done -> skip
[ 11/129] Coffee                       already done -> skip
[ 12/129] Computers                    already done -> skip
[ 13/129] CricketX                     already done -> skip
[ 14/129] CricketY                     already done -> skip
[ 15/129] CricketZ                     already done -> skip
[ 16/129] DiatomSizeReduction          already done -> skip
[ 17/129] DistalPhalanxOutlineAgeGroup already done -> skip
[ 18/129] DistalPhalanxOutlineCorrect  already done -> skip
[ 19/129] DistalPhalanxTW              already done -> skip
[ 20/129] Earthquakes                  already done -> skip
[ 21/129] ECG200                       already done -> skip
[ 22/129] ECG5000                      already done -> skip
[ 23/129] ECGFiveDays                  already done -> skip
[ 24/129] ElectricDevices              already done -> skip
[ 25/129] FaceAll                      already done -> skip
[ 26/129] FaceFour                     already done -> skip
[ 27/129] FacesUCR                     already done -> skip
[ 28/129] FiftyWords                   already done -> skip
[ 29/129] Fish                         already done -> skip
[ 30/129] FordA                        already done -> skip
[ 31/129] FordB                        already done -> skip
[ 32/129] GunPoint                     already done -> skip
[ 33/129] Ham                          already done -> skip
[ 34/129] HandOutlines                 already done -> skip
[ 35/129] Haptics                      already done -> skip
[ 36/129] Herring                      already done -> skip
[ 37/129] InlineSkate                  already done -> skip
[ 38/129] InsectWingbeatSound          already done -> skip
[ 39/129] ItalyPowerDemand             already done -> skip
[ 40/129] LargeKitchenAppliances       already done -> skip
[ 41/129] Lightning2                   already done -> skip
[ 42/129] Lightning7                   already done -> skip
[ 43/129] Mallat                       already done -> skip
[ 44/129] Meat                         already done -> skip
[ 45/129] MedicalImages                already done -> skip
[ 46/129] MiddlePhalanxOutlineAgeGroup already done -> skip
[ 47/129] MiddlePhalanxOutlineCorrect  already done -> skip
[ 48/129] MiddlePhalanxTW              already done -> skip
[ 49/129] MoteStrain                   already done -> skip
[ 50/129] NonInvasiveFetalECGThorax1   already done -> skip
[ 51/129] NonInvasiveFetalECGThorax2   already done -> skip
[ 52/129] OliveOil                     already done -> skip
[ 53/129] OSULeaf                      already done -> skip
[ 54/129] PhalangesOutlinesCorrect     already done -> skip
[ 55/129] Phoneme                      already done -> skip
[ 56/129] Plane                        already done -> skip
[ 57/129] ProximalPhalanxOutlineAgeGroup already done -> skip
[ 58/129] ProximalPhalanxOutlineCorrect already done -> skip
[ 59/129] ProximalPhalanxTW
    stage 1/3: loading data ...
    stage 2/3: training on 322 series (val=78, C=6, T=80, batch=16) ...
    stage 3/3: scoring on 205 test series (accuracy + AOPCR) ...
    [mlflow] versioned model 'seanet_recon_topk__mstcn_sep_recon_topk_conjunctive' (id=m-3cde303baaa9421a92ec8edc4b157f4d) params={'model_size_mb': '1.5085', 'n_model_params': '62629', 'name': 'seanet_recon_topk'}
    [mlflow] logged run 'seanet_recon_topk_ProximalPhalanxTW'  (train_acc=0.9130 val_acc=0.8462 test_acc=0.7659 test_loss=0.6113)
[ 59/129] ProximalPhalanxTW            DONE  acc=0.7659 loss=0.6113 AOPCR= -0.181 NDCG=  n/a C=  6 T=   80 (26s)  [1 trained / 0 failed so far]
[ 60/129] RefrigerationDevices
    stage 1/3: loading data ...
    stage 2/3: training on 300 series (val=75, C=3, T=720, batch=16) ...
    stage 3/3: scoring on 375 test series (accuracy + AOPCR) ...
    [mlflow] versioned model 'seanet_recon_topk__mstcn_sep_recon_topk_conjunctive' (id=m-8bfbe4a71d51451c9ed38b6243513b8c) params={'model_size_mb': '1.5076', 'n_model_params': '62407', 'name': 'seanet_recon_topk'}
    [mlflow] logged run 'seanet_recon_topk_RefrigerationDevices'  (train_acc=0.8200 val_acc=0.6267 test_acc=0.4400 test_loss=1.3941)
[ 60/129] RefrigerationDevices         DONE  acc=0.4400 loss=1.3941 AOPCR=  0.901 NDCG=  n/a C=  3 T=  720 (10s)  [2 trained / 0 failed so far]
[ 61/129] ScreenType
    stage 1/3: loading data ...
    stage 2/3: training on 300 series (val=75, C=3, T=720, batch=16) ...
    stage 3/3: scoring on 375 test series (accuracy + AOPCR) ...
    [mlflow] versioned model 'seanet_recon_topk__mstcn_sep_recon_topk_conjunctive' (id=m-e000d4e3010e49f99a3ef5ea36c11e07) params={'model_size_mb': '1.5076', 'n_model_params': '62407', 'name': 'seanet_recon_topk'}
    [mlflow] logged run 'seanet_recon_topk_ScreenType'  (train_acc=0.8400 val_acc=0.7200 test_acc=0.5120 test_loss=1.0336)
[ 61/129] ScreenType                   DONE  acc=0.5120 loss=1.0336 AOPCR=  0.721 NDCG=  n/a C=  3 T=  720 (12s)  [3 trained / 0 failed so far]
[ 62/129] ShapeletSim
    stage 1/3: loading data ...
    stage 2/3: training on 20 series (no val (train-loss early stop), C=2, T=500, batch=2) ...
    stage 3/3: scoring on 180 test series (accuracy + AOPCR) ...
    [mlflow] versioned model 'seanet_recon_topk__mstcn_sep_recon_topk_conjunctive' (id=m-d602b179bca24f869cb6d9c47118042f) params={'model_size_mb': '1.5074', 'n_model_params': '62333', 'name': 'seanet_recon_topk'}
    [mlflow] logged run 'seanet_recon_topk_ShapeletSim'  (train_acc=1.0000 test_acc=1.0000 test_loss=0.0772)
[ 62/129] ShapeletSim                  DONE  acc=1.0000 loss=0.0772 AOPCR=  2.120 NDCG=  n/a C=  2 T=  500 (17s)  [4 trained / 0 failed so far]
[ 63/129] ShapesAll
    stage 1/3: loading data ...
    stage 2/3: training on 480 series (val=120, C=60, T=512, batch=16) ...
    stage 3/3: scoring on 600 test series (accuracy + AOPCR) ...
    [mlflow] versioned model 'seanet_recon_topk__mstcn_sep_recon_topk_conjunctive' (id=m-16b3dd4a79c34df896880c924ed57c93) params={'model_size_mb': '1.5237', 'n_model_params': '66625', 'name': 'seanet_recon_topk'}
    [mlflow] logged run 'seanet_recon_topk_ShapesAll'  (train_acc=1.0000 val_acc=0.9000 test_acc=0.8633 test_loss=0.6534)
[ 63/129] ShapesAll                    DONE  acc=0.8633 loss=0.6534 AOPCR=  2.052 NDCG=  n/a C= 60 T=  512 (83s)  [5 trained / 0 failed so far]
[ 64/129] SmallKitchenAppliances
    stage 1/3: loading data ...
    stage 2/3: training on 300 series (val=75, C=3, T=720, batch=16) ...
    stage 3/3: scoring on 375 test series (accuracy + AOPCR) ...
    [mlflow] versioned model 'seanet_recon_topk__mstcn_sep_recon_topk_conjunctive' (id=m-d4817c41bb9d4cd8b319365a92476357) params={'model_size_mb': '1.5076', 'n_model_params': '62407', 'name': 'seanet_recon_topk'}
    [mlflow] logged run 'seanet_recon_topk_SmallKitchenAppliances'  (train_acc=0.9200 val_acc=0.7733 test_acc=0.7920 test_loss=0.5732)
[ 64/129] SmallKitchenAppliances       DONE  acc=0.7920 loss=0.5732 AOPCR=  1.228 NDCG=  n/a C=  3 T=  720 (18s)  [6 trained / 0 failed so far]
[ 65/129] SonyAIBORobotSurface1
    stage 1/3: loading data ...
    stage 2/3: training on 20 series (no val (train-loss early stop), C=2, T=70, batch=2) ...
    stage 3/3: scoring on 601 test series (accuracy + AOPCR) ...
    [mlflow] versioned model 'seanet_recon_topk__mstcn_sep_recon_topk_conjunctive' (id=m-025d0487f9d14443902634ca6196f2ba) params={'model_size_mb': '1.5074', 'n_model_params': '62333', 'name': 'seanet_recon_topk'}
    [mlflow] logged run 'seanet_recon_topk_SonyAIBORobotSurface1'  (train_acc=1.0000 test_acc=0.7587 test_loss=0.5003)
[ 65/129] SonyAIBORobotSurface1        DONE  acc=0.7587 loss=0.5003 AOPCR=  1.370 NDCG=  n/a C=  2 T=   70 (18s)  [7 trained / 0 failed so far]
[ 66/129] SonyAIBORobotSurface2
    stage 1/3: loading data ...
    stage 2/3: training on 27 series (no val (train-loss early stop), C=2, T=65, batch=2) ...
    stage 3/3: scoring on 953 test series (accuracy + AOPCR) ...
    [mlflow] versioned model 'seanet_recon_topk__mstcn_sep_recon_topk_conjunctive' (id=m-b4c9ca99036b49c7bbef9a4b8b479a07) params={'model_size_mb': '1.5074', 'n_model_params': '62333', 'name': 'seanet_recon_topk'}
    [mlflow] logged run 'seanet_recon_topk_SonyAIBORobotSurface2'  (train_acc=1.0000 test_acc=0.8657 test_loss=0.3007)
[ 66/129] SonyAIBORobotSurface2        DONE  acc=0.8657 loss=0.3007 AOPCR=  0.413 NDCG=  n/a C=  2 T=   65 (21s)  [8 trained / 0 failed so far]
[ 67/129] StarLightCurves
    stage 1/3: loading data ...
    stage 2/3: training on 801 series (val=199, C=3, T=1024, batch=16) ...
    stage 3/3: scoring on 8236 test series (accuracy + AOPCR) ...
    [mlflow] versioned model 'seanet_recon_topk__mstcn_sep_recon_topk_conjunctive' (id=m-daf6020d1dad41aba490f726e1b48480) params={'model_size_mb': '1.5076', 'n_model_params': '62407', 'name': 'seanet_recon_topk'}
    [mlflow] logged run 'seanet_recon_topk_StarLightCurves'  (train_acc=0.9925 val_acc=0.9799 test_acc=0.9652 test_loss=0.1581)
[ 67/129] StarLightCurves              DONE  acc=0.9652 loss=0.1581 AOPCR=  2.422 NDCG=  n/a C=  3 T= 1024 (50s)  [9 trained / 0 failed so far]
[ 68/129] Strawberry
    stage 1/3: loading data ...
    stage 2/3: training on 492 series (val=121, C=2, T=235, batch=16) ...
    stage 3/3: scoring on 370 test series (accuracy + AOPCR) ...
    [mlflow] versioned model 'seanet_recon_topk__mstcn_sep_recon_topk_conjunctive' (id=m-a679eaee6a6049199d77fd42be976d66) params={'model_size_mb': '1.5074', 'n_model_params': '62333', 'name': 'seanet_recon_topk'}
    [mlflow] logged run 'seanet_recon_topk_Strawberry'  (train_acc=0.9919 val_acc=1.0000 test_acc=0.9622 test_loss=0.1306)
[ 68/129] Strawberry                   DONE  acc=0.9622 loss=0.1306 AOPCR=  0.528 NDCG=  n/a C=  2 T=  235 (59s)  [10 trained / 0 failed so far]
[ 69/129] SwedishLeaf
    stage 1/3: loading data ...
    stage 2/3: training on 405 series (val=95, C=15, T=128, batch=16) ...
    stage 3/3: scoring on 625 test series (accuracy + AOPCR) ...
    [mlflow] versioned model 'seanet_recon_topk__mstcn_sep_recon_topk_conjunctive' (id=m-387be59b1dc84edc9bcd0322178905d5) params={'model_size_mb': '1.5109', 'n_model_params': '63295', 'name': 'seanet_recon_topk'}
    [mlflow] logged run 'seanet_recon_topk_SwedishLeaf'  (train_acc=1.0000 val_acc=0.9789 test_acc=0.9472 test_loss=0.2741)
[ 69/129] SwedishLeaf                  DONE  acc=0.9472 loss=0.2741 AOPCR=  0.960 NDCG=  n/a C= 15 T=  128 (60s)  [11 trained / 0 failed so far]
[ 70/129] Symbols
    stage 1/3: loading data ...
    stage 2/3: training on 25 series (no val (train-loss early stop), C=6, T=398, batch=2) ...
    stage 3/3: scoring on 995 test series (accuracy + AOPCR) ...
    [mlflow] versioned model 'seanet_recon_topk__mstcn_sep_recon_topk_conjunctive' (id=m-b1b294ab19b94f0c99994ac3c9d532a3) params={'model_size_mb': '1.5085', 'n_model_params': '62629', 'name': 'seanet_recon_topk'}
    [mlflow] logged run 'seanet_recon_topk_Symbols'  (train_acc=1.0000 test_acc=0.9497 test_loss=0.2951)
[ 70/129] Symbols                      DONE  acc=0.9497 loss=0.2951 AOPCR=  1.874 NDCG=  n/a C=  6 T=  398 (23s)  [12 trained / 0 failed so far]
[ 71/129] SyntheticControl
    stage 1/3: loading data ...
    stage 2/3: training on 240 series (val=60, C=6, T=60, batch=16) ...
    stage 3/3: scoring on 300 test series (accuracy + AOPCR) ...
    [mlflow] versioned model 'seanet_recon_topk__mstcn_sep_recon_topk_conjunctive' (id=m-38b192c7e6a1489eb58d20c9512948d2) params={'model_size_mb': '1.5085', 'n_model_params': '62629', 'name': 'seanet_recon_topk'}
    [mlflow] logged run 'seanet_recon_topk_SyntheticControl'  (train_acc=1.0000 val_acc=1.0000 test_acc=0.9933 test_loss=0.1135)
[ 71/129] SyntheticControl             DONE  acc=0.9933 loss=0.1135 AOPCR=  1.290 NDCG=  n/a C=  6 T=   60 (30s)  [13 trained / 0 failed so far]
[ 72/129] ToeSegmentation1
    stage 1/3: loading data ...
    stage 2/3: training on 40 series (no val (train-loss early stop), C=2, T=277, batch=4) ...
    stage 3/3: scoring on 228 test series (accuracy + AOPCR) ...
    [mlflow] versioned model 'seanet_recon_topk__mstcn_sep_recon_topk_conjunctive' (id=m-b7136e6091654bb99c69faa6bf046a91) params={'model_size_mb': '1.5074', 'n_model_params': '62333', 'name': 'seanet_recon_topk'}
    [mlflow] logged run 'seanet_recon_topk_ToeSegmentation1'  (train_acc=1.0000 test_acc=0.9167 test_loss=0.2407)
[ 72/129] ToeSegmentation1             DONE  acc=0.9167 loss=0.2407 AOPCR=  1.036 NDCG=  n/a C=  2 T=  277 (21s)  [14 trained / 0 failed so far]
[ 73/129] ToeSegmentation2
    stage 1/3: loading data ...
    stage 2/3: training on 36 series (no val (train-loss early stop), C=2, T=343, batch=3) ...
    stage 3/3: scoring on 130 test series (accuracy + AOPCR) ...
    [mlflow] versioned model 'seanet_recon_topk__mstcn_sep_recon_topk_conjunctive' (id=m-f98c78c98d104c159d3056fb48b2be03) params={'model_size_mb': '1.5074', 'n_model_params': '62333', 'name': 'seanet_recon_topk'}
    [mlflow] logged run 'seanet_recon_topk_ToeSegmentation2'  (train_acc=1.0000 test_acc=0.9154 test_loss=0.2425)
[ 73/129] ToeSegmentation2             DONE  acc=0.9154 loss=0.2425 AOPCR=  1.073 NDCG=  n/a C=  2 T=  343 (15s)  [15 trained / 0 failed so far]
[ 74/129] Trace
    stage 1/3: loading data ...
    stage 2/3: training on 81 series (val=19, C=4, T=275, batch=8) ...
    stage 3/3: scoring on 100 test series (accuracy + AOPCR) ...
    [mlflow] versioned model 'seanet_recon_topk__mstcn_sep_recon_topk_conjunctive' (id=m-2e01754cbcb24913aab96b207d522856) params={'model_size_mb': '1.5079', 'n_model_params': '62481', 'name': 'seanet_recon_topk'}
    [mlflow] logged run 'seanet_recon_topk_Trace'  (train_acc=1.0000 val_acc=1.0000 test_acc=1.0000 test_loss=0.0887)
[ 74/129] Trace                        DONE  acc=1.0000 loss=0.0887 AOPCR=  1.639 NDCG=  n/a C=  4 T=  275 (22s)  [16 trained / 0 failed so far]
[ 75/129] TwoLeadECG
    stage 1/3: loading data ...
    stage 2/3: training on 23 series (no val (train-loss early stop), C=2, T=82, batch=2) ...
    stage 3/3: scoring on 1139 test series (accuracy + AOPCR) ...
    [mlflow] versioned model 'seanet_recon_topk__mstcn_sep_recon_topk_conjunctive' (id=m-f08fb1d18b934fb799be3bd239afeaa0) params={'model_size_mb': '1.5074', 'n_model_params': '62333', 'name': 'seanet_recon_topk'}
    [mlflow] logged run 'seanet_recon_topk_TwoLeadECG'  (train_acc=1.0000 test_acc=0.9745 test_loss=0.1197)
[ 75/129] TwoLeadECG                   DONE  acc=0.9745 loss=0.1197 AOPCR=  0.692 NDCG=  n/a C=  2 T=   82 (33s)  [17 trained / 0 failed so far]
[ 76/129] TwoPatterns
    stage 1/3: loading data ...
    stage 2/3: training on 801 series (val=199, C=4, T=128, batch=16) ...
    stage 3/3: scoring on 4000 test series (accuracy + AOPCR) ...
    [mlflow] versioned model 'seanet_recon_topk__mstcn_sep_recon_topk_conjunctive' (id=m-40b967678536436094a04dd3fa01deaa) params={'model_size_mb': '1.5079', 'n_model_params': '62481', 'name': 'seanet_recon_topk'}
    [mlflow] logged run 'seanet_recon_topk_TwoPatterns'  (train_acc=1.0000 val_acc=1.0000 test_acc=1.0000 test_loss=0.0931)
[ 76/129] TwoPatterns                  DONE  acc=1.0000 loss=0.0931 AOPCR=  1.880 NDCG=  n/a C=  4 T=  128 (105s)  [18 trained / 0 failed so far]
[ 77/129] UWaveGestureLibraryAll
    stage 1/3: loading data ...
    stage 2/3: training on 719 series (val=177, C=8, T=945, batch=16) ...
    stage 3/3: scoring on 3582 test series (accuracy + AOPCR) ...
    [mlflow] versioned model 'seanet_recon_topk__mstcn_sep_recon_topk_conjunctive' (id=m-b8a07624eb0e47f1995d813ab618532d) params={'model_size_mb': '1.509', 'n_model_params': '62777', 'name': 'seanet_recon_topk'}
    [mlflow] logged run 'seanet_recon_topk_UWaveGestureLibraryAll'  (train_acc=1.0000 val_acc=0.9435 test_acc=0.9598 test_loss=0.2550)
[ 77/129] UWaveGestureLibraryAll       DONE  acc=0.9598 loss=0.2550 AOPCR=  1.316 NDCG=  n/a C=  8 T=  945 (128s)  [19 trained / 0 failed so far]
[ 78/129] UWaveGestureLibraryX
    stage 1/3: loading data ...
    stage 2/3: training on 719 series (val=177, C=8, T=315, batch=16) ...
    stage 3/3: scoring on 3582 test series (accuracy + AOPCR) ...
    [mlflow] versioned model 'seanet_recon_topk__mstcn_sep_recon_topk_conjunctive' (id=m-d2160b46aa7e480cab9af36aef8fa9e5) params={'model_size_mb': '1.509', 'n_model_params': '62777', 'name': 'seanet_recon_topk'}
    [mlflow] logged run 'seanet_recon_topk_UWaveGestureLibraryX'  (train_acc=1.0000 val_acc=0.8362 test_acc=0.8088 test_loss=0.6458)
[ 78/129] UWaveGestureLibraryX         DONE  acc=0.8088 loss=0.6458 AOPCR=  1.127 NDCG=  n/a C=  8 T=  315 (50s)  [20 trained / 0 failed so far]
[ 79/129] UWaveGestureLibraryY
    stage 1/3: loading data ...
    stage 2/3: training on 719 series (val=177, C=8, T=315, batch=16) ...
    stage 3/3: scoring on 3582 test series (accuracy + AOPCR) ...
    [mlflow] versioned model 'seanet_recon_topk__mstcn_sep_recon_topk_conjunctive' (id=m-c318a2f3cd62476bac19b4e491067844) params={'model_size_mb': '1.509', 'n_model_params': '62777', 'name': 'seanet_recon_topk'}
    [mlflow] logged run 'seanet_recon_topk_UWaveGestureLibraryY'  (train_acc=0.9930 val_acc=0.7458 test_acc=0.7376 test_loss=0.8460)
[ 79/129] UWaveGestureLibraryY         DONE  acc=0.7376 loss=0.8460 AOPCR=  1.075 NDCG=  n/a C=  8 T=  315 (34s)  [21 trained / 0 failed so far]
[ 80/129] UWaveGestureLibraryZ
    stage 1/3: loading data ...
    stage 2/3: training on 719 series (val=177, C=8, T=315, batch=16) ...
    stage 3/3: scoring on 3582 test series (accuracy + AOPCR) ...
    [mlflow] versioned model 'seanet_recon_topk__mstcn_sep_recon_topk_conjunctive' (id=m-d77bdcfe627649ffa8fde80b38cca5b1) params={'model_size_mb': '1.509', 'n_model_params': '62777', 'name': 'seanet_recon_topk'}
    [mlflow] logged run 'seanet_recon_topk_UWaveGestureLibraryZ'  (train_acc=0.8748 val_acc=0.7062 test_acc=0.7432 test_loss=0.7549)
[ 80/129] UWaveGestureLibraryZ         DONE  acc=0.7432 loss=0.7549 AOPCR=  1.209 NDCG=  n/a C=  8 T=  315 (26s)  [22 trained / 0 failed so far]
[ 81/129] Wafer
    stage 1/3: loading data ...
    stage 2/3: training on 801 series (val=199, C=2, T=152, batch=16) ...
    stage 3/3: scoring on 6164 test series (accuracy + AOPCR) ...
    [mlflow] versioned model 'seanet_recon_topk__mstcn_sep_recon_topk_conjunctive' (id=m-4a5858842fe44dbb85eb78060121a11e) params={'model_size_mb': '1.5074', 'n_model_params': '62333', 'name': 'seanet_recon_topk'}
    [mlflow] logged run 'seanet_recon_topk_Wafer'  (train_acc=1.0000 val_acc=1.0000 test_acc=0.9985 test_loss=0.0724)
[ 81/129] Wafer                        DONE  acc=0.9985 loss=0.0724 AOPCR=  0.608 NDCG=  n/a C=  2 T=  152 (76s)  [23 trained / 0 failed so far]
[ 82/129] Wine
    stage 1/3: loading data ...
    stage 2/3: training on 57 series (no val (train-loss early stop), C=2, T=234, batch=5) ...
    stage 3/3: scoring on 54 test series (accuracy + AOPCR) ...
    [mlflow] versioned model 'seanet_recon_topk__mstcn_sep_recon_topk_conjunctive' (id=m-d6db0f306b464272bd0884be1e7d1c5a) params={'model_size_mb': '1.5074', 'n_model_params': '62333', 'name': 'seanet_recon_topk'}
    [mlflow] logged run 'seanet_recon_topk_Wine'  (train_acc=0.5789 test_acc=0.4444 test_loss=0.7092)
[ 82/129] Wine                         DONE  acc=0.4444 loss=0.7092 AOPCR=  1.161 NDCG=  n/a C=  2 T=  234 (36s)  [24 trained / 0 failed so far]
[ 83/129] WordSynonyms
    stage 1/3: loading data ...
    stage 2/3: training on 217 series (val=50, C=25, T=270, batch=16) ...
    stage 3/3: scoring on 638 test series (accuracy + AOPCR) ...
    [mlflow] versioned model 'seanet_recon_topk__mstcn_sep_recon_topk_conjunctive' (id=m-4bc933960279413fb520e7ac80ac0cd8) params={'model_size_mb': '1.5138', 'n_model_params': '64035', 'name': 'seanet_recon_topk'}
    [mlflow] logged run 'seanet_recon_topk_WordSynonyms'  (train_acc=1.0000 val_acc=0.7600 test_acc=0.6944 test_loss=1.2179)
[ 83/129] WordSynonyms                 DONE  acc=0.6944 loss=1.2179 AOPCR=  1.307 NDCG=  n/a C= 25 T=  270 (32s)  [25 trained / 0 failed so far]
[ 84/129] Worms
    stage 1/3: loading data ...
    stage 2/3: training on 146 series (val=35, C=5, T=900, batch=14) ...
    stage 3/3: scoring on 77 test series (accuracy + AOPCR) ...
    [mlflow] versioned model 'seanet_recon_topk__mstcn_sep_recon_topk_conjunctive' (id=m-37a76b6098d447a282f3765d2e9ff569) params={'model_size_mb': '1.5082', 'n_model_params': '62555', 'name': 'seanet_recon_topk'}
    [mlflow] logged run 'seanet_recon_topk_Worms'  (train_acc=0.9932 val_acc=0.7429 test_acc=0.6234 test_loss=1.0044)
[ 84/129] Worms                        DONE  acc=0.6234 loss=1.0044 AOPCR=  1.705 NDCG=  n/a C=  5 T=  900 (10s)  [26 trained / 0 failed so far]
[ 85/129] WormsTwoClass
    stage 1/3: loading data ...
    stage 2/3: training on 145 series (val=36, C=2, T=900, batch=14) ...
    stage 3/3: scoring on 77 test series (accuracy + AOPCR) ...
    [mlflow] versioned model 'seanet_recon_topk__mstcn_sep_recon_topk_conjunctive' (id=m-5ec9e2fe21fb4fbdb8c55deeef928633) params={'model_size_mb': '1.5074', 'n_model_params': '62333', 'name': 'seanet_recon_topk'}
    [mlflow] logged run 'seanet_recon_topk_WormsTwoClass'  (train_acc=0.9586 val_acc=0.6944 test_acc=0.6883 test_loss=0.5606)
[ 85/129] WormsTwoClass                DONE  acc=0.6883 loss=0.5606 AOPCR=  0.984 NDCG=  n/a C=  2 T=  900 (6s)  [27 trained / 0 failed so far]
[ 86/129] Yoga
    stage 1/3: loading data ...
    stage 2/3: training on 241 series (val=59, C=2, T=426, batch=16) ...
    stage 3/3: scoring on 3000 test series (accuracy + AOPCR) ...
    [mlflow] versioned model 'seanet_recon_topk__mstcn_sep_recon_topk_conjunctive' (id=m-12ce31ee03d34dffbd5c4dd7411e0fca) params={'model_size_mb': '1.5074', 'n_model_params': '62333', 'name': 'seanet_recon_topk'}
    [mlflow] logged run 'seanet_recon_topk_Yoga'  (train_acc=0.9959 val_acc=0.9661 test_acc=0.8800 test_loss=0.2927)
[ 86/129] Yoga                         DONE  acc=0.8800 loss=0.2927 AOPCR=  4.250 NDCG=  n/a C=  2 T=  426 (21s)  [28 trained / 0 failed so far]
[ 87/129] ACSF1
    stage 1/3: loading data ...
    stage 2/3: training on 80 series (val=20, C=10, T=1460, batch=8) ...
    stage 3/3: scoring on 100 test series (accuracy + AOPCR) ...
    [mlflow] versioned model 'seanet_recon_topk__mstcn_sep_recon_topk_conjunctive' (id=m-dedda32cf81a47a8a20f1b2b504b897d) params={'model_size_mb': '1.5096', 'n_model_params': '62925', 'name': 'seanet_recon_topk'}
    [mlflow] logged run 'seanet_recon_topk_ACSF1'  (train_acc=0.7750 val_acc=0.6000 test_acc=0.6700 test_loss=0.8685)
[ 87/129] ACSF1                        DONE  acc=0.6700 loss=0.8685 AOPCR=  1.289 NDCG=  n/a C= 10 T= 1460 (8s)  [29 trained / 0 failed so far]
[ 88/129] AllGestureWiimoteX
    stage 1/3: loading data ...
    stage 2/3: training on 240 series (val=60, C=10, T=500, batch=16) ...
    stage 3/3: scoring on 700 test series (accuracy + AOPCR) ...
    [mlflow] versioned model 'seanet_recon_topk__mstcn_sep_recon_topk_conjunctive' (id=m-363107b8a0e0445780c99d0443803633) params={'model_size_mb': '1.5096', 'n_model_params': '62925', 'name': 'seanet_recon_topk'}
    [mlflow] logged run 'seanet_recon_topk_AllGestureWiimoteX'  (train_acc=1.0000 val_acc=0.8833 test_acc=0.7657 test_loss=0.8151)
[ 88/129] AllGestureWiimoteX           DONE  acc=0.7657 loss=0.8151 AOPCR=  2.020 NDCG=  n/a C= 10 T=  500 (24s)  [30 trained / 0 failed so far]
[ 89/129] AllGestureWiimoteY
    stage 1/3: loading data ...
    stage 2/3: training on 240 series (val=60, C=10, T=500, batch=16) ...
    stage 3/3: scoring on 700 test series (accuracy + AOPCR) ...
    [mlflow] versioned model 'seanet_recon_topk__mstcn_sep_recon_topk_conjunctive' (id=m-e11f121d2a6541689d08f310766129e1) params={'model_size_mb': '1.5096', 'n_model_params': '62925', 'name': 'seanet_recon_topk'}
    [mlflow] logged run 'seanet_recon_topk_AllGestureWiimoteY'  (train_acc=1.0000 val_acc=0.7833 test_acc=0.7671 test_loss=0.7604)
[ 89/129] AllGestureWiimoteY           DONE  acc=0.7671 loss=0.7604 AOPCR=  2.581 NDCG=  n/a C= 10 T=  500 (11s)  [31 trained / 0 failed so far]
[ 90/129] AllGestureWiimoteZ
    stage 1/3: loading data ...
    stage 2/3: training on 240 series (val=60, C=10, T=500, batch=16) ...
    stage 3/3: scoring on 700 test series (accuracy + AOPCR) ...
    [mlflow] versioned model 'seanet_recon_topk__mstcn_sep_recon_topk_conjunctive' (id=m-6583d568900a43fbba0fb95ecf535fc8) params={'model_size_mb': '1.5096', 'n_model_params': '62925', 'name': 'seanet_recon_topk'}
    [mlflow] logged run 'seanet_recon_topk_AllGestureWiimoteZ'  (train_acc=1.0000 val_acc=0.7500 test_acc=0.7486 test_loss=0.8860)
[ 90/129] AllGestureWiimoteZ           DONE  acc=0.7486 loss=0.8860 AOPCR=  1.474 NDCG=  n/a C= 10 T=  500 (27s)  [32 trained / 0 failed so far]
[ 91/129] BME
    stage 1/3: loading data ...
    stage 2/3: training on 30 series (no val (train-loss early stop), C=3, T=128, batch=3) ...
    stage 3/3: scoring on 150 test series (accuracy + AOPCR) ...
    [mlflow] versioned model 'seanet_recon_topk__mstcn_sep_recon_topk_conjunctive' (id=m-5dc9e84142664a3fad8dfe87c286da91) params={'model_size_mb': '1.5076', 'n_model_params': '62407', 'name': 'seanet_recon_topk'}
    [mlflow] logged run 'seanet_recon_topk_BME'  (train_acc=1.0000 test_acc=1.0000 test_loss=0.0933)
[ 91/129] BME                          DONE  acc=1.0000 loss=0.0933 AOPCR=  1.187 NDCG=  n/a C=  3 T=  128 (18s)  [33 trained / 0 failed so far]
[ 92/129] Chinatown
    stage 1/3: loading data ...
    stage 2/3: training on 20 series (no val (train-loss early stop), C=2, T=24, batch=2) ...
    stage 3/3: scoring on 343 test series (accuracy + AOPCR) ...
    [mlflow] versioned model 'seanet_recon_topk__mstcn_sep_recon_topk_conjunctive' (id=m-88144619511d465c85b54ec9ae481d90) params={'model_size_mb': '1.5074', 'n_model_params': '62333', 'name': 'seanet_recon_topk'}
    [mlflow] logged run 'seanet_recon_topk_Chinatown'  (train_acc=1.0000 test_acc=0.9825 test_loss=0.1163)
[ 92/129] Chinatown                    DONE  acc=0.9825 loss=0.1163 AOPCR=  0.328 NDCG=  n/a C=  2 T=   24 (28s)  [34 trained / 0 failed so far]
[ 93/129] Crop
    stage 1/3: loading data ...
    stage 2/3: training on 5760 series (val=1440, C=24, T=46, batch=16) ...
    stage 3/3: scoring on 16800 test series (accuracy + AOPCR) ...
    [mlflow] versioned model 'seanet_recon_topk__mstcn_sep_recon_topk_conjunctive' (id=m-2f5a5216833446329195302fa9032b61) params={'model_size_mb': '1.5136', 'n_model_params': '63961', 'name': 'seanet_recon_topk'}
    [mlflow] logged run 'seanet_recon_topk_Crop'  (train_acc=0.9005 val_acc=0.7271 test_acc=0.7305 test_loss=0.9069)
[ 93/129] Crop                         DONE  acc=0.7305 loss=0.9069 AOPCR=  0.978 NDCG=  n/a C= 24 T=   46 (351s)  [35 trained / 0 failed so far]
[ 94/129] DodgerLoopDay
    stage 1/3: loading data ...
    stage 2/3: training on 78 series (no val (train-loss early stop), C=7, T=288, batch=7) ...
    stage 3/3: scoring on 80 test series (accuracy + AOPCR) ...
    [mlflow] versioned model 'seanet_recon_topk__mstcn_sep_recon_topk_conjunctive' (id=m-4351a1cd6d0b4789bc6d6651fd0ab212) params={'model_size_mb': '1.5087', 'n_model_params': '62703', 'name': 'seanet_recon_topk'}
    [mlflow] logged run 'seanet_recon_topk_DodgerLoopDay'  (train_acc=1.0000 test_acc=0.5875 test_loss=1.2044)
[ 94/129] DodgerLoopDay                DONE  acc=0.5875 loss=1.2044 AOPCR=  1.060 NDCG=  n/a C=  7 T=  288 (37s)  [36 trained / 0 failed so far]
[ 95/129] DodgerLoopGame
    stage 1/3: loading data ...
    stage 2/3: training on 20 series (no val (train-loss early stop), C=2, T=288, batch=2) ...
    stage 3/3: scoring on 138 test series (accuracy + AOPCR) ...
    [mlflow] versioned model 'seanet_recon_topk__mstcn_sep_recon_topk_conjunctive' (id=m-0991d34232624264b68ae3ab5479b94f) params={'model_size_mb': '1.5074', 'n_model_params': '62333', 'name': 'seanet_recon_topk'}
    [mlflow] logged run 'seanet_recon_topk_DodgerLoopGame'  (train_acc=1.0000 test_acc=0.9348 test_loss=0.2128)
[ 95/129] DodgerLoopGame               DONE  acc=0.9348 loss=0.2128 AOPCR=  2.163 NDCG=  n/a C=  2 T=  288 (12s)  [37 trained / 0 failed so far]
[ 96/129] DodgerLoopWeekend
    stage 1/3: loading data ...
    stage 2/3: training on 20 series (no val (train-loss early stop), C=2, T=288, batch=2) ...
    stage 3/3: scoring on 138 test series (accuracy + AOPCR) ...
    [mlflow] versioned model 'seanet_recon_topk__mstcn_sep_recon_topk_conjunctive' (id=m-eceb028baaf0462e90a094ab6f96e852) params={'model_size_mb': '1.5074', 'n_model_params': '62333', 'name': 'seanet_recon_topk'}
    [mlflow] logged run 'seanet_recon_topk_DodgerLoopWeekend'  (train_acc=1.0000 test_acc=0.9855 test_loss=0.1161)
[ 96/129] DodgerLoopWeekend            DONE  acc=0.9855 loss=0.1161 AOPCR=  3.071 NDCG=  n/a C=  2 T=  288 (16s)  [38 trained / 0 failed so far]
[ 97/129] EOGHorizontalSignal
    stage 1/3: loading data ...
    stage 2/3: training on 290 series (val=72, C=12, T=1250, batch=16) ...
    stage 3/3: scoring on 362 test series (accuracy + AOPCR) ...
    [mlflow] versioned model 'seanet_recon_topk__mstcn_sep_recon_topk_conjunctive' (id=m-5e363ab8b0e44af789c3de56b3832ede) params={'model_size_mb': '1.5101', 'n_model_params': '63073', 'name': 'seanet_recon_topk'}
    [mlflow] logged run 'seanet_recon_topk_EOGHorizontalSignal'  (train_acc=1.0000 val_acc=0.9167 test_acc=0.5055 test_loss=1.6338)
[ 97/129] EOGHorizontalSignal          DONE  acc=0.5055 loss=1.6338 AOPCR=  2.455 NDCG=  n/a C= 12 T= 1250 (26s)  [39 trained / 0 failed so far]
[ 98/129] EOGVerticalSignal
    stage 1/3: loading data ...
    stage 2/3: training on 290 series (val=72, C=12, T=1250, batch=16) ...
    stage 3/3: scoring on 362 test series (accuracy + AOPCR) ...
    [mlflow] versioned model 'seanet_recon_topk__mstcn_sep_recon_topk_conjunctive' (id=m-504707136997459796d54a8638bb5ee6) params={'model_size_mb': '1.5101', 'n_model_params': '63073', 'name': 'seanet_recon_topk'}
    [mlflow] logged run 'seanet_recon_topk_EOGVerticalSignal'  (train_acc=0.9379 val_acc=0.8056 test_acc=0.4530 test_loss=1.8326)
[ 98/129] EOGVerticalSignal            DONE  acc=0.4530 loss=1.8326 AOPCR=  1.102 NDCG=  n/a C= 12 T= 1250 (18s)  [40 trained / 0 failed so far]
[ 99/129] EthanolLevel
    stage 1/3: loading data ...
    stage 2/3: training on 404 series (val=100, C=4, T=1751, batch=16) ...
    stage 3/3: scoring on 500 test series (accuracy + AOPCR) ...
    [mlflow] versioned model 'seanet_recon_topk__mstcn_sep_recon_topk_conjunctive' (id=m-fb3f7af3130844a6990c2807bc25434e) params={'model_size_mb': '1.5079', 'n_model_params': '62481', 'name': 'seanet_recon_topk'}
    [mlflow] logged run 'seanet_recon_topk_EthanolLevel'  (train_acc=0.9455 val_acc=0.8700 test_acc=0.7360 test_loss=0.6462)
[ 99/129] EthanolLevel                 DONE  acc=0.7360 loss=0.6462 AOPCR=  0.863 NDCG=  n/a C=  4 T= 1751 (63s)  [41 trained / 0 failed so far]
[100/129] FreezerRegularTrain
    stage 1/3: loading data ...
    stage 2/3: training on 120 series (val=30, C=2, T=301, batch=12) ...
    stage 3/3: scoring on 2850 test series (accuracy + AOPCR) ...
    [mlflow] versioned model 'seanet_recon_topk__mstcn_sep_recon_topk_conjunctive' (id=m-89538337970f4a6e9506d6cf3d516d2a) params={'model_size_mb': '1.5074', 'n_model_params': '62333', 'name': 'seanet_recon_topk'}
    [mlflow] logged run 'seanet_recon_topk_FreezerRegularTrain'  (train_acc=1.0000 val_acc=1.0000 test_acc=0.9930 test_loss=0.0788)
[100/129] FreezerRegularTrain          DONE  acc=0.9930 loss=0.0788 AOPCR=  0.309 NDCG=  n/a C=  2 T=  301 (17s)  [42 trained / 0 failed so far]
[101/129] FreezerSmallTrain
    stage 1/3: loading data ...
    stage 2/3: training on 28 series (no val (train-loss early stop), C=2, T=301, batch=2) ...
    stage 3/3: scoring on 2850 test series (accuracy + AOPCR) ...
    [mlflow] versioned model 'seanet_recon_topk__mstcn_sep_recon_topk_conjunctive' (id=m-d6cbde763d2d40ada035a78a34459c09) params={'model_size_mb': '1.5074', 'n_model_params': '62333', 'name': 'seanet_recon_topk'}
    [mlflow] logged run 'seanet_recon_topk_FreezerSmallTrain'  (train_acc=1.0000 test_acc=0.7421 test_loss=0.5327)
[101/129] FreezerSmallTrain            DONE  acc=0.7421 loss=0.5327 AOPCR=  0.546 NDCG=  n/a C=  2 T=  301 (26s)  [43 trained / 0 failed so far]
[102/129] Fungi
    stage 1/3: loading data ...
    stage 2/3: training on 18 series (no val (train-loss early stop), C=18, T=201, batch=2) ...
    stage 3/3: scoring on 186 test series (accuracy + AOPCR) ...
    [mlflow] versioned model 'seanet_recon_topk__mstcn_sep_recon_topk_conjunctive' (id=m-03b850ecc0ab46e7aac46b67227e578f) params={'model_size_mb': '1.5119', 'n_model_params': '63517', 'name': 'seanet_recon_topk'}
    [mlflow] logged run 'seanet_recon_topk_Fungi'  (train_acc=1.0000 test_acc=0.9785 test_loss=0.1422)
[102/129] Fungi                        DONE  acc=0.9785 loss=0.1422 AOPCR=  1.262 NDCG=  n/a C= 18 T=  201 (16s)  [44 trained / 0 failed so far]
[103/129] GestureMidAirD1
    stage 1/3: loading data ...
    stage 2/3: training on 182 series (val=26, C=26, T=360, batch=16) ...
    stage 3/3: scoring on 130 test series (accuracy + AOPCR) ...
    [mlflow] versioned model 'seanet_recon_topk__mstcn_sep_recon_topk_conjunctive' (id=m-8da9243931184c69b3ca6244cb80da22) params={'model_size_mb': '1.5141', 'n_model_params': '64109', 'name': 'seanet_recon_topk'}
    [mlflow] logged run 'seanet_recon_topk_GestureMidAirD1'  (train_acc=0.9945 val_acc=0.6538 test_acc=0.7077 test_loss=1.1922)
[103/129] GestureMidAirD1              DONE  acc=0.7077 loss=1.1922 AOPCR=  1.114 NDCG=  n/a C= 26 T=  360 (17s)  [45 trained / 0 failed so far]
[104/129] GestureMidAirD2
    stage 1/3: loading data ...
    stage 2/3: training on 182 series (val=26, C=26, T=360, batch=16) ...
    stage 3/3: scoring on 130 test series (accuracy + AOPCR) ...
    [mlflow] versioned model 'seanet_recon_topk__mstcn_sep_recon_topk_conjunctive' (id=m-a7f89c90ce9745939519f31734d0a8e6) params={'model_size_mb': '1.5141', 'n_model_params': '64109', 'name': 'seanet_recon_topk'}
    [mlflow] logged run 'seanet_recon_topk_GestureMidAirD2'  (train_acc=0.8132 val_acc=0.4615 test_acc=0.6077 test_loss=1.0779)
[104/129] GestureMidAirD2              DONE  acc=0.6077 loss=1.0779 AOPCR=  1.898 NDCG=  n/a C= 26 T=  360 (8s)  [46 trained / 0 failed so far]
[105/129] GestureMidAirD3
    stage 1/3: loading data ...
    stage 2/3: training on 182 series (val=26, C=26, T=360, batch=16) ...
    stage 3/3: scoring on 130 test series (accuracy + AOPCR) ...
    [mlflow] versioned model 'seanet_recon_topk__mstcn_sep_recon_topk_conjunctive' (id=m-93c0cf4b34544fe6a5bce94aec907541) params={'model_size_mb': '1.5141', 'n_model_params': '64109', 'name': 'seanet_recon_topk'}
    [mlflow] logged run 'seanet_recon_topk_GestureMidAirD3'  (train_acc=0.8516 val_acc=0.4231 test_acc=0.3000 test_loss=2.2293)
[105/129] GestureMidAirD3              DONE  acc=0.3000 loss=2.2293 AOPCR=  2.049 NDCG=  n/a C= 26 T=  360 (8s)  [47 trained / 0 failed so far]
[106/129] GesturePebbleZ1
    stage 1/3: loading data ...
    stage 2/3: training on 107 series (val=25, C=6, T=455, batch=10) ...
    stage 3/3: scoring on 172 test series (accuracy + AOPCR) ...
    [mlflow] versioned model 'seanet_recon_topk__mstcn_sep_recon_topk_conjunctive' (id=m-80a74dd192264731af635d041c78c691) params={'model_size_mb': '1.5085', 'n_model_params': '62629', 'name': 'seanet_recon_topk'}
    [mlflow] logged run 'seanet_recon_topk_GesturePebbleZ1'  (train_acc=1.0000 val_acc=1.0000 test_acc=0.9244 test_loss=0.3089)
[106/129] GesturePebbleZ1              DONE  acc=0.9244 loss=0.3089 AOPCR=  1.515 NDCG=  n/a C=  6 T=  455 (28s)  [48 trained / 0 failed so far]
[107/129] GesturePebbleZ2
    stage 1/3: loading data ...
    stage 2/3: training on 120 series (val=26, C=6, T=455, batch=12) ...
    stage 3/3: scoring on 158 test series (accuracy + AOPCR) ...
    [mlflow] versioned model 'seanet_recon_topk__mstcn_sep_recon_topk_conjunctive' (id=m-0a93fa9b34a54329bcdd3a44f490a781) params={'model_size_mb': '1.5085', 'n_model_params': '62629', 'name': 'seanet_recon_topk'}
    [mlflow] logged run 'seanet_recon_topk_GesturePebbleZ2'  (train_acc=1.0000 val_acc=1.0000 test_acc=0.9304 test_loss=0.3067)
[107/129] GesturePebbleZ2              DONE  acc=0.9304 loss=0.3067 AOPCR=  2.264 NDCG=  n/a C=  6 T=  455 (30s)  [49 trained / 0 failed so far]
[108/129] GunPointAgeSpan
    stage 1/3: loading data ...
    stage 2/3: training on 109 series (val=26, C=2, T=150, batch=10) ...
    stage 3/3: scoring on 316 test series (accuracy + AOPCR) ...
    [mlflow] versioned model 'seanet_recon_topk__mstcn_sep_recon_topk_conjunctive' (id=m-4f24043cfd8a4a948db64a4eb77077be) params={'model_size_mb': '1.5074', 'n_model_params': '62333', 'name': 'seanet_recon_topk'}
    [mlflow] logged run 'seanet_recon_topk_GunPointAgeSpan'  (train_acc=1.0000 val_acc=1.0000 test_acc=0.9778 test_loss=0.1010)
[108/129] GunPointAgeSpan              DONE  acc=0.9778 loss=0.1010 AOPCR=  1.812 NDCG=  n/a C=  2 T=  150 (10s)  [50 trained / 0 failed so far]
[109/129] GunPointMaleVersusFemale
    stage 1/3: loading data ...
    stage 2/3: training on 109 series (val=26, C=2, T=150, batch=10) ...
    stage 3/3: scoring on 316 test series (accuracy + AOPCR) ...
    [mlflow] versioned model 'seanet_recon_topk__mstcn_sep_recon_topk_conjunctive' (id=m-fa2d8844305645f0b243c8eb4f8c7b49) params={'model_size_mb': '1.5074', 'n_model_params': '62333', 'name': 'seanet_recon_topk'}
    [mlflow] logged run 'seanet_recon_topk_GunPointMaleVersusFemale'  (train_acc=1.0000 val_acc=1.0000 test_acc=0.9810 test_loss=0.1087)
[109/129] GunPointMaleVersusFemale     DONE  acc=0.9810 loss=0.1087 AOPCR=  1.317 NDCG=  n/a C=  2 T=  150 (13s)  [51 trained / 0 failed so far]
[110/129] GunPointOldVersusYoung
    stage 1/3: loading data ...
    stage 2/3: training on 109 series (val=27, C=2, T=150, batch=10) ...
    stage 3/3: scoring on 315 test series (accuracy + AOPCR) ...
    [mlflow] versioned model 'seanet_recon_topk__mstcn_sep_recon_topk_conjunctive' (id=m-9fc0724ea8b64c5d82d0cd8604c31abd) params={'model_size_mb': '1.5074', 'n_model_params': '62333', 'name': 'seanet_recon_topk'}
    [mlflow] logged run 'seanet_recon_topk_GunPointOldVersusYoung'  (train_acc=1.0000 val_acc=1.0000 test_acc=0.9873 test_loss=0.1069)
[110/129] GunPointOldVersusYoung       DONE  acc=0.9873 loss=0.1069 AOPCR=  1.669 NDCG=  n/a C=  2 T=  150 (13s)  [52 trained / 0 failed so far]
[111/129] HouseTwenty
    stage 1/3: loading data ...
    stage 2/3: training on 40 series (no val (train-loss early stop), C=2, T=2000, batch=4) ...
    stage 3/3: scoring on 119 test series (accuracy + AOPCR) ...
    [mlflow] versioned model 'seanet_recon_topk__mstcn_sep_recon_topk_conjunctive' (id=m-6f2882cf286f43f4a201f3f8b235c2f5) params={'model_size_mb': '1.5074', 'n_model_params': '62333', 'name': 'seanet_recon_topk'}
    [mlflow] logged run 'seanet_recon_topk_HouseTwenty'  (train_acc=1.0000 test_acc=0.9748 test_loss=0.1569)
[111/129] HouseTwenty                  DONE  acc=0.9748 loss=0.1569 AOPCR=  2.885 NDCG=  n/a C=  2 T= 2000 (26s)  [53 trained / 0 failed so far]
[112/129] InsectEPGRegularTrain
    stage 1/3: loading data ...
    stage 2/3: training on 62 series (no val (train-loss early stop), C=3, T=601, batch=6) ...
    stage 3/3: scoring on 249 test series (accuracy + AOPCR) ...
    [mlflow] versioned model 'seanet_recon_topk__mstcn_sep_recon_topk_conjunctive' (id=m-22af5d5986c74ff080852025d5b7ab05) params={'model_size_mb': '1.5076', 'n_model_params': '62407', 'name': 'seanet_recon_topk'}
    [mlflow] logged run 'seanet_recon_topk_InsectEPGRegularTrain'  (train_acc=1.0000 test_acc=0.9880 test_loss=0.1390)
[112/129] InsectEPGRegularTrain        DONE  acc=0.9880 loss=0.1390 AOPCR=  3.004 NDCG=  n/a C=  3 T=  601 (26s)  [54 trained / 0 failed so far]
[113/129] InsectEPGSmallTrain
    stage 1/3: loading data ...
    stage 2/3: training on 17 series (no val (train-loss early stop), C=3, T=601, batch=2) ...
    stage 3/3: scoring on 249 test series (accuracy + AOPCR) ...
    [mlflow] versioned model 'seanet_recon_topk__mstcn_sep_recon_topk_conjunctive' (id=m-d117adc6db5b4826afd068733692a61b) params={'model_size_mb': '1.5076', 'n_model_params': '62407', 'name': 'seanet_recon_topk'}
    [mlflow] logged run 'seanet_recon_topk_InsectEPGSmallTrain'  (train_acc=1.0000 test_acc=0.7711 test_loss=0.5571)
[113/129] InsectEPGSmallTrain          DONE  acc=0.7711 loss=0.5571 AOPCR=  1.559 NDCG=  n/a C=  3 T=  601 (10s)  [55 trained / 0 failed so far]
[114/129] MelbournePedestrian
    stage 1/3: loading data ...
    stage 2/3: training on 956 series (val=238, C=10, T=24, batch=16) ...
    stage 3/3: scoring on 2439 test series (accuracy + AOPCR) ...
    [mlflow] versioned model 'seanet_recon_topk__mstcn_sep_recon_topk_conjunctive' (id=m-44fb315b07bd42dba4e75365884cbe13) params={'model_size_mb': '1.5096', 'n_model_params': '62925', 'name': 'seanet_recon_topk'}
    [mlflow] logged run 'seanet_recon_topk_MelbournePedestrian'  (train_acc=1.0000 val_acc=0.9118 test_acc=0.9000 test_loss=0.3880)
[114/129] MelbournePedestrian          DONE  acc=0.9000 loss=0.3880 AOPCR=  0.483 NDCG=  n/a C= 10 T=   24 (112s)  [56 trained / 0 failed so far]
[115/129] MixedShapesRegularTrain
    stage 1/3: loading data ...
    stage 2/3: training on 400 series (val=100, C=5, T=1024, batch=16) ...
    stage 3/3: scoring on 2425 test series (accuracy + AOPCR) ...
    [mlflow] versioned model 'seanet_recon_topk__mstcn_sep_recon_topk_conjunctive' (id=m-82a472e5aff141e5b5ca1697c0423eba) params={'model_size_mb': '1.5082', 'n_model_params': '62555', 'name': 'seanet_recon_topk'}
    [mlflow] logged run 'seanet_recon_topk_MixedShapesRegularTrain'  (train_acc=1.0000 val_acc=0.9800 test_acc=0.9724 test_loss=0.1920)
[115/129] MixedShapesRegularTrain      DONE  acc=0.9724 loss=0.1920 AOPCR=  0.219 NDCG=  n/a C=  5 T= 1024 (75s)  [57 trained / 0 failed so far]
[116/129] MixedShapesSmallTrain
    stage 1/3: loading data ...
    stage 2/3: training on 80 series (val=20, C=5, T=1024, batch=8) ...
    stage 3/3: scoring on 2425 test series (accuracy + AOPCR) ...
    [mlflow] versioned model 'seanet_recon_topk__mstcn_sep_recon_topk_conjunctive' (id=m-f7f83af52b5e428db3b6aae26a9f6340) params={'model_size_mb': '1.5082', 'n_model_params': '62555', 'name': 'seanet_recon_topk'}
    [mlflow] logged run 'seanet_recon_topk_MixedShapesSmallTrain'  (train_acc=1.0000 val_acc=0.9500 test_acc=0.8705 test_loss=0.4275)
[116/129] MixedShapesSmallTrain        DONE  acc=0.8705 loss=0.4275 AOPCR=  2.465 NDCG=  n/a C=  5 T= 1024 (7s)  [58 trained / 0 failed so far]
[117/129] PLAID
    stage 1/3: loading data ...
    stage 2/3: training on 436 series (val=101, C=11, T=1344, batch=16) ...
    stage 3/3: scoring on 537 test series (accuracy + AOPCR) ...
    [mlflow] versioned model 'seanet_recon_topk__mstcn_sep_recon_topk_conjunctive' (id=m-c15445d204f245db8f8662fb63d5f70e) params={'model_size_mb': '1.5098', 'n_model_params': '62999', 'name': 'seanet_recon_topk'}
    [mlflow] logged run 'seanet_recon_topk_PLAID'  (train_acc=0.9656 val_acc=0.8812 test_acc=0.9013 test_loss=0.3752)
[117/129] PLAID                        DONE  acc=0.9013 loss=0.3752 AOPCR=  1.804 NDCG=  n/a C= 11 T= 1344 (37s)  [59 trained / 0 failed so far]
[118/129] PickupGestureWiimoteZ
    stage 1/3: loading data ...
    stage 2/3: training on 50 series (no val (train-loss early stop), C=10, T=361, batch=5) ...
    stage 3/3: scoring on 50 test series (accuracy + AOPCR) ...
    [mlflow] versioned model 'seanet_recon_topk__mstcn_sep_recon_topk_conjunctive' (id=m-62e13b0f292a455498745c2698752502) params={'model_size_mb': '1.5096', 'n_model_params': '62925', 'name': 'seanet_recon_topk'}
    [mlflow] logged run 'seanet_recon_topk_PickupGestureWiimoteZ'  (train_acc=1.0000 test_acc=0.8600 test_loss=0.6425)
[118/129] PickupGestureWiimoteZ        DONE  acc=0.8600 loss=0.6425 AOPCR=  0.971 NDCG=  n/a C= 10 T=  361 (29s)  [60 trained / 0 failed so far]
[119/129] PigAirwayPressure
    stage 1/3: loading data ...
    stage 2/3: training on 52 series (val=52, C=52, T=2000, batch=5) ...
    stage 3/3: scoring on 208 test series (accuracy + AOPCR) ...
    [mlflow] versioned model 'seanet_recon_topk__mstcn_sep_recon_topk_conjunctive' (id=m-48cbe16bfdec41b0b6c94dd1b75c42d3) params={'model_size_mb': '1.5215', 'n_model_params': '66033', 'name': 'seanet_recon_topk'}
    [mlflow] logged run 'seanet_recon_topk_PigAirwayPressure'  (train_acc=0.0769 val_acc=0.0192 test_acc=0.0337 test_loss=3.9208)
[119/129] PigAirwayPressure            DONE  acc=0.0337 loss=3.9208 AOPCR=  0.459 NDCG=  n/a C= 52 T= 2000 (5s)  [61 trained / 0 failed so far]
[120/129] PigArtPressure
    stage 1/3: loading data ...
    stage 2/3: training on 52 series (val=52, C=52, T=2000, batch=5) ...
    stage 3/3: scoring on 208 test series (accuracy + AOPCR) ...
    [mlflow] versioned model 'seanet_recon_topk__mstcn_sep_recon_topk_conjunctive' (id=m-3b8b204f30ba4c8dbe24708c94810e92) params={'model_size_mb': '1.5215', 'n_model_params': '66033', 'name': 'seanet_recon_topk'}
    [mlflow] logged run 'seanet_recon_topk_PigArtPressure'  (train_acc=1.0000 val_acc=0.7885 test_acc=0.8462 test_loss=0.7330)
[120/129] PigArtPressure               DONE  acc=0.8462 loss=0.7330 AOPCR=  0.831 NDCG=  n/a C= 52 T= 2000 (32s)  [62 trained / 0 failed so far]
[121/129] PigCVP
    stage 1/3: loading data ...
    stage 2/3: training on 52 series (val=52, C=52, T=2000, batch=5) ...
    stage 3/3: scoring on 208 test series (accuracy + AOPCR) ...
    [mlflow] versioned model 'seanet_recon_topk__mstcn_sep_recon_topk_conjunctive' (id=m-6296f7673c1845c3bed2f2f9df5b2dce) params={'model_size_mb': '1.5215', 'n_model_params': '66033', 'name': 'seanet_recon_topk'}
    [mlflow] logged run 'seanet_recon_topk_PigCVP'  (train_acc=1.0000 val_acc=0.6731 test_acc=0.7212 test_loss=1.4587)
[121/129] PigCVP                       DONE  acc=0.7212 loss=1.4587 AOPCR=  1.756 NDCG=  n/a C= 52 T= 2000 (23s)  [63 trained / 0 failed so far]
[122/129] PowerCons
    stage 1/3: loading data ...
    stage 2/3: training on 144 series (val=36, C=2, T=144, batch=14) ...
    stage 3/3: scoring on 180 test series (accuracy + AOPCR) ...
    [mlflow] versioned model 'seanet_recon_topk__mstcn_sep_recon_topk_conjunctive' (id=m-df661854a6034616be0b4cca55642324) params={'model_size_mb': '1.5074', 'n_model_params': '62333', 'name': 'seanet_recon_topk'}
    [mlflow] logged run 'seanet_recon_topk_PowerCons'  (train_acc=1.0000 val_acc=1.0000 test_acc=0.9556 test_loss=0.1456)
[122/129] PowerCons                    DONE  acc=0.9556 loss=0.1456 AOPCR=  0.832 NDCG=  n/a C=  2 T=  144 (10s)  [64 trained / 0 failed so far]
[123/129] Rock
    stage 1/3: loading data ...
    stage 2/3: training on 20 series (no val (train-loss early stop), C=4, T=2844, batch=2) ...
    stage 3/3: scoring on 50 test series (accuracy + AOPCR) ...
    [mlflow] versioned model 'seanet_recon_topk__mstcn_sep_recon_topk_conjunctive' (id=m-7c2284688d0743baabcc17e6cd60b241) params={'model_size_mb': '1.5079', 'n_model_params': '62481', 'name': 'seanet_recon_topk'}
    [mlflow] logged run 'seanet_recon_topk_Rock'  (train_acc=1.0000 test_acc=0.5800 test_loss=1.0954)
[123/129] Rock                         DONE  acc=0.5800 loss=1.0954 AOPCR=  2.591 NDCG=  n/a C=  4 T= 2844 (13s)  [65 trained / 0 failed so far]
[124/129] SemgHandGenderCh2
    stage 1/3: loading data ...
    stage 2/3: training on 240 series (val=60, C=2, T=1500, batch=16) ...
    stage 3/3: scoring on 600 test series (accuracy + AOPCR) ...
    [mlflow] versioned model 'seanet_recon_topk__mstcn_sep_recon_topk_conjunctive' (id=m-2e14b54faf024b1aa3952870411d2d3b) params={'model_size_mb': '1.5074', 'n_model_params': '62333', 'name': 'seanet_recon_topk'}
    [mlflow] logged run 'seanet_recon_topk_SemgHandGenderCh2'  (train_acc=1.0000 val_acc=0.9167 test_acc=0.8517 test_loss=0.3194)
[124/129] SemgHandGenderCh2            DONE  acc=0.8517 loss=0.3194 AOPCR=  0.978 NDCG=  n/a C=  2 T= 1500 (15s)  [66 trained / 0 failed so far]
[125/129] SemgHandMovementCh2
    stage 1/3: loading data ...
    stage 2/3: training on 360 series (val=90, C=6, T=1500, batch=16) ...
    stage 3/3: scoring on 450 test series (accuracy + AOPCR) ...
    [mlflow] versioned model 'seanet_recon_topk__mstcn_sep_recon_topk_conjunctive' (id=m-67fcfb46bb1e40de9dca2dd1f6c8dfbf) params={'model_size_mb': '1.5085', 'n_model_params': '62629', 'name': 'seanet_recon_topk'}
    [mlflow] logged run 'seanet_recon_topk_SemgHandMovementCh2'  (train_acc=0.6111 val_acc=0.5333 test_acc=0.4267 test_loss=1.2896)
[125/129] SemgHandMovementCh2          DONE  acc=0.4267 loss=1.2896 AOPCR=  2.347 NDCG=  n/a C=  6 T= 1500 (14s)  [67 trained / 0 failed so far]
[126/129] SemgHandSubjectCh2
    stage 1/3: loading data ...
    stage 2/3: training on 360 series (val=90, C=5, T=1500, batch=16) ...
    stage 3/3: scoring on 450 test series (accuracy + AOPCR) ...
    [mlflow] versioned model 'seanet_recon_topk__mstcn_sep_recon_topk_conjunctive' (id=m-3d2aa78079fb44c2849eec461fdc9349) params={'model_size_mb': '1.5082', 'n_model_params': '62555', 'name': 'seanet_recon_topk'}
    [mlflow] logged run 'seanet_recon_topk_SemgHandSubjectCh2'  (train_acc=1.0000 val_acc=0.9000 test_acc=0.8622 test_loss=0.4504)
[126/129] SemgHandSubjectCh2           DONE  acc=0.8622 loss=0.4504 AOPCR=  1.612 NDCG=  n/a C=  5 T= 1500 (69s)  [68 trained / 0 failed so far]
[127/129] ShakeGestureWiimoteZ
    stage 1/3: loading data ...
    stage 2/3: training on 50 series (no val (train-loss early stop), C=10, T=385, batch=5) ...
    stage 3/3: scoring on 50 test series (accuracy + AOPCR) ...
    [mlflow] versioned model 'seanet_recon_topk__mstcn_sep_recon_topk_conjunctive' (id=m-f08f73dcc6344267a25db9fd301a8b2b) params={'model_size_mb': '1.5096', 'n_model_params': '62925', 'name': 'seanet_recon_topk'}
    [mlflow] logged run 'seanet_recon_topk_ShakeGestureWiimoteZ'  (train_acc=1.0000 test_acc=0.9600 test_loss=0.3037)
[127/129] ShakeGestureWiimoteZ         DONE  acc=0.9600 loss=0.3037 AOPCR=  1.204 NDCG=  n/a C= 10 T=  385 (30s)  [69 trained / 0 failed so far]
[128/129] SmoothSubspace
    stage 1/3: loading data ...
    stage 2/3: training on 120 series (val=30, C=3, T=15, batch=12) ...
    stage 3/3: scoring on 150 test series (accuracy + AOPCR) ...
    [mlflow] versioned model 'seanet_recon_topk__mstcn_sep_recon_topk_conjunctive' (id=m-47e81e5fa3a840039eb54dc4318deb1a) params={'model_size_mb': '1.5076', 'n_model_params': '62407', 'name': 'seanet_recon_topk'}
    [mlflow] logged run 'seanet_recon_topk_SmoothSubspace'  (train_acc=1.0000 val_acc=1.0000 test_acc=0.9867 test_loss=0.1473)
[128/129] SmoothSubspace               DONE  acc=0.9867 loss=0.1473 AOPCR=  0.776 NDCG=  n/a C=  3 T=   15 (23s)  [70 trained / 0 failed so far]
[129/129] UMD
    stage 1/3: loading data ...
    stage 2/3: training on 36 series (no val (train-loss early stop), C=3, T=150, batch=3) ...
    stage 3/3: scoring on 144 test series (accuracy + AOPCR) ...
    [mlflow] versioned model 'seanet_recon_topk__mstcn_sep_recon_topk_conjunctive' (id=m-699542aed1e2468d97613892d1316641) params={'model_size_mb': '1.5076', 'n_model_params': '62407', 'name': 'seanet_recon_topk'}
    [mlflow] logged run 'seanet_recon_topk_UMD'  (train_acc=1.0000 test_acc=0.9931 test_loss=0.0961)
[129/129] UMD                          DONE  acc=0.9931 loss=0.0961 AOPCR=  1.535 NDCG=  n/a C=  3 T=  150 (19s)  [71 trained / 0 failed so far]

Done: 71 trained, 58 skipped, 0 failed.
Results -> results/SEA_NET/seanet_recon_topk__mstcn_sep_recon_topk_conjunctive/results.csv

=== seanet_recon_topk__mstcn_sep_recon_topk_conjunctive vs MILLET ConjunctiveInceptionTime (mean of 5 reps) ===
  UCR datasets evaluated: 128  (with MILLET baseline: 85, without: 43)
  metric        ours    MILLET   win/tie/loss   (mean over the 85 datasets MILLET published)
  acc         0.8063    0.8445       19/19/47   
  loss        0.5530    1.2241        59/0/26   (lower is better)
  aopcr       1.2221    4.5532         5/0/80   
  wrote results/SEA_NET/seanet_recon_topk__mstcn_sep_recon_topk_conjunctive/comparison_vs_millet.csv

Next: `python main.py report` to draw the figures for seanet_recon_topk__mstcn_sep_recon_topk_conjunctive.

[log] finished; full output saved to results/SEA_NET/seanet_recon_topk__mstcn_sep_recon_topk_conjunctive/logs/train_2026-07-25_00-07-24.log
