[log] command 'train' started at 2026-07-29_16-56-13 for model 'seanet_spiketrend_adaptive__sea_mstcn_sep_spiketrend__sea_adaptive_classwise'
[log] a copy of everything below is being saved to: results/SEA_NET/seanet_spiketrend_adaptive__sea_mstcn_sep_spiketrend__sea_adaptive_classwise/logs/train_2026-07-29_16-56-13.log

=== train: model=seanet_spiketrend_adaptive__sea_mstcn_sep_spiketrend__sea_adaptive_classwise (config sv4/seanet_spiketrend_adaptive) device=cuda mode=full datasets=129 ===
[params] using DEFAULT recipe (no Optuna record yet - run 'python main.py optuna --model sv4/seanet_spiketrend_adaptive').
  results  -> results/SEA_NET/seanet_spiketrend_adaptive__sea_mstcn_sep_spiketrend__sea_adaptive_classwise/results.csv
  resume   -> results/SEA_NET/seanet_spiketrend_adaptive__sea_mstcn_sep_spiketrend__sea_adaptive_classwise/done_train_dataset.txt  (delete it to retrain everything; delete one line to retrain that dataset)

  [mlflow] logging runs to experiment 'SEA-Net_seanet_spiketrend_adaptive__sea_mstcn_sep_spiketrend__sea_adaptive_classwise_2026-07-29' at sqlite:///mlflow.db
  [mlflow] browse later with:  mlflow ui --backend-store-uri sqlite:///mlflow.db
[  1/129] WebTraffic                   already done -> skip
[  2/129] Adiac
    stage 1/3: loading data ...
    stage 2/3: training on 328 series (val=62, C=37, T=176, batch=16) ...
    stage 3/3: scoring on 391 test series (accuracy + AOPCR) ...
    [mlflow] versioned model 'seanet_spiketrend_adaptive__sea_mstcn_sep_spiketrend__sea_adaptive_classwise' (id=m-2b5ddbd8064b48729890f5c171369df7) params={'model_size_mb': '1.5335', 'n_model_params': '69055', 'name': 'seanet_spiketrend_adaptive'}
    [mlflow] logged run 'seanet_spiketrend_adaptive_Adiac'  (train_acc=0.9482 val_acc=0.7742 test_acc=0.7494 test_loss=0.8932)
[  2/129] Adiac                        DONE  acc=0.7494 loss=0.8932 AOPCR= -0.212 NDCG=  n/a C= 37 T=  176 (91s)  [1 trained / 0 failed so far]
[  3/129] ArrowHead
    stage 1/3: loading data ...
    stage 2/3: training on 36 series (no val (train-loss early stop), C=3, T=251, batch=3) ...
    stage 3/3: scoring on 175 test series (accuracy + AOPCR) ...
    [mlflow] versioned model 'seanet_spiketrend_adaptive__sea_mstcn_sep_spiketrend__sea_adaptive_classwise' (id=m-81af1213222d4d358618a478b58a6304) params={'model_size_mb': '1.5237', 'n_model_params': '66505', 'name': 'seanet_spiketrend_adaptive'}
    [mlflow] logged run 'seanet_spiketrend_adaptive_ArrowHead'  (train_acc=1.0000 test_acc=0.8171 test_loss=0.4913)
[  3/129] ArrowHead                    DONE  acc=0.8171 loss=0.4913 AOPCR=  1.346 NDCG=  n/a C=  3 T=  251 (55s)  [2 trained / 0 failed so far]
[  4/129] Beef
    stage 1/3: loading data ...
    stage 2/3: training on 30 series (no val (train-loss early stop), C=5, T=470, batch=3) ...
    stage 3/3: scoring on 30 test series (accuracy + AOPCR) ...
    [mlflow] versioned model 'seanet_spiketrend_adaptive__sea_mstcn_sep_spiketrend__sea_adaptive_classwise' (id=m-5bed96aa2c8148579119bf255cf36200) params={'model_size_mb': '1.5242', 'n_model_params': '66655', 'name': 'seanet_spiketrend_adaptive'}
    [mlflow] logged run 'seanet_spiketrend_adaptive_Beef'  (train_acc=1.0000 test_acc=0.8667 test_loss=0.4541)
[  4/129] Beef                         DONE  acc=0.8667 loss=0.4541 AOPCR=-14.182 NDCG=  n/a C=  5 T=  470 (65s)  [3 trained / 0 failed so far]
[  5/129] BeetleFly
    stage 1/3: loading data ...
    stage 2/3: training on 20 series (no val (train-loss early stop), C=2, T=512, batch=2) ...
    stage 3/3: scoring on 20 test series (accuracy + AOPCR) ...
    [mlflow] versioned model 'seanet_spiketrend_adaptive__sea_mstcn_sep_spiketrend__sea_adaptive_classwise' (id=m-c24cf6f9e1d04946b9df95690b56ee45) params={'model_size_mb': '1.5234', 'n_model_params': '66430', 'name': 'seanet_spiketrend_adaptive'}
    [mlflow] logged run 'seanet_spiketrend_adaptive_BeetleFly'  (train_acc=1.0000 test_acc=0.7500 test_loss=0.4233)
[  5/129] BeetleFly                    DONE  acc=0.7500 loss=0.4233 AOPCR=  1.011 NDCG=  n/a C=  2 T=  512 (42s)  [4 trained / 0 failed so far]
[  6/129] BirdChicken
    stage 1/3: loading data ...
    stage 2/3: training on 20 series (no val (train-loss early stop), C=2, T=512, batch=2) ...
    stage 3/3: scoring on 20 test series (accuracy + AOPCR) ...
    [mlflow] versioned model 'seanet_spiketrend_adaptive__sea_mstcn_sep_spiketrend__sea_adaptive_classwise' (id=m-33f40aff869c4e37aeba1960b240ebf2) params={'model_size_mb': '1.5234', 'n_model_params': '66430', 'name': 'seanet_spiketrend_adaptive'}
    [mlflow] logged run 'seanet_spiketrend_adaptive_BirdChicken'  (train_acc=1.0000 test_acc=0.8500 test_loss=0.2691)
[  6/129] BirdChicken                  DONE  acc=0.8500 loss=0.2691 AOPCR=  0.880 NDCG=  n/a C=  2 T=  512 (21s)  [5 trained / 0 failed so far]
[  7/129] Car
    stage 1/3: loading data ...
    stage 2/3: training on 60 series (no val (train-loss early stop), C=4, T=577, batch=6) ...
    stage 3/3: scoring on 60 test series (accuracy + AOPCR) ...
    [mlflow] versioned model 'seanet_spiketrend_adaptive__sea_mstcn_sep_spiketrend__sea_adaptive_classwise' (id=m-75ebc24ce5594662a3860c65b1941d3e) params={'model_size_mb': '1.524', 'n_model_params': '66580', 'name': 'seanet_spiketrend_adaptive'}
    [mlflow] logged run 'seanet_spiketrend_adaptive_Car'  (train_acc=1.0000 test_acc=0.9333 test_loss=0.3034)
[  7/129] Car                          DONE  acc=0.9333 loss=0.3034 AOPCR=  2.601 NDCG=  n/a C=  4 T=  577 (50s)  [6 trained / 0 failed so far]
[  8/129] CBF
    stage 1/3: loading data ...
    stage 2/3: training on 30 series (no val (train-loss early stop), C=3, T=128, batch=3) ...
    stage 3/3: scoring on 900 test series (accuracy + AOPCR) ...
    [mlflow] versioned model 'seanet_spiketrend_adaptive__sea_mstcn_sep_spiketrend__sea_adaptive_classwise' (id=m-a94bd5943940497fb6f84c8c2fa48e63) params={'model_size_mb': '1.5237', 'n_model_params': '66505', 'name': 'seanet_spiketrend_adaptive'}
    [mlflow] logged run 'seanet_spiketrend_adaptive_CBF'  (train_acc=1.0000 test_acc=1.0000 test_loss=0.1001)
[  8/129] CBF                          DONE  acc=1.0000 loss=0.1001 AOPCR=  1.105 NDCG=  n/a C=  3 T=  128 (34s)  [7 trained / 0 failed so far]
[  9/129] ChlorineConcentration
    stage 1/3: loading data ...
    stage 2/3: training on 375 series (val=92, C=3, T=166, batch=16) ...
    stage 3/3: scoring on 3840 test series (accuracy + AOPCR) ...
    [mlflow] versioned model 'seanet_spiketrend_adaptive__sea_mstcn_sep_spiketrend__sea_adaptive_classwise' (id=m-620a3763f6604606a57e8a374ca929be) params={'model_size_mb': '1.5237', 'n_model_params': '66505', 'name': 'seanet_spiketrend_adaptive'}
    [mlflow] logged run 'seanet_spiketrend_adaptive_ChlorineConcentration'  (train_acc=0.8347 val_acc=0.6522 test_acc=0.6607 test_loss=0.7693)
[  9/129] ChlorineConcentration        DONE  acc=0.6607 loss=0.7693 AOPCR=  1.783 NDCG=  n/a C=  3 T=  166 (80s)  [8 trained / 0 failed so far]
[ 10/129] CinCECGTorso
    stage 1/3: loading data ...
    stage 2/3: training on 40 series (no val (train-loss early stop), C=4, T=1639, batch=4) ...
    stage 3/3: scoring on 1380 test series (accuracy + AOPCR) ...
    [mlflow] versioned model 'seanet_spiketrend_adaptive__sea_mstcn_sep_spiketrend__sea_adaptive_classwise' (id=m-8a4965df6a9c434190b0ed8ca999b010) params={'model_size_mb': '1.524', 'n_model_params': '66580', 'name': 'seanet_spiketrend_adaptive'}
    [mlflow] logged run 'seanet_spiketrend_adaptive_CinCECGTorso'  (train_acc=1.0000 test_acc=0.6703 test_loss=0.7843)
[ 10/129] CinCECGTorso                 DONE  acc=0.6703 loss=0.7843 AOPCR= -6.013 NDCG=  n/a C=  4 T= 1639 (55s)  [9 trained / 0 failed so far]
[ 11/129] Coffee
    stage 1/3: loading data ...
    stage 2/3: training on 28 series (no val (train-loss early stop), C=2, T=286, batch=2) ...
    stage 3/3: scoring on 28 test series (accuracy + AOPCR) ...
    [mlflow] versioned model 'seanet_spiketrend_adaptive__sea_mstcn_sep_spiketrend__sea_adaptive_classwise' (id=m-9d387f1f88b6497086875a0865902837) params={'model_size_mb': '1.5234', 'n_model_params': '66430', 'name': 'seanet_spiketrend_adaptive'}
    [mlflow] logged run 'seanet_spiketrend_adaptive_Coffee'  (train_acc=1.0000 test_acc=1.0000 test_loss=0.0743)
[ 11/129] Coffee                       DONE  acc=1.0000 loss=0.0743 AOPCR=  1.187 NDCG=  n/a C=  2 T=  286 (52s)  [10 trained / 0 failed so far]
[ 12/129] Computers
    stage 1/3: loading data ...
    stage 2/3: training on 200 series (val=50, C=2, T=720, batch=16) ...
    stage 3/3: scoring on 250 test series (accuracy + AOPCR) ...
    [mlflow] versioned model 'seanet_spiketrend_adaptive__sea_mstcn_sep_spiketrend__sea_adaptive_classwise' (id=m-2a54567fd6f84992a0fe63de599ac4ac) params={'model_size_mb': '1.5234', 'n_model_params': '66430', 'name': 'seanet_spiketrend_adaptive'}
    [mlflow] logged run 'seanet_spiketrend_adaptive_Computers'  (train_acc=0.9900 val_acc=0.8200 test_acc=0.6720 test_loss=0.7483)
[ 12/129] Computers                    DONE  acc=0.6720 loss=0.7483 AOPCR=  0.132 NDCG=  n/a C=  2 T=  720 (23s)  [11 trained / 0 failed so far]
[ 13/129] CricketX
    stage 1/3: loading data ...
    stage 2/3: training on 317 series (val=73, C=12, T=300, batch=16) ...
    stage 3/3: scoring on 390 test series (accuracy + AOPCR) ...
    [mlflow] versioned model 'seanet_spiketrend_adaptive__sea_mstcn_sep_spiketrend__sea_adaptive_classwise' (id=m-a0dace1bf47241aabb23b728c1cae735) params={'model_size_mb': '1.5262', 'n_model_params': '67180', 'name': 'seanet_spiketrend_adaptive'}
    [mlflow] logged run 'seanet_spiketrend_adaptive_CricketX'  (train_acc=1.0000 val_acc=0.8767 test_acc=0.8333 test_loss=0.7060)
[ 13/129] CricketX                     DONE  acc=0.8333 loss=0.7060 AOPCR=  1.754 NDCG=  n/a C= 12 T=  300 (75s)  [12 trained / 0 failed so far]
[ 14/129] CricketY
    stage 1/3: loading data ...
    stage 2/3: training on 317 series (val=73, C=12, T=300, batch=16) ...
    stage 3/3: scoring on 390 test series (accuracy + AOPCR) ...
    [mlflow] versioned model 'seanet_spiketrend_adaptive__sea_mstcn_sep_spiketrend__sea_adaptive_classwise' (id=m-15a70323e0f24f368c8b1660dfe4b7ff) params={'model_size_mb': '1.5262', 'n_model_params': '67180', 'name': 'seanet_spiketrend_adaptive'}
    [mlflow] logged run 'seanet_spiketrend_adaptive_CricketY'  (train_acc=1.0000 val_acc=0.8767 test_acc=0.8128 test_loss=0.7193)
[ 14/129] CricketY                     DONE  acc=0.8128 loss=0.7193 AOPCR=  1.648 NDCG=  n/a C= 12 T=  300 (33s)  [13 trained / 0 failed so far]
[ 15/129] CricketZ
    stage 1/3: loading data ...
    stage 2/3: training on 316 series (val=74, C=12, T=300, batch=16) ...
    stage 3/3: scoring on 390 test series (accuracy + AOPCR) ...
    [mlflow] versioned model 'seanet_spiketrend_adaptive__sea_mstcn_sep_spiketrend__sea_adaptive_classwise' (id=m-2799785a1f05443391b49dc9878cc07f) params={'model_size_mb': '1.5262', 'n_model_params': '67180', 'name': 'seanet_spiketrend_adaptive'}
    [mlflow] logged run 'seanet_spiketrend_adaptive_CricketZ'  (train_acc=1.0000 val_acc=0.8649 test_acc=0.8308 test_loss=0.6135)
[ 15/129] CricketZ                     DONE  acc=0.8308 loss=0.6135 AOPCR=  1.352 NDCG=  n/a C= 12 T=  300 (86s)  [14 trained / 0 failed so far]
[ 16/129] DiatomSizeReduction
    stage 1/3: loading data ...
    stage 2/3: training on 16 series (no val (train-loss early stop), C=4, T=345, batch=2) ...
    stage 3/3: scoring on 306 test series (accuracy + AOPCR) ...
    [mlflow] versioned model 'seanet_spiketrend_adaptive__sea_mstcn_sep_spiketrend__sea_adaptive_classwise' (id=m-a917e6820753467ba5a7f2440a13d907) params={'model_size_mb': '1.524', 'n_model_params': '66580', 'name': 'seanet_spiketrend_adaptive'}
    [mlflow] logged run 'seanet_spiketrend_adaptive_DiatomSizeReduction'  (train_acc=1.0000 test_acc=0.9739 test_loss=0.2020)
[ 16/129] DiatomSizeReduction          DONE  acc=0.9739 loss=0.2020 AOPCR=  0.395 NDCG=  n/a C=  4 T=  345 (29s)  [15 trained / 0 failed so far]
[ 17/129] DistalPhalanxOutlineAgeGroup
    stage 1/3: loading data ...
    stage 2/3: training on 321 series (val=79, C=3, T=80, batch=16) ...
    stage 3/3: scoring on 139 test series (accuracy + AOPCR) ...
    [mlflow] versioned model 'seanet_spiketrend_adaptive__sea_mstcn_sep_spiketrend__sea_adaptive_classwise' (id=m-b59ea7c54bf843d1b216fbde8463757f) params={'model_size_mb': '1.5237', 'n_model_params': '66505', 'name': 'seanet_spiketrend_adaptive'}
    [mlflow] logged run 'seanet_spiketrend_adaptive_DistalPhalanxOutlineAgeGroup'  (train_acc=0.8847 val_acc=0.8354 test_acc=0.7626 test_loss=0.5576)
[ 17/129] DistalPhalanxOutlineAgeGroup DONE  acc=0.7626 loss=0.5576 AOPCR=  0.153 NDCG=  n/a C=  3 T=   80 (33s)  [16 trained / 0 failed so far]
[ 18/129] DistalPhalanxOutlineCorrect
    stage 1/3: loading data ...
    stage 2/3: training on 481 series (val=119, C=2, T=80, batch=16) ...
    stage 3/3: scoring on 276 test series (accuracy + AOPCR) ...
    [mlflow] versioned model 'seanet_spiketrend_adaptive__sea_mstcn_sep_spiketrend__sea_adaptive_classwise' (id=m-757c18d4bb224e86bda2d941d9b8d491) params={'model_size_mb': '1.5234', 'n_model_params': '66430', 'name': 'seanet_spiketrend_adaptive'}
    [mlflow] logged run 'seanet_spiketrend_adaptive_DistalPhalanxOutlineCorrect'  (train_acc=0.9688 val_acc=0.8824 test_acc=0.7572 test_loss=0.5129)
[ 18/129] DistalPhalanxOutlineCorrect  DONE  acc=0.7572 loss=0.5129 AOPCR= -0.450 NDCG=  n/a C=  2 T=   80 (68s)  [17 trained / 0 failed so far]
[ 19/129] DistalPhalanxTW
    stage 1/3: loading data ...
    stage 2/3: training on 323 series (val=77, C=6, T=80, batch=16) ...
    stage 3/3: scoring on 139 test series (accuracy + AOPCR) ...
    [mlflow] versioned model 'seanet_spiketrend_adaptive__sea_mstcn_sep_spiketrend__sea_adaptive_classwise' (id=m-b44a35c3e3624923818cb4452db03cde) params={'model_size_mb': '1.5245', 'n_model_params': '66730', 'name': 'seanet_spiketrend_adaptive'}
    [mlflow] logged run 'seanet_spiketrend_adaptive_DistalPhalanxTW'  (train_acc=0.8390 val_acc=0.8312 test_acc=0.6978 test_loss=0.8088)
[ 19/129] DistalPhalanxTW              DONE  acc=0.6978 loss=0.8088 AOPCR= -0.120 NDCG=  n/a C=  6 T=   80 (39s)  [18 trained / 0 failed so far]
[ 20/129] Earthquakes
    stage 1/3: loading data ...
    stage 2/3: training on 259 series (val=63, C=2, T=512, batch=16) ...
    stage 3/3: scoring on 139 test series (accuracy + AOPCR) ...
    [mlflow] versioned model 'seanet_spiketrend_adaptive__sea_mstcn_sep_spiketrend__sea_adaptive_classwise' (id=m-7a5ebf85bf13412799e763306ed6c86e) params={'model_size_mb': '1.5234', 'n_model_params': '66430', 'name': 'seanet_spiketrend_adaptive'}
    [mlflow] logged run 'seanet_spiketrend_adaptive_Earthquakes'  (train_acc=1.0000 val_acc=0.8571 test_acc=0.7338 test_loss=0.6324)
[ 20/129] Earthquakes                  DONE  acc=0.7338 loss=0.6324 AOPCR=  0.481 NDCG=  n/a C=  2 T=  512 (32s)  [19 trained / 0 failed so far]
[ 21/129] ECG200
    stage 1/3: loading data ...
    stage 2/3: training on 81 series (val=19, C=2, T=96, batch=8) ...
    stage 3/3: scoring on 100 test series (accuracy + AOPCR) ...
    [mlflow] versioned model 'seanet_spiketrend_adaptive__sea_mstcn_sep_spiketrend__sea_adaptive_classwise' (id=m-af4061311bbb48a4a4a5a4199f7a5322) params={'model_size_mb': '1.5234', 'n_model_params': '66430', 'name': 'seanet_spiketrend_adaptive'}
    [mlflow] logged run 'seanet_spiketrend_adaptive_ECG200'  (train_acc=0.8395 val_acc=0.6316 test_acc=0.7500 test_loss=0.5219)
[ 21/129] ECG200                       DONE  acc=0.7500 loss=0.5219 AOPCR=  0.194 NDCG=  n/a C=  2 T=   96 (11s)  [20 trained / 0 failed so far]
[ 22/129] ECG5000
    stage 1/3: loading data ...
    stage 2/3: training on 401 series (val=99, C=5, T=140, batch=16) ...
    stage 3/3: scoring on 4500 test series (accuracy + AOPCR) ...
    [mlflow] versioned model 'seanet_spiketrend_adaptive__sea_mstcn_sep_spiketrend__sea_adaptive_classwise' (id=m-83e122dd6cda4befa0bce496d3431ebf) params={'model_size_mb': '1.5242', 'n_model_params': '66655', 'name': 'seanet_spiketrend_adaptive'}
    [mlflow] logged run 'seanet_spiketrend_adaptive_ECG5000'  (train_acc=1.0000 val_acc=0.9697 test_acc=0.9289 test_loss=0.3156)
[ 22/129] ECG5000                      DONE  acc=0.9289 loss=0.3156 AOPCR=  1.521 NDCG=  n/a C=  5 T=  140 (92s)  [21 trained / 0 failed so far]
[ 23/129] ECGFiveDays
    stage 1/3: loading data ...
    stage 2/3: training on 23 series (no val (train-loss early stop), C=2, T=136, batch=2) ...
    stage 3/3: scoring on 861 test series (accuracy + AOPCR) ...
    [mlflow] versioned model 'seanet_spiketrend_adaptive__sea_mstcn_sep_spiketrend__sea_adaptive_classwise' (id=m-98a06f630c7f4e1e86ea93be8e58f0dd) params={'model_size_mb': '1.5234', 'n_model_params': '66430', 'name': 'seanet_spiketrend_adaptive'}
    [mlflow] logged run 'seanet_spiketrend_adaptive_ECGFiveDays'  (train_acc=1.0000 test_acc=0.9988 test_loss=0.0759)
[ 23/129] ECGFiveDays                  DONE  acc=0.9988 loss=0.0759 AOPCR=  0.139 NDCG=  n/a C=  2 T=  136 (54s)  [22 trained / 0 failed so far]
[ 24/129] ElectricDevices
    stage 1/3: loading data ...
    stage 2/3: training on 7144 series (val=1782, C=7, T=96, batch=16) ...
    stage 3/3: scoring on 7711 test series (accuracy + AOPCR) ...
    [mlflow] versioned model 'seanet_spiketrend_adaptive__sea_mstcn_sep_spiketrend__sea_adaptive_classwise' (id=m-d727c9f54a754a52af4e28c909b2747a) params={'model_size_mb': '1.5248', 'n_model_params': '66805', 'name': 'seanet_spiketrend_adaptive'}
    [mlflow] logged run 'seanet_spiketrend_adaptive_ElectricDevices'  (train_acc=0.9499 val_acc=0.9035 test_acc=0.7432 test_loss=0.8830)
[ 24/129] ElectricDevices              DONE  acc=0.7432 loss=0.8830 AOPCR=  0.813 NDCG=  n/a C=  7 T=   96 (1257s)  [23 trained / 0 failed so far]
[ 25/129] FaceAll
    stage 1/3: loading data ...
    stage 2/3: training on 448 series (val=112, C=14, T=131, batch=16) ...
    stage 3/3: scoring on 1690 test series (accuracy + AOPCR) ...
    [mlflow] versioned model 'seanet_spiketrend_adaptive__sea_mstcn_sep_spiketrend__sea_adaptive_classwise' (id=m-079d8570b38d442da28524cc1ecf727c) params={'model_size_mb': '1.5267', 'n_model_params': '67330', 'name': 'seanet_spiketrend_adaptive'}
    [mlflow] logged run 'seanet_spiketrend_adaptive_FaceAll'  (train_acc=1.0000 val_acc=0.9911 test_acc=0.8071 test_loss=0.8966)
[ 25/129] FaceAll                      DONE  acc=0.8071 loss=0.8966 AOPCR=  0.408 NDCG=  n/a C= 14 T=  131 (104s)  [24 trained / 0 failed so far]
[ 26/129] FaceFour
    stage 1/3: loading data ...
    stage 2/3: training on 24 series (no val (train-loss early stop), C=4, T=350, batch=2) ...
    stage 3/3: scoring on 88 test series (accuracy + AOPCR) ...
    [mlflow] versioned model 'seanet_spiketrend_adaptive__sea_mstcn_sep_spiketrend__sea_adaptive_classwise' (id=m-10c7110798894f59948475ab54b1d87c) params={'model_size_mb': '1.524', 'n_model_params': '66580', 'name': 'seanet_spiketrend_adaptive'}
    [mlflow] logged run 'seanet_spiketrend_adaptive_FaceFour'  (train_acc=1.0000 test_acc=0.8523 test_loss=0.4267)
[ 26/129] FaceFour                     DONE  acc=0.8523 loss=0.4267 AOPCR=  0.538 NDCG=  n/a C=  4 T=  350 (48s)  [25 trained / 0 failed so far]
[ 27/129] FacesUCR
    stage 1/3: loading data ...
    stage 2/3: training on 165 series (val=35, C=14, T=131, batch=16) ...
    stage 3/3: scoring on 2050 test series (accuracy + AOPCR) ...
    [mlflow] versioned model 'seanet_spiketrend_adaptive__sea_mstcn_sep_spiketrend__sea_adaptive_classwise' (id=m-999ada698fa648b4bda3d562f1b7f992) params={'model_size_mb': '1.5267', 'n_model_params': '67330', 'name': 'seanet_spiketrend_adaptive'}
    [mlflow] logged run 'seanet_spiketrend_adaptive_FacesUCR'  (train_acc=1.0000 val_acc=1.0000 test_acc=0.9478 test_loss=0.3144)
[ 27/129] FacesUCR                     DONE  acc=0.9478 loss=0.3144 AOPCR=  0.421 NDCG=  n/a C= 14 T=  131 (32s)  [26 trained / 0 failed so far]
[ 28/129] FiftyWords
    stage 1/3: loading data ...
    stage 2/3: training on 365 series (val=85, C=50, T=270, batch=16) ...
    stage 3/3: scoring on 455 test series (accuracy + AOPCR) ...
    [mlflow] versioned model 'seanet_spiketrend_adaptive__sea_mstcn_sep_spiketrend__sea_adaptive_classwise' (id=m-1ac1642c2102498d910b2b8405cbc9eb) params={'model_size_mb': '1.5372', 'n_model_params': '70030', 'name': 'seanet_spiketrend_adaptive'}
    [mlflow] logged run 'seanet_spiketrend_adaptive_FiftyWords'  (train_acc=1.0000 val_acc=0.8118 test_acc=0.7912 test_loss=0.9803)
[ 28/129] FiftyWords                   DONE  acc=0.7912 loss=0.9803 AOPCR=  1.450 NDCG=  n/a C= 50 T=  270 (87s)  [27 trained / 0 failed so far]
[ 29/129] Fish
    stage 1/3: loading data ...
    stage 2/3: training on 142 series (val=33, C=7, T=463, batch=14) ...
    stage 3/3: scoring on 175 test series (accuracy + AOPCR) ...
    [mlflow] versioned model 'seanet_spiketrend_adaptive__sea_mstcn_sep_spiketrend__sea_adaptive_classwise' (id=m-427bf775f315406cad2a629b6d0abc74) params={'model_size_mb': '1.5248', 'n_model_params': '66805', 'name': 'seanet_spiketrend_adaptive'}
    [mlflow] logged run 'seanet_spiketrend_adaptive_Fish'  (train_acc=1.0000 val_acc=0.9697 test_acc=0.9771 test_loss=0.3800)
[ 29/129] Fish                         DONE  acc=0.9771 loss=0.3800 AOPCR=  1.790 NDCG=  n/a C=  7 T=  463 (53s)  [28 trained / 0 failed so far]
[ 30/129] FordA
    stage 1/3: loading data ...
    stage 2/3: training on 2881 series (val=720, C=2, T=500, batch=16) ...
    stage 3/3: scoring on 1320 test series (accuracy + AOPCR) ...
    [mlflow] versioned model 'seanet_spiketrend_adaptive__sea_mstcn_sep_spiketrend__sea_adaptive_classwise' (id=m-c5ed1beb6aa045b3b5c5f02e0bdca767) params={'model_size_mb': '1.5234', 'n_model_params': '66430', 'name': 'seanet_spiketrend_adaptive'}
    [mlflow] logged run 'seanet_spiketrend_adaptive_FordA'  (train_acc=0.9844 val_acc=0.9667 test_acc=0.9644 test_loss=0.1400)
[ 30/129] FordA                        DONE  acc=0.9644 loss=0.1400 AOPCR=  1.132 NDCG=  n/a C=  2 T=  500 (224s)  [29 trained / 0 failed so far]
[ 31/129] FordB
    stage 1/3: loading data ...
    stage 2/3: training on 2909 series (val=727, C=2, T=500, batch=16) ...
    stage 3/3: scoring on 810 test series (accuracy + AOPCR) ...
    [mlflow] versioned model 'seanet_spiketrend_adaptive__sea_mstcn_sep_spiketrend__sea_adaptive_classwise' (id=m-2ba091a3751a44c39c0b47e0c8216531) params={'model_size_mb': '1.5234', 'n_model_params': '66430', 'name': 'seanet_spiketrend_adaptive'}
    [mlflow] logged run 'seanet_spiketrend_adaptive_FordB'  (train_acc=0.9873 val_acc=0.9532 test_acc=0.8580 test_loss=0.3347)
[ 31/129] FordB                        DONE  acc=0.8580 loss=0.3347 AOPCR=  1.080 NDCG=  n/a C=  2 T=  500 (230s)  [30 trained / 0 failed so far]
[ 32/129] GunPoint
    stage 1/3: loading data ...
    stage 2/3: training on 50 series (no val (train-loss early stop), C=2, T=150, batch=5) ...
    stage 3/3: scoring on 150 test series (accuracy + AOPCR) ...
    [mlflow] versioned model 'seanet_spiketrend_adaptive__sea_mstcn_sep_spiketrend__sea_adaptive_classwise' (id=m-67e1b69c1d1343318c961947dde06b1d) params={'model_size_mb': '1.5234', 'n_model_params': '66430', 'name': 'seanet_spiketrend_adaptive'}
    [mlflow] logged run 'seanet_spiketrend_adaptive_GunPoint'  (train_acc=1.0000 test_acc=0.9933 test_loss=0.0868)
[ 32/129] GunPoint                     DONE  acc=0.9933 loss=0.0868 AOPCR=  0.895 NDCG=  n/a C=  2 T=  150 (38s)  [31 trained / 0 failed so far]
[ 33/129] Ham
    stage 1/3: loading data ...
    stage 2/3: training on 88 series (val=21, C=2, T=431, batch=8) ...
    stage 3/3: scoring on 105 test series (accuracy + AOPCR) ...
    [mlflow] versioned model 'seanet_spiketrend_adaptive__sea_mstcn_sep_spiketrend__sea_adaptive_classwise' (id=m-183560fb39684975967bac56383be748) params={'model_size_mb': '1.5234', 'n_model_params': '66430', 'name': 'seanet_spiketrend_adaptive'}
    [mlflow] logged run 'seanet_spiketrend_adaptive_Ham'  (train_acc=0.9545 val_acc=0.9048 test_acc=0.7810 test_loss=0.4947)
[ 33/129] Ham                          DONE  acc=0.7810 loss=0.4947 AOPCR=  0.288 NDCG=  n/a C=  2 T=  431 (11s)  [32 trained / 0 failed so far]
[ 34/129] HandOutlines
    stage 1/3: loading data ...
    stage 2/3: training on 801 series (val=199, C=2, T=2709, batch=16) ...
    stage 3/3: scoring on 370 test series (accuracy + AOPCR) ...
    [mlflow] versioned model 'seanet_spiketrend_adaptive__sea_mstcn_sep_spiketrend__sea_adaptive_classwise' (id=m-11af903122224f0cb2f5aefa8eacc06f) params={'model_size_mb': '1.5234', 'n_model_params': '66430', 'name': 'seanet_spiketrend_adaptive'}
    [mlflow] logged run 'seanet_spiketrend_adaptive_HandOutlines'  (train_acc=0.9238 val_acc=0.8794 test_acc=0.9135 test_loss=0.2594)
[ 34/129] HandOutlines                 DONE  acc=0.9135 loss=0.2594 AOPCR=  3.606 NDCG=  n/a C=  2 T= 2709 (103s)  [33 trained / 0 failed so far]
[ 35/129] Haptics
    stage 1/3: loading data ...
    stage 2/3: training on 127 series (val=28, C=5, T=1092, batch=12) ...
    stage 3/3: scoring on 308 test series (accuracy + AOPCR) ...
    [mlflow] versioned model 'seanet_spiketrend_adaptive__sea_mstcn_sep_spiketrend__sea_adaptive_classwise' (id=m-20ffdbfcc273497b875830980d3818f2) params={'model_size_mb': '1.5242', 'n_model_params': '66655', 'name': 'seanet_spiketrend_adaptive'}
    [mlflow] logged run 'seanet_spiketrend_adaptive_Haptics'  (train_acc=0.5197 val_acc=0.6071 test_acc=0.3734 test_loss=1.5454)
[ 35/129] Haptics                      DONE  acc=0.3734 loss=1.5454 AOPCR=  1.626 NDCG=  n/a C=  5 T= 1092 (12s)  [34 trained / 0 failed so far]
[ 36/129] Herring
    stage 1/3: loading data ...
    stage 2/3: training on 64 series (no val (train-loss early stop), C=2, T=512, batch=6) ...
    stage 3/3: scoring on 64 test series (accuracy + AOPCR) ...
    [mlflow] versioned model 'seanet_spiketrend_adaptive__sea_mstcn_sep_spiketrend__sea_adaptive_classwise' (id=m-b086c69368694e1396e8c495eb398a8f) params={'model_size_mb': '1.5234', 'n_model_params': '66430', 'name': 'seanet_spiketrend_adaptive'}
    [mlflow] logged run 'seanet_spiketrend_adaptive_Herring'  (train_acc=1.0000 test_acc=0.5938 test_loss=0.9155)
[ 36/129] Herring                      DONE  acc=0.5938 loss=0.9155 AOPCR=  6.088 NDCG=  n/a C=  2 T=  512 (49s)  [35 trained / 0 failed so far]
[ 37/129] InlineSkate
    stage 1/3: loading data ...
    stage 2/3: training on 84 series (val=16, C=7, T=1882, batch=8) ...
    stage 3/3: scoring on 550 test series (accuracy + AOPCR) ...
    [mlflow] versioned model 'seanet_spiketrend_adaptive__sea_mstcn_sep_spiketrend__sea_adaptive_classwise' (id=m-9387938d720b4ac7a610cad79a004ec3) params={'model_size_mb': '1.5248', 'n_model_params': '66805', 'name': 'seanet_spiketrend_adaptive'}
    [mlflow] logged run 'seanet_spiketrend_adaptive_InlineSkate'  (train_acc=0.5952 val_acc=0.4375 test_acc=0.3145 test_loss=1.8703)
[ 37/129] InlineSkate                  DONE  acc=0.3145 loss=1.8703 AOPCR=  1.008 NDCG=  n/a C=  7 T= 1882 (13s)  [36 trained / 0 failed so far]
[ 38/129] InsectWingbeatSound
    stage 1/3: loading data ...
    stage 2/3: training on 176 series (val=44, C=11, T=256, batch=16) ...
    stage 3/3: scoring on 1980 test series (accuracy + AOPCR) ...
    [mlflow] versioned model 'seanet_spiketrend_adaptive__sea_mstcn_sep_spiketrend__sea_adaptive_classwise' (id=m-8c16278913994c8e97047f99a77ecf29) params={'model_size_mb': '1.5259', 'n_model_params': '67105', 'name': 'seanet_spiketrend_adaptive'}
    [mlflow] logged run 'seanet_spiketrend_adaptive_InsectWingbeatSound'  (train_acc=0.7159 val_acc=0.5682 test_acc=0.5818 test_loss=1.0745)
[ 38/129] InsectWingbeatSound          DONE  acc=0.5818 loss=1.0745 AOPCR=  0.579 NDCG=  n/a C= 11 T=  256 (12s)  [37 trained / 0 failed so far]
[ 39/129] ItalyPowerDemand
    stage 1/3: loading data ...
    stage 2/3: training on 67 series (no val (train-loss early stop), C=2, T=24, batch=6) ...
    stage 3/3: scoring on 1029 test series (accuracy + AOPCR) ...
    [mlflow] versioned model 'seanet_spiketrend_adaptive__sea_mstcn_sep_spiketrend__sea_adaptive_classwise' (id=m-ed568f51c337488d9621cb29dba0fe0c) params={'model_size_mb': '1.5234', 'n_model_params': '66430', 'name': 'seanet_spiketrend_adaptive'}
    [mlflow] logged run 'seanet_spiketrend_adaptive_ItalyPowerDemand'  (train_acc=1.0000 test_acc=0.9650 test_loss=0.1475)
[ 39/129] ItalyPowerDemand             DONE  acc=0.9650 loss=0.1475 AOPCR= -0.311 NDCG=  n/a C=  2 T=   24 (42s)  [38 trained / 0 failed so far]
[ 40/129] LargeKitchenAppliances
    stage 1/3: loading data ...
    stage 2/3: training on 300 series (val=75, C=3, T=720, batch=16) ...
    stage 3/3: scoring on 375 test series (accuracy + AOPCR) ...
    [mlflow] versioned model 'seanet_spiketrend_adaptive__sea_mstcn_sep_spiketrend__sea_adaptive_classwise' (id=m-ee0e66dd72c04dab9311f4b2660ce915) params={'model_size_mb': '1.5237', 'n_model_params': '66505', 'name': 'seanet_spiketrend_adaptive'}
    [mlflow] logged run 'seanet_spiketrend_adaptive_LargeKitchenAppliances'  (train_acc=1.0000 val_acc=1.0000 test_acc=0.9120 test_loss=0.3273)
[ 40/129] LargeKitchenAppliances       DONE  acc=0.9120 loss=0.3273 AOPCR=  3.008 NDCG=  n/a C=  3 T=  720 (58s)  [39 trained / 0 failed so far]
[ 41/129] Lightning2
    stage 1/3: loading data ...
    stage 2/3: training on 60 series (no val (train-loss early stop), C=2, T=637, batch=6) ...
    stage 3/3: scoring on 61 test series (accuracy + AOPCR) ...
    [mlflow] versioned model 'seanet_spiketrend_adaptive__sea_mstcn_sep_spiketrend__sea_adaptive_classwise' (id=m-7b5ccce5dd6a4539872b3b4ccb62d8fc) params={'model_size_mb': '1.5234', 'n_model_params': '66430', 'name': 'seanet_spiketrend_adaptive'}
    [mlflow] logged run 'seanet_spiketrend_adaptive_Lightning2'  (train_acc=1.0000 test_acc=0.8852 test_loss=0.3424)
[ 41/129] Lightning2                   DONE  acc=0.8852 loss=0.3424 AOPCR=  0.378 NDCG=  n/a C=  2 T=  637 (49s)  [40 trained / 0 failed so far]
[ 42/129] Lightning7
    stage 1/3: loading data ...
    stage 2/3: training on 70 series (no val (train-loss early stop), C=7, T=319, batch=7) ...
    stage 3/3: scoring on 73 test series (accuracy + AOPCR) ...
    [mlflow] versioned model 'seanet_spiketrend_adaptive__sea_mstcn_sep_spiketrend__sea_adaptive_classwise' (id=m-1d570e3433f64cc886f9fc3eb5383433) params={'model_size_mb': '1.5248', 'n_model_params': '66805', 'name': 'seanet_spiketrend_adaptive'}
    [mlflow] logged run 'seanet_spiketrend_adaptive_Lightning7'  (train_acc=1.0000 test_acc=0.7945 test_loss=0.6573)
[ 42/129] Lightning7                   DONE  acc=0.7945 loss=0.6573 AOPCR=  0.245 NDCG=  n/a C=  7 T=  319 (72s)  [41 trained / 0 failed so far]
[ 43/129] Mallat
    stage 1/3: loading data ...
    stage 2/3: training on 55 series (no val (train-loss early stop), C=8, T=1024, batch=5) ...
    stage 3/3: scoring on 2345 test series (accuracy + AOPCR) ...
    [mlflow] versioned model 'seanet_spiketrend_adaptive__sea_mstcn_sep_spiketrend__sea_adaptive_classwise' (id=m-2979938dceaa460797469d9e4dcf3578) params={'model_size_mb': '1.5251', 'n_model_params': '66880', 'name': 'seanet_spiketrend_adaptive'}
    [mlflow] logged run 'seanet_spiketrend_adaptive_Mallat'  (train_acc=1.0000 test_acc=0.8571 test_loss=0.5506)
[ 43/129] Mallat                       DONE  acc=0.8571 loss=0.5506 AOPCR=  2.517 NDCG=  n/a C=  8 T= 1024 (65s)  [42 trained / 0 failed so far]
[ 44/129] Meat
    stage 1/3: loading data ...
    stage 2/3: training on 60 series (no val (train-loss early stop), C=3, T=448, batch=6) ...
    stage 3/3: scoring on 60 test series (accuracy + AOPCR) ...
    [mlflow] versioned model 'seanet_spiketrend_adaptive__sea_mstcn_sep_spiketrend__sea_adaptive_classwise' (id=m-1e709ba0181f4c429d486379b5a7e712) params={'model_size_mb': '1.5237', 'n_model_params': '66505', 'name': 'seanet_spiketrend_adaptive'}
    [mlflow] logged run 'seanet_spiketrend_adaptive_Meat'  (train_acc=0.9833 test_acc=0.8500 test_loss=0.3730)
[ 44/129] Meat                         DONE  acc=0.8500 loss=0.3730 AOPCR=  1.726 NDCG=  n/a C=  3 T=  448 (27s)  [43 trained / 0 failed so far]
[ 45/129] MedicalImages
    stage 1/3: loading data ...
    stage 2/3: training on 307 series (val=74, C=10, T=99, batch=16) ...
    stage 3/3: scoring on 760 test series (accuracy + AOPCR) ...
    [mlflow] versioned model 'seanet_spiketrend_adaptive__sea_mstcn_sep_spiketrend__sea_adaptive_classwise' (id=m-f60887e7492a4021be63d44104960232) params={'model_size_mb': '1.5256', 'n_model_params': '67030', 'name': 'seanet_spiketrend_adaptive'}
    [mlflow] logged run 'seanet_spiketrend_adaptive_MedicalImages'  (train_acc=0.9121 val_acc=0.7703 test_acc=0.7513 test_loss=0.7120)
[ 45/129] MedicalImages                DONE  acc=0.7513 loss=0.7120 AOPCR=  0.306 NDCG=  n/a C= 10 T=   99 (37s)  [44 trained / 0 failed so far]
[ 46/129] MiddlePhalanxOutlineAgeGroup
    stage 1/3: loading data ...
    stage 2/3: training on 321 series (val=79, C=3, T=80, batch=16) ...
    stage 3/3: scoring on 154 test series (accuracy + AOPCR) ...
    [mlflow] versioned model 'seanet_spiketrend_adaptive__sea_mstcn_sep_spiketrend__sea_adaptive_classwise' (id=m-9363553834e9408bb6591e145da5bc22) params={'model_size_mb': '1.5237', 'n_model_params': '66505', 'name': 'seanet_spiketrend_adaptive'}
    [mlflow] logged run 'seanet_spiketrend_adaptive_MiddlePhalanxOutlineAgeGroup'  (train_acc=0.8069 val_acc=0.7722 test_acc=0.5130 test_loss=0.9342)
[ 46/129] MiddlePhalanxOutlineAgeGroup DONE  acc=0.5130 loss=0.9342 AOPCR= -0.220 NDCG=  n/a C=  3 T=   80 (37s)  [45 trained / 0 failed so far]
[ 47/129] MiddlePhalanxOutlineCorrect
    stage 1/3: loading data ...
    stage 2/3: training on 481 series (val=119, C=2, T=80, batch=16) ...
    stage 3/3: scoring on 291 test series (accuracy + AOPCR) ...
    [mlflow] versioned model 'seanet_spiketrend_adaptive__sea_mstcn_sep_spiketrend__sea_adaptive_classwise' (id=m-11db5260973b44c5bf7b6e942c13b15e) params={'model_size_mb': '1.5234', 'n_model_params': '66430', 'name': 'seanet_spiketrend_adaptive'}
    [mlflow] logged run 'seanet_spiketrend_adaptive_MiddlePhalanxOutlineCorrect'  (train_acc=0.9584 val_acc=0.8487 test_acc=0.8213 test_loss=0.4084)
[ 47/129] MiddlePhalanxOutlineCorrect  DONE  acc=0.8213 loss=0.4084 AOPCR=  0.514 NDCG=  n/a C=  2 T=   80 (73s)  [46 trained / 0 failed so far]
[ 48/129] MiddlePhalanxTW
    stage 1/3: loading data ...
    stage 2/3: training on 321 series (val=78, C=6, T=80, batch=16) ...
    stage 3/3: scoring on 154 test series (accuracy + AOPCR) ...
    [mlflow] versioned model 'seanet_spiketrend_adaptive__sea_mstcn_sep_spiketrend__sea_adaptive_classwise' (id=m-3e3e46769e884273b632029ec5a6f628) params={'model_size_mb': '1.5245', 'n_model_params': '66730', 'name': 'seanet_spiketrend_adaptive'}
    [mlflow] logged run 'seanet_spiketrend_adaptive_MiddlePhalanxTW'  (train_acc=0.6604 val_acc=0.6154 test_acc=0.5714 test_loss=1.0803)
[ 48/129] MiddlePhalanxTW              DONE  acc=0.5714 loss=1.0803 AOPCR= -0.007 NDCG=  n/a C=  6 T=   80 (33s)  [47 trained / 0 failed so far]
[ 49/129] MoteStrain
    stage 1/3: loading data ...
    stage 2/3: training on 20 series (no val (train-loss early stop), C=2, T=84, batch=2) ...
    stage 3/3: scoring on 1252 test series (accuracy + AOPCR) ...
    [mlflow] versioned model 'seanet_spiketrend_adaptive__sea_mstcn_sep_spiketrend__sea_adaptive_classwise' (id=m-5ef44af971e84328ad42b052a48ada08) params={'model_size_mb': '1.5234', 'n_model_params': '66430', 'name': 'seanet_spiketrend_adaptive'}
    [mlflow] logged run 'seanet_spiketrend_adaptive_MoteStrain'  (train_acc=1.0000 test_acc=0.8570 test_loss=0.3545)
[ 49/129] MoteStrain                   DONE  acc=0.8570 loss=0.3545 AOPCR= -0.066 NDCG=  n/a C=  2 T=   84 (22s)  [48 trained / 0 failed so far]
[ 50/129] NonInvasiveFetalECGThorax1
    stage 1/3: loading data ...
    stage 2/3: training on 1452 series (val=348, C=42, T=750, batch=16) ...
    stage 3/3: scoring on 1965 test series (accuracy + AOPCR) ...
    [mlflow] versioned model 'seanet_spiketrend_adaptive__sea_mstcn_sep_spiketrend__sea_adaptive_classwise' (id=m-7be764bc0c3544baa27805d0b1f73369) params={'model_size_mb': '1.5349', 'n_model_params': '69430', 'name': 'seanet_spiketrend_adaptive'}
    [mlflow] logged run 'seanet_spiketrend_adaptive_NonInvasiveFetalECGThorax1'  (train_acc=0.9649 val_acc=0.9138 test_acc=0.9038 test_loss=0.5244)
[ 50/129] NonInvasiveFetalECGThorax1   DONE  acc=0.9038 loss=0.5244 AOPCR=  0.855 NDCG=  n/a C= 42 T=  750 (301s)  [49 trained / 0 failed so far]
[ 51/129] NonInvasiveFetalECGThorax2
    stage 1/3: loading data ...
    stage 2/3: training on 1452 series (val=348, C=42, T=750, batch=16) ...
    stage 3/3: scoring on 1965 test series (accuracy + AOPCR) ...
    [mlflow] versioned model 'seanet_spiketrend_adaptive__sea_mstcn_sep_spiketrend__sea_adaptive_classwise' (id=m-a7712ef6df034c14a7b766546e301ac3) params={'model_size_mb': '1.5349', 'n_model_params': '69430', 'name': 'seanet_spiketrend_adaptive'}
    [mlflow] logged run 'seanet_spiketrend_adaptive_NonInvasiveFetalECGThorax2'  (train_acc=0.9594 val_acc=0.9310 test_acc=0.9160 test_loss=0.5006)
[ 51/129] NonInvasiveFetalECGThorax2   DONE  acc=0.9160 loss=0.5006 AOPCR= -1.546 NDCG=  n/a C= 42 T=  750 (235s)  [50 trained / 0 failed so far]
[ 52/129] OliveOil
    stage 1/3: loading data ...
    stage 2/3: training on 30 series (no val (train-loss early stop), C=4, T=570, batch=3) ...
    stage 3/3: scoring on 30 test series (accuracy + AOPCR) ...
    [mlflow] versioned model 'seanet_spiketrend_adaptive__sea_mstcn_sep_spiketrend__sea_adaptive_classwise' (id=m-208dc3983e1a4bf5a58960556672b647) params={'model_size_mb': '1.524', 'n_model_params': '66580', 'name': 'seanet_spiketrend_adaptive'}
    [mlflow] logged run 'seanet_spiketrend_adaptive_OliveOil'  (train_acc=0.4333 test_acc=0.4000 test_loss=1.2903)
[ 52/129] OliveOil                     DONE  acc=0.4000 loss=1.2903 AOPCR=  0.269 NDCG=  n/a C=  4 T=  570 (43s)  [51 trained / 0 failed so far]
[ 53/129] OSULeaf
    stage 1/3: loading data ...
    stage 2/3: training on 163 series (val=37, C=6, T=427, batch=16) ...
    stage 3/3: scoring on 242 test series (accuracy + AOPCR) ...
    [mlflow] versioned model 'seanet_spiketrend_adaptive__sea_mstcn_sep_spiketrend__sea_adaptive_classwise' (id=m-4d5a05e9ac2e4e6f92ec8f7aeb18fb78) params={'model_size_mb': '1.5245', 'n_model_params': '66730', 'name': 'seanet_spiketrend_adaptive'}
    [mlflow] logged run 'seanet_spiketrend_adaptive_OSULeaf'  (train_acc=1.0000 val_acc=1.0000 test_acc=0.8719 test_loss=0.4334)
[ 53/129] OSULeaf                      DONE  acc=0.8719 loss=0.4334 AOPCR= -0.467 NDCG=  n/a C=  6 T=  427 (25s)  [52 trained / 0 failed so far]
[ 54/129] PhalangesOutlinesCorrect
    stage 1/3: loading data ...
    stage 2/3: training on 1441 series (val=359, C=2, T=80, batch=16) ...
    stage 3/3: scoring on 858 test series (accuracy + AOPCR) ...
    [mlflow] versioned model 'seanet_spiketrend_adaptive__sea_mstcn_sep_spiketrend__sea_adaptive_classwise' (id=m-91e8866acdd7462b87d55b8a77509845) params={'model_size_mb': '1.5234', 'n_model_params': '66430', 'name': 'seanet_spiketrend_adaptive'}
    [mlflow] logged run 'seanet_spiketrend_adaptive_PhalangesOutlinesCorrect'  (train_acc=0.9452 val_acc=0.8858 test_acc=0.8205 test_loss=0.3946)
[ 54/129] PhalangesOutlinesCorrect     DONE  acc=0.8205 loss=0.3946 AOPCR=  0.707 NDCG=  n/a C=  2 T=   80 (177s)  [53 trained / 0 failed so far]
[ 55/129] Phoneme
    stage 1/3: loading data ...
    stage 2/3: training on 171 series (val=43, C=39, T=1024, batch=16) ...
    stage 3/3: scoring on 1896 test series (accuracy + AOPCR) ...
    [mlflow] versioned model 'seanet_spiketrend_adaptive__sea_mstcn_sep_spiketrend__sea_adaptive_classwise' (id=m-ec3a255e196a420ebb5bfd3eadea5bf3) params={'model_size_mb': '1.534', 'n_model_params': '69205', 'name': 'seanet_spiketrend_adaptive'}
    [mlflow] logged run 'seanet_spiketrend_adaptive_Phoneme'  (train_acc=0.4795 val_acc=0.2791 test_acc=0.2542 test_loss=2.7805)
[ 55/129] Phoneme                      DONE  acc=0.2542 loss=2.7805 AOPCR=  1.057 NDCG=  n/a C= 39 T= 1024 (14s)  [54 trained / 0 failed so far]
[ 56/129] Plane
    stage 1/3: loading data ...
    stage 2/3: training on 87 series (val=18, C=7, T=144, batch=8) ...
    stage 3/3: scoring on 105 test series (accuracy + AOPCR) ...
    [mlflow] versioned model 'seanet_spiketrend_adaptive__sea_mstcn_sep_spiketrend__sea_adaptive_classwise' (id=m-db0dd7fbafd5405480da9ba8bd620f51) params={'model_size_mb': '1.5248', 'n_model_params': '66805', 'name': 'seanet_spiketrend_adaptive'}
    [mlflow] logged run 'seanet_spiketrend_adaptive_Plane'  (train_acc=1.0000 val_acc=1.0000 test_acc=1.0000 test_loss=0.1074)
[ 56/129] Plane                        DONE  acc=1.0000 loss=0.1074 AOPCR=  1.107 NDCG=  n/a C=  7 T=  144 (25s)  [55 trained / 0 failed so far]
[ 57/129] ProximalPhalanxOutlineAgeGroup
    stage 1/3: loading data ...
    stage 2/3: training on 322 series (val=78, C=3, T=80, batch=16) ...
    stage 3/3: scoring on 205 test series (accuracy + AOPCR) ...
    [mlflow] versioned model 'seanet_spiketrend_adaptive__sea_mstcn_sep_spiketrend__sea_adaptive_classwise' (id=m-d5a78b9d8ff94a0ca391d43c0348578a) params={'model_size_mb': '1.5237', 'n_model_params': '66505', 'name': 'seanet_spiketrend_adaptive'}
    [mlflow] logged run 'seanet_spiketrend_adaptive_ProximalPhalanxOutlineAgeGroup'  (train_acc=0.8789 val_acc=0.8205 test_acc=0.8244 test_loss=0.4222)
[ 57/129] ProximalPhalanxOutlineAgeGroup DONE  acc=0.8244 loss=0.4222 AOPCR= -0.054 NDCG=  n/a C=  3 T=   80 (37s)  [56 trained / 0 failed so far]
[ 58/129] ProximalPhalanxOutlineCorrect
    stage 1/3: loading data ...
    stage 2/3: training on 481 series (val=119, C=2, T=80, batch=16) ...
    stage 3/3: scoring on 291 test series (accuracy + AOPCR) ...
    [mlflow] versioned model 'seanet_spiketrend_adaptive__sea_mstcn_sep_spiketrend__sea_adaptive_classwise' (id=m-d37b6a6ed5c447d9912534814371185f) params={'model_size_mb': '1.5234', 'n_model_params': '66430', 'name': 'seanet_spiketrend_adaptive'}
    [mlflow] logged run 'seanet_spiketrend_adaptive_ProximalPhalanxOutlineCorrect'  (train_acc=0.9813 val_acc=0.9244 test_acc=0.9141 test_loss=0.2409)
[ 58/129] ProximalPhalanxOutlineCorrect DONE  acc=0.9141 loss=0.2409 AOPCR=  1.760 NDCG=  n/a C=  2 T=   80 (151s)  [57 trained / 0 failed so far]
[ 59/129] ProximalPhalanxTW
    stage 1/3: loading data ...
    stage 2/3: training on 322 series (val=78, C=6, T=80, batch=16) ...
    stage 3/3: scoring on 205 test series (accuracy + AOPCR) ...
    [mlflow] versioned model 'seanet_spiketrend_adaptive__sea_mstcn_sep_spiketrend__sea_adaptive_classwise' (id=m-916ef0b8a6da4116b50fb8dd54ec71d9) params={'model_size_mb': '1.5245', 'n_model_params': '66730', 'name': 'seanet_spiketrend_adaptive'}
    [mlflow] logged run 'seanet_spiketrend_adaptive_ProximalPhalanxTW'  (train_acc=0.9161 val_acc=0.8077 test_acc=0.7854 test_loss=0.6210)
[ 59/129] ProximalPhalanxTW            DONE  acc=0.7854 loss=0.6210 AOPCR= -0.194 NDCG=  n/a C=  6 T=   80 (64s)  [58 trained / 0 failed so far]
[ 60/129] RefrigerationDevices
    stage 1/3: loading data ...
    stage 2/3: training on 300 series (val=75, C=3, T=720, batch=16) ...
    stage 3/3: scoring on 375 test series (accuracy + AOPCR) ...
    [mlflow] versioned model 'seanet_spiketrend_adaptive__sea_mstcn_sep_spiketrend__sea_adaptive_classwise' (id=m-6afa08c11c03438c8e47b2c60c7b46bc) params={'model_size_mb': '1.5237', 'n_model_params': '66505', 'name': 'seanet_spiketrend_adaptive'}
    [mlflow] logged run 'seanet_spiketrend_adaptive_RefrigerationDevices'  (train_acc=0.6200 val_acc=0.6533 test_acc=0.4560 test_loss=1.1763)
[ 60/129] RefrigerationDevices         DONE  acc=0.4560 loss=1.1763 AOPCR=  0.216 NDCG=  n/a C=  3 T=  720 (21s)  [59 trained / 0 failed so far]
[ 61/129] ScreenType
    stage 1/3: loading data ...
    stage 2/3: training on 300 series (val=75, C=3, T=720, batch=16) ...
    stage 3/3: scoring on 375 test series (accuracy + AOPCR) ...
    [mlflow] versioned model 'seanet_spiketrend_adaptive__sea_mstcn_sep_spiketrend__sea_adaptive_classwise' (id=m-405ebf3379934c26ab80fec4f291f3b7) params={'model_size_mb': '1.5237', 'n_model_params': '66505', 'name': 'seanet_spiketrend_adaptive'}
    [mlflow] logged run 'seanet_spiketrend_adaptive_ScreenType'  (train_acc=0.7267 val_acc=0.4400 test_acc=0.4080 test_loss=1.2007)
[ 61/129] ScreenType                   DONE  acc=0.4080 loss=1.2007 AOPCR=  0.477 NDCG=  n/a C=  3 T=  720 (21s)  [60 trained / 0 failed so far]
[ 62/129] ShapeletSim
    stage 1/3: loading data ...
    stage 2/3: training on 20 series (no val (train-loss early stop), C=2, T=500, batch=2) ...
    stage 3/3: scoring on 180 test series (accuracy + AOPCR) ...
    [mlflow] versioned model 'seanet_spiketrend_adaptive__sea_mstcn_sep_spiketrend__sea_adaptive_classwise' (id=m-fe7e4720af9142a3a4616a80173e1977) params={'model_size_mb': '1.5234', 'n_model_params': '66430', 'name': 'seanet_spiketrend_adaptive'}
    [mlflow] logged run 'seanet_spiketrend_adaptive_ShapeletSim'  (train_acc=1.0000 test_acc=0.5667 test_loss=0.6135)
[ 62/129] ShapeletSim                  DONE  acc=0.5667 loss=0.6135 AOPCR=  0.386 NDCG=  n/a C=  2 T=  500 (10s)  [61 trained / 0 failed so far]
[ 63/129] ShapesAll
    stage 1/3: loading data ...
    stage 2/3: training on 480 series (val=120, C=60, T=512, batch=16) ...
    stage 3/3: scoring on 600 test series (accuracy + AOPCR) ...
    [mlflow] versioned model 'seanet_spiketrend_adaptive__sea_mstcn_sep_spiketrend__sea_adaptive_classwise' (id=m-1dd1e64954804f4db401aba77569cbb7) params={'model_size_mb': '1.54', 'n_model_params': '70780', 'name': 'seanet_spiketrend_adaptive'}
    [mlflow] logged run 'seanet_spiketrend_adaptive_ShapesAll'  (train_acc=0.9958 val_acc=0.8750 test_acc=0.8367 test_loss=0.7952)
[ 63/129] ShapesAll                    DONE  acc=0.8367 loss=0.7952 AOPCR=  0.731 NDCG=  n/a C= 60 T=  512 (82s)  [62 trained / 0 failed so far]
[ 64/129] SmallKitchenAppliances
    stage 1/3: loading data ...
    stage 2/3: training on 300 series (val=75, C=3, T=720, batch=16) ...
    stage 3/3: scoring on 375 test series (accuracy + AOPCR) ...
    [mlflow] versioned model 'seanet_spiketrend_adaptive__sea_mstcn_sep_spiketrend__sea_adaptive_classwise' (id=m-fa9de9b7f3ef463a9e2e6064a4840fbc) params={'model_size_mb': '1.5237', 'n_model_params': '66505', 'name': 'seanet_spiketrend_adaptive'}
    [mlflow] logged run 'seanet_spiketrend_adaptive_SmallKitchenAppliances'  (train_acc=0.9533 val_acc=0.7733 test_acc=0.7973 test_loss=0.5251)
[ 64/129] SmallKitchenAppliances       DONE  acc=0.7973 loss=0.5251 AOPCR=  0.531 NDCG=  n/a C=  3 T=  720 (44s)  [63 trained / 0 failed so far]
[ 65/129] SonyAIBORobotSurface1
    stage 1/3: loading data ...
    stage 2/3: training on 20 series (no val (train-loss early stop), C=2, T=70, batch=2) ...
    stage 3/3: scoring on 601 test series (accuracy + AOPCR) ...
    [mlflow] versioned model 'seanet_spiketrend_adaptive__sea_mstcn_sep_spiketrend__sea_adaptive_classwise' (id=m-1e4a6984d6ba408a96aa7750a8cd8382) params={'model_size_mb': '1.5234', 'n_model_params': '66430', 'name': 'seanet_spiketrend_adaptive'}
    [mlflow] logged run 'seanet_spiketrend_adaptive_SonyAIBORobotSurface1'  (train_acc=1.0000 test_acc=0.7870 test_loss=0.5354)
[ 65/129] SonyAIBORobotSurface1        DONE  acc=0.7870 loss=0.5354 AOPCR= -0.057 NDCG=  n/a C=  2 T=   70 (50s)  [64 trained / 0 failed so far]
[ 66/129] SonyAIBORobotSurface2
    stage 1/3: loading data ...
    stage 2/3: training on 27 series (no val (train-loss early stop), C=2, T=65, batch=2) ...
    stage 3/3: scoring on 953 test series (accuracy + AOPCR) ...
    [mlflow] versioned model 'seanet_spiketrend_adaptive__sea_mstcn_sep_spiketrend__sea_adaptive_classwise' (id=m-0a6a16c290044be49f086e7bf4a6f8fe) params={'model_size_mb': '1.5234', 'n_model_params': '66430', 'name': 'seanet_spiketrend_adaptive'}
    [mlflow] logged run 'seanet_spiketrend_adaptive_SonyAIBORobotSurface2'  (train_acc=1.0000 test_acc=0.8625 test_loss=0.3653)
[ 66/129] SonyAIBORobotSurface2        DONE  acc=0.8625 loss=0.3653 AOPCR=  0.019 NDCG=  n/a C=  2 T=   65 (55s)  [65 trained / 0 failed so far]
[ 67/129] StarLightCurves
    stage 1/3: loading data ...
    stage 2/3: training on 801 series (val=199, C=3, T=1024, batch=16) ...
    stage 3/3: scoring on 8236 test series (accuracy + AOPCR) ...
    [mlflow] versioned model 'seanet_spiketrend_adaptive__sea_mstcn_sep_spiketrend__sea_adaptive_classwise' (id=m-53244d0bec2447dc8337038a742d2e35) params={'model_size_mb': '1.5237', 'n_model_params': '66505', 'name': 'seanet_spiketrend_adaptive'}
    [mlflow] logged run 'seanet_spiketrend_adaptive_StarLightCurves'  (train_acc=1.0000 val_acc=0.9648 test_acc=0.9728 test_loss=0.1502)
[ 67/129] StarLightCurves              DONE  acc=0.9728 loss=0.1502 AOPCR=  2.267 NDCG=  n/a C=  3 T= 1024 (106s)  [66 trained / 0 failed so far]
[ 68/129] Strawberry
    stage 1/3: loading data ...
    stage 2/3: training on 492 series (val=121, C=2, T=235, batch=16) ...
    stage 3/3: scoring on 370 test series (accuracy + AOPCR) ...
    [mlflow] versioned model 'seanet_spiketrend_adaptive__sea_mstcn_sep_spiketrend__sea_adaptive_classwise' (id=m-4f547b1f3a86422db3cbac0d7af0ecdf) params={'model_size_mb': '1.5234', 'n_model_params': '66430', 'name': 'seanet_spiketrend_adaptive'}
    [mlflow] logged run 'seanet_spiketrend_adaptive_Strawberry'  (train_acc=0.9817 val_acc=0.9917 test_acc=0.9568 test_loss=0.1515)
[ 68/129] Strawberry                   DONE  acc=0.9568 loss=0.1515 AOPCR= -0.019 NDCG=  n/a C=  2 T=  235 (70s)  [67 trained / 0 failed so far]
[ 69/129] SwedishLeaf
    stage 1/3: loading data ...
    stage 2/3: training on 405 series (val=95, C=15, T=128, batch=16) ...
    stage 3/3: scoring on 625 test series (accuracy + AOPCR) ...
    [mlflow] versioned model 'seanet_spiketrend_adaptive__sea_mstcn_sep_spiketrend__sea_adaptive_classwise' (id=m-19abe3952e474ad79b7adb07e1e0fa50) params={'model_size_mb': '1.527', 'n_model_params': '67405', 'name': 'seanet_spiketrend_adaptive'}
    [mlflow] logged run 'seanet_spiketrend_adaptive_SwedishLeaf'  (train_acc=1.0000 val_acc=0.9789 test_acc=0.9488 test_loss=0.2982)
[ 69/129] SwedishLeaf                  DONE  acc=0.9488 loss=0.2982 AOPCR=  0.988 NDCG=  n/a C= 15 T=  128 (127s)  [68 trained / 0 failed so far]
[ 70/129] Symbols
    stage 1/3: loading data ...
    stage 2/3: training on 25 series (no val (train-loss early stop), C=6, T=398, batch=2) ...
    stage 3/3: scoring on 995 test series (accuracy + AOPCR) ...
    [mlflow] versioned model 'seanet_spiketrend_adaptive__sea_mstcn_sep_spiketrend__sea_adaptive_classwise' (id=m-ef1cf7f474a64e0397b03979cda56ff3) params={'model_size_mb': '1.5245', 'n_model_params': '66730', 'name': 'seanet_spiketrend_adaptive'}
    [mlflow] logged run 'seanet_spiketrend_adaptive_Symbols'  (train_acc=1.0000 test_acc=0.9347 test_loss=0.2989)
[ 70/129] Symbols                      DONE  acc=0.9347 loss=0.2989 AOPCR=  1.948 NDCG=  n/a C=  6 T=  398 (44s)  [69 trained / 0 failed so far]
[ 71/129] SyntheticControl
    stage 1/3: loading data ...
    stage 2/3: training on 240 series (val=60, C=6, T=60, batch=16) ...
    stage 3/3: scoring on 300 test series (accuracy + AOPCR) ...
    [mlflow] versioned model 'seanet_spiketrend_adaptive__sea_mstcn_sep_spiketrend__sea_adaptive_classwise' (id=m-639aeb7f9e6a461db090e36ecc603a2f) params={'model_size_mb': '1.5245', 'n_model_params': '66730', 'name': 'seanet_spiketrend_adaptive'}
    [mlflow] logged run 'seanet_spiketrend_adaptive_SyntheticControl'  (train_acc=1.0000 val_acc=1.0000 test_acc=0.9933 test_loss=0.1152)
[ 71/129] SyntheticControl             DONE  acc=0.9933 loss=0.1152 AOPCR=  0.959 NDCG=  n/a C=  6 T=   60 (44s)  [70 trained / 0 failed so far]
[ 72/129] ToeSegmentation1
    stage 1/3: loading data ...
    stage 2/3: training on 40 series (no val (train-loss early stop), C=2, T=277, batch=4) ...
    stage 3/3: scoring on 228 test series (accuracy + AOPCR) ...
    [mlflow] versioned model 'seanet_spiketrend_adaptive__sea_mstcn_sep_spiketrend__sea_adaptive_classwise' (id=m-4489adc1d58d435a8145f9abadcd779a) params={'model_size_mb': '1.5234', 'n_model_params': '66430', 'name': 'seanet_spiketrend_adaptive'}
    [mlflow] logged run 'seanet_spiketrend_adaptive_ToeSegmentation1'  (train_acc=1.0000 test_acc=0.9211 test_loss=0.2306)
[ 72/129] ToeSegmentation1             DONE  acc=0.9211 loss=0.2306 AOPCR=  0.479 NDCG=  n/a C=  2 T=  277 (28s)  [71 trained / 0 failed so far]
[ 73/129] ToeSegmentation2
    stage 1/3: loading data ...
    stage 2/3: training on 36 series (no val (train-loss early stop), C=2, T=343, batch=3) ...
    stage 3/3: scoring on 130 test series (accuracy + AOPCR) ...
    [mlflow] versioned model 'seanet_spiketrend_adaptive__sea_mstcn_sep_spiketrend__sea_adaptive_classwise' (id=m-33a18a9f47a94116906113744ae3582f) params={'model_size_mb': '1.5234', 'n_model_params': '66430', 'name': 'seanet_spiketrend_adaptive'}
    [mlflow] logged run 'seanet_spiketrend_adaptive_ToeSegmentation2'  (train_acc=1.0000 test_acc=0.8846 test_loss=0.2869)
[ 73/129] ToeSegmentation2             DONE  acc=0.8846 loss=0.2869 AOPCR=  0.905 NDCG=  n/a C=  2 T=  343 (44s)  [72 trained / 0 failed so far]
[ 74/129] Trace
    stage 1/3: loading data ...
    stage 2/3: training on 81 series (val=19, C=4, T=275, batch=8) ...
    stage 3/3: scoring on 100 test series (accuracy + AOPCR) ...
    [mlflow] versioned model 'seanet_spiketrend_adaptive__sea_mstcn_sep_spiketrend__sea_adaptive_classwise' (id=m-0779c3d0350b443389bcb89d6ca6044e) params={'model_size_mb': '1.524', 'n_model_params': '66580', 'name': 'seanet_spiketrend_adaptive'}
    [mlflow] logged run 'seanet_spiketrend_adaptive_Trace'  (train_acc=1.0000 val_acc=1.0000 test_acc=1.0000 test_loss=0.0979)
[ 74/129] Trace                        DONE  acc=1.0000 loss=0.0979 AOPCR=  3.813 NDCG=  n/a C=  4 T=  275 (50s)  [73 trained / 0 failed so far]
[ 75/129] TwoLeadECG
    stage 1/3: loading data ...
    stage 2/3: training on 23 series (no val (train-loss early stop), C=2, T=82, batch=2) ...
    stage 3/3: scoring on 1139 test series (accuracy + AOPCR) ...
    [mlflow] versioned model 'seanet_spiketrend_adaptive__sea_mstcn_sep_spiketrend__sea_adaptive_classwise' (id=m-2281ee543c0649beb149bdff80d67ac8) params={'model_size_mb': '1.5234', 'n_model_params': '66430', 'name': 'seanet_spiketrend_adaptive'}
    [mlflow] logged run 'seanet_spiketrend_adaptive_TwoLeadECG'  (train_acc=1.0000 test_acc=0.9974 test_loss=0.0786)
[ 75/129] TwoLeadECG                   DONE  acc=0.9974 loss=0.0786 AOPCR= -0.073 NDCG=  n/a C=  2 T=   82 (55s)  [74 trained / 0 failed so far]
[ 76/129] TwoPatterns
    stage 1/3: loading data ...
    stage 2/3: training on 801 series (val=199, C=4, T=128, batch=16) ...
    stage 3/3: scoring on 4000 test series (accuracy + AOPCR) ...
    [mlflow] versioned model 'seanet_spiketrend_adaptive__sea_mstcn_sep_spiketrend__sea_adaptive_classwise' (id=m-5cc250dbe4644fb395bfefd3302105a8) params={'model_size_mb': '1.524', 'n_model_params': '66580', 'name': 'seanet_spiketrend_adaptive'}
    [mlflow] logged run 'seanet_spiketrend_adaptive_TwoPatterns'  (train_acc=1.0000 val_acc=1.0000 test_acc=1.0000 test_loss=0.0981)
[ 76/129] TwoPatterns                  DONE  acc=1.0000 loss=0.0981 AOPCR=  1.598 NDCG=  n/a C=  4 T=  128 (133s)  [75 trained / 0 failed so far]
[ 77/129] UWaveGestureLibraryAll
    stage 1/3: loading data ...
    stage 2/3: training on 719 series (val=177, C=8, T=945, batch=16) ...
    stage 3/3: scoring on 3582 test series (accuracy + AOPCR) ...
    [mlflow] versioned model 'seanet_spiketrend_adaptive__sea_mstcn_sep_spiketrend__sea_adaptive_classwise' (id=m-5b473a3abdd343bbba37fd1f78c94150) params={'model_size_mb': '1.5251', 'n_model_params': '66880', 'name': 'seanet_spiketrend_adaptive'}
    [mlflow] logged run 'seanet_spiketrend_adaptive_UWaveGestureLibraryAll'  (train_acc=1.0000 val_acc=0.9492 test_acc=0.9615 test_loss=0.2339)
[ 77/129] UWaveGestureLibraryAll       DONE  acc=0.9615 loss=0.2339 AOPCR=  1.708 NDCG=  n/a C=  8 T=  945 (206s)  [76 trained / 0 failed so far]
[ 78/129] UWaveGestureLibraryX
    stage 1/3: loading data ...
    stage 2/3: training on 719 series (val=177, C=8, T=315, batch=16) ...
    stage 3/3: scoring on 3582 test series (accuracy + AOPCR) ...
    [mlflow] versioned model 'seanet_spiketrend_adaptive__sea_mstcn_sep_spiketrend__sea_adaptive_classwise' (id=m-a62e00c7390a481c922e0fc354c09463) params={'model_size_mb': '1.5251', 'n_model_params': '66880', 'name': 'seanet_spiketrend_adaptive'}
    [mlflow] logged run 'seanet_spiketrend_adaptive_UWaveGestureLibraryX'  (train_acc=0.9499 val_acc=0.8305 test_acc=0.8046 test_loss=0.6141)
[ 78/129] UWaveGestureLibraryX         DONE  acc=0.8046 loss=0.6141 AOPCR=  0.676 NDCG=  n/a C=  8 T=  315 (58s)  [77 trained / 0 failed so far]
[ 79/129] UWaveGestureLibraryY
    stage 1/3: loading data ...
    stage 2/3: training on 719 series (val=177, C=8, T=315, batch=16) ...
    stage 3/3: scoring on 3582 test series (accuracy + AOPCR) ...
    [mlflow] versioned model 'seanet_spiketrend_adaptive__sea_mstcn_sep_spiketrend__sea_adaptive_classwise' (id=m-63856904989e41a2923c96967ccf1c45) params={'model_size_mb': '1.5251', 'n_model_params': '66880', 'name': 'seanet_spiketrend_adaptive'}
    [mlflow] logged run 'seanet_spiketrend_adaptive_UWaveGestureLibraryY'  (train_acc=1.0000 val_acc=0.7684 test_acc=0.7596 test_loss=0.8257)
[ 79/129] UWaveGestureLibraryY         DONE  acc=0.7596 loss=0.8257 AOPCR=  0.349 NDCG=  n/a C=  8 T=  315 (137s)  [78 trained / 0 failed so far]
[ 80/129] UWaveGestureLibraryZ
    stage 1/3: loading data ...
    stage 2/3: training on 719 series (val=177, C=8, T=315, batch=16) ...
    stage 3/3: scoring on 3582 test series (accuracy + AOPCR) ...
    [mlflow] versioned model 'seanet_spiketrend_adaptive__sea_mstcn_sep_spiketrend__sea_adaptive_classwise' (id=m-8278b852dd634a9fbb60fbf9533ada0a) params={'model_size_mb': '1.5251', 'n_model_params': '66880', 'name': 'seanet_spiketrend_adaptive'}
    [mlflow] logged run 'seanet_spiketrend_adaptive_UWaveGestureLibraryZ'  (train_acc=0.8456 val_acc=0.7232 test_acc=0.7437 test_loss=0.7363)
[ 80/129] UWaveGestureLibraryZ         DONE  acc=0.7437 loss=0.7363 AOPCR=  0.861 NDCG=  n/a C=  8 T=  315 (48s)  [79 trained / 0 failed so far]
[ 81/129] Wafer
    stage 1/3: loading data ...
    stage 2/3: training on 801 series (val=199, C=2, T=152, batch=16) ...
    stage 3/3: scoring on 6164 test series (accuracy + AOPCR) ...
    [mlflow] versioned model 'seanet_spiketrend_adaptive__sea_mstcn_sep_spiketrend__sea_adaptive_classwise' (id=m-4cbb32697022452dbf7fcb17712c8fd6) params={'model_size_mb': '1.5234', 'n_model_params': '66430', 'name': 'seanet_spiketrend_adaptive'}
    [mlflow] logged run 'seanet_spiketrend_adaptive_Wafer'  (train_acc=1.0000 val_acc=1.0000 test_acc=0.9981 test_loss=0.0721)
[ 81/129] Wafer                        DONE  acc=0.9981 loss=0.0721 AOPCR=  0.046 NDCG=  n/a C=  2 T=  152 (87s)  [80 trained / 0 failed so far]
[ 82/129] Wine
    stage 1/3: loading data ...
    stage 2/3: training on 57 series (no val (train-loss early stop), C=2, T=234, batch=5) ...
    stage 3/3: scoring on 54 test series (accuracy + AOPCR) ...
    [mlflow] versioned model 'seanet_spiketrend_adaptive__sea_mstcn_sep_spiketrend__sea_adaptive_classwise' (id=m-1a6af10ad5e743afa68004b49a687ed1) params={'model_size_mb': '1.5234', 'n_model_params': '66430', 'name': 'seanet_spiketrend_adaptive'}
    [mlflow] logged run 'seanet_spiketrend_adaptive_Wine'  (train_acc=0.6140 test_acc=0.4444 test_loss=0.6892)
[ 82/129] Wine                         DONE  acc=0.4444 loss=0.6892 AOPCR=  1.510 NDCG=  n/a C=  2 T=  234 (36s)  [81 trained / 0 failed so far]
[ 83/129] WordSynonyms
    stage 1/3: loading data ...
    stage 2/3: training on 217 series (val=50, C=25, T=270, batch=16) ...
    stage 3/3: scoring on 638 test series (accuracy + AOPCR) ...
    [mlflow] versioned model 'seanet_spiketrend_adaptive__sea_mstcn_sep_spiketrend__sea_adaptive_classwise' (id=m-59e662eb39264b8fa2a5316c54cff557) params={'model_size_mb': '1.5299', 'n_model_params': '68155', 'name': 'seanet_spiketrend_adaptive'}
    [mlflow] logged run 'seanet_spiketrend_adaptive_WordSynonyms'  (train_acc=1.0000 val_acc=0.7400 test_acc=0.7100 test_loss=1.2624)
[ 83/129] WordSynonyms                 DONE  acc=0.7100 loss=1.2624 AOPCR=  1.384 NDCG=  n/a C= 25 T=  270 (41s)  [82 trained / 0 failed so far]
[ 84/129] Worms
    stage 1/3: loading data ...
    stage 2/3: training on 146 series (val=35, C=5, T=900, batch=14) ...
    stage 3/3: scoring on 77 test series (accuracy + AOPCR) ...
    [mlflow] versioned model 'seanet_spiketrend_adaptive__sea_mstcn_sep_spiketrend__sea_adaptive_classwise' (id=m-070d730db9d541fbbf4549ecbd7715b9) params={'model_size_mb': '1.5242', 'n_model_params': '66655', 'name': 'seanet_spiketrend_adaptive'}
    [mlflow] logged run 'seanet_spiketrend_adaptive_Worms'  (train_acc=0.9932 val_acc=0.6857 test_acc=0.6364 test_loss=0.9945)
[ 84/129] Worms                        DONE  acc=0.6364 loss=0.9945 AOPCR=  0.850 NDCG=  n/a C=  5 T=  900 (22s)  [83 trained / 0 failed so far]
[ 85/129] WormsTwoClass
    stage 1/3: loading data ...
    stage 2/3: training on 145 series (val=36, C=2, T=900, batch=14) ...
    stage 3/3: scoring on 77 test series (accuracy + AOPCR) ...
    [mlflow] versioned model 'seanet_spiketrend_adaptive__sea_mstcn_sep_spiketrend__sea_adaptive_classwise' (id=m-00eefbec7f214d609686bd8711605175) params={'model_size_mb': '1.5234', 'n_model_params': '66430', 'name': 'seanet_spiketrend_adaptive'}
    [mlflow] logged run 'seanet_spiketrend_adaptive_WormsTwoClass'  (train_acc=0.8276 val_acc=0.6111 test_acc=0.7403 test_loss=0.5012)
[ 85/129] WormsTwoClass                DONE  acc=0.7403 loss=0.5012 AOPCR=  0.624 NDCG=  n/a C=  2 T=  900 (12s)  [84 trained / 0 failed so far]
[ 86/129] Yoga
    stage 1/3: loading data ...
    stage 2/3: training on 241 series (val=59, C=2, T=426, batch=16) ...
    stage 3/3: scoring on 3000 test series (accuracy + AOPCR) ...
    [mlflow] versioned model 'seanet_spiketrend_adaptive__sea_mstcn_sep_spiketrend__sea_adaptive_classwise' (id=m-7205463851f8496abd0d07da91efbb22) params={'model_size_mb': '1.5234', 'n_model_params': '66430', 'name': 'seanet_spiketrend_adaptive'}
    [mlflow] logged run 'seanet_spiketrend_adaptive_Yoga'  (train_acc=1.0000 val_acc=0.8814 test_acc=0.8917 test_loss=0.2788)
[ 86/129] Yoga                         DONE  acc=0.8917 loss=0.2788 AOPCR=  2.370 NDCG=  n/a C=  2 T=  426 (50s)  [85 trained / 0 failed so far]
[ 87/129] ACSF1
    stage 1/3: loading data ...
    stage 2/3: training on 80 series (val=20, C=10, T=1460, batch=8) ...
    stage 3/3: scoring on 100 test series (accuracy + AOPCR) ...
    [mlflow] versioned model 'seanet_spiketrend_adaptive__sea_mstcn_sep_spiketrend__sea_adaptive_classwise' (id=m-5a10b94b1ff64a3ebd424ed2a32a5dc2) params={'model_size_mb': '1.5256', 'n_model_params': '67030', 'name': 'seanet_spiketrend_adaptive'}
    [mlflow] logged run 'seanet_spiketrend_adaptive_ACSF1'  (train_acc=0.8750 val_acc=0.8000 test_acc=0.7800 test_loss=0.6481)
[ 87/129] ACSF1                        DONE  acc=0.7800 loss=0.6481 AOPCR= -0.486 NDCG=  n/a C= 10 T= 1460 (32s)  [86 trained / 0 failed so far]
[ 88/129] AllGestureWiimoteX
    stage 1/3: loading data ...
    stage 2/3: training on 240 series (val=60, C=10, T=500, batch=16) ...
    stage 3/3: scoring on 700 test series (accuracy + AOPCR) ...
    [mlflow] versioned model 'seanet_spiketrend_adaptive__sea_mstcn_sep_spiketrend__sea_adaptive_classwise' (id=m-4fac0aab818543d1bdd4b4aa71e359e1) params={'model_size_mb': '1.5256', 'n_model_params': '67030', 'name': 'seanet_spiketrend_adaptive'}
    [mlflow] logged run 'seanet_spiketrend_adaptive_AllGestureWiimoteX'  (train_acc=1.0000 val_acc=0.8833 test_acc=0.7614 test_loss=0.8088)
[ 88/129] AllGestureWiimoteX           DONE  acc=0.7614 loss=0.8088 AOPCR=  2.933 NDCG=  n/a C= 10 T=  500 (79s)  [87 trained / 0 failed so far]
[ 89/129] AllGestureWiimoteY
    stage 1/3: loading data ...
    stage 2/3: training on 240 series (val=60, C=10, T=500, batch=16) ...
    stage 3/3: scoring on 700 test series (accuracy + AOPCR) ...
    [mlflow] versioned model 'seanet_spiketrend_adaptive__sea_mstcn_sep_spiketrend__sea_adaptive_classwise' (id=m-0557987dea0247d2815bc153f695e361) params={'model_size_mb': '1.5256', 'n_model_params': '67030', 'name': 'seanet_spiketrend_adaptive'}
    [mlflow] logged run 'seanet_spiketrend_adaptive_AllGestureWiimoteY'  (train_acc=1.0000 val_acc=0.7833 test_acc=0.7686 test_loss=0.8917)
[ 89/129] AllGestureWiimoteY           DONE  acc=0.7686 loss=0.8917 AOPCR=  2.709 NDCG=  n/a C= 10 T=  500 (36s)  [88 trained / 0 failed so far]
[ 90/129] AllGestureWiimoteZ
    stage 1/3: loading data ...
    stage 2/3: training on 240 series (val=60, C=10, T=500, batch=16) ...
    stage 3/3: scoring on 700 test series (accuracy + AOPCR) ...
    [mlflow] versioned model 'seanet_spiketrend_adaptive__sea_mstcn_sep_spiketrend__sea_adaptive_classwise' (id=m-48908a1c22634d8f944aaab4e179640c) params={'model_size_mb': '1.5256', 'n_model_params': '67030', 'name': 'seanet_spiketrend_adaptive'}
    [mlflow] logged run 'seanet_spiketrend_adaptive_AllGestureWiimoteZ'  (train_acc=1.0000 val_acc=0.7333 test_acc=0.7371 test_loss=0.9770)
[ 90/129] AllGestureWiimoteZ           DONE  acc=0.7371 loss=0.9770 AOPCR=  2.159 NDCG=  n/a C= 10 T=  500 (67s)  [89 trained / 0 failed so far]
[ 91/129] BME
    stage 1/3: loading data ...
    stage 2/3: training on 30 series (no val (train-loss early stop), C=3, T=128, batch=3) ...
    stage 3/3: scoring on 150 test series (accuracy + AOPCR) ...
    [mlflow] versioned model 'seanet_spiketrend_adaptive__sea_mstcn_sep_spiketrend__sea_adaptive_classwise' (id=m-11ccddf02e50433c8ee9f318628867c5) params={'model_size_mb': '1.5237', 'n_model_params': '66505', 'name': 'seanet_spiketrend_adaptive'}
    [mlflow] logged run 'seanet_spiketrend_adaptive_BME'  (train_acc=1.0000 test_acc=1.0000 test_loss=0.0967)
[ 91/129] BME                          DONE  acc=1.0000 loss=0.0967 AOPCR=  0.636 NDCG=  n/a C=  3 T=  128 (29s)  [90 trained / 0 failed so far]
[ 92/129] Chinatown
    stage 1/3: loading data ...
    stage 2/3: training on 20 series (no val (train-loss early stop), C=2, T=24, batch=2) ...
    stage 3/3: scoring on 343 test series (accuracy + AOPCR) ...
    [mlflow] versioned model 'seanet_spiketrend_adaptive__sea_mstcn_sep_spiketrend__sea_adaptive_classwise' (id=m-ad7b6d084aef41a78d9ea25bc68d3f33) params={'model_size_mb': '1.5234', 'n_model_params': '66430', 'name': 'seanet_spiketrend_adaptive'}
    [mlflow] logged run 'seanet_spiketrend_adaptive_Chinatown'  (train_acc=1.0000 test_acc=0.9825 test_loss=0.1236)
[ 92/129] Chinatown                    DONE  acc=0.9825 loss=0.1236 AOPCR= -0.077 NDCG=  n/a C=  2 T=   24 (27s)  [91 trained / 0 failed so far]
[ 93/129] Crop
    stage 1/3: loading data ...
    stage 2/3: training on 5760 series (val=1440, C=24, T=46, batch=16) ...
    stage 3/3: scoring on 16800 test series (accuracy + AOPCR) ...
    [mlflow] versioned model 'seanet_spiketrend_adaptive__sea_mstcn_sep_spiketrend__sea_adaptive_classwise' (id=m-f576a6be992e4b40b03458f714e79ab3) params={'model_size_mb': '1.5297', 'n_model_params': '68080', 'name': 'seanet_spiketrend_adaptive'}
    [mlflow] logged run 'seanet_spiketrend_adaptive_Crop'  (train_acc=0.8958 val_acc=0.7375 test_acc=0.7345 test_loss=0.8983)
[ 93/129] Crop                         DONE  acc=0.7345 loss=0.8983 AOPCR=  0.326 NDCG=  n/a C= 24 T=   46 (816s)  [92 trained / 0 failed so far]
[ 94/129] DodgerLoopDay
    stage 1/3: loading data ...
    stage 2/3: training on 78 series (no val (train-loss early stop), C=7, T=288, batch=7) ...
    stage 3/3: scoring on 80 test series (accuracy + AOPCR) ...
    [mlflow] versioned model 'seanet_spiketrend_adaptive__sea_mstcn_sep_spiketrend__sea_adaptive_classwise' (id=m-92a8eccbe43e4fa9b13c9c5c101b6c48) params={'model_size_mb': '1.5248', 'n_model_params': '66805', 'name': 'seanet_spiketrend_adaptive'}
    [mlflow] logged run 'seanet_spiketrend_adaptive_DodgerLoopDay'  (train_acc=1.0000 test_acc=0.6250 test_loss=1.1866)
[ 94/129] DodgerLoopDay                DONE  acc=0.6250 loss=1.1866 AOPCR=  0.813 NDCG=  n/a C=  7 T=  288 (103s)  [93 trained / 0 failed so far]
[ 95/129] DodgerLoopGame
    stage 1/3: loading data ...
    stage 2/3: training on 20 series (no val (train-loss early stop), C=2, T=288, batch=2) ...
    stage 3/3: scoring on 138 test series (accuracy + AOPCR) ...
    [mlflow] versioned model 'seanet_spiketrend_adaptive__sea_mstcn_sep_spiketrend__sea_adaptive_classwise' (id=m-07b4ef1280c641f682f3fec1830c8feb) params={'model_size_mb': '1.5234', 'n_model_params': '66430', 'name': 'seanet_spiketrend_adaptive'}
    [mlflow] logged run 'seanet_spiketrend_adaptive_DodgerLoopGame'  (train_acc=1.0000 test_acc=0.8623 test_loss=0.3564)
[ 95/129] DodgerLoopGame               DONE  acc=0.8623 loss=0.3564 AOPCR=  0.194 NDCG=  n/a C=  2 T=  288 (46s)  [94 trained / 0 failed so far]
[ 96/129] DodgerLoopWeekend
    stage 1/3: loading data ...
    stage 2/3: training on 20 series (no val (train-loss early stop), C=2, T=288, batch=2) ...
    stage 3/3: scoring on 138 test series (accuracy + AOPCR) ...
    [mlflow] versioned model 'seanet_spiketrend_adaptive__sea_mstcn_sep_spiketrend__sea_adaptive_classwise' (id=m-61165e7620cb4a9bbc430e93e201a7b9) params={'model_size_mb': '1.5234', 'n_model_params': '66430', 'name': 'seanet_spiketrend_adaptive'}
    [mlflow] logged run 'seanet_spiketrend_adaptive_DodgerLoopWeekend'  (train_acc=1.0000 test_acc=0.9783 test_loss=0.1514)
[ 96/129] DodgerLoopWeekend            DONE  acc=0.9783 loss=0.1514 AOPCR=  1.056 NDCG=  n/a C=  2 T=  288 (49s)  [95 trained / 0 failed so far]
[ 97/129] EOGHorizontalSignal
    stage 1/3: loading data ...
    stage 2/3: training on 290 series (val=72, C=12, T=1250, batch=16) ...
    stage 3/3: scoring on 362 test series (accuracy + AOPCR) ...
    [mlflow] versioned model 'seanet_spiketrend_adaptive__sea_mstcn_sep_spiketrend__sea_adaptive_classwise' (id=m-0d4cca464bd84f9ab876797e271f727b) params={'model_size_mb': '1.5262', 'n_model_params': '67180', 'name': 'seanet_spiketrend_adaptive'}
    [mlflow] logged run 'seanet_spiketrend_adaptive_EOGHorizontalSignal'  (train_acc=0.9828 val_acc=0.8889 test_acc=0.4779 test_loss=1.6817)
[ 97/129] EOGHorizontalSignal          DONE  acc=0.4779 loss=1.6817 AOPCR=  0.153 NDCG=  n/a C= 12 T= 1250 (47s)  [96 trained / 0 failed so far]
[ 98/129] EOGVerticalSignal
    stage 1/3: loading data ...
    stage 2/3: training on 290 series (val=72, C=12, T=1250, batch=16) ...
    stage 3/3: scoring on 362 test series (accuracy + AOPCR) ...
    [mlflow] versioned model 'seanet_spiketrend_adaptive__sea_mstcn_sep_spiketrend__sea_adaptive_classwise' (id=m-cfebeff7632e449ba95c7b403a8796e5) params={'model_size_mb': '1.5262', 'n_model_params': '67180', 'name': 'seanet_spiketrend_adaptive'}
    [mlflow] logged run 'seanet_spiketrend_adaptive_EOGVerticalSignal'  (train_acc=0.9655 val_acc=0.8194 test_acc=0.4503 test_loss=1.9232)
[ 98/129] EOGVerticalSignal            DONE  acc=0.4503 loss=1.9232 AOPCR=  2.095 NDCG=  n/a C= 12 T= 1250 (44s)  [97 trained / 0 failed so far]
[ 99/129] EthanolLevel
    stage 1/3: loading data ...
    stage 2/3: training on 404 series (val=100, C=4, T=1751, batch=16) ...
    stage 3/3: scoring on 500 test series (accuracy + AOPCR) ...
    [mlflow] versioned model 'seanet_spiketrend_adaptive__sea_mstcn_sep_spiketrend__sea_adaptive_classwise' (id=m-f9d529d77b4b4f8fa47da8d61edfb0ca) params={'model_size_mb': '1.524', 'n_model_params': '66580', 'name': 'seanet_spiketrend_adaptive'}
    [mlflow] logged run 'seanet_spiketrend_adaptive_EthanolLevel'  (train_acc=0.9134 val_acc=0.9100 test_acc=0.7860 test_loss=0.5181)
[ 99/129] EthanolLevel                 DONE  acc=0.7860 loss=0.5181 AOPCR=-34.201 NDCG=  n/a C=  4 T= 1751 (109s)  [98 trained / 0 failed so far]
[100/129] FreezerRegularTrain
    stage 1/3: loading data ...
    stage 2/3: training on 120 series (val=30, C=2, T=301, batch=12) ...
    stage 3/3: scoring on 2850 test series (accuracy + AOPCR) ...
    [mlflow] versioned model 'seanet_spiketrend_adaptive__sea_mstcn_sep_spiketrend__sea_adaptive_classwise' (id=m-93fb94078cd14bf09007cddebe404088) params={'model_size_mb': '1.5234', 'n_model_params': '66430', 'name': 'seanet_spiketrend_adaptive'}
    [mlflow] logged run 'seanet_spiketrend_adaptive_FreezerRegularTrain'  (train_acc=1.0000 val_acc=1.0000 test_acc=0.9895 test_loss=0.0829)
[100/129] FreezerRegularTrain          DONE  acc=0.9895 loss=0.0829 AOPCR=  0.939 NDCG=  n/a C=  2 T=  301 (34s)  [99 trained / 0 failed so far]
[101/129] FreezerSmallTrain
    stage 1/3: loading data ...
    stage 2/3: training on 28 series (no val (train-loss early stop), C=2, T=301, batch=2) ...
    stage 3/3: scoring on 2850 test series (accuracy + AOPCR) ...
    [mlflow] versioned model 'seanet_spiketrend_adaptive__sea_mstcn_sep_spiketrend__sea_adaptive_classwise' (id=m-02c38c5709dd4349be79038bd4772d16) params={'model_size_mb': '1.5234', 'n_model_params': '66430', 'name': 'seanet_spiketrend_adaptive'}
    [mlflow] logged run 'seanet_spiketrend_adaptive_FreezerSmallTrain'  (train_acc=1.0000 test_acc=0.6751 test_loss=0.8836)
[101/129] FreezerSmallTrain            DONE  acc=0.6751 loss=0.8836 AOPCR= -0.153 NDCG=  n/a C=  2 T=  301 (19s)  [100 trained / 0 failed so far]
[102/129] Fungi
    stage 1/3: loading data ...
    stage 2/3: training on 18 series (no val (train-loss early stop), C=18, T=201, batch=2) ...
    stage 3/3: scoring on 186 test series (accuracy + AOPCR) ...
    [mlflow] versioned model 'seanet_spiketrend_adaptive__sea_mstcn_sep_spiketrend__sea_adaptive_classwise' (id=m-54d68bba47d046c8ac4a4dc83ac39bcf) params={'model_size_mb': '1.528', 'n_model_params': '67630', 'name': 'seanet_spiketrend_adaptive'}
    [mlflow] logged run 'seanet_spiketrend_adaptive_Fungi'  (train_acc=1.0000 test_acc=0.9086 test_loss=0.4098)
[102/129] Fungi                        DONE  acc=0.9086 loss=0.4098 AOPCR=  0.578 NDCG=  n/a C= 18 T=  201 (58s)  [101 trained / 0 failed so far]
[103/129] GestureMidAirD1
    stage 1/3: loading data ...
    stage 2/3: training on 182 series (val=26, C=26, T=360, batch=16) ...
    stage 3/3: scoring on 130 test series (accuracy + AOPCR) ...
    [mlflow] versioned model 'seanet_spiketrend_adaptive__sea_mstcn_sep_spiketrend__sea_adaptive_classwise' (id=m-ef49952af2b84f9c9a225bec22384f37) params={'model_size_mb': '1.5302', 'n_model_params': '68230', 'name': 'seanet_spiketrend_adaptive'}
    [mlflow] logged run 'seanet_spiketrend_adaptive_GestureMidAirD1'  (train_acc=0.9890 val_acc=0.7692 test_acc=0.7154 test_loss=1.0870)
[103/129] GestureMidAirD1              DONE  acc=0.7154 loss=1.0870 AOPCR=  2.445 NDCG=  n/a C= 26 T=  360 (32s)  [102 trained / 0 failed so far]
[104/129] GestureMidAirD2
    stage 1/3: loading data ...
    stage 2/3: training on 182 series (val=26, C=26, T=360, batch=16) ...
    stage 3/3: scoring on 130 test series (accuracy + AOPCR) ...
    [mlflow] versioned model 'seanet_spiketrend_adaptive__sea_mstcn_sep_spiketrend__sea_adaptive_classwise' (id=m-de3f615b5d0642caa2cf19217d0ad0dd) params={'model_size_mb': '1.5302', 'n_model_params': '68230', 'name': 'seanet_spiketrend_adaptive'}
    [mlflow] logged run 'seanet_spiketrend_adaptive_GestureMidAirD2'  (train_acc=0.8571 val_acc=0.5385 test_acc=0.6231 test_loss=1.0743)
[104/129] GestureMidAirD2              DONE  acc=0.6231 loss=1.0743 AOPCR=  1.877 NDCG=  n/a C= 26 T=  360 (25s)  [103 trained / 0 failed so far]
[105/129] GestureMidAirD3
    stage 1/3: loading data ...
    stage 2/3: training on 182 series (val=26, C=26, T=360, batch=16) ...
    stage 3/3: scoring on 130 test series (accuracy + AOPCR) ...
    [mlflow] versioned model 'seanet_spiketrend_adaptive__sea_mstcn_sep_spiketrend__sea_adaptive_classwise' (id=m-e4e8a2d41f82420d83fbe929c2fd0ed9) params={'model_size_mb': '1.5302', 'n_model_params': '68230', 'name': 'seanet_spiketrend_adaptive'}
    [mlflow] logged run 'seanet_spiketrend_adaptive_GestureMidAirD3'  (train_acc=0.9670 val_acc=0.5000 test_acc=0.3385 test_loss=2.4998)
[105/129] GestureMidAirD3              DONE  acc=0.3385 loss=2.4998 AOPCR=  2.198 NDCG=  n/a C= 26 T=  360 (30s)  [104 trained / 0 failed so far]
[106/129] GesturePebbleZ1
    stage 1/3: loading data ...
    stage 2/3: training on 107 series (val=25, C=6, T=455, batch=10) ...
    stage 3/3: scoring on 172 test series (accuracy + AOPCR) ...
    [mlflow] versioned model 'seanet_spiketrend_adaptive__sea_mstcn_sep_spiketrend__sea_adaptive_classwise' (id=m-8c6084988c5e495fbb0126e5c5f3ea9b) params={'model_size_mb': '1.5245', 'n_model_params': '66730', 'name': 'seanet_spiketrend_adaptive'}
    [mlflow] logged run 'seanet_spiketrend_adaptive_GesturePebbleZ1'  (train_acc=1.0000 val_acc=1.0000 test_acc=0.9244 test_loss=0.3563)
[106/129] GesturePebbleZ1              DONE  acc=0.9244 loss=0.3563 AOPCR=  1.410 NDCG=  n/a C=  6 T=  455 (29s)  [105 trained / 0 failed so far]
[107/129] GesturePebbleZ2
    stage 1/3: loading data ...
    stage 2/3: training on 120 series (val=26, C=6, T=455, batch=12) ...
    stage 3/3: scoring on 158 test series (accuracy + AOPCR) ...
    [mlflow] versioned model 'seanet_spiketrend_adaptive__sea_mstcn_sep_spiketrend__sea_adaptive_classwise' (id=m-d151f4ab0b49492d98d7dce029373d70) params={'model_size_mb': '1.5245', 'n_model_params': '66730', 'name': 'seanet_spiketrend_adaptive'}
    [mlflow] logged run 'seanet_spiketrend_adaptive_GesturePebbleZ2'  (train_acc=1.0000 val_acc=1.0000 test_acc=0.9304 test_loss=0.3357)
[107/129] GesturePebbleZ2              DONE  acc=0.9304 loss=0.3357 AOPCR=  2.184 NDCG=  n/a C=  6 T=  455 (57s)  [106 trained / 0 failed so far]
[108/129] GunPointAgeSpan
    stage 1/3: loading data ...
    stage 2/3: training on 109 series (val=26, C=2, T=150, batch=10) ...
    stage 3/3: scoring on 316 test series (accuracy + AOPCR) ...
    [mlflow] versioned model 'seanet_spiketrend_adaptive__sea_mstcn_sep_spiketrend__sea_adaptive_classwise' (id=m-318199ce0778475fb963361154381733) params={'model_size_mb': '1.5234', 'n_model_params': '66430', 'name': 'seanet_spiketrend_adaptive'}
    [mlflow] logged run 'seanet_spiketrend_adaptive_GunPointAgeSpan'  (train_acc=1.0000 val_acc=0.9615 test_acc=0.9715 test_loss=0.1340)
[108/129] GunPointAgeSpan              DONE  acc=0.9715 loss=0.1340 AOPCR=  1.463 NDCG=  n/a C=  2 T=  150 (26s)  [107 trained / 0 failed so far]
[109/129] GunPointMaleVersusFemale
    stage 1/3: loading data ...
    stage 2/3: training on 109 series (val=26, C=2, T=150, batch=10) ...
    stage 3/3: scoring on 316 test series (accuracy + AOPCR) ...
    [mlflow] versioned model 'seanet_spiketrend_adaptive__sea_mstcn_sep_spiketrend__sea_adaptive_classwise' (id=m-6018acdb13354e6cbf87ae06414c8881) params={'model_size_mb': '1.5234', 'n_model_params': '66430', 'name': 'seanet_spiketrend_adaptive'}
    [mlflow] logged run 'seanet_spiketrend_adaptive_GunPointMaleVersusFemale'  (train_acc=1.0000 val_acc=1.0000 test_acc=0.9905 test_loss=0.0807)
[109/129] GunPointMaleVersusFemale     DONE  acc=0.9905 loss=0.0807 AOPCR=  1.030 NDCG=  n/a C=  2 T=  150 (34s)  [108 trained / 0 failed so far]
[110/129] GunPointOldVersusYoung
    stage 1/3: loading data ...
    stage 2/3: training on 109 series (val=27, C=2, T=150, batch=10) ...
    stage 3/3: scoring on 315 test series (accuracy + AOPCR) ...
    [mlflow] versioned model 'seanet_spiketrend_adaptive__sea_mstcn_sep_spiketrend__sea_adaptive_classwise' (id=m-947e9f3ffd5942ccbacf0474c8b4bdf3) params={'model_size_mb': '1.5234', 'n_model_params': '66430', 'name': 'seanet_spiketrend_adaptive'}
    [mlflow] logged run 'seanet_spiketrend_adaptive_GunPointOldVersusYoung'  (train_acc=1.0000 val_acc=1.0000 test_acc=0.9651 test_loss=0.1324)
[110/129] GunPointOldVersusYoung       DONE  acc=0.9651 loss=0.1324 AOPCR=  3.097 NDCG=  n/a C=  2 T=  150 (40s)  [109 trained / 0 failed so far]
[111/129] HouseTwenty
    stage 1/3: loading data ...
    stage 2/3: training on 40 series (no val (train-loss early stop), C=2, T=2000, batch=4) ...
    stage 3/3: scoring on 119 test series (accuracy + AOPCR) ...
    [mlflow] versioned model 'seanet_spiketrend_adaptive__sea_mstcn_sep_spiketrend__sea_adaptive_classwise' (id=m-c772364b83d145da9150286dd090b718) params={'model_size_mb': '1.5234', 'n_model_params': '66430', 'name': 'seanet_spiketrend_adaptive'}
    [mlflow] logged run 'seanet_spiketrend_adaptive_HouseTwenty'  (train_acc=1.0000 test_acc=0.9160 test_loss=0.2384)
[111/129] HouseTwenty                  DONE  acc=0.9160 loss=0.2384 AOPCR=  1.955 NDCG=  n/a C=  2 T= 2000 (41s)  [110 trained / 0 failed so far]
[112/129] InsectEPGRegularTrain
    stage 1/3: loading data ...
    stage 2/3: training on 62 series (no val (train-loss early stop), C=3, T=601, batch=6) ...
    stage 3/3: scoring on 249 test series (accuracy + AOPCR) ...
    [mlflow] versioned model 'seanet_spiketrend_adaptive__sea_mstcn_sep_spiketrend__sea_adaptive_classwise' (id=m-da8bbac27474427eba06ce24eb1aedd3) params={'model_size_mb': '1.5237', 'n_model_params': '66505', 'name': 'seanet_spiketrend_adaptive'}
    [mlflow] logged run 'seanet_spiketrend_adaptive_InsectEPGRegularTrain'  (train_acc=1.0000 test_acc=0.9799 test_loss=0.1353)
[112/129] InsectEPGRegularTrain        DONE  acc=0.9799 loss=0.1353 AOPCR=  1.043 NDCG=  n/a C=  3 T=  601 (35s)  [111 trained / 0 failed so far]
[113/129] InsectEPGSmallTrain
    stage 1/3: loading data ...
    stage 2/3: training on 17 series (no val (train-loss early stop), C=3, T=601, batch=2) ...
    stage 3/3: scoring on 249 test series (accuracy + AOPCR) ...
    [mlflow] versioned model 'seanet_spiketrend_adaptive__sea_mstcn_sep_spiketrend__sea_adaptive_classwise' (id=m-c8c86756be5e4a0f80896bc734b5c76f) params={'model_size_mb': '1.5237', 'n_model_params': '66505', 'name': 'seanet_spiketrend_adaptive'}
    [mlflow] logged run 'seanet_spiketrend_adaptive_InsectEPGSmallTrain'  (train_acc=1.0000 test_acc=0.7430 test_loss=0.6146)
[113/129] InsectEPGSmallTrain          DONE  acc=0.7430 loss=0.6146 AOPCR=  1.212 NDCG=  n/a C=  3 T=  601 (47s)  [112 trained / 0 failed so far]
[114/129] MelbournePedestrian
    stage 1/3: loading data ...
    stage 2/3: training on 956 series (val=238, C=10, T=24, batch=16) ...
    stage 3/3: scoring on 2439 test series (accuracy + AOPCR) ...
    [mlflow] versioned model 'seanet_spiketrend_adaptive__sea_mstcn_sep_spiketrend__sea_adaptive_classwise' (id=m-aef7dd859efc4f1e8bb5b0c757c701d3) params={'model_size_mb': '1.5256', 'n_model_params': '67030', 'name': 'seanet_spiketrend_adaptive'}
    [mlflow] logged run 'seanet_spiketrend_adaptive_MelbournePedestrian'  (train_acc=0.9854 val_acc=0.9202 test_acc=0.8897 test_loss=0.3911)
[114/129] MelbournePedestrian          DONE  acc=0.8897 loss=0.3911 AOPCR=  0.323 NDCG=  n/a C= 10 T=   24 (103s)  [113 trained / 0 failed so far]
[115/129] MixedShapesRegularTrain
    stage 1/3: loading data ...
    stage 2/3: training on 400 series (val=100, C=5, T=1024, batch=16) ...
    stage 3/3: scoring on 2425 test series (accuracy + AOPCR) ...
    [mlflow] versioned model 'seanet_spiketrend_adaptive__sea_mstcn_sep_spiketrend__sea_adaptive_classwise' (id=m-b7d1a7991e88425083b1286c29115b1e) params={'model_size_mb': '1.5242', 'n_model_params': '66655', 'name': 'seanet_spiketrend_adaptive'}
    [mlflow] logged run 'seanet_spiketrend_adaptive_MixedShapesRegularTrain'  (train_acc=1.0000 val_acc=0.9700 test_acc=0.9600 test_loss=0.2098)
[115/129] MixedShapesRegularTrain      DONE  acc=0.9600 loss=0.2098 AOPCR=  1.646 NDCG=  n/a C=  5 T= 1024 (97s)  [114 trained / 0 failed so far]
[116/129] MixedShapesSmallTrain
    stage 1/3: loading data ...
    stage 2/3: training on 80 series (val=20, C=5, T=1024, batch=8) ...
    stage 3/3: scoring on 2425 test series (accuracy + AOPCR) ...
    [mlflow] versioned model 'seanet_spiketrend_adaptive__sea_mstcn_sep_spiketrend__sea_adaptive_classwise' (id=m-27906572f2b2459cbd12f85b8a9729ee) params={'model_size_mb': '1.5242', 'n_model_params': '66655', 'name': 'seanet_spiketrend_adaptive'}
    [mlflow] logged run 'seanet_spiketrend_adaptive_MixedShapesSmallTrain'  (train_acc=1.0000 val_acc=0.9500 test_acc=0.8548 test_loss=0.4678)
[116/129] MixedShapesSmallTrain        DONE  acc=0.8548 loss=0.4678 AOPCR=  0.393 NDCG=  n/a C=  5 T= 1024 (36s)  [115 trained / 0 failed so far]
[117/129] PLAID
    stage 1/3: loading data ...
    stage 2/3: training on 436 series (val=101, C=11, T=1344, batch=16) ...
    stage 3/3: scoring on 537 test series (accuracy + AOPCR) ...
    [mlflow] versioned model 'seanet_spiketrend_adaptive__sea_mstcn_sep_spiketrend__sea_adaptive_classwise' (id=m-3cffccbabebf48cdb1e5c3042b2a0b29) params={'model_size_mb': '1.5259', 'n_model_params': '67105', 'name': 'seanet_spiketrend_adaptive'}
    [mlflow] logged run 'seanet_spiketrend_adaptive_PLAID'  (train_acc=0.9679 val_acc=0.8317 test_acc=0.8212 test_loss=0.5893)
[117/129] PLAID                        DONE  acc=0.8212 loss=0.5893 AOPCR=  1.906 NDCG=  n/a C= 11 T= 1344 (100s)  [116 trained / 0 failed so far]
[118/129] PickupGestureWiimoteZ
    stage 1/3: loading data ...
    stage 2/3: training on 50 series (no val (train-loss early stop), C=10, T=361, batch=5) ...
    stage 3/3: scoring on 50 test series (accuracy + AOPCR) ...
    [mlflow] versioned model 'seanet_spiketrend_adaptive__sea_mstcn_sep_spiketrend__sea_adaptive_classwise' (id=m-2d6744bcd5494c1bbe7bc2d72c68b5a0) params={'model_size_mb': '1.5256', 'n_model_params': '67030', 'name': 'seanet_spiketrend_adaptive'}
    [mlflow] logged run 'seanet_spiketrend_adaptive_PickupGestureWiimoteZ'  (train_acc=1.0000 test_acc=0.8000 test_loss=0.7542)
[118/129] PickupGestureWiimoteZ        DONE  acc=0.8000 loss=0.7542 AOPCR=  0.411 NDCG=  n/a C= 10 T=  361 (24s)  [117 trained / 0 failed so far]
[119/129] PigAirwayPressure
    stage 1/3: loading data ...
    stage 2/3: training on 52 series (val=52, C=52, T=2000, batch=5) ...
    stage 3/3: scoring on 208 test series (accuracy + AOPCR) ...
    [mlflow] versioned model 'seanet_spiketrend_adaptive__sea_mstcn_sep_spiketrend__sea_adaptive_classwise' (id=m-30cdad274ea94dca9f32145045b51c38) params={'model_size_mb': '1.5378', 'n_model_params': '70180', 'name': 'seanet_spiketrend_adaptive'}
    [mlflow] logged run 'seanet_spiketrend_adaptive_PigAirwayPressure'  (train_acc=0.0769 val_acc=0.0385 test_acc=0.0385 test_loss=3.9282)
[119/129] PigAirwayPressure            DONE  acc=0.0385 loss=3.9282 AOPCR=  0.194 NDCG=  n/a C= 52 T= 2000 (11s)  [118 trained / 0 failed so far]
[120/129] PigArtPressure
    stage 1/3: loading data ...
    stage 2/3: training on 52 series (val=52, C=52, T=2000, batch=5) ...
    stage 3/3: scoring on 208 test series (accuracy + AOPCR) ...
    [mlflow] versioned model 'seanet_spiketrend_adaptive__sea_mstcn_sep_spiketrend__sea_adaptive_classwise' (id=m-c202caec53c548b59cd6c185a253f73c) params={'model_size_mb': '1.5378', 'n_model_params': '70180', 'name': 'seanet_spiketrend_adaptive'}
    [mlflow] logged run 'seanet_spiketrend_adaptive_PigArtPressure'  (train_acc=1.0000 val_acc=0.4423 test_acc=0.5481 test_loss=2.1639)
[120/129] PigArtPressure               DONE  acc=0.5481 loss=2.1639 AOPCR=  0.766 NDCG=  n/a C= 52 T= 2000 (69s)  [119 trained / 0 failed so far]
[121/129] PigCVP
    stage 1/3: loading data ...
    stage 2/3: training on 52 series (val=52, C=52, T=2000, batch=5) ...
    stage 3/3: scoring on 208 test series (accuracy + AOPCR) ...
    [mlflow] versioned model 'seanet_spiketrend_adaptive__sea_mstcn_sep_spiketrend__sea_adaptive_classwise' (id=m-df41cc68a1aa4ef192ebec4d9381bcf9) params={'model_size_mb': '1.5378', 'n_model_params': '70180', 'name': 'seanet_spiketrend_adaptive'}
    [mlflow] logged run 'seanet_spiketrend_adaptive_PigCVP'  (train_acc=1.0000 val_acc=0.3462 test_acc=0.3173 test_loss=2.6743)
[121/129] PigCVP                       DONE  acc=0.3173 loss=2.6743 AOPCR=  1.241 NDCG=  n/a C= 52 T= 2000 (41s)  [120 trained / 0 failed so far]
[122/129] PowerCons
    stage 1/3: loading data ...
    stage 2/3: training on 144 series (val=36, C=2, T=144, batch=14) ...
    stage 3/3: scoring on 180 test series (accuracy + AOPCR) ...
    [mlflow] versioned model 'seanet_spiketrend_adaptive__sea_mstcn_sep_spiketrend__sea_adaptive_classwise' (id=m-e86aab01617a425f963ce52c31271abd) params={'model_size_mb': '1.5234', 'n_model_params': '66430', 'name': 'seanet_spiketrend_adaptive'}
    [mlflow] logged run 'seanet_spiketrend_adaptive_PowerCons'  (train_acc=1.0000 val_acc=1.0000 test_acc=0.9667 test_loss=0.1284)
[122/129] PowerCons                    DONE  acc=0.9667 loss=0.1284 AOPCR=  0.028 NDCG=  n/a C=  2 T=  144 (29s)  [121 trained / 0 failed so far]
[123/129] Rock
    stage 1/3: loading data ...
    stage 2/3: training on 20 series (no val (train-loss early stop), C=4, T=2844, batch=2) ...
    stage 3/3: scoring on 50 test series (accuracy + AOPCR) ...
    [mlflow] versioned model 'seanet_spiketrend_adaptive__sea_mstcn_sep_spiketrend__sea_adaptive_classwise' (id=m-0735e708722d4578b60d6e485d50460c) params={'model_size_mb': '1.524', 'n_model_params': '66580', 'name': 'seanet_spiketrend_adaptive'}
    [mlflow] logged run 'seanet_spiketrend_adaptive_Rock'  (train_acc=1.0000 test_acc=0.7600 test_loss=0.7859)
[123/129] Rock                         DONE  acc=0.7600 loss=0.7859 AOPCR= -0.038 NDCG=  n/a C=  4 T= 2844 (37s)  [122 trained / 0 failed so far]
[124/129] SemgHandGenderCh2
    stage 1/3: loading data ...
    stage 2/3: training on 240 series (val=60, C=2, T=1500, batch=16) ...
    stage 3/3: scoring on 600 test series (accuracy + AOPCR) ...
    [mlflow] versioned model 'seanet_spiketrend_adaptive__sea_mstcn_sep_spiketrend__sea_adaptive_classwise' (id=m-843b476aba3f4f65b7d8780c9446765c) params={'model_size_mb': '1.5234', 'n_model_params': '66430', 'name': 'seanet_spiketrend_adaptive'}
    [mlflow] logged run 'seanet_spiketrend_adaptive_SemgHandGenderCh2'  (train_acc=1.0000 val_acc=0.8500 test_acc=0.8383 test_loss=0.3785)
[124/129] SemgHandGenderCh2            DONE  acc=0.8383 loss=0.3785 AOPCR=  0.809 NDCG=  n/a C=  2 T= 1500 (26s)  [123 trained / 0 failed so far]
[125/129] SemgHandMovementCh2
    stage 1/3: loading data ...
    stage 2/3: training on 360 series (val=90, C=6, T=1500, batch=16) ...
    stage 3/3: scoring on 450 test series (accuracy + AOPCR) ...
    [mlflow] versioned model 'seanet_spiketrend_adaptive__sea_mstcn_sep_spiketrend__sea_adaptive_classwise' (id=m-a9875b345f144c62ba7cb48079827720) params={'model_size_mb': '1.5245', 'n_model_params': '66730', 'name': 'seanet_spiketrend_adaptive'}
    [mlflow] logged run 'seanet_spiketrend_adaptive_SemgHandMovementCh2'  (train_acc=0.7111 val_acc=0.4444 test_acc=0.4133 test_loss=1.4893)
[125/129] SemgHandMovementCh2          DONE  acc=0.4133 loss=1.4893 AOPCR=  1.051 NDCG=  n/a C=  6 T= 1500 (27s)  [124 trained / 0 failed so far]
[126/129] SemgHandSubjectCh2
    stage 1/3: loading data ...
    stage 2/3: training on 360 series (val=90, C=5, T=1500, batch=16) ...
    stage 3/3: scoring on 450 test series (accuracy + AOPCR) ...
    [mlflow] versioned model 'seanet_spiketrend_adaptive__sea_mstcn_sep_spiketrend__sea_adaptive_classwise' (id=m-48dd1a3912fb436fb29fb34d388bbc41) params={'model_size_mb': '1.5242', 'n_model_params': '66655', 'name': 'seanet_spiketrend_adaptive'}
    [mlflow] logged run 'seanet_spiketrend_adaptive_SemgHandSubjectCh2'  (train_acc=1.0000 val_acc=0.8667 test_acc=0.7844 test_loss=0.6459)
[126/129] SemgHandSubjectCh2           DONE  acc=0.7844 loss=0.6459 AOPCR=  1.651 NDCG=  n/a C=  5 T= 1500 (54s)  [125 trained / 0 failed so far]
[127/129] ShakeGestureWiimoteZ
    stage 1/3: loading data ...
    stage 2/3: training on 50 series (no val (train-loss early stop), C=10, T=385, batch=5) ...
    stage 3/3: scoring on 50 test series (accuracy + AOPCR) ...
    [mlflow] versioned model 'seanet_spiketrend_adaptive__sea_mstcn_sep_spiketrend__sea_adaptive_classwise' (id=m-7db063bc4bf44eb4a3c4436c575ff181) params={'model_size_mb': '1.5256', 'n_model_params': '67030', 'name': 'seanet_spiketrend_adaptive'}
    [mlflow] logged run 'seanet_spiketrend_adaptive_ShakeGestureWiimoteZ'  (train_acc=1.0000 test_acc=0.9000 test_loss=0.4630)
[127/129] ShakeGestureWiimoteZ         DONE  acc=0.9000 loss=0.4630 AOPCR=  1.903 NDCG=  n/a C= 10 T=  385 (50s)  [126 trained / 0 failed so far]
[128/129] SmoothSubspace
    stage 1/3: loading data ...
    stage 2/3: training on 120 series (val=30, C=3, T=15, batch=12) ...
    stage 3/3: scoring on 150 test series (accuracy + AOPCR) ...
    [mlflow] versioned model 'seanet_spiketrend_adaptive__sea_mstcn_sep_spiketrend__sea_adaptive_classwise' (id=m-fd08c0e8e80c4cb7b7b45e1c26407acb) params={'model_size_mb': '1.5237', 'n_model_params': '66505', 'name': 'seanet_spiketrend_adaptive'}
    [mlflow] logged run 'seanet_spiketrend_adaptive_SmoothSubspace'  (train_acc=1.0000 val_acc=1.0000 test_acc=0.9933 test_loss=0.1261)
[128/129] SmoothSubspace               DONE  acc=0.9933 loss=0.1261 AOPCR=  0.459 NDCG=  n/a C=  3 T=   15 (38s)  [127 trained / 0 failed so far]
[129/129] UMD
    stage 1/3: loading data ...
    stage 2/3: training on 36 series (no val (train-loss early stop), C=3, T=150, batch=3) ...
    stage 3/3: scoring on 144 test series (accuracy + AOPCR) ...
    [mlflow] versioned model 'seanet_spiketrend_adaptive__sea_mstcn_sep_spiketrend__sea_adaptive_classwise' (id=m-5e75953e7607493fb9d1c6f0f3fb8f97) params={'model_size_mb': '1.5237', 'n_model_params': '66505', 'name': 'seanet_spiketrend_adaptive'}
    [mlflow] logged run 'seanet_spiketrend_adaptive_UMD'  (train_acc=1.0000 test_acc=0.9861 test_loss=0.1121)
[129/129] UMD                          DONE  acc=0.9861 loss=0.1121 AOPCR=  1.611 NDCG=  n/a C=  3 T=  150 (46s)  [128 trained / 0 failed so far]

Done: 128 trained, 1 skipped, 0 failed.
Results -> results/SEA_NET/seanet_spiketrend_adaptive__sea_mstcn_sep_spiketrend__sea_adaptive_classwise/results.csv

=== seanet_spiketrend_adaptive__sea_mstcn_sep_spiketrend__sea_adaptive_classwise vs MILLET ConjunctiveInceptionTime (mean of 5 reps) ===
  UCR datasets evaluated: 128  (with MILLET baseline: 85, without: 43)
  metric        ours    MILLET   win/tie/loss   (mean over the 85 datasets MILLET published)
  acc         0.8010    0.8445       24/12/49   
  loss        0.5641    1.2241        57/0/28   (lower is better)
  aopcr       0.6768    4.5532         4/0/81   
  wrote results/SEA_NET/seanet_spiketrend_adaptive__sea_mstcn_sep_spiketrend__sea_adaptive_classwise/comparison_vs_millet.csv

Next: `python main.py report` to draw the figures for seanet_spiketrend_adaptive__sea_mstcn_sep_spiketrend__sea_adaptive_classwise.

[log] finished; full output saved to results/SEA_NET/seanet_spiketrend_adaptive__sea_mstcn_sep_spiketrend__sea_adaptive_classwise/logs/train_2026-07-29_16-56-13.log
