[log] command 'train' started at 2026-07-28_18-40-43 for model 'seanet_softmax__sea_mstcn_sep__sea_softmax_conjunctive'
[log] a copy of everything below is being saved to: results/SEA_NET/seanet_softmax__sea_mstcn_sep__sea_softmax_conjunctive/logs/train_2026-07-28_18-40-43.log

=== train: model=seanet_softmax__sea_mstcn_sep__sea_softmax_conjunctive (config sv3/seanet_softmax) device=cuda mode=full datasets=129 ===
[params] using OPTUNA-BEST recipe (test_acc: default 0.8800 vs optuna-best 0.9040; better = optuna-best).
  results  -> results/SEA_NET/seanet_softmax__sea_mstcn_sep__sea_softmax_conjunctive/results.csv
  resume   -> results/SEA_NET/seanet_softmax__sea_mstcn_sep__sea_softmax_conjunctive/done_train_dataset.txt  (delete it to retrain everything; delete one line to retrain that dataset)

  [mlflow] logging runs to experiment 'SEA-Net_seanet_softmax__sea_mstcn_sep__sea_softmax_conjunctive_2026-07-28' at sqlite:///mlflow.db
  [mlflow] browse later with:  mlflow ui --backend-store-uri sqlite:///mlflow.db
[  1/129] WebTraffic                   already done -> skip
[  2/129] Adiac
    stage 1/3: loading data ...
    stage 2/3: training on 328 series (val=62, C=37, T=176, batch=8) ...
    stage 3/3: scoring on 391 test series (accuracy + AOPCR) ...
    [mlflow] versioned model 'seanet_softmax__sea_mstcn_sep__sea_softmax_conjunctive' (id=m-d9eb376d71b446c9a2604cce9ec36e84) params={'model_size_mb': '1.4287', 'n_model_params': '45627', 'name': 'seanet_softmax'}
    [mlflow] logged run 'seanet_softmax_Adiac'  (train_acc=0.9085 val_acc=0.7581 test_acc=0.7494 test_loss=0.7883)
[  2/129] Adiac                        DONE  acc=0.7494 loss=0.7883 AOPCR=  2.887 NDCG=  n/a C= 37 T=  176 (35s)  [1 trained / 0 failed so far]
[  3/129] ArrowHead
    stage 1/3: loading data ...
    stage 2/3: training on 36 series (no val (train-loss early stop), C=3, T=251, batch=3) ...
    stage 3/3: scoring on 175 test series (accuracy + AOPCR) ...
    [mlflow] versioned model 'seanet_softmax__sea_mstcn_sep__sea_softmax_conjunctive' (id=m-8e9ebc0ec5ee4b6e9aee71ad78f661db) params={'model_size_mb': '1.4191', 'n_model_params': '43111', 'name': 'seanet_softmax'}
    [mlflow] logged run 'seanet_softmax_ArrowHead'  (train_acc=1.0000 test_acc=0.7943 test_loss=0.6124)
[  3/129] ArrowHead                    DONE  acc=0.7943 loss=0.6124 AOPCR=  0.166 NDCG=  n/a C=  3 T=  251 (11s)  [2 trained / 0 failed so far]
[  4/129] Beef
    stage 1/3: loading data ...
    stage 2/3: training on 30 series (no val (train-loss early stop), C=5, T=470, batch=3) ...
    stage 3/3: scoring on 30 test series (accuracy + AOPCR) ...
    [mlflow] versioned model 'seanet_softmax__sea_mstcn_sep__sea_softmax_conjunctive' (id=m-5010670eddbe4a2f9004defae8f19ccc) params={'model_size_mb': '1.4196', 'n_model_params': '43259', 'name': 'seanet_softmax'}
    [mlflow] logged run 'seanet_softmax_Beef'  (train_acc=1.0000 test_acc=0.8333 test_loss=0.7178)
[  4/129] Beef                         DONE  acc=0.8333 loss=0.7178 AOPCR=  2.560 NDCG=  n/a C=  5 T=  470 (16s)  [3 trained / 0 failed so far]
[  5/129] BeetleFly
    stage 1/3: loading data ...
    stage 2/3: training on 20 series (no val (train-loss early stop), C=2, T=512, batch=2) ...
    stage 3/3: scoring on 20 test series (accuracy + AOPCR) ...
    [mlflow] versioned model 'seanet_softmax__sea_mstcn_sep__sea_softmax_conjunctive' (id=m-81c950807f2a40529525f6f06b253b34) params={'model_size_mb': '1.4189', 'n_model_params': '43037', 'name': 'seanet_softmax'}
    [mlflow] logged run 'seanet_softmax_BeetleFly'  (train_acc=1.0000 test_acc=0.8500 test_loss=0.4688)
[  5/129] BeetleFly                    DONE  acc=0.8500 loss=0.4688 AOPCR=  1.051 NDCG=  n/a C=  2 T=  512 (9s)  [4 trained / 0 failed so far]
[  6/129] BirdChicken
    stage 1/3: loading data ...
    stage 2/3: training on 20 series (no val (train-loss early stop), C=2, T=512, batch=2) ...
    stage 3/3: scoring on 20 test series (accuracy + AOPCR) ...
    [mlflow] versioned model 'seanet_softmax__sea_mstcn_sep__sea_softmax_conjunctive' (id=m-ab9781e997044969abd49eaea63934dd) params={'model_size_mb': '1.4189', 'n_model_params': '43037', 'name': 'seanet_softmax'}
    [mlflow] logged run 'seanet_softmax_BirdChicken'  (train_acc=1.0000 test_acc=0.9500 test_loss=0.0958)
[  6/129] BirdChicken                  DONE  acc=0.9500 loss=0.0958 AOPCR= -0.013 NDCG=  n/a C=  2 T=  512 (9s)  [5 trained / 0 failed so far]
[  7/129] Car
    stage 1/3: loading data ...
    stage 2/3: training on 60 series (no val (train-loss early stop), C=4, T=577, batch=6) ...
    stage 3/3: scoring on 60 test series (accuracy + AOPCR) ...
    [mlflow] versioned model 'seanet_softmax__sea_mstcn_sep__sea_softmax_conjunctive' (id=m-0515cb8920194aaeb10aa857f6a2d846) params={'model_size_mb': '1.4194', 'n_model_params': '43185', 'name': 'seanet_softmax'}
    [mlflow] logged run 'seanet_softmax_Car'  (train_acc=1.0000 test_acc=0.8667 test_loss=0.5593)
[  7/129] Car                          DONE  acc=0.8667 loss=0.5593 AOPCR=  3.633 NDCG=  n/a C=  4 T=  577 (10s)  [6 trained / 0 failed so far]
[  8/129] CBF
    stage 1/3: loading data ...
    stage 2/3: training on 30 series (no val (train-loss early stop), C=3, T=128, batch=3) ...
    stage 3/3: scoring on 900 test series (accuracy + AOPCR) ...
    [mlflow] versioned model 'seanet_softmax__sea_mstcn_sep__sea_softmax_conjunctive' (id=m-3dedb4db6f134a2dbbd2f51848bff919) params={'model_size_mb': '1.4191', 'n_model_params': '43111', 'name': 'seanet_softmax'}
    [mlflow] logged run 'seanet_softmax_CBF'  (train_acc=1.0000 test_acc=0.9989 test_loss=0.0163)
[  8/129] CBF                          DONE  acc=0.9989 loss=0.0163 AOPCR=  1.883 NDCG=  n/a C=  3 T=  128 (5s)  [7 trained / 0 failed so far]
[  9/129] ChlorineConcentration
    stage 1/3: loading data ...
    stage 2/3: training on 375 series (val=92, C=3, T=166, batch=8) ...
    stage 3/3: scoring on 3840 test series (accuracy + AOPCR) ...
    [mlflow] versioned model 'seanet_softmax__sea_mstcn_sep__sea_softmax_conjunctive' (id=m-694d188dcbec494783cee3a233e7e4c8) params={'model_size_mb': '1.4191', 'n_model_params': '43111', 'name': 'seanet_softmax'}
    [mlflow] logged run 'seanet_softmax_ChlorineConcentration'  (train_acc=0.9067 val_acc=0.7500 test_acc=0.7057 test_loss=0.7503)
[  9/129] ChlorineConcentration        DONE  acc=0.7057 loss=0.7503 AOPCR=  0.588 NDCG=  n/a C=  3 T=  166 (68s)  [8 trained / 0 failed so far]
[ 10/129] CinCECGTorso
    stage 1/3: loading data ...
    stage 2/3: training on 40 series (no val (train-loss early stop), C=4, T=1639, batch=4) ...
    stage 3/3: scoring on 1380 test series (accuracy + AOPCR) ...
    [mlflow] versioned model 'seanet_softmax__sea_mstcn_sep__sea_softmax_conjunctive' (id=m-ffee1336dd7d4aa58900813d3125702c) params={'model_size_mb': '1.4194', 'n_model_params': '43185', 'name': 'seanet_softmax'}
    [mlflow] logged run 'seanet_softmax_CinCECGTorso'  (train_acc=1.0000 test_acc=0.6913 test_loss=1.1026)
[ 10/129] CinCECGTorso                 DONE  acc=0.6913 loss=1.1026 AOPCR=  3.252 NDCG=  n/a C=  4 T= 1639 (8s)  [9 trained / 0 failed so far]
[ 11/129] Coffee
    stage 1/3: loading data ...
    stage 2/3: training on 28 series (no val (train-loss early stop), C=2, T=286, batch=2) ...
    stage 3/3: scoring on 28 test series (accuracy + AOPCR) ...
    [mlflow] versioned model 'seanet_softmax__sea_mstcn_sep__sea_softmax_conjunctive' (id=m-f3266648181d479cb1f8f0b4dcc18c25) params={'model_size_mb': '1.4189', 'n_model_params': '43037', 'name': 'seanet_softmax'}
    [mlflow] logged run 'seanet_softmax_Coffee'  (train_acc=1.0000 test_acc=1.0000 test_loss=0.0077)
[ 11/129] Coffee                       DONE  acc=1.0000 loss=0.0077 AOPCR=  0.440 NDCG=  n/a C=  2 T=  286 (10s)  [10 trained / 0 failed so far]
[ 12/129] Computers
    stage 1/3: loading data ...
    stage 2/3: training on 200 series (val=50, C=2, T=720, batch=8) ...
    stage 3/3: scoring on 250 test series (accuracy + AOPCR) ...
    [mlflow] versioned model 'seanet_softmax__sea_mstcn_sep__sea_softmax_conjunctive' (id=m-889ff94f1d444ca29b30771e93ae9262) params={'model_size_mb': '1.4189', 'n_model_params': '43037', 'name': 'seanet_softmax'}
    [mlflow] logged run 'seanet_softmax_Computers'  (train_acc=0.9900 val_acc=0.8800 test_acc=0.7600 test_loss=0.7534)
[ 12/129] Computers                    DONE  acc=0.7600 loss=0.7534 AOPCR=  0.618 NDCG=  n/a C=  2 T=  720 (15s)  [11 trained / 0 failed so far]
[ 13/129] CricketX
    stage 1/3: loading data ...
    stage 2/3: training on 317 series (val=73, C=12, T=300, batch=8) ...
    stage 3/3: scoring on 390 test series (accuracy + AOPCR) ...
    [mlflow] versioned model 'seanet_softmax__sea_mstcn_sep__sea_softmax_conjunctive' (id=m-817bec7a1ae14e72b6415c56756c6162) params={'model_size_mb': '1.4216', 'n_model_params': '43777', 'name': 'seanet_softmax'}
    [mlflow] logged run 'seanet_softmax_CricketX'  (train_acc=0.9590 val_acc=0.8082 test_acc=0.7872 test_loss=0.6406)
[ 13/129] CricketX                     DONE  acc=0.7872 loss=0.6406 AOPCR=  3.919 NDCG=  n/a C= 12 T=  300 (16s)  [12 trained / 0 failed so far]
[ 14/129] CricketY
    stage 1/3: loading data ...
    stage 2/3: training on 317 series (val=73, C=12, T=300, batch=8) ...
    stage 3/3: scoring on 390 test series (accuracy + AOPCR) ...
    [mlflow] versioned model 'seanet_softmax__sea_mstcn_sep__sea_softmax_conjunctive' (id=m-92db7cc6ef264f4e903f49bc9391bc93) params={'model_size_mb': '1.4216', 'n_model_params': '43777', 'name': 'seanet_softmax'}
    [mlflow] logged run 'seanet_softmax_CricketY'  (train_acc=0.9874 val_acc=0.8630 test_acc=0.7974 test_loss=0.5981)
[ 14/129] CricketY                     DONE  acc=0.7974 loss=0.5981 AOPCR=  2.639 NDCG=  n/a C= 12 T=  300 (18s)  [13 trained / 0 failed so far]
[ 15/129] CricketZ
    stage 1/3: loading data ...
    stage 2/3: training on 316 series (val=74, C=12, T=300, batch=8) ...
    stage 3/3: scoring on 390 test series (accuracy + AOPCR) ...
    [mlflow] versioned model 'seanet_softmax__sea_mstcn_sep__sea_softmax_conjunctive' (id=m-e9e745f3e45045559001101bab8a5b83) params={'model_size_mb': '1.4216', 'n_model_params': '43777', 'name': 'seanet_softmax'}
    [mlflow] logged run 'seanet_softmax_CricketZ'  (train_acc=0.9842 val_acc=0.8378 test_acc=0.7974 test_loss=0.6348)
[ 15/129] CricketZ                     DONE  acc=0.7974 loss=0.6348 AOPCR=  3.637 NDCG=  n/a C= 12 T=  300 (24s)  [14 trained / 0 failed so far]
[ 16/129] DiatomSizeReduction
    stage 1/3: loading data ...
    stage 2/3: training on 16 series (no val (train-loss early stop), C=4, T=345, batch=2) ...
    stage 3/3: scoring on 306 test series (accuracy + AOPCR) ...
    [mlflow] versioned model 'seanet_softmax__sea_mstcn_sep__sea_softmax_conjunctive' (id=m-69618b6f8a1b46d698f9196cdf83f83e) params={'model_size_mb': '1.4194', 'n_model_params': '43185', 'name': 'seanet_softmax'}
    [mlflow] logged run 'seanet_softmax_DiatomSizeReduction'  (train_acc=1.0000 test_acc=0.9575 test_loss=0.1102)
[ 16/129] DiatomSizeReduction          DONE  acc=0.9575 loss=0.1102 AOPCR=  0.307 NDCG=  n/a C=  4 T=  345 (10s)  [15 trained / 0 failed so far]
[ 17/129] DistalPhalanxOutlineAgeGroup
    stage 1/3: loading data ...
    stage 2/3: training on 321 series (val=79, C=3, T=80, batch=8) ...
    stage 3/3: scoring on 139 test series (accuracy + AOPCR) ...
    [mlflow] versioned model 'seanet_softmax__sea_mstcn_sep__sea_softmax_conjunctive' (id=m-e7bb89deb35548f1a59da2776ceb20b3) params={'model_size_mb': '1.4191', 'n_model_params': '43111', 'name': 'seanet_softmax'}
    [mlflow] logged run 'seanet_softmax_DistalPhalanxOutlineAgeGroup'  (train_acc=0.8847 val_acc=0.8228 test_acc=0.7626 test_loss=0.5552)
[ 17/129] DistalPhalanxOutlineAgeGroup DONE  acc=0.7626 loss=0.5552 AOPCR=  0.521 NDCG=  n/a C=  3 T=   80 (31s)  [16 trained / 0 failed so far]
[ 18/129] DistalPhalanxOutlineCorrect
    stage 1/3: loading data ...
    stage 2/3: training on 481 series (val=119, C=2, T=80, batch=8) ...
    stage 3/3: scoring on 276 test series (accuracy + AOPCR) ...
    [mlflow] versioned model 'seanet_softmax__sea_mstcn_sep__sea_softmax_conjunctive' (id=m-2301246bff654d4583017d48f79d222e) params={'model_size_mb': '1.4189', 'n_model_params': '43037', 'name': 'seanet_softmax'}
    [mlflow] logged run 'seanet_softmax_DistalPhalanxOutlineCorrect'  (train_acc=0.9168 val_acc=0.8655 test_acc=0.7464 test_loss=0.5733)
[ 18/129] DistalPhalanxOutlineCorrect  DONE  acc=0.7464 loss=0.5733 AOPCR=  0.879 NDCG=  n/a C=  2 T=   80 (41s)  [17 trained / 0 failed so far]
[ 19/129] DistalPhalanxTW
    stage 1/3: loading data ...
    stage 2/3: training on 323 series (val=77, C=6, T=80, batch=8) ...
    stage 3/3: scoring on 139 test series (accuracy + AOPCR) ...
    [mlflow] versioned model 'seanet_softmax__sea_mstcn_sep__sea_softmax_conjunctive' (id=m-e1e349d362704cc799452c19f8a6ae98) params={'model_size_mb': '1.4199', 'n_model_params': '43333', 'name': 'seanet_softmax'}
    [mlflow] logged run 'seanet_softmax_DistalPhalanxTW'  (train_acc=0.8421 val_acc=0.8571 test_acc=0.7194 test_loss=0.7974)
[ 19/129] DistalPhalanxTW              DONE  acc=0.7194 loss=0.7974 AOPCR=  0.807 NDCG=  n/a C=  6 T=   80 (18s)  [18 trained / 0 failed so far]
[ 20/129] Earthquakes
    stage 1/3: loading data ...
    stage 2/3: training on 259 series (val=63, C=2, T=512, batch=8) ...
    stage 3/3: scoring on 139 test series (accuracy + AOPCR) ...
    [mlflow] versioned model 'seanet_softmax__sea_mstcn_sep__sea_softmax_conjunctive' (id=m-12c1262992ac47a6b7e98f6ec9d0d6c9) params={'model_size_mb': '1.4189', 'n_model_params': '43037', 'name': 'seanet_softmax'}
    [mlflow] logged run 'seanet_softmax_Earthquakes'  (train_acc=0.8185 val_acc=0.8254 test_acc=0.7482 test_loss=0.5364)
[ 20/129] Earthquakes                  DONE  acc=0.7482 loss=0.5364 AOPCR=  0.053 NDCG=  n/a C=  2 T=  512 (10s)  [19 trained / 0 failed so far]
[ 21/129] ECG200
    stage 1/3: loading data ...
    stage 2/3: training on 81 series (val=19, C=2, T=96, batch=8) ...
    stage 3/3: scoring on 100 test series (accuracy + AOPCR) ...
    [mlflow] versioned model 'seanet_softmax__sea_mstcn_sep__sea_softmax_conjunctive' (id=m-60f2f84b95f6459782fe382f93c792dd) params={'model_size_mb': '1.4189', 'n_model_params': '43037', 'name': 'seanet_softmax'}
    [mlflow] logged run 'seanet_softmax_ECG200'  (train_acc=0.9877 val_acc=0.7895 test_acc=0.8700 test_loss=0.3752)
[ 21/129] ECG200                       DONE  acc=0.8700 loss=0.3752 AOPCR=  0.788 NDCG=  n/a C=  2 T=   96 (6s)  [20 trained / 0 failed so far]
[ 22/129] ECG5000
    stage 1/3: loading data ...
    stage 2/3: training on 401 series (val=99, C=5, T=140, batch=8) ...
    stage 3/3: scoring on 4500 test series (accuracy + AOPCR) ...
    [mlflow] versioned model 'seanet_softmax__sea_mstcn_sep__sea_softmax_conjunctive' (id=m-aa0b58cbb9ca401cab501be4ee9f4bf0) params={'model_size_mb': '1.4196', 'n_model_params': '43259', 'name': 'seanet_softmax'}
    [mlflow] logged run 'seanet_softmax_ECG5000'  (train_acc=0.9726 val_acc=0.9697 test_acc=0.9453 test_loss=0.1980)
[ 22/129] ECG5000                      DONE  acc=0.9453 loss=0.1980 AOPCR=  0.761 NDCG=  n/a C=  5 T=  140 (19s)  [21 trained / 0 failed so far]
[ 23/129] ECGFiveDays
    stage 1/3: loading data ...
    stage 2/3: training on 23 series (no val (train-loss early stop), C=2, T=136, batch=2) ...
    stage 3/3: scoring on 861 test series (accuracy + AOPCR) ...
    [mlflow] versioned model 'seanet_softmax__sea_mstcn_sep__sea_softmax_conjunctive' (id=m-141d419672bf473da961f0bfeb2727ca) params={'model_size_mb': '1.4189', 'n_model_params': '43037', 'name': 'seanet_softmax'}
    [mlflow] logged run 'seanet_softmax_ECGFiveDays'  (train_acc=1.0000 test_acc=1.0000 test_loss=0.0059)
[ 23/129] ECGFiveDays                  DONE  acc=1.0000 loss=0.0059 AOPCR=  0.712 NDCG=  n/a C=  2 T=  136 (7s)  [22 trained / 0 failed so far]
[ 24/129] ElectricDevices
    stage 1/3: loading data ...
    stage 2/3: training on 7144 series (val=1782, C=7, T=96, batch=8) ...
    stage 3/3: scoring on 7711 test series (accuracy + AOPCR) ...
    [mlflow] versioned model 'seanet_softmax__sea_mstcn_sep__sea_softmax_conjunctive' (id=m-6ab42ad725824df0a60e373d15283c12) params={'model_size_mb': '1.4202', 'n_model_params': '43407', 'name': 'seanet_softmax'}
    [mlflow] logged run 'seanet_softmax_ElectricDevices'  (train_acc=0.9223 val_acc=0.9035 test_acc=0.7127 test_loss=1.0498)
[ 24/129] ElectricDevices              DONE  acc=0.7127 loss=1.0498 AOPCR=  1.086 NDCG=  n/a C=  7 T=   96 (637s)  [23 trained / 0 failed so far]
[ 25/129] FaceAll
    stage 1/3: loading data ...
    stage 2/3: training on 448 series (val=112, C=14, T=131, batch=8) ...
    stage 3/3: scoring on 1690 test series (accuracy + AOPCR) ...
    [mlflow] versioned model 'seanet_softmax__sea_mstcn_sep__sea_softmax_conjunctive' (id=m-d47181c8ddf24f5d8a08d8cbcce6ef79) params={'model_size_mb': '1.4221', 'n_model_params': '43925', 'name': 'seanet_softmax'}
    [mlflow] logged run 'seanet_softmax_FaceAll'  (train_acc=1.0000 val_acc=0.9732 test_acc=0.7970 test_loss=1.3573)
[ 25/129] FaceAll                      DONE  acc=0.7970 loss=1.3573 AOPCR=  1.474 NDCG=  n/a C= 14 T=  131 (51s)  [24 trained / 0 failed so far]
[ 26/129] FaceFour
    stage 1/3: loading data ...
    stage 2/3: training on 24 series (no val (train-loss early stop), C=4, T=350, batch=2) ...
    stage 3/3: scoring on 88 test series (accuracy + AOPCR) ...
    [mlflow] versioned model 'seanet_softmax__sea_mstcn_sep__sea_softmax_conjunctive' (id=m-c9b452fce4884ba6a7e45aa7b4ef7848) params={'model_size_mb': '1.4194', 'n_model_params': '43185', 'name': 'seanet_softmax'}
    [mlflow] logged run 'seanet_softmax_FaceFour'  (train_acc=1.0000 test_acc=0.9318 test_loss=0.1712)
[ 26/129] FaceFour                     DONE  acc=0.9318 loss=0.1712 AOPCR=  1.395 NDCG=  n/a C=  4 T=  350 (12s)  [25 trained / 0 failed so far]
[ 27/129] FacesUCR
    stage 1/3: loading data ...
    stage 2/3: training on 165 series (val=35, C=14, T=131, batch=8) ...
    stage 3/3: scoring on 2050 test series (accuracy + AOPCR) ...
    [mlflow] versioned model 'seanet_softmax__sea_mstcn_sep__sea_softmax_conjunctive' (id=m-7c35d4877ce343229d616822b3edb2a5) params={'model_size_mb': '1.4221', 'n_model_params': '43925', 'name': 'seanet_softmax'}
    [mlflow] logged run 'seanet_softmax_FacesUCR'  (train_acc=1.0000 val_acc=0.9714 test_acc=0.9273 test_loss=0.2848)
[ 27/129] FacesUCR                     DONE  acc=0.9273 loss=0.2848 AOPCR=  1.406 NDCG=  n/a C= 14 T=  131 (13s)  [26 trained / 0 failed so far]
[ 28/129] FiftyWords
    stage 1/3: loading data ...
    stage 2/3: training on 365 series (val=85, C=50, T=270, batch=8) ...
    stage 3/3: scoring on 455 test series (accuracy + AOPCR) ...
    [mlflow] versioned model 'seanet_softmax__sea_mstcn_sep__sea_softmax_conjunctive' (id=m-220a99b7b68c4c4ab1cf0fc5c55728c7) params={'model_size_mb': '1.4324', 'n_model_params': '46589', 'name': 'seanet_softmax'}
    [mlflow] logged run 'seanet_softmax_FiftyWords'  (train_acc=0.9507 val_acc=0.7176 test_acc=0.7209 test_loss=1.0979)
[ 28/129] FiftyWords                   DONE  acc=0.7209 loss=1.0979 AOPCR=  2.773 NDCG=  n/a C= 50 T=  270 (20s)  [27 trained / 0 failed so far]
[ 29/129] Fish
    stage 1/3: loading data ...
    stage 2/3: training on 142 series (val=33, C=7, T=463, batch=8) ...
    stage 3/3: scoring on 175 test series (accuracy + AOPCR) ...
    [mlflow] versioned model 'seanet_softmax__sea_mstcn_sep__sea_softmax_conjunctive' (id=m-ade62a4fdee6433b98ba46a4c929a6ad) params={'model_size_mb': '1.4202', 'n_model_params': '43407', 'name': 'seanet_softmax'}
    [mlflow] logged run 'seanet_softmax_Fish'  (train_acc=1.0000 val_acc=0.9091 test_acc=0.9371 test_loss=0.1436)
[ 29/129] Fish                         DONE  acc=0.9371 loss=0.1436 AOPCR=  2.276 NDCG=  n/a C=  7 T=  463 (14s)  [28 trained / 0 failed so far]
[ 30/129] FordA
    stage 1/3: loading data ...
    stage 2/3: training on 2881 series (val=720, C=2, T=500, batch=8) ...
    stage 3/3: scoring on 1320 test series (accuracy + AOPCR) ...
    [mlflow] versioned model 'seanet_softmax__sea_mstcn_sep__sea_softmax_conjunctive' (id=m-34c3f4dff00a425a98f2393df27d4654) params={'model_size_mb': '1.4189', 'n_model_params': '43037', 'name': 'seanet_softmax'}
    [mlflow] logged run 'seanet_softmax_FordA'  (train_acc=0.9465 val_acc=0.9389 test_acc=0.9311 test_loss=0.1837)
[ 30/129] FordA                        DONE  acc=0.9311 loss=0.1837 AOPCR=  0.358 NDCG=  n/a C=  2 T=  500 (116s)  [29 trained / 0 failed so far]
[ 31/129] FordB
    stage 1/3: loading data ...
    stage 2/3: training on 2909 series (val=727, C=2, T=500, batch=8) ...
    stage 3/3: scoring on 810 test series (accuracy + AOPCR) ...
    [mlflow] versioned model 'seanet_softmax__sea_mstcn_sep__sea_softmax_conjunctive' (id=m-1e7cbbada0f446988ee7c3cefdf9df25) params={'model_size_mb': '1.4189', 'n_model_params': '43037', 'name': 'seanet_softmax'}
    [mlflow] logged run 'seanet_softmax_FordB'  (train_acc=0.9515 val_acc=0.9491 test_acc=0.8160 test_loss=0.4228)
[ 31/129] FordB                        DONE  acc=0.8160 loss=0.4228 AOPCR=  0.465 NDCG=  n/a C=  2 T=  500 (112s)  [30 trained / 0 failed so far]
[ 32/129] GunPoint
    stage 1/3: loading data ...
    stage 2/3: training on 50 series (no val (train-loss early stop), C=2, T=150, batch=5) ...
    stage 3/3: scoring on 150 test series (accuracy + AOPCR) ...
    [mlflow] versioned model 'seanet_softmax__sea_mstcn_sep__sea_softmax_conjunctive' (id=m-bd583f5666854764a1ae87756c66246c) params={'model_size_mb': '1.4189', 'n_model_params': '43037', 'name': 'seanet_softmax'}
    [mlflow] logged run 'seanet_softmax_GunPoint'  (train_acc=1.0000 test_acc=0.9867 test_loss=0.0411)
[ 32/129] GunPoint                     DONE  acc=0.9867 loss=0.0411 AOPCR= -0.313 NDCG=  n/a C=  2 T=  150 (7s)  [31 trained / 0 failed so far]
[ 33/129] Ham
    stage 1/3: loading data ...
    stage 2/3: training on 88 series (val=21, C=2, T=431, batch=8) ...
    stage 3/3: scoring on 105 test series (accuracy + AOPCR) ...
    [mlflow] versioned model 'seanet_softmax__sea_mstcn_sep__sea_softmax_conjunctive' (id=m-5d06142f9adf42b4a2d5d7d636239b07) params={'model_size_mb': '1.4189', 'n_model_params': '43037', 'name': 'seanet_softmax'}
    [mlflow] logged run 'seanet_softmax_Ham'  (train_acc=0.9659 val_acc=0.9048 test_acc=0.7714 test_loss=0.4508)
[ 33/129] Ham                          DONE  acc=0.7714 loss=0.4508 AOPCR=  1.064 NDCG=  n/a C=  2 T=  431 (5s)  [32 trained / 0 failed so far]
[ 34/129] HandOutlines
    stage 1/3: loading data ...
    stage 2/3: training on 801 series (val=199, C=2, T=2709, batch=8) ...
    stage 3/3: scoring on 370 test series (accuracy + AOPCR) ...
    [mlflow] versioned model 'seanet_softmax__sea_mstcn_sep__sea_softmax_conjunctive' (id=m-22aa4f8cd73f4092bcd7ce7e7bf24450) params={'model_size_mb': '1.4189', 'n_model_params': '43037', 'name': 'seanet_softmax'}
    [mlflow] logged run 'seanet_softmax_HandOutlines'  (train_acc=0.8826 val_acc=0.8342 test_acc=0.8649 test_loss=0.3379)
[ 34/129] HandOutlines                 DONE  acc=0.8649 loss=0.3379 AOPCR=  0.458 NDCG=  n/a C=  2 T= 2709 (91s)  [33 trained / 0 failed so far]
[ 35/129] Haptics
    stage 1/3: loading data ...
    stage 2/3: training on 127 series (val=28, C=5, T=1092, batch=8) ...
    stage 3/3: scoring on 308 test series (accuracy + AOPCR) ...
    [mlflow] versioned model 'seanet_softmax__sea_mstcn_sep__sea_softmax_conjunctive' (id=m-c32841f6d3d642f9890b59b230108e3a) params={'model_size_mb': '1.4196', 'n_model_params': '43259', 'name': 'seanet_softmax'}
    [mlflow] logged run 'seanet_softmax_Haptics'  (train_acc=0.5984 val_acc=0.7143 test_acc=0.4221 test_loss=1.5501)
[ 35/129] Haptics                      DONE  acc=0.4221 loss=1.5501 AOPCR=  1.664 NDCG=  n/a C=  5 T= 1092 (7s)  [34 trained / 0 failed so far]
[ 36/129] Herring
    stage 1/3: loading data ...
    stage 2/3: training on 64 series (no val (train-loss early stop), C=2, T=512, batch=6) ...
    stage 3/3: scoring on 64 test series (accuracy + AOPCR) ...
    [mlflow] versioned model 'seanet_softmax__sea_mstcn_sep__sea_softmax_conjunctive' (id=m-8c2d56999cbf49eca6662ff59e51a5f6) params={'model_size_mb': '1.4189', 'n_model_params': '43037', 'name': 'seanet_softmax'}
    [mlflow] logged run 'seanet_softmax_Herring'  (train_acc=1.0000 test_acc=0.6094 test_loss=1.4447)
[ 36/129] Herring                      DONE  acc=0.6094 loss=1.4447 AOPCR=  0.391 NDCG=  n/a C=  2 T=  512 (23s)  [35 trained / 0 failed so far]
[ 37/129] InlineSkate
    stage 1/3: loading data ...
    stage 2/3: training on 84 series (val=16, C=7, T=1882, batch=8) ...
    stage 3/3: scoring on 550 test series (accuracy + AOPCR) ...
    [mlflow] versioned model 'seanet_softmax__sea_mstcn_sep__sea_softmax_conjunctive' (id=m-463b5a5dcbcb43f799873278236728fe) params={'model_size_mb': '1.4202', 'n_model_params': '43407', 'name': 'seanet_softmax'}
    [mlflow] logged run 'seanet_softmax_InlineSkate'  (train_acc=0.3452 val_acc=0.1250 test_acc=0.2018 test_loss=1.9249)
[ 37/129] InlineSkate                  DONE  acc=0.2018 loss=1.9249 AOPCR=  0.856 NDCG=  n/a C=  7 T= 1882 (4s)  [36 trained / 0 failed so far]
[ 38/129] InsectWingbeatSound
    stage 1/3: loading data ...
    stage 2/3: training on 176 series (val=44, C=11, T=256, batch=8) ...
    stage 3/3: scoring on 1980 test series (accuracy + AOPCR) ...
    [mlflow] versioned model 'seanet_softmax__sea_mstcn_sep__sea_softmax_conjunctive' (id=m-8253ddf3bf8b496dbe2f03a638d66611) params={'model_size_mb': '1.4213', 'n_model_params': '43703', 'name': 'seanet_softmax'}
    [mlflow] logged run 'seanet_softmax_InsectWingbeatSound'  (train_acc=0.6989 val_acc=0.5682 test_acc=0.5899 test_loss=1.0533)
[ 38/129] InsectWingbeatSound          DONE  acc=0.5899 loss=1.0533 AOPCR=  0.897 NDCG=  n/a C= 11 T=  256 (8s)  [37 trained / 0 failed so far]
[ 39/129] ItalyPowerDemand
    stage 1/3: loading data ...
    stage 2/3: training on 67 series (no val (train-loss early stop), C=2, T=24, batch=6) ...
    stage 3/3: scoring on 1029 test series (accuracy + AOPCR) ...
    [mlflow] versioned model 'seanet_softmax__sea_mstcn_sep__sea_softmax_conjunctive' (id=m-efcea9dafbe44b4497d8b33a49d95f5c) params={'model_size_mb': '1.4189', 'n_model_params': '43037', 'name': 'seanet_softmax'}
    [mlflow] logged run 'seanet_softmax_ItalyPowerDemand'  (train_acc=1.0000 test_acc=0.9708 test_loss=0.1320)
[ 39/129] ItalyPowerDemand             DONE  acc=0.9708 loss=0.1320 AOPCR=  0.388 NDCG=  n/a C=  2 T=   24 (13s)  [38 trained / 0 failed so far]
[ 40/129] LargeKitchenAppliances
    stage 1/3: loading data ...
    stage 2/3: training on 300 series (val=75, C=3, T=720, batch=8) ...
    stage 3/3: scoring on 375 test series (accuracy + AOPCR) ...
    [mlflow] versioned model 'seanet_softmax__sea_mstcn_sep__sea_softmax_conjunctive' (id=m-4aee31cd658b4b0a97973d0f7cab97a7) params={'model_size_mb': '1.4191', 'n_model_params': '43111', 'name': 'seanet_softmax'}
    [mlflow] logged run 'seanet_softmax_LargeKitchenAppliances'  (train_acc=0.9933 val_acc=0.9867 test_acc=0.8960 test_loss=0.3691)
[ 40/129] LargeKitchenAppliances       DONE  acc=0.8960 loss=0.3691 AOPCR=  2.667 NDCG=  n/a C=  3 T=  720 (38s)  [39 trained / 0 failed so far]
[ 41/129] Lightning2
    stage 1/3: loading data ...
    stage 2/3: training on 60 series (no val (train-loss early stop), C=2, T=637, batch=6) ...
    stage 3/3: scoring on 61 test series (accuracy + AOPCR) ...
    [mlflow] versioned model 'seanet_softmax__sea_mstcn_sep__sea_softmax_conjunctive' (id=m-dec22c4a95d248e0b1659b500d8100c6) params={'model_size_mb': '1.4189', 'n_model_params': '43037', 'name': 'seanet_softmax'}
    [mlflow] logged run 'seanet_softmax_Lightning2'  (train_acc=1.0000 test_acc=0.9180 test_loss=0.2274)
[ 41/129] Lightning2                   DONE  acc=0.9180 loss=0.2274 AOPCR=  0.634 NDCG=  n/a C=  2 T=  637 (19s)  [40 trained / 0 failed so far]
[ 42/129] Lightning7
    stage 1/3: loading data ...
    stage 2/3: training on 70 series (no val (train-loss early stop), C=7, T=319, batch=7) ...
    stage 3/3: scoring on 73 test series (accuracy + AOPCR) ...
    [mlflow] versioned model 'seanet_softmax__sea_mstcn_sep__sea_softmax_conjunctive' (id=m-b9fc5b75aa3045e7be8c0d2335fa21ea) params={'model_size_mb': '1.4202', 'n_model_params': '43407', 'name': 'seanet_softmax'}
    [mlflow] logged run 'seanet_softmax_Lightning7'  (train_acc=1.0000 test_acc=0.8219 test_loss=0.4656)
[ 42/129] Lightning7                   DONE  acc=0.8219 loss=0.4656 AOPCR=  3.043 NDCG=  n/a C=  7 T=  319 (12s)  [41 trained / 0 failed so far]
[ 43/129] Mallat
    stage 1/3: loading data ...
    stage 2/3: training on 55 series (no val (train-loss early stop), C=8, T=1024, batch=5) ...
    stage 3/3: scoring on 2345 test series (accuracy + AOPCR) ...
    [mlflow] versioned model 'seanet_softmax__sea_mstcn_sep__sea_softmax_conjunctive' (id=m-615cc5c3eb984f5ebf333e2d726f35e6) params={'model_size_mb': '1.4205', 'n_model_params': '43481', 'name': 'seanet_softmax'}
    [mlflow] logged run 'seanet_softmax_Mallat'  (train_acc=1.0000 test_acc=0.9638 test_loss=0.1475)
[ 43/129] Mallat                       DONE  acc=0.9638 loss=0.1475 AOPCR=  1.813 NDCG=  n/a C=  8 T= 1024 (10s)  [42 trained / 0 failed so far]
[ 44/129] Meat
    stage 1/3: loading data ...
    stage 2/3: training on 60 series (no val (train-loss early stop), C=3, T=448, batch=6) ...
    stage 3/3: scoring on 60 test series (accuracy + AOPCR) ...
    [mlflow] versioned model 'seanet_softmax__sea_mstcn_sep__sea_softmax_conjunctive' (id=m-d3064a9246e2464484eccf5ce172221d) params={'model_size_mb': '1.4191', 'n_model_params': '43111', 'name': 'seanet_softmax'}
    [mlflow] logged run 'seanet_softmax_Meat'  (train_acc=1.0000 test_acc=0.9167 test_loss=0.2218)
[ 44/129] Meat                         DONE  acc=0.9167 loss=0.2218 AOPCR=  2.188 NDCG=  n/a C=  3 T=  448 (15s)  [43 trained / 0 failed so far]
[ 45/129] MedicalImages
    stage 1/3: loading data ...
    stage 2/3: training on 307 series (val=74, C=10, T=99, batch=8) ...
    stage 3/3: scoring on 760 test series (accuracy + AOPCR) ...
    [mlflow] versioned model 'seanet_softmax__sea_mstcn_sep__sea_softmax_conjunctive' (id=m-535af441b9434878a2cbef1011e498bb) params={'model_size_mb': '1.421', 'n_model_params': '43629', 'name': 'seanet_softmax'}
    [mlflow] logged run 'seanet_softmax_MedicalImages'  (train_acc=0.9186 val_acc=0.7703 test_acc=0.7355 test_loss=0.6751)
[ 45/129] MedicalImages                DONE  acc=0.7355 loss=0.6751 AOPCR=  0.959 NDCG=  n/a C= 10 T=   99 (19s)  [44 trained / 0 failed so far]
[ 46/129] MiddlePhalanxOutlineAgeGroup
    stage 1/3: loading data ...
    stage 2/3: training on 321 series (val=79, C=3, T=80, batch=8) ...
    stage 3/3: scoring on 154 test series (accuracy + AOPCR) ...
    [mlflow] versioned model 'seanet_softmax__sea_mstcn_sep__sea_softmax_conjunctive' (id=m-b56739b954794bc4b88e502e7ea142d0) params={'model_size_mb': '1.4191', 'n_model_params': '43111', 'name': 'seanet_softmax'}
    [mlflow] logged run 'seanet_softmax_MiddlePhalanxOutlineAgeGroup'  (train_acc=0.8193 val_acc=0.8228 test_acc=0.6169 test_loss=0.9098)
[ 46/129] MiddlePhalanxOutlineAgeGroup DONE  acc=0.6169 loss=0.9098 AOPCR=  0.049 NDCG=  n/a C=  3 T=   80 (30s)  [45 trained / 0 failed so far]
[ 47/129] MiddlePhalanxOutlineCorrect
    stage 1/3: loading data ...
    stage 2/3: training on 481 series (val=119, C=2, T=80, batch=8) ...
    stage 3/3: scoring on 291 test series (accuracy + AOPCR) ...
    [mlflow] versioned model 'seanet_softmax__sea_mstcn_sep__sea_softmax_conjunctive' (id=m-7577dbe07fa542bc9be61229b6e4b248) params={'model_size_mb': '1.4189', 'n_model_params': '43037', 'name': 'seanet_softmax'}
    [mlflow] logged run 'seanet_softmax_MiddlePhalanxOutlineCorrect'  (train_acc=0.8940 val_acc=0.8403 test_acc=0.8522 test_loss=0.3992)
[ 47/129] MiddlePhalanxOutlineCorrect  DONE  acc=0.8522 loss=0.3992 AOPCR=  0.326 NDCG=  n/a C=  2 T=   80 (32s)  [46 trained / 0 failed so far]
[ 48/129] MiddlePhalanxTW
    stage 1/3: loading data ...
    stage 2/3: training on 321 series (val=78, C=6, T=80, batch=8) ...
    stage 3/3: scoring on 154 test series (accuracy + AOPCR) ...
    [mlflow] versioned model 'seanet_softmax__sea_mstcn_sep__sea_softmax_conjunctive' (id=m-372010664cec4e8893e398d9bfdff04c) params={'model_size_mb': '1.4199', 'n_model_params': '43333', 'name': 'seanet_softmax'}
    [mlflow] logged run 'seanet_softmax_MiddlePhalanxTW'  (train_acc=0.6885 val_acc=0.6410 test_acc=0.5584 test_loss=1.0801)
[ 48/129] MiddlePhalanxTW              DONE  acc=0.5584 loss=1.0801 AOPCR=  0.490 NDCG=  n/a C=  6 T=   80 (28s)  [47 trained / 0 failed so far]
[ 49/129] MoteStrain
    stage 1/3: loading data ...
    stage 2/3: training on 20 series (no val (train-loss early stop), C=2, T=84, batch=2) ...
    stage 3/3: scoring on 1252 test series (accuracy + AOPCR) ...
    [mlflow] versioned model 'seanet_softmax__sea_mstcn_sep__sea_softmax_conjunctive' (id=m-f89ac6980c5349f68b96d9b879cf906e) params={'model_size_mb': '1.4189', 'n_model_params': '43037', 'name': 'seanet_softmax'}
    [mlflow] logged run 'seanet_softmax_MoteStrain'  (train_acc=1.0000 test_acc=0.8802 test_loss=0.3380)
[ 49/129] MoteStrain                   DONE  acc=0.8802 loss=0.3380 AOPCR=  0.863 NDCG=  n/a C=  2 T=   84 (6s)  [48 trained / 0 failed so far]
[ 50/129] NonInvasiveFetalECGThorax1
    stage 1/3: loading data ...
    stage 2/3: training on 1452 series (val=348, C=42, T=750, batch=8) ...
    stage 3/3: scoring on 1965 test series (accuracy + AOPCR) ...
    [mlflow] versioned model 'seanet_softmax__sea_mstcn_sep__sea_softmax_conjunctive' (id=m-31a0a39fe7ad42699533ad0c3ad88de3) params={'model_size_mb': '1.4301', 'n_model_params': '45997', 'name': 'seanet_softmax'}
    [mlflow] logged run 'seanet_softmax_NonInvasiveFetalECGThorax1'  (train_acc=0.9532 val_acc=0.9109 test_acc=0.8941 test_loss=0.3471)
[ 50/129] NonInvasiveFetalECGThorax1   DONE  acc=0.8941 loss=0.3471 AOPCR=  2.481 NDCG=  n/a C= 42 T=  750 (222s)  [49 trained / 0 failed so far]
[ 51/129] NonInvasiveFetalECGThorax2
    stage 1/3: loading data ...
    stage 2/3: training on 1452 series (val=348, C=42, T=750, batch=8) ...
    stage 3/3: scoring on 1965 test series (accuracy + AOPCR) ...
    [mlflow] versioned model 'seanet_softmax__sea_mstcn_sep__sea_softmax_conjunctive' (id=m-d73ee5eba3de422380160f510099405a) params={'model_size_mb': '1.4301', 'n_model_params': '45997', 'name': 'seanet_softmax'}
    [mlflow] logged run 'seanet_softmax_NonInvasiveFetalECGThorax2'  (train_acc=0.8809 val_acc=0.8563 test_acc=0.8595 test_loss=0.4435)
[ 51/129] NonInvasiveFetalECGThorax2   DONE  acc=0.8595 loss=0.4435 AOPCR=  2.711 NDCG=  n/a C= 42 T=  750 (87s)  [50 trained / 0 failed so far]
[ 52/129] OliveOil
    stage 1/3: loading data ...
    stage 2/3: training on 30 series (no val (train-loss early stop), C=4, T=570, batch=3) ...
    stage 3/3: scoring on 30 test series (accuracy + AOPCR) ...
    [mlflow] versioned model 'seanet_softmax__sea_mstcn_sep__sea_softmax_conjunctive' (id=m-afc96ed217d646589b1b9317c9193f11) params={'model_size_mb': '1.4194', 'n_model_params': '43185', 'name': 'seanet_softmax'}
    [mlflow] logged run 'seanet_softmax_OliveOil'  (train_acc=0.8667 test_acc=0.7333 test_loss=0.7005)
[ 52/129] OliveOil                     DONE  acc=0.7333 loss=0.7005 AOPCR=  0.627 NDCG=  n/a C=  4 T=  570 (20s)  [51 trained / 0 failed so far]
[ 53/129] OSULeaf
    stage 1/3: loading data ...
    stage 2/3: training on 163 series (val=37, C=6, T=427, batch=8) ...
    stage 3/3: scoring on 242 test series (accuracy + AOPCR) ...
    [mlflow] versioned model 'seanet_softmax__sea_mstcn_sep__sea_softmax_conjunctive' (id=m-30ea2165d81e47d5926076d799236d74) params={'model_size_mb': '1.4199', 'n_model_params': '43333', 'name': 'seanet_softmax'}
    [mlflow] logged run 'seanet_softmax_OSULeaf'  (train_acc=1.0000 val_acc=1.0000 test_acc=0.8471 test_loss=0.4784)
[ 53/129] OSULeaf                      DONE  acc=0.8471 loss=0.4784 AOPCR=  1.735 NDCG=  n/a C=  6 T=  427 (11s)  [52 trained / 0 failed so far]
[ 54/129] PhalangesOutlinesCorrect
    stage 1/3: loading data ...
    stage 2/3: training on 1441 series (val=359, C=2, T=80, batch=8) ...
    stage 3/3: scoring on 858 test series (accuracy + AOPCR) ...
    [mlflow] versioned model 'seanet_softmax__sea_mstcn_sep__sea_softmax_conjunctive' (id=m-13ec9553ebc74bc39295c3a3a1e3b696) params={'model_size_mb': '1.4189', 'n_model_params': '43037', 'name': 'seanet_softmax'}
    [mlflow] logged run 'seanet_softmax_PhalangesOutlinesCorrect'  (train_acc=0.8806 val_acc=0.8524 test_acc=0.7995 test_loss=0.4373)
[ 54/129] PhalangesOutlinesCorrect     DONE  acc=0.7995 loss=0.4373 AOPCR= -0.810 NDCG=  n/a C=  2 T=   80 (140s)  [53 trained / 0 failed so far]
[ 55/129] Phoneme
    stage 1/3: loading data ...
    stage 2/3: training on 171 series (val=43, C=39, T=1024, batch=8) ...
    stage 3/3: scoring on 1896 test series (accuracy + AOPCR) ...
    [mlflow] versioned model 'seanet_softmax__sea_mstcn_sep__sea_softmax_conjunctive' (id=m-fb15912f6049443b93a86a9d3140421f) params={'model_size_mb': '1.4292', 'n_model_params': '45775', 'name': 'seanet_softmax'}
    [mlflow] logged run 'seanet_softmax_Phoneme'  (train_acc=0.4386 val_acc=0.2558 test_acc=0.2648 test_loss=2.8057)
[ 55/129] Phoneme                      DONE  acc=0.2648 loss=2.8057 AOPCR=  0.924 NDCG=  n/a C= 39 T= 1024 (9s)  [54 trained / 0 failed so far]
[ 56/129] Plane
    stage 1/3: loading data ...
    stage 2/3: training on 87 series (val=18, C=7, T=144, batch=8) ...
    stage 3/3: scoring on 105 test series (accuracy + AOPCR) ...
    [mlflow] versioned model 'seanet_softmax__sea_mstcn_sep__sea_softmax_conjunctive' (id=m-746aedede0fa46b682a99dba66017d16) params={'model_size_mb': '1.4202', 'n_model_params': '43407', 'name': 'seanet_softmax'}
    [mlflow] logged run 'seanet_softmax_Plane'  (train_acc=1.0000 val_acc=1.0000 test_acc=1.0000 test_loss=0.0091)
[ 56/129] Plane                        DONE  acc=1.0000 loss=0.0091 AOPCR=  1.869 NDCG=  n/a C=  7 T=  144 (17s)  [55 trained / 0 failed so far]
[ 57/129] ProximalPhalanxOutlineAgeGroup
    stage 1/3: loading data ...
    stage 2/3: training on 322 series (val=78, C=3, T=80, batch=8) ...
    stage 3/3: scoring on 205 test series (accuracy + AOPCR) ...
    [mlflow] versioned model 'seanet_softmax__sea_mstcn_sep__sea_softmax_conjunctive' (id=m-bbfa9f48db1f4a048b181c83f3a92e19) params={'model_size_mb': '1.4191', 'n_model_params': '43111', 'name': 'seanet_softmax'}
    [mlflow] logged run 'seanet_softmax_ProximalPhalanxOutlineAgeGroup'  (train_acc=0.8882 val_acc=0.8077 test_acc=0.8390 test_loss=0.3911)
[ 57/129] ProximalPhalanxOutlineAgeGroup DONE  acc=0.8390 loss=0.3911 AOPCR=  0.116 NDCG=  n/a C=  3 T=   80 (30s)  [56 trained / 0 failed so far]
[ 58/129] ProximalPhalanxOutlineCorrect
    stage 1/3: loading data ...
    stage 2/3: training on 481 series (val=119, C=2, T=80, batch=8) ...
    stage 3/3: scoring on 291 test series (accuracy + AOPCR) ...
    [mlflow] versioned model 'seanet_softmax__sea_mstcn_sep__sea_softmax_conjunctive' (id=m-3ce1530bc9f449909b0ba48a4eb2a436) params={'model_size_mb': '1.4189', 'n_model_params': '43037', 'name': 'seanet_softmax'}
    [mlflow] logged run 'seanet_softmax_ProximalPhalanxOutlineCorrect'  (train_acc=0.9335 val_acc=0.8824 test_acc=0.8900 test_loss=0.2364)
[ 58/129] ProximalPhalanxOutlineCorrect DONE  acc=0.8900 loss=0.2364 AOPCR= -0.126 NDCG=  n/a C=  2 T=   80 (67s)  [57 trained / 0 failed so far]
[ 59/129] ProximalPhalanxTW
    stage 1/3: loading data ...
    stage 2/3: training on 322 series (val=78, C=6, T=80, batch=8) ...
    stage 3/3: scoring on 205 test series (accuracy + AOPCR) ...
    [mlflow] versioned model 'seanet_softmax__sea_mstcn_sep__sea_softmax_conjunctive' (id=m-7aa948da4c924b8bb8dcd5b5394deea5) params={'model_size_mb': '1.4199', 'n_model_params': '43333', 'name': 'seanet_softmax'}
    [mlflow] logged run 'seanet_softmax_ProximalPhalanxTW'  (train_acc=0.9130 val_acc=0.8462 test_acc=0.7756 test_loss=0.5304)
[ 59/129] ProximalPhalanxTW            DONE  acc=0.7756 loss=0.5304 AOPCR= -1.445 NDCG=  n/a C=  6 T=   80 (41s)  [58 trained / 0 failed so far]
[ 60/129] RefrigerationDevices
    stage 1/3: loading data ...
    stage 2/3: training on 300 series (val=75, C=3, T=720, batch=8) ...
    stage 3/3: scoring on 375 test series (accuracy + AOPCR) ...
    [mlflow] versioned model 'seanet_softmax__sea_mstcn_sep__sea_softmax_conjunctive' (id=m-4e82997455ce432c8c97633ee16c5850) params={'model_size_mb': '1.4191', 'n_model_params': '43111', 'name': 'seanet_softmax'}
    [mlflow] logged run 'seanet_softmax_RefrigerationDevices'  (train_acc=0.8267 val_acc=0.7333 test_acc=0.4720 test_loss=1.9868)
[ 60/129] RefrigerationDevices         DONE  acc=0.4720 loss=1.9868 AOPCR=  0.260 NDCG=  n/a C=  3 T=  720 (16s)  [59 trained / 0 failed so far]
[ 61/129] ScreenType
    stage 1/3: loading data ...
    stage 2/3: training on 300 series (val=75, C=3, T=720, batch=8) ...
    stage 3/3: scoring on 375 test series (accuracy + AOPCR) ...
    [mlflow] versioned model 'seanet_softmax__sea_mstcn_sep__sea_softmax_conjunctive' (id=m-60d2b63549734a7a9bc62eaddd29871d) params={'model_size_mb': '1.4191', 'n_model_params': '43111', 'name': 'seanet_softmax'}
    [mlflow] logged run 'seanet_softmax_ScreenType'  (train_acc=0.6400 val_acc=0.6000 test_acc=0.4320 test_loss=1.1244)
[ 61/129] ScreenType                   DONE  acc=0.4320 loss=1.1244 AOPCR=  0.342 NDCG=  n/a C=  3 T=  720 (14s)  [60 trained / 0 failed so far]
[ 62/129] ShapeletSim
    stage 1/3: loading data ...
    stage 2/3: training on 20 series (no val (train-loss early stop), C=2, T=500, batch=2) ...
    stage 3/3: scoring on 180 test series (accuracy + AOPCR) ...
    [mlflow] versioned model 'seanet_softmax__sea_mstcn_sep__sea_softmax_conjunctive' (id=m-495b0628e13c47569211ad5fe524d13d) params={'model_size_mb': '1.4189', 'n_model_params': '43037', 'name': 'seanet_softmax'}
    [mlflow] logged run 'seanet_softmax_ShapeletSim'  (train_acc=1.0000 test_acc=1.0000 test_loss=0.0087)
[ 62/129] ShapeletSim                  DONE  acc=1.0000 loss=0.0087 AOPCR=  2.216 NDCG=  n/a C=  2 T=  500 (4s)  [61 trained / 0 failed so far]
[ 63/129] ShapesAll
    stage 1/3: loading data ...
    stage 2/3: training on 480 series (val=120, C=60, T=512, batch=8) ...
    stage 3/3: scoring on 600 test series (accuracy + AOPCR) ...
    [mlflow] versioned model 'seanet_softmax__sea_mstcn_sep__sea_softmax_conjunctive' (id=m-5e33cba054ce438299d5436e902586f1) params={'model_size_mb': '1.4351', 'n_model_params': '47329', 'name': 'seanet_softmax'}
    [mlflow] logged run 'seanet_softmax_ShapesAll'  (train_acc=0.9896 val_acc=0.8083 test_acc=0.8183 test_loss=0.7805)
[ 63/129] ShapesAll                    DONE  acc=0.8183 loss=0.7805 AOPCR=  3.701 NDCG=  n/a C= 60 T=  512 (48s)  [62 trained / 0 failed so far]
[ 64/129] SmallKitchenAppliances
    stage 1/3: loading data ...
    stage 2/3: training on 300 series (val=75, C=3, T=720, batch=8) ...
    stage 3/3: scoring on 375 test series (accuracy + AOPCR) ...
    [mlflow] versioned model 'seanet_softmax__sea_mstcn_sep__sea_softmax_conjunctive' (id=m-7c0dc51e88f744e6a073bd588f9aa0d6) params={'model_size_mb': '1.4191', 'n_model_params': '43111', 'name': 'seanet_softmax'}
    [mlflow] logged run 'seanet_softmax_SmallKitchenAppliances'  (train_acc=0.8600 val_acc=0.7333 test_acc=0.7707 test_loss=0.5452)
[ 64/129] SmallKitchenAppliances       DONE  acc=0.7707 loss=0.5452 AOPCR=  0.675 NDCG=  n/a C=  3 T=  720 (18s)  [63 trained / 0 failed so far]
[ 65/129] SonyAIBORobotSurface1
    stage 1/3: loading data ...
    stage 2/3: training on 20 series (no val (train-loss early stop), C=2, T=70, batch=2) ...
    stage 3/3: scoring on 601 test series (accuracy + AOPCR) ...
    [mlflow] versioned model 'seanet_softmax__sea_mstcn_sep__sea_softmax_conjunctive' (id=m-d18b765c88a8441a8b340ae12f5727c4) params={'model_size_mb': '1.4189', 'n_model_params': '43037', 'name': 'seanet_softmax'}
    [mlflow] logged run 'seanet_softmax_SonyAIBORobotSurface1'  (train_acc=1.0000 test_acc=0.9667 test_loss=0.1099)
[ 65/129] SonyAIBORobotSurface1        DONE  acc=0.9667 loss=0.1099 AOPCR=  0.915 NDCG=  n/a C=  2 T=   70 (5s)  [64 trained / 0 failed so far]
[ 66/129] SonyAIBORobotSurface2
    stage 1/3: loading data ...
    stage 2/3: training on 27 series (no val (train-loss early stop), C=2, T=65, batch=2) ...
    stage 3/3: scoring on 953 test series (accuracy + AOPCR) ...
    [mlflow] versioned model 'seanet_softmax__sea_mstcn_sep__sea_softmax_conjunctive' (id=m-dc1ec1b18c024dd895d65b744968cfd1) params={'model_size_mb': '1.4189', 'n_model_params': '43037', 'name': 'seanet_softmax'}
    [mlflow] logged run 'seanet_softmax_SonyAIBORobotSurface2'  (train_acc=1.0000 test_acc=0.9087 test_loss=0.2793)
[ 66/129] SonyAIBORobotSurface2        DONE  acc=0.9087 loss=0.2793 AOPCR=  0.430 NDCG=  n/a C=  2 T=   65 (12s)  [65 trained / 0 failed so far]
[ 67/129] StarLightCurves
    stage 1/3: loading data ...
    stage 2/3: training on 801 series (val=199, C=3, T=1024, batch=8) ...
    stage 3/3: scoring on 8236 test series (accuracy + AOPCR) ...
    [mlflow] versioned model 'seanet_softmax__sea_mstcn_sep__sea_softmax_conjunctive' (id=m-37194b0a21a6459188c680d38178737c) params={'model_size_mb': '1.4191', 'n_model_params': '43111', 'name': 'seanet_softmax'}
    [mlflow] logged run 'seanet_softmax_StarLightCurves'  (train_acc=0.9725 val_acc=0.9799 test_acc=0.9690 test_loss=0.1159)
[ 67/129] StarLightCurves              DONE  acc=0.9690 loss=0.1159 AOPCR=  1.085 NDCG=  n/a C=  3 T= 1024 (36s)  [66 trained / 0 failed so far]
[ 68/129] Strawberry
    stage 1/3: loading data ...
    stage 2/3: training on 492 series (val=121, C=2, T=235, batch=8) ...
    stage 3/3: scoring on 370 test series (accuracy + AOPCR) ...
    [mlflow] versioned model 'seanet_softmax__sea_mstcn_sep__sea_softmax_conjunctive' (id=m-25ed4db67210481aab148163dc180f02) params={'model_size_mb': '1.4189', 'n_model_params': '43037', 'name': 'seanet_softmax'}
    [mlflow] logged run 'seanet_softmax_Strawberry'  (train_acc=0.9797 val_acc=0.9917 test_acc=0.9595 test_loss=0.1209)
[ 68/129] Strawberry                   DONE  acc=0.9595 loss=0.1209 AOPCR=  0.490 NDCG=  n/a C=  2 T=  235 (37s)  [67 trained / 0 failed so far]
[ 69/129] SwedishLeaf
    stage 1/3: loading data ...
    stage 2/3: training on 405 series (val=95, C=15, T=128, batch=8) ...
    stage 3/3: scoring on 625 test series (accuracy + AOPCR) ...
    [mlflow] versioned model 'seanet_softmax__sea_mstcn_sep__sea_softmax_conjunctive' (id=m-0e77a2fbfca143cd8ca90b99cb427fae) params={'model_size_mb': '1.4224', 'n_model_params': '43999', 'name': 'seanet_softmax'}
    [mlflow] logged run 'seanet_softmax_SwedishLeaf'  (train_acc=1.0000 val_acc=0.9684 test_acc=0.9296 test_loss=0.2465)
[ 69/129] SwedishLeaf                  DONE  acc=0.9296 loss=0.2465 AOPCR=  1.780 NDCG=  n/a C= 15 T=  128 (55s)  [68 trained / 0 failed so far]
[ 70/129] Symbols
    stage 1/3: loading data ...
    stage 2/3: training on 25 series (no val (train-loss early stop), C=6, T=398, batch=2) ...
    stage 3/3: scoring on 995 test series (accuracy + AOPCR) ...
    [mlflow] versioned model 'seanet_softmax__sea_mstcn_sep__sea_softmax_conjunctive' (id=m-0abaffd1c33646dab9733198823bce3e) params={'model_size_mb': '1.4199', 'n_model_params': '43333', 'name': 'seanet_softmax'}
    [mlflow] logged run 'seanet_softmax_Symbols'  (train_acc=1.0000 test_acc=0.8653 test_loss=0.3443)
[ 70/129] Symbols                      DONE  acc=0.8653 loss=0.3443 AOPCR=  2.072 NDCG=  n/a C=  6 T=  398 (14s)  [69 trained / 0 failed so far]
[ 71/129] SyntheticControl
    stage 1/3: loading data ...
    stage 2/3: training on 240 series (val=60, C=6, T=60, batch=8) ...
    stage 3/3: scoring on 300 test series (accuracy + AOPCR) ...
    [mlflow] versioned model 'seanet_softmax__sea_mstcn_sep__sea_softmax_conjunctive' (id=m-9248ee99005e4577adc81dc98732d390) params={'model_size_mb': '1.4199', 'n_model_params': '43333', 'name': 'seanet_softmax'}
    [mlflow] logged run 'seanet_softmax_SyntheticControl'  (train_acc=1.0000 val_acc=1.0000 test_acc=0.9967 test_loss=0.0173)
[ 71/129] SyntheticControl             DONE  acc=0.9967 loss=0.0173 AOPCR=  1.187 NDCG=  n/a C=  6 T=   60 (16s)  [70 trained / 0 failed so far]
[ 72/129] ToeSegmentation1
    stage 1/3: loading data ...
    stage 2/3: training on 40 series (no val (train-loss early stop), C=2, T=277, batch=4) ...
    stage 3/3: scoring on 228 test series (accuracy + AOPCR) ...
    [mlflow] versioned model 'seanet_softmax__sea_mstcn_sep__sea_softmax_conjunctive' (id=m-9ca18715fdd14bde8f4b1217f18ddc13) params={'model_size_mb': '1.4189', 'n_model_params': '43037', 'name': 'seanet_softmax'}
    [mlflow] logged run 'seanet_softmax_ToeSegmentation1'  (train_acc=1.0000 test_acc=0.9035 test_loss=0.2614)
[ 72/129] ToeSegmentation1             DONE  acc=0.9035 loss=0.2614 AOPCR=  0.816 NDCG=  n/a C=  2 T=  277 (6s)  [71 trained / 0 failed so far]
[ 73/129] ToeSegmentation2
    stage 1/3: loading data ...
    stage 2/3: training on 36 series (no val (train-loss early stop), C=2, T=343, batch=3) ...
    stage 3/3: scoring on 130 test series (accuracy + AOPCR) ...
    [mlflow] versioned model 'seanet_softmax__sea_mstcn_sep__sea_softmax_conjunctive' (id=m-0a7f3753b66f4669834e6d71955d2ad6) params={'model_size_mb': '1.4189', 'n_model_params': '43037', 'name': 'seanet_softmax'}
    [mlflow] logged run 'seanet_softmax_ToeSegmentation2'  (train_acc=1.0000 test_acc=0.9462 test_loss=0.1477)
[ 73/129] ToeSegmentation2             DONE  acc=0.9462 loss=0.1477 AOPCR=  0.539 NDCG=  n/a C=  2 T=  343 (6s)  [72 trained / 0 failed so far]
[ 74/129] Trace
    stage 1/3: loading data ...
    stage 2/3: training on 81 series (val=19, C=4, T=275, batch=8) ...
    stage 3/3: scoring on 100 test series (accuracy + AOPCR) ...
    [mlflow] versioned model 'seanet_softmax__sea_mstcn_sep__sea_softmax_conjunctive' (id=m-8cd77041b28a480cbb1d3b1d5c9d0f8a) params={'model_size_mb': '1.4194', 'n_model_params': '43185', 'name': 'seanet_softmax'}
    [mlflow] logged run 'seanet_softmax_Trace'  (train_acc=1.0000 val_acc=1.0000 test_acc=1.0000 test_loss=0.0083)
[ 74/129] Trace                        DONE  acc=1.0000 loss=0.0083 AOPCR=  3.096 NDCG=  n/a C=  4 T=  275 (9s)  [73 trained / 0 failed so far]
[ 75/129] TwoLeadECG
    stage 1/3: loading data ...
    stage 2/3: training on 23 series (no val (train-loss early stop), C=2, T=82, batch=2) ...
    stage 3/3: scoring on 1139 test series (accuracy + AOPCR) ...
    [mlflow] versioned model 'seanet_softmax__sea_mstcn_sep__sea_softmax_conjunctive' (id=m-29b4f25e4fac479492e7e3099c61914e) params={'model_size_mb': '1.4189', 'n_model_params': '43037', 'name': 'seanet_softmax'}
    [mlflow] logged run 'seanet_softmax_TwoLeadECG'  (train_acc=1.0000 test_acc=1.0000 test_loss=0.0102)
[ 75/129] TwoLeadECG                   DONE  acc=1.0000 loss=0.0102 AOPCR=  0.894 NDCG=  n/a C=  2 T=   82 (14s)  [74 trained / 0 failed so far]
[ 76/129] TwoPatterns
    stage 1/3: loading data ...
    stage 2/3: training on 801 series (val=199, C=4, T=128, batch=8) ...
    stage 3/3: scoring on 4000 test series (accuracy + AOPCR) ...
    [mlflow] versioned model 'seanet_softmax__sea_mstcn_sep__sea_softmax_conjunctive' (id=m-b661f4765b394471a1e6e0255529dc03) params={'model_size_mb': '1.4194', 'n_model_params': '43185', 'name': 'seanet_softmax'}
    [mlflow] logged run 'seanet_softmax_TwoPatterns'  (train_acc=1.0000 val_acc=1.0000 test_acc=1.0000 test_loss=0.0094)
[ 76/129] TwoPatterns                  DONE  acc=1.0000 loss=0.0094 AOPCR=  0.113 NDCG=  n/a C=  4 T=  128 (104s)  [75 trained / 0 failed so far]
[ 77/129] UWaveGestureLibraryAll
    stage 1/3: loading data ...
    stage 2/3: training on 719 series (val=177, C=8, T=945, batch=8) ...
    stage 3/3: scoring on 3582 test series (accuracy + AOPCR) ...
    [mlflow] versioned model 'seanet_softmax__sea_mstcn_sep__sea_softmax_conjunctive' (id=m-a738ed5ffe884739b588a965d7418daa) params={'model_size_mb': '1.4205', 'n_model_params': '43481', 'name': 'seanet_softmax'}
    [mlflow] logged run 'seanet_softmax_UWaveGestureLibraryAll'  (train_acc=0.9875 val_acc=0.9209 test_acc=0.9266 test_loss=0.2475)
[ 77/129] UWaveGestureLibraryAll       DONE  acc=0.9266 loss=0.2475 AOPCR=  3.776 NDCG=  n/a C=  8 T=  945 (36s)  [76 trained / 0 failed so far]
[ 78/129] UWaveGestureLibraryX
    stage 1/3: loading data ...
    stage 2/3: training on 719 series (val=177, C=8, T=315, batch=8) ...
    stage 3/3: scoring on 3582 test series (accuracy + AOPCR) ...
    [mlflow] versioned model 'seanet_softmax__sea_mstcn_sep__sea_softmax_conjunctive' (id=m-e709c385475a49c0a4e304855f6e4a0a) params={'model_size_mb': '1.4205', 'n_model_params': '43481', 'name': 'seanet_softmax'}
    [mlflow] logged run 'seanet_softmax_UWaveGestureLibraryX'  (train_acc=0.8985 val_acc=0.8305 test_acc=0.7892 test_loss=0.5922)
[ 78/129] UWaveGestureLibraryX         DONE  acc=0.7892 loss=0.5922 AOPCR=  2.379 NDCG=  n/a C=  8 T=  315 (39s)  [77 trained / 0 failed so far]
[ 79/129] UWaveGestureLibraryY
    stage 1/3: loading data ...
    stage 2/3: training on 719 series (val=177, C=8, T=315, batch=8) ...
    stage 3/3: scoring on 3582 test series (accuracy + AOPCR) ...
    [mlflow] versioned model 'seanet_softmax__sea_mstcn_sep__sea_softmax_conjunctive' (id=m-ed78fc0b8aba47d1a32e5d6e01713aa0) params={'model_size_mb': '1.4205', 'n_model_params': '43481', 'name': 'seanet_softmax'}
    [mlflow] logged run 'seanet_softmax_UWaveGestureLibraryY'  (train_acc=0.7900 val_acc=0.6893 test_acc=0.6996 test_loss=0.8844)
[ 79/129] UWaveGestureLibraryY         DONE  acc=0.6996 loss=0.8844 AOPCR=  1.415 NDCG=  n/a C=  8 T=  315 (31s)  [78 trained / 0 failed so far]
[ 80/129] UWaveGestureLibraryZ
    stage 1/3: loading data ...
    stage 2/3: training on 719 series (val=177, C=8, T=315, batch=8) ...
    stage 3/3: scoring on 3582 test series (accuracy + AOPCR) ...
    [mlflow] versioned model 'seanet_softmax__sea_mstcn_sep__sea_softmax_conjunctive' (id=m-91e48a5c959746b2a0f6770be4f54954) params={'model_size_mb': '1.4205', 'n_model_params': '43481', 'name': 'seanet_softmax'}
    [mlflow] logged run 'seanet_softmax_UWaveGestureLibraryZ'  (train_acc=0.7844 val_acc=0.7062 test_acc=0.7295 test_loss=0.7146)
[ 80/129] UWaveGestureLibraryZ         DONE  acc=0.7295 loss=0.7146 AOPCR=  1.865 NDCG=  n/a C=  8 T=  315 (35s)  [79 trained / 0 failed so far]
[ 81/129] Wafer
    stage 1/3: loading data ...
    stage 2/3: training on 801 series (val=199, C=2, T=152, batch=8) ...
    stage 3/3: scoring on 6164 test series (accuracy + AOPCR) ...
    [mlflow] versioned model 'seanet_softmax__sea_mstcn_sep__sea_softmax_conjunctive' (id=m-66afbb996b32452aa716e541da52fdb1) params={'model_size_mb': '1.4189', 'n_model_params': '43037', 'name': 'seanet_softmax'}
    [mlflow] logged run 'seanet_softmax_Wafer'  (train_acc=1.0000 val_acc=1.0000 test_acc=0.9972 test_loss=0.0134)
[ 81/129] Wafer                        DONE  acc=0.9972 loss=0.0134 AOPCR=  0.795 NDCG=  n/a C=  2 T=  152 (82s)  [80 trained / 0 failed so far]
[ 82/129] Wine
    stage 1/3: loading data ...
    stage 2/3: training on 57 series (no val (train-loss early stop), C=2, T=234, batch=5) ...
    stage 3/3: scoring on 54 test series (accuracy + AOPCR) ...
    [mlflow] versioned model 'seanet_softmax__sea_mstcn_sep__sea_softmax_conjunctive' (id=m-8d8f29281ead4ee496da95f135bded2e) params={'model_size_mb': '1.4189', 'n_model_params': '43037', 'name': 'seanet_softmax'}
    [mlflow] logged run 'seanet_softmax_Wine'  (train_acc=0.5263 test_acc=0.5000 test_loss=0.6936)
[ 82/129] Wine                         DONE  acc=0.5000 loss=0.6936 AOPCR=  0.155 NDCG=  n/a C=  2 T=  234 (7s)  [81 trained / 0 failed so far]
[ 83/129] WordSynonyms
    stage 1/3: loading data ...
    stage 2/3: training on 217 series (val=50, C=25, T=270, batch=8) ...
    stage 3/3: scoring on 638 test series (accuracy + AOPCR) ...
    [mlflow] versioned model 'seanet_softmax__sea_mstcn_sep__sea_softmax_conjunctive' (id=m-e97e4ecc62cd446089cf83b1ebd68c09) params={'model_size_mb': '1.4253', 'n_model_params': '44739', 'name': 'seanet_softmax'}
    [mlflow] logged run 'seanet_softmax_WordSynonyms'  (train_acc=0.9585 val_acc=0.7000 test_acc=0.6332 test_loss=1.5065)
[ 83/129] WordSynonyms                 DONE  acc=0.6332 loss=1.5065 AOPCR=  2.208 NDCG=  n/a C= 25 T=  270 (15s)  [82 trained / 0 failed so far]
[ 84/129] Worms
    stage 1/3: loading data ...
    stage 2/3: training on 146 series (val=35, C=5, T=900, batch=8) ...
    stage 3/3: scoring on 77 test series (accuracy + AOPCR) ...
    [mlflow] versioned model 'seanet_softmax__sea_mstcn_sep__sea_softmax_conjunctive' (id=m-e6d4c145279a474fa87028769c780d14) params={'model_size_mb': '1.4196', 'n_model_params': '43259', 'name': 'seanet_softmax'}
    [mlflow] logged run 'seanet_softmax_Worms'  (train_acc=0.8836 val_acc=0.6857 test_acc=0.7013 test_loss=0.8009)
[ 84/129] Worms                        DONE  acc=0.7013 loss=0.8009 AOPCR=  1.374 NDCG=  n/a C=  5 T=  900 (10s)  [83 trained / 0 failed so far]
[ 85/129] WormsTwoClass
    stage 1/3: loading data ...
    stage 2/3: training on 145 series (val=36, C=2, T=900, batch=8) ...
    stage 3/3: scoring on 77 test series (accuracy + AOPCR) ...
    [mlflow] versioned model 'seanet_softmax__sea_mstcn_sep__sea_softmax_conjunctive' (id=m-082e43c7315f45d5a7e55e13aad1ce66) params={'model_size_mb': '1.4189', 'n_model_params': '43037', 'name': 'seanet_softmax'}
    [mlflow] logged run 'seanet_softmax_WormsTwoClass'  (train_acc=0.7655 val_acc=0.6389 test_acc=0.7662 test_loss=0.4726)
[ 85/129] WormsTwoClass                DONE  acc=0.7662 loss=0.4726 AOPCR=  0.607 NDCG=  n/a C=  2 T=  900 (6s)  [84 trained / 0 failed so far]
[ 86/129] Yoga
    stage 1/3: loading data ...
    stage 2/3: training on 241 series (val=59, C=2, T=426, batch=8) ...
    stage 3/3: scoring on 3000 test series (accuracy + AOPCR) ...
    [mlflow] versioned model 'seanet_softmax__sea_mstcn_sep__sea_softmax_conjunctive' (id=m-99510a832fab445f86d9a1572b69f204) params={'model_size_mb': '1.4189', 'n_model_params': '43037', 'name': 'seanet_softmax'}
    [mlflow] logged run 'seanet_softmax_Yoga'  (train_acc=0.9834 val_acc=0.9153 test_acc=0.8497 test_loss=0.4091)
[ 86/129] Yoga                         DONE  acc=0.8497 loss=0.4091 AOPCR=  0.946 NDCG=  n/a C=  2 T=  426 (32s)  [85 trained / 0 failed so far]
[ 87/129] ACSF1
    stage 1/3: loading data ...
    stage 2/3: training on 80 series (val=20, C=10, T=1460, batch=8) ...
    stage 3/3: scoring on 100 test series (accuracy + AOPCR) ...
    [mlflow] versioned model 'seanet_softmax__sea_mstcn_sep__sea_softmax_conjunctive' (id=m-e059247360c64c759ec02b41f914b97b) params={'model_size_mb': '1.421', 'n_model_params': '43629', 'name': 'seanet_softmax'}
    [mlflow] logged run 'seanet_softmax_ACSF1'  (train_acc=0.8500 val_acc=0.7500 test_acc=0.7900 test_loss=0.5978)
[ 87/129] ACSF1                        DONE  acc=0.7900 loss=0.5978 AOPCR=  0.033 NDCG=  n/a C= 10 T= 1460 (12s)  [86 trained / 0 failed so far]
[ 88/129] AllGestureWiimoteX
    stage 1/3: loading data ...
    stage 2/3: training on 240 series (val=60, C=10, T=500, batch=8) ...
    stage 3/3: scoring on 700 test series (accuracy + AOPCR) ...
    [mlflow] versioned model 'seanet_softmax__sea_mstcn_sep__sea_softmax_conjunctive' (id=m-e7096e1410c8483baa5e02a5887fa5ff) params={'model_size_mb': '1.421', 'n_model_params': '43629', 'name': 'seanet_softmax'}
    [mlflow] logged run 'seanet_softmax_AllGestureWiimoteX'  (train_acc=0.9333 val_acc=0.7833 test_acc=0.7043 test_loss=0.9401)
[ 88/129] AllGestureWiimoteX           DONE  acc=0.7043 loss=0.9401 AOPCR=  4.307 NDCG=  n/a C= 10 T=  500 (14s)  [87 trained / 0 failed so far]
[ 89/129] AllGestureWiimoteY
    stage 1/3: loading data ...
    stage 2/3: training on 240 series (val=60, C=10, T=500, batch=8) ...
    stage 3/3: scoring on 700 test series (accuracy + AOPCR) ...
    [mlflow] versioned model 'seanet_softmax__sea_mstcn_sep__sea_softmax_conjunctive' (id=m-ca8c32ec7772419facf25b26afd7c3a1) params={'model_size_mb': '1.421', 'n_model_params': '43629', 'name': 'seanet_softmax'}
    [mlflow] logged run 'seanet_softmax_AllGestureWiimoteY'  (train_acc=0.9875 val_acc=0.7500 test_acc=0.7486 test_loss=0.9470)
[ 89/129] AllGestureWiimoteY           DONE  acc=0.7486 loss=0.9470 AOPCR=  4.546 NDCG=  n/a C= 10 T=  500 (18s)  [88 trained / 0 failed so far]
[ 90/129] AllGestureWiimoteZ
    stage 1/3: loading data ...
    stage 2/3: training on 240 series (val=60, C=10, T=500, batch=8) ...
    stage 3/3: scoring on 700 test series (accuracy + AOPCR) ...
    [mlflow] versioned model 'seanet_softmax__sea_mstcn_sep__sea_softmax_conjunctive' (id=m-9528f36394c9460c930150846cef47df) params={'model_size_mb': '1.421', 'n_model_params': '43629', 'name': 'seanet_softmax'}
    [mlflow] logged run 'seanet_softmax_AllGestureWiimoteZ'  (train_acc=0.8917 val_acc=0.6667 test_acc=0.7129 test_loss=0.8711)
[ 90/129] AllGestureWiimoteZ           DONE  acc=0.7129 loss=0.8711 AOPCR=  2.932 NDCG=  n/a C= 10 T=  500 (17s)  [89 trained / 0 failed so far]
[ 91/129] BME
    stage 1/3: loading data ...
    stage 2/3: training on 30 series (no val (train-loss early stop), C=3, T=128, batch=3) ...
    stage 3/3: scoring on 150 test series (accuracy + AOPCR) ...
    [mlflow] versioned model 'seanet_softmax__sea_mstcn_sep__sea_softmax_conjunctive' (id=m-6d71b011ac1645aaa0d5c9624e295cf7) params={'model_size_mb': '1.4191', 'n_model_params': '43111', 'name': 'seanet_softmax'}
    [mlflow] logged run 'seanet_softmax_BME'  (train_acc=1.0000 test_acc=0.9933 test_loss=0.0247)
[ 91/129] BME                          DONE  acc=0.9933 loss=0.0247 AOPCR=  2.528 NDCG=  n/a C=  3 T=  128 (8s)  [90 trained / 0 failed so far]
[ 92/129] Chinatown
    stage 1/3: loading data ...
    stage 2/3: training on 20 series (no val (train-loss early stop), C=2, T=24, batch=2) ...
    stage 3/3: scoring on 343 test series (accuracy + AOPCR) ...
    [mlflow] versioned model 'seanet_softmax__sea_mstcn_sep__sea_softmax_conjunctive' (id=m-7dc2265c60644386b0e00428f55072bd) params={'model_size_mb': '1.4189', 'n_model_params': '43037', 'name': 'seanet_softmax'}
    [mlflow] logged run 'seanet_softmax_Chinatown'  (train_acc=1.0000 test_acc=0.9854 test_loss=0.0610)
[ 92/129] Chinatown                    DONE  acc=0.9854 loss=0.0610 AOPCR=  0.384 NDCG=  n/a C=  2 T=   24 (20s)  [91 trained / 0 failed so far]
[ 93/129] Crop
    stage 1/3: loading data ...
    stage 2/3: training on 5760 series (val=1440, C=24, T=46, batch=8) ...
    stage 3/3: scoring on 16800 test series (accuracy + AOPCR) ...
    [mlflow] versioned model 'seanet_softmax__sea_mstcn_sep__sea_softmax_conjunctive' (id=m-9761330769c049d786c287213ad40938) params={'model_size_mb': '1.425', 'n_model_params': '44665', 'name': 'seanet_softmax'}
    [mlflow] logged run 'seanet_softmax_Crop'  (train_acc=0.7812 val_acc=0.6993 test_acc=0.6969 test_loss=0.9071)
[ 93/129] Crop                         DONE  acc=0.6969 loss=0.9071 AOPCR=  0.537 NDCG=  n/a C= 24 T=   46 (319s)  [92 trained / 0 failed so far]
[ 94/129] DodgerLoopDay
    stage 1/3: loading data ...
    stage 2/3: training on 78 series (no val (train-loss early stop), C=7, T=288, batch=7) ...
    stage 3/3: scoring on 80 test series (accuracy + AOPCR) ...
    [mlflow] versioned model 'seanet_softmax__sea_mstcn_sep__sea_softmax_conjunctive' (id=m-fa03f70ecb0046e6b3747cfa2fee6c95) params={'model_size_mb': '1.4202', 'n_model_params': '43407', 'name': 'seanet_softmax'}
    [mlflow] logged run 'seanet_softmax_DodgerLoopDay'  (train_acc=1.0000 test_acc=0.5750 test_loss=1.4657)
[ 94/129] DodgerLoopDay                DONE  acc=0.5750 loss=1.4657 AOPCR=  2.164 NDCG=  n/a C=  7 T=  288 (12s)  [93 trained / 0 failed so far]
[ 95/129] DodgerLoopGame
    stage 1/3: loading data ...
    stage 2/3: training on 20 series (no val (train-loss early stop), C=2, T=288, batch=2) ...
    stage 3/3: scoring on 138 test series (accuracy + AOPCR) ...
    [mlflow] versioned model 'seanet_softmax__sea_mstcn_sep__sea_softmax_conjunctive' (id=m-17960a4032754084ae57b4afca3be66a) params={'model_size_mb': '1.4189', 'n_model_params': '43037', 'name': 'seanet_softmax'}
    [mlflow] logged run 'seanet_softmax_DodgerLoopGame'  (train_acc=1.0000 test_acc=0.8913 test_loss=0.3398)
[ 95/129] DodgerLoopGame               DONE  acc=0.8913 loss=0.3398 AOPCR=  0.866 NDCG=  n/a C=  2 T=  288 (6s)  [94 trained / 0 failed so far]
[ 96/129] DodgerLoopWeekend
    stage 1/3: loading data ...
    stage 2/3: training on 20 series (no val (train-loss early stop), C=2, T=288, batch=2) ...
    stage 3/3: scoring on 138 test series (accuracy + AOPCR) ...
    [mlflow] versioned model 'seanet_softmax__sea_mstcn_sep__sea_softmax_conjunctive' (id=m-b54c35bcd2744662bc5ea224ac3ae804) params={'model_size_mb': '1.4189', 'n_model_params': '43037', 'name': 'seanet_softmax'}
    [mlflow] logged run 'seanet_softmax_DodgerLoopWeekend'  (train_acc=1.0000 test_acc=0.7826 test_loss=0.5948)
[ 96/129] DodgerLoopWeekend            DONE  acc=0.7826 loss=0.5948 AOPCR=  0.522 NDCG=  n/a C=  2 T=  288 (6s)  [95 trained / 0 failed so far]
[ 97/129] EOGHorizontalSignal
    stage 1/3: loading data ...
    stage 2/3: training on 290 series (val=72, C=12, T=1250, batch=8) ...
    stage 3/3: scoring on 362 test series (accuracy + AOPCR) ...
    [mlflow] versioned model 'seanet_softmax__sea_mstcn_sep__sea_softmax_conjunctive' (id=m-7c7bbbe2e2bd4d3fbeb2450f31f45dd0) params={'model_size_mb': '1.4216', 'n_model_params': '43777', 'name': 'seanet_softmax'}
    [mlflow] logged run 'seanet_softmax_EOGHorizontalSignal'  (train_acc=0.9966 val_acc=0.8611 test_acc=0.4834 test_loss=2.4017)
[ 97/129] EOGHorizontalSignal          DONE  acc=0.4834 loss=2.4017 AOPCR=  1.979 NDCG=  n/a C= 12 T= 1250 (40s)  [96 trained / 0 failed so far]
[ 98/129] EOGVerticalSignal
    stage 1/3: loading data ...
    stage 2/3: training on 290 series (val=72, C=12, T=1250, batch=8) ...
    stage 3/3: scoring on 362 test series (accuracy + AOPCR) ...
    [mlflow] versioned model 'seanet_softmax__sea_mstcn_sep__sea_softmax_conjunctive' (id=m-e5ef911c46db4b00b8c860912977f6bd) params={'model_size_mb': '1.4216', 'n_model_params': '43777', 'name': 'seanet_softmax'}
    [mlflow] logged run 'seanet_softmax_EOGVerticalSignal'  (train_acc=0.9379 val_acc=0.7083 test_acc=0.4227 test_loss=2.6222)
[ 98/129] EOGVerticalSignal            DONE  acc=0.4227 loss=2.6222 AOPCR=  3.034 NDCG=  n/a C= 12 T= 1250 (26s)  [97 trained / 0 failed so far]
[ 99/129] EthanolLevel
    stage 1/3: loading data ...
    stage 2/3: training on 404 series (val=100, C=4, T=1751, batch=8) ...
    stage 3/3: scoring on 500 test series (accuracy + AOPCR) ...
    [mlflow] versioned model 'seanet_softmax__sea_mstcn_sep__sea_softmax_conjunctive' (id=m-a9df44fd8f3b4c3995b361652671de4f) params={'model_size_mb': '1.4194', 'n_model_params': '43185', 'name': 'seanet_softmax'}
    [mlflow] logged run 'seanet_softmax_EthanolLevel'  (train_acc=0.8985 val_acc=0.9100 test_acc=0.8020 test_loss=0.4107)
[ 99/129] EthanolLevel                 DONE  acc=0.8020 loss=0.4107 AOPCR= -4.449 NDCG=  n/a C=  4 T= 1751 (84s)  [98 trained / 0 failed so far]
[100/129] FreezerRegularTrain
    stage 1/3: loading data ...
    stage 2/3: training on 120 series (val=30, C=2, T=301, batch=8) ...
    stage 3/3: scoring on 2850 test series (accuracy + AOPCR) ...
    [mlflow] versioned model 'seanet_softmax__sea_mstcn_sep__sea_softmax_conjunctive' (id=m-4c6a8c5f48324559867ccbfdcf439551) params={'model_size_mb': '1.4189', 'n_model_params': '43037', 'name': 'seanet_softmax'}
    [mlflow] logged run 'seanet_softmax_FreezerRegularTrain'  (train_acc=1.0000 val_acc=1.0000 test_acc=0.9947 test_loss=0.0232)
[100/129] FreezerRegularTrain          DONE  acc=0.9947 loss=0.0232 AOPCR= -0.125 NDCG=  n/a C=  2 T=  301 (8s)  [99 trained / 0 failed so far]
[101/129] FreezerSmallTrain
    stage 1/3: loading data ...
    stage 2/3: training on 28 series (no val (train-loss early stop), C=2, T=301, batch=2) ...
    stage 3/3: scoring on 2850 test series (accuracy + AOPCR) ...
    [mlflow] versioned model 'seanet_softmax__sea_mstcn_sep__sea_softmax_conjunctive' (id=m-cb84cf52bc004b72b133d5e3e74e44bb) params={'model_size_mb': '1.4189', 'n_model_params': '43037', 'name': 'seanet_softmax'}
    [mlflow] logged run 'seanet_softmax_FreezerSmallTrain'  (train_acc=1.0000 test_acc=0.6761 test_loss=1.5232)
[101/129] FreezerSmallTrain            DONE  acc=0.6761 loss=1.5232 AOPCR=  0.925 NDCG=  n/a C=  2 T=  301 (12s)  [100 trained / 0 failed so far]
[102/129] Fungi
    stage 1/3: loading data ...
    stage 2/3: training on 18 series (no val (train-loss early stop), C=18, T=201, batch=2) ...
    stage 3/3: scoring on 186 test series (accuracy + AOPCR) ...
    [mlflow] versioned model 'seanet_softmax__sea_mstcn_sep__sea_softmax_conjunctive' (id=m-040a2357a95d4a87b6af8454a9218a8b) params={'model_size_mb': '1.4234', 'n_model_params': '44221', 'name': 'seanet_softmax'}
    [mlflow] logged run 'seanet_softmax_Fungi'  (train_acc=1.0000 test_acc=0.9355 test_loss=0.1410)
[102/129] Fungi                        DONE  acc=0.9355 loss=0.1410 AOPCR=  2.270 NDCG=  n/a C= 18 T=  201 (12s)  [101 trained / 0 failed so far]
[103/129] GestureMidAirD1
    stage 1/3: loading data ...
    stage 2/3: training on 182 series (val=26, C=26, T=360, batch=8) ...
    stage 3/3: scoring on 130 test series (accuracy + AOPCR) ...
    [mlflow] versioned model 'seanet_softmax__sea_mstcn_sep__sea_softmax_conjunctive' (id=m-de378fc7bf994d1b8dbacf388e6d0d33) params={'model_size_mb': '1.4256', 'n_model_params': '44813', 'name': 'seanet_softmax'}
    [mlflow] logged run 'seanet_softmax_GestureMidAirD1'  (train_acc=0.9176 val_acc=0.7308 test_acc=0.7000 test_loss=1.0582)
[103/129] GestureMidAirD1              DONE  acc=0.7000 loss=1.0582 AOPCR=  4.162 NDCG=  n/a C= 26 T=  360 (12s)  [102 trained / 0 failed so far]
[104/129] GestureMidAirD2
    stage 1/3: loading data ...
    stage 2/3: training on 182 series (val=26, C=26, T=360, batch=8) ...
    stage 3/3: scoring on 130 test series (accuracy + AOPCR) ...
    [mlflow] versioned model 'seanet_softmax__sea_mstcn_sep__sea_softmax_conjunctive' (id=m-b57233f88cf049a69181785df491a427) params={'model_size_mb': '1.4256', 'n_model_params': '44813', 'name': 'seanet_softmax'}
    [mlflow] logged run 'seanet_softmax_GestureMidAirD2'  (train_acc=0.8901 val_acc=0.5000 test_acc=0.6077 test_loss=1.3746)
[104/129] GestureMidAirD2              DONE  acc=0.6077 loss=1.3746 AOPCR=  3.172 NDCG=  n/a C= 26 T=  360 (17s)  [103 trained / 0 failed so far]
[105/129] GestureMidAirD3
    stage 1/3: loading data ...
    stage 2/3: training on 182 series (val=26, C=26, T=360, batch=8) ...
    stage 3/3: scoring on 130 test series (accuracy + AOPCR) ...
    [mlflow] versioned model 'seanet_softmax__sea_mstcn_sep__sea_softmax_conjunctive' (id=m-fd1d00214b7b4bd6a55124f117819b26) params={'model_size_mb': '1.4256', 'n_model_params': '44813', 'name': 'seanet_softmax'}
    [mlflow] logged run 'seanet_softmax_GestureMidAirD3'  (train_acc=0.8297 val_acc=0.3462 test_acc=0.3923 test_loss=2.2717)
[105/129] GestureMidAirD3              DONE  acc=0.3923 loss=2.2717 AOPCR=  2.921 NDCG=  n/a C= 26 T=  360 (12s)  [104 trained / 0 failed so far]
[106/129] GesturePebbleZ1
    stage 1/3: loading data ...
    stage 2/3: training on 107 series (val=25, C=6, T=455, batch=8) ...
    stage 3/3: scoring on 172 test series (accuracy + AOPCR) ...
    [mlflow] versioned model 'seanet_softmax__sea_mstcn_sep__sea_softmax_conjunctive' (id=m-0cc9f868aac248abb63d2a25d06b4d9f) params={'model_size_mb': '1.4199', 'n_model_params': '43333', 'name': 'seanet_softmax'}
    [mlflow] logged run 'seanet_softmax_GesturePebbleZ1'  (train_acc=1.0000 val_acc=1.0000 test_acc=0.9128 test_loss=0.2743)
[106/129] GesturePebbleZ1              DONE  acc=0.9128 loss=0.2743 AOPCR=  2.223 NDCG=  n/a C=  6 T=  455 (10s)  [105 trained / 0 failed so far]
[107/129] GesturePebbleZ2
    stage 1/3: loading data ...
    stage 2/3: training on 120 series (val=26, C=6, T=455, batch=8) ...
    stage 3/3: scoring on 158 test series (accuracy + AOPCR) ...
    [mlflow] versioned model 'seanet_softmax__sea_mstcn_sep__sea_softmax_conjunctive' (id=m-4687ee3c13f34a968fde0e6f2fd8be8e) params={'model_size_mb': '1.4199', 'n_model_params': '43333', 'name': 'seanet_softmax'}
    [mlflow] logged run 'seanet_softmax_GesturePebbleZ2'  (train_acc=1.0000 val_acc=1.0000 test_acc=0.8924 test_loss=0.3285)
[107/129] GesturePebbleZ2              DONE  acc=0.8924 loss=0.3285 AOPCR=  3.217 NDCG=  n/a C=  6 T=  455 (7s)  [106 trained / 0 failed so far]
[108/129] GunPointAgeSpan
    stage 1/3: loading data ...
    stage 2/3: training on 109 series (val=26, C=2, T=150, batch=8) ...
    stage 3/3: scoring on 316 test series (accuracy + AOPCR) ...
    [mlflow] versioned model 'seanet_softmax__sea_mstcn_sep__sea_softmax_conjunctive' (id=m-d5718c85239f4634bdff0949872486f9) params={'model_size_mb': '1.4189', 'n_model_params': '43037', 'name': 'seanet_softmax'}
    [mlflow] logged run 'seanet_softmax_GunPointAgeSpan'  (train_acc=1.0000 val_acc=1.0000 test_acc=0.9810 test_loss=0.0733)
[108/129] GunPointAgeSpan              DONE  acc=0.9810 loss=0.0733 AOPCR=  0.051 NDCG=  n/a C=  2 T=  150 (8s)  [107 trained / 0 failed so far]
[109/129] GunPointMaleVersusFemale
    stage 1/3: loading data ...
    stage 2/3: training on 109 series (val=26, C=2, T=150, batch=8) ...
    stage 3/3: scoring on 316 test series (accuracy + AOPCR) ...
    [mlflow] versioned model 'seanet_softmax__sea_mstcn_sep__sea_softmax_conjunctive' (id=m-13c487a80bf44baaa333a12c969410a6) params={'model_size_mb': '1.4189', 'n_model_params': '43037', 'name': 'seanet_softmax'}
    [mlflow] logged run 'seanet_softmax_GunPointMaleVersusFemale'  (train_acc=1.0000 val_acc=1.0000 test_acc=0.9842 test_loss=0.0550)
[109/129] GunPointMaleVersusFemale     DONE  acc=0.9842 loss=0.0550 AOPCR=  0.305 NDCG=  n/a C=  2 T=  150 (14s)  [108 trained / 0 failed so far]
[110/129] GunPointOldVersusYoung
    stage 1/3: loading data ...
    stage 2/3: training on 109 series (val=27, C=2, T=150, batch=8) ...
    stage 3/3: scoring on 315 test series (accuracy + AOPCR) ...
    [mlflow] versioned model 'seanet_softmax__sea_mstcn_sep__sea_softmax_conjunctive' (id=m-d3d3c36dff8f4bd49b47fa95dc5eb448) params={'model_size_mb': '1.4189', 'n_model_params': '43037', 'name': 'seanet_softmax'}
    [mlflow] logged run 'seanet_softmax_GunPointOldVersusYoung'  (train_acc=1.0000 val_acc=1.0000 test_acc=0.9683 test_loss=0.0703)
[110/129] GunPointOldVersusYoung       DONE  acc=0.9683 loss=0.0703 AOPCR=  1.159 NDCG=  n/a C=  2 T=  150 (13s)  [109 trained / 0 failed so far]
[111/129] HouseTwenty
    stage 1/3: loading data ...
    stage 2/3: training on 40 series (no val (train-loss early stop), C=2, T=2000, batch=4) ...
    stage 3/3: scoring on 119 test series (accuracy + AOPCR) ...
    [mlflow] versioned model 'seanet_softmax__sea_mstcn_sep__sea_softmax_conjunctive' (id=m-2a3ea6b5db854c098d60ce1542e3ee03) params={'model_size_mb': '1.4189', 'n_model_params': '43037', 'name': 'seanet_softmax'}
    [mlflow] logged run 'seanet_softmax_HouseTwenty'  (train_acc=1.0000 test_acc=0.9580 test_loss=0.0828)
[111/129] HouseTwenty                  DONE  acc=0.9580 loss=0.0828 AOPCR=  0.414 NDCG=  n/a C=  2 T= 2000 (7s)  [110 trained / 0 failed so far]
[112/129] InsectEPGRegularTrain
    stage 1/3: loading data ...
    stage 2/3: training on 62 series (no val (train-loss early stop), C=3, T=601, batch=6) ...
    stage 3/3: scoring on 249 test series (accuracy + AOPCR) ...
    [mlflow] versioned model 'seanet_softmax__sea_mstcn_sep__sea_softmax_conjunctive' (id=m-dc07173dc15c4de4abab242bcce9f5d6) params={'model_size_mb': '1.4191', 'n_model_params': '43111', 'name': 'seanet_softmax'}
    [mlflow] logged run 'seanet_softmax_InsectEPGRegularTrain'  (train_acc=1.0000 test_acc=0.9839 test_loss=0.0503)
[112/129] InsectEPGRegularTrain        DONE  acc=0.9839 loss=0.0503 AOPCR=  3.638 NDCG=  n/a C=  3 T=  601 (8s)  [111 trained / 0 failed so far]
[113/129] InsectEPGSmallTrain
    stage 1/3: loading data ...
    stage 2/3: training on 17 series (no val (train-loss early stop), C=3, T=601, batch=2) ...
    stage 3/3: scoring on 249 test series (accuracy + AOPCR) ...
    [mlflow] versioned model 'seanet_softmax__sea_mstcn_sep__sea_softmax_conjunctive' (id=m-fb6fb513db31493583e786ba13db835b) params={'model_size_mb': '1.4191', 'n_model_params': '43111', 'name': 'seanet_softmax'}
    [mlflow] logged run 'seanet_softmax_InsectEPGSmallTrain'  (train_acc=1.0000 test_acc=0.9438 test_loss=0.2164)
[113/129] InsectEPGSmallTrain          DONE  acc=0.9438 loss=0.2164 AOPCR=  2.368 NDCG=  n/a C=  3 T=  601 (10s)  [112 trained / 0 failed so far]
[114/129] MelbournePedestrian
    stage 1/3: loading data ...
    stage 2/3: training on 956 series (val=238, C=10, T=24, batch=8) ...
    stage 3/3: scoring on 2439 test series (accuracy + AOPCR) ...
    [mlflow] versioned model 'seanet_softmax__sea_mstcn_sep__sea_softmax_conjunctive' (id=m-35b8295cdcee425d9f1d7dc904b3f5dc) params={'model_size_mb': '1.421', 'n_model_params': '43629', 'name': 'seanet_softmax'}
    [mlflow] logged run 'seanet_softmax_MelbournePedestrian'  (train_acc=0.9958 val_acc=0.9244 test_acc=0.8905 test_loss=0.3676)
[114/129] MelbournePedestrian          DONE  acc=0.8905 loss=0.3676 AOPCR=  0.617 NDCG=  n/a C= 10 T=   24 (117s)  [113 trained / 0 failed so far]
[115/129] MixedShapesRegularTrain
    stage 1/3: loading data ...
    stage 2/3: training on 400 series (val=100, C=5, T=1024, batch=8) ...
    stage 3/3: scoring on 2425 test series (accuracy + AOPCR) ...
    [mlflow] versioned model 'seanet_softmax__sea_mstcn_sep__sea_softmax_conjunctive' (id=m-6273924de4c646758603832dd29066f7) params={'model_size_mb': '1.4196', 'n_model_params': '43259', 'name': 'seanet_softmax'}
    [mlflow] logged run 'seanet_softmax_MixedShapesRegularTrain'  (train_acc=0.9900 val_acc=0.9700 test_acc=0.9538 test_loss=0.1617)
[115/129] MixedShapesRegularTrain      DONE  acc=0.9538 loss=0.1617 AOPCR=  1.768 NDCG=  n/a C=  5 T= 1024 (21s)  [114 trained / 0 failed so far]
[116/129] MixedShapesSmallTrain
    stage 1/3: loading data ...
    stage 2/3: training on 80 series (val=20, C=5, T=1024, batch=8) ...
    stage 3/3: scoring on 2425 test series (accuracy + AOPCR) ...
    [mlflow] versioned model 'seanet_softmax__sea_mstcn_sep__sea_softmax_conjunctive' (id=m-6e4672ece3754831858fe02531477e92) params={'model_size_mb': '1.4196', 'n_model_params': '43259', 'name': 'seanet_softmax'}
    [mlflow] logged run 'seanet_softmax_MixedShapesSmallTrain'  (train_acc=1.0000 val_acc=0.9500 test_acc=0.8573 test_loss=0.4394)
[116/129] MixedShapesSmallTrain        DONE  acc=0.8573 loss=0.4394 AOPCR=  3.139 NDCG=  n/a C=  5 T= 1024 (7s)  [115 trained / 0 failed so far]
[117/129] PLAID
    stage 1/3: loading data ...
    stage 2/3: training on 436 series (val=101, C=11, T=1344, batch=8) ...
    stage 3/3: scoring on 537 test series (accuracy + AOPCR) ...
    [mlflow] versioned model 'seanet_softmax__sea_mstcn_sep__sea_softmax_conjunctive' (id=m-8ff9acb345644f3fbd4e3d5c3fcdbd3b) params={'model_size_mb': '1.4213', 'n_model_params': '43703', 'name': 'seanet_softmax'}
    [mlflow] logged run 'seanet_softmax_PLAID'  (train_acc=0.9220 val_acc=0.8812 test_acc=0.8696 test_loss=0.4270)
[117/129] PLAID                        DONE  acc=0.8696 loss=0.4270 AOPCR=  2.684 NDCG=  n/a C= 11 T= 1344 (32s)  [116 trained / 0 failed so far]
[118/129] PickupGestureWiimoteZ
    stage 1/3: loading data ...
    stage 2/3: training on 50 series (no val (train-loss early stop), C=10, T=361, batch=5) ...
    stage 3/3: scoring on 50 test series (accuracy + AOPCR) ...
    [mlflow] versioned model 'seanet_softmax__sea_mstcn_sep__sea_softmax_conjunctive' (id=m-76d8c8361aa94c579046d4eab7ae94be) params={'model_size_mb': '1.421', 'n_model_params': '43629', 'name': 'seanet_softmax'}
    [mlflow] logged run 'seanet_softmax_PickupGestureWiimoteZ'  (train_acc=1.0000 test_acc=0.7600 test_loss=0.7972)
[118/129] PickupGestureWiimoteZ        DONE  acc=0.7600 loss=0.7972 AOPCR=  2.207 NDCG=  n/a C= 10 T=  361 (13s)  [117 trained / 0 failed so far]
[119/129] PigAirwayPressure
    stage 1/3: loading data ...
    stage 2/3: training on 52 series (val=52, C=52, T=2000, batch=5) ...
    stage 3/3: scoring on 208 test series (accuracy + AOPCR) ...
    [mlflow] versioned model 'seanet_softmax__sea_mstcn_sep__sea_softmax_conjunctive' (id=m-46ef07d7a65d4808b9c76289e2d85046) params={'model_size_mb': '1.433', 'n_model_params': '46737', 'name': 'seanet_softmax'}
    [mlflow] logged run 'seanet_softmax_PigAirwayPressure'  (train_acc=0.0385 val_acc=0.0385 test_acc=0.0385 test_loss=3.8601)
[119/129] PigAirwayPressure            DONE  acc=0.0385 loss=3.8601 AOPCR=  0.294 NDCG=  n/a C= 52 T= 2000 (4s)  [118 trained / 0 failed so far]
[120/129] PigArtPressure
    stage 1/3: loading data ...
    stage 2/3: training on 52 series (val=52, C=52, T=2000, batch=5) ...
    stage 3/3: scoring on 208 test series (accuracy + AOPCR) ...
    [mlflow] versioned model 'seanet_softmax__sea_mstcn_sep__sea_softmax_conjunctive' (id=m-f25c38ac2a214bb48efd9761326689de) params={'model_size_mb': '1.433', 'n_model_params': '46737', 'name': 'seanet_softmax'}
    [mlflow] logged run 'seanet_softmax_PigArtPressure'  (train_acc=0.9808 val_acc=0.6923 test_acc=0.8125 test_loss=0.6705)
[120/129] PigArtPressure               DONE  acc=0.8125 loss=0.6705 AOPCR=  2.312 NDCG=  n/a C= 52 T= 2000 (9s)  [119 trained / 0 failed so far]
[121/129] PigCVP
    stage 1/3: loading data ...
    stage 2/3: training on 52 series (val=52, C=52, T=2000, batch=5) ...
    stage 3/3: scoring on 208 test series (accuracy + AOPCR) ...
    [mlflow] versioned model 'seanet_softmax__sea_mstcn_sep__sea_softmax_conjunctive' (id=m-9d87ae2c9f2848b8a10c397ea48098b6) params={'model_size_mb': '1.433', 'n_model_params': '46737', 'name': 'seanet_softmax'}
    [mlflow] logged run 'seanet_softmax_PigCVP'  (train_acc=0.7308 val_acc=0.4231 test_acc=0.4471 test_loss=2.8905)
[121/129] PigCVP                       DONE  acc=0.4471 loss=2.8905 AOPCR=  2.409 NDCG=  n/a C= 52 T= 2000 (6s)  [120 trained / 0 failed so far]
[122/129] PowerCons
    stage 1/3: loading data ...
    stage 2/3: training on 144 series (val=36, C=2, T=144, batch=8) ...
    stage 3/3: scoring on 180 test series (accuracy + AOPCR) ...
    [mlflow] versioned model 'seanet_softmax__sea_mstcn_sep__sea_softmax_conjunctive' (id=m-a032c2f6a8a9411d8a8388321102fba9) params={'model_size_mb': '1.4189', 'n_model_params': '43037', 'name': 'seanet_softmax'}
    [mlflow] logged run 'seanet_softmax_PowerCons'  (train_acc=1.0000 val_acc=1.0000 test_acc=0.9500 test_loss=0.1334)
[122/129] PowerCons                    DONE  acc=0.9500 loss=0.1334 AOPCR=  0.534 NDCG=  n/a C=  2 T=  144 (9s)  [121 trained / 0 failed so far]
[123/129] Rock
    stage 1/3: loading data ...
    stage 2/3: training on 20 series (no val (train-loss early stop), C=4, T=2844, batch=2) ...
    stage 3/3: scoring on 50 test series (accuracy + AOPCR) ...
    [mlflow] versioned model 'seanet_softmax__sea_mstcn_sep__sea_softmax_conjunctive' (id=m-867e807a3d314d7697d772397e471eea) params={'model_size_mb': '1.4194', 'n_model_params': '43185', 'name': 'seanet_softmax'}
    [mlflow] logged run 'seanet_softmax_Rock'  (train_acc=1.0000 test_acc=0.6400 test_loss=2.1186)
[123/129] Rock                         DONE  acc=0.6400 loss=2.1186 AOPCR=  0.992 NDCG=  n/a C=  4 T= 2844 (10s)  [122 trained / 0 failed so far]
[124/129] SemgHandGenderCh2
    stage 1/3: loading data ...
    stage 2/3: training on 240 series (val=60, C=2, T=1500, batch=8) ...
    stage 3/3: scoring on 600 test series (accuracy + AOPCR) ...
    [mlflow] versioned model 'seanet_softmax__sea_mstcn_sep__sea_softmax_conjunctive' (id=m-2c2f1d77e5cc4793bc7e60dbd4e0d59c) params={'model_size_mb': '1.4189', 'n_model_params': '43037', 'name': 'seanet_softmax'}
    [mlflow] logged run 'seanet_softmax_SemgHandGenderCh2'  (train_acc=0.9917 val_acc=0.9167 test_acc=0.9250 test_loss=0.1902)
[124/129] SemgHandGenderCh2            DONE  acc=0.9250 loss=0.1902 AOPCR=  2.825 NDCG=  n/a C=  2 T= 1500 (14s)  [123 trained / 0 failed so far]
[125/129] SemgHandMovementCh2
    stage 1/3: loading data ...
    stage 2/3: training on 360 series (val=90, C=6, T=1500, batch=8) ...
    stage 3/3: scoring on 450 test series (accuracy + AOPCR) ...
    [mlflow] versioned model 'seanet_softmax__sea_mstcn_sep__sea_softmax_conjunctive' (id=m-eb3d2776165d4c659aaffab91fa9ea18) params={'model_size_mb': '1.4199', 'n_model_params': '43333', 'name': 'seanet_softmax'}
    [mlflow] logged run 'seanet_softmax_SemgHandMovementCh2'  (train_acc=0.7944 val_acc=0.5222 test_acc=0.4733 test_loss=1.3040)
[125/129] SemgHandMovementCh2          DONE  acc=0.4733 loss=1.3040 AOPCR=  1.672 NDCG=  n/a C=  6 T= 1500 (24s)  [124 trained / 0 failed so far]
[126/129] SemgHandSubjectCh2
    stage 1/3: loading data ...
    stage 2/3: training on 360 series (val=90, C=5, T=1500, batch=8) ...
    stage 3/3: scoring on 450 test series (accuracy + AOPCR) ...
    [mlflow] versioned model 'seanet_softmax__sea_mstcn_sep__sea_softmax_conjunctive' (id=m-26c8708ede504212afd81dc58b08e5ee) params={'model_size_mb': '1.4196', 'n_model_params': '43259', 'name': 'seanet_softmax'}
    [mlflow] logged run 'seanet_softmax_SemgHandSubjectCh2'  (train_acc=0.9694 val_acc=0.8889 test_acc=0.8489 test_loss=0.4069)
[126/129] SemgHandSubjectCh2           DONE  acc=0.8489 loss=0.4069 AOPCR=  3.960 NDCG=  n/a C=  5 T= 1500 (21s)  [125 trained / 0 failed so far]
[127/129] ShakeGestureWiimoteZ
    stage 1/3: loading data ...
    stage 2/3: training on 50 series (no val (train-loss early stop), C=10, T=385, batch=5) ...
    stage 3/3: scoring on 50 test series (accuracy + AOPCR) ...
    [mlflow] versioned model 'seanet_softmax__sea_mstcn_sep__sea_softmax_conjunctive' (id=m-89b88b109b984cc5999d2e8f0747892f) params={'model_size_mb': '1.421', 'n_model_params': '43629', 'name': 'seanet_softmax'}
    [mlflow] logged run 'seanet_softmax_ShakeGestureWiimoteZ'  (train_acc=1.0000 test_acc=0.8200 test_loss=0.6521)
[127/129] ShakeGestureWiimoteZ         DONE  acc=0.8200 loss=0.6521 AOPCR=  2.172 NDCG=  n/a C= 10 T=  385 (11s)  [126 trained / 0 failed so far]
[128/129] SmoothSubspace
    stage 1/3: loading data ...
    stage 2/3: training on 120 series (val=30, C=3, T=15, batch=8) ...
    stage 3/3: scoring on 150 test series (accuracy + AOPCR) ...
    [mlflow] versioned model 'seanet_softmax__sea_mstcn_sep__sea_softmax_conjunctive' (id=m-794dc6e3e7fe4c8e8df0c722f7cedcfe) params={'model_size_mb': '1.4191', 'n_model_params': '43111', 'name': 'seanet_softmax'}
    [mlflow] logged run 'seanet_softmax_SmoothSubspace'  (train_acc=1.0000 val_acc=0.9667 test_acc=0.9667 test_loss=0.0851)
[128/129] SmoothSubspace               DONE  acc=0.9667 loss=0.0851 AOPCR=  0.459 NDCG=  n/a C=  3 T=   15 (8s)  [127 trained / 0 failed so far]
[129/129] UMD
    stage 1/3: loading data ...
    stage 2/3: training on 36 series (no val (train-loss early stop), C=3, T=150, batch=3) ...
    stage 3/3: scoring on 144 test series (accuracy + AOPCR) ...
    [mlflow] versioned model 'seanet_softmax__sea_mstcn_sep__sea_softmax_conjunctive' (id=m-ce781e930fed4ca88c2ed8c7dee59f55) params={'model_size_mb': '1.4191', 'n_model_params': '43111', 'name': 'seanet_softmax'}
    [mlflow] logged run 'seanet_softmax_UMD'  (train_acc=1.0000 test_acc=1.0000 test_loss=0.0217)
[129/129] UMD                          DONE  acc=1.0000 loss=0.0217 AOPCR=  0.603 NDCG=  n/a C=  3 T=  150 (18s)  [128 trained / 0 failed so far]

Done: 128 trained, 1 skipped, 0 failed.
Results -> results/SEA_NET/seanet_softmax__sea_mstcn_sep__sea_softmax_conjunctive/results.csv

=== seanet_softmax__sea_mstcn_sep__sea_softmax_conjunctive vs MILLET ConjunctiveInceptionTime (mean of 5 reps) ===
  UCR datasets evaluated: 128  (with MILLET baseline: 85, without: 43)
  metric        ours    MILLET   win/tie/loss   (mean over the 85 datasets MILLET published)
  acc         0.8131    0.8445       17/13/55   
  loss        0.5436    1.2241        60/7/18   (lower is better)
  aopcr       1.2467    4.5532         4/0/81   
  wrote results/SEA_NET/seanet_softmax__sea_mstcn_sep__sea_softmax_conjunctive/comparison_vs_millet.csv

Next: `python main.py report` to draw the figures for seanet_softmax__sea_mstcn_sep__sea_softmax_conjunctive.

[log] finished; full output saved to results/SEA_NET/seanet_softmax__sea_mstcn_sep__sea_softmax_conjunctive/logs/train_2026-07-28_18-40-43.log
