[log] command 'train' started at 2026-07-23_17-50-58 for model 'seanet_gated_max_topk__mstcn_sep_gated_topk_conjunctive'
[log] a copy of everything below is being saved to: results/SEA_NET/seanet_gated_max_topk__mstcn_sep_gated_topk_conjunctive/logs/train_2026-07-23_17-50-58.log

=== train: model=seanet_gated_max_topk__mstcn_sep_gated_topk_conjunctive (config sv4/seanet_gated_max_topk) device=cuda mode=full datasets=129 ===
[params] using DEFAULT recipe (no Optuna record yet - run 'python main.py optuna --model sv4/seanet_gated_max_topk').
  results  -> results/SEA_NET/seanet_gated_max_topk__mstcn_sep_gated_topk_conjunctive/results.csv
  resume   -> results/SEA_NET/seanet_gated_max_topk__mstcn_sep_gated_topk_conjunctive/done_train_dataset.txt  (delete it to retrain everything; delete one line to retrain that dataset)

  [mlflow] logging runs to experiment 'SEA-Net_seanet_gated_max_topk__mstcn_sep_gated_topk_conjunctive_2026-07-23' at sqlite:///mlflow.db
  [mlflow] browse later with:  mlflow ui --backend-store-uri sqlite:///mlflow.db
[  1/129] WebTraffic                   already done -> skip
[  2/129] Adiac
    stage 1/3: loading data ...
    stage 2/3: training on 328 series (val=62, C=37, T=176, batch=16) ...
    stage 3/3: scoring on 391 test series (accuracy + AOPCR) ...
    [mlflow] versioned model 'seanet_gated_max_topk__mstcn_sep_gated_topk_conjunctive' (id=m-fb9efc7bdaaa437ea41af9ad1a6301b2) params={'model_size_mb': '1.5102', 'n_model_params': '63738', 'name': 'seanet_gated_max_topk'}
    [mlflow] logged run 'seanet_gated_max_topk_Adiac'  (train_acc=0.9512 val_acc=0.7903 test_acc=0.7903 test_loss=0.8048)
[  2/129] Adiac                        DONE  acc=0.7903 loss=0.8048 AOPCR= -0.970 NDCG=  n/a C= 37 T=  176 (54s)  [1 trained / 0 failed so far]
[  3/129] ArrowHead
    stage 1/3: loading data ...
    stage 2/3: training on 36 series (no val (train-loss early stop), C=3, T=251, batch=3) ...
    stage 3/3: scoring on 175 test series (accuracy + AOPCR) ...
    [mlflow] versioned model 'seanet_gated_max_topk__mstcn_sep_gated_topk_conjunctive' (id=m-ed41d4803c274883a821b703d7593c05) params={'model_size_mb': '1.5006', 'n_model_params': '61222', 'name': 'seanet_gated_max_topk'}
    [mlflow] logged run 'seanet_gated_max_topk_ArrowHead'  (train_acc=1.0000 test_acc=0.8571 test_loss=0.4441)
[  3/129] ArrowHead                    DONE  acc=0.8571 loss=0.4441 AOPCR=  0.714 NDCG=  n/a C=  3 T=  251 (43s)  [2 trained / 0 failed so far]
[  4/129] Beef
    stage 1/3: loading data ...
    stage 2/3: training on 30 series (no val (train-loss early stop), C=5, T=470, batch=3) ...
    stage 3/3: scoring on 30 test series (accuracy + AOPCR) ...
    [mlflow] versioned model 'seanet_gated_max_topk__mstcn_sep_gated_topk_conjunctive' (id=m-51c2af7779f6450095212a14817a7fbf) params={'model_size_mb': '1.5011', 'n_model_params': '61370', 'name': 'seanet_gated_max_topk'}
    [mlflow] logged run 'seanet_gated_max_topk_Beef'  (train_acc=1.0000 test_acc=0.8333 test_loss=0.4775)
[  4/129] Beef                         DONE  acc=0.8333 loss=0.4775 AOPCR=  1.677 NDCG=  n/a C=  5 T=  470 (43s)  [3 trained / 0 failed so far]
[  5/129] BeetleFly
    stage 1/3: loading data ...
    stage 2/3: training on 20 series (no val (train-loss early stop), C=2, T=512, batch=2) ...
    stage 3/3: scoring on 20 test series (accuracy + AOPCR) ...
    [mlflow] versioned model 'seanet_gated_max_topk__mstcn_sep_gated_topk_conjunctive' (id=m-b084435ecf1d467dac5a0ddc3adaf91e) params={'model_size_mb': '1.5003', 'n_model_params': '61148', 'name': 'seanet_gated_max_topk'}
    [mlflow] logged run 'seanet_gated_max_topk_BeetleFly'  (train_acc=1.0000 test_acc=0.8000 test_loss=0.3778)
[  5/129] BeetleFly                    DONE  acc=0.8000 loss=0.3778 AOPCR=  1.642 NDCG=  n/a C=  2 T=  512 (32s)  [4 trained / 0 failed so far]
[  6/129] BirdChicken
    stage 1/3: loading data ...
    stage 2/3: training on 20 series (no val (train-loss early stop), C=2, T=512, batch=2) ...
    stage 3/3: scoring on 20 test series (accuracy + AOPCR) ...
    [mlflow] versioned model 'seanet_gated_max_topk__mstcn_sep_gated_topk_conjunctive' (id=m-4b762859dcae48c091ed29fa2f4f3cbd) params={'model_size_mb': '1.5003', 'n_model_params': '61148', 'name': 'seanet_gated_max_topk'}
    [mlflow] logged run 'seanet_gated_max_topk_BirdChicken'  (train_acc=1.0000 test_acc=0.8500 test_loss=0.2765)
[  6/129] BirdChicken                  DONE  acc=0.8500 loss=0.2765 AOPCR=  3.522 NDCG=  n/a C=  2 T=  512 (16s)  [5 trained / 0 failed so far]
[  7/129] Car
    stage 1/3: loading data ...
    stage 2/3: training on 60 series (no val (train-loss early stop), C=4, T=577, batch=6) ...
    stage 3/3: scoring on 60 test series (accuracy + AOPCR) ...
    [mlflow] versioned model 'seanet_gated_max_topk__mstcn_sep_gated_topk_conjunctive' (id=m-ecbcff220d7347cbaaa17355a368274e) params={'model_size_mb': '1.5009', 'n_model_params': '61296', 'name': 'seanet_gated_max_topk'}
    [mlflow] logged run 'seanet_gated_max_topk_Car'  (train_acc=1.0000 test_acc=0.8667 test_loss=0.4052)
[  7/129] Car                          DONE  acc=0.8667 loss=0.4052 AOPCR=  1.055 NDCG=  n/a C=  4 T=  577 (53s)  [6 trained / 0 failed so far]
[  8/129] CBF
    stage 1/3: loading data ...
    stage 2/3: training on 30 series (no val (train-loss early stop), C=3, T=128, batch=3) ...
    stage 3/3: scoring on 900 test series (accuracy + AOPCR) ...
    [mlflow] versioned model 'seanet_gated_max_topk__mstcn_sep_gated_topk_conjunctive' (id=m-82c771034f4548a7ae231d95f10fc90c) params={'model_size_mb': '1.5006', 'n_model_params': '61222', 'name': 'seanet_gated_max_topk'}
    [mlflow] logged run 'seanet_gated_max_topk_CBF'  (train_acc=1.0000 test_acc=0.9744 test_loss=0.1270)
[  8/129] CBF                          DONE  acc=0.9744 loss=0.1270 AOPCR=  1.322 NDCG=  n/a C=  3 T=  128 (12s)  [7 trained / 0 failed so far]
[  9/129] ChlorineConcentration
    stage 1/3: loading data ...
    stage 2/3: training on 375 series (val=92, C=3, T=166, batch=16) ...
    stage 3/3: scoring on 3840 test series (accuracy + AOPCR) ...
    [mlflow] versioned model 'seanet_gated_max_topk__mstcn_sep_gated_topk_conjunctive' (id=m-e61ad7f9a9804d36a117ad0dd00c0c2d) params={'model_size_mb': '1.5006', 'n_model_params': '61222', 'name': 'seanet_gated_max_topk'}
    [mlflow] logged run 'seanet_gated_max_topk_ChlorineConcentration'  (train_acc=0.6747 val_acc=0.6304 test_acc=0.5878 test_loss=0.9002)
[  9/129] ChlorineConcentration        DONE  acc=0.5878 loss=0.9002 AOPCR=  0.473 NDCG=  n/a C=  3 T=  166 (48s)  [8 trained / 0 failed so far]
[ 10/129] CinCECGTorso
    stage 1/3: loading data ...
    stage 2/3: training on 40 series (no val (train-loss early stop), C=4, T=1639, batch=4) ...
    stage 3/3: scoring on 1380 test series (accuracy + AOPCR) ...
    [mlflow] versioned model 'seanet_gated_max_topk__mstcn_sep_gated_topk_conjunctive' (id=m-baeb74b29f334428a0f8e77d28ad7a53) params={'model_size_mb': '1.5009', 'n_model_params': '61296', 'name': 'seanet_gated_max_topk'}
    [mlflow] logged run 'seanet_gated_max_topk_CinCECGTorso'  (train_acc=1.0000 test_acc=0.6652 test_loss=0.9055)
[ 10/129] CinCECGTorso                 DONE  acc=0.6652 loss=0.9055 AOPCR=  2.750 NDCG=  n/a C=  4 T= 1639 (27s)  [9 trained / 0 failed so far]
[ 11/129] Coffee
    stage 1/3: loading data ...
    stage 2/3: training on 28 series (no val (train-loss early stop), C=2, T=286, batch=2) ...
    stage 3/3: scoring on 28 test series (accuracy + AOPCR) ...
    [mlflow] versioned model 'seanet_gated_max_topk__mstcn_sep_gated_topk_conjunctive' (id=m-1490b6457baa45a8be9f2c2db9af4a4a) params={'model_size_mb': '1.5003', 'n_model_params': '61148', 'name': 'seanet_gated_max_topk'}
    [mlflow] logged run 'seanet_gated_max_topk_Coffee'  (train_acc=1.0000 test_acc=1.0000 test_loss=0.0518)
[ 11/129] Coffee                       DONE  acc=1.0000 loss=0.0518 AOPCR=  0.869 NDCG=  n/a C=  2 T=  286 (39s)  [10 trained / 0 failed so far]
[ 12/129] Computers
    stage 1/3: loading data ...
    stage 2/3: training on 200 series (val=50, C=2, T=720, batch=16) ...
    stage 3/3: scoring on 250 test series (accuracy + AOPCR) ...
    [mlflow] versioned model 'seanet_gated_max_topk__mstcn_sep_gated_topk_conjunctive' (id=m-6d7f7231a32a48a4bcf72cd90d81c47c) params={'model_size_mb': '1.5003', 'n_model_params': '61148', 'name': 'seanet_gated_max_topk'}
    [mlflow] logged run 'seanet_gated_max_topk_Computers'  (train_acc=0.9050 val_acc=0.7400 test_acc=0.6880 test_loss=0.6043)
[ 12/129] Computers                    DONE  acc=0.6880 loss=0.6043 AOPCR=  0.378 NDCG=  n/a C=  2 T=  720 (14s)  [11 trained / 0 failed so far]
[ 13/129] CricketX
    stage 1/3: loading data ...
    stage 2/3: training on 317 series (val=73, C=12, T=300, batch=16) ...
    stage 3/3: scoring on 390 test series (accuracy + AOPCR) ...
    [mlflow] versioned model 'seanet_gated_max_topk__mstcn_sep_gated_topk_conjunctive' (id=m-9d795621bbb545c3be326c6a302af289) params={'model_size_mb': '1.5031', 'n_model_params': '61888', 'name': 'seanet_gated_max_topk'}
    [mlflow] logged run 'seanet_gated_max_topk_CricketX'  (train_acc=1.0000 val_acc=0.8767 test_acc=0.8410 test_loss=0.6208)
[ 13/129] CricketX                     DONE  acc=0.8410 loss=0.6208 AOPCR=  1.441 NDCG=  n/a C= 12 T=  300 (46s)  [12 trained / 0 failed so far]
[ 14/129] CricketY
    stage 1/3: loading data ...
    stage 2/3: training on 317 series (val=73, C=12, T=300, batch=16) ...
    stage 3/3: scoring on 390 test series (accuracy + AOPCR) ...
    [mlflow] versioned model 'seanet_gated_max_topk__mstcn_sep_gated_topk_conjunctive' (id=m-582a29c50dd4408fa5d9f018b0bd31b2) params={'model_size_mb': '1.5031', 'n_model_params': '61888', 'name': 'seanet_gated_max_topk'}
    [mlflow] logged run 'seanet_gated_max_topk_CricketY'  (train_acc=1.0000 val_acc=0.8904 test_acc=0.8077 test_loss=0.7101)
[ 14/129] CricketY                     DONE  acc=0.8077 loss=0.7101 AOPCR=  1.538 NDCG=  n/a C= 12 T=  300 (67s)  [13 trained / 0 failed so far]
[ 15/129] CricketZ
    stage 1/3: loading data ...
    stage 2/3: training on 316 series (val=74, C=12, T=300, batch=16) ...
    stage 3/3: scoring on 390 test series (accuracy + AOPCR) ...
    [mlflow] versioned model 'seanet_gated_max_topk__mstcn_sep_gated_topk_conjunctive' (id=m-47a3bb16868e4ceba84d546e3e7b4b0e) params={'model_size_mb': '1.5031', 'n_model_params': '61888', 'name': 'seanet_gated_max_topk'}
    [mlflow] logged run 'seanet_gated_max_topk_CricketZ'  (train_acc=1.0000 val_acc=0.8649 test_acc=0.8205 test_loss=0.6123)
[ 15/129] CricketZ                     DONE  acc=0.8205 loss=0.6123 AOPCR=  1.185 NDCG=  n/a C= 12 T=  300 (58s)  [14 trained / 0 failed so far]
[ 16/129] DiatomSizeReduction
    stage 1/3: loading data ...
    stage 2/3: training on 16 series (no val (train-loss early stop), C=4, T=345, batch=2) ...
    stage 3/3: scoring on 306 test series (accuracy + AOPCR) ...
    [mlflow] versioned model 'seanet_gated_max_topk__mstcn_sep_gated_topk_conjunctive' (id=m-650e3b7bd67241bd8f361b393c59c81f) params={'model_size_mb': '1.5009', 'n_model_params': '61296', 'name': 'seanet_gated_max_topk'}
    [mlflow] logged run 'seanet_gated_max_topk_DiatomSizeReduction'  (train_acc=1.0000 test_acc=0.9379 test_loss=0.2299)
[ 16/129] DiatomSizeReduction          DONE  acc=0.9379 loss=0.2299 AOPCR= -1.546 NDCG=  n/a C=  4 T=  345 (29s)  [15 trained / 0 failed so far]
[ 17/129] DistalPhalanxOutlineAgeGroup
    stage 1/3: loading data ...
    stage 2/3: training on 321 series (val=79, C=3, T=80, batch=16) ...
    stage 3/3: scoring on 139 test series (accuracy + AOPCR) ...
    [mlflow] versioned model 'seanet_gated_max_topk__mstcn_sep_gated_topk_conjunctive' (id=m-bc15de8e5f734bdeace2049e2405c15a) params={'model_size_mb': '1.5006', 'n_model_params': '61222', 'name': 'seanet_gated_max_topk'}
    [mlflow] logged run 'seanet_gated_max_topk_DistalPhalanxOutlineAgeGroup'  (train_acc=0.8629 val_acc=0.8101 test_acc=0.7554 test_loss=0.5853)
[ 17/129] DistalPhalanxOutlineAgeGroup DONE  acc=0.7554 loss=0.5853 AOPCR=  0.164 NDCG=  n/a C=  3 T=   80 (25s)  [16 trained / 0 failed so far]
[ 18/129] DistalPhalanxOutlineCorrect
    stage 1/3: loading data ...
    stage 2/3: training on 481 series (val=119, C=2, T=80, batch=16) ...
    stage 3/3: scoring on 276 test series (accuracy + AOPCR) ...
    [mlflow] versioned model 'seanet_gated_max_topk__mstcn_sep_gated_topk_conjunctive' (id=m-6d3c045dbb854153bd528cca533dd8fa) params={'model_size_mb': '1.5003', 'n_model_params': '61148', 'name': 'seanet_gated_max_topk'}
    [mlflow] logged run 'seanet_gated_max_topk_DistalPhalanxOutlineCorrect'  (train_acc=0.9272 val_acc=0.8571 test_acc=0.8007 test_loss=0.4777)
[ 18/129] DistalPhalanxOutlineCorrect  DONE  acc=0.8007 loss=0.4777 AOPCR=  0.549 NDCG=  n/a C=  2 T=   80 (61s)  [17 trained / 0 failed so far]
[ 19/129] DistalPhalanxTW
    stage 1/3: loading data ...
    stage 2/3: training on 323 series (val=77, C=6, T=80, batch=16) ...
    stage 3/3: scoring on 139 test series (accuracy + AOPCR) ...
    [mlflow] versioned model 'seanet_gated_max_topk__mstcn_sep_gated_topk_conjunctive' (id=m-26258e4f6f2440749c1d3b814b715f12) params={'model_size_mb': '1.5014', 'n_model_params': '61444', 'name': 'seanet_gated_max_topk'}
    [mlflow] logged run 'seanet_gated_max_topk_DistalPhalanxTW'  (train_acc=0.8483 val_acc=0.8182 test_acc=0.6906 test_loss=0.7698)
[ 19/129] DistalPhalanxTW              DONE  acc=0.6906 loss=0.7698 AOPCR=  0.380 NDCG=  n/a C=  6 T=   80 (26s)  [18 trained / 0 failed so far]
[ 20/129] Earthquakes
    stage 1/3: loading data ...
    stage 2/3: training on 259 series (val=63, C=2, T=512, batch=16) ...
    stage 3/3: scoring on 139 test series (accuracy + AOPCR) ...
    [mlflow] versioned model 'seanet_gated_max_topk__mstcn_sep_gated_topk_conjunctive' (id=m-458e3d8f2f6f49a288c8207b2964b0d4) params={'model_size_mb': '1.5003', 'n_model_params': '61148', 'name': 'seanet_gated_max_topk'}
    [mlflow] logged run 'seanet_gated_max_topk_Earthquakes'  (train_acc=0.8185 val_acc=0.8254 test_acc=0.7482 test_loss=0.5222)
[ 20/129] Earthquakes                  DONE  acc=0.7482 loss=0.5222 AOPCR= -0.069 NDCG=  n/a C=  2 T=  512 (14s)  [19 trained / 0 failed so far]
[ 21/129] ECG200
    stage 1/3: loading data ...
    stage 2/3: training on 81 series (val=19, C=2, T=96, batch=8) ...
    stage 3/3: scoring on 100 test series (accuracy + AOPCR) ...
    [mlflow] versioned model 'seanet_gated_max_topk__mstcn_sep_gated_topk_conjunctive' (id=m-4e0146f4c1a04eff8176afee21c6ee79) params={'model_size_mb': '1.5003', 'n_model_params': '61148', 'name': 'seanet_gated_max_topk'}
    [mlflow] logged run 'seanet_gated_max_topk_ECG200'  (train_acc=1.0000 val_acc=1.0000 test_acc=0.8500 test_loss=0.3154)
[ 21/129] ECG200                       DONE  acc=0.8500 loss=0.3154 AOPCR=  0.467 NDCG=  n/a C=  2 T=   96 (31s)  [20 trained / 0 failed so far]
[ 22/129] ECG5000
    stage 1/3: loading data ...
    stage 2/3: training on 401 series (val=99, C=5, T=140, batch=16) ...
    stage 3/3: scoring on 4500 test series (accuracy + AOPCR) ...
    [mlflow] versioned model 'seanet_gated_max_topk__mstcn_sep_gated_topk_conjunctive' (id=m-9eaa9c4d96f8427580dd8cd13df2048c) params={'model_size_mb': '1.5011', 'n_model_params': '61370', 'name': 'seanet_gated_max_topk'}
    [mlflow] logged run 'seanet_gated_max_topk_ECG5000'  (train_acc=1.0000 val_acc=0.9596 test_acc=0.9411 test_loss=0.2687)
[ 22/129] ECG5000                      DONE  acc=0.9411 loss=0.2687 AOPCR=  1.226 NDCG=  n/a C=  5 T=  140 (87s)  [21 trained / 0 failed so far]
[ 23/129] ECGFiveDays
    stage 1/3: loading data ...
    stage 2/3: training on 23 series (no val (train-loss early stop), C=2, T=136, batch=2) ...
    stage 3/3: scoring on 861 test series (accuracy + AOPCR) ...
    [mlflow] versioned model 'seanet_gated_max_topk__mstcn_sep_gated_topk_conjunctive' (id=m-fd85757e7d394b5184ae799b65587d9f) params={'model_size_mb': '1.5003', 'n_model_params': '61148', 'name': 'seanet_gated_max_topk'}
    [mlflow] logged run 'seanet_gated_max_topk_ECGFiveDays'  (train_acc=1.0000 test_acc=1.0000 test_loss=0.0608)
[ 23/129] ECGFiveDays                  DONE  acc=1.0000 loss=0.0608 AOPCR= -0.614 NDCG=  n/a C=  2 T=  136 (35s)  [22 trained / 0 failed so far]
[ 24/129] ElectricDevices
    stage 1/3: loading data ...
    stage 2/3: training on 7144 series (val=1782, C=7, T=96, batch=16) ...
    stage 3/3: scoring on 7711 test series (accuracy + AOPCR) ...
    [mlflow] versioned model 'seanet_gated_max_topk__mstcn_sep_gated_topk_conjunctive' (id=m-ff207a89bde44efaa109f2b547154602) params={'model_size_mb': '1.5017', 'n_model_params': '61518', 'name': 'seanet_gated_max_topk'}
    [mlflow] logged run 'seanet_gated_max_topk_ElectricDevices'  (train_acc=0.9548 val_acc=0.9147 test_acc=0.7179 test_loss=1.0404)
[ 24/129] ElectricDevices              DONE  acc=0.7179 loss=1.0404 AOPCR=  0.538 NDCG=  n/a C=  7 T=   96 (1109s)  [23 trained / 0 failed so far]
[ 25/129] FaceAll
    stage 1/3: loading data ...
    stage 2/3: training on 448 series (val=112, C=14, T=131, batch=16) ...
    stage 3/3: scoring on 1690 test series (accuracy + AOPCR) ...
    [mlflow] versioned model 'seanet_gated_max_topk__mstcn_sep_gated_topk_conjunctive' (id=m-6282359255604b74ada1405375840a60) params={'model_size_mb': '1.5036', 'n_model_params': '62036', 'name': 'seanet_gated_max_topk'}
    [mlflow] logged run 'seanet_gated_max_topk_FaceAll'  (train_acc=1.0000 val_acc=0.9821 test_acc=0.8249 test_loss=0.7942)
[ 25/129] FaceAll                      DONE  acc=0.8249 loss=0.7942 AOPCR=  0.772 NDCG=  n/a C= 14 T=  131 (103s)  [24 trained / 0 failed so far]
[ 26/129] FaceFour
    stage 1/3: loading data ...
    stage 2/3: training on 24 series (no val (train-loss early stop), C=4, T=350, batch=2) ...
    stage 3/3: scoring on 88 test series (accuracy + AOPCR) ...
    [mlflow] versioned model 'seanet_gated_max_topk__mstcn_sep_gated_topk_conjunctive' (id=m-0be9fb414bcb48d0ba45a7f79dcdc32b) params={'model_size_mb': '1.5009', 'n_model_params': '61296', 'name': 'seanet_gated_max_topk'}
    [mlflow] logged run 'seanet_gated_max_topk_FaceFour'  (train_acc=1.0000 test_acc=0.9091 test_loss=0.2839)
[ 26/129] FaceFour                     DONE  acc=0.9091 loss=0.2839 AOPCR=  0.555 NDCG=  n/a C=  4 T=  350 (44s)  [25 trained / 0 failed so far]
[ 27/129] FacesUCR
    stage 1/3: loading data ...
    stage 2/3: training on 165 series (val=35, C=14, T=131, batch=16) ...
    stage 3/3: scoring on 2050 test series (accuracy + AOPCR) ...
    [mlflow] versioned model 'seanet_gated_max_topk__mstcn_sep_gated_topk_conjunctive' (id=m-908578b24e58475187ebd65e80334378) params={'model_size_mb': '1.5036', 'n_model_params': '62036', 'name': 'seanet_gated_max_topk'}
    [mlflow] logged run 'seanet_gated_max_topk_FacesUCR'  (train_acc=1.0000 val_acc=1.0000 test_acc=0.9566 test_loss=0.2417)
[ 27/129] FacesUCR                     DONE  acc=0.9566 loss=0.2417 AOPCR=  0.944 NDCG=  n/a C= 14 T=  131 (54s)  [26 trained / 0 failed so far]
[ 28/129] FiftyWords
    stage 1/3: loading data ...
    stage 2/3: training on 365 series (val=85, C=50, T=270, batch=16) ...
    stage 3/3: scoring on 455 test series (accuracy + AOPCR) ...
    [mlflow] versioned model 'seanet_gated_max_topk__mstcn_sep_gated_topk_conjunctive' (id=m-f9b72ad265894503b87950913252fceb) params={'model_size_mb': '1.5139', 'n_model_params': '64700', 'name': 'seanet_gated_max_topk'}
    [mlflow] logged run 'seanet_gated_max_topk_FiftyWords'  (train_acc=1.0000 val_acc=0.8000 test_acc=0.8088 test_loss=0.8578)
[ 28/129] FiftyWords                   DONE  acc=0.8088 loss=0.8578 AOPCR=  1.840 NDCG=  n/a C= 50 T=  270 (107s)  [27 trained / 0 failed so far]
[ 29/129] Fish
    stage 1/3: loading data ...
    stage 2/3: training on 142 series (val=33, C=7, T=463, batch=14) ...
    stage 3/3: scoring on 175 test series (accuracy + AOPCR) ...
    [mlflow] versioned model 'seanet_gated_max_topk__mstcn_sep_gated_topk_conjunctive' (id=m-b61ecb4e8eaa466ba6aa52cd365e8cfa) params={'model_size_mb': '1.5017', 'n_model_params': '61518', 'name': 'seanet_gated_max_topk'}
    [mlflow] logged run 'seanet_gated_max_topk_Fish'  (train_acc=1.0000 val_acc=0.9697 test_acc=0.9771 test_loss=0.1461)
[ 29/129] Fish                         DONE  acc=0.9771 loss=0.1461 AOPCR= -0.357 NDCG=  n/a C=  7 T=  463 (59s)  [28 trained / 0 failed so far]
[ 30/129] FordA
    stage 1/3: loading data ...
    stage 2/3: training on 2881 series (val=720, C=2, T=500, batch=16) ...
    stage 3/3: scoring on 1320 test series (accuracy + AOPCR) ...
    [mlflow] versioned model 'seanet_gated_max_topk__mstcn_sep_gated_topk_conjunctive' (id=m-8aede2af5bba4316acebde0ebd6600b9) params={'model_size_mb': '1.5003', 'n_model_params': '61148', 'name': 'seanet_gated_max_topk'}
    [mlflow] logged run 'seanet_gated_max_topk_FordA'  (train_acc=0.9962 val_acc=0.9667 test_acc=0.9636 test_loss=0.1451)
[ 30/129] FordA                        DONE  acc=0.9636 loss=0.1451 AOPCR=  1.026 NDCG=  n/a C=  2 T=  500 (206s)  [29 trained / 0 failed so far]
[ 31/129] FordB
    stage 1/3: loading data ...
    stage 2/3: training on 2909 series (val=727, C=2, T=500, batch=16) ...
    stage 3/3: scoring on 810 test series (accuracy + AOPCR) ...
    [mlflow] versioned model 'seanet_gated_max_topk__mstcn_sep_gated_topk_conjunctive' (id=m-36afd5bb2ff246e88cb6b9bd0cc3f5be) params={'model_size_mb': '1.5003', 'n_model_params': '61148', 'name': 'seanet_gated_max_topk'}
    [mlflow] logged run 'seanet_gated_max_topk_FordB'  (train_acc=1.0000 val_acc=0.9629 test_acc=0.8333 test_loss=0.3965)
[ 31/129] FordB                        DONE  acc=0.8333 loss=0.3965 AOPCR=  0.053 NDCG=  n/a C=  2 T=  500 (250s)  [30 trained / 0 failed so far]
[ 32/129] GunPoint
    stage 1/3: loading data ...
    stage 2/3: training on 50 series (no val (train-loss early stop), C=2, T=150, batch=5) ...
    stage 3/3: scoring on 150 test series (accuracy + AOPCR) ...
    [mlflow] versioned model 'seanet_gated_max_topk__mstcn_sep_gated_topk_conjunctive' (id=m-7a4b21ecf79d4b3da216586277a88ecf) params={'model_size_mb': '1.5003', 'n_model_params': '61148', 'name': 'seanet_gated_max_topk'}
    [mlflow] logged run 'seanet_gated_max_topk_GunPoint'  (train_acc=1.0000 test_acc=0.9933 test_loss=0.0820)
[ 32/129] GunPoint                     DONE  acc=0.9933 loss=0.0820 AOPCR=  0.961 NDCG=  n/a C=  2 T=  150 (38s)  [31 trained / 0 failed so far]
[ 33/129] Ham
    stage 1/3: loading data ...
    stage 2/3: training on 88 series (val=21, C=2, T=431, batch=8) ...
    stage 3/3: scoring on 105 test series (accuracy + AOPCR) ...
    [mlflow] versioned model 'seanet_gated_max_topk__mstcn_sep_gated_topk_conjunctive' (id=m-98f6db7513c64d5fb57fddd591542ebb) params={'model_size_mb': '1.5003', 'n_model_params': '61148', 'name': 'seanet_gated_max_topk'}
    [mlflow] logged run 'seanet_gated_max_topk_Ham'  (train_acc=1.0000 val_acc=0.9524 test_acc=0.7619 test_loss=0.5495)
[ 33/129] Ham                          DONE  acc=0.7619 loss=0.5495 AOPCR=  1.127 NDCG=  n/a C=  2 T=  431 (19s)  [32 trained / 0 failed so far]
[ 34/129] HandOutlines
    stage 1/3: loading data ...
    stage 2/3: training on 801 series (val=199, C=2, T=2709, batch=16) ...
    stage 3/3: scoring on 370 test series (accuracy + AOPCR) ...
    [mlflow] versioned model 'seanet_gated_max_topk__mstcn_sep_gated_topk_conjunctive' (id=m-9553ab0a89214e32a94712665b54e118) params={'model_size_mb': '1.5003', 'n_model_params': '61148', 'name': 'seanet_gated_max_topk'}
    [mlflow] logged run 'seanet_gated_max_topk_HandOutlines'  (train_acc=0.9900 val_acc=0.9045 test_acc=0.9514 test_loss=0.1932)
[ 34/129] HandOutlines                 DONE  acc=0.9514 loss=0.1932 AOPCR=  0.708 NDCG=  n/a C=  2 T= 2709 (221s)  [33 trained / 0 failed so far]
[ 35/129] Haptics
    stage 1/3: loading data ...
    stage 2/3: training on 127 series (val=28, C=5, T=1092, batch=12) ...
    stage 3/3: scoring on 308 test series (accuracy + AOPCR) ...
    [mlflow] versioned model 'seanet_gated_max_topk__mstcn_sep_gated_topk_conjunctive' (id=m-3510768b1bf8478fb13f6587075557c5) params={'model_size_mb': '1.5011', 'n_model_params': '61370', 'name': 'seanet_gated_max_topk'}
    [mlflow] logged run 'seanet_gated_max_topk_Haptics'  (train_acc=0.8504 val_acc=0.6071 test_acc=0.4610 test_loss=1.4830)
[ 35/129] Haptics                      DONE  acc=0.4610 loss=1.4830 AOPCR=  2.602 NDCG=  n/a C=  5 T= 1092 (13s)  [34 trained / 0 failed so far]
[ 36/129] Herring
    stage 1/3: loading data ...
    stage 2/3: training on 64 series (no val (train-loss early stop), C=2, T=512, batch=6) ...
    stage 3/3: scoring on 64 test series (accuracy + AOPCR) ...
    [mlflow] versioned model 'seanet_gated_max_topk__mstcn_sep_gated_topk_conjunctive' (id=m-c1f169cc27e24db386db1f5f20017b9a) params={'model_size_mb': '1.5003', 'n_model_params': '61148', 'name': 'seanet_gated_max_topk'}
    [mlflow] logged run 'seanet_gated_max_topk_Herring'  (train_acc=1.0000 test_acc=0.6250 test_loss=1.1225)
[ 36/129] Herring                      DONE  acc=0.6250 loss=1.1225 AOPCR=  1.753 NDCG=  n/a C=  2 T=  512 (36s)  [35 trained / 0 failed so far]
[ 37/129] InlineSkate
    stage 1/3: loading data ...
    stage 2/3: training on 84 series (val=16, C=7, T=1882, batch=8) ...
    stage 3/3: scoring on 550 test series (accuracy + AOPCR) ...
    [mlflow] versioned model 'seanet_gated_max_topk__mstcn_sep_gated_topk_conjunctive' (id=m-9791be8c34b046d4b91237507c3f9ee5) params={'model_size_mb': '1.5017', 'n_model_params': '61518', 'name': 'seanet_gated_max_topk'}
    [mlflow] logged run 'seanet_gated_max_topk_InlineSkate'  (train_acc=0.2500 val_acc=0.1250 test_acc=0.2055 test_loss=1.9506)
[ 37/129] InlineSkate                  DONE  acc=0.2055 loss=1.9506 AOPCR=  1.012 NDCG=  n/a C=  7 T= 1882 (9s)  [36 trained / 0 failed so far]
[ 38/129] InsectWingbeatSound
    stage 1/3: loading data ...
    stage 2/3: training on 176 series (val=44, C=11, T=256, batch=16) ...
    stage 3/3: scoring on 1980 test series (accuracy + AOPCR) ...
    [mlflow] versioned model 'seanet_gated_max_topk__mstcn_sep_gated_topk_conjunctive' (id=m-4628abda330c4ef7b1232498104018b1) params={'model_size_mb': '1.5028', 'n_model_params': '61814', 'name': 'seanet_gated_max_topk'}
    [mlflow] logged run 'seanet_gated_max_topk_InsectWingbeatSound'  (train_acc=0.7443 val_acc=0.5455 test_acc=0.5924 test_loss=1.0478)
[ 38/129] InsectWingbeatSound          DONE  acc=0.5924 loss=1.0478 AOPCR=  1.309 NDCG=  n/a C= 11 T=  256 (11s)  [37 trained / 0 failed so far]
[ 39/129] ItalyPowerDemand
    stage 1/3: loading data ...
    stage 2/3: training on 67 series (no val (train-loss early stop), C=2, T=24, batch=6) ...
    stage 3/3: scoring on 1029 test series (accuracy + AOPCR) ...
    [mlflow] versioned model 'seanet_gated_max_topk__mstcn_sep_gated_topk_conjunctive' (id=m-78930b8492fd41948143c3f324d93273) params={'model_size_mb': '1.5003', 'n_model_params': '61148', 'name': 'seanet_gated_max_topk'}
    [mlflow] logged run 'seanet_gated_max_topk_ItalyPowerDemand'  (train_acc=1.0000 test_acc=0.9670 test_loss=0.1419)
[ 39/129] ItalyPowerDemand             DONE  acc=0.9670 loss=0.1419 AOPCR=  1.036 NDCG=  n/a C=  2 T=   24 (59s)  [38 trained / 0 failed so far]
[ 40/129] LargeKitchenAppliances
    stage 1/3: loading data ...
    stage 2/3: training on 300 series (val=75, C=3, T=720, batch=16) ...
    stage 3/3: scoring on 375 test series (accuracy + AOPCR) ...
    [mlflow] versioned model 'seanet_gated_max_topk__mstcn_sep_gated_topk_conjunctive' (id=m-f69b2a55257d420f9047df229e210443) params={'model_size_mb': '1.5006', 'n_model_params': '61222', 'name': 'seanet_gated_max_topk'}
    [mlflow] logged run 'seanet_gated_max_topk_LargeKitchenAppliances'  (train_acc=0.9967 val_acc=0.9600 test_acc=0.9093 test_loss=0.3220)
[ 40/129] LargeKitchenAppliances       DONE  acc=0.9093 loss=0.3220 AOPCR=  1.966 NDCG=  n/a C=  3 T=  720 (23s)  [39 trained / 0 failed so far]
[ 41/129] Lightning2
    stage 1/3: loading data ...
    stage 2/3: training on 60 series (no val (train-loss early stop), C=2, T=637, batch=6) ...
    stage 3/3: scoring on 61 test series (accuracy + AOPCR) ...
    [mlflow] versioned model 'seanet_gated_max_topk__mstcn_sep_gated_topk_conjunctive' (id=m-44c98b3702294930983239e3a41231b1) params={'model_size_mb': '1.5003', 'n_model_params': '61148', 'name': 'seanet_gated_max_topk'}
    [mlflow] logged run 'seanet_gated_max_topk_Lightning2'  (train_acc=1.0000 test_acc=0.8852 test_loss=0.4047)
[ 41/129] Lightning2                   DONE  acc=0.8852 loss=0.4047 AOPCR=  1.220 NDCG=  n/a C=  2 T=  637 (17s)  [40 trained / 0 failed so far]
[ 42/129] Lightning7
    stage 1/3: loading data ...
    stage 2/3: training on 70 series (no val (train-loss early stop), C=7, T=319, batch=7) ...
    stage 3/3: scoring on 73 test series (accuracy + AOPCR) ...
    [mlflow] versioned model 'seanet_gated_max_topk__mstcn_sep_gated_topk_conjunctive' (id=m-baa212730393489bb6c8caa013d70222) params={'model_size_mb': '1.5017', 'n_model_params': '61518', 'name': 'seanet_gated_max_topk'}
    [mlflow] logged run 'seanet_gated_max_topk_Lightning7'  (train_acc=1.0000 test_acc=0.8356 test_loss=0.5101)
[ 42/129] Lightning7                   DONE  acc=0.8356 loss=0.5101 AOPCR=  1.388 NDCG=  n/a C=  7 T=  319 (21s)  [41 trained / 0 failed so far]
[ 43/129] Mallat
    stage 1/3: loading data ...
    stage 2/3: training on 55 series (no val (train-loss early stop), C=8, T=1024, batch=5) ...
    stage 3/3: scoring on 2345 test series (accuracy + AOPCR) ...
    [mlflow] versioned model 'seanet_gated_max_topk__mstcn_sep_gated_topk_conjunctive' (id=m-41b01a36e81d4cafa9777776fa79bd61) params={'model_size_mb': '1.502', 'n_model_params': '61592', 'name': 'seanet_gated_max_topk'}
    [mlflow] logged run 'seanet_gated_max_topk_Mallat'  (train_acc=1.0000 test_acc=0.9011 test_loss=0.5143)
[ 43/129] Mallat                       DONE  acc=0.9011 loss=0.5143 AOPCR=  2.174 NDCG=  n/a C=  8 T= 1024 (38s)  [42 trained / 0 failed so far]
[ 44/129] Meat
    stage 1/3: loading data ...
    stage 2/3: training on 60 series (no val (train-loss early stop), C=3, T=448, batch=6) ...
    stage 3/3: scoring on 60 test series (accuracy + AOPCR) ...
    [mlflow] versioned model 'seanet_gated_max_topk__mstcn_sep_gated_topk_conjunctive' (id=m-3095bf66c14e4717bf51722e9c90d387) params={'model_size_mb': '1.5006', 'n_model_params': '61222', 'name': 'seanet_gated_max_topk'}
    [mlflow] logged run 'seanet_gated_max_topk_Meat'  (train_acc=1.0000 test_acc=0.8833 test_loss=0.3284)
[ 44/129] Meat                         DONE  acc=0.8833 loss=0.3284 AOPCR=  0.586 NDCG=  n/a C=  3 T=  448 (34s)  [43 trained / 0 failed so far]
[ 45/129] MedicalImages
    stage 1/3: loading data ...
    stage 2/3: training on 307 series (val=74, C=10, T=99, batch=16) ...
    stage 3/3: scoring on 760 test series (accuracy + AOPCR) ...
    [mlflow] versioned model 'seanet_gated_max_topk__mstcn_sep_gated_topk_conjunctive' (id=m-38becbb79dd349848674eccf571b9bad) params={'model_size_mb': '1.5025', 'n_model_params': '61740', 'name': 'seanet_gated_max_topk'}
    [mlflow] logged run 'seanet_gated_max_topk_MedicalImages'  (train_acc=0.9642 val_acc=0.7432 test_acc=0.7474 test_loss=0.7831)
[ 45/129] MedicalImages                DONE  acc=0.7474 loss=0.7831 AOPCR=  0.475 NDCG=  n/a C= 10 T=   99 (34s)  [44 trained / 0 failed so far]
[ 46/129] MiddlePhalanxOutlineAgeGroup
    stage 1/3: loading data ...
    stage 2/3: training on 321 series (val=79, C=3, T=80, batch=16) ...
    stage 3/3: scoring on 154 test series (accuracy + AOPCR) ...
    [mlflow] versioned model 'seanet_gated_max_topk__mstcn_sep_gated_topk_conjunctive' (id=m-67320b7a7b3d40b4a9f286fe4ad40baf) params={'model_size_mb': '1.5006', 'n_model_params': '61222', 'name': 'seanet_gated_max_topk'}
    [mlflow] logged run 'seanet_gated_max_topk_MiddlePhalanxOutlineAgeGroup'  (train_acc=0.8380 val_acc=0.7848 test_acc=0.5714 test_loss=0.9706)
[ 46/129] MiddlePhalanxOutlineAgeGroup DONE  acc=0.5714 loss=0.9706 AOPCR=  0.447 NDCG=  n/a C=  3 T=   80 (45s)  [45 trained / 0 failed so far]
[ 47/129] MiddlePhalanxOutlineCorrect
    stage 1/3: loading data ...
    stage 2/3: training on 481 series (val=119, C=2, T=80, batch=16) ...
    stage 3/3: scoring on 291 test series (accuracy + AOPCR) ...
    [mlflow] versioned model 'seanet_gated_max_topk__mstcn_sep_gated_topk_conjunctive' (id=m-d9fa941fac1a4fe9a53c555790519832) params={'model_size_mb': '1.5003', 'n_model_params': '61148', 'name': 'seanet_gated_max_topk'}
    [mlflow] logged run 'seanet_gated_max_topk_MiddlePhalanxOutlineCorrect'  (train_acc=0.9272 val_acc=0.8235 test_acc=0.8385 test_loss=0.3853)
[ 47/129] MiddlePhalanxOutlineCorrect  DONE  acc=0.8385 loss=0.3853 AOPCR=  1.645 NDCG=  n/a C=  2 T=   80 (71s)  [46 trained / 0 failed so far]
[ 48/129] MiddlePhalanxTW
    stage 1/3: loading data ...
    stage 2/3: training on 321 series (val=78, C=6, T=80, batch=16) ...
    stage 3/3: scoring on 154 test series (accuracy + AOPCR) ...
    [mlflow] versioned model 'seanet_gated_max_topk__mstcn_sep_gated_topk_conjunctive' (id=m-0d27e950f17e49f7a7d04192e8d26946) params={'model_size_mb': '1.5014', 'n_model_params': '61444', 'name': 'seanet_gated_max_topk'}
    [mlflow] logged run 'seanet_gated_max_topk_MiddlePhalanxTW'  (train_acc=0.6480 val_acc=0.6282 test_acc=0.5195 test_loss=1.1135)
[ 48/129] MiddlePhalanxTW              DONE  acc=0.5195 loss=1.1135 AOPCR=  0.210 NDCG=  n/a C=  6 T=   80 (22s)  [47 trained / 0 failed so far]
[ 49/129] MoteStrain
    stage 1/3: loading data ...
    stage 2/3: training on 20 series (no val (train-loss early stop), C=2, T=84, batch=2) ...
    stage 3/3: scoring on 1252 test series (accuracy + AOPCR) ...
    [mlflow] versioned model 'seanet_gated_max_topk__mstcn_sep_gated_topk_conjunctive' (id=m-844b90a6d57648e79cadd1d888f681d6) params={'model_size_mb': '1.5003', 'n_model_params': '61148', 'name': 'seanet_gated_max_topk'}
    [mlflow] logged run 'seanet_gated_max_topk_MoteStrain'  (train_acc=1.0000 test_acc=0.8858 test_loss=0.2895)
[ 49/129] MoteStrain                   DONE  acc=0.8858 loss=0.2895 AOPCR=  1.351 NDCG=  n/a C=  2 T=   84 (23s)  [48 trained / 0 failed so far]
[ 50/129] NonInvasiveFetalECGThorax1
    stage 1/3: loading data ...
    stage 2/3: training on 1452 series (val=348, C=42, T=750, batch=16) ...
    stage 3/3: scoring on 1965 test series (accuracy + AOPCR) ...
    [mlflow] versioned model 'seanet_gated_max_topk__mstcn_sep_gated_topk_conjunctive' (id=m-6b4f16e1e5d549dba454417dfac581a5) params={'model_size_mb': '1.5116', 'n_model_params': '64108', 'name': 'seanet_gated_max_topk'}
    [mlflow] logged run 'seanet_gated_max_topk_NonInvasiveFetalECGThorax1'  (train_acc=0.9607 val_acc=0.8908 test_acc=0.8570 test_loss=0.5544)
[ 50/129] NonInvasiveFetalECGThorax1   DONE  acc=0.8570 loss=0.5544 AOPCR=  0.962 NDCG=  n/a C= 42 T=  750 (299s)  [49 trained / 0 failed so far]
[ 51/129] NonInvasiveFetalECGThorax2
    stage 1/3: loading data ...
    stage 2/3: training on 1452 series (val=348, C=42, T=750, batch=16) ...
    stage 3/3: scoring on 1965 test series (accuracy + AOPCR) ...
    [mlflow] versioned model 'seanet_gated_max_topk__mstcn_sep_gated_topk_conjunctive' (id=m-32ff1636272e47028474113f3d1ace5e) params={'model_size_mb': '1.5116', 'n_model_params': '64108', 'name': 'seanet_gated_max_topk'}
    [mlflow] logged run 'seanet_gated_max_topk_NonInvasiveFetalECGThorax2'  (train_acc=0.9952 val_acc=0.9454 test_acc=0.9298 test_loss=0.3243)
[ 51/129] NonInvasiveFetalECGThorax2   DONE  acc=0.9298 loss=0.3243 AOPCR=  1.294 NDCG=  n/a C= 42 T=  750 (306s)  [50 trained / 0 failed so far]
[ 52/129] OliveOil
    stage 1/3: loading data ...
    stage 2/3: training on 30 series (no val (train-loss early stop), C=4, T=570, batch=3) ...
    stage 3/3: scoring on 30 test series (accuracy + AOPCR) ...
    [mlflow] versioned model 'seanet_gated_max_topk__mstcn_sep_gated_topk_conjunctive' (id=m-c47cb5bc5dd34a71a132d577e7b43475) params={'model_size_mb': '1.5009', 'n_model_params': '61296', 'name': 'seanet_gated_max_topk'}
    [mlflow] logged run 'seanet_gated_max_topk_OliveOil'  (train_acc=0.4333 test_acc=0.4000 test_loss=1.2968)
[ 52/129] OliveOil                     DONE  acc=0.4000 loss=1.2968 AOPCR=  0.320 NDCG=  n/a C=  4 T=  570 (10s)  [51 trained / 0 failed so far]
[ 53/129] OSULeaf
    stage 1/3: loading data ...
    stage 2/3: training on 163 series (val=37, C=6, T=427, batch=16) ...
    stage 3/3: scoring on 242 test series (accuracy + AOPCR) ...
    [mlflow] versioned model 'seanet_gated_max_topk__mstcn_sep_gated_topk_conjunctive' (id=m-49f9a88f25e4492388681fe6f44e8cc0) params={'model_size_mb': '1.5014', 'n_model_params': '61444', 'name': 'seanet_gated_max_topk'}
    [mlflow] logged run 'seanet_gated_max_topk_OSULeaf'  (train_acc=1.0000 val_acc=0.9459 test_acc=0.8595 test_loss=0.5030)
[ 53/129] OSULeaf                      DONE  acc=0.8595 loss=0.5030 AOPCR=  0.715 NDCG=  n/a C=  6 T=  427 (19s)  [52 trained / 0 failed so far]
[ 54/129] PhalangesOutlinesCorrect
    stage 1/3: loading data ...
    stage 2/3: training on 1441 series (val=359, C=2, T=80, batch=16) ...
    stage 3/3: scoring on 858 test series (accuracy + AOPCR) ...
    [mlflow] versioned model 'seanet_gated_max_topk__mstcn_sep_gated_topk_conjunctive' (id=m-7c2e54772290477fb11e83805e71da84) params={'model_size_mb': '1.5003', 'n_model_params': '61148', 'name': 'seanet_gated_max_topk'}
    [mlflow] logged run 'seanet_gated_max_topk_PhalangesOutlinesCorrect'  (train_acc=0.9362 val_acc=0.8691 test_acc=0.8275 test_loss=0.4023)
[ 54/129] PhalangesOutlinesCorrect     DONE  acc=0.8275 loss=0.4023 AOPCR=  0.080 NDCG=  n/a C=  2 T=   80 (195s)  [53 trained / 0 failed so far]
[ 55/129] Phoneme
    stage 1/3: loading data ...
    stage 2/3: training on 171 series (val=43, C=39, T=1024, batch=16) ...
    stage 3/3: scoring on 1896 test series (accuracy + AOPCR) ...
    [mlflow] versioned model 'seanet_gated_max_topk__mstcn_sep_gated_topk_conjunctive' (id=m-03161d6994894f72b0210de04dfc8e9a) params={'model_size_mb': '1.5107', 'n_model_params': '63886', 'name': 'seanet_gated_max_topk'}
    [mlflow] logged run 'seanet_gated_max_topk_Phoneme'  (train_acc=0.3509 val_acc=0.2093 test_acc=0.2141 test_loss=2.9991)
[ 55/129] Phoneme                      DONE  acc=0.2141 loss=2.9991 AOPCR=  0.934 NDCG=  n/a C= 39 T= 1024 (10s)  [54 trained / 0 failed so far]
[ 56/129] Plane
    stage 1/3: loading data ...
    stage 2/3: training on 87 series (val=18, C=7, T=144, batch=8) ...
    stage 3/3: scoring on 105 test series (accuracy + AOPCR) ...
    [mlflow] versioned model 'seanet_gated_max_topk__mstcn_sep_gated_topk_conjunctive' (id=m-48d67d4bcb89409bb25907c791c75e49) params={'model_size_mb': '1.5017', 'n_model_params': '61518', 'name': 'seanet_gated_max_topk'}
    [mlflow] logged run 'seanet_gated_max_topk_Plane'  (train_acc=1.0000 val_acc=1.0000 test_acc=1.0000 test_loss=0.0653)
[ 56/129] Plane                        DONE  acc=1.0000 loss=0.0653 AOPCR=  1.101 NDCG=  n/a C=  7 T=  144 (45s)  [55 trained / 0 failed so far]
[ 57/129] ProximalPhalanxOutlineAgeGroup
    stage 1/3: loading data ...
    stage 2/3: training on 322 series (val=78, C=3, T=80, batch=16) ...
    stage 3/3: scoring on 205 test series (accuracy + AOPCR) ...
    [mlflow] versioned model 'seanet_gated_max_topk__mstcn_sep_gated_topk_conjunctive' (id=m-71b536ee102a45e7a21f078b8f4f2a8d) params={'model_size_mb': '1.5006', 'n_model_params': '61222', 'name': 'seanet_gated_max_topk'}
    [mlflow] logged run 'seanet_gated_max_topk_ProximalPhalanxOutlineAgeGroup'  (train_acc=0.8882 val_acc=0.8462 test_acc=0.8439 test_loss=0.4027)
[ 57/129] ProximalPhalanxOutlineAgeGroup DONE  acc=0.8439 loss=0.4027 AOPCR= -0.654 NDCG=  n/a C=  3 T=   80 (37s)  [56 trained / 0 failed so far]
[ 58/129] ProximalPhalanxOutlineCorrect
    stage 1/3: loading data ...
    stage 2/3: training on 481 series (val=119, C=2, T=80, batch=16) ...
    stage 3/3: scoring on 291 test series (accuracy + AOPCR) ...
    [mlflow] versioned model 'seanet_gated_max_topk__mstcn_sep_gated_topk_conjunctive' (id=m-705079b5dbc94bc388afbddf2fb737e8) params={'model_size_mb': '1.5003', 'n_model_params': '61148', 'name': 'seanet_gated_max_topk'}
    [mlflow] logged run 'seanet_gated_max_topk_ProximalPhalanxOutlineCorrect'  (train_acc=0.8898 val_acc=0.8319 test_acc=0.8591 test_loss=0.3152)
[ 58/129] ProximalPhalanxOutlineCorrect DONE  acc=0.8591 loss=0.3152 AOPCR= -0.476 NDCG=  n/a C=  2 T=   80 (54s)  [57 trained / 0 failed so far]
[ 59/129] ProximalPhalanxTW
    stage 1/3: loading data ...
    stage 2/3: training on 322 series (val=78, C=6, T=80, batch=16) ...
    stage 3/3: scoring on 205 test series (accuracy + AOPCR) ...
    [mlflow] versioned model 'seanet_gated_max_topk__mstcn_sep_gated_topk_conjunctive' (id=m-d5df2c11b77f453ba836fed54ee312ea) params={'model_size_mb': '1.5014', 'n_model_params': '61444', 'name': 'seanet_gated_max_topk'}
    [mlflow] logged run 'seanet_gated_max_topk_ProximalPhalanxTW'  (train_acc=0.8851 val_acc=0.8205 test_acc=0.7610 test_loss=0.6056)
[ 59/129] ProximalPhalanxTW            DONE  acc=0.7610 loss=0.6056 AOPCR=  0.048 NDCG=  n/a C=  6 T=   80 (47s)  [58 trained / 0 failed so far]
[ 60/129] RefrigerationDevices
    stage 1/3: loading data ...
    stage 2/3: training on 300 series (val=75, C=3, T=720, batch=16) ...
    stage 3/3: scoring on 375 test series (accuracy + AOPCR) ...
    [mlflow] versioned model 'seanet_gated_max_topk__mstcn_sep_gated_topk_conjunctive' (id=m-befa64ad9ec7461e8d188eaffb8070f9) params={'model_size_mb': '1.5006', 'n_model_params': '61222', 'name': 'seanet_gated_max_topk'}
    [mlflow] logged run 'seanet_gated_max_topk_RefrigerationDevices'  (train_acc=0.8000 val_acc=0.7067 test_acc=0.4960 test_loss=1.5529)
[ 60/129] RefrigerationDevices         DONE  acc=0.4960 loss=1.5529 AOPCR=  0.349 NDCG=  n/a C=  3 T=  720 (17s)  [59 trained / 0 failed so far]
[ 61/129] ScreenType
    stage 1/3: loading data ...
    stage 2/3: training on 300 series (val=75, C=3, T=720, batch=16) ...
    stage 3/3: scoring on 375 test series (accuracy + AOPCR) ...
    [mlflow] versioned model 'seanet_gated_max_topk__mstcn_sep_gated_topk_conjunctive' (id=m-ee5c6480e11149f085c3f0d59566f1ae) params={'model_size_mb': '1.5006', 'n_model_params': '61222', 'name': 'seanet_gated_max_topk'}
    [mlflow] logged run 'seanet_gated_max_topk_ScreenType'  (train_acc=1.0000 val_acc=0.7067 test_acc=0.5493 test_loss=1.2148)
[ 61/129] ScreenType                   DONE  acc=0.5493 loss=1.2148 AOPCR=  0.843 NDCG=  n/a C=  3 T=  720 (34s)  [60 trained / 0 failed so far]
[ 62/129] ShapeletSim
    stage 1/3: loading data ...
    stage 2/3: training on 20 series (no val (train-loss early stop), C=2, T=500, batch=2) ...
    stage 3/3: scoring on 180 test series (accuracy + AOPCR) ...
    [mlflow] versioned model 'seanet_gated_max_topk__mstcn_sep_gated_topk_conjunctive' (id=m-7a17e22cab334d278f4f0a639832ea99) params={'model_size_mb': '1.5003', 'n_model_params': '61148', 'name': 'seanet_gated_max_topk'}
    [mlflow] logged run 'seanet_gated_max_topk_ShapeletSim'  (train_acc=1.0000 test_acc=1.0000 test_loss=0.0883)
[ 62/129] ShapeletSim                  DONE  acc=1.0000 loss=0.0883 AOPCR=  2.878 NDCG=  n/a C=  2 T=  500 (20s)  [61 trained / 0 failed so far]
[ 63/129] ShapesAll
    stage 1/3: loading data ...
    stage 2/3: training on 480 series (val=120, C=60, T=512, batch=16) ...
    stage 3/3: scoring on 600 test series (accuracy + AOPCR) ...
    [mlflow] versioned model 'seanet_gated_max_topk__mstcn_sep_gated_topk_conjunctive' (id=m-55d9af9ca7f84d0399a92c82ffdf9b0f) params={'model_size_mb': '1.5166', 'n_model_params': '65440', 'name': 'seanet_gated_max_topk'}
    [mlflow] logged run 'seanet_gated_max_topk_ShapesAll'  (train_acc=1.0000 val_acc=0.8833 test_acc=0.8383 test_loss=0.6765)
[ 63/129] ShapesAll                    DONE  acc=0.8383 loss=0.6765 AOPCR=  2.184 NDCG=  n/a C= 60 T=  512 (74s)  [62 trained / 0 failed so far]
[ 64/129] SmallKitchenAppliances
    stage 1/3: loading data ...
    stage 2/3: training on 300 series (val=75, C=3, T=720, batch=16) ...
    stage 3/3: scoring on 375 test series (accuracy + AOPCR) ...
    [mlflow] versioned model 'seanet_gated_max_topk__mstcn_sep_gated_topk_conjunctive' (id=m-81f55b16391443b69d9d92bc3416a0f1) params={'model_size_mb': '1.5006', 'n_model_params': '61222', 'name': 'seanet_gated_max_topk'}
    [mlflow] logged run 'seanet_gated_max_topk_SmallKitchenAppliances'  (train_acc=0.8333 val_acc=0.7600 test_acc=0.7760 test_loss=0.5263)
[ 64/129] SmallKitchenAppliances       DONE  acc=0.7760 loss=0.5263 AOPCR=  1.562 NDCG=  n/a C=  3 T=  720 (22s)  [63 trained / 0 failed so far]
[ 65/129] SonyAIBORobotSurface1
    stage 1/3: loading data ...
    stage 2/3: training on 20 series (no val (train-loss early stop), C=2, T=70, batch=2) ...
    stage 3/3: scoring on 601 test series (accuracy + AOPCR) ...
    [mlflow] versioned model 'seanet_gated_max_topk__mstcn_sep_gated_topk_conjunctive' (id=m-8890ae824ee749b99c581c363e445cec) params={'model_size_mb': '1.5003', 'n_model_params': '61148', 'name': 'seanet_gated_max_topk'}
    [mlflow] logged run 'seanet_gated_max_topk_SonyAIBORobotSurface1'  (train_acc=1.0000 test_acc=0.7987 test_loss=0.4343)
[ 65/129] SonyAIBORobotSurface1        DONE  acc=0.7987 loss=0.4343 AOPCR=  0.301 NDCG=  n/a C=  2 T=   70 (31s)  [64 trained / 0 failed so far]
[ 66/129] SonyAIBORobotSurface2
    stage 1/3: loading data ...
    stage 2/3: training on 27 series (no val (train-loss early stop), C=2, T=65, batch=2) ...
    stage 3/3: scoring on 953 test series (accuracy + AOPCR) ...
    [mlflow] versioned model 'seanet_gated_max_topk__mstcn_sep_gated_topk_conjunctive' (id=m-7916f080e3ef4e3fb9fdb2863d6952ca) params={'model_size_mb': '1.5003', 'n_model_params': '61148', 'name': 'seanet_gated_max_topk'}
    [mlflow] logged run 'seanet_gated_max_topk_SonyAIBORobotSurface2'  (train_acc=1.0000 test_acc=0.8762 test_loss=0.2701)
[ 66/129] SonyAIBORobotSurface2        DONE  acc=0.8762 loss=0.2701 AOPCR= -0.528 NDCG=  n/a C=  2 T=   65 (50s)  [65 trained / 0 failed so far]
[ 67/129] StarLightCurves
    stage 1/3: loading data ...
    stage 2/3: training on 801 series (val=199, C=3, T=1024, batch=16) ...
    stage 3/3: scoring on 8236 test series (accuracy + AOPCR) ...
    [mlflow] versioned model 'seanet_gated_max_topk__mstcn_sep_gated_topk_conjunctive' (id=m-857fa8feb2c24c16b1ad2fc231777dc8) params={'model_size_mb': '1.5006', 'n_model_params': '61222', 'name': 'seanet_gated_max_topk'}
    [mlflow] logged run 'seanet_gated_max_topk_StarLightCurves'  (train_acc=0.9950 val_acc=0.9799 test_acc=0.9741 test_loss=0.1343)
[ 67/129] StarLightCurves              DONE  acc=0.9741 loss=0.1343 AOPCR=  1.898 NDCG=  n/a C=  3 T= 1024 (71s)  [66 trained / 0 failed so far]
[ 68/129] Strawberry
    stage 1/3: loading data ...
    stage 2/3: training on 492 series (val=121, C=2, T=235, batch=16) ...
    stage 3/3: scoring on 370 test series (accuracy + AOPCR) ...
    [mlflow] versioned model 'seanet_gated_max_topk__mstcn_sep_gated_topk_conjunctive' (id=m-9c02fbbde4b64fc0b83980cce0a204a0) params={'model_size_mb': '1.5003', 'n_model_params': '61148', 'name': 'seanet_gated_max_topk'}
    [mlflow] logged run 'seanet_gated_max_topk_Strawberry'  (train_acc=0.9878 val_acc=0.9917 test_acc=0.9649 test_loss=0.1435)
[ 68/129] Strawberry                   DONE  acc=0.9649 loss=0.1435 AOPCR=  0.074 NDCG=  n/a C=  2 T=  235 (86s)  [67 trained / 0 failed so far]
[ 69/129] SwedishLeaf
    stage 1/3: loading data ...
    stage 2/3: training on 405 series (val=95, C=15, T=128, batch=16) ...
    stage 3/3: scoring on 625 test series (accuracy + AOPCR) ...
    [mlflow] versioned model 'seanet_gated_max_topk__mstcn_sep_gated_topk_conjunctive' (id=m-fc9201f4ccf442a0bf58975362477c04) params={'model_size_mb': '1.5039', 'n_model_params': '62110', 'name': 'seanet_gated_max_topk'}
    [mlflow] logged run 'seanet_gated_max_topk_SwedishLeaf'  (train_acc=1.0000 val_acc=0.9789 test_acc=0.9424 test_loss=0.2495)
[ 69/129] SwedishLeaf                  DONE  acc=0.9424 loss=0.2495 AOPCR=  0.835 NDCG=  n/a C= 15 T=  128 (102s)  [68 trained / 0 failed so far]
[ 70/129] Symbols
    stage 1/3: loading data ...
    stage 2/3: training on 25 series (no val (train-loss early stop), C=6, T=398, batch=2) ...
    stage 3/3: scoring on 995 test series (accuracy + AOPCR) ...
    [mlflow] versioned model 'seanet_gated_max_topk__mstcn_sep_gated_topk_conjunctive' (id=m-df9ed5e09d6c47ff97dca7e0da864e3b) params={'model_size_mb': '1.5014', 'n_model_params': '61444', 'name': 'seanet_gated_max_topk'}
    [mlflow] logged run 'seanet_gated_max_topk_Symbols'  (train_acc=1.0000 test_acc=0.9397 test_loss=0.2424)
[ 70/129] Symbols                      DONE  acc=0.9397 loss=0.2424 AOPCR=  1.446 NDCG=  n/a C=  6 T=  398 (50s)  [69 trained / 0 failed so far]
[ 71/129] SyntheticControl
    stage 1/3: loading data ...
    stage 2/3: training on 240 series (val=60, C=6, T=60, batch=16) ...
    stage 3/3: scoring on 300 test series (accuracy + AOPCR) ...
    [mlflow] versioned model 'seanet_gated_max_topk__mstcn_sep_gated_topk_conjunctive' (id=m-e64f4ec34ac941f6a354715d1def2738) params={'model_size_mb': '1.5014', 'n_model_params': '61444', 'name': 'seanet_gated_max_topk'}
    [mlflow] logged run 'seanet_gated_max_topk_SyntheticControl'  (train_acc=1.0000 val_acc=1.0000 test_acc=0.9933 test_loss=0.1220)
[ 71/129] SyntheticControl             DONE  acc=0.9933 loss=0.1220 AOPCR=  0.539 NDCG=  n/a C=  6 T=   60 (63s)  [70 trained / 0 failed so far]
[ 72/129] ToeSegmentation1
    stage 1/3: loading data ...
    stage 2/3: training on 40 series (no val (train-loss early stop), C=2, T=277, batch=4) ...
    stage 3/3: scoring on 228 test series (accuracy + AOPCR) ...
    [mlflow] versioned model 'seanet_gated_max_topk__mstcn_sep_gated_topk_conjunctive' (id=m-f2c73e6b811b44aaadfe9cab301ccf04) params={'model_size_mb': '1.5003', 'n_model_params': '61148', 'name': 'seanet_gated_max_topk'}
    [mlflow] logged run 'seanet_gated_max_topk_ToeSegmentation1'  (train_acc=1.0000 test_acc=0.9079 test_loss=0.2077)
[ 72/129] ToeSegmentation1             DONE  acc=0.9079 loss=0.2077 AOPCR=  0.305 NDCG=  n/a C=  2 T=  277 (29s)  [71 trained / 0 failed so far]
[ 73/129] ToeSegmentation2
    stage 1/3: loading data ...
    stage 2/3: training on 36 series (no val (train-loss early stop), C=2, T=343, batch=3) ...
    stage 3/3: scoring on 130 test series (accuracy + AOPCR) ...
    [mlflow] versioned model 'seanet_gated_max_topk__mstcn_sep_gated_topk_conjunctive' (id=m-882c78d2d6794ea6a1dde66cb6b4127b) params={'model_size_mb': '1.5003', 'n_model_params': '61148', 'name': 'seanet_gated_max_topk'}
    [mlflow] logged run 'seanet_gated_max_topk_ToeSegmentation2'  (train_acc=1.0000 test_acc=0.9615 test_loss=0.1411)
[ 73/129] ToeSegmentation2             DONE  acc=0.9615 loss=0.1411 AOPCR=  0.603 NDCG=  n/a C=  2 T=  343 (26s)  [72 trained / 0 failed so far]
[ 74/129] Trace
    stage 1/3: loading data ...
    stage 2/3: training on 81 series (val=19, C=4, T=275, batch=8) ...
    stage 3/3: scoring on 100 test series (accuracy + AOPCR) ...
    [mlflow] versioned model 'seanet_gated_max_topk__mstcn_sep_gated_topk_conjunctive' (id=m-8209a4f1632a4c2b9a575952acd5875d) params={'model_size_mb': '1.5009', 'n_model_params': '61296', 'name': 'seanet_gated_max_topk'}
    [mlflow] logged run 'seanet_gated_max_topk_Trace'  (train_acc=1.0000 val_acc=1.0000 test_acc=1.0000 test_loss=0.0687)
[ 74/129] Trace                        DONE  acc=1.0000 loss=0.0687 AOPCR=  1.335 NDCG=  n/a C=  4 T=  275 (31s)  [73 trained / 0 failed so far]
[ 75/129] TwoLeadECG
    stage 1/3: loading data ...
    stage 2/3: training on 23 series (no val (train-loss early stop), C=2, T=82, batch=2) ...
    stage 3/3: scoring on 1139 test series (accuracy + AOPCR) ...
    [mlflow] versioned model 'seanet_gated_max_topk__mstcn_sep_gated_topk_conjunctive' (id=m-ce6049ee046c44a8808d3ef71a2a37e3) params={'model_size_mb': '1.5003', 'n_model_params': '61148', 'name': 'seanet_gated_max_topk'}
    [mlflow] logged run 'seanet_gated_max_topk_TwoLeadECG'  (train_acc=1.0000 test_acc=0.9982 test_loss=0.0675)
[ 75/129] TwoLeadECG                   DONE  acc=0.9982 loss=0.0675 AOPCR=  0.579 NDCG=  n/a C=  2 T=   82 (47s)  [74 trained / 0 failed so far]
[ 76/129] TwoPatterns
    stage 1/3: loading data ...
    stage 2/3: training on 801 series (val=199, C=4, T=128, batch=16) ...
    stage 3/3: scoring on 4000 test series (accuracy + AOPCR) ...
    [mlflow] versioned model 'seanet_gated_max_topk__mstcn_sep_gated_topk_conjunctive' (id=m-2b2ac5d9d8b84ebb901af4a7717834a8) params={'model_size_mb': '1.5009', 'n_model_params': '61296', 'name': 'seanet_gated_max_topk'}
    [mlflow] logged run 'seanet_gated_max_topk_TwoPatterns'  (train_acc=1.0000 val_acc=1.0000 test_acc=1.0000 test_loss=0.0894)
[ 76/129] TwoPatterns                  DONE  acc=1.0000 loss=0.0894 AOPCR=  2.016 NDCG=  n/a C=  4 T=  128 (166s)  [75 trained / 0 failed so far]
[ 77/129] UWaveGestureLibraryAll
    stage 1/3: loading data ...
    stage 2/3: training on 719 series (val=177, C=8, T=945, batch=16) ...
    stage 3/3: scoring on 3582 test series (accuracy + AOPCR) ...
    [mlflow] versioned model 'seanet_gated_max_topk__mstcn_sep_gated_topk_conjunctive' (id=m-bf2d395a7e774414aced939fdb98336b) params={'model_size_mb': '1.502', 'n_model_params': '61592', 'name': 'seanet_gated_max_topk'}
    [mlflow] logged run 'seanet_gated_max_topk_UWaveGestureLibraryAll'  (train_acc=1.0000 val_acc=0.9605 test_acc=0.9698 test_loss=0.2200)
[ 77/129] UWaveGestureLibraryAll       DONE  acc=0.9698 loss=0.2200 AOPCR=  2.002 NDCG=  n/a C=  8 T=  945 (139s)  [76 trained / 0 failed so far]
[ 78/129] UWaveGestureLibraryX
    stage 1/3: loading data ...
    stage 2/3: training on 719 series (val=177, C=8, T=315, batch=16) ...
    stage 3/3: scoring on 3582 test series (accuracy + AOPCR) ...
    [mlflow] versioned model 'seanet_gated_max_topk__mstcn_sep_gated_topk_conjunctive' (id=m-315715d09c384543b5155d06aaa05542) params={'model_size_mb': '1.502', 'n_model_params': '61592', 'name': 'seanet_gated_max_topk'}
    [mlflow] logged run 'seanet_gated_max_topk_UWaveGestureLibraryX'  (train_acc=1.0000 val_acc=0.8531 test_acc=0.8113 test_loss=0.6340)
[ 78/129] UWaveGestureLibraryX         DONE  acc=0.8113 loss=0.6340 AOPCR=  1.403 NDCG=  n/a C=  8 T=  315 (86s)  [77 trained / 0 failed so far]
[ 79/129] UWaveGestureLibraryY
    stage 1/3: loading data ...
    stage 2/3: training on 719 series (val=177, C=8, T=315, batch=16) ...
    stage 3/3: scoring on 3582 test series (accuracy + AOPCR) ...
    [mlflow] versioned model 'seanet_gated_max_topk__mstcn_sep_gated_topk_conjunctive' (id=m-c9d8bef2ad564a47b57d580b99a6caa4) params={'model_size_mb': '1.502', 'n_model_params': '61592', 'name': 'seanet_gated_max_topk'}
    [mlflow] logged run 'seanet_gated_max_topk_UWaveGestureLibraryY'  (train_acc=0.9360 val_acc=0.7119 test_acc=0.7345 test_loss=0.7950)
[ 79/129] UWaveGestureLibraryY         DONE  acc=0.7345 loss=0.7950 AOPCR=  1.424 NDCG=  n/a C=  8 T=  315 (46s)  [78 trained / 0 failed so far]
[ 80/129] UWaveGestureLibraryZ
    stage 1/3: loading data ...
    stage 2/3: training on 719 series (val=177, C=8, T=315, batch=16) ...
    stage 3/3: scoring on 3582 test series (accuracy + AOPCR) ...
    [mlflow] versioned model 'seanet_gated_max_topk__mstcn_sep_gated_topk_conjunctive' (id=m-681906d3b0c6401daa9d647b74dc4f70) params={'model_size_mb': '1.502', 'n_model_params': '61592', 'name': 'seanet_gated_max_topk'}
    [mlflow] logged run 'seanet_gated_max_topk_UWaveGestureLibraryZ'  (train_acc=0.8150 val_acc=0.6836 test_acc=0.7239 test_loss=0.7389)
[ 80/129] UWaveGestureLibraryZ         DONE  acc=0.7239 loss=0.7389 AOPCR=  1.695 NDCG=  n/a C=  8 T=  315 (39s)  [79 trained / 0 failed so far]
[ 81/129] Wafer
    stage 1/3: loading data ...
    stage 2/3: training on 801 series (val=199, C=2, T=152, batch=16) ...
    stage 3/3: scoring on 6164 test series (accuracy + AOPCR) ...
    [mlflow] versioned model 'seanet_gated_max_topk__mstcn_sep_gated_topk_conjunctive' (id=m-77ebf65061034d4da5e28099d028be93) params={'model_size_mb': '1.5003', 'n_model_params': '61148', 'name': 'seanet_gated_max_topk'}
    [mlflow] logged run 'seanet_gated_max_topk_Wafer'  (train_acc=1.0000 val_acc=1.0000 test_acc=0.9964 test_loss=0.0730)
[ 81/129] Wafer                        DONE  acc=0.9964 loss=0.0730 AOPCR=  0.195 NDCG=  n/a C=  2 T=  152 (129s)  [80 trained / 0 failed so far]
[ 82/129] Wine
    stage 1/3: loading data ...
    stage 2/3: training on 57 series (no val (train-loss early stop), C=2, T=234, batch=5) ...
    stage 3/3: scoring on 54 test series (accuracy + AOPCR) ...
    [mlflow] versioned model 'seanet_gated_max_topk__mstcn_sep_gated_topk_conjunctive' (id=m-b9abf20ab9e04640b38bac9d45fed894) params={'model_size_mb': '1.5003', 'n_model_params': '61148', 'name': 'seanet_gated_max_topk'}
    [mlflow] logged run 'seanet_gated_max_topk_Wine'  (train_acc=0.5965 test_acc=0.4444 test_loss=0.6875)
[ 82/129] Wine                         DONE  acc=0.4444 loss=0.6875 AOPCR=  1.082 NDCG=  n/a C=  2 T=  234 (58s)  [81 trained / 0 failed so far]
[ 83/129] WordSynonyms
    stage 1/3: loading data ...
    stage 2/3: training on 217 series (val=50, C=25, T=270, batch=16) ...
    stage 3/3: scoring on 638 test series (accuracy + AOPCR) ...
    [mlflow] versioned model 'seanet_gated_max_topk__mstcn_sep_gated_topk_conjunctive' (id=m-5433889e2ae14a9d860e643b6998f546) params={'model_size_mb': '1.5067', 'n_model_params': '62850', 'name': 'seanet_gated_max_topk'}
    [mlflow] logged run 'seanet_gated_max_topk_WordSynonyms'  (train_acc=1.0000 val_acc=0.7200 test_acc=0.7257 test_loss=1.1946)
[ 83/129] WordSynonyms                 DONE  acc=0.7257 loss=1.1946 AOPCR=  0.943 NDCG=  n/a C= 25 T=  270 (48s)  [82 trained / 0 failed so far]
[ 84/129] Worms
    stage 1/3: loading data ...
    stage 2/3: training on 146 series (val=35, C=5, T=900, batch=14) ...
    stage 3/3: scoring on 77 test series (accuracy + AOPCR) ...
    [mlflow] versioned model 'seanet_gated_max_topk__mstcn_sep_gated_topk_conjunctive' (id=m-0415bd287d104f9d9f5360097071ba2f) params={'model_size_mb': '1.5011', 'n_model_params': '61370', 'name': 'seanet_gated_max_topk'}
    [mlflow] logged run 'seanet_gated_max_topk_Worms'  (train_acc=0.9932 val_acc=0.7429 test_acc=0.7403 test_loss=0.9390)
[ 84/129] Worms                        DONE  acc=0.7403 loss=0.9390 AOPCR=  1.315 NDCG=  n/a C=  5 T=  900 (16s)  [83 trained / 0 failed so far]
[ 85/129] WormsTwoClass
    stage 1/3: loading data ...
    stage 2/3: training on 145 series (val=36, C=2, T=900, batch=14) ...
    stage 3/3: scoring on 77 test series (accuracy + AOPCR) ...
    [mlflow] versioned model 'seanet_gated_max_topk__mstcn_sep_gated_topk_conjunctive' (id=m-f46092524a6f4426838d2ea1b59e7137) params={'model_size_mb': '1.5003', 'n_model_params': '61148', 'name': 'seanet_gated_max_topk'}
    [mlflow] logged run 'seanet_gated_max_topk_WormsTwoClass'  (train_acc=1.0000 val_acc=0.8056 test_acc=0.6753 test_loss=0.5660)
[ 85/129] WormsTwoClass                DONE  acc=0.6753 loss=0.5660 AOPCR=  1.355 NDCG=  n/a C=  2 T=  900 (26s)  [84 trained / 0 failed so far]
[ 86/129] Yoga
    stage 1/3: loading data ...
    stage 2/3: training on 241 series (val=59, C=2, T=426, batch=16) ...
    stage 3/3: scoring on 3000 test series (accuracy + AOPCR) ...
    [mlflow] versioned model 'seanet_gated_max_topk__mstcn_sep_gated_topk_conjunctive' (id=m-6f5160afe47f4c3eb4789a306db0ce26) params={'model_size_mb': '1.5003', 'n_model_params': '61148', 'name': 'seanet_gated_max_topk'}
    [mlflow] logged run 'seanet_gated_max_topk_Yoga'  (train_acc=1.0000 val_acc=0.9153 test_acc=0.8973 test_loss=0.2562)
[ 86/129] Yoga                         DONE  acc=0.8973 loss=0.2562 AOPCR=  1.109 NDCG=  n/a C=  2 T=  426 (46s)  [85 trained / 0 failed so far]
[ 87/129] ACSF1
    stage 1/3: loading data ...
    stage 2/3: training on 80 series (val=20, C=10, T=1460, batch=8) ...
    stage 3/3: scoring on 100 test series (accuracy + AOPCR) ...
    [mlflow] versioned model 'seanet_gated_max_topk__mstcn_sep_gated_topk_conjunctive' (id=m-573f7271617248e49451f17acf97552f) params={'model_size_mb': '1.5025', 'n_model_params': '61740', 'name': 'seanet_gated_max_topk'}
    [mlflow] logged run 'seanet_gated_max_topk_ACSF1'  (train_acc=0.9250 val_acc=0.8000 test_acc=0.8000 test_loss=0.6901)
[ 87/129] ACSF1                        DONE  acc=0.8000 loss=0.6901 AOPCR=  1.473 NDCG=  n/a C= 10 T= 1460 (23s)  [86 trained / 0 failed so far]
[ 88/129] AllGestureWiimoteX
    stage 1/3: loading data ...
    stage 2/3: training on 240 series (val=60, C=10, T=500, batch=16) ...
    stage 3/3: scoring on 700 test series (accuracy + AOPCR) ...
    [mlflow] versioned model 'seanet_gated_max_topk__mstcn_sep_gated_topk_conjunctive' (id=m-7df214f9fbb9420bb673cc56c9675bdf) params={'model_size_mb': '1.5025', 'n_model_params': '61740', 'name': 'seanet_gated_max_topk'}
    [mlflow] logged run 'seanet_gated_max_topk_AllGestureWiimoteX'  (train_acc=1.0000 val_acc=0.8333 test_acc=0.7557 test_loss=0.8637)
[ 88/129] AllGestureWiimoteX           DONE  acc=0.7557 loss=0.8637 AOPCR=  1.770 NDCG=  n/a C= 10 T=  500 (34s)  [87 trained / 0 failed so far]
[ 89/129] AllGestureWiimoteY
    stage 1/3: loading data ...
    stage 2/3: training on 240 series (val=60, C=10, T=500, batch=16) ...
    stage 3/3: scoring on 700 test series (accuracy + AOPCR) ...
    [mlflow] versioned model 'seanet_gated_max_topk__mstcn_sep_gated_topk_conjunctive' (id=m-2ec3fbb8061147d6bce6e1d5713fb160) params={'model_size_mb': '1.5025', 'n_model_params': '61740', 'name': 'seanet_gated_max_topk'}
    [mlflow] logged run 'seanet_gated_max_topk_AllGestureWiimoteY'  (train_acc=0.9333 val_acc=0.7667 test_acc=0.7529 test_loss=0.8017)
[ 89/129] AllGestureWiimoteY           DONE  acc=0.7529 loss=0.8017 AOPCR=  2.697 NDCG=  n/a C= 10 T=  500 (17s)  [88 trained / 0 failed so far]
[ 90/129] AllGestureWiimoteZ
    stage 1/3: loading data ...
    stage 2/3: training on 240 series (val=60, C=10, T=500, batch=16) ...
    stage 3/3: scoring on 700 test series (accuracy + AOPCR) ...
    [mlflow] versioned model 'seanet_gated_max_topk__mstcn_sep_gated_topk_conjunctive' (id=m-dd816434cb61478cbfe6adc0107fe4fa) params={'model_size_mb': '1.5025', 'n_model_params': '61740', 'name': 'seanet_gated_max_topk'}
    [mlflow] logged run 'seanet_gated_max_topk_AllGestureWiimoteZ'  (train_acc=1.0000 val_acc=0.7500 test_acc=0.7329 test_loss=0.9325)
[ 90/129] AllGestureWiimoteZ           DONE  acc=0.7329 loss=0.9325 AOPCR=  1.474 NDCG=  n/a C= 10 T=  500 (56s)  [89 trained / 0 failed so far]
[ 91/129] BME
    stage 1/3: loading data ...
    stage 2/3: training on 30 series (no val (train-loss early stop), C=3, T=128, batch=3) ...
    stage 3/3: scoring on 150 test series (accuracy + AOPCR) ...
    [mlflow] versioned model 'seanet_gated_max_topk__mstcn_sep_gated_topk_conjunctive' (id=m-e0bd253335a042d583415bef282f4507) params={'model_size_mb': '1.5006', 'n_model_params': '61222', 'name': 'seanet_gated_max_topk'}
    [mlflow] logged run 'seanet_gated_max_topk_BME'  (train_acc=1.0000 test_acc=0.9933 test_loss=0.1091)
[ 91/129] BME                          DONE  acc=0.9933 loss=0.1091 AOPCR=  0.813 NDCG=  n/a C=  3 T=  128 (24s)  [90 trained / 0 failed so far]
[ 92/129] Chinatown
    stage 1/3: loading data ...
    stage 2/3: training on 20 series (no val (train-loss early stop), C=2, T=24, batch=2) ...
    stage 3/3: scoring on 343 test series (accuracy + AOPCR) ...
    [mlflow] versioned model 'seanet_gated_max_topk__mstcn_sep_gated_topk_conjunctive' (id=m-2c1a57e69ff644358596caea757cce62) params={'model_size_mb': '1.5003', 'n_model_params': '61148', 'name': 'seanet_gated_max_topk'}
    [mlflow] logged run 'seanet_gated_max_topk_Chinatown'  (train_acc=1.0000 test_acc=0.9854 test_loss=0.1082)
[ 92/129] Chinatown                    DONE  acc=0.9854 loss=0.1082 AOPCR=  0.507 NDCG=  n/a C=  2 T=   24 (47s)  [91 trained / 0 failed so far]
[ 93/129] Crop
    stage 1/3: loading data ...
    stage 2/3: training on 5760 series (val=1440, C=24, T=46, batch=16) ...
    stage 3/3: scoring on 16800 test series (accuracy + AOPCR) ...
    [mlflow] versioned model 'seanet_gated_max_topk__mstcn_sep_gated_topk_conjunctive' (id=m-f16b4ea66dcf4d299b2bc905ebcd02a2) params={'model_size_mb': '1.5065', 'n_model_params': '62776', 'name': 'seanet_gated_max_topk'}
    [mlflow] logged run 'seanet_gated_max_topk_Crop'  (train_acc=0.8161 val_acc=0.7090 test_acc=0.7134 test_loss=0.9111)
[ 93/129] Crop                         DONE  acc=0.7134 loss=0.9111 AOPCR=  0.932 NDCG=  n/a C= 24 T=   46 (426s)  [92 trained / 0 failed so far]
[ 94/129] DodgerLoopDay
    stage 1/3: loading data ...
    stage 2/3: training on 78 series (no val (train-loss early stop), C=7, T=288, batch=7) ...
    stage 3/3: scoring on 80 test series (accuracy + AOPCR) ...
    [mlflow] versioned model 'seanet_gated_max_topk__mstcn_sep_gated_topk_conjunctive' (id=m-efc421acf823445c9a0de4e69b7c2fa6) params={'model_size_mb': '1.5017', 'n_model_params': '61518', 'name': 'seanet_gated_max_topk'}
    [mlflow] logged run 'seanet_gated_max_topk_DodgerLoopDay'  (train_acc=1.0000 test_acc=0.5625 test_loss=1.1927)
[ 94/129] DodgerLoopDay                DONE  acc=0.5625 loss=1.1927 AOPCR=  1.364 NDCG=  n/a C=  7 T=  288 (41s)  [93 trained / 0 failed so far]
[ 95/129] DodgerLoopGame
    stage 1/3: loading data ...
    stage 2/3: training on 20 series (no val (train-loss early stop), C=2, T=288, batch=2) ...
    stage 3/3: scoring on 138 test series (accuracy + AOPCR) ...
    [mlflow] versioned model 'seanet_gated_max_topk__mstcn_sep_gated_topk_conjunctive' (id=m-0b581fab93444cda813955293db9ee2d) params={'model_size_mb': '1.5003', 'n_model_params': '61148', 'name': 'seanet_gated_max_topk'}
    [mlflow] logged run 'seanet_gated_max_topk_DodgerLoopGame'  (train_acc=1.0000 test_acc=0.9565 test_loss=0.1602)
[ 95/129] DodgerLoopGame               DONE  acc=0.9565 loss=0.1602 AOPCR=  2.197 NDCG=  n/a C=  2 T=  288 (21s)  [94 trained / 0 failed so far]
[ 96/129] DodgerLoopWeekend
    stage 1/3: loading data ...
    stage 2/3: training on 20 series (no val (train-loss early stop), C=2, T=288, batch=2) ...
    stage 3/3: scoring on 138 test series (accuracy + AOPCR) ...
    [mlflow] versioned model 'seanet_gated_max_topk__mstcn_sep_gated_topk_conjunctive' (id=m-bebb290d7e45489b851b622f83ff5083) params={'model_size_mb': '1.5003', 'n_model_params': '61148', 'name': 'seanet_gated_max_topk'}
    [mlflow] logged run 'seanet_gated_max_topk_DodgerLoopWeekend'  (train_acc=1.0000 test_acc=0.9783 test_loss=0.1164)
[ 96/129] DodgerLoopWeekend            DONE  acc=0.9783 loss=0.1164 AOPCR=  2.088 NDCG=  n/a C=  2 T=  288 (14s)  [95 trained / 0 failed so far]
[ 97/129] EOGHorizontalSignal
    stage 1/3: loading data ...
    stage 2/3: training on 290 series (val=72, C=12, T=1250, batch=16) ...
    stage 3/3: scoring on 362 test series (accuracy + AOPCR) ...
    [mlflow] versioned model 'seanet_gated_max_topk__mstcn_sep_gated_topk_conjunctive' (id=m-105ee0aae881485fb4e66d0a670876ca) params={'model_size_mb': '1.5031', 'n_model_params': '61888', 'name': 'seanet_gated_max_topk'}
    [mlflow] logged run 'seanet_gated_max_topk_EOGHorizontalSignal'  (train_acc=1.0000 val_acc=0.8750 test_acc=0.5580 test_loss=1.6252)
[ 97/129] EOGHorizontalSignal          DONE  acc=0.5580 loss=1.6252 AOPCR=  1.643 NDCG=  n/a C= 12 T= 1250 (82s)  [96 trained / 0 failed so far]
[ 98/129] EOGVerticalSignal
    stage 1/3: loading data ...
    stage 2/3: training on 290 series (val=72, C=12, T=1250, batch=16) ...
    stage 3/3: scoring on 362 test series (accuracy + AOPCR) ...
    [mlflow] versioned model 'seanet_gated_max_topk__mstcn_sep_gated_topk_conjunctive' (id=m-1f80a493f426438ab80101f5762af4c7) params={'model_size_mb': '1.5031', 'n_model_params': '61888', 'name': 'seanet_gated_max_topk'}
    [mlflow] logged run 'seanet_gated_max_topk_EOGVerticalSignal'  (train_acc=0.9586 val_acc=0.7917 test_acc=0.4724 test_loss=1.7754)
[ 98/129] EOGVerticalSignal            DONE  acc=0.4724 loss=1.7754 AOPCR=  1.518 NDCG=  n/a C= 12 T= 1250 (27s)  [97 trained / 0 failed so far]
[ 99/129] EthanolLevel
    stage 1/3: loading data ...
    stage 2/3: training on 404 series (val=100, C=4, T=1751, batch=16) ...
    stage 3/3: scoring on 500 test series (accuracy + AOPCR) ...
    [mlflow] versioned model 'seanet_gated_max_topk__mstcn_sep_gated_topk_conjunctive' (id=m-52cb677f4a534562bddc1b6418a59149) params={'model_size_mb': '1.5009', 'n_model_params': '61296', 'name': 'seanet_gated_max_topk'}
    [mlflow] logged run 'seanet_gated_max_topk_EthanolLevel'  (train_acc=0.8936 val_acc=0.9200 test_acc=0.8040 test_loss=0.4922)
[ 99/129] EthanolLevel                 DONE  acc=0.8040 loss=0.4922 AOPCR=  0.893 NDCG=  n/a C=  4 T= 1751 (73s)  [98 trained / 0 failed so far]
[100/129] FreezerRegularTrain
    stage 1/3: loading data ...
    stage 2/3: training on 120 series (val=30, C=2, T=301, batch=12) ...
    stage 3/3: scoring on 2850 test series (accuracy + AOPCR) ...
    [mlflow] versioned model 'seanet_gated_max_topk__mstcn_sep_gated_topk_conjunctive' (id=m-1e4716a431f9442fbd7a779412ffa2fd) params={'model_size_mb': '1.5003', 'n_model_params': '61148', 'name': 'seanet_gated_max_topk'}
    [mlflow] logged run 'seanet_gated_max_topk_FreezerRegularTrain'  (train_acc=1.0000 val_acc=1.0000 test_acc=0.9975 test_loss=0.0741)
[100/129] FreezerRegularTrain          DONE  acc=0.9975 loss=0.0741 AOPCR=  0.113 NDCG=  n/a C=  2 T=  301 (24s)  [99 trained / 0 failed so far]
[101/129] FreezerSmallTrain
    stage 1/3: loading data ...
    stage 2/3: training on 28 series (no val (train-loss early stop), C=2, T=301, batch=2) ...
    stage 3/3: scoring on 2850 test series (accuracy + AOPCR) ...
    [mlflow] versioned model 'seanet_gated_max_topk__mstcn_sep_gated_topk_conjunctive' (id=m-07a8ed72d20b4167b939cdd83bb49ea9) params={'model_size_mb': '1.5003', 'n_model_params': '61148', 'name': 'seanet_gated_max_topk'}
    [mlflow] logged run 'seanet_gated_max_topk_FreezerSmallTrain'  (train_acc=1.0000 test_acc=0.6688 test_loss=1.0220)
[101/129] FreezerSmallTrain            DONE  acc=0.6688 loss=1.0220 AOPCR=  1.789 NDCG=  n/a C=  2 T=  301 (45s)  [100 trained / 0 failed so far]
[102/129] Fungi
    stage 1/3: loading data ...
    stage 2/3: training on 18 series (no val (train-loss early stop), C=18, T=201, batch=2) ...
    stage 3/3: scoring on 186 test series (accuracy + AOPCR) ...
    [mlflow] versioned model 'seanet_gated_max_topk__mstcn_sep_gated_topk_conjunctive' (id=m-e334d9b644514a5dbb23f251f8ae3b71) params={'model_size_mb': '1.5048', 'n_model_params': '62332', 'name': 'seanet_gated_max_topk'}
    [mlflow] logged run 'seanet_gated_max_topk_Fungi'  (train_acc=1.0000 test_acc=0.9785 test_loss=0.1994)
[102/129] Fungi                        DONE  acc=0.9785 loss=0.1994 AOPCR=  1.138 NDCG=  n/a C= 18 T=  201 (17s)  [101 trained / 0 failed so far]
[103/129] GestureMidAirD1
    stage 1/3: loading data ...
    stage 2/3: training on 182 series (val=26, C=26, T=360, batch=16) ...
    stage 3/3: scoring on 130 test series (accuracy + AOPCR) ...
    [mlflow] versioned model 'seanet_gated_max_topk__mstcn_sep_gated_topk_conjunctive' (id=m-5c66ef03daec49ad8d7fabaaf1e10746) params={'model_size_mb': '1.507', 'n_model_params': '62924', 'name': 'seanet_gated_max_topk'}
    [mlflow] logged run 'seanet_gated_max_topk_GestureMidAirD1'  (train_acc=0.9945 val_acc=0.7308 test_acc=0.7077 test_loss=1.1323)
[103/129] GestureMidAirD1              DONE  acc=0.7077 loss=1.1323 AOPCR=  2.551 NDCG=  n/a C= 26 T=  360 (25s)  [102 trained / 0 failed so far]
[104/129] GestureMidAirD2
    stage 1/3: loading data ...
    stage 2/3: training on 182 series (val=26, C=26, T=360, batch=16) ...
    stage 3/3: scoring on 130 test series (accuracy + AOPCR) ...
    [mlflow] versioned model 'seanet_gated_max_topk__mstcn_sep_gated_topk_conjunctive' (id=m-e617fb7ba8cc4fdd828568803621dc55) params={'model_size_mb': '1.507', 'n_model_params': '62924', 'name': 'seanet_gated_max_topk'}
    [mlflow] logged run 'seanet_gated_max_topk_GestureMidAirD2'  (train_acc=0.8626 val_acc=0.5385 test_acc=0.6000 test_loss=1.1913)
[104/129] GestureMidAirD2              DONE  acc=0.6000 loss=1.1913 AOPCR=  2.156 NDCG=  n/a C= 26 T=  360 (17s)  [103 trained / 0 failed so far]
[105/129] GestureMidAirD3
    stage 1/3: loading data ...
    stage 2/3: training on 182 series (val=26, C=26, T=360, batch=16) ...
    stage 3/3: scoring on 130 test series (accuracy + AOPCR) ...
    [mlflow] versioned model 'seanet_gated_max_topk__mstcn_sep_gated_topk_conjunctive' (id=m-e48243026df24085bc2314d2fba69dce) params={'model_size_mb': '1.507', 'n_model_params': '62924', 'name': 'seanet_gated_max_topk'}
    [mlflow] logged run 'seanet_gated_max_topk_GestureMidAirD3'  (train_acc=0.8681 val_acc=0.4231 test_acc=0.3462 test_loss=2.3494)
[105/129] GestureMidAirD3              DONE  acc=0.3462 loss=2.3494 AOPCR=  2.880 NDCG=  n/a C= 26 T=  360 (14s)  [104 trained / 0 failed so far]
[106/129] GesturePebbleZ1
    stage 1/3: loading data ...
    stage 2/3: training on 107 series (val=25, C=6, T=455, batch=10) ...
    stage 3/3: scoring on 172 test series (accuracy + AOPCR) ...
    [mlflow] versioned model 'seanet_gated_max_topk__mstcn_sep_gated_topk_conjunctive' (id=m-da9028d729684d19a297f8b17feed6dc) params={'model_size_mb': '1.5014', 'n_model_params': '61444', 'name': 'seanet_gated_max_topk'}
    [mlflow] logged run 'seanet_gated_max_topk_GesturePebbleZ1'  (train_acc=1.0000 val_acc=1.0000 test_acc=0.9070 test_loss=0.3250)
[106/129] GesturePebbleZ1              DONE  acc=0.9070 loss=0.3250 AOPCR=  1.786 NDCG=  n/a C=  6 T=  455 (42s)  [105 trained / 0 failed so far]
[107/129] GesturePebbleZ2
    stage 1/3: loading data ...
    stage 2/3: training on 120 series (val=26, C=6, T=455, batch=12) ...
    stage 3/3: scoring on 158 test series (accuracy + AOPCR) ...
    [mlflow] versioned model 'seanet_gated_max_topk__mstcn_sep_gated_topk_conjunctive' (id=m-93b791dbd95e4428ac66e181710c74d7) params={'model_size_mb': '1.5014', 'n_model_params': '61444', 'name': 'seanet_gated_max_topk'}
    [mlflow] logged run 'seanet_gated_max_topk_GesturePebbleZ2'  (train_acc=1.0000 val_acc=1.0000 test_acc=0.9241 test_loss=0.3282)
[107/129] GesturePebbleZ2              DONE  acc=0.9241 loss=0.3282 AOPCR=  1.715 NDCG=  n/a C=  6 T=  455 (36s)  [106 trained / 0 failed so far]
[108/129] GunPointAgeSpan
    stage 1/3: loading data ...
    stage 2/3: training on 109 series (val=26, C=2, T=150, batch=10) ...
    stage 3/3: scoring on 316 test series (accuracy + AOPCR) ...
    [mlflow] versioned model 'seanet_gated_max_topk__mstcn_sep_gated_topk_conjunctive' (id=m-0d8afd8e3de34767ab7f44b49f061067) params={'model_size_mb': '1.5003', 'n_model_params': '61148', 'name': 'seanet_gated_max_topk'}
    [mlflow] logged run 'seanet_gated_max_topk_GunPointAgeSpan'  (train_acc=1.0000 val_acc=1.0000 test_acc=0.9905 test_loss=0.0828)
[108/129] GunPointAgeSpan              DONE  acc=0.9905 loss=0.0828 AOPCR=  0.538 NDCG=  n/a C=  2 T=  150 (31s)  [107 trained / 0 failed so far]
[109/129] GunPointMaleVersusFemale
    stage 1/3: loading data ...
    stage 2/3: training on 109 series (val=26, C=2, T=150, batch=10) ...
    stage 3/3: scoring on 316 test series (accuracy + AOPCR) ...
    [mlflow] versioned model 'seanet_gated_max_topk__mstcn_sep_gated_topk_conjunctive' (id=m-3e522388c8de47c7b512a1c534548d03) params={'model_size_mb': '1.5003', 'n_model_params': '61148', 'name': 'seanet_gated_max_topk'}
    [mlflow] logged run 'seanet_gated_max_topk_GunPointMaleVersusFemale'  (train_acc=1.0000 val_acc=1.0000 test_acc=0.9873 test_loss=0.0909)
[109/129] GunPointMaleVersusFemale     DONE  acc=0.9873 loss=0.0909 AOPCR=  2.577 NDCG=  n/a C=  2 T=  150 (26s)  [108 trained / 0 failed so far]
[110/129] GunPointOldVersusYoung
    stage 1/3: loading data ...
    stage 2/3: training on 109 series (val=27, C=2, T=150, batch=10) ...
    stage 3/3: scoring on 315 test series (accuracy + AOPCR) ...
    [mlflow] versioned model 'seanet_gated_max_topk__mstcn_sep_gated_topk_conjunctive' (id=m-a0c0643a82bc43e791fd9ddd1306b9fc) params={'model_size_mb': '1.5003', 'n_model_params': '61148', 'name': 'seanet_gated_max_topk'}
    [mlflow] logged run 'seanet_gated_max_topk_GunPointOldVersusYoung'  (train_acc=1.0000 val_acc=1.0000 test_acc=0.9746 test_loss=0.0980)
[110/129] GunPointOldVersusYoung       DONE  acc=0.9746 loss=0.0980 AOPCR=  1.274 NDCG=  n/a C=  2 T=  150 (51s)  [109 trained / 0 failed so far]
[111/129] HouseTwenty
    stage 1/3: loading data ...
    stage 2/3: training on 40 series (no val (train-loss early stop), C=2, T=2000, batch=4) ...
    stage 3/3: scoring on 119 test series (accuracy + AOPCR) ...
    [mlflow] versioned model 'seanet_gated_max_topk__mstcn_sep_gated_topk_conjunctive' (id=m-e4c5d474ad5843b5b86dc9366744fb95) params={'model_size_mb': '1.5003', 'n_model_params': '61148', 'name': 'seanet_gated_max_topk'}
    [mlflow] logged run 'seanet_gated_max_topk_HouseTwenty'  (train_acc=1.0000 test_acc=0.9412 test_loss=0.1819)
[111/129] HouseTwenty                  DONE  acc=0.9412 loss=0.1819 AOPCR=  2.132 NDCG=  n/a C=  2 T= 2000 (28s)  [110 trained / 0 failed so far]
[112/129] InsectEPGRegularTrain
    stage 1/3: loading data ...
    stage 2/3: training on 62 series (no val (train-loss early stop), C=3, T=601, batch=6) ...
    stage 3/3: scoring on 249 test series (accuracy + AOPCR) ...
    [mlflow] versioned model 'seanet_gated_max_topk__mstcn_sep_gated_topk_conjunctive' (id=m-a943f1e735154472bed7aea688d77641) params={'model_size_mb': '1.5006', 'n_model_params': '61222', 'name': 'seanet_gated_max_topk'}
    [mlflow] logged run 'seanet_gated_max_topk_InsectEPGRegularTrain'  (train_acc=1.0000 test_acc=0.9799 test_loss=0.1220)
[112/129] InsectEPGRegularTrain        DONE  acc=0.9799 loss=0.1220 AOPCR=  1.581 NDCG=  n/a C=  3 T=  601 (55s)  [111 trained / 0 failed so far]
[113/129] InsectEPGSmallTrain
    stage 1/3: loading data ...
    stage 2/3: training on 17 series (no val (train-loss early stop), C=3, T=601, batch=2) ...
    stage 3/3: scoring on 249 test series (accuracy + AOPCR) ...
    [mlflow] versioned model 'seanet_gated_max_topk__mstcn_sep_gated_topk_conjunctive' (id=m-4fa0af8a8eea4b6ba0fdc9db028d7df2) params={'model_size_mb': '1.5006', 'n_model_params': '61222', 'name': 'seanet_gated_max_topk'}
    [mlflow] logged run 'seanet_gated_max_topk_InsectEPGSmallTrain'  (train_acc=1.0000 test_acc=0.9518 test_loss=0.2105)
[113/129] InsectEPGSmallTrain          DONE  acc=0.9518 loss=0.2105 AOPCR=  2.397 NDCG=  n/a C=  3 T=  601 (34s)  [112 trained / 0 failed so far]
[114/129] MelbournePedestrian
    stage 1/3: loading data ...
    stage 2/3: training on 956 series (val=238, C=10, T=24, batch=16) ...
    stage 3/3: scoring on 2439 test series (accuracy + AOPCR) ...
    [mlflow] versioned model 'seanet_gated_max_topk__mstcn_sep_gated_topk_conjunctive' (id=m-3eaf871aceac4d10b934740eeb9bd1c3) params={'model_size_mb': '1.5025', 'n_model_params': '61740', 'name': 'seanet_gated_max_topk'}
    [mlflow] logged run 'seanet_gated_max_topk_MelbournePedestrian'  (train_acc=0.9791 val_acc=0.8992 test_acc=0.8889 test_loss=0.3661)
[114/129] MelbournePedestrian          DONE  acc=0.8889 loss=0.3661 AOPCR=  0.340 NDCG=  n/a C= 10 T=   24 (88s)  [113 trained / 0 failed so far]
[115/129] MixedShapesRegularTrain
    stage 1/3: loading data ...
    stage 2/3: training on 400 series (val=100, C=5, T=1024, batch=16) ...
    stage 3/3: scoring on 2425 test series (accuracy + AOPCR) ...
    [mlflow] versioned model 'seanet_gated_max_topk__mstcn_sep_gated_topk_conjunctive' (id=m-841a30da4a994803841a8a60a29c7459) params={'model_size_mb': '1.5011', 'n_model_params': '61370', 'name': 'seanet_gated_max_topk'}
    [mlflow] logged run 'seanet_gated_max_topk_MixedShapesRegularTrain'  (train_acc=1.0000 val_acc=0.9600 test_acc=0.9485 test_loss=0.2565)
[115/129] MixedShapesRegularTrain      DONE  acc=0.9485 loss=0.2565 AOPCR=  0.904 NDCG=  n/a C=  5 T= 1024 (70s)  [114 trained / 0 failed so far]
[116/129] MixedShapesSmallTrain
    stage 1/3: loading data ...
    stage 2/3: training on 80 series (val=20, C=5, T=1024, batch=8) ...
    stage 3/3: scoring on 2425 test series (accuracy + AOPCR) ...
    [mlflow] versioned model 'seanet_gated_max_topk__mstcn_sep_gated_topk_conjunctive' (id=m-75092a96bf2846d1883344fcf4b491dd) params={'model_size_mb': '1.5011', 'n_model_params': '61370', 'name': 'seanet_gated_max_topk'}
    [mlflow] logged run 'seanet_gated_max_topk_MixedShapesSmallTrain'  (train_acc=1.0000 val_acc=1.0000 test_acc=0.8676 test_loss=0.4239)
[116/129] MixedShapesSmallTrain        DONE  acc=0.8676 loss=0.4239 AOPCR=  1.952 NDCG=  n/a C=  5 T= 1024 (37s)  [115 trained / 0 failed so far]
[117/129] PLAID
    stage 1/3: loading data ...
    stage 2/3: training on 436 series (val=101, C=11, T=1344, batch=16) ...
    stage 3/3: scoring on 537 test series (accuracy + AOPCR) ...
    [mlflow] versioned model 'seanet_gated_max_topk__mstcn_sep_gated_topk_conjunctive' (id=m-56448756817545b8a767b3ca2f0604f4) params={'model_size_mb': '1.5028', 'n_model_params': '61814', 'name': 'seanet_gated_max_topk'}
    [mlflow] logged run 'seanet_gated_max_topk_PLAID'  (train_acc=0.9427 val_acc=0.8713 test_acc=0.8734 test_loss=0.4211)
[117/129] PLAID                        DONE  acc=0.8734 loss=0.4211 AOPCR=  2.728 NDCG=  n/a C= 11 T= 1344 (43s)  [116 trained / 0 failed so far]
[118/129] PickupGestureWiimoteZ
    stage 1/3: loading data ...
    stage 2/3: training on 50 series (no val (train-loss early stop), C=10, T=361, batch=5) ...
    stage 3/3: scoring on 50 test series (accuracy + AOPCR) ...
    [mlflow] versioned model 'seanet_gated_max_topk__mstcn_sep_gated_topk_conjunctive' (id=m-d250c3ed934f49d482e1acffba47884d) params={'model_size_mb': '1.5025', 'n_model_params': '61740', 'name': 'seanet_gated_max_topk'}
    [mlflow] logged run 'seanet_gated_max_topk_PickupGestureWiimoteZ'  (train_acc=1.0000 test_acc=0.8000 test_loss=0.8121)
[118/129] PickupGestureWiimoteZ        DONE  acc=0.8000 loss=0.8121 AOPCR=  0.722 NDCG=  n/a C= 10 T=  361 (35s)  [117 trained / 0 failed so far]
[119/129] PigAirwayPressure
    stage 1/3: loading data ...
    stage 2/3: training on 52 series (val=52, C=52, T=2000, batch=5) ...
    stage 3/3: scoring on 208 test series (accuracy + AOPCR) ...
    [mlflow] versioned model 'seanet_gated_max_topk__mstcn_sep_gated_topk_conjunctive' (id=m-a4387755e52b4e829a70dabcefbb46a6) params={'model_size_mb': '1.5144', 'n_model_params': '64848', 'name': 'seanet_gated_max_topk'}
    [mlflow] logged run 'seanet_gated_max_topk_PigAirwayPressure'  (train_acc=0.0577 val_acc=0.0385 test_acc=0.0433 test_loss=3.8822)
[119/129] PigAirwayPressure            DONE  acc=0.0433 loss=3.8822 AOPCR=  0.373 NDCG=  n/a C= 52 T= 2000 (10s)  [118 trained / 0 failed so far]
[120/129] PigArtPressure
    stage 1/3: loading data ...
    stage 2/3: training on 52 series (val=52, C=52, T=2000, batch=5) ...
    stage 3/3: scoring on 208 test series (accuracy + AOPCR) ...
    [mlflow] versioned model 'seanet_gated_max_topk__mstcn_sep_gated_topk_conjunctive' (id=m-0352d0f3ec8440e8bdf0159adad12467) params={'model_size_mb': '1.5144', 'n_model_params': '64848', 'name': 'seanet_gated_max_topk'}
    [mlflow] logged run 'seanet_gated_max_topk_PigArtPressure'  (train_acc=1.0000 val_acc=0.7500 test_acc=0.8413 test_loss=0.6882)
[120/129] PigArtPressure               DONE  acc=0.8413 loss=0.6882 AOPCR=  1.271 NDCG=  n/a C= 52 T= 2000 (34s)  [119 trained / 0 failed so far]
[121/129] PigCVP
    stage 1/3: loading data ...
    stage 2/3: training on 52 series (val=52, C=52, T=2000, batch=5) ...
    stage 3/3: scoring on 208 test series (accuracy + AOPCR) ...
    [mlflow] versioned model 'seanet_gated_max_topk__mstcn_sep_gated_topk_conjunctive' (id=m-a993166f7760420ba1c5dc243d079796) params={'model_size_mb': '1.5144', 'n_model_params': '64848', 'name': 'seanet_gated_max_topk'}
    [mlflow] logged run 'seanet_gated_max_topk_PigCVP'  (train_acc=1.0000 val_acc=0.7115 test_acc=0.7067 test_loss=1.3960)
[121/129] PigCVP                       DONE  acc=0.7067 loss=1.3960 AOPCR=  1.799 NDCG=  n/a C= 52 T= 2000 (52s)  [120 trained / 0 failed so far]
[122/129] PowerCons
    stage 1/3: loading data ...
    stage 2/3: training on 144 series (val=36, C=2, T=144, batch=14) ...
    stage 3/3: scoring on 180 test series (accuracy + AOPCR) ...
    [mlflow] versioned model 'seanet_gated_max_topk__mstcn_sep_gated_topk_conjunctive' (id=m-2f3e02f52fc7432ea3ee8a02a4d1e31e) params={'model_size_mb': '1.5003', 'n_model_params': '61148', 'name': 'seanet_gated_max_topk'}
    [mlflow] logged run 'seanet_gated_max_topk_PowerCons'  (train_acc=1.0000 val_acc=0.9444 test_acc=0.9611 test_loss=0.1546)
[122/129] PowerCons                    DONE  acc=0.9611 loss=0.1546 AOPCR=  1.026 NDCG=  n/a C=  2 T=  144 (12s)  [121 trained / 0 failed so far]
[123/129] Rock
    stage 1/3: loading data ...
    stage 2/3: training on 20 series (no val (train-loss early stop), C=4, T=2844, batch=2) ...
    stage 3/3: scoring on 50 test series (accuracy + AOPCR) ...
    [mlflow] versioned model 'seanet_gated_max_topk__mstcn_sep_gated_topk_conjunctive' (id=m-b7ba12347c85463d8472bef55ef62521) params={'model_size_mb': '1.5009', 'n_model_params': '61296', 'name': 'seanet_gated_max_topk'}
    [mlflow] logged run 'seanet_gated_max_topk_Rock'  (train_acc=1.0000 test_acc=0.7000 test_loss=0.7233)
[123/129] Rock                         DONE  acc=0.7000 loss=0.7233 AOPCR=  1.378 NDCG=  n/a C=  4 T= 2844 (25s)  [122 trained / 0 failed so far]
[124/129] SemgHandGenderCh2
    stage 1/3: loading data ...
    stage 2/3: training on 240 series (val=60, C=2, T=1500, batch=16) ...
    stage 3/3: scoring on 600 test series (accuracy + AOPCR) ...
    [mlflow] versioned model 'seanet_gated_max_topk__mstcn_sep_gated_topk_conjunctive' (id=m-c905c3fd7e5e4bc29d34c42300b1224e) params={'model_size_mb': '1.5003', 'n_model_params': '61148', 'name': 'seanet_gated_max_topk'}
    [mlflow] logged run 'seanet_gated_max_topk_SemgHandGenderCh2'  (train_acc=1.0000 val_acc=0.9000 test_acc=0.8900 test_loss=0.2487)
[124/129] SemgHandGenderCh2            DONE  acc=0.8900 loss=0.2487 AOPCR=  0.623 NDCG=  n/a C=  2 T= 1500 (30s)  [123 trained / 0 failed so far]
[125/129] SemgHandMovementCh2
    stage 1/3: loading data ...
    stage 2/3: training on 360 series (val=90, C=6, T=1500, batch=16) ...
    stage 3/3: scoring on 450 test series (accuracy + AOPCR) ...
    [mlflow] versioned model 'seanet_gated_max_topk__mstcn_sep_gated_topk_conjunctive' (id=m-96538162dda84c7bbb2d72d2f333e8c2) params={'model_size_mb': '1.5014', 'n_model_params': '61444', 'name': 'seanet_gated_max_topk'}
    [mlflow] logged run 'seanet_gated_max_topk_SemgHandMovementCh2'  (train_acc=0.9833 val_acc=0.7222 test_acc=0.6667 test_loss=0.9146)
[125/129] SemgHandMovementCh2          DONE  acc=0.6667 loss=0.9146 AOPCR=  1.869 NDCG=  n/a C=  6 T= 1500 (40s)  [124 trained / 0 failed so far]
[126/129] SemgHandSubjectCh2
    stage 1/3: loading data ...
    stage 2/3: training on 360 series (val=90, C=5, T=1500, batch=16) ...
    stage 3/3: scoring on 450 test series (accuracy + AOPCR) ...
    [mlflow] versioned model 'seanet_gated_max_topk__mstcn_sep_gated_topk_conjunctive' (id=m-53349514f01d4abb8751c0e7133f866e) params={'model_size_mb': '1.5011', 'n_model_params': '61370', 'name': 'seanet_gated_max_topk'}
    [mlflow] logged run 'seanet_gated_max_topk_SemgHandSubjectCh2'  (train_acc=0.9722 val_acc=0.8778 test_acc=0.8178 test_loss=0.5590)
[126/129] SemgHandSubjectCh2           DONE  acc=0.8178 loss=0.5590 AOPCR=  1.985 NDCG=  n/a C=  5 T= 1500 (31s)  [125 trained / 0 failed so far]
[127/129] ShakeGestureWiimoteZ
    stage 1/3: loading data ...
    stage 2/3: training on 50 series (no val (train-loss early stop), C=10, T=385, batch=5) ...
    stage 3/3: scoring on 50 test series (accuracy + AOPCR) ...
    [mlflow] versioned model 'seanet_gated_max_topk__mstcn_sep_gated_topk_conjunctive' (id=m-3e301999bc70438981563c75898717ab) params={'model_size_mb': '1.5025', 'n_model_params': '61740', 'name': 'seanet_gated_max_topk'}
    [mlflow] logged run 'seanet_gated_max_topk_ShakeGestureWiimoteZ'  (train_acc=1.0000 test_acc=0.9400 test_loss=0.4204)
[127/129] ShakeGestureWiimoteZ         DONE  acc=0.9400 loss=0.4204 AOPCR=  0.983 NDCG=  n/a C= 10 T=  385 (51s)  [126 trained / 0 failed so far]
[128/129] SmoothSubspace
    stage 1/3: loading data ...
    stage 2/3: training on 120 series (val=30, C=3, T=15, batch=12) ...
    stage 3/3: scoring on 150 test series (accuracy + AOPCR) ...
    [mlflow] versioned model 'seanet_gated_max_topk__mstcn_sep_gated_topk_conjunctive' (id=m-fad1e8bb95ed43b69917d9ac9d4590f9) params={'model_size_mb': '1.5006', 'n_model_params': '61222', 'name': 'seanet_gated_max_topk'}
    [mlflow] logged run 'seanet_gated_max_topk_SmoothSubspace'  (train_acc=1.0000 val_acc=1.0000 test_acc=0.9800 test_loss=0.1239)
[128/129] SmoothSubspace               DONE  acc=0.9800 loss=0.1239 AOPCR=  0.213 NDCG=  n/a C=  3 T=   15 (35s)  [127 trained / 0 failed so far]
[129/129] UMD
    stage 1/3: loading data ...
    stage 2/3: training on 36 series (no val (train-loss early stop), C=3, T=150, batch=3) ...
    stage 3/3: scoring on 144 test series (accuracy + AOPCR) ...
    [mlflow] versioned model 'seanet_gated_max_topk__mstcn_sep_gated_topk_conjunctive' (id=m-6d69bcbbd6df464caf76a8cae6e7eb63) params={'model_size_mb': '1.5006', 'n_model_params': '61222', 'name': 'seanet_gated_max_topk'}
    [mlflow] logged run 'seanet_gated_max_topk_UMD'  (train_acc=1.0000 test_acc=0.9931 test_loss=0.0907)
[129/129] UMD                          DONE  acc=0.9931 loss=0.0907 AOPCR=  1.184 NDCG=  n/a C=  3 T=  150 (58s)  [128 trained / 0 failed so far]

Done: 128 trained, 1 skipped, 0 failed.
Results -> results/SEA_NET/seanet_gated_max_topk__mstcn_sep_gated_topk_conjunctive/results.csv

=== seanet_gated_max_topk__mstcn_sep_gated_topk_conjunctive vs MILLET ConjunctiveInceptionTime (mean of 5 reps) ===
  UCR datasets evaluated: 128  (with MILLET baseline: 85, without: 43)
  metric        ours    MILLET   win/tie/loss   (mean over the 85 datasets MILLET published)
  acc         0.8108    0.8445       22/16/47   
  loss        0.5464    1.2241        59/0/26   (lower is better)
  aopcr       0.9360    4.5532         5/1/79   
  wrote results/SEA_NET/seanet_gated_max_topk__mstcn_sep_gated_topk_conjunctive/comparison_vs_millet.csv

Next: `python main.py report` to draw the figures for seanet_gated_max_topk__mstcn_sep_gated_topk_conjunctive.

[log] finished; full output saved to results/SEA_NET/seanet_gated_max_topk__mstcn_sep_gated_topk_conjunctive/logs/train_2026-07-23_17-50-58.log
