[log] command 'train' started at 2026-07-19_03-30-05 for model 'resnet_conjunctive'
[log] a copy of everything below is being saved to: results/SEA_NET/resnet_conjunctive/logs/train_2026-07-19_03-30-05.log

=== train: model=resnet_conjunctive (config resnet) device=cuda mode=full datasets=129 ===
[params] using DEFAULT recipe (no Optuna record yet - run 'python main.py optuna --model resnet').
  results  -> results/SEA_NET/resnet_conjunctive/results.csv
  resume   -> results/SEA_NET/resnet_conjunctive/done_train_dataset.txt  (delete it to retrain everything; delete one line to retrain that dataset)

  [mlflow] logging runs to experiment 'SEA-Net_resnet_conjunctive_2026-07-19' at sqlite:///mlflow.db
  [mlflow] browse later with:  mlflow ui --backend-store-uri sqlite:///mlflow.db
[  1/129] WebTraffic
    stage 1/3: loading data ...
    stage 2/3: training on 400 series (val=100, C=10, T=1008, batch=16) ...
    stage 3/3: scoring on 500 test series (accuracy + AOPCR + NDCG) ...
    [mlflow] versioned model 'resnet_conjunctive' (id=m-fbe4984b3a5a4dc0b52142fcd7682887) params={'model_size_mb': '4.4156', 'n_model_params': '506331', 'name': 'resnet'}
    [mlflow] logged run 'resnet_WebTraffic'  (train_acc=0.9825 val_acc=0.7700 test_acc=0.7780 test_loss=0.8114)
[  1/129] WebTraffic                   DONE  acc=0.7780 loss=0.8114 AOPCR=  3.402 NDCG=0.532 C= 10 T= 1008 (38s)  [1 trained / 0 failed so far]
[  2/129] Adiac
    stage 1/3: loading data ...
    stage 2/3: training on 328 series (val=62, C=37, T=176, batch=16) ...
    stage 3/3: scoring on 391 test series (accuracy + AOPCR) ...
    [mlflow] versioned model 'resnet_conjunctive' (id=m-25207789b9e54949b5a5e1a4777fd42e) params={'model_size_mb': '4.4289', 'n_model_params': '509814', 'name': 'resnet'}
    [mlflow] logged run 'resnet_Adiac'  (train_acc=0.9238 val_acc=0.8226 test_acc=0.8005 test_loss=0.7871)
[  2/129] Adiac                        DONE  acc=0.8005 loss=0.7871 AOPCR=  1.275 NDCG=  n/a C= 37 T=  176 (40s)  [2 trained / 0 failed so far]
[  3/129] ArrowHead
    stage 1/3: loading data ...
    stage 2/3: training on 36 series (no val (train-loss early stop), C=3, T=251, batch=3) ...
    stage 3/3: scoring on 175 test series (accuracy + AOPCR) ...
    [mlflow] versioned model 'resnet_conjunctive' (id=m-a3dc52db7b7245cabd93052d92a81330) params={'model_size_mb': '4.4121', 'n_model_params': '505428', 'name': 'resnet'}
    [mlflow] logged run 'resnet_ArrowHead'  (train_acc=1.0000 test_acc=0.8400 test_loss=0.4509)
[  3/129] ArrowHead                    DONE  acc=0.8400 loss=0.4509 AOPCR=  0.722 NDCG=  n/a C=  3 T=  251 (20s)  [3 trained / 0 failed so far]
[  4/129] Beef
    stage 1/3: loading data ...
    stage 2/3: training on 30 series (no val (train-loss early stop), C=5, T=470, batch=3) ...
    stage 3/3: scoring on 30 test series (accuracy + AOPCR) ...
    [mlflow] versioned model 'resnet_conjunctive' (id=m-28ede13ef20047f5a23cd7ce79f83149) params={'model_size_mb': '4.4131', 'n_model_params': '505686', 'name': 'resnet'}
    [mlflow] logged run 'resnet_Beef'  (train_acc=0.9333 test_acc=0.7000 test_loss=0.8005)
[  4/129] Beef                         DONE  acc=0.7000 loss=0.8005 AOPCR=  2.203 NDCG=  n/a C=  5 T=  470 (17s)  [4 trained / 0 failed so far]
[  5/129] BeetleFly
    stage 1/3: loading data ...
    stage 2/3: training on 20 series (no val (train-loss early stop), C=2, T=512, batch=2) ...
    stage 3/3: scoring on 20 test series (accuracy + AOPCR) ...
    [mlflow] versioned model 'resnet_conjunctive' (id=m-421a60b9ee7c417a8dc2eb32f2c4a8ef) params={'model_size_mb': '4.4116', 'n_model_params': '505299', 'name': 'resnet'}
    [mlflow] logged run 'resnet_BeetleFly'  (train_acc=1.0000 test_acc=0.8500 test_loss=0.3279)
[  5/129] BeetleFly                    DONE  acc=0.8500 loss=0.3279 AOPCR=  3.625 NDCG=  n/a C=  2 T=  512 (9s)  [5 trained / 0 failed so far]
[  6/129] BirdChicken
    stage 1/3: loading data ...
    stage 2/3: training on 20 series (no val (train-loss early stop), C=2, T=512, batch=2) ...
    stage 3/3: scoring on 20 test series (accuracy + AOPCR) ...
    [mlflow] versioned model 'resnet_conjunctive' (id=m-68ebfeeb2d1b4a21ba2c5dae5b933345) params={'model_size_mb': '4.4116', 'n_model_params': '505299', 'name': 'resnet'}
    [mlflow] logged run 'resnet_BirdChicken'  (train_acc=1.0000 test_acc=0.9500 test_loss=0.1862)
[  6/129] BirdChicken                  DONE  acc=0.9500 loss=0.1862 AOPCR=  1.786 NDCG=  n/a C=  2 T=  512 (9s)  [6 trained / 0 failed so far]
[  7/129] Car
    stage 1/3: loading data ...
    stage 2/3: training on 60 series (no val (train-loss early stop), C=4, T=577, batch=6) ...
    stage 3/3: scoring on 60 test series (accuracy + AOPCR) ...
    [mlflow] versioned model 'resnet_conjunctive' (id=m-135593ad8e2f4f77b0d58b362057c957) params={'model_size_mb': '4.4126', 'n_model_params': '505557', 'name': 'resnet'}
    [mlflow] logged run 'resnet_Car'  (train_acc=1.0000 test_acc=0.9167 test_loss=0.3821)
[  7/129] Car                          DONE  acc=0.9167 loss=0.3821 AOPCR=  2.229 NDCG=  n/a C=  4 T=  577 (8s)  [7 trained / 0 failed so far]
[  8/129] CBF
    stage 1/3: loading data ...
    stage 2/3: training on 30 series (no val (train-loss early stop), C=3, T=128, batch=3) ...
    stage 3/3: scoring on 900 test series (accuracy + AOPCR) ...
    [mlflow] versioned model 'resnet_conjunctive' (id=m-66cb60250730452e98b28f285ba95c14) params={'model_size_mb': '4.4121', 'n_model_params': '505428', 'name': 'resnet'}
    [mlflow] logged run 'resnet_CBF'  (train_acc=1.0000 test_acc=0.9878 test_loss=0.1654)
[  8/129] CBF                          DONE  acc=0.9878 loss=0.1654 AOPCR=  1.088 NDCG=  n/a C=  3 T=  128 (10s)  [8 trained / 0 failed so far]
[  9/129] ChlorineConcentration
    stage 1/3: loading data ...
    stage 2/3: training on 375 series (val=92, C=3, T=166, batch=16) ...
    stage 3/3: scoring on 3840 test series (accuracy + AOPCR) ...
    [mlflow] versioned model 'resnet_conjunctive' (id=m-fe1c003dd95847fd8c3011816c541657) params={'model_size_mb': '4.4121', 'n_model_params': '505428', 'name': 'resnet'}
    [mlflow] logged run 'resnet_ChlorineConcentration'  (train_acc=0.6027 val_acc=0.5761 test_acc=0.5617 test_loss=0.9412)
[  9/129] ChlorineConcentration        DONE  acc=0.5617 loss=0.9412 AOPCR=  0.290 NDCG=  n/a C=  3 T=  166 (17s)  [9 trained / 0 failed so far]
[ 10/129] CinCECGTorso
    stage 1/3: loading data ...
    stage 2/3: training on 40 series (no val (train-loss early stop), C=4, T=1639, batch=4) ...
    stage 3/3: scoring on 1380 test series (accuracy + AOPCR) ...
    [mlflow] versioned model 'resnet_conjunctive' (id=m-8378eca2d835491fbdc923a941176a5d) params={'model_size_mb': '4.4126', 'n_model_params': '505557', 'name': 'resnet'}
    [mlflow] logged run 'resnet_CinCECGTorso'  (train_acc=1.0000 test_acc=0.8819 test_loss=0.4539)
[ 10/129] CinCECGTorso                 DONE  acc=0.8819 loss=0.4539 AOPCR=  1.936 NDCG=  n/a C=  4 T= 1639 (17s)  [10 trained / 0 failed so far]
[ 11/129] Coffee
    stage 1/3: loading data ...
    stage 2/3: training on 28 series (no val (train-loss early stop), C=2, T=286, batch=2) ...
    stage 3/3: scoring on 28 test series (accuracy + AOPCR) ...
    [mlflow] versioned model 'resnet_conjunctive' (id=m-8383ba8023544674a7565ecc045e5a4d) params={'model_size_mb': '4.4116', 'n_model_params': '505299', 'name': 'resnet'}
    [mlflow] logged run 'resnet_Coffee'  (train_acc=1.0000 test_acc=1.0000 test_loss=0.1055)
[ 11/129] Coffee                       DONE  acc=1.0000 loss=0.1055 AOPCR=  1.624 NDCG=  n/a C=  2 T=  286 (12s)  [11 trained / 0 failed so far]
[ 12/129] Computers
    stage 1/3: loading data ...
    stage 2/3: training on 200 series (val=50, C=2, T=720, batch=16) ...
    stage 3/3: scoring on 250 test series (accuracy + AOPCR) ...
    [mlflow] versioned model 'resnet_conjunctive' (id=m-3ed1f4ee0ab248d1acafb5fb291b073e) params={'model_size_mb': '4.4116', 'n_model_params': '505299', 'name': 'resnet'}
    [mlflow] logged run 'resnet_Computers'  (train_acc=0.9750 val_acc=0.8800 test_acc=0.7960 test_loss=0.6239)
[ 12/129] Computers                    DONE  acc=0.7960 loss=0.6239 AOPCR=  0.854 NDCG=  n/a C=  2 T=  720 (9s)  [12 trained / 0 failed so far]
[ 13/129] CricketX
    stage 1/3: loading data ...
    stage 2/3: training on 317 series (val=73, C=12, T=300, batch=16) ...
    stage 3/3: scoring on 390 test series (accuracy + AOPCR) ...
    [mlflow] versioned model 'resnet_conjunctive' (id=m-8cf3f21b0c244d5a8c5fbc4a98a14bd6) params={'model_size_mb': '4.4165', 'n_model_params': '506589', 'name': 'resnet'}
    [mlflow] logged run 'resnet_CricketX'  (train_acc=0.8896 val_acc=0.7671 test_acc=0.7128 test_loss=0.9306)
[ 13/129] CricketX                     DONE  acc=0.7128 loss=0.9306 AOPCR=  1.713 NDCG=  n/a C= 12 T=  300 (9s)  [13 trained / 0 failed so far]
[ 14/129] CricketY
    stage 1/3: loading data ...
    stage 2/3: training on 317 series (val=73, C=12, T=300, batch=16) ...
    stage 3/3: scoring on 390 test series (accuracy + AOPCR) ...
    [mlflow] versioned model 'resnet_conjunctive' (id=m-c47a3661b5114748b5c2ef5a8bee59b9) params={'model_size_mb': '4.4165', 'n_model_params': '506589', 'name': 'resnet'}
    [mlflow] logged run 'resnet_CricketY'  (train_acc=0.9653 val_acc=0.7260 test_acc=0.7128 test_loss=0.8842)
[ 14/129] CricketY                     DONE  acc=0.7128 loss=0.8842 AOPCR=  1.951 NDCG=  n/a C= 12 T=  300 (14s)  [14 trained / 0 failed so far]
[ 15/129] CricketZ
    stage 1/3: loading data ...
    stage 2/3: training on 316 series (val=74, C=12, T=300, batch=16) ...
    stage 3/3: scoring on 390 test series (accuracy + AOPCR) ...
    [mlflow] versioned model 'resnet_conjunctive' (id=m-49547b43e41a4cf6b01b82464d6295ed) params={'model_size_mb': '4.4165', 'n_model_params': '506589', 'name': 'resnet'}
    [mlflow] logged run 'resnet_CricketZ'  (train_acc=1.0000 val_acc=0.8378 test_acc=0.7333 test_loss=0.8917)
[ 15/129] CricketZ                     DONE  acc=0.7333 loss=0.8917 AOPCR=  1.909 NDCG=  n/a C= 12 T=  300 (28s)  [15 trained / 0 failed so far]
[ 16/129] DiatomSizeReduction
    stage 1/3: loading data ...
    stage 2/3: training on 16 series (no val (train-loss early stop), C=4, T=345, batch=2) ...
    stage 3/3: scoring on 306 test series (accuracy + AOPCR) ...
    [mlflow] versioned model 'resnet_conjunctive' (id=m-c1d35c6397aa470bba44d7bc23aeee7d) params={'model_size_mb': '4.4126', 'n_model_params': '505557', 'name': 'resnet'}
    [mlflow] logged run 'resnet_DiatomSizeReduction'  (train_acc=1.0000 test_acc=0.9542 test_loss=0.2376)
[ 16/129] DiatomSizeReduction          DONE  acc=0.9542 loss=0.2376 AOPCR=  0.664 NDCG=  n/a C=  4 T=  345 (11s)  [16 trained / 0 failed so far]
[ 17/129] DistalPhalanxOutlineAgeGroup
    stage 1/3: loading data ...
    stage 2/3: training on 321 series (val=79, C=3, T=80, batch=16) ...
    stage 3/3: scoring on 139 test series (accuracy + AOPCR) ...
    [mlflow] versioned model 'resnet_conjunctive' (id=m-86e92543b3d144b586d509f55e9d1bcf) params={'model_size_mb': '4.4121', 'n_model_params': '505428', 'name': 'resnet'}
    [mlflow] logged run 'resnet_DistalPhalanxOutlineAgeGroup'  (train_acc=0.8660 val_acc=0.8608 test_acc=0.7482 test_loss=0.5759)
[ 17/129] DistalPhalanxOutlineAgeGroup DONE  acc=0.7482 loss=0.5759 AOPCR=  0.666 NDCG=  n/a C=  3 T=   80 (11s)  [17 trained / 0 failed so far]
[ 18/129] DistalPhalanxOutlineCorrect
    stage 1/3: loading data ...
    stage 2/3: training on 481 series (val=119, C=2, T=80, batch=16) ...
    stage 3/3: scoring on 276 test series (accuracy + AOPCR) ...
    [mlflow] versioned model 'resnet_conjunctive' (id=m-1aaba623a90840eaa9eca26ca0493d3c) params={'model_size_mb': '4.4116', 'n_model_params': '505299', 'name': 'resnet'}
    [mlflow] logged run 'resnet_DistalPhalanxOutlineCorrect'  (train_acc=0.8898 val_acc=0.8739 test_acc=0.7536 test_loss=0.5019)
[ 18/129] DistalPhalanxOutlineCorrect  DONE  acc=0.7536 loss=0.5019 AOPCR=  0.819 NDCG=  n/a C=  2 T=   80 (15s)  [18 trained / 0 failed so far]
[ 19/129] DistalPhalanxTW
    stage 1/3: loading data ...
    stage 2/3: training on 323 series (val=77, C=6, T=80, batch=16) ...
    stage 3/3: scoring on 139 test series (accuracy + AOPCR) ...
    [mlflow] versioned model 'resnet_conjunctive' (id=m-b9fa739f228443cc8a796b22d2950442) params={'model_size_mb': '4.4136', 'n_model_params': '505815', 'name': 'resnet'}
    [mlflow] logged run 'resnet_DistalPhalanxTW'  (train_acc=0.8390 val_acc=0.8182 test_acc=0.6906 test_loss=0.8274)
[ 19/129] DistalPhalanxTW              DONE  acc=0.6906 loss=0.8274 AOPCR=  0.699 NDCG=  n/a C=  6 T=   80 (11s)  [19 trained / 0 failed so far]
[ 20/129] Earthquakes
    stage 1/3: loading data ...
    stage 2/3: training on 259 series (val=63, C=2, T=512, batch=16) ...
    stage 3/3: scoring on 139 test series (accuracy + AOPCR) ...
    [mlflow] versioned model 'resnet_conjunctive' (id=m-e7c6d7d7f02f402881f1284c0f5e6ed5) params={'model_size_mb': '4.4116', 'n_model_params': '505299', 'name': 'resnet'}
    [mlflow] logged run 'resnet_Earthquakes'  (train_acc=0.8224 val_acc=0.8254 test_acc=0.7482 test_loss=0.5652)
[ 20/129] Earthquakes                  DONE  acc=0.7482 loss=0.5652 AOPCR=  0.448 NDCG=  n/a C=  2 T=  512 (6s)  [20 trained / 0 failed so far]
[ 21/129] ECG200
    stage 1/3: loading data ...
    stage 2/3: training on 81 series (val=19, C=2, T=96, batch=8) ...
    stage 3/3: scoring on 100 test series (accuracy + AOPCR) ...
    [mlflow] versioned model 'resnet_conjunctive' (id=m-30db926a29344da3b88a9fd30881167a) params={'model_size_mb': '4.4116', 'n_model_params': '505299', 'name': 'resnet'}
    [mlflow] logged run 'resnet_ECG200'  (train_acc=0.9259 val_acc=0.7368 test_acc=0.8200 test_loss=0.4009)
[ 21/129] ECG200                       DONE  acc=0.8200 loss=0.4009 AOPCR=  0.292 NDCG=  n/a C=  2 T=   96 (4s)  [21 trained / 0 failed so far]
[ 22/129] ECG5000
    stage 1/3: loading data ...
    stage 2/3: training on 401 series (val=99, C=5, T=140, batch=16) ...
    stage 3/3: scoring on 4500 test series (accuracy + AOPCR) ...
    [mlflow] versioned model 'resnet_conjunctive' (id=m-a743f9472a59493ca5bebd6c7bc967d4) params={'model_size_mb': '4.4131', 'n_model_params': '505686', 'name': 'resnet'}
    [mlflow] logged run 'resnet_ECG5000'  (train_acc=0.9526 val_acc=0.9596 test_acc=0.9378 test_loss=0.2776)
[ 22/129] ECG5000                      DONE  acc=0.9378 loss=0.2776 AOPCR=  0.988 NDCG=  n/a C=  5 T=  140 (17s)  [22 trained / 0 failed so far]
[ 23/129] ECGFiveDays
    stage 1/3: loading data ...
    stage 2/3: training on 23 series (no val (train-loss early stop), C=2, T=136, batch=2) ...
    stage 3/3: scoring on 861 test series (accuracy + AOPCR) ...
    [mlflow] versioned model 'resnet_conjunctive' (id=m-2fa05131601a4f5aaa39368a1575dab8) params={'model_size_mb': '4.4116', 'n_model_params': '505299', 'name': 'resnet'}
    [mlflow] logged run 'resnet_ECGFiveDays'  (train_acc=1.0000 test_acc=0.9919 test_loss=0.1423)
[ 23/129] ECGFiveDays                  DONE  acc=0.9919 loss=0.1423 AOPCR= -0.221 NDCG=  n/a C=  2 T=  136 (16s)  [23 trained / 0 failed so far]
[ 24/129] ElectricDevices
    stage 1/3: loading data ...
    stage 2/3: training on 7144 series (val=1782, C=7, T=96, batch=16) ...
    stage 3/3: scoring on 7711 test series (accuracy + AOPCR) ...
    [mlflow] versioned model 'resnet_conjunctive' (id=m-c96e59ecacfa4e0e90017eeac935f023) params={'model_size_mb': '4.4141', 'n_model_params': '505944', 'name': 'resnet'}
    [mlflow] logged run 'resnet_ElectricDevices'  (train_acc=0.9530 val_acc=0.9254 test_acc=0.7235 test_loss=0.9458)
[ 24/129] ElectricDevices              DONE  acc=0.7235 loss=0.9458 AOPCR=  1.492 NDCG=  n/a C=  7 T=   96 (591s)  [24 trained / 0 failed so far]
[ 25/129] FaceAll
    stage 1/3: loading data ...
    stage 2/3: training on 448 series (val=112, C=14, T=131, batch=16) ...
    stage 3/3: scoring on 1690 test series (accuracy + AOPCR) ...
    [mlflow] versioned model 'resnet_conjunctive' (id=m-d7f369159eb24dfbbabb9855821f2c82) params={'model_size_mb': '4.4175', 'n_model_params': '506847', 'name': 'resnet'}
    [mlflow] logged run 'resnet_FaceAll'  (train_acc=1.0000 val_acc=0.9821 test_acc=0.9367 test_loss=0.3530)
[ 25/129] FaceAll                      DONE  acc=0.9367 loss=0.3530 AOPCR=  1.489 NDCG=  n/a C= 14 T=  131 (16s)  [25 trained / 0 failed so far]
[ 26/129] FaceFour
    stage 1/3: loading data ...
    stage 2/3: training on 24 series (no val (train-loss early stop), C=4, T=350, batch=2) ...
    stage 3/3: scoring on 88 test series (accuracy + AOPCR) ...
    [mlflow] versioned model 'resnet_conjunctive' (id=m-4a678583649242228e7e97feb4b28246) params={'model_size_mb': '4.4126', 'n_model_params': '505557', 'name': 'resnet'}
    [mlflow] logged run 'resnet_FaceFour'  (train_acc=1.0000 test_acc=0.9318 test_loss=0.4133)
[ 26/129] FaceFour                     DONE  acc=0.9318 loss=0.4133 AOPCR=  0.967 NDCG=  n/a C=  4 T=  350 (11s)  [26 trained / 0 failed so far]
[ 27/129] FacesUCR
    stage 1/3: loading data ...
    stage 2/3: training on 165 series (val=35, C=14, T=131, batch=16) ...
    stage 3/3: scoring on 2050 test series (accuracy + AOPCR) ...
    [mlflow] versioned model 'resnet_conjunctive' (id=m-428575b00ff542ba981c2230b4cf49b8) params={'model_size_mb': '4.4175', 'n_model_params': '506847', 'name': 'resnet'}
    [mlflow] logged run 'resnet_FacesUCR'  (train_acc=1.0000 val_acc=0.9714 test_acc=0.9385 test_loss=0.4173)
[ 27/129] FacesUCR                     DONE  acc=0.9385 loss=0.4173 AOPCR=  1.016 NDCG=  n/a C= 14 T=  131 (11s)  [27 trained / 0 failed so far]
[ 28/129] FiftyWords
    stage 1/3: loading data ...
    stage 2/3: training on 365 series (val=85, C=50, T=270, batch=16) ...
    stage 3/3: scoring on 455 test series (accuracy + AOPCR) ...
    [mlflow] versioned model 'resnet_conjunctive' (id=m-74fe927af34741feaf5879158c782ee4) params={'model_size_mb': '4.4353', 'n_model_params': '511491', 'name': 'resnet'}
    [mlflow] logged run 'resnet_FiftyWords'  (train_acc=1.0000 val_acc=0.6824 test_acc=0.6813 test_loss=1.3525)
[ 28/129] FiftyWords                   DONE  acc=0.6813 loss=1.3525 AOPCR=  1.993 NDCG=  n/a C= 50 T=  270 (42s)  [28 trained / 0 failed so far]
[ 29/129] Fish
    stage 1/3: loading data ...
    stage 2/3: training on 142 series (val=33, C=7, T=463, batch=14) ...
    stage 3/3: scoring on 175 test series (accuracy + AOPCR) ...
    [mlflow] versioned model 'resnet_conjunctive' (id=m-7d0fbd3984474ad18298ea6895fc262d) params={'model_size_mb': '4.4141', 'n_model_params': '505944', 'name': 'resnet'}
    [mlflow] logged run 'resnet_Fish'  (train_acc=1.0000 val_acc=0.9697 test_acc=0.9600 test_loss=0.4634)
[ 29/129] Fish                         DONE  acc=0.9600 loss=0.4634 AOPCR=  1.936 NDCG=  n/a C=  7 T=  463 (10s)  [29 trained / 0 failed so far]
[ 30/129] FordA
    stage 1/3: loading data ...
    stage 2/3: training on 2881 series (val=720, C=2, T=500, batch=16) ...
    stage 3/3: scoring on 1320 test series (accuracy + AOPCR) ...
    [mlflow] versioned model 'resnet_conjunctive' (id=m-db526f42570846b18eb36cecf9674629) params={'model_size_mb': '4.4116', 'n_model_params': '505299', 'name': 'resnet'}
    [mlflow] logged run 'resnet_FordA'  (train_acc=0.9986 val_acc=0.9792 test_acc=0.9848 test_loss=0.1158)
[ 30/129] FordA                        DONE  acc=0.9848 loss=0.1158 AOPCR=  0.491 NDCG=  n/a C=  2 T=  500 (305s)  [30 trained / 0 failed so far]
[ 31/129] FordB
    stage 1/3: loading data ...
    stage 2/3: training on 2909 series (val=727, C=2, T=500, batch=16) ...
    stage 3/3: scoring on 810 test series (accuracy + AOPCR) ...
    [mlflow] versioned model 'resnet_conjunctive' (id=m-977e743f5f7442c58930ecc46632aada) params={'model_size_mb': '4.4116', 'n_model_params': '505299', 'name': 'resnet'}
    [mlflow] logged run 'resnet_FordB'  (train_acc=0.9728 val_acc=0.9519 test_acc=0.8284 test_loss=0.4042)
[ 31/129] FordB                        DONE  acc=0.8284 loss=0.4042 AOPCR=  1.148 NDCG=  n/a C=  2 T=  500 (119s)  [31 trained / 0 failed so far]
[ 32/129] GunPoint
    stage 1/3: loading data ...
    stage 2/3: training on 50 series (no val (train-loss early stop), C=2, T=150, batch=5) ...
    stage 3/3: scoring on 150 test series (accuracy + AOPCR) ...
    [mlflow] versioned model 'resnet_conjunctive' (id=m-8dc83e1038f445beb66d17ec5fb08a8e) params={'model_size_mb': '4.4116', 'n_model_params': '505299', 'name': 'resnet'}
    [mlflow] logged run 'resnet_GunPoint'  (train_acc=1.0000 test_acc=1.0000 test_loss=0.1193)
[ 32/129] GunPoint                     DONE  acc=1.0000 loss=0.1193 AOPCR=  0.386 NDCG=  n/a C=  2 T=  150 (10s)  [32 trained / 0 failed so far]
[ 33/129] Ham
    stage 1/3: loading data ...
    stage 2/3: training on 88 series (val=21, C=2, T=431, batch=8) ...
    stage 3/3: scoring on 105 test series (accuracy + AOPCR) ...
    [mlflow] versioned model 'resnet_conjunctive' (id=m-ba90fe9404b540e4a7f745551dae6181) params={'model_size_mb': '4.4116', 'n_model_params': '505299', 'name': 'resnet'}
    [mlflow] logged run 'resnet_Ham'  (train_acc=0.9886 val_acc=0.8095 test_acc=0.6571 test_loss=0.6687)
[ 33/129] Ham                          DONE  acc=0.6571 loss=0.6687 AOPCR=  2.247 NDCG=  n/a C=  2 T=  431 (9s)  [33 trained / 0 failed so far]
[ 34/129] HandOutlines
    stage 1/3: loading data ...
    stage 2/3: training on 801 series (val=199, C=2, T=2709, batch=16) ...
    stage 3/3: scoring on 370 test series (accuracy + AOPCR) ...
    [mlflow] versioned model 'resnet_conjunctive' (id=m-f6041fb3a332466ca9cfb37f19376f2f) params={'model_size_mb': '4.4116', 'n_model_params': '505299', 'name': 'resnet'}
    [mlflow] logged run 'resnet_HandOutlines'  (train_acc=0.9451 val_acc=0.8894 test_acc=0.9135 test_loss=0.2701)
[ 34/129] HandOutlines                 DONE  acc=0.9135 loss=0.2701 AOPCR=  3.023 NDCG=  n/a C=  2 T= 2709 (145s)  [34 trained / 0 failed so far]
[ 35/129] Haptics
    stage 1/3: loading data ...
    stage 2/3: training on 127 series (val=28, C=5, T=1092, batch=12) ...
    stage 3/3: scoring on 308 test series (accuracy + AOPCR) ...
    [mlflow] versioned model 'resnet_conjunctive' (id=m-8a59d56bd6004af6934dfe4de569423c) params={'model_size_mb': '4.4131', 'n_model_params': '505686', 'name': 'resnet'}
    [mlflow] logged run 'resnet_Haptics'  (train_acc=0.6772 val_acc=0.6786 test_acc=0.4708 test_loss=1.5066)
[ 35/129] Haptics                      DONE  acc=0.4708 loss=1.5066 AOPCR=  2.404 NDCG=  n/a C=  5 T= 1092 (9s)  [35 trained / 0 failed so far]
[ 36/129] Herring
    stage 1/3: loading data ...
    stage 2/3: training on 64 series (no val (train-loss early stop), C=2, T=512, batch=6) ...
    stage 3/3: scoring on 64 test series (accuracy + AOPCR) ...
    [mlflow] versioned model 'resnet_conjunctive' (id=m-99f6fa63af104c4a86a3a9c0b541372a) params={'model_size_mb': '4.4116', 'n_model_params': '505299', 'name': 'resnet'}
    [mlflow] logged run 'resnet_Herring'  (train_acc=1.0000 test_acc=0.6562 test_loss=0.7307)
[ 36/129] Herring                      DONE  acc=0.6562 loss=0.7307 AOPCR=  2.115 NDCG=  n/a C=  2 T=  512 (19s)  [36 trained / 0 failed so far]
[ 37/129] InlineSkate
    stage 1/3: loading data ...
    stage 2/3: training on 84 series (val=16, C=7, T=1882, batch=8) ...
    stage 3/3: scoring on 550 test series (accuracy + AOPCR) ...
    [mlflow] versioned model 'resnet_conjunctive' (id=m-5b0ae46b51fa4bcaa27c8d01a841625f) params={'model_size_mb': '4.4141', 'n_model_params': '505944', 'name': 'resnet'}
    [mlflow] logged run 'resnet_InlineSkate'  (train_acc=0.8333 val_acc=0.5625 test_acc=0.4255 test_loss=1.5043)
[ 37/129] InlineSkate                  DONE  acc=0.4255 loss=1.5043 AOPCR=  1.926 NDCG=  n/a C=  7 T= 1882 (13s)  [37 trained / 0 failed so far]
[ 38/129] InsectWingbeatSound
    stage 1/3: loading data ...
    stage 2/3: training on 176 series (val=44, C=11, T=256, batch=16) ...
    stage 3/3: scoring on 1980 test series (accuracy + AOPCR) ...
    [mlflow] versioned model 'resnet_conjunctive' (id=m-ca74bb8bf19c4166bf12284084a8f25e) params={'model_size_mb': '4.416', 'n_model_params': '506460', 'name': 'resnet'}
    [mlflow] logged run 'resnet_InsectWingbeatSound'  (train_acc=0.5909 val_acc=0.3636 test_acc=0.4495 test_loss=1.5309)
[ 38/129] InsectWingbeatSound          DONE  acc=0.4495 loss=1.5309 AOPCR=  0.786 NDCG=  n/a C= 11 T=  256 (5s)  [38 trained / 0 failed so far]
[ 39/129] ItalyPowerDemand
    stage 1/3: loading data ...
    stage 2/3: training on 67 series (no val (train-loss early stop), C=2, T=24, batch=6) ...
    stage 3/3: scoring on 1029 test series (accuracy + AOPCR) ...
    [mlflow] versioned model 'resnet_conjunctive' (id=m-bcbfcce54d5f4e0c8737b39db3baa511) params={'model_size_mb': '4.4116', 'n_model_params': '505299', 'name': 'resnet'}
    [mlflow] logged run 'resnet_ItalyPowerDemand'  (train_acc=1.0000 test_acc=0.9310 test_loss=0.2164)
[ 39/129] ItalyPowerDemand             DONE  acc=0.9310 loss=0.2164 AOPCR=  0.537 NDCG=  n/a C=  2 T=   24 (11s)  [39 trained / 0 failed so far]
[ 40/129] LargeKitchenAppliances
    stage 1/3: loading data ...
    stage 2/3: training on 300 series (val=75, C=3, T=720, batch=16) ...
    stage 3/3: scoring on 375 test series (accuracy + AOPCR) ...
    [mlflow] versioned model 'resnet_conjunctive' (id=m-949802f58d3e47a8827b7d2f4e5a1b3f) params={'model_size_mb': '4.4121', 'n_model_params': '505428', 'name': 'resnet'}
    [mlflow] logged run 'resnet_LargeKitchenAppliances'  (train_acc=1.0000 val_acc=0.9867 test_acc=0.8933 test_loss=0.3366)
[ 40/129] LargeKitchenAppliances       DONE  acc=0.8933 loss=0.3366 AOPCR=  1.463 NDCG=  n/a C=  3 T=  720 (13s)  [40 trained / 0 failed so far]
[ 41/129] Lightning2
    stage 1/3: loading data ...
    stage 2/3: training on 60 series (no val (train-loss early stop), C=2, T=637, batch=6) ...
    stage 3/3: scoring on 61 test series (accuracy + AOPCR) ...
    [mlflow] versioned model 'resnet_conjunctive' (id=m-5e52c49822ff447184a2000b762e04fb) params={'model_size_mb': '4.4116', 'n_model_params': '505299', 'name': 'resnet'}
    [mlflow] logged run 'resnet_Lightning2'  (train_acc=1.0000 test_acc=0.7869 test_loss=0.4743)
[ 41/129] Lightning2                   DONE  acc=0.7869 loss=0.4743 AOPCR=  1.311 NDCG=  n/a C=  2 T=  637 (18s)  [41 trained / 0 failed so far]
[ 42/129] Lightning7
    stage 1/3: loading data ...
    stage 2/3: training on 70 series (no val (train-loss early stop), C=7, T=319, batch=7) ...
    stage 3/3: scoring on 73 test series (accuracy + AOPCR) ...
    [mlflow] versioned model 'resnet_conjunctive' (id=m-8279ded9a2af48a8aa87ab3b85f93166) params={'model_size_mb': '4.4141', 'n_model_params': '505944', 'name': 'resnet'}
    [mlflow] logged run 'resnet_Lightning7'  (train_acc=1.0000 test_acc=0.7671 test_loss=0.6726)
[ 42/129] Lightning7                   DONE  acc=0.7671 loss=0.6726 AOPCR=  1.260 NDCG=  n/a C=  7 T=  319 (16s)  [42 trained / 0 failed so far]
[ 43/129] Mallat
    stage 1/3: loading data ...
    stage 2/3: training on 55 series (no val (train-loss early stop), C=8, T=1024, batch=5) ...
    stage 3/3: scoring on 2345 test series (accuracy + AOPCR) ...
    [mlflow] versioned model 'resnet_conjunctive' (id=m-53a860df61d74c70bb8e2e459ec10af8) params={'model_size_mb': '4.4146', 'n_model_params': '506073', 'name': 'resnet'}
    [mlflow] logged run 'resnet_Mallat'  (train_acc=1.0000 test_acc=0.9446 test_loss=0.3144)
[ 43/129] Mallat                       DONE  acc=0.9446 loss=0.3144 AOPCR=  2.636 NDCG=  n/a C=  8 T= 1024 (15s)  [43 trained / 0 failed so far]
[ 44/129] Meat
    stage 1/3: loading data ...
    stage 2/3: training on 60 series (no val (train-loss early stop), C=3, T=448, batch=6) ...
    stage 3/3: scoring on 60 test series (accuracy + AOPCR) ...
    [mlflow] versioned model 'resnet_conjunctive' (id=m-5c2c8cc241d64551a37633d790ef9e7f) params={'model_size_mb': '4.4121', 'n_model_params': '505428', 'name': 'resnet'}
    [mlflow] logged run 'resnet_Meat'  (train_acc=0.9833 test_acc=0.8500 test_loss=0.3910)
[ 44/129] Meat                         DONE  acc=0.8500 loss=0.3910 AOPCR=-16.378 NDCG=  n/a C=  3 T=  448 (17s)  [44 trained / 0 failed so far]
[ 45/129] MedicalImages
    stage 1/3: loading data ...
    stage 2/3: training on 307 series (val=74, C=10, T=99, batch=16) ...
    stage 3/3: scoring on 760 test series (accuracy + AOPCR) ...
    [mlflow] versioned model 'resnet_conjunctive' (id=m-832ca155d8054c18acb9e207ed55994b) params={'model_size_mb': '4.4156', 'n_model_params': '506331', 'name': 'resnet'}
    [mlflow] logged run 'resnet_MedicalImages'  (train_acc=0.9446 val_acc=0.7838 test_acc=0.7618 test_loss=0.7295)
[ 45/129] MedicalImages                DONE  acc=0.7618 loss=0.7295 AOPCR=  1.407 NDCG=  n/a C= 10 T=   99 (19s)  [45 trained / 0 failed so far]
[ 46/129] MiddlePhalanxOutlineAgeGroup
    stage 1/3: loading data ...
    stage 2/3: training on 321 series (val=79, C=3, T=80, batch=16) ...
    stage 3/3: scoring on 154 test series (accuracy + AOPCR) ...
    [mlflow] versioned model 'resnet_conjunctive' (id=m-c52140cbedb6434bbcaedcb849c26fb2) params={'model_size_mb': '4.4121', 'n_model_params': '505428', 'name': 'resnet'}
    [mlflow] logged run 'resnet_MiddlePhalanxOutlineAgeGroup'  (train_acc=0.8006 val_acc=0.7975 test_acc=0.6169 test_loss=0.9157)
[ 46/129] MiddlePhalanxOutlineAgeGroup DONE  acc=0.6169 loss=0.9157 AOPCR=  0.494 NDCG=  n/a C=  3 T=   80 (8s)  [46 trained / 0 failed so far]
[ 47/129] MiddlePhalanxOutlineCorrect
    stage 1/3: loading data ...
    stage 2/3: training on 481 series (val=119, C=2, T=80, batch=16) ...
    stage 3/3: scoring on 291 test series (accuracy + AOPCR) ...
    [mlflow] versioned model 'resnet_conjunctive' (id=m-894c8720707749e7a8a74fd790337d9b) params={'model_size_mb': '4.4116', 'n_model_params': '505299', 'name': 'resnet'}
    [mlflow] logged run 'resnet_MiddlePhalanxOutlineCorrect'  (train_acc=0.8940 val_acc=0.7983 test_acc=0.7835 test_loss=0.4594)
[ 47/129] MiddlePhalanxOutlineCorrect  DONE  acc=0.7835 loss=0.4594 AOPCR=  1.767 NDCG=  n/a C=  2 T=   80 (14s)  [47 trained / 0 failed so far]
[ 48/129] MiddlePhalanxTW
    stage 1/3: loading data ...
    stage 2/3: training on 321 series (val=78, C=6, T=80, batch=16) ...
    stage 3/3: scoring on 154 test series (accuracy + AOPCR) ...
    [mlflow] versioned model 'resnet_conjunctive' (id=m-d2f9de6e6668420aab0229c77fb709d5) params={'model_size_mb': '4.4136', 'n_model_params': '505815', 'name': 'resnet'}
    [mlflow] logged run 'resnet_MiddlePhalanxTW'  (train_acc=0.6542 val_acc=0.6410 test_acc=0.5974 test_loss=1.0902)
[ 48/129] MiddlePhalanxTW              DONE  acc=0.5974 loss=1.0902 AOPCR=  0.534 NDCG=  n/a C=  6 T=   80 (8s)  [48 trained / 0 failed so far]
[ 49/129] MoteStrain
    stage 1/3: loading data ...
    stage 2/3: training on 20 series (no val (train-loss early stop), C=2, T=84, batch=2) ...
    stage 3/3: scoring on 1252 test series (accuracy + AOPCR) ...
    [mlflow] versioned model 'resnet_conjunctive' (id=m-460c0c4335244c4480a541314de240ee) params={'model_size_mb': '4.4116', 'n_model_params': '505299', 'name': 'resnet'}
    [mlflow] logged run 'resnet_MoteStrain'  (train_acc=1.0000 test_acc=0.9089 test_loss=0.2662)
[ 49/129] MoteStrain                   DONE  acc=0.9089 loss=0.2662 AOPCR=  0.543 NDCG=  n/a C=  2 T=   84 (8s)  [49 trained / 0 failed so far]
[ 50/129] NonInvasiveFetalECGThorax1
    stage 1/3: loading data ...
    stage 2/3: training on 1452 series (val=348, C=42, T=750, batch=16) ...
    stage 3/3: scoring on 1965 test series (accuracy + AOPCR) ...
    [mlflow] versioned model 'resnet_conjunctive' (id=m-c6ed1900fcf84223994e4ae38b168bdb) params={'model_size_mb': '4.4313', 'n_model_params': '510459', 'name': 'resnet'}
    [mlflow] logged run 'resnet_NonInvasiveFetalECGThorax1'  (train_acc=0.9966 val_acc=0.9282 test_acc=0.9374 test_loss=0.3803)
[ 50/129] NonInvasiveFetalECGThorax1   DONE  acc=0.9374 loss=0.3803 AOPCR=  5.632 NDCG=  n/a C= 42 T=  750 (126s)  [50 trained / 0 failed so far]
[ 51/129] NonInvasiveFetalECGThorax2
    stage 1/3: loading data ...
    stage 2/3: training on 1452 series (val=348, C=42, T=750, batch=16) ...
    stage 3/3: scoring on 1965 test series (accuracy + AOPCR) ...
    [mlflow] versioned model 'resnet_conjunctive' (id=m-be20feafa91841658d6fbb008998b6e4) params={'model_size_mb': '4.4313', 'n_model_params': '510459', 'name': 'resnet'}
    [mlflow] logged run 'resnet_NonInvasiveFetalECGThorax2'  (train_acc=0.9897 val_acc=0.9253 test_acc=0.9354 test_loss=0.3725)
[ 51/129] NonInvasiveFetalECGThorax2   DONE  acc=0.9354 loss=0.3725 AOPCR=  7.571 NDCG=  n/a C= 42 T=  750 (118s)  [51 trained / 0 failed so far]
[ 52/129] OliveOil
    stage 1/3: loading data ...
    stage 2/3: training on 30 series (no val (train-loss early stop), C=4, T=570, batch=3) ...
    stage 3/3: scoring on 30 test series (accuracy + AOPCR) ...
    [mlflow] versioned model 'resnet_conjunctive' (id=m-bbb66fa0fc4b44fc91d5dec57639ca11) params={'model_size_mb': '4.4126', 'n_model_params': '505557', 'name': 'resnet'}
    [mlflow] logged run 'resnet_OliveOil'  (train_acc=0.4333 test_acc=0.4000 test_loss=1.2902)
[ 52/129] OliveOil                     DONE  acc=0.4000 loss=1.2902 AOPCR=  0.651 NDCG=  n/a C=  4 T=  570 (7s)  [52 trained / 0 failed so far]
[ 53/129] OSULeaf
    stage 1/3: loading data ...
    stage 2/3: training on 163 series (val=37, C=6, T=427, batch=16) ...
    stage 3/3: scoring on 242 test series (accuracy + AOPCR) ...
    [mlflow] versioned model 'resnet_conjunctive' (id=m-bf3b54f94af54b4097ae05e50b06527b) params={'model_size_mb': '4.4136', 'n_model_params': '505815', 'name': 'resnet'}
    [mlflow] logged run 'resnet_OSULeaf'  (train_acc=1.0000 val_acc=1.0000 test_acc=0.9669 test_loss=0.2195)
[ 53/129] OSULeaf                      DONE  acc=0.9669 loss=0.2195 AOPCR=  2.379 NDCG=  n/a C=  6 T=  427 (8s)  [53 trained / 0 failed so far]
[ 54/129] PhalangesOutlinesCorrect
    stage 1/3: loading data ...
    stage 2/3: training on 1441 series (val=359, C=2, T=80, batch=16) ...
    stage 3/3: scoring on 858 test series (accuracy + AOPCR) ...
    [mlflow] versioned model 'resnet_conjunctive' (id=m-b2ce4479c07a48d180e53ebd7f04394c) params={'model_size_mb': '4.4116', 'n_model_params': '505299', 'name': 'resnet'}
    [mlflow] logged run 'resnet_PhalangesOutlinesCorrect'  (train_acc=0.8897 val_acc=0.8524 test_acc=0.8089 test_loss=0.4430)
[ 54/129] PhalangesOutlinesCorrect     DONE  acc=0.8089 loss=0.4430 AOPCR=  0.398 NDCG=  n/a C=  2 T=   80 (57s)  [54 trained / 0 failed so far]
[ 55/129] Phoneme
    stage 1/3: loading data ...
    stage 2/3: training on 171 series (val=43, C=39, T=1024, batch=16) ...
    stage 3/3: scoring on 1896 test series (accuracy + AOPCR) ...
    [mlflow] versioned model 'resnet_conjunctive' (id=m-9d75a3bf78cc401b87e67fcb1072442e) params={'model_size_mb': '4.4298', 'n_model_params': '510072', 'name': 'resnet'}
    [mlflow] logged run 'resnet_Phoneme'  (train_acc=0.3041 val_acc=0.2558 test_acc=0.2358 test_loss=2.7598)
[ 55/129] Phoneme                      DONE  acc=0.2358 loss=2.7598 AOPCR=  0.595 NDCG=  n/a C= 39 T= 1024 (3s)  [55 trained / 0 failed so far]
[ 56/129] Plane
    stage 1/3: loading data ...
    stage 2/3: training on 87 series (val=18, C=7, T=144, batch=8) ...
    stage 3/3: scoring on 105 test series (accuracy + AOPCR) ...
    [mlflow] versioned model 'resnet_conjunctive' (id=m-91f5dcc6adf345d993389ee1cec5a18a) params={'model_size_mb': '4.4141', 'n_model_params': '505944', 'name': 'resnet'}
    [mlflow] logged run 'resnet_Plane'  (train_acc=1.0000 val_acc=1.0000 test_acc=1.0000 test_loss=0.1118)
[ 56/129] Plane                        DONE  acc=1.0000 loss=0.1118 AOPCR=  0.431 NDCG=  n/a C=  7 T=  144 (9s)  [56 trained / 0 failed so far]
[ 57/129] ProximalPhalanxOutlineAgeGroup
    stage 1/3: loading data ...
    stage 2/3: training on 322 series (val=78, C=3, T=80, batch=16) ...
    stage 3/3: scoring on 205 test series (accuracy + AOPCR) ...
    [mlflow] versioned model 'resnet_conjunctive' (id=m-877ff25dc2a84970a009c402f743e7a2) params={'model_size_mb': '4.4121', 'n_model_params': '505428', 'name': 'resnet'}
    [mlflow] logged run 'resnet_ProximalPhalanxOutlineAgeGroup'  (train_acc=0.8913 val_acc=0.8462 test_acc=0.8341 test_loss=0.4627)
[ 57/129] ProximalPhalanxOutlineAgeGroup DONE  acc=0.8341 loss=0.4627 AOPCR=  1.086 NDCG=  n/a C=  3 T=   80 (13s)  [57 trained / 0 failed so far]
[ 58/129] ProximalPhalanxOutlineCorrect
    stage 1/3: loading data ...
    stage 2/3: training on 481 series (val=119, C=2, T=80, batch=16) ...
    stage 3/3: scoring on 291 test series (accuracy + AOPCR) ...
    [mlflow] versioned model 'resnet_conjunctive' (id=m-a0d86e1ae3b34a2e92909b88dd98afe3) params={'model_size_mb': '4.4116', 'n_model_params': '505299', 'name': 'resnet'}
    [mlflow] logged run 'resnet_ProximalPhalanxOutlineCorrect'  (train_acc=0.8836 val_acc=0.8824 test_acc=0.8557 test_loss=0.3515)
[ 58/129] ProximalPhalanxOutlineCorrect DONE  acc=0.8557 loss=0.3515 AOPCR= -0.889 NDCG=  n/a C=  2 T=   80 (17s)  [58 trained / 0 failed so far]
[ 59/129] ProximalPhalanxTW
    stage 1/3: loading data ...
    stage 2/3: training on 322 series (val=78, C=6, T=80, batch=16) ...
    stage 3/3: scoring on 205 test series (accuracy + AOPCR) ...
    [mlflow] versioned model 'resnet_conjunctive' (id=m-75fa864127a14db590a21f28a262de71) params={'model_size_mb': '4.4136', 'n_model_params': '505815', 'name': 'resnet'}
    [mlflow] logged run 'resnet_ProximalPhalanxTW'  (train_acc=0.8851 val_acc=0.8462 test_acc=0.8098 test_loss=0.5811)
[ 59/129] ProximalPhalanxTW            DONE  acc=0.8098 loss=0.5811 AOPCR= -0.672 NDCG=  n/a C=  6 T=   80 (18s)  [59 trained / 0 failed so far]
[ 60/129] RefrigerationDevices
    stage 1/3: loading data ...
    stage 2/3: training on 300 series (val=75, C=3, T=720, batch=16) ...
    stage 3/3: scoring on 375 test series (accuracy + AOPCR) ...
    [mlflow] versioned model 'resnet_conjunctive' (id=m-0993b2e661b546b6b0068e0f822c8a12) params={'model_size_mb': '4.4121', 'n_model_params': '505428', 'name': 'resnet'}
    [mlflow] logged run 'resnet_RefrigerationDevices'  (train_acc=0.8800 val_acc=0.7200 test_acc=0.4933 test_loss=1.3896)
[ 60/129] RefrigerationDevices         DONE  acc=0.4933 loss=1.3896 AOPCR=  0.802 NDCG=  n/a C=  3 T=  720 (17s)  [60 trained / 0 failed so far]
[ 61/129] ScreenType
    stage 1/3: loading data ...
    stage 2/3: training on 300 series (val=75, C=3, T=720, batch=16) ...
    stage 3/3: scoring on 375 test series (accuracy + AOPCR) ...
    [mlflow] versioned model 'resnet_conjunctive' (id=m-9abf5ee31ace4571ba82b862a651afed) params={'model_size_mb': '4.4121', 'n_model_params': '505428', 'name': 'resnet'}
    [mlflow] logged run 'resnet_ScreenType'  (train_acc=0.8367 val_acc=0.7067 test_acc=0.6080 test_loss=0.9242)
[ 61/129] ScreenType                   DONE  acc=0.6080 loss=0.9242 AOPCR=  0.840 NDCG=  n/a C=  3 T=  720 (13s)  [61 trained / 0 failed so far]
[ 62/129] ShapeletSim
    stage 1/3: loading data ...
    stage 2/3: training on 20 series (no val (train-loss early stop), C=2, T=500, batch=2) ...
    stage 3/3: scoring on 180 test series (accuracy + AOPCR) ...
    [mlflow] versioned model 'resnet_conjunctive' (id=m-ed14a19cc5b74bcbb3eef295aa19cde6) params={'model_size_mb': '4.4116', 'n_model_params': '505299', 'name': 'resnet'}
    [mlflow] logged run 'resnet_ShapeletSim'  (train_acc=1.0000 test_acc=1.0000 test_loss=0.1075)
[ 62/129] ShapeletSim                  DONE  acc=1.0000 loss=0.1075 AOPCR=  2.091 NDCG=  n/a C=  2 T=  500 (7s)  [62 trained / 0 failed so far]
[ 63/129] ShapesAll
    stage 1/3: loading data ...
    stage 2/3: training on 480 series (val=120, C=60, T=512, batch=16) ...
    stage 3/3: scoring on 600 test series (accuracy + AOPCR) ...
    [mlflow] versioned model 'resnet_conjunctive' (id=m-3e8e68ba898841b289dcc85cd13d99b8) params={'model_size_mb': '4.4401', 'n_model_params': '512781', 'name': 'resnet'}
    [mlflow] logged run 'resnet_ShapesAll'  (train_acc=0.9812 val_acc=0.9167 test_acc=0.8683 test_loss=0.7124)
[ 63/129] ShapesAll                    DONE  acc=0.8683 loss=0.7124 AOPCR=  3.075 NDCG=  n/a C= 60 T=  512 (29s)  [63 trained / 0 failed so far]
[ 64/129] SmallKitchenAppliances
    stage 1/3: loading data ...
    stage 2/3: training on 300 series (val=75, C=3, T=720, batch=16) ...
    stage 3/3: scoring on 375 test series (accuracy + AOPCR) ...
    [mlflow] versioned model 'resnet_conjunctive' (id=m-13d8534dd80b415ca723a3a811bd5604) params={'model_size_mb': '4.4121', 'n_model_params': '505428', 'name': 'resnet'}
    [mlflow] logged run 'resnet_SmallKitchenAppliances'  (train_acc=0.8800 val_acc=0.7733 test_acc=0.7760 test_loss=0.6251)
[ 64/129] SmallKitchenAppliances       DONE  acc=0.7760 loss=0.6251 AOPCR=  0.587 NDCG=  n/a C=  3 T=  720 (11s)  [64 trained / 0 failed so far]
[ 65/129] SonyAIBORobotSurface1
    stage 1/3: loading data ...
    stage 2/3: training on 20 series (no val (train-loss early stop), C=2, T=70, batch=2) ...
    stage 3/3: scoring on 601 test series (accuracy + AOPCR) ...
    [mlflow] versioned model 'resnet_conjunctive' (id=m-9683a635e4dc4e259a8da10f3816a6ca) params={'model_size_mb': '4.4116', 'n_model_params': '505299', 'name': 'resnet'}
    [mlflow] logged run 'resnet_SonyAIBORobotSurface1'  (train_acc=1.0000 test_acc=0.9667 test_loss=0.1676)
[ 65/129] SonyAIBORobotSurface1        DONE  acc=0.9667 loss=0.1676 AOPCR=  0.593 NDCG=  n/a C=  2 T=   70 (8s)  [65 trained / 0 failed so far]
[ 66/129] SonyAIBORobotSurface2
    stage 1/3: loading data ...
    stage 2/3: training on 27 series (no val (train-loss early stop), C=2, T=65, batch=2) ...
    stage 3/3: scoring on 953 test series (accuracy + AOPCR) ...
    [mlflow] versioned model 'resnet_conjunctive' (id=m-655be076010d45bfbc95ac780c4b0f21) params={'model_size_mb': '4.4116', 'n_model_params': '505299', 'name': 'resnet'}
    [mlflow] logged run 'resnet_SonyAIBORobotSurface2'  (train_acc=1.0000 test_acc=0.9496 test_loss=0.2018)
[ 66/129] SonyAIBORobotSurface2        DONE  acc=0.9496 loss=0.2018 AOPCR=  0.243 NDCG=  n/a C=  2 T=   65 (7s)  [66 trained / 0 failed so far]
[ 67/129] StarLightCurves
    stage 1/3: loading data ...
    stage 2/3: training on 801 series (val=199, C=3, T=1024, batch=16) ...
    stage 3/3: scoring on 8236 test series (accuracy + AOPCR) ...
    [mlflow] versioned model 'resnet_conjunctive' (id=m-1e29ef48d2644ad5b9aaca2309b06fca) params={'model_size_mb': '4.4121', 'n_model_params': '505428', 'name': 'resnet'}
    [mlflow] logged run 'resnet_StarLightCurves'  (train_acc=0.9800 val_acc=0.9648 test_acc=0.9743 test_loss=0.1916)
[ 67/129] StarLightCurves              DONE  acc=0.9743 loss=0.1916 AOPCR=  2.529 NDCG=  n/a C=  3 T= 1024 (50s)  [67 trained / 0 failed so far]
[ 68/129] Strawberry
    stage 1/3: loading data ...
    stage 2/3: training on 492 series (val=121, C=2, T=235, batch=16) ...
    stage 3/3: scoring on 370 test series (accuracy + AOPCR) ...
    [mlflow] versioned model 'resnet_conjunctive' (id=m-d084334d14b148edaf6acfea4ed47129) params={'model_size_mb': '4.4116', 'n_model_params': '505299', 'name': 'resnet'}
    [mlflow] logged run 'resnet_Strawberry'  (train_acc=0.9533 val_acc=0.9835 test_acc=0.9351 test_loss=0.2251)
[ 68/129] Strawberry                   DONE  acc=0.9351 loss=0.2251 AOPCR=  1.452 NDCG=  n/a C=  2 T=  235 (13s)  [68 trained / 0 failed so far]
[ 69/129] SwedishLeaf
    stage 1/3: loading data ...
    stage 2/3: training on 405 series (val=95, C=15, T=128, batch=16) ...
    stage 3/3: scoring on 625 test series (accuracy + AOPCR) ...
    [mlflow] versioned model 'resnet_conjunctive' (id=m-95a08c4dc34046d5b0f40cbda7de2726) params={'model_size_mb': '4.418', 'n_model_params': '506976', 'name': 'resnet'}
    [mlflow] logged run 'resnet_SwedishLeaf'  (train_acc=1.0000 val_acc=0.9684 test_acc=0.9584 test_loss=0.2821)
[ 69/129] SwedishLeaf                  DONE  acc=0.9584 loss=0.2821 AOPCR=  1.002 NDCG=  n/a C= 15 T=  128 (19s)  [69 trained / 0 failed so far]
[ 70/129] Symbols
    stage 1/3: loading data ...
    stage 2/3: training on 25 series (no val (train-loss early stop), C=6, T=398, batch=2) ...
    stage 3/3: scoring on 995 test series (accuracy + AOPCR) ...
    [mlflow] versioned model 'resnet_conjunctive' (id=m-01f95e4120af43a7b79673454372a87b) params={'model_size_mb': '4.4136', 'n_model_params': '505815', 'name': 'resnet'}
    [mlflow] logged run 'resnet_Symbols'  (train_acc=1.0000 test_acc=0.9638 test_loss=0.3065)
[ 70/129] Symbols                      DONE  acc=0.9638 loss=0.3065 AOPCR=  1.516 NDCG=  n/a C=  6 T=  398 (11s)  [70 trained / 0 failed so far]
[ 71/129] SyntheticControl
    stage 1/3: loading data ...
    stage 2/3: training on 240 series (val=60, C=6, T=60, batch=16) ...
    stage 3/3: scoring on 300 test series (accuracy + AOPCR) ...
    [mlflow] versioned model 'resnet_conjunctive' (id=m-0649e9cbad7c40e89dd8f1053e6d82d1) params={'model_size_mb': '4.4136', 'n_model_params': '505815', 'name': 'resnet'}
    [mlflow] logged run 'resnet_SyntheticControl'  (train_acc=1.0000 val_acc=1.0000 test_acc=1.0000 test_loss=0.1440)
[ 71/129] SyntheticControl             DONE  acc=1.0000 loss=0.1440 AOPCR=  0.933 NDCG=  n/a C=  6 T=   60 (26s)  [71 trained / 0 failed so far]
[ 72/129] ToeSegmentation1
    stage 1/3: loading data ...
    stage 2/3: training on 40 series (no val (train-loss early stop), C=2, T=277, batch=4) ...
    stage 3/3: scoring on 228 test series (accuracy + AOPCR) ...
    [mlflow] versioned model 'resnet_conjunctive' (id=m-1a1753a70757406e9a1f6abd37827f0f) params={'model_size_mb': '4.4116', 'n_model_params': '505299', 'name': 'resnet'}
    [mlflow] logged run 'resnet_ToeSegmentation1'  (train_acc=1.0000 test_acc=0.9386 test_loss=0.2011)
[ 72/129] ToeSegmentation1             DONE  acc=0.9386 loss=0.2011 AOPCR=  1.037 NDCG=  n/a C=  2 T=  277 (10s)  [72 trained / 0 failed so far]
[ 73/129] ToeSegmentation2
    stage 1/3: loading data ...
    stage 2/3: training on 36 series (no val (train-loss early stop), C=2, T=343, batch=3) ...
    stage 3/3: scoring on 130 test series (accuracy + AOPCR) ...
    [mlflow] versioned model 'resnet_conjunctive' (id=m-f8babfee4faf42749e3ebf7b67a2b5db) params={'model_size_mb': '4.4116', 'n_model_params': '505299', 'name': 'resnet'}
    [mlflow] logged run 'resnet_ToeSegmentation2'  (train_acc=1.0000 test_acc=0.9385 test_loss=0.2515)
[ 73/129] ToeSegmentation2             DONE  acc=0.9385 loss=0.2515 AOPCR=  0.700 NDCG=  n/a C=  2 T=  343 (19s)  [73 trained / 0 failed so far]
[ 74/129] Trace
    stage 1/3: loading data ...
    stage 2/3: training on 81 series (val=19, C=4, T=275, batch=8) ...
    stage 3/3: scoring on 100 test series (accuracy + AOPCR) ...
    [mlflow] versioned model 'resnet_conjunctive' (id=m-64359a9ecde14807977960bbe479a03d) params={'model_size_mb': '4.4126', 'n_model_params': '505557', 'name': 'resnet'}
    [mlflow] logged run 'resnet_Trace'  (train_acc=1.0000 val_acc=1.0000 test_acc=1.0000 test_loss=0.1159)
[ 74/129] Trace                        DONE  acc=1.0000 loss=0.1159 AOPCR=  2.300 NDCG=  n/a C=  4 T=  275 (8s)  [74 trained / 0 failed so far]
[ 75/129] TwoLeadECG
    stage 1/3: loading data ...
    stage 2/3: training on 23 series (no val (train-loss early stop), C=2, T=82, batch=2) ...
    stage 3/3: scoring on 1139 test series (accuracy + AOPCR) ...
    [mlflow] versioned model 'resnet_conjunctive' (id=m-f64afa614ca74cdab867ba3d48d5413d) params={'model_size_mb': '4.4116', 'n_model_params': '505299', 'name': 'resnet'}
    [mlflow] logged run 'resnet_TwoLeadECG'  (train_acc=1.0000 test_acc=0.9965 test_loss=0.0965)
[ 75/129] TwoLeadECG                   DONE  acc=0.9965 loss=0.0965 AOPCR= -0.423 NDCG=  n/a C=  2 T=   82 (12s)  [75 trained / 0 failed so far]
[ 76/129] TwoPatterns
    stage 1/3: loading data ...
    stage 2/3: training on 801 series (val=199, C=4, T=128, batch=16) ...
    stage 3/3: scoring on 4000 test series (accuracy + AOPCR) ...
    [mlflow] versioned model 'resnet_conjunctive' (id=m-3fd6c189ae104e98b1836fad8c2ff759) params={'model_size_mb': '4.4126', 'n_model_params': '505557', 'name': 'resnet'}
    [mlflow] logged run 'resnet_TwoPatterns'  (train_acc=1.0000 val_acc=1.0000 test_acc=0.9990 test_loss=0.1323)
[ 76/129] TwoPatterns                  DONE  acc=0.9990 loss=0.1323 AOPCR=  3.000 NDCG=  n/a C=  4 T=  128 (53s)  [76 trained / 0 failed so far]
[ 77/129] UWaveGestureLibraryAll
    stage 1/3: loading data ...
    stage 2/3: training on 719 series (val=177, C=8, T=945, batch=16) ...
    stage 3/3: scoring on 3582 test series (accuracy + AOPCR) ...
    [mlflow] versioned model 'resnet_conjunctive' (id=m-ab25d97ec27c458687ee3f78e4fa0830) params={'model_size_mb': '4.4146', 'n_model_params': '506073', 'name': 'resnet'}
    [mlflow] logged run 'resnet_UWaveGestureLibraryAll'  (train_acc=0.9930 val_acc=0.9040 test_acc=0.9068 test_loss=0.4411)
[ 77/129] UWaveGestureLibraryAll       DONE  acc=0.9068 loss=0.4411 AOPCR=  2.204 NDCG=  n/a C=  8 T=  945 (53s)  [77 trained / 0 failed so far]
[ 78/129] UWaveGestureLibraryX
    stage 1/3: loading data ...
    stage 2/3: training on 719 series (val=177, C=8, T=315, batch=16) ...
    stage 3/3: scoring on 3582 test series (accuracy + AOPCR) ...
    [mlflow] versioned model 'resnet_conjunctive' (id=m-4804b449acdc4aa79dc8c21d0d7c9c83) params={'model_size_mb': '4.4146', 'n_model_params': '506073', 'name': 'resnet'}
    [mlflow] logged run 'resnet_UWaveGestureLibraryX'  (train_acc=0.9138 val_acc=0.7966 test_acc=0.7973 test_loss=0.6608)
[ 78/129] UWaveGestureLibraryX         DONE  acc=0.7973 loss=0.6608 AOPCR=  1.439 NDCG=  n/a C=  8 T=  315 (33s)  [78 trained / 0 failed so far]
[ 79/129] UWaveGestureLibraryY
    stage 1/3: loading data ...
    stage 2/3: training on 719 series (val=177, C=8, T=315, batch=16) ...
    stage 3/3: scoring on 3582 test series (accuracy + AOPCR) ...
    [mlflow] versioned model 'resnet_conjunctive' (id=m-55fdd4cc2c1b43c78758508c8c254cb6) params={'model_size_mb': '4.4146', 'n_model_params': '506073', 'name': 'resnet'}
    [mlflow] logged run 'resnet_UWaveGestureLibraryY'  (train_acc=0.8985 val_acc=0.7119 test_acc=0.7125 test_loss=0.8700)
[ 79/129] UWaveGestureLibraryY         DONE  acc=0.7125 loss=0.8700 AOPCR=  1.595 NDCG=  n/a C=  8 T=  315 (46s)  [79 trained / 0 failed so far]
[ 80/129] UWaveGestureLibraryZ
    stage 1/3: loading data ...
    stage 2/3: training on 719 series (val=177, C=8, T=315, batch=16) ...
    stage 3/3: scoring on 3582 test series (accuracy + AOPCR) ...
    [mlflow] versioned model 'resnet_conjunctive' (id=m-0e6b10cf49464e56ae1dec71d28a22b6) params={'model_size_mb': '4.4146', 'n_model_params': '506073', 'name': 'resnet'}
    [mlflow] logged run 'resnet_UWaveGestureLibraryZ'  (train_acc=0.8373 val_acc=0.7119 test_acc=0.7236 test_loss=0.7610)
[ 80/129] UWaveGestureLibraryZ         DONE  acc=0.7236 loss=0.7610 AOPCR=  1.566 NDCG=  n/a C=  8 T=  315 (24s)  [80 trained / 0 failed so far]
[ 81/129] Wafer
    stage 1/3: loading data ...
    stage 2/3: training on 801 series (val=199, C=2, T=152, batch=16) ...
    stage 3/3: scoring on 6164 test series (accuracy + AOPCR) ...
    [mlflow] versioned model 'resnet_conjunctive' (id=m-b3282e2d0aa74774ab14198a0cd34b62) params={'model_size_mb': '4.4116', 'n_model_params': '505299', 'name': 'resnet'}
    [mlflow] logged run 'resnet_Wafer'  (train_acc=1.0000 val_acc=0.9950 test_acc=0.9972 test_loss=0.0722)
[ 81/129] Wafer                        DONE  acc=0.9972 loss=0.0722 AOPCR=  0.837 NDCG=  n/a C=  2 T=  152 (61s)  [81 trained / 0 failed so far]
[ 82/129] Wine
    stage 1/3: loading data ...
    stage 2/3: training on 57 series (no val (train-loss early stop), C=2, T=234, batch=5) ...
    stage 3/3: scoring on 54 test series (accuracy + AOPCR) ...
    [mlflow] versioned model 'resnet_conjunctive' (id=m-5d87fea8606743bb951e6e84111cc60e) params={'model_size_mb': '4.4116', 'n_model_params': '505299', 'name': 'resnet'}
    [mlflow] logged run 'resnet_Wine'  (train_acc=0.5263 test_acc=0.5000 test_loss=0.6940)
[ 82/129] Wine                         DONE  acc=0.5000 loss=0.6940 AOPCR=  0.059 NDCG=  n/a C=  2 T=  234 (4s)  [82 trained / 0 failed so far]
[ 83/129] WordSynonyms
    stage 1/3: loading data ...
    stage 2/3: training on 217 series (val=50, C=25, T=270, batch=16) ...
    stage 3/3: scoring on 638 test series (accuracy + AOPCR) ...
    [mlflow] versioned model 'resnet_conjunctive' (id=m-de72e3c81b43450cbf5857c4678c5f6a) params={'model_size_mb': '4.4229', 'n_model_params': '508266', 'name': 'resnet'}
    [mlflow] logged run 'resnet_WordSynonyms'  (train_acc=0.9954 val_acc=0.6600 test_acc=0.5564 test_loss=1.6228)
[ 83/129] WordSynonyms                 DONE  acc=0.5564 loss=1.6228 AOPCR=  2.276 NDCG=  n/a C= 25 T=  270 (19s)  [83 trained / 0 failed so far]
[ 84/129] Worms
    stage 1/3: loading data ...
    stage 2/3: training on 146 series (val=35, C=5, T=900, batch=14) ...
    stage 3/3: scoring on 77 test series (accuracy + AOPCR) ...
    [mlflow] versioned model 'resnet_conjunctive' (id=m-8963805b1e1e4606916c8c71194d88af) params={'model_size_mb': '4.4131', 'n_model_params': '505686', 'name': 'resnet'}
    [mlflow] logged run 'resnet_Worms'  (train_acc=0.9041 val_acc=0.7143 test_acc=0.7403 test_loss=0.8151)
[ 84/129] Worms                        DONE  acc=0.7403 loss=0.8151 AOPCR=  1.992 NDCG=  n/a C=  5 T=  900 (13s)  [84 trained / 0 failed so far]
[ 85/129] WormsTwoClass
    stage 1/3: loading data ...
    stage 2/3: training on 145 series (val=36, C=2, T=900, batch=14) ...
    stage 3/3: scoring on 77 test series (accuracy + AOPCR) ...
    [mlflow] versioned model 'resnet_conjunctive' (id=m-26ed8fd4e2b843ccbd7133fb379a026f) params={'model_size_mb': '4.4116', 'n_model_params': '505299', 'name': 'resnet'}
    [mlflow] logged run 'resnet_WormsTwoClass'  (train_acc=0.9724 val_acc=0.7500 test_acc=0.7532 test_loss=0.4452)
[ 85/129] WormsTwoClass                DONE  acc=0.7532 loss=0.4452 AOPCR=  0.749 NDCG=  n/a C=  2 T=  900 (14s)  [85 trained / 0 failed so far]
[ 86/129] Yoga
    stage 1/3: loading data ...
    stage 2/3: training on 241 series (val=59, C=2, T=426, batch=16) ...
    stage 3/3: scoring on 3000 test series (accuracy + AOPCR) ...
    [mlflow] versioned model 'resnet_conjunctive' (id=m-1fe37a9ca428479d993f25afa8b27ef8) params={'model_size_mb': '4.4116', 'n_model_params': '505299', 'name': 'resnet'}
    [mlflow] logged run 'resnet_Yoga'  (train_acc=0.9959 val_acc=0.8644 test_acc=0.8553 test_loss=0.3680)
[ 86/129] Yoga                         DONE  acc=0.8553 loss=0.3680 AOPCR=  2.528 NDCG=  n/a C=  2 T=  426 (26s)  [86 trained / 0 failed so far]
[ 87/129] ACSF1
    stage 1/3: loading data ...
    stage 2/3: training on 80 series (val=20, C=10, T=1460, batch=8) ...
    stage 3/3: scoring on 100 test series (accuracy + AOPCR) ...
    [mlflow] versioned model 'resnet_conjunctive' (id=m-c120d1b4adf34a63bcee92aaddb7470d) params={'model_size_mb': '4.4156', 'n_model_params': '506331', 'name': 'resnet'}
    [mlflow] logged run 'resnet_ACSF1'  (train_acc=0.8750 val_acc=0.7500 test_acc=0.8400 test_loss=0.5839)
[ 87/129] ACSF1                        DONE  acc=0.8400 loss=0.5839 AOPCR=  0.617 NDCG=  n/a C= 10 T= 1460 (10s)  [87 trained / 0 failed so far]
[ 88/129] AllGestureWiimoteX
    stage 1/3: loading data ...
    stage 2/3: training on 240 series (val=60, C=10, T=500, batch=16) ...
    stage 3/3: scoring on 700 test series (accuracy + AOPCR) ...
    [mlflow] versioned model 'resnet_conjunctive' (id=m-57193100cdd142288e5576bd693a3c11) params={'model_size_mb': '4.4156', 'n_model_params': '506331', 'name': 'resnet'}
    [mlflow] logged run 'resnet_AllGestureWiimoteX'  (train_acc=0.8792 val_acc=0.6000 test_acc=0.6186 test_loss=1.2031)
[ 88/129] AllGestureWiimoteX           DONE  acc=0.6186 loss=1.2031 AOPCR=  1.792 NDCG=  n/a C= 10 T=  500 (9s)  [88 trained / 0 failed so far]
[ 89/129] AllGestureWiimoteY
    stage 1/3: loading data ...
    stage 2/3: training on 240 series (val=60, C=10, T=500, batch=16) ...
    stage 3/3: scoring on 700 test series (accuracy + AOPCR) ...
    [mlflow] versioned model 'resnet_conjunctive' (id=m-38b9a1006b63427e98ad3215943bd487) params={'model_size_mb': '4.4156', 'n_model_params': '506331', 'name': 'resnet'}
    [mlflow] logged run 'resnet_AllGestureWiimoteY'  (train_acc=0.9750 val_acc=0.7667 test_acc=0.7671 test_loss=0.8611)
[ 89/129] AllGestureWiimoteY           DONE  acc=0.7671 loss=0.8611 AOPCR=  2.003 NDCG=  n/a C= 10 T=  500 (11s)  [89 trained / 0 failed so far]
[ 90/129] AllGestureWiimoteZ
    stage 1/3: loading data ...
    stage 2/3: training on 240 series (val=60, C=10, T=500, batch=16) ...
    stage 3/3: scoring on 700 test series (accuracy + AOPCR) ...
    [mlflow] versioned model 'resnet_conjunctive' (id=m-72017e6b2fe846188791d8ca9df4a285) params={'model_size_mb': '4.4156', 'n_model_params': '506331', 'name': 'resnet'}
    [mlflow] logged run 'resnet_AllGestureWiimoteZ'  (train_acc=0.7333 val_acc=0.5167 test_acc=0.5643 test_loss=1.1828)
[ 90/129] AllGestureWiimoteZ           DONE  acc=0.5643 loss=1.1828 AOPCR=  1.766 NDCG=  n/a C= 10 T=  500 (9s)  [90 trained / 0 failed so far]
[ 91/129] BME
    stage 1/3: loading data ...
    stage 2/3: training on 30 series (no val (train-loss early stop), C=3, T=128, batch=3) ...
    stage 3/3: scoring on 150 test series (accuracy + AOPCR) ...
    [mlflow] versioned model 'resnet_conjunctive' (id=m-a4d0b0980cfb46118f39fbc1143e09bf) params={'model_size_mb': '4.4121', 'n_model_params': '505428', 'name': 'resnet'}
    [mlflow] logged run 'resnet_BME'  (train_acc=1.0000 test_acc=1.0000 test_loss=0.1022)
[ 91/129] BME                          DONE  acc=1.0000 loss=0.1022 AOPCR=  1.618 NDCG=  n/a C=  3 T=  128 (12s)  [91 trained / 0 failed so far]
[ 92/129] Chinatown
    stage 1/3: loading data ...
    stage 2/3: training on 20 series (no val (train-loss early stop), C=2, T=24, batch=2) ...
    stage 3/3: scoring on 343 test series (accuracy + AOPCR) ...
    [mlflow] versioned model 'resnet_conjunctive' (id=m-c4b308c3a5704bd392242057bf6565d8) params={'model_size_mb': '4.4116', 'n_model_params': '505299', 'name': 'resnet'}
    [mlflow] logged run 'resnet_Chinatown'  (train_acc=1.0000 test_acc=0.9738 test_loss=0.1321)
[ 92/129] Chinatown                    DONE  acc=0.9738 loss=0.1321 AOPCR=  0.928 NDCG=  n/a C=  2 T=   24 (9s)  [92 trained / 0 failed so far]
[ 93/129] Crop
    stage 1/3: loading data ...
    stage 2/3: training on 5760 series (val=1440, C=24, T=46, batch=16) ...
    stage 3/3: scoring on 16800 test series (accuracy + AOPCR) ...
    [mlflow] versioned model 'resnet_conjunctive' (id=m-5bd92d25cf1e480db1d659187446f922) params={'model_size_mb': '4.4224', 'n_model_params': '508137', 'name': 'resnet'}
    [mlflow] logged run 'resnet_Crop'  (train_acc=0.8118 val_acc=0.6854 test_acc=0.6952 test_loss=1.0315)
[ 93/129] Crop                         DONE  acc=0.6952 loss=1.0315 AOPCR=  0.932 NDCG=  n/a C= 24 T=   46 (142s)  [93 trained / 0 failed so far]
[ 94/129] DodgerLoopDay
    stage 1/3: loading data ...
    stage 2/3: training on 78 series (no val (train-loss early stop), C=7, T=288, batch=7) ...
    stage 3/3: scoring on 80 test series (accuracy + AOPCR) ...
    [mlflow] versioned model 'resnet_conjunctive' (id=m-bc1febed66b847d99face397e733839e) params={'model_size_mb': '4.4141', 'n_model_params': '505944', 'name': 'resnet'}
    [mlflow] logged run 'resnet_DodgerLoopDay'  (train_acc=1.0000 test_acc=0.4125 test_loss=1.5029)
[ 94/129] DodgerLoopDay                DONE  acc=0.4125 loss=1.5029 AOPCR=  1.772 NDCG=  n/a C=  7 T=  288 (17s)  [94 trained / 0 failed so far]
[ 95/129] DodgerLoopGame
    stage 1/3: loading data ...
    stage 2/3: training on 20 series (no val (train-loss early stop), C=2, T=288, batch=2) ...
    stage 3/3: scoring on 138 test series (accuracy + AOPCR) ...
    [mlflow] versioned model 'resnet_conjunctive' (id=m-c8d4193160d44f9690ef9af9acd3f8ec) params={'model_size_mb': '4.4116', 'n_model_params': '505299', 'name': 'resnet'}
    [mlflow] logged run 'resnet_DodgerLoopGame'  (train_acc=1.0000 test_acc=0.8841 test_loss=0.3477)
[ 95/129] DodgerLoopGame               DONE  acc=0.8841 loss=0.3477 AOPCR=  1.302 NDCG=  n/a C=  2 T=  288 (9s)  [95 trained / 0 failed so far]
[ 96/129] DodgerLoopWeekend
    stage 1/3: loading data ...
    stage 2/3: training on 20 series (no val (train-loss early stop), C=2, T=288, batch=2) ...
    stage 3/3: scoring on 138 test series (accuracy + AOPCR) ...
    [mlflow] versioned model 'resnet_conjunctive' (id=m-247cd22f58d84ddeacceabb1687d5391) params={'model_size_mb': '4.4116', 'n_model_params': '505299', 'name': 'resnet'}
    [mlflow] logged run 'resnet_DodgerLoopWeekend'  (train_acc=1.0000 test_acc=0.8986 test_loss=0.3047)
[ 96/129] DodgerLoopWeekend            DONE  acc=0.8986 loss=0.3047 AOPCR=  0.805 NDCG=  n/a C=  2 T=  288 (7s)  [96 trained / 0 failed so far]
[ 97/129] EOGHorizontalSignal
    stage 1/3: loading data ...
    stage 2/3: training on 290 series (val=72, C=12, T=1250, batch=16) ...
    stage 3/3: scoring on 362 test series (accuracy + AOPCR) ...
    [mlflow] versioned model 'resnet_conjunctive' (id=m-c8fdd7abb23a4d28962da5ec39d15cca) params={'model_size_mb': '4.4165', 'n_model_params': '506589', 'name': 'resnet'}
    [mlflow] logged run 'resnet_EOGHorizontalSignal'  (train_acc=0.9759 val_acc=0.8333 test_acc=0.5497 test_loss=1.4093)
[ 97/129] EOGHorizontalSignal          DONE  acc=0.5497 loss=1.4093 AOPCR=  2.178 NDCG=  n/a C= 12 T= 1250 (36s)  [97 trained / 0 failed so far]
[ 98/129] EOGVerticalSignal
    stage 1/3: loading data ...
    stage 2/3: training on 290 series (val=72, C=12, T=1250, batch=16) ...
    stage 3/3: scoring on 362 test series (accuracy + AOPCR) ...
    [mlflow] versioned model 'resnet_conjunctive' (id=m-bc5e23837b794618b70813ea60a04006) params={'model_size_mb': '4.4165', 'n_model_params': '506589', 'name': 'resnet'}
    [mlflow] logged run 'resnet_EOGVerticalSignal'  (train_acc=0.8966 val_acc=0.7500 test_acc=0.5110 test_loss=1.6794)
[ 98/129] EOGVerticalSignal            DONE  acc=0.5110 loss=1.6794 AOPCR=  2.820 NDCG=  n/a C= 12 T= 1250 (27s)  [98 trained / 0 failed so far]
[ 99/129] EthanolLevel
    stage 1/3: loading data ...
    stage 2/3: training on 404 series (val=100, C=4, T=1751, batch=16) ...
    stage 3/3: scoring on 500 test series (accuracy + AOPCR) ...
    [mlflow] versioned model 'resnet_conjunctive' (id=m-cb6cca401f604817897f733e607543d2) params={'model_size_mb': '4.4126', 'n_model_params': '505557', 'name': 'resnet'}
    [mlflow] logged run 'resnet_EthanolLevel'  (train_acc=0.3243 val_acc=0.2700 test_acc=0.2640 test_loss=1.3836)
[ 99/129] EthanolLevel                 DONE  acc=0.2640 loss=1.3836 AOPCR=  0.047 NDCG=  n/a C=  4 T= 1751 (20s)  [99 trained / 0 failed so far]
[100/129] FreezerRegularTrain
    stage 1/3: loading data ...
    stage 2/3: training on 120 series (val=30, C=2, T=301, batch=12) ...
    stage 3/3: scoring on 2850 test series (accuracy + AOPCR) ...
    [mlflow] versioned model 'resnet_conjunctive' (id=m-ca9b9ab5298f4ebe84256446a6f28a9b) params={'model_size_mb': '4.4116', 'n_model_params': '505299', 'name': 'resnet'}
    [mlflow] logged run 'resnet_FreezerRegularTrain'  (train_acc=1.0000 val_acc=1.0000 test_acc=0.9982 test_loss=0.0855)
[100/129] FreezerRegularTrain          DONE  acc=0.9982 loss=0.0855 AOPCR=  0.959 NDCG=  n/a C=  2 T=  301 (17s)  [100 trained / 0 failed so far]
[101/129] FreezerSmallTrain
    stage 1/3: loading data ...
    stage 2/3: training on 28 series (no val (train-loss early stop), C=2, T=301, batch=2) ...
    stage 3/3: scoring on 2850 test series (accuracy + AOPCR) ...
    [mlflow] versioned model 'resnet_conjunctive' (id=m-640ca9775b384da3af7b0d3e87b0d192) params={'model_size_mb': '4.4116', 'n_model_params': '505299', 'name': 'resnet'}
    [mlflow] logged run 'resnet_FreezerSmallTrain'  (train_acc=1.0000 test_acc=0.8779 test_loss=0.7500)
[101/129] FreezerSmallTrain            DONE  acc=0.8779 loss=0.7500 AOPCR=  1.878 NDCG=  n/a C=  2 T=  301 (17s)  [101 trained / 0 failed so far]
[102/129] Fungi
    stage 1/3: loading data ...
    stage 2/3: training on 18 series (no val (train-loss early stop), C=18, T=201, batch=2) ...
    stage 3/3: scoring on 186 test series (accuracy + AOPCR) ...
    [mlflow] versioned model 'resnet_conjunctive' (id=m-a048ca76e7364a719af539a4249a03c0) params={'model_size_mb': '4.4195', 'n_model_params': '507363', 'name': 'resnet'}
    [mlflow] logged run 'resnet_Fungi'  (train_acc=1.0000 test_acc=1.0000 test_loss=0.2887)
[102/129] Fungi                        DONE  acc=1.0000 loss=0.2887 AOPCR=  1.458 NDCG=  n/a C= 18 T=  201 (15s)  [102 trained / 0 failed so far]
[103/129] GestureMidAirD1
    stage 1/3: loading data ...
    stage 2/3: training on 182 series (val=26, C=26, T=360, batch=16) ...
    stage 3/3: scoring on 130 test series (accuracy + AOPCR) ...
    [mlflow] versioned model 'resnet_conjunctive' (id=m-9680ea36b73b4501b9bd5596594d2e90) params={'model_size_mb': '4.4234', 'n_model_params': '508395', 'name': 'resnet'}
    [mlflow] logged run 'resnet_GestureMidAirD1'  (train_acc=0.9066 val_acc=0.7692 test_acc=0.6923 test_loss=1.0924)
[103/129] GestureMidAirD1              DONE  acc=0.6923 loss=1.0924 AOPCR=  2.315 NDCG=  n/a C= 26 T=  360 (7s)  [103 trained / 0 failed so far]
[104/129] GestureMidAirD2
    stage 1/3: loading data ...
    stage 2/3: training on 182 series (val=26, C=26, T=360, batch=16) ...
    stage 3/3: scoring on 130 test series (accuracy + AOPCR) ...
    [mlflow] versioned model 'resnet_conjunctive' (id=m-bf8ff69160c642669ae2a2e730f39162) params={'model_size_mb': '4.4234', 'n_model_params': '508395', 'name': 'resnet'}
    [mlflow] logged run 'resnet_GestureMidAirD2'  (train_acc=0.7967 val_acc=0.5385 test_acc=0.6385 test_loss=1.1126)
[104/129] GestureMidAirD2              DONE  acc=0.6385 loss=1.1126 AOPCR=  1.605 NDCG=  n/a C= 26 T=  360 (14s)  [104 trained / 0 failed so far]
[105/129] GestureMidAirD3
    stage 1/3: loading data ...
    stage 2/3: training on 182 series (val=26, C=26, T=360, batch=16) ...
    stage 3/3: scoring on 130 test series (accuracy + AOPCR) ...
    [mlflow] versioned model 'resnet_conjunctive' (id=m-d2a77266d5b649459c8e38496f791923) params={'model_size_mb': '4.4234', 'n_model_params': '508395', 'name': 'resnet'}
    [mlflow] logged run 'resnet_GestureMidAirD3'  (train_acc=0.4780 val_acc=0.2692 test_acc=0.2692 test_loss=2.4083)
[105/129] GestureMidAirD3              DONE  acc=0.2692 loss=2.4083 AOPCR=  1.936 NDCG=  n/a C= 26 T=  360 (6s)  [105 trained / 0 failed so far]
[106/129] GesturePebbleZ1
    stage 1/3: loading data ...
    stage 2/3: training on 107 series (val=25, C=6, T=455, batch=10) ...
    stage 3/3: scoring on 172 test series (accuracy + AOPCR) ...
    [mlflow] versioned model 'resnet_conjunctive' (id=m-8456e3fefd1f43a6865f1f0567342525) params={'model_size_mb': '4.4136', 'n_model_params': '505815', 'name': 'resnet'}
    [mlflow] logged run 'resnet_GesturePebbleZ1'  (train_acc=1.0000 val_acc=0.9600 test_acc=0.8256 test_loss=0.5950)
[106/129] GesturePebbleZ1              DONE  acc=0.8256 loss=0.5950 AOPCR=  1.444 NDCG=  n/a C=  6 T=  455 (11s)  [106 trained / 0 failed so far]
[107/129] GesturePebbleZ2
    stage 1/3: loading data ...
    stage 2/3: training on 120 series (val=26, C=6, T=455, batch=12) ...
    stage 3/3: scoring on 158 test series (accuracy + AOPCR) ...
    [mlflow] versioned model 'resnet_conjunctive' (id=m-a881709456164338b7fa39506f67e534) params={'model_size_mb': '4.4136', 'n_model_params': '505815', 'name': 'resnet'}
    [mlflow] logged run 'resnet_GesturePebbleZ2'  (train_acc=1.0000 val_acc=0.9615 test_acc=0.8354 test_loss=0.5095)
[107/129] GesturePebbleZ2              DONE  acc=0.8354 loss=0.5095 AOPCR=  1.632 NDCG=  n/a C=  6 T=  455 (8s)  [107 trained / 0 failed so far]
[108/129] GunPointAgeSpan
    stage 1/3: loading data ...
    stage 2/3: training on 109 series (val=26, C=2, T=150, batch=10) ...
    stage 3/3: scoring on 316 test series (accuracy + AOPCR) ...
    [mlflow] versioned model 'resnet_conjunctive' (id=m-87cba42bad174521a78504d4f4c06e81) params={'model_size_mb': '4.4116', 'n_model_params': '505299', 'name': 'resnet'}
    [mlflow] logged run 'resnet_GunPointAgeSpan'  (train_acc=1.0000 val_acc=1.0000 test_acc=0.9810 test_loss=0.1281)
[108/129] GunPointAgeSpan              DONE  acc=0.9810 loss=0.1281 AOPCR=  1.022 NDCG=  n/a C=  2 T=  150 (10s)  [108 trained / 0 failed so far]
[109/129] GunPointMaleVersusFemale
    stage 1/3: loading data ...
    stage 2/3: training on 109 series (val=26, C=2, T=150, batch=10) ...
    stage 3/3: scoring on 316 test series (accuracy + AOPCR) ...
    [mlflow] versioned model 'resnet_conjunctive' (id=m-9f5ca956dc824d12a2faf23bb9f4744f) params={'model_size_mb': '4.4116', 'n_model_params': '505299', 'name': 'resnet'}
    [mlflow] logged run 'resnet_GunPointMaleVersusFemale'  (train_acc=1.0000 val_acc=1.0000 test_acc=1.0000 test_loss=0.0946)
[109/129] GunPointMaleVersusFemale     DONE  acc=1.0000 loss=0.0946 AOPCR=  0.610 NDCG=  n/a C=  2 T=  150 (15s)  [109 trained / 0 failed so far]
[110/129] GunPointOldVersusYoung
    stage 1/3: loading data ...
    stage 2/3: training on 109 series (val=27, C=2, T=150, batch=10) ...
    stage 3/3: scoring on 315 test series (accuracy + AOPCR) ...
    [mlflow] versioned model 'resnet_conjunctive' (id=m-67e6dd7e9c384ef0aa1f107a4d0cd0d6) params={'model_size_mb': '4.4116', 'n_model_params': '505299', 'name': 'resnet'}
    [mlflow] logged run 'resnet_GunPointOldVersusYoung'  (train_acc=1.0000 val_acc=1.0000 test_acc=0.9905 test_loss=0.0919)
[110/129] GunPointOldVersusYoung       DONE  acc=0.9905 loss=0.0919 AOPCR=  1.381 NDCG=  n/a C=  2 T=  150 (11s)  [110 trained / 0 failed so far]
[111/129] HouseTwenty
    stage 1/3: loading data ...
    stage 2/3: training on 40 series (no val (train-loss early stop), C=2, T=2000, batch=4) ...
    stage 3/3: scoring on 119 test series (accuracy + AOPCR) ...
    [mlflow] versioned model 'resnet_conjunctive' (id=m-46cdfb0260c744ba856e00486948255e) params={'model_size_mb': '4.4116', 'n_model_params': '505299', 'name': 'resnet'}
    [mlflow] logged run 'resnet_HouseTwenty'  (train_acc=1.0000 test_acc=0.9832 test_loss=0.1233)
[111/129] HouseTwenty                  DONE  acc=0.9832 loss=0.1233 AOPCR=  1.081 NDCG=  n/a C=  2 T= 2000 (15s)  [111 trained / 0 failed so far]
[112/129] InsectEPGRegularTrain
    stage 1/3: loading data ...
    stage 2/3: training on 62 series (no val (train-loss early stop), C=3, T=601, batch=6) ...
    stage 3/3: scoring on 249 test series (accuracy + AOPCR) ...
    [mlflow] versioned model 'resnet_conjunctive' (id=m-ed83e6f3c1f14df88c22a7d580b530a0) params={'model_size_mb': '4.4121', 'n_model_params': '505428', 'name': 'resnet'}
    [mlflow] logged run 'resnet_InsectEPGRegularTrain'  (train_acc=1.0000 test_acc=0.9960 test_loss=0.1479)
[112/129] InsectEPGRegularTrain        DONE  acc=0.9960 loss=0.1479 AOPCR=  1.398 NDCG=  n/a C=  3 T=  601 (17s)  [112 trained / 0 failed so far]
[113/129] InsectEPGSmallTrain
    stage 1/3: loading data ...
    stage 2/3: training on 17 series (no val (train-loss early stop), C=3, T=601, batch=2) ...
    stage 3/3: scoring on 249 test series (accuracy + AOPCR) ...
    [mlflow] versioned model 'resnet_conjunctive' (id=m-27feede2ccbd4cd38de9e9f5544e1f10) params={'model_size_mb': '4.4121', 'n_model_params': '505428', 'name': 'resnet'}
    [mlflow] logged run 'resnet_InsectEPGSmallTrain'  (train_acc=1.0000 test_acc=0.8996 test_loss=0.3327)
[113/129] InsectEPGSmallTrain          DONE  acc=0.8996 loss=0.3327 AOPCR=  1.530 NDCG=  n/a C=  3 T=  601 (12s)  [113 trained / 0 failed so far]
[114/129] MelbournePedestrian
    stage 1/3: loading data ...
    stage 2/3: training on 956 series (val=238, C=10, T=24, batch=16) ...
    stage 3/3: scoring on 2439 test series (accuracy + AOPCR) ...
    [mlflow] versioned model 'resnet_conjunctive' (id=m-05b5fee5f1914f42bf9189865cce703a) params={'model_size_mb': '4.4156', 'n_model_params': '506331', 'name': 'resnet'}
    [mlflow] logged run 'resnet_MelbournePedestrian'  (train_acc=1.0000 val_acc=0.9076 test_acc=0.8819 test_loss=0.4550)
[114/129] MelbournePedestrian          DONE  acc=0.8819 loss=0.4550 AOPCR=  0.186 NDCG=  n/a C= 10 T=   24 (85s)  [114 trained / 0 failed so far]
[115/129] MixedShapesRegularTrain
    stage 1/3: loading data ...
    stage 2/3: training on 400 series (val=100, C=5, T=1024, batch=16) ...
    stage 3/3: scoring on 2425 test series (accuracy + AOPCR) ...
    [mlflow] versioned model 'resnet_conjunctive' (id=m-cdd26c07a27f42a689f7fe34eebea5b9) params={'model_size_mb': '4.4131', 'n_model_params': '505686', 'name': 'resnet'}
    [mlflow] logged run 'resnet_MixedShapesRegularTrain'  (train_acc=0.9975 val_acc=0.9700 test_acc=0.9641 test_loss=0.2495)
[115/129] MixedShapesRegularTrain      DONE  acc=0.9641 loss=0.2495 AOPCR=  1.980 NDCG=  n/a C=  5 T= 1024 (19s)  [115 trained / 0 failed so far]
[116/129] MixedShapesSmallTrain
    stage 1/3: loading data ...
    stage 2/3: training on 80 series (val=20, C=5, T=1024, batch=8) ...
    stage 3/3: scoring on 2425 test series (accuracy + AOPCR) ...
    [mlflow] versioned model 'resnet_conjunctive' (id=m-99480368a3794637a4f31cd19ce855d7) params={'model_size_mb': '4.4131', 'n_model_params': '505686', 'name': 'resnet'}
    [mlflow] logged run 'resnet_MixedShapesSmallTrain'  (train_acc=1.0000 val_acc=1.0000 test_acc=0.9019 test_loss=0.4037)
[116/129] MixedShapesSmallTrain        DONE  acc=0.9019 loss=0.4037 AOPCR=  2.883 NDCG=  n/a C=  5 T= 1024 (8s)  [116 trained / 0 failed so far]
[117/129] PLAID
    stage 1/3: loading data ...
    stage 2/3: training on 436 series (val=101, C=11, T=1344, batch=16) ...
    stage 3/3: scoring on 537 test series (accuracy + AOPCR) ...
    [mlflow] versioned model 'resnet_conjunctive' (id=m-ae30c2af5e2e4b34bdee606382ae7468) params={'model_size_mb': '4.416', 'n_model_params': '506460', 'name': 'resnet'}
    [mlflow] logged run 'resnet_PLAID'  (train_acc=0.9197 val_acc=0.8515 test_acc=0.8566 test_loss=0.5375)
[117/129] PLAID                        DONE  acc=0.8566 loss=0.5375 AOPCR=  1.405 NDCG=  n/a C= 11 T= 1344 (43s)  [117 trained / 0 failed so far]
[118/129] PickupGestureWiimoteZ
    stage 1/3: loading data ...
    stage 2/3: training on 50 series (no val (train-loss early stop), C=10, T=361, batch=5) ...
    stage 3/3: scoring on 50 test series (accuracy + AOPCR) ...
    [mlflow] versioned model 'resnet_conjunctive' (id=m-75c61ef4e72e417b86428b59ce2515f5) params={'model_size_mb': '4.4156', 'n_model_params': '506331', 'name': 'resnet'}
    [mlflow] logged run 'resnet_PickupGestureWiimoteZ'  (train_acc=1.0000 test_acc=0.7200 test_loss=0.8587)
[118/129] PickupGestureWiimoteZ        DONE  acc=0.7200 loss=0.8587 AOPCR=  1.163 NDCG=  n/a C= 10 T=  361 (16s)  [118 trained / 0 failed so far]
[119/129] PigAirwayPressure
    stage 1/3: loading data ...
    stage 2/3: training on 52 series (val=52, C=52, T=2000, batch=5) ...
    stage 3/3: scoring on 208 test series (accuracy + AOPCR) ...
    [mlflow] versioned model 'resnet_conjunctive' (id=m-a9a9bb2c63fa4434b430cf04c8e7d4c5) params={'model_size_mb': '4.4362', 'n_model_params': '511749', 'name': 'resnet'}
    [mlflow] logged run 'resnet_PigAirwayPressure'  (train_acc=0.0385 val_acc=0.0385 test_acc=0.0385 test_loss=3.8422)
[119/129] PigAirwayPressure            DONE  acc=0.0385 loss=3.8422 AOPCR=  0.065 NDCG=  n/a C= 52 T= 2000 (4s)  [119 trained / 0 failed so far]
[120/129] PigArtPressure
    stage 1/3: loading data ...
    stage 2/3: training on 52 series (val=52, C=52, T=2000, batch=5) ...
    stage 3/3: scoring on 208 test series (accuracy + AOPCR) ...
    [mlflow] versioned model 'resnet_conjunctive' (id=m-f09e72d76fce470ea7b8bed795b8aa87) params={'model_size_mb': '4.4362', 'n_model_params': '511749', 'name': 'resnet'}
    [mlflow] logged run 'resnet_PigArtPressure'  (train_acc=1.0000 val_acc=0.8077 test_acc=0.8942 test_loss=0.5828)
[120/129] PigArtPressure               DONE  acc=0.8942 loss=0.5828 AOPCR=  2.620 NDCG=  n/a C= 52 T= 2000 (22s)  [120 trained / 0 failed so far]
[121/129] PigCVP
    stage 1/3: loading data ...
    stage 2/3: training on 52 series (val=52, C=52, T=2000, batch=5) ...
    stage 3/3: scoring on 208 test series (accuracy + AOPCR) ...
    [mlflow] versioned model 'resnet_conjunctive' (id=m-1cd6941e6e264ddaa186e89c9d9ca6b5) params={'model_size_mb': '4.4362', 'n_model_params': '511749', 'name': 'resnet'}
    [mlflow] logged run 'resnet_PigCVP'  (train_acc=0.0769 val_acc=0.0577 test_acc=0.0625 test_loss=3.8560)
[121/129] PigCVP                       DONE  acc=0.0625 loss=3.8560 AOPCR=  0.252 NDCG=  n/a C= 52 T= 2000 (4s)  [121 trained / 0 failed so far]
[122/129] PowerCons
    stage 1/3: loading data ...
    stage 2/3: training on 144 series (val=36, C=2, T=144, batch=14) ...
    stage 3/3: scoring on 180 test series (accuracy + AOPCR) ...
    [mlflow] versioned model 'resnet_conjunctive' (id=m-840d76d6b80d41c487fd5da829310776) params={'model_size_mb': '4.4116', 'n_model_params': '505299', 'name': 'resnet'}
    [mlflow] logged run 'resnet_PowerCons'  (train_acc=1.0000 val_acc=1.0000 test_acc=0.8833 test_loss=0.2708)
[122/129] PowerCons                    DONE  acc=0.8833 loss=0.2708 AOPCR=  1.109 NDCG=  n/a C=  2 T=  144 (17s)  [122 trained / 0 failed so far]
[123/129] Rock
    stage 1/3: loading data ...
    stage 2/3: training on 20 series (no val (train-loss early stop), C=4, T=2844, batch=2) ...
    stage 3/3: scoring on 50 test series (accuracy + AOPCR) ...
    [mlflow] versioned model 'resnet_conjunctive' (id=m-f0867884576643519081b4bc727712b9) params={'model_size_mb': '4.4126', 'n_model_params': '505557', 'name': 'resnet'}
    [mlflow] logged run 'resnet_Rock'  (train_acc=1.0000 test_acc=0.7200 test_loss=0.8949)
[123/129] Rock                         DONE  acc=0.7200 loss=0.8949 AOPCR=  2.509 NDCG=  n/a C=  4 T= 2844 (17s)  [123 trained / 0 failed so far]
[124/129] SemgHandGenderCh2
    stage 1/3: loading data ...
    stage 2/3: training on 240 series (val=60, C=2, T=1500, batch=16) ...
    stage 3/3: scoring on 600 test series (accuracy + AOPCR) ...
    [mlflow] versioned model 'resnet_conjunctive' (id=m-4443ed5ba35f4a8181bf7aeb2527e582) params={'model_size_mb': '4.4116', 'n_model_params': '505299', 'name': 'resnet'}
    [mlflow] logged run 'resnet_SemgHandGenderCh2'  (train_acc=1.0000 val_acc=0.8500 test_acc=0.8450 test_loss=0.3801)
[124/129] SemgHandGenderCh2            DONE  acc=0.8450 loss=0.3801 AOPCR=  2.497 NDCG=  n/a C=  2 T= 1500 (13s)  [124 trained / 0 failed so far]
[125/129] SemgHandMovementCh2
    stage 1/3: loading data ...
    stage 2/3: training on 360 series (val=90, C=6, T=1500, batch=16) ...
    stage 3/3: scoring on 450 test series (accuracy + AOPCR) ...
    [mlflow] versioned model 'resnet_conjunctive' (id=m-dc8ae15d4aba425e83a768c48cb6ae1b) params={'model_size_mb': '4.4136', 'n_model_params': '505815', 'name': 'resnet'}
    [mlflow] logged run 'resnet_SemgHandMovementCh2'  (train_acc=0.5778 val_acc=0.5444 test_acc=0.4556 test_loss=1.3748)
[125/129] SemgHandMovementCh2          DONE  acc=0.4556 loss=1.3748 AOPCR=  1.516 NDCG=  n/a C=  6 T= 1500 (12s)  [125 trained / 0 failed so far]
[126/129] SemgHandSubjectCh2
    stage 1/3: loading data ...
    stage 2/3: training on 360 series (val=90, C=5, T=1500, batch=16) ...
    stage 3/3: scoring on 450 test series (accuracy + AOPCR) ...
    [mlflow] versioned model 'resnet_conjunctive' (id=m-b3e8aeefa51d4b86860dceb8401f1289) params={'model_size_mb': '4.4131', 'n_model_params': '505686', 'name': 'resnet'}
    [mlflow] logged run 'resnet_SemgHandSubjectCh2'  (train_acc=0.8167 val_acc=0.7667 test_acc=0.7378 test_loss=0.8045)
[126/129] SemgHandSubjectCh2           DONE  acc=0.7378 loss=0.8045 AOPCR=  2.692 NDCG=  n/a C=  5 T= 1500 (12s)  [126 trained / 0 failed so far]
[127/129] ShakeGestureWiimoteZ
    stage 1/3: loading data ...
    stage 2/3: training on 50 series (no val (train-loss early stop), C=10, T=385, batch=5) ...
    stage 3/3: scoring on 50 test series (accuracy + AOPCR) ...
    [mlflow] versioned model 'resnet_conjunctive' (id=m-0e0c479d52034ffe976bfe2c65d0335d) params={'model_size_mb': '4.4156', 'n_model_params': '506331', 'name': 'resnet'}
    [mlflow] logged run 'resnet_ShakeGestureWiimoteZ'  (train_acc=1.0000 test_acc=0.8800 test_loss=0.5791)
[127/129] ShakeGestureWiimoteZ         DONE  acc=0.8800 loss=0.5791 AOPCR=  1.290 NDCG=  n/a C= 10 T=  385 (18s)  [127 trained / 0 failed so far]
[128/129] SmoothSubspace
    stage 1/3: loading data ...
    stage 2/3: training on 120 series (val=30, C=3, T=15, batch=12) ...
    stage 3/3: scoring on 150 test series (accuracy + AOPCR) ...
    [mlflow] versioned model 'resnet_conjunctive' (id=m-f5ea689d42b5404096b036feddf73161) params={'model_size_mb': '4.4121', 'n_model_params': '505428', 'name': 'resnet'}
    [mlflow] logged run 'resnet_SmoothSubspace'  (train_acc=1.0000 val_acc=1.0000 test_acc=0.9733 test_loss=0.1497)
[128/129] SmoothSubspace               DONE  acc=0.9733 loss=0.1497 AOPCR=  0.659 NDCG=  n/a C=  3 T=   15 (9s)  [128 trained / 0 failed so far]
[129/129] UMD
    stage 1/3: loading data ...
    stage 2/3: training on 36 series (no val (train-loss early stop), C=3, T=150, batch=3) ...
    stage 3/3: scoring on 144 test series (accuracy + AOPCR) ...
    [mlflow] versioned model 'resnet_conjunctive' (id=m-6fbed2734ed64113ba5126795257d6e9) params={'model_size_mb': '4.4121', 'n_model_params': '505428', 'name': 'resnet'}
    [mlflow] logged run 'resnet_UMD'  (train_acc=1.0000 test_acc=0.9931 test_loss=0.1428)
[129/129] UMD                          DONE  acc=0.9931 loss=0.1428 AOPCR=  1.296 NDCG=  n/a C=  3 T=  150 (17s)  [129 trained / 0 failed so far]

Done: 129 trained, 0 skipped, 0 failed.
Results -> results/SEA_NET/resnet_conjunctive/results.csv

=== resnet_conjunctive vs MILLET ConjunctiveInceptionTime (mean of 5 reps) ===
  UCR datasets evaluated: 128  (with MILLET baseline: 85, without: 43)
  metric        ours    MILLET   win/tie/loss   (mean over the 85 datasets MILLET published)
  acc         0.8139    0.8445       22/11/52   
  loss        0.5638    1.2241        56/0/29   (lower is better)
  aopcr       1.1912    4.5532         6/0/79   
  wrote results/SEA_NET/resnet_conjunctive/comparison_vs_millet.csv

Next: `python main.py report` to draw the figures for resnet_conjunctive.

[log] finished; full output saved to results/SEA_NET/resnet_conjunctive/logs/train_2026-07-19_03-30-05.log
