[log] command 'train' started at 2026-07-20_16-07-56 for model 'resnet_conjunctive'
[log] a copy of everything below is being saved to: results/SEA_NET/resnet_conjunctive/logs/train_2026-07-20_16-07-56.log

=== train: model=resnet_conjunctive (config resnet) device=cuda mode=full datasets=129 ===
[params] using DEFAULT recipe (no Optuna record yet - run 'python main.py optuna --model resnet').
  results  -> results/SEA_NET/resnet_conjunctive/results.csv
  resume   -> results/SEA_NET/resnet_conjunctive/done_train_dataset.txt  (delete it to retrain everything; delete one line to retrain that dataset)

  [mlflow] logging runs to experiment 'SEA-Net_resnet_conjunctive_2026-07-20' at sqlite:///mlflow.db
  [mlflow] browse later with:  mlflow ui --backend-store-uri sqlite:///mlflow.db
[  1/129] WebTraffic
    stage 1/3: loading data ...
    stage 2/3: training on 400 series (val=100, C=10, T=201, batch=16) ...
    stage 3/3: scoring on 500 test series (accuracy + AOPCR + NDCG) ...
    [mlflow] versioned model 'resnet_conjunctive' (id=m-109878da1b614497a1efde62ddb911ca) params={'model_size_mb': '4.4243', 'n_model_params': '508635', 'name': 'resnet'}
    [mlflow] logged run 'resnet_WebTraffic'  (train_acc=0.7375 val_acc=0.5200 test_acc=0.5720 test_loss=1.2861)
[  1/129] WebTraffic                   DONE  acc=0.5720 loss=1.2861 AOPCR=  2.050 NDCG=  n/a C= 10 T=  201 (11s)  [1 trained / 0 failed so far]
[  2/129] Adiac
    stage 1/3: loading data ...
    stage 2/3: training on 328 series (val=62, C=37, T=35, batch=16) ...
    stage 3/3: scoring on 391 test series (accuracy + AOPCR) ...
    [mlflow] versioned model 'resnet_conjunctive' (id=m-4fd9f15de0864f53b39e3f4b6e37b184) params={'model_size_mb': '4.4376', 'n_model_params': '512118', 'name': 'resnet'}
    [mlflow] logged run 'resnet_Adiac'  (train_acc=0.9146 val_acc=0.7258 test_acc=0.7442 test_loss=0.9554)
[  2/129] Adiac                        DONE  acc=0.7442 loss=0.9554 AOPCR= -0.196 NDCG=  n/a C= 37 T=   35 (18s)  [2 trained / 0 failed so far]
[  3/129] ArrowHead
    stage 1/3: loading data ...
    stage 2/3: training on 36 series (no val (train-loss early stop), C=3, T=50, batch=3) ...
    stage 3/3: scoring on 175 test series (accuracy + AOPCR) ...
    [mlflow] versioned model 'resnet_conjunctive' (id=m-1d1ee8e7922b4e21a3ec76fa3d583915) params={'model_size_mb': '4.4209', 'n_model_params': '507732', 'name': 'resnet'}
    [mlflow] logged run 'resnet_ArrowHead'  (train_acc=1.0000 test_acc=0.8286 test_loss=0.4737)
[  3/129] ArrowHead                    DONE  acc=0.8286 loss=0.4737 AOPCR=  0.200 NDCG=  n/a C=  3 T=   50 (12s)  [3 trained / 0 failed so far]
[  4/129] Beef
    stage 1/3: loading data ...
    stage 2/3: training on 30 series (no val (train-loss early stop), C=5, T=94, batch=3) ...
    stage 3/3: scoring on 30 test series (accuracy + AOPCR) ...
    [mlflow] versioned model 'resnet_conjunctive' (id=m-4786580a0ae04653a08954120aae93c4) params={'model_size_mb': '4.4219', 'n_model_params': '507990', 'name': 'resnet'}
    [mlflow] logged run 'resnet_Beef'  (train_acc=1.0000 test_acc=0.9000 test_loss=0.3989)
[  4/129] Beef                         DONE  acc=0.9000 loss=0.3989 AOPCR=  1.183 NDCG=  n/a C=  5 T=   94 (17s)  [4 trained / 0 failed so far]
[  5/129] BeetleFly
    stage 1/3: loading data ...
    stage 2/3: training on 20 series (no val (train-loss early stop), C=2, T=102, batch=2) ...
    stage 3/3: scoring on 20 test series (accuracy + AOPCR) ...
    [mlflow] versioned model 'resnet_conjunctive' (id=m-51a7ad822eff413d81fa17a0b654a52a) params={'model_size_mb': '4.4204', 'n_model_params': '507603', 'name': 'resnet'}
    [mlflow] logged run 'resnet_BeetleFly'  (train_acc=1.0000 test_acc=0.8500 test_loss=0.3461)
[  5/129] BeetleFly                    DONE  acc=0.8500 loss=0.3461 AOPCR=  0.238 NDCG=  n/a C=  2 T=  102 (7s)  [5 trained / 0 failed so far]
[  6/129] BirdChicken
    stage 1/3: loading data ...
    stage 2/3: training on 20 series (no val (train-loss early stop), C=2, T=102, batch=2) ...
    stage 3/3: scoring on 20 test series (accuracy + AOPCR) ...
    [mlflow] versioned model 'resnet_conjunctive' (id=m-31a598e0039047b29f9a529917f0acf4) params={'model_size_mb': '4.4204', 'n_model_params': '507603', 'name': 'resnet'}
    [mlflow] logged run 'resnet_BirdChicken'  (train_acc=1.0000 test_acc=0.8500 test_loss=0.2971)
[  6/129] BirdChicken                  DONE  acc=0.8500 loss=0.2971 AOPCR=  0.872 NDCG=  n/a C=  2 T=  102 (9s)  [6 trained / 0 failed so far]
[  7/129] Car
    stage 1/3: loading data ...
    stage 2/3: training on 60 series (no val (train-loss early stop), C=4, T=115, batch=6) ...
    stage 3/3: scoring on 60 test series (accuracy + AOPCR) ...
    [mlflow] versioned model 'resnet_conjunctive' (id=m-ab032e9643e74f4a888c44b1dc9814d7) params={'model_size_mb': '4.4214', 'n_model_params': '507861', 'name': 'resnet'}
    [mlflow] logged run 'resnet_Car'  (train_acc=1.0000 test_acc=0.9333 test_loss=0.3768)
[  7/129] Car                          DONE  acc=0.9333 loss=0.3768 AOPCR=  1.217 NDCG=  n/a C=  4 T=  115 (17s)  [7 trained / 0 failed so far]
[  8/129] CBF
    stage 1/3: loading data ...
    stage 2/3: training on 30 series (no val (train-loss early stop), C=3, T=25, batch=3) ...
    stage 3/3: scoring on 900 test series (accuracy + AOPCR) ...
    [mlflow] versioned model 'resnet_conjunctive' (id=m-e9822f3c29044427908ed722421297f9) params={'model_size_mb': '4.4209', 'n_model_params': '507732', 'name': 'resnet'}
    [mlflow] logged run 'resnet_CBF'  (train_acc=1.0000 test_acc=0.9900 test_loss=0.2050)
[  8/129] CBF                          DONE  acc=0.9900 loss=0.2050 AOPCR=  0.454 NDCG=  n/a C=  3 T=   25 (7s)  [8 trained / 0 failed so far]
[  9/129] ChlorineConcentration
    stage 1/3: loading data ...
    stage 2/3: training on 375 series (val=92, C=3, T=33, batch=16) ...
    stage 3/3: scoring on 3840 test series (accuracy + AOPCR) ...
    [mlflow] versioned model 'resnet_conjunctive' (id=m-5501bbc8e18a4cafb7d66ab924e3db77) params={'model_size_mb': '4.4209', 'n_model_params': '507732', 'name': 'resnet'}
    [mlflow] logged run 'resnet_ChlorineConcentration'  (train_acc=0.9733 val_acc=0.7500 test_acc=0.7490 test_loss=0.6550)
[  9/129] ChlorineConcentration        DONE  acc=0.7490 loss=0.6550 AOPCR=  1.310 NDCG=  n/a C=  3 T=   33 (18s)  [9 trained / 0 failed so far]
[ 10/129] CinCECGTorso
    stage 1/3: loading data ...
    stage 2/3: training on 40 series (no val (train-loss early stop), C=4, T=327, batch=4) ...
    stage 3/3: scoring on 1380 test series (accuracy + AOPCR) ...
    [mlflow] versioned model 'resnet_conjunctive' (id=m-f7695c853e1f49c8a82fa463e0ea42f8) params={'model_size_mb': '4.4214', 'n_model_params': '507861', 'name': 'resnet'}
    [mlflow] logged run 'resnet_CinCECGTorso'  (train_acc=1.0000 test_acc=0.8406 test_loss=0.5362)
[ 10/129] CinCECGTorso                 DONE  acc=0.8406 loss=0.5362 AOPCR=  1.346 NDCG=  n/a C=  4 T=  327 (11s)  [10 trained / 0 failed so far]
[ 11/129] Coffee
    stage 1/3: loading data ...
    stage 2/3: training on 28 series (no val (train-loss early stop), C=2, T=57, batch=2) ...
    stage 3/3: scoring on 28 test series (accuracy + AOPCR) ...
    [mlflow] versioned model 'resnet_conjunctive' (id=m-b09dd35b18d04ec6942ad572c8c943fd) params={'model_size_mb': '4.4204', 'n_model_params': '507603', 'name': 'resnet'}
    [mlflow] logged run 'resnet_Coffee'  (train_acc=1.0000 test_acc=1.0000 test_loss=0.0815)
[ 11/129] Coffee                       DONE  acc=1.0000 loss=0.0815 AOPCR=  0.310 NDCG=  n/a C=  2 T=   57 (7s)  [11 trained / 0 failed so far]
[ 12/129] Computers
    stage 1/3: loading data ...
    stage 2/3: training on 200 series (val=50, C=2, T=144, batch=16) ...
    stage 3/3: scoring on 250 test series (accuracy + AOPCR) ...
    [mlflow] versioned model 'resnet_conjunctive' (id=m-b1010ed013ea4e228b0e2309229ce028) params={'model_size_mb': '4.4204', 'n_model_params': '507603', 'name': 'resnet'}
    [mlflow] logged run 'resnet_Computers'  (train_acc=0.9400 val_acc=0.7200 test_acc=0.6280 test_loss=0.6800)
[ 12/129] Computers                    DONE  acc=0.6280 loss=0.6800 AOPCR=  0.600 NDCG=  n/a C=  2 T=  144 (5s)  [12 trained / 0 failed so far]
[ 13/129] CricketX
    stage 1/3: loading data ...
    stage 2/3: training on 317 series (val=73, C=12, T=60, batch=16) ...
    stage 3/3: scoring on 390 test series (accuracy + AOPCR) ...
    [mlflow] versioned model 'resnet_conjunctive' (id=m-4d27592f2b7d4f9c92e51a9aa5bdf73d) params={'model_size_mb': '4.4253', 'n_model_params': '508893', 'name': 'resnet'}
    [mlflow] logged run 'resnet_CricketX'  (train_acc=1.0000 val_acc=0.7534 test_acc=0.7359 test_loss=0.9580)
[ 13/129] CricketX                     DONE  acc=0.7359 loss=0.9580 AOPCR=  1.119 NDCG=  n/a C= 12 T=   60 (15s)  [13 trained / 0 failed so far]
[ 14/129] CricketY
    stage 1/3: loading data ...
    stage 2/3: training on 317 series (val=73, C=12, T=60, batch=16) ...
    stage 3/3: scoring on 390 test series (accuracy + AOPCR) ...
    [mlflow] versioned model 'resnet_conjunctive' (id=m-8a269c3b2ff744c39018dabcd510a10d) params={'model_size_mb': '4.4253', 'n_model_params': '508893', 'name': 'resnet'}
    [mlflow] logged run 'resnet_CricketY'  (train_acc=1.0000 val_acc=0.7945 test_acc=0.6846 test_loss=1.0529)
[ 14/129] CricketY                     DONE  acc=0.6846 loss=1.0529 AOPCR=  0.899 NDCG=  n/a C= 12 T=   60 (12s)  [14 trained / 0 failed so far]
[ 15/129] CricketZ
    stage 1/3: loading data ...
    stage 2/3: training on 316 series (val=74, C=12, T=60, batch=16) ...
    stage 3/3: scoring on 390 test series (accuracy + AOPCR) ...
    [mlflow] versioned model 'resnet_conjunctive' (id=m-12410f7ae3c84176879dd22934bb38e8) params={'model_size_mb': '4.4253', 'n_model_params': '508893', 'name': 'resnet'}
    [mlflow] logged run 'resnet_CricketZ'  (train_acc=0.9272 val_acc=0.7297 test_acc=0.7615 test_loss=0.8509)
[ 15/129] CricketZ                     DONE  acc=0.7615 loss=0.8509 AOPCR=  1.137 NDCG=  n/a C= 12 T=   60 (6s)  [15 trained / 0 failed so far]
[ 16/129] DiatomSizeReduction
    stage 1/3: loading data ...
    stage 2/3: training on 16 series (no val (train-loss early stop), C=4, T=69, batch=2) ...
    stage 3/3: scoring on 306 test series (accuracy + AOPCR) ...
    [mlflow] versioned model 'resnet_conjunctive' (id=m-dc3948d2da7a4eaeb222c61d1f29a3d7) params={'model_size_mb': '4.4214', 'n_model_params': '507861', 'name': 'resnet'}
    [mlflow] logged run 'resnet_DiatomSizeReduction'  (train_acc=1.0000 test_acc=0.9608 test_loss=0.2101)
[ 16/129] DiatomSizeReduction          DONE  acc=0.9608 loss=0.2101 AOPCR=  0.239 NDCG=  n/a C=  4 T=   69 (8s)  [16 trained / 0 failed so far]
[ 17/129] DistalPhalanxOutlineAgeGroup
    stage 1/3: loading data ...
    stage 2/3: training on 321 series (val=79, C=3, T=16, batch=16) ...
    stage 3/3: scoring on 139 test series (accuracy + AOPCR) ...
    [mlflow] versioned model 'resnet_conjunctive' (id=m-fdec1307c05b46aca6b20dd824f8d908) params={'model_size_mb': '4.4209', 'n_model_params': '507732', 'name': 'resnet'}
    [mlflow] logged run 'resnet_DistalPhalanxOutlineAgeGroup'  (train_acc=0.8879 val_acc=0.7975 test_acc=0.7698 test_loss=0.5576)
[ 17/129] DistalPhalanxOutlineAgeGroup DONE  acc=0.7698 loss=0.5576 AOPCR=  0.433 NDCG=  n/a C=  3 T=   16 (7s)  [17 trained / 0 failed so far]
[ 18/129] DistalPhalanxOutlineCorrect
    stage 1/3: loading data ...
    stage 2/3: training on 481 series (val=119, C=2, T=16, batch=16) ...
    stage 3/3: scoring on 276 test series (accuracy + AOPCR) ...
    [mlflow] versioned model 'resnet_conjunctive' (id=m-4cfbad25f4d54a7d839b223dda5d1c6f) params={'model_size_mb': '4.4204', 'n_model_params': '507603', 'name': 'resnet'}
    [mlflow] logged run 'resnet_DistalPhalanxOutlineCorrect'  (train_acc=0.9002 val_acc=0.8319 test_acc=0.7536 test_loss=0.5123)
[ 18/129] DistalPhalanxOutlineCorrect  DONE  acc=0.7536 loss=0.5123 AOPCR=  0.223 NDCG=  n/a C=  2 T=   16 (11s)  [18 trained / 0 failed so far]
[ 19/129] DistalPhalanxTW
    stage 1/3: loading data ...
    stage 2/3: training on 323 series (val=77, C=6, T=16, batch=16) ...
    stage 3/3: scoring on 139 test series (accuracy + AOPCR) ...
    [mlflow] versioned model 'resnet_conjunctive' (id=m-910be2f269814baabda5903c984e2844) params={'model_size_mb': '4.4224', 'n_model_params': '508119', 'name': 'resnet'}
    [mlflow] logged run 'resnet_DistalPhalanxTW'  (train_acc=0.8328 val_acc=0.8182 test_acc=0.6835 test_loss=0.7952)
[ 19/129] DistalPhalanxTW              DONE  acc=0.6835 loss=0.7952 AOPCR=  0.408 NDCG=  n/a C=  6 T=   16 (7s)  [19 trained / 0 failed so far]
[ 20/129] Earthquakes
    stage 1/3: loading data ...
    stage 2/3: training on 259 series (val=63, C=2, T=102, batch=16) ...
    stage 3/3: scoring on 139 test series (accuracy + AOPCR) ...
    [mlflow] versioned model 'resnet_conjunctive' (id=m-dc76eae7f1154586b0a006d3505cf93e) params={'model_size_mb': '4.4204', 'n_model_params': '507603', 'name': 'resnet'}
    [mlflow] logged run 'resnet_Earthquakes'  (train_acc=0.8263 val_acc=0.8095 test_acc=0.7482 test_loss=0.5718)
[ 20/129] Earthquakes                  DONE  acc=0.7482 loss=0.5718 AOPCR=  0.013 NDCG=  n/a C=  2 T=  102 (5s)  [20 trained / 0 failed so far]
[ 21/129] ECG200
    stage 1/3: loading data ...
    stage 2/3: training on 81 series (val=19, C=2, T=19, batch=8) ...
    stage 3/3: scoring on 100 test series (accuracy + AOPCR) ...
    [mlflow] versioned model 'resnet_conjunctive' (id=m-0ed0f3a7b1734a6cb1597156031b9f96) params={'model_size_mb': '4.4204', 'n_model_params': '507603', 'name': 'resnet'}
    [mlflow] logged run 'resnet_ECG200'  (train_acc=0.9877 val_acc=0.7895 test_acc=0.8200 test_loss=0.3493)
[ 21/129] ECG200                       DONE  acc=0.8200 loss=0.3493 AOPCR=  0.211 NDCG=  n/a C=  2 T=   19 (4s)  [21 trained / 0 failed so far]
[ 22/129] ECG5000
    stage 1/3: loading data ...
    stage 2/3: training on 401 series (val=99, C=5, T=28, batch=16) ...
    stage 3/3: scoring on 4500 test series (accuracy + AOPCR) ...
    [mlflow] versioned model 'resnet_conjunctive' (id=m-53b14d4d99554e78944fa62774f418f2) params={'model_size_mb': '4.4219', 'n_model_params': '507990', 'name': 'resnet'}
    [mlflow] logged run 'resnet_ECG5000'  (train_acc=0.9776 val_acc=0.9394 test_acc=0.9329 test_loss=0.2947)
[ 22/129] ECG5000                      DONE  acc=0.9329 loss=0.2947 AOPCR=  0.884 NDCG=  n/a C=  5 T=   28 (12s)  [22 trained / 0 failed so far]
[ 23/129] ECGFiveDays
    stage 1/3: loading data ...
    stage 2/3: training on 23 series (no val (train-loss early stop), C=2, T=27, batch=2) ...
    stage 3/3: scoring on 861 test series (accuracy + AOPCR) ...
    [mlflow] versioned model 'resnet_conjunctive' (id=m-12f8198cb8bc4ca094f935a17ffd3834) params={'model_size_mb': '4.4204', 'n_model_params': '507603', 'name': 'resnet'}
    [mlflow] logged run 'resnet_ECGFiveDays'  (train_acc=1.0000 test_acc=0.9756 test_loss=0.1474)
[ 23/129] ECGFiveDays                  DONE  acc=0.9756 loss=0.1474 AOPCR=  0.311 NDCG=  n/a C=  2 T=   27 (8s)  [23 trained / 0 failed so far]
[ 24/129] ElectricDevices
    stage 1/3: loading data ...
    stage 2/3: training on 7144 series (val=1782, C=7, T=19, batch=16) ...
    stage 3/3: scoring on 7711 test series (accuracy + AOPCR) ...
    [mlflow] versioned model 'resnet_conjunctive' (id=m-bbb868a85f844e78815f263569af6db4) params={'model_size_mb': '4.4229', 'n_model_params': '508248', 'name': 'resnet'}
    [mlflow] logged run 'resnet_ElectricDevices'  (train_acc=0.9353 val_acc=0.8726 test_acc=0.6866 test_loss=1.0150)
[ 24/129] ElectricDevices              DONE  acc=0.6866 loss=1.0150 AOPCR=  0.749 NDCG=  n/a C=  7 T=   19 (192s)  [24 trained / 0 failed so far]
[ 25/129] FaceAll
    stage 1/3: loading data ...
    stage 2/3: training on 448 series (val=112, C=14, T=26, batch=16) ...
    stage 3/3: scoring on 1690 test series (accuracy + AOPCR) ...
    [mlflow] versioned model 'resnet_conjunctive' (id=m-eb76b91804c64fee833439e4df2a6ded) params={'model_size_mb': '4.4263', 'n_model_params': '509151', 'name': 'resnet'}
    [mlflow] logged run 'resnet_FaceAll'  (train_acc=1.0000 val_acc=0.9911 test_acc=0.9308 test_loss=0.4405)
[ 25/129] FaceAll                      DONE  acc=0.9308 loss=0.4405 AOPCR=  0.400 NDCG=  n/a C= 14 T=   26 (35s)  [25 trained / 0 failed so far]
[ 26/129] FaceFour
    stage 1/3: loading data ...
    stage 2/3: training on 24 series (no val (train-loss early stop), C=4, T=70, batch=2) ...
    stage 3/3: scoring on 88 test series (accuracy + AOPCR) ...
    [mlflow] versioned model 'resnet_conjunctive' (id=m-76fcdc31852d4ca9bd53cf7eb796206d) params={'model_size_mb': '4.4214', 'n_model_params': '507861', 'name': 'resnet'}
    [mlflow] logged run 'resnet_FaceFour'  (train_acc=1.0000 test_acc=0.9205 test_loss=0.4906)
[ 26/129] FaceFour                     DONE  acc=0.9205 loss=0.4906 AOPCR=  0.484 NDCG=  n/a C=  4 T=   70 (9s)  [26 trained / 0 failed so far]
[ 27/129] FacesUCR
    stage 1/3: loading data ...
    stage 2/3: training on 165 series (val=35, C=14, T=26, batch=16) ...
    stage 3/3: scoring on 2050 test series (accuracy + AOPCR) ...
    [mlflow] versioned model 'resnet_conjunctive' (id=m-db110811ee7a4b80b2d9554509656094) params={'model_size_mb': '4.4263', 'n_model_params': '509151', 'name': 'resnet'}
    [mlflow] logged run 'resnet_FacesUCR'  (train_acc=1.0000 val_acc=0.8857 test_acc=0.8863 test_loss=0.6435)
[ 27/129] FacesUCR                     DONE  acc=0.8863 loss=0.6435 AOPCR=  0.419 NDCG=  n/a C= 14 T=   26 (6s)  [27 trained / 0 failed so far]
[ 28/129] FiftyWords
    stage 1/3: loading data ...
    stage 2/3: training on 365 series (val=85, C=50, T=54, batch=16) ...
    stage 3/3: scoring on 455 test series (accuracy + AOPCR) ...
    [mlflow] versioned model 'resnet_conjunctive' (id=m-6c5c6ffe91c9498587851c7c28f60f25) params={'model_size_mb': '4.4441', 'n_model_params': '513795', 'name': 'resnet'}
    [mlflow] logged run 'resnet_FiftyWords'  (train_acc=0.9808 val_acc=0.7412 test_acc=0.7670 test_loss=0.9356)
[ 28/129] FiftyWords                   DONE  acc=0.7670 loss=0.9356 AOPCR=  0.967 NDCG=  n/a C= 50 T=   54 (12s)  [28 trained / 0 failed so far]
[ 29/129] Fish
    stage 1/3: loading data ...
    stage 2/3: training on 142 series (val=33, C=7, T=92, batch=14) ...
    stage 3/3: scoring on 175 test series (accuracy + AOPCR) ...
    [mlflow] versioned model 'resnet_conjunctive' (id=m-cfc885f128874663a25e2d3d6b6f7830) params={'model_size_mb': '4.4229', 'n_model_params': '508248', 'name': 'resnet'}
    [mlflow] logged run 'resnet_Fish'  (train_acc=1.0000 val_acc=0.9697 test_acc=0.9657 test_loss=0.2249)
[ 29/129] Fish                         DONE  acc=0.9657 loss=0.2249 AOPCR=  1.175 NDCG=  n/a C=  7 T=   92 (11s)  [29 trained / 0 failed so far]
[ 30/129] FordA
    stage 1/3: loading data ...
    stage 2/3: training on 2881 series (val=720, C=2, T=100, batch=16) ...
    stage 3/3: scoring on 1320 test series (accuracy + AOPCR) ...
    [mlflow] versioned model 'resnet_conjunctive' (id=m-cb47f92734014a27b9852b24ac7b1d00) params={'model_size_mb': '4.4204', 'n_model_params': '507603', 'name': 'resnet'}
    [mlflow] logged run 'resnet_FordA'  (train_acc=0.9965 val_acc=0.9597 test_acc=0.9530 test_loss=0.1789)
[ 30/129] FordA                        DONE  acc=0.9530 loss=0.1789 AOPCR=  0.361 NDCG=  n/a C=  2 T=  100 (103s)  [30 trained / 0 failed so far]
[ 31/129] FordB
    stage 1/3: loading data ...
    stage 2/3: training on 2909 series (val=727, C=2, T=100, batch=16) ...
    stage 3/3: scoring on 810 test series (accuracy + AOPCR) ...
    [mlflow] versioned model 'resnet_conjunctive' (id=m-a7b76886df0545aaabb6fa170365b644) params={'model_size_mb': '4.4204', 'n_model_params': '507603', 'name': 'resnet'}
    [mlflow] logged run 'resnet_FordB'  (train_acc=0.9966 val_acc=0.9684 test_acc=0.8333 test_loss=0.3703)
[ 31/129] FordB                        DONE  acc=0.8333 loss=0.3703 AOPCR=  0.216 NDCG=  n/a C=  2 T=  100 (107s)  [31 trained / 0 failed so far]
[ 32/129] GunPoint
    stage 1/3: loading data ...
    stage 2/3: training on 50 series (no val (train-loss early stop), C=2, T=30, batch=5) ...
    stage 3/3: scoring on 150 test series (accuracy + AOPCR) ...
    [mlflow] versioned model 'resnet_conjunctive' (id=m-52c4d534cf8443d68d7022222bbfda17) params={'model_size_mb': '4.4204', 'n_model_params': '507603', 'name': 'resnet'}
    [mlflow] logged run 'resnet_GunPoint'  (train_acc=1.0000 test_acc=0.9933 test_loss=0.1099)
[ 32/129] GunPoint                     DONE  acc=0.9933 loss=0.1099 AOPCR=  0.435 NDCG=  n/a C=  2 T=   30 (8s)  [32 trained / 0 failed so far]
[ 33/129] Ham
    stage 1/3: loading data ...
    stage 2/3: training on 88 series (val=21, C=2, T=86, batch=8) ...
    stage 3/3: scoring on 105 test series (accuracy + AOPCR) ...
    [mlflow] versioned model 'resnet_conjunctive' (id=m-30ec3fb89bb44d1b8299b6bf105af493) params={'model_size_mb': '4.4204', 'n_model_params': '507603', 'name': 'resnet'}
    [mlflow] logged run 'resnet_Ham'  (train_acc=1.0000 val_acc=0.8571 test_acc=0.7048 test_loss=0.5675)
[ 33/129] Ham                          DONE  acc=0.7048 loss=0.5675 AOPCR=  0.913 NDCG=  n/a C=  2 T=   86 (6s)  [33 trained / 0 failed so far]
[ 34/129] HandOutlines
    stage 1/3: loading data ...
    stage 2/3: training on 801 series (val=199, C=2, T=541, batch=16) ...
    stage 3/3: scoring on 370 test series (accuracy + AOPCR) ...
    [mlflow] versioned model 'resnet_conjunctive' (id=m-599278de618f42898665d953f17b8207) params={'model_size_mb': '4.4204', 'n_model_params': '507603', 'name': 'resnet'}
    [mlflow] logged run 'resnet_HandOutlines'  (train_acc=0.9538 val_acc=0.8844 test_acc=0.9270 test_loss=0.2692)
[ 34/129] HandOutlines                 DONE  acc=0.9270 loss=0.2692 AOPCR=  2.718 NDCG=  n/a C=  2 T=  541 (53s)  [34 trained / 0 failed so far]
[ 35/129] Haptics
    stage 1/3: loading data ...
    stage 2/3: training on 127 series (val=28, C=5, T=218, batch=12) ...
    stage 3/3: scoring on 308 test series (accuracy + AOPCR) ...
    [mlflow] versioned model 'resnet_conjunctive' (id=m-3ba89a11372449fc93d06d41fca42467) params={'model_size_mb': '4.4219', 'n_model_params': '507990', 'name': 'resnet'}
    [mlflow] logged run 'resnet_Haptics'  (train_acc=0.7165 val_acc=0.5357 test_acc=0.5162 test_loss=1.4072)
[ 35/129] Haptics                      DONE  acc=0.5162 loss=1.4072 AOPCR=  2.260 NDCG=  n/a C=  5 T=  218 (4s)  [35 trained / 0 failed so far]
[ 36/129] Herring
    stage 1/3: loading data ...
    stage 2/3: training on 64 series (no val (train-loss early stop), C=2, T=102, batch=6) ...
    stage 3/3: scoring on 64 test series (accuracy + AOPCR) ...
    [mlflow] versioned model 'resnet_conjunctive' (id=m-df31df9d8a1041a68bf7d0f348169b5d) params={'model_size_mb': '4.4204', 'n_model_params': '507603', 'name': 'resnet'}
    [mlflow] logged run 'resnet_Herring'  (train_acc=1.0000 test_acc=0.5000 test_loss=1.0350)
[ 36/129] Herring                      DONE  acc=0.5000 loss=1.0350 AOPCR=  5.666 NDCG=  n/a C=  2 T=  102 (13s)  [36 trained / 0 failed so far]
[ 37/129] InlineSkate
    stage 1/3: loading data ...
    stage 2/3: training on 84 series (val=16, C=7, T=376, batch=8) ...
    stage 3/3: scoring on 550 test series (accuracy + AOPCR) ...
    [mlflow] versioned model 'resnet_conjunctive' (id=m-b8fffc7a19ac4b24b7643921af594474) params={'model_size_mb': '4.4229', 'n_model_params': '508248', 'name': 'resnet'}
    [mlflow] logged run 'resnet_InlineSkate'  (train_acc=0.5119 val_acc=0.5000 test_acc=0.3164 test_loss=1.6479)
[ 37/129] InlineSkate                  DONE  acc=0.3164 loss=1.6479 AOPCR=  0.987 NDCG=  n/a C=  7 T=  376 (5s)  [37 trained / 0 failed so far]
[ 38/129] InsectWingbeatSound
    stage 1/3: loading data ...
    stage 2/3: training on 176 series (val=44, C=11, T=51, batch=16) ...
    stage 3/3: scoring on 1980 test series (accuracy + AOPCR) ...
    [mlflow] versioned model 'resnet_conjunctive' (id=m-a8d476b8d9ec41e29d23c8fd26d24345) params={'model_size_mb': '4.4248', 'n_model_params': '508764', 'name': 'resnet'}
    [mlflow] logged run 'resnet_InsectWingbeatSound'  (train_acc=0.6989 val_acc=0.5682 test_acc=0.5747 test_loss=1.1475)
[ 38/129] InsectWingbeatSound          DONE  acc=0.5747 loss=1.1475 AOPCR=  0.437 NDCG=  n/a C= 11 T=   51 (4s)  [38 trained / 0 failed so far]
[ 39/129] ItalyPowerDemand
    stage 1/3: loading data ...
    stage 2/3: training on 67 series (no val (train-loss early stop), C=2, T=4, batch=6) ...
[ 39/129] ItalyPowerDemand             FAILED: RuntimeError: a Tensor with 30 elements cannot be converted to Scalar
[ 40/129] LargeKitchenAppliances
    stage 1/3: loading data ...
    stage 2/3: training on 300 series (val=75, C=3, T=144, batch=16) ...
    stage 3/3: scoring on 375 test series (accuracy + AOPCR) ...
    [mlflow] versioned model 'resnet_conjunctive' (id=m-fd85747c7cb14195aebc427bae4ec0e1) params={'model_size_mb': '4.4209', 'n_model_params': '507732', 'name': 'resnet'}
    [mlflow] logged run 'resnet_LargeKitchenAppliances'  (train_acc=1.0000 val_acc=0.9200 test_acc=0.8400 test_loss=0.4893)
[ 40/129] LargeKitchenAppliances       DONE  acc=0.8400 loss=0.4893 AOPCR=  0.972 NDCG=  n/a C=  3 T=  144 (10s)  [39 trained / 1 failed so far]
[ 41/129] Lightning2
    stage 1/3: loading data ...
    stage 2/3: training on 60 series (no val (train-loss early stop), C=2, T=127, batch=6) ...
    stage 3/3: scoring on 61 test series (accuracy + AOPCR) ...
    [mlflow] versioned model 'resnet_conjunctive' (id=m-7ca2d34cd436498c814bfd572ec7fa17) params={'model_size_mb': '4.4204', 'n_model_params': '507603', 'name': 'resnet'}
    [mlflow] logged run 'resnet_Lightning2'  (train_acc=1.0000 test_acc=0.8033 test_loss=0.4623)
[ 41/129] Lightning2                   DONE  acc=0.8033 loss=0.4623 AOPCR=  1.081 NDCG=  n/a C=  2 T=  127 (11s)  [40 trained / 1 failed so far]
[ 42/129] Lightning7
    stage 1/3: loading data ...
    stage 2/3: training on 70 series (no val (train-loss early stop), C=7, T=63, batch=7) ...
    stage 3/3: scoring on 73 test series (accuracy + AOPCR) ...
    [mlflow] versioned model 'resnet_conjunctive' (id=m-7b82ca90567d4cc7823133b4b86aa4b2) params={'model_size_mb': '4.4229', 'n_model_params': '508248', 'name': 'resnet'}
    [mlflow] logged run 'resnet_Lightning7'  (train_acc=1.0000 test_acc=0.6712 test_loss=0.9671)
[ 42/129] Lightning7                   DONE  acc=0.6712 loss=0.9671 AOPCR=  1.067 NDCG=  n/a C=  7 T=   63 (8s)  [41 trained / 1 failed so far]
[ 43/129] Mallat
    stage 1/3: loading data ...
    stage 2/3: training on 55 series (no val (train-loss early stop), C=8, T=204, batch=5) ...
    stage 3/3: scoring on 2345 test series (accuracy + AOPCR) ...
    [mlflow] versioned model 'resnet_conjunctive' (id=m-51b6be0128174747b102d35d12ee5e53) params={'model_size_mb': '4.4234', 'n_model_params': '508377', 'name': 'resnet'}
    [mlflow] logged run 'resnet_Mallat'  (train_acc=1.0000 test_acc=0.9531 test_loss=0.3054)
[ 43/129] Mallat                       DONE  acc=0.9531 loss=0.3054 AOPCR=  1.632 NDCG=  n/a C=  8 T=  204 (16s)  [42 trained / 1 failed so far]
[ 44/129] Meat
    stage 1/3: loading data ...
    stage 2/3: training on 60 series (no val (train-loss early stop), C=3, T=89, batch=6) ...
    stage 3/3: scoring on 60 test series (accuracy + AOPCR) ...
    [mlflow] versioned model 'resnet_conjunctive' (id=m-620d93684bcb40dab74850bef16e1341) params={'model_size_mb': '4.4209', 'n_model_params': '507732', 'name': 'resnet'}
    [mlflow] logged run 'resnet_Meat'  (train_acc=1.0000 test_acc=0.9333 test_loss=0.2454)
[ 44/129] Meat                         DONE  acc=0.9333 loss=0.2454 AOPCR=  2.534 NDCG=  n/a C=  3 T=   89 (14s)  [43 trained / 1 failed so far]
[ 45/129] MedicalImages
    stage 1/3: loading data ...
    stage 2/3: training on 307 series (val=74, C=10, T=19, batch=16) ...
    stage 3/3: scoring on 760 test series (accuracy + AOPCR) ...
    [mlflow] versioned model 'resnet_conjunctive' (id=m-d89cd4d1e7074ab59647245a3c2ec1f5) params={'model_size_mb': '4.4243', 'n_model_params': '508635', 'name': 'resnet'}
    [mlflow] logged run 'resnet_MedicalImages'  (train_acc=0.8925 val_acc=0.8108 test_acc=0.7368 test_loss=0.8309)
[ 45/129] MedicalImages                DONE  acc=0.7368 loss=0.8309 AOPCR=  0.786 NDCG=  n/a C= 10 T=   19 (6s)  [44 trained / 1 failed so far]
[ 46/129] MiddlePhalanxOutlineAgeGroup
    stage 1/3: loading data ...
    stage 2/3: training on 321 series (val=79, C=3, T=16, batch=16) ...
    stage 3/3: scoring on 154 test series (accuracy + AOPCR) ...
    [mlflow] versioned model 'resnet_conjunctive' (id=m-681deb03c7d541f2b3e804efacdd2045) params={'model_size_mb': '4.4209', 'n_model_params': '507732', 'name': 'resnet'}
    [mlflow] logged run 'resnet_MiddlePhalanxOutlineAgeGroup'  (train_acc=0.8474 val_acc=0.7848 test_acc=0.5519 test_loss=0.9240)
[ 46/129] MiddlePhalanxOutlineAgeGroup DONE  acc=0.5519 loss=0.9240 AOPCR= -0.055 NDCG=  n/a C=  3 T=   16 (6s)  [45 trained / 1 failed so far]
[ 47/129] MiddlePhalanxOutlineCorrect
    stage 1/3: loading data ...
    stage 2/3: training on 481 series (val=119, C=2, T=16, batch=16) ...
    stage 3/3: scoring on 291 test series (accuracy + AOPCR) ...
    [mlflow] versioned model 'resnet_conjunctive' (id=m-9f04e443ae87435e82ff25b683cc39a4) params={'model_size_mb': '4.4204', 'n_model_params': '507603', 'name': 'resnet'}
    [mlflow] logged run 'resnet_MiddlePhalanxOutlineCorrect'  (train_acc=0.8711 val_acc=0.8403 test_acc=0.7938 test_loss=0.4526)
[ 47/129] MiddlePhalanxOutlineCorrect  DONE  acc=0.7938 loss=0.4526 AOPCR= -0.618 NDCG=  n/a C=  2 T=   16 (12s)  [46 trained / 1 failed so far]
[ 48/129] MiddlePhalanxTW
    stage 1/3: loading data ...
    stage 2/3: training on 321 series (val=78, C=6, T=16, batch=16) ...
    stage 3/3: scoring on 154 test series (accuracy + AOPCR) ...
    [mlflow] versioned model 'resnet_conjunctive' (id=m-5d62729b3a3c4d7f8231751a11be5336) params={'model_size_mb': '4.4224', 'n_model_params': '508119', 'name': 'resnet'}
    [mlflow] logged run 'resnet_MiddlePhalanxTW'  (train_acc=0.6791 val_acc=0.6154 test_acc=0.6234 test_loss=1.0724)
[ 48/129] MiddlePhalanxTW              DONE  acc=0.6234 loss=1.0724 AOPCR=  0.607 NDCG=  n/a C=  6 T=   16 (6s)  [47 trained / 1 failed so far]
[ 49/129] MoteStrain
    stage 1/3: loading data ...
    stage 2/3: training on 20 series (no val (train-loss early stop), C=2, T=16, batch=2) ...
    stage 3/3: scoring on 1252 test series (accuracy + AOPCR) ...
    [mlflow] versioned model 'resnet_conjunctive' (id=m-fef3542ce37e471f966bfca12bd23b29) params={'model_size_mb': '4.4204', 'n_model_params': '507603', 'name': 'resnet'}
    [mlflow] logged run 'resnet_MoteStrain'  (train_acc=1.0000 test_acc=0.8634 test_loss=0.3306)
[ 49/129] MoteStrain                   DONE  acc=0.8634 loss=0.3306 AOPCR=  0.429 NDCG=  n/a C=  2 T=   16 (6s)  [48 trained / 1 failed so far]
[ 50/129] NonInvasiveFetalECGThorax1
    stage 1/3: loading data ...
    stage 2/3: training on 1452 series (val=348, C=42, T=150, batch=16) ...
    stage 3/3: scoring on 1965 test series (accuracy + AOPCR) ...
    [mlflow] versioned model 'resnet_conjunctive' (id=m-1585ecf9e8a34c9db479861c64fe63ee) params={'model_size_mb': '4.4401', 'n_model_params': '512763', 'name': 'resnet'}
    [mlflow] logged run 'resnet_NonInvasiveFetalECGThorax1'  (train_acc=0.9931 val_acc=0.9368 test_acc=0.9201 test_loss=0.3984)
[ 50/129] NonInvasiveFetalECGThorax1   DONE  acc=0.9201 loss=0.3984 AOPCR=  0.461 NDCG=  n/a C= 42 T=  150 (95s)  [49 trained / 1 failed so far]
[ 51/129] NonInvasiveFetalECGThorax2
    stage 1/3: loading data ...
    stage 2/3: training on 1452 series (val=348, C=42, T=150, batch=16) ...
    stage 3/3: scoring on 1965 test series (accuracy + AOPCR) ...
    [mlflow] versioned model 'resnet_conjunctive' (id=m-4cddbbb76552460481cc65f531c69569) params={'model_size_mb': '4.4401', 'n_model_params': '512763', 'name': 'resnet'}
    [mlflow] logged run 'resnet_NonInvasiveFetalECGThorax2'  (train_acc=0.9828 val_acc=0.9282 test_acc=0.9272 test_loss=0.3358)
[ 51/129] NonInvasiveFetalECGThorax2   DONE  acc=0.9272 loss=0.3358 AOPCR= -0.351 NDCG=  n/a C= 42 T=  150 (81s)  [50 trained / 1 failed so far]
[ 52/129] OliveOil
    stage 1/3: loading data ...
    stage 2/3: training on 30 series (no val (train-loss early stop), C=4, T=114, batch=3) ...
    stage 3/3: scoring on 30 test series (accuracy + AOPCR) ...
    [mlflow] versioned model 'resnet_conjunctive' (id=m-d82b0804a2a54ffba5e42bf8c391f9f5) params={'model_size_mb': '4.4214', 'n_model_params': '507861', 'name': 'resnet'}
    [mlflow] logged run 'resnet_OliveOil'  (train_acc=0.4333 test_acc=0.4000 test_loss=1.2928)
[ 52/129] OliveOil                     DONE  acc=0.4000 loss=1.2928 AOPCR=  0.258 NDCG=  n/a C=  4 T=  114 (5s)  [51 trained / 1 failed so far]
[ 53/129] OSULeaf
    stage 1/3: loading data ...
    stage 2/3: training on 163 series (val=37, C=6, T=85, batch=16) ...
    stage 3/3: scoring on 242 test series (accuracy + AOPCR) ...
    [mlflow] versioned model 'resnet_conjunctive' (id=m-a63830d2be984cc09220b7a951add020) params={'model_size_mb': '4.4224', 'n_model_params': '508119', 'name': 'resnet'}
    [mlflow] logged run 'resnet_OSULeaf'  (train_acc=1.0000 val_acc=1.0000 test_acc=0.9256 test_loss=0.4235)
[ 53/129] OSULeaf                      DONE  acc=0.9256 loss=0.4235 AOPCR=  0.962 NDCG=  n/a C=  6 T=   85 (10s)  [52 trained / 1 failed so far]
[ 54/129] PhalangesOutlinesCorrect
    stage 1/3: loading data ...
    stage 2/3: training on 1441 series (val=359, C=2, T=16, batch=16) ...
    stage 3/3: scoring on 858 test series (accuracy + AOPCR) ...
    [mlflow] versioned model 'resnet_conjunctive' (id=m-84af2cde3d234b38bc576da94f26e7f1) params={'model_size_mb': '4.4204', 'n_model_params': '507603', 'name': 'resnet'}
    [mlflow] logged run 'resnet_PhalangesOutlinesCorrect'  (train_acc=0.8987 val_acc=0.8524 test_acc=0.8124 test_loss=0.4409)
[ 54/129] PhalangesOutlinesCorrect     DONE  acc=0.8124 loss=0.4409 AOPCR=  0.459 NDCG=  n/a C=  2 T=   16 (46s)  [53 trained / 1 failed so far]
[ 55/129] Phoneme
    stage 1/3: loading data ...
    stage 2/3: training on 171 series (val=43, C=39, T=204, batch=16) ...
    stage 3/3: scoring on 1896 test series (accuracy + AOPCR) ...
    [mlflow] versioned model 'resnet_conjunctive' (id=m-3d4088e4e6664c2db288356e97cb51de) params={'model_size_mb': '4.4386', 'n_model_params': '512376', 'name': 'resnet'}
    [mlflow] logged run 'resnet_Phoneme'  (train_acc=0.3216 val_acc=0.2791 test_acc=0.2115 test_loss=2.8728)
[ 55/129] Phoneme                      DONE  acc=0.2115 loss=2.8728 AOPCR=  0.430 NDCG=  n/a C= 39 T=  204 (3s)  [54 trained / 1 failed so far]
[ 56/129] Plane
    stage 1/3: loading data ...
    stage 2/3: training on 87 series (val=18, C=7, T=28, batch=8) ...
    stage 3/3: scoring on 105 test series (accuracy + AOPCR) ...
    [mlflow] versioned model 'resnet_conjunctive' (id=m-ce30dc4095b646458575c62f23c1dd32) params={'model_size_mb': '4.4229', 'n_model_params': '508248', 'name': 'resnet'}
    [mlflow] logged run 'resnet_Plane'  (train_acc=1.0000 val_acc=1.0000 test_acc=1.0000 test_loss=0.1327)
[ 56/129] Plane                        DONE  acc=1.0000 loss=0.1327 AOPCR=  0.079 NDCG=  n/a C=  7 T=   28 (9s)  [55 trained / 1 failed so far]
[ 57/129] ProximalPhalanxOutlineAgeGroup
    stage 1/3: loading data ...
    stage 2/3: training on 322 series (val=78, C=3, T=16, batch=16) ...
    stage 3/3: scoring on 205 test series (accuracy + AOPCR) ...
    [mlflow] versioned model 'resnet_conjunctive' (id=m-d04946fcb574417d9848153b5f3d6bef) params={'model_size_mb': '4.4209', 'n_model_params': '507732', 'name': 'resnet'}
    [mlflow] logged run 'resnet_ProximalPhalanxOutlineAgeGroup'  (train_acc=0.8944 val_acc=0.8462 test_acc=0.8683 test_loss=0.3914)
[ 57/129] ProximalPhalanxOutlineAgeGroup DONE  acc=0.8683 loss=0.3914 AOPCR=  1.373 NDCG=  n/a C=  3 T=   16 (8s)  [56 trained / 1 failed so far]
[ 58/129] ProximalPhalanxOutlineCorrect
    stage 1/3: loading data ...
    stage 2/3: training on 481 series (val=119, C=2, T=16, batch=16) ...
    stage 3/3: scoring on 291 test series (accuracy + AOPCR) ...
    [mlflow] versioned model 'resnet_conjunctive' (id=m-bf921ec4ce784cca8557648c7bcb3637) params={'model_size_mb': '4.4204', 'n_model_params': '507603', 'name': 'resnet'}
    [mlflow] logged run 'resnet_ProximalPhalanxOutlineCorrect'  (train_acc=0.9563 val_acc=0.8824 test_acc=0.8935 test_loss=0.2895)
[ 58/129] ProximalPhalanxOutlineCorrect DONE  acc=0.8935 loss=0.2895 AOPCR=  1.019 NDCG=  n/a C=  2 T=   16 (22s)  [57 trained / 1 failed so far]
[ 59/129] ProximalPhalanxTW
    stage 1/3: loading data ...
    stage 2/3: training on 322 series (val=78, C=6, T=16, batch=16) ...
    stage 3/3: scoring on 205 test series (accuracy + AOPCR) ...
    [mlflow] versioned model 'resnet_conjunctive' (id=m-78e286e3a806497393e6064e715cdfd9) params={'model_size_mb': '4.4224', 'n_model_params': '508119', 'name': 'resnet'}
    [mlflow] logged run 'resnet_ProximalPhalanxTW'  (train_acc=0.9441 val_acc=0.8590 test_acc=0.8000 test_loss=0.5952)
[ 59/129] ProximalPhalanxTW            DONE  acc=0.8000 loss=0.5952 AOPCR= -2.835 NDCG=  n/a C=  6 T=   16 (13s)  [58 trained / 1 failed so far]
[ 60/129] RefrigerationDevices
    stage 1/3: loading data ...
    stage 2/3: training on 300 series (val=75, C=3, T=144, batch=16) ...
    stage 3/3: scoring on 375 test series (accuracy + AOPCR) ...
    [mlflow] versioned model 'resnet_conjunctive' (id=m-d81d3a6255c745b5957008906b9f39ee) params={'model_size_mb': '4.4209', 'n_model_params': '507732', 'name': 'resnet'}
    [mlflow] logged run 'resnet_RefrigerationDevices'  (train_acc=0.7733 val_acc=0.6533 test_acc=0.4347 test_loss=1.3501)
[ 60/129] RefrigerationDevices         DONE  acc=0.4347 loss=1.3501 AOPCR=  0.791 NDCG=  n/a C=  3 T=  144 (6s)  [59 trained / 1 failed so far]
[ 61/129] ScreenType
    stage 1/3: loading data ...
    stage 2/3: training on 300 series (val=75, C=3, T=144, batch=16) ...
    stage 3/3: scoring on 375 test series (accuracy + AOPCR) ...
    [mlflow] versioned model 'resnet_conjunctive' (id=m-8b795dd2b0754291b0a8d36b77e042c8) params={'model_size_mb': '4.4209', 'n_model_params': '507732', 'name': 'resnet'}
    [mlflow] logged run 'resnet_ScreenType'  (train_acc=0.8300 val_acc=0.5067 test_acc=0.4880 test_loss=1.0770)
[ 61/129] ScreenType                   DONE  acc=0.4880 loss=1.0770 AOPCR=  0.531 NDCG=  n/a C=  3 T=  144 (7s)  [60 trained / 1 failed so far]
[ 62/129] ShapeletSim
    stage 1/3: loading data ...
    stage 2/3: training on 20 series (no val (train-loss early stop), C=2, T=100, batch=2) ...
    stage 3/3: scoring on 180 test series (accuracy + AOPCR) ...
    [mlflow] versioned model 'resnet_conjunctive' (id=m-a498b41fe7464e48aa24849bd3dbee1f) params={'model_size_mb': '4.4204', 'n_model_params': '507603', 'name': 'resnet'}
    [mlflow] logged run 'resnet_ShapeletSim'  (train_acc=1.0000 test_acc=0.9278 test_loss=0.3161)
[ 62/129] ShapeletSim                  DONE  acc=0.9278 loss=0.3161 AOPCR=  0.861 NDCG=  n/a C=  2 T=  100 (9s)  [61 trained / 1 failed so far]
[ 63/129] ShapesAll
    stage 1/3: loading data ...
    stage 2/3: training on 480 series (val=120, C=60, T=102, batch=16) ...
    stage 3/3: scoring on 600 test series (accuracy + AOPCR) ...
    [mlflow] versioned model 'resnet_conjunctive' (id=m-5c47630f06004990b2aac593d7914d3b) params={'model_size_mb': '4.4489', 'n_model_params': '515085', 'name': 'resnet'}
    [mlflow] logged run 'resnet_ShapesAll'  (train_acc=1.0000 val_acc=0.9333 test_acc=0.9133 test_loss=0.5572)
[ 63/129] ShapesAll                    DONE  acc=0.9133 loss=0.5572 AOPCR=  1.243 NDCG=  n/a C= 60 T=  102 (34s)  [62 trained / 1 failed so far]
[ 64/129] SmallKitchenAppliances
    stage 1/3: loading data ...
    stage 2/3: training on 300 series (val=75, C=3, T=144, batch=16) ...
    stage 3/3: scoring on 375 test series (accuracy + AOPCR) ...
    [mlflow] versioned model 'resnet_conjunctive' (id=m-f1cb380a1afd4cc3bc865d9d881051ac) params={'model_size_mb': '4.4209', 'n_model_params': '507732', 'name': 'resnet'}
    [mlflow] logged run 'resnet_SmallKitchenAppliances'  (train_acc=0.9700 val_acc=0.7333 test_acc=0.7440 test_loss=0.6359)
[ 64/129] SmallKitchenAppliances       DONE  acc=0.7440 loss=0.6359 AOPCR=  0.841 NDCG=  n/a C=  3 T=  144 (10s)  [63 trained / 1 failed so far]
[ 65/129] SonyAIBORobotSurface1
    stage 1/3: loading data ...
    stage 2/3: training on 20 series (no val (train-loss early stop), C=2, T=14, batch=2) ...
    stage 3/3: scoring on 601 test series (accuracy + AOPCR) ...
    [mlflow] versioned model 'resnet_conjunctive' (id=m-c621930261c246a6a62bde59c57a784f) params={'model_size_mb': '4.4204', 'n_model_params': '507603', 'name': 'resnet'}
    [mlflow] logged run 'resnet_SonyAIBORobotSurface1'  (train_acc=1.0000 test_acc=0.8369 test_loss=0.3294)
[ 65/129] SonyAIBORobotSurface1        DONE  acc=0.8369 loss=0.3294 AOPCR=  0.495 NDCG=  n/a C=  2 T=   14 (8s)  [64 trained / 1 failed so far]
[ 66/129] SonyAIBORobotSurface2
    stage 1/3: loading data ...
    stage 2/3: training on 27 series (no val (train-loss early stop), C=2, T=13, batch=2) ...
    stage 3/3: scoring on 953 test series (accuracy + AOPCR) ...
    [mlflow] versioned model 'resnet_conjunctive' (id=m-edacb7a5944b44d5b661de4f1769e89e) params={'model_size_mb': '4.4204', 'n_model_params': '507603', 'name': 'resnet'}
    [mlflow] logged run 'resnet_SonyAIBORobotSurface2'  (train_acc=1.0000 test_acc=0.8258 test_loss=0.3745)
[ 66/129] SonyAIBORobotSurface2        DONE  acc=0.8258 loss=0.3745 AOPCR=  0.260 NDCG=  n/a C=  2 T=   13 (10s)  [65 trained / 1 failed so far]
[ 67/129] StarLightCurves
    stage 1/3: loading data ...
    stage 2/3: training on 801 series (val=199, C=3, T=204, batch=16) ...
    stage 3/3: scoring on 8236 test series (accuracy + AOPCR) ...
    [mlflow] versioned model 'resnet_conjunctive' (id=m-a76fe673765345ce9ae8feb1b353c94b) params={'model_size_mb': '4.4209', 'n_model_params': '507732', 'name': 'resnet'}
    [mlflow] logged run 'resnet_StarLightCurves'  (train_acc=0.9900 val_acc=0.9749 test_acc=0.9775 test_loss=0.1620)
[ 67/129] StarLightCurves              DONE  acc=0.9775 loss=0.1620 AOPCR=  0.567 NDCG=  n/a C=  3 T=  204 (50s)  [66 trained / 1 failed so far]
[ 68/129] Strawberry
    stage 1/3: loading data ...
    stage 2/3: training on 492 series (val=121, C=2, T=47, batch=16) ...
    stage 3/3: scoring on 370 test series (accuracy + AOPCR) ...
    [mlflow] versioned model 'resnet_conjunctive' (id=m-a59c3110974f48aa80a8d866ac86c3bd) params={'model_size_mb': '4.4204', 'n_model_params': '507603', 'name': 'resnet'}
    [mlflow] logged run 'resnet_Strawberry'  (train_acc=0.9837 val_acc=0.9752 test_acc=0.9622 test_loss=0.1555)
[ 68/129] Strawberry                   DONE  acc=0.9622 loss=0.1555 AOPCR=  0.339 NDCG=  n/a C=  2 T=   47 (17s)  [67 trained / 1 failed so far]
[ 69/129] SwedishLeaf
    stage 1/3: loading data ...
    stage 2/3: training on 405 series (val=95, C=15, T=25, batch=16) ...
    stage 3/3: scoring on 625 test series (accuracy + AOPCR) ...
    [mlflow] versioned model 'resnet_conjunctive' (id=m-097178331f0c432ba24fda01f2481431) params={'model_size_mb': '4.4268', 'n_model_params': '509280', 'name': 'resnet'}
    [mlflow] logged run 'resnet_SwedishLeaf'  (train_acc=1.0000 val_acc=0.9684 test_acc=0.9408 test_loss=0.3202)
[ 69/129] SwedishLeaf                  DONE  acc=0.9408 loss=0.3202 AOPCR=  0.432 NDCG=  n/a C= 15 T=   25 (31s)  [68 trained / 1 failed so far]
[ 70/129] Symbols
    stage 1/3: loading data ...
    stage 2/3: training on 25 series (no val (train-loss early stop), C=6, T=79, batch=2) ...
    stage 3/3: scoring on 995 test series (accuracy + AOPCR) ...
    [mlflow] versioned model 'resnet_conjunctive' (id=m-43823291479b45cc8480324fa42e33bc) params={'model_size_mb': '4.4224', 'n_model_params': '508119', 'name': 'resnet'}
    [mlflow] logged run 'resnet_Symbols'  (train_acc=1.0000 test_acc=0.9508 test_loss=0.3491)
[ 70/129] Symbols                      DONE  acc=0.9508 loss=0.3491 AOPCR=  1.004 NDCG=  n/a C=  6 T=   79 (20s)  [69 trained / 1 failed so far]
[ 71/129] SyntheticControl
    stage 1/3: loading data ...
    stage 2/3: training on 240 series (val=60, C=6, T=12, batch=16) ...
    stage 3/3: scoring on 300 test series (accuracy + AOPCR) ...
    [mlflow] versioned model 'resnet_conjunctive' (id=m-a1ea9f4e43b64000876af78376e67987) params={'model_size_mb': '4.4224', 'n_model_params': '508119', 'name': 'resnet'}
    [mlflow] logged run 'resnet_SyntheticControl'  (train_acc=1.0000 val_acc=1.0000 test_acc=0.9867 test_loss=0.1871)
[ 71/129] SyntheticControl             DONE  acc=0.9867 loss=0.1871 AOPCR=  0.290 NDCG=  n/a C=  6 T=   12 (9s)  [70 trained / 1 failed so far]
[ 72/129] ToeSegmentation1
    stage 1/3: loading data ...
    stage 2/3: training on 40 series (no val (train-loss early stop), C=2, T=55, batch=4) ...
    stage 3/3: scoring on 228 test series (accuracy + AOPCR) ...
    [mlflow] versioned model 'resnet_conjunctive' (id=m-b093082bfcbf4fe6bdd8547dcab9d129) params={'model_size_mb': '4.4204', 'n_model_params': '507603', 'name': 'resnet'}
    [mlflow] logged run 'resnet_ToeSegmentation1'  (train_acc=1.0000 test_acc=0.9737 test_loss=0.1865)
[ 72/129] ToeSegmentation1             DONE  acc=0.9737 loss=0.1865 AOPCR=  0.448 NDCG=  n/a C=  2 T=   55 (8s)  [71 trained / 1 failed so far]
[ 73/129] ToeSegmentation2
    stage 1/3: loading data ...
    stage 2/3: training on 36 series (no val (train-loss early stop), C=2, T=68, batch=3) ...
    stage 3/3: scoring on 130 test series (accuracy + AOPCR) ...
    [mlflow] versioned model 'resnet_conjunctive' (id=m-a8dcc638ca644e2f973b32f5ce472b80) params={'model_size_mb': '4.4204', 'n_model_params': '507603', 'name': 'resnet'}
    [mlflow] logged run 'resnet_ToeSegmentation2'  (train_acc=1.0000 test_acc=0.9615 test_loss=0.1607)
[ 73/129] ToeSegmentation2             DONE  acc=0.9615 loss=0.1607 AOPCR=  0.758 NDCG=  n/a C=  2 T=   68 (8s)  [72 trained / 1 failed so far]
[ 74/129] Trace
    stage 1/3: loading data ...
    stage 2/3: training on 81 series (val=19, C=4, T=55, batch=8) ...
    stage 3/3: scoring on 100 test series (accuracy + AOPCR) ...
    [mlflow] versioned model 'resnet_conjunctive' (id=m-0d96656c248d49a0bdb88ddf8ec96482) params={'model_size_mb': '4.4214', 'n_model_params': '507861', 'name': 'resnet'}
    [mlflow] logged run 'resnet_Trace'  (train_acc=1.0000 val_acc=1.0000 test_acc=1.0000 test_loss=0.1046)
[ 74/129] Trace                        DONE  acc=1.0000 loss=0.1046 AOPCR=  1.003 NDCG=  n/a C=  4 T=   55 (10s)  [73 trained / 1 failed so far]
[ 75/129] TwoLeadECG
    stage 1/3: loading data ...
    stage 2/3: training on 23 series (no val (train-loss early stop), C=2, T=16, batch=2) ...
    stage 3/3: scoring on 1139 test series (accuracy + AOPCR) ...
    [mlflow] versioned model 'resnet_conjunctive' (id=m-9b1b23aa850a4b279c7cdbf85858885b) params={'model_size_mb': '4.4204', 'n_model_params': '507603', 'name': 'resnet'}
    [mlflow] logged run 'resnet_TwoLeadECG'  (train_acc=1.0000 test_acc=0.8938 test_loss=0.2708)
[ 75/129] TwoLeadECG                   DONE  acc=0.8938 loss=0.2708 AOPCR=  0.012 NDCG=  n/a C=  2 T=   16 (7s)  [74 trained / 1 failed so far]
[ 76/129] TwoPatterns
    stage 1/3: loading data ...
    stage 2/3: training on 801 series (val=199, C=4, T=25, batch=16) ...
    stage 3/3: scoring on 4000 test series (accuracy + AOPCR) ...
    [mlflow] versioned model 'resnet_conjunctive' (id=m-90c77faff364411396f91f400209f25f) params={'model_size_mb': '4.4214', 'n_model_params': '507861', 'name': 'resnet'}
    [mlflow] logged run 'resnet_TwoPatterns'  (train_acc=1.0000 val_acc=1.0000 test_acc=1.0000 test_loss=0.1055)
[ 76/129] TwoPatterns                  DONE  acc=1.0000 loss=0.1055 AOPCR=  0.770 NDCG=  n/a C=  4 T=   25 (82s)  [75 trained / 1 failed so far]
[ 77/129] UWaveGestureLibraryAll
    stage 1/3: loading data ...
    stage 2/3: training on 719 series (val=177, C=8, T=189, batch=16) ...
    stage 3/3: scoring on 3582 test series (accuracy + AOPCR) ...
    [mlflow] versioned model 'resnet_conjunctive' (id=m-270649ee53f6435a91dddf50626f8aeb) params={'model_size_mb': '4.4234', 'n_model_params': '508377', 'name': 'resnet'}
    [mlflow] logged run 'resnet_UWaveGestureLibraryAll'  (train_acc=1.0000 val_acc=0.8983 test_acc=0.9277 test_loss=0.4246)
[ 77/129] UWaveGestureLibraryAll       DONE  acc=0.9277 loss=0.4246 AOPCR=  1.266 NDCG=  n/a C=  8 T=  189 (32s)  [76 trained / 1 failed so far]
[ 78/129] UWaveGestureLibraryX
    stage 1/3: loading data ...
    stage 2/3: training on 719 series (val=177, C=8, T=63, batch=16) ...
    stage 3/3: scoring on 3582 test series (accuracy + AOPCR) ...
    [mlflow] versioned model 'resnet_conjunctive' (id=m-096617bfd3db488d8df958179a3f42f3) params={'model_size_mb': '4.4234', 'n_model_params': '508377', 'name': 'resnet'}
    [mlflow] logged run 'resnet_UWaveGestureLibraryX'  (train_acc=0.9917 val_acc=0.8305 test_acc=0.8063 test_loss=0.6571)
[ 78/129] UWaveGestureLibraryX         DONE  acc=0.8063 loss=0.6571 AOPCR=  0.713 NDCG=  n/a C=  8 T=   63 (39s)  [77 trained / 1 failed so far]
[ 79/129] UWaveGestureLibraryY
    stage 1/3: loading data ...
    stage 2/3: training on 719 series (val=177, C=8, T=63, batch=16) ...
    stage 3/3: scoring on 3582 test series (accuracy + AOPCR) ...
    [mlflow] versioned model 'resnet_conjunctive' (id=m-4c40621513514ec5a79a4fee63cb3ee2) params={'model_size_mb': '4.4234', 'n_model_params': '508377', 'name': 'resnet'}
    [mlflow] logged run 'resnet_UWaveGestureLibraryY'  (train_acc=0.9430 val_acc=0.7175 test_acc=0.7144 test_loss=0.8467)
[ 79/129] UWaveGestureLibraryY         DONE  acc=0.7144 loss=0.8467 AOPCR=  0.790 NDCG=  n/a C=  8 T=   63 (25s)  [78 trained / 1 failed so far]
[ 80/129] UWaveGestureLibraryZ
    stage 1/3: loading data ...
    stage 2/3: training on 719 series (val=177, C=8, T=63, batch=16) ...
    stage 3/3: scoring on 3582 test series (accuracy + AOPCR) ...
    [mlflow] versioned model 'resnet_conjunctive' (id=m-a7057064eb0a4fc6b39d9d99951921c2) params={'model_size_mb': '4.4234', 'n_model_params': '508377', 'name': 'resnet'}
    [mlflow] logged run 'resnet_UWaveGestureLibraryZ'  (train_acc=0.8401 val_acc=0.7175 test_acc=0.7462 test_loss=0.7260)
[ 80/129] UWaveGestureLibraryZ         DONE  acc=0.7462 loss=0.7260 AOPCR=  0.977 NDCG=  n/a C=  8 T=   63 (19s)  [79 trained / 1 failed so far]
[ 81/129] Wafer
    stage 1/3: loading data ...
    stage 2/3: training on 801 series (val=199, C=2, T=30, batch=16) ...
    stage 3/3: scoring on 6164 test series (accuracy + AOPCR) ...
    [mlflow] versioned model 'resnet_conjunctive' (id=m-2094bfbb565d446eb4dbc2dc8d105609) params={'model_size_mb': '4.4204', 'n_model_params': '507603', 'name': 'resnet'}
    [mlflow] logged run 'resnet_Wafer'  (train_acc=1.0000 val_acc=0.9950 test_acc=0.9963 test_loss=0.0810)
[ 81/129] Wafer                        DONE  acc=0.9963 loss=0.0810 AOPCR=  0.015 NDCG=  n/a C=  2 T=   30 (22s)  [80 trained / 1 failed so far]
[ 82/129] Wine
    stage 1/3: loading data ...
    stage 2/3: training on 57 series (no val (train-loss early stop), C=2, T=46, batch=5) ...
    stage 3/3: scoring on 54 test series (accuracy + AOPCR) ...
    [mlflow] versioned model 'resnet_conjunctive' (id=m-cff508c341334e1b8bc38f0525c67843) params={'model_size_mb': '4.4204', 'n_model_params': '507603', 'name': 'resnet'}
    [mlflow] logged run 'resnet_Wine'  (train_acc=0.5263 test_acc=0.5000 test_loss=0.6942)
[ 82/129] Wine                         DONE  acc=0.5000 loss=0.6942 AOPCR=  0.060 NDCG=  n/a C=  2 T=   46 (5s)  [81 trained / 1 failed so far]
[ 83/129] WordSynonyms
    stage 1/3: loading data ...
    stage 2/3: training on 217 series (val=50, C=25, T=54, batch=16) ...
    stage 3/3: scoring on 638 test series (accuracy + AOPCR) ...
    [mlflow] versioned model 'resnet_conjunctive' (id=m-e780b7bdb77b413a9e332db74992d70c) params={'model_size_mb': '4.4317', 'n_model_params': '510570', 'name': 'resnet'}
    [mlflow] logged run 'resnet_WordSynonyms'  (train_acc=1.0000 val_acc=0.7200 test_acc=0.6850 test_loss=1.3340)
[ 83/129] WordSynonyms                 DONE  acc=0.6850 loss=1.3340 AOPCR=  0.845 NDCG=  n/a C= 25 T=   54 (11s)  [82 trained / 1 failed so far]
[ 84/129] Worms
    stage 1/3: loading data ...
    stage 2/3: training on 146 series (val=35, C=5, T=180, batch=14) ...
    stage 3/3: scoring on 77 test series (accuracy + AOPCR) ...
    [mlflow] versioned model 'resnet_conjunctive' (id=m-004c785d477548379c381b3b0aac1db7) params={'model_size_mb': '4.4219', 'n_model_params': '507990', 'name': 'resnet'}
    [mlflow] logged run 'resnet_Worms'  (train_acc=0.9795 val_acc=0.7714 test_acc=0.6883 test_loss=0.9185)
[ 84/129] Worms                        DONE  acc=0.6883 loss=0.9185 AOPCR=  1.005 NDCG=  n/a C=  5 T=  180 (11s)  [83 trained / 1 failed so far]
[ 85/129] WormsTwoClass
    stage 1/3: loading data ...
    stage 2/3: training on 145 series (val=36, C=2, T=180, batch=14) ...
    stage 3/3: scoring on 77 test series (accuracy + AOPCR) ...
    [mlflow] versioned model 'resnet_conjunctive' (id=m-b5abca040f5c490c8f450f517fe344d9) params={'model_size_mb': '4.4204', 'n_model_params': '507603', 'name': 'resnet'}
    [mlflow] logged run 'resnet_WormsTwoClass'  (train_acc=0.7517 val_acc=0.6667 test_acc=0.8052 test_loss=0.4874)
[ 85/129] WormsTwoClass                DONE  acc=0.8052 loss=0.4874 AOPCR=  0.320 NDCG=  n/a C=  2 T=  180 (3s)  [84 trained / 1 failed so far]
[ 86/129] Yoga
    stage 1/3: loading data ...
    stage 2/3: training on 241 series (val=59, C=2, T=85, batch=16) ...
    stage 3/3: scoring on 3000 test series (accuracy + AOPCR) ...
    [mlflow] versioned model 'resnet_conjunctive' (id=m-cf7debf274244f66977569ea5db97f38) params={'model_size_mb': '4.4204', 'n_model_params': '507603', 'name': 'resnet'}
    [mlflow] logged run 'resnet_Yoga'  (train_acc=0.9793 val_acc=0.9322 test_acc=0.8360 test_loss=0.3908)
[ 86/129] Yoga                         DONE  acc=0.8360 loss=0.3908 AOPCR=  0.312 NDCG=  n/a C=  2 T=   85 (15s)  [85 trained / 1 failed so far]
[ 87/129] ACSF1
    stage 1/3: loading data ...
    stage 2/3: training on 80 series (val=20, C=10, T=292, batch=8) ...
    stage 3/3: scoring on 100 test series (accuracy + AOPCR) ...
    [mlflow] versioned model 'resnet_conjunctive' (id=m-45e8370fb21547aabe3e8cc62c312656) params={'model_size_mb': '4.4243', 'n_model_params': '508635', 'name': 'resnet'}
    [mlflow] logged run 'resnet_ACSF1'  (train_acc=0.8750 val_acc=0.9000 test_acc=0.8000 test_loss=0.7325)
[ 87/129] ACSF1                        DONE  acc=0.8000 loss=0.7325 AOPCR=  1.103 NDCG=  n/a C= 10 T=  292 (6s)  [86 trained / 1 failed so far]
[ 88/129] AllGestureWiimoteX
    stage 1/3: loading data ...
    stage 2/3: training on 240 series (val=60, C=10, T=100, batch=16) ...
    stage 3/3: scoring on 700 test series (accuracy + AOPCR) ...
    [mlflow] versioned model 'resnet_conjunctive' (id=m-42735fe7008845beb4b018e7fd38bc75) params={'model_size_mb': '4.4243', 'n_model_params': '508635', 'name': 'resnet'}
    [mlflow] logged run 'resnet_AllGestureWiimoteX'  (train_acc=1.0000 val_acc=0.7833 test_acc=0.6429 test_loss=1.2524)
[ 88/129] AllGestureWiimoteX           DONE  acc=0.6429 loss=1.2524 AOPCR=  1.280 NDCG=  n/a C= 10 T=  100 (8s)  [87 trained / 1 failed so far]
[ 89/129] AllGestureWiimoteY
    stage 1/3: loading data ...
    stage 2/3: training on 240 series (val=60, C=10, T=100, batch=16) ...
    stage 3/3: scoring on 700 test series (accuracy + AOPCR) ...
    [mlflow] versioned model 'resnet_conjunctive' (id=m-2352244e5d474a09a5a65c3502f38941) params={'model_size_mb': '4.4243', 'n_model_params': '508635', 'name': 'resnet'}
    [mlflow] logged run 'resnet_AllGestureWiimoteY'  (train_acc=0.9750 val_acc=0.7000 test_acc=0.6457 test_loss=1.0974)
[ 89/129] AllGestureWiimoteY           DONE  acc=0.6457 loss=1.0974 AOPCR=  1.643 NDCG=  n/a C= 10 T=  100 (6s)  [88 trained / 1 failed so far]
[ 90/129] AllGestureWiimoteZ
    stage 1/3: loading data ...
    stage 2/3: training on 240 series (val=60, C=10, T=100, batch=16) ...
    stage 3/3: scoring on 700 test series (accuracy + AOPCR) ...
    [mlflow] versioned model 'resnet_conjunctive' (id=m-3d6d40c52dfd4b6b88b600b09901eb45) params={'model_size_mb': '4.4243', 'n_model_params': '508635', 'name': 'resnet'}
    [mlflow] logged run 'resnet_AllGestureWiimoteZ'  (train_acc=0.7708 val_acc=0.6000 test_acc=0.5529 test_loss=1.2201)
[ 90/129] AllGestureWiimoteZ           DONE  acc=0.5529 loss=1.2201 AOPCR=  1.724 NDCG=  n/a C= 10 T=  100 (7s)  [89 trained / 1 failed so far]
[ 91/129] BME
    stage 1/3: loading data ...
    stage 2/3: training on 30 series (no val (train-loss early stop), C=3, T=25, batch=3) ...
    stage 3/3: scoring on 150 test series (accuracy + AOPCR) ...
    [mlflow] versioned model 'resnet_conjunctive' (id=m-53582fcbf3cf4d1aad3faf7e734d9b67) params={'model_size_mb': '4.4209', 'n_model_params': '507732', 'name': 'resnet'}
    [mlflow] logged run 'resnet_BME'  (train_acc=1.0000 test_acc=0.9667 test_loss=0.1627)
[ 91/129] BME                          DONE  acc=0.9667 loss=0.1627 AOPCR=  0.863 NDCG=  n/a C=  3 T=   25 (9s)  [90 trained / 1 failed so far]
[ 92/129] Chinatown
    stage 1/3: loading data ...
    stage 2/3: training on 20 series (no val (train-loss early stop), C=2, T=4, batch=2) ...
[ 92/129] Chinatown                    FAILED: RuntimeError: a Tensor with 10 elements cannot be converted to Scalar
[ 93/129] Crop
    stage 1/3: loading data ...
    stage 2/3: training on 5760 series (val=1440, C=24, T=9, batch=16) ...
    stage 3/3: scoring on 16800 test series (accuracy + AOPCR) ...
    [mlflow] versioned model 'resnet_conjunctive' (id=m-7199080366d744df99c4371bb91a2c30) params={'model_size_mb': '4.4312', 'n_model_params': '510441', 'name': 'resnet'}
    [mlflow] logged run 'resnet_Crop'  (train_acc=0.8417 val_acc=0.7257 test_acc=0.7181 test_loss=0.9544)
[ 93/129] Crop                         DONE  acc=0.7181 loss=0.9544 AOPCR=  0.505 NDCG=  n/a C= 24 T=    9 (115s)  [91 trained / 2 failed so far]
[ 94/129] DodgerLoopDay
    stage 1/3: loading data ...
    stage 2/3: training on 78 series (no val (train-loss early stop), C=7, T=57, batch=7) ...
    stage 3/3: scoring on 80 test series (accuracy + AOPCR) ...
    [mlflow] versioned model 'resnet_conjunctive' (id=m-79ead460f87246c0b961f06666ecec77) params={'model_size_mb': '4.4229', 'n_model_params': '508248', 'name': 'resnet'}
    [mlflow] logged run 'resnet_DodgerLoopDay'  (train_acc=1.0000 test_acc=0.4625 test_loss=1.5547)
[ 94/129] DodgerLoopDay                DONE  acc=0.4625 loss=1.5547 AOPCR=  0.926 NDCG=  n/a C=  7 T=   57 (15s)  [92 trained / 2 failed so far]
[ 95/129] DodgerLoopGame
    stage 1/3: loading data ...
    stage 2/3: training on 20 series (no val (train-loss early stop), C=2, T=57, batch=2) ...
    stage 3/3: scoring on 138 test series (accuracy + AOPCR) ...
    [mlflow] versioned model 'resnet_conjunctive' (id=m-a61442cd738341fa9f6e0ce3fd8ea914) params={'model_size_mb': '4.4204', 'n_model_params': '507603', 'name': 'resnet'}
    [mlflow] logged run 'resnet_DodgerLoopGame'  (train_acc=1.0000 test_acc=0.6667 test_loss=0.6045)
[ 95/129] DodgerLoopGame               DONE  acc=0.6667 loss=0.6045 AOPCR=  0.529 NDCG=  n/a C=  2 T=   57 (15s)  [93 trained / 2 failed so far]
[ 96/129] DodgerLoopWeekend
    stage 1/3: loading data ...
    stage 2/3: training on 20 series (no val (train-loss early stop), C=2, T=57, batch=2) ...
    stage 3/3: scoring on 138 test series (accuracy + AOPCR) ...
    [mlflow] versioned model 'resnet_conjunctive' (id=m-af713018e90a45dab1043b88b550414c) params={'model_size_mb': '4.4204', 'n_model_params': '507603', 'name': 'resnet'}
    [mlflow] logged run 'resnet_DodgerLoopWeekend'  (train_acc=1.0000 test_acc=0.9783 test_loss=0.1523)
[ 96/129] DodgerLoopWeekend            DONE  acc=0.9783 loss=0.1523 AOPCR=  1.074 NDCG=  n/a C=  2 T=   57 (12s)  [94 trained / 2 failed so far]
[ 97/129] EOGHorizontalSignal
    stage 1/3: loading data ...
    stage 2/3: training on 290 series (val=72, C=12, T=250, batch=16) ...
    stage 3/3: scoring on 362 test series (accuracy + AOPCR) ...
    [mlflow] versioned model 'resnet_conjunctive' (id=m-5951f26035684f58844ea78747f7d0bc) params={'model_size_mb': '4.4253', 'n_model_params': '508893', 'name': 'resnet'}
    [mlflow] logged run 'resnet_EOGHorizontalSignal'  (train_acc=0.9862 val_acc=0.8750 test_acc=0.5718 test_loss=1.3720)
[ 97/129] EOGHorizontalSignal          DONE  acc=0.5718 loss=1.3720 AOPCR=  1.609 NDCG=  n/a C= 12 T=  250 (35s)  [95 trained / 2 failed so far]
[ 98/129] EOGVerticalSignal
    stage 1/3: loading data ...
    stage 2/3: training on 290 series (val=72, C=12, T=250, batch=16) ...
    stage 3/3: scoring on 362 test series (accuracy + AOPCR) ...
    [mlflow] versioned model 'resnet_conjunctive' (id=m-05739af851404682815335a9785d8b1d) params={'model_size_mb': '4.4253', 'n_model_params': '508893', 'name': 'resnet'}
    [mlflow] logged run 'resnet_EOGVerticalSignal'  (train_acc=0.9690 val_acc=0.7639 test_acc=0.5055 test_loss=1.6578)
[ 98/129] EOGVerticalSignal            DONE  acc=0.5055 loss=1.6578 AOPCR=  1.440 NDCG=  n/a C= 12 T=  250 (19s)  [96 trained / 2 failed so far]
[ 99/129] EthanolLevel
    stage 1/3: loading data ...
    stage 2/3: training on 404 series (val=100, C=4, T=350, batch=16) ...
    stage 3/3: scoring on 500 test series (accuracy + AOPCR) ...
    [mlflow] versioned model 'resnet_conjunctive' (id=m-2abfc1c2aca3480989147945ab1f884e) params={'model_size_mb': '4.4214', 'n_model_params': '507861', 'name': 'resnet'}
    [mlflow] logged run 'resnet_EthanolLevel'  (train_acc=0.9827 val_acc=0.9100 test_acc=0.8400 test_loss=0.4550)
[ 99/129] EthanolLevel                 DONE  acc=0.8400 loss=0.4550 AOPCR=  2.382 NDCG=  n/a C=  4 T=  350 (48s)  [97 trained / 2 failed so far]
[100/129] FreezerRegularTrain
    stage 1/3: loading data ...
    stage 2/3: training on 120 series (val=30, C=2, T=60, batch=12) ...
    stage 3/3: scoring on 2850 test series (accuracy + AOPCR) ...
    [mlflow] versioned model 'resnet_conjunctive' (id=m-2ed11f58eb9d44489736798d3239b17c) params={'model_size_mb': '4.4204', 'n_model_params': '507603', 'name': 'resnet'}
    [mlflow] logged run 'resnet_FreezerRegularTrain'  (train_acc=1.0000 val_acc=1.0000 test_acc=0.9937 test_loss=0.0831)
[100/129] FreezerRegularTrain          DONE  acc=0.9937 loss=0.0831 AOPCR=  0.860 NDCG=  n/a C=  2 T=   60 (7s)  [98 trained / 2 failed so far]
[101/129] FreezerSmallTrain
    stage 1/3: loading data ...
    stage 2/3: training on 28 series (no val (train-loss early stop), C=2, T=60, batch=2) ...
    stage 3/3: scoring on 2850 test series (accuracy + AOPCR) ...
    [mlflow] versioned model 'resnet_conjunctive' (id=m-bd285792f981450a91bc0cb95f07b492) params={'model_size_mb': '4.4204', 'n_model_params': '507603', 'name': 'resnet'}
    [mlflow] logged run 'resnet_FreezerSmallTrain'  (train_acc=1.0000 test_acc=0.7179 test_loss=0.6312)
[101/129] FreezerSmallTrain            DONE  acc=0.7179 loss=0.6312 AOPCR=  0.436 NDCG=  n/a C=  2 T=   60 (13s)  [99 trained / 2 failed so far]
[102/129] Fungi
    stage 1/3: loading data ...
    stage 2/3: training on 18 series (no val (train-loss early stop), C=18, T=40, batch=2) ...
    stage 3/3: scoring on 186 test series (accuracy + AOPCR) ...
    [mlflow] versioned model 'resnet_conjunctive' (id=m-af7e7fa8d0cc4d8baee0b7272bd698e6) params={'model_size_mb': '4.4283', 'n_model_params': '509667', 'name': 'resnet'}
    [mlflow] logged run 'resnet_Fungi'  (train_acc=1.0000 test_acc=0.9785 test_loss=0.2652)
[102/129] Fungi                        DONE  acc=0.9785 loss=0.2652 AOPCR=  1.341 NDCG=  n/a C= 18 T=   40 (14s)  [100 trained / 2 failed so far]
[103/129] GestureMidAirD1
    stage 1/3: loading data ...
    stage 2/3: training on 182 series (val=26, C=26, T=72, batch=16) ...
    stage 3/3: scoring on 130 test series (accuracy + AOPCR) ...
    [mlflow] versioned model 'resnet_conjunctive' (id=m-0a819142fb014158809cddde8e1d0a37) params={'model_size_mb': '4.4322', 'n_model_params': '510699', 'name': 'resnet'}
    [mlflow] logged run 'resnet_GestureMidAirD1'  (train_acc=0.9231 val_acc=0.7692 test_acc=0.6385 test_loss=1.1279)
[103/129] GestureMidAirD1              DONE  acc=0.6385 loss=1.1279 AOPCR=  1.744 NDCG=  n/a C= 26 T=   72 (7s)  [101 trained / 2 failed so far]
[104/129] GestureMidAirD2
    stage 1/3: loading data ...
    stage 2/3: training on 182 series (val=26, C=26, T=72, batch=16) ...
    stage 3/3: scoring on 130 test series (accuracy + AOPCR) ...
    [mlflow] versioned model 'resnet_conjunctive' (id=m-a8406986d1ed4539b4e90068b1d9221b) params={'model_size_mb': '4.4322', 'n_model_params': '510699', 'name': 'resnet'}
    [mlflow] logged run 'resnet_GestureMidAirD2'  (train_acc=0.8352 val_acc=0.6538 test_acc=0.6385 test_loss=1.1161)
[104/129] GestureMidAirD2              DONE  acc=0.6385 loss=1.1161 AOPCR=  1.347 NDCG=  n/a C= 26 T=   72 (7s)  [102 trained / 2 failed so far]
[105/129] GestureMidAirD3
    stage 1/3: loading data ...
    stage 2/3: training on 182 series (val=26, C=26, T=72, batch=16) ...
    stage 3/3: scoring on 130 test series (accuracy + AOPCR) ...
    [mlflow] versioned model 'resnet_conjunctive' (id=m-ffefcc4af36d4357a3f3e99401a91c6a) params={'model_size_mb': '4.4322', 'n_model_params': '510699', 'name': 'resnet'}
    [mlflow] logged run 'resnet_GestureMidAirD3'  (train_acc=0.8901 val_acc=0.3846 test_acc=0.3385 test_loss=2.2509)
[105/129] GestureMidAirD3              DONE  acc=0.3385 loss=2.2509 AOPCR=  1.339 NDCG=  n/a C= 26 T=   72 (8s)  [103 trained / 2 failed so far]
[106/129] GesturePebbleZ1
    stage 1/3: loading data ...
    stage 2/3: training on 107 series (val=25, C=6, T=91, batch=10) ...
    stage 3/3: scoring on 172 test series (accuracy + AOPCR) ...
    [mlflow] versioned model 'resnet_conjunctive' (id=m-e50ea052b0ba47ca936e3cbc0357238c) params={'model_size_mb': '4.4224', 'n_model_params': '508119', 'name': 'resnet'}
    [mlflow] logged run 'resnet_GesturePebbleZ1'  (train_acc=1.0000 val_acc=1.0000 test_acc=0.8721 test_loss=0.4642)
[106/129] GesturePebbleZ1              DONE  acc=0.8721 loss=0.4642 AOPCR=  1.215 NDCG=  n/a C=  6 T=   91 (8s)  [104 trained / 2 failed so far]
[107/129] GesturePebbleZ2
    stage 1/3: loading data ...
    stage 2/3: training on 120 series (val=26, C=6, T=91, batch=12) ...
    stage 3/3: scoring on 158 test series (accuracy + AOPCR) ...
    [mlflow] versioned model 'resnet_conjunctive' (id=m-501b85c0c98e450a96e5d04bf51c9664) params={'model_size_mb': '4.4224', 'n_model_params': '508119', 'name': 'resnet'}
    [mlflow] logged run 'resnet_GesturePebbleZ2'  (train_acc=1.0000 val_acc=0.9615 test_acc=0.8861 test_loss=0.4967)
[107/129] GesturePebbleZ2              DONE  acc=0.8861 loss=0.4967 AOPCR=  1.249 NDCG=  n/a C=  6 T=   91 (5s)  [105 trained / 2 failed so far]
[108/129] GunPointAgeSpan
    stage 1/3: loading data ...
    stage 2/3: training on 109 series (val=26, C=2, T=30, batch=10) ...
    stage 3/3: scoring on 316 test series (accuracy + AOPCR) ...
    [mlflow] versioned model 'resnet_conjunctive' (id=m-6030a8a79ae64494baaa7e2144e188cf) params={'model_size_mb': '4.4204', 'n_model_params': '507603', 'name': 'resnet'}
    [mlflow] logged run 'resnet_GunPointAgeSpan'  (train_acc=1.0000 val_acc=1.0000 test_acc=0.9778 test_loss=0.1227)
[108/129] GunPointAgeSpan              DONE  acc=0.9778 loss=0.1227 AOPCR=  0.722 NDCG=  n/a C=  2 T=   30 (11s)  [106 trained / 2 failed so far]
[109/129] GunPointMaleVersusFemale
    stage 1/3: loading data ...
    stage 2/3: training on 109 series (val=26, C=2, T=30, batch=10) ...
    stage 3/3: scoring on 316 test series (accuracy + AOPCR) ...
    [mlflow] versioned model 'resnet_conjunctive' (id=m-e57639700fbe439d83ec8e91bbfae927) params={'model_size_mb': '4.4204', 'n_model_params': '507603', 'name': 'resnet'}
    [mlflow] logged run 'resnet_GunPointMaleVersusFemale'  (train_acc=1.0000 val_acc=1.0000 test_acc=0.9905 test_loss=0.0986)
[109/129] GunPointMaleVersusFemale     DONE  acc=0.9905 loss=0.0986 AOPCR=  0.273 NDCG=  n/a C=  2 T=   30 (8s)  [107 trained / 2 failed so far]
[110/129] GunPointOldVersusYoung
    stage 1/3: loading data ...
    stage 2/3: training on 109 series (val=27, C=2, T=30, batch=10) ...
    stage 3/3: scoring on 315 test series (accuracy + AOPCR) ...
    [mlflow] versioned model 'resnet_conjunctive' (id=m-9a5006330f1143e38540d6f30b06f600) params={'model_size_mb': '4.4204', 'n_model_params': '507603', 'name': 'resnet'}
    [mlflow] logged run 'resnet_GunPointOldVersusYoung'  (train_acc=1.0000 val_acc=1.0000 test_acc=0.9365 test_loss=0.1929)
[110/129] GunPointOldVersusYoung       DONE  acc=0.9365 loss=0.1929 AOPCR=  0.463 NDCG=  n/a C=  2 T=   30 (15s)  [108 trained / 2 failed so far]
[111/129] HouseTwenty
    stage 1/3: loading data ...
    stage 2/3: training on 40 series (no val (train-loss early stop), C=2, T=400, batch=4) ...
    stage 3/3: scoring on 119 test series (accuracy + AOPCR) ...
    [mlflow] versioned model 'resnet_conjunctive' (id=m-1b6b523f47df4fd390091ef83663be3e) params={'model_size_mb': '4.4204', 'n_model_params': '507603', 'name': 'resnet'}
    [mlflow] logged run 'resnet_HouseTwenty'  (train_acc=1.0000 test_acc=0.9412 test_loss=0.1745)
[111/129] HouseTwenty                  DONE  acc=0.9412 loss=0.1745 AOPCR=  1.237 NDCG=  n/a C=  2 T=  400 (8s)  [109 trained / 2 failed so far]
[112/129] InsectEPGRegularTrain
    stage 1/3: loading data ...
    stage 2/3: training on 62 series (no val (train-loss early stop), C=3, T=120, batch=6) ...
    stage 3/3: scoring on 249 test series (accuracy + AOPCR) ...
    [mlflow] versioned model 'resnet_conjunctive' (id=m-9bc62e7c8fa64fd3a230fe097d1e658b) params={'model_size_mb': '4.4209', 'n_model_params': '507732', 'name': 'resnet'}
    [mlflow] logged run 'resnet_InsectEPGRegularTrain'  (train_acc=1.0000 test_acc=1.0000 test_loss=0.1674)
[112/129] InsectEPGRegularTrain        DONE  acc=1.0000 loss=0.1674 AOPCR=  1.222 NDCG=  n/a C=  3 T=  120 (13s)  [110 trained / 2 failed so far]
[113/129] InsectEPGSmallTrain
    stage 1/3: loading data ...
    stage 2/3: training on 17 series (no val (train-loss early stop), C=3, T=120, batch=2) ...
    stage 3/3: scoring on 249 test series (accuracy + AOPCR) ...
    [mlflow] versioned model 'resnet_conjunctive' (id=m-d27b409812e74c09bff86f8fedb7317c) params={'model_size_mb': '4.4209', 'n_model_params': '507732', 'name': 'resnet'}
    [mlflow] logged run 'resnet_InsectEPGSmallTrain'  (train_acc=1.0000 test_acc=0.8835 test_loss=0.4127)
[113/129] InsectEPGSmallTrain          DONE  acc=0.8835 loss=0.4127 AOPCR=  1.093 NDCG=  n/a C=  3 T=  120 (10s)  [111 trained / 2 failed so far]
[114/129] MelbournePedestrian
    stage 1/3: loading data ...
    stage 2/3: training on 956 series (val=238, C=10, T=4, batch=16) ...
[114/129] MelbournePedestrian          FAILED: RuntimeError: a Tensor with 80 elements cannot be converted to Scalar
[115/129] MixedShapesRegularTrain
    stage 1/3: loading data ...
    stage 2/3: training on 400 series (val=100, C=5, T=204, batch=16) ...
    stage 3/3: scoring on 2425 test series (accuracy + AOPCR) ...
    [mlflow] versioned model 'resnet_conjunctive' (id=m-7a408178dae54ee996b94a5caf8aeec3) params={'model_size_mb': '4.4219', 'n_model_params': '507990', 'name': 'resnet'}
    [mlflow] logged run 'resnet_MixedShapesRegularTrain'  (train_acc=0.9975 val_acc=0.9600 test_acc=0.9608 test_loss=0.2442)
[115/129] MixedShapesRegularTrain      DONE  acc=0.9608 loss=0.2442 AOPCR=  0.861 NDCG=  n/a C=  5 T=  204 (16s)  [112 trained / 3 failed so far]
[116/129] MixedShapesSmallTrain
    stage 1/3: loading data ...
    stage 2/3: training on 80 series (val=20, C=5, T=204, batch=8) ...
    stage 3/3: scoring on 2425 test series (accuracy + AOPCR) ...
    [mlflow] versioned model 'resnet_conjunctive' (id=m-3b7081fb083d47e1a666455ef9f7def4) params={'model_size_mb': '4.4219', 'n_model_params': '507990', 'name': 'resnet'}
    [mlflow] logged run 'resnet_MixedShapesSmallTrain'  (train_acc=0.9875 val_acc=1.0000 test_acc=0.8660 test_loss=0.4347)
[116/129] MixedShapesSmallTrain        DONE  acc=0.8660 loss=0.4347 AOPCR=  1.390 NDCG=  n/a C=  5 T=  204 (5s)  [113 trained / 3 failed so far]
[117/129] PLAID
    stage 1/3: loading data ...
    stage 2/3: training on 436 series (val=101, C=11, T=268, batch=16) ...
    stage 3/3: scoring on 537 test series (accuracy + AOPCR) ...
    [mlflow] versioned model 'resnet_conjunctive' (id=m-01d5a11b7b734ab5865dd2a043a2ea07) params={'model_size_mb': '4.4248', 'n_model_params': '508764', 'name': 'resnet'}
    [mlflow] logged run 'resnet_PLAID'  (train_acc=0.9656 val_acc=0.8515 test_acc=0.8101 test_loss=0.6509)
[117/129] PLAID                        DONE  acc=0.8101 loss=0.6509 AOPCR=  2.658 NDCG=  n/a C= 11 T=  268 (36s)  [114 trained / 3 failed so far]
[118/129] PickupGestureWiimoteZ
    stage 1/3: loading data ...
    stage 2/3: training on 50 series (no val (train-loss early stop), C=10, T=72, batch=5) ...
    stage 3/3: scoring on 50 test series (accuracy + AOPCR) ...
    [mlflow] versioned model 'resnet_conjunctive' (id=m-7ccc1595151440a6950fe81b895bbfa5) params={'model_size_mb': '4.4243', 'n_model_params': '508635', 'name': 'resnet'}
    [mlflow] logged run 'resnet_PickupGestureWiimoteZ'  (train_acc=1.0000 test_acc=0.7600 test_loss=0.9599)
[118/129] PickupGestureWiimoteZ        DONE  acc=0.7600 loss=0.9599 AOPCR=  0.745 NDCG=  n/a C= 10 T=   72 (11s)  [115 trained / 3 failed so far]
[119/129] PigAirwayPressure
    stage 1/3: loading data ...
    stage 2/3: training on 52 series (val=52, C=52, T=400, batch=5) ...
    stage 3/3: scoring on 208 test series (accuracy + AOPCR) ...
    [mlflow] versioned model 'resnet_conjunctive' (id=m-810da65490864fb5b5ccc41db3b6b840) params={'model_size_mb': '4.445', 'n_model_params': '514053', 'name': 'resnet'}
    [mlflow] logged run 'resnet_PigAirwayPressure'  (train_acc=0.0385 val_acc=0.0385 test_acc=0.0385 test_loss=3.8342)
[119/129] PigAirwayPressure            DONE  acc=0.0385 loss=3.8342 AOPCR=  0.054 NDCG=  n/a C= 52 T=  400 (3s)  [116 trained / 3 failed so far]
[120/129] PigArtPressure
    stage 1/3: loading data ...
    stage 2/3: training on 52 series (val=52, C=52, T=400, batch=5) ...
    stage 3/3: scoring on 208 test series (accuracy + AOPCR) ...
    [mlflow] versioned model 'resnet_conjunctive' (id=m-4dada84c7a504a8f85b141bdc5212793) params={'model_size_mb': '4.445', 'n_model_params': '514053', 'name': 'resnet'}
    [mlflow] logged run 'resnet_PigArtPressure'  (train_acc=1.0000 val_acc=0.8462 test_acc=0.9183 test_loss=0.4550)
[120/129] PigArtPressure               DONE  acc=0.9183 loss=0.4550 AOPCR=  0.997 NDCG=  n/a C= 52 T=  400 (13s)  [117 trained / 3 failed so far]
[121/129] PigCVP
    stage 1/3: loading data ...
    stage 2/3: training on 52 series (val=52, C=52, T=400, batch=5) ...
    stage 3/3: scoring on 208 test series (accuracy + AOPCR) ...
    [mlflow] versioned model 'resnet_conjunctive' (id=m-3f9c8857f71f4da6bf90fd6bd63d279c) params={'model_size_mb': '4.445', 'n_model_params': '514053', 'name': 'resnet'}
    [mlflow] logged run 'resnet_PigCVP'  (train_acc=1.0000 val_acc=0.7308 test_acc=0.7596 test_loss=1.3131)
[121/129] PigCVP                       DONE  acc=0.7596 loss=1.3131 AOPCR=  0.599 NDCG=  n/a C= 52 T=  400 (18s)  [118 trained / 3 failed so far]
[122/129] PowerCons
    stage 1/3: loading data ...
    stage 2/3: training on 144 series (val=36, C=2, T=28, batch=14) ...
    stage 3/3: scoring on 180 test series (accuracy + AOPCR) ...
    [mlflow] versioned model 'resnet_conjunctive' (id=m-efc4fe7e26914bedb3f03b741c279248) params={'model_size_mb': '4.4204', 'n_model_params': '507603', 'name': 'resnet'}
    [mlflow] logged run 'resnet_PowerCons'  (train_acc=1.0000 val_acc=1.0000 test_acc=0.9111 test_loss=0.2210)
[122/129] PowerCons                    DONE  acc=0.9111 loss=0.2210 AOPCR=  0.503 NDCG=  n/a C=  2 T=   28 (5s)  [119 trained / 3 failed so far]
[123/129] Rock
    stage 1/3: loading data ...
    stage 2/3: training on 20 series (no val (train-loss early stop), C=4, T=568, batch=2) ...
    stage 3/3: scoring on 50 test series (accuracy + AOPCR) ...
    [mlflow] versioned model 'resnet_conjunctive' (id=m-c2df57696ec848f49afd4f501874075e) params={'model_size_mb': '4.4214', 'n_model_params': '507861', 'name': 'resnet'}
    [mlflow] logged run 'resnet_Rock'  (train_acc=1.0000 test_acc=0.8000 test_loss=0.7295)
[123/129] Rock                         DONE  acc=0.8000 loss=0.7295 AOPCR=  1.505 NDCG=  n/a C=  4 T=  568 (16s)  [120 trained / 3 failed so far]
[124/129] SemgHandGenderCh2
    stage 1/3: loading data ...
    stage 2/3: training on 240 series (val=60, C=2, T=300, batch=16) ...
    stage 3/3: scoring on 600 test series (accuracy + AOPCR) ...
    [mlflow] versioned model 'resnet_conjunctive' (id=m-b557ecb53c6d4c9497d4a8e82eca67fa) params={'model_size_mb': '4.4204', 'n_model_params': '507603', 'name': 'resnet'}
    [mlflow] logged run 'resnet_SemgHandGenderCh2'  (train_acc=1.0000 val_acc=0.7167 test_acc=0.7217 test_loss=0.5509)
[124/129] SemgHandGenderCh2            DONE  acc=0.7217 loss=0.5509 AOPCR=  1.691 NDCG=  n/a C=  2 T=  300 (8s)  [121 trained / 3 failed so far]
[125/129] SemgHandMovementCh2
    stage 1/3: loading data ...
    stage 2/3: training on 360 series (val=90, C=6, T=300, batch=16) ...
    stage 3/3: scoring on 450 test series (accuracy + AOPCR) ...
    [mlflow] versioned model 'resnet_conjunctive' (id=m-e6a2f65254634bd2a298336a53a80e10) params={'model_size_mb': '4.4224', 'n_model_params': '508119', 'name': 'resnet'}
    [mlflow] logged run 'resnet_SemgHandMovementCh2'  (train_acc=0.4472 val_acc=0.3333 test_acc=0.3289 test_loss=1.5684)
[125/129] SemgHandMovementCh2          DONE  acc=0.3289 loss=1.5684 AOPCR=  0.997 NDCG=  n/a C=  6 T=  300 (6s)  [122 trained / 3 failed so far]
[126/129] SemgHandSubjectCh2
    stage 1/3: loading data ...
    stage 2/3: training on 360 series (val=90, C=5, T=300, batch=16) ...
    stage 3/3: scoring on 450 test series (accuracy + AOPCR) ...
    [mlflow] versioned model 'resnet_conjunctive' (id=m-da30029d76dd4441a6ce65c9b79a1581) params={'model_size_mb': '4.4219', 'n_model_params': '507990', 'name': 'resnet'}
    [mlflow] logged run 'resnet_SemgHandSubjectCh2'  (train_acc=1.0000 val_acc=0.6556 test_acc=0.6222 test_loss=0.9857)
[126/129] SemgHandSubjectCh2           DONE  acc=0.6222 loss=0.9857 AOPCR=  1.788 NDCG=  n/a C=  5 T=  300 (15s)  [123 trained / 3 failed so far]
[127/129] ShakeGestureWiimoteZ
    stage 1/3: loading data ...
    stage 2/3: training on 50 series (no val (train-loss early stop), C=10, T=77, batch=5) ...
    stage 3/3: scoring on 50 test series (accuracy + AOPCR) ...
    [mlflow] versioned model 'resnet_conjunctive' (id=m-5c788678554c45698e2c6255cf490dd7) params={'model_size_mb': '4.4243', 'n_model_params': '508635', 'name': 'resnet'}
    [mlflow] logged run 'resnet_ShakeGestureWiimoteZ'  (train_acc=1.0000 test_acc=0.8400 test_loss=0.6475)
[127/129] ShakeGestureWiimoteZ         DONE  acc=0.8400 loss=0.6475 AOPCR=  0.759 NDCG=  n/a C= 10 T=   77 (13s)  [124 trained / 3 failed so far]
[128/129] SmoothSubspace
    stage 1/3: loading data ...
    stage 2/3: training on 120 series (val=30, C=3, T=3, batch=12) ...
[128/129] SmoothSubspace               FAILED: RuntimeError: a Tensor with 60 elements cannot be converted to Scalar
[129/129] UMD
    stage 1/3: loading data ...
    stage 2/3: training on 36 series (no val (train-loss early stop), C=3, T=30, batch=3) ...
    stage 3/3: scoring on 144 test series (accuracy + AOPCR) ...
    [mlflow] versioned model 'resnet_conjunctive' (id=m-f8f328896bb24cb988ccff33c84d8989) params={'model_size_mb': '4.4209', 'n_model_params': '507732', 'name': 'resnet'}
    [mlflow] logged run 'resnet_UMD'  (train_acc=1.0000 test_acc=0.9792 test_loss=0.1844)
[129/129] UMD                          DONE  acc=0.9792 loss=0.1844 AOPCR=  0.667 NDCG=  n/a C=  3 T=   30 (9s)  [125 trained / 4 failed so far]

Done: 125 trained, 0 skipped, 4 failed.
Results -> results/SEA_NET/resnet_conjunctive/results.csv

=== resnet_conjunctive vs MILLET ConjunctiveInceptionTime (mean of 5 reps) ===
  UCR datasets evaluated: 124  (with MILLET baseline: 84, without: 40)
  metric        ours    MILLET   win/tie/loss   (mean over the 84 datasets MILLET published)
  acc         0.8056    0.8433       15/11/58   
  loss        0.5743    1.2321        52/2/30   (lower is better)
  aopcr       0.7005    4.5579         4/0/80   
  wrote results/SEA_NET/resnet_conjunctive/comparison_vs_millet.csv

Next: `python main.py report` to draw the figures for resnet_conjunctive.

[log] finished; full output saved to results/SEA_NET/resnet_conjunctive/logs/train_2026-07-20_16-07-56.log
