[log] command 'run' started at 2026-07-23_17-07-50 for model 'seanet_recon_attnmax__mstcn_sep_recon_attention_max'
[log] a copy of everything below is being saved to: results/SEA_NET/seanet_recon_attnmax__mstcn_sep_recon_attention_max/logs/run_2026-07-23_17-07-50.log

=== run: model=seanet_recon_attnmax__mstcn_sep_recon_attention_max (config sv4/seanet_recon_attnmax) dataset=WebTraffic device=cuda mode=full ===
resolved config:
  model = sv4/seanet_recon_attnmax
  run.mode = single
  run.dataset = WebTraffic
  run.smoke = False
  run.re_train = False
  preprocessing.instance_type = single_point
  preprocessing.window_size = 5
  preprocessing.window_stride = 5
  seed = 0
  device = auto
  output.results_dir = results/SEA_NET
  interpretability.dataset = WebTraffic
  interpretability.n_classes = 3
  interpretability.per_class = 1
  mlflow.enabled = True
  mlflow.experiment_name = SEA-Net
  mlflow.tracking_uri = sqlite:///mlflow.db
  mlflow.log_model_weights = True
  model_config.name = seanet_recon_attnmax
  model_config.use_params = default
  model_config.encoder.type = mstcn_sep_recon
  model_config.encoder.d = 64
  model_config.encoder.n_blocks = 4
  model_config.encoder.dropout = 0.2
  model_config.encoder.max_dilation = 16
  model_config.encoder.kernels = [5, 11, 23]
  model_config.encoder.d_res = 16
  model_config.pooling.type = attention_max
  model_config.pooling.d_attn = 8
  model_config.pooling.dropout = 0.2
  model_config.pooling.positional_encoding = True
  model_config.pooling.init_lam = 0.5
  model_config.training.n_epochs = 400
  model_config.training.patience = 60
  model_config.training.max_batch = 16
  model_config.training.learning_rate = 0.00125
  model_config.training.weight_decay = 0.00012
  model_config.training.label_smoothing = 0.13
  model_config.training.lambda_entropy = 0.01
  model_config.training.min_train_for_val = 100
  model_config.training.val_frac = 0.2
  model_config.training.optimizer = adam
[params] using DEFAULT recipe (no Optuna record yet - run 'python main.py optuna --model sv4/seanet_recon_attnmax').
  [mlflow] logging runs to experiment 'SEA-Net_seanet_recon_attnmax__mstcn_sep_recon_attention_max_2026-07-23' at sqlite:///mlflow.db
  [mlflow] browse later with:  mlflow ui --backend-store-uri sqlite:///mlflow.db
    stage 1/3: loading data ...
    stage 2/3: training on 400 series (val=100, C=10, T=1008, batch=16) ...
    stage 3/3: scoring on 500 test series (accuracy + AOPCR + NDCG) ...
    [mlflow] versioned model 'seanet_recon_attnmax__mstcn_sep_recon_attention_max' (id=m-8886bef5d1c84aa09e840631e4d273b6) params={'model_size_mb': '1.5099', 'n_model_params': '62935', 'name': 'seanet_recon_attnmax'}
    [mlflow] logged run 'seanet_recon_attnmax_WebTraffic'  (train_acc=1.0000 val_acc=0.8700 test_acc=0.8920 test_loss=0.4994)

=== seanet_recon_attnmax__mstcn_sep_recon_attention_max on WebTraffic ===
  params          : 62935
  model_size_mb   : 1.5099
  n_train         : 400
  n_val           : 100
  n_test          : 500
  series_length   : 1008
  n_classes       : 10
  test_acc        : 0.892
  test_loss       : 0.4994
  test_aopcr      : 2.3242
  test_ndcg       : 0.7245
  train_time_s    : 112.73

  saved -> results/SEA_NET/seanet_recon_attnmax__mstcn_sep_recon_attention_max/results.csv
  recorded default metrics -> configs/models/sv4/seanet_recon_attnmax.yaml (records.default)

[log] finished; full output saved to results/SEA_NET/seanet_recon_attnmax__mstcn_sep_recon_attention_max/logs/run_2026-07-23_17-07-50.log
