[log] command 'train' started at 2026-07-20_18-02-26 for model 'mstcn_sep_softmax_conjunctive'
[log] a copy of everything below is being saved to: results/SEA_NET/mstcn_sep_softmax_conjunctive/logs/train_2026-07-20_18-02-26.log

=== train: model=mstcn_sep_softmax_conjunctive (config seanet_softmax) device=cuda mode=full datasets=129 ===
[params] using DEFAULT recipe: `auto` has nothing to compare against yet (optuna-best test_acc 0.9040, default not recorded). This run records the default, then `auto` picks the better of the two.
  results  -> results/SEA_NET/mstcn_sep_softmax_conjunctive/results.csv
  resume   -> results/SEA_NET/mstcn_sep_softmax_conjunctive/done_train_dataset.txt  (delete it to retrain everything; delete one line to retrain that dataset)

  [mlflow] logging runs to experiment 'SEA-Net_mstcn_sep_softmax_conjunctive_2026-07-20' at sqlite:///mlflow.db
  [mlflow] browse later with:  mlflow ui --backend-store-uri sqlite:///mlflow.db
[  1/129] WebTraffic
    stage 1/3: loading data ...
    stage 2/3: training on 400 series (val=100, C=10, T=201, batch=16) ...
    stage 3/3: scoring on 500 test series (accuracy + AOPCR + NDCG) ...
    [mlflow] versioned model 'mstcn_sep_softmax_conjunctive' (id=m-14505d4cec874f32af62aabeea60083e) params={'model_size_mb': '3.5528', 'n_model_params': '272749', 'name': 'seanet_softmax'}
    [mlflow] logged run 'seanet_softmax_WebTraffic'  (train_acc=0.9975 val_acc=0.7500 test_acc=0.7140 test_loss=0.8525)
[  1/129] WebTraffic                   DONE  acc=0.7140 loss=0.8525 AOPCR=  0.474 NDCG=  n/a C= 10 T=  201 (23s)  [1 trained / 0 failed so far]
[  2/129] Adiac
    stage 1/3: loading data ...
    stage 2/3: training on 328 series (val=62, C=37, T=35, batch=16) ...
    stage 3/3: scoring on 391 test series (accuracy + AOPCR) ...
    [mlflow] versioned model 'mstcn_sep_softmax_conjunctive' (id=m-ce9304b65ebc4959a2dea0d0693f4089) params={'model_size_mb': '3.5671', 'n_model_params': '276475', 'name': 'seanet_softmax'}
    [mlflow] logged run 'seanet_softmax_Adiac'  (train_acc=0.8323 val_acc=0.6129 test_acc=0.6854 test_loss=1.0831)
[  2/129] Adiac                        DONE  acc=0.6854 loss=1.0831 AOPCR= -0.321 NDCG=  n/a C= 37 T=   35 (23s)  [2 trained / 0 failed so far]
[  3/129] ArrowHead
    stage 1/3: loading data ...
    stage 2/3: training on 36 series (no val (train-loss early stop), C=3, T=50, batch=3) ...
    stage 3/3: scoring on 175 test series (accuracy + AOPCR) ...
    [mlflow] versioned model 'mstcn_sep_softmax_conjunctive' (id=m-b030b81c3a454af8a43165fed770a8e4) params={'model_size_mb': '3.5492', 'n_model_params': '271783', 'name': 'seanet_softmax'}
    [mlflow] logged run 'seanet_softmax_ArrowHead'  (train_acc=1.0000 test_acc=0.8000 test_loss=0.4811)
[  3/129] ArrowHead                    DONE  acc=0.8000 loss=0.4811 AOPCR=  0.009 NDCG=  n/a C=  3 T=   50 (24s)  [3 trained / 0 failed so far]
[  4/129] Beef
    stage 1/3: loading data ...
    stage 2/3: training on 30 series (no val (train-loss early stop), C=5, T=94, batch=3) ...
    stage 3/3: scoring on 30 test series (accuracy + AOPCR) ...
    [mlflow] versioned model 'mstcn_sep_softmax_conjunctive' (id=m-b93fcc60f0a64a03b6b15512cf8cfe2b) params={'model_size_mb': '3.5502', 'n_model_params': '272059', 'name': 'seanet_softmax'}
    [mlflow] logged run 'seanet_softmax_Beef'  (train_acc=1.0000 test_acc=0.9000 test_loss=0.4042)
[  4/129] Beef                         DONE  acc=0.9000 loss=0.4042 AOPCR=  0.295 NDCG=  n/a C=  5 T=   94 (31s)  [4 trained / 0 failed so far]
[  5/129] BeetleFly
    stage 1/3: loading data ...
    stage 2/3: training on 20 series (no val (train-loss early stop), C=2, T=102, batch=2) ...
    stage 3/3: scoring on 20 test series (accuracy + AOPCR) ...
    [mlflow] versioned model 'mstcn_sep_softmax_conjunctive' (id=m-62096e7b89c748ed95d2d6bd14cd4dd0) params={'model_size_mb': '3.5487', 'n_model_params': '271645', 'name': 'seanet_softmax'}
    [mlflow] logged run 'seanet_softmax_BeetleFly'  (train_acc=1.0000 test_acc=0.9000 test_loss=0.2978)
[  5/129] BeetleFly                    DONE  acc=0.9000 loss=0.2978 AOPCR=  0.406 NDCG=  n/a C=  2 T=  102 (12s)  [5 trained / 0 failed so far]
[  6/129] BirdChicken
    stage 1/3: loading data ...
    stage 2/3: training on 20 series (no val (train-loss early stop), C=2, T=102, batch=2) ...
    stage 3/3: scoring on 20 test series (accuracy + AOPCR) ...
    [mlflow] versioned model 'mstcn_sep_softmax_conjunctive' (id=m-58a09440c38644589eff5d816f3b4257) params={'model_size_mb': '3.5487', 'n_model_params': '271645', 'name': 'seanet_softmax'}
    [mlflow] logged run 'seanet_softmax_BirdChicken'  (train_acc=1.0000 test_acc=0.8000 test_loss=0.5961)
[  6/129] BirdChicken                  DONE  acc=0.8000 loss=0.5961 AOPCR=  0.882 NDCG=  n/a C=  2 T=  102 (14s)  [6 trained / 0 failed so far]
[  7/129] Car
    stage 1/3: loading data ...
    stage 2/3: training on 60 series (no val (train-loss early stop), C=4, T=115, batch=6) ...
    stage 3/3: scoring on 60 test series (accuracy + AOPCR) ...
    [mlflow] versioned model 'mstcn_sep_softmax_conjunctive' (id=m-e2e70b1889cd4894a149c0ec6808fbce) params={'model_size_mb': '3.5497', 'n_model_params': '271921', 'name': 'seanet_softmax'}
    [mlflow] logged run 'seanet_softmax_Car'  (train_acc=1.0000 test_acc=0.9500 test_loss=0.2833)
[  7/129] Car                          DONE  acc=0.9500 loss=0.2833 AOPCR=  0.334 NDCG=  n/a C=  4 T=  115 (32s)  [7 trained / 0 failed so far]
[  8/129] CBF
    stage 1/3: loading data ...
    stage 2/3: training on 30 series (no val (train-loss early stop), C=3, T=25, batch=3) ...
    stage 3/3: scoring on 900 test series (accuracy + AOPCR) ...
    [mlflow] versioned model 'mstcn_sep_softmax_conjunctive' (id=m-a8f369065c7f4e838fcf9c14cc7ffe26) params={'model_size_mb': '3.5492', 'n_model_params': '271783', 'name': 'seanet_softmax'}
    [mlflow] logged run 'seanet_softmax_CBF'  (train_acc=1.0000 test_acc=0.9867 test_loss=0.1440)
[  8/129] CBF                          DONE  acc=0.9867 loss=0.1440 AOPCR=  0.269 NDCG=  n/a C=  3 T=   25 (18s)  [8 trained / 0 failed so far]
[  9/129] ChlorineConcentration
    stage 1/3: loading data ...
    stage 2/3: training on 375 series (val=92, C=3, T=33, batch=16) ...
    stage 3/3: scoring on 3840 test series (accuracy + AOPCR) ...
    [mlflow] versioned model 'mstcn_sep_softmax_conjunctive' (id=m-e5bf6aac760544ae9fcdb9b53e5715e7) params={'model_size_mb': '3.5492', 'n_model_params': '271783', 'name': 'seanet_softmax'}
    [mlflow] logged run 'seanet_softmax_ChlorineConcentration'  (train_acc=0.9760 val_acc=0.8587 test_acc=0.8206 test_loss=0.5267)
[  9/129] ChlorineConcentration        DONE  acc=0.8206 loss=0.5267 AOPCR= -0.316 NDCG=  n/a C=  3 T=   33 (52s)  [9 trained / 0 failed so far]
[ 10/129] CinCECGTorso
    stage 1/3: loading data ...
    stage 2/3: training on 40 series (no val (train-loss early stop), C=4, T=327, batch=4) ...
    stage 3/3: scoring on 1380 test series (accuracy + AOPCR) ...
    [mlflow] versioned model 'mstcn_sep_softmax_conjunctive' (id=m-73d885ab3aec4bcf91023d68c76bda1d) params={'model_size_mb': '3.5497', 'n_model_params': '271921', 'name': 'seanet_softmax'}
    [mlflow] logged run 'seanet_softmax_CinCECGTorso'  (train_acc=1.0000 test_acc=0.9442 test_loss=0.2661)
[ 10/129] CinCECGTorso                 DONE  acc=0.9442 loss=0.2661 AOPCR= -0.046 NDCG=  n/a C=  4 T=  327 (23s)  [10 trained / 0 failed so far]
[ 11/129] Coffee
    stage 1/3: loading data ...
    stage 2/3: training on 28 series (no val (train-loss early stop), C=2, T=57, batch=2) ...
    stage 3/3: scoring on 28 test series (accuracy + AOPCR) ...
    [mlflow] versioned model 'mstcn_sep_softmax_conjunctive' (id=m-1bb5c6ff3b8f4d61832b772d1dd7666f) params={'model_size_mb': '3.5487', 'n_model_params': '271645', 'name': 'seanet_softmax'}
    [mlflow] logged run 'seanet_softmax_Coffee'  (train_acc=1.0000 test_acc=1.0000 test_loss=0.0718)
[ 11/129] Coffee                       DONE  acc=1.0000 loss=0.0718 AOPCR=  0.530 NDCG=  n/a C=  2 T=   57 (27s)  [11 trained / 0 failed so far]
[ 12/129] Computers
    stage 1/3: loading data ...
    stage 2/3: training on 200 series (val=50, C=2, T=144, batch=16) ...
    stage 3/3: scoring on 250 test series (accuracy + AOPCR) ...
    [mlflow] versioned model 'mstcn_sep_softmax_conjunctive' (id=m-e16bd2122c934c6687ab7b7d8a7dedcd) params={'model_size_mb': '3.5487', 'n_model_params': '271645', 'name': 'seanet_softmax'}
    [mlflow] logged run 'seanet_softmax_Computers'  (train_acc=0.6950 val_acc=0.6600 test_acc=0.6200 test_loss=0.6543)
[ 12/129] Computers                    DONE  acc=0.6200 loss=0.6543 AOPCR=  0.066 NDCG=  n/a C=  2 T=  144 (6s)  [12 trained / 0 failed so far]
[ 13/129] CricketX
    stage 1/3: loading data ...
    stage 2/3: training on 317 series (val=73, C=12, T=60, batch=16) ...
    stage 3/3: scoring on 390 test series (accuracy + AOPCR) ...
    [mlflow] versioned model 'mstcn_sep_softmax_conjunctive' (id=m-4460952d29f34141a51a31e12f115c87) params={'model_size_mb': '3.5539', 'n_model_params': '273025', 'name': 'seanet_softmax'}
    [mlflow] logged run 'seanet_softmax_CricketX'  (train_acc=1.0000 val_acc=0.7808 test_acc=0.7769 test_loss=0.7442)
[ 13/129] CricketX                     DONE  acc=0.7769 loss=0.7442 AOPCR=  0.703 NDCG=  n/a C= 12 T=   60 (15s)  [13 trained / 0 failed so far]
[ 14/129] CricketY
    stage 1/3: loading data ...
    stage 2/3: training on 317 series (val=73, C=12, T=60, batch=16) ...
    stage 3/3: scoring on 390 test series (accuracy + AOPCR) ...
    [mlflow] versioned model 'mstcn_sep_softmax_conjunctive' (id=m-dec4fe168ec24a879dc3ae1fa60f3ca4) params={'model_size_mb': '3.5539', 'n_model_params': '273025', 'name': 'seanet_softmax'}
    [mlflow] logged run 'seanet_softmax_CricketY'  (train_acc=1.0000 val_acc=0.8219 test_acc=0.7718 test_loss=0.8149)
[ 14/129] CricketY                     DONE  acc=0.7718 loss=0.8149 AOPCR=  0.241 NDCG=  n/a C= 12 T=   60 (23s)  [14 trained / 0 failed so far]
[ 15/129] CricketZ
    stage 1/3: loading data ...
    stage 2/3: training on 316 series (val=74, C=12, T=60, batch=16) ...
    stage 3/3: scoring on 390 test series (accuracy + AOPCR) ...
    [mlflow] versioned model 'mstcn_sep_softmax_conjunctive' (id=m-748d09b92c184526bcd9b603c3bbd702) params={'model_size_mb': '3.5539', 'n_model_params': '273025', 'name': 'seanet_softmax'}
    [mlflow] logged run 'seanet_softmax_CricketZ'  (train_acc=1.0000 val_acc=0.8514 test_acc=0.7821 test_loss=0.7866)
[ 15/129] CricketZ                     DONE  acc=0.7821 loss=0.7866 AOPCR=  0.642 NDCG=  n/a C= 12 T=   60 (27s)  [15 trained / 0 failed so far]
[ 16/129] DiatomSizeReduction
    stage 1/3: loading data ...
    stage 2/3: training on 16 series (no val (train-loss early stop), C=4, T=69, batch=2) ...
    stage 3/3: scoring on 306 test series (accuracy + AOPCR) ...
    [mlflow] versioned model 'mstcn_sep_softmax_conjunctive' (id=m-d887d013a68444618ab34245a4774abd) params={'model_size_mb': '3.5497', 'n_model_params': '271921', 'name': 'seanet_softmax'}
    [mlflow] logged run 'seanet_softmax_DiatomSizeReduction'  (train_acc=1.0000 test_acc=0.9869 test_loss=0.1624)
[ 16/129] DiatomSizeReduction          DONE  acc=0.9869 loss=0.1624 AOPCR=  1.243 NDCG=  n/a C=  4 T=   69 (19s)  [16 trained / 0 failed so far]
[ 17/129] DistalPhalanxOutlineAgeGroup
    stage 1/3: loading data ...
    stage 2/3: training on 321 series (val=79, C=3, T=16, batch=16) ...
    stage 3/3: scoring on 139 test series (accuracy + AOPCR) ...
    [mlflow] versioned model 'mstcn_sep_softmax_conjunctive' (id=m-6dea80fb2a14462baec742226c6d00d8) params={'model_size_mb': '3.5492', 'n_model_params': '271783', 'name': 'seanet_softmax'}
    [mlflow] logged run 'seanet_softmax_DistalPhalanxOutlineAgeGroup'  (train_acc=0.8754 val_acc=0.8481 test_acc=0.7770 test_loss=0.5431)
[ 17/129] DistalPhalanxOutlineAgeGroup DONE  acc=0.7770 loss=0.5431 AOPCR= -0.271 NDCG=  n/a C=  3 T=   16 (15s)  [17 trained / 0 failed so far]
[ 18/129] DistalPhalanxOutlineCorrect
    stage 1/3: loading data ...
    stage 2/3: training on 481 series (val=119, C=2, T=16, batch=16) ...
    stage 3/3: scoring on 276 test series (accuracy + AOPCR) ...
    [mlflow] versioned model 'mstcn_sep_softmax_conjunctive' (id=m-bf3f2177d0c64aeb9105053e844fb28c) params={'model_size_mb': '3.5487', 'n_model_params': '271645', 'name': 'seanet_softmax'}
    [mlflow] logged run 'seanet_softmax_DistalPhalanxOutlineCorrect'  (train_acc=0.9106 val_acc=0.8403 test_acc=0.7572 test_loss=0.4967)
[ 18/129] DistalPhalanxOutlineCorrect  DONE  acc=0.7572 loss=0.4967 AOPCR=  0.110 NDCG=  n/a C=  2 T=   16 (26s)  [18 trained / 0 failed so far]
[ 19/129] DistalPhalanxTW
    stage 1/3: loading data ...
    stage 2/3: training on 323 series (val=77, C=6, T=16, batch=16) ...
    stage 3/3: scoring on 139 test series (accuracy + AOPCR) ...
    [mlflow] versioned model 'mstcn_sep_softmax_conjunctive' (id=m-96c974afaad643b5b24c1b2f05a630b2) params={'model_size_mb': '3.5508', 'n_model_params': '272197', 'name': 'seanet_softmax'}
    [mlflow] logged run 'seanet_softmax_DistalPhalanxTW'  (train_acc=0.8700 val_acc=0.8312 test_acc=0.6763 test_loss=0.8140)
[ 19/129] DistalPhalanxTW              DONE  acc=0.6763 loss=0.8140 AOPCR= -0.195 NDCG=  n/a C=  6 T=   16 (18s)  [19 trained / 0 failed so far]
[ 20/129] Earthquakes
    stage 1/3: loading data ...
    stage 2/3: training on 259 series (val=63, C=2, T=102, batch=16) ...
    stage 3/3: scoring on 139 test series (accuracy + AOPCR) ...
    [mlflow] versioned model 'mstcn_sep_softmax_conjunctive' (id=m-72de7b77734a4de0958fc25994cfb095) params={'model_size_mb': '3.5487', 'n_model_params': '271645', 'name': 'seanet_softmax'}
    [mlflow] logged run 'seanet_softmax_Earthquakes'  (train_acc=0.8185 val_acc=0.8254 test_acc=0.7482 test_loss=0.5657)
[ 20/129] Earthquakes                  DONE  acc=0.7482 loss=0.5657 AOPCR=  0.045 NDCG=  n/a C=  2 T=  102 (9s)  [20 trained / 0 failed so far]
[ 21/129] ECG200
    stage 1/3: loading data ...
    stage 2/3: training on 81 series (val=19, C=2, T=19, batch=8) ...
    stage 3/3: scoring on 100 test series (accuracy + AOPCR) ...
    [mlflow] versioned model 'mstcn_sep_softmax_conjunctive' (id=m-82a6745c7b354867bbefaa1409aca77b) params={'model_size_mb': '3.5487', 'n_model_params': '271645', 'name': 'seanet_softmax'}
    [mlflow] logged run 'seanet_softmax_ECG200'  (train_acc=0.9136 val_acc=0.7895 test_acc=0.8500 test_loss=0.3517)
[ 21/129] ECG200                       DONE  acc=0.8500 loss=0.3517 AOPCR=  0.088 NDCG=  n/a C=  2 T=   19 (6s)  [21 trained / 0 failed so far]
[ 22/129] ECG5000
    stage 1/3: loading data ...
    stage 2/3: training on 401 series (val=99, C=5, T=28, batch=16) ...
    stage 3/3: scoring on 4500 test series (accuracy + AOPCR) ...
    [mlflow] versioned model 'mstcn_sep_softmax_conjunctive' (id=m-9f36533ba58e41d2b7d58313faa5aec9) params={'model_size_mb': '3.5502', 'n_model_params': '272059', 'name': 'seanet_softmax'}
    [mlflow] logged run 'seanet_softmax_ECG5000'  (train_acc=0.9800 val_acc=0.9495 test_acc=0.9429 test_loss=0.2694)
[ 22/129] ECG5000                      DONE  acc=0.9429 loss=0.2694 AOPCR=  0.129 NDCG=  n/a C=  5 T=   28 (28s)  [22 trained / 0 failed so far]
[ 23/129] ECGFiveDays
    stage 1/3: loading data ...
    stage 2/3: training on 23 series (no val (train-loss early stop), C=2, T=27, batch=2) ...
    stage 3/3: scoring on 861 test series (accuracy + AOPCR) ...
    [mlflow] versioned model 'mstcn_sep_softmax_conjunctive' (id=m-374db6ef770b48c8aa3bf8b73b317035) params={'model_size_mb': '3.5487', 'n_model_params': '271645', 'name': 'seanet_softmax'}
    [mlflow] logged run 'seanet_softmax_ECGFiveDays'  (train_acc=1.0000 test_acc=0.9733 test_loss=0.1262)
[ 23/129] ECGFiveDays                  DONE  acc=0.9733 loss=0.1262 AOPCR= -0.163 NDCG=  n/a C=  2 T=   27 (31s)  [23 trained / 0 failed so far]
[ 24/129] ElectricDevices
    stage 1/3: loading data ...
    stage 2/3: training on 7144 series (val=1782, C=7, T=19, batch=16) ...
    stage 3/3: scoring on 7711 test series (accuracy + AOPCR) ...
    [mlflow] versioned model 'mstcn_sep_softmax_conjunctive' (id=m-05c9afa1682f42d4a7ef71e4845c69a4) params={'model_size_mb': '3.5513', 'n_model_params': '272335', 'name': 'seanet_softmax'}
    [mlflow] logged run 'seanet_softmax_ElectricDevices'  (train_acc=0.9454 val_acc=0.8423 test_acc=0.6615 test_loss=1.1283)
[ 24/129] ElectricDevices              DONE  acc=0.6615 loss=1.1283 AOPCR=  0.251 NDCG=  n/a C=  7 T=   19 (413s)  [24 trained / 0 failed so far]
[ 25/129] FaceAll
    stage 1/3: loading data ...
    stage 2/3: training on 448 series (val=112, C=14, T=26, batch=16) ...
    stage 3/3: scoring on 1690 test series (accuracy + AOPCR) ...
    [mlflow] versioned model 'mstcn_sep_softmax_conjunctive' (id=m-fb15606f00b14c6e97d48faaf6cbaba7) params={'model_size_mb': '3.5549', 'n_model_params': '273301', 'name': 'seanet_softmax'}
    [mlflow] logged run 'seanet_softmax_FaceAll'  (train_acc=1.0000 val_acc=0.9911 test_acc=0.7935 test_loss=0.7637)
[ 25/129] FaceAll                      DONE  acc=0.7935 loss=0.7637 AOPCR= -0.240 NDCG=  n/a C= 14 T=   26 (50s)  [25 trained / 0 failed so far]
[ 26/129] FaceFour
    stage 1/3: loading data ...
    stage 2/3: training on 24 series (no val (train-loss early stop), C=4, T=70, batch=2) ...
    stage 3/3: scoring on 88 test series (accuracy + AOPCR) ...
    [mlflow] versioned model 'mstcn_sep_softmax_conjunctive' (id=m-1961cce322c5441198302b17bc2517b3) params={'model_size_mb': '3.5497', 'n_model_params': '271921', 'name': 'seanet_softmax'}
    [mlflow] logged run 'seanet_softmax_FaceFour'  (train_acc=1.0000 test_acc=0.9545 test_loss=0.2362)
[ 26/129] FaceFour                     DONE  acc=0.9545 loss=0.2362 AOPCR=  0.276 NDCG=  n/a C=  4 T=   70 (32s)  [26 trained / 0 failed so far]
[ 27/129] FacesUCR
    stage 1/3: loading data ...
    stage 2/3: training on 165 series (val=35, C=14, T=26, batch=16) ...
    stage 3/3: scoring on 2050 test series (accuracy + AOPCR) ...
    [mlflow] versioned model 'mstcn_sep_softmax_conjunctive' (id=m-d56a9aaba4c141b0808a9ae38301bdff) params={'model_size_mb': '3.5549', 'n_model_params': '273301', 'name': 'seanet_softmax'}
    [mlflow] logged run 'seanet_softmax_FacesUCR'  (train_acc=1.0000 val_acc=0.9429 test_acc=0.8380 test_loss=0.5951)
[ 27/129] FacesUCR                     DONE  acc=0.8380 loss=0.5951 AOPCR=  0.058 NDCG=  n/a C= 14 T=   26 (13s)  [27 trained / 0 failed so far]
[ 28/129] FiftyWords
    stage 1/3: loading data ...
    stage 2/3: training on 365 series (val=85, C=50, T=54, batch=16) ...
    stage 3/3: scoring on 455 test series (accuracy + AOPCR) ...
    [mlflow] versioned model 'mstcn_sep_softmax_conjunctive' (id=m-8d1f01296a1f400b96523e9847a5b3c8) params={'model_size_mb': '3.574', 'n_model_params': '278269', 'name': 'seanet_softmax'}
    [mlflow] logged run 'seanet_softmax_FiftyWords'  (train_acc=1.0000 val_acc=0.8000 test_acc=0.7648 test_loss=0.9127)
[ 28/129] FiftyWords                   DONE  acc=0.7648 loss=0.9127 AOPCR=  0.616 NDCG=  n/a C= 50 T=   54 (18s)  [28 trained / 0 failed so far]
[ 29/129] Fish
    stage 1/3: loading data ...
    stage 2/3: training on 142 series (val=33, C=7, T=92, batch=14) ...
    stage 3/3: scoring on 175 test series (accuracy + AOPCR) ...
    [mlflow] versioned model 'mstcn_sep_softmax_conjunctive' (id=m-cfdbce5ec9c74d41ba2a0373da22e03a) params={'model_size_mb': '3.5513', 'n_model_params': '272335', 'name': 'seanet_softmax'}
    [mlflow] logged run 'seanet_softmax_Fish'  (train_acc=1.0000 val_acc=0.9394 test_acc=0.9371 test_loss=0.2567)
[ 29/129] Fish                         DONE  acc=0.9371 loss=0.2567 AOPCR=  0.068 NDCG=  n/a C=  7 T=   92 (19s)  [29 trained / 0 failed so far]
[ 30/129] FordA
    stage 1/3: loading data ...
    stage 2/3: training on 2881 series (val=720, C=2, T=100, batch=16) ...
    stage 3/3: scoring on 1320 test series (accuracy + AOPCR) ...
    [mlflow] versioned model 'mstcn_sep_softmax_conjunctive' (id=m-8a459c8515214f00ab3af8e54a90d764) params={'model_size_mb': '3.5487', 'n_model_params': '271645', 'name': 'seanet_softmax'}
    [mlflow] logged run 'seanet_softmax_FordA'  (train_acc=0.9653 val_acc=0.9653 test_acc=0.9553 test_loss=0.1582)
[ 30/129] FordA                        DONE  acc=0.9553 loss=0.1582 AOPCR=  0.232 NDCG=  n/a C=  2 T=  100 (109s)  [30 trained / 0 failed so far]
[ 31/129] FordB
    stage 1/3: loading data ...
    stage 2/3: training on 2909 series (val=727, C=2, T=100, batch=16) ...
    stage 3/3: scoring on 810 test series (accuracy + AOPCR) ...
    [mlflow] versioned model 'mstcn_sep_softmax_conjunctive' (id=m-791c4984a2fe4c6bbab2b8633531fbad) params={'model_size_mb': '3.5487', 'n_model_params': '271645', 'name': 'seanet_softmax'}
    [mlflow] logged run 'seanet_softmax_FordB'  (train_acc=0.9873 val_acc=0.9670 test_acc=0.8160 test_loss=0.3983)
[ 31/129] FordB                        DONE  acc=0.8160 loss=0.3983 AOPCR= -0.165 NDCG=  n/a C=  2 T=  100 (208s)  [31 trained / 0 failed so far]
[ 32/129] GunPoint
    stage 1/3: loading data ...
    stage 2/3: training on 50 series (no val (train-loss early stop), C=2, T=30, batch=5) ...
    stage 3/3: scoring on 150 test series (accuracy + AOPCR) ...
    [mlflow] versioned model 'mstcn_sep_softmax_conjunctive' (id=m-62ac0bd44dbb4b9ca8cc0705db18991a) params={'model_size_mb': '3.5487', 'n_model_params': '271645', 'name': 'seanet_softmax'}
    [mlflow] logged run 'seanet_softmax_GunPoint'  (train_acc=1.0000 test_acc=0.9867 test_loss=0.0960)
[ 32/129] GunPoint                     DONE  acc=0.9867 loss=0.0960 AOPCR=  0.229 NDCG=  n/a C=  2 T=   30 (32s)  [32 trained / 0 failed so far]
[ 33/129] Ham
    stage 1/3: loading data ...
    stage 2/3: training on 88 series (val=21, C=2, T=86, batch=8) ...
    stage 3/3: scoring on 105 test series (accuracy + AOPCR) ...
    [mlflow] versioned model 'mstcn_sep_softmax_conjunctive' (id=m-dca40e11b5f243a4a4c88bde260ab804) params={'model_size_mb': '3.5487', 'n_model_params': '271645', 'name': 'seanet_softmax'}
    [mlflow] logged run 'seanet_softmax_Ham'  (train_acc=0.9659 val_acc=0.8571 test_acc=0.7333 test_loss=0.6340)
[ 33/129] Ham                          DONE  acc=0.7333 loss=0.6340 AOPCR=  0.575 NDCG=  n/a C=  2 T=   86 (7s)  [33 trained / 0 failed so far]
[ 34/129] HandOutlines
    stage 1/3: loading data ...
    stage 2/3: training on 801 series (val=199, C=2, T=541, batch=16) ...
    stage 3/3: scoring on 370 test series (accuracy + AOPCR) ...
    [mlflow] versioned model 'mstcn_sep_softmax_conjunctive' (id=m-1feef6a3d2a8419e95cffce03ce84de4) params={'model_size_mb': '3.5487', 'n_model_params': '271645', 'name': 'seanet_softmax'}
    [mlflow] logged run 'seanet_softmax_HandOutlines'  (train_acc=0.9838 val_acc=0.9397 test_acc=0.9432 test_loss=0.1980)
[ 34/129] HandOutlines                 DONE  acc=0.9432 loss=0.1980 AOPCR=  0.036 NDCG=  n/a C=  2 T=  541 (85s)  [34 trained / 0 failed so far]
[ 35/129] Haptics
    stage 1/3: loading data ...
    stage 2/3: training on 127 series (val=28, C=5, T=218, batch=12) ...
    stage 3/3: scoring on 308 test series (accuracy + AOPCR) ...
    [mlflow] versioned model 'mstcn_sep_softmax_conjunctive' (id=m-1b728531faf746f6bd3a3f2ff43352cd) params={'model_size_mb': '3.5502', 'n_model_params': '272059', 'name': 'seanet_softmax'}
    [mlflow] logged run 'seanet_softmax_Haptics'  (train_acc=0.7717 val_acc=0.5714 test_acc=0.4448 test_loss=1.7149)
[ 35/129] Haptics                      DONE  acc=0.4448 loss=1.7149 AOPCR=  0.410 NDCG=  n/a C=  5 T=  218 (7s)  [35 trained / 0 failed so far]
[ 36/129] Herring
    stage 1/3: loading data ...
    stage 2/3: training on 64 series (no val (train-loss early stop), C=2, T=102, batch=6) ...
    stage 3/3: scoring on 64 test series (accuracy + AOPCR) ...
    [mlflow] versioned model 'mstcn_sep_softmax_conjunctive' (id=m-5e2c6e13c861433587f5b9ed906e17ea) params={'model_size_mb': '3.5487', 'n_model_params': '271645', 'name': 'seanet_softmax'}
    [mlflow] logged run 'seanet_softmax_Herring'  (train_acc=1.0000 test_acc=0.5625 test_loss=1.0554)
[ 36/129] Herring                      DONE  acc=0.5625 loss=1.0554 AOPCR=  0.428 NDCG=  n/a C=  2 T=  102 (38s)  [36 trained / 0 failed so far]
[ 37/129] InlineSkate
    stage 1/3: loading data ...
    stage 2/3: training on 84 series (val=16, C=7, T=376, batch=8) ...
    stage 3/3: scoring on 550 test series (accuracy + AOPCR) ...
    [mlflow] versioned model 'mstcn_sep_softmax_conjunctive' (id=m-6000057af0a442e0a89b9a29df557d8b) params={'model_size_mb': '3.5513', 'n_model_params': '272335', 'name': 'seanet_softmax'}
    [mlflow] logged run 'seanet_softmax_InlineSkate'  (train_acc=0.3214 val_acc=0.3125 test_acc=0.2091 test_loss=1.9167)
[ 37/129] InlineSkate                  DONE  acc=0.2091 loss=1.9167 AOPCR=  0.534 NDCG=  n/a C=  7 T=  376 (6s)  [37 trained / 0 failed so far]
[ 38/129] InsectWingbeatSound
    stage 1/3: loading data ...
    stage 2/3: training on 176 series (val=44, C=11, T=51, batch=16) ...
    stage 3/3: scoring on 1980 test series (accuracy + AOPCR) ...
    [mlflow] versioned model 'mstcn_sep_softmax_conjunctive' (id=m-eafdcc4cf3014e2a8f691fdbafd9095a) params={'model_size_mb': '3.5533', 'n_model_params': '272887', 'name': 'seanet_softmax'}
    [mlflow] logged run 'seanet_softmax_InsectWingbeatSound'  (train_acc=0.7898 val_acc=0.6591 test_acc=0.6273 test_loss=0.9985)
[ 38/129] InsectWingbeatSound          DONE  acc=0.6273 loss=0.9985 AOPCR= -0.024 NDCG=  n/a C= 11 T=   51 (6s)  [38 trained / 0 failed so far]
[ 39/129] ItalyPowerDemand
    stage 1/3: loading data ...
    stage 2/3: training on 67 series (no val (train-loss early stop), C=2, T=4, batch=6) ...
    stage 3/3: scoring on 1029 test series (accuracy + AOPCR) ...
    [mlflow] versioned model 'mstcn_sep_softmax_conjunctive' (id=m-ad89172497ae49dfb2027d55f837047d) params={'model_size_mb': '3.5487', 'n_model_params': '271645', 'name': 'seanet_softmax'}
    [mlflow] logged run 'seanet_softmax_ItalyPowerDemand'  (train_acc=1.0000 test_acc=0.9718 test_loss=0.1343)
[ 39/129] ItalyPowerDemand             DONE  acc=0.9718 loss=0.1343 AOPCR=  0.200 NDCG=  n/a C=  2 T=    4 (33s)  [39 trained / 0 failed so far]
[ 40/129] LargeKitchenAppliances
    stage 1/3: loading data ...
    stage 2/3: training on 300 series (val=75, C=3, T=144, batch=16) ...
    stage 3/3: scoring on 375 test series (accuracy + AOPCR) ...
    [mlflow] versioned model 'mstcn_sep_softmax_conjunctive' (id=m-ded1e93349544d81a17b25fa3eabb3a6) params={'model_size_mb': '3.5492', 'n_model_params': '271783', 'name': 'seanet_softmax'}
    [mlflow] logged run 'seanet_softmax_LargeKitchenAppliances'  (train_acc=0.9967 val_acc=0.8933 test_acc=0.7973 test_loss=0.6020)
[ 40/129] LargeKitchenAppliances       DONE  acc=0.7973 loss=0.6020 AOPCR=  0.613 NDCG=  n/a C=  3 T=  144 (15s)  [40 trained / 0 failed so far]
[ 41/129] Lightning2
    stage 1/3: loading data ...
    stage 2/3: training on 60 series (no val (train-loss early stop), C=2, T=127, batch=6) ...
    stage 3/3: scoring on 61 test series (accuracy + AOPCR) ...
    [mlflow] versioned model 'mstcn_sep_softmax_conjunctive' (id=m-e5bb28f6231441b0a60b5d97acc5103e) params={'model_size_mb': '3.5487', 'n_model_params': '271645', 'name': 'seanet_softmax'}
    [mlflow] logged run 'seanet_softmax_Lightning2'  (train_acc=1.0000 test_acc=0.7377 test_loss=0.5465)
[ 41/129] Lightning2                   DONE  acc=0.7377 loss=0.5465 AOPCR=  0.354 NDCG=  n/a C=  2 T=  127 (19s)  [41 trained / 0 failed so far]
[ 42/129] Lightning7
    stage 1/3: loading data ...
    stage 2/3: training on 70 series (no val (train-loss early stop), C=7, T=63, batch=7) ...
    stage 3/3: scoring on 73 test series (accuracy + AOPCR) ...
    [mlflow] versioned model 'mstcn_sep_softmax_conjunctive' (id=m-a18c4a7c650147d59a61dbb68aa74f8f) params={'model_size_mb': '3.5513', 'n_model_params': '272335', 'name': 'seanet_softmax'}
    [mlflow] logged run 'seanet_softmax_Lightning7'  (train_acc=1.0000 test_acc=0.7534 test_loss=0.9051)
[ 42/129] Lightning7                   DONE  acc=0.7534 loss=0.9051 AOPCR= -0.015 NDCG=  n/a C=  7 T=   63 (36s)  [42 trained / 0 failed so far]
[ 43/129] Mallat
    stage 1/3: loading data ...
    stage 2/3: training on 55 series (no val (train-loss early stop), C=8, T=204, batch=5) ...
    stage 3/3: scoring on 2345 test series (accuracy + AOPCR) ...
    [mlflow] versioned model 'mstcn_sep_softmax_conjunctive' (id=m-c8b8d86b06554d8ca4014380210821f2) params={'model_size_mb': '3.5518', 'n_model_params': '272473', 'name': 'seanet_softmax'}
    [mlflow] logged run 'seanet_softmax_Mallat'  (train_acc=1.0000 test_acc=0.8904 test_loss=0.3623)
[ 43/129] Mallat                       DONE  acc=0.8904 loss=0.3623 AOPCR=  0.504 NDCG=  n/a C=  8 T=  204 (15s)  [43 trained / 0 failed so far]
[ 44/129] Meat
    stage 1/3: loading data ...
    stage 2/3: training on 60 series (no val (train-loss early stop), C=3, T=89, batch=6) ...
    stage 3/3: scoring on 60 test series (accuracy + AOPCR) ...
    [mlflow] versioned model 'mstcn_sep_softmax_conjunctive' (id=m-401bfaf17b934853a0ac09d44d9c1320) params={'model_size_mb': '3.5492', 'n_model_params': '271783', 'name': 'seanet_softmax'}
    [mlflow] logged run 'seanet_softmax_Meat'  (train_acc=1.0000 test_acc=0.9000 test_loss=0.3007)
[ 44/129] Meat                         DONE  acc=0.9000 loss=0.3007 AOPCR=  1.104 NDCG=  n/a C=  3 T=   89 (35s)  [44 trained / 0 failed so far]
[ 45/129] MedicalImages
    stage 1/3: loading data ...
    stage 2/3: training on 307 series (val=74, C=10, T=19, batch=16) ...
    stage 3/3: scoring on 760 test series (accuracy + AOPCR) ...
    [mlflow] versioned model 'mstcn_sep_softmax_conjunctive' (id=m-efd997383cc84f92a62d6ba949b5e161) params={'model_size_mb': '3.5528', 'n_model_params': '272749', 'name': 'seanet_softmax'}
    [mlflow] logged run 'seanet_softmax_MedicalImages'  (train_acc=0.7850 val_acc=0.6892 test_acc=0.6132 test_loss=1.0167)
[ 45/129] MedicalImages                DONE  acc=0.6132 loss=1.0167 AOPCR=  0.243 NDCG=  n/a C= 10 T=   19 (12s)  [45 trained / 0 failed so far]
[ 46/129] MiddlePhalanxOutlineAgeGroup
    stage 1/3: loading data ...
    stage 2/3: training on 321 series (val=79, C=3, T=16, batch=16) ...
    stage 3/3: scoring on 154 test series (accuracy + AOPCR) ...
    [mlflow] versioned model 'mstcn_sep_softmax_conjunctive' (id=m-06aad12d4bb7437f90d598bb6f727cc1) params={'model_size_mb': '3.5492', 'n_model_params': '271783', 'name': 'seanet_softmax'}
    [mlflow] logged run 'seanet_softmax_MiddlePhalanxOutlineAgeGroup'  (train_acc=0.8442 val_acc=0.7975 test_acc=0.5779 test_loss=0.9655)
[ 46/129] MiddlePhalanxOutlineAgeGroup DONE  acc=0.5779 loss=0.9655 AOPCR=  0.324 NDCG=  n/a C=  3 T=   16 (30s)  [46 trained / 0 failed so far]
[ 47/129] MiddlePhalanxOutlineCorrect
    stage 1/3: loading data ...
    stage 2/3: training on 481 series (val=119, C=2, T=16, batch=16) ...
    stage 3/3: scoring on 291 test series (accuracy + AOPCR) ...
    [mlflow] versioned model 'mstcn_sep_softmax_conjunctive' (id=m-0b5d550d8fce47978a2f86966eab79d2) params={'model_size_mb': '3.5487', 'n_model_params': '271645', 'name': 'seanet_softmax'}
    [mlflow] logged run 'seanet_softmax_MiddlePhalanxOutlineCorrect'  (train_acc=0.9335 val_acc=0.8403 test_acc=0.7904 test_loss=0.4298)
[ 47/129] MiddlePhalanxOutlineCorrect  DONE  acc=0.7904 loss=0.4298 AOPCR= -0.006 NDCG=  n/a C=  2 T=   16 (36s)  [47 trained / 0 failed so far]
[ 48/129] MiddlePhalanxTW
    stage 1/3: loading data ...
    stage 2/3: training on 321 series (val=78, C=6, T=16, batch=16) ...
    stage 3/3: scoring on 154 test series (accuracy + AOPCR) ...
    [mlflow] versioned model 'mstcn_sep_softmax_conjunctive' (id=m-8eda8c87c06143609ffbfc533b79c9a0) params={'model_size_mb': '3.5508', 'n_model_params': '272197', 'name': 'seanet_softmax'}
    [mlflow] logged run 'seanet_softmax_MiddlePhalanxTW'  (train_acc=0.6885 val_acc=0.6282 test_acc=0.5455 test_loss=1.1095)
[ 48/129] MiddlePhalanxTW              DONE  acc=0.5455 loss=1.1095 AOPCR=  0.003 NDCG=  n/a C=  6 T=   16 (26s)  [48 trained / 0 failed so far]
[ 49/129] MoteStrain
    stage 1/3: loading data ...
    stage 2/3: training on 20 series (no val (train-loss early stop), C=2, T=16, batch=2) ...
    stage 3/3: scoring on 1252 test series (accuracy + AOPCR) ...
    [mlflow] versioned model 'mstcn_sep_softmax_conjunctive' (id=m-271fd9269bd34001aa2492edc76dc54d) params={'model_size_mb': '3.5487', 'n_model_params': '271645', 'name': 'seanet_softmax'}
    [mlflow] logged run 'seanet_softmax_MoteStrain'  (train_acc=1.0000 test_acc=0.8610 test_loss=0.3106)
[ 49/129] MoteStrain                   DONE  acc=0.8610 loss=0.3106 AOPCR=  0.029 NDCG=  n/a C=  2 T=   16 (24s)  [49 trained / 0 failed so far]
[ 50/129] NonInvasiveFetalECGThorax1
    stage 1/3: loading data ...
    stage 2/3: training on 1452 series (val=348, C=42, T=150, batch=16) ...
    stage 3/3: scoring on 1965 test series (accuracy + AOPCR) ...
    [mlflow] versioned model 'mstcn_sep_softmax_conjunctive' (id=m-86afccee853c4ea98d9431607ac0454c) params={'model_size_mb': '3.5697', 'n_model_params': '277165', 'name': 'seanet_softmax'}
    [mlflow] logged run 'seanet_softmax_NonInvasiveFetalECGThorax1'  (train_acc=0.9966 val_acc=0.9138 test_acc=0.8997 test_loss=0.3966)
[ 50/129] NonInvasiveFetalECGThorax1   DONE  acc=0.8997 loss=0.3966 AOPCR= -0.353 NDCG=  n/a C= 42 T=  150 (158s)  [50 trained / 0 failed so far]
[ 51/129] NonInvasiveFetalECGThorax2
    stage 1/3: loading data ...
    stage 2/3: training on 1452 series (val=348, C=42, T=150, batch=16) ...
    stage 3/3: scoring on 1965 test series (accuracy + AOPCR) ...
    [mlflow] versioned model 'mstcn_sep_softmax_conjunctive' (id=m-87ce982a69d14ec1aca7c82bf856bdbb) params={'model_size_mb': '3.5697', 'n_model_params': '277165', 'name': 'seanet_softmax'}
    [mlflow] logged run 'seanet_softmax_NonInvasiveFetalECGThorax2'  (train_acc=0.9952 val_acc=0.9511 test_acc=0.9471 test_loss=0.2627)
[ 51/129] NonInvasiveFetalECGThorax2   DONE  acc=0.9471 loss=0.2627 AOPCR= -0.478 NDCG=  n/a C= 42 T=  150 (144s)  [51 trained / 0 failed so far]
[ 52/129] OliveOil
    stage 1/3: loading data ...
    stage 2/3: training on 30 series (no val (train-loss early stop), C=4, T=114, batch=3) ...
    stage 3/3: scoring on 30 test series (accuracy + AOPCR) ...
    [mlflow] versioned model 'mstcn_sep_softmax_conjunctive' (id=m-9bc139065dfb49be8f22de67363c9272) params={'model_size_mb': '3.5497', 'n_model_params': '271921', 'name': 'seanet_softmax'}
    [mlflow] logged run 'seanet_softmax_OliveOil'  (train_acc=0.8000 test_acc=0.7333 test_loss=0.8833)
[ 52/129] OliveOil                     DONE  acc=0.7333 loss=0.8833 AOPCR=  0.886 NDCG=  n/a C=  4 T=  114 (29s)  [52 trained / 0 failed so far]
[ 53/129] OSULeaf
    stage 1/3: loading data ...
    stage 2/3: training on 163 series (val=37, C=6, T=85, batch=16) ...
    stage 3/3: scoring on 242 test series (accuracy + AOPCR) ...
    [mlflow] versioned model 'mstcn_sep_softmax_conjunctive' (id=m-45d563a68b704e51aa3425a244f25d69) params={'model_size_mb': '3.5508', 'n_model_params': '272197', 'name': 'seanet_softmax'}
    [mlflow] logged run 'seanet_softmax_OSULeaf'  (train_acc=1.0000 val_acc=0.8378 test_acc=0.7727 test_loss=0.6095)
[ 53/129] OSULeaf                      DONE  acc=0.7727 loss=0.6095 AOPCR=  0.400 NDCG=  n/a C=  6 T=   85 (14s)  [53 trained / 0 failed so far]
[ 54/129] PhalangesOutlinesCorrect
    stage 1/3: loading data ...
    stage 2/3: training on 1441 series (val=359, C=2, T=16, batch=16) ...
    stage 3/3: scoring on 858 test series (accuracy + AOPCR) ...
    [mlflow] versioned model 'mstcn_sep_softmax_conjunctive' (id=m-7b8e15d45781448ba1cf59ebb70d48ae) params={'model_size_mb': '3.5487', 'n_model_params': '271645', 'name': 'seanet_softmax'}
    [mlflow] logged run 'seanet_softmax_PhalangesOutlinesCorrect'  (train_acc=0.9202 val_acc=0.8691 test_acc=0.8135 test_loss=0.4167)
[ 54/129] PhalangesOutlinesCorrect     DONE  acc=0.8135 loss=0.4167 AOPCR=  0.187 NDCG=  n/a C=  2 T=   16 (93s)  [54 trained / 0 failed so far]
[ 55/129] Phoneme
    stage 1/3: loading data ...
    stage 2/3: training on 171 series (val=43, C=39, T=204, batch=16) ...
