[log] command 'train' started at 2026-07-24_14-59-45 for model 'seanet_inputgate_topk__mstcn_sep_inputgate_topk_conjunctive'
[log] a copy of everything below is being saved to: results/SEA_NET/seanet_inputgate_topk__mstcn_sep_inputgate_topk_conjunctive/logs/train_2026-07-24_14-59-45.log

=== train: model=seanet_inputgate_topk__mstcn_sep_inputgate_topk_conjunctive (config sv4/seanet_inputgate_topk) device=cuda mode=full datasets=129 ===
[params] using DEFAULT recipe (no Optuna record yet - run 'python main.py optuna --model sv4/seanet_inputgate_topk').
  results  -> results/SEA_NET/seanet_inputgate_topk__mstcn_sep_inputgate_topk_conjunctive/results.csv
  resume   -> results/SEA_NET/seanet_inputgate_topk__mstcn_sep_inputgate_topk_conjunctive/done_train_dataset.txt  (delete it to retrain everything; delete one line to retrain that dataset)

  [mlflow] logging runs to experiment 'SEA-Net_seanet_inputgate_topk__mstcn_sep_inputgate_topk_conjunctive_2026-07-24' at sqlite:///mlflow.db
  [mlflow] browse later with:  mlflow ui --backend-store-uri sqlite:///mlflow.db
[  1/129] WebTraffic                   already done -> skip
[  2/129] Adiac
    stage 1/3: loading data ...
    stage 2/3: training on 328 series (val=62, C=37, T=176, batch=16) ...
    stage 3/3: scoring on 391 test series (accuracy + AOPCR) ...
    [mlflow] versioned model 'seanet_inputgate_topk__mstcn_sep_inputgate_topk_conjunctive' (id=m-2e5a5b412f754ababb44e1c3fb13d5a9) params={'model_size_mb': '1.4962', 'n_model_params': '60090', 'name': 'seanet_inputgate_topk'}
    [mlflow] logged run 'seanet_inputgate_topk_Adiac'  (train_acc=0.9360 val_acc=0.7742 test_acc=0.7494 test_loss=0.9201)
[  2/129] Adiac                        DONE  acc=0.7494 loss=0.9201 AOPCR= -0.271 NDCG=  n/a C= 37 T=  176 (40s)  [1 trained / 0 failed so far]
[  3/129] ArrowHead
    stage 1/3: loading data ...
    stage 2/3: training on 36 series (no val (train-loss early stop), C=3, T=251, batch=3) ...
    stage 3/3: scoring on 175 test series (accuracy + AOPCR) ...
    [mlflow] versioned model 'seanet_inputgate_topk__mstcn_sep_inputgate_topk_conjunctive' (id=m-eaf64367ed6e4863919bd5a76a5ad9da) params={'model_size_mb': '1.4867', 'n_model_params': '57574', 'name': 'seanet_inputgate_topk'}
    [mlflow] logged run 'seanet_inputgate_topk_ArrowHead'  (train_acc=1.0000 test_acc=0.8400 test_loss=0.3967)
[  3/129] ArrowHead                    DONE  acc=0.8400 loss=0.3967 AOPCR=  1.366 NDCG=  n/a C=  3 T=  251 (21s)  [2 trained / 0 failed so far]
[  4/129] Beef
    stage 1/3: loading data ...
    stage 2/3: training on 30 series (no val (train-loss early stop), C=5, T=470, batch=3) ...
    stage 3/3: scoring on 30 test series (accuracy + AOPCR) ...
    [mlflow] versioned model 'seanet_inputgate_topk__mstcn_sep_inputgate_topk_conjunctive' (id=m-f3ec07ae347c400c9824c5b75db2a572) params={'model_size_mb': '1.4872', 'n_model_params': '57722', 'name': 'seanet_inputgate_topk'}
    [mlflow] logged run 'seanet_inputgate_topk_Beef'  (train_acc=1.0000 test_acc=0.8333 test_loss=0.5640)
[  4/129] Beef                         DONE  acc=0.8333 loss=0.5640 AOPCR=  0.797 NDCG=  n/a C=  5 T=  470 (41s)  [3 trained / 0 failed so far]
[  5/129] BeetleFly
    stage 1/3: loading data ...
    stage 2/3: training on 20 series (no val (train-loss early stop), C=2, T=512, batch=2) ...
    stage 3/3: scoring on 20 test series (accuracy + AOPCR) ...
    [mlflow] versioned model 'seanet_inputgate_topk__mstcn_sep_inputgate_topk_conjunctive' (id=m-123bd85bd4a245b8931886b4d951a2b3) params={'model_size_mb': '1.4864', 'n_model_params': '57500', 'name': 'seanet_inputgate_topk'}
    [mlflow] logged run 'seanet_inputgate_topk_BeetleFly'  (train_acc=1.0000 test_acc=0.8500 test_loss=0.3060)
[  5/129] BeetleFly                    DONE  acc=0.8500 loss=0.3060 AOPCR=  1.177 NDCG=  n/a C=  2 T=  512 (39s)  [4 trained / 0 failed so far]
[  6/129] BirdChicken
    stage 1/3: loading data ...
    stage 2/3: training on 20 series (no val (train-loss early stop), C=2, T=512, batch=2) ...
    stage 3/3: scoring on 20 test series (accuracy + AOPCR) ...
    [mlflow] versioned model 'seanet_inputgate_topk__mstcn_sep_inputgate_topk_conjunctive' (id=m-ba4bfef5689642f1bb84ca2f3c91287d) params={'model_size_mb': '1.4864', 'n_model_params': '57500', 'name': 'seanet_inputgate_topk'}
    [mlflow] logged run 'seanet_inputgate_topk_BirdChicken'  (train_acc=1.0000 test_acc=0.9500 test_loss=0.1859)
[  6/129] BirdChicken                  DONE  acc=0.9500 loss=0.1859 AOPCR=  1.297 NDCG=  n/a C=  2 T=  512 (22s)  [5 trained / 0 failed so far]
[  7/129] Car
    stage 1/3: loading data ...
    stage 2/3: training on 60 series (no val (train-loss early stop), C=4, T=577, batch=6) ...
    stage 3/3: scoring on 60 test series (accuracy + AOPCR) ...
    [mlflow] versioned model 'seanet_inputgate_topk__mstcn_sep_inputgate_topk_conjunctive' (id=m-97fba49aeb994a7d84bc3d82bec03dd1) params={'model_size_mb': '1.487', 'n_model_params': '57648', 'name': 'seanet_inputgate_topk'}
    [mlflow] logged run 'seanet_inputgate_topk_Car'  (train_acc=1.0000 test_acc=0.9167 test_loss=0.3044)
[  7/129] Car                          DONE  acc=0.9167 loss=0.3044 AOPCR= -0.028 NDCG=  n/a C=  4 T=  577 (18s)  [6 trained / 0 failed so far]
[  8/129] CBF
    stage 1/3: loading data ...
    stage 2/3: training on 30 series (no val (train-loss early stop), C=3, T=128, batch=3) ...
    stage 3/3: scoring on 900 test series (accuracy + AOPCR) ...
    [mlflow] versioned model 'seanet_inputgate_topk__mstcn_sep_inputgate_topk_conjunctive' (id=m-a6f878256d874580a392e1af76a5bdb2) params={'model_size_mb': '1.4867', 'n_model_params': '57574', 'name': 'seanet_inputgate_topk'}
    [mlflow] logged run 'seanet_inputgate_topk_CBF'  (train_acc=1.0000 test_acc=0.9989 test_loss=0.0994)
[  8/129] CBF                          DONE  acc=0.9989 loss=0.0994 AOPCR=  0.921 NDCG=  n/a C=  3 T=  128 (19s)  [7 trained / 0 failed so far]
[  9/129] ChlorineConcentration
    stage 1/3: loading data ...
    stage 2/3: training on 375 series (val=92, C=3, T=166, batch=16) ...
    stage 3/3: scoring on 3840 test series (accuracy + AOPCR) ...
    [mlflow] versioned model 'seanet_inputgate_topk__mstcn_sep_inputgate_topk_conjunctive' (id=m-8f3dd69f95724370866f345b1b84a0b4) params={'model_size_mb': '1.4867', 'n_model_params': '57574', 'name': 'seanet_inputgate_topk'}
    [mlflow] logged run 'seanet_inputgate_topk_ChlorineConcentration'  (train_acc=0.7547 val_acc=0.6413 test_acc=0.5982 test_loss=0.8426)
[  9/129] ChlorineConcentration        DONE  acc=0.5982 loss=0.8426 AOPCR=  0.805 NDCG=  n/a C=  3 T=  166 (54s)  [8 trained / 0 failed so far]
[ 10/129] CinCECGTorso
    stage 1/3: loading data ...
    stage 2/3: training on 40 series (no val (train-loss early stop), C=4, T=1639, batch=4) ...
    stage 3/3: scoring on 1380 test series (accuracy + AOPCR) ...
    [mlflow] versioned model 'seanet_inputgate_topk__mstcn_sep_inputgate_topk_conjunctive' (id=m-e33fbf861540417989ab1e38071680b5) params={'model_size_mb': '1.487', 'n_model_params': '57648', 'name': 'seanet_inputgate_topk'}
    [mlflow] logged run 'seanet_inputgate_topk_CinCECGTorso'  (train_acc=1.0000 test_acc=0.7036 test_loss=0.7461)
[ 10/129] CinCECGTorso                 DONE  acc=0.7036 loss=0.7461 AOPCR=  2.503 NDCG=  n/a C=  4 T= 1639 (16s)  [9 trained / 0 failed so far]
[ 11/129] Coffee
    stage 1/3: loading data ...
    stage 2/3: training on 28 series (no val (train-loss early stop), C=2, T=286, batch=2) ...
    stage 3/3: scoring on 28 test series (accuracy + AOPCR) ...
    [mlflow] versioned model 'seanet_inputgate_topk__mstcn_sep_inputgate_topk_conjunctive' (id=m-80c2f5e1c42d4a1588b5c314bbc99336) params={'model_size_mb': '1.4864', 'n_model_params': '57500', 'name': 'seanet_inputgate_topk'}
    [mlflow] logged run 'seanet_inputgate_topk_Coffee'  (train_acc=1.0000 test_acc=1.0000 test_loss=0.0548)
[ 11/129] Coffee                       DONE  acc=1.0000 loss=0.0548 AOPCR=  1.188 NDCG=  n/a C=  2 T=  286 (17s)  [10 trained / 0 failed so far]
[ 12/129] Computers
    stage 1/3: loading data ...
    stage 2/3: training on 200 series (val=50, C=2, T=720, batch=16) ...
    stage 3/3: scoring on 250 test series (accuracy + AOPCR) ...
    [mlflow] versioned model 'seanet_inputgate_topk__mstcn_sep_inputgate_topk_conjunctive' (id=m-a4ba934d4762422faf638f614975b629) params={'model_size_mb': '1.4864', 'n_model_params': '57500', 'name': 'seanet_inputgate_topk'}
    [mlflow] logged run 'seanet_inputgate_topk_Computers'  (train_acc=0.9700 val_acc=0.7800 test_acc=0.6880 test_loss=0.6318)
[ 12/129] Computers                    DONE  acc=0.6880 loss=0.6318 AOPCR=  0.527 NDCG=  n/a C=  2 T=  720 (14s)  [11 trained / 0 failed so far]
[ 13/129] CricketX
    stage 1/3: loading data ...
    stage 2/3: training on 317 series (val=73, C=12, T=300, batch=16) ...
    stage 3/3: scoring on 390 test series (accuracy + AOPCR) ...
    [mlflow] versioned model 'seanet_inputgate_topk__mstcn_sep_inputgate_topk_conjunctive' (id=m-ea040cb180354b0db12ed133d44622a6) params={'model_size_mb': '1.4892', 'n_model_params': '58240', 'name': 'seanet_inputgate_topk'}
    [mlflow] logged run 'seanet_inputgate_topk_CricketX'  (train_acc=1.0000 val_acc=0.8630 test_acc=0.8179 test_loss=0.7175)
[ 13/129] CricketX                     DONE  acc=0.8179 loss=0.7175 AOPCR=  1.362 NDCG=  n/a C= 12 T=  300 (33s)  [12 trained / 0 failed so far]
[ 14/129] CricketY
    stage 1/3: loading data ...
    stage 2/3: training on 317 series (val=73, C=12, T=300, batch=16) ...
    stage 3/3: scoring on 390 test series (accuracy + AOPCR) ...
    [mlflow] versioned model 'seanet_inputgate_topk__mstcn_sep_inputgate_topk_conjunctive' (id=m-b6bc3b6bf91a462495c0efef3f16877b) params={'model_size_mb': '1.4892', 'n_model_params': '58240', 'name': 'seanet_inputgate_topk'}
    [mlflow] logged run 'seanet_inputgate_topk_CricketY'  (train_acc=1.0000 val_acc=0.8767 test_acc=0.8359 test_loss=0.6189)
[ 14/129] CricketY                     DONE  acc=0.8359 loss=0.6189 AOPCR=  1.454 NDCG=  n/a C= 12 T=  300 (68s)  [13 trained / 0 failed so far]
[ 15/129] CricketZ
    stage 1/3: loading data ...
    stage 2/3: training on 316 series (val=74, C=12, T=300, batch=16) ...
    stage 3/3: scoring on 390 test series (accuracy + AOPCR) ...
    [mlflow] versioned model 'seanet_inputgate_topk__mstcn_sep_inputgate_topk_conjunctive' (id=m-73b7cfc5ff914d4792128ac009582d26) params={'model_size_mb': '1.4892', 'n_model_params': '58240', 'name': 'seanet_inputgate_topk'}
    [mlflow] logged run 'seanet_inputgate_topk_CricketZ'  (train_acc=1.0000 val_acc=0.8784 test_acc=0.8359 test_loss=0.6164)
[ 15/129] CricketZ                     DONE  acc=0.8359 loss=0.6164 AOPCR=  1.282 NDCG=  n/a C= 12 T=  300 (58s)  [14 trained / 0 failed so far]
[ 16/129] DiatomSizeReduction
    stage 1/3: loading data ...
    stage 2/3: training on 16 series (no val (train-loss early stop), C=4, T=345, batch=2) ...
    stage 3/3: scoring on 306 test series (accuracy + AOPCR) ...
    [mlflow] versioned model 'seanet_inputgate_topk__mstcn_sep_inputgate_topk_conjunctive' (id=m-fdfccd118b5041ae8a13ae625b6f7a8b) params={'model_size_mb': '1.487', 'n_model_params': '57648', 'name': 'seanet_inputgate_topk'}
    [mlflow] logged run 'seanet_inputgate_topk_DiatomSizeReduction'  (train_acc=1.0000 test_acc=0.9542 test_loss=0.1681)
[ 16/129] DiatomSizeReduction          DONE  acc=0.9542 loss=0.1681 AOPCR=  0.917 NDCG=  n/a C=  4 T=  345 (11s)  [15 trained / 0 failed so far]
[ 17/129] DistalPhalanxOutlineAgeGroup
    stage 1/3: loading data ...
    stage 2/3: training on 321 series (val=79, C=3, T=80, batch=16) ...
    stage 3/3: scoring on 139 test series (accuracy + AOPCR) ...
    [mlflow] versioned model 'seanet_inputgate_topk__mstcn_sep_inputgate_topk_conjunctive' (id=m-5d9d3356e45e40cca2f23d33ea3beca9) params={'model_size_mb': '1.4867', 'n_model_params': '57574', 'name': 'seanet_inputgate_topk'}
    [mlflow] logged run 'seanet_inputgate_topk_DistalPhalanxOutlineAgeGroup'  (train_acc=0.9065 val_acc=0.8228 test_acc=0.7698 test_loss=0.5626)
[ 17/129] DistalPhalanxOutlineAgeGroup DONE  acc=0.7698 loss=0.5626 AOPCR=  0.484 NDCG=  n/a C=  3 T=   80 (29s)  [16 trained / 0 failed so far]
[ 18/129] DistalPhalanxOutlineCorrect
    stage 1/3: loading data ...
    stage 2/3: training on 481 series (val=119, C=2, T=80, batch=16) ...
    stage 3/3: scoring on 276 test series (accuracy + AOPCR) ...
    [mlflow] versioned model 'seanet_inputgate_topk__mstcn_sep_inputgate_topk_conjunctive' (id=m-afc37babeb1344ad90b8ad747b3c27f6) params={'model_size_mb': '1.4864', 'n_model_params': '57500', 'name': 'seanet_inputgate_topk'}
    [mlflow] logged run 'seanet_inputgate_topk_DistalPhalanxOutlineCorrect'  (train_acc=0.9626 val_acc=0.8487 test_acc=0.7500 test_loss=0.5504)
[ 18/129] DistalPhalanxOutlineCorrect  DONE  acc=0.7500 loss=0.5504 AOPCR=  0.269 NDCG=  n/a C=  2 T=   80 (52s)  [17 trained / 0 failed so far]
[ 19/129] DistalPhalanxTW
    stage 1/3: loading data ...
    stage 2/3: training on 323 series (val=77, C=6, T=80, batch=16) ...
    stage 3/3: scoring on 139 test series (accuracy + AOPCR) ...
    [mlflow] versioned model 'seanet_inputgate_topk__mstcn_sep_inputgate_topk_conjunctive' (id=m-66a4336e17ab4497bc7ce75141fcb340) params={'model_size_mb': '1.4875', 'n_model_params': '57796', 'name': 'seanet_inputgate_topk'}
    [mlflow] logged run 'seanet_inputgate_topk_DistalPhalanxTW'  (train_acc=0.8545 val_acc=0.8182 test_acc=0.6978 test_loss=0.7947)
[ 19/129] DistalPhalanxTW              DONE  acc=0.6978 loss=0.7947 AOPCR=  1.611 NDCG=  n/a C=  6 T=   80 (23s)  [18 trained / 0 failed so far]
[ 20/129] Earthquakes
    stage 1/3: loading data ...
    stage 2/3: training on 259 series (val=63, C=2, T=512, batch=16) ...
    stage 3/3: scoring on 139 test series (accuracy + AOPCR) ...
    [mlflow] versioned model 'seanet_inputgate_topk__mstcn_sep_inputgate_topk_conjunctive' (id=m-b9cfcb1023564e5ca79edc6f8ffd7a2f) params={'model_size_mb': '1.4864', 'n_model_params': '57500', 'name': 'seanet_inputgate_topk'}
    [mlflow] logged run 'seanet_inputgate_topk_Earthquakes'  (train_acc=0.8185 val_acc=0.8254 test_acc=0.7482 test_loss=0.5529)
[ 20/129] Earthquakes                  DONE  acc=0.7482 loss=0.5529 AOPCR=  0.151 NDCG=  n/a C=  2 T=  512 (10s)  [19 trained / 0 failed so far]
[ 21/129] ECG200
    stage 1/3: loading data ...
    stage 2/3: training on 81 series (val=19, C=2, T=96, batch=8) ...
    stage 3/3: scoring on 100 test series (accuracy + AOPCR) ...
    [mlflow] versioned model 'seanet_inputgate_topk__mstcn_sep_inputgate_topk_conjunctive' (id=m-398477cad2514ec2abc77643c2c33a3f) params={'model_size_mb': '1.4864', 'n_model_params': '57500', 'name': 'seanet_inputgate_topk'}
    [mlflow] logged run 'seanet_inputgate_topk_ECG200'  (train_acc=1.0000 val_acc=0.9474 test_acc=0.9000 test_loss=0.2605)
[ 21/129] ECG200                       DONE  acc=0.9000 loss=0.2605 AOPCR=  0.095 NDCG=  n/a C=  2 T=   96 (29s)  [20 trained / 0 failed so far]
[ 22/129] ECG5000
    stage 1/3: loading data ...
    stage 2/3: training on 401 series (val=99, C=5, T=140, batch=16) ...
    stage 3/3: scoring on 4500 test series (accuracy + AOPCR) ...
    [mlflow] versioned model 'seanet_inputgate_topk__mstcn_sep_inputgate_topk_conjunctive' (id=m-382b382bf73a4a008331621ba0abd200) params={'model_size_mb': '1.4872', 'n_model_params': '57722', 'name': 'seanet_inputgate_topk'}
    [mlflow] logged run 'seanet_inputgate_topk_ECG5000'  (train_acc=0.9776 val_acc=0.9596 test_acc=0.9449 test_loss=0.2388)
[ 22/129] ECG5000                      DONE  acc=0.9449 loss=0.2388 AOPCR=  0.485 NDCG=  n/a C=  5 T=  140 (23s)  [21 trained / 0 failed so far]
[ 23/129] ECGFiveDays
    stage 1/3: loading data ...
    stage 2/3: training on 23 series (no val (train-loss early stop), C=2, T=136, batch=2) ...
    stage 3/3: scoring on 861 test series (accuracy + AOPCR) ...
    [mlflow] versioned model 'seanet_inputgate_topk__mstcn_sep_inputgate_topk_conjunctive' (id=m-e6bef13dfc0f49a28cff33cf19743145) params={'model_size_mb': '1.4864', 'n_model_params': '57500', 'name': 'seanet_inputgate_topk'}
    [mlflow] logged run 'seanet_inputgate_topk_ECGFiveDays'  (train_acc=1.0000 test_acc=1.0000 test_loss=0.0449)
[ 23/129] ECGFiveDays                  DONE  acc=1.0000 loss=0.0449 AOPCR= -0.005 NDCG=  n/a C=  2 T=  136 (10s)  [22 trained / 0 failed so far]
[ 24/129] ElectricDevices
    stage 1/3: loading data ...
    stage 2/3: training on 7144 series (val=1782, C=7, T=96, batch=16) ...
    stage 3/3: scoring on 7711 test series (accuracy + AOPCR) ...
    [mlflow] versioned model 'seanet_inputgate_topk__mstcn_sep_inputgate_topk_conjunctive' (id=m-2653fe471def4f7ea51073ffc2cc5f27) params={'model_size_mb': '1.4878', 'n_model_params': '57870', 'name': 'seanet_inputgate_topk'}
    [mlflow] logged run 'seanet_inputgate_topk_ElectricDevices'  (train_acc=0.9223 val_acc=0.9080 test_acc=0.7397 test_loss=0.9181)
[ 24/129] ElectricDevices              DONE  acc=0.7397 loss=0.9181 AOPCR=  0.755 NDCG=  n/a C=  7 T=   96 (408s)  [23 trained / 0 failed so far]
[ 25/129] FaceAll
    stage 1/3: loading data ...
    stage 2/3: training on 448 series (val=112, C=14, T=131, batch=16) ...
    stage 3/3: scoring on 1690 test series (accuracy + AOPCR) ...
    [mlflow] versioned model 'seanet_inputgate_topk__mstcn_sep_inputgate_topk_conjunctive' (id=m-6a455b058716464ca60eaae29d3fa41b) params={'model_size_mb': '1.4897', 'n_model_params': '58388', 'name': 'seanet_inputgate_topk'}
    [mlflow] logged run 'seanet_inputgate_topk_FaceAll'  (train_acc=1.0000 val_acc=0.9911 test_acc=0.8071 test_loss=0.7927)
[ 25/129] FaceAll                      DONE  acc=0.8071 loss=0.7927 AOPCR=  0.253 NDCG=  n/a C= 14 T=  131 (69s)  [24 trained / 0 failed so far]
[ 26/129] FaceFour
    stage 1/3: loading data ...
    stage 2/3: training on 24 series (no val (train-loss early stop), C=4, T=350, batch=2) ...
    stage 3/3: scoring on 88 test series (accuracy + AOPCR) ...
    [mlflow] versioned model 'seanet_inputgate_topk__mstcn_sep_inputgate_topk_conjunctive' (id=m-18f997f2c9fd44fca84fb448946a785f) params={'model_size_mb': '1.487', 'n_model_params': '57648', 'name': 'seanet_inputgate_topk'}
    [mlflow] logged run 'seanet_inputgate_topk_FaceFour'  (train_acc=1.0000 test_acc=0.9205 test_loss=0.2327)
[ 26/129] FaceFour                     DONE  acc=0.9205 loss=0.2327 AOPCR=  1.134 NDCG=  n/a C=  4 T=  350 (25s)  [25 trained / 0 failed so far]
[ 27/129] FacesUCR
    stage 1/3: loading data ...
    stage 2/3: training on 165 series (val=35, C=14, T=131, batch=16) ...
    stage 3/3: scoring on 2050 test series (accuracy + AOPCR) ...
    [mlflow] versioned model 'seanet_inputgate_topk__mstcn_sep_inputgate_topk_conjunctive' (id=m-3e750dae878c42b89a07691789f4829f) params={'model_size_mb': '1.4897', 'n_model_params': '58388', 'name': 'seanet_inputgate_topk'}
    [mlflow] logged run 'seanet_inputgate_topk_FacesUCR'  (train_acc=1.0000 val_acc=1.0000 test_acc=0.9610 test_loss=0.2129)
[ 27/129] FacesUCR                     DONE  acc=0.9610 loss=0.2129 AOPCR=  1.057 NDCG=  n/a C= 14 T=  131 (25s)  [26 trained / 0 failed so far]
[ 28/129] FiftyWords
    stage 1/3: loading data ...
    stage 2/3: training on 365 series (val=85, C=50, T=270, batch=16) ...
    stage 3/3: scoring on 455 test series (accuracy + AOPCR) ...
    [mlflow] versioned model 'seanet_inputgate_topk__mstcn_sep_inputgate_topk_conjunctive' (id=m-fc313377cf2f4e94b427f0a3e1f780f2) params={'model_size_mb': '1.5', 'n_model_params': '61052', 'name': 'seanet_inputgate_topk'}
    [mlflow] logged run 'seanet_inputgate_topk_FiftyWords'  (train_acc=1.0000 val_acc=0.7647 test_acc=0.8110 test_loss=0.8343)
[ 28/129] FiftyWords                   DONE  acc=0.8110 loss=0.8343 AOPCR=  1.726 NDCG=  n/a C= 50 T=  270 (34s)  [27 trained / 0 failed so far]
[ 29/129] Fish
    stage 1/3: loading data ...
    stage 2/3: training on 142 series (val=33, C=7, T=463, batch=14) ...
    stage 3/3: scoring on 175 test series (accuracy + AOPCR) ...
    [mlflow] versioned model 'seanet_inputgate_topk__mstcn_sep_inputgate_topk_conjunctive' (id=m-6150c572306b4095b5c541f51301193f) params={'model_size_mb': '1.4878', 'n_model_params': '57870', 'name': 'seanet_inputgate_topk'}
    [mlflow] logged run 'seanet_inputgate_topk_Fish'  (train_acc=1.0000 val_acc=0.9697 test_acc=0.9714 test_loss=0.1802)
[ 29/129] Fish                         DONE  acc=0.9714 loss=0.1802 AOPCR=  1.000 NDCG=  n/a C=  7 T=  463 (35s)  [28 trained / 0 failed so far]
[ 30/129] FordA
    stage 1/3: loading data ...
    stage 2/3: training on 2881 series (val=720, C=2, T=500, batch=16) ...
    stage 3/3: scoring on 1320 test series (accuracy + AOPCR) ...
    [mlflow] versioned model 'seanet_inputgate_topk__mstcn_sep_inputgate_topk_conjunctive' (id=m-c197e783131749429c117f029cd465bf) params={'model_size_mb': '1.4864', 'n_model_params': '57500', 'name': 'seanet_inputgate_topk'}
    [mlflow] logged run 'seanet_inputgate_topk_FordA'  (train_acc=1.0000 val_acc=0.9708 test_acc=0.9629 test_loss=0.1383)
[ 30/129] FordA                        DONE  acc=0.9629 loss=0.1383 AOPCR= -0.112 NDCG=  n/a C=  2 T=  500 (198s)  [29 trained / 0 failed so far]
[ 31/129] FordB
    stage 1/3: loading data ...
    stage 2/3: training on 2909 series (val=727, C=2, T=500, batch=16) ...
    stage 3/3: scoring on 810 test series (accuracy + AOPCR) ...
    [mlflow] versioned model 'seanet_inputgate_topk__mstcn_sep_inputgate_topk_conjunctive' (id=m-33be03f471cf404c8a36c308672e9203) params={'model_size_mb': '1.4864', 'n_model_params': '57500', 'name': 'seanet_inputgate_topk'}
    [mlflow] logged run 'seanet_inputgate_topk_FordB'  (train_acc=0.9869 val_acc=0.9615 test_acc=0.8259 test_loss=0.3718)
[ 31/129] FordB                        DONE  acc=0.8259 loss=0.3718 AOPCR=  0.512 NDCG=  n/a C=  2 T=  500 (132s)  [30 trained / 0 failed so far]
[ 32/129] GunPoint
    stage 1/3: loading data ...
    stage 2/3: training on 50 series (no val (train-loss early stop), C=2, T=150, batch=5) ...
    stage 3/3: scoring on 150 test series (accuracy + AOPCR) ...
    [mlflow] versioned model 'seanet_inputgate_topk__mstcn_sep_inputgate_topk_conjunctive' (id=m-ebbccfc60fdd45a6ae8c3e5d889cf436) params={'model_size_mb': '1.4864', 'n_model_params': '57500', 'name': 'seanet_inputgate_topk'}
    [mlflow] logged run 'seanet_inputgate_topk_GunPoint'  (train_acc=1.0000 test_acc=0.9933 test_loss=0.0736)
[ 32/129] GunPoint                     DONE  acc=0.9933 loss=0.0736 AOPCR=  0.701 NDCG=  n/a C=  2 T=  150 (29s)  [31 trained / 0 failed so far]
[ 33/129] Ham
    stage 1/3: loading data ...
    stage 2/3: training on 88 series (val=21, C=2, T=431, batch=8) ...
    stage 3/3: scoring on 105 test series (accuracy + AOPCR) ...
    [mlflow] versioned model 'seanet_inputgate_topk__mstcn_sep_inputgate_topk_conjunctive' (id=m-fb4cdaea1d00497e8f51446697aece94) params={'model_size_mb': '1.4864', 'n_model_params': '57500', 'name': 'seanet_inputgate_topk'}
    [mlflow] logged run 'seanet_inputgate_topk_Ham'  (train_acc=1.0000 val_acc=0.8095 test_acc=0.6571 test_loss=0.6581)
[ 33/129] Ham                          DONE  acc=0.6571 loss=0.6581 AOPCR=  1.103 NDCG=  n/a C=  2 T=  431 (16s)  [32 trained / 0 failed so far]
[ 34/129] HandOutlines
    stage 1/3: loading data ...
    stage 2/3: training on 801 series (val=199, C=2, T=2709, batch=16) ...
    stage 3/3: scoring on 370 test series (accuracy + AOPCR) ...
    [mlflow] versioned model 'seanet_inputgate_topk__mstcn_sep_inputgate_topk_conjunctive' (id=m-e15d883b7cb741cfa55c6049f87d3865) params={'model_size_mb': '1.4864', 'n_model_params': '57500', 'name': 'seanet_inputgate_topk'}
    [mlflow] logged run 'seanet_inputgate_topk_HandOutlines'  (train_acc=0.9850 val_acc=0.8995 test_acc=0.9378 test_loss=0.2072)
[ 34/129] HandOutlines                 DONE  acc=0.9378 loss=0.2072 AOPCR=  2.021 NDCG=  n/a C=  2 T= 2709 (263s)  [33 trained / 0 failed so far]
[ 35/129] Haptics
    stage 1/3: loading data ...
    stage 2/3: training on 127 series (val=28, C=5, T=1092, batch=12) ...
    stage 3/3: scoring on 308 test series (accuracy + AOPCR) ...
    [mlflow] versioned model 'seanet_inputgate_topk__mstcn_sep_inputgate_topk_conjunctive' (id=m-d0c42e18f9bb43118eaa443baa0e33a4) params={'model_size_mb': '1.4872', 'n_model_params': '57722', 'name': 'seanet_inputgate_topk'}
    [mlflow] logged run 'seanet_inputgate_topk_Haptics'  (train_acc=0.9843 val_acc=0.5714 test_acc=0.4481 test_loss=1.6321)
[ 35/129] Haptics                      DONE  acc=0.4481 loss=1.6321 AOPCR=  2.126 NDCG=  n/a C=  5 T= 1092 (13s)  [34 trained / 0 failed so far]
[ 36/129] Herring
    stage 1/3: loading data ...
    stage 2/3: training on 64 series (no val (train-loss early stop), C=2, T=512, batch=6) ...
    stage 3/3: scoring on 64 test series (accuracy + AOPCR) ...
    [mlflow] versioned model 'seanet_inputgate_topk__mstcn_sep_inputgate_topk_conjunctive' (id=m-3e585c748ad74c4fb9ea3c8fed27afcd) params={'model_size_mb': '1.4864', 'n_model_params': '57500', 'name': 'seanet_inputgate_topk'}
    [mlflow] logged run 'seanet_inputgate_topk_Herring'  (train_acc=1.0000 test_acc=0.6562 test_loss=0.9341)
[ 36/129] Herring                      DONE  acc=0.6562 loss=0.9341 AOPCR=  0.954 NDCG=  n/a C=  2 T=  512 (37s)  [35 trained / 0 failed so far]
[ 37/129] InlineSkate
    stage 1/3: loading data ...
    stage 2/3: training on 84 series (val=16, C=7, T=1882, batch=8) ...
    stage 3/3: scoring on 550 test series (accuracy + AOPCR) ...
    [mlflow] versioned model 'seanet_inputgate_topk__mstcn_sep_inputgate_topk_conjunctive' (id=m-606679c5e6f04d0abdcf4044d0eb1f82) params={'model_size_mb': '1.4878', 'n_model_params': '57870', 'name': 'seanet_inputgate_topk'}
    [mlflow] logged run 'seanet_inputgate_topk_InlineSkate'  (train_acc=0.6905 val_acc=0.3125 test_acc=0.3036 test_loss=1.7617)
[ 37/129] InlineSkate                  DONE  acc=0.3036 loss=1.7617 AOPCR=  2.701 NDCG=  n/a C=  7 T= 1882 (11s)  [36 trained / 0 failed so far]
[ 38/129] InsectWingbeatSound
    stage 1/3: loading data ...
    stage 2/3: training on 176 series (val=44, C=11, T=256, batch=16) ...
    stage 3/3: scoring on 1980 test series (accuracy + AOPCR) ...
    [mlflow] versioned model 'seanet_inputgate_topk__mstcn_sep_inputgate_topk_conjunctive' (id=m-9f446e7fb90d4e41be83c9d24f914c12) params={'model_size_mb': '1.4889', 'n_model_params': '58166', 'name': 'seanet_inputgate_topk'}
    [mlflow] logged run 'seanet_inputgate_topk_InsectWingbeatSound'  (train_acc=0.7216 val_acc=0.6364 test_acc=0.6071 test_loss=1.0406)
[ 38/129] InsectWingbeatSound          DONE  acc=0.6071 loss=1.0406 AOPCR=  0.693 NDCG=  n/a C= 11 T=  256 (8s)  [37 trained / 0 failed so far]
[ 39/129] ItalyPowerDemand
    stage 1/3: loading data ...
    stage 2/3: training on 67 series (no val (train-loss early stop), C=2, T=24, batch=6) ...
    stage 3/3: scoring on 1029 test series (accuracy + AOPCR) ...
    [mlflow] versioned model 'seanet_inputgate_topk__mstcn_sep_inputgate_topk_conjunctive' (id=m-964ed4e074e54b9a91fb39b289eb20e1) params={'model_size_mb': '1.4864', 'n_model_params': '57500', 'name': 'seanet_inputgate_topk'}
    [mlflow] logged run 'seanet_inputgate_topk_ItalyPowerDemand'  (train_acc=1.0000 test_acc=0.9660 test_loss=0.1507)
[ 39/129] ItalyPowerDemand             DONE  acc=0.9660 loss=0.1507 AOPCR=  0.425 NDCG=  n/a C=  2 T=   24 (42s)  [38 trained / 0 failed so far]
[ 40/129] LargeKitchenAppliances
    stage 1/3: loading data ...
    stage 2/3: training on 300 series (val=75, C=3, T=720, batch=16) ...
    stage 3/3: scoring on 375 test series (accuracy + AOPCR) ...
    [mlflow] versioned model 'seanet_inputgate_topk__mstcn_sep_inputgate_topk_conjunctive' (id=m-d342d3fb87454bbe8fef9bea2dc84095) params={'model_size_mb': '1.4867', 'n_model_params': '57574', 'name': 'seanet_inputgate_topk'}
    [mlflow] logged run 'seanet_inputgate_topk_LargeKitchenAppliances'  (train_acc=1.0000 val_acc=1.0000 test_acc=0.9200 test_loss=0.2788)
[ 40/129] LargeKitchenAppliances       DONE  acc=0.9200 loss=0.2788 AOPCR=  1.700 NDCG=  n/a C=  3 T=  720 (29s)  [39 trained / 0 failed so far]
[ 41/129] Lightning2
    stage 1/3: loading data ...
    stage 2/3: training on 60 series (no val (train-loss early stop), C=2, T=637, batch=6) ...
    stage 3/3: scoring on 61 test series (accuracy + AOPCR) ...
    [mlflow] versioned model 'seanet_inputgate_topk__mstcn_sep_inputgate_topk_conjunctive' (id=m-81ef96513f5f404d91abf6a11eaa8d67) params={'model_size_mb': '1.4864', 'n_model_params': '57500', 'name': 'seanet_inputgate_topk'}
    [mlflow] logged run 'seanet_inputgate_topk_Lightning2'  (train_acc=1.0000 test_acc=0.7705 test_loss=0.4262)
[ 41/129] Lightning2                   DONE  acc=0.7705 loss=0.4262 AOPCR=  1.620 NDCG=  n/a C=  2 T=  637 (38s)  [40 trained / 0 failed so far]
[ 42/129] Lightning7
    stage 1/3: loading data ...
    stage 2/3: training on 70 series (no val (train-loss early stop), C=7, T=319, batch=7) ...
    stage 3/3: scoring on 73 test series (accuracy + AOPCR) ...
    [mlflow] versioned model 'seanet_inputgate_topk__mstcn_sep_inputgate_topk_conjunctive' (id=m-a91af5fa53fc486e85bc8d280346aeb3) params={'model_size_mb': '1.4878', 'n_model_params': '57870', 'name': 'seanet_inputgate_topk'}
    [mlflow] logged run 'seanet_inputgate_topk_Lightning7'  (train_acc=1.0000 test_acc=0.8356 test_loss=0.5049)
[ 42/129] Lightning7                   DONE  acc=0.8356 loss=0.5049 AOPCR=  1.378 NDCG=  n/a C=  7 T=  319 (36s)  [41 trained / 0 failed so far]
[ 43/129] Mallat
    stage 1/3: loading data ...
    stage 2/3: training on 55 series (no val (train-loss early stop), C=8, T=1024, batch=5) ...
    stage 3/3: scoring on 2345 test series (accuracy + AOPCR) ...
    [mlflow] versioned model 'seanet_inputgate_topk__mstcn_sep_inputgate_topk_conjunctive' (id=m-93caa98e4fda4b5b8c2b435e99703bc0) params={'model_size_mb': '1.4881', 'n_model_params': '57944', 'name': 'seanet_inputgate_topk'}
    [mlflow] logged run 'seanet_inputgate_topk_Mallat'  (train_acc=1.0000 test_acc=0.7680 test_loss=0.8071)
[ 43/129] Mallat                       DONE  acc=0.7680 loss=0.8071 AOPCR=  2.558 NDCG=  n/a C=  8 T= 1024 (41s)  [42 trained / 0 failed so far]
[ 44/129] Meat
    stage 1/3: loading data ...
    stage 2/3: training on 60 series (no val (train-loss early stop), C=3, T=448, batch=6) ...
    stage 3/3: scoring on 60 test series (accuracy + AOPCR) ...
    [mlflow] versioned model 'seanet_inputgate_topk__mstcn_sep_inputgate_topk_conjunctive' (id=m-83a65a461b6d4a709bdcc1339536959e) params={'model_size_mb': '1.4867', 'n_model_params': '57574', 'name': 'seanet_inputgate_topk'}
    [mlflow] logged run 'seanet_inputgate_topk_Meat'  (train_acc=0.9833 test_acc=0.8167 test_loss=0.5224)
[ 44/129] Meat                         DONE  acc=0.8167 loss=0.5224 AOPCR=  0.681 NDCG=  n/a C=  3 T=  448 (24s)  [43 trained / 0 failed so far]
[ 45/129] MedicalImages
    stage 1/3: loading data ...
    stage 2/3: training on 307 series (val=74, C=10, T=99, batch=16) ...
    stage 3/3: scoring on 760 test series (accuracy + AOPCR) ...
    [mlflow] versioned model 'seanet_inputgate_topk__mstcn_sep_inputgate_topk_conjunctive' (id=m-33fb2385832c4a53bc0c7fe3a24dc497) params={'model_size_mb': '1.4886', 'n_model_params': '58092', 'name': 'seanet_inputgate_topk'}
    [mlflow] logged run 'seanet_inputgate_topk_MedicalImages'  (train_acc=0.8958 val_acc=0.7568 test_acc=0.7303 test_loss=0.7737)
[ 45/129] MedicalImages                DONE  acc=0.7303 loss=0.7737 AOPCR=  0.520 NDCG=  n/a C= 10 T=   99 (17s)  [44 trained / 0 failed so far]
[ 46/129] MiddlePhalanxOutlineAgeGroup
    stage 1/3: loading data ...
    stage 2/3: training on 321 series (val=79, C=3, T=80, batch=16) ...
    stage 3/3: scoring on 154 test series (accuracy + AOPCR) ...
    [mlflow] versioned model 'seanet_inputgate_topk__mstcn_sep_inputgate_topk_conjunctive' (id=m-9fb2f6c7e6d44f4e993b6807eb7c8370) params={'model_size_mb': '1.4867', 'n_model_params': '57574', 'name': 'seanet_inputgate_topk'}
    [mlflow] logged run 'seanet_inputgate_topk_MiddlePhalanxOutlineAgeGroup'  (train_acc=0.8006 val_acc=0.8101 test_acc=0.5909 test_loss=0.9397)
[ 46/129] MiddlePhalanxOutlineAgeGroup DONE  acc=0.5909 loss=0.9397 AOPCR=  0.250 NDCG=  n/a C=  3 T=   80 (22s)  [45 trained / 0 failed so far]
[ 47/129] MiddlePhalanxOutlineCorrect
    stage 1/3: loading data ...
    stage 2/3: training on 481 series (val=119, C=2, T=80, batch=16) ...
    stage 3/3: scoring on 291 test series (accuracy + AOPCR) ...
    [mlflow] versioned model 'seanet_inputgate_topk__mstcn_sep_inputgate_topk_conjunctive' (id=m-d9ca2974879d4ef3a4454a017b536e47) params={'model_size_mb': '1.4864', 'n_model_params': '57500', 'name': 'seanet_inputgate_topk'}
    [mlflow] logged run 'seanet_inputgate_topk_MiddlePhalanxOutlineCorrect'  (train_acc=0.8690 val_acc=0.8739 test_acc=0.8282 test_loss=0.3919)
[ 47/129] MiddlePhalanxOutlineCorrect  DONE  acc=0.8282 loss=0.3919 AOPCR= -0.180 NDCG=  n/a C=  2 T=   80 (40s)  [46 trained / 0 failed so far]
[ 48/129] MiddlePhalanxTW
    stage 1/3: loading data ...
    stage 2/3: training on 321 series (val=78, C=6, T=80, batch=16) ...
    stage 3/3: scoring on 154 test series (accuracy + AOPCR) ...
    [mlflow] versioned model 'seanet_inputgate_topk__mstcn_sep_inputgate_topk_conjunctive' (id=m-c2a080719c214c4f8490d5383f6b23e3) params={'model_size_mb': '1.4875', 'n_model_params': '57796', 'name': 'seanet_inputgate_topk'}
    [mlflow] logged run 'seanet_inputgate_topk_MiddlePhalanxTW'  (train_acc=0.6885 val_acc=0.6410 test_acc=0.5065 test_loss=1.1022)
[ 48/129] MiddlePhalanxTW              DONE  acc=0.5065 loss=1.1022 AOPCR=  0.661 NDCG=  n/a C=  6 T=   80 (25s)  [47 trained / 0 failed so far]
[ 49/129] MoteStrain
    stage 1/3: loading data ...
    stage 2/3: training on 20 series (no val (train-loss early stop), C=2, T=84, batch=2) ...
    stage 3/3: scoring on 1252 test series (accuracy + AOPCR) ...
    [mlflow] versioned model 'seanet_inputgate_topk__mstcn_sep_inputgate_topk_conjunctive' (id=m-99d9964896a54a48beaf2dfde35ba14f) params={'model_size_mb': '1.4864', 'n_model_params': '57500', 'name': 'seanet_inputgate_topk'}
    [mlflow] logged run 'seanet_inputgate_topk_MoteStrain'  (train_acc=1.0000 test_acc=0.8650 test_loss=0.3092)
[ 49/129] MoteStrain                   DONE  acc=0.8650 loss=0.3092 AOPCR=  0.745 NDCG=  n/a C=  2 T=   84 (27s)  [48 trained / 0 failed so far]
[ 50/129] NonInvasiveFetalECGThorax1
    stage 1/3: loading data ...
    stage 2/3: training on 1452 series (val=348, C=42, T=750, batch=16) ...
    stage 3/3: scoring on 1965 test series (accuracy + AOPCR) ...
    [mlflow] versioned model 'seanet_inputgate_topk__mstcn_sep_inputgate_topk_conjunctive' (id=m-d4a2fb81d332407ca7a4c092916912d8) params={'model_size_mb': '1.4976', 'n_model_params': '60460', 'name': 'seanet_inputgate_topk'}
    [mlflow] logged run 'seanet_inputgate_topk_NonInvasiveFetalECGThorax1'  (train_acc=0.9697 val_acc=0.8707 test_acc=0.8819 test_loss=0.4689)
[ 50/129] NonInvasiveFetalECGThorax1   DONE  acc=0.8819 loss=0.4689 AOPCR=  1.294 NDCG=  n/a C= 42 T=  750 (203s)  [49 trained / 0 failed so far]
[ 51/129] NonInvasiveFetalECGThorax2
    stage 1/3: loading data ...
    stage 2/3: training on 1452 series (val=348, C=42, T=750, batch=16) ...
    stage 3/3: scoring on 1965 test series (accuracy + AOPCR) ...
    [mlflow] versioned model 'seanet_inputgate_topk__mstcn_sep_inputgate_topk_conjunctive' (id=m-66c24a83b1e84a36866dbe7baff0ee09) params={'model_size_mb': '1.4976', 'n_model_params': '60460', 'name': 'seanet_inputgate_topk'}
    [mlflow] logged run 'seanet_inputgate_topk_NonInvasiveFetalECGThorax2'  (train_acc=0.9787 val_acc=0.9253 test_acc=0.9033 test_loss=0.3810)
[ 51/129] NonInvasiveFetalECGThorax2   DONE  acc=0.9033 loss=0.3810 AOPCR=  1.225 NDCG=  n/a C= 42 T=  750 (223s)  [50 trained / 0 failed so far]
[ 52/129] OliveOil
    stage 1/3: loading data ...
    stage 2/3: training on 30 series (no val (train-loss early stop), C=4, T=570, batch=3) ...
    stage 3/3: scoring on 30 test series (accuracy + AOPCR) ...
    [mlflow] versioned model 'seanet_inputgate_topk__mstcn_sep_inputgate_topk_conjunctive' (id=m-a4ba4f77a2a84201a294259b8f5c25d8) params={'model_size_mb': '1.487', 'n_model_params': '57648', 'name': 'seanet_inputgate_topk'}
    [mlflow] logged run 'seanet_inputgate_topk_OliveOil'  (train_acc=0.4333 test_acc=0.4000 test_loss=1.2973)
[ 52/129] OliveOil                     DONE  acc=0.4000 loss=1.2973 AOPCR=  0.120 NDCG=  n/a C=  4 T=  570 (8s)  [51 trained / 0 failed so far]
[ 53/129] OSULeaf
    stage 1/3: loading data ...
    stage 2/3: training on 163 series (val=37, C=6, T=427, batch=16) ...
    stage 3/3: scoring on 242 test series (accuracy + AOPCR) ...
    [mlflow] versioned model 'seanet_inputgate_topk__mstcn_sep_inputgate_topk_conjunctive' (id=m-c951b496ecc84a3cacbb0e746e6a6686) params={'model_size_mb': '1.4875', 'n_model_params': '57796', 'name': 'seanet_inputgate_topk'}
    [mlflow] logged run 'seanet_inputgate_topk_OSULeaf'  (train_acc=1.0000 val_acc=0.9459 test_acc=0.8760 test_loss=0.4358)
[ 53/129] OSULeaf                      DONE  acc=0.8760 loss=0.4358 AOPCR=  1.157 NDCG=  n/a C=  6 T=  427 (34s)  [52 trained / 0 failed so far]
[ 54/129] PhalangesOutlinesCorrect
    stage 1/3: loading data ...
    stage 2/3: training on 1441 series (val=359, C=2, T=80, batch=16) ...
    stage 3/3: scoring on 858 test series (accuracy + AOPCR) ...
    [mlflow] versioned model 'seanet_inputgate_topk__mstcn_sep_inputgate_topk_conjunctive' (id=m-97344319fbd14099baba3f6b4540f253) params={'model_size_mb': '1.4864', 'n_model_params': '57500', 'name': 'seanet_inputgate_topk'}
    [mlflow] logged run 'seanet_inputgate_topk_PhalangesOutlinesCorrect'  (train_acc=0.9507 val_acc=0.8830 test_acc=0.8228 test_loss=0.4007)
[ 54/129] PhalangesOutlinesCorrect     DONE  acc=0.8228 loss=0.4007 AOPCR=  0.356 NDCG=  n/a C=  2 T=   80 (194s)  [53 trained / 0 failed so far]
[ 55/129] Phoneme
    stage 1/3: loading data ...
    stage 2/3: training on 171 series (val=43, C=39, T=1024, batch=16) ...
    stage 3/3: scoring on 1896 test series (accuracy + AOPCR) ...
    [mlflow] versioned model 'seanet_inputgate_topk__mstcn_sep_inputgate_topk_conjunctive' (id=m-5b74bec0fe39466daee40eeb483dda67) params={'model_size_mb': '1.4968', 'n_model_params': '60238', 'name': 'seanet_inputgate_topk'}
    [mlflow] logged run 'seanet_inputgate_topk_Phoneme'  (train_acc=0.3860 val_acc=0.1395 test_acc=0.1962 test_loss=3.0061)
[ 55/129] Phoneme                      DONE  acc=0.1962 loss=3.0061 AOPCR=  1.163 NDCG=  n/a C= 39 T= 1024 (7s)  [54 trained / 0 failed so far]
[ 56/129] Plane
    stage 1/3: loading data ...
    stage 2/3: training on 87 series (val=18, C=7, T=144, batch=8) ...
    stage 3/3: scoring on 105 test series (accuracy + AOPCR) ...
    [mlflow] versioned model 'seanet_inputgate_topk__mstcn_sep_inputgate_topk_conjunctive' (id=m-d4b4cc84f8794253aae34912cebebe7b) params={'model_size_mb': '1.4878', 'n_model_params': '57870', 'name': 'seanet_inputgate_topk'}
    [mlflow] logged run 'seanet_inputgate_topk_Plane'  (train_acc=1.0000 val_acc=1.0000 test_acc=1.0000 test_loss=0.0742)
[ 56/129] Plane                        DONE  acc=1.0000 loss=0.0742 AOPCR=  1.075 NDCG=  n/a C=  7 T=  144 (39s)  [55 trained / 0 failed so far]
[ 57/129] ProximalPhalanxOutlineAgeGroup
    stage 1/3: loading data ...
    stage 2/3: training on 322 series (val=78, C=3, T=80, batch=16) ...
    stage 3/3: scoring on 205 test series (accuracy + AOPCR) ...
    [mlflow] versioned model 'seanet_inputgate_topk__mstcn_sep_inputgate_topk_conjunctive' (id=m-238410acfe6c4d4d85cfd2460f1a5ad2) params={'model_size_mb': '1.4867', 'n_model_params': '57574', 'name': 'seanet_inputgate_topk'}
    [mlflow] logged run 'seanet_inputgate_topk_ProximalPhalanxOutlineAgeGroup'  (train_acc=0.8975 val_acc=0.7949 test_acc=0.8195 test_loss=0.4440)
[ 57/129] ProximalPhalanxOutlineAgeGroup DONE  acc=0.8195 loss=0.4440 AOPCR=  0.561 NDCG=  n/a C=  3 T=   80 (43s)  [56 trained / 0 failed so far]
[ 58/129] ProximalPhalanxOutlineCorrect
    stage 1/3: loading data ...
    stage 2/3: training on 481 series (val=119, C=2, T=80, batch=16) ...
    stage 3/3: scoring on 291 test series (accuracy + AOPCR) ...
    [mlflow] versioned model 'seanet_inputgate_topk__mstcn_sep_inputgate_topk_conjunctive' (id=m-5affd2fa821b4d758ca17443f02f1d5b) params={'model_size_mb': '1.4864', 'n_model_params': '57500', 'name': 'seanet_inputgate_topk'}
    [mlflow] logged run 'seanet_inputgate_topk_ProximalPhalanxOutlineCorrect'  (train_acc=0.9667 val_acc=0.8655 test_acc=0.8797 test_loss=0.2919)
[ 58/129] ProximalPhalanxOutlineCorrect DONE  acc=0.8797 loss=0.2919 AOPCR= -1.671 NDCG=  n/a C=  2 T=   80 (86s)  [57 trained / 0 failed so far]
[ 59/129] ProximalPhalanxTW
    stage 1/3: loading data ...
    stage 2/3: training on 322 series (val=78, C=6, T=80, batch=16) ...
    stage 3/3: scoring on 205 test series (accuracy + AOPCR) ...
    [mlflow] versioned model 'seanet_inputgate_topk__mstcn_sep_inputgate_topk_conjunctive' (id=m-2deeb2635fd4477cbea5ece93cf80b88) params={'model_size_mb': '1.4875', 'n_model_params': '57796', 'name': 'seanet_inputgate_topk'}
    [mlflow] logged run 'seanet_inputgate_topk_ProximalPhalanxTW'  (train_acc=0.8882 val_acc=0.8205 test_acc=0.7854 test_loss=0.5694)
[ 59/129] ProximalPhalanxTW            DONE  acc=0.7854 loss=0.5694 AOPCR= -1.464 NDCG=  n/a C=  6 T=   80 (30s)  [58 trained / 0 failed so far]
[ 60/129] RefrigerationDevices
    stage 1/3: loading data ...
    stage 2/3: training on 300 series (val=75, C=3, T=720, batch=16) ...
    stage 3/3: scoring on 375 test series (accuracy + AOPCR) ...
    [mlflow] versioned model 'seanet_inputgate_topk__mstcn_sep_inputgate_topk_conjunctive' (id=m-dbac8564c3604aa3b60e70db86b03255) params={'model_size_mb': '1.4867', 'n_model_params': '57574', 'name': 'seanet_inputgate_topk'}
    [mlflow] logged run 'seanet_inputgate_topk_RefrigerationDevices'  (train_acc=0.9600 val_acc=0.6800 test_acc=0.5173 test_loss=1.3842)
[ 60/129] RefrigerationDevices         DONE  acc=0.5173 loss=1.3842 AOPCR=  1.409 NDCG=  n/a C=  3 T=  720 (17s)  [59 trained / 0 failed so far]
[ 61/129] ScreenType
    stage 1/3: loading data ...
    stage 2/3: training on 300 series (val=75, C=3, T=720, batch=16) ...
    stage 3/3: scoring on 375 test series (accuracy + AOPCR) ...
    [mlflow] versioned model 'seanet_inputgate_topk__mstcn_sep_inputgate_topk_conjunctive' (id=m-50e4771175b749038ad7fdd215715a1a) params={'model_size_mb': '1.4867', 'n_model_params': '57574', 'name': 'seanet_inputgate_topk'}
    [mlflow] logged run 'seanet_inputgate_topk_ScreenType'  (train_acc=0.9300 val_acc=0.6267 test_acc=0.5387 test_loss=1.0953)
[ 61/129] ScreenType                   DONE  acc=0.5387 loss=1.0953 AOPCR=  0.525 NDCG=  n/a C=  3 T=  720 (20s)  [60 trained / 0 failed so far]
[ 62/129] ShapeletSim
    stage 1/3: loading data ...
    stage 2/3: training on 20 series (no val (train-loss early stop), C=2, T=500, batch=2) ...
    stage 3/3: scoring on 180 test series (accuracy + AOPCR) ...
    [mlflow] versioned model 'seanet_inputgate_topk__mstcn_sep_inputgate_topk_conjunctive' (id=m-a6100c12542240c9946dc230a23294c8) params={'model_size_mb': '1.4864', 'n_model_params': '57500', 'name': 'seanet_inputgate_topk'}
    [mlflow] logged run 'seanet_inputgate_topk_ShapeletSim'  (train_acc=1.0000 test_acc=1.0000 test_loss=0.0990)
[ 62/129] ShapeletSim                  DONE  acc=1.0000 loss=0.0990 AOPCR=  1.152 NDCG=  n/a C=  2 T=  500 (17s)  [61 trained / 0 failed so far]
[ 63/129] ShapesAll
    stage 1/3: loading data ...
    stage 2/3: training on 480 series (val=120, C=60, T=512, batch=16) ...
    stage 3/3: scoring on 600 test series (accuracy + AOPCR) ...
    [mlflow] versioned model 'seanet_inputgate_topk__mstcn_sep_inputgate_topk_conjunctive' (id=m-fcfee3dad81847fd80e7f87eebf7aeb1) params={'model_size_mb': '1.5027', 'n_model_params': '61792', 'name': 'seanet_inputgate_topk'}
    [mlflow] logged run 'seanet_inputgate_topk_ShapesAll'  (train_acc=0.9979 val_acc=0.9250 test_acc=0.8567 test_loss=0.6549)
[ 63/129] ShapesAll                    DONE  acc=0.8567 loss=0.6549 AOPCR=  2.283 NDCG=  n/a C= 60 T=  512 (49s)  [62 trained / 0 failed so far]
[ 64/129] SmallKitchenAppliances
    stage 1/3: loading data ...
    stage 2/3: training on 300 series (val=75, C=3, T=720, batch=16) ...
    stage 3/3: scoring on 375 test series (accuracy + AOPCR) ...
    [mlflow] versioned model 'seanet_inputgate_topk__mstcn_sep_inputgate_topk_conjunctive' (id=m-20ea6f4d5b9e48adb14e2c06f5dd4f4b) params={'model_size_mb': '1.4867', 'n_model_params': '57574', 'name': 'seanet_inputgate_topk'}
    [mlflow] logged run 'seanet_inputgate_topk_SmallKitchenAppliances'  (train_acc=0.9067 val_acc=0.8000 test_acc=0.8000 test_loss=0.5113)
[ 64/129] SmallKitchenAppliances       DONE  acc=0.8000 loss=0.5113 AOPCR=  0.505 NDCG=  n/a C=  3 T=  720 (23s)  [63 trained / 0 failed so far]
[ 65/129] SonyAIBORobotSurface1
    stage 1/3: loading data ...
    stage 2/3: training on 20 series (no val (train-loss early stop), C=2, T=70, batch=2) ...
    stage 3/3: scoring on 601 test series (accuracy + AOPCR) ...
    [mlflow] versioned model 'seanet_inputgate_topk__mstcn_sep_inputgate_topk_conjunctive' (id=m-27b77ee64e704e77933e9496b96b24aa) params={'model_size_mb': '1.4864', 'n_model_params': '57500', 'name': 'seanet_inputgate_topk'}
    [mlflow] logged run 'seanet_inputgate_topk_SonyAIBORobotSurface1'  (train_acc=1.0000 test_acc=0.8869 test_loss=0.2934)
[ 65/129] SonyAIBORobotSurface1        DONE  acc=0.8869 loss=0.2934 AOPCR=  0.067 NDCG=  n/a C=  2 T=   70 (20s)  [64 trained / 0 failed so far]
[ 66/129] SonyAIBORobotSurface2
    stage 1/3: loading data ...
    stage 2/3: training on 27 series (no val (train-loss early stop), C=2, T=65, batch=2) ...
    stage 3/3: scoring on 953 test series (accuracy + AOPCR) ...
    [mlflow] versioned model 'seanet_inputgate_topk__mstcn_sep_inputgate_topk_conjunctive' (id=m-b1896bfe67eb42e6816b13096d758db7) params={'model_size_mb': '1.4864', 'n_model_params': '57500', 'name': 'seanet_inputgate_topk'}
    [mlflow] logged run 'seanet_inputgate_topk_SonyAIBORobotSurface2'  (train_acc=1.0000 test_acc=0.8636 test_loss=0.2932)
[ 66/129] SonyAIBORobotSurface2        DONE  acc=0.8636 loss=0.2932 AOPCR=  0.401 NDCG=  n/a C=  2 T=   65 (34s)  [65 trained / 0 failed so far]
[ 67/129] StarLightCurves
    stage 1/3: loading data ...
    stage 2/3: training on 801 series (val=199, C=3, T=1024, batch=16) ...
    stage 3/3: scoring on 8236 test series (accuracy + AOPCR) ...
    [mlflow] versioned model 'seanet_inputgate_topk__mstcn_sep_inputgate_topk_conjunctive' (id=m-fd194e2742e648028fe560ed398aad94) params={'model_size_mb': '1.4867', 'n_model_params': '57574', 'name': 'seanet_inputgate_topk'}
    [mlflow] logged run 'seanet_inputgate_topk_StarLightCurves'  (train_acc=1.0000 val_acc=0.9749 test_acc=0.9744 test_loss=0.1347)
[ 67/129] StarLightCurves              DONE  acc=0.9744 loss=0.1347 AOPCR=  1.887 NDCG=  n/a C=  3 T= 1024 (55s)  [66 trained / 0 failed so far]
[ 68/129] Strawberry
    stage 1/3: loading data ...
    stage 2/3: training on 492 series (val=121, C=2, T=235, batch=16) ...
    stage 3/3: scoring on 370 test series (accuracy + AOPCR) ...
    [mlflow] versioned model 'seanet_inputgate_topk__mstcn_sep_inputgate_topk_conjunctive' (id=m-6db436fbf4f04c7286676ce4864979f3) params={'model_size_mb': '1.4864', 'n_model_params': '57500', 'name': 'seanet_inputgate_topk'}
    [mlflow] logged run 'seanet_inputgate_topk_Strawberry'  (train_acc=0.9797 val_acc=1.0000 test_acc=0.9541 test_loss=0.1420)
[ 68/129] Strawberry                   DONE  acc=0.9541 loss=0.1420 AOPCR=  0.779 NDCG=  n/a C=  2 T=  235 (78s)  [67 trained / 0 failed so far]
[ 69/129] SwedishLeaf
    stage 1/3: loading data ...
    stage 2/3: training on 405 series (val=95, C=15, T=128, batch=16) ...
    stage 3/3: scoring on 625 test series (accuracy + AOPCR) ...
    [mlflow] versioned model 'seanet_inputgate_topk__mstcn_sep_inputgate_topk_conjunctive' (id=m-3ac632e356e34e61aff282688d5a0648) params={'model_size_mb': '1.49', 'n_model_params': '58462', 'name': 'seanet_inputgate_topk'}
    [mlflow] logged run 'seanet_inputgate_topk_SwedishLeaf'  (train_acc=1.0000 val_acc=0.9684 test_acc=0.9472 test_loss=0.2755)
[ 69/129] SwedishLeaf                  DONE  acc=0.9472 loss=0.2755 AOPCR=  0.977 NDCG=  n/a C= 15 T=  128 (75s)  [68 trained / 0 failed so far]
[ 70/129] Symbols
    stage 1/3: loading data ...
    stage 2/3: training on 25 series (no val (train-loss early stop), C=6, T=398, batch=2) ...
    stage 3/3: scoring on 995 test series (accuracy + AOPCR) ...
    [mlflow] versioned model 'seanet_inputgate_topk__mstcn_sep_inputgate_topk_conjunctive' (id=m-9ff5f07ff1274529a744185ae2db61b2) params={'model_size_mb': '1.4875', 'n_model_params': '57796', 'name': 'seanet_inputgate_topk'}
    [mlflow] logged run 'seanet_inputgate_topk_Symbols'  (train_acc=1.0000 test_acc=0.9568 test_loss=0.1896)
[ 70/129] Symbols                      DONE  acc=0.9568 loss=0.1896 AOPCR=  1.866 NDCG=  n/a C=  6 T=  398 (27s)  [69 trained / 0 failed so far]
[ 71/129] SyntheticControl
    stage 1/3: loading data ...
    stage 2/3: training on 240 series (val=60, C=6, T=60, batch=16) ...
    stage 3/3: scoring on 300 test series (accuracy + AOPCR) ...
    [mlflow] versioned model 'seanet_inputgate_topk__mstcn_sep_inputgate_topk_conjunctive' (id=m-cc0e91f26fde492480e46c97cd19ee59) params={'model_size_mb': '1.4875', 'n_model_params': '57796', 'name': 'seanet_inputgate_topk'}
    [mlflow] logged run 'seanet_inputgate_topk_SyntheticControl'  (train_acc=1.0000 val_acc=1.0000 test_acc=0.9967 test_loss=0.1046)
[ 71/129] SyntheticControl             DONE  acc=0.9967 loss=0.1046 AOPCR=  0.574 NDCG=  n/a C=  6 T=   60 (47s)  [70 trained / 0 failed so far]
[ 72/129] ToeSegmentation1
    stage 1/3: loading data ...
    stage 2/3: training on 40 series (no val (train-loss early stop), C=2, T=277, batch=4) ...
    stage 3/3: scoring on 228 test series (accuracy + AOPCR) ...
    [mlflow] versioned model 'seanet_inputgate_topk__mstcn_sep_inputgate_topk_conjunctive' (id=m-1286527f01194e2c94db7bb87307b324) params={'model_size_mb': '1.4864', 'n_model_params': '57500', 'name': 'seanet_inputgate_topk'}
    [mlflow] logged run 'seanet_inputgate_topk_ToeSegmentation1'  (train_acc=1.0000 test_acc=0.9518 test_loss=0.1766)
[ 72/129] ToeSegmentation1             DONE  acc=0.9518 loss=0.1766 AOPCR=  0.651 NDCG=  n/a C=  2 T=  277 (36s)  [71 trained / 0 failed so far]
[ 73/129] ToeSegmentation2
    stage 1/3: loading data ...
    stage 2/3: training on 36 series (no val (train-loss early stop), C=2, T=343, batch=3) ...
    stage 3/3: scoring on 130 test series (accuracy + AOPCR) ...
    [mlflow] versioned model 'seanet_inputgate_topk__mstcn_sep_inputgate_topk_conjunctive' (id=m-20b7d43db8e94732a67b3cf02326ed29) params={'model_size_mb': '1.4864', 'n_model_params': '57500', 'name': 'seanet_inputgate_topk'}
    [mlflow] logged run 'seanet_inputgate_topk_ToeSegmentation2'  (train_acc=1.0000 test_acc=0.9231 test_loss=0.2063)
[ 73/129] ToeSegmentation2             DONE  acc=0.9231 loss=0.2063 AOPCR=  0.829 NDCG=  n/a C=  2 T=  343 (43s)  [72 trained / 0 failed so far]
[ 74/129] Trace
    stage 1/3: loading data ...
    stage 2/3: training on 81 series (val=19, C=4, T=275, batch=8) ...
    stage 3/3: scoring on 100 test series (accuracy + AOPCR) ...
    [mlflow] versioned model 'seanet_inputgate_topk__mstcn_sep_inputgate_topk_conjunctive' (id=m-1cc9cb809de94054b085761e5f159f51) params={'model_size_mb': '1.487', 'n_model_params': '57648', 'name': 'seanet_inputgate_topk'}
    [mlflow] logged run 'seanet_inputgate_topk_Trace'  (train_acc=1.0000 val_acc=1.0000 test_acc=1.0000 test_loss=0.0725)
[ 74/129] Trace                        DONE  acc=1.0000 loss=0.0725 AOPCR=  1.816 NDCG=  n/a C=  4 T=  275 (39s)  [73 trained / 0 failed so far]
[ 75/129] TwoLeadECG
    stage 1/3: loading data ...
    stage 2/3: training on 23 series (no val (train-loss early stop), C=2, T=82, batch=2) ...
    stage 3/3: scoring on 1139 test series (accuracy + AOPCR) ...
    [mlflow] versioned model 'seanet_inputgate_topk__mstcn_sep_inputgate_topk_conjunctive' (id=m-57c48dc02d3c45eeab28e18aa2270696) params={'model_size_mb': '1.4864', 'n_model_params': '57500', 'name': 'seanet_inputgate_topk'}
    [mlflow] logged run 'seanet_inputgate_topk_TwoLeadECG'  (train_acc=1.0000 test_acc=0.9895 test_loss=0.0798)
[ 75/129] TwoLeadECG                   DONE  acc=0.9895 loss=0.0798 AOPCR=  1.024 NDCG=  n/a C=  2 T=   82 (27s)  [74 trained / 0 failed so far]
[ 76/129] TwoPatterns
    stage 1/3: loading data ...
    stage 2/3: training on 801 series (val=199, C=4, T=128, batch=16) ...
    stage 3/3: scoring on 4000 test series (accuracy + AOPCR) ...
    [mlflow] versioned model 'seanet_inputgate_topk__mstcn_sep_inputgate_topk_conjunctive' (id=m-1a1c893a0c1642ef94fdce8699f44412) params={'model_size_mb': '1.487', 'n_model_params': '57648', 'name': 'seanet_inputgate_topk'}
    [mlflow] logged run 'seanet_inputgate_topk_TwoPatterns'  (train_acc=1.0000 val_acc=1.0000 test_acc=1.0000 test_loss=0.0780)
[ 76/129] TwoPatterns                  DONE  acc=1.0000 loss=0.0780 AOPCR=  2.222 NDCG=  n/a C=  4 T=  128 (50s)  [75 trained / 0 failed so far]
[ 77/129] UWaveGestureLibraryAll
    stage 1/3: loading data ...
    stage 2/3: training on 719 series (val=177, C=8, T=945, batch=16) ...
    stage 3/3: scoring on 3582 test series (accuracy + AOPCR) ...
    [mlflow] versioned model 'seanet_inputgate_topk__mstcn_sep_inputgate_topk_conjunctive' (id=m-4c9252b6ad3040f3bbeba6bcd58e01eb) params={'model_size_mb': '1.4881', 'n_model_params': '57944', 'name': 'seanet_inputgate_topk'}
    [mlflow] logged run 'seanet_inputgate_topk_UWaveGestureLibraryAll'  (train_acc=1.0000 val_acc=0.9548 test_acc=0.9587 test_loss=0.2337)
[ 77/129] UWaveGestureLibraryAll       DONE  acc=0.9587 loss=0.2337 AOPCR=  2.429 NDCG=  n/a C=  8 T=  945 (158s)  [76 trained / 0 failed so far]
[ 78/129] UWaveGestureLibraryX
    stage 1/3: loading data ...
    stage 2/3: training on 719 series (val=177, C=8, T=315, batch=16) ...
    stage 3/3: scoring on 3582 test series (accuracy + AOPCR) ...
    [mlflow] versioned model 'seanet_inputgate_topk__mstcn_sep_inputgate_topk_conjunctive' (id=m-d44d2dc0ca9d49628f67fcab82a294cb) params={'model_size_mb': '1.4881', 'n_model_params': '57944', 'name': 'seanet_inputgate_topk'}
    [mlflow] logged run 'seanet_inputgate_topk_UWaveGestureLibraryX'  (train_acc=0.9903 val_acc=0.8192 test_acc=0.7889 test_loss=0.6508)
[ 78/129] UWaveGestureLibraryX         DONE  acc=0.7889 loss=0.6508 AOPCR=  1.085 NDCG=  n/a C=  8 T=  315 (39s)  [77 trained / 0 failed so far]
[ 79/129] UWaveGestureLibraryY
    stage 1/3: loading data ...
    stage 2/3: training on 719 series (val=177, C=8, T=315, batch=16) ...
    stage 3/3: scoring on 3582 test series (accuracy + AOPCR) ...
    [mlflow] versioned model 'seanet_inputgate_topk__mstcn_sep_inputgate_topk_conjunctive' (id=m-9eb8672837904e2190de5bb063bdacc3) params={'model_size_mb': '1.4881', 'n_model_params': '57944', 'name': 'seanet_inputgate_topk'}
    [mlflow] logged run 'seanet_inputgate_topk_UWaveGestureLibraryY'  (train_acc=0.8804 val_acc=0.7175 test_acc=0.7194 test_loss=0.8234)
[ 79/129] UWaveGestureLibraryY         DONE  acc=0.7194 loss=0.8234 AOPCR=  1.118 NDCG=  n/a C=  8 T=  315 (31s)  [78 trained / 0 failed so far]
[ 80/129] UWaveGestureLibraryZ
    stage 1/3: loading data ...
    stage 2/3: training on 719 series (val=177, C=8, T=315, batch=16) ...
    stage 3/3: scoring on 3582 test series (accuracy + AOPCR) ...
    [mlflow] versioned model 'seanet_inputgate_topk__mstcn_sep_inputgate_topk_conjunctive' (id=m-e73ea8d060b94a93a6fe41d10bab6190) params={'model_size_mb': '1.4881', 'n_model_params': '57944', 'name': 'seanet_inputgate_topk'}
    [mlflow] logged run 'seanet_inputgate_topk_UWaveGestureLibraryZ'  (train_acc=0.8512 val_acc=0.7345 test_acc=0.7635 test_loss=0.7114)
[ 80/129] UWaveGestureLibraryZ         DONE  acc=0.7635 loss=0.7114 AOPCR=  1.125 NDCG=  n/a C=  8 T=  315 (29s)  [79 trained / 0 failed so far]
[ 81/129] Wafer
    stage 1/3: loading data ...
    stage 2/3: training on 801 series (val=199, C=2, T=152, batch=16) ...
    stage 3/3: scoring on 6164 test series (accuracy + AOPCR) ...
    [mlflow] versioned model 'seanet_inputgate_topk__mstcn_sep_inputgate_topk_conjunctive' (id=m-5ba0c5ac839c4977ab50ce35b647f4aa) params={'model_size_mb': '1.4864', 'n_model_params': '57500', 'name': 'seanet_inputgate_topk'}
    [mlflow] logged run 'seanet_inputgate_topk_Wafer'  (train_acc=1.0000 val_acc=1.0000 test_acc=0.9985 test_loss=0.0696)
[ 81/129] Wafer                        DONE  acc=0.9985 loss=0.0696 AOPCR=  0.841 NDCG=  n/a C=  2 T=  152 (79s)  [80 trained / 0 failed so far]
[ 82/129] Wine
    stage 1/3: loading data ...
    stage 2/3: training on 57 series (no val (train-loss early stop), C=2, T=234, batch=5) ...
    stage 3/3: scoring on 54 test series (accuracy + AOPCR) ...
    [mlflow] versioned model 'seanet_inputgate_topk__mstcn_sep_inputgate_topk_conjunctive' (id=m-5af2bfff260444d1b91539d33fcb4483) params={'model_size_mb': '1.4864', 'n_model_params': '57500', 'name': 'seanet_inputgate_topk'}
    [mlflow] logged run 'seanet_inputgate_topk_Wine'  (train_acc=0.5789 test_acc=0.5000 test_loss=0.6985)
[ 82/129] Wine                         DONE  acc=0.5000 loss=0.6985 AOPCR=  1.122 NDCG=  n/a C=  2 T=  234 (43s)  [81 trained / 0 failed so far]
[ 83/129] WordSynonyms
    stage 1/3: loading data ...
    stage 2/3: training on 217 series (val=50, C=25, T=270, batch=16) ...
    stage 3/3: scoring on 638 test series (accuracy + AOPCR) ...
    [mlflow] versioned model 'seanet_inputgate_topk__mstcn_sep_inputgate_topk_conjunctive' (id=m-46b0f695cf1b4250be6e17365e90c189) params={'model_size_mb': '1.4928', 'n_model_params': '59202', 'name': 'seanet_inputgate_topk'}
    [mlflow] logged run 'seanet_inputgate_topk_WordSynonyms'  (train_acc=1.0000 val_acc=0.7800 test_acc=0.7179 test_loss=1.1496)
[ 83/129] WordSynonyms                 DONE  acc=0.7179 loss=1.1496 AOPCR=  1.329 NDCG=  n/a C= 25 T=  270 (23s)  [82 trained / 0 failed so far]
[ 84/129] Worms
    stage 1/3: loading data ...
    stage 2/3: training on 146 series (val=35, C=5, T=900, batch=14) ...
    stage 3/3: scoring on 77 test series (accuracy + AOPCR) ...
    [mlflow] versioned model 'seanet_inputgate_topk__mstcn_sep_inputgate_topk_conjunctive' (id=m-21c67cc7ed7b4f5e8a535c11fc723846) params={'model_size_mb': '1.4872', 'n_model_params': '57722', 'name': 'seanet_inputgate_topk'}
    [mlflow] logged run 'seanet_inputgate_topk_Worms'  (train_acc=1.0000 val_acc=0.8000 test_acc=0.7013 test_loss=0.8578)
[ 84/129] Worms                        DONE  acc=0.7013 loss=0.8578 AOPCR=  1.889 NDCG=  n/a C=  5 T=  900 (23s)  [83 trained / 0 failed so far]
[ 85/129] WormsTwoClass
    stage 1/3: loading data ...
    stage 2/3: training on 145 series (val=36, C=2, T=900, batch=14) ...
    stage 3/3: scoring on 77 test series (accuracy + AOPCR) ...
    [mlflow] versioned model 'seanet_inputgate_topk__mstcn_sep_inputgate_topk_conjunctive' (id=m-2c7a091609604736a168bb86779e8e1b) params={'model_size_mb': '1.4864', 'n_model_params': '57500', 'name': 'seanet_inputgate_topk'}
    [mlflow] logged run 'seanet_inputgate_topk_WormsTwoClass'  (train_acc=1.0000 val_acc=0.8333 test_acc=0.7662 test_loss=0.5981)
[ 85/129] WormsTwoClass                DONE  acc=0.7662 loss=0.5981 AOPCR=  1.014 NDCG=  n/a C=  2 T=  900 (13s)  [84 trained / 0 failed so far]
[ 86/129] Yoga
    stage 1/3: loading data ...
    stage 2/3: training on 241 series (val=59, C=2, T=426, batch=16) ...
    stage 3/3: scoring on 3000 test series (accuracy + AOPCR) ...
    [mlflow] versioned model 'seanet_inputgate_topk__mstcn_sep_inputgate_topk_conjunctive' (id=m-7b564904faa1441596da66829d565de8) params={'model_size_mb': '1.4864', 'n_model_params': '57500', 'name': 'seanet_inputgate_topk'}
    [mlflow] logged run 'seanet_inputgate_topk_Yoga'  (train_acc=0.9751 val_acc=0.9831 test_acc=0.8927 test_loss=0.2779)
[ 86/129] Yoga                         DONE  acc=0.8927 loss=0.2779 AOPCR=  1.799 NDCG=  n/a C=  2 T=  426 (20s)  [85 trained / 0 failed so far]
[ 87/129] ACSF1
    stage 1/3: loading data ...
    stage 2/3: training on 80 series (val=20, C=10, T=1460, batch=8) ...
    stage 3/3: scoring on 100 test series (accuracy + AOPCR) ...
    [mlflow] versioned model 'seanet_inputgate_topk__mstcn_sep_inputgate_topk_conjunctive' (id=m-bb716968d2094e33847ab4b48c9af835) params={'model_size_mb': '1.4886', 'n_model_params': '58092', 'name': 'seanet_inputgate_topk'}
    [mlflow] logged run 'seanet_inputgate_topk_ACSF1'  (train_acc=0.8250 val_acc=0.7500 test_acc=0.7600 test_loss=0.6897)
[ 87/129] ACSF1                        DONE  acc=0.7600 loss=0.6897 AOPCR=  0.474 NDCG=  n/a C= 10 T= 1460 (13s)  [86 trained / 0 failed so far]
[ 88/129] AllGestureWiimoteX
    stage 1/3: loading data ...
    stage 2/3: training on 240 series (val=60, C=10, T=500, batch=16) ...
    stage 3/3: scoring on 700 test series (accuracy + AOPCR) ...
    [mlflow] versioned model 'seanet_inputgate_topk__mstcn_sep_inputgate_topk_conjunctive' (id=m-96b06f2eb78a4627b5548a7b428594cb) params={'model_size_mb': '1.4886', 'n_model_params': '58092', 'name': 'seanet_inputgate_topk'}
    [mlflow] logged run 'seanet_inputgate_topk_AllGestureWiimoteX'  (train_acc=1.0000 val_acc=0.8500 test_acc=0.7529 test_loss=0.8013)
[ 88/129] AllGestureWiimoteX           DONE  acc=0.7529 loss=0.8013 AOPCR=  1.637 NDCG=  n/a C= 10 T=  500 (38s)  [87 trained / 0 failed so far]
[ 89/129] AllGestureWiimoteY
    stage 1/3: loading data ...
    stage 2/3: training on 240 series (val=60, C=10, T=500, batch=16) ...
    stage 3/3: scoring on 700 test series (accuracy + AOPCR) ...
    [mlflow] versioned model 'seanet_inputgate_topk__mstcn_sep_inputgate_topk_conjunctive' (id=m-2cdb37cd0525411ca512696dd5c6a6ff) params={'model_size_mb': '1.4886', 'n_model_params': '58092', 'name': 'seanet_inputgate_topk'}
    [mlflow] logged run 'seanet_inputgate_topk_AllGestureWiimoteY'  (train_acc=1.0000 val_acc=0.7667 test_acc=0.7886 test_loss=0.7464)
[ 89/129] AllGestureWiimoteY           DONE  acc=0.7886 loss=0.7464 AOPCR=  2.198 NDCG=  n/a C= 10 T=  500 (20s)  [88 trained / 0 failed so far]
[ 90/129] AllGestureWiimoteZ
    stage 1/3: loading data ...
    stage 2/3: training on 240 series (val=60, C=10, T=500, batch=16) ...
    stage 3/3: scoring on 700 test series (accuracy + AOPCR) ...
    [mlflow] versioned model 'seanet_inputgate_topk__mstcn_sep_inputgate_topk_conjunctive' (id=m-8cb861fe8c4c4887b9bee083bd0a8f40) params={'model_size_mb': '1.4886', 'n_model_params': '58092', 'name': 'seanet_inputgate_topk'}
    [mlflow] logged run 'seanet_inputgate_topk_AllGestureWiimoteZ'  (train_acc=1.0000 val_acc=0.7000 test_acc=0.7386 test_loss=0.8866)
[ 90/129] AllGestureWiimoteZ           DONE  acc=0.7386 loss=0.8866 AOPCR=  1.484 NDCG=  n/a C= 10 T=  500 (29s)  [89 trained / 0 failed so far]
[ 91/129] BME
    stage 1/3: loading data ...
    stage 2/3: training on 30 series (no val (train-loss early stop), C=3, T=128, batch=3) ...
    stage 3/3: scoring on 150 test series (accuracy + AOPCR) ...
    [mlflow] versioned model 'seanet_inputgate_topk__mstcn_sep_inputgate_topk_conjunctive' (id=m-97746f60c3f84b49ab8a974bf1764fc1) params={'model_size_mb': '1.4867', 'n_model_params': '57574', 'name': 'seanet_inputgate_topk'}
    [mlflow] logged run 'seanet_inputgate_topk_BME'  (train_acc=1.0000 test_acc=0.9933 test_loss=0.0779)
[ 91/129] BME                          DONE  acc=0.9933 loss=0.0779 AOPCR=  1.318 NDCG=  n/a C=  3 T=  128 (7s)  [90 trained / 0 failed so far]
[ 92/129] Chinatown
    stage 1/3: loading data ...
    stage 2/3: training on 20 series (no val (train-loss early stop), C=2, T=24, batch=2) ...
    stage 3/3: scoring on 343 test series (accuracy + AOPCR) ...
    [mlflow] versioned model 'seanet_inputgate_topk__mstcn_sep_inputgate_topk_conjunctive' (id=m-3ce33cbff0d1470b8d9a9120cf0910cb) params={'model_size_mb': '1.4864', 'n_model_params': '57500', 'name': 'seanet_inputgate_topk'}
    [mlflow] logged run 'seanet_inputgate_topk_Chinatown'  (train_acc=1.0000 test_acc=0.9825 test_loss=0.1091)
[ 92/129] Chinatown                    DONE  acc=0.9825 loss=0.1091 AOPCR=  0.037 NDCG=  n/a C=  2 T=   24 (29s)  [91 trained / 0 failed so far]
[ 93/129] Crop
    stage 1/3: loading data ...
    stage 2/3: training on 5760 series (val=1440, C=24, T=46, batch=16) ...
    stage 3/3: scoring on 16800 test series (accuracy + AOPCR) ...
    [mlflow] versioned model 'seanet_inputgate_topk__mstcn_sep_inputgate_topk_conjunctive' (id=m-36fd18baceb04193a65c71ea044e167f) params={'model_size_mb': '1.4926', 'n_model_params': '59128', 'name': 'seanet_inputgate_topk'}
    [mlflow] logged run 'seanet_inputgate_topk_Crop'  (train_acc=0.7998 val_acc=0.7181 test_acc=0.7111 test_loss=0.9042)
[ 93/129] Crop                         DONE  acc=0.7111 loss=0.9042 AOPCR=  0.755 NDCG=  n/a C= 24 T=   46 (291s)  [92 trained / 0 failed so far]
[ 94/129] DodgerLoopDay
    stage 1/3: loading data ...
    stage 2/3: training on 78 series (no val (train-loss early stop), C=7, T=288, batch=7) ...
    stage 3/3: scoring on 80 test series (accuracy + AOPCR) ...
    [mlflow] versioned model 'seanet_inputgate_topk__mstcn_sep_inputgate_topk_conjunctive' (id=m-d4536222465c48e3bda1238526821c91) params={'model_size_mb': '1.4878', 'n_model_params': '57870', 'name': 'seanet_inputgate_topk'}
    [mlflow] logged run 'seanet_inputgate_topk_DodgerLoopDay'  (train_acc=1.0000 test_acc=0.5000 test_loss=1.3319)
[ 94/129] DodgerLoopDay                DONE  acc=0.5000 loss=1.3319 AOPCR=  1.540 NDCG=  n/a C=  7 T=  288 (44s)  [93 trained / 0 failed so far]
[ 95/129] DodgerLoopGame
    stage 1/3: loading data ...
    stage 2/3: training on 20 series (no val (train-loss early stop), C=2, T=288, batch=2) ...
    stage 3/3: scoring on 138 test series (accuracy + AOPCR) ...
    [mlflow] versioned model 'seanet_inputgate_topk__mstcn_sep_inputgate_topk_conjunctive' (id=m-ef4d545ce2d845ecb1d2eae0ffc5f0fa) params={'model_size_mb': '1.4864', 'n_model_params': '57500', 'name': 'seanet_inputgate_topk'}
    [mlflow] logged run 'seanet_inputgate_topk_DodgerLoopGame'  (train_acc=1.0000 test_acc=0.9348 test_loss=0.2186)
[ 95/129] DodgerLoopGame               DONE  acc=0.9348 loss=0.2186 AOPCR=  1.089 NDCG=  n/a C=  2 T=  288 (35s)  [94 trained / 0 failed so far]
[ 96/129] DodgerLoopWeekend
    stage 1/3: loading data ...
    stage 2/3: training on 20 series (no val (train-loss early stop), C=2, T=288, batch=2) ...
    stage 3/3: scoring on 138 test series (accuracy + AOPCR) ...
    [mlflow] versioned model 'seanet_inputgate_topk__mstcn_sep_inputgate_topk_conjunctive' (id=m-64f9afdbf76e46ec8aa8cd68b0bb7cfc) params={'model_size_mb': '1.4864', 'n_model_params': '57500', 'name': 'seanet_inputgate_topk'}
    [mlflow] logged run 'seanet_inputgate_topk_DodgerLoopWeekend'  (train_acc=1.0000 test_acc=0.9783 test_loss=0.1172)
[ 96/129] DodgerLoopWeekend            DONE  acc=0.9783 loss=0.1172 AOPCR=  0.492 NDCG=  n/a C=  2 T=  288 (12s)  [95 trained / 0 failed so far]
[ 97/129] EOGHorizontalSignal
    stage 1/3: loading data ...
    stage 2/3: training on 290 series (val=72, C=12, T=1250, batch=16) ...
    stage 3/3: scoring on 362 test series (accuracy + AOPCR) ...
    [mlflow] versioned model 'seanet_inputgate_topk__mstcn_sep_inputgate_topk_conjunctive' (id=m-339aa15e70854679a6bdd69ae5208df1) params={'model_size_mb': '1.4892', 'n_model_params': '58240', 'name': 'seanet_inputgate_topk'}
    [mlflow] logged run 'seanet_inputgate_topk_EOGHorizontalSignal'  (train_acc=1.0000 val_acc=0.8750 test_acc=0.5773 test_loss=1.4922)
[ 97/129] EOGHorizontalSignal          DONE  acc=0.5773 loss=1.4922 AOPCR=  2.419 NDCG=  n/a C= 12 T= 1250 (48s)  [96 trained / 0 failed so far]
[ 98/129] EOGVerticalSignal
    stage 1/3: loading data ...
    stage 2/3: training on 290 series (val=72, C=12, T=1250, batch=16) ...
    stage 3/3: scoring on 362 test series (accuracy + AOPCR) ...
    [mlflow] versioned model 'seanet_inputgate_topk__mstcn_sep_inputgate_topk_conjunctive' (id=m-f4b8e331ca874b7c8940163860cd1396) params={'model_size_mb': '1.4892', 'n_model_params': '58240', 'name': 'seanet_inputgate_topk'}
    [mlflow] logged run 'seanet_inputgate_topk_EOGVerticalSignal'  (train_acc=0.9828 val_acc=0.7778 test_acc=0.4475 test_loss=1.9087)
[ 98/129] EOGVerticalSignal            DONE  acc=0.4475 loss=1.9087 AOPCR=  1.780 NDCG=  n/a C= 12 T= 1250 (33s)  [97 trained / 0 failed so far]
[ 99/129] EthanolLevel
    stage 1/3: loading data ...
    stage 2/3: training on 404 series (val=100, C=4, T=1751, batch=16) ...
    stage 3/3: scoring on 500 test series (accuracy + AOPCR) ...
    [mlflow] versioned model 'seanet_inputgate_topk__mstcn_sep_inputgate_topk_conjunctive' (id=m-d9fda3cbb4ad4a71ba2870c37ef0c631) params={'model_size_mb': '1.487', 'n_model_params': '57648', 'name': 'seanet_inputgate_topk'}
    [mlflow] logged run 'seanet_inputgate_topk_EthanolLevel'  (train_acc=0.9010 val_acc=0.8000 test_acc=0.6900 test_loss=0.6908)
[ 99/129] EthanolLevel                 DONE  acc=0.6900 loss=0.6908 AOPCR=  0.932 NDCG=  n/a C=  4 T= 1751 (93s)  [98 trained / 0 failed so far]
[100/129] FreezerRegularTrain
    stage 1/3: loading data ...
    stage 2/3: training on 120 series (val=30, C=2, T=301, batch=12) ...
    stage 3/3: scoring on 2850 test series (accuracy + AOPCR) ...
    [mlflow] versioned model 'seanet_inputgate_topk__mstcn_sep_inputgate_topk_conjunctive' (id=m-c73d381825c64f4c8828f24f3d6a75a0) params={'model_size_mb': '1.4864', 'n_model_params': '57500', 'name': 'seanet_inputgate_topk'}
    [mlflow] logged run 'seanet_inputgate_topk_FreezerRegularTrain'  (train_acc=1.0000 val_acc=1.0000 test_acc=0.9912 test_loss=0.0793)
[100/129] FreezerRegularTrain          DONE  acc=0.9912 loss=0.0793 AOPCR=  2.514 NDCG=  n/a C=  2 T=  301 (27s)  [99 trained / 0 failed so far]
[101/129] FreezerSmallTrain
    stage 1/3: loading data ...
    stage 2/3: training on 28 series (no val (train-loss early stop), C=2, T=301, batch=2) ...
    stage 3/3: scoring on 2850 test series (accuracy + AOPCR) ...
    [mlflow] versioned model 'seanet_inputgate_topk__mstcn_sep_inputgate_topk_conjunctive' (id=m-bc44b56abcc0453dac6181a9f20d7110) params={'model_size_mb': '1.4864', 'n_model_params': '57500', 'name': 'seanet_inputgate_topk'}
    [mlflow] logged run 'seanet_inputgate_topk_FreezerSmallTrain'  (train_acc=1.0000 test_acc=0.8028 test_loss=0.6311)
[101/129] FreezerSmallTrain            DONE  acc=0.8028 loss=0.6311 AOPCR=  2.171 NDCG=  n/a C=  2 T=  301 (26s)  [100 trained / 0 failed so far]
[102/129] Fungi
    stage 1/3: loading data ...
    stage 2/3: training on 18 series (no val (train-loss early stop), C=18, T=201, batch=2) ...
    stage 3/3: scoring on 186 test series (accuracy + AOPCR) ...
    [mlflow] versioned model 'seanet_inputgate_topk__mstcn_sep_inputgate_topk_conjunctive' (id=m-b03e80cd3dae427aa6fab7fe5c878326) params={'model_size_mb': '1.4909', 'n_model_params': '58684', 'name': 'seanet_inputgate_topk'}
    [mlflow] logged run 'seanet_inputgate_topk_Fungi'  (train_acc=1.0000 test_acc=1.0000 test_loss=0.0867)
[102/129] Fungi                        DONE  acc=1.0000 loss=0.0867 AOPCR=  1.331 NDCG=  n/a C= 18 T=  201 (22s)  [101 trained / 0 failed so far]
[103/129] GestureMidAirD1
    stage 1/3: loading data ...
    stage 2/3: training on 182 series (val=26, C=26, T=360, batch=16) ...
    stage 3/3: scoring on 130 test series (accuracy + AOPCR) ...
    [mlflow] versioned model 'seanet_inputgate_topk__mstcn_sep_inputgate_topk_conjunctive' (id=m-de11ff13c7534ccfb6059cd3015bb9bc) params={'model_size_mb': '1.4931', 'n_model_params': '59276', 'name': 'seanet_inputgate_topk'}
    [mlflow] logged run 'seanet_inputgate_topk_GestureMidAirD1'  (train_acc=0.9286 val_acc=0.6923 test_acc=0.6923 test_loss=1.0828)
[103/129] GestureMidAirD1              DONE  acc=0.6923 loss=1.0828 AOPCR=  2.658 NDCG=  n/a C= 26 T=  360 (10s)  [102 trained / 0 failed so far]
[104/129] GestureMidAirD2
    stage 1/3: loading data ...
    stage 2/3: training on 182 series (val=26, C=26, T=360, batch=16) ...
    stage 3/3: scoring on 130 test series (accuracy + AOPCR) ...
    [mlflow] versioned model 'seanet_inputgate_topk__mstcn_sep_inputgate_topk_conjunctive' (id=m-c74701ec55a44f6fbaabe193001ac8f3) params={'model_size_mb': '1.4931', 'n_model_params': '59276', 'name': 'seanet_inputgate_topk'}
    [mlflow] logged run 'seanet_inputgate_topk_GestureMidAirD2'  (train_acc=0.7363 val_acc=0.4615 test_acc=0.6000 test_loss=1.3641)
[104/129] GestureMidAirD2              DONE  acc=0.6000 loss=1.3641 AOPCR=  2.911 NDCG=  n/a C= 26 T=  360 (10s)  [103 trained / 0 failed so far]
[105/129] GestureMidAirD3
    stage 1/3: loading data ...
    stage 2/3: training on 182 series (val=26, C=26, T=360, batch=16) ...
    stage 3/3: scoring on 130 test series (accuracy + AOPCR) ...
    [mlflow] versioned model 'seanet_inputgate_topk__mstcn_sep_inputgate_topk_conjunctive' (id=m-4210e7a52aba4c1a911fbc352ef9dd52) params={'model_size_mb': '1.4931', 'n_model_params': '59276', 'name': 'seanet_inputgate_topk'}
    [mlflow] logged run 'seanet_inputgate_topk_GestureMidAirD3'  (train_acc=0.9615 val_acc=0.4615 test_acc=0.3615 test_loss=2.2948)
[105/129] GestureMidAirD3              DONE  acc=0.3615 loss=2.2948 AOPCR=  1.655 NDCG=  n/a C= 26 T=  360 (12s)  [104 trained / 0 failed so far]
[106/129] GesturePebbleZ1
    stage 1/3: loading data ...
    stage 2/3: training on 107 series (val=25, C=6, T=455, batch=10) ...
    stage 3/3: scoring on 172 test series (accuracy + AOPCR) ...
    [mlflow] versioned model 'seanet_inputgate_topk__mstcn_sep_inputgate_topk_conjunctive' (id=m-86aca37c2204425bbf45adc5ea2bf282) params={'model_size_mb': '1.4875', 'n_model_params': '57796', 'name': 'seanet_inputgate_topk'}
    [mlflow] logged run 'seanet_inputgate_topk_GesturePebbleZ1'  (train_acc=1.0000 val_acc=0.9600 test_acc=0.9244 test_loss=0.2882)
[106/129] GesturePebbleZ1              DONE  acc=0.9244 loss=0.2882 AOPCR=  1.521 NDCG=  n/a C=  6 T=  455 (16s)  [105 trained / 0 failed so far]
[107/129] GesturePebbleZ2
    stage 1/3: loading data ...
    stage 2/3: training on 120 series (val=26, C=6, T=455, batch=12) ...
    stage 3/3: scoring on 158 test series (accuracy + AOPCR) ...
    [mlflow] versioned model 'seanet_inputgate_topk__mstcn_sep_inputgate_topk_conjunctive' (id=m-19557131f5fb4667b05b53ceff60b77a) params={'model_size_mb': '1.4875', 'n_model_params': '57796', 'name': 'seanet_inputgate_topk'}
    [mlflow] logged run 'seanet_inputgate_topk_GesturePebbleZ2'  (train_acc=1.0000 val_acc=1.0000 test_acc=0.9367 test_loss=0.2605)
[107/129] GesturePebbleZ2              DONE  acc=0.9367 loss=0.2605 AOPCR=  2.082 NDCG=  n/a C=  6 T=  455 (14s)  [106 trained / 0 failed so far]
[108/129] GunPointAgeSpan
    stage 1/3: loading data ...
    stage 2/3: training on 109 series (val=26, C=2, T=150, batch=10) ...
    stage 3/3: scoring on 316 test series (accuracy + AOPCR) ...
    [mlflow] versioned model 'seanet_inputgate_topk__mstcn_sep_inputgate_topk_conjunctive' (id=m-e564bd20a2a044b3aad7c8daa8b37b8a) params={'model_size_mb': '1.4864', 'n_model_params': '57500', 'name': 'seanet_inputgate_topk'}
    [mlflow] logged run 'seanet_inputgate_topk_GunPointAgeSpan'  (train_acc=1.0000 val_acc=1.0000 test_acc=0.9810 test_loss=0.1044)
[108/129] GunPointAgeSpan              DONE  acc=0.9810 loss=0.1044 AOPCR=  1.607 NDCG=  n/a C=  2 T=  150 (16s)  [107 trained / 0 failed so far]
[109/129] GunPointMaleVersusFemale
    stage 1/3: loading data ...
    stage 2/3: training on 109 series (val=26, C=2, T=150, batch=10) ...
    stage 3/3: scoring on 316 test series (accuracy + AOPCR) ...
    [mlflow] versioned model 'seanet_inputgate_topk__mstcn_sep_inputgate_topk_conjunctive' (id=m-79abe26d8c9c4128aad43f15ba425e51) params={'model_size_mb': '1.4864', 'n_model_params': '57500', 'name': 'seanet_inputgate_topk'}
    [mlflow] logged run 'seanet_inputgate_topk_GunPointMaleVersusFemale'  (train_acc=1.0000 val_acc=1.0000 test_acc=0.9968 test_loss=0.0737)
[109/129] GunPointMaleVersusFemale     DONE  acc=0.9968 loss=0.0737 AOPCR=  1.238 NDCG=  n/a C=  2 T=  150 (28s)  [108 trained / 0 failed so far]
[110/129] GunPointOldVersusYoung
    stage 1/3: loading data ...
    stage 2/3: training on 109 series (val=27, C=2, T=150, batch=10) ...
    stage 3/3: scoring on 315 test series (accuracy + AOPCR) ...
    [mlflow] versioned model 'seanet_inputgate_topk__mstcn_sep_inputgate_topk_conjunctive' (id=m-09d7857c343246359ef97b5b65aab0b3) params={'model_size_mb': '1.4864', 'n_model_params': '57500', 'name': 'seanet_inputgate_topk'}
    [mlflow] logged run 'seanet_inputgate_topk_GunPointOldVersusYoung'  (train_acc=1.0000 val_acc=1.0000 test_acc=0.9683 test_loss=0.1101)
[110/129] GunPointOldVersusYoung       DONE  acc=0.9683 loss=0.1101 AOPCR=  1.925 NDCG=  n/a C=  2 T=  150 (22s)  [109 trained / 0 failed so far]
[111/129] HouseTwenty
    stage 1/3: loading data ...
    stage 2/3: training on 40 series (no val (train-loss early stop), C=2, T=2000, batch=4) ...
    stage 3/3: scoring on 119 test series (accuracy + AOPCR) ...
    [mlflow] versioned model 'seanet_inputgate_topk__mstcn_sep_inputgate_topk_conjunctive' (id=m-bcee0aa189ee411e8551b2c3e2d72068) params={'model_size_mb': '1.4864', 'n_model_params': '57500', 'name': 'seanet_inputgate_topk'}
    [mlflow] logged run 'seanet_inputgate_topk_HouseTwenty'  (train_acc=1.0000 test_acc=0.9832 test_loss=0.1538)
[111/129] HouseTwenty                  DONE  acc=0.9832 loss=0.1538 AOPCR=  1.863 NDCG=  n/a C=  2 T= 2000 (38s)  [110 trained / 0 failed so far]
[112/129] InsectEPGRegularTrain
    stage 1/3: loading data ...
    stage 2/3: training on 62 series (no val (train-loss early stop), C=3, T=601, batch=6) ...
    stage 3/3: scoring on 249 test series (accuracy + AOPCR) ...
    [mlflow] versioned model 'seanet_inputgate_topk__mstcn_sep_inputgate_topk_conjunctive' (id=m-8c0d8d8bd4994707b1edd1ffdbae00fd) params={'model_size_mb': '1.4867', 'n_model_params': '57574', 'name': 'seanet_inputgate_topk'}
    [mlflow] logged run 'seanet_inputgate_topk_InsectEPGRegularTrain'  (train_acc=1.0000 test_acc=0.9839 test_loss=0.1252)
[112/129] InsectEPGRegularTrain        DONE  acc=0.9839 loss=0.1252 AOPCR=  1.670 NDCG=  n/a C=  3 T=  601 (15s)  [111 trained / 0 failed so far]
[113/129] InsectEPGSmallTrain
    stage 1/3: loading data ...
    stage 2/3: training on 17 series (no val (train-loss early stop), C=3, T=601, batch=2) ...
    stage 3/3: scoring on 249 test series (accuracy + AOPCR) ...
    [mlflow] versioned model 'seanet_inputgate_topk__mstcn_sep_inputgate_topk_conjunctive' (id=m-f713eb7af3984e53ab36b241d5cf3161) params={'model_size_mb': '1.4867', 'n_model_params': '57574', 'name': 'seanet_inputgate_topk'}
    [mlflow] logged run 'seanet_inputgate_topk_InsectEPGSmallTrain'  (train_acc=1.0000 test_acc=0.8313 test_loss=0.4186)
[113/129] InsectEPGSmallTrain          DONE  acc=0.8313 loss=0.4186 AOPCR=  1.300 NDCG=  n/a C=  3 T=  601 (32s)  [112 trained / 0 failed so far]
[114/129] MelbournePedestrian
    stage 1/3: loading data ...
    stage 2/3: training on 956 series (val=238, C=10, T=24, batch=16) ...
    stage 3/3: scoring on 2439 test series (accuracy + AOPCR) ...
    [mlflow] versioned model 'seanet_inputgate_topk__mstcn_sep_inputgate_topk_conjunctive' (id=m-2494809ae3974d64bbe2a1700af13af1) params={'model_size_mb': '1.4886', 'n_model_params': '58092', 'name': 'seanet_inputgate_topk'}
    [mlflow] logged run 'seanet_inputgate_topk_MelbournePedestrian'  (train_acc=1.0000 val_acc=0.9160 test_acc=0.9053 test_loss=0.3677)
[114/129] MelbournePedestrian          DONE  acc=0.9053 loss=0.3677 AOPCR=  0.246 NDCG=  n/a C= 10 T=   24 (144s)  [113 trained / 0 failed so far]
[115/129] MixedShapesRegularTrain
    stage 1/3: loading data ...
    stage 2/3: training on 400 series (val=100, C=5, T=1024, batch=16) ...
    stage 3/3: scoring on 2425 test series (accuracy + AOPCR) ...
    [mlflow] versioned model 'seanet_inputgate_topk__mstcn_sep_inputgate_topk_conjunctive' (id=m-b318e17ea06343b094beb8d48cd6d4c7) params={'model_size_mb': '1.4872', 'n_model_params': '57722', 'name': 'seanet_inputgate_topk'}
    [mlflow] logged run 'seanet_inputgate_topk_MixedShapesRegularTrain'  (train_acc=1.0000 val_acc=0.9600 test_acc=0.9699 test_loss=0.1900)
[115/129] MixedShapesRegularTrain      DONE  acc=0.9699 loss=0.1900 AOPCR=  1.623 NDCG=  n/a C=  5 T= 1024 (60s)  [114 trained / 0 failed so far]
[116/129] MixedShapesSmallTrain
    stage 1/3: loading data ...
    stage 2/3: training on 80 series (val=20, C=5, T=1024, batch=8) ...
    stage 3/3: scoring on 2425 test series (accuracy + AOPCR) ...
    [mlflow] versioned model 'seanet_inputgate_topk__mstcn_sep_inputgate_topk_conjunctive' (id=m-fc34da0aa3ec496fafd19e34e9d26aea) params={'model_size_mb': '1.4872', 'n_model_params': '57722', 'name': 'seanet_inputgate_topk'}
    [mlflow] logged run 'seanet_inputgate_topk_MixedShapesSmallTrain'  (train_acc=1.0000 val_acc=0.9500 test_acc=0.8779 test_loss=0.4167)
[116/129] MixedShapesSmallTrain        DONE  acc=0.8779 loss=0.4167 AOPCR=  0.846 NDCG=  n/a C=  5 T= 1024 (14s)  [115 trained / 0 failed so far]
[117/129] PLAID
    stage 1/3: loading data ...
    stage 2/3: training on 436 series (val=101, C=11, T=1344, batch=16) ...
    stage 3/3: scoring on 537 test series (accuracy + AOPCR) ...
    [mlflow] versioned model 'seanet_inputgate_topk__mstcn_sep_inputgate_topk_conjunctive' (id=m-cb83d405cdf649759bb673dd7cb45da1) params={'model_size_mb': '1.4889', 'n_model_params': '58166', 'name': 'seanet_inputgate_topk'}
    [mlflow] logged run 'seanet_inputgate_topk_PLAID'  (train_acc=0.9427 val_acc=0.8713 test_acc=0.8827 test_loss=0.4036)
[117/129] PLAID                        DONE  acc=0.8827 loss=0.4036 AOPCR=  1.154 NDCG=  n/a C= 11 T= 1344 (40s)  [116 trained / 0 failed so far]
[118/129] PickupGestureWiimoteZ
    stage 1/3: loading data ...
    stage 2/3: training on 50 series (no val (train-loss early stop), C=10, T=361, batch=5) ...
    stage 3/3: scoring on 50 test series (accuracy + AOPCR) ...
    [mlflow] versioned model 'seanet_inputgate_topk__mstcn_sep_inputgate_topk_conjunctive' (id=m-d15cefbe538540bd89f8b6acdc37f50a) params={'model_size_mb': '1.4886', 'n_model_params': '58092', 'name': 'seanet_inputgate_topk'}
    [mlflow] logged run 'seanet_inputgate_topk_PickupGestureWiimoteZ'  (train_acc=1.0000 test_acc=0.8000 test_loss=0.6664)
[118/129] PickupGestureWiimoteZ        DONE  acc=0.8000 loss=0.6664 AOPCR=  1.077 NDCG=  n/a C= 10 T=  361 (37s)  [117 trained / 0 failed so far]
[119/129] PigAirwayPressure
    stage 1/3: loading data ...
    stage 2/3: training on 52 series (val=52, C=52, T=2000, batch=5) ...
    stage 3/3: scoring on 208 test series (accuracy + AOPCR) ...
    [mlflow] versioned model 'seanet_inputgate_topk__mstcn_sep_inputgate_topk_conjunctive' (id=m-39ccb92c1d1c48979efcaa40b681eb8f) params={'model_size_mb': '1.5005', 'n_model_params': '61200', 'name': 'seanet_inputgate_topk'}
    [mlflow] logged run 'seanet_inputgate_topk_PigAirwayPressure'  (train_acc=0.0577 val_acc=0.0385 test_acc=0.0385 test_loss=3.8783)
[119/129] PigAirwayPressure            DONE  acc=0.0385 loss=3.8783 AOPCR=  0.573 NDCG=  n/a C= 52 T= 2000 (8s)  [118 trained / 0 failed so far]
[120/129] PigArtPressure
    stage 1/3: loading data ...
    stage 2/3: training on 52 series (val=52, C=52, T=2000, batch=5) ...
    stage 3/3: scoring on 208 test series (accuracy + AOPCR) ...
    [mlflow] versioned model 'seanet_inputgate_topk__mstcn_sep_inputgate_topk_conjunctive' (id=m-339c8bb880a743fd8b7149a66b491274) params={'model_size_mb': '1.5005', 'n_model_params': '61200', 'name': 'seanet_inputgate_topk'}
    [mlflow] logged run 'seanet_inputgate_topk_PigArtPressure'  (train_acc=1.0000 val_acc=0.8462 test_acc=0.8990 test_loss=0.4340)
[120/129] PigArtPressure               DONE  acc=0.8990 loss=0.4340 AOPCR=  0.993 NDCG=  n/a C= 52 T= 2000 (45s)  [119 trained / 0 failed so far]
[121/129] PigCVP
    stage 1/3: loading data ...
    stage 2/3: training on 52 series (val=52, C=52, T=2000, batch=5) ...
    stage 3/3: scoring on 208 test series (accuracy + AOPCR) ...
    [mlflow] versioned model 'seanet_inputgate_topk__mstcn_sep_inputgate_topk_conjunctive' (id=m-6459f2ee1f00401498e665f71b363339) params={'model_size_mb': '1.5005', 'n_model_params': '61200', 'name': 'seanet_inputgate_topk'}
    [mlflow] logged run 'seanet_inputgate_topk_PigCVP'  (train_acc=1.0000 val_acc=0.6731 test_acc=0.6923 test_loss=1.4332)
[121/129] PigCVP                       DONE  acc=0.6923 loss=1.4332 AOPCR=  1.968 NDCG=  n/a C= 52 T= 2000 (28s)  [120 trained / 0 failed so far]
[122/129] PowerCons
    stage 1/3: loading data ...
    stage 2/3: training on 144 series (val=36, C=2, T=144, batch=14) ...
    stage 3/3: scoring on 180 test series (accuracy + AOPCR) ...
    [mlflow] versioned model 'seanet_inputgate_topk__mstcn_sep_inputgate_topk_conjunctive' (id=m-7bb6621090f64b02ad0cd6b0e81e5963) params={'model_size_mb': '1.4864', 'n_model_params': '57500', 'name': 'seanet_inputgate_topk'}
    [mlflow] logged run 'seanet_inputgate_topk_PowerCons'  (train_acc=1.0000 val_acc=0.9722 test_acc=0.9389 test_loss=0.1587)
[122/129] PowerCons                    DONE  acc=0.9389 loss=0.1587 AOPCR=  1.181 NDCG=  n/a C=  2 T=  144 (12s)  [121 trained / 0 failed so far]
[123/129] Rock
    stage 1/3: loading data ...
    stage 2/3: training on 20 series (no val (train-loss early stop), C=4, T=2844, batch=2) ...
    stage 3/3: scoring on 50 test series (accuracy + AOPCR) ...
    [mlflow] versioned model 'seanet_inputgate_topk__mstcn_sep_inputgate_topk_conjunctive' (id=m-e7ff90e3088846728b1745ad1ac89981) params={'model_size_mb': '1.487', 'n_model_params': '57648', 'name': 'seanet_inputgate_topk'}
    [mlflow] logged run 'seanet_inputgate_topk_Rock'  (train_acc=1.0000 test_acc=0.6400 test_loss=1.2045)
[123/129] Rock                         DONE  acc=0.6400 loss=1.2045 AOPCR=  2.505 NDCG=  n/a C=  4 T= 2844 (28s)  [122 trained / 0 failed so far]
[124/129] SemgHandGenderCh2
    stage 1/3: loading data ...
    stage 2/3: training on 240 series (val=60, C=2, T=1500, batch=16) ...
    stage 3/3: scoring on 600 test series (accuracy + AOPCR) ...
    [mlflow] versioned model 'seanet_inputgate_topk__mstcn_sep_inputgate_topk_conjunctive' (id=m-f2c4dd2d6e774f5bad4c082ffa9e9761) params={'model_size_mb': '1.4864', 'n_model_params': '57500', 'name': 'seanet_inputgate_topk'}
    [mlflow] logged run 'seanet_inputgate_topk_SemgHandGenderCh2'  (train_acc=0.9833 val_acc=0.8667 test_acc=0.7883 test_loss=0.4660)
[124/129] SemgHandGenderCh2            DONE  acc=0.7883 loss=0.4660 AOPCR=  2.136 NDCG=  n/a C=  2 T= 1500 (23s)  [123 trained / 0 failed so far]
[125/129] SemgHandMovementCh2
    stage 1/3: loading data ...
    stage 2/3: training on 360 series (val=90, C=6, T=1500, batch=16) ...
    stage 3/3: scoring on 450 test series (accuracy + AOPCR) ...
    [mlflow] versioned model 'seanet_inputgate_topk__mstcn_sep_inputgate_topk_conjunctive' (id=m-172f682341e6439caf164b380ff2d626) params={'model_size_mb': '1.4875', 'n_model_params': '57796', 'name': 'seanet_inputgate_topk'}
    [mlflow] logged run 'seanet_inputgate_topk_SemgHandMovementCh2'  (train_acc=0.7778 val_acc=0.6778 test_acc=0.5867 test_loss=1.1236)
[125/129] SemgHandMovementCh2          DONE  acc=0.5867 loss=1.1236 AOPCR=  2.112 NDCG=  n/a C=  6 T= 1500 (28s)  [124 trained / 0 failed so far]
[126/129] SemgHandSubjectCh2
    stage 1/3: loading data ...
    stage 2/3: training on 360 series (val=90, C=5, T=1500, batch=16) ...
    stage 3/3: scoring on 450 test series (accuracy + AOPCR) ...
    [mlflow] versioned model 'seanet_inputgate_topk__mstcn_sep_inputgate_topk_conjunctive' (id=m-3eb1fb6dc51b46f08b096806cf38bf2d) params={'model_size_mb': '1.4872', 'n_model_params': '57722', 'name': 'seanet_inputgate_topk'}
    [mlflow] logged run 'seanet_inputgate_topk_SemgHandSubjectCh2'  (train_acc=0.9889 val_acc=0.9333 test_acc=0.8578 test_loss=0.4694)
[126/129] SemgHandSubjectCh2           DONE  acc=0.8578 loss=0.4694 AOPCR=  2.775 NDCG=  n/a C=  5 T= 1500 (27s)  [125 trained / 0 failed so far]
[127/129] ShakeGestureWiimoteZ
    stage 1/3: loading data ...
    stage 2/3: training on 50 series (no val (train-loss early stop), C=10, T=385, batch=5) ...
    stage 3/3: scoring on 50 test series (accuracy + AOPCR) ...
    [mlflow] versioned model 'seanet_inputgate_topk__mstcn_sep_inputgate_topk_conjunctive' (id=m-9d4ab3de96ff4d7a95902c947ecb8876) params={'model_size_mb': '1.4886', 'n_model_params': '58092', 'name': 'seanet_inputgate_topk'}
    [mlflow] logged run 'seanet_inputgate_topk_ShakeGestureWiimoteZ'  (train_acc=1.0000 test_acc=0.9000 test_loss=0.4355)
[127/129] ShakeGestureWiimoteZ         DONE  acc=0.9000 loss=0.4355 AOPCR=  0.577 NDCG=  n/a C= 10 T=  385 (42s)  [126 trained / 0 failed so far]
[128/129] SmoothSubspace
    stage 1/3: loading data ...
    stage 2/3: training on 120 series (val=30, C=3, T=15, batch=12) ...
    stage 3/3: scoring on 150 test series (accuracy + AOPCR) ...
    [mlflow] versioned model 'seanet_inputgate_topk__mstcn_sep_inputgate_topk_conjunctive' (id=m-b03b128966de45a9a1e373f914aee120) params={'model_size_mb': '1.4867', 'n_model_params': '57574', 'name': 'seanet_inputgate_topk'}
    [mlflow] logged run 'seanet_inputgate_topk_SmoothSubspace'  (train_acc=1.0000 val_acc=1.0000 test_acc=0.9800 test_loss=0.1254)
[128/129] SmoothSubspace               DONE  acc=0.9800 loss=0.1254 AOPCR=  0.798 NDCG=  n/a C=  3 T=   15 (30s)  [127 trained / 0 failed so far]
[129/129] UMD
    stage 1/3: loading data ...
    stage 2/3: training on 36 series (no val (train-loss early stop), C=3, T=150, batch=3) ...
    stage 3/3: scoring on 144 test series (accuracy + AOPCR) ...
    [mlflow] versioned model 'seanet_inputgate_topk__mstcn_sep_inputgate_topk_conjunctive' (id=m-3cc4400b8bfc4a4eb4c2ab9f88b5978c) params={'model_size_mb': '1.4867', 'n_model_params': '57574', 'name': 'seanet_inputgate_topk'}
    [mlflow] logged run 'seanet_inputgate_topk_UMD'  (train_acc=1.0000 test_acc=0.9931 test_loss=0.1140)
[129/129] UMD                          DONE  acc=0.9931 loss=0.1140 AOPCR=  1.040 NDCG=  n/a C=  3 T=  150 (23s)  [128 trained / 0 failed so far]

Done: 128 trained, 1 skipped, 0 failed.
Results -> results/SEA_NET/seanet_inputgate_topk__mstcn_sep_inputgate_topk_conjunctive/results.csv

=== seanet_inputgate_topk__mstcn_sep_inputgate_topk_conjunctive vs MILLET ConjunctiveInceptionTime (mean of 5 reps) ===
  UCR datasets evaluated: 128  (with MILLET baseline: 85, without: 43)
  metric        ours    MILLET   win/tie/loss   (mean over the 85 datasets MILLET published)
  acc         0.8131    0.8445       23/16/46   
  loss        0.5365    1.2241        60/1/24   (lower is better)
  aopcr       0.9636    4.5532         3/1/81   
  wrote results/SEA_NET/seanet_inputgate_topk__mstcn_sep_inputgate_topk_conjunctive/comparison_vs_millet.csv

Next: `python main.py report` to draw the figures for seanet_inputgate_topk__mstcn_sep_inputgate_topk_conjunctive.

[log] finished; full output saved to results/SEA_NET/seanet_inputgate_topk__mstcn_sep_inputgate_topk_conjunctive/logs/train_2026-07-24_14-59-45.log
