[log] command 'train' started at 2026-07-25_02-20-23 for model 'seanet_bottleneck_gatedattn__mstcn_sep_bottleneck_gated_attention'
[log] a copy of everything below is being saved to: results/SEA_NET/seanet_bottleneck_gatedattn__mstcn_sep_bottleneck_gated_attention/logs/train_2026-07-25_02-20-23.log

=== train: model=seanet_bottleneck_gatedattn__mstcn_sep_bottleneck_gated_attention (config sv5/seanet_bottleneck_gatedattn) device=cuda mode=full datasets=129 ===
[params] using DEFAULT recipe (no Optuna record yet - run 'python main.py optuna --model sv5/seanet_bottleneck_gatedattn').
  results  -> results/SEA_NET/seanet_bottleneck_gatedattn__mstcn_sep_bottleneck_gated_attention/results.csv
  resume   -> results/SEA_NET/seanet_bottleneck_gatedattn__mstcn_sep_bottleneck_gated_attention/done_train_dataset.txt  (delete it to retrain everything; delete one line to retrain that dataset)

  [mlflow] logging runs to experiment 'SEA-Net_seanet_bottleneck_gatedattn__mstcn_sep_bottleneck_gated_attention_2026-07-25' at sqlite:///mlflow.db
  [mlflow] browse later with:  mlflow ui --backend-store-uri sqlite:///mlflow.db
[  1/129] WebTraffic                   already done -> skip
[  2/129] Adiac
    stage 1/3: loading data ...
    stage 2/3: training on 328 series (val=62, C=37, T=176, batch=16) ...
    stage 3/3: scoring on 391 test series (accuracy + AOPCR) ...
    [mlflow] versioned model 'seanet_bottleneck_gatedattn__mstcn_sep_bottleneck_gated_attention' (id=m-763d045b7bb54227a4b596f828006cb6) params={'model_size_mb': '1.4379', 'n_model_params': '43842', 'name': 'seanet_bottleneck_gatedattn'}
    [mlflow] logged run 'seanet_bottleneck_gatedattn_Adiac'  (train_acc=0.9390 val_acc=0.7742 test_acc=0.7391 test_loss=0.9596)
[  2/129] Adiac                        DONE  acc=0.7391 loss=0.9596 AOPCR=  0.617 NDCG=  n/a C= 37 T=  176 (55s)  [1 trained / 0 failed so far]
[  3/129] ArrowHead
    stage 1/3: loading data ...
    stage 2/3: training on 36 series (no val (train-loss early stop), C=3, T=251, batch=3) ...
    stage 3/3: scoring on 175 test series (accuracy + AOPCR) ...
    [mlflow] versioned model 'seanet_bottleneck_gatedattn__mstcn_sep_bottleneck_gated_attention' (id=m-48756e6e2d15450e99adcdc38b9a2d11) params={'model_size_mb': '1.4283', 'n_model_params': '41326', 'name': 'seanet_bottleneck_gatedattn'}
    [mlflow] logged run 'seanet_bottleneck_gatedattn_ArrowHead'  (train_acc=1.0000 test_acc=0.8229 test_loss=0.5440)
[  3/129] ArrowHead                    DONE  acc=0.8229 loss=0.5440 AOPCR=  0.477 NDCG=  n/a C=  3 T=  251 (24s)  [2 trained / 0 failed so far]
[  4/129] Beef
    stage 1/3: loading data ...
    stage 2/3: training on 30 series (no val (train-loss early stop), C=5, T=470, batch=3) ...
    stage 3/3: scoring on 30 test series (accuracy + AOPCR) ...
    [mlflow] versioned model 'seanet_bottleneck_gatedattn__mstcn_sep_bottleneck_gated_attention' (id=m-3529f5e7c93440d785e29acc50384278) params={'model_size_mb': '1.4288', 'n_model_params': '41474', 'name': 'seanet_bottleneck_gatedattn'}
    [mlflow] logged run 'seanet_bottleneck_gatedattn_Beef'  (train_acc=1.0000 test_acc=0.7333 test_loss=0.5783)
[  4/129] Beef                         DONE  acc=0.7333 loss=0.5783 AOPCR=  1.425 NDCG=  n/a C=  5 T=  470 (20s)  [3 trained / 0 failed so far]
[  5/129] BeetleFly
    stage 1/3: loading data ...
    stage 2/3: training on 20 series (no val (train-loss early stop), C=2, T=512, batch=2) ...
    stage 3/3: scoring on 20 test series (accuracy + AOPCR) ...
    [mlflow] versioned model 'seanet_bottleneck_gatedattn__mstcn_sep_bottleneck_gated_attention' (id=m-89ff92ee1765400eaf2e75e8c930ff64) params={'model_size_mb': '1.428', 'n_model_params': '41252', 'name': 'seanet_bottleneck_gatedattn'}
    [mlflow] logged run 'seanet_bottleneck_gatedattn_BeetleFly'  (train_acc=1.0000 test_acc=0.7000 test_loss=0.4760)
[  5/129] BeetleFly                    DONE  acc=0.7000 loss=0.4760 AOPCR= -0.300 NDCG=  n/a C=  2 T=  512 (13s)  [4 trained / 0 failed so far]
[  6/129] BirdChicken
    stage 1/3: loading data ...
    stage 2/3: training on 20 series (no val (train-loss early stop), C=2, T=512, batch=2) ...
    stage 3/3: scoring on 20 test series (accuracy + AOPCR) ...
    [mlflow] versioned model 'seanet_bottleneck_gatedattn__mstcn_sep_bottleneck_gated_attention' (id=m-8f0034f4bc34491abe6dda918dc6d445) params={'model_size_mb': '1.428', 'n_model_params': '41252', 'name': 'seanet_bottleneck_gatedattn'}
    [mlflow] logged run 'seanet_bottleneck_gatedattn_BirdChicken'  (train_acc=1.0000 test_acc=0.8000 test_loss=0.2962)
[  6/129] BirdChicken                  DONE  acc=0.8000 loss=0.2962 AOPCR=  0.025 NDCG=  n/a C=  2 T=  512 (23s)  [5 trained / 0 failed so far]
[  7/129] Car
    stage 1/3: loading data ...
    stage 2/3: training on 60 series (no val (train-loss early stop), C=4, T=577, batch=6) ...
    stage 3/3: scoring on 60 test series (accuracy + AOPCR) ...
    [mlflow] versioned model 'seanet_bottleneck_gatedattn__mstcn_sep_bottleneck_gated_attention' (id=m-23c35520c5004a338e387a8eac9d418d) params={'model_size_mb': '1.4286', 'n_model_params': '41400', 'name': 'seanet_bottleneck_gatedattn'}
    [mlflow] logged run 'seanet_bottleneck_gatedattn_Car'  (train_acc=1.0000 test_acc=0.8333 test_loss=0.4259)
[  7/129] Car                          DONE  acc=0.8333 loss=0.4259 AOPCR=  1.078 NDCG=  n/a C=  4 T=  577 (26s)  [6 trained / 0 failed so far]
[  8/129] CBF
    stage 1/3: loading data ...
    stage 2/3: training on 30 series (no val (train-loss early stop), C=3, T=128, batch=3) ...
    stage 3/3: scoring on 900 test series (accuracy + AOPCR) ...
    [mlflow] versioned model 'seanet_bottleneck_gatedattn__mstcn_sep_bottleneck_gated_attention' (id=m-79158cb639b04dfaa9b8da992f7d84ee) params={'model_size_mb': '1.4283', 'n_model_params': '41326', 'name': 'seanet_bottleneck_gatedattn'}
    [mlflow] logged run 'seanet_bottleneck_gatedattn_CBF'  (train_acc=1.0000 test_acc=0.9944 test_loss=0.1053)
[  8/129] CBF                          DONE  acc=0.9944 loss=0.1053 AOPCR=  0.773 NDCG=  n/a C=  3 T=  128 (19s)  [7 trained / 0 failed so far]
[  9/129] ChlorineConcentration
    stage 1/3: loading data ...
    stage 2/3: training on 375 series (val=92, C=3, T=166, batch=16) ...
    stage 3/3: scoring on 3840 test series (accuracy + AOPCR) ...
    [mlflow] versioned model 'seanet_bottleneck_gatedattn__mstcn_sep_bottleneck_gated_attention' (id=m-a576ba67699241dcba9cf691d6f2f11e) params={'model_size_mb': '1.4283', 'n_model_params': '41326', 'name': 'seanet_bottleneck_gatedattn'}
    [mlflow] logged run 'seanet_bottleneck_gatedattn_ChlorineConcentration'  (train_acc=0.8960 val_acc=0.6957 test_acc=0.6997 test_loss=0.6926)
[  9/129] ChlorineConcentration        DONE  acc=0.6997 loss=0.6926 AOPCR= -0.055 NDCG=  n/a C=  3 T=  166 (53s)  [8 trained / 0 failed so far]
[ 10/129] CinCECGTorso
    stage 1/3: loading data ...
    stage 2/3: training on 40 series (no val (train-loss early stop), C=4, T=1639, batch=4) ...
    stage 3/3: scoring on 1380 test series (accuracy + AOPCR) ...
    [mlflow] versioned model 'seanet_bottleneck_gatedattn__mstcn_sep_bottleneck_gated_attention' (id=m-d3d83e89231641a29bece30e9a150d21) params={'model_size_mb': '1.4286', 'n_model_params': '41400', 'name': 'seanet_bottleneck_gatedattn'}
    [mlflow] logged run 'seanet_bottleneck_gatedattn_CinCECGTorso'  (train_acc=1.0000 test_acc=0.7877 test_loss=0.6209)
[ 10/129] CinCECGTorso                 DONE  acc=0.7877 loss=0.6209 AOPCR=  0.689 NDCG=  n/a C=  4 T= 1639 (24s)  [9 trained / 0 failed so far]
[ 11/129] Coffee
    stage 1/3: loading data ...
    stage 2/3: training on 28 series (no val (train-loss early stop), C=2, T=286, batch=2) ...
    stage 3/3: scoring on 28 test series (accuracy + AOPCR) ...
    [mlflow] versioned model 'seanet_bottleneck_gatedattn__mstcn_sep_bottleneck_gated_attention' (id=m-07e4175617db406ebe46c8b6199df330) params={'model_size_mb': '1.428', 'n_model_params': '41252', 'name': 'seanet_bottleneck_gatedattn'}
    [mlflow] logged run 'seanet_bottleneck_gatedattn_Coffee'  (train_acc=1.0000 test_acc=1.0000 test_loss=0.0686)
[ 11/129] Coffee                       DONE  acc=1.0000 loss=0.0686 AOPCR=  0.015 NDCG=  n/a C=  2 T=  286 (15s)  [10 trained / 0 failed so far]
[ 12/129] Computers
    stage 1/3: loading data ...
    stage 2/3: training on 200 series (val=50, C=2, T=720, batch=16) ...
    stage 3/3: scoring on 250 test series (accuracy + AOPCR) ...
    [mlflow] versioned model 'seanet_bottleneck_gatedattn__mstcn_sep_bottleneck_gated_attention' (id=m-22cc1c9a4bd9408c9bcc074197be93f3) params={'model_size_mb': '1.428', 'n_model_params': '41252', 'name': 'seanet_bottleneck_gatedattn'}
    [mlflow] logged run 'seanet_bottleneck_gatedattn_Computers'  (train_acc=0.9650 val_acc=0.8400 test_acc=0.7000 test_loss=0.6410)
[ 12/129] Computers                    DONE  acc=0.7000 loss=0.6410 AOPCR=  0.274 NDCG=  n/a C=  2 T=  720 (12s)  [11 trained / 0 failed so far]
[ 13/129] CricketX
    stage 1/3: loading data ...
    stage 2/3: training on 317 series (val=73, C=12, T=300, batch=16) ...
    stage 3/3: scoring on 390 test series (accuracy + AOPCR) ...
    [mlflow] versioned model 'seanet_bottleneck_gatedattn__mstcn_sep_bottleneck_gated_attention' (id=m-ace937addda347998c551bb4f700ec55) params={'model_size_mb': '1.4308', 'n_model_params': '41992', 'name': 'seanet_bottleneck_gatedattn'}
    [mlflow] logged run 'seanet_bottleneck_gatedattn_CricketX'  (train_acc=1.0000 val_acc=0.8904 test_acc=0.8410 test_loss=0.6323)
[ 13/129] CricketX                     DONE  acc=0.8410 loss=0.6323 AOPCR=  1.789 NDCG=  n/a C= 12 T=  300 (32s)  [12 trained / 0 failed so far]
[ 14/129] CricketY
    stage 1/3: loading data ...
    stage 2/3: training on 317 series (val=73, C=12, T=300, batch=16) ...
    stage 3/3: scoring on 390 test series (accuracy + AOPCR) ...
    [mlflow] versioned model 'seanet_bottleneck_gatedattn__mstcn_sep_bottleneck_gated_attention' (id=m-d7ddad9b3e2546d3994de1b38b2257d9) params={'model_size_mb': '1.4308', 'n_model_params': '41992', 'name': 'seanet_bottleneck_gatedattn'}
    [mlflow] logged run 'seanet_bottleneck_gatedattn_CricketY'  (train_acc=0.9968 val_acc=0.9041 test_acc=0.7692 test_loss=0.7158)
[ 14/129] CricketY                     DONE  acc=0.7692 loss=0.7158 AOPCR=  1.385 NDCG=  n/a C= 12 T=  300 (18s)  [13 trained / 0 failed so far]
[ 15/129] CricketZ
    stage 1/3: loading data ...
    stage 2/3: training on 316 series (val=74, C=12, T=300, batch=16) ...
    stage 3/3: scoring on 390 test series (accuracy + AOPCR) ...
    [mlflow] versioned model 'seanet_bottleneck_gatedattn__mstcn_sep_bottleneck_gated_attention' (id=m-10c9c719462b440383be34e9cf8598f2) params={'model_size_mb': '1.4308', 'n_model_params': '41992', 'name': 'seanet_bottleneck_gatedattn'}
    [mlflow] logged run 'seanet_bottleneck_gatedattn_CricketZ'  (train_acc=1.0000 val_acc=0.8784 test_acc=0.8077 test_loss=0.7263)
[ 15/129] CricketZ                     DONE  acc=0.8077 loss=0.7263 AOPCR=  1.625 NDCG=  n/a C= 12 T=  300 (30s)  [14 trained / 0 failed so far]
[ 16/129] DiatomSizeReduction
    stage 1/3: loading data ...
    stage 2/3: training on 16 series (no val (train-loss early stop), C=4, T=345, batch=2) ...
    stage 3/3: scoring on 306 test series (accuracy + AOPCR) ...
    [mlflow] versioned model 'seanet_bottleneck_gatedattn__mstcn_sep_bottleneck_gated_attention' (id=m-e741dd26eddb436e8ebaa3bd0891bb69) params={'model_size_mb': '1.4286', 'n_model_params': '41400', 'name': 'seanet_bottleneck_gatedattn'}
    [mlflow] logged run 'seanet_bottleneck_gatedattn_DiatomSizeReduction'  (train_acc=1.0000 test_acc=0.9314 test_loss=0.1965)
[ 16/129] DiatomSizeReduction          DONE  acc=0.9314 loss=0.1965 AOPCR=  1.318 NDCG=  n/a C=  4 T=  345 (14s)  [15 trained / 0 failed so far]
[ 17/129] DistalPhalanxOutlineAgeGroup
    stage 1/3: loading data ...
    stage 2/3: training on 321 series (val=79, C=3, T=80, batch=16) ...
    stage 3/3: scoring on 139 test series (accuracy + AOPCR) ...
    [mlflow] versioned model 'seanet_bottleneck_gatedattn__mstcn_sep_bottleneck_gated_attention' (id=m-e3d6b2d114f841558d25e21f5e78efda) params={'model_size_mb': '1.4283', 'n_model_params': '41326', 'name': 'seanet_bottleneck_gatedattn'}
    [mlflow] logged run 'seanet_bottleneck_gatedattn_DistalPhalanxOutlineAgeGroup'  (train_acc=0.8785 val_acc=0.8481 test_acc=0.7482 test_loss=0.5394)
[ 17/129] DistalPhalanxOutlineAgeGroup DONE  acc=0.7482 loss=0.5394 AOPCR=  0.124 NDCG=  n/a C=  3 T=   80 (20s)  [16 trained / 0 failed so far]
[ 18/129] DistalPhalanxOutlineCorrect
    stage 1/3: loading data ...
    stage 2/3: training on 481 series (val=119, C=2, T=80, batch=16) ...
    stage 3/3: scoring on 276 test series (accuracy + AOPCR) ...
    [mlflow] versioned model 'seanet_bottleneck_gatedattn__mstcn_sep_bottleneck_gated_attention' (id=m-973684683eea4eb3865e25b665983c7f) params={'model_size_mb': '1.428', 'n_model_params': '41252', 'name': 'seanet_bottleneck_gatedattn'}
    [mlflow] logged run 'seanet_bottleneck_gatedattn_DistalPhalanxOutlineCorrect'  (train_acc=0.8940 val_acc=0.8824 test_acc=0.7645 test_loss=0.4781)
[ 18/129] DistalPhalanxOutlineCorrect  DONE  acc=0.7645 loss=0.4781 AOPCR=  0.244 NDCG=  n/a C=  2 T=   80 (20s)  [17 trained / 0 failed so far]
[ 19/129] DistalPhalanxTW
    stage 1/3: loading data ...
    stage 2/3: training on 323 series (val=77, C=6, T=80, batch=16) ...
    stage 3/3: scoring on 139 test series (accuracy + AOPCR) ...
    [mlflow] versioned model 'seanet_bottleneck_gatedattn__mstcn_sep_bottleneck_gated_attention' (id=m-23f317a668f740edbd3f2e65b8e78cc4) params={'model_size_mb': '1.4291', 'n_model_params': '41548', 'name': 'seanet_bottleneck_gatedattn'}
    [mlflow] logged run 'seanet_bottleneck_gatedattn_DistalPhalanxTW'  (train_acc=0.8204 val_acc=0.8312 test_acc=0.7122 test_loss=0.8316)
[ 19/129] DistalPhalanxTW              DONE  acc=0.7122 loss=0.8316 AOPCR=  0.647 NDCG=  n/a C=  6 T=   80 (12s)  [18 trained / 0 failed so far]
[ 20/129] Earthquakes
    stage 1/3: loading data ...
    stage 2/3: training on 259 series (val=63, C=2, T=512, batch=16) ...
    stage 3/3: scoring on 139 test series (accuracy + AOPCR) ...
    [mlflow] versioned model 'seanet_bottleneck_gatedattn__mstcn_sep_bottleneck_gated_attention' (id=m-3fc50c8b4570495ca9b254a8ca7422a6) params={'model_size_mb': '1.428', 'n_model_params': '41252', 'name': 'seanet_bottleneck_gatedattn'}
    [mlflow] logged run 'seanet_bottleneck_gatedattn_Earthquakes'  (train_acc=0.8224 val_acc=0.8254 test_acc=0.7482 test_loss=0.5252)
[ 20/129] Earthquakes                  DONE  acc=0.7482 loss=0.5252 AOPCR=  0.562 NDCG=  n/a C=  2 T=  512 (8s)  [19 trained / 0 failed so far]
[ 21/129] ECG200
    stage 1/3: loading data ...
    stage 2/3: training on 81 series (val=19, C=2, T=96, batch=8) ...
    stage 3/3: scoring on 100 test series (accuracy + AOPCR) ...
    [mlflow] versioned model 'seanet_bottleneck_gatedattn__mstcn_sep_bottleneck_gated_attention' (id=m-b0d66181492449719ded3433d6f5d076) params={'model_size_mb': '1.428', 'n_model_params': '41252', 'name': 'seanet_bottleneck_gatedattn'}
    [mlflow] logged run 'seanet_bottleneck_gatedattn_ECG200'  (train_acc=1.0000 val_acc=0.8947 test_acc=0.9100 test_loss=0.2934)
[ 21/129] ECG200                       DONE  acc=0.9100 loss=0.2934 AOPCR=  0.773 NDCG=  n/a C=  2 T=   96 (8s)  [20 trained / 0 failed so far]
[ 22/129] ECG5000
    stage 1/3: loading data ...
    stage 2/3: training on 401 series (val=99, C=5, T=140, batch=16) ...
    stage 3/3: scoring on 4500 test series (accuracy + AOPCR) ...
    [mlflow] versioned model 'seanet_bottleneck_gatedattn__mstcn_sep_bottleneck_gated_attention' (id=m-9476c59089b24dc482ddefa36401a027) params={'model_size_mb': '1.4288', 'n_model_params': '41474', 'name': 'seanet_bottleneck_gatedattn'}
    [mlflow] logged run 'seanet_bottleneck_gatedattn_ECG5000'  (train_acc=1.0000 val_acc=0.9798 test_acc=0.9371 test_loss=0.2928)
[ 22/129] ECG5000                      DONE  acc=0.9371 loss=0.2928 AOPCR=  1.265 NDCG=  n/a C=  5 T=  140 (64s)  [21 trained / 0 failed so far]
[ 23/129] ECGFiveDays
    stage 1/3: loading data ...
    stage 2/3: training on 23 series (no val (train-loss early stop), C=2, T=136, batch=2) ...
    stage 3/3: scoring on 861 test series (accuracy + AOPCR) ...
    [mlflow] versioned model 'seanet_bottleneck_gatedattn__mstcn_sep_bottleneck_gated_attention' (id=m-032ee22a2eb8467d9e24b365c5380ea9) params={'model_size_mb': '1.428', 'n_model_params': '41252', 'name': 'seanet_bottleneck_gatedattn'}
    [mlflow] logged run 'seanet_bottleneck_gatedattn_ECGFiveDays'  (train_acc=1.0000 test_acc=1.0000 test_loss=0.0630)
[ 23/129] ECGFiveDays                  DONE  acc=1.0000 loss=0.0630 AOPCR=  0.138 NDCG=  n/a C=  2 T=  136 (15s)  [22 trained / 0 failed so far]
[ 24/129] ElectricDevices
    stage 1/3: loading data ...
    stage 2/3: training on 7144 series (val=1782, C=7, T=96, batch=16) ...
    stage 3/3: scoring on 7711 test series (accuracy + AOPCR) ...
    [mlflow] versioned model 'seanet_bottleneck_gatedattn__mstcn_sep_bottleneck_gated_attention' (id=m-de7aba1ec54f4cb392bed295afcfa239) params={'model_size_mb': '1.4294', 'n_model_params': '41622', 'name': 'seanet_bottleneck_gatedattn'}
    [mlflow] logged run 'seanet_bottleneck_gatedattn_ElectricDevices'  (train_acc=0.9120 val_acc=0.9018 test_acc=0.7173 test_loss=0.9046)
[ 24/129] ElectricDevices              DONE  acc=0.7173 loss=0.9046 AOPCR=  0.394 NDCG=  n/a C=  7 T=   96 (319s)  [23 trained / 0 failed so far]
[ 25/129] FaceAll
    stage 1/3: loading data ...
    stage 2/3: training on 448 series (val=112, C=14, T=131, batch=16) ...
    stage 3/3: scoring on 1690 test series (accuracy + AOPCR) ...
    [mlflow] versioned model 'seanet_bottleneck_gatedattn__mstcn_sep_bottleneck_gated_attention' (id=m-e136c34eae2c495f83607b845f19a395) params={'model_size_mb': '1.4313', 'n_model_params': '42140', 'name': 'seanet_bottleneck_gatedattn'}
    [mlflow] logged run 'seanet_bottleneck_gatedattn_FaceAll'  (train_acc=1.0000 val_acc=0.9732 test_acc=0.7970 test_loss=0.9409)
[ 25/129] FaceAll                      DONE  acc=0.7970 loss=0.9409 AOPCR=  0.702 NDCG=  n/a C= 14 T=  131 (43s)  [24 trained / 0 failed so far]
[ 26/129] FaceFour
    stage 1/3: loading data ...
    stage 2/3: training on 24 series (no val (train-loss early stop), C=4, T=350, batch=2) ...
    stage 3/3: scoring on 88 test series (accuracy + AOPCR) ...
    [mlflow] versioned model 'seanet_bottleneck_gatedattn__mstcn_sep_bottleneck_gated_attention' (id=m-98bf2471da0443af8f83c51b2e4605dd) params={'model_size_mb': '1.4286', 'n_model_params': '41400', 'name': 'seanet_bottleneck_gatedattn'}
    [mlflow] logged run 'seanet_bottleneck_gatedattn_FaceFour'  (train_acc=1.0000 test_acc=0.9205 test_loss=0.2156)
[ 26/129] FaceFour                     DONE  acc=0.9205 loss=0.2156 AOPCR=  1.136 NDCG=  n/a C=  4 T=  350 (30s)  [25 trained / 0 failed so far]
[ 27/129] FacesUCR
    stage 1/3: loading data ...
    stage 2/3: training on 165 series (val=35, C=14, T=131, batch=16) ...
    stage 3/3: scoring on 2050 test series (accuracy + AOPCR) ...
    [mlflow] versioned model 'seanet_bottleneck_gatedattn__mstcn_sep_bottleneck_gated_attention' (id=m-0bba9cdbe8374d25bcf947f8fe928620) params={'model_size_mb': '1.4313', 'n_model_params': '42140', 'name': 'seanet_bottleneck_gatedattn'}
    [mlflow] logged run 'seanet_bottleneck_gatedattn_FacesUCR'  (train_acc=1.0000 val_acc=1.0000 test_acc=0.9376 test_loss=0.3011)
[ 27/129] FacesUCR                     DONE  acc=0.9376 loss=0.3011 AOPCR=  0.867 NDCG=  n/a C= 14 T=  131 (20s)  [26 trained / 0 failed so far]
[ 28/129] FiftyWords
    stage 1/3: loading data ...
    stage 2/3: training on 365 series (val=85, C=50, T=270, batch=16) ...
    stage 3/3: scoring on 455 test series (accuracy + AOPCR) ...
    [mlflow] versioned model 'seanet_bottleneck_gatedattn__mstcn_sep_bottleneck_gated_attention' (id=m-05e84fb5236f4fa38f62f19b4a28ce4b) params={'model_size_mb': '1.4416', 'n_model_params': '44804', 'name': 'seanet_bottleneck_gatedattn'}
    [mlflow] logged run 'seanet_bottleneck_gatedattn_FiftyWords'  (train_acc=1.0000 val_acc=0.7765 test_acc=0.8022 test_loss=0.7803)
[ 28/129] FiftyWords                   DONE  acc=0.8022 loss=0.7803 AOPCR=  1.649 NDCG=  n/a C= 50 T=  270 (24s)  [27 trained / 0 failed so far]
[ 29/129] Fish
    stage 1/3: loading data ...
    stage 2/3: training on 142 series (val=33, C=7, T=463, batch=14) ...
    stage 3/3: scoring on 175 test series (accuracy + AOPCR) ...
    [mlflow] versioned model 'seanet_bottleneck_gatedattn__mstcn_sep_bottleneck_gated_attention' (id=m-dca6bf6376a7473f8beb4c1874f9edac) params={'model_size_mb': '1.4294', 'n_model_params': '41622', 'name': 'seanet_bottleneck_gatedattn'}
    [mlflow] logged run 'seanet_bottleneck_gatedattn_Fish'  (train_acc=0.9930 val_acc=0.9091 test_acc=0.9657 test_loss=0.2158)
[ 29/129] Fish                         DONE  acc=0.9657 loss=0.2158 AOPCR=  1.592 NDCG=  n/a C=  7 T=  463 (11s)  [28 trained / 0 failed so far]
[ 30/129] FordA
    stage 1/3: loading data ...
    stage 2/3: training on 2881 series (val=720, C=2, T=500, batch=16) ...
    stage 3/3: scoring on 1320 test series (accuracy + AOPCR) ...
    [mlflow] versioned model 'seanet_bottleneck_gatedattn__mstcn_sep_bottleneck_gated_attention' (id=m-0ee74be4e1dc439fac419c5cec56b5cf) params={'model_size_mb': '1.428', 'n_model_params': '41252', 'name': 'seanet_bottleneck_gatedattn'}
    [mlflow] logged run 'seanet_bottleneck_gatedattn_FordA'  (train_acc=0.9688 val_acc=0.9653 test_acc=0.9515 test_loss=0.1458)
[ 30/129] FordA                        DONE  acc=0.9515 loss=0.1458 AOPCR=  0.211 NDCG=  n/a C=  2 T=  500 (100s)  [29 trained / 0 failed so far]
[ 31/129] FordB
    stage 1/3: loading data ...
    stage 2/3: training on 2909 series (val=727, C=2, T=500, batch=16) ...
    stage 3/3: scoring on 810 test series (accuracy + AOPCR) ...
    [mlflow] versioned model 'seanet_bottleneck_gatedattn__mstcn_sep_bottleneck_gated_attention' (id=m-3c7559f05701483b9fc235d84376966f) params={'model_size_mb': '1.428', 'n_model_params': '41252', 'name': 'seanet_bottleneck_gatedattn'}
    [mlflow] logged run 'seanet_bottleneck_gatedattn_FordB'  (train_acc=0.9787 val_acc=0.9505 test_acc=0.8259 test_loss=0.3882)
[ 31/129] FordB                        DONE  acc=0.8259 loss=0.3882 AOPCR= -0.218 NDCG=  n/a C=  2 T=  500 (97s)  [30 trained / 0 failed so far]
[ 32/129] GunPoint
    stage 1/3: loading data ...
    stage 2/3: training on 50 series (no val (train-loss early stop), C=2, T=150, batch=5) ...
    stage 3/3: scoring on 150 test series (accuracy + AOPCR) ...
    [mlflow] versioned model 'seanet_bottleneck_gatedattn__mstcn_sep_bottleneck_gated_attention' (id=m-7ba7d3e6a7d44343a32e4598fd236ae5) params={'model_size_mb': '1.428', 'n_model_params': '41252', 'name': 'seanet_bottleneck_gatedattn'}
    [mlflow] logged run 'seanet_bottleneck_gatedattn_GunPoint'  (train_acc=1.0000 test_acc=0.9867 test_loss=0.0888)
[ 32/129] GunPoint                     DONE  acc=0.9867 loss=0.0888 AOPCR= -0.392 NDCG=  n/a C=  2 T=  150 (16s)  [31 trained / 0 failed so far]
[ 33/129] Ham
    stage 1/3: loading data ...
    stage 2/3: training on 88 series (val=21, C=2, T=431, batch=8) ...
    stage 3/3: scoring on 105 test series (accuracy + AOPCR) ...
    [mlflow] versioned model 'seanet_bottleneck_gatedattn__mstcn_sep_bottleneck_gated_attention' (id=m-c1eb607e8c124d409f4f059ba30e96f8) params={'model_size_mb': '1.428', 'n_model_params': '41252', 'name': 'seanet_bottleneck_gatedattn'}
    [mlflow] logged run 'seanet_bottleneck_gatedattn_Ham'  (train_acc=0.9886 val_acc=0.9048 test_acc=0.7143 test_loss=0.5941)
[ 33/129] Ham                          DONE  acc=0.7143 loss=0.5941 AOPCR=  0.529 NDCG=  n/a C=  2 T=  431 (6s)  [32 trained / 0 failed so far]
[ 34/129] HandOutlines
    stage 1/3: loading data ...
    stage 2/3: training on 801 series (val=199, C=2, T=2709, batch=16) ...
    stage 3/3: scoring on 370 test series (accuracy + AOPCR) ...
    [mlflow] versioned model 'seanet_bottleneck_gatedattn__mstcn_sep_bottleneck_gated_attention' (id=m-3cc71ba442d74ff5ad881cee70d9c8f5) params={'model_size_mb': '1.428', 'n_model_params': '41252', 'name': 'seanet_bottleneck_gatedattn'}
    [mlflow] logged run 'seanet_bottleneck_gatedattn_HandOutlines'  (train_acc=0.9526 val_acc=0.9045 test_acc=0.9189 test_loss=0.2470)
[ 34/129] HandOutlines                 DONE  acc=0.9189 loss=0.2470 AOPCR=  1.353 NDCG=  n/a C=  2 T= 2709 (113s)  [33 trained / 0 failed so far]
[ 35/129] Haptics
    stage 1/3: loading data ...
    stage 2/3: training on 127 series (val=28, C=5, T=1092, batch=12) ...
    stage 3/3: scoring on 308 test series (accuracy + AOPCR) ...
    [mlflow] versioned model 'seanet_bottleneck_gatedattn__mstcn_sep_bottleneck_gated_attention' (id=m-9fa789dfd30a430cb708ea38c1973376) params={'model_size_mb': '1.4288', 'n_model_params': '41474', 'name': 'seanet_bottleneck_gatedattn'}
    [mlflow] logged run 'seanet_bottleneck_gatedattn_Haptics'  (train_acc=0.8504 val_acc=0.6786 test_acc=0.4870 test_loss=1.3920)
[ 35/129] Haptics                      DONE  acc=0.4870 loss=1.3920 AOPCR=  1.250 NDCG=  n/a C=  5 T= 1092 (8s)  [34 trained / 0 failed so far]
[ 36/129] Herring
    stage 1/3: loading data ...
    stage 2/3: training on 64 series (no val (train-loss early stop), C=2, T=512, batch=6) ...
    stage 3/3: scoring on 64 test series (accuracy + AOPCR) ...
    [mlflow] versioned model 'seanet_bottleneck_gatedattn__mstcn_sep_bottleneck_gated_attention' (id=m-50df6a6874a24e49862a3318cda937de) params={'model_size_mb': '1.428', 'n_model_params': '41252', 'name': 'seanet_bottleneck_gatedattn'}
    [mlflow] logged run 'seanet_bottleneck_gatedattn_Herring'  (train_acc=1.0000 test_acc=0.6562 test_loss=0.8215)
[ 36/129] Herring                      DONE  acc=0.6562 loss=0.8215 AOPCR=  0.610 NDCG=  n/a C=  2 T=  512 (31s)  [35 trained / 0 failed so far]
[ 37/129] InlineSkate
    stage 1/3: loading data ...
    stage 2/3: training on 84 series (val=16, C=7, T=1882, batch=8) ...
    stage 3/3: scoring on 550 test series (accuracy + AOPCR) ...
    [mlflow] versioned model 'seanet_bottleneck_gatedattn__mstcn_sep_bottleneck_gated_attention' (id=m-087ceb97cedc48b0a4a4cb26a54eba68) params={'model_size_mb': '1.4294', 'n_model_params': '41622', 'name': 'seanet_bottleneck_gatedattn'}
    [mlflow] logged run 'seanet_bottleneck_gatedattn_InlineSkate'  (train_acc=0.6429 val_acc=0.4375 test_acc=0.2727 test_loss=1.8330)
[ 37/129] InlineSkate                  DONE  acc=0.2727 loss=1.8330 AOPCR=  1.572 NDCG=  n/a C=  7 T= 1882 (8s)  [36 trained / 0 failed so far]
[ 38/129] InsectWingbeatSound
    stage 1/3: loading data ...
    stage 2/3: training on 176 series (val=44, C=11, T=256, batch=16) ...
    stage 3/3: scoring on 1980 test series (accuracy + AOPCR) ...
    [mlflow] versioned model 'seanet_bottleneck_gatedattn__mstcn_sep_bottleneck_gated_attention' (id=m-36152482daf0478e84e60b9a715b8b4d) params={'model_size_mb': '1.4305', 'n_model_params': '41918', 'name': 'seanet_bottleneck_gatedattn'}
    [mlflow] logged run 'seanet_bottleneck_gatedattn_InsectWingbeatSound'  (train_acc=0.6818 val_acc=0.5909 test_acc=0.5985 test_loss=1.0067)
[ 38/129] InsectWingbeatSound          DONE  acc=0.5985 loss=1.0067 AOPCR=  0.552 NDCG=  n/a C= 11 T=  256 (6s)  [37 trained / 0 failed so far]
[ 39/129] ItalyPowerDemand
    stage 1/3: loading data ...
    stage 2/3: training on 67 series (no val (train-loss early stop), C=2, T=24, batch=6) ...
    stage 3/3: scoring on 1029 test series (accuracy + AOPCR) ...
    [mlflow] versioned model 'seanet_bottleneck_gatedattn__mstcn_sep_bottleneck_gated_attention' (id=m-89bf0dc52b804d5ab637a1224215f729) params={'model_size_mb': '1.428', 'n_model_params': '41252', 'name': 'seanet_bottleneck_gatedattn'}
    [mlflow] logged run 'seanet_bottleneck_gatedattn_ItalyPowerDemand'  (train_acc=1.0000 test_acc=0.9621 test_loss=0.1478)
[ 39/129] ItalyPowerDemand             DONE  acc=0.9621 loss=0.1478 AOPCR= -0.031 NDCG=  n/a C=  2 T=   24 (20s)  [38 trained / 0 failed so far]
[ 40/129] LargeKitchenAppliances
    stage 1/3: loading data ...
    stage 2/3: training on 300 series (val=75, C=3, T=720, batch=16) ...
    stage 3/3: scoring on 375 test series (accuracy + AOPCR) ...
    [mlflow] versioned model 'seanet_bottleneck_gatedattn__mstcn_sep_bottleneck_gated_attention' (id=m-84e1274c1fe44ac09c84b9f6946ec5e3) params={'model_size_mb': '1.4283', 'n_model_params': '41326', 'name': 'seanet_bottleneck_gatedattn'}
    [mlflow] logged run 'seanet_bottleneck_gatedattn_LargeKitchenAppliances'  (train_acc=1.0000 val_acc=0.9867 test_acc=0.9093 test_loss=0.3336)
[ 40/129] LargeKitchenAppliances       DONE  acc=0.9093 loss=0.3336 AOPCR=  1.389 NDCG=  n/a C=  3 T=  720 (18s)  [39 trained / 0 failed so far]
[ 41/129] Lightning2
    stage 1/3: loading data ...
    stage 2/3: training on 60 series (no val (train-loss early stop), C=2, T=637, batch=6) ...
    stage 3/3: scoring on 61 test series (accuracy + AOPCR) ...
    [mlflow] versioned model 'seanet_bottleneck_gatedattn__mstcn_sep_bottleneck_gated_attention' (id=m-5d53ed2564ff4b169b4cda36bf87cb99) params={'model_size_mb': '1.428', 'n_model_params': '41252', 'name': 'seanet_bottleneck_gatedattn'}
    [mlflow] logged run 'seanet_bottleneck_gatedattn_Lightning2'  (train_acc=1.0000 test_acc=0.8852 test_loss=0.3643)
[ 41/129] Lightning2                   DONE  acc=0.8852 loss=0.3643 AOPCR=  0.104 NDCG=  n/a C=  2 T=  637 (23s)  [40 trained / 0 failed so far]
[ 42/129] Lightning7
    stage 1/3: loading data ...
    stage 2/3: training on 70 series (no val (train-loss early stop), C=7, T=319, batch=7) ...
    stage 3/3: scoring on 73 test series (accuracy + AOPCR) ...
    [mlflow] versioned model 'seanet_bottleneck_gatedattn__mstcn_sep_bottleneck_gated_attention' (id=m-4677fea5a12d41f487b4c4966d00f6f9) params={'model_size_mb': '1.4294', 'n_model_params': '41622', 'name': 'seanet_bottleneck_gatedattn'}
    [mlflow] logged run 'seanet_bottleneck_gatedattn_Lightning7'  (train_acc=1.0000 test_acc=0.7808 test_loss=0.6820)
[ 42/129] Lightning7                   DONE  acc=0.7808 loss=0.6820 AOPCR=  1.655 NDCG=  n/a C=  7 T=  319 (33s)  [41 trained / 0 failed so far]
[ 43/129] Mallat
    stage 1/3: loading data ...
    stage 2/3: training on 55 series (no val (train-loss early stop), C=8, T=1024, batch=5) ...
    stage 3/3: scoring on 2345 test series (accuracy + AOPCR) ...
    [mlflow] versioned model 'seanet_bottleneck_gatedattn__mstcn_sep_bottleneck_gated_attention' (id=m-f49a04dc44f546a99a0643b60524ab5d) params={'model_size_mb': '1.4297', 'n_model_params': '41696', 'name': 'seanet_bottleneck_gatedattn'}
    [mlflow] logged run 'seanet_bottleneck_gatedattn_Mallat'  (train_acc=1.0000 test_acc=0.9565 test_loss=0.2794)
[ 43/129] Mallat                       DONE  acc=0.9565 loss=0.2794 AOPCR=  1.594 NDCG=  n/a C=  8 T= 1024 (30s)  [42 trained / 0 failed so far]
[ 44/129] Meat
    stage 1/3: loading data ...
    stage 2/3: training on 60 series (no val (train-loss early stop), C=3, T=448, batch=6) ...
    stage 3/3: scoring on 60 test series (accuracy + AOPCR) ...
    [mlflow] versioned model 'seanet_bottleneck_gatedattn__mstcn_sep_bottleneck_gated_attention' (id=m-79604fa0a50d4122aed3b037b61696f9) params={'model_size_mb': '1.4283', 'n_model_params': '41326', 'name': 'seanet_bottleneck_gatedattn'}
    [mlflow] logged run 'seanet_bottleneck_gatedattn_Meat'  (train_acc=1.0000 test_acc=0.8167 test_loss=0.4393)
[ 44/129] Meat                         DONE  acc=0.8167 loss=0.4393 AOPCR=  2.107 NDCG=  n/a C=  3 T=  448 (9s)  [43 trained / 0 failed so far]
[ 45/129] MedicalImages
    stage 1/3: loading data ...
    stage 2/3: training on 307 series (val=74, C=10, T=99, batch=16) ...
    stage 3/3: scoring on 760 test series (accuracy + AOPCR) ...
    [mlflow] versioned model 'seanet_bottleneck_gatedattn__mstcn_sep_bottleneck_gated_attention' (id=m-c714ec2442a94b3cb9c7888287f33715) params={'model_size_mb': '1.4302', 'n_model_params': '41844', 'name': 'seanet_bottleneck_gatedattn'}
    [mlflow] logged run 'seanet_bottleneck_gatedattn_MedicalImages'  (train_acc=0.9251 val_acc=0.8514 test_acc=0.7408 test_loss=0.8053)
[ 45/129] MedicalImages                DONE  acc=0.7408 loss=0.8053 AOPCR=  0.829 NDCG=  n/a C= 10 T=   99 (25s)  [44 trained / 0 failed so far]
[ 46/129] MiddlePhalanxOutlineAgeGroup
    stage 1/3: loading data ...
    stage 2/3: training on 321 series (val=79, C=3, T=80, batch=16) ...
    stage 3/3: scoring on 154 test series (accuracy + AOPCR) ...
    [mlflow] versioned model 'seanet_bottleneck_gatedattn__mstcn_sep_bottleneck_gated_attention' (id=m-f0bac4b2e4194397b61634d1e6d7e81a) params={'model_size_mb': '1.4283', 'n_model_params': '41326', 'name': 'seanet_bottleneck_gatedattn'}
    [mlflow] logged run 'seanet_bottleneck_gatedattn_MiddlePhalanxOutlineAgeGroup'  (train_acc=0.8224 val_acc=0.8101 test_acc=0.6039 test_loss=0.9085)
[ 46/129] MiddlePhalanxOutlineAgeGroup DONE  acc=0.6039 loss=0.9085 AOPCR=  0.618 NDCG=  n/a C=  3 T=   80 (13s)  [45 trained / 0 failed so far]
[ 47/129] MiddlePhalanxOutlineCorrect
    stage 1/3: loading data ...
    stage 2/3: training on 481 series (val=119, C=2, T=80, batch=16) ...
    stage 3/3: scoring on 291 test series (accuracy + AOPCR) ...
    [mlflow] versioned model 'seanet_bottleneck_gatedattn__mstcn_sep_bottleneck_gated_attention' (id=m-f8251ae3ab9b460e9de316f83d372360) params={'model_size_mb': '1.428', 'n_model_params': '41252', 'name': 'seanet_bottleneck_gatedattn'}
    [mlflow] logged run 'seanet_bottleneck_gatedattn_MiddlePhalanxOutlineCorrect'  (train_acc=0.9044 val_acc=0.8403 test_acc=0.8247 test_loss=0.3810)
[ 47/129] MiddlePhalanxOutlineCorrect  DONE  acc=0.8247 loss=0.3810 AOPCR=  0.006 NDCG=  n/a C=  2 T=   80 (30s)  [46 trained / 0 failed so far]
[ 48/129] MiddlePhalanxTW
    stage 1/3: loading data ...
    stage 2/3: training on 321 series (val=78, C=6, T=80, batch=16) ...
    stage 3/3: scoring on 154 test series (accuracy + AOPCR) ...
    [mlflow] versioned model 'seanet_bottleneck_gatedattn__mstcn_sep_bottleneck_gated_attention' (id=m-1a3e9c0ac34347aaa96a554a0a11c914) params={'model_size_mb': '1.4291', 'n_model_params': '41548', 'name': 'seanet_bottleneck_gatedattn'}
    [mlflow] logged run 'seanet_bottleneck_gatedattn_MiddlePhalanxTW'  (train_acc=0.6760 val_acc=0.6538 test_acc=0.5584 test_loss=1.0968)
[ 48/129] MiddlePhalanxTW              DONE  acc=0.5584 loss=1.0968 AOPCR=  0.588 NDCG=  n/a C=  6 T=   80 (18s)  [47 trained / 0 failed so far]
[ 49/129] MoteStrain
    stage 1/3: loading data ...
    stage 2/3: training on 20 series (no val (train-loss early stop), C=2, T=84, batch=2) ...
    stage 3/3: scoring on 1252 test series (accuracy + AOPCR) ...
    [mlflow] versioned model 'seanet_bottleneck_gatedattn__mstcn_sep_bottleneck_gated_attention' (id=m-45ed8324a9b94448975c05d58cd91a88) params={'model_size_mb': '1.428', 'n_model_params': '41252', 'name': 'seanet_bottleneck_gatedattn'}
    [mlflow] logged run 'seanet_bottleneck_gatedattn_MoteStrain'  (train_acc=1.0000 test_acc=0.8986 test_loss=0.2722)
[ 49/129] MoteStrain                   DONE  acc=0.8986 loss=0.2722 AOPCR=  0.157 NDCG=  n/a C=  2 T=   84 (14s)  [48 trained / 0 failed so far]
[ 50/129] NonInvasiveFetalECGThorax1
    stage 1/3: loading data ...
    stage 2/3: training on 1452 series (val=348, C=42, T=750, batch=16) ...
    stage 3/3: scoring on 1965 test series (accuracy + AOPCR) ...
    [mlflow] versioned model 'seanet_bottleneck_gatedattn__mstcn_sep_bottleneck_gated_attention' (id=m-4b880747d2134569abb7b7e835965744) params={'model_size_mb': '1.4393', 'n_model_params': '44212', 'name': 'seanet_bottleneck_gatedattn'}
    [mlflow] logged run 'seanet_bottleneck_gatedattn_NonInvasiveFetalECGThorax1'  (train_acc=0.9001 val_acc=0.8247 test_acc=0.8433 test_loss=0.5865)
[ 50/129] NonInvasiveFetalECGThorax1   DONE  acc=0.8433 loss=0.5865 AOPCR=  1.112 NDCG=  n/a C= 42 T=  750 (110s)  [49 trained / 0 failed so far]
[ 51/129] NonInvasiveFetalECGThorax2
    stage 1/3: loading data ...
    stage 2/3: training on 1452 series (val=348, C=42, T=750, batch=16) ...
    stage 3/3: scoring on 1965 test series (accuracy + AOPCR) ...
    [mlflow] versioned model 'seanet_bottleneck_gatedattn__mstcn_sep_bottleneck_gated_attention' (id=m-92d1b3cfc8f144cfb45b54c6abcff1a7) params={'model_size_mb': '1.4393', 'n_model_params': '44212', 'name': 'seanet_bottleneck_gatedattn'}
    [mlflow] logged run 'seanet_bottleneck_gatedattn_NonInvasiveFetalECGThorax2'  (train_acc=0.9821 val_acc=0.9310 test_acc=0.9170 test_loss=0.3623)
[ 51/129] NonInvasiveFetalECGThorax2   DONE  acc=0.9170 loss=0.3623 AOPCR=  1.135 NDCG=  n/a C= 42 T=  750 (224s)  [50 trained / 0 failed so far]
[ 52/129] OliveOil
    stage 1/3: loading data ...
    stage 2/3: training on 30 series (no val (train-loss early stop), C=4, T=570, batch=3) ...
    stage 3/3: scoring on 30 test series (accuracy + AOPCR) ...
    [mlflow] versioned model 'seanet_bottleneck_gatedattn__mstcn_sep_bottleneck_gated_attention' (id=m-b88428ebaa9e4bb4836c1e99166a9f33) params={'model_size_mb': '1.4286', 'n_model_params': '41400', 'name': 'seanet_bottleneck_gatedattn'}
    [mlflow] logged run 'seanet_bottleneck_gatedattn_OliveOil'  (train_acc=0.4333 test_acc=0.4000 test_loss=1.2948)
[ 52/129] OliveOil                     DONE  acc=0.4000 loss=1.2948 AOPCR=  0.536 NDCG=  n/a C=  4 T=  570 (13s)  [51 trained / 0 failed so far]
[ 53/129] OSULeaf
    stage 1/3: loading data ...
    stage 2/3: training on 163 series (val=37, C=6, T=427, batch=16) ...
    stage 3/3: scoring on 242 test series (accuracy + AOPCR) ...
    [mlflow] versioned model 'seanet_bottleneck_gatedattn__mstcn_sep_bottleneck_gated_attention' (id=m-9b35313d026c42879cb3fb23cd75727d) params={'model_size_mb': '1.4291', 'n_model_params': '41548', 'name': 'seanet_bottleneck_gatedattn'}
    [mlflow] logged run 'seanet_bottleneck_gatedattn_OSULeaf'  (train_acc=1.0000 val_acc=0.9730 test_acc=0.8306 test_loss=0.4834)
[ 53/129] OSULeaf                      DONE  acc=0.8306 loss=0.4834 AOPCR=  0.891 NDCG=  n/a C=  6 T=  427 (10s)  [52 trained / 0 failed so far]
[ 54/129] PhalangesOutlinesCorrect
    stage 1/3: loading data ...
    stage 2/3: training on 1441 series (val=359, C=2, T=80, batch=16) ...
    stage 3/3: scoring on 858 test series (accuracy + AOPCR) ...
    [mlflow] versioned model 'seanet_bottleneck_gatedattn__mstcn_sep_bottleneck_gated_attention' (id=m-fbbd715fbb1b42cdb6e6997fdb0f5db1) params={'model_size_mb': '1.428', 'n_model_params': '41252', 'name': 'seanet_bottleneck_gatedattn'}
    [mlflow] logged run 'seanet_bottleneck_gatedattn_PhalangesOutlinesCorrect'  (train_acc=0.8910 val_acc=0.8886 test_acc=0.8112 test_loss=0.4220)
[ 54/129] PhalangesOutlinesCorrect     DONE  acc=0.8112 loss=0.4220 AOPCR= -0.107 NDCG=  n/a C=  2 T=   80 (78s)  [53 trained / 0 failed so far]
[ 55/129] Phoneme
    stage 1/3: loading data ...
    stage 2/3: training on 171 series (val=43, C=39, T=1024, batch=16) ...
    stage 3/3: scoring on 1896 test series (accuracy + AOPCR) ...
    [mlflow] versioned model 'seanet_bottleneck_gatedattn__mstcn_sep_bottleneck_gated_attention' (id=m-da7e49536381447d930c37827fac7e62) params={'model_size_mb': '1.4385', 'n_model_params': '43990', 'name': 'seanet_bottleneck_gatedattn'}
    [mlflow] logged run 'seanet_bottleneck_gatedattn_Phoneme'  (train_acc=0.3743 val_acc=0.3256 test_acc=0.2590 test_loss=2.8473)
[ 55/129] Phoneme                      DONE  acc=0.2590 loss=2.8473 AOPCR=  0.754 NDCG=  n/a C= 39 T= 1024 (6s)  [54 trained / 0 failed so far]
[ 56/129] Plane
    stage 1/3: loading data ...
    stage 2/3: training on 87 series (val=18, C=7, T=144, batch=8) ...
    stage 3/3: scoring on 105 test series (accuracy + AOPCR) ...
    [mlflow] versioned model 'seanet_bottleneck_gatedattn__mstcn_sep_bottleneck_gated_attention' (id=m-6afee4fe655247dca3844b89c04568ef) params={'model_size_mb': '1.4294', 'n_model_params': '41622', 'name': 'seanet_bottleneck_gatedattn'}
    [mlflow] logged run 'seanet_bottleneck_gatedattn_Plane'  (train_acc=1.0000 val_acc=1.0000 test_acc=1.0000 test_loss=0.1075)
[ 56/129] Plane                        DONE  acc=1.0000 loss=0.1075 AOPCR=  1.025 NDCG=  n/a C=  7 T=  144 (33s)  [55 trained / 0 failed so far]
[ 57/129] ProximalPhalanxOutlineAgeGroup
    stage 1/3: loading data ...
    stage 2/3: training on 322 series (val=78, C=3, T=80, batch=16) ...
    stage 3/3: scoring on 205 test series (accuracy + AOPCR) ...
    [mlflow] versioned model 'seanet_bottleneck_gatedattn__mstcn_sep_bottleneck_gated_attention' (id=m-890d96dfd2be4a64ac03a768dc0253b1) params={'model_size_mb': '1.4283', 'n_model_params': '41326', 'name': 'seanet_bottleneck_gatedattn'}
    [mlflow] logged run 'seanet_bottleneck_gatedattn_ProximalPhalanxOutlineAgeGroup'  (train_acc=0.8789 val_acc=0.7949 test_acc=0.8244 test_loss=0.4167)
[ 57/129] ProximalPhalanxOutlineAgeGroup DONE  acc=0.8244 loss=0.4167 AOPCR=  1.161 NDCG=  n/a C=  3 T=   80 (21s)  [56 trained / 0 failed so far]
[ 58/129] ProximalPhalanxOutlineCorrect
    stage 1/3: loading data ...
    stage 2/3: training on 481 series (val=119, C=2, T=80, batch=16) ...
    stage 3/3: scoring on 291 test series (accuracy + AOPCR) ...
    [mlflow] versioned model 'seanet_bottleneck_gatedattn__mstcn_sep_bottleneck_gated_attention' (id=m-58f5d5fb9b99449fb2687e9de7637412) params={'model_size_mb': '1.428', 'n_model_params': '41252', 'name': 'seanet_bottleneck_gatedattn'}
    [mlflow] logged run 'seanet_bottleneck_gatedattn_ProximalPhalanxOutlineCorrect'  (train_acc=0.9813 val_acc=0.8908 test_acc=0.9038 test_loss=0.2592)
[ 58/129] ProximalPhalanxOutlineCorrect DONE  acc=0.9038 loss=0.2592 AOPCR= -0.271 NDCG=  n/a C=  2 T=   80 (68s)  [57 trained / 0 failed so far]
[ 59/129] ProximalPhalanxTW
    stage 1/3: loading data ...
    stage 2/3: training on 322 series (val=78, C=6, T=80, batch=16) ...
    stage 3/3: scoring on 205 test series (accuracy + AOPCR) ...
    [mlflow] versioned model 'seanet_bottleneck_gatedattn__mstcn_sep_bottleneck_gated_attention' (id=m-526bc8cbcc494b50acf25a9d2bd08921) params={'model_size_mb': '1.4291', 'n_model_params': '41548', 'name': 'seanet_bottleneck_gatedattn'}
    [mlflow] logged run 'seanet_bottleneck_gatedattn_ProximalPhalanxTW'  (train_acc=0.8571 val_acc=0.8205 test_acc=0.7659 test_loss=0.6159)
[ 59/129] ProximalPhalanxTW            DONE  acc=0.7659 loss=0.6159 AOPCR= -0.187 NDCG=  n/a C=  6 T=   80 (24s)  [58 trained / 0 failed so far]
[ 60/129] RefrigerationDevices
    stage 1/3: loading data ...
    stage 2/3: training on 300 series (val=75, C=3, T=720, batch=16) ...
    stage 3/3: scoring on 375 test series (accuracy + AOPCR) ...
    [mlflow] versioned model 'seanet_bottleneck_gatedattn__mstcn_sep_bottleneck_gated_attention' (id=m-8888e8cbc52840589dad70a4f2c12095) params={'model_size_mb': '1.4283', 'n_model_params': '41326', 'name': 'seanet_bottleneck_gatedattn'}
    [mlflow] logged run 'seanet_bottleneck_gatedattn_RefrigerationDevices'  (train_acc=0.9100 val_acc=0.7067 test_acc=0.4880 test_loss=1.4019)
[ 60/129] RefrigerationDevices         DONE  acc=0.4880 loss=1.4019 AOPCR=  0.205 NDCG=  n/a C=  3 T=  720 (13s)  [59 trained / 0 failed so far]
[ 61/129] ScreenType
    stage 1/3: loading data ...
    stage 2/3: training on 300 series (val=75, C=3, T=720, batch=16) ...
    stage 3/3: scoring on 375 test series (accuracy + AOPCR) ...
    [mlflow] versioned model 'seanet_bottleneck_gatedattn__mstcn_sep_bottleneck_gated_attention' (id=m-6a96a944d6d84518aa497eaecebadab0) params={'model_size_mb': '1.4283', 'n_model_params': '41326', 'name': 'seanet_bottleneck_gatedattn'}
    [mlflow] logged run 'seanet_bottleneck_gatedattn_ScreenType'  (train_acc=0.8867 val_acc=0.6267 test_acc=0.4800 test_loss=1.2364)
[ 61/129] ScreenType                   DONE  acc=0.4800 loss=1.2364 AOPCR=  0.767 NDCG=  n/a C=  3 T=  720 (16s)  [60 trained / 0 failed so far]
[ 62/129] ShapeletSim
    stage 1/3: loading data ...
    stage 2/3: training on 20 series (no val (train-loss early stop), C=2, T=500, batch=2) ...
    stage 3/3: scoring on 180 test series (accuracy + AOPCR) ...
    [mlflow] versioned model 'seanet_bottleneck_gatedattn__mstcn_sep_bottleneck_gated_attention' (id=m-44dbeb013a54450186149244af17d332) params={'model_size_mb': '1.428', 'n_model_params': '41252', 'name': 'seanet_bottleneck_gatedattn'}
    [mlflow] logged run 'seanet_bottleneck_gatedattn_ShapeletSim'  (train_acc=1.0000 test_acc=1.0000 test_loss=0.0607)
[ 62/129] ShapeletSim                  DONE  acc=1.0000 loss=0.0607 AOPCR=  0.072 NDCG=  n/a C=  2 T=  500 (7s)  [61 trained / 0 failed so far]
[ 63/129] ShapesAll
    stage 1/3: loading data ...
    stage 2/3: training on 480 series (val=120, C=60, T=512, batch=16) ...
    stage 3/3: scoring on 600 test series (accuracy + AOPCR) ...
    [mlflow] versioned model 'seanet_bottleneck_gatedattn__mstcn_sep_bottleneck_gated_attention' (id=m-a43be159927b4f18a6a659032ea1a1e7) params={'model_size_mb': '1.4444', 'n_model_params': '45544', 'name': 'seanet_bottleneck_gatedattn'}
    [mlflow] logged run 'seanet_bottleneck_gatedattn_ShapesAll'  (train_acc=0.9958 val_acc=0.9000 test_acc=0.8717 test_loss=0.5922)
[ 63/129] ShapesAll                    DONE  acc=0.8717 loss=0.5922 AOPCR=  2.193 NDCG=  n/a C= 60 T=  512 (47s)  [62 trained / 0 failed so far]
[ 64/129] SmallKitchenAppliances
    stage 1/3: loading data ...
    stage 2/3: training on 300 series (val=75, C=3, T=720, batch=16) ...
    stage 3/3: scoring on 375 test series (accuracy + AOPCR) ...
    [mlflow] versioned model 'seanet_bottleneck_gatedattn__mstcn_sep_bottleneck_gated_attention' (id=m-dace623a27f64962ba2e966bcfd4e5e7) params={'model_size_mb': '1.4283', 'n_model_params': '41326', 'name': 'seanet_bottleneck_gatedattn'}
    [mlflow] logged run 'seanet_bottleneck_gatedattn_SmallKitchenAppliances'  (train_acc=0.9000 val_acc=0.8667 test_acc=0.8027 test_loss=0.5158)
[ 64/129] SmallKitchenAppliances       DONE  acc=0.8027 loss=0.5158 AOPCR=  0.208 NDCG=  n/a C=  3 T=  720 (19s)  [63 trained / 0 failed so far]
[ 65/129] SonyAIBORobotSurface1
    stage 1/3: loading data ...
    stage 2/3: training on 20 series (no val (train-loss early stop), C=2, T=70, batch=2) ...
    stage 3/3: scoring on 601 test series (accuracy + AOPCR) ...
    [mlflow] versioned model 'seanet_bottleneck_gatedattn__mstcn_sep_bottleneck_gated_attention' (id=m-9f6d0827d6184b6e8f008df3a077e476) params={'model_size_mb': '1.428', 'n_model_params': '41252', 'name': 'seanet_bottleneck_gatedattn'}
    [mlflow] logged run 'seanet_bottleneck_gatedattn_SonyAIBORobotSurface1'  (train_acc=1.0000 test_acc=0.9468 test_loss=0.1816)
[ 65/129] SonyAIBORobotSurface1        DONE  acc=0.9468 loss=0.1816 AOPCR=  0.264 NDCG=  n/a C=  2 T=   70 (17s)  [64 trained / 0 failed so far]
[ 66/129] SonyAIBORobotSurface2
    stage 1/3: loading data ...
    stage 2/3: training on 27 series (no val (train-loss early stop), C=2, T=65, batch=2) ...
    stage 3/3: scoring on 953 test series (accuracy + AOPCR) ...
    [mlflow] versioned model 'seanet_bottleneck_gatedattn__mstcn_sep_bottleneck_gated_attention' (id=m-2553fb413d234fc08108861a3a5a3748) params={'model_size_mb': '1.428', 'n_model_params': '41252', 'name': 'seanet_bottleneck_gatedattn'}
    [mlflow] logged run 'seanet_bottleneck_gatedattn_SonyAIBORobotSurface2'  (train_acc=1.0000 test_acc=0.8772 test_loss=0.2849)
[ 66/129] SonyAIBORobotSurface2        DONE  acc=0.8772 loss=0.2849 AOPCR=  0.099 NDCG=  n/a C=  2 T=   65 (24s)  [65 trained / 0 failed so far]
[ 67/129] StarLightCurves
    stage 1/3: loading data ...
    stage 2/3: training on 801 series (val=199, C=3, T=1024, batch=16) ...
    stage 3/3: scoring on 8236 test series (accuracy + AOPCR) ...
    [mlflow] versioned model 'seanet_bottleneck_gatedattn__mstcn_sep_bottleneck_gated_attention' (id=m-3bcbf3c646214f58bd99e60f70ddf5ab) params={'model_size_mb': '1.4283', 'n_model_params': '41326', 'name': 'seanet_bottleneck_gatedattn'}
    [mlflow] logged run 'seanet_bottleneck_gatedattn_StarLightCurves'  (train_acc=0.9838 val_acc=0.9698 test_acc=0.9704 test_loss=0.1505)
[ 67/129] StarLightCurves              DONE  acc=0.9704 loss=0.1505 AOPCR=  0.854 NDCG=  n/a C=  3 T= 1024 (39s)  [66 trained / 0 failed so far]
[ 68/129] Strawberry
    stage 1/3: loading data ...
    stage 2/3: training on 492 series (val=121, C=2, T=235, batch=16) ...
    stage 3/3: scoring on 370 test series (accuracy + AOPCR) ...
    [mlflow] versioned model 'seanet_bottleneck_gatedattn__mstcn_sep_bottleneck_gated_attention' (id=m-ba493d0c35d0452ca3909a24c7b242ec) params={'model_size_mb': '1.428', 'n_model_params': '41252', 'name': 'seanet_bottleneck_gatedattn'}
    [mlflow] logged run 'seanet_bottleneck_gatedattn_Strawberry'  (train_acc=0.9817 val_acc=0.9917 test_acc=0.9595 test_loss=0.1524)
[ 68/129] Strawberry                   DONE  acc=0.9595 loss=0.1524 AOPCR= -0.083 NDCG=  n/a C=  2 T=  235 (30s)  [67 trained / 0 failed so far]
[ 69/129] SwedishLeaf
    stage 1/3: loading data ...
    stage 2/3: training on 405 series (val=95, C=15, T=128, batch=16) ...
    stage 3/3: scoring on 625 test series (accuracy + AOPCR) ...
    [mlflow] versioned model 'seanet_bottleneck_gatedattn__mstcn_sep_bottleneck_gated_attention' (id=m-8655a1de3cc5448492e8269e97e16feb) params={'model_size_mb': '1.4316', 'n_model_params': '42214', 'name': 'seanet_bottleneck_gatedattn'}
    [mlflow] logged run 'seanet_bottleneck_gatedattn_SwedishLeaf'  (train_acc=1.0000 val_acc=0.9579 test_acc=0.9440 test_loss=0.2528)
[ 69/129] SwedishLeaf                  DONE  acc=0.9440 loss=0.2528 AOPCR=  0.304 NDCG=  n/a C= 15 T=  128 (56s)  [68 trained / 0 failed so far]
[ 70/129] Symbols
    stage 1/3: loading data ...
    stage 2/3: training on 25 series (no val (train-loss early stop), C=6, T=398, batch=2) ...
    stage 3/3: scoring on 995 test series (accuracy + AOPCR) ...
    [mlflow] versioned model 'seanet_bottleneck_gatedattn__mstcn_sep_bottleneck_gated_attention' (id=m-4c169611ec6643db9f363b40075c1b96) params={'model_size_mb': '1.4291', 'n_model_params': '41548', 'name': 'seanet_bottleneck_gatedattn'}
    [mlflow] logged run 'seanet_bottleneck_gatedattn_Symbols'  (train_acc=1.0000 test_acc=0.9769 test_loss=0.1952)
[ 70/129] Symbols                      DONE  acc=0.9769 loss=0.1952 AOPCR=  1.475 NDCG=  n/a C=  6 T=  398 (16s)  [69 trained / 0 failed so far]
[ 71/129] SyntheticControl
    stage 1/3: loading data ...
    stage 2/3: training on 240 series (val=60, C=6, T=60, batch=16) ...
    stage 3/3: scoring on 300 test series (accuracy + AOPCR) ...
    [mlflow] versioned model 'seanet_bottleneck_gatedattn__mstcn_sep_bottleneck_gated_attention' (id=m-dde8feda8ad84618808b5a8d6de81ce3) params={'model_size_mb': '1.4291', 'n_model_params': '41548', 'name': 'seanet_bottleneck_gatedattn'}
    [mlflow] logged run 'seanet_bottleneck_gatedattn_SyntheticControl'  (train_acc=1.0000 val_acc=1.0000 test_acc=0.9933 test_loss=0.1173)
[ 71/129] SyntheticControl             DONE  acc=0.9933 loss=0.1173 AOPCR=  0.475 NDCG=  n/a C=  6 T=   60 (23s)  [70 trained / 0 failed so far]
[ 72/129] ToeSegmentation1
    stage 1/3: loading data ...
    stage 2/3: training on 40 series (no val (train-loss early stop), C=2, T=277, batch=4) ...
    stage 3/3: scoring on 228 test series (accuracy + AOPCR) ...
    [mlflow] versioned model 'seanet_bottleneck_gatedattn__mstcn_sep_bottleneck_gated_attention' (id=m-f3c85aabffb845ccb650c694a23e0ab8) params={'model_size_mb': '1.428', 'n_model_params': '41252', 'name': 'seanet_bottleneck_gatedattn'}
    [mlflow] logged run 'seanet_bottleneck_gatedattn_ToeSegmentation1'  (train_acc=1.0000 test_acc=0.9298 test_loss=0.2229)
[ 72/129] ToeSegmentation1             DONE  acc=0.9298 loss=0.2229 AOPCR=  0.045 NDCG=  n/a C=  2 T=  277 (16s)  [71 trained / 0 failed so far]
[ 73/129] ToeSegmentation2
    stage 1/3: loading data ...
    stage 2/3: training on 36 series (no val (train-loss early stop), C=2, T=343, batch=3) ...
    stage 3/3: scoring on 130 test series (accuracy + AOPCR) ...
    [mlflow] versioned model 'seanet_bottleneck_gatedattn__mstcn_sep_bottleneck_gated_attention' (id=m-a8fee527995845ba9f4d6f28283286ae) params={'model_size_mb': '1.428', 'n_model_params': '41252', 'name': 'seanet_bottleneck_gatedattn'}
    [mlflow] logged run 'seanet_bottleneck_gatedattn_ToeSegmentation2'  (train_acc=1.0000 test_acc=0.9538 test_loss=0.1722)
[ 73/129] ToeSegmentation2             DONE  acc=0.9538 loss=0.1722 AOPCR=  0.132 NDCG=  n/a C=  2 T=  343 (14s)  [72 trained / 0 failed so far]
[ 74/129] Trace
    stage 1/3: loading data ...
    stage 2/3: training on 81 series (val=19, C=4, T=275, batch=8) ...
    stage 3/3: scoring on 100 test series (accuracy + AOPCR) ...
    [mlflow] versioned model 'seanet_bottleneck_gatedattn__mstcn_sep_bottleneck_gated_attention' (id=m-ff86c6ea83e542b2a2cfd116a011ba67) params={'model_size_mb': '1.4286', 'n_model_params': '41400', 'name': 'seanet_bottleneck_gatedattn'}
    [mlflow] logged run 'seanet_bottleneck_gatedattn_Trace'  (train_acc=1.0000 val_acc=1.0000 test_acc=1.0000 test_loss=0.0847)
[ 74/129] Trace                        DONE  acc=1.0000 loss=0.0847 AOPCR=  1.782 NDCG=  n/a C=  4 T=  275 (14s)  [73 trained / 0 failed so far]
[ 75/129] TwoLeadECG
    stage 1/3: loading data ...
    stage 2/3: training on 23 series (no val (train-loss early stop), C=2, T=82, batch=2) ...
    stage 3/3: scoring on 1139 test series (accuracy + AOPCR) ...
    [mlflow] versioned model 'seanet_bottleneck_gatedattn__mstcn_sep_bottleneck_gated_attention' (id=m-4fc77c68cbab4e99bfbaf01a7f3d4c82) params={'model_size_mb': '1.428', 'n_model_params': '41252', 'name': 'seanet_bottleneck_gatedattn'}
    [mlflow] logged run 'seanet_bottleneck_gatedattn_TwoLeadECG'  (train_acc=1.0000 test_acc=0.9956 test_loss=0.0778)
[ 75/129] TwoLeadECG                   DONE  acc=0.9956 loss=0.0778 AOPCR= -0.027 NDCG=  n/a C=  2 T=   82 (28s)  [74 trained / 0 failed so far]
[ 76/129] TwoPatterns
    stage 1/3: loading data ...
    stage 2/3: training on 801 series (val=199, C=4, T=128, batch=16) ...
    stage 3/3: scoring on 4000 test series (accuracy + AOPCR) ...
    [mlflow] versioned model 'seanet_bottleneck_gatedattn__mstcn_sep_bottleneck_gated_attention' (id=m-bb9845ce26aa465baefc5fed10703cc3) params={'model_size_mb': '1.4286', 'n_model_params': '41400', 'name': 'seanet_bottleneck_gatedattn'}
    [mlflow] logged run 'seanet_bottleneck_gatedattn_TwoPatterns'  (train_acc=1.0000 val_acc=1.0000 test_acc=1.0000 test_loss=0.0987)
[ 76/129] TwoPatterns                  DONE  acc=1.0000 loss=0.0987 AOPCR=  0.853 NDCG=  n/a C=  4 T=  128 (48s)  [75 trained / 0 failed so far]
[ 77/129] UWaveGestureLibraryAll
    stage 1/3: loading data ...
    stage 2/3: training on 719 series (val=177, C=8, T=945, batch=16) ...
    stage 3/3: scoring on 3582 test series (accuracy + AOPCR) ...
    [mlflow] versioned model 'seanet_bottleneck_gatedattn__mstcn_sep_bottleneck_gated_attention' (id=m-42b7f4d74bd64d0b9ba39667008e625c) params={'model_size_mb': '1.4297', 'n_model_params': '41696', 'name': 'seanet_bottleneck_gatedattn'}
    [mlflow] logged run 'seanet_bottleneck_gatedattn_UWaveGestureLibraryAll'  (train_acc=1.0000 val_acc=0.9887 test_acc=0.9486 test_loss=0.2918)
[ 77/129] UWaveGestureLibraryAll       DONE  acc=0.9486 loss=0.2918 AOPCR=  1.198 NDCG=  n/a C=  8 T=  945 (97s)  [76 trained / 0 failed so far]
[ 78/129] UWaveGestureLibraryX
    stage 1/3: loading data ...
    stage 2/3: training on 719 series (val=177, C=8, T=315, batch=16) ...
    stage 3/3: scoring on 3582 test series (accuracy + AOPCR) ...
    [mlflow] versioned model 'seanet_bottleneck_gatedattn__mstcn_sep_bottleneck_gated_attention' (id=m-46ed698b3a49421882853e6fd4f2c0e8) params={'model_size_mb': '1.4297', 'n_model_params': '41696', 'name': 'seanet_bottleneck_gatedattn'}
    [mlflow] logged run 'seanet_bottleneck_gatedattn_UWaveGestureLibraryX'  (train_acc=0.9680 val_acc=0.8362 test_acc=0.8110 test_loss=0.6171)
[ 78/129] UWaveGestureLibraryX         DONE  acc=0.8110 loss=0.6171 AOPCR=  0.648 NDCG=  n/a C=  8 T=  315 (33s)  [77 trained / 0 failed so far]
[ 79/129] UWaveGestureLibraryY
    stage 1/3: loading data ...
    stage 2/3: training on 719 series (val=177, C=8, T=315, batch=16) ...
    stage 3/3: scoring on 3582 test series (accuracy + AOPCR) ...
    [mlflow] versioned model 'seanet_bottleneck_gatedattn__mstcn_sep_bottleneck_gated_attention' (id=m-a8449d8832574602b0a3250aea0734c1) params={'model_size_mb': '1.4297', 'n_model_params': '41696', 'name': 'seanet_bottleneck_gatedattn'}
    [mlflow] logged run 'seanet_bottleneck_gatedattn_UWaveGestureLibraryY'  (train_acc=0.9958 val_acc=0.7740 test_acc=0.7437 test_loss=0.8011)
[ 79/129] UWaveGestureLibraryY         DONE  acc=0.7437 loss=0.8011 AOPCR=  0.879 NDCG=  n/a C=  8 T=  315 (38s)  [78 trained / 0 failed so far]
[ 80/129] UWaveGestureLibraryZ
    stage 1/3: loading data ...
    stage 2/3: training on 719 series (val=177, C=8, T=315, batch=16) ...
    stage 3/3: scoring on 3582 test series (accuracy + AOPCR) ...
    [mlflow] versioned model 'seanet_bottleneck_gatedattn__mstcn_sep_bottleneck_gated_attention' (id=m-e4dff2971498491cb96c2e6467b1df02) params={'model_size_mb': '1.4297', 'n_model_params': '41696', 'name': 'seanet_bottleneck_gatedattn'}
    [mlflow] logged run 'seanet_bottleneck_gatedattn_UWaveGestureLibraryZ'  (train_acc=0.9040 val_acc=0.7401 test_acc=0.7560 test_loss=0.7121)
[ 80/129] UWaveGestureLibraryZ         DONE  acc=0.7560 loss=0.7121 AOPCR=  1.173 NDCG=  n/a C=  8 T=  315 (30s)  [79 trained / 0 failed so far]
[ 81/129] Wafer
    stage 1/3: loading data ...
    stage 2/3: training on 801 series (val=199, C=2, T=152, batch=16) ...
    stage 3/3: scoring on 6164 test series (accuracy + AOPCR) ...
    [mlflow] versioned model 'seanet_bottleneck_gatedattn__mstcn_sep_bottleneck_gated_attention' (id=m-cb2584b6e82741ed89e9c299984c3152) params={'model_size_mb': '1.428', 'n_model_params': '41252', 'name': 'seanet_bottleneck_gatedattn'}
    [mlflow] logged run 'seanet_bottleneck_gatedattn_Wafer'  (train_acc=1.0000 val_acc=1.0000 test_acc=0.9953 test_loss=0.0799)
[ 81/129] Wafer                        DONE  acc=0.9953 loss=0.0799 AOPCR=  1.487 NDCG=  n/a C=  2 T=  152 (86s)  [80 trained / 0 failed so far]
[ 82/129] Wine
    stage 1/3: loading data ...
    stage 2/3: training on 57 series (no val (train-loss early stop), C=2, T=234, batch=5) ...
    stage 3/3: scoring on 54 test series (accuracy + AOPCR) ...
    [mlflow] versioned model 'seanet_bottleneck_gatedattn__mstcn_sep_bottleneck_gated_attention' (id=m-af0703bf2f094785a4fd192ec4e597ce) params={'model_size_mb': '1.428', 'n_model_params': '41252', 'name': 'seanet_bottleneck_gatedattn'}
    [mlflow] logged run 'seanet_bottleneck_gatedattn_Wine'  (train_acc=0.6842 test_acc=0.6667 test_loss=0.5757)
[ 82/129] Wine                         DONE  acc=0.6667 loss=0.5757 AOPCR= -0.543 NDCG=  n/a C=  2 T=  234 (34s)  [81 trained / 0 failed so far]
[ 83/129] WordSynonyms
    stage 1/3: loading data ...
    stage 2/3: training on 217 series (val=50, C=25, T=270, batch=16) ...
    stage 3/3: scoring on 638 test series (accuracy + AOPCR) ...
    [mlflow] versioned model 'seanet_bottleneck_gatedattn__mstcn_sep_bottleneck_gated_attention' (id=m-59f6adb725ad492b952599c316cafeba) params={'model_size_mb': '1.4344', 'n_model_params': '42954', 'name': 'seanet_bottleneck_gatedattn'}
    [mlflow] logged run 'seanet_bottleneck_gatedattn_WordSynonyms'  (train_acc=1.0000 val_acc=0.8000 test_acc=0.7304 test_loss=1.1767)
[ 83/129] WordSynonyms                 DONE  acc=0.7304 loss=1.1767 AOPCR=  0.797 NDCG=  n/a C= 25 T=  270 (26s)  [82 trained / 0 failed so far]
[ 84/129] Worms
    stage 1/3: loading data ...
    stage 2/3: training on 146 series (val=35, C=5, T=900, batch=14) ...
    stage 3/3: scoring on 77 test series (accuracy + AOPCR) ...
    [mlflow] versioned model 'seanet_bottleneck_gatedattn__mstcn_sep_bottleneck_gated_attention' (id=m-53f3aaa101e94228ab403b21419b62f6) params={'model_size_mb': '1.4288', 'n_model_params': '41474', 'name': 'seanet_bottleneck_gatedattn'}
    [mlflow] logged run 'seanet_bottleneck_gatedattn_Worms'  (train_acc=0.9041 val_acc=0.7143 test_acc=0.7273 test_loss=0.7644)
[ 84/129] Worms                        DONE  acc=0.7273 loss=0.7644 AOPCR=  0.828 NDCG=  n/a C=  5 T=  900 (8s)  [83 trained / 0 failed so far]
[ 85/129] WormsTwoClass
    stage 1/3: loading data ...
    stage 2/3: training on 145 series (val=36, C=2, T=900, batch=14) ...
    stage 3/3: scoring on 77 test series (accuracy + AOPCR) ...
    [mlflow] versioned model 'seanet_bottleneck_gatedattn__mstcn_sep_bottleneck_gated_attention' (id=m-730cad77ae174fa8b003b705b1abe207) params={'model_size_mb': '1.428', 'n_model_params': '41252', 'name': 'seanet_bottleneck_gatedattn'}
    [mlflow] logged run 'seanet_bottleneck_gatedattn_WormsTwoClass'  (train_acc=0.7862 val_acc=0.6667 test_acc=0.7532 test_loss=0.5363)
[ 85/129] WormsTwoClass                DONE  acc=0.7532 loss=0.5363 AOPCR=  0.248 NDCG=  n/a C=  2 T=  900 (5s)  [84 trained / 0 failed so far]
[ 86/129] Yoga
    stage 1/3: loading data ...
    stage 2/3: training on 241 series (val=59, C=2, T=426, batch=16) ...
    stage 3/3: scoring on 3000 test series (accuracy + AOPCR) ...
    [mlflow] versioned model 'seanet_bottleneck_gatedattn__mstcn_sep_bottleneck_gated_attention' (id=m-29be412a755a421981e8e456f7422002) params={'model_size_mb': '1.428', 'n_model_params': '41252', 'name': 'seanet_bottleneck_gatedattn'}
    [mlflow] logged run 'seanet_bottleneck_gatedattn_Yoga'  (train_acc=1.0000 val_acc=0.9661 test_acc=0.8930 test_loss=0.2665)
[ 86/129] Yoga                         DONE  acc=0.8930 loss=0.2665 AOPCR=  0.361 NDCG=  n/a C=  2 T=  426 (24s)  [85 trained / 0 failed so far]
[ 87/129] ACSF1
    stage 1/3: loading data ...
    stage 2/3: training on 80 series (val=20, C=10, T=1460, batch=8) ...
    stage 3/3: scoring on 100 test series (accuracy + AOPCR) ...
    [mlflow] versioned model 'seanet_bottleneck_gatedattn__mstcn_sep_bottleneck_gated_attention' (id=m-75246e3cde57461a86029b1d21e5d4fa) params={'model_size_mb': '1.4302', 'n_model_params': '41844', 'name': 'seanet_bottleneck_gatedattn'}
    [mlflow] logged run 'seanet_bottleneck_gatedattn_ACSF1'  (train_acc=0.8875 val_acc=0.8000 test_acc=0.8100 test_loss=0.6972)
[ 87/129] ACSF1                        DONE  acc=0.8100 loss=0.6972 AOPCR=  0.685 NDCG=  n/a C= 10 T= 1460 (10s)  [86 trained / 0 failed so far]
[ 88/129] AllGestureWiimoteX
    stage 1/3: loading data ...
    stage 2/3: training on 240 series (val=60, C=10, T=500, batch=16) ...
    stage 3/3: scoring on 700 test series (accuracy + AOPCR) ...
    [mlflow] versioned model 'seanet_bottleneck_gatedattn__mstcn_sep_bottleneck_gated_attention' (id=m-1aaf98b2bea44f0f9f001377e4b05614) params={'model_size_mb': '1.4302', 'n_model_params': '41844', 'name': 'seanet_bottleneck_gatedattn'}
    [mlflow] logged run 'seanet_bottleneck_gatedattn_AllGestureWiimoteX'  (train_acc=1.0000 val_acc=0.8333 test_acc=0.7443 test_loss=0.8913)
[ 88/129] AllGestureWiimoteX           DONE  acc=0.7443 loss=0.8913 AOPCR=  2.701 NDCG=  n/a C= 10 T=  500 (19s)  [87 trained / 0 failed so far]
[ 89/129] AllGestureWiimoteY
    stage 1/3: loading data ...
    stage 2/3: training on 240 series (val=60, C=10, T=500, batch=16) ...
    stage 3/3: scoring on 700 test series (accuracy + AOPCR) ...
    [mlflow] versioned model 'seanet_bottleneck_gatedattn__mstcn_sep_bottleneck_gated_attention' (id=m-d539a2d434bd4d44a89092c9500b5862) params={'model_size_mb': '1.4302', 'n_model_params': '41844', 'name': 'seanet_bottleneck_gatedattn'}
    [mlflow] logged run 'seanet_bottleneck_gatedattn_AllGestureWiimoteY'  (train_acc=0.9667 val_acc=0.7500 test_acc=0.7386 test_loss=0.8257)
[ 89/129] AllGestureWiimoteY           DONE  acc=0.7386 loss=0.8257 AOPCR=  2.551 NDCG=  n/a C= 10 T=  500 (12s)  [88 trained / 0 failed so far]
[ 90/129] AllGestureWiimoteZ
    stage 1/3: loading data ...
    stage 2/3: training on 240 series (val=60, C=10, T=500, batch=16) ...
    stage 3/3: scoring on 700 test series (accuracy + AOPCR) ...
    [mlflow] versioned model 'seanet_bottleneck_gatedattn__mstcn_sep_bottleneck_gated_attention' (id=m-ba7457b181364c10ad9041b8255155aa) params={'model_size_mb': '1.4302', 'n_model_params': '41844', 'name': 'seanet_bottleneck_gatedattn'}
    [mlflow] logged run 'seanet_bottleneck_gatedattn_AllGestureWiimoteZ'  (train_acc=0.9750 val_acc=0.8000 test_acc=0.7357 test_loss=0.9105)
[ 90/129] AllGestureWiimoteZ           DONE  acc=0.7357 loss=0.9105 AOPCR=  2.436 NDCG=  n/a C= 10 T=  500 (20s)  [89 trained / 0 failed so far]
[ 91/129] BME
    stage 1/3: loading data ...
    stage 2/3: training on 30 series (no val (train-loss early stop), C=3, T=128, batch=3) ...
    stage 3/3: scoring on 150 test series (accuracy + AOPCR) ...
    [mlflow] versioned model 'seanet_bottleneck_gatedattn__mstcn_sep_bottleneck_gated_attention' (id=m-14ac40d916094cc5a619d2acbce325ca) params={'model_size_mb': '1.4283', 'n_model_params': '41326', 'name': 'seanet_bottleneck_gatedattn'}
    [mlflow] logged run 'seanet_bottleneck_gatedattn_BME'  (train_acc=1.0000 test_acc=0.9933 test_loss=0.1055)
[ 91/129] BME                          DONE  acc=0.9933 loss=0.1055 AOPCR=  0.727 NDCG=  n/a C=  3 T=  128 (14s)  [90 trained / 0 failed so far]
[ 92/129] Chinatown
    stage 1/3: loading data ...
    stage 2/3: training on 20 series (no val (train-loss early stop), C=2, T=24, batch=2) ...
    stage 3/3: scoring on 343 test series (accuracy + AOPCR) ...
    [mlflow] versioned model 'seanet_bottleneck_gatedattn__mstcn_sep_bottleneck_gated_attention' (id=m-6c400af833a2403faf7fb402ee21f01b) params={'model_size_mb': '1.428', 'n_model_params': '41252', 'name': 'seanet_bottleneck_gatedattn'}
    [mlflow] logged run 'seanet_bottleneck_gatedattn_Chinatown'  (train_acc=1.0000 test_acc=0.9796 test_loss=0.1124)
[ 92/129] Chinatown                    DONE  acc=0.9796 loss=0.1124 AOPCR=  0.438 NDCG=  n/a C=  2 T=   24 (30s)  [91 trained / 0 failed so far]
[ 93/129] Crop
    stage 1/3: loading data ...
    stage 2/3: training on 5760 series (val=1440, C=24, T=46, batch=16) ...
    stage 3/3: scoring on 16800 test series (accuracy + AOPCR) ...
    [mlflow] versioned model 'seanet_bottleneck_gatedattn__mstcn_sep_bottleneck_gated_attention' (id=m-14e30ccc18d145b9ac02d4bb9cffa47b) params={'model_size_mb': '1.4342', 'n_model_params': '42880', 'name': 'seanet_bottleneck_gatedattn'}
    [mlflow] logged run 'seanet_bottleneck_gatedattn_Crop'  (train_acc=0.8375 val_acc=0.7118 test_acc=0.7115 test_loss=0.9362)
[ 93/129] Crop                         DONE  acc=0.7115 loss=0.9362 AOPCR=  0.161 NDCG=  n/a C= 24 T=   46 (366s)  [92 trained / 0 failed so far]
[ 94/129] DodgerLoopDay
    stage 1/3: loading data ...
    stage 2/3: training on 78 series (no val (train-loss early stop), C=7, T=288, batch=7) ...
    stage 3/3: scoring on 80 test series (accuracy + AOPCR) ...
    [mlflow] versioned model 'seanet_bottleneck_gatedattn__mstcn_sep_bottleneck_gated_attention' (id=m-843ec10798bb47feb4e4176e67881ed9) params={'model_size_mb': '1.4294', 'n_model_params': '41622', 'name': 'seanet_bottleneck_gatedattn'}
    [mlflow] logged run 'seanet_bottleneck_gatedattn_DodgerLoopDay'  (train_acc=1.0000 test_acc=0.6250 test_loss=1.3189)
[ 94/129] DodgerLoopDay                DONE  acc=0.6250 loss=1.3189 AOPCR=  1.464 NDCG=  n/a C=  7 T=  288 (31s)  [93 trained / 0 failed so far]
[ 95/129] DodgerLoopGame
    stage 1/3: loading data ...
    stage 2/3: training on 20 series (no val (train-loss early stop), C=2, T=288, batch=2) ...
    stage 3/3: scoring on 138 test series (accuracy + AOPCR) ...
    [mlflow] versioned model 'seanet_bottleneck_gatedattn__mstcn_sep_bottleneck_gated_attention' (id=m-cfdf318418024e63b41cfc0b1d4171c7) params={'model_size_mb': '1.428', 'n_model_params': '41252', 'name': 'seanet_bottleneck_gatedattn'}
    [mlflow] logged run 'seanet_bottleneck_gatedattn_DodgerLoopGame'  (train_acc=1.0000 test_acc=0.9420 test_loss=0.1753)
[ 95/129] DodgerLoopGame               DONE  acc=0.9420 loss=0.1753 AOPCR=  0.349 NDCG=  n/a C=  2 T=  288 (13s)  [94 trained / 0 failed so far]
[ 96/129] DodgerLoopWeekend
    stage 1/3: loading data ...
    stage 2/3: training on 20 series (no val (train-loss early stop), C=2, T=288, batch=2) ...
    stage 3/3: scoring on 138 test series (accuracy + AOPCR) ...
    [mlflow] versioned model 'seanet_bottleneck_gatedattn__mstcn_sep_bottleneck_gated_attention' (id=m-0a0fde6295324c2fa8d39f0d4524f3b1) params={'model_size_mb': '1.428', 'n_model_params': '41252', 'name': 'seanet_bottleneck_gatedattn'}
    [mlflow] logged run 'seanet_bottleneck_gatedattn_DodgerLoopWeekend'  (train_acc=1.0000 test_acc=0.9783 test_loss=0.1278)
[ 96/129] DodgerLoopWeekend            DONE  acc=0.9783 loss=0.1278 AOPCR=  0.232 NDCG=  n/a C=  2 T=  288 (14s)  [95 trained / 0 failed so far]
[ 97/129] EOGHorizontalSignal
    stage 1/3: loading data ...
    stage 2/3: training on 290 series (val=72, C=12, T=1250, batch=16) ...
    stage 3/3: scoring on 362 test series (accuracy + AOPCR) ...
    [mlflow] versioned model 'seanet_bottleneck_gatedattn__mstcn_sep_bottleneck_gated_attention' (id=m-0d085b29c33546b1b24c9519c2cfa68f) params={'model_size_mb': '1.4308', 'n_model_params': '41992', 'name': 'seanet_bottleneck_gatedattn'}
    [mlflow] logged run 'seanet_bottleneck_gatedattn_EOGHorizontalSignal'  (train_acc=0.9966 val_acc=0.8889 test_acc=0.5387 test_loss=1.7071)
[ 97/129] EOGHorizontalSignal          DONE  acc=0.5387 loss=1.7071 AOPCR=  1.801 NDCG=  n/a C= 12 T= 1250 (30s)  [96 trained / 0 failed so far]
[ 98/129] EOGVerticalSignal
    stage 1/3: loading data ...
    stage 2/3: training on 290 series (val=72, C=12, T=1250, batch=16) ...
    stage 3/3: scoring on 362 test series (accuracy + AOPCR) ...
    [mlflow] versioned model 'seanet_bottleneck_gatedattn__mstcn_sep_bottleneck_gated_attention' (id=m-7d9df25243884d2b84ec03d6ef14d2f9) params={'model_size_mb': '1.4308', 'n_model_params': '41992', 'name': 'seanet_bottleneck_gatedattn'}
    [mlflow] logged run 'seanet_bottleneck_gatedattn_EOGVerticalSignal'  (train_acc=1.0000 val_acc=0.8056 test_acc=0.4917 test_loss=1.8416)
[ 98/129] EOGVerticalSignal            DONE  acc=0.4917 loss=1.8416 AOPCR=  2.449 NDCG=  n/a C= 12 T= 1250 (37s)  [97 trained / 0 failed so far]
[ 99/129] EthanolLevel
    stage 1/3: loading data ...
    stage 2/3: training on 404 series (val=100, C=4, T=1751, batch=16) ...
    stage 3/3: scoring on 500 test series (accuracy + AOPCR) ...
    [mlflow] versioned model 'seanet_bottleneck_gatedattn__mstcn_sep_bottleneck_gated_attention' (id=m-3e8fef39fccc4a3f81b836e9131ce1de) params={'model_size_mb': '1.4286', 'n_model_params': '41400', 'name': 'seanet_bottleneck_gatedattn'}
    [mlflow] logged run 'seanet_bottleneck_gatedattn_EthanolLevel'  (train_acc=0.9777 val_acc=0.9100 test_acc=0.8380 test_loss=0.4411)
[ 99/129] EthanolLevel                 DONE  acc=0.8380 loss=0.4411 AOPCR= -0.420 NDCG=  n/a C=  4 T= 1751 (84s)  [98 trained / 0 failed so far]
[100/129] FreezerRegularTrain
    stage 1/3: loading data ...
    stage 2/3: training on 120 series (val=30, C=2, T=301, batch=12) ...
    stage 3/3: scoring on 2850 test series (accuracy + AOPCR) ...
    [mlflow] versioned model 'seanet_bottleneck_gatedattn__mstcn_sep_bottleneck_gated_attention' (id=m-500061058d264b849b98ec4b3e932644) params={'model_size_mb': '1.428', 'n_model_params': '41252', 'name': 'seanet_bottleneck_gatedattn'}
    [mlflow] logged run 'seanet_bottleneck_gatedattn_FreezerRegularTrain'  (train_acc=1.0000 val_acc=1.0000 test_acc=0.9947 test_loss=0.0749)
[100/129] FreezerRegularTrain          DONE  acc=0.9947 loss=0.0749 AOPCR=  0.532 NDCG=  n/a C=  2 T=  301 (8s)  [99 trained / 0 failed so far]
[101/129] FreezerSmallTrain
    stage 1/3: loading data ...
    stage 2/3: training on 28 series (no val (train-loss early stop), C=2, T=301, batch=2) ...
    stage 3/3: scoring on 2850 test series (accuracy + AOPCR) ...
    [mlflow] versioned model 'seanet_bottleneck_gatedattn__mstcn_sep_bottleneck_gated_attention' (id=m-44072dfe0d2e44c0b2c06046f42a45ed) params={'model_size_mb': '1.428', 'n_model_params': '41252', 'name': 'seanet_bottleneck_gatedattn'}
    [mlflow] logged run 'seanet_bottleneck_gatedattn_FreezerSmallTrain'  (train_acc=1.0000 test_acc=0.7333 test_loss=0.6805)
[101/129] FreezerSmallTrain            DONE  acc=0.7333 loss=0.6805 AOPCR=  0.410 NDCG=  n/a C=  2 T=  301 (16s)  [100 trained / 0 failed so far]
[102/129] Fungi
    stage 1/3: loading data ...
    stage 2/3: training on 18 series (no val (train-loss early stop), C=18, T=201, batch=2) ...
    stage 3/3: scoring on 186 test series (accuracy + AOPCR) ...
    [mlflow] versioned model 'seanet_bottleneck_gatedattn__mstcn_sep_bottleneck_gated_attention' (id=m-359423f90b704bc4b301138fafb5a05b) params={'model_size_mb': '1.4326', 'n_model_params': '42436', 'name': 'seanet_bottleneck_gatedattn'}
    [mlflow] logged run 'seanet_bottleneck_gatedattn_Fungi'  (train_acc=1.0000 test_acc=0.9301 test_loss=0.2983)
[102/129] Fungi                        DONE  acc=0.9301 loss=0.2983 AOPCR=  1.261 NDCG=  n/a C= 18 T=  201 (21s)  [101 trained / 0 failed so far]
[103/129] GestureMidAirD1
    stage 1/3: loading data ...
    stage 2/3: training on 182 series (val=26, C=26, T=360, batch=16) ...
    stage 3/3: scoring on 130 test series (accuracy + AOPCR) ...
    [mlflow] versioned model 'seanet_bottleneck_gatedattn__mstcn_sep_bottleneck_gated_attention' (id=m-71826a9d8d3d4a2f835ae815e5930f01) params={'model_size_mb': '1.4347', 'n_model_params': '43028', 'name': 'seanet_bottleneck_gatedattn'}
    [mlflow] logged run 'seanet_bottleneck_gatedattn_GestureMidAirD1'  (train_acc=0.9066 val_acc=0.8077 test_acc=0.6846 test_loss=0.9708)
[103/129] GestureMidAirD1              DONE  acc=0.6846 loss=0.9708 AOPCR=  2.308 NDCG=  n/a C= 26 T=  360 (10s)  [102 trained / 0 failed so far]
[104/129] GestureMidAirD2
    stage 1/3: loading data ...
    stage 2/3: training on 182 series (val=26, C=26, T=360, batch=16) ...
    stage 3/3: scoring on 130 test series (accuracy + AOPCR) ...
    [mlflow] versioned model 'seanet_bottleneck_gatedattn__mstcn_sep_bottleneck_gated_attention' (id=m-7aadc32c2e1b4f30986bc94522208a1c) params={'model_size_mb': '1.4347', 'n_model_params': '43028', 'name': 'seanet_bottleneck_gatedattn'}
    [mlflow] logged run 'seanet_bottleneck_gatedattn_GestureMidAirD2'  (train_acc=0.7747 val_acc=0.5769 test_acc=0.6538 test_loss=0.9983)
[104/129] GestureMidAirD2              DONE  acc=0.6538 loss=0.9983 AOPCR=  1.756 NDCG=  n/a C= 26 T=  360 (9s)  [103 trained / 0 failed so far]
[105/129] GestureMidAirD3
    stage 1/3: loading data ...
    stage 2/3: training on 182 series (val=26, C=26, T=360, batch=16) ...
    stage 3/3: scoring on 130 test series (accuracy + AOPCR) ...
    [mlflow] versioned model 'seanet_bottleneck_gatedattn__mstcn_sep_bottleneck_gated_attention' (id=m-d81fd43f3a254f3181578a0a7a5bd082) params={'model_size_mb': '1.4347', 'n_model_params': '43028', 'name': 'seanet_bottleneck_gatedattn'}
    [mlflow] logged run 'seanet_bottleneck_gatedattn_GestureMidAirD3'  (train_acc=0.7747 val_acc=0.3846 test_acc=0.4154 test_loss=2.0263)
[105/129] GestureMidAirD3              DONE  acc=0.4154 loss=2.0263 AOPCR=  1.853 NDCG=  n/a C= 26 T=  360 (10s)  [104 trained / 0 failed so far]
[106/129] GesturePebbleZ1
    stage 1/3: loading data ...
    stage 2/3: training on 107 series (val=25, C=6, T=455, batch=10) ...
    stage 3/3: scoring on 172 test series (accuracy + AOPCR) ...
    [mlflow] versioned model 'seanet_bottleneck_gatedattn__mstcn_sep_bottleneck_gated_attention' (id=m-e3a0f368bf9a464b89851acb0f16a269) params={'model_size_mb': '1.4291', 'n_model_params': '41548', 'name': 'seanet_bottleneck_gatedattn'}
    [mlflow] logged run 'seanet_bottleneck_gatedattn_GesturePebbleZ1'  (train_acc=1.0000 val_acc=1.0000 test_acc=0.9128 test_loss=0.3501)
[106/129] GesturePebbleZ1              DONE  acc=0.9128 loss=0.3501 AOPCR=  1.903 NDCG=  n/a C=  6 T=  455 (16s)  [105 trained / 0 failed so far]
[107/129] GesturePebbleZ2
    stage 1/3: loading data ...
    stage 2/3: training on 120 series (val=26, C=6, T=455, batch=12) ...
    stage 3/3: scoring on 158 test series (accuracy + AOPCR) ...
    [mlflow] versioned model 'seanet_bottleneck_gatedattn__mstcn_sep_bottleneck_gated_attention' (id=m-a2da0624281843328bc4dbe9bfb49b6f) params={'model_size_mb': '1.4291', 'n_model_params': '41548', 'name': 'seanet_bottleneck_gatedattn'}
    [mlflow] logged run 'seanet_bottleneck_gatedattn_GesturePebbleZ2'  (train_acc=1.0000 val_acc=1.0000 test_acc=0.8734 test_loss=0.4301)
[107/129] GesturePebbleZ2              DONE  acc=0.8734 loss=0.4301 AOPCR=  2.119 NDCG=  n/a C=  6 T=  455 (10s)  [106 trained / 0 failed so far]
[108/129] GunPointAgeSpan
    stage 1/3: loading data ...
    stage 2/3: training on 109 series (val=26, C=2, T=150, batch=10) ...
    stage 3/3: scoring on 316 test series (accuracy + AOPCR) ...
    [mlflow] versioned model 'seanet_bottleneck_gatedattn__mstcn_sep_bottleneck_gated_attention' (id=m-22c7106958054077b0815407bf446139) params={'model_size_mb': '1.428', 'n_model_params': '41252', 'name': 'seanet_bottleneck_gatedattn'}
    [mlflow] logged run 'seanet_bottleneck_gatedattn_GunPointAgeSpan'  (train_acc=1.0000 val_acc=1.0000 test_acc=0.9810 test_loss=0.0991)
[108/129] GunPointAgeSpan              DONE  acc=0.9810 loss=0.0991 AOPCR=  0.013 NDCG=  n/a C=  2 T=  150 (13s)  [107 trained / 0 failed so far]
[109/129] GunPointMaleVersusFemale
    stage 1/3: loading data ...
    stage 2/3: training on 109 series (val=26, C=2, T=150, batch=10) ...
    stage 3/3: scoring on 316 test series (accuracy + AOPCR) ...
    [mlflow] versioned model 'seanet_bottleneck_gatedattn__mstcn_sep_bottleneck_gated_attention' (id=m-36fd3e5a0a614e7cbf54327a5a3ccd92) params={'model_size_mb': '1.428', 'n_model_params': '41252', 'name': 'seanet_bottleneck_gatedattn'}
    [mlflow] logged run 'seanet_bottleneck_gatedattn_GunPointMaleVersusFemale'  (train_acc=1.0000 val_acc=1.0000 test_acc=0.9905 test_loss=0.0811)
[109/129] GunPointMaleVersusFemale     DONE  acc=0.9905 loss=0.0811 AOPCR=  0.120 NDCG=  n/a C=  2 T=  150 (20s)  [108 trained / 0 failed so far]
[110/129] GunPointOldVersusYoung
    stage 1/3: loading data ...
    stage 2/3: training on 109 series (val=27, C=2, T=150, batch=10) ...
    stage 3/3: scoring on 315 test series (accuracy + AOPCR) ...
    [mlflow] versioned model 'seanet_bottleneck_gatedattn__mstcn_sep_bottleneck_gated_attention' (id=m-09f361cda17d480584ab73fbdc6d5616) params={'model_size_mb': '1.428', 'n_model_params': '41252', 'name': 'seanet_bottleneck_gatedattn'}
    [mlflow] logged run 'seanet_bottleneck_gatedattn_GunPointOldVersusYoung'  (train_acc=1.0000 val_acc=1.0000 test_acc=0.9841 test_loss=0.0921)
[110/129] GunPointOldVersusYoung       DONE  acc=0.9841 loss=0.0921 AOPCR=  1.014 NDCG=  n/a C=  2 T=  150 (15s)  [109 trained / 0 failed so far]
[111/129] HouseTwenty
    stage 1/3: loading data ...
    stage 2/3: training on 40 series (no val (train-loss early stop), C=2, T=2000, batch=4) ...
    stage 3/3: scoring on 119 test series (accuracy + AOPCR) ...
    [mlflow] versioned model 'seanet_bottleneck_gatedattn__mstcn_sep_bottleneck_gated_attention' (id=m-bc420b00a6e9450480f0f08103c7c2ca) params={'model_size_mb': '1.428', 'n_model_params': '41252', 'name': 'seanet_bottleneck_gatedattn'}
    [mlflow] logged run 'seanet_bottleneck_gatedattn_HouseTwenty'  (train_acc=1.0000 test_acc=0.9916 test_loss=0.1002)
[111/129] HouseTwenty                  DONE  acc=0.9916 loss=0.1002 AOPCR=  1.680 NDCG=  n/a C=  2 T= 2000 (18s)  [110 trained / 0 failed so far]
[112/129] InsectEPGRegularTrain
    stage 1/3: loading data ...
    stage 2/3: training on 62 series (no val (train-loss early stop), C=3, T=601, batch=6) ...
    stage 3/3: scoring on 249 test series (accuracy + AOPCR) ...
    [mlflow] versioned model 'seanet_bottleneck_gatedattn__mstcn_sep_bottleneck_gated_attention' (id=m-41b961cb0ae14f508237d90ff0b198fd) params={'model_size_mb': '1.4283', 'n_model_params': '41326', 'name': 'seanet_bottleneck_gatedattn'}
    [mlflow] logged run 'seanet_bottleneck_gatedattn_InsectEPGRegularTrain'  (train_acc=1.0000 test_acc=0.9839 test_loss=0.1329)
[112/129] InsectEPGRegularTrain        DONE  acc=0.9839 loss=0.1329 AOPCR=  0.882 NDCG=  n/a C=  3 T=  601 (27s)  [111 trained / 0 failed so far]
[113/129] InsectEPGSmallTrain
    stage 1/3: loading data ...
    stage 2/3: training on 17 series (no val (train-loss early stop), C=3, T=601, batch=2) ...
    stage 3/3: scoring on 249 test series (accuracy + AOPCR) ...
    [mlflow] versioned model 'seanet_bottleneck_gatedattn__mstcn_sep_bottleneck_gated_attention' (id=m-751ce5f310e349dea8ec7e4bb6cca15b) params={'model_size_mb': '1.4283', 'n_model_params': '41326', 'name': 'seanet_bottleneck_gatedattn'}
    [mlflow] logged run 'seanet_bottleneck_gatedattn_InsectEPGSmallTrain'  (train_acc=1.0000 test_acc=0.8956 test_loss=0.3718)
[113/129] InsectEPGSmallTrain          DONE  acc=0.8956 loss=0.3718 AOPCR=  0.976 NDCG=  n/a C=  3 T=  601 (11s)  [112 trained / 0 failed so far]
[114/129] MelbournePedestrian
    stage 1/3: loading data ...
    stage 2/3: training on 956 series (val=238, C=10, T=24, batch=16) ...
    stage 3/3: scoring on 2439 test series (accuracy + AOPCR) ...
    [mlflow] versioned model 'seanet_bottleneck_gatedattn__mstcn_sep_bottleneck_gated_attention' (id=m-242852dd18964c4db092b5613176d27f) params={'model_size_mb': '1.4302', 'n_model_params': '41844', 'name': 'seanet_bottleneck_gatedattn'}
    [mlflow] logged run 'seanet_bottleneck_gatedattn_MelbournePedestrian'  (train_acc=0.9895 val_acc=0.9286 test_acc=0.8979 test_loss=0.3672)
[114/129] MelbournePedestrian          DONE  acc=0.8979 loss=0.3672 AOPCR=  0.001 NDCG=  n/a C= 10 T=   24 (79s)  [113 trained / 0 failed so far]
[115/129] MixedShapesRegularTrain
    stage 1/3: loading data ...
    stage 2/3: training on 400 series (val=100, C=5, T=1024, batch=16) ...
    stage 3/3: scoring on 2425 test series (accuracy + AOPCR) ...
    [mlflow] versioned model 'seanet_bottleneck_gatedattn__mstcn_sep_bottleneck_gated_attention' (id=m-e54d4227979b421f846dc4023c54aab3) params={'model_size_mb': '1.4288', 'n_model_params': '41474', 'name': 'seanet_bottleneck_gatedattn'}
    [mlflow] logged run 'seanet_bottleneck_gatedattn_MixedShapesRegularTrain'  (train_acc=1.0000 val_acc=0.9300 test_acc=0.9654 test_loss=0.1889)
[115/129] MixedShapesRegularTrain      DONE  acc=0.9654 loss=0.1889 AOPCR=  1.512 NDCG=  n/a C=  5 T= 1024 (31s)  [114 trained / 0 failed so far]
[116/129] MixedShapesSmallTrain
    stage 1/3: loading data ...
    stage 2/3: training on 80 series (val=20, C=5, T=1024, batch=8) ...
    stage 3/3: scoring on 2425 test series (accuracy + AOPCR) ...
    [mlflow] versioned model 'seanet_bottleneck_gatedattn__mstcn_sep_bottleneck_gated_attention' (id=m-2523a16394f44e43b7bde60f9008259c) params={'model_size_mb': '1.4288', 'n_model_params': '41474', 'name': 'seanet_bottleneck_gatedattn'}
    [mlflow] logged run 'seanet_bottleneck_gatedattn_MixedShapesSmallTrain'  (train_acc=1.0000 val_acc=1.0000 test_acc=0.8775 test_loss=0.3852)
[116/129] MixedShapesSmallTrain        DONE  acc=0.8775 loss=0.3852 AOPCR=  1.192 NDCG=  n/a C=  5 T= 1024 (13s)  [115 trained / 0 failed so far]
[117/129] PLAID
    stage 1/3: loading data ...
    stage 2/3: training on 436 series (val=101, C=11, T=1344, batch=16) ...
    stage 3/3: scoring on 537 test series (accuracy + AOPCR) ...
    [mlflow] versioned model 'seanet_bottleneck_gatedattn__mstcn_sep_bottleneck_gated_attention' (id=m-7ec5379673964ae8aec6d50fe49acec2) params={'model_size_mb': '1.4305', 'n_model_params': '41918', 'name': 'seanet_bottleneck_gatedattn'}
    [mlflow] logged run 'seanet_bottleneck_gatedattn_PLAID'  (train_acc=0.9587 val_acc=0.8713 test_acc=0.8752 test_loss=0.4660)
[117/129] PLAID                        DONE  acc=0.8752 loss=0.4660 AOPCR=  1.850 NDCG=  n/a C= 11 T= 1344 (44s)  [116 trained / 0 failed so far]
[118/129] PickupGestureWiimoteZ
    stage 1/3: loading data ...
    stage 2/3: training on 50 series (no val (train-loss early stop), C=10, T=361, batch=5) ...
    stage 3/3: scoring on 50 test series (accuracy + AOPCR) ...
    [mlflow] versioned model 'seanet_bottleneck_gatedattn__mstcn_sep_bottleneck_gated_attention' (id=m-8442c96fa67a457581b39c033384a1b8) params={'model_size_mb': '1.4302', 'n_model_params': '41844', 'name': 'seanet_bottleneck_gatedattn'}
    [mlflow] logged run 'seanet_bottleneck_gatedattn_PickupGestureWiimoteZ'  (train_acc=1.0000 test_acc=0.8000 test_loss=0.7936)
[118/129] PickupGestureWiimoteZ        DONE  acc=0.8000 loss=0.7936 AOPCR=  1.599 NDCG=  n/a C= 10 T=  361 (29s)  [117 trained / 0 failed so far]
[119/129] PigAirwayPressure
    stage 1/3: loading data ...
    stage 2/3: training on 52 series (val=52, C=52, T=2000, batch=5) ...
    stage 3/3: scoring on 208 test series (accuracy + AOPCR) ...
    [mlflow] versioned model 'seanet_bottleneck_gatedattn__mstcn_sep_bottleneck_gated_attention' (id=m-46bde60f14b0489ea73bb9e41ba9c70c) params={'model_size_mb': '1.4422', 'n_model_params': '44952', 'name': 'seanet_bottleneck_gatedattn'}
    [mlflow] logged run 'seanet_bottleneck_gatedattn_PigAirwayPressure'  (train_acc=0.0385 val_acc=0.0385 test_acc=0.0385 test_loss=3.8653)
[119/129] PigAirwayPressure            DONE  acc=0.0385 loss=3.8653 AOPCR=  0.168 NDCG=  n/a C= 52 T= 2000 (5s)  [118 trained / 0 failed so far]
[120/129] PigArtPressure
    stage 1/3: loading data ...
    stage 2/3: training on 52 series (val=52, C=52, T=2000, batch=5) ...
    stage 3/3: scoring on 208 test series (accuracy + AOPCR) ...
    [mlflow] versioned model 'seanet_bottleneck_gatedattn__mstcn_sep_bottleneck_gated_attention' (id=m-b7deb2bc5d7141f999c6d67fdd3ff234) params={'model_size_mb': '1.4422', 'n_model_params': '44952', 'name': 'seanet_bottleneck_gatedattn'}
    [mlflow] logged run 'seanet_bottleneck_gatedattn_PigArtPressure'  (train_acc=1.0000 val_acc=0.7885 test_acc=0.8702 test_loss=0.6440)
[120/129] PigArtPressure               DONE  acc=0.8702 loss=0.6440 AOPCR=  1.018 NDCG=  n/a C= 52 T= 2000 (29s)  [119 trained / 0 failed so far]
[121/129] PigCVP
    stage 1/3: loading data ...
    stage 2/3: training on 52 series (val=52, C=52, T=2000, batch=5) ...
    stage 3/3: scoring on 208 test series (accuracy + AOPCR) ...
    [mlflow] versioned model 'seanet_bottleneck_gatedattn__mstcn_sep_bottleneck_gated_attention' (id=m-b48ac888f43942da8986d8c90545b84e) params={'model_size_mb': '1.4422', 'n_model_params': '44952', 'name': 'seanet_bottleneck_gatedattn'}
    [mlflow] logged run 'seanet_bottleneck_gatedattn_PigCVP'  (train_acc=1.0000 val_acc=0.5577 test_acc=0.5577 test_loss=2.1070)
[121/129] PigCVP                       DONE  acc=0.5577 loss=2.1070 AOPCR=  2.082 NDCG=  n/a C= 52 T= 2000 (23s)  [120 trained / 0 failed so far]
[122/129] PowerCons
    stage 1/3: loading data ...
    stage 2/3: training on 144 series (val=36, C=2, T=144, batch=14) ...
    stage 3/3: scoring on 180 test series (accuracy + AOPCR) ...
    [mlflow] versioned model 'seanet_bottleneck_gatedattn__mstcn_sep_bottleneck_gated_attention' (id=m-0fab82a09b3d431c88f88542bea902b3) params={'model_size_mb': '1.428', 'n_model_params': '41252', 'name': 'seanet_bottleneck_gatedattn'}
    [mlflow] logged run 'seanet_bottleneck_gatedattn_PowerCons'  (train_acc=1.0000 val_acc=1.0000 test_acc=0.9611 test_loss=0.1363)
[122/129] PowerCons                    DONE  acc=0.9611 loss=0.1363 AOPCR=  0.162 NDCG=  n/a C=  2 T=  144 (14s)  [121 trained / 0 failed so far]
[123/129] Rock
    stage 1/3: loading data ...
    stage 2/3: training on 20 series (no val (train-loss early stop), C=4, T=2844, batch=2) ...
    stage 3/3: scoring on 50 test series (accuracy + AOPCR) ...
    [mlflow] versioned model 'seanet_bottleneck_gatedattn__mstcn_sep_bottleneck_gated_attention' (id=m-46f899b418b74c3b95089da91a43078b) params={'model_size_mb': '1.4286', 'n_model_params': '41400', 'name': 'seanet_bottleneck_gatedattn'}
    [mlflow] logged run 'seanet_bottleneck_gatedattn_Rock'  (train_acc=1.0000 test_acc=0.5400 test_loss=1.1495)
[123/129] Rock                         DONE  acc=0.5400 loss=1.1495 AOPCR=  1.456 NDCG=  n/a C=  4 T= 2844 (28s)  [122 trained / 0 failed so far]
[124/129] SemgHandGenderCh2
    stage 1/3: loading data ...
    stage 2/3: training on 240 series (val=60, C=2, T=1500, batch=16) ...
    stage 3/3: scoring on 600 test series (accuracy + AOPCR) ...
    [mlflow] versioned model 'seanet_bottleneck_gatedattn__mstcn_sep_bottleneck_gated_attention' (id=m-50bde5832e86488c95efc125e099b360) params={'model_size_mb': '1.428', 'n_model_params': '41252', 'name': 'seanet_bottleneck_gatedattn'}
    [mlflow] logged run 'seanet_bottleneck_gatedattn_SemgHandGenderCh2'  (train_acc=1.0000 val_acc=0.9500 test_acc=0.9017 test_loss=0.2558)
[124/129] SemgHandGenderCh2            DONE  acc=0.9017 loss=0.2558 AOPCR=  1.072 NDCG=  n/a C=  2 T= 1500 (12s)  [123 trained / 0 failed so far]
[125/129] SemgHandMovementCh2
    stage 1/3: loading data ...
    stage 2/3: training on 360 series (val=90, C=6, T=1500, batch=16) ...
    stage 3/3: scoring on 450 test series (accuracy + AOPCR) ...
    [mlflow] versioned model 'seanet_bottleneck_gatedattn__mstcn_sep_bottleneck_gated_attention' (id=m-0ae376f68b6e44e0be49086dba34882d) params={'model_size_mb': '1.4291', 'n_model_params': '41548', 'name': 'seanet_bottleneck_gatedattn'}
    [mlflow] logged run 'seanet_bottleneck_gatedattn_SemgHandMovementCh2'  (train_acc=0.8750 val_acc=0.6667 test_acc=0.6044 test_loss=1.0651)
[125/129] SemgHandMovementCh2          DONE  acc=0.6044 loss=1.0651 AOPCR=  1.983 NDCG=  n/a C=  6 T= 1500 (20s)  [124 trained / 0 failed so far]
[126/129] SemgHandSubjectCh2
    stage 1/3: loading data ...
    stage 2/3: training on 360 series (val=90, C=5, T=1500, batch=16) ...
    stage 3/3: scoring on 450 test series (accuracy + AOPCR) ...
    [mlflow] versioned model 'seanet_bottleneck_gatedattn__mstcn_sep_bottleneck_gated_attention' (id=m-f647d61e356345eb9acb6e0c54627728) params={'model_size_mb': '1.4288', 'n_model_params': '41474', 'name': 'seanet_bottleneck_gatedattn'}
    [mlflow] logged run 'seanet_bottleneck_gatedattn_SemgHandSubjectCh2'  (train_acc=1.0000 val_acc=0.9222 test_acc=0.8667 test_loss=0.4425)
[126/129] SemgHandSubjectCh2           DONE  acc=0.8667 loss=0.4425 AOPCR=  1.615 NDCG=  n/a C=  5 T= 1500 (34s)  [125 trained / 0 failed so far]
[127/129] ShakeGestureWiimoteZ
    stage 1/3: loading data ...
    stage 2/3: training on 50 series (no val (train-loss early stop), C=10, T=385, batch=5) ...
    stage 3/3: scoring on 50 test series (accuracy + AOPCR) ...
    [mlflow] versioned model 'seanet_bottleneck_gatedattn__mstcn_sep_bottleneck_gated_attention' (id=m-92a2a89341cb4ce5ac322911227a6d1e) params={'model_size_mb': '1.4302', 'n_model_params': '41844', 'name': 'seanet_bottleneck_gatedattn'}
    [mlflow] logged run 'seanet_bottleneck_gatedattn_ShakeGestureWiimoteZ'  (train_acc=1.0000 test_acc=0.9200 test_loss=0.5017)
[127/129] ShakeGestureWiimoteZ         DONE  acc=0.9200 loss=0.5017 AOPCR=  1.652 NDCG=  n/a C= 10 T=  385 (16s)  [126 trained / 0 failed so far]
[128/129] SmoothSubspace
    stage 1/3: loading data ...
    stage 2/3: training on 120 series (val=30, C=3, T=15, batch=12) ...
    stage 3/3: scoring on 150 test series (accuracy + AOPCR) ...
    [mlflow] versioned model 'seanet_bottleneck_gatedattn__mstcn_sep_bottleneck_gated_attention' (id=m-0e861872ebad46929e1e8ed7fdefdf31) params={'model_size_mb': '1.4283', 'n_model_params': '41326', 'name': 'seanet_bottleneck_gatedattn'}
    [mlflow] logged run 'seanet_bottleneck_gatedattn_SmoothSubspace'  (train_acc=1.0000 val_acc=1.0000 test_acc=0.9667 test_loss=0.1659)
[128/129] SmoothSubspace               DONE  acc=0.9667 loss=0.1659 AOPCR=  0.445 NDCG=  n/a C=  3 T=   15 (21s)  [127 trained / 0 failed so far]
[129/129] UMD
    stage 1/3: loading data ...
    stage 2/3: training on 36 series (no val (train-loss early stop), C=3, T=150, batch=3) ...
    stage 3/3: scoring on 144 test series (accuracy + AOPCR) ...
    [mlflow] versioned model 'seanet_bottleneck_gatedattn__mstcn_sep_bottleneck_gated_attention' (id=m-f7af486795ac4157af877a376af5f079) params={'model_size_mb': '1.4283', 'n_model_params': '41326', 'name': 'seanet_bottleneck_gatedattn'}
    [mlflow] logged run 'seanet_bottleneck_gatedattn_UMD'  (train_acc=1.0000 test_acc=0.9861 test_loss=0.1058)
[129/129] UMD                          DONE  acc=0.9861 loss=0.1058 AOPCR=  0.700 NDCG=  n/a C=  3 T=  150 (14s)  [128 trained / 0 failed so far]

Done: 128 trained, 1 skipped, 0 failed.
Results -> results/SEA_NET/seanet_bottleneck_gatedattn__mstcn_sep_bottleneck_gated_attention/results.csv

=== seanet_bottleneck_gatedattn__mstcn_sep_bottleneck_gated_attention vs MILLET ConjunctiveInceptionTime (mean of 5 reps) ===
  UCR datasets evaluated: 128  (with MILLET baseline: 85, without: 43)
  metric        ours    MILLET   win/tie/loss   (mean over the 85 datasets MILLET published)
  acc         0.8146    0.8445       23/14/48   
  loss        0.5330    1.2241        59/1/25   (lower is better)
  aopcr       0.6877    4.5532         5/0/80   
  wrote results/SEA_NET/seanet_bottleneck_gatedattn__mstcn_sep_bottleneck_gated_attention/comparison_vs_millet.csv

Next: `python main.py report` to draw the figures for seanet_bottleneck_gatedattn__mstcn_sep_bottleneck_gated_attention.

[log] finished; full output saved to results/SEA_NET/seanet_bottleneck_gatedattn__mstcn_sep_bottleneck_gated_attention/logs/train_2026-07-25_02-20-23.log
