[log] command 'train' started at 2026-07-24_12-39-11 for model 'seanet_gated_last__mstcn_sep_gated_classwise_conjunctive'
[log] a copy of everything below is being saved to: results/SEA_NET/seanet_gated_last__mstcn_sep_gated_classwise_conjunctive/logs/train_2026-07-24_12-39-11.log

=== train: model=seanet_gated_last__mstcn_sep_gated_classwise_conjunctive (config sv4/seanet_gated_last) device=cuda mode=full datasets=129 ===
[params] using DEFAULT recipe (no Optuna record yet - run 'python main.py optuna --model sv4/seanet_gated_last').
  results  -> results/SEA_NET/seanet_gated_last__mstcn_sep_gated_classwise_conjunctive/results.csv
  resume   -> results/SEA_NET/seanet_gated_last__mstcn_sep_gated_classwise_conjunctive/done_train_dataset.txt  (delete it to retrain everything; delete one line to retrain that dataset)

  [mlflow] logging runs to experiment 'SEA-Net_seanet_gated_last__mstcn_sep_gated_classwise_conjunctive_2026-07-24' at sqlite:///mlflow.db
  [mlflow] browse later with:  mlflow ui --backend-store-uri sqlite:///mlflow.db
[  1/129] WebTraffic                   already done -> skip
[  2/129] Adiac
    stage 1/3: loading data ...
    stage 2/3: training on 328 series (val=62, C=37, T=176, batch=16) ...
    stage 3/3: scoring on 391 test series (accuracy + AOPCR) ...
    [mlflow] versioned model 'seanet_gated_last__mstcn_sep_gated_classwise_conjunctive' (id=m-da203497bd85411bb8f2b3415eadbc4e) params={'model_size_mb': '1.5102', 'n_model_params': '63738', 'name': 'seanet_gated_last'}
    [mlflow] logged run 'seanet_gated_last_Adiac'  (train_acc=0.9817 val_acc=0.7903 test_acc=0.7852 test_loss=0.7750)
[  2/129] Adiac                        DONE  acc=0.7852 loss=0.7750 AOPCR=  1.493 NDCG=  n/a C= 37 T=  176 (48s)  [1 trained / 0 failed so far]
[  3/129] ArrowHead
    stage 1/3: loading data ...
    stage 2/3: training on 36 series (no val (train-loss early stop), C=3, T=251, batch=3) ...
    stage 3/3: scoring on 175 test series (accuracy + AOPCR) ...
    [mlflow] versioned model 'seanet_gated_last__mstcn_sep_gated_classwise_conjunctive' (id=m-27b5cb4e4d47485b8ad337ebf81c82d7) params={'model_size_mb': '1.5006', 'n_model_params': '61222', 'name': 'seanet_gated_last'}
    [mlflow] logged run 'seanet_gated_last_ArrowHead'  (train_acc=1.0000 test_acc=0.8000 test_loss=0.5624)
[  3/129] ArrowHead                    DONE  acc=0.8000 loss=0.5624 AOPCR=  0.105 NDCG=  n/a C=  3 T=  251 (43s)  [2 trained / 0 failed so far]
[  4/129] Beef
    stage 1/3: loading data ...
    stage 2/3: training on 30 series (no val (train-loss early stop), C=5, T=470, batch=3) ...
    stage 3/3: scoring on 30 test series (accuracy + AOPCR) ...
    [mlflow] versioned model 'seanet_gated_last__mstcn_sep_gated_classwise_conjunctive' (id=m-cc2db02068d94c40801e5e96ecd195e9) params={'model_size_mb': '1.5011', 'n_model_params': '61370', 'name': 'seanet_gated_last'}
    [mlflow] logged run 'seanet_gated_last_Beef'  (train_acc=1.0000 test_acc=0.8667 test_loss=0.4853)
[  4/129] Beef                         DONE  acc=0.8667 loss=0.4853 AOPCR=  1.506 NDCG=  n/a C=  5 T=  470 (36s)  [3 trained / 0 failed so far]
[  5/129] BeetleFly
    stage 1/3: loading data ...
    stage 2/3: training on 20 series (no val (train-loss early stop), C=2, T=512, batch=2) ...
    stage 3/3: scoring on 20 test series (accuracy + AOPCR) ...
    [mlflow] versioned model 'seanet_gated_last__mstcn_sep_gated_classwise_conjunctive' (id=m-6f1ffbccbdb54557bab423d2e2e99982) params={'model_size_mb': '1.5003', 'n_model_params': '61148', 'name': 'seanet_gated_last'}
    [mlflow] logged run 'seanet_gated_last_BeetleFly'  (train_acc=1.0000 test_acc=0.6500 test_loss=0.7670)
[  5/129] BeetleFly                    DONE  acc=0.6500 loss=0.7670 AOPCR=  0.112 NDCG=  n/a C=  2 T=  512 (15s)  [4 trained / 0 failed so far]
[  6/129] BirdChicken
    stage 1/3: loading data ...
    stage 2/3: training on 20 series (no val (train-loss early stop), C=2, T=512, batch=2) ...
    stage 3/3: scoring on 20 test series (accuracy + AOPCR) ...
    [mlflow] versioned model 'seanet_gated_last__mstcn_sep_gated_classwise_conjunctive' (id=m-02ed8ad533474d998fd7585832aa0591) params={'model_size_mb': '1.5003', 'n_model_params': '61148', 'name': 'seanet_gated_last'}
    [mlflow] logged run 'seanet_gated_last_BirdChicken'  (train_acc=1.0000 test_acc=0.8500 test_loss=0.5065)
[  6/129] BirdChicken                  DONE  acc=0.8500 loss=0.5065 AOPCR=  0.849 NDCG=  n/a C=  2 T=  512 (15s)  [5 trained / 0 failed so far]
[  7/129] Car
    stage 1/3: loading data ...
    stage 2/3: training on 60 series (no val (train-loss early stop), C=4, T=577, batch=6) ...
    stage 3/3: scoring on 60 test series (accuracy + AOPCR) ...
    [mlflow] versioned model 'seanet_gated_last__mstcn_sep_gated_classwise_conjunctive' (id=m-ffe9aeea4be4457792d6f29691c8e15a) params={'model_size_mb': '1.5009', 'n_model_params': '61296', 'name': 'seanet_gated_last'}
    [mlflow] logged run 'seanet_gated_last_Car'  (train_acc=1.0000 test_acc=0.8333 test_loss=0.4673)
[  7/129] Car                          DONE  acc=0.8333 loss=0.4673 AOPCR=  0.509 NDCG=  n/a C=  4 T=  577 (38s)  [6 trained / 0 failed so far]
[  8/129] CBF
    stage 1/3: loading data ...
    stage 2/3: training on 30 series (no val (train-loss early stop), C=3, T=128, batch=3) ...
    stage 3/3: scoring on 900 test series (accuracy + AOPCR) ...
    [mlflow] versioned model 'seanet_gated_last__mstcn_sep_gated_classwise_conjunctive' (id=m-27f9793b46364a418582933393c36197) params={'model_size_mb': '1.5006', 'n_model_params': '61222', 'name': 'seanet_gated_last'}
    [mlflow] logged run 'seanet_gated_last_CBF'  (train_acc=1.0000 test_acc=0.9644 test_loss=0.1874)
[  8/129] CBF                          DONE  acc=0.9644 loss=0.1874 AOPCR=  0.443 NDCG=  n/a C=  3 T=  128 (16s)  [7 trained / 0 failed so far]
[  9/129] ChlorineConcentration
    stage 1/3: loading data ...
    stage 2/3: training on 375 series (val=92, C=3, T=166, batch=16) ...
    stage 3/3: scoring on 3840 test series (accuracy + AOPCR) ...
    [mlflow] versioned model 'seanet_gated_last__mstcn_sep_gated_classwise_conjunctive' (id=m-d78ffcfe15434acaa052e30b8b121550) params={'model_size_mb': '1.5006', 'n_model_params': '61222', 'name': 'seanet_gated_last'}
    [mlflow] logged run 'seanet_gated_last_ChlorineConcentration'  (train_acc=0.9760 val_acc=0.7174 test_acc=0.7482 test_loss=0.6380)
[  9/129] ChlorineConcentration        DONE  acc=0.7482 loss=0.6380 AOPCR=  0.197 NDCG=  n/a C=  3 T=  166 (81s)  [8 trained / 0 failed so far]
[ 10/129] CinCECGTorso
    stage 1/3: loading data ...
    stage 2/3: training on 40 series (no val (train-loss early stop), C=4, T=1639, batch=4) ...
    stage 3/3: scoring on 1380 test series (accuracy + AOPCR) ...
    [mlflow] versioned model 'seanet_gated_last__mstcn_sep_gated_classwise_conjunctive' (id=m-2b28adffd4a94d1e90560c8aeb088473) params={'model_size_mb': '1.5009', 'n_model_params': '61296', 'name': 'seanet_gated_last'}
    [mlflow] logged run 'seanet_gated_last_CinCECGTorso'  (train_acc=1.0000 test_acc=0.6348 test_loss=0.9134)
[ 10/129] CinCECGTorso                 DONE  acc=0.6348 loss=0.9134 AOPCR=  0.352 NDCG=  n/a C=  4 T= 1639 (38s)  [9 trained / 0 failed so far]
[ 11/129] Coffee
    stage 1/3: loading data ...
    stage 2/3: training on 28 series (no val (train-loss early stop), C=2, T=286, batch=2) ...
    stage 3/3: scoring on 28 test series (accuracy + AOPCR) ...
    [mlflow] versioned model 'seanet_gated_last__mstcn_sep_gated_classwise_conjunctive' (id=m-edff04a703a34ae4943811850518106a) params={'model_size_mb': '1.5003', 'n_model_params': '61148', 'name': 'seanet_gated_last'}
    [mlflow] logged run 'seanet_gated_last_Coffee'  (train_acc=1.0000 test_acc=1.0000 test_loss=0.0693)
[ 11/129] Coffee                       DONE  acc=1.0000 loss=0.0693 AOPCR=  0.154 NDCG=  n/a C=  2 T=  286 (31s)  [10 trained / 0 failed so far]
[ 12/129] Computers
    stage 1/3: loading data ...
    stage 2/3: training on 200 series (val=50, C=2, T=720, batch=16) ...
    stage 3/3: scoring on 250 test series (accuracy + AOPCR) ...
    [mlflow] versioned model 'seanet_gated_last__mstcn_sep_gated_classwise_conjunctive' (id=m-23b17d4653da42ccaa1ccbf3adf7762b) params={'model_size_mb': '1.5003', 'n_model_params': '61148', 'name': 'seanet_gated_last'}
    [mlflow] logged run 'seanet_gated_last_Computers'  (train_acc=1.0000 val_acc=0.8200 test_acc=0.6200 test_loss=0.7395)
[ 12/129] Computers                    DONE  acc=0.6200 loss=0.7395 AOPCR=  0.214 NDCG=  n/a C=  2 T=  720 (15s)  [11 trained / 0 failed so far]
[ 13/129] CricketX
    stage 1/3: loading data ...
    stage 2/3: training on 317 series (val=73, C=12, T=300, batch=16) ...
    stage 3/3: scoring on 390 test series (accuracy + AOPCR) ...
    [mlflow] versioned model 'seanet_gated_last__mstcn_sep_gated_classwise_conjunctive' (id=m-a7391febb5b74a7e852b3ad2c7b05191) params={'model_size_mb': '1.5031', 'n_model_params': '61888', 'name': 'seanet_gated_last'}
    [mlflow] logged run 'seanet_gated_last_CricketX'  (train_acc=0.9937 val_acc=0.8356 test_acc=0.8026 test_loss=0.7492)
[ 13/129] CricketX                     DONE  acc=0.8026 loss=0.7492 AOPCR=  1.737 NDCG=  n/a C= 12 T=  300 (20s)  [12 trained / 0 failed so far]
[ 14/129] CricketY
    stage 1/3: loading data ...
    stage 2/3: training on 317 series (val=73, C=12, T=300, batch=16) ...
    stage 3/3: scoring on 390 test series (accuracy + AOPCR) ...
    [mlflow] versioned model 'seanet_gated_last__mstcn_sep_gated_classwise_conjunctive' (id=m-ea43e43f4f534cc99ca7f82472b814ad) params={'model_size_mb': '1.5031', 'n_model_params': '61888', 'name': 'seanet_gated_last'}
    [mlflow] logged run 'seanet_gated_last_CricketY'  (train_acc=1.0000 val_acc=0.8767 test_acc=0.8385 test_loss=0.6204)
[ 14/129] CricketY                     DONE  acc=0.8385 loss=0.6204 AOPCR=  1.270 NDCG=  n/a C= 12 T=  300 (52s)  [13 trained / 0 failed so far]
[ 15/129] CricketZ
    stage 1/3: loading data ...
    stage 2/3: training on 316 series (val=74, C=12, T=300, batch=16) ...
    stage 3/3: scoring on 390 test series (accuracy + AOPCR) ...
    [mlflow] versioned model 'seanet_gated_last__mstcn_sep_gated_classwise_conjunctive' (id=m-b6f5fc17eb42442d923752d1039df896) params={'model_size_mb': '1.5031', 'n_model_params': '61888', 'name': 'seanet_gated_last'}
    [mlflow] logged run 'seanet_gated_last_CricketZ'  (train_acc=1.0000 val_acc=0.9189 test_acc=0.8385 test_loss=0.5610)
[ 15/129] CricketZ                     DONE  acc=0.8385 loss=0.5610 AOPCR=  1.389 NDCG=  n/a C= 12 T=  300 (74s)  [14 trained / 0 failed so far]
[ 16/129] DiatomSizeReduction
    stage 1/3: loading data ...
    stage 2/3: training on 16 series (no val (train-loss early stop), C=4, T=345, batch=2) ...
    stage 3/3: scoring on 306 test series (accuracy + AOPCR) ...
    [mlflow] versioned model 'seanet_gated_last__mstcn_sep_gated_classwise_conjunctive' (id=m-7a74653d9dc54e14a73f2c63972f4302) params={'model_size_mb': '1.5009', 'n_model_params': '61296', 'name': 'seanet_gated_last'}
    [mlflow] logged run 'seanet_gated_last_DiatomSizeReduction'  (train_acc=1.0000 test_acc=0.9608 test_loss=0.1946)
[ 16/129] DiatomSizeReduction          DONE  acc=0.9608 loss=0.1946 AOPCR=  0.545 NDCG=  n/a C=  4 T=  345 (20s)  [15 trained / 0 failed so far]
[ 17/129] DistalPhalanxOutlineAgeGroup
    stage 1/3: loading data ...
    stage 2/3: training on 321 series (val=79, C=3, T=80, batch=16) ...
    stage 3/3: scoring on 139 test series (accuracy + AOPCR) ...
    [mlflow] versioned model 'seanet_gated_last__mstcn_sep_gated_classwise_conjunctive' (id=m-b2a812b202c4466abbd118dec81aa991) params={'model_size_mb': '1.5006', 'n_model_params': '61222', 'name': 'seanet_gated_last'}
    [mlflow] logged run 'seanet_gated_last_DistalPhalanxOutlineAgeGroup'  (train_acc=0.8785 val_acc=0.8354 test_acc=0.7410 test_loss=0.5732)
[ 17/129] DistalPhalanxOutlineAgeGroup DONE  acc=0.7410 loss=0.5732 AOPCR=  0.002 NDCG=  n/a C=  3 T=   80 (18s)  [16 trained / 0 failed so far]
[ 18/129] DistalPhalanxOutlineCorrect
    stage 1/3: loading data ...
    stage 2/3: training on 481 series (val=119, C=2, T=80, batch=16) ...
    stage 3/3: scoring on 276 test series (accuracy + AOPCR) ...
    [mlflow] versioned model 'seanet_gated_last__mstcn_sep_gated_classwise_conjunctive' (id=m-7d1a6eb72f81496d988527f347deec92) params={'model_size_mb': '1.5003', 'n_model_params': '61148', 'name': 'seanet_gated_last'}
    [mlflow] logged run 'seanet_gated_last_DistalPhalanxOutlineCorrect'  (train_acc=0.9584 val_acc=0.8655 test_acc=0.7717 test_loss=0.5130)
[ 18/129] DistalPhalanxOutlineCorrect  DONE  acc=0.7717 loss=0.5130 AOPCR= -0.010 NDCG=  n/a C=  2 T=   80 (43s)  [17 trained / 0 failed so far]
[ 19/129] DistalPhalanxTW
    stage 1/3: loading data ...
    stage 2/3: training on 323 series (val=77, C=6, T=80, batch=16) ...
    stage 3/3: scoring on 139 test series (accuracy + AOPCR) ...
    [mlflow] versioned model 'seanet_gated_last__mstcn_sep_gated_classwise_conjunctive' (id=m-4a33d613844b4191b9c03c56bfcb0005) params={'model_size_mb': '1.5014', 'n_model_params': '61444', 'name': 'seanet_gated_last'}
    [mlflow] logged run 'seanet_gated_last_DistalPhalanxTW'  (train_acc=0.8421 val_acc=0.8571 test_acc=0.7050 test_loss=0.7930)
[ 19/129] DistalPhalanxTW              DONE  acc=0.7050 loss=0.7930 AOPCR=  0.500 NDCG=  n/a C=  6 T=   80 (17s)  [18 trained / 0 failed so far]
[ 20/129] Earthquakes
    stage 1/3: loading data ...
    stage 2/3: training on 259 series (val=63, C=2, T=512, batch=16) ...
    stage 3/3: scoring on 139 test series (accuracy + AOPCR) ...
    [mlflow] versioned model 'seanet_gated_last__mstcn_sep_gated_classwise_conjunctive' (id=m-5aeffd6a5e784f099b8ed2ce625b242c) params={'model_size_mb': '1.5003', 'n_model_params': '61148', 'name': 'seanet_gated_last'}
    [mlflow] logged run 'seanet_gated_last_Earthquakes'  (train_acc=1.0000 val_acc=0.8413 test_acc=0.7338 test_loss=0.6658)
[ 20/129] Earthquakes                  DONE  acc=0.7338 loss=0.6658 AOPCR=  0.148 NDCG=  n/a C=  2 T=  512 (21s)  [19 trained / 0 failed so far]
[ 21/129] ECG200
    stage 1/3: loading data ...
    stage 2/3: training on 81 series (val=19, C=2, T=96, batch=8) ...
    stage 3/3: scoring on 100 test series (accuracy + AOPCR) ...
    [mlflow] versioned model 'seanet_gated_last__mstcn_sep_gated_classwise_conjunctive' (id=m-622849f25edf419fa8d1ad2b12c3b86f) params={'model_size_mb': '1.5003', 'n_model_params': '61148', 'name': 'seanet_gated_last'}
    [mlflow] logged run 'seanet_gated_last_ECG200'  (train_acc=0.8642 val_acc=0.6316 test_acc=0.7400 test_loss=0.5005)
[ 21/129] ECG200                       DONE  acc=0.7400 loss=0.5005 AOPCR=  0.218 NDCG=  n/a C=  2 T=   96 (6s)  [20 trained / 0 failed so far]
[ 22/129] ECG5000
    stage 1/3: loading data ...
    stage 2/3: training on 401 series (val=99, C=5, T=140, batch=16) ...
    stage 3/3: scoring on 4500 test series (accuracy + AOPCR) ...
    [mlflow] versioned model 'seanet_gated_last__mstcn_sep_gated_classwise_conjunctive' (id=m-745cdd47e1b1407d83bb1ebae5d66b6c) params={'model_size_mb': '1.5011', 'n_model_params': '61370', 'name': 'seanet_gated_last'}
    [mlflow] logged run 'seanet_gated_last_ECG5000'  (train_acc=1.0000 val_acc=0.9697 test_acc=0.9324 test_loss=0.3031)
[ 22/129] ECG5000                      DONE  acc=0.9324 loss=0.3031 AOPCR=  0.948 NDCG=  n/a C=  5 T=  140 (66s)  [21 trained / 0 failed so far]
[ 23/129] ECGFiveDays
    stage 1/3: loading data ...
    stage 2/3: training on 23 series (no val (train-loss early stop), C=2, T=136, batch=2) ...
    stage 3/3: scoring on 861 test series (accuracy + AOPCR) ...
    [mlflow] versioned model 'seanet_gated_last__mstcn_sep_gated_classwise_conjunctive' (id=m-d9cff90049d94d12a76855d208e0edb9) params={'model_size_mb': '1.5003', 'n_model_params': '61148', 'name': 'seanet_gated_last'}
    [mlflow] logged run 'seanet_gated_last_ECGFiveDays'  (train_acc=1.0000 test_acc=0.9977 test_loss=0.0832)
[ 23/129] ECGFiveDays                  DONE  acc=0.9977 loss=0.0832 AOPCR=  0.139 NDCG=  n/a C=  2 T=  136 (14s)  [22 trained / 0 failed so far]
[ 24/129] ElectricDevices
    stage 1/3: loading data ...
    stage 2/3: training on 7144 series (val=1782, C=7, T=96, batch=16) ...
    stage 3/3: scoring on 7711 test series (accuracy + AOPCR) ...
    [mlflow] versioned model 'seanet_gated_last__mstcn_sep_gated_classwise_conjunctive' (id=m-19a49b53e22546b68d7bf681afbe3015) params={'model_size_mb': '1.5017', 'n_model_params': '61518', 'name': 'seanet_gated_last'}
    [mlflow] logged run 'seanet_gated_last_ElectricDevices'  (train_acc=0.9432 val_acc=0.9046 test_acc=0.7008 test_loss=1.0385)
[ 24/129] ElectricDevices              DONE  acc=0.7008 loss=1.0385 AOPCR=  0.583 NDCG=  n/a C=  7 T=   96 (484s)  [23 trained / 0 failed so far]
[ 25/129] FaceAll
    stage 1/3: loading data ...
    stage 2/3: training on 448 series (val=112, C=14, T=131, batch=16) ...
    stage 3/3: scoring on 1690 test series (accuracy + AOPCR) ...
    [mlflow] versioned model 'seanet_gated_last__mstcn_sep_gated_classwise_conjunctive' (id=m-a70ba4ccc0de432fa37bd08f416d98b7) params={'model_size_mb': '1.5036', 'n_model_params': '62036', 'name': 'seanet_gated_last'}
    [mlflow] logged run 'seanet_gated_last_FaceAll'  (train_acc=1.0000 val_acc=0.9821 test_acc=0.8183 test_loss=0.8640)
[ 25/129] FaceAll                      DONE  acc=0.8183 loss=0.8640 AOPCR=  0.378 NDCG=  n/a C= 14 T=  131 (82s)  [24 trained / 0 failed so far]
[ 26/129] FaceFour
    stage 1/3: loading data ...
    stage 2/3: training on 24 series (no val (train-loss early stop), C=4, T=350, batch=2) ...
    stage 3/3: scoring on 88 test series (accuracy + AOPCR) ...
    [mlflow] versioned model 'seanet_gated_last__mstcn_sep_gated_classwise_conjunctive' (id=m-d2642acc29a843a4953faccfbdf6ada0) params={'model_size_mb': '1.5009', 'n_model_params': '61296', 'name': 'seanet_gated_last'}
    [mlflow] logged run 'seanet_gated_last_FaceFour'  (train_acc=1.0000 test_acc=0.6477 test_loss=0.7946)
[ 26/129] FaceFour                     DONE  acc=0.6477 loss=0.7946 AOPCR=  0.255 NDCG=  n/a C=  4 T=  350 (29s)  [25 trained / 0 failed so far]
[ 27/129] FacesUCR
    stage 1/3: loading data ...
    stage 2/3: training on 165 series (val=35, C=14, T=131, batch=16) ...
    stage 3/3: scoring on 2050 test series (accuracy + AOPCR) ...
    [mlflow] versioned model 'seanet_gated_last__mstcn_sep_gated_classwise_conjunctive' (id=m-a884db06b0994110aab52b172aa5e82f) params={'model_size_mb': '1.5036', 'n_model_params': '62036', 'name': 'seanet_gated_last'}
    [mlflow] logged run 'seanet_gated_last_FacesUCR'  (train_acc=1.0000 val_acc=0.9714 test_acc=0.9317 test_loss=0.3382)
[ 27/129] FacesUCR                     DONE  acc=0.9317 loss=0.3382 AOPCR=  0.652 NDCG=  n/a C= 14 T=  131 (11s)  [26 trained / 0 failed so far]
[ 28/129] FiftyWords
    stage 1/3: loading data ...
    stage 2/3: training on 365 series (val=85, C=50, T=270, batch=16) ...
    stage 3/3: scoring on 455 test series (accuracy + AOPCR) ...
    [mlflow] versioned model 'seanet_gated_last__mstcn_sep_gated_classwise_conjunctive' (id=m-96078a9b6ecc4cb0aa5d8ec1970161cd) params={'model_size_mb': '1.5139', 'n_model_params': '64700', 'name': 'seanet_gated_last'}
    [mlflow] logged run 'seanet_gated_last_FiftyWords'  (train_acc=1.0000 val_acc=0.8235 test_acc=0.8066 test_loss=0.8468)
[ 28/129] FiftyWords                   DONE  acc=0.8066 loss=0.8468 AOPCR=  0.472 NDCG=  n/a C= 50 T=  270 (59s)  [27 trained / 0 failed so far]
[ 29/129] Fish
    stage 1/3: loading data ...
    stage 2/3: training on 142 series (val=33, C=7, T=463, batch=14) ...
    stage 3/3: scoring on 175 test series (accuracy + AOPCR) ...
    [mlflow] versioned model 'seanet_gated_last__mstcn_sep_gated_classwise_conjunctive' (id=m-05b203440f0047d0b5c6fbc7d7d77137) params={'model_size_mb': '1.5017', 'n_model_params': '61518', 'name': 'seanet_gated_last'}
    [mlflow] logged run 'seanet_gated_last_Fish'  (train_acc=1.0000 val_acc=1.0000 test_acc=0.9714 test_loss=0.2082)
[ 29/129] Fish                         DONE  acc=0.9714 loss=0.2082 AOPCR=  0.518 NDCG=  n/a C=  7 T=  463 (40s)  [28 trained / 0 failed so far]
[ 30/129] FordA
    stage 1/3: loading data ...
    stage 2/3: training on 2881 series (val=720, C=2, T=500, batch=16) ...
    stage 3/3: scoring on 1320 test series (accuracy + AOPCR) ...
    [mlflow] versioned model 'seanet_gated_last__mstcn_sep_gated_classwise_conjunctive' (id=m-7f5abe74ffed47249494c0959e395dc9) params={'model_size_mb': '1.5003', 'n_model_params': '61148', 'name': 'seanet_gated_last'}
    [mlflow] logged run 'seanet_gated_last_FordA'  (train_acc=0.9840 val_acc=0.9681 test_acc=0.9621 test_loss=0.1423)
[ 30/129] FordA                        DONE  acc=0.9621 loss=0.1423 AOPCR=  0.317 NDCG=  n/a C=  2 T=  500 (151s)  [29 trained / 0 failed so far]
[ 31/129] FordB
    stage 1/3: loading data ...
    stage 2/3: training on 2909 series (val=727, C=2, T=500, batch=16) ...
    stage 3/3: scoring on 810 test series (accuracy + AOPCR) ...
    [mlflow] versioned model 'seanet_gated_last__mstcn_sep_gated_classwise_conjunctive' (id=m-f9bf82b3ce174daca70f2408ec3b2604) params={'model_size_mb': '1.5003', 'n_model_params': '61148', 'name': 'seanet_gated_last'}
    [mlflow] logged run 'seanet_gated_last_FordB'  (train_acc=0.9876 val_acc=0.9629 test_acc=0.8444 test_loss=0.3571)
[ 31/129] FordB                        DONE  acc=0.8444 loss=0.3571 AOPCR=  0.160 NDCG=  n/a C=  2 T=  500 (133s)  [30 trained / 0 failed so far]
[ 32/129] GunPoint
    stage 1/3: loading data ...
    stage 2/3: training on 50 series (no val (train-loss early stop), C=2, T=150, batch=5) ...
    stage 3/3: scoring on 150 test series (accuracy + AOPCR) ...
    [mlflow] versioned model 'seanet_gated_last__mstcn_sep_gated_classwise_conjunctive' (id=m-b93280ee4b2c45a08d0645410acd74f0) params={'model_size_mb': '1.5003', 'n_model_params': '61148', 'name': 'seanet_gated_last'}
    [mlflow] logged run 'seanet_gated_last_GunPoint'  (train_acc=1.0000 test_acc=0.9867 test_loss=0.0971)
[ 32/129] GunPoint                     DONE  acc=0.9867 loss=0.0971 AOPCR=  0.275 NDCG=  n/a C=  2 T=  150 (33s)  [31 trained / 0 failed so far]
[ 33/129] Ham
    stage 1/3: loading data ...
    stage 2/3: training on 88 series (val=21, C=2, T=431, batch=8) ...
    stage 3/3: scoring on 105 test series (accuracy + AOPCR) ...
    [mlflow] versioned model 'seanet_gated_last__mstcn_sep_gated_classwise_conjunctive' (id=m-fc7b9a79c7bf4536bce4242def3bdf4c) params={'model_size_mb': '1.5003', 'n_model_params': '61148', 'name': 'seanet_gated_last'}
    [mlflow] logged run 'seanet_gated_last_Ham'  (train_acc=0.9545 val_acc=0.9524 test_acc=0.7143 test_loss=0.5516)
[ 33/129] Ham                          DONE  acc=0.7143 loss=0.5516 AOPCR=  0.984 NDCG=  n/a C=  2 T=  431 (7s)  [32 trained / 0 failed so far]
[ 34/129] HandOutlines
    stage 1/3: loading data ...
    stage 2/3: training on 801 series (val=199, C=2, T=2709, batch=16) ...
    stage 3/3: scoring on 370 test series (accuracy + AOPCR) ...
    [mlflow] versioned model 'seanet_gated_last__mstcn_sep_gated_classwise_conjunctive' (id=m-f883e4209b7b41a6806e93ccdc0c7aea) params={'model_size_mb': '1.5003', 'n_model_params': '61148', 'name': 'seanet_gated_last'}
    [mlflow] logged run 'seanet_gated_last_HandOutlines'  (train_acc=0.9763 val_acc=0.9296 test_acc=0.9541 test_loss=0.1908)
[ 34/129] HandOutlines                 DONE  acc=0.9541 loss=0.1908 AOPCR=  0.488 NDCG=  n/a C=  2 T= 2709 (182s)  [33 trained / 0 failed so far]
[ 35/129] Haptics
    stage 1/3: loading data ...
    stage 2/3: training on 127 series (val=28, C=5, T=1092, batch=12) ...
    stage 3/3: scoring on 308 test series (accuracy + AOPCR) ...
    [mlflow] versioned model 'seanet_gated_last__mstcn_sep_gated_classwise_conjunctive' (id=m-8a18ecd698454c9e8efdc89e8cbb6da6) params={'model_size_mb': '1.5011', 'n_model_params': '61370', 'name': 'seanet_gated_last'}
    [mlflow] logged run 'seanet_gated_last_Haptics'  (train_acc=0.7087 val_acc=0.6429 test_acc=0.4838 test_loss=1.4239)
[ 35/129] Haptics                      DONE  acc=0.4838 loss=1.4239 AOPCR=  1.157 NDCG=  n/a C=  5 T= 1092 (9s)  [34 trained / 0 failed so far]
[ 36/129] Herring
    stage 1/3: loading data ...
    stage 2/3: training on 64 series (no val (train-loss early stop), C=2, T=512, batch=6) ...
    stage 3/3: scoring on 64 test series (accuracy + AOPCR) ...
    [mlflow] versioned model 'seanet_gated_last__mstcn_sep_gated_classwise_conjunctive' (id=m-2a51aefea59c4084a7cf8a8d1bdb9d58) params={'model_size_mb': '1.5003', 'n_model_params': '61148', 'name': 'seanet_gated_last'}
    [mlflow] logged run 'seanet_gated_last_Herring'  (train_acc=1.0000 test_acc=0.6406 test_loss=0.8019)
[ 36/129] Herring                      DONE  acc=0.6406 loss=0.8019 AOPCR=  0.957 NDCG=  n/a C=  2 T=  512 (41s)  [35 trained / 0 failed so far]
[ 37/129] InlineSkate
    stage 1/3: loading data ...
    stage 2/3: training on 84 series (val=16, C=7, T=1882, batch=8) ...
    stage 3/3: scoring on 550 test series (accuracy + AOPCR) ...
    [mlflow] versioned model 'seanet_gated_last__mstcn_sep_gated_classwise_conjunctive' (id=m-2b8442e787cc47eaaa6918e8de9f8b3d) params={'model_size_mb': '1.5017', 'n_model_params': '61518', 'name': 'seanet_gated_last'}
    [mlflow] logged run 'seanet_gated_last_InlineSkate'  (train_acc=0.7024 val_acc=0.3125 test_acc=0.2818 test_loss=2.0465)
[ 37/129] InlineSkate                  DONE  acc=0.2818 loss=2.0465 AOPCR=  1.493 NDCG=  n/a C=  7 T= 1882 (9s)  [36 trained / 0 failed so far]
[ 38/129] InsectWingbeatSound
    stage 1/3: loading data ...
    stage 2/3: training on 176 series (val=44, C=11, T=256, batch=16) ...
    stage 3/3: scoring on 1980 test series (accuracy + AOPCR) ...
    [mlflow] versioned model 'seanet_gated_last__mstcn_sep_gated_classwise_conjunctive' (id=m-56db14fd56de49aa8dd4a0cae0936d1e) params={'model_size_mb': '1.5028', 'n_model_params': '61814', 'name': 'seanet_gated_last'}
    [mlflow] logged run 'seanet_gated_last_InsectWingbeatSound'  (train_acc=0.7443 val_acc=0.5682 test_acc=0.5944 test_loss=1.0584)
[ 38/129] InsectWingbeatSound          DONE  acc=0.5944 loss=1.0584 AOPCR=  0.183 NDCG=  n/a C= 11 T=  256 (7s)  [37 trained / 0 failed so far]
[ 39/129] ItalyPowerDemand
    stage 1/3: loading data ...
    stage 2/3: training on 67 series (no val (train-loss early stop), C=2, T=24, batch=6) ...
    stage 3/3: scoring on 1029 test series (accuracy + AOPCR) ...
    [mlflow] versioned model 'seanet_gated_last__mstcn_sep_gated_classwise_conjunctive' (id=m-766a6bff668347309d9869e83a27f2d8) params={'model_size_mb': '1.5003', 'n_model_params': '61148', 'name': 'seanet_gated_last'}
    [mlflow] logged run 'seanet_gated_last_ItalyPowerDemand'  (train_acc=1.0000 test_acc=0.9602 test_loss=0.1580)
[ 39/129] ItalyPowerDemand             DONE  acc=0.9602 loss=0.1580 AOPCR=  0.570 NDCG=  n/a C=  2 T=   24 (20s)  [38 trained / 0 failed so far]
[ 40/129] LargeKitchenAppliances
    stage 1/3: loading data ...
    stage 2/3: training on 300 series (val=75, C=3, T=720, batch=16) ...
    stage 3/3: scoring on 375 test series (accuracy + AOPCR) ...
    [mlflow] versioned model 'seanet_gated_last__mstcn_sep_gated_classwise_conjunctive' (id=m-ccd6bfe46e1748ef85053d098d593359) params={'model_size_mb': '1.5006', 'n_model_params': '61222', 'name': 'seanet_gated_last'}
    [mlflow] logged run 'seanet_gated_last_LargeKitchenAppliances'  (train_acc=0.9900 val_acc=0.9867 test_acc=0.8907 test_loss=0.3888)
[ 40/129] LargeKitchenAppliances       DONE  acc=0.8907 loss=0.3888 AOPCR=  1.556 NDCG=  n/a C=  3 T=  720 (28s)  [39 trained / 0 failed so far]
[ 41/129] Lightning2
    stage 1/3: loading data ...
    stage 2/3: training on 60 series (no val (train-loss early stop), C=2, T=637, batch=6) ...
    stage 3/3: scoring on 61 test series (accuracy + AOPCR) ...
    [mlflow] versioned model 'seanet_gated_last__mstcn_sep_gated_classwise_conjunctive' (id=m-531d195ba8a94c7a899f2868f20df9fc) params={'model_size_mb': '1.5003', 'n_model_params': '61148', 'name': 'seanet_gated_last'}
    [mlflow] logged run 'seanet_gated_last_Lightning2'  (train_acc=1.0000 test_acc=0.7541 test_loss=0.5166)
[ 41/129] Lightning2                   DONE  acc=0.7541 loss=0.5166 AOPCR=  0.293 NDCG=  n/a C=  2 T=  637 (21s)  [40 trained / 0 failed so far]
[ 42/129] Lightning7
    stage 1/3: loading data ...
    stage 2/3: training on 70 series (no val (train-loss early stop), C=7, T=319, batch=7) ...
    stage 3/3: scoring on 73 test series (accuracy + AOPCR) ...
    [mlflow] versioned model 'seanet_gated_last__mstcn_sep_gated_classwise_conjunctive' (id=m-9a6e438eee4d4422bc8acf0d1d4a3fc3) params={'model_size_mb': '1.5017', 'n_model_params': '61518', 'name': 'seanet_gated_last'}
    [mlflow] logged run 'seanet_gated_last_Lightning7'  (train_acc=1.0000 test_acc=0.7397 test_loss=0.7595)
[ 42/129] Lightning7                   DONE  acc=0.7397 loss=0.7595 AOPCR=  0.630 NDCG=  n/a C=  7 T=  319 (38s)  [41 trained / 0 failed so far]
[ 43/129] Mallat
    stage 1/3: loading data ...
    stage 2/3: training on 55 series (no val (train-loss early stop), C=8, T=1024, batch=5) ...
    stage 3/3: scoring on 2345 test series (accuracy + AOPCR) ...
    [mlflow] versioned model 'seanet_gated_last__mstcn_sep_gated_classwise_conjunctive' (id=m-0644f7e2e5de4498884f8b22973ef43c) params={'model_size_mb': '1.502', 'n_model_params': '61592', 'name': 'seanet_gated_last'}
    [mlflow] logged run 'seanet_gated_last_Mallat'  (train_acc=1.0000 test_acc=0.9548 test_loss=0.2855)
[ 43/129] Mallat                       DONE  acc=0.9548 loss=0.2855 AOPCR=  1.257 NDCG=  n/a C=  8 T= 1024 (40s)  [42 trained / 0 failed so far]
[ 44/129] Meat
    stage 1/3: loading data ...
    stage 2/3: training on 60 series (no val (train-loss early stop), C=3, T=448, batch=6) ...
    stage 3/3: scoring on 60 test series (accuracy + AOPCR) ...
    [mlflow] versioned model 'seanet_gated_last__mstcn_sep_gated_classwise_conjunctive' (id=m-15a16c8d4a6048579785b38269ca0b35) params={'model_size_mb': '1.5006', 'n_model_params': '61222', 'name': 'seanet_gated_last'}
    [mlflow] logged run 'seanet_gated_last_Meat'  (train_acc=1.0000 test_acc=0.8500 test_loss=0.3171)
[ 44/129] Meat                         DONE  acc=0.8500 loss=0.3171 AOPCR=  2.191 NDCG=  n/a C=  3 T=  448 (33s)  [43 trained / 0 failed so far]
[ 45/129] MedicalImages
    stage 1/3: loading data ...
    stage 2/3: training on 307 series (val=74, C=10, T=99, batch=16) ...
    stage 3/3: scoring on 760 test series (accuracy + AOPCR) ...
    [mlflow] versioned model 'seanet_gated_last__mstcn_sep_gated_classwise_conjunctive' (id=m-01e8ea4be8294f2a80820d07241df82c) params={'model_size_mb': '1.5025', 'n_model_params': '61740', 'name': 'seanet_gated_last'}
    [mlflow] logged run 'seanet_gated_last_MedicalImages'  (train_acc=0.9251 val_acc=0.8378 test_acc=0.7487 test_loss=0.7423)
[ 45/129] MedicalImages                DONE  acc=0.7487 loss=0.7423 AOPCR=  0.676 NDCG=  n/a C= 10 T=   99 (19s)  [44 trained / 0 failed so far]
[ 46/129] MiddlePhalanxOutlineAgeGroup
    stage 1/3: loading data ...
    stage 2/3: training on 321 series (val=79, C=3, T=80, batch=16) ...
    stage 3/3: scoring on 154 test series (accuracy + AOPCR) ...
    [mlflow] versioned model 'seanet_gated_last__mstcn_sep_gated_classwise_conjunctive' (id=m-fc07fde8a3cf4ef68d0b77ca55f825de) params={'model_size_mb': '1.5006', 'n_model_params': '61222', 'name': 'seanet_gated_last'}
    [mlflow] logged run 'seanet_gated_last_MiddlePhalanxOutlineAgeGroup'  (train_acc=0.8131 val_acc=0.8101 test_acc=0.6299 test_loss=0.9094)
[ 46/129] MiddlePhalanxOutlineAgeGroup DONE  acc=0.6299 loss=0.9094 AOPCR= -0.374 NDCG=  n/a C=  3 T=   80 (22s)  [45 trained / 0 failed so far]
[ 47/129] MiddlePhalanxOutlineCorrect
    stage 1/3: loading data ...
    stage 2/3: training on 481 series (val=119, C=2, T=80, batch=16) ...
    stage 3/3: scoring on 291 test series (accuracy + AOPCR) ...
    [mlflow] versioned model 'seanet_gated_last__mstcn_sep_gated_classwise_conjunctive' (id=m-25760d90e9a945afa6180ab918c5f935) params={'model_size_mb': '1.5003', 'n_model_params': '61148', 'name': 'seanet_gated_last'}
    [mlflow] logged run 'seanet_gated_last_MiddlePhalanxOutlineCorrect'  (train_acc=0.8940 val_acc=0.8571 test_acc=0.8007 test_loss=0.4146)
[ 47/129] MiddlePhalanxOutlineCorrect  DONE  acc=0.8007 loss=0.4146 AOPCR=  0.567 NDCG=  n/a C=  2 T=   80 (30s)  [46 trained / 0 failed so far]
[ 48/129] MiddlePhalanxTW
    stage 1/3: loading data ...
    stage 2/3: training on 321 series (val=78, C=6, T=80, batch=16) ...
    stage 3/3: scoring on 154 test series (accuracy + AOPCR) ...
    [mlflow] versioned model 'seanet_gated_last__mstcn_sep_gated_classwise_conjunctive' (id=m-b1517a76467b4cf2a0a13df6b80defd8) params={'model_size_mb': '1.5014', 'n_model_params': '61444', 'name': 'seanet_gated_last'}
    [mlflow] logged run 'seanet_gated_last_MiddlePhalanxTW'  (train_acc=0.6791 val_acc=0.6538 test_acc=0.5455 test_loss=1.1188)
[ 48/129] MiddlePhalanxTW              DONE  acc=0.5455 loss=1.1188 AOPCR=  0.379 NDCG=  n/a C=  6 T=   80 (22s)  [47 trained / 0 failed so far]
[ 49/129] MoteStrain
    stage 1/3: loading data ...
    stage 2/3: training on 20 series (no val (train-loss early stop), C=2, T=84, batch=2) ...
    stage 3/3: scoring on 1252 test series (accuracy + AOPCR) ...
    [mlflow] versioned model 'seanet_gated_last__mstcn_sep_gated_classwise_conjunctive' (id=m-00d02cfd937848ac9f7541adaf3bec02) params={'model_size_mb': '1.5003', 'n_model_params': '61148', 'name': 'seanet_gated_last'}
    [mlflow] logged run 'seanet_gated_last_MoteStrain'  (train_acc=1.0000 test_acc=0.8474 test_loss=0.3606)
[ 49/129] MoteStrain                   DONE  acc=0.8474 loss=0.3606 AOPCR=  0.355 NDCG=  n/a C=  2 T=   84 (10s)  [48 trained / 0 failed so far]
[ 50/129] NonInvasiveFetalECGThorax1
    stage 1/3: loading data ...
    stage 2/3: training on 1452 series (val=348, C=42, T=750, batch=16) ...
    stage 3/3: scoring on 1965 test series (accuracy + AOPCR) ...
    [mlflow] versioned model 'seanet_gated_last__mstcn_sep_gated_classwise_conjunctive' (id=m-54765b4b36cf4e08af6c8b82e8b19c8e) params={'model_size_mb': '1.5116', 'n_model_params': '64108', 'name': 'seanet_gated_last'}
    [mlflow] logged run 'seanet_gated_last_NonInvasiveFetalECGThorax1'  (train_acc=0.9773 val_acc=0.9224 test_acc=0.9069 test_loss=0.4533)
[ 50/129] NonInvasiveFetalECGThorax1   DONE  acc=0.9069 loss=0.4533 AOPCR= -0.343 NDCG=  n/a C= 42 T=  750 (162s)  [49 trained / 0 failed so far]
[ 51/129] NonInvasiveFetalECGThorax2
    stage 1/3: loading data ...
    stage 2/3: training on 1452 series (val=348, C=42, T=750, batch=16) ...
    stage 3/3: scoring on 1965 test series (accuracy + AOPCR) ...
    [mlflow] versioned model 'seanet_gated_last__mstcn_sep_gated_classwise_conjunctive' (id=m-98c8393fa09a4aafa0c97da11fdd9c0e) params={'model_size_mb': '1.5116', 'n_model_params': '64108', 'name': 'seanet_gated_last'}
    [mlflow] logged run 'seanet_gated_last_NonInvasiveFetalECGThorax2'  (train_acc=0.9883 val_acc=0.9454 test_acc=0.9323 test_loss=0.2977)
[ 51/129] NonInvasiveFetalECGThorax2   DONE  acc=0.9323 loss=0.2977 AOPCR= -0.344 NDCG=  n/a C= 42 T=  750 (109s)  [50 trained / 0 failed so far]
[ 52/129] OliveOil
    stage 1/3: loading data ...
    stage 2/3: training on 30 series (no val (train-loss early stop), C=4, T=570, batch=3) ...
    stage 3/3: scoring on 30 test series (accuracy + AOPCR) ...
    [mlflow] versioned model 'seanet_gated_last__mstcn_sep_gated_classwise_conjunctive' (id=m-f49e176003794bf586493ac02ce41e16) params={'model_size_mb': '1.5009', 'n_model_params': '61296', 'name': 'seanet_gated_last'}
    [mlflow] logged run 'seanet_gated_last_OliveOil'  (train_acc=0.4333 test_acc=0.4000 test_loss=1.2647)
[ 52/129] OliveOil                     DONE  acc=0.4000 loss=1.2647 AOPCR=  0.040 NDCG=  n/a C=  4 T=  570 (30s)  [51 trained / 0 failed so far]
[ 53/129] OSULeaf
    stage 1/3: loading data ...
    stage 2/3: training on 163 series (val=37, C=6, T=427, batch=16) ...
    stage 3/3: scoring on 242 test series (accuracy + AOPCR) ...
    [mlflow] versioned model 'seanet_gated_last__mstcn_sep_gated_classwise_conjunctive' (id=m-bc78761ab89b43c5bc0e610df58bc21e) params={'model_size_mb': '1.5014', 'n_model_params': '61444', 'name': 'seanet_gated_last'}
    [mlflow] logged run 'seanet_gated_last_OSULeaf'  (train_acc=1.0000 val_acc=1.0000 test_acc=0.9008 test_loss=0.4284)
[ 53/129] OSULeaf                      DONE  acc=0.9008 loss=0.4284 AOPCR=  0.506 NDCG=  n/a C=  6 T=  427 (18s)  [52 trained / 0 failed so far]
[ 54/129] PhalangesOutlinesCorrect
    stage 1/3: loading data ...
    stage 2/3: training on 1441 series (val=359, C=2, T=80, batch=16) ...
    stage 3/3: scoring on 858 test series (accuracy + AOPCR) ...
    [mlflow] versioned model 'seanet_gated_last__mstcn_sep_gated_classwise_conjunctive' (id=m-00d7fc69a560404b91e85e6481f45adc) params={'model_size_mb': '1.5003', 'n_model_params': '61148', 'name': 'seanet_gated_last'}
    [mlflow] logged run 'seanet_gated_last_PhalangesOutlinesCorrect'  (train_acc=0.8890 val_acc=0.8719 test_acc=0.8112 test_loss=0.4197)
[ 54/129] PhalangesOutlinesCorrect     DONE  acc=0.8112 loss=0.4197 AOPCR=  0.178 NDCG=  n/a C=  2 T=   80 (85s)  [53 trained / 0 failed so far]
[ 55/129] Phoneme
    stage 1/3: loading data ...
    stage 2/3: training on 171 series (val=43, C=39, T=1024, batch=16) ...
    stage 3/3: scoring on 1896 test series (accuracy + AOPCR) ...
    [mlflow] versioned model 'seanet_gated_last__mstcn_sep_gated_classwise_conjunctive' (id=m-7c0d2ae4a33a44dd998f2c006386685e) params={'model_size_mb': '1.5107', 'n_model_params': '63886', 'name': 'seanet_gated_last'}
    [mlflow] logged run 'seanet_gated_last_Phoneme'  (train_acc=0.4795 val_acc=0.1860 test_acc=0.2605 test_loss=2.7808)
[ 55/129] Phoneme                      DONE  acc=0.2605 loss=2.7808 AOPCR=  0.544 NDCG=  n/a C= 39 T= 1024 (7s)  [54 trained / 0 failed so far]
[ 56/129] Plane
    stage 1/3: loading data ...
    stage 2/3: training on 87 series (val=18, C=7, T=144, batch=8) ...
    stage 3/3: scoring on 105 test series (accuracy + AOPCR) ...
    [mlflow] versioned model 'seanet_gated_last__mstcn_sep_gated_classwise_conjunctive' (id=m-d9b2df2489d54c7f902eedea723209e8) params={'model_size_mb': '1.5017', 'n_model_params': '61518', 'name': 'seanet_gated_last'}
    [mlflow] logged run 'seanet_gated_last_Plane'  (train_acc=1.0000 val_acc=1.0000 test_acc=1.0000 test_loss=0.1078)
[ 56/129] Plane                        DONE  acc=1.0000 loss=0.1078 AOPCR=  0.192 NDCG=  n/a C=  7 T=  144 (35s)  [55 trained / 0 failed so far]
[ 57/129] ProximalPhalanxOutlineAgeGroup
    stage 1/3: loading data ...
    stage 2/3: training on 322 series (val=78, C=3, T=80, batch=16) ...
    stage 3/3: scoring on 205 test series (accuracy + AOPCR) ...
    [mlflow] versioned model 'seanet_gated_last__mstcn_sep_gated_classwise_conjunctive' (id=m-35ae22f83d5e443084634962e621f45c) params={'model_size_mb': '1.5006', 'n_model_params': '61222', 'name': 'seanet_gated_last'}
    [mlflow] logged run 'seanet_gated_last_ProximalPhalanxOutlineAgeGroup'  (train_acc=0.8696 val_acc=0.8077 test_acc=0.8244 test_loss=0.4450)
[ 57/129] ProximalPhalanxOutlineAgeGroup DONE  acc=0.8244 loss=0.4450 AOPCR=  1.021 NDCG=  n/a C=  3 T=   80 (27s)  [56 trained / 0 failed so far]
[ 58/129] ProximalPhalanxOutlineCorrect
    stage 1/3: loading data ...
    stage 2/3: training on 481 series (val=119, C=2, T=80, batch=16) ...
    stage 3/3: scoring on 291 test series (accuracy + AOPCR) ...
    [mlflow] versioned model 'seanet_gated_last__mstcn_sep_gated_classwise_conjunctive' (id=m-8bddaf29baf8418590e7dcb39a4f5c1f) params={'model_size_mb': '1.5003', 'n_model_params': '61148', 'name': 'seanet_gated_last'}
    [mlflow] logged run 'seanet_gated_last_ProximalPhalanxOutlineCorrect'  (train_acc=0.9647 val_acc=0.8992 test_acc=0.9072 test_loss=0.2637)
[ 58/129] ProximalPhalanxOutlineCorrect DONE  acc=0.9072 loss=0.2637 AOPCR= -1.624 NDCG=  n/a C=  2 T=   80 (55s)  [57 trained / 0 failed so far]
[ 59/129] ProximalPhalanxTW
    stage 1/3: loading data ...
    stage 2/3: training on 322 series (val=78, C=6, T=80, batch=16) ...
    stage 3/3: scoring on 205 test series (accuracy + AOPCR) ...
    [mlflow] versioned model 'seanet_gated_last__mstcn_sep_gated_classwise_conjunctive' (id=m-7dd49b944138432fb5ad29b1a11c2973) params={'model_size_mb': '1.5014', 'n_model_params': '61444', 'name': 'seanet_gated_last'}
    [mlflow] logged run 'seanet_gated_last_ProximalPhalanxTW'  (train_acc=0.9161 val_acc=0.8590 test_acc=0.7805 test_loss=0.6149)
[ 59/129] ProximalPhalanxTW            DONE  acc=0.7805 loss=0.6149 AOPCR= -0.083 NDCG=  n/a C=  6 T=   80 (28s)  [58 trained / 0 failed so far]
[ 60/129] RefrigerationDevices
    stage 1/3: loading data ...
    stage 2/3: training on 300 series (val=75, C=3, T=720, batch=16) ...
    stage 3/3: scoring on 375 test series (accuracy + AOPCR) ...
    [mlflow] versioned model 'seanet_gated_last__mstcn_sep_gated_classwise_conjunctive' (id=m-bde0cba282cc441898a9502d57d724b0) params={'model_size_mb': '1.5006', 'n_model_params': '61222', 'name': 'seanet_gated_last'}
    [mlflow] logged run 'seanet_gated_last_RefrigerationDevices'  (train_acc=0.8100 val_acc=0.7067 test_acc=0.4960 test_loss=1.5112)
[ 60/129] RefrigerationDevices         DONE  acc=0.4960 loss=1.5112 AOPCR=  0.140 NDCG=  n/a C=  3 T=  720 (12s)  [59 trained / 0 failed so far]
[ 61/129] ScreenType
    stage 1/3: loading data ...
    stage 2/3: training on 300 series (val=75, C=3, T=720, batch=16) ...
    stage 3/3: scoring on 375 test series (accuracy + AOPCR) ...
    [mlflow] versioned model 'seanet_gated_last__mstcn_sep_gated_classwise_conjunctive' (id=m-c6cfac247230478388c2a90d68610374) params={'model_size_mb': '1.5006', 'n_model_params': '61222', 'name': 'seanet_gated_last'}
    [mlflow] logged run 'seanet_gated_last_ScreenType'  (train_acc=0.7067 val_acc=0.5333 test_acc=0.4000 test_loss=1.1613)
[ 61/129] ScreenType                   DONE  acc=0.4000 loss=1.1613 AOPCR=  0.489 NDCG=  n/a C=  3 T=  720 (13s)  [60 trained / 0 failed so far]
[ 62/129] ShapeletSim
    stage 1/3: loading data ...
    stage 2/3: training on 20 series (no val (train-loss early stop), C=2, T=500, batch=2) ...
    stage 3/3: scoring on 180 test series (accuracy + AOPCR) ...
    [mlflow] versioned model 'seanet_gated_last__mstcn_sep_gated_classwise_conjunctive' (id=m-7b7fbf0730894f54b663a9748b48d488) params={'model_size_mb': '1.5003', 'n_model_params': '61148', 'name': 'seanet_gated_last'}
    [mlflow] logged run 'seanet_gated_last_ShapeletSim'  (train_acc=1.0000 test_acc=0.4833 test_loss=0.9154)
[ 62/129] ShapeletSim                  DONE  acc=0.4833 loss=0.9154 AOPCR=  0.100 NDCG=  n/a C=  2 T=  500 (6s)  [61 trained / 0 failed so far]
[ 63/129] ShapesAll
    stage 1/3: loading data ...
    stage 2/3: training on 480 series (val=120, C=60, T=512, batch=16) ...
    stage 3/3: scoring on 600 test series (accuracy + AOPCR) ...
    [mlflow] versioned model 'seanet_gated_last__mstcn_sep_gated_classwise_conjunctive' (id=m-768102d1078f44c3bf958f5f1ac92e45) params={'model_size_mb': '1.5166', 'n_model_params': '65440', 'name': 'seanet_gated_last'}
    [mlflow] logged run 'seanet_gated_last_ShapesAll'  (train_acc=1.0000 val_acc=0.9083 test_acc=0.8900 test_loss=0.5904)
[ 63/129] ShapesAll                    DONE  acc=0.8900 loss=0.5904 AOPCR=  0.860 NDCG=  n/a C= 60 T=  512 (54s)  [62 trained / 0 failed so far]
[ 64/129] SmallKitchenAppliances
    stage 1/3: loading data ...
    stage 2/3: training on 300 series (val=75, C=3, T=720, batch=16) ...
    stage 3/3: scoring on 375 test series (accuracy + AOPCR) ...
    [mlflow] versioned model 'seanet_gated_last__mstcn_sep_gated_classwise_conjunctive' (id=m-fc635157f57a41b3998ae162776e009f) params={'model_size_mb': '1.5006', 'n_model_params': '61222', 'name': 'seanet_gated_last'}
    [mlflow] logged run 'seanet_gated_last_SmallKitchenAppliances'  (train_acc=0.9667 val_acc=0.8267 test_acc=0.7867 test_loss=0.6042)
[ 64/129] SmallKitchenAppliances       DONE  acc=0.7867 loss=0.6042 AOPCR=  0.688 NDCG=  n/a C=  3 T=  720 (23s)  [63 trained / 0 failed so far]
[ 65/129] SonyAIBORobotSurface1
    stage 1/3: loading data ...
    stage 2/3: training on 20 series (no val (train-loss early stop), C=2, T=70, batch=2) ...
    stage 3/3: scoring on 601 test series (accuracy + AOPCR) ...
    [mlflow] versioned model 'seanet_gated_last__mstcn_sep_gated_classwise_conjunctive' (id=m-bf0a9e7547ff492fb8693fb552233d7e) params={'model_size_mb': '1.5003', 'n_model_params': '61148', 'name': 'seanet_gated_last'}
    [mlflow] logged run 'seanet_gated_last_SonyAIBORobotSurface1'  (train_acc=1.0000 test_acc=0.6988 test_loss=0.6459)
[ 65/129] SonyAIBORobotSurface1        DONE  acc=0.6988 loss=0.6459 AOPCR=  0.167 NDCG=  n/a C=  2 T=   70 (8s)  [64 trained / 0 failed so far]
[ 66/129] SonyAIBORobotSurface2
    stage 1/3: loading data ...
    stage 2/3: training on 27 series (no val (train-loss early stop), C=2, T=65, batch=2) ...
    stage 3/3: scoring on 953 test series (accuracy + AOPCR) ...
    [mlflow] versioned model 'seanet_gated_last__mstcn_sep_gated_classwise_conjunctive' (id=m-354acfd681b945c198bf4cd3fbb6a7a7) params={'model_size_mb': '1.5003', 'n_model_params': '61148', 'name': 'seanet_gated_last'}
    [mlflow] logged run 'seanet_gated_last_SonyAIBORobotSurface2'  (train_acc=1.0000 test_acc=0.8437 test_loss=0.3369)
[ 66/129] SonyAIBORobotSurface2        DONE  acc=0.8437 loss=0.3369 AOPCR=  0.095 NDCG=  n/a C=  2 T=   65 (9s)  [65 trained / 0 failed so far]
[ 67/129] StarLightCurves
    stage 1/3: loading data ...
    stage 2/3: training on 801 series (val=199, C=3, T=1024, batch=16) ...
    stage 3/3: scoring on 8236 test series (accuracy + AOPCR) ...
    [mlflow] versioned model 'seanet_gated_last__mstcn_sep_gated_classwise_conjunctive' (id=m-476f5b3451a0444eaca3c1b71d6c3292) params={'model_size_mb': '1.5006', 'n_model_params': '61222', 'name': 'seanet_gated_last'}
    [mlflow] logged run 'seanet_gated_last_StarLightCurves'  (train_acc=1.0000 val_acc=0.9849 test_acc=0.9773 test_loss=0.1455)
[ 67/129] StarLightCurves              DONE  acc=0.9773 loss=0.1455 AOPCR=  0.594 NDCG=  n/a C=  3 T= 1024 (105s)  [66 trained / 0 failed so far]
[ 68/129] Strawberry
    stage 1/3: loading data ...
    stage 2/3: training on 492 series (val=121, C=2, T=235, batch=16) ...
    stage 3/3: scoring on 370 test series (accuracy + AOPCR) ...
    [mlflow] versioned model 'seanet_gated_last__mstcn_sep_gated_classwise_conjunctive' (id=m-d7b74e69afd54618ba9adb2abe7abb60) params={'model_size_mb': '1.5003', 'n_model_params': '61148', 'name': 'seanet_gated_last'}
    [mlflow] logged run 'seanet_gated_last_Strawberry'  (train_acc=0.9817 val_acc=0.9917 test_acc=0.9622 test_loss=0.1375)
[ 68/129] Strawberry                   DONE  acc=0.9622 loss=0.1375 AOPCR=  0.043 NDCG=  n/a C=  2 T=  235 (52s)  [67 trained / 0 failed so far]
[ 69/129] SwedishLeaf
    stage 1/3: loading data ...
    stage 2/3: training on 405 series (val=95, C=15, T=128, batch=16) ...
    stage 3/3: scoring on 625 test series (accuracy + AOPCR) ...
    [mlflow] versioned model 'seanet_gated_last__mstcn_sep_gated_classwise_conjunctive' (id=m-b41d324bdab442459cc0039afc5af0ca) params={'model_size_mb': '1.5039', 'n_model_params': '62110', 'name': 'seanet_gated_last'}
    [mlflow] logged run 'seanet_gated_last_SwedishLeaf'  (train_acc=1.0000 val_acc=0.9579 test_acc=0.9520 test_loss=0.2735)
[ 69/129] SwedishLeaf                  DONE  acc=0.9520 loss=0.2735 AOPCR=  0.297 NDCG=  n/a C= 15 T=  128 (94s)  [68 trained / 0 failed so far]
[ 70/129] Symbols
    stage 1/3: loading data ...
    stage 2/3: training on 25 series (no val (train-loss early stop), C=6, T=398, batch=2) ...
    stage 3/3: scoring on 995 test series (accuracy + AOPCR) ...
    [mlflow] versioned model 'seanet_gated_last__mstcn_sep_gated_classwise_conjunctive' (id=m-6a6100bc32a24ff99b0b78c1a4ab4728) params={'model_size_mb': '1.5014', 'n_model_params': '61444', 'name': 'seanet_gated_last'}
    [mlflow] logged run 'seanet_gated_last_Symbols'  (train_acc=1.0000 test_acc=0.9095 test_loss=0.3449)
[ 70/129] Symbols                      DONE  acc=0.9095 loss=0.3449 AOPCR=  0.180 NDCG=  n/a C=  6 T=  398 (37s)  [69 trained / 0 failed so far]
[ 71/129] SyntheticControl
    stage 1/3: loading data ...
    stage 2/3: training on 240 series (val=60, C=6, T=60, batch=16) ...
    stage 3/3: scoring on 300 test series (accuracy + AOPCR) ...
    [mlflow] versioned model 'seanet_gated_last__mstcn_sep_gated_classwise_conjunctive' (id=m-e691f68a1c534c89aa5b3c49aff448f4) params={'model_size_mb': '1.5014', 'n_model_params': '61444', 'name': 'seanet_gated_last'}
    [mlflow] logged run 'seanet_gated_last_SyntheticControl'  (train_acc=1.0000 val_acc=1.0000 test_acc=0.9967 test_loss=0.1279)
[ 71/129] SyntheticControl             DONE  acc=0.9967 loss=0.1279 AOPCR=  0.375 NDCG=  n/a C=  6 T=   60 (33s)  [70 trained / 0 failed so far]
[ 72/129] ToeSegmentation1
    stage 1/3: loading data ...
    stage 2/3: training on 40 series (no val (train-loss early stop), C=2, T=277, batch=4) ...
    stage 3/3: scoring on 228 test series (accuracy + AOPCR) ...
    [mlflow] versioned model 'seanet_gated_last__mstcn_sep_gated_classwise_conjunctive' (id=m-c159b72d74aa4348be3005b8df5e1ba7) params={'model_size_mb': '1.5003', 'n_model_params': '61148', 'name': 'seanet_gated_last'}
    [mlflow] logged run 'seanet_gated_last_ToeSegmentation1'  (train_acc=1.0000 test_acc=0.6974 test_loss=0.6355)
[ 72/129] ToeSegmentation1             DONE  acc=0.6974 loss=0.6355 AOPCR=  0.013 NDCG=  n/a C=  2 T=  277 (26s)  [71 trained / 0 failed so far]
[ 73/129] ToeSegmentation2
    stage 1/3: loading data ...
    stage 2/3: training on 36 series (no val (train-loss early stop), C=2, T=343, batch=3) ...
    stage 3/3: scoring on 130 test series (accuracy + AOPCR) ...
    [mlflow] versioned model 'seanet_gated_last__mstcn_sep_gated_classwise_conjunctive' (id=m-d65f9a6c1bb543e580718906d26447a4) params={'model_size_mb': '1.5003', 'n_model_params': '61148', 'name': 'seanet_gated_last'}
    [mlflow] logged run 'seanet_gated_last_ToeSegmentation2'  (train_acc=1.0000 test_acc=0.6000 test_loss=0.9231)
[ 73/129] ToeSegmentation2             DONE  acc=0.6000 loss=0.9231 AOPCR=  0.144 NDCG=  n/a C=  2 T=  343 (30s)  [72 trained / 0 failed so far]
[ 74/129] Trace
    stage 1/3: loading data ...
    stage 2/3: training on 81 series (val=19, C=4, T=275, batch=8) ...
    stage 3/3: scoring on 100 test series (accuracy + AOPCR) ...
    [mlflow] versioned model 'seanet_gated_last__mstcn_sep_gated_classwise_conjunctive' (id=m-78decb9337774df695ebff1543142f19) params={'model_size_mb': '1.5009', 'n_model_params': '61296', 'name': 'seanet_gated_last'}
    [mlflow] logged run 'seanet_gated_last_Trace'  (train_acc=1.0000 val_acc=1.0000 test_acc=1.0000 test_loss=0.1013)
[ 74/129] Trace                        DONE  acc=1.0000 loss=0.1013 AOPCR=  1.230 NDCG=  n/a C=  4 T=  275 (26s)  [73 trained / 0 failed so far]
[ 75/129] TwoLeadECG
    stage 1/3: loading data ...
    stage 2/3: training on 23 series (no val (train-loss early stop), C=2, T=82, batch=2) ...
    stage 3/3: scoring on 1139 test series (accuracy + AOPCR) ...
    [mlflow] versioned model 'seanet_gated_last__mstcn_sep_gated_classwise_conjunctive' (id=m-6668930c96f840b381e2b87d26f6fa3b) params={'model_size_mb': '1.5003', 'n_model_params': '61148', 'name': 'seanet_gated_last'}
    [mlflow] logged run 'seanet_gated_last_TwoLeadECG'  (train_acc=1.0000 test_acc=0.9798 test_loss=0.1171)
[ 75/129] TwoLeadECG                   DONE  acc=0.9798 loss=0.1171 AOPCR=  0.140 NDCG=  n/a C=  2 T=   82 (28s)  [74 trained / 0 failed so far]
[ 76/129] TwoPatterns
    stage 1/3: loading data ...
    stage 2/3: training on 801 series (val=199, C=4, T=128, batch=16) ...
    stage 3/3: scoring on 4000 test series (accuracy + AOPCR) ...
    [mlflow] versioned model 'seanet_gated_last__mstcn_sep_gated_classwise_conjunctive' (id=m-edbf0278fae44f939f0c5fd9765a19ac) params={'model_size_mb': '1.5009', 'n_model_params': '61296', 'name': 'seanet_gated_last'}
    [mlflow] logged run 'seanet_gated_last_TwoPatterns'  (train_acc=1.0000 val_acc=1.0000 test_acc=1.0000 test_loss=0.1047)
[ 76/129] TwoPatterns                  DONE  acc=1.0000 loss=0.1047 AOPCR=  1.347 NDCG=  n/a C=  4 T=  128 (138s)  [75 trained / 0 failed so far]
[ 77/129] UWaveGestureLibraryAll
    stage 1/3: loading data ...
    stage 2/3: training on 719 series (val=177, C=8, T=945, batch=16) ...
    stage 3/3: scoring on 3582 test series (accuracy + AOPCR) ...
    [mlflow] versioned model 'seanet_gated_last__mstcn_sep_gated_classwise_conjunctive' (id=m-1b7ff965bfab426993ed0463e1649a33) params={'model_size_mb': '1.502', 'n_model_params': '61592', 'name': 'seanet_gated_last'}
    [mlflow] logged run 'seanet_gated_last_UWaveGestureLibraryAll'  (train_acc=1.0000 val_acc=0.9548 test_acc=0.9595 test_loss=0.2631)
[ 77/129] UWaveGestureLibraryAll       DONE  acc=0.9595 loss=0.2631 AOPCR=  0.163 NDCG=  n/a C=  8 T=  945 (132s)  [76 trained / 0 failed so far]
[ 78/129] UWaveGestureLibraryX
    stage 1/3: loading data ...
    stage 2/3: training on 719 series (val=177, C=8, T=315, batch=16) ...
    stage 3/3: scoring on 3582 test series (accuracy + AOPCR) ...
    [mlflow] versioned model 'seanet_gated_last__mstcn_sep_gated_classwise_conjunctive' (id=m-a519c5a1985e4754872bd74e0f10f31b) params={'model_size_mb': '1.502', 'n_model_params': '61592', 'name': 'seanet_gated_last'}
    [mlflow] logged run 'seanet_gated_last_UWaveGestureLibraryX'  (train_acc=0.9958 val_acc=0.8644 test_acc=0.8104 test_loss=0.6332)
[ 78/129] UWaveGestureLibraryX         DONE  acc=0.8104 loss=0.6332 AOPCR=  0.890 NDCG=  n/a C=  8 T=  315 (45s)  [77 trained / 0 failed so far]
[ 79/129] UWaveGestureLibraryY
    stage 1/3: loading data ...
    stage 2/3: training on 719 series (val=177, C=8, T=315, batch=16) ...
    stage 3/3: scoring on 3582 test series (accuracy + AOPCR) ...
    [mlflow] versioned model 'seanet_gated_last__mstcn_sep_gated_classwise_conjunctive' (id=m-f69cdbf88c4c432b87ace9a16bb69b4c) params={'model_size_mb': '1.502', 'n_model_params': '61592', 'name': 'seanet_gated_last'}
    [mlflow] logged run 'seanet_gated_last_UWaveGestureLibraryY'  (train_acc=0.9986 val_acc=0.7740 test_acc=0.7627 test_loss=0.7939)
[ 79/129] UWaveGestureLibraryY         DONE  acc=0.7627 loss=0.7939 AOPCR=  0.439 NDCG=  n/a C=  8 T=  315 (99s)  [78 trained / 0 failed so far]
[ 80/129] UWaveGestureLibraryZ
    stage 1/3: loading data ...
    stage 2/3: training on 719 series (val=177, C=8, T=315, batch=16) ...
    stage 3/3: scoring on 3582 test series (accuracy + AOPCR) ...
    [mlflow] versioned model 'seanet_gated_last__mstcn_sep_gated_classwise_conjunctive' (id=m-ca09ab4659cd40919ba86db01e73744e) params={'model_size_mb': '1.502', 'n_model_params': '61592', 'name': 'seanet_gated_last'}
    [mlflow] logged run 'seanet_gated_last_UWaveGestureLibraryZ'  (train_acc=0.8693 val_acc=0.7232 test_acc=0.7605 test_loss=0.6848)
[ 80/129] UWaveGestureLibraryZ         DONE  acc=0.7605 loss=0.6848 AOPCR=  1.175 NDCG=  n/a C=  8 T=  315 (31s)  [79 trained / 0 failed so far]
[ 81/129] Wafer
    stage 1/3: loading data ...
    stage 2/3: training on 801 series (val=199, C=2, T=152, batch=16) ...
    stage 3/3: scoring on 6164 test series (accuracy + AOPCR) ...
    [mlflow] versioned model 'seanet_gated_last__mstcn_sep_gated_classwise_conjunctive' (id=m-81e7d2251a654b77b23e5a82c5156ec2) params={'model_size_mb': '1.5003', 'n_model_params': '61148', 'name': 'seanet_gated_last'}
    [mlflow] logged run 'seanet_gated_last_Wafer'  (train_acc=1.0000 val_acc=1.0000 test_acc=0.9969 test_loss=0.0741)
[ 81/129] Wafer                        DONE  acc=0.9969 loss=0.0741 AOPCR=  0.251 NDCG=  n/a C=  2 T=  152 (39s)  [80 trained / 0 failed so far]
[ 82/129] Wine
    stage 1/3: loading data ...
    stage 2/3: training on 57 series (no val (train-loss early stop), C=2, T=234, batch=5) ...
    stage 3/3: scoring on 54 test series (accuracy + AOPCR) ...
    [mlflow] versioned model 'seanet_gated_last__mstcn_sep_gated_classwise_conjunctive' (id=m-fda0ac55c4d24f8dace55b8a9de667bd) params={'model_size_mb': '1.5003', 'n_model_params': '61148', 'name': 'seanet_gated_last'}
    [mlflow] logged run 'seanet_gated_last_Wine'  (train_acc=0.6316 test_acc=0.6111 test_loss=0.5945)
[ 82/129] Wine                         DONE  acc=0.6111 loss=0.5945 AOPCR=  2.153 NDCG=  n/a C=  2 T=  234 (38s)  [81 trained / 0 failed so far]
[ 83/129] WordSynonyms
    stage 1/3: loading data ...
    stage 2/3: training on 217 series (val=50, C=25, T=270, batch=16) ...
    stage 3/3: scoring on 638 test series (accuracy + AOPCR) ...
    [mlflow] versioned model 'seanet_gated_last__mstcn_sep_gated_classwise_conjunctive' (id=m-748d1acabecb4b17a34c014c89e77dac) params={'model_size_mb': '1.5067', 'n_model_params': '62850', 'name': 'seanet_gated_last'}
    [mlflow] logged run 'seanet_gated_last_WordSynonyms'  (train_acc=1.0000 val_acc=0.7400 test_acc=0.7179 test_loss=1.1768)
[ 83/129] WordSynonyms                 DONE  acc=0.7179 loss=1.1768 AOPCR=  0.462 NDCG=  n/a C= 25 T=  270 (22s)  [82 trained / 0 failed so far]
[ 84/129] Worms
    stage 1/3: loading data ...
    stage 2/3: training on 146 series (val=35, C=5, T=900, batch=14) ...
    stage 3/3: scoring on 77 test series (accuracy + AOPCR) ...
    [mlflow] versioned model 'seanet_gated_last__mstcn_sep_gated_classwise_conjunctive' (id=m-4516ec6900064971920e62cc78305b35) params={'model_size_mb': '1.5011', 'n_model_params': '61370', 'name': 'seanet_gated_last'}
    [mlflow] logged run 'seanet_gated_last_Worms'  (train_acc=0.9521 val_acc=0.7429 test_acc=0.6753 test_loss=0.8530)
[ 84/129] Worms                        DONE  acc=0.6753 loss=0.8530 AOPCR=  0.791 NDCG=  n/a C=  5 T=  900 (9s)  [83 trained / 0 failed so far]
[ 85/129] WormsTwoClass
    stage 1/3: loading data ...
    stage 2/3: training on 145 series (val=36, C=2, T=900, batch=14) ...
    stage 3/3: scoring on 77 test series (accuracy + AOPCR) ...
    [mlflow] versioned model 'seanet_gated_last__mstcn_sep_gated_classwise_conjunctive' (id=m-e6a37b79e03048f2a0ad49834a469fdb) params={'model_size_mb': '1.5003', 'n_model_params': '61148', 'name': 'seanet_gated_last'}
    [mlflow] logged run 'seanet_gated_last_WormsTwoClass'  (train_acc=0.9793 val_acc=0.7222 test_acc=0.5844 test_loss=0.8511)
[ 85/129] WormsTwoClass                DONE  acc=0.5844 loss=0.8511 AOPCR=  0.853 NDCG=  n/a C=  2 T=  900 (10s)  [84 trained / 0 failed so far]
[ 86/129] Yoga
    stage 1/3: loading data ...
    stage 2/3: training on 241 series (val=59, C=2, T=426, batch=16) ...
    stage 3/3: scoring on 3000 test series (accuracy + AOPCR) ...
    [mlflow] versioned model 'seanet_gated_last__mstcn_sep_gated_classwise_conjunctive' (id=m-cdf6c812d4154c96a65ebf97d251f7a6) params={'model_size_mb': '1.5003', 'n_model_params': '61148', 'name': 'seanet_gated_last'}
    [mlflow] logged run 'seanet_gated_last_Yoga'  (train_acc=1.0000 val_acc=0.9492 test_acc=0.8977 test_loss=0.2604)
[ 86/129] Yoga                         DONE  acc=0.8977 loss=0.2604 AOPCR=  1.517 NDCG=  n/a C=  2 T=  426 (22s)  [85 trained / 0 failed so far]
[ 87/129] ACSF1
    stage 1/3: loading data ...
    stage 2/3: training on 80 series (val=20, C=10, T=1460, batch=8) ...
    stage 3/3: scoring on 100 test series (accuracy + AOPCR) ...
    [mlflow] versioned model 'seanet_gated_last__mstcn_sep_gated_classwise_conjunctive' (id=m-c9cfadbed4704b688d41e3c18800891f) params={'model_size_mb': '1.5025', 'n_model_params': '61740', 'name': 'seanet_gated_last'}
    [mlflow] logged run 'seanet_gated_last_ACSF1'  (train_acc=0.9375 val_acc=0.8000 test_acc=0.8200 test_loss=0.6896)
[ 87/129] ACSF1                        DONE  acc=0.8200 loss=0.6896 AOPCR= -0.388 NDCG=  n/a C= 10 T= 1460 (19s)  [86 trained / 0 failed so far]
[ 88/129] AllGestureWiimoteX
    stage 1/3: loading data ...
    stage 2/3: training on 240 series (val=60, C=10, T=500, batch=16) ...
    stage 3/3: scoring on 700 test series (accuracy + AOPCR) ...
    [mlflow] versioned model 'seanet_gated_last__mstcn_sep_gated_classwise_conjunctive' (id=m-c43c886a4d6f4902a39300adc5d987db) params={'model_size_mb': '1.5025', 'n_model_params': '61740', 'name': 'seanet_gated_last'}
    [mlflow] logged run 'seanet_gated_last_AllGestureWiimoteX'  (train_acc=1.0000 val_acc=0.8667 test_acc=0.7471 test_loss=0.8940)
[ 88/129] AllGestureWiimoteX           DONE  acc=0.7471 loss=0.8940 AOPCR=  1.954 NDCG=  n/a C= 10 T=  500 (17s)  [87 trained / 0 failed so far]
[ 89/129] AllGestureWiimoteY
    stage 1/3: loading data ...
    stage 2/3: training on 240 series (val=60, C=10, T=500, batch=16) ...
    stage 3/3: scoring on 700 test series (accuracy + AOPCR) ...
    [mlflow] versioned model 'seanet_gated_last__mstcn_sep_gated_classwise_conjunctive' (id=m-c776ff12fd6b4c0fb1bdde37fd89274a) params={'model_size_mb': '1.5025', 'n_model_params': '61740', 'name': 'seanet_gated_last'}
    [mlflow] logged run 'seanet_gated_last_AllGestureWiimoteY'  (train_acc=1.0000 val_acc=0.7333 test_acc=0.7657 test_loss=0.8524)
[ 89/129] AllGestureWiimoteY           DONE  acc=0.7657 loss=0.8524 AOPCR=  1.930 NDCG=  n/a C= 10 T=  500 (20s)  [88 trained / 0 failed so far]
[ 90/129] AllGestureWiimoteZ
    stage 1/3: loading data ...
    stage 2/3: training on 240 series (val=60, C=10, T=500, batch=16) ...
    stage 3/3: scoring on 700 test series (accuracy + AOPCR) ...
    [mlflow] versioned model 'seanet_gated_last__mstcn_sep_gated_classwise_conjunctive' (id=m-0ee7f02fe70b4d86a2888eae7188c506) params={'model_size_mb': '1.5025', 'n_model_params': '61740', 'name': 'seanet_gated_last'}
    [mlflow] logged run 'seanet_gated_last_AllGestureWiimoteZ'  (train_acc=1.0000 val_acc=0.7500 test_acc=0.7629 test_loss=0.8681)
[ 90/129] AllGestureWiimoteZ           DONE  acc=0.7629 loss=0.8681 AOPCR=  1.668 NDCG=  n/a C= 10 T=  500 (35s)  [89 trained / 0 failed so far]
[ 91/129] BME
    stage 1/3: loading data ...
    stage 2/3: training on 30 series (no val (train-loss early stop), C=3, T=128, batch=3) ...
    stage 3/3: scoring on 150 test series (accuracy + AOPCR) ...
    [mlflow] versioned model 'seanet_gated_last__mstcn_sep_gated_classwise_conjunctive' (id=m-113129eda15c40c28b0dfa711f38ccfc) params={'model_size_mb': '1.5006', 'n_model_params': '61222', 'name': 'seanet_gated_last'}
    [mlflow] logged run 'seanet_gated_last_BME'  (train_acc=1.0000 test_acc=0.9733 test_loss=0.1296)
[ 91/129] BME                          DONE  acc=0.9733 loss=0.1296 AOPCR=  0.242 NDCG=  n/a C=  3 T=  128 (20s)  [90 trained / 0 failed so far]
[ 92/129] Chinatown
    stage 1/3: loading data ...
    stage 2/3: training on 20 series (no val (train-loss early stop), C=2, T=24, batch=2) ...
    stage 3/3: scoring on 343 test series (accuracy + AOPCR) ...
    [mlflow] versioned model 'seanet_gated_last__mstcn_sep_gated_classwise_conjunctive' (id=m-f1b011b757e64562ba69e7c76be843a1) params={'model_size_mb': '1.5003', 'n_model_params': '61148', 'name': 'seanet_gated_last'}
    [mlflow] logged run 'seanet_gated_last_Chinatown'  (train_acc=1.0000 test_acc=0.9825 test_loss=0.1156)
[ 92/129] Chinatown                    DONE  acc=0.9825 loss=0.1156 AOPCR= -0.050 NDCG=  n/a C=  2 T=   24 (34s)  [91 trained / 0 failed so far]
[ 93/129] Crop
    stage 1/3: loading data ...
    stage 2/3: training on 5760 series (val=1440, C=24, T=46, batch=16) ...
    stage 3/3: scoring on 16800 test series (accuracy + AOPCR) ...
    [mlflow] versioned model 'seanet_gated_last__mstcn_sep_gated_classwise_conjunctive' (id=m-6a140a8670464a0b8d9e1b78470853f3) params={'model_size_mb': '1.5065', 'n_model_params': '62776', 'name': 'seanet_gated_last'}
    [mlflow] logged run 'seanet_gated_last_Crop'  (train_acc=0.9403 val_acc=0.7493 test_acc=0.7427 test_loss=0.9109)
[ 93/129] Crop                         DONE  acc=0.7427 loss=0.9109 AOPCR=  0.215 NDCG=  n/a C= 24 T=   46 (613s)  [92 trained / 0 failed so far]
[ 94/129] DodgerLoopDay
    stage 1/3: loading data ...
    stage 2/3: training on 78 series (no val (train-loss early stop), C=7, T=288, batch=7) ...
    stage 3/3: scoring on 80 test series (accuracy + AOPCR) ...
    [mlflow] versioned model 'seanet_gated_last__mstcn_sep_gated_classwise_conjunctive' (id=m-c14b0c067efe40bbaa81a085cbf8b1da) params={'model_size_mb': '1.5017', 'n_model_params': '61518', 'name': 'seanet_gated_last'}
    [mlflow] logged run 'seanet_gated_last_DodgerLoopDay'  (train_acc=1.0000 test_acc=0.4875 test_loss=1.4481)
[ 94/129] DodgerLoopDay                DONE  acc=0.4875 loss=1.4481 AOPCR=  0.204 NDCG=  n/a C=  7 T=  288 (45s)  [93 trained / 0 failed so far]
[ 95/129] DodgerLoopGame
    stage 1/3: loading data ...
    stage 2/3: training on 20 series (no val (train-loss early stop), C=2, T=288, batch=2) ...
    stage 3/3: scoring on 138 test series (accuracy + AOPCR) ...
    [mlflow] versioned model 'seanet_gated_last__mstcn_sep_gated_classwise_conjunctive' (id=m-307352d766634068ba9675aff05d2198) params={'model_size_mb': '1.5003', 'n_model_params': '61148', 'name': 'seanet_gated_last'}
    [mlflow] logged run 'seanet_gated_last_DodgerLoopGame'  (train_acc=1.0000 test_acc=0.8116 test_loss=0.4336)
[ 95/129] DodgerLoopGame               DONE  acc=0.8116 loss=0.4336 AOPCR=  0.335 NDCG=  n/a C=  2 T=  288 (24s)  [94 trained / 0 failed so far]
[ 96/129] DodgerLoopWeekend
    stage 1/3: loading data ...
    stage 2/3: training on 20 series (no val (train-loss early stop), C=2, T=288, batch=2) ...
    stage 3/3: scoring on 138 test series (accuracy + AOPCR) ...
    [mlflow] versioned model 'seanet_gated_last__mstcn_sep_gated_classwise_conjunctive' (id=m-eba09d860f9a48b7b50b18bbcc525844) params={'model_size_mb': '1.5003', 'n_model_params': '61148', 'name': 'seanet_gated_last'}
    [mlflow] logged run 'seanet_gated_last_DodgerLoopWeekend'  (train_acc=1.0000 test_acc=0.8406 test_loss=0.3656)
[ 96/129] DodgerLoopWeekend            DONE  acc=0.8406 loss=0.3656 AOPCR=  0.028 NDCG=  n/a C=  2 T=  288 (27s)  [95 trained / 0 failed so far]
[ 97/129] EOGHorizontalSignal
    stage 1/3: loading data ...
    stage 2/3: training on 290 series (val=72, C=12, T=1250, batch=16) ...
    stage 3/3: scoring on 362 test series (accuracy + AOPCR) ...
    [mlflow] versioned model 'seanet_gated_last__mstcn_sep_gated_classwise_conjunctive' (id=m-8a5c58e82df04a68a0e259f72fdc4e1e) params={'model_size_mb': '1.5031', 'n_model_params': '61888', 'name': 'seanet_gated_last'}
    [mlflow] logged run 'seanet_gated_last_EOGHorizontalSignal'  (train_acc=0.9931 val_acc=0.8889 test_acc=0.5773 test_loss=1.4177)
[ 97/129] EOGHorizontalSignal          DONE  acc=0.5773 loss=1.4177 AOPCR=  2.188 NDCG=  n/a C= 12 T= 1250 (29s)  [96 trained / 0 failed so far]
[ 98/129] EOGVerticalSignal
    stage 1/3: loading data ...
    stage 2/3: training on 290 series (val=72, C=12, T=1250, batch=16) ...
    stage 3/3: scoring on 362 test series (accuracy + AOPCR) ...
    [mlflow] versioned model 'seanet_gated_last__mstcn_sep_gated_classwise_conjunctive' (id=m-6e848def7484412c88f0722a0d36fda6) params={'model_size_mb': '1.5031', 'n_model_params': '61888', 'name': 'seanet_gated_last'}
    [mlflow] logged run 'seanet_gated_last_EOGVerticalSignal'  (train_acc=0.9724 val_acc=0.8194 test_acc=0.4862 test_loss=1.7437)
[ 98/129] EOGVerticalSignal            DONE  acc=0.4862 loss=1.7437 AOPCR=  2.117 NDCG=  n/a C= 12 T= 1250 (32s)  [97 trained / 0 failed so far]
[ 99/129] EthanolLevel
    stage 1/3: loading data ...
    stage 2/3: training on 404 series (val=100, C=4, T=1751, batch=16) ...
    stage 3/3: scoring on 500 test series (accuracy + AOPCR) ...
    [mlflow] versioned model 'seanet_gated_last__mstcn_sep_gated_classwise_conjunctive' (id=m-f39261bfef0e4aaca3424943425f07c4) params={'model_size_mb': '1.5009', 'n_model_params': '61296', 'name': 'seanet_gated_last'}
    [mlflow] logged run 'seanet_gated_last_EthanolLevel'  (train_acc=0.9851 val_acc=0.8800 test_acc=0.7660 test_loss=0.6109)
[ 99/129] EthanolLevel                 DONE  acc=0.7660 loss=0.6109 AOPCR=  0.797 NDCG=  n/a C=  4 T= 1751 (105s)  [98 trained / 0 failed so far]
[100/129] FreezerRegularTrain
    stage 1/3: loading data ...
    stage 2/3: training on 120 series (val=30, C=2, T=301, batch=12) ...
    stage 3/3: scoring on 2850 test series (accuracy + AOPCR) ...
    [mlflow] versioned model 'seanet_gated_last__mstcn_sep_gated_classwise_conjunctive' (id=m-b39a2413fe004d8d906f28215abbfd28) params={'model_size_mb': '1.5003', 'n_model_params': '61148', 'name': 'seanet_gated_last'}
    [mlflow] logged run 'seanet_gated_last_FreezerRegularTrain'  (train_acc=1.0000 val_acc=1.0000 test_acc=0.9951 test_loss=0.0824)
[100/129] FreezerRegularTrain          DONE  acc=0.9951 loss=0.0824 AOPCR=  0.548 NDCG=  n/a C=  2 T=  301 (14s)  [99 trained / 0 failed so far]
[101/129] FreezerSmallTrain
    stage 1/3: loading data ...
    stage 2/3: training on 28 series (no val (train-loss early stop), C=2, T=301, batch=2) ...
    stage 3/3: scoring on 2850 test series (accuracy + AOPCR) ...
    [mlflow] versioned model 'seanet_gated_last__mstcn_sep_gated_classwise_conjunctive' (id=m-053e41101a3a4f27a705a9cbb040238e) params={'model_size_mb': '1.5003', 'n_model_params': '61148', 'name': 'seanet_gated_last'}
    [mlflow] logged run 'seanet_gated_last_FreezerSmallTrain'  (train_acc=1.0000 test_acc=0.6740 test_loss=0.8428)
[101/129] FreezerSmallTrain            DONE  acc=0.6740 loss=0.8428 AOPCR=  0.336 NDCG=  n/a C=  2 T=  301 (10s)  [100 trained / 0 failed so far]
[102/129] Fungi
    stage 1/3: loading data ...
    stage 2/3: training on 18 series (no val (train-loss early stop), C=18, T=201, batch=2) ...
    stage 3/3: scoring on 186 test series (accuracy + AOPCR) ...
    [mlflow] versioned model 'seanet_gated_last__mstcn_sep_gated_classwise_conjunctive' (id=m-cd7dd085050644e2bc62be737ac9a3f7) params={'model_size_mb': '1.5048', 'n_model_params': '62332', 'name': 'seanet_gated_last'}
    [mlflow] logged run 'seanet_gated_last_Fungi'  (train_acc=1.0000 test_acc=0.8817 test_loss=0.4372)
[102/129] Fungi                        DONE  acc=0.8817 loss=0.4372 AOPCR=  0.231 NDCG=  n/a C= 18 T=  201 (31s)  [101 trained / 0 failed so far]
[103/129] GestureMidAirD1
    stage 1/3: loading data ...
    stage 2/3: training on 182 series (val=26, C=26, T=360, batch=16) ...
    stage 3/3: scoring on 130 test series (accuracy + AOPCR) ...
    [mlflow] versioned model 'seanet_gated_last__mstcn_sep_gated_classwise_conjunctive' (id=m-412efbce73184dbaaef59c9fdfd67fe7) params={'model_size_mb': '1.507', 'n_model_params': '62924', 'name': 'seanet_gated_last'}
    [mlflow] logged run 'seanet_gated_last_GestureMidAirD1'  (train_acc=0.9725 val_acc=0.7692 test_acc=0.7077 test_loss=0.9794)
[103/129] GestureMidAirD1              DONE  acc=0.7077 loss=0.9794 AOPCR=  1.883 NDCG=  n/a C= 26 T=  360 (12s)  [102 trained / 0 failed so far]
[104/129] GestureMidAirD2
    stage 1/3: loading data ...
    stage 2/3: training on 182 series (val=26, C=26, T=360, batch=16) ...
    stage 3/3: scoring on 130 test series (accuracy + AOPCR) ...
    [mlflow] versioned model 'seanet_gated_last__mstcn_sep_gated_classwise_conjunctive' (id=m-e67b543830694412935ab1520997f233) params={'model_size_mb': '1.507', 'n_model_params': '62924', 'name': 'seanet_gated_last'}
    [mlflow] logged run 'seanet_gated_last_GestureMidAirD2'  (train_acc=0.8352 val_acc=0.5385 test_acc=0.6538 test_loss=1.0487)
[104/129] GestureMidAirD2              DONE  acc=0.6538 loss=1.0487 AOPCR=  1.641 NDCG=  n/a C= 26 T=  360 (13s)  [103 trained / 0 failed so far]
[105/129] GestureMidAirD3
    stage 1/3: loading data ...
    stage 2/3: training on 182 series (val=26, C=26, T=360, batch=16) ...
    stage 3/3: scoring on 130 test series (accuracy + AOPCR) ...
    [mlflow] versioned model 'seanet_gated_last__mstcn_sep_gated_classwise_conjunctive' (id=m-c947b8f9e61b409e88b48868bf02a5b0) params={'model_size_mb': '1.507', 'n_model_params': '62924', 'name': 'seanet_gated_last'}
    [mlflow] logged run 'seanet_gated_last_GestureMidAirD3'  (train_acc=0.6484 val_acc=0.3462 test_acc=0.2923 test_loss=2.2126)
[105/129] GestureMidAirD3              DONE  acc=0.2923 loss=2.2126 AOPCR=  1.133 NDCG=  n/a C= 26 T=  360 (9s)  [104 trained / 0 failed so far]
[106/129] GesturePebbleZ1
    stage 1/3: loading data ...
    stage 2/3: training on 107 series (val=25, C=6, T=455, batch=10) ...
    stage 3/3: scoring on 172 test series (accuracy + AOPCR) ...
    [mlflow] versioned model 'seanet_gated_last__mstcn_sep_gated_classwise_conjunctive' (id=m-14ca78336ff94a4e9b080b0ea48358bb) params={'model_size_mb': '1.5014', 'n_model_params': '61444', 'name': 'seanet_gated_last'}
    [mlflow] logged run 'seanet_gated_last_GesturePebbleZ1'  (train_acc=1.0000 val_acc=1.0000 test_acc=0.9244 test_loss=0.3119)
[106/129] GesturePebbleZ1              DONE  acc=0.9244 loss=0.3119 AOPCR=  1.560 NDCG=  n/a C=  6 T=  455 (24s)  [105 trained / 0 failed so far]
[107/129] GesturePebbleZ2
    stage 1/3: loading data ...
    stage 2/3: training on 120 series (val=26, C=6, T=455, batch=12) ...
    stage 3/3: scoring on 158 test series (accuracy + AOPCR) ...
    [mlflow] versioned model 'seanet_gated_last__mstcn_sep_gated_classwise_conjunctive' (id=m-f19d4440923e4fbc802f706c331a5e19) params={'model_size_mb': '1.5014', 'n_model_params': '61444', 'name': 'seanet_gated_last'}
    [mlflow] logged run 'seanet_gated_last_GesturePebbleZ2'  (train_acc=1.0000 val_acc=1.0000 test_acc=0.8797 test_loss=0.4041)
[107/129] GesturePebbleZ2              DONE  acc=0.8797 loss=0.4041 AOPCR=  1.542 NDCG=  n/a C=  6 T=  455 (28s)  [106 trained / 0 failed so far]
[108/129] GunPointAgeSpan
    stage 1/3: loading data ...
    stage 2/3: training on 109 series (val=26, C=2, T=150, batch=10) ...
    stage 3/3: scoring on 316 test series (accuracy + AOPCR) ...
    [mlflow] versioned model 'seanet_gated_last__mstcn_sep_gated_classwise_conjunctive' (id=m-cc99caa4cafa4f01abc3ec2865bc7cd1) params={'model_size_mb': '1.5003', 'n_model_params': '61148', 'name': 'seanet_gated_last'}
    [mlflow] logged run 'seanet_gated_last_GunPointAgeSpan'  (train_acc=1.0000 val_acc=1.0000 test_acc=0.9652 test_loss=0.1209)
[108/129] GunPointAgeSpan              DONE  acc=0.9652 loss=0.1209 AOPCR=  0.758 NDCG=  n/a C=  2 T=  150 (15s)  [107 trained / 0 failed so far]
[109/129] GunPointMaleVersusFemale
    stage 1/3: loading data ...
    stage 2/3: training on 109 series (val=26, C=2, T=150, batch=10) ...
    stage 3/3: scoring on 316 test series (accuracy + AOPCR) ...
    [mlflow] versioned model 'seanet_gated_last__mstcn_sep_gated_classwise_conjunctive' (id=m-6c82b5a0c5a641cda70898612cc27454) params={'model_size_mb': '1.5003', 'n_model_params': '61148', 'name': 'seanet_gated_last'}
    [mlflow] logged run 'seanet_gated_last_GunPointMaleVersusFemale'  (train_acc=1.0000 val_acc=1.0000 test_acc=0.9937 test_loss=0.0808)
[109/129] GunPointMaleVersusFemale     DONE  acc=0.9937 loss=0.0808 AOPCR=  0.100 NDCG=  n/a C=  2 T=  150 (27s)  [108 trained / 0 failed so far]
[110/129] GunPointOldVersusYoung
    stage 1/3: loading data ...
    stage 2/3: training on 109 series (val=27, C=2, T=150, batch=10) ...
    stage 3/3: scoring on 315 test series (accuracy + AOPCR) ...
    [mlflow] versioned model 'seanet_gated_last__mstcn_sep_gated_classwise_conjunctive' (id=m-1be7406928a746d9841af52f28a33798) params={'model_size_mb': '1.5003', 'n_model_params': '61148', 'name': 'seanet_gated_last'}
    [mlflow] logged run 'seanet_gated_last_GunPointOldVersusYoung'  (train_acc=1.0000 val_acc=1.0000 test_acc=0.9810 test_loss=0.1025)
[110/129] GunPointOldVersusYoung       DONE  acc=0.9810 loss=0.1025 AOPCR=  0.452 NDCG=  n/a C=  2 T=  150 (20s)  [109 trained / 0 failed so far]
[111/129] HouseTwenty
    stage 1/3: loading data ...
    stage 2/3: training on 40 series (no val (train-loss early stop), C=2, T=2000, batch=4) ...
    stage 3/3: scoring on 119 test series (accuracy + AOPCR) ...
    [mlflow] versioned model 'seanet_gated_last__mstcn_sep_gated_classwise_conjunctive' (id=m-e65be90dce554535b8b43ed4f9a428b7) params={'model_size_mb': '1.5003', 'n_model_params': '61148', 'name': 'seanet_gated_last'}
    [mlflow] logged run 'seanet_gated_last_HouseTwenty'  (train_acc=1.0000 test_acc=0.9160 test_loss=0.2248)
[111/129] HouseTwenty                  DONE  acc=0.9160 loss=0.2248 AOPCR=  0.974 NDCG=  n/a C=  2 T= 2000 (24s)  [110 trained / 0 failed so far]
[112/129] InsectEPGRegularTrain
    stage 1/3: loading data ...
    stage 2/3: training on 62 series (no val (train-loss early stop), C=3, T=601, batch=6) ...
    stage 3/3: scoring on 249 test series (accuracy + AOPCR) ...
    [mlflow] versioned model 'seanet_gated_last__mstcn_sep_gated_classwise_conjunctive' (id=m-213822a22bce49359918dd9c4f3ab160) params={'model_size_mb': '1.5006', 'n_model_params': '61222', 'name': 'seanet_gated_last'}
    [mlflow] logged run 'seanet_gated_last_InsectEPGRegularTrain'  (train_acc=1.0000 test_acc=0.9639 test_loss=0.2140)
[112/129] InsectEPGRegularTrain        DONE  acc=0.9639 loss=0.2140 AOPCR=  1.145 NDCG=  n/a C=  3 T=  601 (31s)  [111 trained / 0 failed so far]
[113/129] InsectEPGSmallTrain
    stage 1/3: loading data ...
    stage 2/3: training on 17 series (no val (train-loss early stop), C=3, T=601, batch=2) ...
    stage 3/3: scoring on 249 test series (accuracy + AOPCR) ...
    [mlflow] versioned model 'seanet_gated_last__mstcn_sep_gated_classwise_conjunctive' (id=m-022c30dab2f7457f8a6215412d7e941d) params={'model_size_mb': '1.5006', 'n_model_params': '61222', 'name': 'seanet_gated_last'}
    [mlflow] logged run 'seanet_gated_last_InsectEPGSmallTrain'  (train_acc=1.0000 test_acc=0.6386 test_loss=0.9240)
[113/129] InsectEPGSmallTrain          DONE  acc=0.6386 loss=0.9240 AOPCR=  0.514 NDCG=  n/a C=  3 T=  601 (31s)  [112 trained / 0 failed so far]
[114/129] MelbournePedestrian
    stage 1/3: loading data ...
    stage 2/3: training on 956 series (val=238, C=10, T=24, batch=16) ...
    stage 3/3: scoring on 2439 test series (accuracy + AOPCR) ...
    [mlflow] versioned model 'seanet_gated_last__mstcn_sep_gated_classwise_conjunctive' (id=m-0b2b7949670e4a76843d2902066267e1) params={'model_size_mb': '1.5025', 'n_model_params': '61740', 'name': 'seanet_gated_last'}
    [mlflow] logged run 'seanet_gated_last_MelbournePedestrian'  (train_acc=0.9990 val_acc=0.9160 test_acc=0.9000 test_loss=0.3991)
[114/129] MelbournePedestrian          DONE  acc=0.9000 loss=0.3991 AOPCR=  0.239 NDCG=  n/a C= 10 T=   24 (81s)  [113 trained / 0 failed so far]
[115/129] MixedShapesRegularTrain
    stage 1/3: loading data ...
    stage 2/3: training on 400 series (val=100, C=5, T=1024, batch=16) ...
    stage 3/3: scoring on 2425 test series (accuracy + AOPCR) ...
    [mlflow] versioned model 'seanet_gated_last__mstcn_sep_gated_classwise_conjunctive' (id=m-69b8356023104c1fb94d87765e13fe2c) params={'model_size_mb': '1.5011', 'n_model_params': '61370', 'name': 'seanet_gated_last'}
    [mlflow] logged run 'seanet_gated_last_MixedShapesRegularTrain'  (train_acc=1.0000 val_acc=0.9800 test_acc=0.9501 test_loss=0.2238)
[115/129] MixedShapesRegularTrain      DONE  acc=0.9501 loss=0.2238 AOPCR= -0.065 NDCG=  n/a C=  5 T= 1024 (68s)  [114 trained / 0 failed so far]
[116/129] MixedShapesSmallTrain
    stage 1/3: loading data ...
    stage 2/3: training on 80 series (val=20, C=5, T=1024, batch=8) ...
    stage 3/3: scoring on 2425 test series (accuracy + AOPCR) ...
    [mlflow] versioned model 'seanet_gated_last__mstcn_sep_gated_classwise_conjunctive' (id=m-08ca73c227324b46b5b9fcc865a00a3e) params={'model_size_mb': '1.5011', 'n_model_params': '61370', 'name': 'seanet_gated_last'}
    [mlflow] logged run 'seanet_gated_last_MixedShapesSmallTrain'  (train_acc=1.0000 val_acc=0.9500 test_acc=0.8511 test_loss=0.5095)
[116/129] MixedShapesSmallTrain        DONE  acc=0.8511 loss=0.5095 AOPCR=  1.170 NDCG=  n/a C=  5 T= 1024 (8s)  [115 trained / 0 failed so far]
[117/129] PLAID
    stage 1/3: loading data ...
    stage 2/3: training on 436 series (val=101, C=11, T=1344, batch=16) ...
    stage 3/3: scoring on 537 test series (accuracy + AOPCR) ...
    [mlflow] versioned model 'seanet_gated_last__mstcn_sep_gated_classwise_conjunctive' (id=m-f9dca0a1ee7b46cba4229c5c122c86fa) params={'model_size_mb': '1.5028', 'n_model_params': '61814', 'name': 'seanet_gated_last'}
    [mlflow] logged run 'seanet_gated_last_PLAID'  (train_acc=0.9541 val_acc=0.8416 test_acc=0.8454 test_loss=0.5362)
[117/129] PLAID                        DONE  acc=0.8454 loss=0.5362 AOPCR=  1.840 NDCG=  n/a C= 11 T= 1344 (54s)  [116 trained / 0 failed so far]
[118/129] PickupGestureWiimoteZ
    stage 1/3: loading data ...
    stage 2/3: training on 50 series (no val (train-loss early stop), C=10, T=361, batch=5) ...
    stage 3/3: scoring on 50 test series (accuracy + AOPCR) ...
    [mlflow] versioned model 'seanet_gated_last__mstcn_sep_gated_classwise_conjunctive' (id=m-06b7b240e5664a5fa0bb9d7e0d5504ff) params={'model_size_mb': '1.5025', 'n_model_params': '61740', 'name': 'seanet_gated_last'}
    [mlflow] logged run 'seanet_gated_last_PickupGestureWiimoteZ'  (train_acc=1.0000 test_acc=0.7600 test_loss=0.7802)
[118/129] PickupGestureWiimoteZ        DONE  acc=0.7600 loss=0.7802 AOPCR=  0.966 NDCG=  n/a C= 10 T=  361 (37s)  [117 trained / 0 failed so far]
[119/129] PigAirwayPressure
    stage 1/3: loading data ...
    stage 2/3: training on 52 series (val=52, C=52, T=2000, batch=5) ...
    stage 3/3: scoring on 208 test series (accuracy + AOPCR) ...
    [mlflow] versioned model 'seanet_gated_last__mstcn_sep_gated_classwise_conjunctive' (id=m-b8d40e4f02d14fa980e8ab33b8fd9b94) params={'model_size_mb': '1.5144', 'n_model_params': '64848', 'name': 'seanet_gated_last'}
    [mlflow] logged run 'seanet_gated_last_PigAirwayPressure'  (train_acc=0.0385 val_acc=0.0385 test_acc=0.0385 test_loss=3.8494)
[119/129] PigAirwayPressure            DONE  acc=0.0385 loss=3.8494 AOPCR=  0.162 NDCG=  n/a C= 52 T= 2000 (7s)  [118 trained / 0 failed so far]
[120/129] PigArtPressure
    stage 1/3: loading data ...
    stage 2/3: training on 52 series (val=52, C=52, T=2000, batch=5) ...
    stage 3/3: scoring on 208 test series (accuracy + AOPCR) ...
    [mlflow] versioned model 'seanet_gated_last__mstcn_sep_gated_classwise_conjunctive' (id=m-d6bdbf14cf7847559196a4285cc4fac4) params={'model_size_mb': '1.5144', 'n_model_params': '64848', 'name': 'seanet_gated_last'}
    [mlflow] logged run 'seanet_gated_last_PigArtPressure'  (train_acc=1.0000 val_acc=0.4231 test_acc=0.4663 test_loss=1.7451)
[120/129] PigArtPressure               DONE  acc=0.4663 loss=1.7451 AOPCR=  0.464 NDCG=  n/a C= 52 T= 2000 (15s)  [119 trained / 0 failed so far]
[121/129] PigCVP
    stage 1/3: loading data ...
    stage 2/3: training on 52 series (val=52, C=52, T=2000, batch=5) ...
    stage 3/3: scoring on 208 test series (accuracy + AOPCR) ...
    [mlflow] versioned model 'seanet_gated_last__mstcn_sep_gated_classwise_conjunctive' (id=m-986506f6a21e4f5f854a08dc33afde4e) params={'model_size_mb': '1.5144', 'n_model_params': '64848', 'name': 'seanet_gated_last'}
    [mlflow] logged run 'seanet_gated_last_PigCVP'  (train_acc=1.0000 val_acc=0.3077 test_acc=0.3077 test_loss=2.6513)
[121/129] PigCVP                       DONE  acc=0.3077 loss=2.6513 AOPCR=  0.709 NDCG=  n/a C= 52 T= 2000 (44s)  [120 trained / 0 failed so far]
[122/129] PowerCons
    stage 1/3: loading data ...
    stage 2/3: training on 144 series (val=36, C=2, T=144, batch=14) ...
    stage 3/3: scoring on 180 test series (accuracy + AOPCR) ...
    [mlflow] versioned model 'seanet_gated_last__mstcn_sep_gated_classwise_conjunctive' (id=m-b7569e83c8d045879e6cd63a1461dd60) params={'model_size_mb': '1.5003', 'n_model_params': '61148', 'name': 'seanet_gated_last'}
    [mlflow] logged run 'seanet_gated_last_PowerCons'  (train_acc=1.0000 val_acc=1.0000 test_acc=0.9667 test_loss=0.1508)
[122/129] PowerCons                    DONE  acc=0.9667 loss=0.1508 AOPCR=  0.286 NDCG=  n/a C=  2 T=  144 (11s)  [121 trained / 0 failed so far]
[123/129] Rock
    stage 1/3: loading data ...
    stage 2/3: training on 20 series (no val (train-loss early stop), C=4, T=2844, batch=2) ...
    stage 3/3: scoring on 50 test series (accuracy + AOPCR) ...
    [mlflow] versioned model 'seanet_gated_last__mstcn_sep_gated_classwise_conjunctive' (id=m-2877e1fa3544495b85f0fd445335df4f) params={'model_size_mb': '1.5009', 'n_model_params': '61296', 'name': 'seanet_gated_last'}
    [mlflow] logged run 'seanet_gated_last_Rock'  (train_acc=1.0000 test_acc=0.8000 test_loss=0.5517)
[123/129] Rock                         DONE  acc=0.8000 loss=0.5517 AOPCR=  0.632 NDCG=  n/a C=  4 T= 2844 (36s)  [122 trained / 0 failed so far]
[124/129] SemgHandGenderCh2
    stage 1/3: loading data ...
    stage 2/3: training on 240 series (val=60, C=2, T=1500, batch=16) ...
    stage 3/3: scoring on 600 test series (accuracy + AOPCR) ...
    [mlflow] versioned model 'seanet_gated_last__mstcn_sep_gated_classwise_conjunctive' (id=m-c4327e2c45d44760b87f6736d5d8a3b5) params={'model_size_mb': '1.5003', 'n_model_params': '61148', 'name': 'seanet_gated_last'}
    [mlflow] logged run 'seanet_gated_last_SemgHandGenderCh2'  (train_acc=1.0000 val_acc=0.9333 test_acc=0.8983 test_loss=0.2805)
[124/129] SemgHandGenderCh2            DONE  acc=0.8983 loss=0.2805 AOPCR=  1.190 NDCG=  n/a C=  2 T= 1500 (18s)  [123 trained / 0 failed so far]
[125/129] SemgHandMovementCh2
    stage 1/3: loading data ...
    stage 2/3: training on 360 series (val=90, C=6, T=1500, batch=16) ...
    stage 3/3: scoring on 450 test series (accuracy + AOPCR) ...
    [mlflow] versioned model 'seanet_gated_last__mstcn_sep_gated_classwise_conjunctive' (id=m-0bfa94e5fd9d433abdb363b82fca7128) params={'model_size_mb': '1.5014', 'n_model_params': '61444', 'name': 'seanet_gated_last'}
    [mlflow] logged run 'seanet_gated_last_SemgHandMovementCh2'  (train_acc=1.0000 val_acc=0.6333 test_acc=0.5000 test_loss=1.3795)
[125/129] SemgHandMovementCh2          DONE  acc=0.5000 loss=1.3795 AOPCR=  0.929 NDCG=  n/a C=  6 T= 1500 (41s)  [124 trained / 0 failed so far]
[126/129] SemgHandSubjectCh2
    stage 1/3: loading data ...
    stage 2/3: training on 360 series (val=90, C=5, T=1500, batch=16) ...
    stage 3/3: scoring on 450 test series (accuracy + AOPCR) ...
    [mlflow] versioned model 'seanet_gated_last__mstcn_sep_gated_classwise_conjunctive' (id=m-c88f38e9edb24078bad91b17dc0d7865) params={'model_size_mb': '1.5011', 'n_model_params': '61370', 'name': 'seanet_gated_last'}
    [mlflow] logged run 'seanet_gated_last_SemgHandSubjectCh2'  (train_acc=1.0000 val_acc=0.9111 test_acc=0.8200 test_loss=0.5395)
[126/129] SemgHandSubjectCh2           DONE  acc=0.8200 loss=0.5395 AOPCR=  1.211 NDCG=  n/a C=  5 T= 1500 (40s)  [125 trained / 0 failed so far]
[127/129] ShakeGestureWiimoteZ
    stage 1/3: loading data ...
    stage 2/3: training on 50 series (no val (train-loss early stop), C=10, T=385, batch=5) ...
    stage 3/3: scoring on 50 test series (accuracy + AOPCR) ...
    [mlflow] versioned model 'seanet_gated_last__mstcn_sep_gated_classwise_conjunctive' (id=m-e78a9ca3d79b48408f28e864dc06ba02) params={'model_size_mb': '1.5025', 'n_model_params': '61740', 'name': 'seanet_gated_last'}
    [mlflow] logged run 'seanet_gated_last_ShakeGestureWiimoteZ'  (train_acc=1.0000 test_acc=0.9000 test_loss=0.5393)
[127/129] ShakeGestureWiimoteZ         DONE  acc=0.9000 loss=0.5393 AOPCR=  1.065 NDCG=  n/a C= 10 T=  385 (14s)  [126 trained / 0 failed so far]
[128/129] SmoothSubspace
    stage 1/3: loading data ...
    stage 2/3: training on 120 series (val=30, C=3, T=15, batch=12) ...
    stage 3/3: scoring on 150 test series (accuracy + AOPCR) ...
    [mlflow] versioned model 'seanet_gated_last__mstcn_sep_gated_classwise_conjunctive' (id=m-05158fe3858e4041a500f412ec4d69e9) params={'model_size_mb': '1.5006', 'n_model_params': '61222', 'name': 'seanet_gated_last'}
    [mlflow] logged run 'seanet_gated_last_SmoothSubspace'  (train_acc=1.0000 val_acc=1.0000 test_acc=0.9333 test_loss=0.2371)
[128/129] SmoothSubspace               DONE  acc=0.9333 loss=0.2371 AOPCR=  0.275 NDCG=  n/a C=  3 T=   15 (10s)  [127 trained / 0 failed so far]
[129/129] UMD
    stage 1/3: loading data ...
    stage 2/3: training on 36 series (no val (train-loss early stop), C=3, T=150, batch=3) ...
    stage 3/3: scoring on 144 test series (accuracy + AOPCR) ...
    [mlflow] versioned model 'seanet_gated_last__mstcn_sep_gated_classwise_conjunctive' (id=m-21bce1574a83439882a33338bbce9979) params={'model_size_mb': '1.5006', 'n_model_params': '61222', 'name': 'seanet_gated_last'}
    [mlflow] logged run 'seanet_gated_last_UMD'  (train_acc=1.0000 test_acc=0.9514 test_loss=0.1797)
[129/129] UMD                          DONE  acc=0.9514 loss=0.1797 AOPCR=  0.195 NDCG=  n/a C=  3 T=  150 (24s)  [128 trained / 0 failed so far]

Done: 128 trained, 1 skipped, 0 failed.
Results -> results/SEA_NET/seanet_gated_last__mstcn_sep_gated_classwise_conjunctive/results.csv

=== seanet_gated_last__mstcn_sep_gated_classwise_conjunctive vs MILLET ConjunctiveInceptionTime (mean of 5 reps) ===
  UCR datasets evaluated: 128  (with MILLET baseline: 85, without: 43)
  metric        ours    MILLET   win/tie/loss   (mean over the 85 datasets MILLET published)
  acc         0.7888    0.8445       17/12/56   
  loss        0.5922    1.2241        55/0/30   (lower is better)
  aopcr       0.5350    4.5532         3/0/82   
  wrote results/SEA_NET/seanet_gated_last__mstcn_sep_gated_classwise_conjunctive/comparison_vs_millet.csv

Next: `python main.py report` to draw the figures for seanet_gated_last__mstcn_sep_gated_classwise_conjunctive.

[log] finished; full output saved to results/SEA_NET/seanet_gated_last__mstcn_sep_gated_classwise_conjunctive/logs/train_2026-07-24_12-39-11.log
