[log] command 'web-compare' started at 2026-07-24_12-30-50
[log] a copy of everything below is being saved to: results/SEA_NET/logs/web-compare_2026-07-24_12-30-50.log

WebTraffic comparison over 49 model(s) (best accuracy first):
  model                                            acc    loss    aopcr    ndcg    params
  seanet_gated_mean_topk__mstcn_sep_gated_topk_conjunctive  0.9540  0.2546    2.293  0.7721     61740
  seanet_conjunctive__mstcn_sep_conjunctive     0.9540  0.2623    1.502  0.6983    269083
  seanet_gated_max_topk__mstcn_sep_gated_topk_conjunctive  0.9520  0.3076    2.268  0.7185     61740
  seanet_spiketrend_topk__mstcn_sep_spiketrend_topk_conjunctive  0.9500  0.2877    2.316  0.7560     67020
  seanet_classwise__mstcn_sep_classwise_conjunctive  0.9460  0.2917    1.722  0.6860    269164
  seanet_recon_adaptive__mstcn_sep_recon_adaptive_classwise  0.9460  0.2962    2.601  0.7679     62935
  seanet_inputgate_topk__mstcn_sep_inputgate_topk_conjunctive  0.9460  0.2605    2.803  0.7482     58092
  seanet_gated_max__mstcn_sep_gated_classwise_conjunctive  0.9440  0.3063    1.889  0.5924     61740
  seanet__mstcn_sep_additive                    0.9420  0.2597    1.579  0.7291    269083
  seanet_gated_last__mstcn_sep_gated_classwise_conjunctive  0.9420  0.3272    2.520  0.7417     61740
  seanet_gated_last_topk__mstcn_sep_gated_topk_conjunctive  0.9420  0.3276    2.312  0.7483     61740
  seanet_bottleneck_softmax__mstcn_sep_bottleneck_softmax_conjunctive  0.9400  0.3446    1.685  0.7401     41325
  seanet_recon_topk__mstcn_sep_recon_topk_conjunctive  0.9400  0.3206    2.505  0.6984     62925
  seanet_gated_last_adaptive__mstcn_sep_gated_adaptive_classwise  0.9380  0.2888    2.387  0.7929     61750
  seanet_inputgate_adaptive__mstcn_sep_inputgate_adaptive_classwise  0.9380  0.2749    3.126  0.7767     58102
  seanet_bottleneck_topk__mstcn_sep_bottleneck_topk_conjunctive  0.9380  0.2992    2.778  0.7768     41324
  seanet_spiketrend_adaptive__mstcn_sep_spiketrend_adaptive_classwise  0.9340  0.3014    1.913  0.7471     67030
  seanet_recon_softmax__mstcn_sep_recon_softmax_conjunctive  0.9320  0.3414    1.642  0.7230     62926
  seanet_slim_topk__mstcn_sep_topk_conjunctive  0.9320  0.3059    2.691  0.7776     57580
  seanet_slim_adaptive__mstcn_sep_adaptive_classwise  0.9300  0.3355    2.448  0.7928     57590
  seanet_gated__mstcn_sep_gated_classwise_conjunctive  0.9300  0.3591    2.408  0.6374     61740
  seanet_gated_last_softmax__mstcn_sep_gated_softmax_conjunctive  0.9200  0.3806    1.990  0.7378     61741
  seanet_acp__mstcn_sep_adaptive_classwise      0.9180  0.3601    1.608  0.6188    269174
  seanet_slim__mstcn_sep_classwise_conjunctive  0.9160  0.3826    2.478  0.7185     57580
  seanet_inputgate__mstcn_sep_inputgate_classwise_conjunctive  0.9140  0.3976    2.481  0.7145     58092
  seanet_gated_max_softmax__mstcn_sep_gated_softmax_conjunctive  0.9140  0.3722    1.884  0.7760     61741
  seanet_gated_mean_softmax__mstcn_sep_gated_softmax_conjunctive  0.9120  0.3684    2.093  0.7651     61741
  seanet_recon__mstcn_sep_recon_classwise_conjunctive  0.9100  0.4172    2.504  0.6804     62925
  seanet_gated_max_adaptive__mstcn_sep_gated_adaptive_classwise  0.9060  0.4437    2.071  0.7286     61750
  seanet_spiketrend__mstcn_sep_spiketrend_classwise_conjunctive  0.9040  0.3954    2.155  0.6985     67020
  seanet_gated_mean__mstcn_sep_gated_classwise_conjunctive  0.9020  0.3929    2.493  0.7139     61740
  seanet_bottleneck__mstcn_sep_bottleneck_classwise_conjunctive  0.9020  0.3952    2.572  0.7325     41324
  millet__inceptiontime_conjunctive             0.8940  0.5150    1.594  0.6711    423707
  seanet_inputgate_softmax__mstcn_sep_inputgate_softmax_conjunctive  0.8940  0.4539    1.636  0.6955     58093
  seanet_recon_attnmax__mstcn_sep_recon_attention_max  0.8920  0.4994    2.324  0.7245     62935
  seanet_slim_softmax__mstcn_sep_softmax_conjunctive  0.8900  0.4195    1.832  0.7049     57581
  seanet_gated_max_attnmax__mstcn_sep_gated_attention_max  0.8860  0.5881    1.124  0.5754     61750
  seanet_softmax__mstcn_sep_softmax_conjunctive  0.8800  0.4549    1.015  0.6045    269165
  seanet_spiketrend_softmax__mstcn_sep_spiketrend_softmax_conjunctive  0.8780  0.4883    1.435  0.6650     67021
  seanet_bottleneck_adaptive__mstcn_sep_bottleneck_adaptive_classwise  0.8680  0.5591    1.969  0.6805     41334
  seanet_gated_mean_adaptive__mstcn_sep_gated_adaptive_classwise  0.8600  0.5491    2.238  0.7310     61750
  seanet_inputgate_attnmax__mstcn_sep_inputgate_attention_max  0.8580  0.6245    2.153  0.6997     58102
  seanet_gated_last_attnmax__mstcn_sep_gated_attention_max  0.8540  0.5984    1.779  0.6680     61750
  seanet_spiketrend_attnmax__mstcn_sep_spiketrend_attention_max  0.8540  0.6368    1.646  0.6438     67030
  seanet_gated_mean_attnmax__mstcn_sep_gated_attention_max  0.8320  0.6653    1.672  0.7042     61750
  seanet_bottleneck_attnmax__mstcn_sep_bottleneck_attention_max  0.8160  0.7318    1.737  0.6101     41334
  resnet__resnet_conjunctive                    0.7720  0.8237    2.952  0.5540    506331
  fcn__fcn_conjunctive                          0.7420  0.9105    3.826  0.5327    267035
  seanet_slim_attnmax__mstcn_sep_attention_max  0.7140  0.8545    1.630  0.5318     57590
  MILLET (paper, published)                     0.9240  0.3788   12.768  0.6744
  wrote results/SEA_NET/webtraffic_comparison.csv
  wrote results/SEA_NET/figures/webtraffic_acc.png
  wrote results/SEA_NET/figures/webtraffic_aopcr.png
  wrote results/SEA_NET/figures/webtraffic_ndcg.png

[log] finished; full output saved to results/SEA_NET/logs/web-compare_2026-07-24_12-30-50.log
