[log] command 'train' started at 2026-07-20_17-03-14 for model 'fcn_conjunctive'
[log] a copy of everything below is being saved to: results/SEA_NET/fcn_conjunctive/logs/train_2026-07-20_17-03-14.log

=== train: model=fcn_conjunctive (config fcn) device=cuda mode=full datasets=129 ===
[params] using DEFAULT recipe (no Optuna record yet - run 'python main.py optuna --model fcn').
  results  -> results/SEA_NET/fcn_conjunctive/results.csv
  resume   -> results/SEA_NET/fcn_conjunctive/done_train_dataset.txt  (delete it to retrain everything; delete one line to retrain that dataset)

  [mlflow] logging runs to experiment 'SEA-Net_fcn_conjunctive_2026-07-20' at sqlite:///mlflow.db
  [mlflow] browse later with:  mlflow ui --backend-store-uri sqlite:///mlflow.db
[  1/129] WebTraffic
    stage 1/3: loading data ...
    stage 2/3: training on 400 series (val=100, C=10, T=201, batch=16) ...
    stage 3/3: scoring on 500 test series (accuracy + AOPCR + NDCG) ...
    [mlflow] versioned model 'fcn_conjunctive' (id=m-73615716ebc74a9c8fb766b9b92ac304) params={'model_size_mb': '3.4893', 'n_model_params': '271131', 'name': 'fcn'}
    [mlflow] logged run 'fcn_WebTraffic'  (train_acc=1.0000 val_acc=0.5900 test_acc=0.5660 test_loss=1.3026)
[  1/129] WebTraffic                   DONE  acc=0.5660 loss=1.3026 AOPCR=  1.922 NDCG=  n/a C= 10 T=  201 (12s)  [1 trained / 0 failed so far]
[  2/129] Adiac
    stage 1/3: loading data ...
    stage 2/3: training on 328 series (val=62, C=37, T=35, batch=16) ...
    stage 3/3: scoring on 391 test series (accuracy + AOPCR) ...
    [mlflow] versioned model 'fcn_conjunctive' (id=m-9f4f9b577d174a64adcc1d40120a618f) params={'model_size_mb': '3.5026', 'n_model_params': '274614', 'name': 'fcn'}
    [mlflow] logged run 'fcn_Adiac'  (train_acc=0.9512 val_acc=0.7742 test_acc=0.7801 test_loss=0.8577)
[  2/129] Adiac                        DONE  acc=0.7801 loss=0.8577 AOPCR= -0.074 NDCG=  n/a C= 37 T=   35 (12s)  [2 trained / 0 failed so far]
[  3/129] ArrowHead
    stage 1/3: loading data ...
    stage 2/3: training on 36 series (no val (train-loss early stop), C=3, T=50, batch=3) ...
    stage 3/3: scoring on 175 test series (accuracy + AOPCR) ...
    [mlflow] versioned model 'fcn_conjunctive' (id=m-d18a9a111e254d9eb90d741f9970f491) params={'model_size_mb': '3.4859', 'n_model_params': '270228', 'name': 'fcn'}
    [mlflow] logged run 'fcn_ArrowHead'  (train_acc=1.0000 test_acc=0.8286 test_loss=0.4433)
[  3/129] ArrowHead                    DONE  acc=0.8286 loss=0.4433 AOPCR=  0.444 NDCG=  n/a C=  3 T=   50 (7s)  [3 trained / 0 failed so far]
[  4/129] Beef
    stage 1/3: loading data ...
    stage 2/3: training on 30 series (no val (train-loss early stop), C=5, T=94, batch=3) ...
    stage 3/3: scoring on 30 test series (accuracy + AOPCR) ...
    [mlflow] versioned model 'fcn_conjunctive' (id=m-b81e192af2384846b8bef0fbdcff28c7) params={'model_size_mb': '3.4869', 'n_model_params': '270486', 'name': 'fcn'}
    [mlflow] logged run 'fcn_Beef'  (train_acc=1.0000 test_acc=0.7667 test_loss=0.7325)
[  4/129] Beef                         DONE  acc=0.7667 loss=0.7325 AOPCR=  1.421 NDCG=  n/a C=  5 T=   94 (9s)  [4 trained / 0 failed so far]
[  5/129] BeetleFly
    stage 1/3: loading data ...
    stage 2/3: training on 20 series (no val (train-loss early stop), C=2, T=102, batch=2) ...
    stage 3/3: scoring on 20 test series (accuracy + AOPCR) ...
    [mlflow] versioned model 'fcn_conjunctive' (id=m-a7f6d83fa7094b7fb97d58625d2f03bc) params={'model_size_mb': '3.4854', 'n_model_params': '270099', 'name': 'fcn'}
    [mlflow] logged run 'fcn_BeetleFly'  (train_acc=1.0000 test_acc=0.8500 test_loss=0.3307)
[  5/129] BeetleFly                    DONE  acc=0.8500 loss=0.3307 AOPCR=  0.778 NDCG=  n/a C=  2 T=  102 (5s)  [5 trained / 0 failed so far]
[  6/129] BirdChicken
    stage 1/3: loading data ...
    stage 2/3: training on 20 series (no val (train-loss early stop), C=2, T=102, batch=2) ...
    stage 3/3: scoring on 20 test series (accuracy + AOPCR) ...
    [mlflow] versioned model 'fcn_conjunctive' (id=m-e25723fd8b6b4c05b3542e61d41a7fcd) params={'model_size_mb': '3.4854', 'n_model_params': '270099', 'name': 'fcn'}
    [mlflow] logged run 'fcn_BirdChicken'  (train_acc=1.0000 test_acc=1.0000 test_loss=0.1831)
[  6/129] BirdChicken                  DONE  acc=1.0000 loss=0.1831 AOPCR=  0.778 NDCG=  n/a C=  2 T=  102 (6s)  [6 trained / 0 failed so far]
[  7/129] Car
    stage 1/3: loading data ...
    stage 2/3: training on 60 series (no val (train-loss early stop), C=4, T=115, batch=6) ...
    stage 3/3: scoring on 60 test series (accuracy + AOPCR) ...
    [mlflow] versioned model 'fcn_conjunctive' (id=m-e03ee7d0446b4a6a8193fa8bf50a369a) params={'model_size_mb': '3.4864', 'n_model_params': '270357', 'name': 'fcn'}
    [mlflow] logged run 'fcn_Car'  (train_acc=1.0000 test_acc=0.9167 test_loss=0.3771)
[  7/129] Car                          DONE  acc=0.9167 loss=0.3771 AOPCR=  1.342 NDCG=  n/a C=  4 T=  115 (5s)  [7 trained / 0 failed so far]
[  8/129] CBF
    stage 1/3: loading data ...
    stage 2/3: training on 30 series (no val (train-loss early stop), C=3, T=25, batch=3) ...
    stage 3/3: scoring on 900 test series (accuracy + AOPCR) ...
    [mlflow] versioned model 'fcn_conjunctive' (id=m-65899a38efd54c2db69e46003bf069f7) params={'model_size_mb': '3.4859', 'n_model_params': '270228', 'name': 'fcn'}
    [mlflow] logged run 'fcn_CBF'  (train_acc=1.0000 test_acc=0.9933 test_loss=0.1914)
[  8/129] CBF                          DONE  acc=0.9933 loss=0.1914 AOPCR=  0.573 NDCG=  n/a C=  3 T=   25 (3s)  [8 trained / 0 failed so far]
[  9/129] ChlorineConcentration
    stage 1/3: loading data ...
    stage 2/3: training on 375 series (val=92, C=3, T=33, batch=16) ...
    stage 3/3: scoring on 3840 test series (accuracy + AOPCR) ...
    [mlflow] versioned model 'fcn_conjunctive' (id=m-b37adb5373f44525b18a6ad9f5c37a79) params={'model_size_mb': '3.4859', 'n_model_params': '270228', 'name': 'fcn'}
    [mlflow] logged run 'fcn_ChlorineConcentration'  (train_acc=1.0000 val_acc=0.8261 test_acc=0.8276 test_loss=0.4770)
[  9/129] ChlorineConcentration        DONE  acc=0.8276 loss=0.4770 AOPCR=  0.717 NDCG=  n/a C=  3 T=   33 (14s)  [9 trained / 0 failed so far]
[ 10/129] CinCECGTorso
    stage 1/3: loading data ...
    stage 2/3: training on 40 series (no val (train-loss early stop), C=4, T=327, batch=4) ...
    stage 3/3: scoring on 1380 test series (accuracy + AOPCR) ...
    [mlflow] versioned model 'fcn_conjunctive' (id=m-4321758532824c4fbfb213b44fcdcecc) params={'model_size_mb': '3.4864', 'n_model_params': '270357', 'name': 'fcn'}
    [mlflow] logged run 'fcn_CinCECGTorso'  (train_acc=1.0000 test_acc=0.8978 test_loss=0.3739)
[ 10/129] CinCECGTorso                 DONE  acc=0.8978 loss=0.3739 AOPCR=  1.620 NDCG=  n/a C=  4 T=  327 (6s)  [10 trained / 0 failed so far]
[ 11/129] Coffee
    stage 1/3: loading data ...
    stage 2/3: training on 28 series (no val (train-loss early stop), C=2, T=57, batch=2) ...
    stage 3/3: scoring on 28 test series (accuracy + AOPCR) ...
    [mlflow] versioned model 'fcn_conjunctive' (id=m-0ceeb5a44e3e449b98b58316cdff3022) params={'model_size_mb': '3.4854', 'n_model_params': '270099', 'name': 'fcn'}
    [mlflow] logged run 'fcn_Coffee'  (train_acc=1.0000 test_acc=1.0000 test_loss=0.0877)
[ 11/129] Coffee                       DONE  acc=1.0000 loss=0.0877 AOPCR=  0.453 NDCG=  n/a C=  2 T=   57 (6s)  [11 trained / 0 failed so far]
[ 12/129] Computers
    stage 1/3: loading data ...
    stage 2/3: training on 200 series (val=50, C=2, T=144, batch=16) ...
    stage 3/3: scoring on 250 test series (accuracy + AOPCR) ...
    [mlflow] versioned model 'fcn_conjunctive' (id=m-b380ebb463884bf2a52b665bc36b3ba5) params={'model_size_mb': '3.4854', 'n_model_params': '270099', 'name': 'fcn'}
    [mlflow] logged run 'fcn_Computers'  (train_acc=0.9900 val_acc=0.8000 test_acc=0.6280 test_loss=0.7616)
[ 12/129] Computers                    DONE  acc=0.6280 loss=0.7616 AOPCR=  0.855 NDCG=  n/a C=  2 T=  144 (4s)  [12 trained / 0 failed so far]
[ 13/129] CricketX
    stage 1/3: loading data ...
    stage 2/3: training on 317 series (val=73, C=12, T=60, batch=16) ...
    stage 3/3: scoring on 390 test series (accuracy + AOPCR) ...
    [mlflow] versioned model 'fcn_conjunctive' (id=m-436e22cce8884ca4b5e72c8bc7b92268) params={'model_size_mb': '3.4903', 'n_model_params': '271389', 'name': 'fcn'}
    [mlflow] logged run 'fcn_CricketX'  (train_acc=1.0000 val_acc=0.7260 test_acc=0.6923 test_loss=1.0883)
[ 13/129] CricketX                     DONE  acc=0.6923 loss=1.0883 AOPCR=  0.904 NDCG=  n/a C= 12 T=   60 (6s)  [13 trained / 0 failed so far]
[ 14/129] CricketY
    stage 1/3: loading data ...
    stage 2/3: training on 317 series (val=73, C=12, T=60, batch=16) ...
    stage 3/3: scoring on 390 test series (accuracy + AOPCR) ...
    [mlflow] versioned model 'fcn_conjunctive' (id=m-0699b2fe6fa7419b88cf34e39884119a) params={'model_size_mb': '3.4903', 'n_model_params': '271389', 'name': 'fcn'}
    [mlflow] logged run 'fcn_CricketY'  (train_acc=1.0000 val_acc=0.7260 test_acc=0.6923 test_loss=1.0773)
[ 14/129] CricketY                     DONE  acc=0.6923 loss=1.0773 AOPCR=  0.788 NDCG=  n/a C= 12 T=   60 (4s)  [14 trained / 0 failed so far]
[ 15/129] CricketZ
    stage 1/3: loading data ...
    stage 2/3: training on 316 series (val=74, C=12, T=60, batch=16) ...
    stage 3/3: scoring on 390 test series (accuracy + AOPCR) ...
    [mlflow] versioned model 'fcn_conjunctive' (id=m-3cf5527d041544ea8831ea462f27a1ba) params={'model_size_mb': '3.4903', 'n_model_params': '271389', 'name': 'fcn'}
    [mlflow] logged run 'fcn_CricketZ'  (train_acc=0.9873 val_acc=0.6757 test_acc=0.7436 test_loss=0.9460)
[ 15/129] CricketZ                     DONE  acc=0.7436 loss=0.9460 AOPCR=  1.035 NDCG=  n/a C= 12 T=   60 (4s)  [15 trained / 0 failed so far]
[ 16/129] DiatomSizeReduction
    stage 1/3: loading data ...
    stage 2/3: training on 16 series (no val (train-loss early stop), C=4, T=69, batch=2) ...
    stage 3/3: scoring on 306 test series (accuracy + AOPCR) ...
    [mlflow] versioned model 'fcn_conjunctive' (id=m-3896859170c343bcb4d0c75fdc48eb16) params={'model_size_mb': '3.4864', 'n_model_params': '270357', 'name': 'fcn'}
    [mlflow] logged run 'fcn_DiatomSizeReduction'  (train_acc=1.0000 test_acc=0.9706 test_loss=0.1994)
[ 16/129] DiatomSizeReduction          DONE  acc=0.9706 loss=0.1994 AOPCR= -0.510 NDCG=  n/a C=  4 T=   69 (5s)  [16 trained / 0 failed so far]
[ 17/129] DistalPhalanxOutlineAgeGroup
    stage 1/3: loading data ...
    stage 2/3: training on 321 series (val=79, C=3, T=16, batch=16) ...
    stage 3/3: scoring on 139 test series (accuracy + AOPCR) ...
    [mlflow] versioned model 'fcn_conjunctive' (id=m-ab0abf17d61a4d808baba02b717206aa) params={'model_size_mb': '3.4859', 'n_model_params': '270228', 'name': 'fcn'}
    [mlflow] logged run 'fcn_DistalPhalanxOutlineAgeGroup'  (train_acc=0.9003 val_acc=0.7975 test_acc=0.7410 test_loss=0.5823)
[ 17/129] DistalPhalanxOutlineAgeGroup DONE  acc=0.7410 loss=0.5823 AOPCR=  0.707 NDCG=  n/a C=  3 T=   16 (4s)  [17 trained / 0 failed so far]
[ 18/129] DistalPhalanxOutlineCorrect
    stage 1/3: loading data ...
    stage 2/3: training on 481 series (val=119, C=2, T=16, batch=16) ...
    stage 3/3: scoring on 276 test series (accuracy + AOPCR) ...
    [mlflow] versioned model 'fcn_conjunctive' (id=m-0971d1b354624e1b8d29875cd8fead67) params={'model_size_mb': '3.4854', 'n_model_params': '270099', 'name': 'fcn'}
    [mlflow] logged run 'fcn_DistalPhalanxOutlineCorrect'  (train_acc=0.9106 val_acc=0.8403 test_acc=0.7681 test_loss=0.5124)
[ 18/129] DistalPhalanxOutlineCorrect  DONE  acc=0.7681 loss=0.5124 AOPCR=  0.035 NDCG=  n/a C=  2 T=   16 (6s)  [18 trained / 0 failed so far]
[ 19/129] DistalPhalanxTW
    stage 1/3: loading data ...
    stage 2/3: training on 323 series (val=77, C=6, T=16, batch=16) ...
    stage 3/3: scoring on 139 test series (accuracy + AOPCR) ...
    [mlflow] versioned model 'fcn_conjunctive' (id=m-0a2275438eda4c1d91bf7459eef5122a) params={'model_size_mb': '3.4874', 'n_model_params': '270615', 'name': 'fcn'}
    [mlflow] logged run 'fcn_DistalPhalanxTW'  (train_acc=0.8978 val_acc=0.8442 test_acc=0.6619 test_loss=0.8413)
[ 19/129] DistalPhalanxTW              DONE  acc=0.6619 loss=0.8413 AOPCR=  0.130 NDCG=  n/a C=  6 T=   16 (4s)  [19 trained / 0 failed so far]
[ 20/129] Earthquakes
    stage 1/3: loading data ...
    stage 2/3: training on 259 series (val=63, C=2, T=102, batch=16) ...
    stage 3/3: scoring on 139 test series (accuracy + AOPCR) ...
    [mlflow] versioned model 'fcn_conjunctive' (id=m-05680d4de4a74f26b3ebeaf570ee55d6) params={'model_size_mb': '3.4854', 'n_model_params': '270099', 'name': 'fcn'}
    [mlflow] logged run 'fcn_Earthquakes'  (train_acc=0.8224 val_acc=0.8254 test_acc=0.7482 test_loss=0.5726)
[ 20/129] Earthquakes                  DONE  acc=0.7482 loss=0.5726 AOPCR=  0.446 NDCG=  n/a C=  2 T=  102 (2s)  [20 trained / 0 failed so far]
[ 21/129] ECG200
    stage 1/3: loading data ...
    stage 2/3: training on 81 series (val=19, C=2, T=19, batch=8) ...
    stage 3/3: scoring on 100 test series (accuracy + AOPCR) ...
    [mlflow] versioned model 'fcn_conjunctive' (id=m-540a5976e21d48559c8545bfb255f520) params={'model_size_mb': '3.4854', 'n_model_params': '270099', 'name': 'fcn'}
    [mlflow] logged run 'fcn_ECG200'  (train_acc=1.0000 val_acc=0.6842 test_acc=0.8400 test_loss=0.3760)
[ 21/129] ECG200                       DONE  acc=0.8400 loss=0.3760 AOPCR=  0.237 NDCG=  n/a C=  2 T=   19 (2s)  [21 trained / 0 failed so far]
[ 22/129] ECG5000
    stage 1/3: loading data ...
    stage 2/3: training on 401 series (val=99, C=5, T=28, batch=16) ...
    stage 3/3: scoring on 4500 test series (accuracy + AOPCR) ...
    [mlflow] versioned model 'fcn_conjunctive' (id=m-5fdbc86fa2dc42f98fb269250401d50b) params={'model_size_mb': '3.4869', 'n_model_params': '270486', 'name': 'fcn'}
    [mlflow] logged run 'fcn_ECG5000'  (train_acc=0.9825 val_acc=0.9394 test_acc=0.9438 test_loss=0.2761)
[ 22/129] ECG5000                      DONE  acc=0.9438 loss=0.2761 AOPCR=  0.888 NDCG=  n/a C=  5 T=   28 (6s)  [22 trained / 0 failed so far]
[ 23/129] ECGFiveDays
    stage 1/3: loading data ...
    stage 2/3: training on 23 series (no val (train-loss early stop), C=2, T=27, batch=2) ...
    stage 3/3: scoring on 861 test series (accuracy + AOPCR) ...
    [mlflow] versioned model 'fcn_conjunctive' (id=m-f886897730b9418ca3aceb8eeb88b0b5) params={'model_size_mb': '3.4854', 'n_model_params': '270099', 'name': 'fcn'}
    [mlflow] logged run 'fcn_ECGFiveDays'  (train_acc=1.0000 test_acc=0.9826 test_loss=0.1337)
[ 23/129] ECGFiveDays                  DONE  acc=0.9826 loss=0.1337 AOPCR=  0.240 NDCG=  n/a C=  2 T=   27 (4s)  [23 trained / 0 failed so far]
[ 24/129] ElectricDevices
    stage 1/3: loading data ...
    stage 2/3: training on 7144 series (val=1782, C=7, T=19, batch=16) ...
    stage 3/3: scoring on 7711 test series (accuracy + AOPCR) ...
    [mlflow] versioned model 'fcn_conjunctive' (id=m-f1fea1cca00d4f65aa08b75fa90490fe) params={'model_size_mb': '3.4879', 'n_model_params': '270744', 'name': 'fcn'}
    [mlflow] logged run 'fcn_ElectricDevices'  (train_acc=0.9535 val_acc=0.8547 test_acc=0.6663 test_loss=1.0822)
[ 24/129] ElectricDevices              DONE  acc=0.6663 loss=1.0822 AOPCR=  0.519 NDCG=  n/a C=  7 T=   19 (86s)  [24 trained / 0 failed so far]
[ 25/129] FaceAll
    stage 1/3: loading data ...
    stage 2/3: training on 448 series (val=112, C=14, T=26, batch=16) ...
    stage 3/3: scoring on 1690 test series (accuracy + AOPCR) ...
    [mlflow] versioned model 'fcn_conjunctive' (id=m-3f4647f8a4a24a1e9f93995c7e96c69e) params={'model_size_mb': '3.4913', 'n_model_params': '271647', 'name': 'fcn'}
    [mlflow] logged run 'fcn_FaceAll'  (train_acc=1.0000 val_acc=0.9821 test_acc=0.9077 test_loss=0.5372)
[ 25/129] FaceAll                      DONE  acc=0.9077 loss=0.5372 AOPCR=  0.379 NDCG=  n/a C= 14 T=   26 (11s)  [25 trained / 0 failed so far]
[ 26/129] FaceFour
    stage 1/3: loading data ...
    stage 2/3: training on 24 series (no val (train-loss early stop), C=4, T=70, batch=2) ...
    stage 3/3: scoring on 88 test series (accuracy + AOPCR) ...
    [mlflow] versioned model 'fcn_conjunctive' (id=m-364016907a7d4f88be6926058fc23960) params={'model_size_mb': '3.4864', 'n_model_params': '270357', 'name': 'fcn'}
    [mlflow] logged run 'fcn_FaceFour'  (train_acc=1.0000 test_acc=0.9432 test_loss=0.4507)
[ 26/129] FaceFour                     DONE  acc=0.9432 loss=0.4507 AOPCR=  0.676 NDCG=  n/a C=  4 T=   70 (5s)  [26 trained / 0 failed so far]
[ 27/129] FacesUCR
    stage 1/3: loading data ...
    stage 2/3: training on 165 series (val=35, C=14, T=26, batch=16) ...
    stage 3/3: scoring on 2050 test series (accuracy + AOPCR) ...
    [mlflow] versioned model 'fcn_conjunctive' (id=m-c66f1dda97f84a94a30a66d7e3f7389a) params={'model_size_mb': '3.4913', 'n_model_params': '271647', 'name': 'fcn'}
    [mlflow] logged run 'fcn_FacesUCR'  (train_acc=1.0000 val_acc=0.9429 test_acc=0.8751 test_loss=0.7128)
[ 27/129] FacesUCR                     DONE  acc=0.8751 loss=0.7128 AOPCR=  0.435 NDCG=  n/a C= 14 T=   26 (4s)  [27 trained / 0 failed so far]
[ 28/129] FiftyWords
    stage 1/3: loading data ...
    stage 2/3: training on 365 series (val=85, C=50, T=54, batch=16) ...
    stage 3/3: scoring on 455 test series (accuracy + AOPCR) ...
    [mlflow] versioned model 'fcn_conjunctive' (id=m-6d4e7630215e46f5a214d3e236a42fca) params={'model_size_mb': '3.509', 'n_model_params': '276291', 'name': 'fcn'}
    [mlflow] logged run 'fcn_FiftyWords'  (train_acc=1.0000 val_acc=0.7529 test_acc=0.7692 test_loss=1.0183)
[ 28/129] FiftyWords                   DONE  acc=0.7692 loss=1.0183 AOPCR=  0.691 NDCG=  n/a C= 50 T=   54 (10s)  [28 trained / 0 failed so far]
[ 29/129] Fish
    stage 1/3: loading data ...
    stage 2/3: training on 142 series (val=33, C=7, T=92, batch=14) ...
    stage 3/3: scoring on 175 test series (accuracy + AOPCR) ...
    [mlflow] versioned model 'fcn_conjunctive' (id=m-1ac62a5796254571b83d181e9f9937df) params={'model_size_mb': '3.4879', 'n_model_params': '270744', 'name': 'fcn'}
    [mlflow] logged run 'fcn_Fish'  (train_acc=1.0000 val_acc=0.9697 test_acc=0.9829 test_loss=0.2268)
[ 29/129] Fish                         DONE  acc=0.9829 loss=0.2268 AOPCR=  0.669 NDCG=  n/a C=  7 T=   92 (6s)  [29 trained / 0 failed so far]
[ 30/129] FordA
    stage 1/3: loading data ...
    stage 2/3: training on 2881 series (val=720, C=2, T=100, batch=16) ...
    stage 3/3: scoring on 1320 test series (accuracy + AOPCR) ...
    [mlflow] versioned model 'fcn_conjunctive' (id=m-09a1c516b6724451ad568a7034ea9334) params={'model_size_mb': '3.4854', 'n_model_params': '270099', 'name': 'fcn'}
    [mlflow] logged run 'fcn_FordA'  (train_acc=0.9656 val_acc=0.9542 test_acc=0.9470 test_loss=0.1829)
[ 30/129] FordA                        DONE  acc=0.9470 loss=0.1829 AOPCR=  0.186 NDCG=  n/a C=  2 T=  100 (37s)  [30 trained / 0 failed so far]
[ 31/129] FordB
    stage 1/3: loading data ...
    stage 2/3: training on 2909 series (val=727, C=2, T=100, batch=16) ...
    stage 3/3: scoring on 810 test series (accuracy + AOPCR) ...
    [mlflow] versioned model 'fcn_conjunctive' (id=m-35182683568d4fff9a68d5aa166ab9a6) params={'model_size_mb': '3.4854', 'n_model_params': '270099', 'name': 'fcn'}
    [mlflow] logged run 'fcn_FordB'  (train_acc=0.9684 val_acc=0.9574 test_acc=0.8123 test_loss=0.4143)
[ 31/129] FordB                        DONE  acc=0.8123 loss=0.4143 AOPCR=  0.255 NDCG=  n/a C=  2 T=  100 (32s)  [31 trained / 0 failed so far]
[ 32/129] GunPoint
    stage 1/3: loading data ...
    stage 2/3: training on 50 series (no val (train-loss early stop), C=2, T=30, batch=5) ...
    stage 3/3: scoring on 150 test series (accuracy + AOPCR) ...
    [mlflow] versioned model 'fcn_conjunctive' (id=m-51e42580e7494f5db11ca6ed94ba1abe) params={'model_size_mb': '3.4854', 'n_model_params': '270099', 'name': 'fcn'}
    [mlflow] logged run 'fcn_GunPoint'  (train_acc=1.0000 test_acc=0.9867 test_loss=0.1050)
[ 32/129] GunPoint                     DONE  acc=0.9867 loss=0.1050 AOPCR=  0.563 NDCG=  n/a C=  2 T=   30 (4s)  [32 trained / 0 failed so far]
[ 33/129] Ham
    stage 1/3: loading data ...
    stage 2/3: training on 88 series (val=21, C=2, T=86, batch=8) ...
    stage 3/3: scoring on 105 test series (accuracy + AOPCR) ...
    [mlflow] versioned model 'fcn_conjunctive' (id=m-eed9cd61816a4997a46e647f7576936f) params={'model_size_mb': '3.4854', 'n_model_params': '270099', 'name': 'fcn'}
    [mlflow] logged run 'fcn_Ham'  (train_acc=1.0000 val_acc=0.9524 test_acc=0.7333 test_loss=0.5378)
[ 33/129] Ham                          DONE  acc=0.7333 loss=0.5378 AOPCR=  1.165 NDCG=  n/a C=  2 T=   86 (2s)  [33 trained / 0 failed so far]
[ 34/129] HandOutlines
    stage 1/3: loading data ...
    stage 2/3: training on 801 series (val=199, C=2, T=541, batch=16) ...
    stage 3/3: scoring on 370 test series (accuracy + AOPCR) ...
    [mlflow] versioned model 'fcn_conjunctive' (id=m-75ba09ea91f542169bebb8f0fcac410d) params={'model_size_mb': '3.4854', 'n_model_params': '270099', 'name': 'fcn'}
    [mlflow] logged run 'fcn_HandOutlines'  (train_acc=0.9326 val_acc=0.8744 test_acc=0.9135 test_loss=0.2879)
[ 34/129] HandOutlines                 DONE  acc=0.9135 loss=0.2879 AOPCR=  3.319 NDCG=  n/a C=  2 T=  541 (36s)  [34 trained / 0 failed so far]
[ 35/129] Haptics
    stage 1/3: loading data ...
    stage 2/3: training on 127 series (val=28, C=5, T=218, batch=12) ...
    stage 3/3: scoring on 308 test series (accuracy + AOPCR) ...
    [mlflow] versioned model 'fcn_conjunctive' (id=m-ba0bc5a4eb3240e3a014c31d27da5996) params={'model_size_mb': '3.4869', 'n_model_params': '270486', 'name': 'fcn'}
    [mlflow] logged run 'fcn_Haptics'  (train_acc=0.8268 val_acc=0.6071 test_acc=0.4935 test_loss=1.3434)
[ 35/129] Haptics                      DONE  acc=0.4935 loss=1.3434 AOPCR=  1.591 NDCG=  n/a C=  5 T=  218 (3s)  [35 trained / 0 failed so far]
[ 36/129] Herring
    stage 1/3: loading data ...
    stage 2/3: training on 64 series (no val (train-loss early stop), C=2, T=102, batch=6) ...
    stage 3/3: scoring on 64 test series (accuracy + AOPCR) ...
    [mlflow] versioned model 'fcn_conjunctive' (id=m-41b76523a88f406d8e64c2196051af3d) params={'model_size_mb': '3.4854', 'n_model_params': '270099', 'name': 'fcn'}
    [mlflow] logged run 'fcn_Herring'  (train_acc=1.0000 test_acc=0.5781 test_loss=0.9506)
[ 36/129] Herring                      DONE  acc=0.5781 loss=0.9506 AOPCR=  0.508 NDCG=  n/a C=  2 T=  102 (9s)  [36 trained / 0 failed so far]
[ 37/129] InlineSkate
    stage 1/3: loading data ...
    stage 2/3: training on 84 series (val=16, C=7, T=376, batch=8) ...
    stage 3/3: scoring on 550 test series (accuracy + AOPCR) ...
    [mlflow] versioned model 'fcn_conjunctive' (id=m-fa576a1405804580ba6a016208d70f85) params={'model_size_mb': '3.4879', 'n_model_params': '270744', 'name': 'fcn'}
    [mlflow] logged run 'fcn_InlineSkate'  (train_acc=0.4762 val_acc=0.3125 test_acc=0.2455 test_loss=1.8803)
[ 37/129] InlineSkate                  DONE  acc=0.2455 loss=1.8803 AOPCR=  1.195 NDCG=  n/a C=  7 T=  376 (3s)  [37 trained / 0 failed so far]
[ 38/129] InsectWingbeatSound
    stage 1/3: loading data ...
    stage 2/3: training on 176 series (val=44, C=11, T=51, batch=16) ...
    stage 3/3: scoring on 1980 test series (accuracy + AOPCR) ...
    [mlflow] versioned model 'fcn_conjunctive' (id=m-bd882088932440d5a185a17bb8ab5d8e) params={'model_size_mb': '3.4898', 'n_model_params': '271260', 'name': 'fcn'}
    [mlflow] logged run 'fcn_InsectWingbeatSound'  (train_acc=0.7500 val_acc=0.5000 test_acc=0.5040 test_loss=1.2371)
[ 38/129] InsectWingbeatSound          DONE  acc=0.5040 loss=1.2371 AOPCR=  0.442 NDCG=  n/a C= 11 T=   51 (2s)  [38 trained / 0 failed so far]
[ 39/129] ItalyPowerDemand
    stage 1/3: loading data ...
    stage 2/3: training on 67 series (no val (train-loss early stop), C=2, T=4, batch=6) ...
[ 39/129] ItalyPowerDemand             FAILED: RuntimeError: a Tensor with 30 elements cannot be converted to Scalar
[ 40/129] LargeKitchenAppliances
    stage 1/3: loading data ...
    stage 2/3: training on 300 series (val=75, C=3, T=144, batch=16) ...
    stage 3/3: scoring on 375 test series (accuracy + AOPCR) ...
    [mlflow] versioned model 'fcn_conjunctive' (id=m-0ca99494a9f9415baadfda8f72b097c0) params={'model_size_mb': '3.4859', 'n_model_params': '270228', 'name': 'fcn'}
    [mlflow] logged run 'fcn_LargeKitchenAppliances'  (train_acc=1.0000 val_acc=0.8933 test_acc=0.8107 test_loss=0.5190)
[ 40/129] LargeKitchenAppliances       DONE  acc=0.8107 loss=0.5190 AOPCR=  1.228 NDCG=  n/a C=  3 T=  144 (4s)  [39 trained / 1 failed so far]
[ 41/129] Lightning2
    stage 1/3: loading data ...
    stage 2/3: training on 60 series (no val (train-loss early stop), C=2, T=127, batch=6) ...
    stage 3/3: scoring on 61 test series (accuracy + AOPCR) ...
    [mlflow] versioned model 'fcn_conjunctive' (id=m-594f917065864b66ab26e4cc227f12a4) params={'model_size_mb': '3.4854', 'n_model_params': '270099', 'name': 'fcn'}
    [mlflow] logged run 'fcn_Lightning2'  (train_acc=1.0000 test_acc=0.7541 test_loss=0.4967)
[ 41/129] Lightning2                   DONE  acc=0.7541 loss=0.4967 AOPCR=  0.840 NDCG=  n/a C=  2 T=  127 (3s)  [40 trained / 1 failed so far]
[ 42/129] Lightning7
    stage 1/3: loading data ...
    stage 2/3: training on 70 series (no val (train-loss early stop), C=7, T=63, batch=7) ...
    stage 3/3: scoring on 73 test series (accuracy + AOPCR) ...
    [mlflow] versioned model 'fcn_conjunctive' (id=m-f6617051a45a488dad4282f2feb707c3) params={'model_size_mb': '3.4879', 'n_model_params': '270744', 'name': 'fcn'}
    [mlflow] logged run 'fcn_Lightning7'  (train_acc=1.0000 test_acc=0.7123 test_loss=0.9280)
[ 42/129] Lightning7                   DONE  acc=0.7123 loss=0.9280 AOPCR=  1.081 NDCG=  n/a C=  7 T=   63 (8s)  [41 trained / 1 failed so far]
[ 43/129] Mallat
    stage 1/3: loading data ...
    stage 2/3: training on 55 series (no val (train-loss early stop), C=8, T=204, batch=5) ...
    stage 3/3: scoring on 2345 test series (accuracy + AOPCR) ...
    [mlflow] versioned model 'fcn_conjunctive' (id=m-1cda928d5ae84967990a3d9bb7886f60) params={'model_size_mb': '3.4884', 'n_model_params': '270873', 'name': 'fcn'}
    [mlflow] logged run 'fcn_Mallat'  (train_acc=1.0000 test_acc=0.9531 test_loss=0.3250)
[ 43/129] Mallat                       DONE  acc=0.9531 loss=0.3250 AOPCR=  1.620 NDCG=  n/a C=  8 T=  204 (7s)  [42 trained / 1 failed so far]
[ 44/129] Meat
    stage 1/3: loading data ...
    stage 2/3: training on 60 series (no val (train-loss early stop), C=3, T=89, batch=6) ...
    stage 3/3: scoring on 60 test series (accuracy + AOPCR) ...
    [mlflow] versioned model 'fcn_conjunctive' (id=m-71f2cfe50e6d410e8c0a59d1b73312c6) params={'model_size_mb': '3.4859', 'n_model_params': '270228', 'name': 'fcn'}
    [mlflow] logged run 'fcn_Meat'  (train_acc=1.0000 test_acc=0.9667 test_loss=0.2446)
[ 44/129] Meat                         DONE  acc=0.9667 loss=0.2446 AOPCR=  1.080 NDCG=  n/a C=  3 T=   89 (7s)  [43 trained / 1 failed so far]
[ 45/129] MedicalImages
    stage 1/3: loading data ...
    stage 2/3: training on 307 series (val=74, C=10, T=19, batch=16) ...
    stage 3/3: scoring on 760 test series (accuracy + AOPCR) ...
    [mlflow] versioned model 'fcn_conjunctive' (id=m-28237f620e0c441280f8f1e23f1ec6b2) params={'model_size_mb': '3.4893', 'n_model_params': '271131', 'name': 'fcn'}
    [mlflow] logged run 'fcn_MedicalImages'  (train_acc=0.9414 val_acc=0.8108 test_acc=0.7500 test_loss=0.7738)
[ 45/129] MedicalImages                DONE  acc=0.7500 loss=0.7738 AOPCR=  0.477 NDCG=  n/a C= 10 T=   19 (4s)  [44 trained / 1 failed so far]
[ 46/129] MiddlePhalanxOutlineAgeGroup
    stage 1/3: loading data ...
    stage 2/3: training on 321 series (val=79, C=3, T=16, batch=16) ...
    stage 3/3: scoring on 154 test series (accuracy + AOPCR) ...
    [mlflow] versioned model 'fcn_conjunctive' (id=m-11192c59b17749099a241a226c6fc561) params={'model_size_mb': '3.4859', 'n_model_params': '270228', 'name': 'fcn'}
    [mlflow] logged run 'fcn_MiddlePhalanxOutlineAgeGroup'  (train_acc=0.8536 val_acc=0.8101 test_acc=0.6104 test_loss=0.9026)
[ 46/129] MiddlePhalanxOutlineAgeGroup DONE  acc=0.6104 loss=0.9026 AOPCR=  0.285 NDCG=  n/a C=  3 T=   16 (5s)  [45 trained / 1 failed so far]
[ 47/129] MiddlePhalanxOutlineCorrect
    stage 1/3: loading data ...
    stage 2/3: training on 481 series (val=119, C=2, T=16, batch=16) ...
    stage 3/3: scoring on 291 test series (accuracy + AOPCR) ...
    [mlflow] versioned model 'fcn_conjunctive' (id=m-bfade86e9be94f57b2da9f612daff2ae) params={'model_size_mb': '3.4854', 'n_model_params': '270099', 'name': 'fcn'}
    [mlflow] logged run 'fcn_MiddlePhalanxOutlineCorrect'  (train_acc=0.9376 val_acc=0.8235 test_acc=0.8076 test_loss=0.4082)
[ 47/129] MiddlePhalanxOutlineCorrect  DONE  acc=0.8076 loss=0.4082 AOPCR=  0.358 NDCG=  n/a C=  2 T=   16 (9s)  [46 trained / 1 failed so far]
[ 48/129] MiddlePhalanxTW
    stage 1/3: loading data ...
    stage 2/3: training on 321 series (val=78, C=6, T=16, batch=16) ...
    stage 3/3: scoring on 154 test series (accuracy + AOPCR) ...
    [mlflow] versioned model 'fcn_conjunctive' (id=m-6e8ff14a62e2437d9aeae44e9cad5210) params={'model_size_mb': '3.4874', 'n_model_params': '270615', 'name': 'fcn'}
    [mlflow] logged run 'fcn_MiddlePhalanxTW'  (train_acc=0.6604 val_acc=0.6282 test_acc=0.5779 test_loss=1.0832)
[ 48/129] MiddlePhalanxTW              DONE  acc=0.5779 loss=1.0832 AOPCR=  0.153 NDCG=  n/a C=  6 T=   16 (3s)  [47 trained / 1 failed so far]
[ 49/129] MoteStrain
    stage 1/3: loading data ...
    stage 2/3: training on 20 series (no val (train-loss early stop), C=2, T=16, batch=2) ...
    stage 3/3: scoring on 1252 test series (accuracy + AOPCR) ...
    [mlflow] versioned model 'fcn_conjunctive' (id=m-2dbdf81069a14f45b1b75ed37c00666d) params={'model_size_mb': '3.4854', 'n_model_params': '270099', 'name': 'fcn'}
    [mlflow] logged run 'fcn_MoteStrain'  (train_acc=1.0000 test_acc=0.8746 test_loss=0.3111)
[ 49/129] MoteStrain                   DONE  acc=0.8746 loss=0.3111 AOPCR=  0.580 NDCG=  n/a C=  2 T=   16 (2s)  [48 trained / 1 failed so far]
[ 50/129] NonInvasiveFetalECGThorax1
    stage 1/3: loading data ...
    stage 2/3: training on 1452 series (val=348, C=42, T=150, batch=16) ...
    stage 3/3: scoring on 1965 test series (accuracy + AOPCR) ...
    [mlflow] versioned model 'fcn_conjunctive' (id=m-a0e9b61bed6048c492a56de00c7d7d5f) params={'model_size_mb': '3.5051', 'n_model_params': '275259', 'name': 'fcn'}
    [mlflow] logged run 'fcn_NonInvasiveFetalECGThorax1'  (train_acc=0.9979 val_acc=0.9138 test_acc=0.9323 test_loss=0.3871)
[ 50/129] NonInvasiveFetalECGThorax1   DONE  acc=0.9323 loss=0.3871 AOPCR=  0.570 NDCG=  n/a C= 42 T=  150 (38s)  [49 trained / 1 failed so far]
[ 51/129] NonInvasiveFetalECGThorax2
    stage 1/3: loading data ...
    stage 2/3: training on 1452 series (val=348, C=42, T=150, batch=16) ...
    stage 3/3: scoring on 1965 test series (accuracy + AOPCR) ...
    [mlflow] versioned model 'fcn_conjunctive' (id=m-14034b671a99481c90cd526973d6f46f) params={'model_size_mb': '3.5051', 'n_model_params': '275259', 'name': 'fcn'}
    [mlflow] logged run 'fcn_NonInvasiveFetalECGThorax2'  (train_acc=0.9972 val_acc=0.9511 test_acc=0.9420 test_loss=0.3392)
[ 51/129] NonInvasiveFetalECGThorax2   DONE  acc=0.9420 loss=0.3392 AOPCR=  0.372 NDCG=  n/a C= 42 T=  150 (41s)  [50 trained / 1 failed so far]
[ 52/129] OliveOil
    stage 1/3: loading data ...
    stage 2/3: training on 30 series (no val (train-loss early stop), C=4, T=114, batch=3) ...
    stage 3/3: scoring on 30 test series (accuracy + AOPCR) ...
    [mlflow] versioned model 'fcn_conjunctive' (id=m-28c6ef35a7a340a287357214b6431529) params={'model_size_mb': '3.4864', 'n_model_params': '270357', 'name': 'fcn'}
    [mlflow] logged run 'fcn_OliveOil'  (train_acc=0.4333 test_acc=0.4000 test_loss=1.2858)
[ 52/129] OliveOil                     DONE  acc=0.4000 loss=1.2858 AOPCR=  0.150 NDCG=  n/a C=  4 T=  114 (3s)  [51 trained / 1 failed so far]
[ 53/129] OSULeaf
    stage 1/3: loading data ...
    stage 2/3: training on 163 series (val=37, C=6, T=85, batch=16) ...
    stage 3/3: scoring on 242 test series (accuracy + AOPCR) ...
    [mlflow] versioned model 'fcn_conjunctive' (id=m-f362733579ca4567b85cffd31aece3bb) params={'model_size_mb': '3.4874', 'n_model_params': '270615', 'name': 'fcn'}
    [mlflow] logged run 'fcn_OSULeaf'  (train_acc=1.0000 val_acc=1.0000 test_acc=0.9339 test_loss=0.3784)
[ 53/129] OSULeaf                      DONE  acc=0.9339 loss=0.3784 AOPCR=  0.803 NDCG=  n/a C=  6 T=   85 (4s)  [52 trained / 1 failed so far]
[ 54/129] PhalangesOutlinesCorrect
    stage 1/3: loading data ...
    stage 2/3: training on 1441 series (val=359, C=2, T=16, batch=16) ...
    stage 3/3: scoring on 858 test series (accuracy + AOPCR) ...
    [mlflow] versioned model 'fcn_conjunctive' (id=m-c1da23c1fa1446c1bbe445abbee8c0fa) params={'model_size_mb': '3.4854', 'n_model_params': '270099', 'name': 'fcn'}
    [mlflow] logged run 'fcn_PhalangesOutlinesCorrect'  (train_acc=0.9126 val_acc=0.8412 test_acc=0.8147 test_loss=0.4317)
[ 54/129] PhalangesOutlinesCorrect     DONE  acc=0.8147 loss=0.4317 AOPCR= -0.239 NDCG=  n/a C=  2 T=   16 (28s)  [53 trained / 1 failed so far]
[ 55/129] Phoneme
    stage 1/3: loading data ...
    stage 2/3: training on 171 series (val=43, C=39, T=204, batch=16) ...
    stage 3/3: scoring on 1896 test series (accuracy + AOPCR) ...
    [mlflow] versioned model 'fcn_conjunctive' (id=m-7f37885bb5c74cf082f579cd0e957d43) params={'model_size_mb': '3.5036', 'n_model_params': '274872', 'name': 'fcn'}
    [mlflow] logged run 'fcn_Phoneme'  (train_acc=0.4561 val_acc=0.2558 test_acc=0.2310 test_loss=2.7819)
[ 55/129] Phoneme                      DONE  acc=0.2310 loss=2.7819 AOPCR=  0.335 NDCG=  n/a C= 39 T=  204 (2s)  [54 trained / 1 failed so far]
[ 56/129] Plane
    stage 1/3: loading data ...
    stage 2/3: training on 87 series (val=18, C=7, T=28, batch=8) ...
    stage 3/3: scoring on 105 test series (accuracy + AOPCR) ...
    [mlflow] versioned model 'fcn_conjunctive' (id=m-fb867e73243e4dfc9ce91b7f262860bf) params={'model_size_mb': '3.4879', 'n_model_params': '270744', 'name': 'fcn'}
    [mlflow] logged run 'fcn_Plane'  (train_acc=1.0000 val_acc=1.0000 test_acc=1.0000 test_loss=0.1273)
[ 56/129] Plane                        DONE  acc=1.0000 loss=0.1273 AOPCR=  0.020 NDCG=  n/a C=  7 T=   28 (5s)  [55 trained / 1 failed so far]
[ 57/129] ProximalPhalanxOutlineAgeGroup
    stage 1/3: loading data ...
    stage 2/3: training on 322 series (val=78, C=3, T=16, batch=16) ...
    stage 3/3: scoring on 205 test series (accuracy + AOPCR) ...
    [mlflow] versioned model 'fcn_conjunctive' (id=m-78e978b7318044a1866025a79cd2ea5c) params={'model_size_mb': '3.4859', 'n_model_params': '270228', 'name': 'fcn'}
    [mlflow] logged run 'fcn_ProximalPhalanxOutlineAgeGroup'  (train_acc=0.8913 val_acc=0.8333 test_acc=0.8488 test_loss=0.4322)
[ 57/129] ProximalPhalanxOutlineAgeGroup DONE  acc=0.8488 loss=0.4322 AOPCR=  1.545 NDCG=  n/a C=  3 T=   16 (5s)  [56 trained / 1 failed so far]
[ 58/129] ProximalPhalanxOutlineCorrect
    stage 1/3: loading data ...
    stage 2/3: training on 481 series (val=119, C=2, T=16, batch=16) ...
    stage 3/3: scoring on 291 test series (accuracy + AOPCR) ...
    [mlflow] versioned model 'fcn_conjunctive' (id=m-4512e961cba74de983cf6a70c5a0242d) params={'model_size_mb': '3.4854', 'n_model_params': '270099', 'name': 'fcn'}
    [mlflow] logged run 'fcn_ProximalPhalanxOutlineCorrect'  (train_acc=0.9231 val_acc=0.8739 test_acc=0.8935 test_loss=0.3173)
[ 58/129] ProximalPhalanxOutlineCorrect DONE  acc=0.8935 loss=0.3173 AOPCR=  0.282 NDCG=  n/a C=  2 T=   16 (14s)  [57 trained / 1 failed so far]
[ 59/129] ProximalPhalanxTW
    stage 1/3: loading data ...
    stage 2/3: training on 322 series (val=78, C=6, T=16, batch=16) ...
    stage 3/3: scoring on 205 test series (accuracy + AOPCR) ...
    [mlflow] versioned model 'fcn_conjunctive' (id=m-439588f70c224134af4c8aef79ed5227) params={'model_size_mb': '3.4874', 'n_model_params': '270615', 'name': 'fcn'}
    [mlflow] logged run 'fcn_ProximalPhalanxTW'  (train_acc=0.9596 val_acc=0.8462 test_acc=0.7951 test_loss=0.5818)
[ 59/129] ProximalPhalanxTW            DONE  acc=0.7951 loss=0.5818 AOPCR= -0.488 NDCG=  n/a C=  6 T=   16 (11s)  [58 trained / 1 failed so far]
[ 60/129] RefrigerationDevices
    stage 1/3: loading data ...
    stage 2/3: training on 300 series (val=75, C=3, T=144, batch=16) ...
    stage 3/3: scoring on 375 test series (accuracy + AOPCR) ...
    [mlflow] versioned model 'fcn_conjunctive' (id=m-26de8a5965ea468991fcf698695ead42) params={'model_size_mb': '3.4859', 'n_model_params': '270228', 'name': 'fcn'}
    [mlflow] logged run 'fcn_RefrigerationDevices'  (train_acc=0.7233 val_acc=0.6667 test_acc=0.4747 test_loss=1.2915)
[ 60/129] RefrigerationDevices         DONE  acc=0.4747 loss=1.2915 AOPCR=  0.180 NDCG=  n/a C=  3 T=  144 (3s)  [59 trained / 1 failed so far]
[ 61/129] ScreenType
    stage 1/3: loading data ...
    stage 2/3: training on 300 series (val=75, C=3, T=144, batch=16) ...
    stage 3/3: scoring on 375 test series (accuracy + AOPCR) ...
    [mlflow] versioned model 'fcn_conjunctive' (id=m-74ba5cfcad7b4dc68179a32a6e60eaa7) params={'model_size_mb': '3.4859', 'n_model_params': '270228', 'name': 'fcn'}
    [mlflow] logged run 'fcn_ScreenType'  (train_acc=0.7133 val_acc=0.4800 test_acc=0.4427 test_loss=1.0634)
[ 61/129] ScreenType                   DONE  acc=0.4427 loss=1.0634 AOPCR=  0.411 NDCG=  n/a C=  3 T=  144 (4s)  [60 trained / 1 failed so far]
[ 62/129] ShapeletSim
    stage 1/3: loading data ...
    stage 2/3: training on 20 series (no val (train-loss early stop), C=2, T=100, batch=2) ...
    stage 3/3: scoring on 180 test series (accuracy + AOPCR) ...
    [mlflow] versioned model 'fcn_conjunctive' (id=m-3bd50477fce34d82b1e953014ff6aba7) params={'model_size_mb': '3.4854', 'n_model_params': '270099', 'name': 'fcn'}
    [mlflow] logged run 'fcn_ShapeletSim'  (train_acc=1.0000 test_acc=0.7000 test_loss=0.5514)
[ 62/129] ShapeletSim                  DONE  acc=0.7000 loss=0.5514 AOPCR=  0.521 NDCG=  n/a C=  2 T=  100 (2s)  [61 trained / 1 failed so far]
[ 63/129] ShapesAll
    stage 1/3: loading data ...
    stage 2/3: training on 480 series (val=120, C=60, T=102, batch=16) ...
    stage 3/3: scoring on 600 test series (accuracy + AOPCR) ...
    [mlflow] versioned model 'fcn_conjunctive' (id=m-c75a585bdd2148e2afacad393c890e22) params={'model_size_mb': '3.5139', 'n_model_params': '277581', 'name': 'fcn'}
    [mlflow] logged run 'fcn_ShapesAll'  (train_acc=0.9958 val_acc=0.8917 test_acc=0.9050 test_loss=0.6219)
[ 63/129] ShapesAll                    DONE  acc=0.9050 loss=0.6219 AOPCR=  1.159 NDCG=  n/a C= 60 T=  102 (18s)  [62 trained / 1 failed so far]
[ 64/129] SmallKitchenAppliances
    stage 1/3: loading data ...
    stage 2/3: training on 300 series (val=75, C=3, T=144, batch=16) ...
    stage 3/3: scoring on 375 test series (accuracy + AOPCR) ...
    [mlflow] versioned model 'fcn_conjunctive' (id=m-4cf2ddb16e4c42dfb3d2466789ec94a2) params={'model_size_mb': '3.4859', 'n_model_params': '270228', 'name': 'fcn'}
    [mlflow] logged run 'fcn_SmallKitchenAppliances'  (train_acc=0.9667 val_acc=0.8000 test_acc=0.7387 test_loss=0.6190)
[ 64/129] SmallKitchenAppliances       DONE  acc=0.7387 loss=0.6190 AOPCR=  0.914 NDCG=  n/a C=  3 T=  144 (5s)  [63 trained / 1 failed so far]
[ 65/129] SonyAIBORobotSurface1
    stage 1/3: loading data ...
    stage 2/3: training on 20 series (no val (train-loss early stop), C=2, T=14, batch=2) ...
    stage 3/3: scoring on 601 test series (accuracy + AOPCR) ...
    [mlflow] versioned model 'fcn_conjunctive' (id=m-a2128e8caa764c4cb981feee126a0734) params={'model_size_mb': '3.4854', 'n_model_params': '270099', 'name': 'fcn'}
    [mlflow] logged run 'fcn_SonyAIBORobotSurface1'  (train_acc=1.0000 test_acc=0.8286 test_loss=0.3753)
[ 65/129] SonyAIBORobotSurface1        DONE  acc=0.8286 loss=0.3753 AOPCR=  0.475 NDCG=  n/a C=  2 T=   14 (2s)  [64 trained / 1 failed so far]
[ 66/129] SonyAIBORobotSurface2
    stage 1/3: loading data ...
    stage 2/3: training on 27 series (no val (train-loss early stop), C=2, T=13, batch=2) ...
    stage 3/3: scoring on 953 test series (accuracy + AOPCR) ...
    [mlflow] versioned model 'fcn_conjunctive' (id=m-cc69e7b990f04aa3b341377de2ac35ca) params={'model_size_mb': '3.4854', 'n_model_params': '270099', 'name': 'fcn'}
    [mlflow] logged run 'fcn_SonyAIBORobotSurface2'  (train_acc=1.0000 test_acc=0.8478 test_loss=0.3343)
[ 66/129] SonyAIBORobotSurface2        DONE  acc=0.8478 loss=0.3343 AOPCR=  0.249 NDCG=  n/a C=  2 T=   13 (3s)  [65 trained / 1 failed so far]
[ 67/129] StarLightCurves
    stage 1/3: loading data ...
    stage 2/3: training on 801 series (val=199, C=3, T=204, batch=16) ...
    stage 3/3: scoring on 8236 test series (accuracy + AOPCR) ...
    [mlflow] versioned model 'fcn_conjunctive' (id=m-2c630071e9f943f4a95bba8690e4d767) params={'model_size_mb': '3.4859', 'n_model_params': '270228', 'name': 'fcn'}
    [mlflow] logged run 'fcn_StarLightCurves'  (train_acc=0.9913 val_acc=0.9849 test_acc=0.9779 test_loss=0.1691)
[ 67/129] StarLightCurves              DONE  acc=0.9779 loss=0.1691 AOPCR=  0.932 NDCG=  n/a C=  3 T=  204 (31s)  [66 trained / 1 failed so far]
[ 68/129] Strawberry
    stage 1/3: loading data ...
    stage 2/3: training on 492 series (val=121, C=2, T=47, batch=16) ...
    stage 3/3: scoring on 370 test series (accuracy + AOPCR) ...
    [mlflow] versioned model 'fcn_conjunctive' (id=m-c0db97d9aea4464c9d106f1691eabdcd) params={'model_size_mb': '3.4854', 'n_model_params': '270099', 'name': 'fcn'}
    [mlflow] logged run 'fcn_Strawberry'  (train_acc=0.9797 val_acc=0.9917 test_acc=0.9595 test_loss=0.1805)
[ 68/129] Strawberry                   DONE  acc=0.9595 loss=0.1805 AOPCR=  0.364 NDCG=  n/a C=  2 T=   47 (13s)  [67 trained / 1 failed so far]
[ 69/129] SwedishLeaf
    stage 1/3: loading data ...
    stage 2/3: training on 405 series (val=95, C=15, T=25, batch=16) ...
    stage 3/3: scoring on 625 test series (accuracy + AOPCR) ...
    [mlflow] versioned model 'fcn_conjunctive' (id=m-a4f72dade683449eade7b5e110974be0) params={'model_size_mb': '3.4918', 'n_model_params': '271776', 'name': 'fcn'}
    [mlflow] logged run 'fcn_SwedishLeaf'  (train_acc=1.0000 val_acc=0.9579 test_acc=0.9584 test_loss=0.3257)
[ 69/129] SwedishLeaf                  DONE  acc=0.9584 loss=0.3257 AOPCR=  0.131 NDCG=  n/a C= 15 T=   25 (9s)  [68 trained / 1 failed so far]
[ 70/129] Symbols
    stage 1/3: loading data ...
    stage 2/3: training on 25 series (no val (train-loss early stop), C=6, T=79, batch=2) ...
    stage 3/3: scoring on 995 test series (accuracy + AOPCR) ...
    [mlflow] versioned model 'fcn_conjunctive' (id=m-4523cd42221b49b2b2cd14af849cf21a) params={'model_size_mb': '3.4874', 'n_model_params': '270615', 'name': 'fcn'}
    [mlflow] logged run 'fcn_Symbols'  (train_acc=1.0000 test_acc=0.9698 test_loss=0.2754)
[ 70/129] Symbols                      DONE  acc=0.9698 loss=0.2754 AOPCR=  0.984 NDCG=  n/a C=  6 T=   79 (10s)  [69 trained / 1 failed so far]
[ 71/129] SyntheticControl
    stage 1/3: loading data ...
    stage 2/3: training on 240 series (val=60, C=6, T=12, batch=16) ...
    stage 3/3: scoring on 300 test series (accuracy + AOPCR) ...
    [mlflow] versioned model 'fcn_conjunctive' (id=m-9ab2c8c2d4c64befa89aa41f799861ca) params={'model_size_mb': '3.4874', 'n_model_params': '270615', 'name': 'fcn'}
    [mlflow] logged run 'fcn_SyntheticControl'  (train_acc=1.0000 val_acc=1.0000 test_acc=0.9933 test_loss=0.1739)
[ 71/129] SyntheticControl             DONE  acc=0.9933 loss=0.1739 AOPCR=  0.243 NDCG=  n/a C=  6 T=   12 (6s)  [70 trained / 1 failed so far]
[ 72/129] ToeSegmentation1
    stage 1/3: loading data ...
    stage 2/3: training on 40 series (no val (train-loss early stop), C=2, T=55, batch=4) ...
    stage 3/3: scoring on 228 test series (accuracy + AOPCR) ...
    [mlflow] versioned model 'fcn_conjunctive' (id=m-9fa630bd7c324ed7bdb96de24c4a5497) params={'model_size_mb': '3.4854', 'n_model_params': '270099', 'name': 'fcn'}
    [mlflow] logged run 'fcn_ToeSegmentation1'  (train_acc=1.0000 test_acc=0.9561 test_loss=0.1993)
[ 72/129] ToeSegmentation1             DONE  acc=0.9561 loss=0.1993 AOPCR=  0.197 NDCG=  n/a C=  2 T=   55 (4s)  [71 trained / 1 failed so far]
[ 73/129] ToeSegmentation2
    stage 1/3: loading data ...
    stage 2/3: training on 36 series (no val (train-loss early stop), C=2, T=68, batch=3) ...
    stage 3/3: scoring on 130 test series (accuracy + AOPCR) ...
    [mlflow] versioned model 'fcn_conjunctive' (id=m-40f89efc8e1d4da99b866eb8e4b89630) params={'model_size_mb': '3.4854', 'n_model_params': '270099', 'name': 'fcn'}
    [mlflow] logged run 'fcn_ToeSegmentation2'  (train_acc=1.0000 test_acc=0.9308 test_loss=0.2031)
[ 73/129] ToeSegmentation2             DONE  acc=0.9308 loss=0.2031 AOPCR=  0.586 NDCG=  n/a C=  2 T=   68 (3s)  [72 trained / 1 failed so far]
[ 74/129] Trace
    stage 1/3: loading data ...
    stage 2/3: training on 81 series (val=19, C=4, T=55, batch=8) ...
    stage 3/3: scoring on 100 test series (accuracy + AOPCR) ...
    [mlflow] versioned model 'fcn_conjunctive' (id=m-66345bc8cbe44127a0fa041923a55ec2) params={'model_size_mb': '3.4864', 'n_model_params': '270357', 'name': 'fcn'}
    [mlflow] logged run 'fcn_Trace'  (train_acc=1.0000 val_acc=1.0000 test_acc=1.0000 test_loss=0.1086)
[ 74/129] Trace                        DONE  acc=1.0000 loss=0.1086 AOPCR=  1.446 NDCG=  n/a C=  4 T=   55 (5s)  [73 trained / 1 failed so far]
[ 75/129] TwoLeadECG
    stage 1/3: loading data ...
    stage 2/3: training on 23 series (no val (train-loss early stop), C=2, T=16, batch=2) ...
    stage 3/3: scoring on 1139 test series (accuracy + AOPCR) ...
    [mlflow] versioned model 'fcn_conjunctive' (id=m-56411ea1b0ca44cdad76042f7b0a5fce) params={'model_size_mb': '3.4854', 'n_model_params': '270099', 'name': 'fcn'}
    [mlflow] logged run 'fcn_TwoLeadECG'  (train_acc=1.0000 test_acc=0.9210 test_loss=0.2186)
[ 75/129] TwoLeadECG                   DONE  acc=0.9210 loss=0.2186 AOPCR=  0.176 NDCG=  n/a C=  2 T=   16 (6s)  [74 trained / 1 failed so far]
[ 76/129] TwoPatterns
    stage 1/3: loading data ...
    stage 2/3: training on 801 series (val=199, C=4, T=25, batch=16) ...
    stage 3/3: scoring on 4000 test series (accuracy + AOPCR) ...
    [mlflow] versioned model 'fcn_conjunctive' (id=m-2b7c4583213e4d5a9b4b247afec410a8) params={'model_size_mb': '3.4864', 'n_model_params': '270357', 'name': 'fcn'}
    [mlflow] logged run 'fcn_TwoPatterns'  (train_acc=1.0000 val_acc=1.0000 test_acc=0.9992 test_loss=0.1271)
[ 76/129] TwoPatterns                  DONE  acc=0.9992 loss=0.1271 AOPCR=  0.568 NDCG=  n/a C=  4 T=   25 (25s)  [75 trained / 1 failed so far]
[ 77/129] UWaveGestureLibraryAll
    stage 1/3: loading data ...
    stage 2/3: training on 719 series (val=177, C=8, T=189, batch=16) ...
    stage 3/3: scoring on 3582 test series (accuracy + AOPCR) ...
    [mlflow] versioned model 'fcn_conjunctive' (id=m-24b7de183dcd4e548bdede84bae7779a) params={'model_size_mb': '3.4884', 'n_model_params': '270873', 'name': 'fcn'}
    [mlflow] logged run 'fcn_UWaveGestureLibraryAll'  (train_acc=1.0000 val_acc=0.8814 test_acc=0.9040 test_loss=0.4585)
[ 77/129] UWaveGestureLibraryAll       DONE  acc=0.9040 loss=0.4585 AOPCR=  1.706 NDCG=  n/a C=  8 T=  189 (19s)  [76 trained / 1 failed so far]
[ 78/129] UWaveGestureLibraryX
    stage 1/3: loading data ...
    stage 2/3: training on 719 series (val=177, C=8, T=63, batch=16) ...
    stage 3/3: scoring on 3582 test series (accuracy + AOPCR) ...
    [mlflow] versioned model 'fcn_conjunctive' (id=m-22f84b3b4a9d47aa8dde72da2a6e255d) params={'model_size_mb': '3.4884', 'n_model_params': '270873', 'name': 'fcn'}
    [mlflow] logged run 'fcn_UWaveGestureLibraryX'  (train_acc=0.9193 val_acc=0.8079 test_acc=0.7702 test_loss=0.7149)
[ 78/129] UWaveGestureLibraryX         DONE  acc=0.7702 loss=0.7149 AOPCR=  0.934 NDCG=  n/a C=  8 T=   63 (10s)  [77 trained / 1 failed so far]
[ 79/129] UWaveGestureLibraryY
    stage 1/3: loading data ...
    stage 2/3: training on 719 series (val=177, C=8, T=63, batch=16) ...
    stage 3/3: scoring on 3582 test series (accuracy + AOPCR) ...
    [mlflow] versioned model 'fcn_conjunctive' (id=m-7792d780fad64a809220de8dac35f154) params={'model_size_mb': '3.4884', 'n_model_params': '270873', 'name': 'fcn'}
    [mlflow] logged run 'fcn_UWaveGestureLibraryY'  (train_acc=0.8261 val_acc=0.6723 test_acc=0.6664 test_loss=1.0010)
[ 79/129] UWaveGestureLibraryY         DONE  acc=0.6664 loss=1.0010 AOPCR=  0.792 NDCG=  n/a C=  8 T=   63 (9s)  [78 trained / 1 failed so far]
[ 80/129] UWaveGestureLibraryZ
    stage 1/3: loading data ...
    stage 2/3: training on 719 series (val=177, C=8, T=63, batch=16) ...
    stage 3/3: scoring on 3582 test series (accuracy + AOPCR) ...
    [mlflow] versioned model 'fcn_conjunctive' (id=m-2425e2ebce1c4823b97f7156e07ced01) params={'model_size_mb': '3.4884', 'n_model_params': '270873', 'name': 'fcn'}
    [mlflow] logged run 'fcn_UWaveGestureLibraryZ'  (train_acc=0.8818 val_acc=0.7062 test_acc=0.7300 test_loss=0.8237)
[ 80/129] UWaveGestureLibraryZ         DONE  acc=0.7300 loss=0.8237 AOPCR=  0.862 NDCG=  n/a C=  8 T=   63 (11s)  [79 trained / 1 failed so far]
[ 81/129] Wafer
    stage 1/3: loading data ...
    stage 2/3: training on 801 series (val=199, C=2, T=30, batch=16) ...
    stage 3/3: scoring on 6164 test series (accuracy + AOPCR) ...
    [mlflow] versioned model 'fcn_conjunctive' (id=m-6c7582c2fac7459b9bf917e7b579958a) params={'model_size_mb': '3.4854', 'n_model_params': '270099', 'name': 'fcn'}
    [mlflow] logged run 'fcn_Wafer'  (train_acc=1.0000 val_acc=1.0000 test_acc=0.9933 test_loss=0.0781)
[ 81/129] Wafer                        DONE  acc=0.9933 loss=0.0781 AOPCR= -0.116 NDCG=  n/a C=  2 T=   30 (23s)  [80 trained / 1 failed so far]
[ 82/129] Wine
    stage 1/3: loading data ...
    stage 2/3: training on 57 series (no val (train-loss early stop), C=2, T=46, batch=5) ...
    stage 3/3: scoring on 54 test series (accuracy + AOPCR) ...
    [mlflow] versioned model 'fcn_conjunctive' (id=m-bf9d2b6a22a243a28b58322ceb9160fd) params={'model_size_mb': '3.4854', 'n_model_params': '270099', 'name': 'fcn'}
    [mlflow] logged run 'fcn_Wine'  (train_acc=0.5789 test_acc=0.6111 test_loss=0.6313)
[ 82/129] Wine                         DONE  acc=0.6111 loss=0.6313 AOPCR=  2.023 NDCG=  n/a C=  2 T=   46 (9s)  [81 trained / 1 failed so far]
[ 83/129] WordSynonyms
    stage 1/3: loading data ...
    stage 2/3: training on 217 series (val=50, C=25, T=54, batch=16) ...
    stage 3/3: scoring on 638 test series (accuracy + AOPCR) ...
    [mlflow] versioned model 'fcn_conjunctive' (id=m-b213bb6af25a482a87d4cdd138ead64b) params={'model_size_mb': '3.4967', 'n_model_params': '273066', 'name': 'fcn'}
    [mlflow] logged run 'fcn_WordSynonyms'  (train_acc=1.0000 val_acc=0.7200 test_acc=0.6771 test_loss=1.3407)
[ 83/129] WordSynonyms                 DONE  acc=0.6771 loss=1.3407 AOPCR=  0.670 NDCG=  n/a C= 25 T=   54 (10s)  [82 trained / 1 failed so far]
[ 84/129] Worms
    stage 1/3: loading data ...
    stage 2/3: training on 146 series (val=35, C=5, T=180, batch=14) ...
    stage 3/3: scoring on 77 test series (accuracy + AOPCR) ...
    [mlflow] versioned model 'fcn_conjunctive' (id=m-4ca9b2b7cc37405aae6772f8a764419f) params={'model_size_mb': '3.4869', 'n_model_params': '270486', 'name': 'fcn'}
    [mlflow] logged run 'fcn_Worms'  (train_acc=0.9932 val_acc=0.7429 test_acc=0.6623 test_loss=0.9137)
[ 84/129] Worms                        DONE  acc=0.6623 loss=0.9137 AOPCR=  1.260 NDCG=  n/a C=  5 T=  180 (6s)  [83 trained / 1 failed so far]
[ 85/129] WormsTwoClass
    stage 1/3: loading data ...
    stage 2/3: training on 145 series (val=36, C=2, T=180, batch=14) ...
    stage 3/3: scoring on 77 test series (accuracy + AOPCR) ...
    [mlflow] versioned model 'fcn_conjunctive' (id=m-143eebf128c14a70b89dceca602db943) params={'model_size_mb': '3.4854', 'n_model_params': '270099', 'name': 'fcn'}
    [mlflow] logged run 'fcn_WormsTwoClass'  (train_acc=0.9310 val_acc=0.7222 test_acc=0.7403 test_loss=0.5579)
[ 85/129] WormsTwoClass                DONE  acc=0.7403 loss=0.5579 AOPCR=  0.936 NDCG=  n/a C=  2 T=  180 (3s)  [84 trained / 1 failed so far]
[ 86/129] Yoga
    stage 1/3: loading data ...
    stage 2/3: training on 241 series (val=59, C=2, T=85, batch=16) ...
    stage 3/3: scoring on 3000 test series (accuracy + AOPCR) ...
    [mlflow] versioned model 'fcn_conjunctive' (id=m-f938463b1aaa418fb86e7a1f7b6841f3) params={'model_size_mb': '3.4854', 'n_model_params': '270099', 'name': 'fcn'}
    [mlflow] logged run 'fcn_Yoga'  (train_acc=0.9917 val_acc=0.8475 test_acc=0.8480 test_loss=0.3735)
[ 86/129] Yoga                         DONE  acc=0.8480 loss=0.3735 AOPCR=  1.603 NDCG=  n/a C=  2 T=   85 (12s)  [85 trained / 1 failed so far]
[ 87/129] ACSF1
    stage 1/3: loading data ...
    stage 2/3: training on 80 series (val=20, C=10, T=292, batch=8) ...
    stage 3/3: scoring on 100 test series (accuracy + AOPCR) ...
    [mlflow] versioned model 'fcn_conjunctive' (id=m-7bf7b18305c6469ba1a256b1dcfcc055) params={'model_size_mb': '3.4893', 'n_model_params': '271131', 'name': 'fcn'}
    [mlflow] logged run 'fcn_ACSF1'  (train_acc=0.9250 val_acc=0.9000 test_acc=0.8600 test_loss=0.6001)
[ 87/129] ACSF1                        DONE  acc=0.8600 loss=0.6001 AOPCR= -0.457 NDCG=  n/a C= 10 T=  292 (8s)  [86 trained / 1 failed so far]
[ 88/129] AllGestureWiimoteX
    stage 1/3: loading data ...
    stage 2/3: training on 240 series (val=60, C=10, T=100, batch=16) ...
    stage 3/3: scoring on 700 test series (accuracy + AOPCR) ...
    [mlflow] versioned model 'fcn_conjunctive' (id=m-5ddfea6d67b74c569cdc0752f2d93793) params={'model_size_mb': '3.4893', 'n_model_params': '271131', 'name': 'fcn'}
    [mlflow] logged run 'fcn_AllGestureWiimoteX'  (train_acc=1.0000 val_acc=0.7667 test_acc=0.6729 test_loss=1.0850)
[ 88/129] AllGestureWiimoteX           DONE  acc=0.6729 loss=1.0850 AOPCR=  1.149 NDCG=  n/a C= 10 T=  100 (3s)  [87 trained / 1 failed so far]
[ 89/129] AllGestureWiimoteY
    stage 1/3: loading data ...
    stage 2/3: training on 240 series (val=60, C=10, T=100, batch=16) ...
    stage 3/3: scoring on 700 test series (accuracy + AOPCR) ...
    [mlflow] versioned model 'fcn_conjunctive' (id=m-e31c6afdabb84b418654d0147167a396) params={'model_size_mb': '3.4893', 'n_model_params': '271131', 'name': 'fcn'}
    [mlflow] logged run 'fcn_AllGestureWiimoteY'  (train_acc=0.9833 val_acc=0.7000 test_acc=0.6657 test_loss=1.0196)
[ 89/129] AllGestureWiimoteY           DONE  acc=0.6657 loss=1.0196 AOPCR=  1.306 NDCG=  n/a C= 10 T=  100 (3s)  [88 trained / 1 failed so far]
[ 90/129] AllGestureWiimoteZ
    stage 1/3: loading data ...
    stage 2/3: training on 240 series (val=60, C=10, T=100, batch=16) ...
    stage 3/3: scoring on 700 test series (accuracy + AOPCR) ...
    [mlflow] versioned model 'fcn_conjunctive' (id=m-77fa02daca8b4fdeafc891e92a50a9ae) params={'model_size_mb': '3.4893', 'n_model_params': '271131', 'name': 'fcn'}
    [mlflow] logged run 'fcn_AllGestureWiimoteZ'  (train_acc=0.9792 val_acc=0.6833 test_acc=0.6729 test_loss=1.0305)
[ 90/129] AllGestureWiimoteZ           DONE  acc=0.6729 loss=1.0305 AOPCR=  1.208 NDCG=  n/a C= 10 T=  100 (5s)  [89 trained / 1 failed so far]
[ 91/129] BME
    stage 1/3: loading data ...
    stage 2/3: training on 30 series (no val (train-loss early stop), C=3, T=25, batch=3) ...
    stage 3/3: scoring on 150 test series (accuracy + AOPCR) ...
    [mlflow] versioned model 'fcn_conjunctive' (id=m-2e0189d39d6147038facee39acce716f) params={'model_size_mb': '3.4859', 'n_model_params': '270228', 'name': 'fcn'}
    [mlflow] logged run 'fcn_BME'  (train_acc=1.0000 test_acc=0.9867 test_loss=0.1552)
[ 91/129] BME                          DONE  acc=0.9867 loss=0.1552 AOPCR=  0.672 NDCG=  n/a C=  3 T=   25 (3s)  [90 trained / 1 failed so far]
[ 92/129] Chinatown
    stage 1/3: loading data ...
    stage 2/3: training on 20 series (no val (train-loss early stop), C=2, T=4, batch=2) ...
[ 92/129] Chinatown                    FAILED: RuntimeError: a Tensor with 10 elements cannot be converted to Scalar
[ 93/129] Crop
    stage 1/3: loading data ...
    stage 2/3: training on 5760 series (val=1440, C=24, T=9, batch=16) ...
    stage 3/3: scoring on 16800 test series (accuracy + AOPCR) ...
    [mlflow] versioned model 'fcn_conjunctive' (id=m-be92841a03be4d90a92407ab6832db29) params={'model_size_mb': '3.4962', 'n_model_params': '272937', 'name': 'fcn'}
    [mlflow] logged run 'fcn_Crop'  (train_acc=0.9934 val_acc=0.7306 test_acc=0.7410 test_loss=0.9943)
[ 93/129] Crop                         DONE  acc=0.7410 loss=0.9943 AOPCR=  0.346 NDCG=  n/a C= 24 T=    9 (95s)  [91 trained / 2 failed so far]
[ 94/129] DodgerLoopDay
    stage 1/3: loading data ...
    stage 2/3: training on 78 series (no val (train-loss early stop), C=7, T=57, batch=7) ...
    stage 3/3: scoring on 80 test series (accuracy + AOPCR) ...
    [mlflow] versioned model 'fcn_conjunctive' (id=m-e6c86209604e49b0b7237917b405cb06) params={'model_size_mb': '3.4879', 'n_model_params': '270744', 'name': 'fcn'}
    [mlflow] logged run 'fcn_DodgerLoopDay'  (train_acc=1.0000 test_acc=0.3375 test_loss=1.5503)
[ 94/129] DodgerLoopDay                DONE  acc=0.3375 loss=1.5503 AOPCR=  0.741 NDCG=  n/a C=  7 T=   57 (5s)  [92 trained / 2 failed so far]
[ 95/129] DodgerLoopGame
    stage 1/3: loading data ...
    stage 2/3: training on 20 series (no val (train-loss early stop), C=2, T=57, batch=2) ...
    stage 3/3: scoring on 138 test series (accuracy + AOPCR) ...
    [mlflow] versioned model 'fcn_conjunctive' (id=m-baa9e47d33ec48c98a6d04a4622c4222) params={'model_size_mb': '3.4854', 'n_model_params': '270099', 'name': 'fcn'}
    [mlflow] logged run 'fcn_DodgerLoopGame'  (train_acc=1.0000 test_acc=0.7899 test_loss=0.4505)
[ 95/129] DodgerLoopGame               DONE  acc=0.7899 loss=0.4505 AOPCR=  0.554 NDCG=  n/a C=  2 T=   57 (5s)  [93 trained / 2 failed so far]
[ 96/129] DodgerLoopWeekend
    stage 1/3: loading data ...
    stage 2/3: training on 20 series (no val (train-loss early stop), C=2, T=57, batch=2) ...
    stage 3/3: scoring on 138 test series (accuracy + AOPCR) ...
    [mlflow] versioned model 'fcn_conjunctive' (id=m-2618ebeb922c4aaa992d734f8cb6a36a) params={'model_size_mb': '3.4854', 'n_model_params': '270099', 'name': 'fcn'}
    [mlflow] logged run 'fcn_DodgerLoopWeekend'  (train_acc=1.0000 test_acc=0.9783 test_loss=0.1796)
[ 96/129] DodgerLoopWeekend            DONE  acc=0.9783 loss=0.1796 AOPCR=  0.869 NDCG=  n/a C=  2 T=   57 (4s)  [94 trained / 2 failed so far]
[ 97/129] EOGHorizontalSignal
    stage 1/3: loading data ...
    stage 2/3: training on 290 series (val=72, C=12, T=250, batch=16) ...
    stage 3/3: scoring on 362 test series (accuracy + AOPCR) ...
    [mlflow] versioned model 'fcn_conjunctive' (id=m-d7c19f0b9f6e4e078c0f23b2e2347927) params={'model_size_mb': '3.4903', 'n_model_params': '271389', 'name': 'fcn'}
    [mlflow] logged run 'fcn_EOGHorizontalSignal'  (train_acc=0.9897 val_acc=0.9028 test_acc=0.5331 test_loss=1.3925)
[ 97/129] EOGHorizontalSignal          DONE  acc=0.5331 loss=1.3925 AOPCR=  1.621 NDCG=  n/a C= 12 T=  250 (16s)  [95 trained / 2 failed so far]
[ 98/129] EOGVerticalSignal
    stage 1/3: loading data ...
    stage 2/3: training on 290 series (val=72, C=12, T=250, batch=16) ...
    stage 3/3: scoring on 362 test series (accuracy + AOPCR) ...
    [mlflow] versioned model 'fcn_conjunctive' (id=m-d0a5e4eb67ee4ad280a0b13be80a1217) params={'model_size_mb': '3.4903', 'n_model_params': '271389', 'name': 'fcn'}
    [mlflow] logged run 'fcn_EOGVerticalSignal'  (train_acc=0.9448 val_acc=0.7500 test_acc=0.5110 test_loss=1.6760)
[ 98/129] EOGVerticalSignal            DONE  acc=0.5110 loss=1.6760 AOPCR=  1.837 NDCG=  n/a C= 12 T=  250 (11s)  [96 trained / 2 failed so far]
[ 99/129] EthanolLevel
    stage 1/3: loading data ...
    stage 2/3: training on 404 series (val=100, C=4, T=350, batch=16) ...
    stage 3/3: scoring on 500 test series (accuracy + AOPCR) ...
    [mlflow] versioned model 'fcn_conjunctive' (id=m-9d3ce45f190c422a96e62fb673d1122e) params={'model_size_mb': '3.4864', 'n_model_params': '270357', 'name': 'fcn'}
    [mlflow] logged run 'fcn_EthanolLevel'  (train_acc=0.2500 val_acc=0.2500 test_acc=0.2480 test_loss=1.3863)
[ 99/129] EthanolLevel                 DONE  acc=0.2480 loss=1.3863 AOPCR=  0.036 NDCG=  n/a C=  4 T=  350 (4s)  [97 trained / 2 failed so far]
[100/129] FreezerRegularTrain
    stage 1/3: loading data ...
    stage 2/3: training on 120 series (val=30, C=2, T=60, batch=12) ...
    stage 3/3: scoring on 2850 test series (accuracy + AOPCR) ...
    [mlflow] versioned model 'fcn_conjunctive' (id=m-25632f1c4af94c058aed4a935fb70619) params={'model_size_mb': '3.4854', 'n_model_params': '270099', 'name': 'fcn'}
    [mlflow] logged run 'fcn_FreezerRegularTrain'  (train_acc=1.0000 val_acc=1.0000 test_acc=0.9968 test_loss=0.0760)
[100/129] FreezerRegularTrain          DONE  acc=0.9968 loss=0.0760 AOPCR=  0.799 NDCG=  n/a C=  2 T=   60 (6s)  [98 trained / 2 failed so far]
[101/129] FreezerSmallTrain
    stage 1/3: loading data ...
    stage 2/3: training on 28 series (no val (train-loss early stop), C=2, T=60, batch=2) ...
    stage 3/3: scoring on 2850 test series (accuracy + AOPCR) ...
    [mlflow] versioned model 'fcn_conjunctive' (id=m-ad68197893b14d5ebbe4f90a04853ff5) params={'model_size_mb': '3.4854', 'n_model_params': '270099', 'name': 'fcn'}
    [mlflow] logged run 'fcn_FreezerSmallTrain'  (train_acc=1.0000 test_acc=0.7495 test_loss=0.4798)
[101/129] FreezerSmallTrain            DONE  acc=0.7495 loss=0.4798 AOPCR=  0.577 NDCG=  n/a C=  2 T=   60 (9s)  [99 trained / 2 failed so far]
[102/129] Fungi
    stage 1/3: loading data ...
    stage 2/3: training on 18 series (no val (train-loss early stop), C=18, T=40, batch=2) ...
    stage 3/3: scoring on 186 test series (accuracy + AOPCR) ...
    [mlflow] versioned model 'fcn_conjunctive' (id=m-31e34a6dc4a941d1be2d609fd846c652) params={'model_size_mb': '3.4933', 'n_model_params': '272163', 'name': 'fcn'}
    [mlflow] logged run 'fcn_Fungi'  (train_acc=1.0000 test_acc=0.9086 test_loss=0.5314)
[102/129] Fungi                        DONE  acc=0.9086 loss=0.5314 AOPCR=  0.693 NDCG=  n/a C= 18 T=   40 (7s)  [100 trained / 2 failed so far]
[103/129] GestureMidAirD1
    stage 1/3: loading data ...
    stage 2/3: training on 182 series (val=26, C=26, T=72, batch=16) ...
    stage 3/3: scoring on 130 test series (accuracy + AOPCR) ...
    [mlflow] versioned model 'fcn_conjunctive' (id=m-f379e555996a49bc80d93c9fc460d72a) params={'model_size_mb': '3.4972', 'n_model_params': '273195', 'name': 'fcn'}
    [mlflow] logged run 'fcn_GestureMidAirD1'  (train_acc=0.9780 val_acc=0.6923 test_acc=0.6846 test_loss=1.0690)
[103/129] GestureMidAirD1              DONE  acc=0.6846 loss=1.0690 AOPCR=  1.382 NDCG=  n/a C= 26 T=   72 (4s)  [101 trained / 2 failed so far]
[104/129] GestureMidAirD2
    stage 1/3: loading data ...
    stage 2/3: training on 182 series (val=26, C=26, T=72, batch=16) ...
    stage 3/3: scoring on 130 test series (accuracy + AOPCR) ...
    [mlflow] versioned model 'fcn_conjunctive' (id=m-f771bdaecf7f448c9b793a2f3acc4a26) params={'model_size_mb': '3.4972', 'n_model_params': '273195', 'name': 'fcn'}
    [mlflow] logged run 'fcn_GestureMidAirD2'  (train_acc=0.9011 val_acc=0.7308 test_acc=0.6462 test_loss=1.0760)
[104/129] GestureMidAirD2              DONE  acc=0.6462 loss=1.0760 AOPCR=  1.360 NDCG=  n/a C= 26 T=   72 (7s)  [102 trained / 2 failed so far]
[105/129] GestureMidAirD3
    stage 1/3: loading data ...
    stage 2/3: training on 182 series (val=26, C=26, T=72, batch=16) ...
    stage 3/3: scoring on 130 test series (accuracy + AOPCR) ...
    [mlflow] versioned model 'fcn_conjunctive' (id=m-8a44c073bf5a49fb8983011c15176c27) params={'model_size_mb': '3.4972', 'n_model_params': '273195', 'name': 'fcn'}
    [mlflow] logged run 'fcn_GestureMidAirD3'  (train_acc=0.9176 val_acc=0.4615 test_acc=0.3231 test_loss=2.1054)
[105/129] GestureMidAirD3              DONE  acc=0.3231 loss=2.1054 AOPCR=  1.420 NDCG=  n/a C= 26 T=   72 (4s)  [103 trained / 2 failed so far]
[106/129] GesturePebbleZ1
    stage 1/3: loading data ...
    stage 2/3: training on 107 series (val=25, C=6, T=91, batch=10) ...
    stage 3/3: scoring on 172 test series (accuracy + AOPCR) ...
    [mlflow] versioned model 'fcn_conjunctive' (id=m-c4b80aa1aa0d47899b2fd755aaeca469) params={'model_size_mb': '3.4874', 'n_model_params': '270615', 'name': 'fcn'}
    [mlflow] logged run 'fcn_GesturePebbleZ1'  (train_acc=1.0000 val_acc=1.0000 test_acc=0.8721 test_loss=0.5408)
[106/129] GesturePebbleZ1              DONE  acc=0.8721 loss=0.5408 AOPCR=  1.115 NDCG=  n/a C=  6 T=   91 (4s)  [104 trained / 2 failed so far]
[107/129] GesturePebbleZ2
    stage 1/3: loading data ...
    stage 2/3: training on 120 series (val=26, C=6, T=91, batch=12) ...
    stage 3/3: scoring on 158 test series (accuracy + AOPCR) ...
    [mlflow] versioned model 'fcn_conjunctive' (id=m-21e19cf118c34dda9e79ed2ec05715a3) params={'model_size_mb': '3.4874', 'n_model_params': '270615', 'name': 'fcn'}
    [mlflow] logged run 'fcn_GesturePebbleZ2'  (train_acc=1.0000 val_acc=0.9615 test_acc=0.8544 test_loss=0.5189)
[107/129] GesturePebbleZ2              DONE  acc=0.8544 loss=0.5189 AOPCR=  1.469 NDCG=  n/a C=  6 T=   91 (2s)  [105 trained / 2 failed so far]
[108/129] GunPointAgeSpan
    stage 1/3: loading data ...
    stage 2/3: training on 109 series (val=26, C=2, T=30, batch=10) ...
    stage 3/3: scoring on 316 test series (accuracy + AOPCR) ...
    [mlflow] versioned model 'fcn_conjunctive' (id=m-db0758878a7d4dbdadf9719368196539) params={'model_size_mb': '3.4854', 'n_model_params': '270099', 'name': 'fcn'}
    [mlflow] logged run 'fcn_GunPointAgeSpan'  (train_acc=1.0000 val_acc=1.0000 test_acc=0.9842 test_loss=0.1149)
[108/129] GunPointAgeSpan              DONE  acc=0.9842 loss=0.1149 AOPCR=  0.612 NDCG=  n/a C=  2 T=   30 (8s)  [106 trained / 2 failed so far]
[109/129] GunPointMaleVersusFemale
    stage 1/3: loading data ...
    stage 2/3: training on 109 series (val=26, C=2, T=30, batch=10) ...
    stage 3/3: scoring on 316 test series (accuracy + AOPCR) ...
    [mlflow] versioned model 'fcn_conjunctive' (id=m-3ac7a065179a4369b8a84dc680e10db9) params={'model_size_mb': '3.4854', 'n_model_params': '270099', 'name': 'fcn'}
    [mlflow] logged run 'fcn_GunPointMaleVersusFemale'  (train_acc=1.0000 val_acc=1.0000 test_acc=0.9968 test_loss=0.0854)
[109/129] GunPointMaleVersusFemale     DONE  acc=0.9968 loss=0.0854 AOPCR=  0.133 NDCG=  n/a C=  2 T=   30 (3s)  [107 trained / 2 failed so far]
[110/129] GunPointOldVersusYoung
    stage 1/3: loading data ...
    stage 2/3: training on 109 series (val=27, C=2, T=30, batch=10) ...
    stage 3/3: scoring on 315 test series (accuracy + AOPCR) ...
    [mlflow] versioned model 'fcn_conjunctive' (id=m-40b564fbf9274dbcaffd239df725ed47) params={'model_size_mb': '3.4854', 'n_model_params': '270099', 'name': 'fcn'}
    [mlflow] logged run 'fcn_GunPointOldVersusYoung'  (train_acc=1.0000 val_acc=1.0000 test_acc=0.9619 test_loss=0.1305)
[110/129] GunPointOldVersusYoung       DONE  acc=0.9619 loss=0.1305 AOPCR=  0.564 NDCG=  n/a C=  2 T=   30 (6s)  [108 trained / 2 failed so far]
[111/129] HouseTwenty
    stage 1/3: loading data ...
    stage 2/3: training on 40 series (no val (train-loss early stop), C=2, T=400, batch=4) ...
    stage 3/3: scoring on 119 test series (accuracy + AOPCR) ...
    [mlflow] versioned model 'fcn_conjunctive' (id=m-c5d770c9ea8f45ab821567b4c47a2e75) params={'model_size_mb': '3.4854', 'n_model_params': '270099', 'name': 'fcn'}
    [mlflow] logged run 'fcn_HouseTwenty'  (train_acc=1.0000 test_acc=0.9328 test_loss=0.1683)
[111/129] HouseTwenty                  DONE  acc=0.9328 loss=0.1683 AOPCR=  1.161 NDCG=  n/a C=  2 T=  400 (3s)  [109 trained / 2 failed so far]
[112/129] InsectEPGRegularTrain
    stage 1/3: loading data ...
    stage 2/3: training on 62 series (no val (train-loss early stop), C=3, T=120, batch=6) ...
    stage 3/3: scoring on 249 test series (accuracy + AOPCR) ...
    [mlflow] versioned model 'fcn_conjunctive' (id=m-31a73505c5794cc088fe60dc87b2e43c) params={'model_size_mb': '3.4859', 'n_model_params': '270228', 'name': 'fcn'}
    [mlflow] logged run 'fcn_InsectEPGRegularTrain'  (train_acc=1.0000 test_acc=0.9799 test_loss=0.1537)
[112/129] InsectEPGRegularTrain        DONE  acc=0.9799 loss=0.1537 AOPCR=  1.253 NDCG=  n/a C=  3 T=  120 (6s)  [110 trained / 2 failed so far]
[113/129] InsectEPGSmallTrain
    stage 1/3: loading data ...
    stage 2/3: training on 17 series (no val (train-loss early stop), C=3, T=120, batch=2) ...
    stage 3/3: scoring on 249 test series (accuracy + AOPCR) ...
    [mlflow] versioned model 'fcn_conjunctive' (id=m-8003ca922ca848e194a2b3347afa8e4d) params={'model_size_mb': '3.4859', 'n_model_params': '270228', 'name': 'fcn'}
    [mlflow] logged run 'fcn_InsectEPGSmallTrain'  (train_acc=1.0000 test_acc=0.9036 test_loss=0.3139)
[113/129] InsectEPGSmallTrain          DONE  acc=0.9036 loss=0.3139 AOPCR=  0.828 NDCG=  n/a C=  3 T=  120 (6s)  [111 trained / 2 failed so far]
[114/129] MelbournePedestrian
    stage 1/3: loading data ...
    stage 2/3: training on 956 series (val=238, C=10, T=4, batch=16) ...
[114/129] MelbournePedestrian          FAILED: RuntimeError: a Tensor with 80 elements cannot be converted to Scalar
[115/129] MixedShapesRegularTrain
    stage 1/3: loading data ...
    stage 2/3: training on 400 series (val=100, C=5, T=204, batch=16) ...
    stage 3/3: scoring on 2425 test series (accuracy + AOPCR) ...
    [mlflow] versioned model 'fcn_conjunctive' (id=m-55da5c730f9d40eda84d61d09f30d368) params={'model_size_mb': '3.4869', 'n_model_params': '270486', 'name': 'fcn'}
    [mlflow] logged run 'fcn_MixedShapesRegularTrain'  (train_acc=1.0000 val_acc=0.9700 test_acc=0.9608 test_loss=0.2520)
[115/129] MixedShapesRegularTrain      DONE  acc=0.9608 loss=0.2520 AOPCR=  1.075 NDCG=  n/a C=  5 T=  204 (17s)  [112 trained / 3 failed so far]
[116/129] MixedShapesSmallTrain
    stage 1/3: loading data ...
    stage 2/3: training on 80 series (val=20, C=5, T=204, batch=8) ...
    stage 3/3: scoring on 2425 test series (accuracy + AOPCR) ...
    [mlflow] versioned model 'fcn_conjunctive' (id=m-2e36626ad2a54385bb32c1c13786be67) params={'model_size_mb': '3.4869', 'n_model_params': '270486', 'name': 'fcn'}
    [mlflow] logged run 'fcn_MixedShapesSmallTrain'  (train_acc=1.0000 val_acc=1.0000 test_acc=0.8623 test_loss=0.4775)
[116/129] MixedShapesSmallTrain        DONE  acc=0.8623 loss=0.4775 AOPCR=  2.324 NDCG=  n/a C=  5 T=  204 (4s)  [113 trained / 3 failed so far]
[117/129] PLAID
    stage 1/3: loading data ...
    stage 2/3: training on 436 series (val=101, C=11, T=268, batch=16) ...
    stage 3/3: scoring on 537 test series (accuracy + AOPCR) ...
    [mlflow] versioned model 'fcn_conjunctive' (id=m-0184dcc01f504462b2e30d4aafd53b85) params={'model_size_mb': '3.4898', 'n_model_params': '271260', 'name': 'fcn'}
    [mlflow] logged run 'fcn_PLAID'  (train_acc=0.9541 val_acc=0.8020 test_acc=0.7858 test_loss=0.7139)
[117/129] PLAID                        DONE  acc=0.7858 loss=0.7139 AOPCR=  2.161 NDCG=  n/a C= 11 T=  268 (18s)  [114 trained / 3 failed so far]
[118/129] PickupGestureWiimoteZ
    stage 1/3: loading data ...
    stage 2/3: training on 50 series (no val (train-loss early stop), C=10, T=72, batch=5) ...
    stage 3/3: scoring on 50 test series (accuracy + AOPCR) ...
    [mlflow] versioned model 'fcn_conjunctive' (id=m-c897253186b54d00bfdce781f609381e) params={'model_size_mb': '3.4893', 'n_model_params': '271131', 'name': 'fcn'}
    [mlflow] logged run 'fcn_PickupGestureWiimoteZ'  (train_acc=1.0000 test_acc=0.7200 test_loss=0.8746)
[118/129] PickupGestureWiimoteZ        DONE  acc=0.7200 loss=0.8746 AOPCR=  0.771 NDCG=  n/a C= 10 T=   72 (5s)  [115 trained / 3 failed so far]
[119/129] PigAirwayPressure
    stage 1/3: loading data ...
    stage 2/3: training on 52 series (val=52, C=52, T=400, batch=5) ...
    stage 3/3: scoring on 208 test series (accuracy + AOPCR) ...
    [mlflow] versioned model 'fcn_conjunctive' (id=m-298c8b8258c0453e9d71e1f5cb277fe7) params={'model_size_mb': '3.51', 'n_model_params': '276549', 'name': 'fcn'}
    [mlflow] logged run 'fcn_PigAirwayPressure'  (train_acc=0.0769 val_acc=0.0192 test_acc=0.0337 test_loss=3.8369)
[119/129] PigAirwayPressure            DONE  acc=0.0337 loss=3.8369 AOPCR=  0.051 NDCG=  n/a C= 52 T=  400 (2s)  [116 trained / 3 failed so far]
[120/129] PigArtPressure
    stage 1/3: loading data ...
    stage 2/3: training on 52 series (val=52, C=52, T=400, batch=5) ...
    stage 3/3: scoring on 208 test series (accuracy + AOPCR) ...
    [mlflow] versioned model 'fcn_conjunctive' (id=m-2dfac7cbd73a4845b32e130595a87c85) params={'model_size_mb': '3.51', 'n_model_params': '276549', 'name': 'fcn'}
    [mlflow] logged run 'fcn_PigArtPressure'  (train_acc=1.0000 val_acc=0.8654 test_acc=0.9231 test_loss=0.3664)
[120/129] PigArtPressure               DONE  acc=0.9231 loss=0.3664 AOPCR=  0.318 NDCG=  n/a C= 52 T=  400 (9s)  [117 trained / 3 failed so far]
[121/129] PigCVP
    stage 1/3: loading data ...
    stage 2/3: training on 52 series (val=52, C=52, T=400, batch=5) ...
    stage 3/3: scoring on 208 test series (accuracy + AOPCR) ...
    [mlflow] versioned model 'fcn_conjunctive' (id=m-ff40db25d1f2431dbe9575352e0d088f) params={'model_size_mb': '3.51', 'n_model_params': '276549', 'name': 'fcn'}
    [mlflow] logged run 'fcn_PigCVP'  (train_acc=1.0000 val_acc=0.7692 test_acc=0.8077 test_loss=1.0964)
[121/129] PigCVP                       DONE  acc=0.8077 loss=1.0964 AOPCR=  0.225 NDCG=  n/a C= 52 T=  400 (10s)  [118 trained / 3 failed so far]
[122/129] PowerCons
    stage 1/3: loading data ...
    stage 2/3: training on 144 series (val=36, C=2, T=28, batch=14) ...
    stage 3/3: scoring on 180 test series (accuracy + AOPCR) ...
    [mlflow] versioned model 'fcn_conjunctive' (id=m-d42b2b1d56704bbaa6bad21b7b81b920) params={'model_size_mb': '3.4854', 'n_model_params': '270099', 'name': 'fcn'}
    [mlflow] logged run 'fcn_PowerCons'  (train_acc=1.0000 val_acc=0.9167 test_acc=0.8833 test_loss=0.2773)
[122/129] PowerCons                    DONE  acc=0.8833 loss=0.2773 AOPCR=  0.373 NDCG=  n/a C=  2 T=   28 (2s)  [119 trained / 3 failed so far]
[123/129] Rock
    stage 1/3: loading data ...
    stage 2/3: training on 20 series (no val (train-loss early stop), C=4, T=568, batch=2) ...
    stage 3/3: scoring on 50 test series (accuracy + AOPCR) ...
    [mlflow] versioned model 'fcn_conjunctive' (id=m-5690be55df3248e7afda368e75902992) params={'model_size_mb': '3.4864', 'n_model_params': '270357', 'name': 'fcn'}
    [mlflow] logged run 'fcn_Rock'  (train_acc=1.0000 test_acc=0.6600 test_loss=0.8583)
[123/129] Rock                         DONE  acc=0.6600 loss=0.8583 AOPCR=  1.628 NDCG=  n/a C=  4 T=  568 (9s)  [120 trained / 3 failed so far]
[124/129] SemgHandGenderCh2
    stage 1/3: loading data ...
    stage 2/3: training on 240 series (val=60, C=2, T=300, batch=16) ...
    stage 3/3: scoring on 600 test series (accuracy + AOPCR) ...
    [mlflow] versioned model 'fcn_conjunctive' (id=m-acc4070c4acf4f32961cb458d2db35c3) params={'model_size_mb': '3.4854', 'n_model_params': '270099', 'name': 'fcn'}
    [mlflow] logged run 'fcn_SemgHandGenderCh2'  (train_acc=0.7792 val_acc=0.6500 test_acc=0.7400 test_loss=0.5039)
[124/129] SemgHandGenderCh2            DONE  acc=0.7400 loss=0.5039 AOPCR=  0.545 NDCG=  n/a C=  2 T=  300 (2s)  [121 trained / 3 failed so far]
[125/129] SemgHandMovementCh2
    stage 1/3: loading data ...
    stage 2/3: training on 360 series (val=90, C=6, T=300, batch=16) ...
    stage 3/3: scoring on 450 test series (accuracy + AOPCR) ...
    [mlflow] versioned model 'fcn_conjunctive' (id=m-e3cadfe691fa45d6b6acf9bb868edbe3) params={'model_size_mb': '3.4874', 'n_model_params': '270615', 'name': 'fcn'}
    [mlflow] logged run 'fcn_SemgHandMovementCh2'  (train_acc=0.5306 val_acc=0.4333 test_acc=0.4200 test_loss=1.5234)
[125/129] SemgHandMovementCh2          DONE  acc=0.4200 loss=1.5234 AOPCR=  0.702 NDCG=  n/a C=  6 T=  300 (4s)  [122 trained / 3 failed so far]
[126/129] SemgHandSubjectCh2
    stage 1/3: loading data ...
    stage 2/3: training on 360 series (val=90, C=5, T=300, batch=16) ...
    stage 3/3: scoring on 450 test series (accuracy + AOPCR) ...
    [mlflow] versioned model 'fcn_conjunctive' (id=m-fd312730e25443b8a1722ef1c4c2ddf1) params={'model_size_mb': '3.4869', 'n_model_params': '270486', 'name': 'fcn'}
    [mlflow] logged run 'fcn_SemgHandSubjectCh2'  (train_acc=0.8750 val_acc=0.7556 test_acc=0.6511 test_loss=0.9742)
[126/129] SemgHandSubjectCh2           DONE  acc=0.6511 loss=0.9742 AOPCR=  1.128 NDCG=  n/a C=  5 T=  300 (4s)  [123 trained / 3 failed so far]
[127/129] ShakeGestureWiimoteZ
    stage 1/3: loading data ...
    stage 2/3: training on 50 series (no val (train-loss early stop), C=10, T=77, batch=5) ...
    stage 3/3: scoring on 50 test series (accuracy + AOPCR) ...
    [mlflow] versioned model 'fcn_conjunctive' (id=m-a964215dd0ec46e28e515a518216d4dc) params={'model_size_mb': '3.4893', 'n_model_params': '271131', 'name': 'fcn'}
    [mlflow] logged run 'fcn_ShakeGestureWiimoteZ'  (train_acc=1.0000 test_acc=0.8800 test_loss=0.5432)
[127/129] ShakeGestureWiimoteZ         DONE  acc=0.8800 loss=0.5432 AOPCR=  0.783 NDCG=  n/a C= 10 T=   77 (8s)  [124 trained / 3 failed so far]
[128/129] SmoothSubspace
    stage 1/3: loading data ...
    stage 2/3: training on 120 series (val=30, C=3, T=3, batch=12) ...
[128/129] SmoothSubspace               FAILED: RuntimeError: a Tensor with 60 elements cannot be converted to Scalar
[129/129] UMD
    stage 1/3: loading data ...
    stage 2/3: training on 36 series (no val (train-loss early stop), C=3, T=30, batch=3) ...
    stage 3/3: scoring on 144 test series (accuracy + AOPCR) ...
    [mlflow] versioned model 'fcn_conjunctive' (id=m-027212357e8b4e3494b6a5fe3a69bbac) params={'model_size_mb': '3.4859', 'n_model_params': '270228', 'name': 'fcn'}
    [mlflow] logged run 'fcn_UMD'  (train_acc=1.0000 test_acc=0.9861 test_loss=0.1643)
[129/129] UMD                          DONE  acc=0.9861 loss=0.1643 AOPCR=  0.621 NDCG=  n/a C=  3 T=   30 (5s)  [125 trained / 4 failed so far]

Done: 125 trained, 0 skipped, 4 failed.
Results -> results/SEA_NET/fcn_conjunctive/results.csv

=== fcn_conjunctive vs MILLET ConjunctiveInceptionTime (mean of 5 reps) ===
  UCR datasets evaluated: 124  (with MILLET baseline: 84, without: 40)
  metric        ours    MILLET   win/tie/loss   (mean over the 84 datasets MILLET published)
  acc         0.8029    0.8433       12/17/55   
  loss        0.5854    1.2321        51/1/32   (lower is better)
  aopcr       0.6864    4.5579         3/0/81   
  wrote results/SEA_NET/fcn_conjunctive/comparison_vs_millet.csv

Next: `python main.py report` to draw the figures for fcn_conjunctive.

[log] finished; full output saved to results/SEA_NET/fcn_conjunctive/logs/train_2026-07-20_17-03-14.log
