[log] command 'run' started at 2026-08-03_22-26-16 for model 'seanet_bottleneck_mschan_pyramid__sea_multiscale_pyramid__sea_topk_conjunctive'
[log] a copy of everything below is being saved to: results/SEA_NET/seanet_bottleneck_mschan_pyramid__sea_multiscale_pyramid__sea_topk_conjunctive/logs/run_2026-08-03_22-26-16.log

=== run: model=seanet_bottleneck_mschan_pyramid__sea_multiscale_pyramid__sea_topk_conjunctive (config sv6/seanet_bottleneck_mschan_pyramid) dataset=WebTraffic device=cuda mode=full ===
resolved config:
  model = sv6/seanet_bottleneck_mschan_pyramid
  run.mode = single
  run.dataset = WebTraffic
  run.smoke = False
  run.re_train = True
  preprocessing.instance_type = single_point
  preprocessing.window_size = 5
  preprocessing.window_stride = 5
  seed = 0
  device = auto
  output.results_dir = results/SEA_NET
  interpretability.dataset = WebTraffic
  interpretability.n_classes = 3
  interpretability.per_class = 1
  mlflow.enabled = True
  mlflow.experiment_name = SEA-Net
  mlflow.tracking_uri = sqlite:///mlflow.db
  mlflow.log_model_weights = True
  model_config.name = seanet_bottleneck_mschan_pyramid
  model_config.use_params = default
  model_config.encoder.type = sea_multiscale_pyramid
  model_config.encoder.scales = [1, 2, 4, 8]
  model_config.encoder.fusion = attention
  model_config.encoder.d_attn = 8
  model_config.encoder.per_scale_bn = True
  model_config.encoder.base.type = sea_multiscale_channels
  model_config.encoder.base.windows = [3, 7, 15, 31]
  model_config.encoder.base.stats = ['max', 'min', 'std']
  model_config.encoder.base.add_diff_sign = True
  model_config.encoder.base.norm_channels = True
  model_config.encoder.base.base.type = sea_mstcn_sep_bottleneck
  model_config.encoder.base.base.d = 64
  model_config.encoder.base.base.n_blocks = 2
  model_config.encoder.base.base.dropout = 0.2
  model_config.encoder.base.base.max_dilation = 1
  model_config.encoder.base.base.kernels = [5, 11, 23]
  model_config.encoder.base.base.bottleneck_ratio = 4
  model_config.pooling.type = sea_topk_conjunctive
  model_config.pooling.d_attn = 8
  model_config.pooling.dropout = 0.2
  model_config.pooling.positional_encoding = True
  model_config.pooling.top_frac = 0.1
  model_config.training.n_epochs = 400
  model_config.training.patience = 60
  model_config.training.max_batch = 16
  model_config.training.learning_rate = 0.00125
  model_config.training.weight_decay = 0.00012
  model_config.training.label_smoothing = 0.13
  model_config.training.lambda_entropy = 0.01
  model_config.training.min_train_for_val = 100
  model_config.training.val_frac = 0.2
  model_config.training.optimizer = adam
  model_config.records.default.metrics.test_acc = 0.584
  model_config.records.default.metrics.test_loss = 1.271
  model_config.records.default.metrics.test_auroc = 0.932
  model_config.records.default.metrics.dataset = WebTraffic
  model_config.records.default.metrics.recorded = 2026-08-03 17:24:25
[params] using DEFAULT recipe (no Optuna record yet - run 'python main.py optuna --model sv6/seanet_bottleneck_mschan_pyramid').

WebTraffic already done for seanet_bottleneck_mschan_pyramid__sea_multiscale_pyramid__sea_topk_conjunctive, but run.re_train is true -> training again (its row in results.csv will be replaced).
  [mlflow] logging runs to experiment 'SEA-Net_seanet_bottleneck_mschan_pyramid__sea_multiscale_pyramid__sea_topk_conjunctive_2026-08-03' at sqlite:///mlflow.db
  [mlflow] browse later with:  mlflow ui --backend-store-uri sqlite:///mlflow.db
    stage 1/3: loading data ...
    stage 2/3: training on 400 series (val=100, C=10, T=1008, batch=16) ...
    stage 3/3: scoring on 500 test series (accuracy + AOPCR + NDCG) ...
    [mlflow] versioned model 'seanet_bottleneck_mschan_pyramid__sea_multiscale_pyramid__sea_topk_conjunctive' (id=m-2e9eb9dfcb754cad99961adf72f8a022) params={'model_size_mb': '1.3674', 'n_model_params': '28441', 'name': 'seanet_bottleneck_mschan_pyramid'}
    [mlflow] logged run 'seanet_bottleneck_mschan_pyramid_WebTraffic'  (train_acc=0.8750 val_acc=0.6800 test_acc=0.6960 test_loss=0.9918)

=== seanet_bottleneck_mschan_pyramid__sea_multiscale_pyramid__sea_topk_conjunctive on WebTraffic ===
  params          : 28441
  model_size_mb   : 1.3674
  n_train         : 400
  n_val           : 100
  n_test          : 500
  series_length   : 1008
  n_classes       : 10
  test_acc        : 0.696
  test_loss       : 0.9918
  test_aopcr      : 2.1668
  test_ndcg       : 0.6531
  train_time_s    : 73.95

  saved -> results/SEA_NET/seanet_bottleneck_mschan_pyramid__sea_multiscale_pyramid__sea_topk_conjunctive/results.csv
  recorded default metrics -> configs/models/sv6/seanet_bottleneck_mschan_pyramid.yaml (records.default)

[log] finished; full output saved to results/SEA_NET/seanet_bottleneck_mschan_pyramid__sea_multiscale_pyramid__sea_topk_conjunctive/logs/run_2026-08-03_22-26-16.log
