[log] command 'train' started at 2026-08-04_22-34-39 for model 'seanet_inputgate_adaptive__sea_mstcn_sep_inputgate__sea_adaptive_classwise'
[log] a copy of everything below is being saved to: results/SEA_NET/seanet_inputgate_adaptive__sea_mstcn_sep_inputgate__sea_adaptive_classwise/logs/train_2026-08-04_22-34-39.log

=== train: model=seanet_inputgate_adaptive__sea_mstcn_sep_inputgate__sea_adaptive_classwise (config sv4/seanet_inputgate_adaptive) device=cuda mode=full datasets=129 ===
[params] using DEFAULT recipe (no Optuna record yet - run 'python main.py optuna --model sv4/seanet_inputgate_adaptive').
  results  -> results/SEA_NET/seanet_inputgate_adaptive__sea_mstcn_sep_inputgate__sea_adaptive_classwise/results.csv
  resume   -> results/SEA_NET/seanet_inputgate_adaptive__sea_mstcn_sep_inputgate__sea_adaptive_classwise/done_train_dataset.txt  (delete it to retrain everything; delete one line to retrain that dataset)

  [mlflow] logging runs to experiment 'SEA-Net_seanet_inputgate_adaptive__sea_mstcn_sep_inputgate__sea_adaptive_classwise_2026-08-04' at sqlite:///mlflow.db
  [mlflow] browse later with:  mlflow ui --backend-store-uri sqlite:///mlflow.db
[  1/129] WebTraffic
    stage 1/3: loading data ...
    stage 2/3: training on 400 series (val=100, C=10, T=1008, batch=16) ...
    stage 3/3: scoring on 500 test series (accuracy + AOPCR + NDCG) ...
    [mlflow] versioned model 'seanet_inputgate_adaptive__sea_mstcn_sep_inputgate__sea_adaptive_classwise' (id=m-e40a26e25fca47b485502b3a67e8cb13) params={'model_size_mb': '1.4889', 'n_model_params': '58102', 'name': 'seanet_inputgate_adaptive'}
    [mlflow] logged run 'seanet_inputgate_adaptive_WebTraffic'  (train_acc=1.0000 val_acc=0.9400 test_acc=0.8980 test_loss=0.3728)
[  1/129] WebTraffic                   DONE  acc=0.8980 loss=0.3728 AOPCR=  2.560 NDCG=0.728 C= 10 T= 1008 (100s)  [1 trained / 0 failed so far]
[  2/129] Adiac
    stage 1/3: loading data ...
    stage 2/3: training on 328 series (val=62, C=37, T=176, batch=16) ...
    stage 3/3: scoring on 391 test series (accuracy + AOPCR) ...
    [mlflow] versioned model 'seanet_inputgate_adaptive__sea_mstcn_sep_inputgate__sea_adaptive_classwise' (id=m-26e3b7bdb4234ea7899a981777a0274d) params={'model_size_mb': '1.4967', 'n_model_params': '60127', 'name': 'seanet_inputgate_adaptive'}
    [mlflow] logged run 'seanet_inputgate_adaptive_Adiac'  (train_acc=0.9421 val_acc=0.7903 test_acc=0.7596 test_loss=0.8841)
[  2/129] Adiac                        DONE  acc=0.7596 loss=0.8841 AOPCR= -0.488 NDCG=  n/a C= 37 T=  176 (34s)  [2 trained / 0 failed so far]
[  3/129] ArrowHead
    stage 1/3: loading data ...
    stage 2/3: training on 36 series (no val (train-loss early stop), C=3, T=251, batch=3) ...
    stage 3/3: scoring on 175 test series (accuracy + AOPCR) ...
    [mlflow] versioned model 'seanet_inputgate_adaptive__sea_mstcn_sep_inputgate__sea_adaptive_classwise' (id=m-5e8ee11419664ee3b76b0ad111dad47e) params={'model_size_mb': '1.487', 'n_model_params': '57577', 'name': 'seanet_inputgate_adaptive'}
    [mlflow] logged run 'seanet_inputgate_adaptive_ArrowHead'  (train_acc=1.0000 test_acc=0.8514 test_loss=0.4051)
[  3/129] ArrowHead                    DONE  acc=0.8514 loss=0.4051 AOPCR=  0.570 NDCG=  n/a C=  3 T=  251 (16s)  [3 trained / 0 failed so far]
[  4/129] Beef
    stage 1/3: loading data ...
    stage 2/3: training on 30 series (no val (train-loss early stop), C=5, T=470, batch=3) ...
    stage 3/3: scoring on 30 test series (accuracy + AOPCR) ...
    [mlflow] versioned model 'seanet_inputgate_adaptive__sea_mstcn_sep_inputgate__sea_adaptive_classwise' (id=m-2f37ff5648304b7ca45bf722c2158889) params={'model_size_mb': '1.4875', 'n_model_params': '57727', 'name': 'seanet_inputgate_adaptive'}
    [mlflow] logged run 'seanet_inputgate_adaptive_Beef'  (train_acc=1.0000 test_acc=0.8000 test_loss=0.7868)
[  4/129] Beef                         DONE  acc=0.8000 loss=0.7868 AOPCR=  1.902 NDCG=  n/a C=  5 T=  470 (34s)  [4 trained / 0 failed so far]
[  5/129] BeetleFly
    stage 1/3: loading data ...
    stage 2/3: training on 20 series (no val (train-loss early stop), C=2, T=512, batch=2) ...
    stage 3/3: scoring on 20 test series (accuracy + AOPCR) ...
    [mlflow] versioned model 'seanet_inputgate_adaptive__sea_mstcn_sep_inputgate__sea_adaptive_classwise' (id=m-07422263eee349f885366f2b9f1675e0) params={'model_size_mb': '1.4867', 'n_model_params': '57502', 'name': 'seanet_inputgate_adaptive'}
    [mlflow] logged run 'seanet_inputgate_adaptive_BeetleFly'  (train_acc=1.0000 test_acc=0.9000 test_loss=0.3317)
[  5/129] BeetleFly                    DONE  acc=0.9000 loss=0.3317 AOPCR=  0.586 NDCG=  n/a C=  2 T=  512 (18s)  [5 trained / 0 failed so far]
[  6/129] BirdChicken
    stage 1/3: loading data ...
    stage 2/3: training on 20 series (no val (train-loss early stop), C=2, T=512, batch=2) ...
    stage 3/3: scoring on 20 test series (accuracy + AOPCR) ...
    [mlflow] versioned model 'seanet_inputgate_adaptive__sea_mstcn_sep_inputgate__sea_adaptive_classwise' (id=m-53341be4c04a4365bf47ea289c0c26fc) params={'model_size_mb': '1.4867', 'n_model_params': '57502', 'name': 'seanet_inputgate_adaptive'}
    [mlflow] logged run 'seanet_inputgate_adaptive_BirdChicken'  (train_acc=1.0000 test_acc=1.0000 test_loss=0.1347)
[  6/129] BirdChicken                  DONE  acc=1.0000 loss=0.1347 AOPCR=  2.431 NDCG=  n/a C=  2 T=  512 (11s)  [6 trained / 0 failed so far]
[  7/129] Car
    stage 1/3: loading data ...
    stage 2/3: training on 60 series (no val (train-loss early stop), C=4, T=577, batch=6) ...
    stage 3/3: scoring on 60 test series (accuracy + AOPCR) ...
    [mlflow] versioned model 'seanet_inputgate_adaptive__sea_mstcn_sep_inputgate__sea_adaptive_classwise' (id=m-2097b21784c0474bb64a046244ef265a) params={'model_size_mb': '1.4873', 'n_model_params': '57652', 'name': 'seanet_inputgate_adaptive'}
    [mlflow] logged run 'seanet_inputgate_adaptive_Car'  (train_acc=1.0000 test_acc=0.8500 test_loss=0.4684)
[  7/129] Car                          DONE  acc=0.8500 loss=0.4684 AOPCR=  1.351 NDCG=  n/a C=  4 T=  577 (35s)  [7 trained / 0 failed so far]
[  8/129] CBF
    stage 1/3: loading data ...
    stage 2/3: training on 30 series (no val (train-loss early stop), C=3, T=128, batch=3) ...
    stage 3/3: scoring on 900 test series (accuracy + AOPCR) ...
    [mlflow] versioned model 'seanet_inputgate_adaptive__sea_mstcn_sep_inputgate__sea_adaptive_classwise' (id=m-05073c65c24a4d7eb18220a0ba5706f2) params={'model_size_mb': '1.487', 'n_model_params': '57577', 'name': 'seanet_inputgate_adaptive'}
    [mlflow] logged run 'seanet_inputgate_adaptive_CBF'  (train_acc=1.0000 test_acc=0.9978 test_loss=0.1213)
[  8/129] CBF                          DONE  acc=0.9978 loss=0.1213 AOPCR=  1.436 NDCG=  n/a C=  3 T=  128 (12s)  [8 trained / 0 failed so far]
[  9/129] ChlorineConcentration
    stage 1/3: loading data ...
    stage 2/3: training on 375 series (val=92, C=3, T=166, batch=16) ...
    stage 3/3: scoring on 3840 test series (accuracy + AOPCR) ...
    [mlflow] versioned model 'seanet_inputgate_adaptive__sea_mstcn_sep_inputgate__sea_adaptive_classwise' (id=m-d9fa0e97bf6a4aa7badc4e41476a76c8) params={'model_size_mb': '1.487', 'n_model_params': '57577', 'name': 'seanet_inputgate_adaptive'}
    [mlflow] logged run 'seanet_inputgate_adaptive_ChlorineConcentration'  (train_acc=0.9653 val_acc=0.7826 test_acc=0.7602 test_loss=0.6473)
[  9/129] ChlorineConcentration        DONE  acc=0.7602 loss=0.6473 AOPCR= -0.040 NDCG=  n/a C=  3 T=  166 (58s)  [9 trained / 0 failed so far]
[ 10/129] CinCECGTorso
    stage 1/3: loading data ...
    stage 2/3: training on 40 series (no val (train-loss early stop), C=4, T=1639, batch=4) ...
    stage 3/3: scoring on 1380 test series (accuracy + AOPCR) ...
    [mlflow] versioned model 'seanet_inputgate_adaptive__sea_mstcn_sep_inputgate__sea_adaptive_classwise' (id=m-dd3fa38fb49f49d18c861a8a07bb3833) params={'model_size_mb': '1.4873', 'n_model_params': '57652', 'name': 'seanet_inputgate_adaptive'}
    [mlflow] logged run 'seanet_inputgate_adaptive_CinCECGTorso'  (train_acc=1.0000 test_acc=0.6703 test_loss=0.8065)
[ 10/129] CinCECGTorso                 DONE  acc=0.6703 loss=0.8065 AOPCR=  1.105 NDCG=  n/a C=  4 T= 1639 (26s)  [10 trained / 0 failed so far]
[ 11/129] Coffee
    stage 1/3: loading data ...
    stage 2/3: training on 28 series (no val (train-loss early stop), C=2, T=286, batch=2) ...
    stage 3/3: scoring on 28 test series (accuracy + AOPCR) ...
    [mlflow] versioned model 'seanet_inputgate_adaptive__sea_mstcn_sep_inputgate__sea_adaptive_classwise' (id=m-710c8e66f74c4d9a8cf1d484c7e8dc7f) params={'model_size_mb': '1.4867', 'n_model_params': '57502', 'name': 'seanet_inputgate_adaptive'}
    [mlflow] logged run 'seanet_inputgate_adaptive_Coffee'  (train_acc=1.0000 test_acc=1.0000 test_loss=0.0765)
[ 11/129] Coffee                       DONE  acc=1.0000 loss=0.0765 AOPCR=  0.083 NDCG=  n/a C=  2 T=  286 (31s)  [11 trained / 0 failed so far]
[ 12/129] Computers
    stage 1/3: loading data ...
    stage 2/3: training on 200 series (val=50, C=2, T=720, batch=16) ...
    stage 3/3: scoring on 250 test series (accuracy + AOPCR) ...
    [mlflow] versioned model 'seanet_inputgate_adaptive__sea_mstcn_sep_inputgate__sea_adaptive_classwise' (id=m-a3ef98bc8d3c4e0f8d4de5ad0eab2951) params={'model_size_mb': '1.4867', 'n_model_params': '57502', 'name': 'seanet_inputgate_adaptive'}
    [mlflow] logged run 'seanet_inputgate_adaptive_Computers'  (train_acc=0.9650 val_acc=0.8800 test_acc=0.7480 test_loss=0.5956)
[ 12/129] Computers                    DONE  acc=0.7480 loss=0.5956 AOPCR=  0.898 NDCG=  n/a C=  2 T=  720 (16s)  [12 trained / 0 failed so far]
[ 13/129] CricketX
    stage 1/3: loading data ...
    stage 2/3: training on 317 series (val=73, C=12, T=300, batch=16) ...
    stage 3/3: scoring on 390 test series (accuracy + AOPCR) ...
    [mlflow] versioned model 'seanet_inputgate_adaptive__sea_mstcn_sep_inputgate__sea_adaptive_classwise' (id=m-b7354e5af02746c697f6aa46356d7824) params={'model_size_mb': '1.4895', 'n_model_params': '58252', 'name': 'seanet_inputgate_adaptive'}
    [mlflow] logged run 'seanet_inputgate_adaptive_CricketX'  (train_acc=1.0000 val_acc=0.8493 test_acc=0.8231 test_loss=0.6770)
[ 13/129] CricketX                     DONE  acc=0.8231 loss=0.6770 AOPCR=  1.614 NDCG=  n/a C= 12 T=  300 (30s)  [13 trained / 0 failed so far]
[ 14/129] CricketY
    stage 1/3: loading data ...
    stage 2/3: training on 317 series (val=73, C=12, T=300, batch=16) ...
    stage 3/3: scoring on 390 test series (accuracy + AOPCR) ...
    [mlflow] versioned model 'seanet_inputgate_adaptive__sea_mstcn_sep_inputgate__sea_adaptive_classwise' (id=m-fd04db0a76c744dda973843c5d839111) params={'model_size_mb': '1.4895', 'n_model_params': '58252', 'name': 'seanet_inputgate_adaptive'}
    [mlflow] logged run 'seanet_inputgate_adaptive_CricketY'  (train_acc=1.0000 val_acc=0.8356 test_acc=0.7744 test_loss=0.7767)
[ 14/129] CricketY                     DONE  acc=0.7744 loss=0.7767 AOPCR=  1.206 NDCG=  n/a C= 12 T=  300 (22s)  [14 trained / 0 failed so far]
[ 15/129] CricketZ
    stage 1/3: loading data ...
    stage 2/3: training on 316 series (val=74, C=12, T=300, batch=16) ...
    stage 3/3: scoring on 390 test series (accuracy + AOPCR) ...
    [mlflow] versioned model 'seanet_inputgate_adaptive__sea_mstcn_sep_inputgate__sea_adaptive_classwise' (id=m-f12fde862c4741a387f49358c8ac5634) params={'model_size_mb': '1.4895', 'n_model_params': '58252', 'name': 'seanet_inputgate_adaptive'}
    [mlflow] logged run 'seanet_inputgate_adaptive_CricketZ'  (train_acc=1.0000 val_acc=0.8243 test_acc=0.8179 test_loss=0.6832)
[ 15/129] CricketZ                     DONE  acc=0.8179 loss=0.6832 AOPCR=  1.449 NDCG=  n/a C= 12 T=  300 (28s)  [15 trained / 0 failed so far]
[ 16/129] DiatomSizeReduction
    stage 1/3: loading data ...
    stage 2/3: training on 16 series (no val (train-loss early stop), C=4, T=345, batch=2) ...
    stage 3/3: scoring on 306 test series (accuracy + AOPCR) ...
    [mlflow] versioned model 'seanet_inputgate_adaptive__sea_mstcn_sep_inputgate__sea_adaptive_classwise' (id=m-338ba5d733dc4cfda2f4564ada3a83ab) params={'model_size_mb': '1.4873', 'n_model_params': '57652', 'name': 'seanet_inputgate_adaptive'}
    [mlflow] logged run 'seanet_inputgate_adaptive_DiatomSizeReduction'  (train_acc=1.0000 test_acc=0.9608 test_loss=0.2035)
[ 16/129] DiatomSizeReduction          DONE  acc=0.9608 loss=0.2035 AOPCR=  2.498 NDCG=  n/a C=  4 T=  345 (25s)  [16 trained / 0 failed so far]
[ 17/129] DistalPhalanxOutlineAgeGroup
    stage 1/3: loading data ...
    stage 2/3: training on 321 series (val=79, C=3, T=80, batch=16) ...
    stage 3/3: scoring on 139 test series (accuracy + AOPCR) ...
    [mlflow] versioned model 'seanet_inputgate_adaptive__sea_mstcn_sep_inputgate__sea_adaptive_classwise' (id=m-3270b5a05d15452484192bbba43dd638) params={'model_size_mb': '1.487', 'n_model_params': '57577', 'name': 'seanet_inputgate_adaptive'}
    [mlflow] logged run 'seanet_inputgate_adaptive_DistalPhalanxOutlineAgeGroup'  (train_acc=0.8692 val_acc=0.8608 test_acc=0.7194 test_loss=0.6086)
[ 17/129] DistalPhalanxOutlineAgeGroup DONE  acc=0.7194 loss=0.6086 AOPCR=  0.161 NDCG=  n/a C=  3 T=   80 (14s)  [17 trained / 0 failed so far]
[ 18/129] DistalPhalanxOutlineCorrect
    stage 1/3: loading data ...
    stage 2/3: training on 481 series (val=119, C=2, T=80, batch=16) ...
    stage 3/3: scoring on 276 test series (accuracy + AOPCR) ...
    [mlflow] versioned model 'seanet_inputgate_adaptive__sea_mstcn_sep_inputgate__sea_adaptive_classwise' (id=m-510d81c7b31f480eb51132df9af397ed) params={'model_size_mb': '1.4867', 'n_model_params': '57502', 'name': 'seanet_inputgate_adaptive'}
    [mlflow] logged run 'seanet_inputgate_adaptive_DistalPhalanxOutlineCorrect'  (train_acc=0.9792 val_acc=0.8571 test_acc=0.7536 test_loss=0.6241)
[ 18/129] DistalPhalanxOutlineCorrect  DONE  acc=0.7536 loss=0.6241 AOPCR=  0.245 NDCG=  n/a C=  2 T=   80 (55s)  [18 trained / 0 failed so far]
[ 19/129] DistalPhalanxTW
    stage 1/3: loading data ...
    stage 2/3: training on 323 series (val=77, C=6, T=80, batch=16) ...
    stage 3/3: scoring on 139 test series (accuracy + AOPCR) ...
    [mlflow] versioned model 'seanet_inputgate_adaptive__sea_mstcn_sep_inputgate__sea_adaptive_classwise' (id=m-d00fae3459414ab583cf2d3a35f25980) params={'model_size_mb': '1.4878', 'n_model_params': '57802', 'name': 'seanet_inputgate_adaptive'}
    [mlflow] logged run 'seanet_inputgate_adaptive_DistalPhalanxTW'  (train_acc=0.8050 val_acc=0.8052 test_acc=0.6691 test_loss=0.8415)
[ 19/129] DistalPhalanxTW              DONE  acc=0.6691 loss=0.8415 AOPCR=  0.704 NDCG=  n/a C=  6 T=   80 (15s)  [19 trained / 0 failed so far]
[ 20/129] Earthquakes
    stage 1/3: loading data ...
    stage 2/3: training on 259 series (val=63, C=2, T=512, batch=16) ...
    stage 3/3: scoring on 139 test series (accuracy + AOPCR) ...
    [mlflow] versioned model 'seanet_inputgate_adaptive__sea_mstcn_sep_inputgate__sea_adaptive_classwise' (id=m-fbf56dbf6b2d41d8b77acbc47f800843) params={'model_size_mb': '1.4867', 'n_model_params': '57502', 'name': 'seanet_inputgate_adaptive'}
    [mlflow] logged run 'seanet_inputgate_adaptive_Earthquakes'  (train_acc=0.8185 val_acc=0.8254 test_acc=0.7482 test_loss=0.5303)
[ 20/129] Earthquakes                  DONE  acc=0.7482 loss=0.5303 AOPCR= -0.015 NDCG=  n/a C=  2 T=  512 (10s)  [20 trained / 0 failed so far]
[ 21/129] ECG200
    stage 1/3: loading data ...
    stage 2/3: training on 81 series (val=19, C=2, T=96, batch=8) ...
    stage 3/3: scoring on 100 test series (accuracy + AOPCR) ...
    [mlflow] versioned model 'seanet_inputgate_adaptive__sea_mstcn_sep_inputgate__sea_adaptive_classwise' (id=m-a73d968ac7594621add333ea309b9c98) params={'model_size_mb': '1.4867', 'n_model_params': '57502', 'name': 'seanet_inputgate_adaptive'}
    [mlflow] logged run 'seanet_inputgate_adaptive_ECG200'  (train_acc=1.0000 val_acc=0.8421 test_acc=0.9400 test_loss=0.2462)
[ 21/129] ECG200                       DONE  acc=0.9400 loss=0.2462 AOPCR=  0.324 NDCG=  n/a C=  2 T=   96 (12s)  [21 trained / 0 failed so far]
[ 22/129] ECG5000
    stage 1/3: loading data ...
    stage 2/3: training on 401 series (val=99, C=5, T=140, batch=16) ...
    stage 3/3: scoring on 4500 test series (accuracy + AOPCR) ...
    [mlflow] versioned model 'seanet_inputgate_adaptive__sea_mstcn_sep_inputgate__sea_adaptive_classwise' (id=m-8f34289adf2446b987c8d5e9a7e9e71c) params={'model_size_mb': '1.4875', 'n_model_params': '57727', 'name': 'seanet_inputgate_adaptive'}
    [mlflow] logged run 'seanet_inputgate_adaptive_ECG5000'  (train_acc=0.9850 val_acc=0.9394 test_acc=0.9336 test_loss=0.2898)
[ 22/129] ECG5000                      DONE  acc=0.9336 loss=0.2898 AOPCR=  0.444 NDCG=  n/a C=  5 T=  140 (22s)  [22 trained / 0 failed so far]
[ 23/129] ECGFiveDays
    stage 1/3: loading data ...
    stage 2/3: training on 23 series (no val (train-loss early stop), C=2, T=136, batch=2) ...
    stage 3/3: scoring on 861 test series (accuracy + AOPCR) ...
    [mlflow] versioned model 'seanet_inputgate_adaptive__sea_mstcn_sep_inputgate__sea_adaptive_classwise' (id=m-f05b247afad340859da544800b16d69d) params={'model_size_mb': '1.4867', 'n_model_params': '57502', 'name': 'seanet_inputgate_adaptive'}
    [mlflow] logged run 'seanet_inputgate_adaptive_ECGFiveDays'  (train_acc=1.0000 test_acc=1.0000 test_loss=0.0588)
[ 23/129] ECGFiveDays                  DONE  acc=1.0000 loss=0.0588 AOPCR= -0.216 NDCG=  n/a C=  2 T=  136 (15s)  [23 trained / 0 failed so far]
[ 24/129] ElectricDevices
    stage 1/3: loading data ...
    stage 2/3: training on 7144 series (val=1782, C=7, T=96, batch=16) ...
    stage 3/3: scoring on 7711 test series (accuracy + AOPCR) ...
    [mlflow] versioned model 'seanet_inputgate_adaptive__sea_mstcn_sep_inputgate__sea_adaptive_classwise' (id=m-48140442fd444ed5a22d501aea720ea2) params={'model_size_mb': '1.4881', 'n_model_params': '57877', 'name': 'seanet_inputgate_adaptive'}
    [mlflow] logged run 'seanet_inputgate_adaptive_ElectricDevices'  (train_acc=0.9323 val_acc=0.9085 test_acc=0.7127 test_loss=1.0136)
[ 24/129] ElectricDevices              DONE  acc=0.7127 loss=1.0136 AOPCR=  0.307 NDCG=  n/a C=  7 T=   96 (495s)  [24 trained / 0 failed so far]
[ 25/129] FaceAll
    stage 1/3: loading data ...
    stage 2/3: training on 448 series (val=112, C=14, T=131, batch=16) ...
    stage 3/3: scoring on 1690 test series (accuracy + AOPCR) ...
    [mlflow] versioned model 'seanet_inputgate_adaptive__sea_mstcn_sep_inputgate__sea_adaptive_classwise' (id=m-742eab6c8e89414a98286d252e9a0d24) params={'model_size_mb': '1.49', 'n_model_params': '58402', 'name': 'seanet_inputgate_adaptive'}
    [mlflow] logged run 'seanet_inputgate_adaptive_FaceAll'  (train_acc=1.0000 val_acc=0.9732 test_acc=0.8006 test_loss=0.7769)
[ 25/129] FaceAll                      DONE  acc=0.8006 loss=0.7769 AOPCR=  0.660 NDCG=  n/a C= 14 T=  131 (51s)  [25 trained / 0 failed so far]
[ 26/129] FaceFour
    stage 1/3: loading data ...
    stage 2/3: training on 24 series (no val (train-loss early stop), C=4, T=350, batch=2) ...
    stage 3/3: scoring on 88 test series (accuracy + AOPCR) ...
    [mlflow] versioned model 'seanet_inputgate_adaptive__sea_mstcn_sep_inputgate__sea_adaptive_classwise' (id=m-93372ce7e7804c04904b4ae33940cf1c) params={'model_size_mb': '1.4873', 'n_model_params': '57652', 'name': 'seanet_inputgate_adaptive'}
    [mlflow] logged run 'seanet_inputgate_adaptive_FaceFour'  (train_acc=1.0000 test_acc=0.9545 test_loss=0.2595)
[ 26/129] FaceFour                     DONE  acc=0.9545 loss=0.2595 AOPCR=  1.069 NDCG=  n/a C=  4 T=  350 (42s)  [26 trained / 0 failed so far]
[ 27/129] FacesUCR
    stage 1/3: loading data ...
    stage 2/3: training on 165 series (val=35, C=14, T=131, batch=16) ...
    stage 3/3: scoring on 2050 test series (accuracy + AOPCR) ...
    [mlflow] versioned model 'seanet_inputgate_adaptive__sea_mstcn_sep_inputgate__sea_adaptive_classwise' (id=m-95e70ab03f874f8bae5dfe2de25ccb2d) params={'model_size_mb': '1.49', 'n_model_params': '58402', 'name': 'seanet_inputgate_adaptive'}
    [mlflow] logged run 'seanet_inputgate_adaptive_FacesUCR'  (train_acc=1.0000 val_acc=1.0000 test_acc=0.9629 test_loss=0.2307)
[ 27/129] FacesUCR                     DONE  acc=0.9629 loss=0.2307 AOPCR=  0.796 NDCG=  n/a C= 14 T=  131 (41s)  [27 trained / 0 failed so far]
[ 28/129] FiftyWords
    stage 1/3: loading data ...
    stage 2/3: training on 365 series (val=85, C=50, T=270, batch=16) ...
    stage 3/3: scoring on 455 test series (accuracy + AOPCR) ...
    [mlflow] versioned model 'seanet_inputgate_adaptive__sea_mstcn_sep_inputgate__sea_adaptive_classwise' (id=m-7faf3a99c5d84307b6d4e798d0b10b9a) params={'model_size_mb': '1.5005', 'n_model_params': '61102', 'name': 'seanet_inputgate_adaptive'}
    [mlflow] logged run 'seanet_inputgate_adaptive_FiftyWords'  (train_acc=0.9973 val_acc=0.8353 test_acc=0.7780 test_loss=1.0552)
[ 28/129] FiftyWords                   DONE  acc=0.7780 loss=1.0552 AOPCR=  1.560 NDCG=  n/a C= 50 T=  270 (22s)  [28 trained / 0 failed so far]
[ 29/129] Fish
    stage 1/3: loading data ...
    stage 2/3: training on 142 series (val=33, C=7, T=463, batch=14) ...
    stage 3/3: scoring on 175 test series (accuracy + AOPCR) ...
    [mlflow] versioned model 'seanet_inputgate_adaptive__sea_mstcn_sep_inputgate__sea_adaptive_classwise' (id=m-c3a6bafd117346adb65eeaed607ba52b) params={'model_size_mb': '1.4881', 'n_model_params': '57877', 'name': 'seanet_inputgate_adaptive'}
    [mlflow] logged run 'seanet_inputgate_adaptive_Fish'  (train_acc=1.0000 val_acc=0.9091 test_acc=0.9543 test_loss=0.2377)
[ 29/129] Fish                         DONE  acc=0.9543 loss=0.2377 AOPCR=  1.216 NDCG=  n/a C=  7 T=  463 (36s)  [29 trained / 0 failed so far]
[ 30/129] FordA
    stage 1/3: loading data ...
    stage 2/3: training on 2881 series (val=720, C=2, T=500, batch=16) ...
    stage 3/3: scoring on 1320 test series (accuracy + AOPCR) ...
    [mlflow] versioned model 'seanet_inputgate_adaptive__sea_mstcn_sep_inputgate__sea_adaptive_classwise' (id=m-560471b575764eeab101219db7a182b5) params={'model_size_mb': '1.4867', 'n_model_params': '57502', 'name': 'seanet_inputgate_adaptive'}
    [mlflow] logged run 'seanet_inputgate_adaptive_FordA'  (train_acc=1.0000 val_acc=0.9653 test_acc=0.9629 test_loss=0.1371)
[ 30/129] FordA                        DONE  acc=0.9629 loss=0.1371 AOPCR= -0.156 NDCG=  n/a C=  2 T=  500 (205s)  [30 trained / 0 failed so far]
[ 31/129] FordB
    stage 1/3: loading data ...
    stage 2/3: training on 2909 series (val=727, C=2, T=500, batch=16) ...
    stage 3/3: scoring on 810 test series (accuracy + AOPCR) ...
    [mlflow] versioned model 'seanet_inputgate_adaptive__sea_mstcn_sep_inputgate__sea_adaptive_classwise' (id=m-5371415b4709459f88f1ce5cae14093e) params={'model_size_mb': '1.4867', 'n_model_params': '57502', 'name': 'seanet_inputgate_adaptive'}
    [mlflow] logged run 'seanet_inputgate_adaptive_FordB'  (train_acc=0.9873 val_acc=0.9601 test_acc=0.8494 test_loss=0.3670)
[ 31/129] FordB                        DONE  acc=0.8494 loss=0.3670 AOPCR=  0.363 NDCG=  n/a C=  2 T=  500 (130s)  [31 trained / 0 failed so far]
[ 32/129] GunPoint
    stage 1/3: loading data ...
    stage 2/3: training on 50 series (no val (train-loss early stop), C=2, T=150, batch=5) ...
    stage 3/3: scoring on 150 test series (accuracy + AOPCR) ...
    [mlflow] versioned model 'seanet_inputgate_adaptive__sea_mstcn_sep_inputgate__sea_adaptive_classwise' (id=m-65db6068a28641198261a07fdda9b15a) params={'model_size_mb': '1.4867', 'n_model_params': '57502', 'name': 'seanet_inputgate_adaptive'}
    [mlflow] logged run 'seanet_inputgate_adaptive_GunPoint'  (train_acc=1.0000 test_acc=0.9933 test_loss=0.0810)
[ 32/129] GunPoint                     DONE  acc=0.9933 loss=0.0810 AOPCR=  0.810 NDCG=  n/a C=  2 T=  150 (11s)  [32 trained / 0 failed so far]
[ 33/129] Ham
    stage 1/3: loading data ...
    stage 2/3: training on 88 series (val=21, C=2, T=431, batch=8) ...
    stage 3/3: scoring on 105 test series (accuracy + AOPCR) ...
    [mlflow] versioned model 'seanet_inputgate_adaptive__sea_mstcn_sep_inputgate__sea_adaptive_classwise' (id=m-a47c1c4a89554b3598180182f88eb2d9) params={'model_size_mb': '1.4867', 'n_model_params': '57502', 'name': 'seanet_inputgate_adaptive'}
    [mlflow] logged run 'seanet_inputgate_adaptive_Ham'  (train_acc=1.0000 val_acc=0.9048 test_acc=0.7048 test_loss=0.6636)
[ 33/129] Ham                          DONE  acc=0.7048 loss=0.6636 AOPCR=  1.190 NDCG=  n/a C=  2 T=  431 (21s)  [33 trained / 0 failed so far]
[ 34/129] HandOutlines
    stage 1/3: loading data ...
    stage 2/3: training on 801 series (val=199, C=2, T=2709, batch=16) ...
    stage 3/3: scoring on 370 test series (accuracy + AOPCR) ...
    [mlflow] versioned model 'seanet_inputgate_adaptive__sea_mstcn_sep_inputgate__sea_adaptive_classwise' (id=m-16e8344c7c79411f82886f199cb6dc2b) params={'model_size_mb': '1.4867', 'n_model_params': '57502', 'name': 'seanet_inputgate_adaptive'}
    [mlflow] logged run 'seanet_inputgate_adaptive_HandOutlines'  (train_acc=0.9788 val_acc=0.9497 test_acc=0.9459 test_loss=0.2193)
[ 34/129] HandOutlines                 DONE  acc=0.9459 loss=0.2193 AOPCR=  1.506 NDCG=  n/a C=  2 T= 2709 (247s)  [34 trained / 0 failed so far]
[ 35/129] Haptics
    stage 1/3: loading data ...
    stage 2/3: training on 127 series (val=28, C=5, T=1092, batch=12) ...
    stage 3/3: scoring on 308 test series (accuracy + AOPCR) ...
    [mlflow] versioned model 'seanet_inputgate_adaptive__sea_mstcn_sep_inputgate__sea_adaptive_classwise' (id=m-dbb63e600f324eb8bcb765d4699fb9a5) params={'model_size_mb': '1.4875', 'n_model_params': '57727', 'name': 'seanet_inputgate_adaptive'}
    [mlflow] logged run 'seanet_inputgate_adaptive_Haptics'  (train_acc=0.5276 val_acc=0.4286 test_acc=0.3539 test_loss=1.4777)
[ 35/129] Haptics                      DONE  acc=0.3539 loss=1.4777 AOPCR=  1.191 NDCG=  n/a C=  5 T= 1092 (8s)  [35 trained / 0 failed so far]
[ 36/129] Herring
    stage 1/3: loading data ...
    stage 2/3: training on 64 series (no val (train-loss early stop), C=2, T=512, batch=6) ...
    stage 3/3: scoring on 64 test series (accuracy + AOPCR) ...
    [mlflow] versioned model 'seanet_inputgate_adaptive__sea_mstcn_sep_inputgate__sea_adaptive_classwise' (id=m-46131ddb5b9944bfa7a2bf7605160678) params={'model_size_mb': '1.4867', 'n_model_params': '57502', 'name': 'seanet_inputgate_adaptive'}
    [mlflow] logged run 'seanet_inputgate_adaptive_Herring'  (train_acc=1.0000 test_acc=0.6406 test_loss=0.9910)
[ 36/129] Herring                      DONE  acc=0.6406 loss=0.9910 AOPCR=  1.777 NDCG=  n/a C=  2 T=  512 (38s)  [36 trained / 0 failed so far]
[ 37/129] InlineSkate
    stage 1/3: loading data ...
    stage 2/3: training on 84 series (val=16, C=7, T=1882, batch=8) ...
    stage 3/3: scoring on 550 test series (accuracy + AOPCR) ...
    [mlflow] versioned model 'seanet_inputgate_adaptive__sea_mstcn_sep_inputgate__sea_adaptive_classwise' (id=m-91836efd39b3429284669280934515a6) params={'model_size_mb': '1.4881', 'n_model_params': '57877', 'name': 'seanet_inputgate_adaptive'}
    [mlflow] logged run 'seanet_inputgate_adaptive_InlineSkate'  (train_acc=0.1786 val_acc=0.1875 test_acc=0.1545 test_loss=1.9365)
[ 37/129] InlineSkate                  DONE  acc=0.1545 loss=1.9365 AOPCR=  0.135 NDCG=  n/a C=  7 T= 1882 (6s)  [37 trained / 0 failed so far]
[ 38/129] InsectWingbeatSound
    stage 1/3: loading data ...
    stage 2/3: training on 176 series (val=44, C=11, T=256, batch=16) ...
    stage 3/3: scoring on 1980 test series (accuracy + AOPCR) ...
    [mlflow] versioned model 'seanet_inputgate_adaptive__sea_mstcn_sep_inputgate__sea_adaptive_classwise' (id=m-0b3038102371403782fb0726cfae0334) params={'model_size_mb': '1.4892', 'n_model_params': '58177', 'name': 'seanet_inputgate_adaptive'}
    [mlflow] logged run 'seanet_inputgate_adaptive_InsectWingbeatSound'  (train_acc=0.8125 val_acc=0.5682 test_acc=0.6313 test_loss=0.9993)
[ 38/129] InsectWingbeatSound          DONE  acc=0.6313 loss=0.9993 AOPCR=  0.562 NDCG=  n/a C= 11 T=  256 (8s)  [38 trained / 0 failed so far]
[ 39/129] ItalyPowerDemand
    stage 1/3: loading data ...
    stage 2/3: training on 67 series (no val (train-loss early stop), C=2, T=24, batch=6) ...
    stage 3/3: scoring on 1029 test series (accuracy + AOPCR) ...
    [mlflow] versioned model 'seanet_inputgate_adaptive__sea_mstcn_sep_inputgate__sea_adaptive_classwise' (id=m-3239e6ebed434277a3c1ba6d38a022de) params={'model_size_mb': '1.4867', 'n_model_params': '57502', 'name': 'seanet_inputgate_adaptive'}
    [mlflow] logged run 'seanet_inputgate_adaptive_ItalyPowerDemand'  (train_acc=1.0000 test_acc=0.9660 test_loss=0.1455)
[ 39/129] ItalyPowerDemand             DONE  acc=0.9660 loss=0.1455 AOPCR=  0.237 NDCG=  n/a C=  2 T=   24 (45s)  [39 trained / 0 failed so far]
[ 40/129] LargeKitchenAppliances
    stage 1/3: loading data ...
    stage 2/3: training on 300 series (val=75, C=3, T=720, batch=16) ...
    stage 3/3: scoring on 375 test series (accuracy + AOPCR) ...
    [mlflow] versioned model 'seanet_inputgate_adaptive__sea_mstcn_sep_inputgate__sea_adaptive_classwise' (id=m-febef4b231a2406b9daf3d8482844ace) params={'model_size_mb': '1.487', 'n_model_params': '57577', 'name': 'seanet_inputgate_adaptive'}
    [mlflow] logged run 'seanet_inputgate_adaptive_LargeKitchenAppliances'  (train_acc=0.9967 val_acc=0.9600 test_acc=0.8747 test_loss=0.4225)
[ 40/129] LargeKitchenAppliances       DONE  acc=0.8747 loss=0.4225 AOPCR= -0.110 NDCG=  n/a C=  3 T=  720 (27s)  [40 trained / 0 failed so far]
[ 41/129] Lightning2
    stage 1/3: loading data ...
    stage 2/3: training on 60 series (no val (train-loss early stop), C=2, T=637, batch=6) ...
    stage 3/3: scoring on 61 test series (accuracy + AOPCR) ...
    [mlflow] versioned model 'seanet_inputgate_adaptive__sea_mstcn_sep_inputgate__sea_adaptive_classwise' (id=m-d5f61e2dd76d44e1bfeeacdf94fede8c) params={'model_size_mb': '1.4867', 'n_model_params': '57502', 'name': 'seanet_inputgate_adaptive'}
    [mlflow] logged run 'seanet_inputgate_adaptive_Lightning2'  (train_acc=1.0000 test_acc=0.8525 test_loss=0.3893)
[ 41/129] Lightning2                   DONE  acc=0.8525 loss=0.3893 AOPCR=  1.125 NDCG=  n/a C=  2 T=  637 (29s)  [41 trained / 0 failed so far]
[ 42/129] Lightning7
    stage 1/3: loading data ...
    stage 2/3: training on 70 series (no val (train-loss early stop), C=7, T=319, batch=7) ...
    stage 3/3: scoring on 73 test series (accuracy + AOPCR) ...
    [mlflow] versioned model 'seanet_inputgate_adaptive__sea_mstcn_sep_inputgate__sea_adaptive_classwise' (id=m-acdc0fc94b324f659853e99ab379a590) params={'model_size_mb': '1.4881', 'n_model_params': '57877', 'name': 'seanet_inputgate_adaptive'}
    [mlflow] logged run 'seanet_inputgate_adaptive_Lightning7'  (train_acc=1.0000 test_acc=0.7671 test_loss=0.7030)
[ 42/129] Lightning7                   DONE  acc=0.7671 loss=0.7030 AOPCR=  1.577 NDCG=  n/a C=  7 T=  319 (30s)  [42 trained / 0 failed so far]
[ 43/129] Mallat
    stage 1/3: loading data ...
    stage 2/3: training on 55 series (no val (train-loss early stop), C=8, T=1024, batch=5) ...
    stage 3/3: scoring on 2345 test series (accuracy + AOPCR) ...
    [mlflow] versioned model 'seanet_inputgate_adaptive__sea_mstcn_sep_inputgate__sea_adaptive_classwise' (id=m-e05de85ee1094f6da8e4f90114dde265) params={'model_size_mb': '1.4884', 'n_model_params': '57952', 'name': 'seanet_inputgate_adaptive'}
    [mlflow] logged run 'seanet_inputgate_adaptive_Mallat'  (train_acc=1.0000 test_acc=0.7983 test_loss=0.7982)
[ 43/129] Mallat                       DONE  acc=0.7983 loss=0.7982 AOPCR=  1.795 NDCG=  n/a C=  8 T= 1024 (27s)  [43 trained / 0 failed so far]
[ 44/129] Meat
    stage 1/3: loading data ...
    stage 2/3: training on 60 series (no val (train-loss early stop), C=3, T=448, batch=6) ...
    stage 3/3: scoring on 60 test series (accuracy + AOPCR) ...
    [mlflow] versioned model 'seanet_inputgate_adaptive__sea_mstcn_sep_inputgate__sea_adaptive_classwise' (id=m-d4f0c55433014e468b8101e332786b75) params={'model_size_mb': '1.487', 'n_model_params': '57577', 'name': 'seanet_inputgate_adaptive'}
    [mlflow] logged run 'seanet_inputgate_adaptive_Meat'  (train_acc=1.0000 test_acc=0.8833 test_loss=0.3371)
[ 44/129] Meat                         DONE  acc=0.8833 loss=0.3371 AOPCR=  1.997 NDCG=  n/a C=  3 T=  448 (18s)  [44 trained / 0 failed so far]
[ 45/129] MedicalImages
    stage 1/3: loading data ...
    stage 2/3: training on 307 series (val=74, C=10, T=99, batch=16) ...
    stage 3/3: scoring on 760 test series (accuracy + AOPCR) ...
    [mlflow] versioned model 'seanet_inputgate_adaptive__sea_mstcn_sep_inputgate__sea_adaptive_classwise' (id=m-76a40d8c59ca456c8bb86d64bbe1d2cb) params={'model_size_mb': '1.4889', 'n_model_params': '58102', 'name': 'seanet_inputgate_adaptive'}
    [mlflow] logged run 'seanet_inputgate_adaptive_MedicalImages'  (train_acc=0.9283 val_acc=0.7973 test_acc=0.7395 test_loss=0.7329)
[ 45/129] MedicalImages                DONE  acc=0.7395 loss=0.7329 AOPCR=  0.622 NDCG=  n/a C= 10 T=   99 (21s)  [45 trained / 0 failed so far]
[ 46/129] MiddlePhalanxOutlineAgeGroup
    stage 1/3: loading data ...
    stage 2/3: training on 321 series (val=79, C=3, T=80, batch=16) ...
    stage 3/3: scoring on 154 test series (accuracy + AOPCR) ...
    [mlflow] versioned model 'seanet_inputgate_adaptive__sea_mstcn_sep_inputgate__sea_adaptive_classwise' (id=m-38521009fc9946ca9be85c5a35b5ef03) params={'model_size_mb': '1.487', 'n_model_params': '57577', 'name': 'seanet_inputgate_adaptive'}
    [mlflow] logged run 'seanet_inputgate_adaptive_MiddlePhalanxOutlineAgeGroup'  (train_acc=0.8255 val_acc=0.8228 test_acc=0.4156 test_loss=1.2149)
[ 46/129] MiddlePhalanxOutlineAgeGroup DONE  acc=0.4156 loss=1.2149 AOPCR=  0.823 NDCG=  n/a C=  3 T=   80 (42s)  [46 trained / 0 failed so far]
[ 47/129] MiddlePhalanxOutlineCorrect
    stage 1/3: loading data ...
    stage 2/3: training on 481 series (val=119, C=2, T=80, batch=16) ...
    stage 3/3: scoring on 291 test series (accuracy + AOPCR) ...
    [mlflow] versioned model 'seanet_inputgate_adaptive__sea_mstcn_sep_inputgate__sea_adaptive_classwise' (id=m-94c27a1ba1804b27b641c78c80364fb1) params={'model_size_mb': '1.4867', 'n_model_params': '57502', 'name': 'seanet_inputgate_adaptive'}
    [mlflow] logged run 'seanet_inputgate_adaptive_MiddlePhalanxOutlineCorrect'  (train_acc=0.8981 val_acc=0.8151 test_acc=0.8282 test_loss=0.4140)
[ 47/129] MiddlePhalanxOutlineCorrect  DONE  acc=0.8282 loss=0.4140 AOPCR= -0.088 NDCG=  n/a C=  2 T=   80 (29s)  [47 trained / 0 failed so far]
[ 48/129] MiddlePhalanxTW
    stage 1/3: loading data ...
    stage 2/3: training on 321 series (val=78, C=6, T=80, batch=16) ...
    stage 3/3: scoring on 154 test series (accuracy + AOPCR) ...
    [mlflow] versioned model 'seanet_inputgate_adaptive__sea_mstcn_sep_inputgate__sea_adaptive_classwise' (id=m-545adb0e78504c2a821e343b4af94324) params={'model_size_mb': '1.4878', 'n_model_params': '57802', 'name': 'seanet_inputgate_adaptive'}
    [mlflow] logged run 'seanet_inputgate_adaptive_MiddlePhalanxTW'  (train_acc=0.6760 val_acc=0.6667 test_acc=0.5844 test_loss=1.0829)
[ 48/129] MiddlePhalanxTW              DONE  acc=0.5844 loss=1.0829 AOPCR=  0.281 NDCG=  n/a C=  6 T=   80 (32s)  [48 trained / 0 failed so far]
[ 49/129] MoteStrain
    stage 1/3: loading data ...
    stage 2/3: training on 20 series (no val (train-loss early stop), C=2, T=84, batch=2) ...
    stage 3/3: scoring on 1252 test series (accuracy + AOPCR) ...
    [mlflow] versioned model 'seanet_inputgate_adaptive__sea_mstcn_sep_inputgate__sea_adaptive_classwise' (id=m-9b65bacd1cc34640aefeb12a5115cfe2) params={'model_size_mb': '1.4867', 'n_model_params': '57502', 'name': 'seanet_inputgate_adaptive'}
    [mlflow] logged run 'seanet_inputgate_adaptive_MoteStrain'  (train_acc=1.0000 test_acc=0.8842 test_loss=0.2985)
[ 49/129] MoteStrain                   DONE  acc=0.8842 loss=0.2985 AOPCR=  0.315 NDCG=  n/a C=  2 T=   84 (9s)  [49 trained / 0 failed so far]
[ 50/129] NonInvasiveFetalECGThorax1
    stage 1/3: loading data ...
    stage 2/3: training on 1452 series (val=348, C=42, T=750, batch=16) ...
    stage 3/3: scoring on 1965 test series (accuracy + AOPCR) ...
    [mlflow] versioned model 'seanet_inputgate_adaptive__sea_mstcn_sep_inputgate__sea_adaptive_classwise' (id=m-dbf1d959bf5343a3883f4bc0ffe42bd7) params={'model_size_mb': '1.4981', 'n_model_params': '60502', 'name': 'seanet_inputgate_adaptive'}
    [mlflow] logged run 'seanet_inputgate_adaptive_NonInvasiveFetalECGThorax1'  (train_acc=0.8313 val_acc=0.6954 test_acc=0.7323 test_loss=0.8967)
[ 50/129] NonInvasiveFetalECGThorax1   DONE  acc=0.7323 loss=0.8967 AOPCR=  1.291 NDCG=  n/a C= 42 T=  750 (137s)  [50 trained / 0 failed so far]
[ 51/129] NonInvasiveFetalECGThorax2
    stage 1/3: loading data ...
    stage 2/3: training on 1452 series (val=348, C=42, T=750, batch=16) ...
    stage 3/3: scoring on 1965 test series (accuracy + AOPCR) ...
    [mlflow] versioned model 'seanet_inputgate_adaptive__sea_mstcn_sep_inputgate__sea_adaptive_classwise' (id=m-31d6e3630dc2499b87baafd0ba6b56bf) params={'model_size_mb': '1.4981', 'n_model_params': '60502', 'name': 'seanet_inputgate_adaptive'}
    [mlflow] logged run 'seanet_inputgate_adaptive_NonInvasiveFetalECGThorax2'  (train_acc=0.9332 val_acc=0.8103 test_acc=0.8198 test_loss=0.7380)
[ 51/129] NonInvasiveFetalECGThorax2   DONE  acc=0.8198 loss=0.7380 AOPCR=  1.657 NDCG=  n/a C= 42 T=  750 (171s)  [51 trained / 0 failed so far]
[ 52/129] OliveOil
    stage 1/3: loading data ...
    stage 2/3: training on 30 series (no val (train-loss early stop), C=4, T=570, batch=3) ...
    stage 3/3: scoring on 30 test series (accuracy + AOPCR) ...
    [mlflow] versioned model 'seanet_inputgate_adaptive__sea_mstcn_sep_inputgate__sea_adaptive_classwise' (id=m-378e9cdfcc4c495394aa81fd6ba26993) params={'model_size_mb': '1.4873', 'n_model_params': '57652', 'name': 'seanet_inputgate_adaptive'}
    [mlflow] logged run 'seanet_inputgate_adaptive_OliveOil'  (train_acc=0.7667 test_acc=0.7667 test_loss=0.9141)
[ 52/129] OliveOil                     DONE  acc=0.7667 loss=0.9141 AOPCR=  1.383 NDCG=  n/a C=  4 T=  570 (35s)  [52 trained / 0 failed so far]
[ 53/129] OSULeaf
    stage 1/3: loading data ...
    stage 2/3: training on 163 series (val=37, C=6, T=427, batch=16) ...
    stage 3/3: scoring on 242 test series (accuracy + AOPCR) ...
    [mlflow] versioned model 'seanet_inputgate_adaptive__sea_mstcn_sep_inputgate__sea_adaptive_classwise' (id=m-902509707b3f4a32be72be9a9cf42cb3) params={'model_size_mb': '1.4878', 'n_model_params': '57802', 'name': 'seanet_inputgate_adaptive'}
    [mlflow] logged run 'seanet_inputgate_adaptive_OSULeaf'  (train_acc=1.0000 val_acc=0.9730 test_acc=0.8678 test_loss=0.4979)
[ 53/129] OSULeaf                      DONE  acc=0.8678 loss=0.4979 AOPCR=  1.147 NDCG=  n/a C=  6 T=  427 (19s)  [53 trained / 0 failed so far]
[ 54/129] PhalangesOutlinesCorrect
    stage 1/3: loading data ...
    stage 2/3: training on 1441 series (val=359, C=2, T=80, batch=16) ...
    stage 3/3: scoring on 858 test series (accuracy + AOPCR) ...
    [mlflow] versioned model 'seanet_inputgate_adaptive__sea_mstcn_sep_inputgate__sea_adaptive_classwise' (id=m-d25c018d0e8745a18d921365b64e06bd) params={'model_size_mb': '1.4867', 'n_model_params': '57502', 'name': 'seanet_inputgate_adaptive'}
    [mlflow] logged run 'seanet_inputgate_adaptive_PhalangesOutlinesCorrect'  (train_acc=0.9320 val_acc=0.8579 test_acc=0.8159 test_loss=0.4070)
[ 54/129] PhalangesOutlinesCorrect     DONE  acc=0.8159 loss=0.4070 AOPCR=  0.358 NDCG=  n/a C=  2 T=   80 (105s)  [54 trained / 0 failed so far]
[ 55/129] Phoneme
    stage 1/3: loading data ...
    stage 2/3: training on 171 series (val=43, C=39, T=1024, batch=16) ...
    stage 3/3: scoring on 1896 test series (accuracy + AOPCR) ...
    [mlflow] versioned model 'seanet_inputgate_adaptive__sea_mstcn_sep_inputgate__sea_adaptive_classwise' (id=m-0decda52b42d4ed79698382e9c59aa6c) params={'model_size_mb': '1.4972', 'n_model_params': '60277', 'name': 'seanet_inputgate_adaptive'}
    [mlflow] logged run 'seanet_inputgate_adaptive_Phoneme'  (train_acc=0.4912 val_acc=0.2791 test_acc=0.2426 test_loss=2.8225)
[ 55/129] Phoneme                      DONE  acc=0.2426 loss=2.8225 AOPCR=  0.974 NDCG=  n/a C= 39 T= 1024 (8s)  [55 trained / 0 failed so far]
[ 56/129] Plane
    stage 1/3: loading data ...
    stage 2/3: training on 87 series (val=18, C=7, T=144, batch=8) ...
    stage 3/3: scoring on 105 test series (accuracy + AOPCR) ...
    [mlflow] versioned model 'seanet_inputgate_adaptive__sea_mstcn_sep_inputgate__sea_adaptive_classwise' (id=m-f34d75ee34f948088c47f82ea3461a28) params={'model_size_mb': '1.4881', 'n_model_params': '57877', 'name': 'seanet_inputgate_adaptive'}
    [mlflow] logged run 'seanet_inputgate_adaptive_Plane'  (train_acc=1.0000 val_acc=1.0000 test_acc=1.0000 test_loss=0.0979)
[ 56/129] Plane                        DONE  acc=1.0000 loss=0.0979 AOPCR=  1.151 NDCG=  n/a C=  7 T=  144 (38s)  [56 trained / 0 failed so far]
[ 57/129] ProximalPhalanxOutlineAgeGroup
    stage 1/3: loading data ...
    stage 2/3: training on 322 series (val=78, C=3, T=80, batch=16) ...
    stage 3/3: scoring on 205 test series (accuracy + AOPCR) ...
    [mlflow] versioned model 'seanet_inputgate_adaptive__sea_mstcn_sep_inputgate__sea_adaptive_classwise' (id=m-51f4482d9a744952985ff777411916b1) params={'model_size_mb': '1.487', 'n_model_params': '57577', 'name': 'seanet_inputgate_adaptive'}
    [mlflow] logged run 'seanet_inputgate_adaptive_ProximalPhalanxOutlineAgeGroup'  (train_acc=0.8944 val_acc=0.8333 test_acc=0.8390 test_loss=0.4193)
[ 57/129] ProximalPhalanxOutlineAgeGroup DONE  acc=0.8390 loss=0.4193 AOPCR=  0.240 NDCG=  n/a C=  3 T=   80 (35s)  [57 trained / 0 failed so far]
[ 58/129] ProximalPhalanxOutlineCorrect
    stage 1/3: loading data ...
    stage 2/3: training on 481 series (val=119, C=2, T=80, batch=16) ...
    stage 3/3: scoring on 291 test series (accuracy + AOPCR) ...
    [mlflow] versioned model 'seanet_inputgate_adaptive__sea_mstcn_sep_inputgate__sea_adaptive_classwise' (id=m-83cc46df51d4471cb2fcc350587f4ac9) params={'model_size_mb': '1.4867', 'n_model_params': '57502', 'name': 'seanet_inputgate_adaptive'}
    [mlflow] logged run 'seanet_inputgate_adaptive_ProximalPhalanxOutlineCorrect'  (train_acc=0.9813 val_acc=0.9076 test_acc=0.9141 test_loss=0.2390)
[ 58/129] ProximalPhalanxOutlineCorrect DONE  acc=0.9141 loss=0.2390 AOPCR=  0.122 NDCG=  n/a C=  2 T=   80 (71s)  [58 trained / 0 failed so far]
[ 59/129] ProximalPhalanxTW
    stage 1/3: loading data ...
    stage 2/3: training on 322 series (val=78, C=6, T=80, batch=16) ...
    stage 3/3: scoring on 205 test series (accuracy + AOPCR) ...
    [mlflow] versioned model 'seanet_inputgate_adaptive__sea_mstcn_sep_inputgate__sea_adaptive_classwise' (id=m-fa8bb6ee044c4ebfac4c5e295a17423b) params={'model_size_mb': '1.4878', 'n_model_params': '57802', 'name': 'seanet_inputgate_adaptive'}
    [mlflow] logged run 'seanet_inputgate_adaptive_ProximalPhalanxTW'  (train_acc=0.8447 val_acc=0.8590 test_acc=0.8000 test_loss=0.6051)
[ 59/129] ProximalPhalanxTW            DONE  acc=0.8000 loss=0.6051 AOPCR= -2.471 NDCG=  n/a C=  6 T=   80 (20s)  [59 trained / 0 failed so far]
[ 60/129] RefrigerationDevices
    stage 1/3: loading data ...
    stage 2/3: training on 300 series (val=75, C=3, T=720, batch=16) ...
    stage 3/3: scoring on 375 test series (accuracy + AOPCR) ...
    [mlflow] versioned model 'seanet_inputgate_adaptive__sea_mstcn_sep_inputgate__sea_adaptive_classwise' (id=m-9e9a1f8dba4440959a7483032cdd75ed) params={'model_size_mb': '1.487', 'n_model_params': '57577', 'name': 'seanet_inputgate_adaptive'}
    [mlflow] logged run 'seanet_inputgate_adaptive_RefrigerationDevices'  (train_acc=0.8933 val_acc=0.8000 test_acc=0.4800 test_loss=1.2816)
[ 60/129] RefrigerationDevices         DONE  acc=0.4800 loss=1.2816 AOPCR=  0.563 NDCG=  n/a C=  3 T=  720 (15s)  [60 trained / 0 failed so far]
[ 61/129] ScreenType
    stage 1/3: loading data ...
    stage 2/3: training on 300 series (val=75, C=3, T=720, batch=16) ...
    stage 3/3: scoring on 375 test series (accuracy + AOPCR) ...
    [mlflow] versioned model 'seanet_inputgate_adaptive__sea_mstcn_sep_inputgate__sea_adaptive_classwise' (id=m-94429073d428427ba19e7840de0cec06) params={'model_size_mb': '1.487', 'n_model_params': '57577', 'name': 'seanet_inputgate_adaptive'}
    [mlflow] logged run 'seanet_inputgate_adaptive_ScreenType'  (train_acc=1.0000 val_acc=0.7333 test_acc=0.4720 test_loss=1.4430)
[ 61/129] ScreenType                   DONE  acc=0.4720 loss=1.4430 AOPCR=  0.912 NDCG=  n/a C=  3 T=  720 (34s)  [61 trained / 0 failed so far]
[ 62/129] ShapeletSim
    stage 1/3: loading data ...
    stage 2/3: training on 20 series (no val (train-loss early stop), C=2, T=500, batch=2) ...
    stage 3/3: scoring on 180 test series (accuracy + AOPCR) ...
    [mlflow] versioned model 'seanet_inputgate_adaptive__sea_mstcn_sep_inputgate__sea_adaptive_classwise' (id=m-13188a074e0e4474bebae6ec397acf85) params={'model_size_mb': '1.4867', 'n_model_params': '57502', 'name': 'seanet_inputgate_adaptive'}
    [mlflow] logged run 'seanet_inputgate_adaptive_ShapeletSim'  (train_acc=1.0000 test_acc=1.0000 test_loss=0.0841)
[ 62/129] ShapeletSim                  DONE  acc=1.0000 loss=0.0841 AOPCR=  1.850 NDCG=  n/a C=  2 T=  500 (8s)  [62 trained / 0 failed so far]
[ 63/129] ShapesAll
    stage 1/3: loading data ...
    stage 2/3: training on 480 series (val=120, C=60, T=512, batch=16) ...
    stage 3/3: scoring on 600 test series (accuracy + AOPCR) ...
    [mlflow] versioned model 'seanet_inputgate_adaptive__sea_mstcn_sep_inputgate__sea_adaptive_classwise' (id=m-5502e49cd6d0481684e848e17df65357) params={'model_size_mb': '1.5032', 'n_model_params': '61852', 'name': 'seanet_inputgate_adaptive'}
    [mlflow] logged run 'seanet_inputgate_adaptive_ShapesAll'  (train_acc=0.9979 val_acc=0.8667 test_acc=0.8600 test_loss=0.8083)
[ 63/129] ShapesAll                    DONE  acc=0.8600 loss=0.8083 AOPCR=  2.170 NDCG=  n/a C= 60 T=  512 (67s)  [63 trained / 0 failed so far]
[ 64/129] SmallKitchenAppliances
    stage 1/3: loading data ...
    stage 2/3: training on 300 series (val=75, C=3, T=720, batch=16) ...
    stage 3/3: scoring on 375 test series (accuracy + AOPCR) ...
    [mlflow] versioned model 'seanet_inputgate_adaptive__sea_mstcn_sep_inputgate__sea_adaptive_classwise' (id=m-f299b6e13d3b4ba9b5d1ed1c0a578546) params={'model_size_mb': '1.487', 'n_model_params': '57577', 'name': 'seanet_inputgate_adaptive'}
    [mlflow] logged run 'seanet_inputgate_adaptive_SmallKitchenAppliances'  (train_acc=0.9733 val_acc=0.8400 test_acc=0.8000 test_loss=0.5428)
[ 64/129] SmallKitchenAppliances       DONE  acc=0.8000 loss=0.5428 AOPCR=  0.353 NDCG=  n/a C=  3 T=  720 (37s)  [64 trained / 0 failed so far]
[ 65/129] SonyAIBORobotSurface1
    stage 1/3: loading data ...
    stage 2/3: training on 20 series (no val (train-loss early stop), C=2, T=70, batch=2) ...
    stage 3/3: scoring on 601 test series (accuracy + AOPCR) ...
    [mlflow] versioned model 'seanet_inputgate_adaptive__sea_mstcn_sep_inputgate__sea_adaptive_classwise' (id=m-b02cc31c6ccf40aabe36905662b001fa) params={'model_size_mb': '1.4867', 'n_model_params': '57502', 'name': 'seanet_inputgate_adaptive'}
    [mlflow] logged run 'seanet_inputgate_adaptive_SonyAIBORobotSurface1'  (train_acc=1.0000 test_acc=0.9285 test_loss=0.2167)
[ 65/129] SonyAIBORobotSurface1        DONE  acc=0.9285 loss=0.2167 AOPCR=  0.580 NDCG=  n/a C=  2 T=   70 (18s)  [65 trained / 0 failed so far]
[ 66/129] SonyAIBORobotSurface2
    stage 1/3: loading data ...
    stage 2/3: training on 27 series (no val (train-loss early stop), C=2, T=65, batch=2) ...
    stage 3/3: scoring on 953 test series (accuracy + AOPCR) ...
    [mlflow] versioned model 'seanet_inputgate_adaptive__sea_mstcn_sep_inputgate__sea_adaptive_classwise' (id=m-a6825b1ebf414c0dbfdbc30339fb5854) params={'model_size_mb': '1.4867', 'n_model_params': '57502', 'name': 'seanet_inputgate_adaptive'}
    [mlflow] logged run 'seanet_inputgate_adaptive_SonyAIBORobotSurface2'  (train_acc=1.0000 test_acc=0.9171 test_loss=0.2177)
[ 66/129] SonyAIBORobotSurface2        DONE  acc=0.9171 loss=0.2177 AOPCR=  0.875 NDCG=  n/a C=  2 T=   65 (19s)  [66 trained / 0 failed so far]
[ 67/129] StarLightCurves
    stage 1/3: loading data ...
    stage 2/3: training on 801 series (val=199, C=3, T=1024, batch=16) ...
    stage 3/3: scoring on 8236 test series (accuracy + AOPCR) ...
    [mlflow] versioned model 'seanet_inputgate_adaptive__sea_mstcn_sep_inputgate__sea_adaptive_classwise' (id=m-174456421b2a47eabef62389fb9b8f30) params={'model_size_mb': '1.487', 'n_model_params': '57577', 'name': 'seanet_inputgate_adaptive'}
    [mlflow] logged run 'seanet_inputgate_adaptive_StarLightCurves'  (train_acc=0.9825 val_acc=0.9648 test_acc=0.9716 test_loss=0.1700)
[ 67/129] StarLightCurves              DONE  acc=0.9716 loss=0.1700 AOPCR=  1.542 NDCG=  n/a C=  3 T= 1024 (40s)  [67 trained / 0 failed so far]
[ 68/129] Strawberry
    stage 1/3: loading data ...
    stage 2/3: training on 492 series (val=121, C=2, T=235, batch=16) ...
    stage 3/3: scoring on 370 test series (accuracy + AOPCR) ...
    [mlflow] versioned model 'seanet_inputgate_adaptive__sea_mstcn_sep_inputgate__sea_adaptive_classwise' (id=m-2b5d283474c14f788111f4652ba8dc67) params={'model_size_mb': '1.4867', 'n_model_params': '57502', 'name': 'seanet_inputgate_adaptive'}
    [mlflow] logged run 'seanet_inputgate_adaptive_Strawberry'  (train_acc=0.9858 val_acc=1.0000 test_acc=0.9730 test_loss=0.1237)
[ 68/129] Strawberry                   DONE  acc=0.9730 loss=0.1237 AOPCR=  0.653 NDCG=  n/a C=  2 T=  235 (65s)  [68 trained / 0 failed so far]
[ 69/129] SwedishLeaf
    stage 1/3: loading data ...
    stage 2/3: training on 405 series (val=95, C=15, T=128, batch=16) ...
    stage 3/3: scoring on 625 test series (accuracy + AOPCR) ...
    [mlflow] versioned model 'seanet_inputgate_adaptive__sea_mstcn_sep_inputgate__sea_adaptive_classwise' (id=m-7e6b429655ed4033b5503190963c6905) params={'model_size_mb': '1.4903', 'n_model_params': '58477', 'name': 'seanet_inputgate_adaptive'}
    [mlflow] logged run 'seanet_inputgate_adaptive_SwedishLeaf'  (train_acc=1.0000 val_acc=0.9895 test_acc=0.9536 test_loss=0.2441)
[ 69/129] SwedishLeaf                  DONE  acc=0.9536 loss=0.2441 AOPCR=  0.856 NDCG=  n/a C= 15 T=  128 (82s)  [69 trained / 0 failed so far]
[ 70/129] Symbols
    stage 1/3: loading data ...
    stage 2/3: training on 25 series (no val (train-loss early stop), C=6, T=398, batch=2) ...
    stage 3/3: scoring on 995 test series (accuracy + AOPCR) ...
    [mlflow] versioned model 'seanet_inputgate_adaptive__sea_mstcn_sep_inputgate__sea_adaptive_classwise' (id=m-2e224ebd98064c89b754037c5866b96d) params={'model_size_mb': '1.4878', 'n_model_params': '57802', 'name': 'seanet_inputgate_adaptive'}
    [mlflow] logged run 'seanet_inputgate_adaptive_Symbols'  (train_acc=1.0000 test_acc=0.9528 test_loss=0.2726)
[ 70/129] Symbols                      DONE  acc=0.9528 loss=0.2726 AOPCR=  1.536 NDCG=  n/a C=  6 T=  398 (41s)  [70 trained / 0 failed so far]
[ 71/129] SyntheticControl
    stage 1/3: loading data ...
    stage 2/3: training on 240 series (val=60, C=6, T=60, batch=16) ...
    stage 3/3: scoring on 300 test series (accuracy + AOPCR) ...
    [mlflow] versioned model 'seanet_inputgate_adaptive__sea_mstcn_sep_inputgate__sea_adaptive_classwise' (id=m-7a121016e31a49e19e8144b76faa9fef) params={'model_size_mb': '1.4878', 'n_model_params': '57802', 'name': 'seanet_inputgate_adaptive'}
    [mlflow] logged run 'seanet_inputgate_adaptive_SyntheticControl'  (train_acc=1.0000 val_acc=1.0000 test_acc=0.9933 test_loss=0.1145)
[ 71/129] SyntheticControl             DONE  acc=0.9933 loss=0.1145 AOPCR=  0.991 NDCG=  n/a C=  6 T=   60 (37s)  [71 trained / 0 failed so far]
[ 72/129] ToeSegmentation1
    stage 1/3: loading data ...
    stage 2/3: training on 40 series (no val (train-loss early stop), C=2, T=277, batch=4) ...
    stage 3/3: scoring on 228 test series (accuracy + AOPCR) ...
    [mlflow] versioned model 'seanet_inputgate_adaptive__sea_mstcn_sep_inputgate__sea_adaptive_classwise' (id=m-401d2ca139ab4f45b9f6870a7fdbf9e3) params={'model_size_mb': '1.4867', 'n_model_params': '57502', 'name': 'seanet_inputgate_adaptive'}
    [mlflow] logged run 'seanet_inputgate_adaptive_ToeSegmentation1'  (train_acc=1.0000 test_acc=0.9211 test_loss=0.2484)
[ 72/129] ToeSegmentation1             DONE  acc=0.9211 loss=0.2484 AOPCR= -0.076 NDCG=  n/a C=  2 T=  277 (9s)  [72 trained / 0 failed so far]
[ 73/129] ToeSegmentation2
    stage 1/3: loading data ...
    stage 2/3: training on 36 series (no val (train-loss early stop), C=2, T=343, batch=3) ...
    stage 3/3: scoring on 130 test series (accuracy + AOPCR) ...
    [mlflow] versioned model 'seanet_inputgate_adaptive__sea_mstcn_sep_inputgate__sea_adaptive_classwise' (id=m-3fe868515e434488a17b8161b08b0860) params={'model_size_mb': '1.4867', 'n_model_params': '57502', 'name': 'seanet_inputgate_adaptive'}
    [mlflow] logged run 'seanet_inputgate_adaptive_ToeSegmentation2'  (train_acc=1.0000 test_acc=0.9308 test_loss=0.2241)
[ 73/129] ToeSegmentation2             DONE  acc=0.9308 loss=0.2241 AOPCR=  0.421 NDCG=  n/a C=  2 T=  343 (15s)  [73 trained / 0 failed so far]
[ 74/129] Trace
    stage 1/3: loading data ...
    stage 2/3: training on 81 series (val=19, C=4, T=275, batch=8) ...
    stage 3/3: scoring on 100 test series (accuracy + AOPCR) ...
    [mlflow] versioned model 'seanet_inputgate_adaptive__sea_mstcn_sep_inputgate__sea_adaptive_classwise' (id=m-629d1596c395488f91eceed22d4331b3) params={'model_size_mb': '1.4873', 'n_model_params': '57652', 'name': 'seanet_inputgate_adaptive'}
    [mlflow] logged run 'seanet_inputgate_adaptive_Trace'  (train_acc=1.0000 val_acc=1.0000 test_acc=1.0000 test_loss=0.1001)
[ 74/129] Trace                        DONE  acc=1.0000 loss=0.1001 AOPCR=  1.747 NDCG=  n/a C=  4 T=  275 (33s)  [74 trained / 0 failed so far]
[ 75/129] TwoLeadECG
    stage 1/3: loading data ...
    stage 2/3: training on 23 series (no val (train-loss early stop), C=2, T=82, batch=2) ...
    stage 3/3: scoring on 1139 test series (accuracy + AOPCR) ...
    [mlflow] versioned model 'seanet_inputgate_adaptive__sea_mstcn_sep_inputgate__sea_adaptive_classwise' (id=m-9f3d2374a88241d3adc79e2e79194dbe) params={'model_size_mb': '1.4867', 'n_model_params': '57502', 'name': 'seanet_inputgate_adaptive'}
    [mlflow] logged run 'seanet_inputgate_adaptive_TwoLeadECG'  (train_acc=1.0000 test_acc=0.9965 test_loss=0.0851)
[ 75/129] TwoLeadECG                   DONE  acc=0.9965 loss=0.0851 AOPCR=  0.454 NDCG=  n/a C=  2 T=   82 (39s)  [75 trained / 0 failed so far]
[ 76/129] TwoPatterns
    stage 1/3: loading data ...
    stage 2/3: training on 801 series (val=199, C=4, T=128, batch=16) ...
    stage 3/3: scoring on 4000 test series (accuracy + AOPCR) ...
    [mlflow] versioned model 'seanet_inputgate_adaptive__sea_mstcn_sep_inputgate__sea_adaptive_classwise' (id=m-25c70e8a00dc4468ae27545a1a92149c) params={'model_size_mb': '1.4873', 'n_model_params': '57652', 'name': 'seanet_inputgate_adaptive'}
    [mlflow] logged run 'seanet_inputgate_adaptive_TwoPatterns'  (train_acc=1.0000 val_acc=1.0000 test_acc=1.0000 test_loss=0.0901)
[ 76/129] TwoPatterns                  DONE  acc=1.0000 loss=0.0901 AOPCR=  1.897 NDCG=  n/a C=  4 T=  128 (81s)  [76 trained / 0 failed so far]
[ 77/129] UWaveGestureLibraryAll
    stage 1/3: loading data ...
    stage 2/3: training on 719 series (val=177, C=8, T=945, batch=16) ...
    stage 3/3: scoring on 3582 test series (accuracy + AOPCR) ...
    [mlflow] versioned model 'seanet_inputgate_adaptive__sea_mstcn_sep_inputgate__sea_adaptive_classwise' (id=m-483045f73b76439dbd6231051ea3b9c4) params={'model_size_mb': '1.4884', 'n_model_params': '57952', 'name': 'seanet_inputgate_adaptive'}
    [mlflow] logged run 'seanet_inputgate_adaptive_UWaveGestureLibraryAll'  (train_acc=1.0000 val_acc=0.9661 test_acc=0.9528 test_loss=0.2872)
[ 77/129] UWaveGestureLibraryAll       DONE  acc=0.9528 loss=0.2872 AOPCR=  1.629 NDCG=  n/a C=  8 T=  945 (78s)  [77 trained / 0 failed so far]
[ 78/129] UWaveGestureLibraryX
    stage 1/3: loading data ...
    stage 2/3: training on 719 series (val=177, C=8, T=315, batch=16) ...
    stage 3/3: scoring on 3582 test series (accuracy + AOPCR) ...
    [mlflow] versioned model 'seanet_inputgate_adaptive__sea_mstcn_sep_inputgate__sea_adaptive_classwise' (id=m-131aee2bfb1749d4b96d176d0329effb) params={'model_size_mb': '1.4884', 'n_model_params': '57952', 'name': 'seanet_inputgate_adaptive'}
    [mlflow] logged run 'seanet_inputgate_adaptive_UWaveGestureLibraryX'  (train_acc=1.0000 val_acc=0.8362 test_acc=0.8174 test_loss=0.6520)
[ 78/129] UWaveGestureLibraryX         DONE  acc=0.8174 loss=0.6520 AOPCR=  1.066 NDCG=  n/a C=  8 T=  315 (87s)  [78 trained / 0 failed so far]
[ 79/129] UWaveGestureLibraryY
    stage 1/3: loading data ...
    stage 2/3: training on 719 series (val=177, C=8, T=315, batch=16) ...
    stage 3/3: scoring on 3582 test series (accuracy + AOPCR) ...
    [mlflow] versioned model 'seanet_inputgate_adaptive__sea_mstcn_sep_inputgate__sea_adaptive_classwise' (id=m-b2869434360642e2b34174f332f370a6) params={'model_size_mb': '1.4884', 'n_model_params': '57952', 'name': 'seanet_inputgate_adaptive'}
    [mlflow] logged run 'seanet_inputgate_adaptive_UWaveGestureLibraryY'  (train_acc=1.0000 val_acc=0.7571 test_acc=0.7370 test_loss=0.8372)
[ 79/129] UWaveGestureLibraryY         DONE  acc=0.7370 loss=0.8372 AOPCR=  1.086 NDCG=  n/a C=  8 T=  315 (46s)  [79 trained / 0 failed so far]
[ 80/129] UWaveGestureLibraryZ
    stage 1/3: loading data ...
    stage 2/3: training on 719 series (val=177, C=8, T=315, batch=16) ...
    stage 3/3: scoring on 3582 test series (accuracy + AOPCR) ...
    [mlflow] versioned model 'seanet_inputgate_adaptive__sea_mstcn_sep_inputgate__sea_adaptive_classwise' (id=m-c436a7d19470466ab700ff2acac251fc) params={'model_size_mb': '1.4884', 'n_model_params': '57952', 'name': 'seanet_inputgate_adaptive'}
    [mlflow] logged run 'seanet_inputgate_adaptive_UWaveGestureLibraryZ'  (train_acc=0.8581 val_acc=0.7401 test_acc=0.7440 test_loss=0.7163)
[ 80/129] UWaveGestureLibraryZ         DONE  acc=0.7440 loss=0.7163 AOPCR=  0.949 NDCG=  n/a C=  8 T=  315 (30s)  [80 trained / 0 failed so far]
[ 81/129] Wafer
    stage 1/3: loading data ...
    stage 2/3: training on 801 series (val=199, C=2, T=152, batch=16) ...
    stage 3/3: scoring on 6164 test series (accuracy + AOPCR) ...
    [mlflow] versioned model 'seanet_inputgate_adaptive__sea_mstcn_sep_inputgate__sea_adaptive_classwise' (id=m-46192c1e361e4ad38233bff12e954e66) params={'model_size_mb': '1.4867', 'n_model_params': '57502', 'name': 'seanet_inputgate_adaptive'}
    [mlflow] logged run 'seanet_inputgate_adaptive_Wafer'  (train_acc=1.0000 val_acc=1.0000 test_acc=0.9976 test_loss=0.0763)
[ 81/129] Wafer                        DONE  acc=0.9976 loss=0.0763 AOPCR=  0.080 NDCG=  n/a C=  2 T=  152 (119s)  [81 trained / 0 failed so far]
[ 82/129] Wine
    stage 1/3: loading data ...
    stage 2/3: training on 57 series (no val (train-loss early stop), C=2, T=234, batch=5) ...
    stage 3/3: scoring on 54 test series (accuracy + AOPCR) ...
    [mlflow] versioned model 'seanet_inputgate_adaptive__sea_mstcn_sep_inputgate__sea_adaptive_classwise' (id=m-76b9a3ad5c1142cc8459624f63278dc6) params={'model_size_mb': '1.4867', 'n_model_params': '57502', 'name': 'seanet_inputgate_adaptive'}
    [mlflow] logged run 'seanet_inputgate_adaptive_Wine'  (train_acc=0.5789 test_acc=0.5000 test_loss=0.6922)
[ 82/129] Wine                         DONE  acc=0.5000 loss=0.6922 AOPCR=  1.106 NDCG=  n/a C=  2 T=  234 (28s)  [82 trained / 0 failed so far]
[ 83/129] WordSynonyms
    stage 1/3: loading data ...
    stage 2/3: training on 217 series (val=50, C=25, T=270, batch=16) ...
    stage 3/3: scoring on 638 test series (accuracy + AOPCR) ...
    [mlflow] versioned model 'seanet_inputgate_adaptive__sea_mstcn_sep_inputgate__sea_adaptive_classwise' (id=m-1aca092979524169932c44ed243f82ff) params={'model_size_mb': '1.4932', 'n_model_params': '59227', 'name': 'seanet_inputgate_adaptive'}
    [mlflow] logged run 'seanet_inputgate_adaptive_WordSynonyms'  (train_acc=1.0000 val_acc=0.8800 test_acc=0.7398 test_loss=1.1656)
[ 83/129] WordSynonyms                 DONE  acc=0.7398 loss=1.1656 AOPCR=  1.335 NDCG=  n/a C= 25 T=  270 (24s)  [83 trained / 0 failed so far]
[ 84/129] Worms
    stage 1/3: loading data ...
    stage 2/3: training on 146 series (val=35, C=5, T=900, batch=14) ...
    stage 3/3: scoring on 77 test series (accuracy + AOPCR) ...
    [mlflow] versioned model 'seanet_inputgate_adaptive__sea_mstcn_sep_inputgate__sea_adaptive_classwise' (id=m-ff1c79f9fe75416e978eeafacefcecb5) params={'model_size_mb': '1.4875', 'n_model_params': '57727', 'name': 'seanet_inputgate_adaptive'}
    [mlflow] logged run 'seanet_inputgate_adaptive_Worms'  (train_acc=0.9932 val_acc=0.7143 test_acc=0.6883 test_loss=0.8837)
[ 84/129] Worms                        DONE  acc=0.6883 loss=0.8837 AOPCR=  1.214 NDCG=  n/a C=  5 T=  900 (17s)  [84 trained / 0 failed so far]
[ 85/129] WormsTwoClass
    stage 1/3: loading data ...
    stage 2/3: training on 145 series (val=36, C=2, T=900, batch=14) ...
    stage 3/3: scoring on 77 test series (accuracy + AOPCR) ...
    [mlflow] versioned model 'seanet_inputgate_adaptive__sea_mstcn_sep_inputgate__sea_adaptive_classwise' (id=m-48a8ec6e40a34074a40c668a1f20feb3) params={'model_size_mb': '1.4867', 'n_model_params': '57502', 'name': 'seanet_inputgate_adaptive'}
    [mlflow] logged run 'seanet_inputgate_adaptive_WormsTwoClass'  (train_acc=0.9931 val_acc=0.7500 test_acc=0.7013 test_loss=0.7151)
[ 85/129] WormsTwoClass                DONE  acc=0.7013 loss=0.7151 AOPCR=  1.241 NDCG=  n/a C=  2 T=  900 (9s)  [85 trained / 0 failed so far]
[ 86/129] Yoga
    stage 1/3: loading data ...
    stage 2/3: training on 241 series (val=59, C=2, T=426, batch=16) ...
    stage 3/3: scoring on 3000 test series (accuracy + AOPCR) ...
    [mlflow] versioned model 'seanet_inputgate_adaptive__sea_mstcn_sep_inputgate__sea_adaptive_classwise' (id=m-d040124edbcb45d097d3299d322c7f1e) params={'model_size_mb': '1.4867', 'n_model_params': '57502', 'name': 'seanet_inputgate_adaptive'}
    [mlflow] logged run 'seanet_inputgate_adaptive_Yoga'  (train_acc=1.0000 val_acc=0.8644 test_acc=0.8707 test_loss=0.3060)
[ 86/129] Yoga                         DONE  acc=0.8707 loss=0.3060 AOPCR=  1.460 NDCG=  n/a C=  2 T=  426 (25s)  [86 trained / 0 failed so far]
[ 87/129] ACSF1
    stage 1/3: loading data ...
    stage 2/3: training on 80 series (val=20, C=10, T=1460, batch=8) ...
    stage 3/3: scoring on 100 test series (accuracy + AOPCR) ...
    [mlflow] versioned model 'seanet_inputgate_adaptive__sea_mstcn_sep_inputgate__sea_adaptive_classwise' (id=m-30a8c8e6fa554e9a8b9b1dd9668cdbed) params={'model_size_mb': '1.4889', 'n_model_params': '58102', 'name': 'seanet_inputgate_adaptive'}
    [mlflow] logged run 'seanet_inputgate_adaptive_ACSF1'  (train_acc=0.8375 val_acc=0.7000 test_acc=0.7900 test_loss=0.6349)
[ 87/129] ACSF1                        DONE  acc=0.7900 loss=0.6349 AOPCR=  0.379 NDCG=  n/a C= 10 T= 1460 (13s)  [87 trained / 0 failed so far]
[ 88/129] AllGestureWiimoteX
    stage 1/3: loading data ...
    stage 2/3: training on 240 series (val=60, C=10, T=500, batch=16) ...
    stage 3/3: scoring on 700 test series (accuracy + AOPCR) ...
    [mlflow] versioned model 'seanet_inputgate_adaptive__sea_mstcn_sep_inputgate__sea_adaptive_classwise' (id=m-6d7af859d7704f2cb979505af558c06f) params={'model_size_mb': '1.4889', 'n_model_params': '58102', 'name': 'seanet_inputgate_adaptive'}
    [mlflow] logged run 'seanet_inputgate_adaptive_AllGestureWiimoteX'  (train_acc=1.0000 val_acc=0.8500 test_acc=0.7729 test_loss=0.8618)
[ 88/129] AllGestureWiimoteX           DONE  acc=0.7729 loss=0.8618 AOPCR=  1.862 NDCG=  n/a C= 10 T=  500 (36s)  [88 trained / 0 failed so far]
[ 89/129] AllGestureWiimoteY
    stage 1/3: loading data ...
    stage 2/3: training on 240 series (val=60, C=10, T=500, batch=16) ...
    stage 3/3: scoring on 700 test series (accuracy + AOPCR) ...
    [mlflow] versioned model 'seanet_inputgate_adaptive__sea_mstcn_sep_inputgate__sea_adaptive_classwise' (id=m-f1471b44b52c4100ba9967bfbd4d2e6c) params={'model_size_mb': '1.4889', 'n_model_params': '58102', 'name': 'seanet_inputgate_adaptive'}
    [mlflow] logged run 'seanet_inputgate_adaptive_AllGestureWiimoteY'  (train_acc=1.0000 val_acc=0.8667 test_acc=0.7557 test_loss=0.8549)
[ 89/129] AllGestureWiimoteY           DONE  acc=0.7557 loss=0.8549 AOPCR=  1.885 NDCG=  n/a C= 10 T=  500 (31s)  [89 trained / 0 failed so far]
[ 90/129] AllGestureWiimoteZ
    stage 1/3: loading data ...
    stage 2/3: training on 240 series (val=60, C=10, T=500, batch=16) ...
    stage 3/3: scoring on 700 test series (accuracy + AOPCR) ...
    [mlflow] versioned model 'seanet_inputgate_adaptive__sea_mstcn_sep_inputgate__sea_adaptive_classwise' (id=m-65fb2337f5134df1af89f9b017597dd1) params={'model_size_mb': '1.4889', 'n_model_params': '58102', 'name': 'seanet_inputgate_adaptive'}
    [mlflow] logged run 'seanet_inputgate_adaptive_AllGestureWiimoteZ'  (train_acc=0.9125 val_acc=0.6500 test_acc=0.6457 test_loss=1.0361)
[ 90/129] AllGestureWiimoteZ           DONE  acc=0.6457 loss=1.0361 AOPCR=  1.703 NDCG=  n/a C= 10 T=  500 (18s)  [90 trained / 0 failed so far]
[ 91/129] BME
    stage 1/3: loading data ...
    stage 2/3: training on 30 series (no val (train-loss early stop), C=3, T=128, batch=3) ...
    stage 3/3: scoring on 150 test series (accuracy + AOPCR) ...
    [mlflow] versioned model 'seanet_inputgate_adaptive__sea_mstcn_sep_inputgate__sea_adaptive_classwise' (id=m-dbfd9a57327045fabfe0bbb3c72ce843) params={'model_size_mb': '1.487', 'n_model_params': '57577', 'name': 'seanet_inputgate_adaptive'}
    [mlflow] logged run 'seanet_inputgate_adaptive_BME'  (train_acc=1.0000 test_acc=0.9933 test_loss=0.1028)
[ 91/129] BME                          DONE  acc=0.9933 loss=0.1028 AOPCR=  0.591 NDCG=  n/a C=  3 T=  128 (19s)  [91 trained / 0 failed so far]
[ 92/129] Chinatown
    stage 1/3: loading data ...
    stage 2/3: training on 20 series (no val (train-loss early stop), C=2, T=24, batch=2) ...
    stage 3/3: scoring on 343 test series (accuracy + AOPCR) ...
    [mlflow] versioned model 'seanet_inputgate_adaptive__sea_mstcn_sep_inputgate__sea_adaptive_classwise' (id=m-2a2b6a01e48545a087dba8587d55fe46) params={'model_size_mb': '1.4867', 'n_model_params': '57502', 'name': 'seanet_inputgate_adaptive'}
    [mlflow] logged run 'seanet_inputgate_adaptive_Chinatown'  (train_acc=1.0000 test_acc=0.9825 test_loss=0.1020)
[ 92/129] Chinatown                    DONE  acc=0.9825 loss=0.1020 AOPCR= -0.018 NDCG=  n/a C=  2 T=   24 (22s)  [92 trained / 0 failed so far]
[ 93/129] Crop
    stage 1/3: loading data ...
    stage 2/3: training on 5760 series (val=1440, C=24, T=46, batch=16) ...
    stage 3/3: scoring on 16800 test series (accuracy + AOPCR) ...
    [mlflow] versioned model 'seanet_inputgate_adaptive__sea_mstcn_sep_inputgate__sea_adaptive_classwise' (id=m-b912ceb50961462b8f0905080ead554b) params={'model_size_mb': '1.4929', 'n_model_params': '59152', 'name': 'seanet_inputgate_adaptive'}
    [mlflow] logged run 'seanet_inputgate_adaptive_Crop'  (train_acc=0.8219 val_acc=0.6819 test_acc=0.7031 test_loss=0.9204)
[ 93/129] Crop                         DONE  acc=0.7031 loss=0.9204 AOPCR=  0.342 NDCG=  n/a C= 24 T=   46 (307s)  [93 trained / 0 failed so far]
[ 94/129] DodgerLoopDay
    stage 1/3: loading data ...
    stage 2/3: training on 78 series (no val (train-loss early stop), C=7, T=288, batch=7) ...
    stage 3/3: scoring on 80 test series (accuracy + AOPCR) ...
    [mlflow] versioned model 'seanet_inputgate_adaptive__sea_mstcn_sep_inputgate__sea_adaptive_classwise' (id=m-3b27d69d7e4f42bf8e1b46d02cd0b83d) params={'model_size_mb': '1.4881', 'n_model_params': '57877', 'name': 'seanet_inputgate_adaptive'}
    [mlflow] logged run 'seanet_inputgate_adaptive_DodgerLoopDay'  (train_acc=1.0000 test_acc=0.6250 test_loss=1.2615)
[ 94/129] DodgerLoopDay                DONE  acc=0.6250 loss=1.2615 AOPCR=  1.340 NDCG=  n/a C=  7 T=  288 (28s)  [94 trained / 0 failed so far]
[ 95/129] DodgerLoopGame
    stage 1/3: loading data ...
    stage 2/3: training on 20 series (no val (train-loss early stop), C=2, T=288, batch=2) ...
    stage 3/3: scoring on 138 test series (accuracy + AOPCR) ...
    [mlflow] versioned model 'seanet_inputgate_adaptive__sea_mstcn_sep_inputgate__sea_adaptive_classwise' (id=m-e1228d66faed4732831d18e8951638b4) params={'model_size_mb': '1.4867', 'n_model_params': '57502', 'name': 'seanet_inputgate_adaptive'}
    [mlflow] logged run 'seanet_inputgate_adaptive_DodgerLoopGame'  (train_acc=1.0000 test_acc=0.9348 test_loss=0.1937)
[ 95/129] DodgerLoopGame               DONE  acc=0.9348 loss=0.1937 AOPCR=  1.892 NDCG=  n/a C=  2 T=  288 (21s)  [95 trained / 0 failed so far]
[ 96/129] DodgerLoopWeekend
    stage 1/3: loading data ...
    stage 2/3: training on 20 series (no val (train-loss early stop), C=2, T=288, batch=2) ...
    stage 3/3: scoring on 138 test series (accuracy + AOPCR) ...
    [mlflow] versioned model 'seanet_inputgate_adaptive__sea_mstcn_sep_inputgate__sea_adaptive_classwise' (id=m-cfc715a5960a4983b524b18c47d2279b) params={'model_size_mb': '1.4867', 'n_model_params': '57502', 'name': 'seanet_inputgate_adaptive'}
    [mlflow] logged run 'seanet_inputgate_adaptive_DodgerLoopWeekend'  (train_acc=1.0000 test_acc=0.9783 test_loss=0.1243)
[ 96/129] DodgerLoopWeekend            DONE  acc=0.9783 loss=0.1243 AOPCR=  0.754 NDCG=  n/a C=  2 T=  288 (15s)  [96 trained / 0 failed so far]
[ 97/129] EOGHorizontalSignal
    stage 1/3: loading data ...
    stage 2/3: training on 290 series (val=72, C=12, T=1250, batch=16) ...
    stage 3/3: scoring on 362 test series (accuracy + AOPCR) ...
    [mlflow] versioned model 'seanet_inputgate_adaptive__sea_mstcn_sep_inputgate__sea_adaptive_classwise' (id=m-92b00adbb12747b3886fc815e6bcc5f9) params={'model_size_mb': '1.4895', 'n_model_params': '58252', 'name': 'seanet_inputgate_adaptive'}
    [mlflow] logged run 'seanet_inputgate_adaptive_EOGHorizontalSignal'  (train_acc=0.9966 val_acc=0.8611 test_acc=0.5083 test_loss=1.6225)
[ 97/129] EOGHorizontalSignal          DONE  acc=0.5083 loss=1.6225 AOPCR=  1.220 NDCG=  n/a C= 12 T= 1250 (51s)  [97 trained / 0 failed so far]
[ 98/129] EOGVerticalSignal
    stage 1/3: loading data ...
    stage 2/3: training on 290 series (val=72, C=12, T=1250, batch=16) ...
    stage 3/3: scoring on 362 test series (accuracy + AOPCR) ...
    [mlflow] versioned model 'seanet_inputgate_adaptive__sea_mstcn_sep_inputgate__sea_adaptive_classwise' (id=m-f482bc462c6042e4b6a7e0651e5cc92c) params={'model_size_mb': '1.4895', 'n_model_params': '58252', 'name': 'seanet_inputgate_adaptive'}
    [mlflow] logged run 'seanet_inputgate_adaptive_EOGVerticalSignal'  (train_acc=1.0000 val_acc=0.7500 test_acc=0.4972 test_loss=1.8019)
[ 98/129] EOGVerticalSignal            DONE  acc=0.4972 loss=1.8019 AOPCR=  2.192 NDCG=  n/a C= 12 T= 1250 (56s)  [98 trained / 0 failed so far]
[ 99/129] EthanolLevel
    stage 1/3: loading data ...
    stage 2/3: training on 404 series (val=100, C=4, T=1751, batch=16) ...
    stage 3/3: scoring on 500 test series (accuracy + AOPCR) ...
    [mlflow] versioned model 'seanet_inputgate_adaptive__sea_mstcn_sep_inputgate__sea_adaptive_classwise' (id=m-8ed6baad41bb49e3a0bf8d26d53a2cd8) params={'model_size_mb': '1.4873', 'n_model_params': '57652', 'name': 'seanet_inputgate_adaptive'}
    [mlflow] logged run 'seanet_inputgate_adaptive_EthanolLevel'  (train_acc=0.9554 val_acc=0.8700 test_acc=0.8520 test_loss=0.4740)
[ 99/129] EthanolLevel                 DONE  acc=0.8520 loss=0.4740 AOPCR=  2.038 NDCG=  n/a C=  4 T= 1751 (115s)  [99 trained / 0 failed so far]
[100/129] FreezerRegularTrain
    stage 1/3: loading data ...
    stage 2/3: training on 120 series (val=30, C=2, T=301, batch=12) ...
    stage 3/3: scoring on 2850 test series (accuracy + AOPCR) ...
    [mlflow] versioned model 'seanet_inputgate_adaptive__sea_mstcn_sep_inputgate__sea_adaptive_classwise' (id=m-473048cde09d4b92ab816747d6849a57) params={'model_size_mb': '1.4867', 'n_model_params': '57502', 'name': 'seanet_inputgate_adaptive'}
    [mlflow] logged run 'seanet_inputgate_adaptive_FreezerRegularTrain'  (train_acc=1.0000 val_acc=1.0000 test_acc=0.9954 test_loss=0.0733)
[100/129] FreezerRegularTrain          DONE  acc=0.9954 loss=0.0733 AOPCR=  1.421 NDCG=  n/a C=  2 T=  301 (23s)  [100 trained / 0 failed so far]
[101/129] FreezerSmallTrain
    stage 1/3: loading data ...
    stage 2/3: training on 28 series (no val (train-loss early stop), C=2, T=301, batch=2) ...
    stage 3/3: scoring on 2850 test series (accuracy + AOPCR) ...
    [mlflow] versioned model 'seanet_inputgate_adaptive__sea_mstcn_sep_inputgate__sea_adaptive_classwise' (id=m-a1188b82b7e948a5a6b78a6714aab591) params={'model_size_mb': '1.4867', 'n_model_params': '57502', 'name': 'seanet_inputgate_adaptive'}
    [mlflow] logged run 'seanet_inputgate_adaptive_FreezerSmallTrain'  (train_acc=1.0000 test_acc=0.8600 test_loss=0.3756)
[101/129] FreezerSmallTrain            DONE  acc=0.8600 loss=0.3756 AOPCR=  0.267 NDCG=  n/a C=  2 T=  301 (30s)  [101 trained / 0 failed so far]
[102/129] Fungi
    stage 1/3: loading data ...
    stage 2/3: training on 18 series (no val (train-loss early stop), C=18, T=201, batch=2) ...
    stage 3/3: scoring on 186 test series (accuracy + AOPCR) ...
    [mlflow] versioned model 'seanet_inputgate_adaptive__sea_mstcn_sep_inputgate__sea_adaptive_classwise' (id=m-562407fe79a54aff97aaf8e78a58a595) params={'model_size_mb': '1.4913', 'n_model_params': '58702', 'name': 'seanet_inputgate_adaptive'}
    [mlflow] logged run 'seanet_inputgate_adaptive_Fungi'  (train_acc=1.0000 test_acc=0.9892 test_loss=0.1898)
[102/129] Fungi                        DONE  acc=0.9892 loss=0.1898 AOPCR=  1.273 NDCG=  n/a C= 18 T=  201 (28s)  [102 trained / 0 failed so far]
[103/129] GestureMidAirD1
    stage 1/3: loading data ...
    stage 2/3: training on 182 series (val=26, C=26, T=360, batch=16) ...
    stage 3/3: scoring on 130 test series (accuracy + AOPCR) ...
    [mlflow] versioned model 'seanet_inputgate_adaptive__sea_mstcn_sep_inputgate__sea_adaptive_classwise' (id=m-8122460c1a3e4653839f8b49f76e4882) params={'model_size_mb': '1.4935', 'n_model_params': '59302', 'name': 'seanet_inputgate_adaptive'}
    [mlflow] logged run 'seanet_inputgate_adaptive_GestureMidAirD1'  (train_acc=1.0000 val_acc=0.6923 test_acc=0.7000 test_loss=1.1771)
[103/129] GestureMidAirD1              DONE  acc=0.7000 loss=1.1771 AOPCR=  1.784 NDCG=  n/a C= 26 T=  360 (29s)  [103 trained / 0 failed so far]
[104/129] GestureMidAirD2
    stage 1/3: loading data ...
    stage 2/3: training on 182 series (val=26, C=26, T=360, batch=16) ...
    stage 3/3: scoring on 130 test series (accuracy + AOPCR) ...
    [mlflow] versioned model 'seanet_inputgate_adaptive__sea_mstcn_sep_inputgate__sea_adaptive_classwise' (id=m-96a2da8a65e54758bdd74af054a1213f) params={'model_size_mb': '1.4935', 'n_model_params': '59302', 'name': 'seanet_inputgate_adaptive'}
    [mlflow] logged run 'seanet_inputgate_adaptive_GestureMidAirD2'  (train_acc=0.8846 val_acc=0.6538 test_acc=0.6462 test_loss=1.1708)
[104/129] GestureMidAirD2              DONE  acc=0.6462 loss=1.1708 AOPCR=  1.398 NDCG=  n/a C= 26 T=  360 (17s)  [104 trained / 0 failed so far]
[105/129] GestureMidAirD3
    stage 1/3: loading data ...
    stage 2/3: training on 182 series (val=26, C=26, T=360, batch=16) ...
    stage 3/3: scoring on 130 test series (accuracy + AOPCR) ...
    [mlflow] versioned model 'seanet_inputgate_adaptive__sea_mstcn_sep_inputgate__sea_adaptive_classwise' (id=m-0cb3387170764d9c91b4c2766f530c83) params={'model_size_mb': '1.4935', 'n_model_params': '59302', 'name': 'seanet_inputgate_adaptive'}
    [mlflow] logged run 'seanet_inputgate_adaptive_GestureMidAirD3'  (train_acc=0.9725 val_acc=0.4615 test_acc=0.3538 test_loss=2.2650)
[105/129] GestureMidAirD3              DONE  acc=0.3538 loss=2.2650 AOPCR=  1.616 NDCG=  n/a C= 26 T=  360 (14s)  [105 trained / 0 failed so far]
[106/129] GesturePebbleZ1
    stage 1/3: loading data ...
    stage 2/3: training on 107 series (val=25, C=6, T=455, batch=10) ...
    stage 3/3: scoring on 172 test series (accuracy + AOPCR) ...
    [mlflow] versioned model 'seanet_inputgate_adaptive__sea_mstcn_sep_inputgate__sea_adaptive_classwise' (id=m-2588bf06b6f5456aa456050b3443cd79) params={'model_size_mb': '1.4878', 'n_model_params': '57802', 'name': 'seanet_inputgate_adaptive'}
    [mlflow] logged run 'seanet_inputgate_adaptive_GesturePebbleZ1'  (train_acc=1.0000 val_acc=1.0000 test_acc=0.9128 test_loss=0.3558)
[106/129] GesturePebbleZ1              DONE  acc=0.9128 loss=0.3558 AOPCR=  1.753 NDCG=  n/a C=  6 T=  455 (26s)  [106 trained / 0 failed so far]
[107/129] GesturePebbleZ2
    stage 1/3: loading data ...
    stage 2/3: training on 120 series (val=26, C=6, T=455, batch=12) ...
    stage 3/3: scoring on 158 test series (accuracy + AOPCR) ...
    [mlflow] versioned model 'seanet_inputgate_adaptive__sea_mstcn_sep_inputgate__sea_adaptive_classwise' (id=m-17d72fdb5f00493fb2cf8fb962702864) params={'model_size_mb': '1.4878', 'n_model_params': '57802', 'name': 'seanet_inputgate_adaptive'}
    [mlflow] logged run 'seanet_inputgate_adaptive_GesturePebbleZ2'  (train_acc=1.0000 val_acc=1.0000 test_acc=0.8734 test_loss=0.4446)
[107/129] GesturePebbleZ2              DONE  acc=0.8734 loss=0.4446 AOPCR=  1.750 NDCG=  n/a C=  6 T=  455 (28s)  [107 trained / 0 failed so far]
[108/129] GunPointAgeSpan
    stage 1/3: loading data ...
    stage 2/3: training on 109 series (val=26, C=2, T=150, batch=10) ...
    stage 3/3: scoring on 316 test series (accuracy + AOPCR) ...
    [mlflow] versioned model 'seanet_inputgate_adaptive__sea_mstcn_sep_inputgate__sea_adaptive_classwise' (id=m-281fffa5c33942838a5fa00ab67084e3) params={'model_size_mb': '1.4867', 'n_model_params': '57502', 'name': 'seanet_inputgate_adaptive'}
    [mlflow] logged run 'seanet_inputgate_adaptive_GunPointAgeSpan'  (train_acc=1.0000 val_acc=1.0000 test_acc=0.9842 test_loss=0.0904)
[108/129] GunPointAgeSpan              DONE  acc=0.9842 loss=0.0904 AOPCR=  1.121 NDCG=  n/a C=  2 T=  150 (18s)  [108 trained / 0 failed so far]
[109/129] GunPointMaleVersusFemale
    stage 1/3: loading data ...
    stage 2/3: training on 109 series (val=26, C=2, T=150, batch=10) ...
    stage 3/3: scoring on 316 test series (accuracy + AOPCR) ...
    [mlflow] versioned model 'seanet_inputgate_adaptive__sea_mstcn_sep_inputgate__sea_adaptive_classwise' (id=m-d518691b2e844325abdc2d565968b834) params={'model_size_mb': '1.4867', 'n_model_params': '57502', 'name': 'seanet_inputgate_adaptive'}
    [mlflow] logged run 'seanet_inputgate_adaptive_GunPointMaleVersusFemale'  (train_acc=1.0000 val_acc=1.0000 test_acc=0.9968 test_loss=0.0746)
[109/129] GunPointMaleVersusFemale     DONE  acc=0.9968 loss=0.0746 AOPCR=  1.065 NDCG=  n/a C=  2 T=  150 (26s)  [109 trained / 0 failed so far]
[110/129] GunPointOldVersusYoung
    stage 1/3: loading data ...
    stage 2/3: training on 109 series (val=27, C=2, T=150, batch=10) ...
    stage 3/3: scoring on 315 test series (accuracy + AOPCR) ...
    [mlflow] versioned model 'seanet_inputgate_adaptive__sea_mstcn_sep_inputgate__sea_adaptive_classwise' (id=m-1aeede67fd1b48999bf1cbc6410c2ffb) params={'model_size_mb': '1.4867', 'n_model_params': '57502', 'name': 'seanet_inputgate_adaptive'}
    [mlflow] logged run 'seanet_inputgate_adaptive_GunPointOldVersusYoung'  (train_acc=1.0000 val_acc=1.0000 test_acc=0.9810 test_loss=0.0943)
[110/129] GunPointOldVersusYoung       DONE  acc=0.9810 loss=0.0943 AOPCR=  0.657 NDCG=  n/a C=  2 T=  150 (19s)  [110 trained / 0 failed so far]
[111/129] HouseTwenty
    stage 1/3: loading data ...
    stage 2/3: training on 40 series (no val (train-loss early stop), C=2, T=2000, batch=4) ...
    stage 3/3: scoring on 119 test series (accuracy + AOPCR) ...
    [mlflow] versioned model 'seanet_inputgate_adaptive__sea_mstcn_sep_inputgate__sea_adaptive_classwise' (id=m-3c7ba09ae9834f90a94319db26868e5e) params={'model_size_mb': '1.4867', 'n_model_params': '57502', 'name': 'seanet_inputgate_adaptive'}
    [mlflow] logged run 'seanet_inputgate_adaptive_HouseTwenty'  (train_acc=1.0000 test_acc=0.9916 test_loss=0.1131)
[111/129] HouseTwenty                  DONE  acc=0.9916 loss=0.1131 AOPCR=  2.043 NDCG=  n/a C=  2 T= 2000 (12s)  [111 trained / 0 failed so far]
[112/129] InsectEPGRegularTrain
    stage 1/3: loading data ...
    stage 2/3: training on 62 series (no val (train-loss early stop), C=3, T=601, batch=6) ...
    stage 3/3: scoring on 249 test series (accuracy + AOPCR) ...
    [mlflow] versioned model 'seanet_inputgate_adaptive__sea_mstcn_sep_inputgate__sea_adaptive_classwise' (id=m-f5d6061689104928a553b86f9292727c) params={'model_size_mb': '1.487', 'n_model_params': '57577', 'name': 'seanet_inputgate_adaptive'}
    [mlflow] logged run 'seanet_inputgate_adaptive_InsectEPGRegularTrain'  (train_acc=1.0000 test_acc=0.9759 test_loss=0.1550)
[112/129] InsectEPGRegularTrain        DONE  acc=0.9759 loss=0.1550 AOPCR=  0.633 NDCG=  n/a C=  3 T=  601 (19s)  [112 trained / 0 failed so far]
[113/129] InsectEPGSmallTrain
    stage 1/3: loading data ...
    stage 2/3: training on 17 series (no val (train-loss early stop), C=3, T=601, batch=2) ...
    stage 3/3: scoring on 249 test series (accuracy + AOPCR) ...
    [mlflow] versioned model 'seanet_inputgate_adaptive__sea_mstcn_sep_inputgate__sea_adaptive_classwise' (id=m-a95c0f4caa0f45878e2f06f9498e4ba2) params={'model_size_mb': '1.487', 'n_model_params': '57577', 'name': 'seanet_inputgate_adaptive'}
    [mlflow] logged run 'seanet_inputgate_adaptive_InsectEPGSmallTrain'  (train_acc=1.0000 test_acc=0.9076 test_loss=0.3255)
[113/129] InsectEPGSmallTrain          DONE  acc=0.9076 loss=0.3255 AOPCR=  1.276 NDCG=  n/a C=  3 T=  601 (29s)  [113 trained / 0 failed so far]
[114/129] MelbournePedestrian
    stage 1/3: loading data ...
    stage 2/3: training on 956 series (val=238, C=10, T=24, batch=16) ...
    stage 3/3: scoring on 2439 test series (accuracy + AOPCR) ...
    [mlflow] versioned model 'seanet_inputgate_adaptive__sea_mstcn_sep_inputgate__sea_adaptive_classwise' (id=m-39cd70d8565b4847b4f19d90486db891) params={'model_size_mb': '1.4889', 'n_model_params': '58102', 'name': 'seanet_inputgate_adaptive'}
    [mlflow] logged run 'seanet_inputgate_adaptive_MelbournePedestrian'  (train_acc=0.9990 val_acc=0.9076 test_acc=0.8967 test_loss=0.3958)
[114/129] MelbournePedestrian          DONE  acc=0.8967 loss=0.3958 AOPCR=  0.458 NDCG=  n/a C= 10 T=   24 (143s)  [114 trained / 0 failed so far]
[115/129] MixedShapesRegularTrain
    stage 1/3: loading data ...
    stage 2/3: training on 400 series (val=100, C=5, T=1024, batch=16) ...
    stage 3/3: scoring on 2425 test series (accuracy + AOPCR) ...
    [mlflow] versioned model 'seanet_inputgate_adaptive__sea_mstcn_sep_inputgate__sea_adaptive_classwise' (id=m-c022c8e5a6f94cec9683fde7c8be3e92) params={'model_size_mb': '1.4875', 'n_model_params': '57727', 'name': 'seanet_inputgate_adaptive'}
    [mlflow] logged run 'seanet_inputgate_adaptive_MixedShapesRegularTrain'  (train_acc=1.0000 val_acc=0.9800 test_acc=0.9600 test_loss=0.2270)
[115/129] MixedShapesRegularTrain      DONE  acc=0.9600 loss=0.2270 AOPCR=  1.653 NDCG=  n/a C=  5 T= 1024 (29s)  [115 trained / 0 failed so far]
[116/129] MixedShapesSmallTrain
    stage 1/3: loading data ...
    stage 2/3: training on 80 series (val=20, C=5, T=1024, batch=8) ...
    stage 3/3: scoring on 2425 test series (accuracy + AOPCR) ...
    [mlflow] versioned model 'seanet_inputgate_adaptive__sea_mstcn_sep_inputgate__sea_adaptive_classwise' (id=m-c743b0e089cb41bcae20fe941256c357) params={'model_size_mb': '1.4875', 'n_model_params': '57727', 'name': 'seanet_inputgate_adaptive'}
    [mlflow] logged run 'seanet_inputgate_adaptive_MixedShapesSmallTrain'  (train_acc=1.0000 val_acc=0.9000 test_acc=0.8276 test_loss=0.5286)
[116/129] MixedShapesSmallTrain        DONE  acc=0.8276 loss=0.5286 AOPCR=  2.022 NDCG=  n/a C=  5 T= 1024 (12s)  [116 trained / 0 failed so far]
[117/129] PLAID
    stage 1/3: loading data ...
    stage 2/3: training on 436 series (val=101, C=11, T=1344, batch=16) ...
    stage 3/3: scoring on 537 test series (accuracy + AOPCR) ...
    [mlflow] versioned model 'seanet_inputgate_adaptive__sea_mstcn_sep_inputgate__sea_adaptive_classwise' (id=m-3d7cdca3143a4f25affaf58c52f99603) params={'model_size_mb': '1.4892', 'n_model_params': '58177', 'name': 'seanet_inputgate_adaptive'}
    [mlflow] logged run 'seanet_inputgate_adaptive_PLAID'  (train_acc=0.9771 val_acc=0.8713 test_acc=0.8845 test_loss=0.4205)
[117/129] PLAID                        DONE  acc=0.8845 loss=0.4205 AOPCR=  1.994 NDCG=  n/a C= 11 T= 1344 (68s)  [117 trained / 0 failed so far]
[118/129] PickupGestureWiimoteZ
    stage 1/3: loading data ...
    stage 2/3: training on 50 series (no val (train-loss early stop), C=10, T=361, batch=5) ...
    stage 3/3: scoring on 50 test series (accuracy + AOPCR) ...
    [mlflow] versioned model 'seanet_inputgate_adaptive__sea_mstcn_sep_inputgate__sea_adaptive_classwise' (id=m-b0238deae9594c3594656c306fdbcdcb) params={'model_size_mb': '1.4889', 'n_model_params': '58102', 'name': 'seanet_inputgate_adaptive'}
    [mlflow] logged run 'seanet_inputgate_adaptive_PickupGestureWiimoteZ'  (train_acc=1.0000 test_acc=0.7400 test_loss=0.8339)
[118/129] PickupGestureWiimoteZ        DONE  acc=0.7400 loss=0.8339 AOPCR=  1.082 NDCG=  n/a C= 10 T=  361 (22s)  [118 trained / 0 failed so far]
[119/129] PigAirwayPressure
    stage 1/3: loading data ...
    stage 2/3: training on 52 series (val=52, C=52, T=2000, batch=5) ...
    stage 3/3: scoring on 208 test series (accuracy + AOPCR) ...
    [mlflow] versioned model 'seanet_inputgate_adaptive__sea_mstcn_sep_inputgate__sea_adaptive_classwise' (id=m-bffcdd40353e4ab4930e13d259aed82e) params={'model_size_mb': '1.501', 'n_model_params': '61252', 'name': 'seanet_inputgate_adaptive'}
    [mlflow] logged run 'seanet_inputgate_adaptive_PigAirwayPressure'  (train_acc=0.0385 val_acc=0.0385 test_acc=0.0385 test_loss=3.8543)
[119/129] PigAirwayPressure            DONE  acc=0.0385 loss=3.8543 AOPCR=  0.118 NDCG=  n/a C= 52 T= 2000 (7s)  [119 trained / 0 failed so far]
[120/129] PigArtPressure
    stage 1/3: loading data ...
    stage 2/3: training on 52 series (val=52, C=52, T=2000, batch=5) ...
    stage 3/3: scoring on 208 test series (accuracy + AOPCR) ...
    [mlflow] versioned model 'seanet_inputgate_adaptive__sea_mstcn_sep_inputgate__sea_adaptive_classwise' (id=m-e50bd0bbcc0445aa913c24e2dcb34ab2) params={'model_size_mb': '1.501', 'n_model_params': '61252', 'name': 'seanet_inputgate_adaptive'}
    [mlflow] logged run 'seanet_inputgate_adaptive_PigArtPressure'  (train_acc=1.0000 val_acc=0.8077 test_acc=0.8702 test_loss=0.6333)
[120/129] PigArtPressure               DONE  acc=0.8702 loss=0.6333 AOPCR=  0.983 NDCG=  n/a C= 52 T= 2000 (36s)  [120 trained / 0 failed so far]
[121/129] PigCVP
    stage 1/3: loading data ...
    stage 2/3: training on 52 series (val=52, C=52, T=2000, batch=5) ...
    stage 3/3: scoring on 208 test series (accuracy + AOPCR) ...
    [mlflow] versioned model 'seanet_inputgate_adaptive__sea_mstcn_sep_inputgate__sea_adaptive_classwise' (id=m-2ddd9629433c4a368fd6bed012aadf39) params={'model_size_mb': '1.501', 'n_model_params': '61252', 'name': 'seanet_inputgate_adaptive'}
    [mlflow] logged run 'seanet_inputgate_adaptive_PigCVP'  (train_acc=1.0000 val_acc=0.5962 test_acc=0.6058 test_loss=1.7839)
[121/129] PigCVP                       DONE  acc=0.6058 loss=1.7839 AOPCR=  1.712 NDCG=  n/a C= 52 T= 2000 (27s)  [121 trained / 0 failed so far]
[122/129] PowerCons
    stage 1/3: loading data ...
    stage 2/3: training on 144 series (val=36, C=2, T=144, batch=14) ...
    stage 3/3: scoring on 180 test series (accuracy + AOPCR) ...
    [mlflow] versioned model 'seanet_inputgate_adaptive__sea_mstcn_sep_inputgate__sea_adaptive_classwise' (id=m-ae00387f6c8740ffbd21a4f5ea910433) params={'model_size_mb': '1.4867', 'n_model_params': '57502', 'name': 'seanet_inputgate_adaptive'}
    [mlflow] logged run 'seanet_inputgate_adaptive_PowerCons'  (train_acc=0.9931 val_acc=0.9167 test_acc=0.9278 test_loss=0.2000)
[122/129] PowerCons                    DONE  acc=0.9278 loss=0.2000 AOPCR=  0.713 NDCG=  n/a C=  2 T=  144 (7s)  [122 trained / 0 failed so far]
[123/129] Rock
    stage 1/3: loading data ...
    stage 2/3: training on 20 series (no val (train-loss early stop), C=4, T=2844, batch=2) ...
    stage 3/3: scoring on 50 test series (accuracy + AOPCR) ...
    [mlflow] versioned model 'seanet_inputgate_adaptive__sea_mstcn_sep_inputgate__sea_adaptive_classwise' (id=m-0aaf70258db742f9a0e88879014ce104) params={'model_size_mb': '1.4873', 'n_model_params': '57652', 'name': 'seanet_inputgate_adaptive'}
    [mlflow] logged run 'seanet_inputgate_adaptive_Rock'  (train_acc=1.0000 test_acc=0.5800 test_loss=0.8609)
[123/129] Rock                         DONE  acc=0.5800 loss=0.8609 AOPCR=  2.088 NDCG=  n/a C=  4 T= 2844 (37s)  [123 trained / 0 failed so far]
[124/129] SemgHandGenderCh2
    stage 1/3: loading data ...
    stage 2/3: training on 240 series (val=60, C=2, T=1500, batch=16) ...
    stage 3/3: scoring on 600 test series (accuracy + AOPCR) ...
    [mlflow] versioned model 'seanet_inputgate_adaptive__sea_mstcn_sep_inputgate__sea_adaptive_classwise' (id=m-3894ba55441a47aabddceb33ec99a89b) params={'model_size_mb': '1.4867', 'n_model_params': '57502', 'name': 'seanet_inputgate_adaptive'}
    [mlflow] logged run 'seanet_inputgate_adaptive_SemgHandGenderCh2'  (train_acc=1.0000 val_acc=0.9000 test_acc=0.9067 test_loss=0.2301)
[124/129] SemgHandGenderCh2            DONE  acc=0.9067 loss=0.2301 AOPCR=  1.099 NDCG=  n/a C=  2 T= 1500 (37s)  [124 trained / 0 failed so far]
[125/129] SemgHandMovementCh2
    stage 1/3: loading data ...
    stage 2/3: training on 360 series (val=90, C=6, T=1500, batch=16) ...
    stage 3/3: scoring on 450 test series (accuracy + AOPCR) ...
    [mlflow] versioned model 'seanet_inputgate_adaptive__sea_mstcn_sep_inputgate__sea_adaptive_classwise' (id=m-937a8e92c52a472c8e8ead7c74136935) params={'model_size_mb': '1.4878', 'n_model_params': '57802', 'name': 'seanet_inputgate_adaptive'}
    [mlflow] logged run 'seanet_inputgate_adaptive_SemgHandMovementCh2'  (train_acc=0.6972 val_acc=0.6111 test_acc=0.5533 test_loss=1.1023)
[125/129] SemgHandMovementCh2          DONE  acc=0.5533 loss=1.1023 AOPCR=  1.922 NDCG=  n/a C=  6 T= 1500 (28s)  [125 trained / 0 failed so far]
[126/129] SemgHandSubjectCh2
    stage 1/3: loading data ...
    stage 2/3: training on 360 series (val=90, C=5, T=1500, batch=16) ...
    stage 3/3: scoring on 450 test series (accuracy + AOPCR) ...
    [mlflow] versioned model 'seanet_inputgate_adaptive__sea_mstcn_sep_inputgate__sea_adaptive_classwise' (id=m-0fe6d19d11a8438b849d0d1a155a604b) params={'model_size_mb': '1.4875', 'n_model_params': '57727', 'name': 'seanet_inputgate_adaptive'}
    [mlflow] logged run 'seanet_inputgate_adaptive_SemgHandSubjectCh2'  (train_acc=1.0000 val_acc=0.9000 test_acc=0.8533 test_loss=0.4740)
[126/129] SemgHandSubjectCh2           DONE  acc=0.8533 loss=0.4740 AOPCR=  2.164 NDCG=  n/a C=  5 T= 1500 (40s)  [126 trained / 0 failed so far]
[127/129] ShakeGestureWiimoteZ
    stage 1/3: loading data ...
    stage 2/3: training on 50 series (no val (train-loss early stop), C=10, T=385, batch=5) ...
    stage 3/3: scoring on 50 test series (accuracy + AOPCR) ...
    [mlflow] versioned model 'seanet_inputgate_adaptive__sea_mstcn_sep_inputgate__sea_adaptive_classwise' (id=m-e246a3edbd554832931c8f0070f5492a) params={'model_size_mb': '1.4889', 'n_model_params': '58102', 'name': 'seanet_inputgate_adaptive'}
    [mlflow] logged run 'seanet_inputgate_adaptive_ShakeGestureWiimoteZ'  (train_acc=1.0000 test_acc=0.9200 test_loss=0.4039)
[127/129] ShakeGestureWiimoteZ         DONE  acc=0.9200 loss=0.4039 AOPCR=  1.563 NDCG=  n/a C= 10 T=  385 (35s)  [127 trained / 0 failed so far]
[128/129] SmoothSubspace
    stage 1/3: loading data ...
    stage 2/3: training on 120 series (val=30, C=3, T=15, batch=12) ...
    stage 3/3: scoring on 150 test series (accuracy + AOPCR) ...
    [mlflow] versioned model 'seanet_inputgate_adaptive__sea_mstcn_sep_inputgate__sea_adaptive_classwise' (id=m-5acedeabb88842d08047be221c316796) params={'model_size_mb': '1.487', 'n_model_params': '57577', 'name': 'seanet_inputgate_adaptive'}
    [mlflow] logged run 'seanet_inputgate_adaptive_SmoothSubspace'  (train_acc=1.0000 val_acc=1.0000 test_acc=0.9800 test_loss=0.1396)
[128/129] SmoothSubspace               DONE  acc=0.9800 loss=0.1396 AOPCR=  0.538 NDCG=  n/a C=  3 T=   15 (36s)  [128 trained / 0 failed so far]
[129/129] UMD
    stage 1/3: loading data ...
    stage 2/3: training on 36 series (no val (train-loss early stop), C=3, T=150, batch=3) ...
    stage 3/3: scoring on 144 test series (accuracy + AOPCR) ...
    [mlflow] versioned model 'seanet_inputgate_adaptive__sea_mstcn_sep_inputgate__sea_adaptive_classwise' (id=m-f63edd3d15ff4571b142bd83655e9927) params={'model_size_mb': '1.487', 'n_model_params': '57577', 'name': 'seanet_inputgate_adaptive'}
    [mlflow] logged run 'seanet_inputgate_adaptive_UMD'  (train_acc=1.0000 test_acc=0.9931 test_loss=0.1126)
[129/129] UMD                          DONE  acc=0.9931 loss=0.1126 AOPCR=  1.434 NDCG=  n/a C=  3 T=  150 (15s)  [129 trained / 0 failed so far]

Done: 129 trained, 0 skipped, 0 failed.
Results -> results/SEA_NET/seanet_inputgate_adaptive__sea_mstcn_sep_inputgate__sea_adaptive_classwise/results.csv

=== seanet_inputgate_adaptive__sea_mstcn_sep_inputgate__sea_adaptive_classwise vs MILLET ConjunctiveInceptionTime (mean of 5 reps) ===
  UCR datasets evaluated: 128  (with MILLET baseline: 85, without: 43)
  metric        ours    MILLET   win/tie/loss   (mean over the 85 datasets MILLET published)
  acc         0.8153    0.8445       20/15/50   
  loss        0.5545    1.2241        60/0/25   (lower is better)
  aopcr       0.9636    4.5532         4/0/81   
  wrote results/SEA_NET/seanet_inputgate_adaptive__sea_mstcn_sep_inputgate__sea_adaptive_classwise/comparison_vs_millet.csv

Next: `python main.py report` to draw the figures for seanet_inputgate_adaptive__sea_mstcn_sep_inputgate__sea_adaptive_classwise.

[log] finished; full output saved to results/SEA_NET/seanet_inputgate_adaptive__sea_mstcn_sep_inputgate__sea_adaptive_classwise/logs/train_2026-08-04_22-34-39.log
