[log] command 'train' started at 2026-08-04_20-25-14 for model 'seanet_inputgate_adaptive__sea_mstcn_sep_inputgate__sea_adaptive_classwise'
[log] a copy of everything below is being saved to: results/SEA_NET/seanet_inputgate_adaptive__sea_mstcn_sep_inputgate__sea_adaptive_classwise/logs/train_2026-08-04_20-25-14.log

=== train: model=seanet_inputgate_adaptive__sea_mstcn_sep_inputgate__sea_adaptive_classwise (config sv4/seanet_inputgate_adaptive) device=cuda mode=full datasets=129 ===
[params] using DEFAULT recipe (no Optuna record yet - run 'python main.py optuna --model sv4/seanet_inputgate_adaptive').
  results  -> results/SEA_NET/seanet_inputgate_adaptive__sea_mstcn_sep_inputgate__sea_adaptive_classwise/results.csv
  resume   -> results/SEA_NET/seanet_inputgate_adaptive__sea_mstcn_sep_inputgate__sea_adaptive_classwise/done_train_dataset.txt  (delete it to retrain everything; delete one line to retrain that dataset)

  [mlflow] logging runs to experiment 'SEA-Net_seanet_inputgate_adaptive__sea_mstcn_sep_inputgate__sea_adaptive_classwise_2026-08-04' at sqlite:///mlflow.db
  [mlflow] browse later with:  mlflow ui --backend-store-uri sqlite:///mlflow.db
[  1/129] WebTraffic
    stage 1/3: loading data ...
    stage 2/3: training on 400 series (val=100, C=10, T=1008, batch=16) ...
    stage 3/3: scoring on 500 test series (accuracy + AOPCR + NDCG) ...
    [mlflow] versioned model 'seanet_inputgate_adaptive__sea_mstcn_sep_inputgate__sea_adaptive_classwise' (id=m-a77a121ee91c412581ea24c7cdf0c71d) params={'model_size_mb': '1.4889', 'n_model_params': '58102', 'name': 'seanet_inputgate_adaptive'}
    [mlflow] logged run 'seanet_inputgate_adaptive_WebTraffic'  (train_acc=1.0000 val_acc=0.9100 test_acc=0.8800 test_loss=0.5215)
[  1/129] WebTraffic                   DONE  acc=0.8800 loss=0.5215 AOPCR=  2.266 NDCG=0.692 C= 10 T= 1008 (72s)  [1 trained / 0 failed so far]
[  2/129] Adiac
    stage 1/3: loading data ...
    stage 2/3: training on 328 series (val=62, C=37, T=176, batch=16) ...
    stage 3/3: scoring on 391 test series (accuracy + AOPCR) ...
    [mlflow] versioned model 'seanet_inputgate_adaptive__sea_mstcn_sep_inputgate__sea_adaptive_classwise' (id=m-b6094b2298804272840c55992d8d53f6) params={'model_size_mb': '1.4967', 'n_model_params': '60127', 'name': 'seanet_inputgate_adaptive'}
    [mlflow] logged run 'seanet_inputgate_adaptive_Adiac'  (train_acc=0.9390 val_acc=0.7581 test_acc=0.7391 test_loss=0.9559)
[  2/129] Adiac                        DONE  acc=0.7391 loss=0.9559 AOPCR= -0.138 NDCG=  n/a C= 37 T=  176 (34s)  [2 trained / 0 failed so far]
[  3/129] ArrowHead
    stage 1/3: loading data ...
    stage 2/3: training on 36 series (no val (train-loss early stop), C=3, T=251, batch=3) ...
    stage 3/3: scoring on 175 test series (accuracy + AOPCR) ...
    [mlflow] versioned model 'seanet_inputgate_adaptive__sea_mstcn_sep_inputgate__sea_adaptive_classwise' (id=m-adbb86681a6f41109e19eee0dff15c88) params={'model_size_mb': '1.487', 'n_model_params': '57577', 'name': 'seanet_inputgate_adaptive'}
    [mlflow] logged run 'seanet_inputgate_adaptive_ArrowHead'  (train_acc=1.0000 test_acc=0.8400 test_loss=0.4912)
[  3/129] ArrowHead                    DONE  acc=0.8400 loss=0.4912 AOPCR=  0.336 NDCG=  n/a C=  3 T=  251 (27s)  [3 trained / 0 failed so far]
[  4/129] Beef
    stage 1/3: loading data ...
    stage 2/3: training on 30 series (no val (train-loss early stop), C=5, T=470, batch=3) ...
    stage 3/3: scoring on 30 test series (accuracy + AOPCR) ...
    [mlflow] versioned model 'seanet_inputgate_adaptive__sea_mstcn_sep_inputgate__sea_adaptive_classwise' (id=m-7af76943e20b4346960c6e3b967d9253) params={'model_size_mb': '1.4875', 'n_model_params': '57727', 'name': 'seanet_inputgate_adaptive'}
    [mlflow] logged run 'seanet_inputgate_adaptive_Beef'  (train_acc=1.0000 test_acc=0.7333 test_loss=0.8141)
[  4/129] Beef                         DONE  acc=0.7333 loss=0.8141 AOPCR=  1.085 NDCG=  n/a C=  5 T=  470 (36s)  [4 trained / 0 failed so far]
[  5/129] BeetleFly
    stage 1/3: loading data ...
    stage 2/3: training on 20 series (no val (train-loss early stop), C=2, T=512, batch=2) ...
    stage 3/3: scoring on 20 test series (accuracy + AOPCR) ...
    [mlflow] versioned model 'seanet_inputgate_adaptive__sea_mstcn_sep_inputgate__sea_adaptive_classwise' (id=m-83e459a2be4f4120b0c238507a964e5e) params={'model_size_mb': '1.4867', 'n_model_params': '57502', 'name': 'seanet_inputgate_adaptive'}
    [mlflow] logged run 'seanet_inputgate_adaptive_BeetleFly'  (train_acc=1.0000 test_acc=0.8000 test_loss=0.3323)
[  5/129] BeetleFly                    DONE  acc=0.8000 loss=0.3323 AOPCR=  0.737 NDCG=  n/a C=  2 T=  512 (22s)  [5 trained / 0 failed so far]
[  6/129] BirdChicken
    stage 1/3: loading data ...
    stage 2/3: training on 20 series (no val (train-loss early stop), C=2, T=512, batch=2) ...
    stage 3/3: scoring on 20 test series (accuracy + AOPCR) ...
    [mlflow] versioned model 'seanet_inputgate_adaptive__sea_mstcn_sep_inputgate__sea_adaptive_classwise' (id=m-ccd54c5957dc48759d348efaca3590e2) params={'model_size_mb': '1.4867', 'n_model_params': '57502', 'name': 'seanet_inputgate_adaptive'}
    [mlflow] logged run 'seanet_inputgate_adaptive_BirdChicken'  (train_acc=1.0000 test_acc=0.9500 test_loss=0.2192)
[  6/129] BirdChicken                  DONE  acc=0.9500 loss=0.2192 AOPCR=  2.484 NDCG=  n/a C=  2 T=  512 (18s)  [6 trained / 0 failed so far]
[  7/129] Car
    stage 1/3: loading data ...
    stage 2/3: training on 60 series (no val (train-loss early stop), C=4, T=577, batch=6) ...
    stage 3/3: scoring on 60 test series (accuracy + AOPCR) ...
    [mlflow] versioned model 'seanet_inputgate_adaptive__sea_mstcn_sep_inputgate__sea_adaptive_classwise' (id=m-99cae85a3f574af8b6c4fec74158f3dd) params={'model_size_mb': '1.4873', 'n_model_params': '57652', 'name': 'seanet_inputgate_adaptive'}
    [mlflow] logged run 'seanet_inputgate_adaptive_Car'  (train_acc=1.0000 test_acc=0.8833 test_loss=0.4584)
[  7/129] Car                          DONE  acc=0.8833 loss=0.4584 AOPCR=  1.792 NDCG=  n/a C=  4 T=  577 (24s)  [7 trained / 0 failed so far]
[  8/129] CBF
    stage 1/3: loading data ...
    stage 2/3: training on 30 series (no val (train-loss early stop), C=3, T=128, batch=3) ...
    stage 3/3: scoring on 900 test series (accuracy + AOPCR) ...
    [mlflow] versioned model 'seanet_inputgate_adaptive__sea_mstcn_sep_inputgate__sea_adaptive_classwise' (id=m-3ab6e4fa9702426da65514716cde5a1a) params={'model_size_mb': '1.487', 'n_model_params': '57577', 'name': 'seanet_inputgate_adaptive'}
    [mlflow] logged run 'seanet_inputgate_adaptive_CBF'  (train_acc=1.0000 test_acc=1.0000 test_loss=0.1015)
[  8/129] CBF                          DONE  acc=1.0000 loss=0.1015 AOPCR=  1.465 NDCG=  n/a C=  3 T=  128 (19s)  [8 trained / 0 failed so far]
[  9/129] ChlorineConcentration
    stage 1/3: loading data ...
    stage 2/3: training on 375 series (val=92, C=3, T=166, batch=16) ...
    stage 3/3: scoring on 3840 test series (accuracy + AOPCR) ...
    [mlflow] versioned model 'seanet_inputgate_adaptive__sea_mstcn_sep_inputgate__sea_adaptive_classwise' (id=m-8fd58a6b6aad40ac90770085ced0c491) params={'model_size_mb': '1.487', 'n_model_params': '57577', 'name': 'seanet_inputgate_adaptive'}
    [mlflow] logged run 'seanet_inputgate_adaptive_ChlorineConcentration'  (train_acc=0.9867 val_acc=0.8261 test_acc=0.7927 test_loss=0.5597)
[  9/129] ChlorineConcentration        DONE  acc=0.7927 loss=0.5597 AOPCR=  0.307 NDCG=  n/a C=  3 T=  166 (71s)  [9 trained / 0 failed so far]
[ 10/129] CinCECGTorso
    stage 1/3: loading data ...
    stage 2/3: training on 40 series (no val (train-loss early stop), C=4, T=1639, batch=4) ...
    stage 3/3: scoring on 1380 test series (accuracy + AOPCR) ...
    [mlflow] versioned model 'seanet_inputgate_adaptive__sea_mstcn_sep_inputgate__sea_adaptive_classwise' (id=m-06932e072cb04da3a1cc1c2b74719917) params={'model_size_mb': '1.4873', 'n_model_params': '57652', 'name': 'seanet_inputgate_adaptive'}
    [mlflow] logged run 'seanet_inputgate_adaptive_CinCECGTorso'  (train_acc=1.0000 test_acc=0.6601 test_loss=0.8627)
[ 10/129] CinCECGTorso                 DONE  acc=0.6601 loss=0.8627 AOPCR=  1.464 NDCG=  n/a C=  4 T= 1639 (39s)  [10 trained / 0 failed so far]
[ 11/129] Coffee
    stage 1/3: loading data ...
    stage 2/3: training on 28 series (no val (train-loss early stop), C=2, T=286, batch=2) ...
    stage 3/3: scoring on 28 test series (accuracy + AOPCR) ...
    [mlflow] versioned model 'seanet_inputgate_adaptive__sea_mstcn_sep_inputgate__sea_adaptive_classwise' (id=m-edae736027c747b194515d8424faab8f) params={'model_size_mb': '1.4867', 'n_model_params': '57502', 'name': 'seanet_inputgate_adaptive'}
    [mlflow] logged run 'seanet_inputgate_adaptive_Coffee'  (train_acc=1.0000 test_acc=1.0000 test_loss=0.0686)
[ 11/129] Coffee                       DONE  acc=1.0000 loss=0.0686 AOPCR=  1.837 NDCG=  n/a C=  2 T=  286 (36s)  [11 trained / 0 failed so far]
[ 12/129] Computers
    stage 1/3: loading data ...
    stage 2/3: training on 200 series (val=50, C=2, T=720, batch=16) ...
    stage 3/3: scoring on 250 test series (accuracy + AOPCR) ...
    [mlflow] versioned model 'seanet_inputgate_adaptive__sea_mstcn_sep_inputgate__sea_adaptive_classwise' (id=m-20e7356160634dc1bba3d8eac260f6c0) params={'model_size_mb': '1.4867', 'n_model_params': '57502', 'name': 'seanet_inputgate_adaptive'}
    [mlflow] logged run 'seanet_inputgate_adaptive_Computers'  (train_acc=0.9700 val_acc=0.8400 test_acc=0.7640 test_loss=0.5835)
[ 12/129] Computers                    DONE  acc=0.7640 loss=0.5835 AOPCR=  0.152 NDCG=  n/a C=  2 T=  720 (15s)  [12 trained / 0 failed so far]
[ 13/129] CricketX
    stage 1/3: loading data ...
    stage 2/3: training on 317 series (val=73, C=12, T=300, batch=16) ...
    stage 3/3: scoring on 390 test series (accuracy + AOPCR) ...
    [mlflow] versioned model 'seanet_inputgate_adaptive__sea_mstcn_sep_inputgate__sea_adaptive_classwise' (id=m-1a6e211928154c01a2275a349f25e5fe) params={'model_size_mb': '1.4895', 'n_model_params': '58252', 'name': 'seanet_inputgate_adaptive'}
    [mlflow] logged run 'seanet_inputgate_adaptive_CricketX'  (train_acc=1.0000 val_acc=0.8767 test_acc=0.8410 test_loss=0.7109)
[ 13/129] CricketX                     DONE  acc=0.8410 loss=0.7109 AOPCR=  1.673 NDCG=  n/a C= 12 T=  300 (29s)  [13 trained / 0 failed so far]
[ 14/129] CricketY
    stage 1/3: loading data ...
    stage 2/3: training on 317 series (val=73, C=12, T=300, batch=16) ...
    stage 3/3: scoring on 390 test series (accuracy + AOPCR) ...
    [mlflow] versioned model 'seanet_inputgate_adaptive__sea_mstcn_sep_inputgate__sea_adaptive_classwise' (id=m-313653f2f7274bb095907763cc6250d3) params={'model_size_mb': '1.4895', 'n_model_params': '58252', 'name': 'seanet_inputgate_adaptive'}
    [mlflow] logged run 'seanet_inputgate_adaptive_CricketY'  (train_acc=1.0000 val_acc=0.9315 test_acc=0.7974 test_loss=0.6971)
[ 14/129] CricketY                     DONE  acc=0.7974 loss=0.6971 AOPCR=  1.700 NDCG=  n/a C= 12 T=  300 (39s)  [14 trained / 0 failed so far]
[ 15/129] CricketZ
    stage 1/3: loading data ...
    stage 2/3: training on 316 series (val=74, C=12, T=300, batch=16) ...
    stage 3/3: scoring on 390 test series (accuracy + AOPCR) ...
    [mlflow] versioned model 'seanet_inputgate_adaptive__sea_mstcn_sep_inputgate__sea_adaptive_classwise' (id=m-0dd589a018b54353846711e2c5b8e11c) params={'model_size_mb': '1.4895', 'n_model_params': '58252', 'name': 'seanet_inputgate_adaptive'}
    [mlflow] logged run 'seanet_inputgate_adaptive_CricketZ'  (train_acc=1.0000 val_acc=0.7973 test_acc=0.8179 test_loss=0.7284)
[ 15/129] CricketZ                     DONE  acc=0.8179 loss=0.7284 AOPCR=  1.778 NDCG=  n/a C= 12 T=  300 (32s)  [15 trained / 0 failed so far]
[ 16/129] DiatomSizeReduction
    stage 1/3: loading data ...
    stage 2/3: training on 16 series (no val (train-loss early stop), C=4, T=345, batch=2) ...
    stage 3/3: scoring on 306 test series (accuracy + AOPCR) ...
    [mlflow] versioned model 'seanet_inputgate_adaptive__sea_mstcn_sep_inputgate__sea_adaptive_classwise' (id=m-dc3018f4e1da45f88371e7ec9438d1bc) params={'model_size_mb': '1.4873', 'n_model_params': '57652', 'name': 'seanet_inputgate_adaptive'}
    [mlflow] logged run 'seanet_inputgate_adaptive_DiatomSizeReduction'  (train_acc=1.0000 test_acc=0.9739 test_loss=0.1921)
[ 16/129] DiatomSizeReduction          DONE  acc=0.9739 loss=0.1921 AOPCR=  1.556 NDCG=  n/a C=  4 T=  345 (26s)  [16 trained / 0 failed so far]
[ 17/129] DistalPhalanxOutlineAgeGroup
    stage 1/3: loading data ...
    stage 2/3: training on 321 series (val=79, C=3, T=80, batch=16) ...
    stage 3/3: scoring on 139 test series (accuracy + AOPCR) ...
    [mlflow] versioned model 'seanet_inputgate_adaptive__sea_mstcn_sep_inputgate__sea_adaptive_classwise' (id=m-15e81f2fa38e4e3f869fe6d6ba274996) params={'model_size_mb': '1.487', 'n_model_params': '57577', 'name': 'seanet_inputgate_adaptive'}
    [mlflow] logged run 'seanet_inputgate_adaptive_DistalPhalanxOutlineAgeGroup'  (train_acc=0.8723 val_acc=0.8481 test_acc=0.7194 test_loss=0.5584)
[ 17/129] DistalPhalanxOutlineAgeGroup DONE  acc=0.7194 loss=0.5584 AOPCR=  0.325 NDCG=  n/a C=  3 T=   80 (19s)  [17 trained / 0 failed so far]
[ 18/129] DistalPhalanxOutlineCorrect
    stage 1/3: loading data ...
    stage 2/3: training on 481 series (val=119, C=2, T=80, batch=16) ...
    stage 3/3: scoring on 276 test series (accuracy + AOPCR) ...
    [mlflow] versioned model 'seanet_inputgate_adaptive__sea_mstcn_sep_inputgate__sea_adaptive_classwise' (id=m-3844cd659ea24aaeb847755c9ef8a892) params={'model_size_mb': '1.4867', 'n_model_params': '57502', 'name': 'seanet_inputgate_adaptive'}
    [mlflow] logged run 'seanet_inputgate_adaptive_DistalPhalanxOutlineCorrect'  (train_acc=0.9584 val_acc=0.9328 test_acc=0.7717 test_loss=0.5537)
[ 18/129] DistalPhalanxOutlineCorrect  DONE  acc=0.7717 loss=0.5537 AOPCR= -0.024 NDCG=  n/a C=  2 T=   80 (65s)  [18 trained / 0 failed so far]
[ 19/129] DistalPhalanxTW
    stage 1/3: loading data ...
    stage 2/3: training on 323 series (val=77, C=6, T=80, batch=16) ...
    stage 3/3: scoring on 139 test series (accuracy + AOPCR) ...
    [mlflow] versioned model 'seanet_inputgate_adaptive__sea_mstcn_sep_inputgate__sea_adaptive_classwise' (id=m-38828b5c6e8d44518845eef5d368be8c) params={'model_size_mb': '1.4878', 'n_model_params': '57802', 'name': 'seanet_inputgate_adaptive'}
    [mlflow] logged run 'seanet_inputgate_adaptive_DistalPhalanxTW'  (train_acc=0.7957 val_acc=0.8052 test_acc=0.6906 test_loss=0.8429)
[ 19/129] DistalPhalanxTW              DONE  acc=0.6906 loss=0.8429 AOPCR=  0.931 NDCG=  n/a C=  6 T=   80 (14s)  [19 trained / 0 failed so far]
[ 20/129] Earthquakes
    stage 1/3: loading data ...
    stage 2/3: training on 259 series (val=63, C=2, T=512, batch=16) ...
    stage 3/3: scoring on 139 test series (accuracy + AOPCR) ...
    [mlflow] versioned model 'seanet_inputgate_adaptive__sea_mstcn_sep_inputgate__sea_adaptive_classwise' (id=m-b2a8f87fba79426a925d47c5ee03713e) params={'model_size_mb': '1.4867', 'n_model_params': '57502', 'name': 'seanet_inputgate_adaptive'}
    [mlflow] logged run 'seanet_inputgate_adaptive_Earthquakes'  (train_acc=0.8185 val_acc=0.8254 test_acc=0.7482 test_loss=0.5610)
[ 20/129] Earthquakes                  DONE  acc=0.7482 loss=0.5610 AOPCR=  0.065 NDCG=  n/a C=  2 T=  512 (10s)  [20 trained / 0 failed so far]
[ 21/129] ECG200
    stage 1/3: loading data ...
    stage 2/3: training on 81 series (val=19, C=2, T=96, batch=8) ...
    stage 3/3: scoring on 100 test series (accuracy + AOPCR) ...
    [mlflow] versioned model 'seanet_inputgate_adaptive__sea_mstcn_sep_inputgate__sea_adaptive_classwise' (id=m-8186acd533344ff2931c56d9375f2251) params={'model_size_mb': '1.4867', 'n_model_params': '57502', 'name': 'seanet_inputgate_adaptive'}
    [mlflow] logged run 'seanet_inputgate_adaptive_ECG200'  (train_acc=0.9012 val_acc=0.8947 test_acc=0.8600 test_loss=0.3326)
[ 21/129] ECG200                       DONE  acc=0.8600 loss=0.3326 AOPCR=  0.409 NDCG=  n/a C=  2 T=   96 (7s)  [21 trained / 0 failed so far]
[ 22/129] ECG5000
    stage 1/3: loading data ...
    stage 2/3: training on 401 series (val=99, C=5, T=140, batch=16) ...
    stage 3/3: scoring on 4500 test series (accuracy + AOPCR) ...
    [mlflow] versioned model 'seanet_inputgate_adaptive__sea_mstcn_sep_inputgate__sea_adaptive_classwise' (id=m-1c130fcc1a2d4658b2a60bef2b2641b3) params={'model_size_mb': '1.4875', 'n_model_params': '57727', 'name': 'seanet_inputgate_adaptive'}
    [mlflow] logged run 'seanet_inputgate_adaptive_ECG5000'  (train_acc=0.9825 val_acc=0.9495 test_acc=0.9393 test_loss=0.2782)
[ 22/129] ECG5000                      DONE  acc=0.9393 loss=0.2782 AOPCR=  0.451 NDCG=  n/a C=  5 T=  140 (26s)  [22 trained / 0 failed so far]
[ 23/129] ECGFiveDays
    stage 1/3: loading data ...
    stage 2/3: training on 23 series (no val (train-loss early stop), C=2, T=136, batch=2) ...
    stage 3/3: scoring on 861 test series (accuracy + AOPCR) ...
    [mlflow] versioned model 'seanet_inputgate_adaptive__sea_mstcn_sep_inputgate__sea_adaptive_classwise' (id=m-c0f5d3daf6d54377b97d2d0356de10c5) params={'model_size_mb': '1.4867', 'n_model_params': '57502', 'name': 'seanet_inputgate_adaptive'}
    [mlflow] logged run 'seanet_inputgate_adaptive_ECGFiveDays'  (train_acc=1.0000 test_acc=1.0000 test_loss=0.0664)
[ 23/129] ECGFiveDays                  DONE  acc=1.0000 loss=0.0664 AOPCR=  0.817 NDCG=  n/a C=  2 T=  136 (26s)  [23 trained / 0 failed so far]
[ 24/129] ElectricDevices
    stage 1/3: loading data ...
    stage 2/3: training on 7144 series (val=1782, C=7, T=96, batch=16) ...
    stage 3/3: scoring on 7711 test series (accuracy + AOPCR) ...
    [mlflow] versioned model 'seanet_inputgate_adaptive__sea_mstcn_sep_inputgate__sea_adaptive_classwise' (id=m-060afd9b4b29407caa8daf59739e2486) params={'model_size_mb': '1.4881', 'n_model_params': '57877', 'name': 'seanet_inputgate_adaptive'}
    [mlflow] logged run 'seanet_inputgate_adaptive_ElectricDevices'  (train_acc=0.9418 val_acc=0.8889 test_acc=0.7052 test_loss=1.0491)
[ 24/129] ElectricDevices              DONE  acc=0.7052 loss=1.0491 AOPCR=  0.395 NDCG=  n/a C=  7 T=   96 (638s)  [24 trained / 0 failed so far]
[ 25/129] FaceAll
    stage 1/3: loading data ...
    stage 2/3: training on 448 series (val=112, C=14, T=131, batch=16) ...
    stage 3/3: scoring on 1690 test series (accuracy + AOPCR) ...
    [mlflow] versioned model 'seanet_inputgate_adaptive__sea_mstcn_sep_inputgate__sea_adaptive_classwise' (id=m-f77b89438d2d4792a2d29b769d96310d) params={'model_size_mb': '1.49', 'n_model_params': '58402', 'name': 'seanet_inputgate_adaptive'}
    [mlflow] logged run 'seanet_inputgate_adaptive_FaceAll'  (train_acc=1.0000 val_acc=0.9911 test_acc=0.8047 test_loss=0.8508)
[ 25/129] FaceAll                      DONE  acc=0.8047 loss=0.8508 AOPCR=  0.705 NDCG=  n/a C= 14 T=  131 (53s)  [25 trained / 0 failed so far]
[ 26/129] FaceFour
    stage 1/3: loading data ...
    stage 2/3: training on 24 series (no val (train-loss early stop), C=4, T=350, batch=2) ...
    stage 3/3: scoring on 88 test series (accuracy + AOPCR) ...
    [mlflow] versioned model 'seanet_inputgate_adaptive__sea_mstcn_sep_inputgate__sea_adaptive_classwise' (id=m-32b2f744fc504fd09a59a25276330a6a) params={'model_size_mb': '1.4873', 'n_model_params': '57652', 'name': 'seanet_inputgate_adaptive'}
    [mlflow] logged run 'seanet_inputgate_adaptive_FaceFour'  (train_acc=1.0000 test_acc=0.9205 test_loss=0.2851)
[ 26/129] FaceFour                     DONE  acc=0.9205 loss=0.2851 AOPCR=  2.209 NDCG=  n/a C=  4 T=  350 (16s)  [26 trained / 0 failed so far]
[ 27/129] FacesUCR
    stage 1/3: loading data ...
    stage 2/3: training on 165 series (val=35, C=14, T=131, batch=16) ...
    stage 3/3: scoring on 2050 test series (accuracy + AOPCR) ...
    [mlflow] versioned model 'seanet_inputgate_adaptive__sea_mstcn_sep_inputgate__sea_adaptive_classwise' (id=m-c6bb3756544f43a8a522423053f2edb7) params={'model_size_mb': '1.49', 'n_model_params': '58402', 'name': 'seanet_inputgate_adaptive'}
    [mlflow] logged run 'seanet_inputgate_adaptive_FacesUCR'  (train_acc=1.0000 val_acc=1.0000 test_acc=0.9468 test_loss=0.3002)
[ 27/129] FacesUCR                     DONE  acc=0.9468 loss=0.3002 AOPCR=  0.838 NDCG=  n/a C= 14 T=  131 (25s)  [27 trained / 0 failed so far]
[ 28/129] FiftyWords
    stage 1/3: loading data ...
    stage 2/3: training on 365 series (val=85, C=50, T=270, batch=16) ...
    stage 3/3: scoring on 455 test series (accuracy + AOPCR) ...
    [mlflow] versioned model 'seanet_inputgate_adaptive__sea_mstcn_sep_inputgate__sea_adaptive_classwise' (id=m-d34034a69ac54fa387a7a967c5325c90) params={'model_size_mb': '1.5005', 'n_model_params': '61102', 'name': 'seanet_inputgate_adaptive'}
    [mlflow] logged run 'seanet_inputgate_adaptive_FiftyWords'  (train_acc=1.0000 val_acc=0.8235 test_acc=0.8066 test_loss=0.9354)
[ 28/129] FiftyWords                   DONE  acc=0.8066 loss=0.9354 AOPCR=  1.770 NDCG=  n/a C= 50 T=  270 (43s)  [28 trained / 0 failed so far]
[ 29/129] Fish
    stage 1/3: loading data ...
    stage 2/3: training on 142 series (val=33, C=7, T=463, batch=14) ...
    stage 3/3: scoring on 175 test series (accuracy + AOPCR) ...
    [mlflow] versioned model 'seanet_inputgate_adaptive__sea_mstcn_sep_inputgate__sea_adaptive_classwise' (id=m-738fd4b86226481090c63056b91557e0) params={'model_size_mb': '1.4881', 'n_model_params': '57877', 'name': 'seanet_inputgate_adaptive'}
    [mlflow] logged run 'seanet_inputgate_adaptive_Fish'  (train_acc=1.0000 val_acc=0.9697 test_acc=0.9829 test_loss=0.1655)
[ 29/129] Fish                         DONE  acc=0.9829 loss=0.1655 AOPCR=  0.693 NDCG=  n/a C=  7 T=  463 (40s)  [29 trained / 0 failed so far]
[ 30/129] FordA
    stage 1/3: loading data ...
    stage 2/3: training on 2881 series (val=720, C=2, T=500, batch=16) ...
    stage 3/3: scoring on 1320 test series (accuracy + AOPCR) ...
    [mlflow] versioned model 'seanet_inputgate_adaptive__sea_mstcn_sep_inputgate__sea_adaptive_classwise' (id=m-b2e4ecd8c0e84da39e55834f95a5ac45) params={'model_size_mb': '1.4867', 'n_model_params': '57502', 'name': 'seanet_inputgate_adaptive'}
    [mlflow] logged run 'seanet_inputgate_adaptive_FordA'  (train_acc=0.9806 val_acc=0.9653 test_acc=0.9636 test_loss=0.1537)
[ 30/129] FordA                        DONE  acc=0.9636 loss=0.1537 AOPCR=  0.608 NDCG=  n/a C=  2 T=  500 (121s)  [30 trained / 0 failed so far]
[ 31/129] FordB
    stage 1/3: loading data ...
    stage 2/3: training on 2909 series (val=727, C=2, T=500, batch=16) ...
    stage 3/3: scoring on 810 test series (accuracy + AOPCR) ...
    [mlflow] versioned model 'seanet_inputgate_adaptive__sea_mstcn_sep_inputgate__sea_adaptive_classwise' (id=m-d98bc9f1fadc4d29889d866ab4331ac8) params={'model_size_mb': '1.4867', 'n_model_params': '57502', 'name': 'seanet_inputgate_adaptive'}
    [mlflow] logged run 'seanet_inputgate_adaptive_FordB'  (train_acc=0.9921 val_acc=0.9601 test_acc=0.8432 test_loss=0.3658)
[ 31/129] FordB                        DONE  acc=0.8432 loss=0.3658 AOPCR=  1.196 NDCG=  n/a C=  2 T=  500 (143s)  [31 trained / 0 failed so far]
[ 32/129] GunPoint
    stage 1/3: loading data ...
    stage 2/3: training on 50 series (no val (train-loss early stop), C=2, T=150, batch=5) ...
    stage 3/3: scoring on 150 test series (accuracy + AOPCR) ...
    [mlflow] versioned model 'seanet_inputgate_adaptive__sea_mstcn_sep_inputgate__sea_adaptive_classwise' (id=m-5ae860544dce4b5f93fca953d7d45cba) params={'model_size_mb': '1.4867', 'n_model_params': '57502', 'name': 'seanet_inputgate_adaptive'}
    [mlflow] logged run 'seanet_inputgate_adaptive_GunPoint'  (train_acc=1.0000 test_acc=0.9933 test_loss=0.1028)
[ 32/129] GunPoint                     DONE  acc=0.9933 loss=0.1028 AOPCR=  0.906 NDCG=  n/a C=  2 T=  150 (13s)  [32 trained / 0 failed so far]
[ 33/129] Ham
    stage 1/3: loading data ...
    stage 2/3: training on 88 series (val=21, C=2, T=431, batch=8) ...
    stage 3/3: scoring on 105 test series (accuracy + AOPCR) ...
    [mlflow] versioned model 'seanet_inputgate_adaptive__sea_mstcn_sep_inputgate__sea_adaptive_classwise' (id=m-107375061b3e4e89a47c85984ded0816) params={'model_size_mb': '1.4867', 'n_model_params': '57502', 'name': 'seanet_inputgate_adaptive'}
    [mlflow] logged run 'seanet_inputgate_adaptive_Ham'  (train_acc=1.0000 val_acc=0.9524 test_acc=0.7143 test_loss=0.6148)
[ 33/129] Ham                          DONE  acc=0.7143 loss=0.6148 AOPCR=  0.766 NDCG=  n/a C=  2 T=  431 (15s)  [33 trained / 0 failed so far]
[ 34/129] HandOutlines
    stage 1/3: loading data ...
    stage 2/3: training on 801 series (val=199, C=2, T=2709, batch=16) ...
    stage 3/3: scoring on 370 test series (accuracy + AOPCR) ...
    [mlflow] versioned model 'seanet_inputgate_adaptive__sea_mstcn_sep_inputgate__sea_adaptive_classwise' (id=m-22f5f795ffc7484aac8d803db280afb2) params={'model_size_mb': '1.4867', 'n_model_params': '57502', 'name': 'seanet_inputgate_adaptive'}
    [mlflow] logged run 'seanet_inputgate_adaptive_HandOutlines'  (train_acc=0.9925 val_acc=0.9698 test_acc=0.9514 test_loss=0.1655)
[ 34/129] HandOutlines                 DONE  acc=0.9514 loss=0.1655 AOPCR=  2.072 NDCG=  n/a C=  2 T= 2709 (326s)  [34 trained / 0 failed so far]
[ 35/129] Haptics
    stage 1/3: loading data ...
    stage 2/3: training on 127 series (val=28, C=5, T=1092, batch=12) ...
    stage 3/3: scoring on 308 test series (accuracy + AOPCR) ...
    [mlflow] versioned model 'seanet_inputgate_adaptive__sea_mstcn_sep_inputgate__sea_adaptive_classwise' (id=m-8783ad6127104fd4baeee0f1cf7c9a78) params={'model_size_mb': '1.4875', 'n_model_params': '57727', 'name': 'seanet_inputgate_adaptive'}
    [mlflow] logged run 'seanet_inputgate_adaptive_Haptics'  (train_acc=0.4961 val_acc=0.2857 test_acc=0.3247 test_loss=1.5890)
[ 35/129] Haptics                      DONE  acc=0.3247 loss=1.5890 AOPCR=  0.893 NDCG=  n/a C=  5 T= 1092 (8s)  [35 trained / 0 failed so far]
[ 36/129] Herring
    stage 1/3: loading data ...
    stage 2/3: training on 64 series (no val (train-loss early stop), C=2, T=512, batch=6) ...
    stage 3/3: scoring on 64 test series (accuracy + AOPCR) ...
    [mlflow] versioned model 'seanet_inputgate_adaptive__sea_mstcn_sep_inputgate__sea_adaptive_classwise' (id=m-137d706919484ce1b37d3e44d7aa88c3) params={'model_size_mb': '1.4867', 'n_model_params': '57502', 'name': 'seanet_inputgate_adaptive'}
    [mlflow] logged run 'seanet_inputgate_adaptive_Herring'  (train_acc=1.0000 test_acc=0.6562 test_loss=0.8501)
[ 36/129] Herring                      DONE  acc=0.6562 loss=0.8501 AOPCR=  0.999 NDCG=  n/a C=  2 T=  512 (35s)  [36 trained / 0 failed so far]
[ 37/129] InlineSkate
    stage 1/3: loading data ...
    stage 2/3: training on 84 series (val=16, C=7, T=1882, batch=8) ...
    stage 3/3: scoring on 550 test series (accuracy + AOPCR) ...
    [mlflow] versioned model 'seanet_inputgate_adaptive__sea_mstcn_sep_inputgate__sea_adaptive_classwise' (id=m-4bce27b7d1d2455c92b0d949076426e5) params={'model_size_mb': '1.4881', 'n_model_params': '57877', 'name': 'seanet_inputgate_adaptive'}
    [mlflow] logged run 'seanet_inputgate_adaptive_InlineSkate'  (train_acc=0.5833 val_acc=0.4375 test_acc=0.2800 test_loss=1.8797)
[ 37/129] InlineSkate                  DONE  acc=0.2800 loss=1.8797 AOPCR=  1.991 NDCG=  n/a C=  7 T= 1882 (11s)  [37 trained / 0 failed so far]
[ 38/129] InsectWingbeatSound
    stage 1/3: loading data ...
    stage 2/3: training on 176 series (val=44, C=11, T=256, batch=16) ...
    stage 3/3: scoring on 1980 test series (accuracy + AOPCR) ...
    [mlflow] versioned model 'seanet_inputgate_adaptive__sea_mstcn_sep_inputgate__sea_adaptive_classwise' (id=m-a2e3890858564d93a64855decdf2d2f9) params={'model_size_mb': '1.4892', 'n_model_params': '58177', 'name': 'seanet_inputgate_adaptive'}
    [mlflow] logged run 'seanet_inputgate_adaptive_InsectWingbeatSound'  (train_acc=0.7330 val_acc=0.5455 test_acc=0.6035 test_loss=1.0334)
[ 38/129] InsectWingbeatSound          DONE  acc=0.6035 loss=1.0334 AOPCR=  0.883 NDCG=  n/a C= 11 T=  256 (8s)  [38 trained / 0 failed so far]
[ 39/129] ItalyPowerDemand
    stage 1/3: loading data ...
    stage 2/3: training on 67 series (no val (train-loss early stop), C=2, T=24, batch=6) ...
    stage 3/3: scoring on 1029 test series (accuracy + AOPCR) ...
    [mlflow] versioned model 'seanet_inputgate_adaptive__sea_mstcn_sep_inputgate__sea_adaptive_classwise' (id=m-36013893f1134446a93a430ad81e8751) params={'model_size_mb': '1.4867', 'n_model_params': '57502', 'name': 'seanet_inputgate_adaptive'}
    [mlflow] logged run 'seanet_inputgate_adaptive_ItalyPowerDemand'  (train_acc=1.0000 test_acc=0.9679 test_loss=0.1342)
[ 39/129] ItalyPowerDemand             DONE  acc=0.9679 loss=0.1342 AOPCR=  0.074 NDCG=  n/a C=  2 T=   24 (37s)  [39 trained / 0 failed so far]
[ 40/129] LargeKitchenAppliances
    stage 1/3: loading data ...
    stage 2/3: training on 300 series (val=75, C=3, T=720, batch=16) ...
    stage 3/3: scoring on 375 test series (accuracy + AOPCR) ...
    [mlflow] versioned model 'seanet_inputgate_adaptive__sea_mstcn_sep_inputgate__sea_adaptive_classwise' (id=m-ea3ed437c1bb470e962ae828f9cf7eda) params={'model_size_mb': '1.487', 'n_model_params': '57577', 'name': 'seanet_inputgate_adaptive'}
    [mlflow] logged run 'seanet_inputgate_adaptive_LargeKitchenAppliances'  (train_acc=1.0000 val_acc=0.9333 test_acc=0.8827 test_loss=0.3964)
[ 40/129] LargeKitchenAppliances       DONE  acc=0.8827 loss=0.3964 AOPCR=  1.630 NDCG=  n/a C=  3 T=  720 (47s)  [40 trained / 0 failed so far]
[ 41/129] Lightning2
    stage 1/3: loading data ...
    stage 2/3: training on 60 series (no val (train-loss early stop), C=2, T=637, batch=6) ...
    stage 3/3: scoring on 61 test series (accuracy + AOPCR) ...
    [mlflow] versioned model 'seanet_inputgate_adaptive__sea_mstcn_sep_inputgate__sea_adaptive_classwise' (id=m-a8c709ce2e4f4a4b8a1a339e84fe0739) params={'model_size_mb': '1.4867', 'n_model_params': '57502', 'name': 'seanet_inputgate_adaptive'}
    [mlflow] logged run 'seanet_inputgate_adaptive_Lightning2'  (train_acc=1.0000 test_acc=0.8361 test_loss=0.3903)
[ 41/129] Lightning2                   DONE  acc=0.8361 loss=0.3903 AOPCR=  0.688 NDCG=  n/a C=  2 T=  637 (15s)  [41 trained / 0 failed so far]
[ 42/129] Lightning7
    stage 1/3: loading data ...
    stage 2/3: training on 70 series (no val (train-loss early stop), C=7, T=319, batch=7) ...
    stage 3/3: scoring on 73 test series (accuracy + AOPCR) ...
    [mlflow] versioned model 'seanet_inputgate_adaptive__sea_mstcn_sep_inputgate__sea_adaptive_classwise' (id=m-79560ea0f6a74d428dedeb97bab43c13) params={'model_size_mb': '1.4881', 'n_model_params': '57877', 'name': 'seanet_inputgate_adaptive'}
    [mlflow] logged run 'seanet_inputgate_adaptive_Lightning7'  (train_acc=1.0000 test_acc=0.8219 test_loss=0.5373)
[ 42/129] Lightning7                   DONE  acc=0.8219 loss=0.5373 AOPCR=  1.801 NDCG=  n/a C=  7 T=  319 (32s)  [42 trained / 0 failed so far]
[ 43/129] Mallat
    stage 1/3: loading data ...
    stage 2/3: training on 55 series (no val (train-loss early stop), C=8, T=1024, batch=5) ...
    stage 3/3: scoring on 2345 test series (accuracy + AOPCR) ...
    [mlflow] versioned model 'seanet_inputgate_adaptive__sea_mstcn_sep_inputgate__sea_adaptive_classwise' (id=m-94242782ca1a4d71bf0ffb0581dfc4f9) params={'model_size_mb': '1.4884', 'n_model_params': '57952', 'name': 'seanet_inputgate_adaptive'}
    [mlflow] logged run 'seanet_inputgate_adaptive_Mallat'  (train_acc=1.0000 test_acc=0.8588 test_loss=0.6270)
[ 43/129] Mallat                       DONE  acc=0.8588 loss=0.6270 AOPCR=  2.109 NDCG=  n/a C=  8 T= 1024 (41s)  [43 trained / 0 failed so far]
[ 44/129] Meat
    stage 1/3: loading data ...
    stage 2/3: training on 60 series (no val (train-loss early stop), C=3, T=448, batch=6) ...
    stage 3/3: scoring on 60 test series (accuracy + AOPCR) ...
    [mlflow] versioned model 'seanet_inputgate_adaptive__sea_mstcn_sep_inputgate__sea_adaptive_classwise' (id=m-504774e13bbd454ca6117151ed96214b) params={'model_size_mb': '1.487', 'n_model_params': '57577', 'name': 'seanet_inputgate_adaptive'}
    [mlflow] logged run 'seanet_inputgate_adaptive_Meat'  (train_acc=1.0000 test_acc=0.8667 test_loss=0.3595)
[ 44/129] Meat                         DONE  acc=0.8667 loss=0.3595 AOPCR=  1.679 NDCG=  n/a C=  3 T=  448 (13s)  [44 trained / 0 failed so far]
[ 45/129] MedicalImages
    stage 1/3: loading data ...
    stage 2/3: training on 307 series (val=74, C=10, T=99, batch=16) ...
    stage 3/3: scoring on 760 test series (accuracy + AOPCR) ...
    [mlflow] versioned model 'seanet_inputgate_adaptive__sea_mstcn_sep_inputgate__sea_adaptive_classwise' (id=m-1603b51a3f0741858f4f47cf1c3fe115) params={'model_size_mb': '1.4889', 'n_model_params': '58102', 'name': 'seanet_inputgate_adaptive'}
    [mlflow] logged run 'seanet_inputgate_adaptive_MedicalImages'  (train_acc=0.9414 val_acc=0.8649 test_acc=0.7632 test_loss=0.6780)
[ 45/129] MedicalImages                DONE  acc=0.7632 loss=0.6780 AOPCR=  0.348 NDCG=  n/a C= 10 T=   99 (26s)  [45 trained / 0 failed so far]
[ 46/129] MiddlePhalanxOutlineAgeGroup
    stage 1/3: loading data ...
    stage 2/3: training on 321 series (val=79, C=3, T=80, batch=16) ...
    stage 3/3: scoring on 154 test series (accuracy + AOPCR) ...
    [mlflow] versioned model 'seanet_inputgate_adaptive__sea_mstcn_sep_inputgate__sea_adaptive_classwise' (id=m-4a6a6a68850a4921aec03951ffa1d8e2) params={'model_size_mb': '1.487', 'n_model_params': '57577', 'name': 'seanet_inputgate_adaptive'}
    [mlflow] logged run 'seanet_inputgate_adaptive_MiddlePhalanxOutlineAgeGroup'  (train_acc=0.8754 val_acc=0.8861 test_acc=0.5844 test_loss=1.0339)
[ 46/129] MiddlePhalanxOutlineAgeGroup DONE  acc=0.5844 loss=1.0339 AOPCR=  0.619 NDCG=  n/a C=  3 T=   80 (43s)  [46 trained / 0 failed so far]
[ 47/129] MiddlePhalanxOutlineCorrect
    stage 1/3: loading data ...
    stage 2/3: training on 481 series (val=119, C=2, T=80, batch=16) ...
    stage 3/3: scoring on 291 test series (accuracy + AOPCR) ...
    [mlflow] versioned model 'seanet_inputgate_adaptive__sea_mstcn_sep_inputgate__sea_adaptive_classwise' (id=m-c11e3fe037864bdbae08b67a10d906b6) params={'model_size_mb': '1.4867', 'n_model_params': '57502', 'name': 'seanet_inputgate_adaptive'}
    [mlflow] logged run 'seanet_inputgate_adaptive_MiddlePhalanxOutlineCorrect'  (train_acc=0.9397 val_acc=0.8067 test_acc=0.8144 test_loss=0.4368)
[ 47/129] MiddlePhalanxOutlineCorrect  DONE  acc=0.8144 loss=0.4368 AOPCR= -0.404 NDCG=  n/a C=  2 T=   80 (68s)  [47 trained / 0 failed so far]
[ 48/129] MiddlePhalanxTW
    stage 1/3: loading data ...
    stage 2/3: training on 321 series (val=78, C=6, T=80, batch=16) ...
    stage 3/3: scoring on 154 test series (accuracy + AOPCR) ...
    [mlflow] versioned model 'seanet_inputgate_adaptive__sea_mstcn_sep_inputgate__sea_adaptive_classwise' (id=m-3354737727a24c1cb4e9c855b70e16e3) params={'model_size_mb': '1.4878', 'n_model_params': '57802', 'name': 'seanet_inputgate_adaptive'}
    [mlflow] logged run 'seanet_inputgate_adaptive_MiddlePhalanxTW'  (train_acc=0.6760 val_acc=0.6538 test_acc=0.5260 test_loss=1.1083)
[ 48/129] MiddlePhalanxTW              DONE  acc=0.5260 loss=1.1083 AOPCR=  0.324 NDCG=  n/a C=  6 T=   80 (24s)  [48 trained / 0 failed so far]
[ 49/129] MoteStrain
    stage 1/3: loading data ...
    stage 2/3: training on 20 series (no val (train-loss early stop), C=2, T=84, batch=2) ...
    stage 3/3: scoring on 1252 test series (accuracy + AOPCR) ...
    [mlflow] versioned model 'seanet_inputgate_adaptive__sea_mstcn_sep_inputgate__sea_adaptive_classwise' (id=m-1f0a8706989f438185f87b30db701cf2) params={'model_size_mb': '1.4867', 'n_model_params': '57502', 'name': 'seanet_inputgate_adaptive'}
    [mlflow] logged run 'seanet_inputgate_adaptive_MoteStrain'  (train_acc=1.0000 test_acc=0.8666 test_loss=0.3073)
[ 49/129] MoteStrain                   DONE  acc=0.8666 loss=0.3073 AOPCR=  0.380 NDCG=  n/a C=  2 T=   84 (19s)  [49 trained / 0 failed so far]
[ 50/129] NonInvasiveFetalECGThorax1
    stage 1/3: loading data ...
    stage 2/3: training on 1452 series (val=348, C=42, T=750, batch=16) ...
    stage 3/3: scoring on 1965 test series (accuracy + AOPCR) ...
    [mlflow] versioned model 'seanet_inputgate_adaptive__sea_mstcn_sep_inputgate__sea_adaptive_classwise' (id=m-4eb78a9e9ed1437aa5426911c4125d06) params={'model_size_mb': '1.4981', 'n_model_params': '60502', 'name': 'seanet_inputgate_adaptive'}
    [mlflow] logged run 'seanet_inputgate_adaptive_NonInvasiveFetalECGThorax1'  (train_acc=0.8733 val_acc=0.8075 test_acc=0.7924 test_loss=0.8233)
[ 50/129] NonInvasiveFetalECGThorax1   DONE  acc=0.7924 loss=0.8233 AOPCR=  1.608 NDCG=  n/a C= 42 T=  750 (164s)  [50 trained / 0 failed so far]
[ 51/129] NonInvasiveFetalECGThorax2
    stage 1/3: loading data ...
    stage 2/3: training on 1452 series (val=348, C=42, T=750, batch=16) ...
    stage 3/3: scoring on 1965 test series (accuracy + AOPCR) ...
    [mlflow] versioned model 'seanet_inputgate_adaptive__sea_mstcn_sep_inputgate__sea_adaptive_classwise' (id=m-310034d2d1394b3199b053c72f4dc256) params={'model_size_mb': '1.4981', 'n_model_params': '60502', 'name': 'seanet_inputgate_adaptive'}
    [mlflow] logged run 'seanet_inputgate_adaptive_NonInvasiveFetalECGThorax2'  (train_acc=0.8843 val_acc=0.8103 test_acc=0.8000 test_loss=0.8068)
[ 51/129] NonInvasiveFetalECGThorax2   DONE  acc=0.8000 loss=0.8068 AOPCR=  1.954 NDCG=  n/a C= 42 T=  750 (147s)  [51 trained / 0 failed so far]
[ 52/129] OliveOil
    stage 1/3: loading data ...
    stage 2/3: training on 30 series (no val (train-loss early stop), C=4, T=570, batch=3) ...
    stage 3/3: scoring on 30 test series (accuracy + AOPCR) ...
    [mlflow] versioned model 'seanet_inputgate_adaptive__sea_mstcn_sep_inputgate__sea_adaptive_classwise' (id=m-52d0d406020d4116a30ce830f7fd02ac) params={'model_size_mb': '1.4873', 'n_model_params': '57652', 'name': 'seanet_inputgate_adaptive'}
    [mlflow] logged run 'seanet_inputgate_adaptive_OliveOil'  (train_acc=0.8667 test_acc=0.7667 test_loss=0.7541)
[ 52/129] OliveOil                     DONE  acc=0.7667 loss=0.7541 AOPCR=  1.151 NDCG=  n/a C=  4 T=  570 (35s)  [52 trained / 0 failed so far]
[ 53/129] OSULeaf
    stage 1/3: loading data ...
    stage 2/3: training on 163 series (val=37, C=6, T=427, batch=16) ...
    stage 3/3: scoring on 242 test series (accuracy + AOPCR) ...
    [mlflow] versioned model 'seanet_inputgate_adaptive__sea_mstcn_sep_inputgate__sea_adaptive_classwise' (id=m-65e5313a7a564f1bbed0147f50152dc0) params={'model_size_mb': '1.4878', 'n_model_params': '57802', 'name': 'seanet_inputgate_adaptive'}
    [mlflow] logged run 'seanet_inputgate_adaptive_OSULeaf'  (train_acc=1.0000 val_acc=0.9459 test_acc=0.8595 test_loss=0.4943)
[ 53/129] OSULeaf                      DONE  acc=0.8595 loss=0.4943 AOPCR=  1.083 NDCG=  n/a C=  6 T=  427 (13s)  [53 trained / 0 failed so far]
[ 54/129] PhalangesOutlinesCorrect
    stage 1/3: loading data ...
    stage 2/3: training on 1441 series (val=359, C=2, T=80, batch=16) ...
    stage 3/3: scoring on 858 test series (accuracy + AOPCR) ...
    [mlflow] versioned model 'seanet_inputgate_adaptive__sea_mstcn_sep_inputgate__sea_adaptive_classwise' (id=m-84030810dcdb4317bed6e0d5eea41e0e) params={'model_size_mb': '1.4867', 'n_model_params': '57502', 'name': 'seanet_inputgate_adaptive'}
    [mlflow] logged run 'seanet_inputgate_adaptive_PhalangesOutlinesCorrect'  (train_acc=0.9611 val_acc=0.8719 test_acc=0.8275 test_loss=0.4150)
[ 54/129] PhalangesOutlinesCorrect     DONE  acc=0.8275 loss=0.4150 AOPCR= -0.149 NDCG=  n/a C=  2 T=   80 (215s)  [54 trained / 0 failed so far]
[ 55/129] Phoneme
    stage 1/3: loading data ...
    stage 2/3: training on 171 series (val=43, C=39, T=1024, batch=16) ...
    stage 3/3: scoring on 1896 test series (accuracy + AOPCR) ...
    [mlflow] versioned model 'seanet_inputgate_adaptive__sea_mstcn_sep_inputgate__sea_adaptive_classwise' (id=m-c69d96f306cf423b9b8aba134ee9cf0e) params={'model_size_mb': '1.4972', 'n_model_params': '60277', 'name': 'seanet_inputgate_adaptive'}
    [mlflow] logged run 'seanet_inputgate_adaptive_Phoneme'  (train_acc=0.5731 val_acc=0.2791 test_acc=0.2384 test_loss=2.9239)
[ 55/129] Phoneme                      DONE  acc=0.2384 loss=2.9239 AOPCR=  1.428 NDCG=  n/a C= 39 T= 1024 (8s)  [55 trained / 0 failed so far]
[ 56/129] Plane
    stage 1/3: loading data ...
    stage 2/3: training on 87 series (val=18, C=7, T=144, batch=8) ...
    stage 3/3: scoring on 105 test series (accuracy + AOPCR) ...
    [mlflow] versioned model 'seanet_inputgate_adaptive__sea_mstcn_sep_inputgate__sea_adaptive_classwise' (id=m-b830b30dd1a94c24b774b8374c323e87) params={'model_size_mb': '1.4881', 'n_model_params': '57877', 'name': 'seanet_inputgate_adaptive'}
    [mlflow] logged run 'seanet_inputgate_adaptive_Plane'  (train_acc=1.0000 val_acc=1.0000 test_acc=1.0000 test_loss=0.0878)
[ 56/129] Plane                        DONE  acc=1.0000 loss=0.0878 AOPCR=  0.711 NDCG=  n/a C=  7 T=  144 (22s)  [56 trained / 0 failed so far]
[ 57/129] ProximalPhalanxOutlineAgeGroup
    stage 1/3: loading data ...
    stage 2/3: training on 322 series (val=78, C=3, T=80, batch=16) ...
    stage 3/3: scoring on 205 test series (accuracy + AOPCR) ...
    [mlflow] versioned model 'seanet_inputgate_adaptive__sea_mstcn_sep_inputgate__sea_adaptive_classwise' (id=m-0941b1a8b703477d9300f4bb89211266) params={'model_size_mb': '1.487', 'n_model_params': '57577', 'name': 'seanet_inputgate_adaptive'}
    [mlflow] logged run 'seanet_inputgate_adaptive_ProximalPhalanxOutlineAgeGroup'  (train_acc=0.8571 val_acc=0.9231 test_acc=0.8390 test_loss=0.4107)
[ 57/129] ProximalPhalanxOutlineAgeGroup DONE  acc=0.8390 loss=0.4107 AOPCR=  0.877 NDCG=  n/a C=  3 T=   80 (25s)  [57 trained / 0 failed so far]
[ 58/129] ProximalPhalanxOutlineCorrect
    stage 1/3: loading data ...
    stage 2/3: training on 481 series (val=119, C=2, T=80, batch=16) ...
    stage 3/3: scoring on 291 test series (accuracy + AOPCR) ...
    [mlflow] versioned model 'seanet_inputgate_adaptive__sea_mstcn_sep_inputgate__sea_adaptive_classwise' (id=m-b400e16c4d8a41708f4c2f088a65b15a) params={'model_size_mb': '1.4867', 'n_model_params': '57502', 'name': 'seanet_inputgate_adaptive'}
    [mlflow] logged run 'seanet_inputgate_adaptive_ProximalPhalanxOutlineCorrect'  (train_acc=0.9751 val_acc=0.8992 test_acc=0.9072 test_loss=0.2693)
[ 58/129] ProximalPhalanxOutlineCorrect DONE  acc=0.9072 loss=0.2693 AOPCR= -0.900 NDCG=  n/a C=  2 T=   80 (80s)  [58 trained / 0 failed so far]
[ 59/129] ProximalPhalanxTW
    stage 1/3: loading data ...
    stage 2/3: training on 322 series (val=78, C=6, T=80, batch=16) ...
    stage 3/3: scoring on 205 test series (accuracy + AOPCR) ...
    [mlflow] versioned model 'seanet_inputgate_adaptive__sea_mstcn_sep_inputgate__sea_adaptive_classwise' (id=m-744da1effaf345c3b4318f6a83cf56a2) params={'model_size_mb': '1.4878', 'n_model_params': '57802', 'name': 'seanet_inputgate_adaptive'}
    [mlflow] logged run 'seanet_inputgate_adaptive_ProximalPhalanxTW'  (train_acc=0.9286 val_acc=0.8846 test_acc=0.7854 test_loss=0.5988)
[ 59/129] ProximalPhalanxTW            DONE  acc=0.7854 loss=0.5988 AOPCR=  0.879 NDCG=  n/a C=  6 T=   80 (41s)  [59 trained / 0 failed so far]
[ 60/129] RefrigerationDevices
    stage 1/3: loading data ...
    stage 2/3: training on 300 series (val=75, C=3, T=720, batch=16) ...
    stage 3/3: scoring on 375 test series (accuracy + AOPCR) ...
    [mlflow] versioned model 'seanet_inputgate_adaptive__sea_mstcn_sep_inputgate__sea_adaptive_classwise' (id=m-341e6686ca3442deb5f8c15cbcc3d2d6) params={'model_size_mb': '1.487', 'n_model_params': '57577', 'name': 'seanet_inputgate_adaptive'}
    [mlflow] logged run 'seanet_inputgate_adaptive_RefrigerationDevices'  (train_acc=1.0000 val_acc=0.7600 test_acc=0.5333 test_loss=1.2918)
[ 60/129] RefrigerationDevices         DONE  acc=0.5333 loss=1.2918 AOPCR=  1.144 NDCG=  n/a C=  3 T=  720 (23s)  [60 trained / 0 failed so far]
[ 61/129] ScreenType
    stage 1/3: loading data ...
    stage 2/3: training on 300 series (val=75, C=3, T=720, batch=16) ...
    stage 3/3: scoring on 375 test series (accuracy + AOPCR) ...
    [mlflow] versioned model 'seanet_inputgate_adaptive__sea_mstcn_sep_inputgate__sea_adaptive_classwise' (id=m-10e3724a5aec4a64a566201042b0b845) params={'model_size_mb': '1.487', 'n_model_params': '57577', 'name': 'seanet_inputgate_adaptive'}
    [mlflow] logged run 'seanet_inputgate_adaptive_ScreenType'  (train_acc=0.8900 val_acc=0.6000 test_acc=0.4267 test_loss=1.1423)
[ 61/129] ScreenType                   DONE  acc=0.4267 loss=1.1423 AOPCR=  0.539 NDCG=  n/a C=  3 T=  720 (19s)  [61 trained / 0 failed so far]
[ 62/129] ShapeletSim
    stage 1/3: loading data ...
    stage 2/3: training on 20 series (no val (train-loss early stop), C=2, T=500, batch=2) ...
    stage 3/3: scoring on 180 test series (accuracy + AOPCR) ...
    [mlflow] versioned model 'seanet_inputgate_adaptive__sea_mstcn_sep_inputgate__sea_adaptive_classwise' (id=m-1ec5ae2a18034b65aa15d6661fbc88d3) params={'model_size_mb': '1.4867', 'n_model_params': '57502', 'name': 'seanet_inputgate_adaptive'}
    [mlflow] logged run 'seanet_inputgate_adaptive_ShapeletSim'  (train_acc=1.0000 test_acc=1.0000 test_loss=0.1156)
[ 62/129] ShapeletSim                  DONE  acc=1.0000 loss=0.1156 AOPCR=  1.137 NDCG=  n/a C=  2 T=  500 (11s)  [62 trained / 0 failed so far]
[ 63/129] ShapesAll
    stage 1/3: loading data ...
    stage 2/3: training on 480 series (val=120, C=60, T=512, batch=16) ...
    stage 3/3: scoring on 600 test series (accuracy + AOPCR) ...
    [mlflow] versioned model 'seanet_inputgate_adaptive__sea_mstcn_sep_inputgate__sea_adaptive_classwise' (id=m-fbc64fbb0d944b94866c67a89fdd1b1d) params={'model_size_mb': '1.5032', 'n_model_params': '61852', 'name': 'seanet_inputgate_adaptive'}
    [mlflow] logged run 'seanet_inputgate_adaptive_ShapesAll'  (train_acc=0.9958 val_acc=0.8583 test_acc=0.8333 test_loss=0.7806)
[ 63/129] ShapesAll                    DONE  acc=0.8333 loss=0.7806 AOPCR=  2.112 NDCG=  n/a C= 60 T=  512 (57s)  [63 trained / 0 failed so far]
[ 64/129] SmallKitchenAppliances
    stage 1/3: loading data ...
    stage 2/3: training on 300 series (val=75, C=3, T=720, batch=16) ...
    stage 3/3: scoring on 375 test series (accuracy + AOPCR) ...
    [mlflow] versioned model 'seanet_inputgate_adaptive__sea_mstcn_sep_inputgate__sea_adaptive_classwise' (id=m-5209cf24cc554456b0d10b91b4b519fe) params={'model_size_mb': '1.487', 'n_model_params': '57577', 'name': 'seanet_inputgate_adaptive'}
    [mlflow] logged run 'seanet_inputgate_adaptive_SmallKitchenAppliances'  (train_acc=0.9033 val_acc=0.8133 test_acc=0.8320 test_loss=0.4906)
[ 64/129] SmallKitchenAppliances       DONE  acc=0.8320 loss=0.4906 AOPCR=  0.108 NDCG=  n/a C=  3 T=  720 (22s)  [64 trained / 0 failed so far]
[ 65/129] SonyAIBORobotSurface1
    stage 1/3: loading data ...
    stage 2/3: training on 20 series (no val (train-loss early stop), C=2, T=70, batch=2) ...
    stage 3/3: scoring on 601 test series (accuracy + AOPCR) ...
    [mlflow] versioned model 'seanet_inputgate_adaptive__sea_mstcn_sep_inputgate__sea_adaptive_classwise' (id=m-d63661c724cd41d6a610b393166a0290) params={'model_size_mb': '1.4867', 'n_model_params': '57502', 'name': 'seanet_inputgate_adaptive'}
    [mlflow] logged run 'seanet_inputgate_adaptive_SonyAIBORobotSurface1'  (train_acc=1.0000 test_acc=0.8552 test_loss=0.3194)
[ 65/129] SonyAIBORobotSurface1        DONE  acc=0.8552 loss=0.3194 AOPCR=  0.802 NDCG=  n/a C=  2 T=   70 (14s)  [65 trained / 0 failed so far]
[ 66/129] SonyAIBORobotSurface2
    stage 1/3: loading data ...
    stage 2/3: training on 27 series (no val (train-loss early stop), C=2, T=65, batch=2) ...
    stage 3/3: scoring on 953 test series (accuracy + AOPCR) ...
    [mlflow] versioned model 'seanet_inputgate_adaptive__sea_mstcn_sep_inputgate__sea_adaptive_classwise' (id=m-0f8606be520244d196d21ecc2b26f379) params={'model_size_mb': '1.4867', 'n_model_params': '57502', 'name': 'seanet_inputgate_adaptive'}
    [mlflow] logged run 'seanet_inputgate_adaptive_SonyAIBORobotSurface2'  (train_acc=1.0000 test_acc=0.9024 test_loss=0.2537)
[ 66/129] SonyAIBORobotSurface2        DONE  acc=0.9024 loss=0.2537 AOPCR=  0.045 NDCG=  n/a C=  2 T=   65 (30s)  [66 trained / 0 failed so far]
[ 67/129] StarLightCurves
    stage 1/3: loading data ...
    stage 2/3: training on 801 series (val=199, C=3, T=1024, batch=16) ...
    stage 3/3: scoring on 8236 test series (accuracy + AOPCR) ...
    [mlflow] versioned model 'seanet_inputgate_adaptive__sea_mstcn_sep_inputgate__sea_adaptive_classwise' (id=m-eb7f73eeebec4716baf1e05aea0301fb) params={'model_size_mb': '1.487', 'n_model_params': '57577', 'name': 'seanet_inputgate_adaptive'}
    [mlflow] logged run 'seanet_inputgate_adaptive_StarLightCurves'  (train_acc=1.0000 val_acc=0.9899 test_acc=0.9758 test_loss=0.1436)
[ 67/129] StarLightCurves              DONE  acc=0.9758 loss=0.1436 AOPCR=  2.338 NDCG=  n/a C=  3 T= 1024 (92s)  [67 trained / 0 failed so far]
[ 68/129] Strawberry
    stage 1/3: loading data ...
    stage 2/3: training on 492 series (val=121, C=2, T=235, batch=16) ...
    stage 3/3: scoring on 370 test series (accuracy + AOPCR) ...
    [mlflow] versioned model 'seanet_inputgate_adaptive__sea_mstcn_sep_inputgate__sea_adaptive_classwise' (id=m-f585ca764c7d4190a9337d2be0c99bcb) params={'model_size_mb': '1.4867', 'n_model_params': '57502', 'name': 'seanet_inputgate_adaptive'}
    [mlflow] logged run 'seanet_inputgate_adaptive_Strawberry'  (train_acc=0.9898 val_acc=0.9835 test_acc=0.9676 test_loss=0.1367)
[ 68/129] Strawberry                   DONE  acc=0.9676 loss=0.1367 AOPCR=  0.347 NDCG=  n/a C=  2 T=  235 (67s)  [68 trained / 0 failed so far]
[ 69/129] SwedishLeaf
    stage 1/3: loading data ...
    stage 2/3: training on 405 series (val=95, C=15, T=128, batch=16) ...
    stage 3/3: scoring on 625 test series (accuracy + AOPCR) ...
    [mlflow] versioned model 'seanet_inputgate_adaptive__sea_mstcn_sep_inputgate__sea_adaptive_classwise' (id=m-cd0e3f9a3e60442891bc8999d304c622) params={'model_size_mb': '1.4903', 'n_model_params': '58477', 'name': 'seanet_inputgate_adaptive'}
    [mlflow] logged run 'seanet_inputgate_adaptive_SwedishLeaf'  (train_acc=1.0000 val_acc=0.9579 test_acc=0.9376 test_loss=0.2724)
[ 69/129] SwedishLeaf                  DONE  acc=0.9376 loss=0.2724 AOPCR=  0.891 NDCG=  n/a C= 15 T=  128 (44s)  [69 trained / 0 failed so far]
[ 70/129] Symbols
    stage 1/3: loading data ...
    stage 2/3: training on 25 series (no val (train-loss early stop), C=6, T=398, batch=2) ...
    stage 3/3: scoring on 995 test series (accuracy + AOPCR) ...
    [mlflow] versioned model 'seanet_inputgate_adaptive__sea_mstcn_sep_inputgate__sea_adaptive_classwise' (id=m-28f4e38a77fd4d7785b2af6f1ad1adf7) params={'model_size_mb': '1.4878', 'n_model_params': '57802', 'name': 'seanet_inputgate_adaptive'}
    [mlflow] logged run 'seanet_inputgate_adaptive_Symbols'  (train_acc=1.0000 test_acc=0.9266 test_loss=0.3373)
[ 70/129] Symbols                      DONE  acc=0.9266 loss=0.3373 AOPCR=  1.225 NDCG=  n/a C=  6 T=  398 (27s)  [70 trained / 0 failed so far]
[ 71/129] SyntheticControl
    stage 1/3: loading data ...
    stage 2/3: training on 240 series (val=60, C=6, T=60, batch=16) ...
    stage 3/3: scoring on 300 test series (accuracy + AOPCR) ...
    [mlflow] versioned model 'seanet_inputgate_adaptive__sea_mstcn_sep_inputgate__sea_adaptive_classwise' (id=m-6076546011d2405891fbc29b4fe840b3) params={'model_size_mb': '1.4878', 'n_model_params': '57802', 'name': 'seanet_inputgate_adaptive'}
    [mlflow] logged run 'seanet_inputgate_adaptive_SyntheticControl'  (train_acc=1.0000 val_acc=1.0000 test_acc=0.9967 test_loss=0.1183)
[ 71/129] SyntheticControl             DONE  acc=0.9967 loss=0.1183 AOPCR=  0.426 NDCG=  n/a C=  6 T=   60 (42s)  [71 trained / 0 failed so far]
[ 72/129] ToeSegmentation1
    stage 1/3: loading data ...
    stage 2/3: training on 40 series (no val (train-loss early stop), C=2, T=277, batch=4) ...
    stage 3/3: scoring on 228 test series (accuracy + AOPCR) ...
    [mlflow] versioned model 'seanet_inputgate_adaptive__sea_mstcn_sep_inputgate__sea_adaptive_classwise' (id=m-c24706d138354b958c439f28cd2928b0) params={'model_size_mb': '1.4867', 'n_model_params': '57502', 'name': 'seanet_inputgate_adaptive'}
    [mlflow] logged run 'seanet_inputgate_adaptive_ToeSegmentation1'  (train_acc=1.0000 test_acc=0.9561 test_loss=0.1936)
[ 72/129] ToeSegmentation1             DONE  acc=0.9561 loss=0.1936 AOPCR=  0.293 NDCG=  n/a C=  2 T=  277 (22s)  [72 trained / 0 failed so far]
[ 73/129] ToeSegmentation2
    stage 1/3: loading data ...
    stage 2/3: training on 36 series (no val (train-loss early stop), C=2, T=343, batch=3) ...
    stage 3/3: scoring on 130 test series (accuracy + AOPCR) ...
    [mlflow] versioned model 'seanet_inputgate_adaptive__sea_mstcn_sep_inputgate__sea_adaptive_classwise' (id=m-7dad484f1b3a43fc8960e601c83d8549) params={'model_size_mb': '1.4867', 'n_model_params': '57502', 'name': 'seanet_inputgate_adaptive'}
    [mlflow] logged run 'seanet_inputgate_adaptive_ToeSegmentation2'  (train_acc=1.0000 test_acc=0.9308 test_loss=0.2211)
[ 73/129] ToeSegmentation2             DONE  acc=0.9308 loss=0.2211 AOPCR=  0.804 NDCG=  n/a C=  2 T=  343 (24s)  [73 trained / 0 failed so far]
[ 74/129] Trace
    stage 1/3: loading data ...
    stage 2/3: training on 81 series (val=19, C=4, T=275, batch=8) ...
    stage 3/3: scoring on 100 test series (accuracy + AOPCR) ...
    [mlflow] versioned model 'seanet_inputgate_adaptive__sea_mstcn_sep_inputgate__sea_adaptive_classwise' (id=m-b81c37005edd4acc99f114f6f1c4284b) params={'model_size_mb': '1.4873', 'n_model_params': '57652', 'name': 'seanet_inputgate_adaptive'}
    [mlflow] logged run 'seanet_inputgate_adaptive_Trace'  (train_acc=1.0000 val_acc=1.0000 test_acc=1.0000 test_loss=0.1144)
[ 74/129] Trace                        DONE  acc=1.0000 loss=0.1144 AOPCR=  1.715 NDCG=  n/a C=  4 T=  275 (22s)  [74 trained / 0 failed so far]
[ 75/129] TwoLeadECG
    stage 1/3: loading data ...
    stage 2/3: training on 23 series (no val (train-loss early stop), C=2, T=82, batch=2) ...
    stage 3/3: scoring on 1139 test series (accuracy + AOPCR) ...
    [mlflow] versioned model 'seanet_inputgate_adaptive__sea_mstcn_sep_inputgate__sea_adaptive_classwise' (id=m-069af1105313418392b520dd95391538) params={'model_size_mb': '1.4867', 'n_model_params': '57502', 'name': 'seanet_inputgate_adaptive'}
    [mlflow] logged run 'seanet_inputgate_adaptive_TwoLeadECG'  (train_acc=1.0000 test_acc=0.9956 test_loss=0.0830)
[ 75/129] TwoLeadECG                   DONE  acc=0.9956 loss=0.0830 AOPCR=  0.855 NDCG=  n/a C=  2 T=   82 (25s)  [75 trained / 0 failed so far]
[ 76/129] TwoPatterns
    stage 1/3: loading data ...
    stage 2/3: training on 801 series (val=199, C=4, T=128, batch=16) ...
    stage 3/3: scoring on 4000 test series (accuracy + AOPCR) ...
    [mlflow] versioned model 'seanet_inputgate_adaptive__sea_mstcn_sep_inputgate__sea_adaptive_classwise' (id=m-ce28a6b615044fccbb775dbc9fa98ece) params={'model_size_mb': '1.4873', 'n_model_params': '57652', 'name': 'seanet_inputgate_adaptive'}
    [mlflow] logged run 'seanet_inputgate_adaptive_TwoPatterns'  (train_acc=1.0000 val_acc=1.0000 test_acc=1.0000 test_loss=0.0874)
[ 76/129] TwoPatterns                  DONE  acc=1.0000 loss=0.0874 AOPCR=  1.999 NDCG=  n/a C=  4 T=  128 (96s)  [76 trained / 0 failed so far]
[ 77/129] UWaveGestureLibraryAll
    stage 1/3: loading data ...
    stage 2/3: training on 719 series (val=177, C=8, T=945, batch=16) ...
    stage 3/3: scoring on 3582 test series (accuracy + AOPCR) ...
    [mlflow] versioned model 'seanet_inputgate_adaptive__sea_mstcn_sep_inputgate__sea_adaptive_classwise' (id=m-468a98a784d844cf80035456f4f0bc7f) params={'model_size_mb': '1.4884', 'n_model_params': '57952', 'name': 'seanet_inputgate_adaptive'}
    [mlflow] logged run 'seanet_inputgate_adaptive_UWaveGestureLibraryAll'  (train_acc=1.0000 val_acc=0.9718 test_acc=0.9654 test_loss=0.2449)
[ 77/129] UWaveGestureLibraryAll       DONE  acc=0.9654 loss=0.2449 AOPCR=  1.793 NDCG=  n/a C=  8 T=  945 (115s)  [77 trained / 0 failed so far]
[ 78/129] UWaveGestureLibraryX
    stage 1/3: loading data ...
    stage 2/3: training on 719 series (val=177, C=8, T=315, batch=16) ...
    stage 3/3: scoring on 3582 test series (accuracy + AOPCR) ...
    [mlflow] versioned model 'seanet_inputgate_adaptive__sea_mstcn_sep_inputgate__sea_adaptive_classwise' (id=m-01e02131f16c4eb08caa3dc8f2dbac6d) params={'model_size_mb': '1.4884', 'n_model_params': '57952', 'name': 'seanet_inputgate_adaptive'}
    [mlflow] logged run 'seanet_inputgate_adaptive_UWaveGestureLibraryX'  (train_acc=0.8540 val_acc=0.7797 test_acc=0.8009 test_loss=0.6299)
[ 78/129] UWaveGestureLibraryX         DONE  acc=0.8009 loss=0.6299 AOPCR=  1.263 NDCG=  n/a C=  8 T=  315 (28s)  [78 trained / 0 failed so far]
[ 79/129] UWaveGestureLibraryY
    stage 1/3: loading data ...
    stage 2/3: training on 719 series (val=177, C=8, T=315, batch=16) ...
    stage 3/3: scoring on 3582 test series (accuracy + AOPCR) ...
    [mlflow] versioned model 'seanet_inputgate_adaptive__sea_mstcn_sep_inputgate__sea_adaptive_classwise' (id=m-22b091800b4f40fba161dbe82522e32b) params={'model_size_mb': '1.4884', 'n_model_params': '57952', 'name': 'seanet_inputgate_adaptive'}
    [mlflow] logged run 'seanet_inputgate_adaptive_UWaveGestureLibraryY'  (train_acc=0.9875 val_acc=0.8023 test_acc=0.7471 test_loss=0.8062)
[ 79/129] UWaveGestureLibraryY         DONE  acc=0.7471 loss=0.8062 AOPCR=  1.275 NDCG=  n/a C=  8 T=  315 (44s)  [79 trained / 0 failed so far]
[ 80/129] UWaveGestureLibraryZ
    stage 1/3: loading data ...
    stage 2/3: training on 719 series (val=177, C=8, T=315, batch=16) ...
    stage 3/3: scoring on 3582 test series (accuracy + AOPCR) ...
    [mlflow] versioned model 'seanet_inputgate_adaptive__sea_mstcn_sep_inputgate__sea_adaptive_classwise' (id=m-0bc809dd6f7b4ee9a7cbc52672ec8f0f) params={'model_size_mb': '1.4884', 'n_model_params': '57952', 'name': 'seanet_inputgate_adaptive'}
    [mlflow] logged run 'seanet_inputgate_adaptive_UWaveGestureLibraryZ'  (train_acc=0.9096 val_acc=0.7401 test_acc=0.7655 test_loss=0.7161)
[ 80/129] UWaveGestureLibraryZ         DONE  acc=0.7655 loss=0.7161 AOPCR=  1.713 NDCG=  n/a C=  8 T=  315 (33s)  [80 trained / 0 failed so far]
[ 81/129] Wafer
    stage 1/3: loading data ...
    stage 2/3: training on 801 series (val=199, C=2, T=152, batch=16) ...
    stage 3/3: scoring on 6164 test series (accuracy + AOPCR) ...
    [mlflow] versioned model 'seanet_inputgate_adaptive__sea_mstcn_sep_inputgate__sea_adaptive_classwise' (id=m-07c6016280de436abe1f9e45e5ddc65c) params={'model_size_mb': '1.4867', 'n_model_params': '57502', 'name': 'seanet_inputgate_adaptive'}
    [mlflow] logged run 'seanet_inputgate_adaptive_Wafer'  (train_acc=0.9975 val_acc=1.0000 test_acc=0.9956 test_loss=0.1079)
[ 81/129] Wafer                        DONE  acc=0.9956 loss=0.1079 AOPCR=  0.500 NDCG=  n/a C=  2 T=  152 (31s)  [81 trained / 0 failed so far]
[ 82/129] Wine
    stage 1/3: loading data ...
    stage 2/3: training on 57 series (no val (train-loss early stop), C=2, T=234, batch=5) ...
    stage 3/3: scoring on 54 test series (accuracy + AOPCR) ...
    [mlflow] versioned model 'seanet_inputgate_adaptive__sea_mstcn_sep_inputgate__sea_adaptive_classwise' (id=m-3e05b644aca247358df396a0386a56fc) params={'model_size_mb': '1.4867', 'n_model_params': '57502', 'name': 'seanet_inputgate_adaptive'}
    [mlflow] logged run 'seanet_inputgate_adaptive_Wine'  (train_acc=0.7544 test_acc=0.7407 test_loss=0.5758)
[ 82/129] Wine                         DONE  acc=0.7407 loss=0.5758 AOPCR=  0.965 NDCG=  n/a C=  2 T=  234 (44s)  [82 trained / 0 failed so far]
[ 83/129] WordSynonyms
    stage 1/3: loading data ...
    stage 2/3: training on 217 series (val=50, C=25, T=270, batch=16) ...
    stage 3/3: scoring on 638 test series (accuracy + AOPCR) ...
    [mlflow] versioned model 'seanet_inputgate_adaptive__sea_mstcn_sep_inputgate__sea_adaptive_classwise' (id=m-a3d15b0e6dc940599ea1523528459d4c) params={'model_size_mb': '1.4932', 'n_model_params': '59227', 'name': 'seanet_inputgate_adaptive'}
    [mlflow] logged run 'seanet_inputgate_adaptive_WordSynonyms'  (train_acc=1.0000 val_acc=0.7200 test_acc=0.7429 test_loss=1.0999)
[ 83/129] WordSynonyms                 DONE  acc=0.7429 loss=1.0999 AOPCR=  1.450 NDCG=  n/a C= 25 T=  270 (38s)  [83 trained / 0 failed so far]
[ 84/129] Worms
    stage 1/3: loading data ...
    stage 2/3: training on 146 series (val=35, C=5, T=900, batch=14) ...
    stage 3/3: scoring on 77 test series (accuracy + AOPCR) ...
    [mlflow] versioned model 'seanet_inputgate_adaptive__sea_mstcn_sep_inputgate__sea_adaptive_classwise' (id=m-6647410582574d4d9e687adfdc9eef69) params={'model_size_mb': '1.4875', 'n_model_params': '57727', 'name': 'seanet_inputgate_adaptive'}
    [mlflow] logged run 'seanet_inputgate_adaptive_Worms'  (train_acc=1.0000 val_acc=0.7714 test_acc=0.6623 test_loss=0.9434)
[ 84/129] Worms                        DONE  acc=0.6623 loss=0.9434 AOPCR=  1.745 NDCG=  n/a C=  5 T=  900 (23s)  [84 trained / 0 failed so far]
[ 85/129] WormsTwoClass
    stage 1/3: loading data ...
    stage 2/3: training on 145 series (val=36, C=2, T=900, batch=14) ...
    stage 3/3: scoring on 77 test series (accuracy + AOPCR) ...
    [mlflow] versioned model 'seanet_inputgate_adaptive__sea_mstcn_sep_inputgate__sea_adaptive_classwise' (id=m-35e430cb68044f91a9f63a637c118c51) params={'model_size_mb': '1.4867', 'n_model_params': '57502', 'name': 'seanet_inputgate_adaptive'}
    [mlflow] logged run 'seanet_inputgate_adaptive_WormsTwoClass'  (train_acc=0.9862 val_acc=0.9167 test_acc=0.6883 test_loss=0.6958)
[ 85/129] WormsTwoClass                DONE  acc=0.6883 loss=0.6958 AOPCR=  0.764 NDCG=  n/a C=  2 T=  900 (10s)  [85 trained / 0 failed so far]
[ 86/129] Yoga
    stage 1/3: loading data ...
    stage 2/3: training on 241 series (val=59, C=2, T=426, batch=16) ...
    stage 3/3: scoring on 3000 test series (accuracy + AOPCR) ...
    [mlflow] versioned model 'seanet_inputgate_adaptive__sea_mstcn_sep_inputgate__sea_adaptive_classwise' (id=m-8929bf8fb6ea48f0bdb933a4e952cb06) params={'model_size_mb': '1.4867', 'n_model_params': '57502', 'name': 'seanet_inputgate_adaptive'}
    [mlflow] logged run 'seanet_inputgate_adaptive_Yoga'  (train_acc=0.9627 val_acc=0.8644 test_acc=0.8460 test_loss=0.3856)
[ 86/129] Yoga                         DONE  acc=0.8460 loss=0.3856 AOPCR=  2.109 NDCG=  n/a C=  2 T=  426 (15s)  [86 trained / 0 failed so far]
[ 87/129] ACSF1
    stage 1/3: loading data ...
    stage 2/3: training on 80 series (val=20, C=10, T=1460, batch=8) ...
    stage 3/3: scoring on 100 test series (accuracy + AOPCR) ...
    [mlflow] versioned model 'seanet_inputgate_adaptive__sea_mstcn_sep_inputgate__sea_adaptive_classwise' (id=m-f8c4a8392f4643fc8c614bc127c560a7) params={'model_size_mb': '1.4889', 'n_model_params': '58102', 'name': 'seanet_inputgate_adaptive'}
    [mlflow] logged run 'seanet_inputgate_adaptive_ACSF1'  (train_acc=0.8250 val_acc=0.5500 test_acc=0.7100 test_loss=0.8356)
[ 87/129] ACSF1                        DONE  acc=0.7100 loss=0.8356 AOPCR=  0.299 NDCG=  n/a C= 10 T= 1460 (10s)  [87 trained / 0 failed so far]
[ 88/129] AllGestureWiimoteX
    stage 1/3: loading data ...
    stage 2/3: training on 240 series (val=60, C=10, T=500, batch=16) ...
    stage 3/3: scoring on 700 test series (accuracy + AOPCR) ...
    [mlflow] versioned model 'seanet_inputgate_adaptive__sea_mstcn_sep_inputgate__sea_adaptive_classwise' (id=m-979d7c9d03f94ed7a23fec66f2eafb40) params={'model_size_mb': '1.4889', 'n_model_params': '58102', 'name': 'seanet_inputgate_adaptive'}
    [mlflow] logged run 'seanet_inputgate_adaptive_AllGestureWiimoteX'  (train_acc=1.0000 val_acc=0.7500 test_acc=0.7143 test_loss=0.9543)
[ 88/129] AllGestureWiimoteX           DONE  acc=0.7143 loss=0.9543 AOPCR=  2.026 NDCG=  n/a C= 10 T=  500 (23s)  [88 trained / 0 failed so far]
[ 89/129] AllGestureWiimoteY
    stage 1/3: loading data ...
    stage 2/3: training on 240 series (val=60, C=10, T=500, batch=16) ...
    stage 3/3: scoring on 700 test series (accuracy + AOPCR) ...
    [mlflow] versioned model 'seanet_inputgate_adaptive__sea_mstcn_sep_inputgate__sea_adaptive_classwise' (id=m-b5006c2de353427897594e075e4c2d0b) params={'model_size_mb': '1.4889', 'n_model_params': '58102', 'name': 'seanet_inputgate_adaptive'}
    [mlflow] logged run 'seanet_inputgate_adaptive_AllGestureWiimoteY'  (train_acc=1.0000 val_acc=0.8333 test_acc=0.7700 test_loss=0.8440)
[ 89/129] AllGestureWiimoteY           DONE  acc=0.7700 loss=0.8440 AOPCR=  2.121 NDCG=  n/a C= 10 T=  500 (30s)  [89 trained / 0 failed so far]
[ 90/129] AllGestureWiimoteZ
    stage 1/3: loading data ...
    stage 2/3: training on 240 series (val=60, C=10, T=500, batch=16) ...
    stage 3/3: scoring on 700 test series (accuracy + AOPCR) ...
    [mlflow] versioned model 'seanet_inputgate_adaptive__sea_mstcn_sep_inputgate__sea_adaptive_classwise' (id=m-c7682cce2ef6457584b6aaa4c4bef0c6) params={'model_size_mb': '1.4889', 'n_model_params': '58102', 'name': 'seanet_inputgate_adaptive'}
    [mlflow] logged run 'seanet_inputgate_adaptive_AllGestureWiimoteZ'  (train_acc=0.9583 val_acc=0.5833 test_acc=0.6557 test_loss=1.0136)
[ 90/129] AllGestureWiimoteZ           DONE  acc=0.6557 loss=1.0136 AOPCR=  2.068 NDCG=  n/a C= 10 T=  500 (17s)  [90 trained / 0 failed so far]
[ 91/129] BME
    stage 1/3: loading data ...
    stage 2/3: training on 30 series (no val (train-loss early stop), C=3, T=128, batch=3) ...
    stage 3/3: scoring on 150 test series (accuracy + AOPCR) ...
    [mlflow] versioned model 'seanet_inputgate_adaptive__sea_mstcn_sep_inputgate__sea_adaptive_classwise' (id=m-63ca7bc899fd441f864630cc2b3546df) params={'model_size_mb': '1.487', 'n_model_params': '57577', 'name': 'seanet_inputgate_adaptive'}
    [mlflow] logged run 'seanet_inputgate_adaptive_BME'  (train_acc=1.0000 test_acc=0.9933 test_loss=0.0967)
[ 91/129] BME                          DONE  acc=0.9933 loss=0.0967 AOPCR=  1.804 NDCG=  n/a C=  3 T=  128 (14s)  [91 trained / 0 failed so far]
[ 92/129] Chinatown
    stage 1/3: loading data ...
    stage 2/3: training on 20 series (no val (train-loss early stop), C=2, T=24, batch=2) ...
    stage 3/3: scoring on 343 test series (accuracy + AOPCR) ...
    [mlflow] versioned model 'seanet_inputgate_adaptive__sea_mstcn_sep_inputgate__sea_adaptive_classwise' (id=m-f313e77366be44539645a4b5fac9d4d9) params={'model_size_mb': '1.4867', 'n_model_params': '57502', 'name': 'seanet_inputgate_adaptive'}
    [mlflow] logged run 'seanet_inputgate_adaptive_Chinatown'  (train_acc=1.0000 test_acc=0.9796 test_loss=0.1151)
[ 92/129] Chinatown                    DONE  acc=0.9796 loss=0.1151 AOPCR= -0.307 NDCG=  n/a C=  2 T=   24 (17s)  [92 trained / 0 failed so far]
[ 93/129] Crop
    stage 1/3: loading data ...
    stage 2/3: training on 5760 series (val=1440, C=24, T=46, batch=16) ...
    stage 3/3: scoring on 16800 test series (accuracy + AOPCR) ...
    [mlflow] versioned model 'seanet_inputgate_adaptive__sea_mstcn_sep_inputgate__sea_adaptive_classwise' (id=m-fb9245a53c2d4b9a9d23462ee51b2d9e) params={'model_size_mb': '1.4929', 'n_model_params': '59152', 'name': 'seanet_inputgate_adaptive'}
    [mlflow] logged run 'seanet_inputgate_adaptive_Crop'  (train_acc=0.8193 val_acc=0.7312 test_acc=0.7170 test_loss=0.9106)
[ 93/129] Crop                         DONE  acc=0.7170 loss=0.9106 AOPCR=  0.380 NDCG=  n/a C= 24 T=   46 (306s)  [93 trained / 0 failed so far]
[ 94/129] DodgerLoopDay
    stage 1/3: loading data ...
    stage 2/3: training on 78 series (no val (train-loss early stop), C=7, T=288, batch=7) ...
    stage 3/3: scoring on 80 test series (accuracy + AOPCR) ...
    [mlflow] versioned model 'seanet_inputgate_adaptive__sea_mstcn_sep_inputgate__sea_adaptive_classwise' (id=m-9506e47066e24711a424acd6288b3af7) params={'model_size_mb': '1.4881', 'n_model_params': '57877', 'name': 'seanet_inputgate_adaptive'}
    [mlflow] logged run 'seanet_inputgate_adaptive_DodgerLoopDay'  (train_acc=1.0000 test_acc=0.6000 test_loss=1.2926)
[ 94/129] DodgerLoopDay                DONE  acc=0.6000 loss=1.2926 AOPCR=  1.268 NDCG=  n/a C=  7 T=  288 (42s)  [94 trained / 0 failed so far]
[ 95/129] DodgerLoopGame
    stage 1/3: loading data ...
    stage 2/3: training on 20 series (no val (train-loss early stop), C=2, T=288, batch=2) ...
    stage 3/3: scoring on 138 test series (accuracy + AOPCR) ...
    [mlflow] versioned model 'seanet_inputgate_adaptive__sea_mstcn_sep_inputgate__sea_adaptive_classwise' (id=m-42de2bc1df5b4a6a9752ccdb0667629d) params={'model_size_mb': '1.4867', 'n_model_params': '57502', 'name': 'seanet_inputgate_adaptive'}
    [mlflow] logged run 'seanet_inputgate_adaptive_DodgerLoopGame'  (train_acc=1.0000 test_acc=0.9348 test_loss=0.2033)
[ 95/129] DodgerLoopGame               DONE  acc=0.9348 loss=0.2033 AOPCR=  1.990 NDCG=  n/a C=  2 T=  288 (29s)  [95 trained / 0 failed so far]
[ 96/129] DodgerLoopWeekend
    stage 1/3: loading data ...
    stage 2/3: training on 20 series (no val (train-loss early stop), C=2, T=288, batch=2) ...
    stage 3/3: scoring on 138 test series (accuracy + AOPCR) ...
    [mlflow] versioned model 'seanet_inputgate_adaptive__sea_mstcn_sep_inputgate__sea_adaptive_classwise' (id=m-0916dc6d315945e19db947af6011878d) params={'model_size_mb': '1.4867', 'n_model_params': '57502', 'name': 'seanet_inputgate_adaptive'}
    [mlflow] logged run 'seanet_inputgate_adaptive_DodgerLoopWeekend'  (train_acc=1.0000 test_acc=0.9783 test_loss=0.1554)
[ 96/129] DodgerLoopWeekend            DONE  acc=0.9783 loss=0.1554 AOPCR=  1.122 NDCG=  n/a C=  2 T=  288 (20s)  [96 trained / 0 failed so far]
[ 97/129] EOGHorizontalSignal
    stage 1/3: loading data ...
    stage 2/3: training on 290 series (val=72, C=12, T=1250, batch=16) ...
    stage 3/3: scoring on 362 test series (accuracy + AOPCR) ...
    [mlflow] versioned model 'seanet_inputgate_adaptive__sea_mstcn_sep_inputgate__sea_adaptive_classwise' (id=m-4e120b37a5e9449da2f86199b86b461a) params={'model_size_mb': '1.4895', 'n_model_params': '58252', 'name': 'seanet_inputgate_adaptive'}
    [mlflow] logged run 'seanet_inputgate_adaptive_EOGHorizontalSignal'  (train_acc=1.0000 val_acc=0.8056 test_acc=0.5249 test_loss=1.5559)
[ 97/129] EOGHorizontalSignal          DONE  acc=0.5249 loss=1.5559 AOPCR=  2.237 NDCG=  n/a C= 12 T= 1250 (45s)  [97 trained / 0 failed so far]
[ 98/129] EOGVerticalSignal
    stage 1/3: loading data ...
    stage 2/3: training on 290 series (val=72, C=12, T=1250, batch=16) ...
    stage 3/3: scoring on 362 test series (accuracy + AOPCR) ...
    [mlflow] versioned model 'seanet_inputgate_adaptive__sea_mstcn_sep_inputgate__sea_adaptive_classwise' (id=m-419756fab7a14126852fe1d94d7de13a) params={'model_size_mb': '1.4895', 'n_model_params': '58252', 'name': 'seanet_inputgate_adaptive'}
    [mlflow] logged run 'seanet_inputgate_adaptive_EOGVerticalSignal'  (train_acc=0.9862 val_acc=0.7639 test_acc=0.4586 test_loss=1.7939)
[ 98/129] EOGVerticalSignal            DONE  acc=0.4586 loss=1.7939 AOPCR=  2.185 NDCG=  n/a C= 12 T= 1250 (34s)  [98 trained / 0 failed so far]
[ 99/129] EthanolLevel
    stage 1/3: loading data ...
    stage 2/3: training on 404 series (val=100, C=4, T=1751, batch=16) ...
    stage 3/3: scoring on 500 test series (accuracy + AOPCR) ...
    [mlflow] versioned model 'seanet_inputgate_adaptive__sea_mstcn_sep_inputgate__sea_adaptive_classwise' (id=m-7a443ea71d7348b6bd75299939eac11d) params={'model_size_mb': '1.4873', 'n_model_params': '57652', 'name': 'seanet_inputgate_adaptive'}
    [mlflow] logged run 'seanet_inputgate_adaptive_EthanolLevel'  (train_acc=0.9554 val_acc=0.8400 test_acc=0.7400 test_loss=0.5927)
[ 99/129] EthanolLevel                 DONE  acc=0.7400 loss=0.5927 AOPCR= -1.436 NDCG=  n/a C=  4 T= 1751 (89s)  [99 trained / 0 failed so far]
[100/129] FreezerRegularTrain
    stage 1/3: loading data ...
    stage 2/3: training on 120 series (val=30, C=2, T=301, batch=12) ...
    stage 3/3: scoring on 2850 test series (accuracy + AOPCR) ...
    [mlflow] versioned model 'seanet_inputgate_adaptive__sea_mstcn_sep_inputgate__sea_adaptive_classwise' (id=m-32a0126a98bb4460a8a34a4fb8053634) params={'model_size_mb': '1.4867', 'n_model_params': '57502', 'name': 'seanet_inputgate_adaptive'}
    [mlflow] logged run 'seanet_inputgate_adaptive_FreezerRegularTrain'  (train_acc=1.0000 val_acc=1.0000 test_acc=0.9979 test_loss=0.0709)
[100/129] FreezerRegularTrain          DONE  acc=0.9979 loss=0.0709 AOPCR= -0.155 NDCG=  n/a C=  2 T=  301 (20s)  [100 trained / 0 failed so far]
[101/129] FreezerSmallTrain
    stage 1/3: loading data ...
    stage 2/3: training on 28 series (no val (train-loss early stop), C=2, T=301, batch=2) ...
    stage 3/3: scoring on 2850 test series (accuracy + AOPCR) ...
    [mlflow] versioned model 'seanet_inputgate_adaptive__sea_mstcn_sep_inputgate__sea_adaptive_classwise' (id=m-e23188f3f3534558b8dbd76fdb686dcb) params={'model_size_mb': '1.4867', 'n_model_params': '57502', 'name': 'seanet_inputgate_adaptive'}
    [mlflow] logged run 'seanet_inputgate_adaptive_FreezerSmallTrain'  (train_acc=1.0000 test_acc=0.7607 test_loss=0.5727)
[101/129] FreezerSmallTrain            DONE  acc=0.7607 loss=0.5727 AOPCR=  0.433 NDCG=  n/a C=  2 T=  301 (19s)  [101 trained / 0 failed so far]
[102/129] Fungi
    stage 1/3: loading data ...
    stage 2/3: training on 18 series (no val (train-loss early stop), C=18, T=201, batch=2) ...
    stage 3/3: scoring on 186 test series (accuracy + AOPCR) ...
    [mlflow] versioned model 'seanet_inputgate_adaptive__sea_mstcn_sep_inputgate__sea_adaptive_classwise' (id=m-dad8e02877de4445b306f7551b6e7197) params={'model_size_mb': '1.4913', 'n_model_params': '58702', 'name': 'seanet_inputgate_adaptive'}
    [mlflow] logged run 'seanet_inputgate_adaptive_Fungi'  (train_acc=1.0000 test_acc=0.9785 test_loss=0.2155)
[102/129] Fungi                        DONE  acc=0.9785 loss=0.2155 AOPCR=  1.042 NDCG=  n/a C= 18 T=  201 (14s)  [102 trained / 0 failed so far]
[103/129] GestureMidAirD1
    stage 1/3: loading data ...
    stage 2/3: training on 182 series (val=26, C=26, T=360, batch=16) ...
    stage 3/3: scoring on 130 test series (accuracy + AOPCR) ...
    [mlflow] versioned model 'seanet_inputgate_adaptive__sea_mstcn_sep_inputgate__sea_adaptive_classwise' (id=m-dc8e5c51145c4158beb8777d27934f3b) params={'model_size_mb': '1.4935', 'n_model_params': '59302', 'name': 'seanet_inputgate_adaptive'}
    [mlflow] logged run 'seanet_inputgate_adaptive_GestureMidAirD1'  (train_acc=0.8462 val_acc=0.6538 test_acc=0.6077 test_loss=1.1987)
[103/129] GestureMidAirD1              DONE  acc=0.6077 loss=1.1987 AOPCR=  2.223 NDCG=  n/a C= 26 T=  360 (10s)  [103 trained / 0 failed so far]
[104/129] GestureMidAirD2
    stage 1/3: loading data ...
    stage 2/3: training on 182 series (val=26, C=26, T=360, batch=16) ...
    stage 3/3: scoring on 130 test series (accuracy + AOPCR) ...
    [mlflow] versioned model 'seanet_inputgate_adaptive__sea_mstcn_sep_inputgate__sea_adaptive_classwise' (id=m-c5fc6280daf04d5d8e5c9dee3a272833) params={'model_size_mb': '1.4935', 'n_model_params': '59302', 'name': 'seanet_inputgate_adaptive'}
    [mlflow] logged run 'seanet_inputgate_adaptive_GestureMidAirD2'  (train_acc=0.8901 val_acc=0.7308 test_acc=0.6923 test_loss=1.1797)
[104/129] GestureMidAirD2              DONE  acc=0.6923 loss=1.1797 AOPCR=  1.768 NDCG=  n/a C= 26 T=  360 (18s)  [104 trained / 0 failed so far]
[105/129] GestureMidAirD3
    stage 1/3: loading data ...
    stage 2/3: training on 182 series (val=26, C=26, T=360, batch=16) ...
    stage 3/3: scoring on 130 test series (accuracy + AOPCR) ...
    [mlflow] versioned model 'seanet_inputgate_adaptive__sea_mstcn_sep_inputgate__sea_adaptive_classwise' (id=m-b892038d2f2d403dbc1270f7c2b36134) params={'model_size_mb': '1.4935', 'n_model_params': '59302', 'name': 'seanet_inputgate_adaptive'}
    [mlflow] logged run 'seanet_inputgate_adaptive_GestureMidAirD3'  (train_acc=0.9890 val_acc=0.3846 test_acc=0.3692 test_loss=2.2357)
[105/129] GestureMidAirD3              DONE  acc=0.3692 loss=2.2357 AOPCR=  1.732 NDCG=  n/a C= 26 T=  360 (18s)  [105 trained / 0 failed so far]
[106/129] GesturePebbleZ1
    stage 1/3: loading data ...
    stage 2/3: training on 107 series (val=25, C=6, T=455, batch=10) ...
    stage 3/3: scoring on 172 test series (accuracy + AOPCR) ...
    [mlflow] versioned model 'seanet_inputgate_adaptive__sea_mstcn_sep_inputgate__sea_adaptive_classwise' (id=m-7352d4231ac94af8a42847f846671ea4) params={'model_size_mb': '1.4878', 'n_model_params': '57802', 'name': 'seanet_inputgate_adaptive'}
    [mlflow] logged run 'seanet_inputgate_adaptive_GesturePebbleZ1'  (train_acc=1.0000 val_acc=1.0000 test_acc=0.9244 test_loss=0.3008)
[106/129] GesturePebbleZ1              DONE  acc=0.9244 loss=0.3008 AOPCR=  2.307 NDCG=  n/a C=  6 T=  455 (31s)  [106 trained / 0 failed so far]
[107/129] GesturePebbleZ2
    stage 1/3: loading data ...
    stage 2/3: training on 120 series (val=26, C=6, T=455, batch=12) ...
    stage 3/3: scoring on 158 test series (accuracy + AOPCR) ...
    [mlflow] versioned model 'seanet_inputgate_adaptive__sea_mstcn_sep_inputgate__sea_adaptive_classwise' (id=m-c7ceaaf134f845c794a969d86eedb176) params={'model_size_mb': '1.4878', 'n_model_params': '57802', 'name': 'seanet_inputgate_adaptive'}
    [mlflow] logged run 'seanet_inputgate_adaptive_GesturePebbleZ2'  (train_acc=1.0000 val_acc=1.0000 test_acc=0.9051 test_loss=0.3486)
[107/129] GesturePebbleZ2              DONE  acc=0.9051 loss=0.3486 AOPCR=  2.614 NDCG=  n/a C=  6 T=  455 (36s)  [107 trained / 0 failed so far]
[108/129] GunPointAgeSpan
    stage 1/3: loading data ...
    stage 2/3: training on 109 series (val=26, C=2, T=150, batch=10) ...
    stage 3/3: scoring on 316 test series (accuracy + AOPCR) ...
    [mlflow] versioned model 'seanet_inputgate_adaptive__sea_mstcn_sep_inputgate__sea_adaptive_classwise' (id=m-393d52c50ccf443c86c07217f45c2654) params={'model_size_mb': '1.4867', 'n_model_params': '57502', 'name': 'seanet_inputgate_adaptive'}
    [mlflow] logged run 'seanet_inputgate_adaptive_GunPointAgeSpan'  (train_acc=1.0000 val_acc=0.9615 test_acc=0.9747 test_loss=0.1065)
[108/129] GunPointAgeSpan              DONE  acc=0.9747 loss=0.1065 AOPCR=  0.894 NDCG=  n/a C=  2 T=  150 (10s)  [108 trained / 0 failed so far]
[109/129] GunPointMaleVersusFemale
    stage 1/3: loading data ...
    stage 2/3: training on 109 series (val=26, C=2, T=150, batch=10) ...
    stage 3/3: scoring on 316 test series (accuracy + AOPCR) ...
    [mlflow] versioned model 'seanet_inputgate_adaptive__sea_mstcn_sep_inputgate__sea_adaptive_classwise' (id=m-3079f6c15df24fc2b3d28c0a44205a87) params={'model_size_mb': '1.4867', 'n_model_params': '57502', 'name': 'seanet_inputgate_adaptive'}
    [mlflow] logged run 'seanet_inputgate_adaptive_GunPointMaleVersusFemale'  (train_acc=1.0000 val_acc=1.0000 test_acc=0.9873 test_loss=0.0785)
[109/129] GunPointMaleVersusFemale     DONE  acc=0.9873 loss=0.0785 AOPCR=  0.802 NDCG=  n/a C=  2 T=  150 (22s)  [109 trained / 0 failed so far]
[110/129] GunPointOldVersusYoung
    stage 1/3: loading data ...
    stage 2/3: training on 109 series (val=27, C=2, T=150, batch=10) ...
    stage 3/3: scoring on 315 test series (accuracy + AOPCR) ...
    [mlflow] versioned model 'seanet_inputgate_adaptive__sea_mstcn_sep_inputgate__sea_adaptive_classwise' (id=m-e2ce5055c70844f79f36a47cad80c891) params={'model_size_mb': '1.4867', 'n_model_params': '57502', 'name': 'seanet_inputgate_adaptive'}
    [mlflow] logged run 'seanet_inputgate_adaptive_GunPointOldVersusYoung'  (train_acc=1.0000 val_acc=0.9630 test_acc=0.9714 test_loss=0.1187)
[110/129] GunPointOldVersusYoung       DONE  acc=0.9714 loss=0.1187 AOPCR=  0.986 NDCG=  n/a C=  2 T=  150 (17s)  [110 trained / 0 failed so far]
[111/129] HouseTwenty
    stage 1/3: loading data ...
    stage 2/3: training on 40 series (no val (train-loss early stop), C=2, T=2000, batch=4) ...
    stage 3/3: scoring on 119 test series (accuracy + AOPCR) ...
    [mlflow] versioned model 'seanet_inputgate_adaptive__sea_mstcn_sep_inputgate__sea_adaptive_classwise' (id=m-d9ea9d1a500d414eb2707f553c486b1e) params={'model_size_mb': '1.4867', 'n_model_params': '57502', 'name': 'seanet_inputgate_adaptive'}
    [mlflow] logged run 'seanet_inputgate_adaptive_HouseTwenty'  (train_acc=1.0000 test_acc=0.9748 test_loss=0.1421)
[111/129] HouseTwenty                  DONE  acc=0.9748 loss=0.1421 AOPCR=  2.015 NDCG=  n/a C=  2 T= 2000 (32s)  [111 trained / 0 failed so far]
[112/129] InsectEPGRegularTrain
    stage 1/3: loading data ...
    stage 2/3: training on 62 series (no val (train-loss early stop), C=3, T=601, batch=6) ...
    stage 3/3: scoring on 249 test series (accuracy + AOPCR) ...
    [mlflow] versioned model 'seanet_inputgate_adaptive__sea_mstcn_sep_inputgate__sea_adaptive_classwise' (id=m-381fa39d778a4011b10b588d8dff4348) params={'model_size_mb': '1.487', 'n_model_params': '57577', 'name': 'seanet_inputgate_adaptive'}
    [mlflow] logged run 'seanet_inputgate_adaptive_InsectEPGRegularTrain'  (train_acc=1.0000 test_acc=0.9719 test_loss=0.1457)
[112/129] InsectEPGRegularTrain        DONE  acc=0.9719 loss=0.1457 AOPCR=  1.905 NDCG=  n/a C=  3 T=  601 (34s)  [112 trained / 0 failed so far]
[113/129] InsectEPGSmallTrain
    stage 1/3: loading data ...
    stage 2/3: training on 17 series (no val (train-loss early stop), C=3, T=601, batch=2) ...
    stage 3/3: scoring on 249 test series (accuracy + AOPCR) ...
    [mlflow] versioned model 'seanet_inputgate_adaptive__sea_mstcn_sep_inputgate__sea_adaptive_classwise' (id=m-907766114bac4d7cad91ad3d1e335a65) params={'model_size_mb': '1.487', 'n_model_params': '57577', 'name': 'seanet_inputgate_adaptive'}
    [mlflow] logged run 'seanet_inputgate_adaptive_InsectEPGSmallTrain'  (train_acc=1.0000 test_acc=0.9438 test_loss=0.2200)
[113/129] InsectEPGSmallTrain          DONE  acc=0.9438 loss=0.2200 AOPCR=  1.196 NDCG=  n/a C=  3 T=  601 (17s)  [113 trained / 0 failed so far]
[114/129] MelbournePedestrian
    stage 1/3: loading data ...
    stage 2/3: training on 956 series (val=238, C=10, T=24, batch=16) ...
    stage 3/3: scoring on 2439 test series (accuracy + AOPCR) ...
    [mlflow] versioned model 'seanet_inputgate_adaptive__sea_mstcn_sep_inputgate__sea_adaptive_classwise' (id=m-c13887e8dba4480cada6644c8405cf4c) params={'model_size_mb': '1.4889', 'n_model_params': '58102', 'name': 'seanet_inputgate_adaptive'}
    [mlflow] logged run 'seanet_inputgate_adaptive_MelbournePedestrian'  (train_acc=0.9268 val_acc=0.8319 test_acc=0.8729 test_loss=0.4227)
[114/129] MelbournePedestrian          DONE  acc=0.8729 loss=0.4227 AOPCR=  0.416 NDCG=  n/a C= 10 T=   24 (47s)  [114 trained / 0 failed so far]
[115/129] MixedShapesRegularTrain
    stage 1/3: loading data ...
    stage 2/3: training on 400 series (val=100, C=5, T=1024, batch=16) ...
    stage 3/3: scoring on 2425 test series (accuracy + AOPCR) ...
    [mlflow] versioned model 'seanet_inputgate_adaptive__sea_mstcn_sep_inputgate__sea_adaptive_classwise' (id=m-09baf0775bc84282add1a28bc9c796c4) params={'model_size_mb': '1.4875', 'n_model_params': '57727', 'name': 'seanet_inputgate_adaptive'}
    [mlflow] logged run 'seanet_inputgate_adaptive_MixedShapesRegularTrain'  (train_acc=1.0000 val_acc=0.9900 test_acc=0.9551 test_loss=0.2445)
[115/129] MixedShapesRegularTrain      DONE  acc=0.9551 loss=0.2445 AOPCR=  0.838 NDCG=  n/a C=  5 T= 1024 (95s)  [115 trained / 0 failed so far]
[116/129] MixedShapesSmallTrain
    stage 1/3: loading data ...
    stage 2/3: training on 80 series (val=20, C=5, T=1024, batch=8) ...
    stage 3/3: scoring on 2425 test series (accuracy + AOPCR) ...
    [mlflow] versioned model 'seanet_inputgate_adaptive__sea_mstcn_sep_inputgate__sea_adaptive_classwise' (id=m-f9b278aabd6843cab0981761e01d8e30) params={'model_size_mb': '1.4875', 'n_model_params': '57727', 'name': 'seanet_inputgate_adaptive'}
    [mlflow] logged run 'seanet_inputgate_adaptive_MixedShapesSmallTrain'  (train_acc=1.0000 val_acc=0.8000 test_acc=0.7930 test_loss=0.6498)
[116/129] MixedShapesSmallTrain        DONE  acc=0.7930 loss=0.6498 AOPCR=  1.726 NDCG=  n/a C=  5 T= 1024 (9s)  [116 trained / 0 failed so far]
[117/129] PLAID
    stage 1/3: loading data ...
    stage 2/3: training on 436 series (val=101, C=11, T=1344, batch=16) ...
    stage 3/3: scoring on 537 test series (accuracy + AOPCR) ...
    [mlflow] versioned model 'seanet_inputgate_adaptive__sea_mstcn_sep_inputgate__sea_adaptive_classwise' (id=m-b4e14f52eb7241738531179165a3aab1) params={'model_size_mb': '1.4892', 'n_model_params': '58177', 'name': 'seanet_inputgate_adaptive'}
    [mlflow] logged run 'seanet_inputgate_adaptive_PLAID'  (train_acc=0.9771 val_acc=0.8614 test_acc=0.8659 test_loss=0.4802)
[117/129] PLAID                        DONE  acc=0.8659 loss=0.4802 AOPCR=  2.070 NDCG=  n/a C= 11 T= 1344 (78s)  [117 trained / 0 failed so far]
[118/129] PickupGestureWiimoteZ
    stage 1/3: loading data ...
    stage 2/3: training on 50 series (no val (train-loss early stop), C=10, T=361, batch=5) ...
    stage 3/3: scoring on 50 test series (accuracy + AOPCR) ...
    [mlflow] versioned model 'seanet_inputgate_adaptive__sea_mstcn_sep_inputgate__sea_adaptive_classwise' (id=m-de30a4c72a5441c38b4822f6dcfde559) params={'model_size_mb': '1.4889', 'n_model_params': '58102', 'name': 'seanet_inputgate_adaptive'}
    [mlflow] logged run 'seanet_inputgate_adaptive_PickupGestureWiimoteZ'  (train_acc=1.0000 test_acc=0.8000 test_loss=0.7689)
[118/129] PickupGestureWiimoteZ        DONE  acc=0.8000 loss=0.7689 AOPCR=  0.897 NDCG=  n/a C= 10 T=  361 (20s)  [118 trained / 0 failed so far]
[119/129] PigAirwayPressure
    stage 1/3: loading data ...
    stage 2/3: training on 52 series (val=52, C=52, T=2000, batch=5) ...
    stage 3/3: scoring on 208 test series (accuracy + AOPCR) ...
    [mlflow] versioned model 'seanet_inputgate_adaptive__sea_mstcn_sep_inputgate__sea_adaptive_classwise' (id=m-bf49e12551f7438e84c1fc6b0288af35) params={'model_size_mb': '1.501', 'n_model_params': '61252', 'name': 'seanet_inputgate_adaptive'}
    [mlflow] logged run 'seanet_inputgate_adaptive_PigAirwayPressure'  (train_acc=0.0577 val_acc=0.0769 test_acc=0.0433 test_loss=3.8761)
[119/129] PigAirwayPressure            DONE  acc=0.0433 loss=3.8761 AOPCR=  0.379 NDCG=  n/a C= 52 T= 2000 (8s)  [119 trained / 0 failed so far]
[120/129] PigArtPressure
    stage 1/3: loading data ...
    stage 2/3: training on 52 series (val=52, C=52, T=2000, batch=5) ...
    stage 3/3: scoring on 208 test series (accuracy + AOPCR) ...
    [mlflow] versioned model 'seanet_inputgate_adaptive__sea_mstcn_sep_inputgate__sea_adaptive_classwise' (id=m-fd283026f99446db8fc5b0d93ca5112b) params={'model_size_mb': '1.501', 'n_model_params': '61252', 'name': 'seanet_inputgate_adaptive'}
    [mlflow] logged run 'seanet_inputgate_adaptive_PigArtPressure'  (train_acc=1.0000 val_acc=0.8077 test_acc=0.8365 test_loss=0.8143)
[120/129] PigArtPressure               DONE  acc=0.8365 loss=0.8143 AOPCR=  1.123 NDCG=  n/a C= 52 T= 2000 (26s)  [120 trained / 0 failed so far]
[121/129] PigCVP
    stage 1/3: loading data ...
    stage 2/3: training on 52 series (val=52, C=52, T=2000, batch=5) ...
    stage 3/3: scoring on 208 test series (accuracy + AOPCR) ...
    [mlflow] versioned model 'seanet_inputgate_adaptive__sea_mstcn_sep_inputgate__sea_adaptive_classwise' (id=m-30720a7d295a42dc93c54604c08e5d72) params={'model_size_mb': '1.501', 'n_model_params': '61252', 'name': 'seanet_inputgate_adaptive'}
    [mlflow] logged run 'seanet_inputgate_adaptive_PigCVP'  (train_acc=1.0000 val_acc=0.7115 test_acc=0.7260 test_loss=1.3707)
[121/129] PigCVP                       DONE  acc=0.7260 loss=1.3707 AOPCR=  1.451 NDCG=  n/a C= 52 T= 2000 (46s)  [121 trained / 0 failed so far]
[122/129] PowerCons
    stage 1/3: loading data ...
    stage 2/3: training on 144 series (val=36, C=2, T=144, batch=14) ...
    stage 3/3: scoring on 180 test series (accuracy + AOPCR) ...
    [mlflow] versioned model 'seanet_inputgate_adaptive__sea_mstcn_sep_inputgate__sea_adaptive_classwise' (id=m-79c06e86e3ab46fcaf449842408539d3) params={'model_size_mb': '1.4867', 'n_model_params': '57502', 'name': 'seanet_inputgate_adaptive'}
    [mlflow] logged run 'seanet_inputgate_adaptive_PowerCons'  (train_acc=0.9931 val_acc=0.9444 test_acc=0.9611 test_loss=0.1848)
[122/129] PowerCons                    DONE  acc=0.9611 loss=0.1848 AOPCR=  0.414 NDCG=  n/a C=  2 T=  144 (7s)  [122 trained / 0 failed so far]
[123/129] Rock
    stage 1/3: loading data ...
    stage 2/3: training on 20 series (no val (train-loss early stop), C=4, T=2844, batch=2) ...
    stage 3/3: scoring on 50 test series (accuracy + AOPCR) ...
    [mlflow] versioned model 'seanet_inputgate_adaptive__sea_mstcn_sep_inputgate__sea_adaptive_classwise' (id=m-00a0a1c6941a4aefb6a28339e297a57d) params={'model_size_mb': '1.4873', 'n_model_params': '57652', 'name': 'seanet_inputgate_adaptive'}
    [mlflow] logged run 'seanet_inputgate_adaptive_Rock'  (train_acc=1.0000 test_acc=0.5800 test_loss=1.1802)
[123/129] Rock                         DONE  acc=0.5800 loss=1.1802 AOPCR=  2.406 NDCG=  n/a C=  4 T= 2844 (37s)  [123 trained / 0 failed so far]
[124/129] SemgHandGenderCh2
    stage 1/3: loading data ...
    stage 2/3: training on 240 series (val=60, C=2, T=1500, batch=16) ...
    stage 3/3: scoring on 600 test series (accuracy + AOPCR) ...
    [mlflow] versioned model 'seanet_inputgate_adaptive__sea_mstcn_sep_inputgate__sea_adaptive_classwise' (id=m-59d5461389944739a04a0e6c049a27e9) params={'model_size_mb': '1.4867', 'n_model_params': '57502', 'name': 'seanet_inputgate_adaptive'}
    [mlflow] logged run 'seanet_inputgate_adaptive_SemgHandGenderCh2'  (train_acc=1.0000 val_acc=0.9833 test_acc=0.9217 test_loss=0.2183)
[124/129] SemgHandGenderCh2            DONE  acc=0.9217 loss=0.2183 AOPCR=  1.542 NDCG=  n/a C=  2 T= 1500 (50s)  [124 trained / 0 failed so far]
[125/129] SemgHandMovementCh2
    stage 1/3: loading data ...
    stage 2/3: training on 360 series (val=90, C=6, T=1500, batch=16) ...
    stage 3/3: scoring on 450 test series (accuracy + AOPCR) ...
    [mlflow] versioned model 'seanet_inputgate_adaptive__sea_mstcn_sep_inputgate__sea_adaptive_classwise' (id=m-ac1db14a3b5f4c7ca70c3ad65e751f96) params={'model_size_mb': '1.4878', 'n_model_params': '57802', 'name': 'seanet_inputgate_adaptive'}
    [mlflow] logged run 'seanet_inputgate_adaptive_SemgHandMovementCh2'  (train_acc=0.7667 val_acc=0.6333 test_acc=0.5911 test_loss=1.1269)
[125/129] SemgHandMovementCh2          DONE  acc=0.5911 loss=1.1269 AOPCR=  2.055 NDCG=  n/a C=  6 T= 1500 (34s)  [125 trained / 0 failed so far]
[126/129] SemgHandSubjectCh2
    stage 1/3: loading data ...
    stage 2/3: training on 360 series (val=90, C=5, T=1500, batch=16) ...
    stage 3/3: scoring on 450 test series (accuracy + AOPCR) ...
    [mlflow] versioned model 'seanet_inputgate_adaptive__sea_mstcn_sep_inputgate__sea_adaptive_classwise' (id=m-3d6d3435219c4282a3fa86014524890e) params={'model_size_mb': '1.4875', 'n_model_params': '57727', 'name': 'seanet_inputgate_adaptive'}
    [mlflow] logged run 'seanet_inputgate_adaptive_SemgHandSubjectCh2'  (train_acc=1.0000 val_acc=0.9556 test_acc=0.8578 test_loss=0.4540)
[126/129] SemgHandSubjectCh2           DONE  acc=0.8578 loss=0.4540 AOPCR=  1.833 NDCG=  n/a C=  5 T= 1500 (79s)  [126 trained / 0 failed so far]
[127/129] ShakeGestureWiimoteZ
    stage 1/3: loading data ...
    stage 2/3: training on 50 series (no val (train-loss early stop), C=10, T=385, batch=5) ...
    stage 3/3: scoring on 50 test series (accuracy + AOPCR) ...
    [mlflow] versioned model 'seanet_inputgate_adaptive__sea_mstcn_sep_inputgate__sea_adaptive_classwise' (id=m-5d1c91c891894c718732cc3ad5d8d8df) params={'model_size_mb': '1.4889', 'n_model_params': '58102', 'name': 'seanet_inputgate_adaptive'}
    [mlflow] logged run 'seanet_inputgate_adaptive_ShakeGestureWiimoteZ'  (train_acc=1.0000 test_acc=0.9000 test_loss=0.5213)
[127/129] ShakeGestureWiimoteZ         DONE  acc=0.9000 loss=0.5213 AOPCR=  1.665 NDCG=  n/a C= 10 T=  385 (16s)  [127 trained / 0 failed so far]
[128/129] SmoothSubspace
    stage 1/3: loading data ...
    stage 2/3: training on 120 series (val=30, C=3, T=15, batch=12) ...
    stage 3/3: scoring on 150 test series (accuracy + AOPCR) ...
    [mlflow] versioned model 'seanet_inputgate_adaptive__sea_mstcn_sep_inputgate__sea_adaptive_classwise' (id=m-44b6a282a4f8482bab44ab82e4059572) params={'model_size_mb': '1.487', 'n_model_params': '57577', 'name': 'seanet_inputgate_adaptive'}
    [mlflow] logged run 'seanet_inputgate_adaptive_SmoothSubspace'  (train_acc=1.0000 val_acc=1.0000 test_acc=0.9733 test_loss=0.1777)
[128/129] SmoothSubspace               DONE  acc=0.9733 loss=0.1777 AOPCR=  0.286 NDCG=  n/a C=  3 T=   15 (14s)  [128 trained / 0 failed so far]
[129/129] UMD
    stage 1/3: loading data ...
    stage 2/3: training on 36 series (no val (train-loss early stop), C=3, T=150, batch=3) ...
    stage 3/3: scoring on 144 test series (accuracy + AOPCR) ...
    [mlflow] versioned model 'seanet_inputgate_adaptive__sea_mstcn_sep_inputgate__sea_adaptive_classwise' (id=m-d1a9efd591d34561962970177447e3ae) params={'model_size_mb': '1.487', 'n_model_params': '57577', 'name': 'seanet_inputgate_adaptive'}
    [mlflow] logged run 'seanet_inputgate_adaptive_UMD'  (train_acc=1.0000 test_acc=0.9931 test_loss=0.1018)
[129/129] UMD                          DONE  acc=0.9931 loss=0.1018 AOPCR=  1.849 NDCG=  n/a C=  3 T=  150 (18s)  [129 trained / 0 failed so far]

Done: 129 trained, 0 skipped, 0 failed.
Results -> results/SEA_NET/seanet_inputgate_adaptive__sea_mstcn_sep_inputgate__sea_adaptive_classwise/results.csv

=== seanet_inputgate_adaptive__sea_mstcn_sep_inputgate__sea_adaptive_classwise vs MILLET ConjunctiveInceptionTime (mean of 5 reps) ===
  UCR datasets evaluated: 128  (with MILLET baseline: 85, without: 43)
  metric        ours    MILLET   win/tie/loss   (mean over the 85 datasets MILLET published)
  acc         0.8161    0.8445       20/15/50   
  loss        0.5492    1.2241        59/3/23   (lower is better)
  aopcr       1.0092    4.5532         3/1/81   
  wrote results/SEA_NET/seanet_inputgate_adaptive__sea_mstcn_sep_inputgate__sea_adaptive_classwise/comparison_vs_millet.csv

Next: `python main.py report` to draw the figures for seanet_inputgate_adaptive__sea_mstcn_sep_inputgate__sea_adaptive_classwise.

[log] finished; full output saved to results/SEA_NET/seanet_inputgate_adaptive__sea_mstcn_sep_inputgate__sea_adaptive_classwise/logs/train_2026-08-04_20-25-14.log
