[log] command 'train' started at 2026-07-29_16-54-49 for model 'seanet_inputgate_adaptive__sea_mstcn_sep_inputgate__sea_adaptive_classwise'
[log] a copy of everything below is being saved to: results/SEA_NET/seanet_inputgate_adaptive__sea_mstcn_sep_inputgate__sea_adaptive_classwise/logs/train_2026-07-29_16-54-49.log

=== train: model=seanet_inputgate_adaptive__sea_mstcn_sep_inputgate__sea_adaptive_classwise (config sv4/seanet_inputgate_adaptive) device=cuda mode=full datasets=129 ===
[params] using DEFAULT recipe (no Optuna record yet - run 'python main.py optuna --model sv4/seanet_inputgate_adaptive').
  results  -> results/SEA_NET/seanet_inputgate_adaptive__sea_mstcn_sep_inputgate__sea_adaptive_classwise/results.csv
  resume   -> results/SEA_NET/seanet_inputgate_adaptive__sea_mstcn_sep_inputgate__sea_adaptive_classwise/done_train_dataset.txt  (delete it to retrain everything; delete one line to retrain that dataset)

  [mlflow] logging runs to experiment 'SEA-Net_seanet_inputgate_adaptive__sea_mstcn_sep_inputgate__sea_adaptive_classwise_2026-07-29' at sqlite:///mlflow.db
  [mlflow] browse later with:  mlflow ui --backend-store-uri sqlite:///mlflow.db
[  1/129] WebTraffic                   already done -> skip
[  2/129] Adiac
    stage 1/3: loading data ...
    stage 2/3: training on 328 series (val=62, C=37, T=176, batch=16) ...
    stage 3/3: scoring on 391 test series (accuracy + AOPCR) ...
    [mlflow] versioned model 'seanet_inputgate_adaptive__sea_mstcn_sep_inputgate__sea_adaptive_classwise' (id=m-5611e2ac971b40cea3fd980659809181) params={'model_size_mb': '1.4967', 'n_model_params': '60127', 'name': 'seanet_inputgate_adaptive'}
    [mlflow] logged run 'seanet_inputgate_adaptive_Adiac'  (train_acc=0.9512 val_acc=0.7903 test_acc=0.7903 test_loss=0.7641)
[  2/129] Adiac                        DONE  acc=0.7903 loss=0.7641 AOPCR=  0.221 NDCG=  n/a C= 37 T=  176 (35s)  [1 trained / 0 failed so far]
[  3/129] ArrowHead
    stage 1/3: loading data ...
    stage 2/3: training on 36 series (no val (train-loss early stop), C=3, T=251, batch=3) ...
    stage 3/3: scoring on 175 test series (accuracy + AOPCR) ...
    [mlflow] versioned model 'seanet_inputgate_adaptive__sea_mstcn_sep_inputgate__sea_adaptive_classwise' (id=m-642a7523bb8f46068521cab67e5b05b6) params={'model_size_mb': '1.487', 'n_model_params': '57577', 'name': 'seanet_inputgate_adaptive'}
    [mlflow] logged run 'seanet_inputgate_adaptive_ArrowHead'  (train_acc=1.0000 test_acc=0.8171 test_loss=0.4538)
[  3/129] ArrowHead                    DONE  acc=0.8171 loss=0.4538 AOPCR=  0.911 NDCG=  n/a C=  3 T=  251 (28s)  [2 trained / 0 failed so far]
[  4/129] Beef
    stage 1/3: loading data ...
    stage 2/3: training on 30 series (no val (train-loss early stop), C=5, T=470, batch=3) ...
    stage 3/3: scoring on 30 test series (accuracy + AOPCR) ...
    [mlflow] versioned model 'seanet_inputgate_adaptive__sea_mstcn_sep_inputgate__sea_adaptive_classwise' (id=m-04d6436230634686b8b0042dc19355a3) params={'model_size_mb': '1.4875', 'n_model_params': '57727', 'name': 'seanet_inputgate_adaptive'}
    [mlflow] logged run 'seanet_inputgate_adaptive_Beef'  (train_acc=1.0000 test_acc=0.8333 test_loss=0.6930)
[  4/129] Beef                         DONE  acc=0.8333 loss=0.6930 AOPCR=  1.454 NDCG=  n/a C=  5 T=  470 (38s)  [3 trained / 0 failed so far]
[  5/129] BeetleFly
    stage 1/3: loading data ...
    stage 2/3: training on 20 series (no val (train-loss early stop), C=2, T=512, batch=2) ...
    stage 3/3: scoring on 20 test series (accuracy + AOPCR) ...
    [mlflow] versioned model 'seanet_inputgate_adaptive__sea_mstcn_sep_inputgate__sea_adaptive_classwise' (id=m-a6334111964f430d99a7cc135f025c52) params={'model_size_mb': '1.4867', 'n_model_params': '57502', 'name': 'seanet_inputgate_adaptive'}
    [mlflow] logged run 'seanet_inputgate_adaptive_BeetleFly'  (train_acc=1.0000 test_acc=0.7500 test_loss=0.4993)
[  5/129] BeetleFly                    DONE  acc=0.7500 loss=0.4993 AOPCR=  1.642 NDCG=  n/a C=  2 T=  512 (11s)  [4 trained / 0 failed so far]
[  6/129] BirdChicken
    stage 1/3: loading data ...
    stage 2/3: training on 20 series (no val (train-loss early stop), C=2, T=512, batch=2) ...
    stage 3/3: scoring on 20 test series (accuracy + AOPCR) ...
    [mlflow] versioned model 'seanet_inputgate_adaptive__sea_mstcn_sep_inputgate__sea_adaptive_classwise' (id=m-9db4493d8c3f4572aa80cb79a2a95ecb) params={'model_size_mb': '1.4867', 'n_model_params': '57502', 'name': 'seanet_inputgate_adaptive'}
    [mlflow] logged run 'seanet_inputgate_adaptive_BirdChicken'  (train_acc=1.0000 test_acc=1.0000 test_loss=0.1941)
[  6/129] BirdChicken                  DONE  acc=1.0000 loss=0.1941 AOPCR=  1.774 NDCG=  n/a C=  2 T=  512 (26s)  [5 trained / 0 failed so far]
[  7/129] Car
    stage 1/3: loading data ...
    stage 2/3: training on 60 series (no val (train-loss early stop), C=4, T=577, batch=6) ...
    stage 3/3: scoring on 60 test series (accuracy + AOPCR) ...
    [mlflow] versioned model 'seanet_inputgate_adaptive__sea_mstcn_sep_inputgate__sea_adaptive_classwise' (id=m-038a9a113c304466b21c6ac13830c5a3) params={'model_size_mb': '1.4873', 'n_model_params': '57652', 'name': 'seanet_inputgate_adaptive'}
    [mlflow] logged run 'seanet_inputgate_adaptive_Car'  (train_acc=1.0000 test_acc=0.8500 test_loss=0.3876)
[  7/129] Car                          DONE  acc=0.8500 loss=0.3876 AOPCR=  1.815 NDCG=  n/a C=  4 T=  577 (24s)  [6 trained / 0 failed so far]
[  8/129] CBF
    stage 1/3: loading data ...
    stage 2/3: training on 30 series (no val (train-loss early stop), C=3, T=128, batch=3) ...
    stage 3/3: scoring on 900 test series (accuracy + AOPCR) ...
    [mlflow] versioned model 'seanet_inputgate_adaptive__sea_mstcn_sep_inputgate__sea_adaptive_classwise' (id=m-7197b69673be4861ba3d424c1e8f7705) params={'model_size_mb': '1.487', 'n_model_params': '57577', 'name': 'seanet_inputgate_adaptive'}
    [mlflow] logged run 'seanet_inputgate_adaptive_CBF'  (train_acc=1.0000 test_acc=0.9989 test_loss=0.1001)
[  8/129] CBF                          DONE  acc=0.9989 loss=0.1001 AOPCR=  1.008 NDCG=  n/a C=  3 T=  128 (20s)  [7 trained / 0 failed so far]
[  9/129] ChlorineConcentration
    stage 1/3: loading data ...
    stage 2/3: training on 375 series (val=92, C=3, T=166, batch=16) ...
    stage 3/3: scoring on 3840 test series (accuracy + AOPCR) ...
    [mlflow] versioned model 'seanet_inputgate_adaptive__sea_mstcn_sep_inputgate__sea_adaptive_classwise' (id=m-93f08efd31cc4432ad63049413b4f238) params={'model_size_mb': '1.487', 'n_model_params': '57577', 'name': 'seanet_inputgate_adaptive'}
    [mlflow] logged run 'seanet_inputgate_adaptive_ChlorineConcentration'  (train_acc=0.8480 val_acc=0.6957 test_acc=0.6969 test_loss=0.7447)
[  9/129] ChlorineConcentration        DONE  acc=0.6969 loss=0.7447 AOPCR=  1.565 NDCG=  n/a C=  3 T=  166 (62s)  [8 trained / 0 failed so far]
[ 10/129] CinCECGTorso
    stage 1/3: loading data ...
    stage 2/3: training on 40 series (no val (train-loss early stop), C=4, T=1639, batch=4) ...
    stage 3/3: scoring on 1380 test series (accuracy + AOPCR) ...
    [mlflow] versioned model 'seanet_inputgate_adaptive__sea_mstcn_sep_inputgate__sea_adaptive_classwise' (id=m-a9f028fc6c194a009dbb99fa9ddcdd85) params={'model_size_mb': '1.4873', 'n_model_params': '57652', 'name': 'seanet_inputgate_adaptive'}
    [mlflow] logged run 'seanet_inputgate_adaptive_CinCECGTorso'  (train_acc=1.0000 test_acc=0.7036 test_loss=0.7186)
[ 10/129] CinCECGTorso                 DONE  acc=0.7036 loss=0.7186 AOPCR=  1.638 NDCG=  n/a C=  4 T= 1639 (33s)  [9 trained / 0 failed so far]
[ 11/129] Coffee
    stage 1/3: loading data ...
    stage 2/3: training on 28 series (no val (train-loss early stop), C=2, T=286, batch=2) ...
    stage 3/3: scoring on 28 test series (accuracy + AOPCR) ...
    [mlflow] versioned model 'seanet_inputgate_adaptive__sea_mstcn_sep_inputgate__sea_adaptive_classwise' (id=m-c96aebd980594fe690f0ea31a53041ac) params={'model_size_mb': '1.4867', 'n_model_params': '57502', 'name': 'seanet_inputgate_adaptive'}
    [mlflow] logged run 'seanet_inputgate_adaptive_Coffee'  (train_acc=1.0000 test_acc=1.0000 test_loss=0.0770)
[ 11/129] Coffee                       DONE  acc=1.0000 loss=0.0770 AOPCR=  1.107 NDCG=  n/a C=  2 T=  286 (23s)  [10 trained / 0 failed so far]
[ 12/129] Computers
    stage 1/3: loading data ...
    stage 2/3: training on 200 series (val=50, C=2, T=720, batch=16) ...
    stage 3/3: scoring on 250 test series (accuracy + AOPCR) ...
    [mlflow] versioned model 'seanet_inputgate_adaptive__sea_mstcn_sep_inputgate__sea_adaptive_classwise' (id=m-550638b9241d43f2b1d491d98b5d6566) params={'model_size_mb': '1.4867', 'n_model_params': '57502', 'name': 'seanet_inputgate_adaptive'}
    [mlflow] logged run 'seanet_inputgate_adaptive_Computers'  (train_acc=0.9750 val_acc=0.7400 test_acc=0.7120 test_loss=0.7098)
[ 12/129] Computers                    DONE  acc=0.7120 loss=0.7098 AOPCR=  0.908 NDCG=  n/a C=  2 T=  720 (13s)  [11 trained / 0 failed so far]
[ 13/129] CricketX
    stage 1/3: loading data ...
    stage 2/3: training on 317 series (val=73, C=12, T=300, batch=16) ...
    stage 3/3: scoring on 390 test series (accuracy + AOPCR) ...
    [mlflow] versioned model 'seanet_inputgate_adaptive__sea_mstcn_sep_inputgate__sea_adaptive_classwise' (id=m-732a8d2c2aa14608a984c3523b1aaf11) params={'model_size_mb': '1.4895', 'n_model_params': '58252', 'name': 'seanet_inputgate_adaptive'}
    [mlflow] logged run 'seanet_inputgate_adaptive_CricketX'  (train_acc=1.0000 val_acc=0.8767 test_acc=0.8359 test_loss=0.6831)
[ 13/129] CricketX                     DONE  acc=0.8359 loss=0.6831 AOPCR=  1.649 NDCG=  n/a C= 12 T=  300 (70s)  [12 trained / 0 failed so far]
[ 14/129] CricketY
    stage 1/3: loading data ...
    stage 2/3: training on 317 series (val=73, C=12, T=300, batch=16) ...
    stage 3/3: scoring on 390 test series (accuracy + AOPCR) ...
    [mlflow] versioned model 'seanet_inputgate_adaptive__sea_mstcn_sep_inputgate__sea_adaptive_classwise' (id=m-0e17929aa1cf4c9683448901d36535ed) params={'model_size_mb': '1.4895', 'n_model_params': '58252', 'name': 'seanet_inputgate_adaptive'}
    [mlflow] logged run 'seanet_inputgate_adaptive_CricketY'  (train_acc=1.0000 val_acc=0.8904 test_acc=0.8256 test_loss=0.6818)
[ 14/129] CricketY                     DONE  acc=0.8256 loss=0.6818 AOPCR=  1.442 NDCG=  n/a C= 12 T=  300 (53s)  [13 trained / 0 failed so far]
[ 15/129] CricketZ
    stage 1/3: loading data ...
    stage 2/3: training on 316 series (val=74, C=12, T=300, batch=16) ...
    stage 3/3: scoring on 390 test series (accuracy + AOPCR) ...
    [mlflow] versioned model 'seanet_inputgate_adaptive__sea_mstcn_sep_inputgate__sea_adaptive_classwise' (id=m-6e5e8daa75e3422686ec0399db9bf015) params={'model_size_mb': '1.4895', 'n_model_params': '58252', 'name': 'seanet_inputgate_adaptive'}
    [mlflow] logged run 'seanet_inputgate_adaptive_CricketZ'  (train_acc=1.0000 val_acc=0.8919 test_acc=0.8179 test_loss=0.7019)
[ 15/129] CricketZ                     DONE  acc=0.8179 loss=0.7019 AOPCR=  1.554 NDCG=  n/a C= 12 T=  300 (36s)  [14 trained / 0 failed so far]
[ 16/129] DiatomSizeReduction
    stage 1/3: loading data ...
    stage 2/3: training on 16 series (no val (train-loss early stop), C=4, T=345, batch=2) ...
    stage 3/3: scoring on 306 test series (accuracy + AOPCR) ...
    [mlflow] versioned model 'seanet_inputgate_adaptive__sea_mstcn_sep_inputgate__sea_adaptive_classwise' (id=m-4f7515522bc148bb8fe0ec0d3a81d6da) params={'model_size_mb': '1.4873', 'n_model_params': '57652', 'name': 'seanet_inputgate_adaptive'}
    [mlflow] logged run 'seanet_inputgate_adaptive_DiatomSizeReduction'  (train_acc=1.0000 test_acc=0.9837 test_loss=0.1616)
[ 16/129] DiatomSizeReduction          DONE  acc=0.9837 loss=0.1616 AOPCR=  0.259 NDCG=  n/a C=  4 T=  345 (28s)  [15 trained / 0 failed so far]
[ 17/129] DistalPhalanxOutlineAgeGroup
    stage 1/3: loading data ...
    stage 2/3: training on 321 series (val=79, C=3, T=80, batch=16) ...
    stage 3/3: scoring on 139 test series (accuracy + AOPCR) ...
    [mlflow] versioned model 'seanet_inputgate_adaptive__sea_mstcn_sep_inputgate__sea_adaptive_classwise' (id=m-4465aa29c9b849eabee2cd4f4f7e62e4) params={'model_size_mb': '1.487', 'n_model_params': '57577', 'name': 'seanet_inputgate_adaptive'}
    [mlflow] logged run 'seanet_inputgate_adaptive_DistalPhalanxOutlineAgeGroup'  (train_acc=0.8754 val_acc=0.8481 test_acc=0.7410 test_loss=0.5771)
[ 17/129] DistalPhalanxOutlineAgeGroup DONE  acc=0.7410 loss=0.5771 AOPCR=  0.325 NDCG=  n/a C=  3 T=   80 (17s)  [16 trained / 0 failed so far]
[ 18/129] DistalPhalanxOutlineCorrect
    stage 1/3: loading data ...
    stage 2/3: training on 481 series (val=119, C=2, T=80, batch=16) ...
    stage 3/3: scoring on 276 test series (accuracy + AOPCR) ...
    [mlflow] versioned model 'seanet_inputgate_adaptive__sea_mstcn_sep_inputgate__sea_adaptive_classwise' (id=m-24082a168ca9428da69d076355ff5601) params={'model_size_mb': '1.4867', 'n_model_params': '57502', 'name': 'seanet_inputgate_adaptive'}
    [mlflow] logged run 'seanet_inputgate_adaptive_DistalPhalanxOutlineCorrect'  (train_acc=0.8753 val_acc=0.8824 test_acc=0.7536 test_loss=0.4985)
[ 18/129] DistalPhalanxOutlineCorrect  DONE  acc=0.7536 loss=0.4985 AOPCR=  0.290 NDCG=  n/a C=  2 T=   80 (26s)  [17 trained / 0 failed so far]
[ 19/129] DistalPhalanxTW
    stage 1/3: loading data ...
    stage 2/3: training on 323 series (val=77, C=6, T=80, batch=16) ...
    stage 3/3: scoring on 139 test series (accuracy + AOPCR) ...
    [mlflow] versioned model 'seanet_inputgate_adaptive__sea_mstcn_sep_inputgate__sea_adaptive_classwise' (id=m-be008bc5c8374541909e94978d81a3ad) params={'model_size_mb': '1.4878', 'n_model_params': '57802', 'name': 'seanet_inputgate_adaptive'}
    [mlflow] logged run 'seanet_inputgate_adaptive_DistalPhalanxTW'  (train_acc=0.8390 val_acc=0.8312 test_acc=0.6619 test_loss=0.8395)
[ 19/129] DistalPhalanxTW              DONE  acc=0.6619 loss=0.8395 AOPCR=  0.882 NDCG=  n/a C=  6 T=   80 (24s)  [18 trained / 0 failed so far]
[ 20/129] Earthquakes
    stage 1/3: loading data ...
    stage 2/3: training on 259 series (val=63, C=2, T=512, batch=16) ...
    stage 3/3: scoring on 139 test series (accuracy + AOPCR) ...
    [mlflow] versioned model 'seanet_inputgate_adaptive__sea_mstcn_sep_inputgate__sea_adaptive_classwise' (id=m-2d388d669db74685bee305924d5783b3) params={'model_size_mb': '1.4867', 'n_model_params': '57502', 'name': 'seanet_inputgate_adaptive'}
    [mlflow] logged run 'seanet_inputgate_adaptive_Earthquakes'  (train_acc=0.8185 val_acc=0.8254 test_acc=0.7482 test_loss=0.5626)
[ 20/129] Earthquakes                  DONE  acc=0.7482 loss=0.5626 AOPCR=  0.062 NDCG=  n/a C=  2 T=  512 (11s)  [19 trained / 0 failed so far]
[ 21/129] ECG200
    stage 1/3: loading data ...
    stage 2/3: training on 81 series (val=19, C=2, T=96, batch=8) ...
    stage 3/3: scoring on 100 test series (accuracy + AOPCR) ...
    [mlflow] versioned model 'seanet_inputgate_adaptive__sea_mstcn_sep_inputgate__sea_adaptive_classwise' (id=m-25497c4b67e34ce1acbe6c05aa0b8e34) params={'model_size_mb': '1.4867', 'n_model_params': '57502', 'name': 'seanet_inputgate_adaptive'}
    [mlflow] logged run 'seanet_inputgate_adaptive_ECG200'  (train_acc=1.0000 val_acc=0.9474 test_acc=0.8700 test_loss=0.3217)
[ 21/129] ECG200                       DONE  acc=0.8700 loss=0.3217 AOPCR=  0.542 NDCG=  n/a C=  2 T=   96 (24s)  [20 trained / 0 failed so far]
[ 22/129] ECG5000
    stage 1/3: loading data ...
    stage 2/3: training on 401 series (val=99, C=5, T=140, batch=16) ...
    stage 3/3: scoring on 4500 test series (accuracy + AOPCR) ...
    [mlflow] versioned model 'seanet_inputgate_adaptive__sea_mstcn_sep_inputgate__sea_adaptive_classwise' (id=m-967dba348f314065bbc54cec27196544) params={'model_size_mb': '1.4875', 'n_model_params': '57727', 'name': 'seanet_inputgate_adaptive'}
    [mlflow] logged run 'seanet_inputgate_adaptive_ECG5000'  (train_acc=0.9825 val_acc=0.9596 test_acc=0.9380 test_loss=0.2604)
[ 22/129] ECG5000                      DONE  acc=0.9380 loss=0.2604 AOPCR=  0.186 NDCG=  n/a C=  5 T=  140 (29s)  [21 trained / 0 failed so far]
[ 23/129] ECGFiveDays
    stage 1/3: loading data ...
    stage 2/3: training on 23 series (no val (train-loss early stop), C=2, T=136, batch=2) ...
    stage 3/3: scoring on 861 test series (accuracy + AOPCR) ...
    [mlflow] versioned model 'seanet_inputgate_adaptive__sea_mstcn_sep_inputgate__sea_adaptive_classwise' (id=m-48e41892192a4f93b44aa08946c46140) params={'model_size_mb': '1.4867', 'n_model_params': '57502', 'name': 'seanet_inputgate_adaptive'}
    [mlflow] logged run 'seanet_inputgate_adaptive_ECGFiveDays'  (train_acc=1.0000 test_acc=1.0000 test_loss=0.0647)
[ 23/129] ECGFiveDays                  DONE  acc=1.0000 loss=0.0647 AOPCR= -0.120 NDCG=  n/a C=  2 T=  136 (29s)  [22 trained / 0 failed so far]
[ 24/129] ElectricDevices
    stage 1/3: loading data ...
    stage 2/3: training on 7144 series (val=1782, C=7, T=96, batch=16) ...
    stage 3/3: scoring on 7711 test series (accuracy + AOPCR) ...
    [mlflow] versioned model 'seanet_inputgate_adaptive__sea_mstcn_sep_inputgate__sea_adaptive_classwise' (id=m-078d8431f6964c70bf925d7fc2bfea40) params={'model_size_mb': '1.4881', 'n_model_params': '57877', 'name': 'seanet_inputgate_adaptive'}
    [mlflow] logged run 'seanet_inputgate_adaptive_ElectricDevices'  (train_acc=0.9370 val_acc=0.9080 test_acc=0.6929 test_loss=1.0834)
[ 24/129] ElectricDevices              DONE  acc=0.6929 loss=1.0834 AOPCR=  0.315 NDCG=  n/a C=  7 T=   96 (557s)  [23 trained / 0 failed so far]
[ 25/129] FaceAll
    stage 1/3: loading data ...
    stage 2/3: training on 448 series (val=112, C=14, T=131, batch=16) ...
    stage 3/3: scoring on 1690 test series (accuracy + AOPCR) ...
    [mlflow] versioned model 'seanet_inputgate_adaptive__sea_mstcn_sep_inputgate__sea_adaptive_classwise' (id=m-172cafe9a6ba4b44912ec72a064601ae) params={'model_size_mb': '1.49', 'n_model_params': '58402', 'name': 'seanet_inputgate_adaptive'}
    [mlflow] logged run 'seanet_inputgate_adaptive_FaceAll'  (train_acc=1.0000 val_acc=0.9821 test_acc=0.8183 test_loss=0.8331)
[ 25/129] FaceAll                      DONE  acc=0.8183 loss=0.8331 AOPCR=  0.741 NDCG=  n/a C= 14 T=  131 (69s)  [24 trained / 0 failed so far]
[ 26/129] FaceFour
    stage 1/3: loading data ...
    stage 2/3: training on 24 series (no val (train-loss early stop), C=4, T=350, batch=2) ...
    stage 3/3: scoring on 88 test series (accuracy + AOPCR) ...
    [mlflow] versioned model 'seanet_inputgate_adaptive__sea_mstcn_sep_inputgate__sea_adaptive_classwise' (id=m-144bd35f60624d04a1bbb4b669332840) params={'model_size_mb': '1.4873', 'n_model_params': '57652', 'name': 'seanet_inputgate_adaptive'}
    [mlflow] logged run 'seanet_inputgate_adaptive_FaceFour'  (train_acc=1.0000 test_acc=0.9545 test_loss=0.2284)
[ 26/129] FaceFour                     DONE  acc=0.9545 loss=0.2284 AOPCR=  0.727 NDCG=  n/a C=  4 T=  350 (27s)  [25 trained / 0 failed so far]
[ 27/129] FacesUCR
    stage 1/3: loading data ...
    stage 2/3: training on 165 series (val=35, C=14, T=131, batch=16) ...
    stage 3/3: scoring on 2050 test series (accuracy + AOPCR) ...
    [mlflow] versioned model 'seanet_inputgate_adaptive__sea_mstcn_sep_inputgate__sea_adaptive_classwise' (id=m-bdf765f5e3b94f2f83f2fb4cfe01a371) params={'model_size_mb': '1.49', 'n_model_params': '58402', 'name': 'seanet_inputgate_adaptive'}
    [mlflow] logged run 'seanet_inputgate_adaptive_FacesUCR'  (train_acc=1.0000 val_acc=1.0000 test_acc=0.9624 test_loss=0.2311)
[ 27/129] FacesUCR                     DONE  acc=0.9624 loss=0.2311 AOPCR=  0.643 NDCG=  n/a C= 14 T=  131 (43s)  [26 trained / 0 failed so far]
[ 28/129] FiftyWords
    stage 1/3: loading data ...
    stage 2/3: training on 365 series (val=85, C=50, T=270, batch=16) ...
    stage 3/3: scoring on 455 test series (accuracy + AOPCR) ...
    [mlflow] versioned model 'seanet_inputgate_adaptive__sea_mstcn_sep_inputgate__sea_adaptive_classwise' (id=m-4242b747bb1f46ffa47d6fbf52ff7c11) params={'model_size_mb': '1.5005', 'n_model_params': '61102', 'name': 'seanet_inputgate_adaptive'}
    [mlflow] logged run 'seanet_inputgate_adaptive_FiftyWords'  (train_acc=0.9973 val_acc=0.7765 test_acc=0.7736 test_loss=0.9839)
[ 28/129] FiftyWords                   DONE  acc=0.7736 loss=0.9839 AOPCR=  1.521 NDCG=  n/a C= 50 T=  270 (47s)  [27 trained / 0 failed so far]
[ 29/129] Fish
    stage 1/3: loading data ...
    stage 2/3: training on 142 series (val=33, C=7, T=463, batch=14) ...
    stage 3/3: scoring on 175 test series (accuracy + AOPCR) ...
    [mlflow] versioned model 'seanet_inputgate_adaptive__sea_mstcn_sep_inputgate__sea_adaptive_classwise' (id=m-64e937fe475e4fde9004d779844a00d3) params={'model_size_mb': '1.4881', 'n_model_params': '57877', 'name': 'seanet_inputgate_adaptive'}
    [mlflow] logged run 'seanet_inputgate_adaptive_Fish'  (train_acc=1.0000 val_acc=1.0000 test_acc=0.9714 test_loss=0.1833)
[ 29/129] Fish                         DONE  acc=0.9714 loss=0.1833 AOPCR=  1.419 NDCG=  n/a C=  7 T=  463 (45s)  [28 trained / 0 failed so far]
[ 30/129] FordA
    stage 1/3: loading data ...
    stage 2/3: training on 2881 series (val=720, C=2, T=500, batch=16) ...
    stage 3/3: scoring on 1320 test series (accuracy + AOPCR) ...
    [mlflow] versioned model 'seanet_inputgate_adaptive__sea_mstcn_sep_inputgate__sea_adaptive_classwise' (id=m-1d15decf49e54e8c87314aa3a5e14f1f) params={'model_size_mb': '1.4867', 'n_model_params': '57502', 'name': 'seanet_inputgate_adaptive'}
    [mlflow] logged run 'seanet_inputgate_adaptive_FordA'  (train_acc=0.9948 val_acc=0.9694 test_acc=0.9568 test_loss=0.1459)
[ 30/129] FordA                        DONE  acc=0.9568 loss=0.1459 AOPCR=  0.192 NDCG=  n/a C=  2 T=  500 (181s)  [29 trained / 0 failed so far]
[ 31/129] FordB
    stage 1/3: loading data ...
    stage 2/3: training on 2909 series (val=727, C=2, T=500, batch=16) ...
    stage 3/3: scoring on 810 test series (accuracy + AOPCR) ...
    [mlflow] versioned model 'seanet_inputgate_adaptive__sea_mstcn_sep_inputgate__sea_adaptive_classwise' (id=m-e8a3f4bd3f53411ca8bd1b7f0bfe163a) params={'model_size_mb': '1.4867', 'n_model_params': '57502', 'name': 'seanet_inputgate_adaptive'}
    [mlflow] logged run 'seanet_inputgate_adaptive_FordB'  (train_acc=0.9869 val_acc=0.9560 test_acc=0.8284 test_loss=0.3676)
[ 31/129] FordB                        DONE  acc=0.8284 loss=0.3676 AOPCR=  0.642 NDCG=  n/a C=  2 T=  500 (149s)  [30 trained / 0 failed so far]
[ 32/129] GunPoint
    stage 1/3: loading data ...
    stage 2/3: training on 50 series (no val (train-loss early stop), C=2, T=150, batch=5) ...
    stage 3/3: scoring on 150 test series (accuracy + AOPCR) ...
    [mlflow] versioned model 'seanet_inputgate_adaptive__sea_mstcn_sep_inputgate__sea_adaptive_classwise' (id=m-f0949e63523949d3bda488bf42e9d8a6) params={'model_size_mb': '1.4867', 'n_model_params': '57502', 'name': 'seanet_inputgate_adaptive'}
    [mlflow] logged run 'seanet_inputgate_adaptive_GunPoint'  (train_acc=1.0000 test_acc=0.9867 test_loss=0.0863)
[ 32/129] GunPoint                     DONE  acc=0.9867 loss=0.0863 AOPCR=  0.878 NDCG=  n/a C=  2 T=  150 (38s)  [31 trained / 0 failed so far]
[ 33/129] Ham
    stage 1/3: loading data ...
    stage 2/3: training on 88 series (val=21, C=2, T=431, batch=8) ...
    stage 3/3: scoring on 105 test series (accuracy + AOPCR) ...
    [mlflow] versioned model 'seanet_inputgate_adaptive__sea_mstcn_sep_inputgate__sea_adaptive_classwise' (id=m-f7fa9d843e6a46e3bb5ae7bda2d739cb) params={'model_size_mb': '1.4867', 'n_model_params': '57502', 'name': 'seanet_inputgate_adaptive'}
    [mlflow] logged run 'seanet_inputgate_adaptive_Ham'  (train_acc=0.9545 val_acc=0.8571 test_acc=0.7238 test_loss=0.5246)
[ 33/129] Ham                          DONE  acc=0.7238 loss=0.5246 AOPCR=  0.760 NDCG=  n/a C=  2 T=  431 (7s)  [32 trained / 0 failed so far]
[ 34/129] HandOutlines
    stage 1/3: loading data ...
    stage 2/3: training on 801 series (val=199, C=2, T=2709, batch=16) ...
    stage 3/3: scoring on 370 test series (accuracy + AOPCR) ...
    [mlflow] versioned model 'seanet_inputgate_adaptive__sea_mstcn_sep_inputgate__sea_adaptive_classwise' (id=m-9ae0293d64b64b5b843c9e93f0cf7579) params={'model_size_mb': '1.4867', 'n_model_params': '57502', 'name': 'seanet_inputgate_adaptive'}
    [mlflow] logged run 'seanet_inputgate_adaptive_HandOutlines'  (train_acc=0.9825 val_acc=0.9296 test_acc=0.9541 test_loss=0.1684)
[ 34/129] HandOutlines                 DONE  acc=0.9541 loss=0.1684 AOPCR=  2.258 NDCG=  n/a C=  2 T= 2709 (244s)  [33 trained / 0 failed so far]
[ 35/129] Haptics
    stage 1/3: loading data ...
    stage 2/3: training on 127 series (val=28, C=5, T=1092, batch=12) ...
    stage 3/3: scoring on 308 test series (accuracy + AOPCR) ...
    [mlflow] versioned model 'seanet_inputgate_adaptive__sea_mstcn_sep_inputgate__sea_adaptive_classwise' (id=m-617ba0ab2f1041359a6d7efed77e7ebb) params={'model_size_mb': '1.4875', 'n_model_params': '57727', 'name': 'seanet_inputgate_adaptive'}
    [mlflow] logged run 'seanet_inputgate_adaptive_Haptics'  (train_acc=0.6850 val_acc=0.5357 test_acc=0.4545 test_loss=1.4596)
[ 35/129] Haptics                      DONE  acc=0.4545 loss=1.4596 AOPCR=  1.604 NDCG=  n/a C=  5 T= 1092 (9s)  [34 trained / 0 failed so far]
[ 36/129] Herring
    stage 1/3: loading data ...
    stage 2/3: training on 64 series (no val (train-loss early stop), C=2, T=512, batch=6) ...
    stage 3/3: scoring on 64 test series (accuracy + AOPCR) ...
    [mlflow] versioned model 'seanet_inputgate_adaptive__sea_mstcn_sep_inputgate__sea_adaptive_classwise' (id=m-a8ee05dfdc5f468e852ed06804aab0f3) params={'model_size_mb': '1.4867', 'n_model_params': '57502', 'name': 'seanet_inputgate_adaptive'}
    [mlflow] logged run 'seanet_inputgate_adaptive_Herring'  (train_acc=1.0000 test_acc=0.5781 test_loss=0.9383)
[ 36/129] Herring                      DONE  acc=0.5781 loss=0.9383 AOPCR=  0.708 NDCG=  n/a C=  2 T=  512 (43s)  [35 trained / 0 failed so far]
[ 37/129] InlineSkate
    stage 1/3: loading data ...
    stage 2/3: training on 84 series (val=16, C=7, T=1882, batch=8) ...
    stage 3/3: scoring on 550 test series (accuracy + AOPCR) ...
    [mlflow] versioned model 'seanet_inputgate_adaptive__sea_mstcn_sep_inputgate__sea_adaptive_classwise' (id=m-c9dadcc6b28f43b6aad595048cd49c7c) params={'model_size_mb': '1.4881', 'n_model_params': '57877', 'name': 'seanet_inputgate_adaptive'}
    [mlflow] logged run 'seanet_inputgate_adaptive_InlineSkate'  (train_acc=0.6429 val_acc=0.4375 test_acc=0.2836 test_loss=1.8017)
[ 37/129] InlineSkate                  DONE  acc=0.2836 loss=1.8017 AOPCR=  2.378 NDCG=  n/a C=  7 T= 1882 (11s)  [36 trained / 0 failed so far]
[ 38/129] InsectWingbeatSound
    stage 1/3: loading data ...
    stage 2/3: training on 176 series (val=44, C=11, T=256, batch=16) ...
    stage 3/3: scoring on 1980 test series (accuracy + AOPCR) ...
    [mlflow] versioned model 'seanet_inputgate_adaptive__sea_mstcn_sep_inputgate__sea_adaptive_classwise' (id=m-ffe866644a15409da3112143288a7920) params={'model_size_mb': '1.4892', 'n_model_params': '58177', 'name': 'seanet_inputgate_adaptive'}
    [mlflow] logged run 'seanet_inputgate_adaptive_InsectWingbeatSound'  (train_acc=0.6364 val_acc=0.3864 test_acc=0.5096 test_loss=1.1817)
[ 38/129] InsectWingbeatSound          DONE  acc=0.5096 loss=1.1817 AOPCR=  0.661 NDCG=  n/a C= 11 T=  256 (8s)  [37 trained / 0 failed so far]
[ 39/129] ItalyPowerDemand
    stage 1/3: loading data ...
    stage 2/3: training on 67 series (no val (train-loss early stop), C=2, T=24, batch=6) ...
    stage 3/3: scoring on 1029 test series (accuracy + AOPCR) ...
    [mlflow] versioned model 'seanet_inputgate_adaptive__sea_mstcn_sep_inputgate__sea_adaptive_classwise' (id=m-89d89243373d46a0b83921c86d106718) params={'model_size_mb': '1.4867', 'n_model_params': '57502', 'name': 'seanet_inputgate_adaptive'}
    [mlflow] logged run 'seanet_inputgate_adaptive_ItalyPowerDemand'  (train_acc=1.0000 test_acc=0.9689 test_loss=0.1427)
[ 39/129] ItalyPowerDemand             DONE  acc=0.9689 loss=0.1427 AOPCR=  0.238 NDCG=  n/a C=  2 T=   24 (38s)  [38 trained / 0 failed so far]
[ 40/129] LargeKitchenAppliances
    stage 1/3: loading data ...
    stage 2/3: training on 300 series (val=75, C=3, T=720, batch=16) ...
    stage 3/3: scoring on 375 test series (accuracy + AOPCR) ...
    [mlflow] versioned model 'seanet_inputgate_adaptive__sea_mstcn_sep_inputgate__sea_adaptive_classwise' (id=m-256d658811d84b7b97b974667f402ab8) params={'model_size_mb': '1.487', 'n_model_params': '57577', 'name': 'seanet_inputgate_adaptive'}
    [mlflow] logged run 'seanet_inputgate_adaptive_LargeKitchenAppliances'  (train_acc=0.9967 val_acc=0.9867 test_acc=0.9147 test_loss=0.3259)
[ 40/129] LargeKitchenAppliances       DONE  acc=0.9147 loss=0.3259 AOPCR=  1.424 NDCG=  n/a C=  3 T=  720 (40s)  [39 trained / 0 failed so far]
[ 41/129] Lightning2
    stage 1/3: loading data ...
    stage 2/3: training on 60 series (no val (train-loss early stop), C=2, T=637, batch=6) ...
    stage 3/3: scoring on 61 test series (accuracy + AOPCR) ...
    [mlflow] versioned model 'seanet_inputgate_adaptive__sea_mstcn_sep_inputgate__sea_adaptive_classwise' (id=m-a45acea286604acaa258d6026027fdd2) params={'model_size_mb': '1.4867', 'n_model_params': '57502', 'name': 'seanet_inputgate_adaptive'}
    [mlflow] logged run 'seanet_inputgate_adaptive_Lightning2'  (train_acc=1.0000 test_acc=0.7869 test_loss=0.4708)
[ 41/129] Lightning2                   DONE  acc=0.7869 loss=0.4708 AOPCR=  0.913 NDCG=  n/a C=  2 T=  637 (25s)  [40 trained / 0 failed so far]
[ 42/129] Lightning7
    stage 1/3: loading data ...
    stage 2/3: training on 70 series (no val (train-loss early stop), C=7, T=319, batch=7) ...
    stage 3/3: scoring on 73 test series (accuracy + AOPCR) ...
    [mlflow] versioned model 'seanet_inputgate_adaptive__sea_mstcn_sep_inputgate__sea_adaptive_classwise' (id=m-2a9601db9f4148d2894093ccdfb0219d) params={'model_size_mb': '1.4881', 'n_model_params': '57877', 'name': 'seanet_inputgate_adaptive'}
    [mlflow] logged run 'seanet_inputgate_adaptive_Lightning7'  (train_acc=1.0000 test_acc=0.8219 test_loss=0.6350)
[ 42/129] Lightning7                   DONE  acc=0.8219 loss=0.6350 AOPCR=  1.082 NDCG=  n/a C=  7 T=  319 (38s)  [41 trained / 0 failed so far]
[ 43/129] Mallat
    stage 1/3: loading data ...
    stage 2/3: training on 55 series (no val (train-loss early stop), C=8, T=1024, batch=5) ...
    stage 3/3: scoring on 2345 test series (accuracy + AOPCR) ...
    [mlflow] versioned model 'seanet_inputgate_adaptive__sea_mstcn_sep_inputgate__sea_adaptive_classwise' (id=m-e9238efe36bd4916b4ce001236e2740e) params={'model_size_mb': '1.4884', 'n_model_params': '57952', 'name': 'seanet_inputgate_adaptive'}
    [mlflow] logged run 'seanet_inputgate_adaptive_Mallat'  (train_acc=1.0000 test_acc=0.8507 test_loss=0.7189)
[ 43/129] Mallat                       DONE  acc=0.8507 loss=0.7189 AOPCR=  2.586 NDCG=  n/a C=  8 T= 1024 (29s)  [42 trained / 0 failed so far]
[ 44/129] Meat
    stage 1/3: loading data ...
    stage 2/3: training on 60 series (no val (train-loss early stop), C=3, T=448, batch=6) ...
    stage 3/3: scoring on 60 test series (accuracy + AOPCR) ...
    [mlflow] versioned model 'seanet_inputgate_adaptive__sea_mstcn_sep_inputgate__sea_adaptive_classwise' (id=m-0740dd0d020942ed8021b65681cb5b40) params={'model_size_mb': '1.487', 'n_model_params': '57577', 'name': 'seanet_inputgate_adaptive'}
    [mlflow] logged run 'seanet_inputgate_adaptive_Meat'  (train_acc=1.0000 test_acc=0.8833 test_loss=0.3154)
[ 44/129] Meat                         DONE  acc=0.8833 loss=0.3154 AOPCR=  2.332 NDCG=  n/a C=  3 T=  448 (24s)  [43 trained / 0 failed so far]
[ 45/129] MedicalImages
    stage 1/3: loading data ...
    stage 2/3: training on 307 series (val=74, C=10, T=99, batch=16) ...
    stage 3/3: scoring on 760 test series (accuracy + AOPCR) ...
    [mlflow] versioned model 'seanet_inputgate_adaptive__sea_mstcn_sep_inputgate__sea_adaptive_classwise' (id=m-77f09b93b649430aaa0b0c438d97c060) params={'model_size_mb': '1.4889', 'n_model_params': '58102', 'name': 'seanet_inputgate_adaptive'}
    [mlflow] logged run 'seanet_inputgate_adaptive_MedicalImages'  (train_acc=0.8599 val_acc=0.7703 test_acc=0.7566 test_loss=0.7277)
[ 45/129] MedicalImages                DONE  acc=0.7566 loss=0.7277 AOPCR=  0.480 NDCG=  n/a C= 10 T=   99 (16s)  [44 trained / 0 failed so far]
[ 46/129] MiddlePhalanxOutlineAgeGroup
    stage 1/3: loading data ...
    stage 2/3: training on 321 series (val=79, C=3, T=80, batch=16) ...
    stage 3/3: scoring on 154 test series (accuracy + AOPCR) ...
    [mlflow] versioned model 'seanet_inputgate_adaptive__sea_mstcn_sep_inputgate__sea_adaptive_classwise' (id=m-2019c137658c4930bdc235bb6e56e2e4) params={'model_size_mb': '1.487', 'n_model_params': '57577', 'name': 'seanet_inputgate_adaptive'}
    [mlflow] logged run 'seanet_inputgate_adaptive_MiddlePhalanxOutlineAgeGroup'  (train_acc=0.8069 val_acc=0.8101 test_acc=0.6039 test_loss=0.9434)
[ 46/129] MiddlePhalanxOutlineAgeGroup DONE  acc=0.6039 loss=0.9434 AOPCR=  0.246 NDCG=  n/a C=  3 T=   80 (16s)  [45 trained / 0 failed so far]
[ 47/129] MiddlePhalanxOutlineCorrect
    stage 1/3: loading data ...
    stage 2/3: training on 481 series (val=119, C=2, T=80, batch=16) ...
    stage 3/3: scoring on 291 test series (accuracy + AOPCR) ...
    [mlflow] versioned model 'seanet_inputgate_adaptive__sea_mstcn_sep_inputgate__sea_adaptive_classwise' (id=m-f76fb4777ec34fa499c0de313815c351) params={'model_size_mb': '1.4867', 'n_model_params': '57502', 'name': 'seanet_inputgate_adaptive'}
    [mlflow] logged run 'seanet_inputgate_adaptive_MiddlePhalanxOutlineCorrect'  (train_acc=0.9522 val_acc=0.8655 test_acc=0.8076 test_loss=0.4587)
[ 47/129] MiddlePhalanxOutlineCorrect  DONE  acc=0.8076 loss=0.4587 AOPCR=  0.494 NDCG=  n/a C=  2 T=   80 (75s)  [46 trained / 0 failed so far]
[ 48/129] MiddlePhalanxTW
    stage 1/3: loading data ...
    stage 2/3: training on 321 series (val=78, C=6, T=80, batch=16) ...
    stage 3/3: scoring on 154 test series (accuracy + AOPCR) ...
    [mlflow] versioned model 'seanet_inputgate_adaptive__sea_mstcn_sep_inputgate__sea_adaptive_classwise' (id=m-8d6298de858747babb3375b4cceecb45) params={'model_size_mb': '1.4878', 'n_model_params': '57802', 'name': 'seanet_inputgate_adaptive'}
    [mlflow] logged run 'seanet_inputgate_adaptive_MiddlePhalanxTW'  (train_acc=0.6604 val_acc=0.6410 test_acc=0.5844 test_loss=1.1225)
[ 48/129] MiddlePhalanxTW              DONE  acc=0.5844 loss=1.1225 AOPCR=  0.232 NDCG=  n/a C=  6 T=   80 (23s)  [47 trained / 0 failed so far]
[ 49/129] MoteStrain
    stage 1/3: loading data ...
    stage 2/3: training on 20 series (no val (train-loss early stop), C=2, T=84, batch=2) ...
    stage 3/3: scoring on 1252 test series (accuracy + AOPCR) ...
    [mlflow] versioned model 'seanet_inputgate_adaptive__sea_mstcn_sep_inputgate__sea_adaptive_classwise' (id=m-d394731bc9c74cbd8e3dd288a1e5d052) params={'model_size_mb': '1.4867', 'n_model_params': '57502', 'name': 'seanet_inputgate_adaptive'}
    [mlflow] logged run 'seanet_inputgate_adaptive_MoteStrain'  (train_acc=1.0000 test_acc=0.8834 test_loss=0.2904)
[ 49/129] MoteStrain                   DONE  acc=0.8834 loss=0.2904 AOPCR=  0.778 NDCG=  n/a C=  2 T=   84 (15s)  [48 trained / 0 failed so far]
[ 50/129] NonInvasiveFetalECGThorax1
    stage 1/3: loading data ...
    stage 2/3: training on 1452 series (val=348, C=42, T=750, batch=16) ...
    stage 3/3: scoring on 1965 test series (accuracy + AOPCR) ...
    [mlflow] versioned model 'seanet_inputgate_adaptive__sea_mstcn_sep_inputgate__sea_adaptive_classwise' (id=m-9a7a75cbe357420db228868c6c44f97c) params={'model_size_mb': '1.4981', 'n_model_params': '60502', 'name': 'seanet_inputgate_adaptive'}
    [mlflow] logged run 'seanet_inputgate_adaptive_NonInvasiveFetalECGThorax1'  (train_acc=0.9456 val_acc=0.8477 test_acc=0.8494 test_loss=0.6342)
[ 50/129] NonInvasiveFetalECGThorax1   DONE  acc=0.8494 loss=0.6342 AOPCR=  1.962 NDCG=  n/a C= 42 T=  750 (250s)  [49 trained / 0 failed so far]
[ 51/129] NonInvasiveFetalECGThorax2
    stage 1/3: loading data ...
    stage 2/3: training on 1452 series (val=348, C=42, T=750, batch=16) ...
    stage 3/3: scoring on 1965 test series (accuracy + AOPCR) ...
    [mlflow] versioned model 'seanet_inputgate_adaptive__sea_mstcn_sep_inputgate__sea_adaptive_classwise' (id=m-1d2703de2bcb418599a0259aafb70c72) params={'model_size_mb': '1.4981', 'n_model_params': '60502', 'name': 'seanet_inputgate_adaptive'}
    [mlflow] logged run 'seanet_inputgate_adaptive_NonInvasiveFetalECGThorax2'  (train_acc=0.9552 val_acc=0.8736 test_acc=0.8748 test_loss=0.5185)
[ 51/129] NonInvasiveFetalECGThorax2   DONE  acc=0.8748 loss=0.5185 AOPCR=  2.051 NDCG=  n/a C= 42 T=  750 (152s)  [50 trained / 0 failed so far]
[ 52/129] OliveOil
    stage 1/3: loading data ...
    stage 2/3: training on 30 series (no val (train-loss early stop), C=4, T=570, batch=3) ...
    stage 3/3: scoring on 30 test series (accuracy + AOPCR) ...
    [mlflow] versioned model 'seanet_inputgate_adaptive__sea_mstcn_sep_inputgate__sea_adaptive_classwise' (id=m-cfdf2d23fb3e47808a077eb402493206) params={'model_size_mb': '1.4873', 'n_model_params': '57652', 'name': 'seanet_inputgate_adaptive'}
    [mlflow] logged run 'seanet_inputgate_adaptive_OliveOil'  (train_acc=0.8333 test_acc=0.7000 test_loss=0.7760)
[ 52/129] OliveOil                     DONE  acc=0.7000 loss=0.7760 AOPCR=  1.332 NDCG=  n/a C=  4 T=  570 (41s)  [51 trained / 0 failed so far]
[ 53/129] OSULeaf
    stage 1/3: loading data ...
    stage 2/3: training on 163 series (val=37, C=6, T=427, batch=16) ...
    stage 3/3: scoring on 242 test series (accuracy + AOPCR) ...
    [mlflow] versioned model 'seanet_inputgate_adaptive__sea_mstcn_sep_inputgate__sea_adaptive_classwise' (id=m-4f9b09377dcf4fae97c31aac57b4dd1d) params={'model_size_mb': '1.4878', 'n_model_params': '57802', 'name': 'seanet_inputgate_adaptive'}
    [mlflow] logged run 'seanet_inputgate_adaptive_OSULeaf'  (train_acc=1.0000 val_acc=0.9459 test_acc=0.8636 test_loss=0.4516)
[ 53/129] OSULeaf                      DONE  acc=0.8636 loss=0.4516 AOPCR=  0.965 NDCG=  n/a C=  6 T=  427 (24s)  [52 trained / 0 failed so far]
[ 54/129] PhalangesOutlinesCorrect
    stage 1/3: loading data ...
    stage 2/3: training on 1441 series (val=359, C=2, T=80, batch=16) ...
    stage 3/3: scoring on 858 test series (accuracy + AOPCR) ...
    [mlflow] versioned model 'seanet_inputgate_adaptive__sea_mstcn_sep_inputgate__sea_adaptive_classwise' (id=m-f4cf557959af425683c2e58a53be647a) params={'model_size_mb': '1.4867', 'n_model_params': '57502', 'name': 'seanet_inputgate_adaptive'}
    [mlflow] logged run 'seanet_inputgate_adaptive_PhalangesOutlinesCorrect'  (train_acc=0.9077 val_acc=0.8747 test_acc=0.8240 test_loss=0.3983)
[ 54/129] PhalangesOutlinesCorrect     DONE  acc=0.8240 loss=0.3983 AOPCR=  0.112 NDCG=  n/a C=  2 T=   80 (96s)  [53 trained / 0 failed so far]
[ 55/129] Phoneme
    stage 1/3: loading data ...
    stage 2/3: training on 171 series (val=43, C=39, T=1024, batch=16) ...
    stage 3/3: scoring on 1896 test series (accuracy + AOPCR) ...
    [mlflow] versioned model 'seanet_inputgate_adaptive__sea_mstcn_sep_inputgate__sea_adaptive_classwise' (id=m-58825c5280b7484ea6848c6243940680) params={'model_size_mb': '1.4972', 'n_model_params': '60277', 'name': 'seanet_inputgate_adaptive'}
    [mlflow] logged run 'seanet_inputgate_adaptive_Phoneme'  (train_acc=0.3977 val_acc=0.2326 test_acc=0.2089 test_loss=2.8611)
[ 55/129] Phoneme                      DONE  acc=0.2089 loss=2.8611 AOPCR=  0.833 NDCG=  n/a C= 39 T= 1024 (8s)  [54 trained / 0 failed so far]
[ 56/129] Plane
    stage 1/3: loading data ...
    stage 2/3: training on 87 series (val=18, C=7, T=144, batch=8) ...
    stage 3/3: scoring on 105 test series (accuracy + AOPCR) ...
    [mlflow] versioned model 'seanet_inputgate_adaptive__sea_mstcn_sep_inputgate__sea_adaptive_classwise' (id=m-7c20c9ac94b047b7a46fdf39d3002363) params={'model_size_mb': '1.4881', 'n_model_params': '57877', 'name': 'seanet_inputgate_adaptive'}
    [mlflow] logged run 'seanet_inputgate_adaptive_Plane'  (train_acc=1.0000 val_acc=1.0000 test_acc=1.0000 test_loss=0.0879)
[ 56/129] Plane                        DONE  acc=1.0000 loss=0.0879 AOPCR=  1.062 NDCG=  n/a C=  7 T=  144 (19s)  [55 trained / 0 failed so far]
[ 57/129] ProximalPhalanxOutlineAgeGroup
    stage 1/3: loading data ...
    stage 2/3: training on 322 series (val=78, C=3, T=80, batch=16) ...
    stage 3/3: scoring on 205 test series (accuracy + AOPCR) ...
    [mlflow] versioned model 'seanet_inputgate_adaptive__sea_mstcn_sep_inputgate__sea_adaptive_classwise' (id=m-549447af5f834d79a0f9c5459c377883) params={'model_size_mb': '1.487', 'n_model_params': '57577', 'name': 'seanet_inputgate_adaptive'}
    [mlflow] logged run 'seanet_inputgate_adaptive_ProximalPhalanxOutlineAgeGroup'  (train_acc=0.8820 val_acc=0.7821 test_acc=0.8390 test_loss=0.4379)
[ 57/129] ProximalPhalanxOutlineAgeGroup DONE  acc=0.8390 loss=0.4379 AOPCR=  0.703 NDCG=  n/a C=  3 T=   80 (21s)  [56 trained / 0 failed so far]
[ 58/129] ProximalPhalanxOutlineCorrect
    stage 1/3: loading data ...
    stage 2/3: training on 481 series (val=119, C=2, T=80, batch=16) ...
    stage 3/3: scoring on 291 test series (accuracy + AOPCR) ...
    [mlflow] versioned model 'seanet_inputgate_adaptive__sea_mstcn_sep_inputgate__sea_adaptive_classwise' (id=m-c9b2df248c9c45d99b712791d2852212) params={'model_size_mb': '1.4867', 'n_model_params': '57502', 'name': 'seanet_inputgate_adaptive'}
    [mlflow] logged run 'seanet_inputgate_adaptive_ProximalPhalanxOutlineCorrect'  (train_acc=0.9813 val_acc=0.9328 test_acc=0.8935 test_loss=0.2782)
[ 58/129] ProximalPhalanxOutlineCorrect DONE  acc=0.8935 loss=0.2782 AOPCR=  0.078 NDCG=  n/a C=  2 T=   80 (98s)  [57 trained / 0 failed so far]
[ 59/129] ProximalPhalanxTW
    stage 1/3: loading data ...
    stage 2/3: training on 322 series (val=78, C=6, T=80, batch=16) ...
    stage 3/3: scoring on 205 test series (accuracy + AOPCR) ...
    [mlflow] versioned model 'seanet_inputgate_adaptive__sea_mstcn_sep_inputgate__sea_adaptive_classwise' (id=m-a51fc9ed9e6347dd9f87741e5a0dd521) params={'model_size_mb': '1.4878', 'n_model_params': '57802', 'name': 'seanet_inputgate_adaptive'}
    [mlflow] logged run 'seanet_inputgate_adaptive_ProximalPhalanxTW'  (train_acc=0.8975 val_acc=0.8590 test_acc=0.7610 test_loss=0.6436)
[ 59/129] ProximalPhalanxTW            DONE  acc=0.7610 loss=0.6436 AOPCR= -2.405 NDCG=  n/a C=  6 T=   80 (40s)  [58 trained / 0 failed so far]
[ 60/129] RefrigerationDevices
    stage 1/3: loading data ...
    stage 2/3: training on 300 series (val=75, C=3, T=720, batch=16) ...
    stage 3/3: scoring on 375 test series (accuracy + AOPCR) ...
    [mlflow] versioned model 'seanet_inputgate_adaptive__sea_mstcn_sep_inputgate__sea_adaptive_classwise' (id=m-3409d6c67bfd49adaf8175d0b031c64f) params={'model_size_mb': '1.487', 'n_model_params': '57577', 'name': 'seanet_inputgate_adaptive'}
    [mlflow] logged run 'seanet_inputgate_adaptive_RefrigerationDevices'  (train_acc=0.6067 val_acc=0.5733 test_acc=0.4240 test_loss=1.1762)
[ 60/129] RefrigerationDevices         DONE  acc=0.4240 loss=1.1762 AOPCR=  0.257 NDCG=  n/a C=  3 T=  720 (11s)  [59 trained / 0 failed so far]
[ 61/129] ScreenType
    stage 1/3: loading data ...
    stage 2/3: training on 300 series (val=75, C=3, T=720, batch=16) ...
    stage 3/3: scoring on 375 test series (accuracy + AOPCR) ...
    [mlflow] versioned model 'seanet_inputgate_adaptive__sea_mstcn_sep_inputgate__sea_adaptive_classwise' (id=m-f90b9b7b44ef4bddb9693b1ae35a862c) params={'model_size_mb': '1.487', 'n_model_params': '57577', 'name': 'seanet_inputgate_adaptive'}
    [mlflow] logged run 'seanet_inputgate_adaptive_ScreenType'  (train_acc=0.7133 val_acc=0.5600 test_acc=0.4267 test_loss=1.1083)
[ 61/129] ScreenType                   DONE  acc=0.4267 loss=1.1083 AOPCR=  0.612 NDCG=  n/a C=  3 T=  720 (17s)  [60 trained / 0 failed so far]
[ 62/129] ShapeletSim
    stage 1/3: loading data ...
    stage 2/3: training on 20 series (no val (train-loss early stop), C=2, T=500, batch=2) ...
    stage 3/3: scoring on 180 test series (accuracy + AOPCR) ...
    [mlflow] versioned model 'seanet_inputgate_adaptive__sea_mstcn_sep_inputgate__sea_adaptive_classwise' (id=m-8f7d98a5052f45e6abf68d9e43ea6a75) params={'model_size_mb': '1.4867', 'n_model_params': '57502', 'name': 'seanet_inputgate_adaptive'}
    [mlflow] logged run 'seanet_inputgate_adaptive_ShapeletSim'  (train_acc=1.0000 test_acc=1.0000 test_loss=0.0771)
[ 62/129] ShapeletSim                  DONE  acc=1.0000 loss=0.0771 AOPCR=  2.393 NDCG=  n/a C=  2 T=  500 (10s)  [61 trained / 0 failed so far]
[ 63/129] ShapesAll
    stage 1/3: loading data ...
    stage 2/3: training on 480 series (val=120, C=60, T=512, batch=16) ...
    stage 3/3: scoring on 600 test series (accuracy + AOPCR) ...
    [mlflow] versioned model 'seanet_inputgate_adaptive__sea_mstcn_sep_inputgate__sea_adaptive_classwise' (id=m-e2f707cf7bd445fdbd86a73f9ade7db1) params={'model_size_mb': '1.5032', 'n_model_params': '61852', 'name': 'seanet_inputgate_adaptive'}
    [mlflow] logged run 'seanet_inputgate_adaptive_ShapesAll'  (train_acc=1.0000 val_acc=0.9083 test_acc=0.8567 test_loss=0.7504)
[ 63/129] ShapesAll                    DONE  acc=0.8567 loss=0.7504 AOPCR=  2.109 NDCG=  n/a C= 60 T=  512 (52s)  [62 trained / 0 failed so far]
[ 64/129] SmallKitchenAppliances
    stage 1/3: loading data ...
    stage 2/3: training on 300 series (val=75, C=3, T=720, batch=16) ...
    stage 3/3: scoring on 375 test series (accuracy + AOPCR) ...
    [mlflow] versioned model 'seanet_inputgate_adaptive__sea_mstcn_sep_inputgate__sea_adaptive_classwise' (id=m-aa7e6aa717a44850a85070501558d5a6) params={'model_size_mb': '1.487', 'n_model_params': '57577', 'name': 'seanet_inputgate_adaptive'}
    [mlflow] logged run 'seanet_inputgate_adaptive_SmallKitchenAppliances'  (train_acc=0.8100 val_acc=0.7333 test_acc=0.7920 test_loss=0.5557)
[ 64/129] SmallKitchenAppliances       DONE  acc=0.7920 loss=0.5557 AOPCR=  0.423 NDCG=  n/a C=  3 T=  720 (16s)  [63 trained / 0 failed so far]
[ 65/129] SonyAIBORobotSurface1
    stage 1/3: loading data ...
    stage 2/3: training on 20 series (no val (train-loss early stop), C=2, T=70, batch=2) ...
    stage 3/3: scoring on 601 test series (accuracy + AOPCR) ...
    [mlflow] versioned model 'seanet_inputgate_adaptive__sea_mstcn_sep_inputgate__sea_adaptive_classwise' (id=m-4f5754fd09c248d5b53b7f9b2c7f5766) params={'model_size_mb': '1.4867', 'n_model_params': '57502', 'name': 'seanet_inputgate_adaptive'}
    [mlflow] logged run 'seanet_inputgate_adaptive_SonyAIBORobotSurface1'  (train_acc=1.0000 test_acc=0.8652 test_loss=0.3119)
[ 65/129] SonyAIBORobotSurface1        DONE  acc=0.8652 loss=0.3119 AOPCR= -0.185 NDCG=  n/a C=  2 T=   70 (16s)  [64 trained / 0 failed so far]
[ 66/129] SonyAIBORobotSurface2
    stage 1/3: loading data ...
    stage 2/3: training on 27 series (no val (train-loss early stop), C=2, T=65, batch=2) ...
    stage 3/3: scoring on 953 test series (accuracy + AOPCR) ...
    [mlflow] versioned model 'seanet_inputgate_adaptive__sea_mstcn_sep_inputgate__sea_adaptive_classwise' (id=m-52b7c97474c044aeab55403f8e30016a) params={'model_size_mb': '1.4867', 'n_model_params': '57502', 'name': 'seanet_inputgate_adaptive'}
    [mlflow] logged run 'seanet_inputgate_adaptive_SonyAIBORobotSurface2'  (train_acc=1.0000 test_acc=0.8678 test_loss=0.2886)
[ 66/129] SonyAIBORobotSurface2        DONE  acc=0.8678 loss=0.2886 AOPCR=  0.525 NDCG=  n/a C=  2 T=   65 (21s)  [65 trained / 0 failed so far]
[ 67/129] StarLightCurves
    stage 1/3: loading data ...
    stage 2/3: training on 801 series (val=199, C=3, T=1024, batch=16) ...
    stage 3/3: scoring on 8236 test series (accuracy + AOPCR) ...
    [mlflow] versioned model 'seanet_inputgate_adaptive__sea_mstcn_sep_inputgate__sea_adaptive_classwise' (id=m-3ed96d6a82ab4e55a4220c02214c96be) params={'model_size_mb': '1.487', 'n_model_params': '57577', 'name': 'seanet_inputgate_adaptive'}
    [mlflow] logged run 'seanet_inputgate_adaptive_StarLightCurves'  (train_acc=0.9975 val_acc=0.9849 test_acc=0.9762 test_loss=0.1323)
[ 67/129] StarLightCurves              DONE  acc=0.9762 loss=0.1323 AOPCR=  2.077 NDCG=  n/a C=  3 T= 1024 (59s)  [66 trained / 0 failed so far]
[ 68/129] Strawberry
    stage 1/3: loading data ...
    stage 2/3: training on 492 series (val=121, C=2, T=235, batch=16) ...
    stage 3/3: scoring on 370 test series (accuracy + AOPCR) ...
    [mlflow] versioned model 'seanet_inputgate_adaptive__sea_mstcn_sep_inputgate__sea_adaptive_classwise' (id=m-9808da1644a045fb9546d66f30afd80c) params={'model_size_mb': '1.4867', 'n_model_params': '57502', 'name': 'seanet_inputgate_adaptive'}
    [mlflow] logged run 'seanet_inputgate_adaptive_Strawberry'  (train_acc=0.9654 val_acc=0.9835 test_acc=0.9378 test_loss=0.1869)
[ 68/129] Strawberry                   DONE  acc=0.9378 loss=0.1869 AOPCR=  0.765 NDCG=  n/a C=  2 T=  235 (48s)  [67 trained / 0 failed so far]
[ 69/129] SwedishLeaf
    stage 1/3: loading data ...
    stage 2/3: training on 405 series (val=95, C=15, T=128, batch=16) ...
    stage 3/3: scoring on 625 test series (accuracy + AOPCR) ...
    [mlflow] versioned model 'seanet_inputgate_adaptive__sea_mstcn_sep_inputgate__sea_adaptive_classwise' (id=m-354f878c81774d75a478c576b0133a28) params={'model_size_mb': '1.4903', 'n_model_params': '58477', 'name': 'seanet_inputgate_adaptive'}
    [mlflow] logged run 'seanet_inputgate_adaptive_SwedishLeaf'  (train_acc=1.0000 val_acc=0.9789 test_acc=0.9472 test_loss=0.2813)
[ 69/129] SwedishLeaf                  DONE  acc=0.9472 loss=0.2813 AOPCR=  0.978 NDCG=  n/a C= 15 T=  128 (85s)  [68 trained / 0 failed so far]
[ 70/129] Symbols
    stage 1/3: loading data ...
    stage 2/3: training on 25 series (no val (train-loss early stop), C=6, T=398, batch=2) ...
    stage 3/3: scoring on 995 test series (accuracy + AOPCR) ...
    [mlflow] versioned model 'seanet_inputgate_adaptive__sea_mstcn_sep_inputgate__sea_adaptive_classwise' (id=m-b25a5229bd774ea781e86b5d05c6122f) params={'model_size_mb': '1.4878', 'n_model_params': '57802', 'name': 'seanet_inputgate_adaptive'}
    [mlflow] logged run 'seanet_inputgate_adaptive_Symbols'  (train_acc=1.0000 test_acc=0.9698 test_loss=0.2198)
[ 70/129] Symbols                      DONE  acc=0.9698 loss=0.2198 AOPCR=  1.593 NDCG=  n/a C=  6 T=  398 (30s)  [69 trained / 0 failed so far]
[ 71/129] SyntheticControl
    stage 1/3: loading data ...
    stage 2/3: training on 240 series (val=60, C=6, T=60, batch=16) ...
    stage 3/3: scoring on 300 test series (accuracy + AOPCR) ...
    [mlflow] versioned model 'seanet_inputgate_adaptive__sea_mstcn_sep_inputgate__sea_adaptive_classwise' (id=m-da58dc538aa64235990556cced1b31fc) params={'model_size_mb': '1.4878', 'n_model_params': '57802', 'name': 'seanet_inputgate_adaptive'}
    [mlflow] logged run 'seanet_inputgate_adaptive_SyntheticControl'  (train_acc=1.0000 val_acc=1.0000 test_acc=0.9933 test_loss=0.1076)
[ 71/129] SyntheticControl             DONE  acc=0.9933 loss=0.1076 AOPCR=  0.648 NDCG=  n/a C=  6 T=   60 (21s)  [70 trained / 0 failed so far]
[ 72/129] ToeSegmentation1
    stage 1/3: loading data ...
    stage 2/3: training on 40 series (no val (train-loss early stop), C=2, T=277, batch=4) ...
    stage 3/3: scoring on 228 test series (accuracy + AOPCR) ...
    [mlflow] versioned model 'seanet_inputgate_adaptive__sea_mstcn_sep_inputgate__sea_adaptive_classwise' (id=m-d6775f5e8341439c8885b5f832d783e7) params={'model_size_mb': '1.4867', 'n_model_params': '57502', 'name': 'seanet_inputgate_adaptive'}
    [mlflow] logged run 'seanet_inputgate_adaptive_ToeSegmentation1'  (train_acc=1.0000 test_acc=0.9430 test_loss=0.1966)
[ 72/129] ToeSegmentation1             DONE  acc=0.9430 loss=0.1966 AOPCR=  0.576 NDCG=  n/a C=  2 T=  277 (12s)  [71 trained / 0 failed so far]
[ 73/129] ToeSegmentation2
    stage 1/3: loading data ...
    stage 2/3: training on 36 series (no val (train-loss early stop), C=2, T=343, batch=3) ...
    stage 3/3: scoring on 130 test series (accuracy + AOPCR) ...
    [mlflow] versioned model 'seanet_inputgate_adaptive__sea_mstcn_sep_inputgate__sea_adaptive_classwise' (id=m-fb1f7d3d1ecb42b2ad0a083bd4a0ade5) params={'model_size_mb': '1.4867', 'n_model_params': '57502', 'name': 'seanet_inputgate_adaptive'}
    [mlflow] logged run 'seanet_inputgate_adaptive_ToeSegmentation2'  (train_acc=1.0000 test_acc=0.9692 test_loss=0.1690)
[ 73/129] ToeSegmentation2             DONE  acc=0.9692 loss=0.1690 AOPCR=  0.600 NDCG=  n/a C=  2 T=  343 (34s)  [72 trained / 0 failed so far]
[ 74/129] Trace
    stage 1/3: loading data ...
    stage 2/3: training on 81 series (val=19, C=4, T=275, batch=8) ...
    stage 3/3: scoring on 100 test series (accuracy + AOPCR) ...
    [mlflow] versioned model 'seanet_inputgate_adaptive__sea_mstcn_sep_inputgate__sea_adaptive_classwise' (id=m-8c03c5ff009e4602ad59375b76fd9458) params={'model_size_mb': '1.4873', 'n_model_params': '57652', 'name': 'seanet_inputgate_adaptive'}
    [mlflow] logged run 'seanet_inputgate_adaptive_Trace'  (train_acc=1.0000 val_acc=1.0000 test_acc=1.0000 test_loss=0.0871)
[ 74/129] Trace                        DONE  acc=1.0000 loss=0.0871 AOPCR=  1.540 NDCG=  n/a C=  4 T=  275 (21s)  [73 trained / 0 failed so far]
[ 75/129] TwoLeadECG
    stage 1/3: loading data ...
    stage 2/3: training on 23 series (no val (train-loss early stop), C=2, T=82, batch=2) ...
    stage 3/3: scoring on 1139 test series (accuracy + AOPCR) ...
    [mlflow] versioned model 'seanet_inputgate_adaptive__sea_mstcn_sep_inputgate__sea_adaptive_classwise' (id=m-e9737d972bed49f0adc5eaf5c7dab3e1) params={'model_size_mb': '1.4867', 'n_model_params': '57502', 'name': 'seanet_inputgate_adaptive'}
    [mlflow] logged run 'seanet_inputgate_adaptive_TwoLeadECG'  (train_acc=1.0000 test_acc=0.9877 test_loss=0.1068)
[ 75/129] TwoLeadECG                   DONE  acc=0.9877 loss=0.1068 AOPCR=  0.665 NDCG=  n/a C=  2 T=   82 (28s)  [74 trained / 0 failed so far]
[ 76/129] TwoPatterns
    stage 1/3: loading data ...
    stage 2/3: training on 801 series (val=199, C=4, T=128, batch=16) ...
    stage 3/3: scoring on 4000 test series (accuracy + AOPCR) ...
    [mlflow] versioned model 'seanet_inputgate_adaptive__sea_mstcn_sep_inputgate__sea_adaptive_classwise' (id=m-d3038112554e4f7d9c7cc8bb62d52db4) params={'model_size_mb': '1.4873', 'n_model_params': '57652', 'name': 'seanet_inputgate_adaptive'}
    [mlflow] logged run 'seanet_inputgate_adaptive_TwoPatterns'  (train_acc=1.0000 val_acc=1.0000 test_acc=1.0000 test_loss=0.0914)
[ 76/129] TwoPatterns                  DONE  acc=1.0000 loss=0.0914 AOPCR=  2.370 NDCG=  n/a C=  4 T=  128 (91s)  [75 trained / 0 failed so far]
[ 77/129] UWaveGestureLibraryAll
    stage 1/3: loading data ...
    stage 2/3: training on 719 series (val=177, C=8, T=945, batch=16) ...
    stage 3/3: scoring on 3582 test series (accuracy + AOPCR) ...
    [mlflow] versioned model 'seanet_inputgate_adaptive__sea_mstcn_sep_inputgate__sea_adaptive_classwise' (id=m-128a9e06788d48e597a3fd3a8795c05b) params={'model_size_mb': '1.4884', 'n_model_params': '57952', 'name': 'seanet_inputgate_adaptive'}
    [mlflow] logged run 'seanet_inputgate_adaptive_UWaveGestureLibraryAll'  (train_acc=1.0000 val_acc=0.9548 test_acc=0.9595 test_loss=0.2621)
[ 77/129] UWaveGestureLibraryAll       DONE  acc=0.9595 loss=0.2621 AOPCR=  1.907 NDCG=  n/a C=  8 T=  945 (89s)  [76 trained / 0 failed so far]
[ 78/129] UWaveGestureLibraryX
    stage 1/3: loading data ...
    stage 2/3: training on 719 series (val=177, C=8, T=315, batch=16) ...
    stage 3/3: scoring on 3582 test series (accuracy + AOPCR) ...
    [mlflow] versioned model 'seanet_inputgate_adaptive__sea_mstcn_sep_inputgate__sea_adaptive_classwise' (id=m-b2f142128b764fe68046f622b059d576) params={'model_size_mb': '1.4884', 'n_model_params': '57952', 'name': 'seanet_inputgate_adaptive'}
    [mlflow] logged run 'seanet_inputgate_adaptive_UWaveGestureLibraryX'  (train_acc=0.9972 val_acc=0.8475 test_acc=0.8035 test_loss=0.6629)
[ 78/129] UWaveGestureLibraryX         DONE  acc=0.8035 loss=0.6629 AOPCR=  0.878 NDCG=  n/a C=  8 T=  315 (51s)  [77 trained / 0 failed so far]
[ 79/129] UWaveGestureLibraryY
    stage 1/3: loading data ...
    stage 2/3: training on 719 series (val=177, C=8, T=315, batch=16) ...
    stage 3/3: scoring on 3582 test series (accuracy + AOPCR) ...
    [mlflow] versioned model 'seanet_inputgate_adaptive__sea_mstcn_sep_inputgate__sea_adaptive_classwise' (id=m-f4f96496a83c4dd7a235e4aa4a612d48) params={'model_size_mb': '1.4884', 'n_model_params': '57952', 'name': 'seanet_inputgate_adaptive'}
    [mlflow] logged run 'seanet_inputgate_adaptive_UWaveGestureLibraryY'  (train_acc=0.9527 val_acc=0.6949 test_acc=0.7264 test_loss=0.8191)
[ 79/129] UWaveGestureLibraryY         DONE  acc=0.7264 loss=0.8191 AOPCR=  1.188 NDCG=  n/a C=  8 T=  315 (36s)  [78 trained / 0 failed so far]
[ 80/129] UWaveGestureLibraryZ
    stage 1/3: loading data ...
    stage 2/3: training on 719 series (val=177, C=8, T=315, batch=16) ...
    stage 3/3: scoring on 3582 test series (accuracy + AOPCR) ...
    [mlflow] versioned model 'seanet_inputgate_adaptive__sea_mstcn_sep_inputgate__sea_adaptive_classwise' (id=m-e5f584134f824be186d7fdde893b51b0) params={'model_size_mb': '1.4884', 'n_model_params': '57952', 'name': 'seanet_inputgate_adaptive'}
    [mlflow] logged run 'seanet_inputgate_adaptive_UWaveGestureLibraryZ'  (train_acc=0.8220 val_acc=0.7119 test_acc=0.7365 test_loss=0.7667)
[ 80/129] UWaveGestureLibraryZ         DONE  acc=0.7365 loss=0.7667 AOPCR=  0.782 NDCG=  n/a C=  8 T=  315 (34s)  [79 trained / 0 failed so far]
[ 81/129] Wafer
    stage 1/3: loading data ...
    stage 2/3: training on 801 series (val=199, C=2, T=152, batch=16) ...
    stage 3/3: scoring on 6164 test series (accuracy + AOPCR) ...
    [mlflow] versioned model 'seanet_inputgate_adaptive__sea_mstcn_sep_inputgate__sea_adaptive_classwise' (id=m-817757e234a24564bbf91accda9840b6) params={'model_size_mb': '1.4867', 'n_model_params': '57502', 'name': 'seanet_inputgate_adaptive'}
    [mlflow] logged run 'seanet_inputgate_adaptive_Wafer'  (train_acc=1.0000 val_acc=1.0000 test_acc=0.9972 test_loss=0.0650)
[ 81/129] Wafer                        DONE  acc=0.9972 loss=0.0650 AOPCR=  0.643 NDCG=  n/a C=  2 T=  152 (107s)  [80 trained / 0 failed so far]
[ 82/129] Wine
    stage 1/3: loading data ...
    stage 2/3: training on 57 series (no val (train-loss early stop), C=2, T=234, batch=5) ...
    stage 3/3: scoring on 54 test series (accuracy + AOPCR) ...
    [mlflow] versioned model 'seanet_inputgate_adaptive__sea_mstcn_sep_inputgate__sea_adaptive_classwise' (id=m-9eeb6fd7e2e2488196163ac402343f52) params={'model_size_mb': '1.4867', 'n_model_params': '57502', 'name': 'seanet_inputgate_adaptive'}
    [mlflow] logged run 'seanet_inputgate_adaptive_Wine'  (train_acc=0.6842 test_acc=0.7037 test_loss=0.5792)
[ 82/129] Wine                         DONE  acc=0.7037 loss=0.5792 AOPCR=  1.879 NDCG=  n/a C=  2 T=  234 (42s)  [81 trained / 0 failed so far]
[ 83/129] WordSynonyms
    stage 1/3: loading data ...
    stage 2/3: training on 217 series (val=50, C=25, T=270, batch=16) ...
    stage 3/3: scoring on 638 test series (accuracy + AOPCR) ...
    [mlflow] versioned model 'seanet_inputgate_adaptive__sea_mstcn_sep_inputgate__sea_adaptive_classwise' (id=m-504532c5fda94dc999b8903839dbb7e5) params={'model_size_mb': '1.4932', 'n_model_params': '59227', 'name': 'seanet_inputgate_adaptive'}
    [mlflow] logged run 'seanet_inputgate_adaptive_WordSynonyms'  (train_acc=1.0000 val_acc=0.7800 test_acc=0.7257 test_loss=1.1998)
[ 83/129] WordSynonyms                 DONE  acc=0.7257 loss=1.1998 AOPCR=  1.322 NDCG=  n/a C= 25 T=  270 (32s)  [82 trained / 0 failed so far]
[ 84/129] Worms
    stage 1/3: loading data ...
    stage 2/3: training on 146 series (val=35, C=5, T=900, batch=14) ...
    stage 3/3: scoring on 77 test series (accuracy + AOPCR) ...
    [mlflow] versioned model 'seanet_inputgate_adaptive__sea_mstcn_sep_inputgate__sea_adaptive_classwise' (id=m-19ed82fd9b7c4d618602e4cfe92cf533) params={'model_size_mb': '1.4875', 'n_model_params': '57727', 'name': 'seanet_inputgate_adaptive'}
    [mlflow] logged run 'seanet_inputgate_adaptive_Worms'  (train_acc=0.9932 val_acc=0.8000 test_acc=0.6494 test_loss=0.9241)
[ 84/129] Worms                        DONE  acc=0.6494 loss=0.9241 AOPCR=  1.669 NDCG=  n/a C=  5 T=  900 (23s)  [83 trained / 0 failed so far]
[ 85/129] WormsTwoClass
    stage 1/3: loading data ...
    stage 2/3: training on 145 series (val=36, C=2, T=900, batch=14) ...
    stage 3/3: scoring on 77 test series (accuracy + AOPCR) ...
    [mlflow] versioned model 'seanet_inputgate_adaptive__sea_mstcn_sep_inputgate__sea_adaptive_classwise' (id=m-528475a7a3bf4fbfbe08bfbd961d0934) params={'model_size_mb': '1.4867', 'n_model_params': '57502', 'name': 'seanet_inputgate_adaptive'}
    [mlflow] logged run 'seanet_inputgate_adaptive_WormsTwoClass'  (train_acc=1.0000 val_acc=0.8056 test_acc=0.6753 test_loss=0.6052)
[ 85/129] WormsTwoClass                DONE  acc=0.6753 loss=0.6052 AOPCR=  1.012 NDCG=  n/a C=  2 T=  900 (29s)  [84 trained / 0 failed so far]
[ 86/129] Yoga
    stage 1/3: loading data ...
    stage 2/3: training on 241 series (val=59, C=2, T=426, batch=16) ...
    stage 3/3: scoring on 3000 test series (accuracy + AOPCR) ...
    [mlflow] versioned model 'seanet_inputgate_adaptive__sea_mstcn_sep_inputgate__sea_adaptive_classwise' (id=m-56771ed81f3b4446a826afb3d1cb926b) params={'model_size_mb': '1.4867', 'n_model_params': '57502', 'name': 'seanet_inputgate_adaptive'}
    [mlflow] logged run 'seanet_inputgate_adaptive_Yoga'  (train_acc=0.9959 val_acc=0.9661 test_acc=0.8937 test_loss=0.2784)
[ 86/129] Yoga                         DONE  acc=0.8937 loss=0.2784 AOPCR=  1.897 NDCG=  n/a C=  2 T=  426 (34s)  [85 trained / 0 failed so far]
[ 87/129] ACSF1
    stage 1/3: loading data ...
    stage 2/3: training on 80 series (val=20, C=10, T=1460, batch=8) ...
    stage 3/3: scoring on 100 test series (accuracy + AOPCR) ...
    [mlflow] versioned model 'seanet_inputgate_adaptive__sea_mstcn_sep_inputgate__sea_adaptive_classwise' (id=m-4b5d173c2df34d23ba56e6b8b9571d83) params={'model_size_mb': '1.4889', 'n_model_params': '58102', 'name': 'seanet_inputgate_adaptive'}
    [mlflow] logged run 'seanet_inputgate_adaptive_ACSF1'  (train_acc=0.9625 val_acc=0.9000 test_acc=0.8500 test_loss=0.5347)
[ 87/129] ACSF1                        DONE  acc=0.8500 loss=0.5347 AOPCR= -0.015 NDCG=  n/a C= 10 T= 1460 (31s)  [86 trained / 0 failed so far]
[ 88/129] AllGestureWiimoteX
    stage 1/3: loading data ...
    stage 2/3: training on 240 series (val=60, C=10, T=500, batch=16) ...
    stage 3/3: scoring on 700 test series (accuracy + AOPCR) ...
    [mlflow] versioned model 'seanet_inputgate_adaptive__sea_mstcn_sep_inputgate__sea_adaptive_classwise' (id=m-6e314d77ae8f408d9da9bdd1f4a94798) params={'model_size_mb': '1.4889', 'n_model_params': '58102', 'name': 'seanet_inputgate_adaptive'}
    [mlflow] logged run 'seanet_inputgate_adaptive_AllGestureWiimoteX'  (train_acc=1.0000 val_acc=0.8667 test_acc=0.7414 test_loss=0.9098)
[ 88/129] AllGestureWiimoteX           DONE  acc=0.7414 loss=0.9098 AOPCR=  1.570 NDCG=  n/a C= 10 T=  500 (35s)  [87 trained / 0 failed so far]
[ 89/129] AllGestureWiimoteY
    stage 1/3: loading data ...
    stage 2/3: training on 240 series (val=60, C=10, T=500, batch=16) ...
    stage 3/3: scoring on 700 test series (accuracy + AOPCR) ...
    [mlflow] versioned model 'seanet_inputgate_adaptive__sea_mstcn_sep_inputgate__sea_adaptive_classwise' (id=m-af21500153f843749546eeb1b8d66708) params={'model_size_mb': '1.4889', 'n_model_params': '58102', 'name': 'seanet_inputgate_adaptive'}
    [mlflow] logged run 'seanet_inputgate_adaptive_AllGestureWiimoteY'  (train_acc=0.9958 val_acc=0.7333 test_acc=0.7700 test_loss=0.8239)
[ 89/129] AllGestureWiimoteY           DONE  acc=0.7700 loss=0.8239 AOPCR=  1.292 NDCG=  n/a C= 10 T=  500 (22s)  [88 trained / 0 failed so far]
[ 90/129] AllGestureWiimoteZ
    stage 1/3: loading data ...
    stage 2/3: training on 240 series (val=60, C=10, T=500, batch=16) ...
    stage 3/3: scoring on 700 test series (accuracy + AOPCR) ...
    [mlflow] versioned model 'seanet_inputgate_adaptive__sea_mstcn_sep_inputgate__sea_adaptive_classwise' (id=m-346dec51e27a4fd2923d41c3306ae908) params={'model_size_mb': '1.4889', 'n_model_params': '58102', 'name': 'seanet_inputgate_adaptive'}
    [mlflow] logged run 'seanet_inputgate_adaptive_AllGestureWiimoteZ'  (train_acc=1.0000 val_acc=0.7000 test_acc=0.7143 test_loss=0.9473)
[ 90/129] AllGestureWiimoteZ           DONE  acc=0.7143 loss=0.9473 AOPCR=  1.515 NDCG=  n/a C= 10 T=  500 (27s)  [89 trained / 0 failed so far]
[ 91/129] BME
    stage 1/3: loading data ...
    stage 2/3: training on 30 series (no val (train-loss early stop), C=3, T=128, batch=3) ...
    stage 3/3: scoring on 150 test series (accuracy + AOPCR) ...
    [mlflow] versioned model 'seanet_inputgate_adaptive__sea_mstcn_sep_inputgate__sea_adaptive_classwise' (id=m-a4977621f300465cbe41ac6627de53ab) params={'model_size_mb': '1.487', 'n_model_params': '57577', 'name': 'seanet_inputgate_adaptive'}
    [mlflow] logged run 'seanet_inputgate_adaptive_BME'  (train_acc=1.0000 test_acc=0.9933 test_loss=0.1264)
[ 91/129] BME                          DONE  acc=0.9933 loss=0.1264 AOPCR=  1.173 NDCG=  n/a C=  3 T=  128 (19s)  [90 trained / 0 failed so far]
[ 92/129] Chinatown
    stage 1/3: loading data ...
    stage 2/3: training on 20 series (no val (train-loss early stop), C=2, T=24, batch=2) ...
    stage 3/3: scoring on 343 test series (accuracy + AOPCR) ...
    [mlflow] versioned model 'seanet_inputgate_adaptive__sea_mstcn_sep_inputgate__sea_adaptive_classwise' (id=m-f3b1d0a897f24bb5ac0c20364f393228) params={'model_size_mb': '1.4867', 'n_model_params': '57502', 'name': 'seanet_inputgate_adaptive'}
    [mlflow] logged run 'seanet_inputgate_adaptive_Chinatown'  (train_acc=1.0000 test_acc=0.9854 test_loss=0.1070)
[ 92/129] Chinatown                    DONE  acc=0.9854 loss=0.1070 AOPCR=  0.489 NDCG=  n/a C=  2 T=   24 (18s)  [91 trained / 0 failed so far]
[ 93/129] Crop
    stage 1/3: loading data ...
    stage 2/3: training on 5760 series (val=1440, C=24, T=46, batch=16) ...
    stage 3/3: scoring on 16800 test series (accuracy + AOPCR) ...
    [mlflow] versioned model 'seanet_inputgate_adaptive__sea_mstcn_sep_inputgate__sea_adaptive_classwise' (id=m-b0503bd48ad84bf29dc4b7b030883b93) params={'model_size_mb': '1.4929', 'n_model_params': '59152', 'name': 'seanet_inputgate_adaptive'}
    [mlflow] logged run 'seanet_inputgate_adaptive_Crop'  (train_acc=0.8472 val_acc=0.7167 test_acc=0.7119 test_loss=0.9219)
[ 93/129] Crop                         DONE  acc=0.7119 loss=0.9219 AOPCR=  0.474 NDCG=  n/a C= 24 T=   46 (364s)  [92 trained / 0 failed so far]
[ 94/129] DodgerLoopDay
    stage 1/3: loading data ...
    stage 2/3: training on 78 series (no val (train-loss early stop), C=7, T=288, batch=7) ...
    stage 3/3: scoring on 80 test series (accuracy + AOPCR) ...
    [mlflow] versioned model 'seanet_inputgate_adaptive__sea_mstcn_sep_inputgate__sea_adaptive_classwise' (id=m-69910b835a6840369d913c67368bb7df) params={'model_size_mb': '1.4881', 'n_model_params': '57877', 'name': 'seanet_inputgate_adaptive'}
    [mlflow] logged run 'seanet_inputgate_adaptive_DodgerLoopDay'  (train_acc=1.0000 test_acc=0.5500 test_loss=1.2171)
[ 94/129] DodgerLoopDay                DONE  acc=0.5500 loss=1.2171 AOPCR=  1.376 NDCG=  n/a C=  7 T=  288 (30s)  [93 trained / 0 failed so far]
[ 95/129] DodgerLoopGame
    stage 1/3: loading data ...
    stage 2/3: training on 20 series (no val (train-loss early stop), C=2, T=288, batch=2) ...
    stage 3/3: scoring on 138 test series (accuracy + AOPCR) ...
    [mlflow] versioned model 'seanet_inputgate_adaptive__sea_mstcn_sep_inputgate__sea_adaptive_classwise' (id=m-c13f1b35d8f14cfba85957d461110354) params={'model_size_mb': '1.4867', 'n_model_params': '57502', 'name': 'seanet_inputgate_adaptive'}
    [mlflow] logged run 'seanet_inputgate_adaptive_DodgerLoopGame'  (train_acc=1.0000 test_acc=0.9203 test_loss=0.2288)
[ 95/129] DodgerLoopGame               DONE  acc=0.9203 loss=0.2288 AOPCR=  1.004 NDCG=  n/a C=  2 T=  288 (32s)  [94 trained / 0 failed so far]
[ 96/129] DodgerLoopWeekend
    stage 1/3: loading data ...
    stage 2/3: training on 20 series (no val (train-loss early stop), C=2, T=288, batch=2) ...
    stage 3/3: scoring on 138 test series (accuracy + AOPCR) ...
    [mlflow] versioned model 'seanet_inputgate_adaptive__sea_mstcn_sep_inputgate__sea_adaptive_classwise' (id=m-80491734c5e94fbe87b32b0dd4331b36) params={'model_size_mb': '1.4867', 'n_model_params': '57502', 'name': 'seanet_inputgate_adaptive'}
    [mlflow] logged run 'seanet_inputgate_adaptive_DodgerLoopWeekend'  (train_acc=1.0000 test_acc=0.9783 test_loss=0.1203)
[ 96/129] DodgerLoopWeekend            DONE  acc=0.9783 loss=0.1203 AOPCR=  0.818 NDCG=  n/a C=  2 T=  288 (20s)  [95 trained / 0 failed so far]
[ 97/129] EOGHorizontalSignal
    stage 1/3: loading data ...
    stage 2/3: training on 290 series (val=72, C=12, T=1250, batch=16) ...
    stage 3/3: scoring on 362 test series (accuracy + AOPCR) ...
    [mlflow] versioned model 'seanet_inputgate_adaptive__sea_mstcn_sep_inputgate__sea_adaptive_classwise' (id=m-b01152c24d2449ab8ae6ec9655417828) params={'model_size_mb': '1.4895', 'n_model_params': '58252', 'name': 'seanet_inputgate_adaptive'}
    [mlflow] logged run 'seanet_inputgate_adaptive_EOGHorizontalSignal'  (train_acc=0.9862 val_acc=0.9028 test_acc=0.4807 test_loss=1.7743)
[ 97/129] EOGHorizontalSignal          DONE  acc=0.4807 loss=1.7743 AOPCR=  1.486 NDCG=  n/a C= 12 T= 1250 (40s)  [96 trained / 0 failed so far]
[ 98/129] EOGVerticalSignal
    stage 1/3: loading data ...
    stage 2/3: training on 290 series (val=72, C=12, T=1250, batch=16) ...
    stage 3/3: scoring on 362 test series (accuracy + AOPCR) ...
    [mlflow] versioned model 'seanet_inputgate_adaptive__sea_mstcn_sep_inputgate__sea_adaptive_classwise' (id=m-fa3132b4c3d2441a83fddf6ec5da94ce) params={'model_size_mb': '1.4895', 'n_model_params': '58252', 'name': 'seanet_inputgate_adaptive'}
    [mlflow] logged run 'seanet_inputgate_adaptive_EOGVerticalSignal'  (train_acc=1.0000 val_acc=0.7639 test_acc=0.4613 test_loss=1.8764)
[ 98/129] EOGVerticalSignal            DONE  acc=0.4613 loss=1.8764 AOPCR=  1.429 NDCG=  n/a C= 12 T= 1250 (59s)  [97 trained / 0 failed so far]
[ 99/129] EthanolLevel
    stage 1/3: loading data ...
    stage 2/3: training on 404 series (val=100, C=4, T=1751, batch=16) ...
    stage 3/3: scoring on 500 test series (accuracy + AOPCR) ...
    [mlflow] versioned model 'seanet_inputgate_adaptive__sea_mstcn_sep_inputgate__sea_adaptive_classwise' (id=m-c1dfad273b374b64ac61b66fe0672dc3) params={'model_size_mb': '1.4873', 'n_model_params': '57652', 'name': 'seanet_inputgate_adaptive'}
    [mlflow] logged run 'seanet_inputgate_adaptive_EthanolLevel'  (train_acc=0.9901 val_acc=0.9200 test_acc=0.7600 test_loss=0.6538)
[ 99/129] EthanolLevel                 DONE  acc=0.7600 loss=0.6538 AOPCR=  0.416 NDCG=  n/a C=  4 T= 1751 (124s)  [98 trained / 0 failed so far]
[100/129] FreezerRegularTrain
    stage 1/3: loading data ...
    stage 2/3: training on 120 series (val=30, C=2, T=301, batch=12) ...
    stage 3/3: scoring on 2850 test series (accuracy + AOPCR) ...
    [mlflow] versioned model 'seanet_inputgate_adaptive__sea_mstcn_sep_inputgate__sea_adaptive_classwise' (id=m-2077dbdef8d549c28153e89128e6998c) params={'model_size_mb': '1.4867', 'n_model_params': '57502', 'name': 'seanet_inputgate_adaptive'}
    [mlflow] logged run 'seanet_inputgate_adaptive_FreezerRegularTrain'  (train_acc=1.0000 val_acc=1.0000 test_acc=0.9944 test_loss=0.0673)
[100/129] FreezerRegularTrain          DONE  acc=0.9944 loss=0.0673 AOPCR=  2.001 NDCG=  n/a C=  2 T=  301 (12s)  [99 trained / 0 failed so far]
[101/129] FreezerSmallTrain
    stage 1/3: loading data ...
    stage 2/3: training on 28 series (no val (train-loss early stop), C=2, T=301, batch=2) ...
    stage 3/3: scoring on 2850 test series (accuracy + AOPCR) ...
    [mlflow] versioned model 'seanet_inputgate_adaptive__sea_mstcn_sep_inputgate__sea_adaptive_classwise' (id=m-55303bba488b4c3fa0352ab7920927d2) params={'model_size_mb': '1.4867', 'n_model_params': '57502', 'name': 'seanet_inputgate_adaptive'}
    [mlflow] logged run 'seanet_inputgate_adaptive_FreezerSmallTrain'  (train_acc=1.0000 test_acc=0.8119 test_loss=0.3754)
[101/129] FreezerSmallTrain            DONE  acc=0.8119 loss=0.3754 AOPCR=  0.555 NDCG=  n/a C=  2 T=  301 (43s)  [100 trained / 0 failed so far]
[102/129] Fungi
    stage 1/3: loading data ...
    stage 2/3: training on 18 series (no val (train-loss early stop), C=18, T=201, batch=2) ...
    stage 3/3: scoring on 186 test series (accuracy + AOPCR) ...
    [mlflow] versioned model 'seanet_inputgate_adaptive__sea_mstcn_sep_inputgate__sea_adaptive_classwise' (id=m-206671b1d4734ce58c48cb476d0236de) params={'model_size_mb': '1.4913', 'n_model_params': '58702', 'name': 'seanet_inputgate_adaptive'}
    [mlflow] logged run 'seanet_inputgate_adaptive_Fungi'  (train_acc=1.0000 test_acc=0.9731 test_loss=0.2227)
[102/129] Fungi                        DONE  acc=0.9731 loss=0.2227 AOPCR=  0.881 NDCG=  n/a C= 18 T=  201 (31s)  [101 trained / 0 failed so far]
[103/129] GestureMidAirD1
    stage 1/3: loading data ...
    stage 2/3: training on 182 series (val=26, C=26, T=360, batch=16) ...
    stage 3/3: scoring on 130 test series (accuracy + AOPCR) ...
    [mlflow] versioned model 'seanet_inputgate_adaptive__sea_mstcn_sep_inputgate__sea_adaptive_classwise' (id=m-248355b4a49a43bea34094dafc7dd493) params={'model_size_mb': '1.4935', 'n_model_params': '59302', 'name': 'seanet_inputgate_adaptive'}
    [mlflow] logged run 'seanet_inputgate_adaptive_GestureMidAirD1'  (train_acc=0.8681 val_acc=0.7692 test_acc=0.6538 test_loss=1.2020)
[103/129] GestureMidAirD1              DONE  acc=0.6538 loss=1.2020 AOPCR=  2.385 NDCG=  n/a C= 26 T=  360 (12s)  [102 trained / 0 failed so far]
[104/129] GestureMidAirD2
    stage 1/3: loading data ...
    stage 2/3: training on 182 series (val=26, C=26, T=360, batch=16) ...
    stage 3/3: scoring on 130 test series (accuracy + AOPCR) ...
    [mlflow] versioned model 'seanet_inputgate_adaptive__sea_mstcn_sep_inputgate__sea_adaptive_classwise' (id=m-c05aaa37c4634d33b159724f0cbf7d1b) params={'model_size_mb': '1.4935', 'n_model_params': '59302', 'name': 'seanet_inputgate_adaptive'}
    [mlflow] logged run 'seanet_inputgate_adaptive_GestureMidAirD2'  (train_acc=0.8242 val_acc=0.5385 test_acc=0.6077 test_loss=1.2374)
[104/129] GestureMidAirD2              DONE  acc=0.6077 loss=1.2374 AOPCR=  2.144 NDCG=  n/a C= 26 T=  360 (13s)  [103 trained / 0 failed so far]
[105/129] GestureMidAirD3
    stage 1/3: loading data ...
    stage 2/3: training on 182 series (val=26, C=26, T=360, batch=16) ...
    stage 3/3: scoring on 130 test series (accuracy + AOPCR) ...
    [mlflow] versioned model 'seanet_inputgate_adaptive__sea_mstcn_sep_inputgate__sea_adaptive_classwise' (id=m-3d6c47c773264d029ea8fbd1f70c3f3c) params={'model_size_mb': '1.4935', 'n_model_params': '59302', 'name': 'seanet_inputgate_adaptive'}
    [mlflow] logged run 'seanet_inputgate_adaptive_GestureMidAirD3'  (train_acc=0.9670 val_acc=0.4615 test_acc=0.3077 test_loss=2.3523)
[105/129] GestureMidAirD3              DONE  acc=0.3077 loss=2.3523 AOPCR=  1.662 NDCG=  n/a C= 26 T=  360 (17s)  [104 trained / 0 failed so far]
[106/129] GesturePebbleZ1
    stage 1/3: loading data ...
    stage 2/3: training on 107 series (val=25, C=6, T=455, batch=10) ...
    stage 3/3: scoring on 172 test series (accuracy + AOPCR) ...
    [mlflow] versioned model 'seanet_inputgate_adaptive__sea_mstcn_sep_inputgate__sea_adaptive_classwise' (id=m-a2a6785ce0d04ead9e82efbd9114a9de) params={'model_size_mb': '1.4878', 'n_model_params': '57802', 'name': 'seanet_inputgate_adaptive'}
    [mlflow] logged run 'seanet_inputgate_adaptive_GesturePebbleZ1'  (train_acc=1.0000 val_acc=1.0000 test_acc=0.8953 test_loss=0.3519)
[106/129] GesturePebbleZ1              DONE  acc=0.8953 loss=0.3519 AOPCR=  1.700 NDCG=  n/a C=  6 T=  455 (19s)  [105 trained / 0 failed so far]
[107/129] GesturePebbleZ2
    stage 1/3: loading data ...
    stage 2/3: training on 120 series (val=26, C=6, T=455, batch=12) ...
    stage 3/3: scoring on 158 test series (accuracy + AOPCR) ...
    [mlflow] versioned model 'seanet_inputgate_adaptive__sea_mstcn_sep_inputgate__sea_adaptive_classwise' (id=m-ae883cc0a069446bbf23cca58e0f8400) params={'model_size_mb': '1.4878', 'n_model_params': '57802', 'name': 'seanet_inputgate_adaptive'}
    [mlflow] logged run 'seanet_inputgate_adaptive_GesturePebbleZ2'  (train_acc=1.0000 val_acc=1.0000 test_acc=0.9114 test_loss=0.3957)
[107/129] GesturePebbleZ2              DONE  acc=0.9114 loss=0.3957 AOPCR=  1.927 NDCG=  n/a C=  6 T=  455 (35s)  [106 trained / 0 failed so far]
[108/129] GunPointAgeSpan
    stage 1/3: loading data ...
    stage 2/3: training on 109 series (val=26, C=2, T=150, batch=10) ...
    stage 3/3: scoring on 316 test series (accuracy + AOPCR) ...
    [mlflow] versioned model 'seanet_inputgate_adaptive__sea_mstcn_sep_inputgate__sea_adaptive_classwise' (id=m-5c09400514f0474bb18fe4ae4bf65c42) params={'model_size_mb': '1.4867', 'n_model_params': '57502', 'name': 'seanet_inputgate_adaptive'}
    [mlflow] logged run 'seanet_inputgate_adaptive_GunPointAgeSpan'  (train_acc=1.0000 val_acc=1.0000 test_acc=0.9778 test_loss=0.1006)
[108/129] GunPointAgeSpan              DONE  acc=0.9778 loss=0.1006 AOPCR=  1.379 NDCG=  n/a C=  2 T=  150 (18s)  [107 trained / 0 failed so far]
[109/129] GunPointMaleVersusFemale
    stage 1/3: loading data ...
    stage 2/3: training on 109 series (val=26, C=2, T=150, batch=10) ...
    stage 3/3: scoring on 316 test series (accuracy + AOPCR) ...
    [mlflow] versioned model 'seanet_inputgate_adaptive__sea_mstcn_sep_inputgate__sea_adaptive_classwise' (id=m-0f9304d650fa4475b827454710cf0704) params={'model_size_mb': '1.4867', 'n_model_params': '57502', 'name': 'seanet_inputgate_adaptive'}
    [mlflow] logged run 'seanet_inputgate_adaptive_GunPointMaleVersusFemale'  (train_acc=1.0000 val_acc=1.0000 test_acc=0.9842 test_loss=0.0856)
[109/129] GunPointMaleVersusFemale     DONE  acc=0.9842 loss=0.0856 AOPCR=  0.581 NDCG=  n/a C=  2 T=  150 (42s)  [108 trained / 0 failed so far]
[110/129] GunPointOldVersusYoung
    stage 1/3: loading data ...
    stage 2/3: training on 109 series (val=27, C=2, T=150, batch=10) ...
    stage 3/3: scoring on 315 test series (accuracy + AOPCR) ...
    [mlflow] versioned model 'seanet_inputgate_adaptive__sea_mstcn_sep_inputgate__sea_adaptive_classwise' (id=m-5cab51ec9dc048bc86aff4b87ab1b6f3) params={'model_size_mb': '1.4867', 'n_model_params': '57502', 'name': 'seanet_inputgate_adaptive'}
    [mlflow] logged run 'seanet_inputgate_adaptive_GunPointOldVersusYoung'  (train_acc=1.0000 val_acc=1.0000 test_acc=0.9778 test_loss=0.1016)
[110/129] GunPointOldVersusYoung       DONE  acc=0.9778 loss=0.1016 AOPCR=  1.001 NDCG=  n/a C=  2 T=  150 (15s)  [109 trained / 0 failed so far]
[111/129] HouseTwenty
    stage 1/3: loading data ...
    stage 2/3: training on 40 series (no val (train-loss early stop), C=2, T=2000, batch=4) ...
    stage 3/3: scoring on 119 test series (accuracy + AOPCR) ...
    [mlflow] versioned model 'seanet_inputgate_adaptive__sea_mstcn_sep_inputgate__sea_adaptive_classwise' (id=m-dd0827fc43af4c31a9b478439e5c3f4f) params={'model_size_mb': '1.4867', 'n_model_params': '57502', 'name': 'seanet_inputgate_adaptive'}
    [mlflow] logged run 'seanet_inputgate_adaptive_HouseTwenty'  (train_acc=1.0000 test_acc=0.9580 test_loss=0.1634)
[111/129] HouseTwenty                  DONE  acc=0.9580 loss=0.1634 AOPCR=  1.948 NDCG=  n/a C=  2 T= 2000 (18s)  [110 trained / 0 failed so far]
[112/129] InsectEPGRegularTrain
    stage 1/3: loading data ...
    stage 2/3: training on 62 series (no val (train-loss early stop), C=3, T=601, batch=6) ...
    stage 3/3: scoring on 249 test series (accuracy + AOPCR) ...
    [mlflow] versioned model 'seanet_inputgate_adaptive__sea_mstcn_sep_inputgate__sea_adaptive_classwise' (id=m-8bc8fc96e3d2427fac7cc2e512367842) params={'model_size_mb': '1.487', 'n_model_params': '57577', 'name': 'seanet_inputgate_adaptive'}
    [mlflow] logged run 'seanet_inputgate_adaptive_InsectEPGRegularTrain'  (train_acc=1.0000 test_acc=0.9920 test_loss=0.1456)
[112/129] InsectEPGRegularTrain        DONE  acc=0.9920 loss=0.1456 AOPCR=  1.177 NDCG=  n/a C=  3 T=  601 (22s)  [111 trained / 0 failed so far]
[113/129] InsectEPGSmallTrain
    stage 1/3: loading data ...
    stage 2/3: training on 17 series (no val (train-loss early stop), C=3, T=601, batch=2) ...
    stage 3/3: scoring on 249 test series (accuracy + AOPCR) ...
    [mlflow] versioned model 'seanet_inputgate_adaptive__sea_mstcn_sep_inputgate__sea_adaptive_classwise' (id=m-766dead7eeab414eaa22ef0d432589b4) params={'model_size_mb': '1.487', 'n_model_params': '57577', 'name': 'seanet_inputgate_adaptive'}
    [mlflow] logged run 'seanet_inputgate_adaptive_InsectEPGSmallTrain'  (train_acc=1.0000 test_acc=0.8635 test_loss=0.3877)
[113/129] InsectEPGSmallTrain          DONE  acc=0.8635 loss=0.3877 AOPCR=  1.795 NDCG=  n/a C=  3 T=  601 (32s)  [112 trained / 0 failed so far]
[114/129] MelbournePedestrian
    stage 1/3: loading data ...
    stage 2/3: training on 956 series (val=238, C=10, T=24, batch=16) ...
    stage 3/3: scoring on 2439 test series (accuracy + AOPCR) ...
    [mlflow] versioned model 'seanet_inputgate_adaptive__sea_mstcn_sep_inputgate__sea_adaptive_classwise' (id=m-8f72300d36934c458ddd60b4f276b6c3) params={'model_size_mb': '1.4889', 'n_model_params': '58102', 'name': 'seanet_inputgate_adaptive'}
    [mlflow] logged run 'seanet_inputgate_adaptive_MelbournePedestrian'  (train_acc=0.9916 val_acc=0.9160 test_acc=0.9073 test_loss=0.3424)
[114/129] MelbournePedestrian          DONE  acc=0.9073 loss=0.3424 AOPCR=  0.484 NDCG=  n/a C= 10 T=   24 (74s)  [113 trained / 0 failed so far]
[115/129] MixedShapesRegularTrain
    stage 1/3: loading data ...
    stage 2/3: training on 400 series (val=100, C=5, T=1024, batch=16) ...
    stage 3/3: scoring on 2425 test series (accuracy + AOPCR) ...
    [mlflow] versioned model 'seanet_inputgate_adaptive__sea_mstcn_sep_inputgate__sea_adaptive_classwise' (id=m-fe76a1c93cf24dd7823cd03f07b8a7c8) params={'model_size_mb': '1.4875', 'n_model_params': '57727', 'name': 'seanet_inputgate_adaptive'}
    [mlflow] logged run 'seanet_inputgate_adaptive_MixedShapesRegularTrain'  (train_acc=1.0000 val_acc=0.9700 test_acc=0.9728 test_loss=0.1893)
[115/129] MixedShapesRegularTrain      DONE  acc=0.9728 loss=0.1893 AOPCR=  2.061 NDCG=  n/a C=  5 T= 1024 (96s)  [114 trained / 0 failed so far]
[116/129] MixedShapesSmallTrain
    stage 1/3: loading data ...
    stage 2/3: training on 80 series (val=20, C=5, T=1024, batch=8) ...
    stage 3/3: scoring on 2425 test series (accuracy + AOPCR) ...
    [mlflow] versioned model 'seanet_inputgate_adaptive__sea_mstcn_sep_inputgate__sea_adaptive_classwise' (id=m-5e9848585b624cf78dabf5e6864ade25) params={'model_size_mb': '1.4875', 'n_model_params': '57727', 'name': 'seanet_inputgate_adaptive'}
    [mlflow] logged run 'seanet_inputgate_adaptive_MixedShapesSmallTrain'  (train_acc=0.9875 val_acc=1.0000 test_acc=0.8561 test_loss=0.4932)
[116/129] MixedShapesSmallTrain        DONE  acc=0.8561 loss=0.4932 AOPCR=  2.027 NDCG=  n/a C=  5 T= 1024 (15s)  [115 trained / 0 failed so far]
[117/129] PLAID
    stage 1/3: loading data ...
    stage 2/3: training on 436 series (val=101, C=11, T=1344, batch=16) ...
    stage 3/3: scoring on 537 test series (accuracy + AOPCR) ...
    [mlflow] versioned model 'seanet_inputgate_adaptive__sea_mstcn_sep_inputgate__sea_adaptive_classwise' (id=m-25d19856a430412f8b5b609c0f0beb53) params={'model_size_mb': '1.4892', 'n_model_params': '58177', 'name': 'seanet_inputgate_adaptive'}
    [mlflow] logged run 'seanet_inputgate_adaptive_PLAID'  (train_acc=0.9610 val_acc=0.8614 test_acc=0.8845 test_loss=0.4393)
[117/129] PLAID                        DONE  acc=0.8845 loss=0.4393 AOPCR=  1.538 NDCG=  n/a C= 11 T= 1344 (64s)  [116 trained / 0 failed so far]
[118/129] PickupGestureWiimoteZ
    stage 1/3: loading data ...
    stage 2/3: training on 50 series (no val (train-loss early stop), C=10, T=361, batch=5) ...
    stage 3/3: scoring on 50 test series (accuracy + AOPCR) ...
    [mlflow] versioned model 'seanet_inputgate_adaptive__sea_mstcn_sep_inputgate__sea_adaptive_classwise' (id=m-0e37647afe5c4b61a1579744fa2a1fae) params={'model_size_mb': '1.4889', 'n_model_params': '58102', 'name': 'seanet_inputgate_adaptive'}
    [mlflow] logged run 'seanet_inputgate_adaptive_PickupGestureWiimoteZ'  (train_acc=1.0000 test_acc=0.8000 test_loss=0.7581)
[118/129] PickupGestureWiimoteZ        DONE  acc=0.8000 loss=0.7581 AOPCR=  0.600 NDCG=  n/a C= 10 T=  361 (29s)  [117 trained / 0 failed so far]
[119/129] PigAirwayPressure
    stage 1/3: loading data ...
    stage 2/3: training on 52 series (val=52, C=52, T=2000, batch=5) ...
    stage 3/3: scoring on 208 test series (accuracy + AOPCR) ...
    [mlflow] versioned model 'seanet_inputgate_adaptive__sea_mstcn_sep_inputgate__sea_adaptive_classwise' (id=m-71fd759403a24dfcaee58428b62c12d2) params={'model_size_mb': '1.501', 'n_model_params': '61252', 'name': 'seanet_inputgate_adaptive'}
    [mlflow] logged run 'seanet_inputgate_adaptive_PigAirwayPressure'  (train_acc=0.0385 val_acc=0.0385 test_acc=0.0385 test_loss=3.8986)
[119/129] PigAirwayPressure            DONE  acc=0.0385 loss=3.8986 AOPCR=  0.840 NDCG=  n/a C= 52 T= 2000 (8s)  [118 trained / 0 failed so far]
[120/129] PigArtPressure
    stage 1/3: loading data ...
    stage 2/3: training on 52 series (val=52, C=52, T=2000, batch=5) ...
    stage 3/3: scoring on 208 test series (accuracy + AOPCR) ...
    [mlflow] versioned model 'seanet_inputgate_adaptive__sea_mstcn_sep_inputgate__sea_adaptive_classwise' (id=m-e639688458544ea9ae96d493b26544f6) params={'model_size_mb': '1.501', 'n_model_params': '61252', 'name': 'seanet_inputgate_adaptive'}
    [mlflow] logged run 'seanet_inputgate_adaptive_PigArtPressure'  (train_acc=1.0000 val_acc=0.7692 test_acc=0.8510 test_loss=0.5920)
[120/129] PigArtPressure               DONE  acc=0.8510 loss=0.5920 AOPCR=  1.085 NDCG=  n/a C= 52 T= 2000 (19s)  [119 trained / 0 failed so far]
[121/129] PigCVP
    stage 1/3: loading data ...
    stage 2/3: training on 52 series (val=52, C=52, T=2000, batch=5) ...
    stage 3/3: scoring on 208 test series (accuracy + AOPCR) ...
    [mlflow] versioned model 'seanet_inputgate_adaptive__sea_mstcn_sep_inputgate__sea_adaptive_classwise' (id=m-44b4ddc522d441d58cacf534b643c524) params={'model_size_mb': '1.501', 'n_model_params': '61252', 'name': 'seanet_inputgate_adaptive'}
    [mlflow] logged run 'seanet_inputgate_adaptive_PigCVP'  (train_acc=1.0000 val_acc=0.6731 test_acc=0.6971 test_loss=1.4481)
[121/129] PigCVP                       DONE  acc=0.6971 loss=1.4481 AOPCR=  1.554 NDCG=  n/a C= 52 T= 2000 (35s)  [120 trained / 0 failed so far]
[122/129] PowerCons
    stage 1/3: loading data ...
    stage 2/3: training on 144 series (val=36, C=2, T=144, batch=14) ...
    stage 3/3: scoring on 180 test series (accuracy + AOPCR) ...
    [mlflow] versioned model 'seanet_inputgate_adaptive__sea_mstcn_sep_inputgate__sea_adaptive_classwise' (id=m-e0e8c80656574efd8a91b5eceee2c3ea) params={'model_size_mb': '1.4867', 'n_model_params': '57502', 'name': 'seanet_inputgate_adaptive'}
    [mlflow] logged run 'seanet_inputgate_adaptive_PowerCons'  (train_acc=1.0000 val_acc=1.0000 test_acc=0.9611 test_loss=0.1663)
[122/129] PowerCons                    DONE  acc=0.9611 loss=0.1663 AOPCR=  0.887 NDCG=  n/a C=  2 T=  144 (11s)  [121 trained / 0 failed so far]
[123/129] Rock
    stage 1/3: loading data ...
    stage 2/3: training on 20 series (no val (train-loss early stop), C=4, T=2844, batch=2) ...
    stage 3/3: scoring on 50 test series (accuracy + AOPCR) ...
    [mlflow] versioned model 'seanet_inputgate_adaptive__sea_mstcn_sep_inputgate__sea_adaptive_classwise' (id=m-670a2db7f539497ca6636cad5634ba8e) params={'model_size_mb': '1.4873', 'n_model_params': '57652', 'name': 'seanet_inputgate_adaptive'}
    [mlflow] logged run 'seanet_inputgate_adaptive_Rock'  (train_acc=1.0000 test_acc=0.5800 test_loss=1.1603)
[123/129] Rock                         DONE  acc=0.5800 loss=1.1603 AOPCR=  2.195 NDCG=  n/a C=  4 T= 2844 (38s)  [122 trained / 0 failed so far]
[124/129] SemgHandGenderCh2
    stage 1/3: loading data ...
    stage 2/3: training on 240 series (val=60, C=2, T=1500, batch=16) ...
    stage 3/3: scoring on 600 test series (accuracy + AOPCR) ...
    [mlflow] versioned model 'seanet_inputgate_adaptive__sea_mstcn_sep_inputgate__sea_adaptive_classwise' (id=m-6ebe5a45b3dd4b68ab59166fc5b8e9ef) params={'model_size_mb': '1.4867', 'n_model_params': '57502', 'name': 'seanet_inputgate_adaptive'}
    [mlflow] logged run 'seanet_inputgate_adaptive_SemgHandGenderCh2'  (train_acc=0.9875 val_acc=0.9000 test_acc=0.9167 test_loss=0.2798)
[124/129] SemgHandGenderCh2            DONE  acc=0.9167 loss=0.2798 AOPCR=  1.232 NDCG=  n/a C=  2 T= 1500 (19s)  [123 trained / 0 failed so far]
[125/129] SemgHandMovementCh2
    stage 1/3: loading data ...
    stage 2/3: training on 360 series (val=90, C=6, T=1500, batch=16) ...
    stage 3/3: scoring on 450 test series (accuracy + AOPCR) ...
    [mlflow] versioned model 'seanet_inputgate_adaptive__sea_mstcn_sep_inputgate__sea_adaptive_classwise' (id=m-d464fcdcb9b54ccca301fdf96d4c5688) params={'model_size_mb': '1.4878', 'n_model_params': '57802', 'name': 'seanet_inputgate_adaptive'}
    [mlflow] logged run 'seanet_inputgate_adaptive_SemgHandMovementCh2'  (train_acc=0.8861 val_acc=0.6667 test_acc=0.5756 test_loss=1.0830)
[125/129] SemgHandMovementCh2          DONE  acc=0.5756 loss=1.0830 AOPCR=  2.263 NDCG=  n/a C=  6 T= 1500 (34s)  [124 trained / 0 failed so far]
[126/129] SemgHandSubjectCh2
    stage 1/3: loading data ...
    stage 2/3: training on 360 series (val=90, C=5, T=1500, batch=16) ...
    stage 3/3: scoring on 450 test series (accuracy + AOPCR) ...
    [mlflow] versioned model 'seanet_inputgate_adaptive__sea_mstcn_sep_inputgate__sea_adaptive_classwise' (id=m-020dc2835efd44068f627f7c0f80e392) params={'model_size_mb': '1.4875', 'n_model_params': '57727', 'name': 'seanet_inputgate_adaptive'}
    [mlflow] logged run 'seanet_inputgate_adaptive_SemgHandSubjectCh2'  (train_acc=1.0000 val_acc=0.9111 test_acc=0.8333 test_loss=0.5045)
[126/129] SemgHandSubjectCh2           DONE  acc=0.8333 loss=0.5045 AOPCR=  2.445 NDCG=  n/a C=  5 T= 1500 (62s)  [125 trained / 0 failed so far]
[127/129] ShakeGestureWiimoteZ
    stage 1/3: loading data ...
    stage 2/3: training on 50 series (no val (train-loss early stop), C=10, T=385, batch=5) ...
    stage 3/3: scoring on 50 test series (accuracy + AOPCR) ...
    [mlflow] versioned model 'seanet_inputgate_adaptive__sea_mstcn_sep_inputgate__sea_adaptive_classwise' (id=m-1451d6adf8864b11b4d17003d744673c) params={'model_size_mb': '1.4889', 'n_model_params': '58102', 'name': 'seanet_inputgate_adaptive'}
    [mlflow] logged run 'seanet_inputgate_adaptive_ShakeGestureWiimoteZ'  (train_acc=1.0000 test_acc=0.9400 test_loss=0.4540)
[127/129] ShakeGestureWiimoteZ         DONE  acc=0.9400 loss=0.4540 AOPCR=  0.835 NDCG=  n/a C= 10 T=  385 (30s)  [126 trained / 0 failed so far]
[128/129] SmoothSubspace
    stage 1/3: loading data ...
    stage 2/3: training on 120 series (val=30, C=3, T=15, batch=12) ...
    stage 3/3: scoring on 150 test series (accuracy + AOPCR) ...
    [mlflow] versioned model 'seanet_inputgate_adaptive__sea_mstcn_sep_inputgate__sea_adaptive_classwise' (id=m-d9ae45df110c4c3aa606f8ccb923dee8) params={'model_size_mb': '1.487', 'n_model_params': '57577', 'name': 'seanet_inputgate_adaptive'}
    [mlflow] logged run 'seanet_inputgate_adaptive_SmoothSubspace'  (train_acc=1.0000 val_acc=1.0000 test_acc=0.9933 test_loss=0.1134)
[128/129] SmoothSubspace               DONE  acc=0.9933 loss=0.1134 AOPCR=  0.624 NDCG=  n/a C=  3 T=   15 (24s)  [127 trained / 0 failed so far]
[129/129] UMD
    stage 1/3: loading data ...
    stage 2/3: training on 36 series (no val (train-loss early stop), C=3, T=150, batch=3) ...
    stage 3/3: scoring on 144 test series (accuracy + AOPCR) ...
    [mlflow] versioned model 'seanet_inputgate_adaptive__sea_mstcn_sep_inputgate__sea_adaptive_classwise' (id=m-fdd00b22c9524824b99807b0ac8cb497) params={'model_size_mb': '1.487', 'n_model_params': '57577', 'name': 'seanet_inputgate_adaptive'}
    [mlflow] logged run 'seanet_inputgate_adaptive_UMD'  (train_acc=1.0000 test_acc=0.9931 test_loss=0.1046)
[129/129] UMD                          DONE  acc=0.9931 loss=0.1046 AOPCR=  1.367 NDCG=  n/a C=  3 T=  150 (23s)  [128 trained / 0 failed so far]

Done: 128 trained, 1 skipped, 0 failed.
Results -> results/SEA_NET/seanet_inputgate_adaptive__sea_mstcn_sep_inputgate__sea_adaptive_classwise/results.csv

=== seanet_inputgate_adaptive__sea_mstcn_sep_inputgate__sea_adaptive_classwise vs MILLET ConjunctiveInceptionTime (mean of 5 reps) ===
  UCR datasets evaluated: 128  (with MILLET baseline: 85, without: 43)
  metric        ours    MILLET   win/tie/loss   (mean over the 85 datasets MILLET published)
  acc         0.8151    0.8445       17/19/49   
  loss        0.5431    1.2241        60/0/25   (lower is better)
  aopcr       1.0022    4.5532         4/0/81   
  wrote results/SEA_NET/seanet_inputgate_adaptive__sea_mstcn_sep_inputgate__sea_adaptive_classwise/comparison_vs_millet.csv

Next: `python main.py report` to draw the figures for seanet_inputgate_adaptive__sea_mstcn_sep_inputgate__sea_adaptive_classwise.

[log] finished; full output saved to results/SEA_NET/seanet_inputgate_adaptive__sea_mstcn_sep_inputgate__sea_adaptive_classwise/logs/train_2026-07-29_16-54-49.log
