[log] command 'webtraffic' started at 2026-08-09_18-27-33 for model 'seanet_topk_k050__sea_mstcn_sep_bottleneck__sea_topk_conjunctive'
[log] a copy of everything below is being saved to: results/SEA_NET/seanet_topk_k050__sea_mstcn_sep_bottleneck__sea_topk_conjunctive/logs/webtraffic_2026-08-09_18-27-33.log

=== webtraffic: model=seanet_topk_k050__sea_mstcn_sep_bottleneck__sea_topk_conjunctive (config sv7/seanet_topk_k050) device=cuda mode=full ===
[params] using DEFAULT recipe (no Optuna record yet - run 'python main.py optuna --model sv7/seanet_topk_k050').
  [mlflow] logging runs to experiment 'SEA-Net_seanet_topk_k050__sea_mstcn_sep_bottleneck__sea_topk_conjunctive_2026-08-09' at sqlite:///mlflow.db
  [mlflow] browse later with:  mlflow ui --backend-store-uri sqlite:///mlflow.db
    stage 1/3: loading data ...
    stage 2/3: training on 400 series (val=100, C=10, T=1008, batch=16) ...
    stage 3/3: scoring on 500 test series (accuracy + AOPCR + NDCG) ...
    [mlflow] versioned model 'seanet_topk_k050__sea_mstcn_sep_bottleneck__sea_topk_conjunctive' (id=m-2da059e0e4d84903bf64339b5987b00b) params={'model_size_mb': '1.4279', 'n_model_params': '41324', 'name': 'seanet_topk_k050'}
    [mlflow] logged run 'seanet_topk_k050_WebTraffic'  (train_acc=1.0000 val_acc=0.8700 test_acc=0.8820 test_loss=0.4184)

=== seanet_topk_k050__sea_mstcn_sep_bottleneck__sea_topk_conjunctive on WebTraffic ===
  params          : 41324
  model_size_mb   : 1.4279
  n_train         : 400
  n_val           : 100
  n_test          : 500
  series_length   : 1008
  n_classes       : 10
  test_acc        : 0.882
  test_loss       : 0.4184
  test_aopcr      : 3.1143
  test_ndcg       : 0.7321
  train_time_s    : 49.48

=== vs MILLET ConjunctiveInceptionTime (mean of 5 reps) ===
  metric         ours     MILLET
  acc          0.8820     0.9240
  loss         0.4184     0.3788
  AOPCR        3.1143    12.7676
  NDCG@n       0.7321     0.6744

  saved -> results/SEA_NET/seanet_topk_k050__sea_mstcn_sep_bottleneck__sea_topk_conjunctive/results.csv

[log] finished; full output saved to results/SEA_NET/seanet_topk_k050__sea_mstcn_sep_bottleneck__sea_topk_conjunctive/logs/webtraffic_2026-08-09_18-27-33.log
