[log] command 'train' started at 2026-07-22_16-28-29 for model 'seanet_gated__mstcn_sep_gated_classwise_conjunctive'
[log] a copy of everything below is being saved to: results/SEA_NET/seanet_gated__mstcn_sep_gated_classwise_conjunctive/logs/train_2026-07-22_16-28-29.log

=== train: model=seanet_gated__mstcn_sep_gated_classwise_conjunctive (config seanet_gated) device=cuda mode=full datasets=129 ===
[params] using DEFAULT recipe (no Optuna record yet - run 'python main.py optuna --model seanet_gated').
  results  -> results/SEA_NET/seanet_gated__mstcn_sep_gated_classwise_conjunctive/results.csv
  resume   -> results/SEA_NET/seanet_gated__mstcn_sep_gated_classwise_conjunctive/done_train_dataset.txt  (delete it to retrain everything; delete one line to retrain that dataset)

  [mlflow] logging runs to experiment 'SEA-Net_seanet_gated__mstcn_sep_gated_classwise_conjunctive_2026-07-22' at sqlite:///mlflow.db
  [mlflow] browse later with:  mlflow ui --backend-store-uri sqlite:///mlflow.db
[  1/129] WebTraffic                   already done -> skip
[  2/129] Adiac
    stage 1/3: loading data ...
    stage 2/3: training on 328 series (val=62, C=37, T=176, batch=16) ...
    stage 3/3: scoring on 391 test series (accuracy + AOPCR) ...
    [mlflow] versioned model 'seanet_gated__mstcn_sep_gated_classwise_conjunctive' (id=m-cd4a6b412ca84303abd7ab9a0fd36f5d) params={'model_size_mb': '1.5102', 'n_model_params': '63738', 'name': 'seanet_gated'}
    [mlflow] logged run 'seanet_gated_Adiac'  (train_acc=0.9146 val_acc=0.8226 test_acc=0.7494 test_loss=0.8147)
[  2/129] Adiac                        DONE  acc=0.7494 loss=0.8147 AOPCR=  0.861 NDCG=  n/a C= 37 T=  176 (25s)  [1 trained / 0 failed so far]
[  3/129] ArrowHead
    stage 1/3: loading data ...
    stage 2/3: training on 36 series (no val (train-loss early stop), C=3, T=251, batch=3) ...
    stage 3/3: scoring on 175 test series (accuracy + AOPCR) ...
    [mlflow] versioned model 'seanet_gated__mstcn_sep_gated_classwise_conjunctive' (id=m-1efd67a655e447f1b612b4c7b6438019) params={'model_size_mb': '1.5006', 'n_model_params': '61222', 'name': 'seanet_gated'}
    [mlflow] logged run 'seanet_gated_ArrowHead'  (train_acc=1.0000 test_acc=0.7943 test_loss=0.4946)
[  3/129] ArrowHead                    DONE  acc=0.7943 loss=0.4946 AOPCR= -0.068 NDCG=  n/a C=  3 T=  251 (16s)  [2 trained / 0 failed so far]
[  4/129] Beef
    stage 1/3: loading data ...
    stage 2/3: training on 30 series (no val (train-loss early stop), C=5, T=470, batch=3) ...
    stage 3/3: scoring on 30 test series (accuracy + AOPCR) ...
    [mlflow] versioned model 'seanet_gated__mstcn_sep_gated_classwise_conjunctive' (id=m-d42d616f584e437882c4945e34da451a) params={'model_size_mb': '1.5011', 'n_model_params': '61370', 'name': 'seanet_gated'}
    [mlflow] logged run 'seanet_gated_Beef'  (train_acc=1.0000 test_acc=0.8667 test_loss=0.4504)
[  4/129] Beef                         DONE  acc=0.8667 loss=0.4504 AOPCR=  1.490 NDCG=  n/a C=  5 T=  470 (27s)  [3 trained / 0 failed so far]
[  5/129] BeetleFly
    stage 1/3: loading data ...
    stage 2/3: training on 20 series (no val (train-loss early stop), C=2, T=512, batch=2) ...
    stage 3/3: scoring on 20 test series (accuracy + AOPCR) ...
    [mlflow] versioned model 'seanet_gated__mstcn_sep_gated_classwise_conjunctive' (id=m-d76feea368a24b0bbedaefb9eb0acee8) params={'model_size_mb': '1.5003', 'n_model_params': '61148', 'name': 'seanet_gated'}
    [mlflow] logged run 'seanet_gated_BeetleFly'  (train_acc=1.0000 test_acc=0.6500 test_loss=0.7427)
[  5/129] BeetleFly                    DONE  acc=0.6500 loss=0.7427 AOPCR=  0.062 NDCG=  n/a C=  2 T=  512 (18s)  [4 trained / 0 failed so far]
[  6/129] BirdChicken
    stage 1/3: loading data ...
    stage 2/3: training on 20 series (no val (train-loss early stop), C=2, T=512, batch=2) ...
    stage 3/3: scoring on 20 test series (accuracy + AOPCR) ...
    [mlflow] versioned model 'seanet_gated__mstcn_sep_gated_classwise_conjunctive' (id=m-f741a5064efe467ab0cd9b6436e4a81a) params={'model_size_mb': '1.5003', 'n_model_params': '61148', 'name': 'seanet_gated'}
    [mlflow] logged run 'seanet_gated_BirdChicken'  (train_acc=1.0000 test_acc=0.8000 test_loss=0.5302)
[  6/129] BirdChicken                  DONE  acc=0.8000 loss=0.5302 AOPCR=  0.380 NDCG=  n/a C=  2 T=  512 (15s)  [5 trained / 0 failed so far]
[  7/129] Car
    stage 1/3: loading data ...
    stage 2/3: training on 60 series (no val (train-loss early stop), C=4, T=577, batch=6) ...
    stage 3/3: scoring on 60 test series (accuracy + AOPCR) ...
    [mlflow] versioned model 'seanet_gated__mstcn_sep_gated_classwise_conjunctive' (id=m-0512bc25b5c548b1a5f52585b3165a2f) params={'model_size_mb': '1.5009', 'n_model_params': '61296', 'name': 'seanet_gated'}
    [mlflow] logged run 'seanet_gated_Car'  (train_acc=1.0000 test_acc=0.8500 test_loss=0.4273)
[  7/129] Car                          DONE  acc=0.8500 loss=0.4273 AOPCR=  0.320 NDCG=  n/a C=  4 T=  577 (26s)  [6 trained / 0 failed so far]
[  8/129] CBF
    stage 1/3: loading data ...
    stage 2/3: training on 30 series (no val (train-loss early stop), C=3, T=128, batch=3) ...
    stage 3/3: scoring on 900 test series (accuracy + AOPCR) ...
    [mlflow] versioned model 'seanet_gated__mstcn_sep_gated_classwise_conjunctive' (id=m-eb6f85726466496a9551d3d31a2393f1) params={'model_size_mb': '1.5006', 'n_model_params': '61222', 'name': 'seanet_gated'}
    [mlflow] logged run 'seanet_gated_CBF'  (train_acc=1.0000 test_acc=0.9644 test_loss=0.1828)
[  8/129] CBF                          DONE  acc=0.9644 loss=0.1828 AOPCR=  0.055 NDCG=  n/a C=  3 T=  128 (14s)  [7 trained / 0 failed so far]
[  9/129] ChlorineConcentration
    stage 1/3: loading data ...
    stage 2/3: training on 375 series (val=92, C=3, T=166, batch=16) ...
    stage 3/3: scoring on 3840 test series (accuracy + AOPCR) ...
    [mlflow] versioned model 'seanet_gated__mstcn_sep_gated_classwise_conjunctive' (id=m-82f046c937814d318c1ae35138e72350) params={'model_size_mb': '1.5006', 'n_model_params': '61222', 'name': 'seanet_gated'}
    [mlflow] logged run 'seanet_gated_ChlorineConcentration'  (train_acc=0.8827 val_acc=0.7174 test_acc=0.7169 test_loss=0.6619)
[  9/129] ChlorineConcentration        DONE  acc=0.7169 loss=0.6619 AOPCR=  0.303 NDCG=  n/a C=  3 T=  166 (39s)  [8 trained / 0 failed so far]
[ 10/129] CinCECGTorso
    stage 1/3: loading data ...
    stage 2/3: training on 40 series (no val (train-loss early stop), C=4, T=1639, batch=4) ...
    stage 3/3: scoring on 1380 test series (accuracy + AOPCR) ...
    [mlflow] versioned model 'seanet_gated__mstcn_sep_gated_classwise_conjunctive' (id=m-b84d265336cf444d8f2e8dde97ef27ee) params={'model_size_mb': '1.5009', 'n_model_params': '61296', 'name': 'seanet_gated'}
    [mlflow] logged run 'seanet_gated_CinCECGTorso'  (train_acc=1.0000 test_acc=0.6188 test_loss=0.9165)
[ 10/129] CinCECGTorso                 DONE  acc=0.6188 loss=0.9165 AOPCR=  0.446 NDCG=  n/a C=  4 T= 1639 (22s)  [9 trained / 0 failed so far]
[ 11/129] Coffee
    stage 1/3: loading data ...
    stage 2/3: training on 28 series (no val (train-loss early stop), C=2, T=286, batch=2) ...
    stage 3/3: scoring on 28 test series (accuracy + AOPCR) ...
    [mlflow] versioned model 'seanet_gated__mstcn_sep_gated_classwise_conjunctive' (id=m-d6ed1c7e6e1f428b8ef9d761050dcb95) params={'model_size_mb': '1.5003', 'n_model_params': '61148', 'name': 'seanet_gated'}
    [mlflow] logged run 'seanet_gated_Coffee'  (train_acc=1.0000 test_acc=1.0000 test_loss=0.0733)
[ 11/129] Coffee                       DONE  acc=1.0000 loss=0.0733 AOPCR=  0.494 NDCG=  n/a C=  2 T=  286 (24s)  [10 trained / 0 failed so far]
[ 12/129] Computers
    stage 1/3: loading data ...
    stage 2/3: training on 200 series (val=50, C=2, T=720, batch=16) ...
    stage 3/3: scoring on 250 test series (accuracy + AOPCR) ...
    [mlflow] versioned model 'seanet_gated__mstcn_sep_gated_classwise_conjunctive' (id=m-f90081b8af8845e4aae600f898426c12) params={'model_size_mb': '1.5003', 'n_model_params': '61148', 'name': 'seanet_gated'}
    [mlflow] logged run 'seanet_gated_Computers'  (train_acc=1.0000 val_acc=0.7600 test_acc=0.6120 test_loss=0.7909)
[ 12/129] Computers                    DONE  acc=0.6120 loss=0.7909 AOPCR= -0.029 NDCG=  n/a C=  2 T=  720 (13s)  [11 trained / 0 failed so far]
[ 13/129] CricketX
    stage 1/3: loading data ...
    stage 2/3: training on 317 series (val=73, C=12, T=300, batch=16) ...
    stage 3/3: scoring on 390 test series (accuracy + AOPCR) ...
    [mlflow] versioned model 'seanet_gated__mstcn_sep_gated_classwise_conjunctive' (id=m-b6c0d8d99ec6407e9a50075a2dcd28e6) params={'model_size_mb': '1.5031', 'n_model_params': '61888', 'name': 'seanet_gated'}
    [mlflow] logged run 'seanet_gated_CricketX'  (train_acc=1.0000 val_acc=0.8219 test_acc=0.8128 test_loss=0.6879)
[ 13/129] CricketX                     DONE  acc=0.8128 loss=0.6879 AOPCR=  1.450 NDCG=  n/a C= 12 T=  300 (36s)  [12 trained / 0 failed so far]
[ 14/129] CricketY
    stage 1/3: loading data ...
    stage 2/3: training on 317 series (val=73, C=12, T=300, batch=16) ...
    stage 3/3: scoring on 390 test series (accuracy + AOPCR) ...
    [mlflow] versioned model 'seanet_gated__mstcn_sep_gated_classwise_conjunctive' (id=m-2a2d39c7dea64e4aa051ce22a1fb2af2) params={'model_size_mb': '1.5031', 'n_model_params': '61888', 'name': 'seanet_gated'}
    [mlflow] logged run 'seanet_gated_CricketY'  (train_acc=1.0000 val_acc=0.8767 test_acc=0.8359 test_loss=0.6423)
[ 14/129] CricketY                     DONE  acc=0.8359 loss=0.6423 AOPCR=  1.458 NDCG=  n/a C= 12 T=  300 (17s)  [13 trained / 0 failed so far]
[ 15/129] CricketZ
    stage 1/3: loading data ...
    stage 2/3: training on 316 series (val=74, C=12, T=300, batch=16) ...
    stage 3/3: scoring on 390 test series (accuracy + AOPCR) ...
    [mlflow] versioned model 'seanet_gated__mstcn_sep_gated_classwise_conjunctive' (id=m-70da6db78bf14513b9f8c9cb691e7980) params={'model_size_mb': '1.5031', 'n_model_params': '61888', 'name': 'seanet_gated'}
    [mlflow] logged run 'seanet_gated_CricketZ'  (train_acc=1.0000 val_acc=0.8919 test_acc=0.8333 test_loss=0.5935)
[ 15/129] CricketZ                     DONE  acc=0.8333 loss=0.5935 AOPCR=  1.355 NDCG=  n/a C= 12 T=  300 (40s)  [14 trained / 0 failed so far]
[ 16/129] DiatomSizeReduction
    stage 1/3: loading data ...
    stage 2/3: training on 16 series (no val (train-loss early stop), C=4, T=345, batch=2) ...
    stage 3/3: scoring on 306 test series (accuracy + AOPCR) ...
    [mlflow] versioned model 'seanet_gated__mstcn_sep_gated_classwise_conjunctive' (id=m-f3904a38031048e3becb46ff59728570) params={'model_size_mb': '1.5009', 'n_model_params': '61296', 'name': 'seanet_gated'}
    [mlflow] logged run 'seanet_gated_DiatomSizeReduction'  (train_acc=1.0000 test_acc=0.9183 test_loss=0.2560)
[ 16/129] DiatomSizeReduction          DONE  acc=0.9183 loss=0.2560 AOPCR=  0.427 NDCG=  n/a C=  4 T=  345 (14s)  [15 trained / 0 failed so far]
[ 17/129] DistalPhalanxOutlineAgeGroup
    stage 1/3: loading data ...
    stage 2/3: training on 321 series (val=79, C=3, T=80, batch=16) ...
    stage 3/3: scoring on 139 test series (accuracy + AOPCR) ...
    [mlflow] versioned model 'seanet_gated__mstcn_sep_gated_classwise_conjunctive' (id=m-18ece7eadf66439496c4b3c28a27a90d) params={'model_size_mb': '1.5006', 'n_model_params': '61222', 'name': 'seanet_gated'}
    [mlflow] logged run 'seanet_gated_DistalPhalanxOutlineAgeGroup'  (train_acc=0.8847 val_acc=0.8228 test_acc=0.7554 test_loss=0.5533)
[ 17/129] DistalPhalanxOutlineAgeGroup DONE  acc=0.7554 loss=0.5533 AOPCR= -0.072 NDCG=  n/a C=  3 T=   80 (12s)  [16 trained / 0 failed so far]
[ 18/129] DistalPhalanxOutlineCorrect
    stage 1/3: loading data ...
    stage 2/3: training on 481 series (val=119, C=2, T=80, batch=16) ...
    stage 3/3: scoring on 276 test series (accuracy + AOPCR) ...
    [mlflow] versioned model 'seanet_gated__mstcn_sep_gated_classwise_conjunctive' (id=m-4030e310ad8e44e7aaa727bfa7c3dab1) params={'model_size_mb': '1.5003', 'n_model_params': '61148', 'name': 'seanet_gated'}
    [mlflow] logged run 'seanet_gated_DistalPhalanxOutlineCorrect'  (train_acc=0.9709 val_acc=0.8824 test_acc=0.7645 test_loss=0.5562)
[ 18/129] DistalPhalanxOutlineCorrect  DONE  acc=0.7645 loss=0.5562 AOPCR=  0.155 NDCG=  n/a C=  2 T=   80 (31s)  [17 trained / 0 failed so far]
[ 19/129] DistalPhalanxTW
    stage 1/3: loading data ...
    stage 2/3: training on 323 series (val=77, C=6, T=80, batch=16) ...
    stage 3/3: scoring on 139 test series (accuracy + AOPCR) ...
    [mlflow] versioned model 'seanet_gated__mstcn_sep_gated_classwise_conjunctive' (id=m-d1b801c5285740b9a1a35dc2ec13b4f9) params={'model_size_mb': '1.5014', 'n_model_params': '61444', 'name': 'seanet_gated'}
    [mlflow] logged run 'seanet_gated_DistalPhalanxTW'  (train_acc=0.8328 val_acc=0.8571 test_acc=0.6763 test_loss=0.8145)
[ 19/129] DistalPhalanxTW              DONE  acc=0.6763 loss=0.8145 AOPCR= -0.014 NDCG=  n/a C=  6 T=   80 (12s)  [18 trained / 0 failed so far]
[ 20/129] Earthquakes
    stage 1/3: loading data ...
    stage 2/3: training on 259 series (val=63, C=2, T=512, batch=16) ...
    stage 3/3: scoring on 139 test series (accuracy + AOPCR) ...
    [mlflow] versioned model 'seanet_gated__mstcn_sep_gated_classwise_conjunctive' (id=m-0dce88b20c7d4a4dae3bad554824b4ee) params={'model_size_mb': '1.5003', 'n_model_params': '61148', 'name': 'seanet_gated'}
    [mlflow] logged run 'seanet_gated_Earthquakes'  (train_acc=1.0000 val_acc=0.8254 test_acc=0.7410 test_loss=0.6003)
[ 20/129] Earthquakes                  DONE  acc=0.7410 loss=0.6003 AOPCR=  0.193 NDCG=  n/a C=  2 T=  512 (13s)  [19 trained / 0 failed so far]
[ 21/129] ECG200
    stage 1/3: loading data ...
    stage 2/3: training on 81 series (val=19, C=2, T=96, batch=8) ...
    stage 3/3: scoring on 100 test series (accuracy + AOPCR) ...
    [mlflow] versioned model 'seanet_gated__mstcn_sep_gated_classwise_conjunctive' (id=m-904307f1b7344c58a861d311a50808ad) params={'model_size_mb': '1.5003', 'n_model_params': '61148', 'name': 'seanet_gated'}
    [mlflow] logged run 'seanet_gated_ECG200'  (train_acc=0.9136 val_acc=0.6842 test_acc=0.7300 test_loss=0.4266)
[ 21/129] ECG200                       DONE  acc=0.7300 loss=0.4266 AOPCR=  0.309 NDCG=  n/a C=  2 T=   96 (4s)  [20 trained / 0 failed so far]
[ 22/129] ECG5000
    stage 1/3: loading data ...
    stage 2/3: training on 401 series (val=99, C=5, T=140, batch=16) ...
    stage 3/3: scoring on 4500 test series (accuracy + AOPCR) ...
    [mlflow] versioned model 'seanet_gated__mstcn_sep_gated_classwise_conjunctive' (id=m-8b8d46a193174d51bdb08b8616d3ced1) params={'model_size_mb': '1.5011', 'n_model_params': '61370', 'name': 'seanet_gated'}
    [mlflow] logged run 'seanet_gated_ECG5000'  (train_acc=1.0000 val_acc=0.9596 test_acc=0.9353 test_loss=0.2931)
[ 22/129] ECG5000                      DONE  acc=0.9353 loss=0.2931 AOPCR=  1.506 NDCG=  n/a C=  5 T=  140 (33s)  [21 trained / 0 failed so far]
[ 23/129] ECGFiveDays
    stage 1/3: loading data ...
    stage 2/3: training on 23 series (no val (train-loss early stop), C=2, T=136, batch=2) ...
    stage 3/3: scoring on 861 test series (accuracy + AOPCR) ...
    [mlflow] versioned model 'seanet_gated__mstcn_sep_gated_classwise_conjunctive' (id=m-dee4df5df62e4d3da4aef635262a12c9) params={'model_size_mb': '1.5003', 'n_model_params': '61148', 'name': 'seanet_gated'}
    [mlflow] logged run 'seanet_gated_ECGFiveDays'  (train_acc=1.0000 test_acc=0.9942 test_loss=0.0805)
[ 23/129] ECGFiveDays                  DONE  acc=0.9942 loss=0.0805 AOPCR=  0.161 NDCG=  n/a C=  2 T=  136 (20s)  [22 trained / 0 failed so far]
[ 24/129] ElectricDevices
    stage 1/3: loading data ...
    stage 2/3: training on 7144 series (val=1782, C=7, T=96, batch=16) ...
    stage 3/3: scoring on 7711 test series (accuracy + AOPCR) ...
    [mlflow] versioned model 'seanet_gated__mstcn_sep_gated_classwise_conjunctive' (id=m-39e2548c2b4b4553a908fc29d78cb894) params={'model_size_mb': '1.5017', 'n_model_params': '61518', 'name': 'seanet_gated'}
    [mlflow] logged run 'seanet_gated_ElectricDevices'  (train_acc=0.9341 val_acc=0.9007 test_acc=0.7140 test_loss=0.9667)
[ 24/129] ElectricDevices              DONE  acc=0.7140 loss=0.9667 AOPCR=  0.483 NDCG=  n/a C=  7 T=   96 (270s)  [23 trained / 0 failed so far]
[ 25/129] FaceAll
    stage 1/3: loading data ...
    stage 2/3: training on 448 series (val=112, C=14, T=131, batch=16) ...
    stage 3/3: scoring on 1690 test series (accuracy + AOPCR) ...
    [mlflow] versioned model 'seanet_gated__mstcn_sep_gated_classwise_conjunctive' (id=m-dffdee79220046cb9669061f1ca5a213) params={'model_size_mb': '1.5036', 'n_model_params': '62036', 'name': 'seanet_gated'}
    [mlflow] logged run 'seanet_gated_FaceAll'  (train_acc=1.0000 val_acc=0.9821 test_acc=0.8249 test_loss=0.8044)
[ 25/129] FaceAll                      DONE  acc=0.8249 loss=0.8044 AOPCR=  0.307 NDCG=  n/a C= 14 T=  131 (38s)  [24 trained / 0 failed so far]
[ 26/129] FaceFour
    stage 1/3: loading data ...
    stage 2/3: training on 24 series (no val (train-loss early stop), C=4, T=350, batch=2) ...
    stage 3/3: scoring on 88 test series (accuracy + AOPCR) ...
    [mlflow] versioned model 'seanet_gated__mstcn_sep_gated_classwise_conjunctive' (id=m-f8a7f71bd1844e2a853032f2e65eaf52) params={'model_size_mb': '1.5009', 'n_model_params': '61296', 'name': 'seanet_gated'}
    [mlflow] logged run 'seanet_gated_FaceFour'  (train_acc=1.0000 test_acc=0.6250 test_loss=0.9079)
[ 26/129] FaceFour                     DONE  acc=0.6250 loss=0.9079 AOPCR=  0.464 NDCG=  n/a C=  4 T=  350 (28s)  [25 trained / 0 failed so far]
[ 27/129] FacesUCR
    stage 1/3: loading data ...
    stage 2/3: training on 165 series (val=35, C=14, T=131, batch=16) ...
    stage 3/3: scoring on 2050 test series (accuracy + AOPCR) ...
    [mlflow] versioned model 'seanet_gated__mstcn_sep_gated_classwise_conjunctive' (id=m-a549aeb9dba44029ac19065b06015b72) params={'model_size_mb': '1.5036', 'n_model_params': '62036', 'name': 'seanet_gated'}
    [mlflow] logged run 'seanet_gated_FacesUCR'  (train_acc=1.0000 val_acc=1.0000 test_acc=0.9420 test_loss=0.2722)
[ 27/129] FacesUCR                     DONE  acc=0.9420 loss=0.2722 AOPCR=  0.533 NDCG=  n/a C= 14 T=  131 (14s)  [26 trained / 0 failed so far]
[ 28/129] FiftyWords
    stage 1/3: loading data ...
    stage 2/3: training on 365 series (val=85, C=50, T=270, batch=16) ...
    stage 3/3: scoring on 455 test series (accuracy + AOPCR) ...
    [mlflow] versioned model 'seanet_gated__mstcn_sep_gated_classwise_conjunctive' (id=m-289775c804ad4de6869407ad9504a915) params={'model_size_mb': '1.5139', 'n_model_params': '64700', 'name': 'seanet_gated'}
    [mlflow] logged run 'seanet_gated_FiftyWords'  (train_acc=1.0000 val_acc=0.8000 test_acc=0.8088 test_loss=0.8532)
[ 28/129] FiftyWords                   DONE  acc=0.8088 loss=0.8532 AOPCR=  0.527 NDCG=  n/a C= 50 T=  270 (43s)  [27 trained / 0 failed so far]
[ 29/129] Fish
    stage 1/3: loading data ...
    stage 2/3: training on 142 series (val=33, C=7, T=463, batch=14) ...
    stage 3/3: scoring on 175 test series (accuracy + AOPCR) ...
    [mlflow] versioned model 'seanet_gated__mstcn_sep_gated_classwise_conjunctive' (id=m-2ef53158cc3d49bca93f5c636817c758) params={'model_size_mb': '1.5017', 'n_model_params': '61518', 'name': 'seanet_gated'}
    [mlflow] logged run 'seanet_gated_Fish'  (train_acc=1.0000 val_acc=0.9394 test_acc=0.9771 test_loss=0.2231)
[ 29/129] Fish                         DONE  acc=0.9771 loss=0.2231 AOPCR=  0.510 NDCG=  n/a C=  7 T=  463 (25s)  [28 trained / 0 failed so far]
[ 30/129] FordA
    stage 1/3: loading data ...
    stage 2/3: training on 2881 series (val=720, C=2, T=500, batch=16) ...
    stage 3/3: scoring on 1320 test series (accuracy + AOPCR) ...
    [mlflow] versioned model 'seanet_gated__mstcn_sep_gated_classwise_conjunctive' (id=m-e10a573fd37c4180bf4a1aab5450c4f9) params={'model_size_mb': '1.5003', 'n_model_params': '61148', 'name': 'seanet_gated'}
    [mlflow] logged run 'seanet_gated_FordA'  (train_acc=0.9917 val_acc=0.9708 test_acc=0.9591 test_loss=0.1510)
[ 30/129] FordA                        DONE  acc=0.9591 loss=0.1510 AOPCR=  0.051 NDCG=  n/a C=  2 T=  500 (108s)  [29 trained / 0 failed so far]
[ 31/129] FordB
    stage 1/3: loading data ...
    stage 2/3: training on 2909 series (val=727, C=2, T=500, batch=16) ...
    stage 3/3: scoring on 810 test series (accuracy + AOPCR) ...
    [mlflow] versioned model 'seanet_gated__mstcn_sep_gated_classwise_conjunctive' (id=m-fe9eb45a01b3443bb1cbe549e45c5b28) params={'model_size_mb': '1.5003', 'n_model_params': '61148', 'name': 'seanet_gated'}
    [mlflow] logged run 'seanet_gated_FordB'  (train_acc=0.9979 val_acc=0.9656 test_acc=0.8457 test_loss=0.3704)
[ 31/129] FordB                        DONE  acc=0.8457 loss=0.3704 AOPCR=  0.042 NDCG=  n/a C=  2 T=  500 (127s)  [30 trained / 0 failed so far]
[ 32/129] GunPoint
    stage 1/3: loading data ...
    stage 2/3: training on 50 series (no val (train-loss early stop), C=2, T=150, batch=5) ...
    stage 3/3: scoring on 150 test series (accuracy + AOPCR) ...
    [mlflow] versioned model 'seanet_gated__mstcn_sep_gated_classwise_conjunctive' (id=m-f85258b68df946669ee7f612949486fc) params={'model_size_mb': '1.5003', 'n_model_params': '61148', 'name': 'seanet_gated'}
    [mlflow] logged run 'seanet_gated_GunPoint'  (train_acc=1.0000 test_acc=0.9800 test_loss=0.1014)
[ 32/129] GunPoint                     DONE  acc=0.9800 loss=0.1014 AOPCR=  0.256 NDCG=  n/a C=  2 T=  150 (23s)  [31 trained / 0 failed so far]
[ 33/129] Ham
    stage 1/3: loading data ...
    stage 2/3: training on 88 series (val=21, C=2, T=431, batch=8) ...
    stage 3/3: scoring on 105 test series (accuracy + AOPCR) ...
    [mlflow] versioned model 'seanet_gated__mstcn_sep_gated_classwise_conjunctive' (id=m-7ef0690cd08a4d6d9599a4b1f698a26d) params={'model_size_mb': '1.5003', 'n_model_params': '61148', 'name': 'seanet_gated'}
    [mlflow] logged run 'seanet_gated_Ham'  (train_acc=0.9432 val_acc=0.9524 test_acc=0.7429 test_loss=0.5373)
[ 33/129] Ham                          DONE  acc=0.7429 loss=0.5373 AOPCR=  1.057 NDCG=  n/a C=  2 T=  431 (5s)  [32 trained / 0 failed so far]
[ 34/129] HandOutlines
    stage 1/3: loading data ...
    stage 2/3: training on 801 series (val=199, C=2, T=2709, batch=16) ...
    stage 3/3: scoring on 370 test series (accuracy + AOPCR) ...
    [mlflow] versioned model 'seanet_gated__mstcn_sep_gated_classwise_conjunctive' (id=m-5d4a4f355d1f4711bcca40a3269cc8a1) params={'model_size_mb': '1.5003', 'n_model_params': '61148', 'name': 'seanet_gated'}
    [mlflow] logged run 'seanet_gated_HandOutlines'  (train_acc=0.9713 val_acc=0.9246 test_acc=0.9459 test_loss=0.2055)
[ 34/129] HandOutlines                 DONE  acc=0.9459 loss=0.2055 AOPCR=  0.089 NDCG=  n/a C=  2 T= 2709 (85s)  [33 trained / 0 failed so far]
[ 35/129] Haptics
    stage 1/3: loading data ...
    stage 2/3: training on 127 series (val=28, C=5, T=1092, batch=12) ...
    stage 3/3: scoring on 308 test series (accuracy + AOPCR) ...
    [mlflow] versioned model 'seanet_gated__mstcn_sep_gated_classwise_conjunctive' (id=m-910b406fbc5840189001c354194a0e74) params={'model_size_mb': '1.5011', 'n_model_params': '61370', 'name': 'seanet_gated'}
    [mlflow] logged run 'seanet_gated_Haptics'  (train_acc=0.5591 val_acc=0.5357 test_acc=0.3994 test_loss=1.5281)
[ 35/129] Haptics                      DONE  acc=0.3994 loss=1.5281 AOPCR=  1.448 NDCG=  n/a C=  5 T= 1092 (5s)  [34 trained / 0 failed so far]
[ 36/129] Herring
    stage 1/3: loading data ...
    stage 2/3: training on 64 series (no val (train-loss early stop), C=2, T=512, batch=6) ...
    stage 3/3: scoring on 64 test series (accuracy + AOPCR) ...
    [mlflow] versioned model 'seanet_gated__mstcn_sep_gated_classwise_conjunctive' (id=m-cd2de88d9dd745e2bfa4d111f43ac88b) params={'model_size_mb': '1.5003', 'n_model_params': '61148', 'name': 'seanet_gated'}
    [mlflow] logged run 'seanet_gated_Herring'  (train_acc=1.0000 test_acc=0.5781 test_loss=0.8757)
[ 36/129] Herring                      DONE  acc=0.5781 loss=0.8757 AOPCR=  0.713 NDCG=  n/a C=  2 T=  512 (27s)  [35 trained / 0 failed so far]
[ 37/129] InlineSkate
    stage 1/3: loading data ...
    stage 2/3: training on 84 series (val=16, C=7, T=1882, batch=8) ...
    stage 3/3: scoring on 550 test series (accuracy + AOPCR) ...
    [mlflow] versioned model 'seanet_gated__mstcn_sep_gated_classwise_conjunctive' (id=m-b476c07074394691855d4621f8d05f13) params={'model_size_mb': '1.5017', 'n_model_params': '61518', 'name': 'seanet_gated'}
    [mlflow] logged run 'seanet_gated_InlineSkate'  (train_acc=0.8333 val_acc=0.1250 test_acc=0.2582 test_loss=2.0320)
[ 37/129] InlineSkate                  DONE  acc=0.2582 loss=2.0320 AOPCR=  1.241 NDCG=  n/a C=  7 T= 1882 (6s)  [36 trained / 0 failed so far]
[ 38/129] InsectWingbeatSound
    stage 1/3: loading data ...
    stage 2/3: training on 176 series (val=44, C=11, T=256, batch=16) ...
    stage 3/3: scoring on 1980 test series (accuracy + AOPCR) ...
    [mlflow] versioned model 'seanet_gated__mstcn_sep_gated_classwise_conjunctive' (id=m-4c7f07bacf6c489e9b6eef253f6dee85) params={'model_size_mb': '1.5028', 'n_model_params': '61814', 'name': 'seanet_gated'}
    [mlflow] logged run 'seanet_gated_InsectWingbeatSound'  (train_acc=0.7784 val_acc=0.5909 test_acc=0.5934 test_loss=1.0570)
[ 38/129] InsectWingbeatSound          DONE  acc=0.5934 loss=1.0570 AOPCR=  0.114 NDCG=  n/a C= 11 T=  256 (5s)  [37 trained / 0 failed so far]
[ 39/129] ItalyPowerDemand
    stage 1/3: loading data ...
    stage 2/3: training on 67 series (no val (train-loss early stop), C=2, T=24, batch=6) ...
    stage 3/3: scoring on 1029 test series (accuracy + AOPCR) ...
    [mlflow] versioned model 'seanet_gated__mstcn_sep_gated_classwise_conjunctive' (id=m-ca42343fef3540ec9517254ea2200741) params={'model_size_mb': '1.5003', 'n_model_params': '61148', 'name': 'seanet_gated'}
    [mlflow] logged run 'seanet_gated_ItalyPowerDemand'  (train_acc=1.0000 test_acc=0.9592 test_loss=0.1596)
[ 39/129] ItalyPowerDemand             DONE  acc=0.9592 loss=0.1596 AOPCR=  0.652 NDCG=  n/a C=  2 T=   24 (20s)  [38 trained / 0 failed so far]
[ 40/129] LargeKitchenAppliances
    stage 1/3: loading data ...
    stage 2/3: training on 300 series (val=75, C=3, T=720, batch=16) ...
    stage 3/3: scoring on 375 test series (accuracy + AOPCR) ...
    [mlflow] versioned model 'seanet_gated__mstcn_sep_gated_classwise_conjunctive' (id=m-87084cb1dd5940b8b9c0091ca68b2edb) params={'model_size_mb': '1.5006', 'n_model_params': '61222', 'name': 'seanet_gated'}
    [mlflow] logged run 'seanet_gated_LargeKitchenAppliances'  (train_acc=0.9867 val_acc=0.9467 test_acc=0.8827 test_loss=0.3432)
[ 40/129] LargeKitchenAppliances       DONE  acc=0.8827 loss=0.3432 AOPCR=  1.517 NDCG=  n/a C=  3 T=  720 (11s)  [39 trained / 0 failed so far]
[ 41/129] Lightning2
    stage 1/3: loading data ...
    stage 2/3: training on 60 series (no val (train-loss early stop), C=2, T=637, batch=6) ...
    stage 3/3: scoring on 61 test series (accuracy + AOPCR) ...
    [mlflow] versioned model 'seanet_gated__mstcn_sep_gated_classwise_conjunctive' (id=m-7d6c3fdc6f644143ad0f2df3d1525eba) params={'model_size_mb': '1.5003', 'n_model_params': '61148', 'name': 'seanet_gated'}
    [mlflow] logged run 'seanet_gated_Lightning2'  (train_acc=1.0000 test_acc=0.7213 test_loss=0.5906)
[ 41/129] Lightning2                   DONE  acc=0.7213 loss=0.5906 AOPCR=  0.150 NDCG=  n/a C=  2 T=  637 (16s)  [40 trained / 0 failed so far]
[ 42/129] Lightning7
    stage 1/3: loading data ...
    stage 2/3: training on 70 series (no val (train-loss early stop), C=7, T=319, batch=7) ...
    stage 3/3: scoring on 73 test series (accuracy + AOPCR) ...
    [mlflow] versioned model 'seanet_gated__mstcn_sep_gated_classwise_conjunctive' (id=m-63738b099e6d44c78ad1700304ab2422) params={'model_size_mb': '1.5017', 'n_model_params': '61518', 'name': 'seanet_gated'}
    [mlflow] logged run 'seanet_gated_Lightning7'  (train_acc=1.0000 test_acc=0.7808 test_loss=0.6900)
[ 42/129] Lightning7                   DONE  acc=0.7808 loss=0.6900 AOPCR=  0.629 NDCG=  n/a C=  7 T=  319 (21s)  [41 trained / 0 failed so far]
[ 43/129] Mallat
    stage 1/3: loading data ...
    stage 2/3: training on 55 series (no val (train-loss early stop), C=8, T=1024, batch=5) ...
    stage 3/3: scoring on 2345 test series (accuracy + AOPCR) ...
    [mlflow] versioned model 'seanet_gated__mstcn_sep_gated_classwise_conjunctive' (id=m-4f10fe6df1e74f37851e135c1c55e99e) params={'model_size_mb': '1.502', 'n_model_params': '61592', 'name': 'seanet_gated'}
    [mlflow] logged run 'seanet_gated_Mallat'  (train_acc=1.0000 test_acc=0.9369 test_loss=0.3228)
[ 43/129] Mallat                       DONE  acc=0.9369 loss=0.3228 AOPCR=  1.574 NDCG=  n/a C=  8 T= 1024 (27s)  [42 trained / 0 failed so far]
[ 44/129] Meat
    stage 1/3: loading data ...
    stage 2/3: training on 60 series (no val (train-loss early stop), C=3, T=448, batch=6) ...
    stage 3/3: scoring on 60 test series (accuracy + AOPCR) ...
    [mlflow] versioned model 'seanet_gated__mstcn_sep_gated_classwise_conjunctive' (id=m-32f8f53345164ce7997d15c66c56d032) params={'model_size_mb': '1.5006', 'n_model_params': '61222', 'name': 'seanet_gated'}
    [mlflow] logged run 'seanet_gated_Meat'  (train_acc=1.0000 test_acc=0.9500 test_loss=0.2181)
[ 44/129] Meat                         DONE  acc=0.9500 loss=0.2181 AOPCR=  0.920 NDCG=  n/a C=  3 T=  448 (11s)  [43 trained / 0 failed so far]
[ 45/129] MedicalImages
    stage 1/3: loading data ...
    stage 2/3: training on 307 series (val=74, C=10, T=99, batch=16) ...
    stage 3/3: scoring on 760 test series (accuracy + AOPCR) ...
    [mlflow] versioned model 'seanet_gated__mstcn_sep_gated_classwise_conjunctive' (id=m-a5bc6f40be7b4b5dbfe0b70cb6e22b2f) params={'model_size_mb': '1.5025', 'n_model_params': '61740', 'name': 'seanet_gated'}
    [mlflow] logged run 'seanet_gated_MedicalImages'  (train_acc=0.9479 val_acc=0.7973 test_acc=0.7750 test_loss=0.6811)
[ 45/129] MedicalImages                DONE  acc=0.7750 loss=0.6811 AOPCR=  0.425 NDCG=  n/a C= 10 T=   99 (18s)  [44 trained / 0 failed so far]
[ 46/129] MiddlePhalanxOutlineAgeGroup
    stage 1/3: loading data ...
    stage 2/3: training on 321 series (val=79, C=3, T=80, batch=16) ...
    stage 3/3: scoring on 154 test series (accuracy + AOPCR) ...
    [mlflow] versioned model 'seanet_gated__mstcn_sep_gated_classwise_conjunctive' (id=m-9aad09ad06f24d6fb11dc9f0824e51db) params={'model_size_mb': '1.5006', 'n_model_params': '61222', 'name': 'seanet_gated'}
    [mlflow] logged run 'seanet_gated_MiddlePhalanxOutlineAgeGroup'  (train_acc=0.7788 val_acc=0.8101 test_acc=0.6104 test_loss=0.9163)
[ 46/129] MiddlePhalanxOutlineAgeGroup DONE  acc=0.6104 loss=0.9163 AOPCR=  0.421 NDCG=  n/a C=  3 T=   80 (9s)  [45 trained / 0 failed so far]
[ 47/129] MiddlePhalanxOutlineCorrect
    stage 1/3: loading data ...
    stage 2/3: training on 481 series (val=119, C=2, T=80, batch=16) ...
    stage 3/3: scoring on 291 test series (accuracy + AOPCR) ...
    [mlflow] versioned model 'seanet_gated__mstcn_sep_gated_classwise_conjunctive' (id=m-0c269a505e6940e98e91b88512438a74) params={'model_size_mb': '1.5003', 'n_model_params': '61148', 'name': 'seanet_gated'}
    [mlflow] logged run 'seanet_gated_MiddlePhalanxOutlineCorrect'  (train_acc=0.9002 val_acc=0.8319 test_acc=0.8144 test_loss=0.3900)
[ 47/129] MiddlePhalanxOutlineCorrect  DONE  acc=0.8144 loss=0.3900 AOPCR=  0.372 NDCG=  n/a C=  2 T=   80 (22s)  [46 trained / 0 failed so far]
[ 48/129] MiddlePhalanxTW
    stage 1/3: loading data ...
    stage 2/3: training on 321 series (val=78, C=6, T=80, batch=16) ...
    stage 3/3: scoring on 154 test series (accuracy + AOPCR) ...
    [mlflow] versioned model 'seanet_gated__mstcn_sep_gated_classwise_conjunctive' (id=m-c64cc64ad2b248109677165a6467b09c) params={'model_size_mb': '1.5014', 'n_model_params': '61444', 'name': 'seanet_gated'}
    [mlflow] logged run 'seanet_gated_MiddlePhalanxTW'  (train_acc=0.6791 val_acc=0.6410 test_acc=0.5844 test_loss=1.0880)
[ 48/129] MiddlePhalanxTW              DONE  acc=0.5844 loss=1.0880 AOPCR= -0.078 NDCG=  n/a C=  6 T=   80 (12s)  [47 trained / 0 failed so far]
[ 49/129] MoteStrain
    stage 1/3: loading data ...
    stage 2/3: training on 20 series (no val (train-loss early stop), C=2, T=84, batch=2) ...
    stage 3/3: scoring on 1252 test series (accuracy + AOPCR) ...
    [mlflow] versioned model 'seanet_gated__mstcn_sep_gated_classwise_conjunctive' (id=m-c3678afafe7b43f1b12640abffb23da8) params={'model_size_mb': '1.5003', 'n_model_params': '61148', 'name': 'seanet_gated'}
    [mlflow] logged run 'seanet_gated_MoteStrain'  (train_acc=1.0000 test_acc=0.8466 test_loss=0.3700)
[ 49/129] MoteStrain                   DONE  acc=0.8466 loss=0.3700 AOPCR=  0.133 NDCG=  n/a C=  2 T=   84 (9s)  [48 trained / 0 failed so far]
[ 50/129] NonInvasiveFetalECGThorax1
    stage 1/3: loading data ...
    stage 2/3: training on 1452 series (val=348, C=42, T=750, batch=16) ...
    stage 3/3: scoring on 1965 test series (accuracy + AOPCR) ...
    [mlflow] versioned model 'seanet_gated__mstcn_sep_gated_classwise_conjunctive' (id=m-2595e93703674d7b95e0984ba236b8ec) params={'model_size_mb': '1.5116', 'n_model_params': '64108', 'name': 'seanet_gated'}
    [mlflow] logged run 'seanet_gated_NonInvasiveFetalECGThorax1'  (train_acc=0.9814 val_acc=0.9339 test_acc=0.9181 test_loss=0.3842)
[ 50/129] NonInvasiveFetalECGThorax1   DONE  acc=0.9181 loss=0.3842 AOPCR= -0.496 NDCG=  n/a C= 42 T=  750 (145s)  [49 trained / 0 failed so far]
[ 51/129] NonInvasiveFetalECGThorax2
    stage 1/3: loading data ...
    stage 2/3: training on 1452 series (val=348, C=42, T=750, batch=16) ...
    stage 3/3: scoring on 1965 test series (accuracy + AOPCR) ...
    [mlflow] versioned model 'seanet_gated__mstcn_sep_gated_classwise_conjunctive' (id=m-1a0c7c3470e24249acfb31d5c80a4bb0) params={'model_size_mb': '1.5116', 'n_model_params': '64108', 'name': 'seanet_gated'}
    [mlflow] logged run 'seanet_gated_NonInvasiveFetalECGThorax2'  (train_acc=0.9787 val_acc=0.9483 test_acc=0.9237 test_loss=0.3507)
[ 51/129] NonInvasiveFetalECGThorax2   DONE  acc=0.9237 loss=0.3507 AOPCR= -0.225 NDCG=  n/a C= 42 T=  750 (71s)  [50 trained / 0 failed so far]
[ 52/129] OliveOil
    stage 1/3: loading data ...
    stage 2/3: training on 30 series (no val (train-loss early stop), C=4, T=570, batch=3) ...
    stage 3/3: scoring on 30 test series (accuracy + AOPCR) ...
    [mlflow] versioned model 'seanet_gated__mstcn_sep_gated_classwise_conjunctive' (id=m-0e2a238261cb4e6a8780d7804d50f5ea) params={'model_size_mb': '1.5009', 'n_model_params': '61296', 'name': 'seanet_gated'}
    [mlflow] logged run 'seanet_gated_OliveOil'  (train_acc=0.4333 test_acc=0.4000 test_loss=1.2983)
[ 52/129] OliveOil                     DONE  acc=0.4000 loss=1.2983 AOPCR=  0.138 NDCG=  n/a C=  4 T=  570 (15s)  [51 trained / 0 failed so far]
[ 53/129] OSULeaf
    stage 1/3: loading data ...
    stage 2/3: training on 163 series (val=37, C=6, T=427, batch=16) ...
    stage 3/3: scoring on 242 test series (accuracy + AOPCR) ...
    [mlflow] versioned model 'seanet_gated__mstcn_sep_gated_classwise_conjunctive' (id=m-ed81437ea1234b12b92b513109d4268f) params={'model_size_mb': '1.5014', 'n_model_params': '61444', 'name': 'seanet_gated'}
    [mlflow] logged run 'seanet_gated_OSULeaf'  (train_acc=1.0000 val_acc=1.0000 test_acc=0.9132 test_loss=0.3649)
[ 53/129] OSULeaf                      DONE  acc=0.9132 loss=0.3649 AOPCR=  0.531 NDCG=  n/a C=  6 T=  427 (6s)  [52 trained / 0 failed so far]
[ 54/129] PhalangesOutlinesCorrect
    stage 1/3: loading data ...
    stage 2/3: training on 1441 series (val=359, C=2, T=80, batch=16) ...
    stage 3/3: scoring on 858 test series (accuracy + AOPCR) ...
    [mlflow] versioned model 'seanet_gated__mstcn_sep_gated_classwise_conjunctive' (id=m-2c223f48f27b48b4b4c515e6ad499b8f) params={'model_size_mb': '1.5003', 'n_model_params': '61148', 'name': 'seanet_gated'}
    [mlflow] logged run 'seanet_gated_PhalangesOutlinesCorrect'  (train_acc=0.9167 val_acc=0.8830 test_acc=0.8287 test_loss=0.3838)
[ 54/129] PhalangesOutlinesCorrect     DONE  acc=0.8287 loss=0.3838 AOPCR=  0.051 NDCG=  n/a C=  2 T=   80 (64s)  [53 trained / 0 failed so far]
[ 55/129] Phoneme
    stage 1/3: loading data ...
    stage 2/3: training on 171 series (val=43, C=39, T=1024, batch=16) ...
    stage 3/3: scoring on 1896 test series (accuracy + AOPCR) ...
    [mlflow] versioned model 'seanet_gated__mstcn_sep_gated_classwise_conjunctive' (id=m-9e8c1c765752408c9eac0167b9cc6b7b) params={'model_size_mb': '1.5107', 'n_model_params': '63886', 'name': 'seanet_gated'}
    [mlflow] logged run 'seanet_gated_Phoneme'  (train_acc=0.5146 val_acc=0.2093 test_acc=0.2569 test_loss=2.7660)
[ 55/129] Phoneme                      DONE  acc=0.2569 loss=2.7660 AOPCR=  0.549 NDCG=  n/a C= 39 T= 1024 (5s)  [54 trained / 0 failed so far]
[ 56/129] Plane
    stage 1/3: loading data ...
    stage 2/3: training on 87 series (val=18, C=7, T=144, batch=8) ...
    stage 3/3: scoring on 105 test series (accuracy + AOPCR) ...
    [mlflow] versioned model 'seanet_gated__mstcn_sep_gated_classwise_conjunctive' (id=m-c0bad71e82664163ae3c5ed34413f980) params={'model_size_mb': '1.5017', 'n_model_params': '61518', 'name': 'seanet_gated'}
    [mlflow] logged run 'seanet_gated_Plane'  (train_acc=1.0000 val_acc=1.0000 test_acc=1.0000 test_loss=0.1099)
[ 56/129] Plane                        DONE  acc=1.0000 loss=0.1099 AOPCR=  0.042 NDCG=  n/a C=  7 T=  144 (22s)  [55 trained / 0 failed so far]
[ 57/129] ProximalPhalanxOutlineAgeGroup
    stage 1/3: loading data ...
    stage 2/3: training on 322 series (val=78, C=3, T=80, batch=16) ...
    stage 3/3: scoring on 205 test series (accuracy + AOPCR) ...
    [mlflow] versioned model 'seanet_gated__mstcn_sep_gated_classwise_conjunctive' (id=m-18acb335b92d4b4390d913524366abf9) params={'model_size_mb': '1.5006', 'n_model_params': '61222', 'name': 'seanet_gated'}
    [mlflow] logged run 'seanet_gated_ProximalPhalanxOutlineAgeGroup'  (train_acc=0.9224 val_acc=0.8590 test_acc=0.8390 test_loss=0.4555)
[ 57/129] ProximalPhalanxOutlineAgeGroup DONE  acc=0.8390 loss=0.4555 AOPCR=  1.156 NDCG=  n/a C=  3 T=   80 (31s)  [56 trained / 0 failed so far]
[ 58/129] ProximalPhalanxOutlineCorrect
    stage 1/3: loading data ...
    stage 2/3: training on 481 series (val=119, C=2, T=80, batch=16) ...
    stage 3/3: scoring on 291 test series (accuracy + AOPCR) ...
    [mlflow] versioned model 'seanet_gated__mstcn_sep_gated_classwise_conjunctive' (id=m-87fc91e948394df9b9f03eb51dc74f0b) params={'model_size_mb': '1.5003', 'n_model_params': '61148', 'name': 'seanet_gated'}
    [mlflow] logged run 'seanet_gated_ProximalPhalanxOutlineCorrect'  (train_acc=0.9647 val_acc=0.9160 test_acc=0.9107 test_loss=0.2719)
[ 58/129] ProximalPhalanxOutlineCorrect DONE  acc=0.9107 loss=0.2719 AOPCR= -1.713 NDCG=  n/a C=  2 T=   80 (48s)  [57 trained / 0 failed so far]
[ 59/129] ProximalPhalanxTW
    stage 1/3: loading data ...
    stage 2/3: training on 322 series (val=78, C=6, T=80, batch=16) ...
    stage 3/3: scoring on 205 test series (accuracy + AOPCR) ...
    [mlflow] versioned model 'seanet_gated__mstcn_sep_gated_classwise_conjunctive' (id=m-aa3596caa1c1467898c4f2301068fa65) params={'model_size_mb': '1.5014', 'n_model_params': '61444', 'name': 'seanet_gated'}
    [mlflow] logged run 'seanet_gated_ProximalPhalanxTW'  (train_acc=0.9161 val_acc=0.8462 test_acc=0.7805 test_loss=0.5835)
[ 59/129] ProximalPhalanxTW            DONE  acc=0.7805 loss=0.5835 AOPCR=  0.383 NDCG=  n/a C=  6 T=   80 (18s)  [58 trained / 0 failed so far]
[ 60/129] RefrigerationDevices
    stage 1/3: loading data ...
    stage 2/3: training on 300 series (val=75, C=3, T=720, batch=16) ...
    stage 3/3: scoring on 375 test series (accuracy + AOPCR) ...
    [mlflow] versioned model 'seanet_gated__mstcn_sep_gated_classwise_conjunctive' (id=m-2dff21819c924538800a228463fc1553) params={'model_size_mb': '1.5006', 'n_model_params': '61222', 'name': 'seanet_gated'}
    [mlflow] logged run 'seanet_gated_RefrigerationDevices'  (train_acc=1.0000 val_acc=0.7333 test_acc=0.5173 test_loss=1.4017)
[ 60/129] RefrigerationDevices         DONE  acc=0.5173 loss=1.4017 AOPCR=  0.136 NDCG=  n/a C=  3 T=  720 (13s)  [59 trained / 0 failed so far]
[ 61/129] ScreenType
    stage 1/3: loading data ...
    stage 2/3: training on 300 series (val=75, C=3, T=720, batch=16) ...
    stage 3/3: scoring on 375 test series (accuracy + AOPCR) ...
    [mlflow] versioned model 'seanet_gated__mstcn_sep_gated_classwise_conjunctive' (id=m-049ecf6627784a4c81bab3399a434d0a) params={'model_size_mb': '1.5006', 'n_model_params': '61222', 'name': 'seanet_gated'}
    [mlflow] logged run 'seanet_gated_ScreenType'  (train_acc=0.6767 val_acc=0.4800 test_acc=0.3947 test_loss=1.1694)
[ 61/129] ScreenType                   DONE  acc=0.3947 loss=1.1694 AOPCR=  0.396 NDCG=  n/a C=  3 T=  720 (9s)  [60 trained / 0 failed so far]
[ 62/129] ShapeletSim
    stage 1/3: loading data ...
    stage 2/3: training on 20 series (no val (train-loss early stop), C=2, T=500, batch=2) ...
    stage 3/3: scoring on 180 test series (accuracy + AOPCR) ...
    [mlflow] versioned model 'seanet_gated__mstcn_sep_gated_classwise_conjunctive' (id=m-077593a2f03b4515b54339b4b3347a8f) params={'model_size_mb': '1.5003', 'n_model_params': '61148', 'name': 'seanet_gated'}
    [mlflow] logged run 'seanet_gated_ShapeletSim'  (train_acc=1.0000 test_acc=0.4611 test_loss=0.8965)
[ 62/129] ShapeletSim                  DONE  acc=0.4611 loss=0.8965 AOPCR=  0.080 NDCG=  n/a C=  2 T=  500 (4s)  [61 trained / 0 failed so far]
[ 63/129] ShapesAll
    stage 1/3: loading data ...
    stage 2/3: training on 480 series (val=120, C=60, T=512, batch=16) ...
    stage 3/3: scoring on 600 test series (accuracy + AOPCR) ...
    [mlflow] versioned model 'seanet_gated__mstcn_sep_gated_classwise_conjunctive' (id=m-b5260f2391e84bd38a9cd5ec1dc6535f) params={'model_size_mb': '1.5166', 'n_model_params': '65440', 'name': 'seanet_gated'}
    [mlflow] logged run 'seanet_gated_ShapesAll'  (train_acc=0.9958 val_acc=0.9000 test_acc=0.8967 test_loss=0.6060)
[ 63/129] ShapesAll                    DONE  acc=0.8967 loss=0.6060 AOPCR=  0.559 NDCG=  n/a C= 60 T=  512 (33s)  [62 trained / 0 failed so far]
[ 64/129] SmallKitchenAppliances
    stage 1/3: loading data ...
    stage 2/3: training on 300 series (val=75, C=3, T=720, batch=16) ...
    stage 3/3: scoring on 375 test series (accuracy + AOPCR) ...
    [mlflow] versioned model 'seanet_gated__mstcn_sep_gated_classwise_conjunctive' (id=m-9ec87e5d9e974980ba0ab3f76a2c2277) params={'model_size_mb': '1.5006', 'n_model_params': '61222', 'name': 'seanet_gated'}
    [mlflow] logged run 'seanet_gated_SmallKitchenAppliances'  (train_acc=0.9433 val_acc=0.8133 test_acc=0.7387 test_loss=0.6770)
[ 64/129] SmallKitchenAppliances       DONE  acc=0.7387 loss=0.6770 AOPCR=  0.385 NDCG=  n/a C=  3 T=  720 (13s)  [63 trained / 0 failed so far]
[ 65/129] SonyAIBORobotSurface1
    stage 1/3: loading data ...
    stage 2/3: training on 20 series (no val (train-loss early stop), C=2, T=70, batch=2) ...
    stage 3/3: scoring on 601 test series (accuracy + AOPCR) ...
    [mlflow] versioned model 'seanet_gated__mstcn_sep_gated_classwise_conjunctive' (id=m-1c8a9508e6024919a6a921d990d357fb) params={'model_size_mb': '1.5003', 'n_model_params': '61148', 'name': 'seanet_gated'}
    [mlflow] logged run 'seanet_gated_SonyAIBORobotSurface1'  (train_acc=1.0000 test_acc=0.7088 test_loss=0.6532)
[ 65/129] SonyAIBORobotSurface1        DONE  acc=0.7088 loss=0.6532 AOPCR=  0.207 NDCG=  n/a C=  2 T=   70 (10s)  [64 trained / 0 failed so far]
[ 66/129] SonyAIBORobotSurface2
    stage 1/3: loading data ...
    stage 2/3: training on 27 series (no val (train-loss early stop), C=2, T=65, batch=2) ...
    stage 3/3: scoring on 953 test series (accuracy + AOPCR) ...
    [mlflow] versioned model 'seanet_gated__mstcn_sep_gated_classwise_conjunctive' (id=m-0be3b5e68b424b2b82cd634be67aaeb9) params={'model_size_mb': '1.5003', 'n_model_params': '61148', 'name': 'seanet_gated'}
    [mlflow] logged run 'seanet_gated_SonyAIBORobotSurface2'  (train_acc=1.0000 test_acc=0.8562 test_loss=0.3408)
[ 66/129] SonyAIBORobotSurface2        DONE  acc=0.8562 loss=0.3408 AOPCR=  0.068 NDCG=  n/a C=  2 T=   65 (8s)  [65 trained / 0 failed so far]
[ 67/129] StarLightCurves
    stage 1/3: loading data ...
    stage 2/3: training on 801 series (val=199, C=3, T=1024, batch=16) ...
    stage 3/3: scoring on 8236 test series (accuracy + AOPCR) ...
    [mlflow] versioned model 'seanet_gated__mstcn_sep_gated_classwise_conjunctive' (id=m-6a93b42760a543c1a82f7497d3b4fe06) params={'model_size_mb': '1.5006', 'n_model_params': '61222', 'name': 'seanet_gated'}
    [mlflow] logged run 'seanet_gated_StarLightCurves'  (train_acc=1.0000 val_acc=0.9899 test_acc=0.9735 test_loss=0.1519)
[ 67/129] StarLightCurves              DONE  acc=0.9735 loss=0.1519 AOPCR=  0.732 NDCG=  n/a C=  3 T= 1024 (42s)  [66 trained / 0 failed so far]
[ 68/129] Strawberry
    stage 1/3: loading data ...
    stage 2/3: training on 492 series (val=121, C=2, T=235, batch=16) ...
    stage 3/3: scoring on 370 test series (accuracy + AOPCR) ...
    [mlflow] versioned model 'seanet_gated__mstcn_sep_gated_classwise_conjunctive' (id=m-a83fc81a8dff4e848c3c2e7cfc138955) params={'model_size_mb': '1.5003', 'n_model_params': '61148', 'name': 'seanet_gated'}
    [mlflow] logged run 'seanet_gated_Strawberry'  (train_acc=0.9837 val_acc=1.0000 test_acc=0.9676 test_loss=0.1378)
[ 68/129] Strawberry                   DONE  acc=0.9676 loss=0.1378 AOPCR=  0.156 NDCG=  n/a C=  2 T=  235 (41s)  [67 trained / 0 failed so far]
[ 69/129] SwedishLeaf
    stage 1/3: loading data ...
    stage 2/3: training on 405 series (val=95, C=15, T=128, batch=16) ...
    stage 3/3: scoring on 625 test series (accuracy + AOPCR) ...
    [mlflow] versioned model 'seanet_gated__mstcn_sep_gated_classwise_conjunctive' (id=m-beb21dfb214740eaad096705c31a1da2) params={'model_size_mb': '1.5039', 'n_model_params': '62110', 'name': 'seanet_gated'}
    [mlflow] logged run 'seanet_gated_SwedishLeaf'  (train_acc=1.0000 val_acc=0.9789 test_acc=0.9536 test_loss=0.2406)
[ 69/129] SwedishLeaf                  DONE  acc=0.9536 loss=0.2406 AOPCR=  0.400 NDCG=  n/a C= 15 T=  128 (25s)  [68 trained / 0 failed so far]
[ 70/129] Symbols
    stage 1/3: loading data ...
    stage 2/3: training on 25 series (no val (train-loss early stop), C=6, T=398, batch=2) ...
    stage 3/3: scoring on 995 test series (accuracy + AOPCR) ...
    [mlflow] versioned model 'seanet_gated__mstcn_sep_gated_classwise_conjunctive' (id=m-ca77fcd0343c4813a25c45454c6a817b) params={'model_size_mb': '1.5014', 'n_model_params': '61444', 'name': 'seanet_gated'}
    [mlflow] logged run 'seanet_gated_Symbols'  (train_acc=1.0000 test_acc=0.9266 test_loss=0.3472)
[ 70/129] Symbols                      DONE  acc=0.9266 loss=0.3472 AOPCR=  0.357 NDCG=  n/a C=  6 T=  398 (16s)  [69 trained / 0 failed so far]
[ 71/129] SyntheticControl
    stage 1/3: loading data ...
    stage 2/3: training on 240 series (val=60, C=6, T=60, batch=16) ...
    stage 3/3: scoring on 300 test series (accuracy + AOPCR) ...
    [mlflow] versioned model 'seanet_gated__mstcn_sep_gated_classwise_conjunctive' (id=m-2f4da3213f884817990768785a5ca29e) params={'model_size_mb': '1.5014', 'n_model_params': '61444', 'name': 'seanet_gated'}
    [mlflow] logged run 'seanet_gated_SyntheticControl'  (train_acc=1.0000 val_acc=1.0000 test_acc=0.9933 test_loss=0.1284)
[ 71/129] SyntheticControl             DONE  acc=0.9933 loss=0.1284 AOPCR=  0.443 NDCG=  n/a C=  6 T=   60 (32s)  [70 trained / 0 failed so far]
[ 72/129] ToeSegmentation1
    stage 1/3: loading data ...
    stage 2/3: training on 40 series (no val (train-loss early stop), C=2, T=277, batch=4) ...
    stage 3/3: scoring on 228 test series (accuracy + AOPCR) ...
    [mlflow] versioned model 'seanet_gated__mstcn_sep_gated_classwise_conjunctive' (id=m-30682ac1d50749dd8eaeb47faf4173b0) params={'model_size_mb': '1.5003', 'n_model_params': '61148', 'name': 'seanet_gated'}
    [mlflow] logged run 'seanet_gated_ToeSegmentation1'  (train_acc=1.0000 test_acc=0.6974 test_loss=0.6141)
[ 72/129] ToeSegmentation1             DONE  acc=0.6974 loss=0.6141 AOPCR=  0.036 NDCG=  n/a C=  2 T=  277 (19s)  [71 trained / 0 failed so far]
[ 73/129] ToeSegmentation2
    stage 1/3: loading data ...
    stage 2/3: training on 36 series (no val (train-loss early stop), C=2, T=343, batch=3) ...
    stage 3/3: scoring on 130 test series (accuracy + AOPCR) ...
    [mlflow] versioned model 'seanet_gated__mstcn_sep_gated_classwise_conjunctive' (id=m-a1903a5df4a045a18316b9f7d79c45d8) params={'model_size_mb': '1.5003', 'n_model_params': '61148', 'name': 'seanet_gated'}
    [mlflow] logged run 'seanet_gated_ToeSegmentation2'  (train_acc=1.0000 test_acc=0.6538 test_loss=0.6871)
[ 73/129] ToeSegmentation2             DONE  acc=0.6538 loss=0.6871 AOPCR=  0.160 NDCG=  n/a C=  2 T=  343 (25s)  [72 trained / 0 failed so far]
[ 74/129] Trace
    stage 1/3: loading data ...
    stage 2/3: training on 81 series (val=19, C=4, T=275, batch=8) ...
    stage 3/3: scoring on 100 test series (accuracy + AOPCR) ...
    [mlflow] versioned model 'seanet_gated__mstcn_sep_gated_classwise_conjunctive' (id=m-50c70bf60b9642fda3340cb5aa70bbd9) params={'model_size_mb': '1.5009', 'n_model_params': '61296', 'name': 'seanet_gated'}
    [mlflow] logged run 'seanet_gated_Trace'  (train_acc=1.0000 val_acc=1.0000 test_acc=1.0000 test_loss=0.1002)
[ 74/129] Trace                        DONE  acc=1.0000 loss=0.1002 AOPCR=  1.428 NDCG=  n/a C=  4 T=  275 (19s)  [73 trained / 0 failed so far]
[ 75/129] TwoLeadECG
    stage 1/3: loading data ...
    stage 2/3: training on 23 series (no val (train-loss early stop), C=2, T=82, batch=2) ...
    stage 3/3: scoring on 1139 test series (accuracy + AOPCR) ...
    [mlflow] versioned model 'seanet_gated__mstcn_sep_gated_classwise_conjunctive' (id=m-3db5aab66046419a84360c0968e5dd95) params={'model_size_mb': '1.5003', 'n_model_params': '61148', 'name': 'seanet_gated'}
    [mlflow] logged run 'seanet_gated_TwoLeadECG'  (train_acc=1.0000 test_acc=0.9754 test_loss=0.1186)
[ 75/129] TwoLeadECG                   DONE  acc=0.9754 loss=0.1186 AOPCR=  0.510 NDCG=  n/a C=  2 T=   82 (19s)  [74 trained / 0 failed so far]
[ 76/129] TwoPatterns
    stage 1/3: loading data ...
    stage 2/3: training on 801 series (val=199, C=4, T=128, batch=16) ...
    stage 3/3: scoring on 4000 test series (accuracy + AOPCR) ...
    [mlflow] versioned model 'seanet_gated__mstcn_sep_gated_classwise_conjunctive' (id=m-3819d6c22d6c462f8ccf10aabd2f1cae) params={'model_size_mb': '1.5009', 'n_model_params': '61296', 'name': 'seanet_gated'}
    [mlflow] logged run 'seanet_gated_TwoPatterns'  (train_acc=1.0000 val_acc=1.0000 test_acc=1.0000 test_loss=0.0951)
[ 76/129] TwoPatterns                  DONE  acc=1.0000 loss=0.0951 AOPCR=  1.606 NDCG=  n/a C=  4 T=  128 (49s)  [75 trained / 0 failed so far]
[ 77/129] UWaveGestureLibraryAll
    stage 1/3: loading data ...
    stage 2/3: training on 719 series (val=177, C=8, T=945, batch=16) ...
    stage 3/3: scoring on 3582 test series (accuracy + AOPCR) ...
    [mlflow] versioned model 'seanet_gated__mstcn_sep_gated_classwise_conjunctive' (id=m-682049759d274b09a3074a77e4957a63) params={'model_size_mb': '1.502', 'n_model_params': '61592', 'name': 'seanet_gated'}
    [mlflow] logged run 'seanet_gated_UWaveGestureLibraryAll'  (train_acc=1.0000 val_acc=0.9435 test_acc=0.9629 test_loss=0.2641)
[ 77/129] UWaveGestureLibraryAll       DONE  acc=0.9629 loss=0.2641 AOPCR=  0.348 NDCG=  n/a C=  8 T=  945 (66s)  [76 trained / 0 failed so far]
[ 78/129] UWaveGestureLibraryX
    stage 1/3: loading data ...
    stage 2/3: training on 719 series (val=177, C=8, T=315, batch=16) ...
    stage 3/3: scoring on 3582 test series (accuracy + AOPCR) ...
    [mlflow] versioned model 'seanet_gated__mstcn_sep_gated_classwise_conjunctive' (id=m-9b1558b18ade48fa848d9a4f92e885b0) params={'model_size_mb': '1.502', 'n_model_params': '61592', 'name': 'seanet_gated'}
    [mlflow] logged run 'seanet_gated_UWaveGestureLibraryX'  (train_acc=1.0000 val_acc=0.8418 test_acc=0.8171 test_loss=0.6202)
[ 78/129] UWaveGestureLibraryX         DONE  acc=0.8171 loss=0.6202 AOPCR=  0.682 NDCG=  n/a C=  8 T=  315 (36s)  [77 trained / 0 failed so far]
[ 79/129] UWaveGestureLibraryY
    stage 1/3: loading data ...
    stage 2/3: training on 719 series (val=177, C=8, T=315, batch=16) ...
    stage 3/3: scoring on 3582 test series (accuracy + AOPCR) ...
    [mlflow] versioned model 'seanet_gated__mstcn_sep_gated_classwise_conjunctive' (id=m-b7abfb7203ca43549072cab3c8e8a64a) params={'model_size_mb': '1.502', 'n_model_params': '61592', 'name': 'seanet_gated'}
    [mlflow] logged run 'seanet_gated_UWaveGestureLibraryY'  (train_acc=0.8595 val_acc=0.7232 test_acc=0.7362 test_loss=0.8023)
[ 79/129] UWaveGestureLibraryY         DONE  acc=0.7362 loss=0.8023 AOPCR=  0.666 NDCG=  n/a C=  8 T=  315 (21s)  [78 trained / 0 failed so far]
[ 80/129] UWaveGestureLibraryZ
    stage 1/3: loading data ...
    stage 2/3: training on 719 series (val=177, C=8, T=315, batch=16) ...
    stage 3/3: scoring on 3582 test series (accuracy + AOPCR) ...
    [mlflow] versioned model 'seanet_gated__mstcn_sep_gated_classwise_conjunctive' (id=m-491c615f8faa445d893e5ece3955e691) params={'model_size_mb': '1.502', 'n_model_params': '61592', 'name': 'seanet_gated'}
    [mlflow] logged run 'seanet_gated_UWaveGestureLibraryZ'  (train_acc=0.8790 val_acc=0.7627 test_acc=0.7585 test_loss=0.6733)
[ 80/129] UWaveGestureLibraryZ         DONE  acc=0.7585 loss=0.6733 AOPCR=  1.084 NDCG=  n/a C=  8 T=  315 (21s)  [79 trained / 0 failed so far]
[ 81/129] Wafer
    stage 1/3: loading data ...
    stage 2/3: training on 801 series (val=199, C=2, T=152, batch=16) ...
    stage 3/3: scoring on 6164 test series (accuracy + AOPCR) ...
    [mlflow] versioned model 'seanet_gated__mstcn_sep_gated_classwise_conjunctive' (id=m-86b02821e36b485a8cb191080c61fb82) params={'model_size_mb': '1.5003', 'n_model_params': '61148', 'name': 'seanet_gated'}
    [mlflow] logged run 'seanet_gated_Wafer'  (train_acc=1.0000 val_acc=1.0000 test_acc=0.9977 test_loss=0.0705)
[ 81/129] Wafer                        DONE  acc=0.9977 loss=0.0705 AOPCR=  0.176 NDCG=  n/a C=  2 T=  152 (87s)  [80 trained / 0 failed so far]
[ 82/129] Wine
    stage 1/3: loading data ...
    stage 2/3: training on 57 series (no val (train-loss early stop), C=2, T=234, batch=5) ...
    stage 3/3: scoring on 54 test series (accuracy + AOPCR) ...
    [mlflow] versioned model 'seanet_gated__mstcn_sep_gated_classwise_conjunctive' (id=m-1562c6906a7d43bfbb252426340d0736) params={'model_size_mb': '1.5003', 'n_model_params': '61148', 'name': 'seanet_gated'}
    [mlflow] logged run 'seanet_gated_Wine'  (train_acc=0.7193 test_acc=0.7407 test_loss=0.5337)
[ 82/129] Wine                         DONE  acc=0.7407 loss=0.5337 AOPCR=  1.016 NDCG=  n/a C=  2 T=  234 (30s)  [81 trained / 0 failed so far]
[ 83/129] WordSynonyms
    stage 1/3: loading data ...
    stage 2/3: training on 217 series (val=50, C=25, T=270, batch=16) ...
    stage 3/3: scoring on 638 test series (accuracy + AOPCR) ...
    [mlflow] versioned model 'seanet_gated__mstcn_sep_gated_classwise_conjunctive' (id=m-589f66c6331540509ccb046c7d833928) params={'model_size_mb': '1.5067', 'n_model_params': '62850', 'name': 'seanet_gated'}
    [mlflow] logged run 'seanet_gated_WordSynonyms'  (train_acc=1.0000 val_acc=0.7600 test_acc=0.7273 test_loss=1.1746)
[ 83/129] WordSynonyms                 DONE  acc=0.7273 loss=1.1746 AOPCR=  0.661 NDCG=  n/a C= 25 T=  270 (16s)  [82 trained / 0 failed so far]
[ 84/129] Worms
    stage 1/3: loading data ...
    stage 2/3: training on 146 series (val=35, C=5, T=900, batch=14) ...
    stage 3/3: scoring on 77 test series (accuracy + AOPCR) ...
    [mlflow] versioned model 'seanet_gated__mstcn_sep_gated_classwise_conjunctive' (id=m-348e3abe83044f9c8db7ff02b8031cca) params={'model_size_mb': '1.5011', 'n_model_params': '61370', 'name': 'seanet_gated'}
    [mlflow] logged run 'seanet_gated_Worms'  (train_acc=0.9863 val_acc=0.6571 test_acc=0.6753 test_loss=0.9575)
[ 84/129] Worms                        DONE  acc=0.6753 loss=0.9575 AOPCR=  0.800 NDCG=  n/a C=  5 T=  900 (8s)  [83 trained / 0 failed so far]
[ 85/129] WormsTwoClass
    stage 1/3: loading data ...
    stage 2/3: training on 145 series (val=36, C=2, T=900, batch=14) ...
    stage 3/3: scoring on 77 test series (accuracy + AOPCR) ...
    [mlflow] versioned model 'seanet_gated__mstcn_sep_gated_classwise_conjunctive' (id=m-4588a194baed4d878cf27d51af3ecb13) params={'model_size_mb': '1.5003', 'n_model_params': '61148', 'name': 'seanet_gated'}
    [mlflow] logged run 'seanet_gated_WormsTwoClass'  (train_acc=1.0000 val_acc=0.7778 test_acc=0.6753 test_loss=0.7788)
[ 85/129] WormsTwoClass                DONE  acc=0.6753 loss=0.7788 AOPCR=  0.872 NDCG=  n/a C=  2 T=  900 (9s)  [84 trained / 0 failed so far]
[ 86/129] Yoga
    stage 1/3: loading data ...
    stage 2/3: training on 241 series (val=59, C=2, T=426, batch=16) ...
    stage 3/3: scoring on 3000 test series (accuracy + AOPCR) ...
    [mlflow] versioned model 'seanet_gated__mstcn_sep_gated_classwise_conjunctive' (id=m-97dd393403214eeb9911737d816c4492) params={'model_size_mb': '1.5003', 'n_model_params': '61148', 'name': 'seanet_gated'}
    [mlflow] logged run 'seanet_gated_Yoga'  (train_acc=1.0000 val_acc=0.9153 test_acc=0.9007 test_loss=0.2513)
[ 86/129] Yoga                         DONE  acc=0.9007 loss=0.2513 AOPCR=  1.098 NDCG=  n/a C=  2 T=  426 (30s)  [85 trained / 0 failed so far]
[ 87/129] ACSF1
    stage 1/3: loading data ...
    stage 2/3: training on 80 series (val=20, C=10, T=1460, batch=8) ...
    stage 3/3: scoring on 100 test series (accuracy + AOPCR) ...
    [mlflow] versioned model 'seanet_gated__mstcn_sep_gated_classwise_conjunctive' (id=m-e1af0c3f6155475d8d022d610f69c12f) params={'model_size_mb': '1.5025', 'n_model_params': '61740', 'name': 'seanet_gated'}
    [mlflow] logged run 'seanet_gated_ACSF1'  (train_acc=0.8500 val_acc=0.7500 test_acc=0.8300 test_loss=0.6930)
[ 87/129] ACSF1                        DONE  acc=0.8300 loss=0.6930 AOPCR= -0.533 NDCG=  n/a C= 10 T= 1460 (8s)  [86 trained / 0 failed so far]
[ 88/129] AllGestureWiimoteX
    stage 1/3: loading data ...
    stage 2/3: training on 240 series (val=60, C=10, T=500, batch=16) ...
    stage 3/3: scoring on 700 test series (accuracy + AOPCR) ...
    [mlflow] versioned model 'seanet_gated__mstcn_sep_gated_classwise_conjunctive' (id=m-8c4915b0f4fa4bb894b0bf5285eb9ede) params={'model_size_mb': '1.5025', 'n_model_params': '61740', 'name': 'seanet_gated'}
    [mlflow] logged run 'seanet_gated_AllGestureWiimoteX'  (train_acc=1.0000 val_acc=0.8667 test_acc=0.7457 test_loss=0.8620)
[ 88/129] AllGestureWiimoteX           DONE  acc=0.7457 loss=0.8620 AOPCR=  1.893 NDCG=  n/a C= 10 T=  500 (21s)  [87 trained / 0 failed so far]
[ 89/129] AllGestureWiimoteY
    stage 1/3: loading data ...
    stage 2/3: training on 240 series (val=60, C=10, T=500, batch=16) ...
    stage 3/3: scoring on 700 test series (accuracy + AOPCR) ...
    [mlflow] versioned model 'seanet_gated__mstcn_sep_gated_classwise_conjunctive' (id=m-5ce09eb269404eb7921e045446a12770) params={'model_size_mb': '1.5025', 'n_model_params': '61740', 'name': 'seanet_gated'}
    [mlflow] logged run 'seanet_gated_AllGestureWiimoteY'  (train_acc=1.0000 val_acc=0.7667 test_acc=0.7786 test_loss=0.7937)
[ 89/129] AllGestureWiimoteY           DONE  acc=0.7786 loss=0.7937 AOPCR=  1.982 NDCG=  n/a C= 10 T=  500 (18s)  [88 trained / 0 failed so far]
[ 90/129] AllGestureWiimoteZ
    stage 1/3: loading data ...
    stage 2/3: training on 240 series (val=60, C=10, T=500, batch=16) ...
    stage 3/3: scoring on 700 test series (accuracy + AOPCR) ...
    [mlflow] versioned model 'seanet_gated__mstcn_sep_gated_classwise_conjunctive' (id=m-5b741b7607e94b53baa9de98d6a5e8c9) params={'model_size_mb': '1.5025', 'n_model_params': '61740', 'name': 'seanet_gated'}
    [mlflow] logged run 'seanet_gated_AllGestureWiimoteZ'  (train_acc=1.0000 val_acc=0.8000 test_acc=0.7771 test_loss=0.7974)
[ 90/129] AllGestureWiimoteZ           DONE  acc=0.7771 loss=0.7974 AOPCR=  1.583 NDCG=  n/a C= 10 T=  500 (35s)  [89 trained / 0 failed so far]
[ 91/129] BME
    stage 1/3: loading data ...
    stage 2/3: training on 30 series (no val (train-loss early stop), C=3, T=128, batch=3) ...
    stage 3/3: scoring on 150 test series (accuracy + AOPCR) ...
    [mlflow] versioned model 'seanet_gated__mstcn_sep_gated_classwise_conjunctive' (id=m-607757c042c64db791c60cf931967e24) params={'model_size_mb': '1.5006', 'n_model_params': '61222', 'name': 'seanet_gated'}
    [mlflow] logged run 'seanet_gated_BME'  (train_acc=1.0000 test_acc=0.9667 test_loss=0.1613)
[ 91/129] BME                          DONE  acc=0.9667 loss=0.1613 AOPCR=  0.335 NDCG=  n/a C=  3 T=  128 (21s)  [90 trained / 0 failed so far]
[ 92/129] Chinatown
    stage 1/3: loading data ...
    stage 2/3: training on 20 series (no val (train-loss early stop), C=2, T=24, batch=2) ...
    stage 3/3: scoring on 343 test series (accuracy + AOPCR) ...
    [mlflow] versioned model 'seanet_gated__mstcn_sep_gated_classwise_conjunctive' (id=m-bea877cc8fdf4a7ba2e57a49bb344512) params={'model_size_mb': '1.5003', 'n_model_params': '61148', 'name': 'seanet_gated'}
    [mlflow] logged run 'seanet_gated_Chinatown'  (train_acc=1.0000 test_acc=0.9738 test_loss=0.1225)
[ 92/129] Chinatown                    DONE  acc=0.9738 loss=0.1225 AOPCR=  0.241 NDCG=  n/a C=  2 T=   24 (11s)  [91 trained / 0 failed so far]
[ 93/129] Crop
    stage 1/3: loading data ...
    stage 2/3: training on 5760 series (val=1440, C=24, T=46, batch=16) ...
    stage 3/3: scoring on 16800 test series (accuracy + AOPCR) ...
    [mlflow] versioned model 'seanet_gated__mstcn_sep_gated_classwise_conjunctive' (id=m-fe69cd09d006445787c27b8d1ec54977) params={'model_size_mb': '1.5065', 'n_model_params': '62776', 'name': 'seanet_gated'}
    [mlflow] logged run 'seanet_gated_Crop'  (train_acc=0.9030 val_acc=0.7451 test_acc=0.7419 test_loss=0.8714)
[ 93/129] Crop                         DONE  acc=0.7419 loss=0.8714 AOPCR=  0.218 NDCG=  n/a C= 24 T=   46 (316s)  [92 trained / 0 failed so far]
[ 94/129] DodgerLoopDay
    stage 1/3: loading data ...
    stage 2/3: training on 78 series (no val (train-loss early stop), C=7, T=288, batch=7) ...
    stage 3/3: scoring on 80 test series (accuracy + AOPCR) ...
    [mlflow] versioned model 'seanet_gated__mstcn_sep_gated_classwise_conjunctive' (id=m-0c23e30ed5c74361a1ef35cee20ac3d2) params={'model_size_mb': '1.5017', 'n_model_params': '61518', 'name': 'seanet_gated'}
    [mlflow] logged run 'seanet_gated_DodgerLoopDay'  (train_acc=1.0000 test_acc=0.5500 test_loss=1.4080)
[ 94/129] DodgerLoopDay                DONE  acc=0.5500 loss=1.4080 AOPCR=  0.315 NDCG=  n/a C=  7 T=  288 (30s)  [93 trained / 0 failed so far]
[ 95/129] DodgerLoopGame
    stage 1/3: loading data ...
    stage 2/3: training on 20 series (no val (train-loss early stop), C=2, T=288, batch=2) ...
    stage 3/3: scoring on 138 test series (accuracy + AOPCR) ...
    [mlflow] versioned model 'seanet_gated__mstcn_sep_gated_classwise_conjunctive' (id=m-4c8c73da01464f5e838d811d3fff66f7) params={'model_size_mb': '1.5003', 'n_model_params': '61148', 'name': 'seanet_gated'}
    [mlflow] logged run 'seanet_gated_DodgerLoopGame'  (train_acc=1.0000 test_acc=0.8551 test_loss=0.3589)
[ 95/129] DodgerLoopGame               DONE  acc=0.8551 loss=0.3589 AOPCR=  0.492 NDCG=  n/a C=  2 T=  288 (21s)  [94 trained / 0 failed so far]
[ 96/129] DodgerLoopWeekend
    stage 1/3: loading data ...
    stage 2/3: training on 20 series (no val (train-loss early stop), C=2, T=288, batch=2) ...
    stage 3/3: scoring on 138 test series (accuracy + AOPCR) ...
    [mlflow] versioned model 'seanet_gated__mstcn_sep_gated_classwise_conjunctive' (id=m-774a3345b2f548898a9aecfcb5dd59a6) params={'model_size_mb': '1.5003', 'n_model_params': '61148', 'name': 'seanet_gated'}
    [mlflow] logged run 'seanet_gated_DodgerLoopWeekend'  (train_acc=1.0000 test_acc=0.8841 test_loss=0.3302)
[ 96/129] DodgerLoopWeekend            DONE  acc=0.8841 loss=0.3302 AOPCR=  0.152 NDCG=  n/a C=  2 T=  288 (20s)  [95 trained / 0 failed so far]
[ 97/129] EOGHorizontalSignal
    stage 1/3: loading data ...
    stage 2/3: training on 290 series (val=72, C=12, T=1250, batch=16) ...
    stage 3/3: scoring on 362 test series (accuracy + AOPCR) ...
    [mlflow] versioned model 'seanet_gated__mstcn_sep_gated_classwise_conjunctive' (id=m-9fcca21e0a004c6f92571a5394eb1820) params={'model_size_mb': '1.5031', 'n_model_params': '61888', 'name': 'seanet_gated'}
    [mlflow] logged run 'seanet_gated_EOGHorizontalSignal'  (train_acc=1.0000 val_acc=0.9306 test_acc=0.5552 test_loss=1.4355)
[ 97/129] EOGHorizontalSignal          DONE  acc=0.5552 loss=1.4355 AOPCR=  1.817 NDCG=  n/a C= 12 T= 1250 (38s)  [96 trained / 0 failed so far]
[ 98/129] EOGVerticalSignal
    stage 1/3: loading data ...
    stage 2/3: training on 290 series (val=72, C=12, T=1250, batch=16) ...
    stage 3/3: scoring on 362 test series (accuracy + AOPCR) ...
    [mlflow] versioned model 'seanet_gated__mstcn_sep_gated_classwise_conjunctive' (id=m-ad0bc6a0da7d4d58a806a4194e545c90) params={'model_size_mb': '1.5031', 'n_model_params': '61888', 'name': 'seanet_gated'}
    [mlflow] logged run 'seanet_gated_EOGVerticalSignal'  (train_acc=0.9897 val_acc=0.8333 test_acc=0.5110 test_loss=1.6611)
[ 98/129] EOGVerticalSignal            DONE  acc=0.5110 loss=1.6611 AOPCR=  2.047 NDCG=  n/a C= 12 T= 1250 (20s)  [97 trained / 0 failed so far]
[ 99/129] EthanolLevel
    stage 1/3: loading data ...
    stage 2/3: training on 404 series (val=100, C=4, T=1751, batch=16) ...
    stage 3/3: scoring on 500 test series (accuracy + AOPCR) ...
    [mlflow] versioned model 'seanet_gated__mstcn_sep_gated_classwise_conjunctive' (id=m-6ae4229d0a404f9c82b48ca2dd3c6a4e) params={'model_size_mb': '1.5009', 'n_model_params': '61296', 'name': 'seanet_gated'}
    [mlflow] logged run 'seanet_gated_EthanolLevel'  (train_acc=0.9851 val_acc=0.9200 test_acc=0.8180 test_loss=0.5150)
[ 99/129] EthanolLevel                 DONE  acc=0.8180 loss=0.5150 AOPCR=  0.931 NDCG=  n/a C=  4 T= 1751 (55s)  [98 trained / 0 failed so far]
[100/129] FreezerRegularTrain
    stage 1/3: loading data ...
    stage 2/3: training on 120 series (val=30, C=2, T=301, batch=12) ...
    stage 3/3: scoring on 2850 test series (accuracy + AOPCR) ...
    [mlflow] versioned model 'seanet_gated__mstcn_sep_gated_classwise_conjunctive' (id=m-ad894ffc677a41829468794d0bdc15dd) params={'model_size_mb': '1.5003', 'n_model_params': '61148', 'name': 'seanet_gated'}
    [mlflow] logged run 'seanet_gated_FreezerRegularTrain'  (train_acc=1.0000 val_acc=1.0000 test_acc=0.9933 test_loss=0.0767)
[100/129] FreezerRegularTrain          DONE  acc=0.9933 loss=0.0767 AOPCR=  0.707 NDCG=  n/a C=  2 T=  301 (8s)  [99 trained / 0 failed so far]
[101/129] FreezerSmallTrain
    stage 1/3: loading data ...
    stage 2/3: training on 28 series (no val (train-loss early stop), C=2, T=301, batch=2) ...
    stage 3/3: scoring on 2850 test series (accuracy + AOPCR) ...
    [mlflow] versioned model 'seanet_gated__mstcn_sep_gated_classwise_conjunctive' (id=m-56028f5e60f2495eb7b2a6cb5a6e8fc4) params={'model_size_mb': '1.5003', 'n_model_params': '61148', 'name': 'seanet_gated'}
    [mlflow] logged run 'seanet_gated_FreezerSmallTrain'  (train_acc=1.0000 test_acc=0.6719 test_loss=0.8591)
[101/129] FreezerSmallTrain            DONE  acc=0.6719 loss=0.8591 AOPCR=  0.334 NDCG=  n/a C=  2 T=  301 (9s)  [100 trained / 0 failed so far]
[102/129] Fungi
    stage 1/3: loading data ...
    stage 2/3: training on 18 series (no val (train-loss early stop), C=18, T=201, batch=2) ...
    stage 3/3: scoring on 186 test series (accuracy + AOPCR) ...
    [mlflow] versioned model 'seanet_gated__mstcn_sep_gated_classwise_conjunctive' (id=m-5b244b4d101e40cd91a3f24d250a152f) params={'model_size_mb': '1.5048', 'n_model_params': '62332', 'name': 'seanet_gated'}
    [mlflow] logged run 'seanet_gated_Fungi'  (train_acc=1.0000 test_acc=0.8763 test_loss=0.4399)
[102/129] Fungi                        DONE  acc=0.8763 loss=0.4399 AOPCR=  0.255 NDCG=  n/a C= 18 T=  201 (21s)  [101 trained / 0 failed so far]
[103/129] GestureMidAirD1
    stage 1/3: loading data ...
    stage 2/3: training on 182 series (val=26, C=26, T=360, batch=16) ...
    stage 3/3: scoring on 130 test series (accuracy + AOPCR) ...
    [mlflow] versioned model 'seanet_gated__mstcn_sep_gated_classwise_conjunctive' (id=m-36c624abce264f3db263eecf0368d752) params={'model_size_mb': '1.507', 'n_model_params': '62924', 'name': 'seanet_gated'}
    [mlflow] logged run 'seanet_gated_GestureMidAirD1'  (train_acc=1.0000 val_acc=0.7692 test_acc=0.7692 test_loss=0.9364)
[103/129] GestureMidAirD1              DONE  acc=0.7692 loss=0.9364 AOPCR=  1.921 NDCG=  n/a C= 26 T=  360 (13s)  [102 trained / 0 failed so far]
[104/129] GestureMidAirD2
    stage 1/3: loading data ...
    stage 2/3: training on 182 series (val=26, C=26, T=360, batch=16) ...
    stage 3/3: scoring on 130 test series (accuracy + AOPCR) ...
    [mlflow] versioned model 'seanet_gated__mstcn_sep_gated_classwise_conjunctive' (id=m-2e187611d0434a5993ceea70f795db61) params={'model_size_mb': '1.507', 'n_model_params': '62924', 'name': 'seanet_gated'}
    [mlflow] logged run 'seanet_gated_GestureMidAirD2'  (train_acc=0.7692 val_acc=0.6154 test_acc=0.6615 test_loss=1.0530)
[104/129] GestureMidAirD2              DONE  acc=0.6615 loss=1.0530 AOPCR=  1.344 NDCG=  n/a C= 26 T=  360 (7s)  [103 trained / 0 failed so far]
[105/129] GestureMidAirD3
    stage 1/3: loading data ...
    stage 2/3: training on 182 series (val=26, C=26, T=360, batch=16) ...
    stage 3/3: scoring on 130 test series (accuracy + AOPCR) ...
    [mlflow] versioned model 'seanet_gated__mstcn_sep_gated_classwise_conjunctive' (id=m-2e560805592946b0bf35f522c9235b0f) params={'model_size_mb': '1.507', 'n_model_params': '62924', 'name': 'seanet_gated'}
    [mlflow] logged run 'seanet_gated_GestureMidAirD3'  (train_acc=0.6703 val_acc=0.3462 test_acc=0.3308 test_loss=2.2029)
[105/129] GestureMidAirD3              DONE  acc=0.3308 loss=2.2029 AOPCR=  1.130 NDCG=  n/a C= 26 T=  360 (6s)  [104 trained / 0 failed so far]
[106/129] GesturePebbleZ1
    stage 1/3: loading data ...
    stage 2/3: training on 107 series (val=25, C=6, T=455, batch=10) ...
    stage 3/3: scoring on 172 test series (accuracy + AOPCR) ...
    [mlflow] versioned model 'seanet_gated__mstcn_sep_gated_classwise_conjunctive' (id=m-befdf426fdfa48d4bfc7e3bf8825155f) params={'model_size_mb': '1.5014', 'n_model_params': '61444', 'name': 'seanet_gated'}
    [mlflow] logged run 'seanet_gated_GesturePebbleZ1'  (train_acc=1.0000 val_acc=1.0000 test_acc=0.9244 test_loss=0.3030)
[106/129] GesturePebbleZ1              DONE  acc=0.9244 loss=0.3030 AOPCR=  1.501 NDCG=  n/a C=  6 T=  455 (11s)  [105 trained / 0 failed so far]
[107/129] GesturePebbleZ2
    stage 1/3: loading data ...
    stage 2/3: training on 120 series (val=26, C=6, T=455, batch=12) ...
    stage 3/3: scoring on 158 test series (accuracy + AOPCR) ...
    [mlflow] versioned model 'seanet_gated__mstcn_sep_gated_classwise_conjunctive' (id=m-aa108260ae6242f79def351e5b5c8bdf) params={'model_size_mb': '1.5014', 'n_model_params': '61444', 'name': 'seanet_gated'}
    [mlflow] logged run 'seanet_gated_GesturePebbleZ2'  (train_acc=1.0000 val_acc=1.0000 test_acc=0.9114 test_loss=0.3965)
[107/129] GesturePebbleZ2              DONE  acc=0.9114 loss=0.3965 AOPCR=  1.417 NDCG=  n/a C=  6 T=  455 (25s)  [106 trained / 0 failed so far]
[108/129] GunPointAgeSpan
    stage 1/3: loading data ...
    stage 2/3: training on 109 series (val=26, C=2, T=150, batch=10) ...
    stage 3/3: scoring on 316 test series (accuracy + AOPCR) ...
    [mlflow] versioned model 'seanet_gated__mstcn_sep_gated_classwise_conjunctive' (id=m-ca7d7b3054054d1aaff1f81790cfdd81) params={'model_size_mb': '1.5003', 'n_model_params': '61148', 'name': 'seanet_gated'}
    [mlflow] logged run 'seanet_gated_GunPointAgeSpan'  (train_acc=1.0000 val_acc=0.9615 test_acc=0.9873 test_loss=0.1136)
[108/129] GunPointAgeSpan              DONE  acc=0.9873 loss=0.1136 AOPCR=  0.800 NDCG=  n/a C=  2 T=  150 (6s)  [107 trained / 0 failed so far]
[109/129] GunPointMaleVersusFemale
    stage 1/3: loading data ...
    stage 2/3: training on 109 series (val=26, C=2, T=150, batch=10) ...
    stage 3/3: scoring on 316 test series (accuracy + AOPCR) ...
    [mlflow] versioned model 'seanet_gated__mstcn_sep_gated_classwise_conjunctive' (id=m-fec632a90f4541ee9fb1013d3a994aad) params={'model_size_mb': '1.5003', 'n_model_params': '61148', 'name': 'seanet_gated'}
    [mlflow] logged run 'seanet_gated_GunPointMaleVersusFemale'  (train_acc=1.0000 val_acc=1.0000 test_acc=0.9905 test_loss=0.0841)
[109/129] GunPointMaleVersusFemale     DONE  acc=0.9905 loss=0.0841 AOPCR=  0.217 NDCG=  n/a C=  2 T=  150 (11s)  [108 trained / 0 failed so far]
[110/129] GunPointOldVersusYoung
    stage 1/3: loading data ...
    stage 2/3: training on 109 series (val=27, C=2, T=150, batch=10) ...
    stage 3/3: scoring on 315 test series (accuracy + AOPCR) ...
    [mlflow] versioned model 'seanet_gated__mstcn_sep_gated_classwise_conjunctive' (id=m-f29be1616a8c4f348c78da2c7b518939) params={'model_size_mb': '1.5003', 'n_model_params': '61148', 'name': 'seanet_gated'}
    [mlflow] logged run 'seanet_gated_GunPointOldVersusYoung'  (train_acc=1.0000 val_acc=1.0000 test_acc=0.9714 test_loss=0.1249)
[110/129] GunPointOldVersusYoung       DONE  acc=0.9714 loss=0.1249 AOPCR=  0.325 NDCG=  n/a C=  2 T=  150 (20s)  [109 trained / 0 failed so far]
[111/129] HouseTwenty
    stage 1/3: loading data ...
    stage 2/3: training on 40 series (no val (train-loss early stop), C=2, T=2000, batch=4) ...
    stage 3/3: scoring on 119 test series (accuracy + AOPCR) ...
    [mlflow] versioned model 'seanet_gated__mstcn_sep_gated_classwise_conjunctive' (id=m-674992856efb48ad8ef6674b7f5a452e) params={'model_size_mb': '1.5003', 'n_model_params': '61148', 'name': 'seanet_gated'}
    [mlflow] logged run 'seanet_gated_HouseTwenty'  (train_acc=1.0000 test_acc=0.9580 test_loss=0.2038)
[111/129] HouseTwenty                  DONE  acc=0.9580 loss=0.2038 AOPCR=  0.948 NDCG=  n/a C=  2 T= 2000 (25s)  [110 trained / 0 failed so far]
[112/129] InsectEPGRegularTrain
    stage 1/3: loading data ...
    stage 2/3: training on 62 series (no val (train-loss early stop), C=3, T=601, batch=6) ...
    stage 3/3: scoring on 249 test series (accuracy + AOPCR) ...
    [mlflow] versioned model 'seanet_gated__mstcn_sep_gated_classwise_conjunctive' (id=m-362018c669064d83a6de0f633149f9ec) params={'model_size_mb': '1.5006', 'n_model_params': '61222', 'name': 'seanet_gated'}
    [mlflow] logged run 'seanet_gated_InsectEPGRegularTrain'  (train_acc=1.0000 test_acc=0.9679 test_loss=0.1934)
[112/129] InsectEPGRegularTrain        DONE  acc=0.9679 loss=0.1934 AOPCR=  1.210 NDCG=  n/a C=  3 T=  601 (27s)  [111 trained / 0 failed so far]
[113/129] InsectEPGSmallTrain
    stage 1/3: loading data ...
    stage 2/3: training on 17 series (no val (train-loss early stop), C=3, T=601, batch=2) ...
    stage 3/3: scoring on 249 test series (accuracy + AOPCR) ...
    [mlflow] versioned model 'seanet_gated__mstcn_sep_gated_classwise_conjunctive' (id=m-8a40b5c22e214eaaa982811942301f1c) params={'model_size_mb': '1.5006', 'n_model_params': '61222', 'name': 'seanet_gated'}
    [mlflow] logged run 'seanet_gated_InsectEPGSmallTrain'  (train_acc=1.0000 test_acc=0.7229 test_loss=0.6292)
[113/129] InsectEPGSmallTrain          DONE  acc=0.7229 loss=0.6292 AOPCR=  0.912 NDCG=  n/a C=  3 T=  601 (11s)  [112 trained / 0 failed so far]
[114/129] MelbournePedestrian
    stage 1/3: loading data ...
    stage 2/3: training on 956 series (val=238, C=10, T=24, batch=16) ...
    stage 3/3: scoring on 2439 test series (accuracy + AOPCR) ...
    [mlflow] versioned model 'seanet_gated__mstcn_sep_gated_classwise_conjunctive' (id=m-01b10f0a978e40aaa882f94e21a68708) params={'model_size_mb': '1.5025', 'n_model_params': '61740', 'name': 'seanet_gated'}
    [mlflow] logged run 'seanet_gated_MelbournePedestrian'  (train_acc=0.9916 val_acc=0.9202 test_acc=0.8979 test_loss=0.3740)
[114/129] MelbournePedestrian          DONE  acc=0.8979 loss=0.3740 AOPCR=  0.219 NDCG=  n/a C= 10 T=   24 (44s)  [113 trained / 0 failed so far]
[115/129] MixedShapesRegularTrain
    stage 1/3: loading data ...
    stage 2/3: training on 400 series (val=100, C=5, T=1024, batch=16) ...
    stage 3/3: scoring on 2425 test series (accuracy + AOPCR) ...
    [mlflow] versioned model 'seanet_gated__mstcn_sep_gated_classwise_conjunctive' (id=m-0fb794254abb47a7b421a7a7285ee854) params={'model_size_mb': '1.5011', 'n_model_params': '61370', 'name': 'seanet_gated'}
    [mlflow] logged run 'seanet_gated_MixedShapesRegularTrain'  (train_acc=1.0000 val_acc=0.9800 test_acc=0.9641 test_loss=0.1978)
[115/129] MixedShapesRegularTrain      DONE  acc=0.9641 loss=0.1978 AOPCR=  0.118 NDCG=  n/a C=  5 T= 1024 (32s)  [114 trained / 0 failed so far]
[116/129] MixedShapesSmallTrain
    stage 1/3: loading data ...
    stage 2/3: training on 80 series (val=20, C=5, T=1024, batch=8) ...
    stage 3/3: scoring on 2425 test series (accuracy + AOPCR) ...
    [mlflow] versioned model 'seanet_gated__mstcn_sep_gated_classwise_conjunctive' (id=m-26f7c29955f34be98824208ed7e3b3d5) params={'model_size_mb': '1.5011', 'n_model_params': '61370', 'name': 'seanet_gated'}
    [mlflow] logged run 'seanet_gated_MixedShapesSmallTrain'  (train_acc=1.0000 val_acc=0.9500 test_acc=0.8532 test_loss=0.4783)
[116/129] MixedShapesSmallTrain        DONE  acc=0.8532 loss=0.4783 AOPCR=  0.843 NDCG=  n/a C=  5 T= 1024 (10s)  [115 trained / 0 failed so far]
[117/129] PLAID
    stage 1/3: loading data ...
    stage 2/3: training on 436 series (val=101, C=11, T=1344, batch=16) ...
    stage 3/3: scoring on 537 test series (accuracy + AOPCR) ...
    [mlflow] versioned model 'seanet_gated__mstcn_sep_gated_classwise_conjunctive' (id=m-c72f046020e54849afec3e16e645f0a9) params={'model_size_mb': '1.5028', 'n_model_params': '61814', 'name': 'seanet_gated'}
    [mlflow] logged run 'seanet_gated_PLAID'  (train_acc=0.9633 val_acc=0.8416 test_acc=0.8026 test_loss=0.6078)
[117/129] PLAID                        DONE  acc=0.8026 loss=0.6078 AOPCR=  1.807 NDCG=  n/a C= 11 T= 1344 (37s)  [116 trained / 0 failed so far]
[118/129] PickupGestureWiimoteZ
    stage 1/3: loading data ...
    stage 2/3: training on 50 series (no val (train-loss early stop), C=10, T=361, batch=5) ...
    stage 3/3: scoring on 50 test series (accuracy + AOPCR) ...
    [mlflow] versioned model 'seanet_gated__mstcn_sep_gated_classwise_conjunctive' (id=m-8214a979896b4fc6a18b1db8dedbd699) params={'model_size_mb': '1.5025', 'n_model_params': '61740', 'name': 'seanet_gated'}
    [mlflow] logged run 'seanet_gated_PickupGestureWiimoteZ'  (train_acc=1.0000 test_acc=0.8000 test_loss=0.7231)
[118/129] PickupGestureWiimoteZ        DONE  acc=0.8000 loss=0.7231 AOPCR=  1.186 NDCG=  n/a C= 10 T=  361 (21s)  [117 trained / 0 failed so far]
[119/129] PigAirwayPressure
    stage 1/3: loading data ...
    stage 2/3: training on 52 series (val=52, C=52, T=2000, batch=5) ...
    stage 3/3: scoring on 208 test series (accuracy + AOPCR) ...
    [mlflow] versioned model 'seanet_gated__mstcn_sep_gated_classwise_conjunctive' (id=m-21ef72f653204070a147517ec73c5f87) params={'model_size_mb': '1.5144', 'n_model_params': '64848', 'name': 'seanet_gated'}
    [mlflow] logged run 'seanet_gated_PigAirwayPressure'  (train_acc=0.0577 val_acc=0.0385 test_acc=0.0385 test_loss=3.8523)
[119/129] PigAirwayPressure            DONE  acc=0.0385 loss=3.8523 AOPCR=  0.126 NDCG=  n/a C= 52 T= 2000 (5s)  [118 trained / 0 failed so far]
[120/129] PigArtPressure
    stage 1/3: loading data ...
    stage 2/3: training on 52 series (val=52, C=52, T=2000, batch=5) ...
    stage 3/3: scoring on 208 test series (accuracy + AOPCR) ...
    [mlflow] versioned model 'seanet_gated__mstcn_sep_gated_classwise_conjunctive' (id=m-9b583ceab0d34167808fcf3e4268a173) params={'model_size_mb': '1.5144', 'n_model_params': '64848', 'name': 'seanet_gated'}
    [mlflow] logged run 'seanet_gated_PigArtPressure'  (train_acc=1.0000 val_acc=0.4808 test_acc=0.5048 test_loss=1.7569)
[120/129] PigArtPressure               DONE  acc=0.5048 loss=1.7569 AOPCR=  0.614 NDCG=  n/a C= 52 T= 2000 (10s)  [119 trained / 0 failed so far]
[121/129] PigCVP
    stage 1/3: loading data ...
    stage 2/3: training on 52 series (val=52, C=52, T=2000, batch=5) ...
    stage 3/3: scoring on 208 test series (accuracy + AOPCR) ...
    [mlflow] versioned model 'seanet_gated__mstcn_sep_gated_classwise_conjunctive' (id=m-3dc891be49e9421983289c7891dd3b48) params={'model_size_mb': '1.5144', 'n_model_params': '64848', 'name': 'seanet_gated'}
    [mlflow] logged run 'seanet_gated_PigCVP'  (train_acc=1.0000 val_acc=0.3077 test_acc=0.3221 test_loss=2.6548)
[121/129] PigCVP                       DONE  acc=0.3221 loss=2.6548 AOPCR=  0.987 NDCG=  n/a C= 52 T= 2000 (16s)  [120 trained / 0 failed so far]
[122/129] PowerCons
    stage 1/3: loading data ...
    stage 2/3: training on 144 series (val=36, C=2, T=144, batch=14) ...
    stage 3/3: scoring on 180 test series (accuracy + AOPCR) ...
    [mlflow] versioned model 'seanet_gated__mstcn_sep_gated_classwise_conjunctive' (id=m-442362503f7e4b7badc965791ad388d9) params={'model_size_mb': '1.5003', 'n_model_params': '61148', 'name': 'seanet_gated'}
    [mlflow] logged run 'seanet_gated_PowerCons'  (train_acc=1.0000 val_acc=1.0000 test_acc=0.9722 test_loss=0.1277)
[122/129] PowerCons                    DONE  acc=0.9722 loss=0.1277 AOPCR=  0.148 NDCG=  n/a C=  2 T=  144 (8s)  [121 trained / 0 failed so far]
[123/129] Rock
    stage 1/3: loading data ...
    stage 2/3: training on 20 series (no val (train-loss early stop), C=4, T=2844, batch=2) ...
    stage 3/3: scoring on 50 test series (accuracy + AOPCR) ...
    [mlflow] versioned model 'seanet_gated__mstcn_sep_gated_classwise_conjunctive' (id=m-bb26b89393044ca9a72c62558fb90df6) params={'model_size_mb': '1.5009', 'n_model_params': '61296', 'name': 'seanet_gated'}
    [mlflow] logged run 'seanet_gated_Rock'  (train_acc=1.0000 test_acc=0.7200 test_loss=0.7328)
[123/129] Rock                         DONE  acc=0.7200 loss=0.7328 AOPCR=  0.733 NDCG=  n/a C=  4 T= 2844 (15s)  [122 trained / 0 failed so far]
[124/129] SemgHandGenderCh2
    stage 1/3: loading data ...
    stage 2/3: training on 240 series (val=60, C=2, T=1500, batch=16) ...
    stage 3/3: scoring on 600 test series (accuracy + AOPCR) ...
    [mlflow] versioned model 'seanet_gated__mstcn_sep_gated_classwise_conjunctive' (id=m-12a765117aff4accbee2cc87dd64b75d) params={'model_size_mb': '1.5003', 'n_model_params': '61148', 'name': 'seanet_gated'}
    [mlflow] logged run 'seanet_gated_SemgHandGenderCh2'  (train_acc=1.0000 val_acc=0.8833 test_acc=0.8917 test_loss=0.2905)
[124/129] SemgHandGenderCh2            DONE  acc=0.8917 loss=0.2905 AOPCR=  0.976 NDCG=  n/a C=  2 T= 1500 (14s)  [123 trained / 0 failed so far]
[125/129] SemgHandMovementCh2
    stage 1/3: loading data ...
    stage 2/3: training on 360 series (val=90, C=6, T=1500, batch=16) ...
    stage 3/3: scoring on 450 test series (accuracy + AOPCR) ...
    [mlflow] versioned model 'seanet_gated__mstcn_sep_gated_classwise_conjunctive' (id=m-7665c116bab64e14950ba2b75c4d6890) params={'model_size_mb': '1.5014', 'n_model_params': '61444', 'name': 'seanet_gated'}
    [mlflow] logged run 'seanet_gated_SemgHandMovementCh2'  (train_acc=1.0000 val_acc=0.6222 test_acc=0.4889 test_loss=1.3570)
[125/129] SemgHandMovementCh2          DONE  acc=0.4889 loss=1.3570 AOPCR=  0.889 NDCG=  n/a C=  6 T= 1500 (21s)  [124 trained / 0 failed so far]
[126/129] SemgHandSubjectCh2
    stage 1/3: loading data ...
    stage 2/3: training on 360 series (val=90, C=5, T=1500, batch=16) ...
    stage 3/3: scoring on 450 test series (accuracy + AOPCR) ...
    [mlflow] versioned model 'seanet_gated__mstcn_sep_gated_classwise_conjunctive' (id=m-07136d8145e941bd819cb34129f6f86c) params={'model_size_mb': '1.5011', 'n_model_params': '61370', 'name': 'seanet_gated'}
    [mlflow] logged run 'seanet_gated_SemgHandSubjectCh2'  (train_acc=1.0000 val_acc=0.9222 test_acc=0.8667 test_loss=0.5303)
[126/129] SemgHandSubjectCh2           DONE  acc=0.8667 loss=0.5303 AOPCR=  1.019 NDCG=  n/a C=  5 T= 1500 (31s)  [125 trained / 0 failed so far]
[127/129] ShakeGestureWiimoteZ
    stage 1/3: loading data ...
    stage 2/3: training on 50 series (no val (train-loss early stop), C=10, T=385, batch=5) ...
    stage 3/3: scoring on 50 test series (accuracy + AOPCR) ...
    [mlflow] versioned model 'seanet_gated__mstcn_sep_gated_classwise_conjunctive' (id=m-d26fe6499aec4174a7d0e70e30afdf86) params={'model_size_mb': '1.5025', 'n_model_params': '61740', 'name': 'seanet_gated'}
    [mlflow] logged run 'seanet_gated_ShakeGestureWiimoteZ'  (train_acc=1.0000 test_acc=0.8800 test_loss=0.4851)
[127/129] ShakeGestureWiimoteZ         DONE  acc=0.8800 loss=0.4851 AOPCR=  0.999 NDCG=  n/a C= 10 T=  385 (20s)  [126 trained / 0 failed so far]
[128/129] SmoothSubspace
    stage 1/3: loading data ...
    stage 2/3: training on 120 series (val=30, C=3, T=15, batch=12) ...
    stage 3/3: scoring on 150 test series (accuracy + AOPCR) ...
    [mlflow] versioned model 'seanet_gated__mstcn_sep_gated_classwise_conjunctive' (id=m-da890c6032264cc3a85142346fbe12e8) params={'model_size_mb': '1.5006', 'n_model_params': '61222', 'name': 'seanet_gated'}
    [mlflow] logged run 'seanet_gated_SmoothSubspace'  (train_acc=1.0000 val_acc=1.0000 test_acc=0.9667 test_loss=0.1497)
[128/129] SmoothSubspace               DONE  acc=0.9667 loss=0.1497 AOPCR=  0.309 NDCG=  n/a C=  3 T=   15 (14s)  [127 trained / 0 failed so far]
[129/129] UMD
    stage 1/3: loading data ...
    stage 2/3: training on 36 series (no val (train-loss early stop), C=3, T=150, batch=3) ...
    stage 3/3: scoring on 144 test series (accuracy + AOPCR) ...
    [mlflow] versioned model 'seanet_gated__mstcn_sep_gated_classwise_conjunctive' (id=m-58aa9633439e49678e634561691ae427) params={'model_size_mb': '1.5006', 'n_model_params': '61222', 'name': 'seanet_gated'}
    [mlflow] logged run 'seanet_gated_UMD'  (train_acc=1.0000 test_acc=0.9722 test_loss=0.1601)
[129/129] UMD                          DONE  acc=0.9722 loss=0.1601 AOPCR=  0.019 NDCG=  n/a C=  3 T=  150 (23s)  [128 trained / 0 failed so far]

Done: 128 trained, 1 skipped, 0 failed.
Results -> results/SEA_NET/seanet_gated__mstcn_sep_gated_classwise_conjunctive/results.csv

=== seanet_gated__mstcn_sep_gated_classwise_conjunctive vs MILLET ConjunctiveInceptionTime (mean of 5 reps) ===
  UCR datasets evaluated: 128  (with MILLET baseline: 85, without: 43)
  metric        ours    MILLET   win/tie/loss   (mean over the 85 datasets MILLET published)
  acc         0.7900    0.8445       16/15/54   
  loss        0.5848    1.2241        55/1/29   (lower is better)
  aopcr       0.4856    4.5532         3/0/82   
  wrote results/SEA_NET/seanet_gated__mstcn_sep_gated_classwise_conjunctive/comparison_vs_millet.csv

Next: `python main.py report` to draw the figures for seanet_gated__mstcn_sep_gated_classwise_conjunctive.

[log] finished; full output saved to results/SEA_NET/seanet_gated__mstcn_sep_gated_classwise_conjunctive/logs/train_2026-07-22_16-28-29.log
