[log] command 'train' started at 2026-07-28_20-56-07 for model 'fcn__mil_fcn__mil_conjunctive'
[log] a copy of everything below is being saved to: results/SEA_NET/fcn__mil_fcn__mil_conjunctive/logs/train_2026-07-28_20-56-07.log

=== train: model=fcn__mil_fcn__mil_conjunctive (config sv1/fcn) device=cuda mode=full datasets=129 ===
[params] using DEFAULT recipe (no Optuna record yet - run 'python main.py optuna --model sv1/fcn').
  results  -> results/SEA_NET/fcn__mil_fcn__mil_conjunctive/results.csv
  resume   -> results/SEA_NET/fcn__mil_fcn__mil_conjunctive/done_train_dataset.txt  (delete it to retrain everything; delete one line to retrain that dataset)

  [mlflow] logging runs to experiment 'SEA-Net_fcn__mil_fcn__mil_conjunctive_2026-07-28' at sqlite:///mlflow.db
  [mlflow] browse later with:  mlflow ui --backend-store-uri sqlite:///mlflow.db
[  1/129] WebTraffic                   already done -> skip
[  2/129] Adiac
    stage 1/3: loading data ...
    stage 2/3: training on 328 series (val=62, C=37, T=176, batch=16) ...
    stage 3/3: scoring on 391 test series (accuracy + AOPCR) ...
    [mlflow] versioned model 'fcn__mil_fcn__mil_conjunctive' (id=m-6885e81fce0b478bbc5ea3e82dc4394b) params={'model_size_mb': '3.487', 'n_model_params': '270518', 'name': 'fcn'}
    [mlflow] logged run 'fcn_Adiac'  (train_acc=0.9024 val_acc=0.7742 test_acc=0.7877 test_loss=0.7905)
[  2/129] Adiac                        DONE  acc=0.7877 loss=0.7905 AOPCR=  1.729 NDCG=  n/a C= 37 T=  176 (35s)  [1 trained / 0 failed so far]
[  3/129] ArrowHead
    stage 1/3: loading data ...
    stage 2/3: training on 36 series (no val (train-loss early stop), C=3, T=251, batch=3) ...
    stage 3/3: scoring on 175 test series (accuracy + AOPCR) ...
    [mlflow] versioned model 'fcn__mil_fcn__mil_conjunctive' (id=m-d14862973be344e3bdc656095bcd10bb) params={'model_size_mb': '3.4703', 'n_model_params': '266132', 'name': 'fcn'}
    [mlflow] logged run 'fcn_ArrowHead'  (train_acc=1.0000 test_acc=0.8400 test_loss=0.5017)
[  3/129] ArrowHead                    DONE  acc=0.8400 loss=0.5017 AOPCR=  1.305 NDCG=  n/a C=  3 T=  251 (18s)  [2 trained / 0 failed so far]
[  4/129] Beef
    stage 1/3: loading data ...
    stage 2/3: training on 30 series (no val (train-loss early stop), C=5, T=470, batch=3) ...
    stage 3/3: scoring on 30 test series (accuracy + AOPCR) ...
    [mlflow] versioned model 'fcn__mil_fcn__mil_conjunctive' (id=m-cc29493fc2654355966326c0689b6ef6) params={'model_size_mb': '3.4713', 'n_model_params': '266390', 'name': 'fcn'}
    [mlflow] logged run 'fcn_Beef'  (train_acc=0.9000 test_acc=0.7333 test_loss=0.8967)
[  4/129] Beef                         DONE  acc=0.7333 loss=0.8967 AOPCR=  1.626 NDCG=  n/a C=  5 T=  470 (15s)  [3 trained / 0 failed so far]
[  5/129] BeetleFly
    stage 1/3: loading data ...
    stage 2/3: training on 20 series (no val (train-loss early stop), C=2, T=512, batch=2) ...
    stage 3/3: scoring on 20 test series (accuracy + AOPCR) ...
    [mlflow] versioned model 'fcn__mil_fcn__mil_conjunctive' (id=m-6dc27043b6894113b52593549f983b36) params={'model_size_mb': '3.4698', 'n_model_params': '266003', 'name': 'fcn'}
    [mlflow] logged run 'fcn_BeetleFly'  (train_acc=1.0000 test_acc=0.7000 test_loss=0.4740)
[  5/129] BeetleFly                    DONE  acc=0.7000 loss=0.4740 AOPCR=  1.350 NDCG=  n/a C=  2 T=  512 (12s)  [4 trained / 0 failed so far]
[  6/129] BirdChicken
    stage 1/3: loading data ...
    stage 2/3: training on 20 series (no val (train-loss early stop), C=2, T=512, batch=2) ...
    stage 3/3: scoring on 20 test series (accuracy + AOPCR) ...
    [mlflow] versioned model 'fcn__mil_fcn__mil_conjunctive' (id=m-cfb1d741b5734aa3916b78aeb3cab99c) params={'model_size_mb': '3.4698', 'n_model_params': '266003', 'name': 'fcn'}
    [mlflow] logged run 'fcn_BirdChicken'  (train_acc=1.0000 test_acc=0.9000 test_loss=0.3578)
[  6/129] BirdChicken                  DONE  acc=0.9000 loss=0.3578 AOPCR=  1.360 NDCG=  n/a C=  2 T=  512 (14s)  [5 trained / 0 failed so far]
[  7/129] Car
    stage 1/3: loading data ...
    stage 2/3: training on 60 series (no val (train-loss early stop), C=4, T=577, batch=6) ...
    stage 3/3: scoring on 60 test series (accuracy + AOPCR) ...
    [mlflow] versioned model 'fcn__mil_fcn__mil_conjunctive' (id=m-10a0d6e36b0f4ac383d9cef188860981) params={'model_size_mb': '3.4708', 'n_model_params': '266261', 'name': 'fcn'}
    [mlflow] logged run 'fcn_Car'  (train_acc=1.0000 test_acc=0.8833 test_loss=0.3896)
[  7/129] Car                          DONE  acc=0.8833 loss=0.3896 AOPCR=  3.663 NDCG=  n/a C=  4 T=  577 (16s)  [6 trained / 0 failed so far]
[  8/129] CBF
    stage 1/3: loading data ...
    stage 2/3: training on 30 series (no val (train-loss early stop), C=3, T=128, batch=3) ...
    stage 3/3: scoring on 900 test series (accuracy + AOPCR) ...
    [mlflow] versioned model 'fcn__mil_fcn__mil_conjunctive' (id=m-31d495c3774c4307aab6747a4309c9e2) params={'model_size_mb': '3.4703', 'n_model_params': '266132', 'name': 'fcn'}
    [mlflow] logged run 'fcn_CBF'  (train_acc=1.0000 test_acc=0.9967 test_loss=0.1805)
[  8/129] CBF                          DONE  acc=0.9967 loss=0.1805 AOPCR=  0.851 NDCG=  n/a C=  3 T=  128 (14s)  [7 trained / 0 failed so far]
[  9/129] ChlorineConcentration
    stage 1/3: loading data ...
    stage 2/3: training on 375 series (val=92, C=3, T=166, batch=16) ...
    stage 3/3: scoring on 3840 test series (accuracy + AOPCR) ...
    [mlflow] versioned model 'fcn__mil_fcn__mil_conjunctive' (id=m-80906821125d49db9d520f65259b96f0) params={'model_size_mb': '3.4703', 'n_model_params': '266132', 'name': 'fcn'}
    [mlflow] logged run 'fcn_ChlorineConcentration'  (train_acc=1.0000 val_acc=0.7609 test_acc=0.7797 test_loss=0.6060)
[  9/129] ChlorineConcentration        DONE  acc=0.7797 loss=0.6060 AOPCR=  1.128 NDCG=  n/a C=  3 T=  166 (33s)  [8 trained / 0 failed so far]
[ 10/129] CinCECGTorso
    stage 1/3: loading data ...
    stage 2/3: training on 40 series (no val (train-loss early stop), C=4, T=1639, batch=4) ...
    stage 3/3: scoring on 1380 test series (accuracy + AOPCR) ...
    [mlflow] versioned model 'fcn__mil_fcn__mil_conjunctive' (id=m-0a809280e3504eefa8bbc7f591bc8270) params={'model_size_mb': '3.4708', 'n_model_params': '266261', 'name': 'fcn'}
    [mlflow] logged run 'fcn_CinCECGTorso'  (train_acc=1.0000 test_acc=0.8971 test_loss=0.3833)
[ 10/129] CinCECGTorso                 DONE  acc=0.8971 loss=0.3833 AOPCR=  1.969 NDCG=  n/a C=  4 T= 1639 (16s)  [9 trained / 0 failed so far]
[ 11/129] Coffee
    stage 1/3: loading data ...
    stage 2/3: training on 28 series (no val (train-loss early stop), C=2, T=286, batch=2) ...
    stage 3/3: scoring on 28 test series (accuracy + AOPCR) ...
    [mlflow] versioned model 'fcn__mil_fcn__mil_conjunctive' (id=m-a3692b1b05814c8989aff0935e3285ec) params={'model_size_mb': '3.4698', 'n_model_params': '266003', 'name': 'fcn'}
    [mlflow] logged run 'fcn_Coffee'  (train_acc=1.0000 test_acc=1.0000 test_loss=0.0896)
[ 11/129] Coffee                       DONE  acc=1.0000 loss=0.0896 AOPCR=  0.642 NDCG=  n/a C=  2 T=  286 (10s)  [10 trained / 0 failed so far]
[ 12/129] Computers
    stage 1/3: loading data ...
    stage 2/3: training on 200 series (val=50, C=2, T=720, batch=16) ...
    stage 3/3: scoring on 250 test series (accuracy + AOPCR) ...
    [mlflow] versioned model 'fcn__mil_fcn__mil_conjunctive' (id=m-0c540b351b2b48aa90150a658c28a10c) params={'model_size_mb': '3.4698', 'n_model_params': '266003', 'name': 'fcn'}
    [mlflow] logged run 'fcn_Computers'  (train_acc=0.9300 val_acc=0.7800 test_acc=0.8280 test_loss=0.4933)
[ 12/129] Computers                    DONE  acc=0.8280 loss=0.4933 AOPCR=  0.474 NDCG=  n/a C=  2 T=  720 (7s)  [11 trained / 0 failed so far]
[ 13/129] CricketX
    stage 1/3: loading data ...
    stage 2/3: training on 317 series (val=73, C=12, T=300, batch=16) ...
    stage 3/3: scoring on 390 test series (accuracy + AOPCR) ...
    [mlflow] versioned model 'fcn__mil_fcn__mil_conjunctive' (id=m-4522eef8bada4cb3bc3b3c6b47875863) params={'model_size_mb': '3.4747', 'n_model_params': '267293', 'name': 'fcn'}
    [mlflow] logged run 'fcn_CricketX'  (train_acc=1.0000 val_acc=0.7671 test_acc=0.7103 test_loss=0.9638)
[ 13/129] CricketX                     DONE  acc=0.7103 loss=0.9638 AOPCR=  1.873 NDCG=  n/a C= 12 T=  300 (15s)  [12 trained / 0 failed so far]
[ 14/129] CricketY
    stage 1/3: loading data ...
    stage 2/3: training on 317 series (val=73, C=12, T=300, batch=16) ...
    stage 3/3: scoring on 390 test series (accuracy + AOPCR) ...
    [mlflow] versioned model 'fcn__mil_fcn__mil_conjunctive' (id=m-4808f5fbf8784971b156d289cdaac995) params={'model_size_mb': '3.4747', 'n_model_params': '267293', 'name': 'fcn'}
    [mlflow] logged run 'fcn_CricketY'  (train_acc=1.0000 val_acc=0.7671 test_acc=0.7154 test_loss=0.9274)
[ 14/129] CricketY                     DONE  acc=0.7154 loss=0.9274 AOPCR=  1.939 NDCG=  n/a C= 12 T=  300 (18s)  [13 trained / 0 failed so far]
[ 15/129] CricketZ
    stage 1/3: loading data ...
    stage 2/3: training on 316 series (val=74, C=12, T=300, batch=16) ...
    stage 3/3: scoring on 390 test series (accuracy + AOPCR) ...
    [mlflow] versioned model 'fcn__mil_fcn__mil_conjunctive' (id=m-cc2110362ad54ec88a2105ecc7cf3b6f) params={'model_size_mb': '3.4747', 'n_model_params': '267293', 'name': 'fcn'}
    [mlflow] logged run 'fcn_CricketZ'  (train_acc=0.9968 val_acc=0.7973 test_acc=0.7641 test_loss=0.8455)
[ 15/129] CricketZ                     DONE  acc=0.7641 loss=0.8455 AOPCR=  1.931 NDCG=  n/a C= 12 T=  300 (14s)  [14 trained / 0 failed so far]
[ 16/129] DiatomSizeReduction
    stage 1/3: loading data ...
    stage 2/3: training on 16 series (no val (train-loss early stop), C=4, T=345, batch=2) ...
    stage 3/3: scoring on 306 test series (accuracy + AOPCR) ...
    [mlflow] versioned model 'fcn__mil_fcn__mil_conjunctive' (id=m-7ecb0875b499489eb10b2b9656a13d9d) params={'model_size_mb': '3.4708', 'n_model_params': '266261', 'name': 'fcn'}
    [mlflow] logged run 'fcn_DiatomSizeReduction'  (train_acc=1.0000 test_acc=0.9216 test_loss=0.2444)
[ 16/129] DiatomSizeReduction          DONE  acc=0.9216 loss=0.2444 AOPCR=  0.987 NDCG=  n/a C=  4 T=  345 (11s)  [15 trained / 0 failed so far]
[ 17/129] DistalPhalanxOutlineAgeGroup
    stage 1/3: loading data ...
    stage 2/3: training on 321 series (val=79, C=3, T=80, batch=16) ...
    stage 3/3: scoring on 139 test series (accuracy + AOPCR) ...
    [mlflow] versioned model 'fcn__mil_fcn__mil_conjunctive' (id=m-428d964a487b4666a21a42a4b07925d8) params={'model_size_mb': '3.4703', 'n_model_params': '266132', 'name': 'fcn'}
    [mlflow] logged run 'fcn_DistalPhalanxOutlineAgeGroup'  (train_acc=0.8629 val_acc=0.8481 test_acc=0.7338 test_loss=0.5642)
[ 17/129] DistalPhalanxOutlineAgeGroup DONE  acc=0.7338 loss=0.5642 AOPCR=  0.808 NDCG=  n/a C=  3 T=   80 (7s)  [16 trained / 0 failed so far]
[ 18/129] DistalPhalanxOutlineCorrect
    stage 1/3: loading data ...
    stage 2/3: training on 481 series (val=119, C=2, T=80, batch=16) ...
    stage 3/3: scoring on 276 test series (accuracy + AOPCR) ...
    [mlflow] versioned model 'fcn__mil_fcn__mil_conjunctive' (id=m-d7872fbd520d4e9dafcee57ca89fe8d0) params={'model_size_mb': '3.4698', 'n_model_params': '266003', 'name': 'fcn'}
    [mlflow] logged run 'fcn_DistalPhalanxOutlineCorrect'  (train_acc=0.9044 val_acc=0.8655 test_acc=0.7319 test_loss=0.5093)
[ 18/129] DistalPhalanxOutlineCorrect  DONE  acc=0.7319 loss=0.5093 AOPCR=  0.735 NDCG=  n/a C=  2 T=   80 (16s)  [17 trained / 0 failed so far]
[ 19/129] DistalPhalanxTW
    stage 1/3: loading data ...
    stage 2/3: training on 323 series (val=77, C=6, T=80, batch=16) ...
    stage 3/3: scoring on 139 test series (accuracy + AOPCR) ...
    [mlflow] versioned model 'fcn__mil_fcn__mil_conjunctive' (id=m-b00569dd92d74b86b4378ff539a872d8) params={'model_size_mb': '3.4718', 'n_model_params': '266519', 'name': 'fcn'}
    [mlflow] logged run 'fcn_DistalPhalanxTW'  (train_acc=0.8080 val_acc=0.8312 test_acc=0.7050 test_loss=0.8012)
[ 19/129] DistalPhalanxTW              DONE  acc=0.7050 loss=0.8012 AOPCR=  0.851 NDCG=  n/a C=  6 T=   80 (8s)  [18 trained / 0 failed so far]
[ 20/129] Earthquakes
    stage 1/3: loading data ...
    stage 2/3: training on 259 series (val=63, C=2, T=512, batch=16) ...
    stage 3/3: scoring on 139 test series (accuracy + AOPCR) ...
    [mlflow] versioned model 'fcn__mil_fcn__mil_conjunctive' (id=m-56806beeb95e4e6594fec13176e0d02e) params={'model_size_mb': '3.4698', 'n_model_params': '266003', 'name': 'fcn'}
    [mlflow] logged run 'fcn_Earthquakes'  (train_acc=0.8185 val_acc=0.8254 test_acc=0.7482 test_loss=0.5273)
[ 20/129] Earthquakes                  DONE  acc=0.7482 loss=0.5273 AOPCR=  0.126 NDCG=  n/a C=  2 T=  512 (4s)  [19 trained / 0 failed so far]
[ 21/129] ECG200
    stage 1/3: loading data ...
    stage 2/3: training on 81 series (val=19, C=2, T=96, batch=8) ...
    stage 3/3: scoring on 100 test series (accuracy + AOPCR) ...
    [mlflow] versioned model 'fcn__mil_fcn__mil_conjunctive' (id=m-7c6394601d7a443393f20221c84b4a6a) params={'model_size_mb': '3.4698', 'n_model_params': '266003', 'name': 'fcn'}
    [mlflow] logged run 'fcn_ECG200'  (train_acc=0.9630 val_acc=0.8421 test_acc=0.8900 test_loss=0.3294)
[ 21/129] ECG200                       DONE  acc=0.8900 loss=0.3294 AOPCR=  0.451 NDCG=  n/a C=  2 T=   96 (3s)  [20 trained / 0 failed so far]
[ 22/129] ECG5000
    stage 1/3: loading data ...
    stage 2/3: training on 401 series (val=99, C=5, T=140, batch=16) ...
    stage 3/3: scoring on 4500 test series (accuracy + AOPCR) ...
    [mlflow] versioned model 'fcn__mil_fcn__mil_conjunctive' (id=m-ee45e9b122d341e5a6ce188043dd34c5) params={'model_size_mb': '3.4713', 'n_model_params': '266390', 'name': 'fcn'}
    [mlflow] logged run 'fcn_ECG5000'  (train_acc=0.9875 val_acc=0.9596 test_acc=0.9418 test_loss=0.2846)
[ 22/129] ECG5000                      DONE  acc=0.9418 loss=0.2846 AOPCR=  1.461 NDCG=  n/a C=  5 T=  140 (28s)  [21 trained / 0 failed so far]
[ 23/129] ECGFiveDays
    stage 1/3: loading data ...
    stage 2/3: training on 23 series (no val (train-loss early stop), C=2, T=136, batch=2) ...
    stage 3/3: scoring on 861 test series (accuracy + AOPCR) ...
    [mlflow] versioned model 'fcn__mil_fcn__mil_conjunctive' (id=m-4a4a10acc307406e84c18fadc2a93fd6) params={'model_size_mb': '3.4698', 'n_model_params': '266003', 'name': 'fcn'}
    [mlflow] logged run 'fcn_ECGFiveDays'  (train_acc=1.0000 test_acc=0.9779 test_loss=0.1735)
[ 23/129] ECGFiveDays                  DONE  acc=0.9779 loss=0.1735 AOPCR=  1.311 NDCG=  n/a C=  2 T=  136 (9s)  [22 trained / 0 failed so far]
[ 24/129] ElectricDevices
    stage 1/3: loading data ...
    stage 2/3: training on 7144 series (val=1782, C=7, T=96, batch=16) ...
    stage 3/3: scoring on 7711 test series (accuracy + AOPCR) ...
    [mlflow] versioned model 'fcn__mil_fcn__mil_conjunctive' (id=m-1523498e78ed4a4b96eaeb8216aa2701) params={'model_size_mb': '3.4722', 'n_model_params': '266648', 'name': 'fcn'}
    [mlflow] logged run 'fcn_ElectricDevices'  (train_acc=0.9376 val_acc=0.9153 test_acc=0.7290 test_loss=0.8767)
[ 24/129] ElectricDevices              DONE  acc=0.7290 loss=0.8767 AOPCR=  1.385 NDCG=  n/a C=  7 T=   96 (332s)  [23 trained / 0 failed so far]
[ 25/129] FaceAll
    stage 1/3: loading data ...
    stage 2/3: training on 448 series (val=112, C=14, T=131, batch=16) ...
    stage 3/3: scoring on 1690 test series (accuracy + AOPCR) ...
    [mlflow] versioned model 'fcn__mil_fcn__mil_conjunctive' (id=m-a8fa31120c0949a790b7570d5723122a) params={'model_size_mb': '3.4757', 'n_model_params': '267551', 'name': 'fcn'}
    [mlflow] logged run 'fcn_FaceAll'  (train_acc=1.0000 val_acc=0.9643 test_acc=0.9195 test_loss=0.4431)
[ 25/129] FaceAll                      DONE  acc=0.9195 loss=0.4431 AOPCR=  1.411 NDCG=  n/a C= 14 T=  131 (23s)  [24 trained / 0 failed so far]
[ 26/129] FaceFour
    stage 1/3: loading data ...
    stage 2/3: training on 24 series (no val (train-loss early stop), C=4, T=350, batch=2) ...
    stage 3/3: scoring on 88 test series (accuracy + AOPCR) ...
    [mlflow] versioned model 'fcn__mil_fcn__mil_conjunctive' (id=m-264151609641496c8cbab36c86a3db59) params={'model_size_mb': '3.4708', 'n_model_params': '266261', 'name': 'fcn'}
    [mlflow] logged run 'fcn_FaceFour'  (train_acc=1.0000 test_acc=0.9318 test_loss=0.4251)
[ 26/129] FaceFour                     DONE  acc=0.9318 loss=0.4251 AOPCR=  0.975 NDCG=  n/a C=  4 T=  350 (14s)  [25 trained / 0 failed so far]
[ 27/129] FacesUCR
    stage 1/3: loading data ...
    stage 2/3: training on 165 series (val=35, C=14, T=131, batch=16) ...
    stage 3/3: scoring on 2050 test series (accuracy + AOPCR) ...
    [mlflow] versioned model 'fcn__mil_fcn__mil_conjunctive' (id=m-60b8c2dc1e074b9aa043a1b11d3a83c2) params={'model_size_mb': '3.4757', 'n_model_params': '267551', 'name': 'fcn'}
    [mlflow] logged run 'fcn_FacesUCR'  (train_acc=1.0000 val_acc=0.9143 test_acc=0.9098 test_loss=0.5412)
[ 27/129] FacesUCR                     DONE  acc=0.9098 loss=0.5412 AOPCR=  0.931 NDCG=  n/a C= 14 T=  131 (7s)  [26 trained / 0 failed so far]
[ 28/129] FiftyWords
    stage 1/3: loading data ...
    stage 2/3: training on 365 series (val=85, C=50, T=270, batch=16) ...
    stage 3/3: scoring on 455 test series (accuracy + AOPCR) ...
    [mlflow] versioned model 'fcn__mil_fcn__mil_conjunctive' (id=m-78dd7c1f68ba4260ba084eb40181666c) params={'model_size_mb': '3.4934', 'n_model_params': '272195', 'name': 'fcn'}
    [mlflow] logged run 'fcn_FiftyWords'  (train_acc=1.0000 val_acc=0.6000 test_acc=0.6374 test_loss=1.4624)
[ 28/129] FiftyWords                   DONE  acc=0.6374 loss=1.4624 AOPCR=  2.375 NDCG=  n/a C= 50 T=  270 (37s)  [27 trained / 0 failed so far]
[ 29/129] Fish
    stage 1/3: loading data ...
    stage 2/3: training on 142 series (val=33, C=7, T=463, batch=14) ...
    stage 3/3: scoring on 175 test series (accuracy + AOPCR) ...
    [mlflow] versioned model 'fcn__mil_fcn__mil_conjunctive' (id=m-442ef42bfd5648a7bd21d8040887bff0) params={'model_size_mb': '3.4722', 'n_model_params': '266648', 'name': 'fcn'}
    [mlflow] logged run 'fcn_Fish'  (train_acc=1.0000 val_acc=0.9697 test_acc=0.9714 test_loss=0.7390)
[ 29/129] Fish                         DONE  acc=0.9714 loss=0.7390 AOPCR=  3.447 NDCG=  n/a C=  7 T=  463 (11s)  [28 trained / 0 failed so far]
[ 30/129] FordA
    stage 1/3: loading data ...
    stage 2/3: training on 2881 series (val=720, C=2, T=500, batch=16) ...
    stage 3/3: scoring on 1320 test series (accuracy + AOPCR) ...
    [mlflow] versioned model 'fcn__mil_fcn__mil_conjunctive' (id=m-4ea8029e406a4c3f947a9f4290f824ed) params={'model_size_mb': '3.4698', 'n_model_params': '266003', 'name': 'fcn'}
    [mlflow] logged run 'fcn_FordA'  (train_acc=0.9445 val_acc=0.9361 test_acc=0.9212 test_loss=0.2302)
[ 30/129] FordA                        DONE  acc=0.9212 loss=0.2302 AOPCR=  0.750 NDCG=  n/a C=  2 T=  500 (150s)  [29 trained / 0 failed so far]
[ 31/129] FordB
    stage 1/3: loading data ...
    stage 2/3: training on 2909 series (val=727, C=2, T=500, batch=16) ...
    stage 3/3: scoring on 810 test series (accuracy + AOPCR) ...
    [mlflow] versioned model 'fcn__mil_fcn__mil_conjunctive' (id=m-4bbf87e3aa344d3187aa76d19d29c61c) params={'model_size_mb': '3.4698', 'n_model_params': '266003', 'name': 'fcn'}
    [mlflow] logged run 'fcn_FordB'  (train_acc=0.9443 val_acc=0.9257 test_acc=0.7852 test_loss=0.4479)
[ 31/129] FordB                        DONE  acc=0.7852 loss=0.4479 AOPCR=  0.247 NDCG=  n/a C=  2 T=  500 (139s)  [30 trained / 0 failed so far]
[ 32/129] GunPoint
    stage 1/3: loading data ...
    stage 2/3: training on 50 series (no val (train-loss early stop), C=2, T=150, batch=5) ...
    stage 3/3: scoring on 150 test series (accuracy + AOPCR) ...
    [mlflow] versioned model 'fcn__mil_fcn__mil_conjunctive' (id=m-fff4721ac45d4b409b4312f43e66e28b) params={'model_size_mb': '3.4698', 'n_model_params': '266003', 'name': 'fcn'}
    [mlflow] logged run 'fcn_GunPoint'  (train_acc=1.0000 test_acc=1.0000 test_loss=0.1014)
[ 32/129] GunPoint                     DONE  acc=1.0000 loss=0.1014 AOPCR=  0.745 NDCG=  n/a C=  2 T=  150 (9s)  [31 trained / 0 failed so far]
[ 33/129] Ham
    stage 1/3: loading data ...
    stage 2/3: training on 88 series (val=21, C=2, T=431, batch=8) ...
    stage 3/3: scoring on 105 test series (accuracy + AOPCR) ...
    [mlflow] versioned model 'fcn__mil_fcn__mil_conjunctive' (id=m-33e0ebb9bc684bff855367f39f56e33b) params={'model_size_mb': '3.4698', 'n_model_params': '266003', 'name': 'fcn'}
    [mlflow] logged run 'fcn_Ham'  (train_acc=1.0000 val_acc=0.8095 test_acc=0.7524 test_loss=0.6385)
[ 33/129] Ham                          DONE  acc=0.7524 loss=0.6385 AOPCR=  1.624 NDCG=  n/a C=  2 T=  431 (14s)  [32 trained / 0 failed so far]
[ 34/129] HandOutlines
    stage 1/3: loading data ...
    stage 2/3: training on 801 series (val=199, C=2, T=2709, batch=16) ...
    stage 3/3: scoring on 370 test series (accuracy + AOPCR) ...
    [mlflow] versioned model 'fcn__mil_fcn__mil_conjunctive' (id=m-7a377333523b48ea8dee3b60e6eb112e) params={'model_size_mb': '3.4698', 'n_model_params': '266003', 'name': 'fcn'}
    [mlflow] logged run 'fcn_HandOutlines'  (train_acc=0.8851 val_acc=0.8241 test_acc=0.8892 test_loss=0.3457)
[ 34/129] HandOutlines                 DONE  acc=0.8892 loss=0.3457 AOPCR=  3.512 NDCG=  n/a C=  2 T= 2709 (162s)  [33 trained / 0 failed so far]
[ 35/129] Haptics
    stage 1/3: loading data ...
    stage 2/3: training on 127 series (val=28, C=5, T=1092, batch=12) ...
    stage 3/3: scoring on 308 test series (accuracy + AOPCR) ...
    [mlflow] versioned model 'fcn__mil_fcn__mil_conjunctive' (id=m-5f01068e7c4e4ba5996d25b9f1bab027) params={'model_size_mb': '3.4713', 'n_model_params': '266390', 'name': 'fcn'}
    [mlflow] logged run 'fcn_Haptics'  (train_acc=0.6693 val_acc=0.5357 test_acc=0.4708 test_loss=1.3791)
[ 35/129] Haptics                      DONE  acc=0.4708 loss=1.3791 AOPCR=  2.465 NDCG=  n/a C=  5 T= 1092 (12s)  [34 trained / 0 failed so far]
[ 36/129] Herring
    stage 1/3: loading data ...
    stage 2/3: training on 64 series (no val (train-loss early stop), C=2, T=512, batch=6) ...
    stage 3/3: scoring on 64 test series (accuracy + AOPCR) ...
    [mlflow] versioned model 'fcn__mil_fcn__mil_conjunctive' (id=m-290bfd8ae049472da0f8a028ef8f25c4) params={'model_size_mb': '3.4698', 'n_model_params': '266003', 'name': 'fcn'}
    [mlflow] logged run 'fcn_Herring'  (train_acc=1.0000 test_acc=0.6719 test_loss=0.7707)
[ 36/129] Herring                      DONE  acc=0.6719 loss=0.7707 AOPCR=  2.342 NDCG=  n/a C=  2 T=  512 (18s)  [35 trained / 0 failed so far]
[ 37/129] InlineSkate
    stage 1/3: loading data ...
    stage 2/3: training on 84 series (val=16, C=7, T=1882, batch=8) ...
    stage 3/3: scoring on 550 test series (accuracy + AOPCR) ...
    [mlflow] versioned model 'fcn__mil_fcn__mil_conjunctive' (id=m-dd9723350aa944088bada580efd1e645) params={'model_size_mb': '3.4722', 'n_model_params': '266648', 'name': 'fcn'}
    [mlflow] logged run 'fcn_InlineSkate'  (train_acc=0.7024 val_acc=0.3125 test_acc=0.2927 test_loss=1.7774)
[ 37/129] InlineSkate                  DONE  acc=0.2927 loss=1.7774 AOPCR=  1.748 NDCG=  n/a C=  7 T= 1882 (15s)  [36 trained / 0 failed so far]
[ 38/129] InsectWingbeatSound
    stage 1/3: loading data ...
    stage 2/3: training on 176 series (val=44, C=11, T=256, batch=16) ...
    stage 3/3: scoring on 1980 test series (accuracy + AOPCR) ...
    [mlflow] versioned model 'fcn__mil_fcn__mil_conjunctive' (id=m-d0cc9e3711fa46d482270b64fde7fa76) params={'model_size_mb': '3.4742', 'n_model_params': '267164', 'name': 'fcn'}
    [mlflow] logged run 'fcn_InsectWingbeatSound'  (train_acc=0.5511 val_acc=0.3409 test_acc=0.3374 test_loss=1.7834)
[ 38/129] InsectWingbeatSound          DONE  acc=0.3374 loss=1.7834 AOPCR=  0.972 NDCG=  n/a C= 11 T=  256 (5s)  [37 trained / 0 failed so far]
[ 39/129] ItalyPowerDemand
    stage 1/3: loading data ...
    stage 2/3: training on 67 series (no val (train-loss early stop), C=2, T=24, batch=6) ...
    stage 3/3: scoring on 1029 test series (accuracy + AOPCR) ...
    [mlflow] versioned model 'fcn__mil_fcn__mil_conjunctive' (id=m-41ac585cbe1f4cf3861df99240ed3398) params={'model_size_mb': '3.4698', 'n_model_params': '266003', 'name': 'fcn'}
    [mlflow] logged run 'fcn_ItalyPowerDemand'  (train_acc=1.0000 test_acc=0.9621 test_loss=0.1602)
[ 39/129] ItalyPowerDemand             DONE  acc=0.9621 loss=0.1602 AOPCR=  0.486 NDCG=  n/a C=  2 T=   24 (13s)  [38 trained / 0 failed so far]
[ 40/129] LargeKitchenAppliances
    stage 1/3: loading data ...
    stage 2/3: training on 300 series (val=75, C=3, T=720, batch=16) ...
    stage 3/3: scoring on 375 test series (accuracy + AOPCR) ...
    [mlflow] versioned model 'fcn__mil_fcn__mil_conjunctive' (id=m-00460760bbdf4a19b570be1a248efeea) params={'model_size_mb': '3.4703', 'n_model_params': '266132', 'name': 'fcn'}
    [mlflow] logged run 'fcn_LargeKitchenAppliances'  (train_acc=1.0000 val_acc=0.9733 test_acc=0.8933 test_loss=0.3532)
[ 40/129] LargeKitchenAppliances       DONE  acc=0.8933 loss=0.3532 AOPCR=  1.570 NDCG=  n/a C=  3 T=  720 (24s)  [39 trained / 0 failed so far]
[ 41/129] Lightning2
    stage 1/3: loading data ...
    stage 2/3: training on 60 series (no val (train-loss early stop), C=2, T=637, batch=6) ...
    stage 3/3: scoring on 61 test series (accuracy + AOPCR) ...
    [mlflow] versioned model 'fcn__mil_fcn__mil_conjunctive' (id=m-ae2dfb9baaa34aa293a8133c34a60aad) params={'model_size_mb': '3.4698', 'n_model_params': '266003', 'name': 'fcn'}
    [mlflow] logged run 'fcn_Lightning2'  (train_acc=1.0000 test_acc=0.6721 test_loss=0.6189)
[ 41/129] Lightning2                   DONE  acc=0.6721 loss=0.6189 AOPCR=  1.454 NDCG=  n/a C=  2 T=  637 (13s)  [40 trained / 0 failed so far]
[ 42/129] Lightning7
    stage 1/3: loading data ...
    stage 2/3: training on 70 series (no val (train-loss early stop), C=7, T=319, batch=7) ...
    stage 3/3: scoring on 73 test series (accuracy + AOPCR) ...
    [mlflow] versioned model 'fcn__mil_fcn__mil_conjunctive' (id=m-09ddd0aaa01d4228b78e9307d4748b6b) params={'model_size_mb': '3.4722', 'n_model_params': '266648', 'name': 'fcn'}
    [mlflow] logged run 'fcn_Lightning7'  (train_acc=1.0000 test_acc=0.7945 test_loss=0.7195)
[ 42/129] Lightning7                   DONE  acc=0.7945 loss=0.7195 AOPCR=  1.362 NDCG=  n/a C=  7 T=  319 (12s)  [41 trained / 0 failed so far]
[ 43/129] Mallat
    stage 1/3: loading data ...
    stage 2/3: training on 55 series (no val (train-loss early stop), C=8, T=1024, batch=5) ...
    stage 3/3: scoring on 2345 test series (accuracy + AOPCR) ...
    [mlflow] versioned model 'fcn__mil_fcn__mil_conjunctive' (id=m-e6d7a7d30f4b436e93db3ce1046db28f) params={'model_size_mb': '3.4727', 'n_model_params': '266777', 'name': 'fcn'}
    [mlflow] logged run 'fcn_Mallat'  (train_acc=1.0000 test_acc=0.9689 test_loss=0.2970)
[ 43/129] Mallat                       DONE  acc=0.9689 loss=0.2970 AOPCR=  2.521 NDCG=  n/a C=  8 T= 1024 (18s)  [42 trained / 0 failed so far]
[ 44/129] Meat
    stage 1/3: loading data ...
    stage 2/3: training on 60 series (no val (train-loss early stop), C=3, T=448, batch=6) ...
    stage 3/3: scoring on 60 test series (accuracy + AOPCR) ...
    [mlflow] versioned model 'fcn__mil_fcn__mil_conjunctive' (id=m-a97e793a8a654a34aebf8586272c1ef1) params={'model_size_mb': '3.4703', 'n_model_params': '266132', 'name': 'fcn'}
    [mlflow] logged run 'fcn_Meat'  (train_acc=0.9667 test_acc=0.8000 test_loss=0.4428)
[ 44/129] Meat                         DONE  acc=0.8000 loss=0.4428 AOPCR=  2.010 NDCG=  n/a C=  3 T=  448 (16s)  [43 trained / 0 failed so far]
[ 45/129] MedicalImages
    stage 1/3: loading data ...
    stage 2/3: training on 307 series (val=74, C=10, T=99, batch=16) ...
    stage 3/3: scoring on 760 test series (accuracy + AOPCR) ...
    [mlflow] versioned model 'fcn__mil_fcn__mil_conjunctive' (id=m-6f6f7917dc8a4fbfb1919c025dd7f2a4) params={'model_size_mb': '3.4737', 'n_model_params': '267035', 'name': 'fcn'}
    [mlflow] logged run 'fcn_MedicalImages'  (train_acc=0.9316 val_acc=0.7568 test_acc=0.7461 test_loss=0.7372)
[ 45/129] MedicalImages                DONE  acc=0.7461 loss=0.7372 AOPCR=  1.069 NDCG=  n/a C= 10 T=   99 (13s)  [44 trained / 0 failed so far]
[ 46/129] MiddlePhalanxOutlineAgeGroup
    stage 1/3: loading data ...
    stage 2/3: training on 321 series (val=79, C=3, T=80, batch=16) ...
    stage 3/3: scoring on 154 test series (accuracy + AOPCR) ...
    [mlflow] versioned model 'fcn__mil_fcn__mil_conjunctive' (id=m-21d50783ebe240acb12c6a1f4083b1cc) params={'model_size_mb': '3.4703', 'n_model_params': '266132', 'name': 'fcn'}
    [mlflow] logged run 'fcn_MiddlePhalanxOutlineAgeGroup'  (train_acc=0.8131 val_acc=0.8228 test_acc=0.6494 test_loss=0.8952)
[ 46/129] MiddlePhalanxOutlineAgeGroup DONE  acc=0.6494 loss=0.8952 AOPCR=  0.784 NDCG=  n/a C=  3 T=   80 (8s)  [45 trained / 0 failed so far]
[ 47/129] MiddlePhalanxOutlineCorrect
    stage 1/3: loading data ...
    stage 2/3: training on 481 series (val=119, C=2, T=80, batch=16) ...
    stage 3/3: scoring on 291 test series (accuracy + AOPCR) ...
    [mlflow] versioned model 'fcn__mil_fcn__mil_conjunctive' (id=m-794d19e26e5b4f559909664eeb09c264) params={'model_size_mb': '3.4698', 'n_model_params': '266003', 'name': 'fcn'}
    [mlflow] logged run 'fcn_MiddlePhalanxOutlineCorrect'  (train_acc=0.8981 val_acc=0.8319 test_acc=0.8076 test_loss=0.4198)
[ 47/129] MiddlePhalanxOutlineCorrect  DONE  acc=0.8076 loss=0.4198 AOPCR=  2.838 NDCG=  n/a C=  2 T=   80 (25s)  [46 trained / 0 failed so far]
[ 48/129] MiddlePhalanxTW
    stage 1/3: loading data ...
    stage 2/3: training on 321 series (val=78, C=6, T=80, batch=16) ...
    stage 3/3: scoring on 154 test series (accuracy + AOPCR) ...
    [mlflow] versioned model 'fcn__mil_fcn__mil_conjunctive' (id=m-df765978884b43a687fa825172dd0a28) params={'model_size_mb': '3.4718', 'n_model_params': '266519', 'name': 'fcn'}
    [mlflow] logged run 'fcn_MiddlePhalanxTW'  (train_acc=0.6667 val_acc=0.6282 test_acc=0.5909 test_loss=1.0940)
[ 48/129] MiddlePhalanxTW              DONE  acc=0.5909 loss=1.0940 AOPCR=  0.474 NDCG=  n/a C=  6 T=   80 (11s)  [47 trained / 0 failed so far]
[ 49/129] MoteStrain
    stage 1/3: loading data ...
    stage 2/3: training on 20 series (no val (train-loss early stop), C=2, T=84, batch=2) ...
    stage 3/3: scoring on 1252 test series (accuracy + AOPCR) ...
    [mlflow] versioned model 'fcn__mil_fcn__mil_conjunctive' (id=m-04d4d38092834d3eaba7d351435390ad) params={'model_size_mb': '3.4698', 'n_model_params': '266003', 'name': 'fcn'}
    [mlflow] logged run 'fcn_MoteStrain'  (train_acc=1.0000 test_acc=0.8930 test_loss=0.2784)
[ 49/129] MoteStrain                   DONE  acc=0.8930 loss=0.2784 AOPCR=  0.584 NDCG=  n/a C=  2 T=   84 (10s)  [48 trained / 0 failed so far]
[ 50/129] NonInvasiveFetalECGThorax1
    stage 1/3: loading data ...
    stage 2/3: training on 1452 series (val=348, C=42, T=750, batch=16) ...
    stage 3/3: scoring on 1965 test series (accuracy + AOPCR) ...
    [mlflow] versioned model 'fcn__mil_fcn__mil_conjunctive' (id=m-1a4d9fde39fa481e90f20eb7fa4b4aac) params={'model_size_mb': '3.4895', 'n_model_params': '271163', 'name': 'fcn'}
    [mlflow] logged run 'fcn_NonInvasiveFetalECGThorax1'  (train_acc=0.9904 val_acc=0.9540 test_acc=0.9450 test_loss=0.3556)
[ 50/129] NonInvasiveFetalECGThorax1   DONE  acc=0.9450 loss=0.3556 AOPCR=  5.176 NDCG=  n/a C= 42 T=  750 (140s)  [49 trained / 0 failed so far]
[ 51/129] NonInvasiveFetalECGThorax2
    stage 1/3: loading data ...
    stage 2/3: training on 1452 series (val=348, C=42, T=750, batch=16) ...
    stage 3/3: scoring on 1965 test series (accuracy + AOPCR) ...
    [mlflow] versioned model 'fcn__mil_fcn__mil_conjunctive' (id=m-c6a7ebc665cc4e848310181d949851b8) params={'model_size_mb': '3.4895', 'n_model_params': '271163', 'name': 'fcn'}
    [mlflow] logged run 'fcn_NonInvasiveFetalECGThorax2'  (train_acc=0.9986 val_acc=0.9397 test_acc=0.9511 test_loss=0.3306)
[ 51/129] NonInvasiveFetalECGThorax2   DONE  acc=0.9511 loss=0.3306 AOPCR=  2.929 NDCG=  n/a C= 42 T=  750 (150s)  [50 trained / 0 failed so far]
[ 52/129] OliveOil
    stage 1/3: loading data ...
    stage 2/3: training on 30 series (no val (train-loss early stop), C=4, T=570, batch=3) ...
    stage 3/3: scoring on 30 test series (accuracy + AOPCR) ...
    [mlflow] versioned model 'fcn__mil_fcn__mil_conjunctive' (id=m-8feccf2483e140c58c6897cd5c1e31ff) params={'model_size_mb': '3.4708', 'n_model_params': '266261', 'name': 'fcn'}
    [mlflow] logged run 'fcn_OliveOil'  (train_acc=0.8000 test_acc=0.8000 test_loss=0.7288)
[ 52/129] OliveOil                     DONE  acc=0.8000 loss=0.7288 AOPCR= -1.051 NDCG=  n/a C=  4 T=  570 (14s)  [51 trained / 0 failed so far]
[ 53/129] OSULeaf
    stage 1/3: loading data ...
    stage 2/3: training on 163 series (val=37, C=6, T=427, batch=16) ...
    stage 3/3: scoring on 242 test series (accuracy + AOPCR) ...
    [mlflow] versioned model 'fcn__mil_fcn__mil_conjunctive' (id=m-8a6fc87aa3174871987dc4299b445ea8) params={'model_size_mb': '3.4718', 'n_model_params': '266519', 'name': 'fcn'}
    [mlflow] logged run 'fcn_OSULeaf'  (train_acc=1.0000 val_acc=1.0000 test_acc=0.9545 test_loss=0.2611)
[ 53/129] OSULeaf                      DONE  acc=0.9545 loss=0.2611 AOPCR=  1.901 NDCG=  n/a C=  6 T=  427 (7s)  [52 trained / 0 failed so far]
[ 54/129] PhalangesOutlinesCorrect
    stage 1/3: loading data ...
    stage 2/3: training on 1441 series (val=359, C=2, T=80, batch=16) ...
    stage 3/3: scoring on 858 test series (accuracy + AOPCR) ...
    [mlflow] versioned model 'fcn__mil_fcn__mil_conjunctive' (id=m-73c990961c3e4bb18f69304e3122dec8) params={'model_size_mb': '3.4698', 'n_model_params': '266003', 'name': 'fcn'}
    [mlflow] logged run 'fcn_PhalangesOutlinesCorrect'  (train_acc=0.9112 val_acc=0.8663 test_acc=0.7797 test_loss=0.4527)
[ 54/129] PhalangesOutlinesCorrect     DONE  acc=0.7797 loss=0.4527 AOPCR=  0.482 NDCG=  n/a C=  2 T=   80 (67s)  [53 trained / 0 failed so far]
[ 55/129] Phoneme
    stage 1/3: loading data ...
    stage 2/3: training on 171 series (val=43, C=39, T=1024, batch=16) ...
    stage 3/3: scoring on 1896 test series (accuracy + AOPCR) ...
    [mlflow] versioned model 'fcn__mil_fcn__mil_conjunctive' (id=m-e6a59a2464e444aa8193302b4d5a72ad) params={'model_size_mb': '3.488', 'n_model_params': '270776', 'name': 'fcn'}
    [mlflow] logged run 'fcn_Phoneme'  (train_acc=0.3918 val_acc=0.2326 test_acc=0.2600 test_loss=2.6747)
[ 55/129] Phoneme                      DONE  acc=0.2600 loss=2.6747 AOPCR=  0.535 NDCG=  n/a C= 39 T= 1024 (5s)  [54 trained / 0 failed so far]
[ 56/129] Plane
    stage 1/3: loading data ...
    stage 2/3: training on 87 series (val=18, C=7, T=144, batch=8) ...
    stage 3/3: scoring on 105 test series (accuracy + AOPCR) ...
    [mlflow] versioned model 'fcn__mil_fcn__mil_conjunctive' (id=m-552fa5ba0884443a88551a1a37e95bc0) params={'model_size_mb': '3.4722', 'n_model_params': '266648', 'name': 'fcn'}
    [mlflow] logged run 'fcn_Plane'  (train_acc=1.0000 val_acc=1.0000 test_acc=1.0000 test_loss=0.1051)
[ 56/129] Plane                        DONE  acc=1.0000 loss=0.1051 AOPCR=  0.462 NDCG=  n/a C=  7 T=  144 (8s)  [55 trained / 0 failed so far]
[ 57/129] ProximalPhalanxOutlineAgeGroup
    stage 1/3: loading data ...
    stage 2/3: training on 322 series (val=78, C=3, T=80, batch=16) ...
    stage 3/3: scoring on 205 test series (accuracy + AOPCR) ...
    [mlflow] versioned model 'fcn__mil_fcn__mil_conjunctive' (id=m-d7ad39a9f9634f57b9c94f7110bba293) params={'model_size_mb': '3.4703', 'n_model_params': '266132', 'name': 'fcn'}
    [mlflow] logged run 'fcn_ProximalPhalanxOutlineAgeGroup'  (train_acc=0.9006 val_acc=0.8077 test_acc=0.8439 test_loss=0.4197)
[ 57/129] ProximalPhalanxOutlineAgeGroup DONE  acc=0.8439 loss=0.4197 AOPCR=  0.111 NDCG=  n/a C=  3 T=   80 (21s)  [56 trained / 0 failed so far]
[ 58/129] ProximalPhalanxOutlineCorrect
    stage 1/3: loading data ...
    stage 2/3: training on 481 series (val=119, C=2, T=80, batch=16) ...
    stage 3/3: scoring on 291 test series (accuracy + AOPCR) ...
    [mlflow] versioned model 'fcn__mil_fcn__mil_conjunctive' (id=m-c812c797538540cdb83f3b65b5114b4c) params={'model_size_mb': '3.4698', 'n_model_params': '266003', 'name': 'fcn'}
    [mlflow] logged run 'fcn_ProximalPhalanxOutlineCorrect'  (train_acc=0.9023 val_acc=0.8739 test_acc=0.8694 test_loss=0.3361)
[ 58/129] ProximalPhalanxOutlineCorrect DONE  acc=0.8694 loss=0.3361 AOPCR=  0.679 NDCG=  n/a C=  2 T=   80 (17s)  [57 trained / 0 failed so far]
[ 59/129] ProximalPhalanxTW
    stage 1/3: loading data ...
    stage 2/3: training on 322 series (val=78, C=6, T=80, batch=16) ...
    stage 3/3: scoring on 205 test series (accuracy + AOPCR) ...
    [mlflow] versioned model 'fcn__mil_fcn__mil_conjunctive' (id=m-0488030da81141d99708fa1bbf212bb8) params={'model_size_mb': '3.4718', 'n_model_params': '266519', 'name': 'fcn'}
    [mlflow] logged run 'fcn_ProximalPhalanxTW'  (train_acc=0.8820 val_acc=0.8462 test_acc=0.7951 test_loss=0.5919)
[ 59/129] ProximalPhalanxTW            DONE  acc=0.7951 loss=0.5919 AOPCR= -0.860 NDCG=  n/a C=  6 T=   80 (17s)  [58 trained / 0 failed so far]
[ 60/129] RefrigerationDevices
    stage 1/3: loading data ...
    stage 2/3: training on 300 series (val=75, C=3, T=720, batch=16) ...
    stage 3/3: scoring on 375 test series (accuracy + AOPCR) ...
    [mlflow] versioned model 'fcn__mil_fcn__mil_conjunctive' (id=m-af01bb2397294213b85214c675d3eedc) params={'model_size_mb': '3.4703', 'n_model_params': '266132', 'name': 'fcn'}
    [mlflow] logged run 'fcn_RefrigerationDevices'  (train_acc=0.8967 val_acc=0.8133 test_acc=0.5013 test_loss=1.4262)
[ 60/129] RefrigerationDevices         DONE  acc=0.5013 loss=1.4262 AOPCR=  0.710 NDCG=  n/a C=  3 T=  720 (20s)  [59 trained / 0 failed so far]
[ 61/129] ScreenType
    stage 1/3: loading data ...
    stage 2/3: training on 300 series (val=75, C=3, T=720, batch=16) ...
    stage 3/3: scoring on 375 test series (accuracy + AOPCR) ...
    [mlflow] versioned model 'fcn__mil_fcn__mil_conjunctive' (id=m-41eeb28be1ab4a81bc19d7b38955152f) params={'model_size_mb': '3.4703', 'n_model_params': '266132', 'name': 'fcn'}
    [mlflow] logged run 'fcn_ScreenType'  (train_acc=0.9500 val_acc=0.7200 test_acc=0.6373 test_loss=0.9408)
[ 61/129] ScreenType                   DONE  acc=0.6373 loss=0.9408 AOPCR=  1.153 NDCG=  n/a C=  3 T=  720 (35s)  [60 trained / 0 failed so far]
[ 62/129] ShapeletSim
    stage 1/3: loading data ...
    stage 2/3: training on 20 series (no val (train-loss early stop), C=2, T=500, batch=2) ...
    stage 3/3: scoring on 180 test series (accuracy + AOPCR) ...
    [mlflow] versioned model 'fcn__mil_fcn__mil_conjunctive' (id=m-18f71f33f0144219b379b844c53b27b1) params={'model_size_mb': '3.4698', 'n_model_params': '266003', 'name': 'fcn'}
    [mlflow] logged run 'fcn_ShapeletSim'  (train_acc=1.0000 test_acc=1.0000 test_loss=0.1803)
[ 62/129] ShapeletSim                  DONE  acc=1.0000 loss=0.1803 AOPCR=  0.851 NDCG=  n/a C=  2 T=  500 (7s)  [61 trained / 0 failed so far]
[ 63/129] ShapesAll
    stage 1/3: loading data ...
    stage 2/3: training on 480 series (val=120, C=60, T=512, batch=16) ...
    stage 3/3: scoring on 600 test series (accuracy + AOPCR) ...
    [mlflow] versioned model 'fcn__mil_fcn__mil_conjunctive' (id=m-d1e3678816eb45d9a2883e89a3dbcfe6) params={'model_size_mb': '3.4983', 'n_model_params': '273485', 'name': 'fcn'}
    [mlflow] logged run 'fcn_ShapesAll'  (train_acc=0.9958 val_acc=0.8917 test_acc=0.8700 test_loss=0.6689)
[ 63/129] ShapesAll                    DONE  acc=0.8700 loss=0.6689 AOPCR=  3.148 NDCG=  n/a C= 60 T=  512 (41s)  [62 trained / 0 failed so far]
[ 64/129] SmallKitchenAppliances
    stage 1/3: loading data ...
    stage 2/3: training on 300 series (val=75, C=3, T=720, batch=16) ...
    stage 3/3: scoring on 375 test series (accuracy + AOPCR) ...
    [mlflow] versioned model 'fcn__mil_fcn__mil_conjunctive' (id=m-762a880e0e4d4c07986d4ed0dd449a1d) params={'model_size_mb': '3.4703', 'n_model_params': '266132', 'name': 'fcn'}
    [mlflow] logged run 'fcn_SmallKitchenAppliances'  (train_acc=0.8767 val_acc=0.8000 test_acc=0.8000 test_loss=0.5549)
[ 64/129] SmallKitchenAppliances       DONE  acc=0.8000 loss=0.5549 AOPCR=  1.044 NDCG=  n/a C=  3 T=  720 (12s)  [63 trained / 0 failed so far]
[ 65/129] SonyAIBORobotSurface1
    stage 1/3: loading data ...
    stage 2/3: training on 20 series (no val (train-loss early stop), C=2, T=70, batch=2) ...
    stage 3/3: scoring on 601 test series (accuracy + AOPCR) ...
    [mlflow] versioned model 'fcn__mil_fcn__mil_conjunctive' (id=m-28af1bafec904903a0d788f5666f5207) params={'model_size_mb': '3.4698', 'n_model_params': '266003', 'name': 'fcn'}
    [mlflow] logged run 'fcn_SonyAIBORobotSurface1'  (train_acc=1.0000 test_acc=0.9867 test_loss=0.1450)
[ 65/129] SonyAIBORobotSurface1        DONE  acc=0.9867 loss=0.1450 AOPCR=  0.498 NDCG=  n/a C=  2 T=   70 (5s)  [64 trained / 0 failed so far]
[ 66/129] SonyAIBORobotSurface2
    stage 1/3: loading data ...
    stage 2/3: training on 27 series (no val (train-loss early stop), C=2, T=65, batch=2) ...
    stage 3/3: scoring on 953 test series (accuracy + AOPCR) ...
    [mlflow] versioned model 'fcn__mil_fcn__mil_conjunctive' (id=m-f589694a6ae94ffea72ad2e572008959) params={'model_size_mb': '3.4698', 'n_model_params': '266003', 'name': 'fcn'}
    [mlflow] logged run 'fcn_SonyAIBORobotSurface2'  (train_acc=1.0000 test_acc=0.9318 test_loss=0.2070)
[ 66/129] SonyAIBORobotSurface2        DONE  acc=0.9318 loss=0.2070 AOPCR=  0.146 NDCG=  n/a C=  2 T=   65 (11s)  [65 trained / 0 failed so far]
[ 67/129] StarLightCurves
    stage 1/3: loading data ...
    stage 2/3: training on 801 series (val=199, C=3, T=1024, batch=16) ...
    stage 3/3: scoring on 8236 test series (accuracy + AOPCR) ...
    [mlflow] versioned model 'fcn__mil_fcn__mil_conjunctive' (id=m-b9129ba0a46b49ed9124f194898375fc) params={'model_size_mb': '3.4703', 'n_model_params': '266132', 'name': 'fcn'}
    [mlflow] logged run 'fcn_StarLightCurves'  (train_acc=0.9713 val_acc=0.9749 test_acc=0.9688 test_loss=0.1840)
[ 67/129] StarLightCurves              DONE  acc=0.9688 loss=0.1840 AOPCR=  1.855 NDCG=  n/a C=  3 T= 1024 (69s)  [66 trained / 0 failed so far]
[ 68/129] Strawberry
    stage 1/3: loading data ...
    stage 2/3: training on 492 series (val=121, C=2, T=235, batch=16) ...
    stage 3/3: scoring on 370 test series (accuracy + AOPCR) ...
    [mlflow] versioned model 'fcn__mil_fcn__mil_conjunctive' (id=m-3ed3d3a97d484a0a9931fd5cf13c269d) params={'model_size_mb': '3.4698', 'n_model_params': '266003', 'name': 'fcn'}
    [mlflow] logged run 'fcn_Strawberry'  (train_acc=0.9756 val_acc=0.9917 test_acc=0.9649 test_loss=0.1829)
[ 68/129] Strawberry                   DONE  acc=0.9649 loss=0.1829 AOPCR=  2.584 NDCG=  n/a C=  2 T=  235 (28s)  [67 trained / 0 failed so far]
[ 69/129] SwedishLeaf
    stage 1/3: loading data ...
    stage 2/3: training on 405 series (val=95, C=15, T=128, batch=16) ...
    stage 3/3: scoring on 625 test series (accuracy + AOPCR) ...
    [mlflow] versioned model 'fcn__mil_fcn__mil_conjunctive' (id=m-0a9185b4ef8e404293b1a43f225adbb0) params={'model_size_mb': '3.4762', 'n_model_params': '267680', 'name': 'fcn'}
    [mlflow] logged run 'fcn_SwedishLeaf'  (train_acc=1.0000 val_acc=0.9789 test_acc=0.9712 test_loss=0.2628)
[ 69/129] SwedishLeaf                  DONE  acc=0.9712 loss=0.2628 AOPCR=  0.944 NDCG=  n/a C= 15 T=  128 (23s)  [68 trained / 0 failed so far]
[ 70/129] Symbols
    stage 1/3: loading data ...
    stage 2/3: training on 25 series (no val (train-loss early stop), C=6, T=398, batch=2) ...
    stage 3/3: scoring on 995 test series (accuracy + AOPCR) ...
    [mlflow] versioned model 'fcn__mil_fcn__mil_conjunctive' (id=m-ddd663e2757a47618c443dfbad5ce909) params={'model_size_mb': '3.4718', 'n_model_params': '266519', 'name': 'fcn'}
    [mlflow] logged run 'fcn_Symbols'  (train_acc=1.0000 test_acc=0.9307 test_loss=0.3839)
[ 70/129] Symbols                      DONE  acc=0.9307 loss=0.3839 AOPCR=  1.710 NDCG=  n/a C=  6 T=  398 (19s)  [69 trained / 0 failed so far]
[ 71/129] SyntheticControl
    stage 1/3: loading data ...
    stage 2/3: training on 240 series (val=60, C=6, T=60, batch=16) ...
    stage 3/3: scoring on 300 test series (accuracy + AOPCR) ...
    [mlflow] versioned model 'fcn__mil_fcn__mil_conjunctive' (id=m-6efebb5fcc0141ff9797b3aa41e9cb7d) params={'model_size_mb': '3.4718', 'n_model_params': '266519', 'name': 'fcn'}
    [mlflow] logged run 'fcn_SyntheticControl'  (train_acc=1.0000 val_acc=1.0000 test_acc=0.9833 test_loss=0.2040)
[ 71/129] SyntheticControl             DONE  acc=0.9833 loss=0.2040 AOPCR=  0.542 NDCG=  n/a C=  6 T=   60 (10s)  [70 trained / 0 failed so far]
[ 72/129] ToeSegmentation1
    stage 1/3: loading data ...
    stage 2/3: training on 40 series (no val (train-loss early stop), C=2, T=277, batch=4) ...
    stage 3/3: scoring on 228 test series (accuracy + AOPCR) ...
    [mlflow] versioned model 'fcn__mil_fcn__mil_conjunctive' (id=m-237191410cf34e6eaf30db736e829852) params={'model_size_mb': '3.4698', 'n_model_params': '266003', 'name': 'fcn'}
    [mlflow] logged run 'fcn_ToeSegmentation1'  (train_acc=1.0000 test_acc=0.9518 test_loss=0.2014)
[ 72/129] ToeSegmentation1             DONE  acc=0.9518 loss=0.2014 AOPCR=  0.864 NDCG=  n/a C=  2 T=  277 (12s)  [71 trained / 0 failed so far]
[ 73/129] ToeSegmentation2
    stage 1/3: loading data ...
    stage 2/3: training on 36 series (no val (train-loss early stop), C=2, T=343, batch=3) ...
    stage 3/3: scoring on 130 test series (accuracy + AOPCR) ...
    [mlflow] versioned model 'fcn__mil_fcn__mil_conjunctive' (id=m-bb5137e5c56149349bbffb9a34e21800) params={'model_size_mb': '3.4698', 'n_model_params': '266003', 'name': 'fcn'}
    [mlflow] logged run 'fcn_ToeSegmentation2'  (train_acc=1.0000 test_acc=0.9385 test_loss=0.2615)
[ 73/129] ToeSegmentation2             DONE  acc=0.9385 loss=0.2615 AOPCR=  0.617 NDCG=  n/a C=  2 T=  343 (18s)  [72 trained / 0 failed so far]
[ 74/129] Trace
    stage 1/3: loading data ...
    stage 2/3: training on 81 series (val=19, C=4, T=275, batch=8) ...
    stage 3/3: scoring on 100 test series (accuracy + AOPCR) ...
    [mlflow] versioned model 'fcn__mil_fcn__mil_conjunctive' (id=m-82d96564800b42f99a1b2c9f35af74ab) params={'model_size_mb': '3.4708', 'n_model_params': '266261', 'name': 'fcn'}
    [mlflow] logged run 'fcn_Trace'  (train_acc=1.0000 val_acc=1.0000 test_acc=1.0000 test_loss=0.1086)
[ 74/129] Trace                        DONE  acc=1.0000 loss=0.1086 AOPCR=  2.211 NDCG=  n/a C=  4 T=  275 (10s)  [73 trained / 0 failed so far]
[ 75/129] TwoLeadECG
    stage 1/3: loading data ...
    stage 2/3: training on 23 series (no val (train-loss early stop), C=2, T=82, batch=2) ...
    stage 3/3: scoring on 1139 test series (accuracy + AOPCR) ...
    [mlflow] versioned model 'fcn__mil_fcn__mil_conjunctive' (id=m-10d3e99a0eaa46c8b2ffd01f887c931a) params={'model_size_mb': '3.4698', 'n_model_params': '266003', 'name': 'fcn'}
    [mlflow] logged run 'fcn_TwoLeadECG'  (train_acc=1.0000 test_acc=1.0000 test_loss=0.0871)
[ 75/129] TwoLeadECG                   DONE  acc=1.0000 loss=0.0871 AOPCR=  0.288 NDCG=  n/a C=  2 T=   82 (7s)  [74 trained / 0 failed so far]
[ 76/129] TwoPatterns
    stage 1/3: loading data ...
    stage 2/3: training on 801 series (val=199, C=4, T=128, batch=16) ...
    stage 3/3: scoring on 4000 test series (accuracy + AOPCR) ...
    [mlflow] versioned model 'fcn__mil_fcn__mil_conjunctive' (id=m-c22230f44b164352a5772063d29bae98) params={'model_size_mb': '3.4708', 'n_model_params': '266261', 'name': 'fcn'}
    [mlflow] logged run 'fcn_TwoPatterns'  (train_acc=1.0000 val_acc=0.9950 test_acc=0.9950 test_loss=0.1869)
[ 76/129] TwoPatterns                  DONE  acc=0.9950 loss=0.1869 AOPCR=  1.293 NDCG=  n/a C=  4 T=  128 (44s)  [75 trained / 0 failed so far]
[ 77/129] UWaveGestureLibraryAll
    stage 1/3: loading data ...
    stage 2/3: training on 719 series (val=177, C=8, T=945, batch=16) ...
    stage 3/3: scoring on 3582 test series (accuracy + AOPCR) ...
    [mlflow] versioned model 'fcn__mil_fcn__mil_conjunctive' (id=m-4d9038c631094a07b01341aaabf90054) params={'model_size_mb': '3.4727', 'n_model_params': '266777', 'name': 'fcn'}
    [mlflow] logged run 'fcn_UWaveGestureLibraryAll'  (train_acc=1.0000 val_acc=0.8927 test_acc=0.9129 test_loss=0.4547)
[ 77/129] UWaveGestureLibraryAll       DONE  acc=0.9129 loss=0.4547 AOPCR=  2.960 NDCG=  n/a C=  8 T=  945 (104s)  [76 trained / 0 failed so far]
[ 78/129] UWaveGestureLibraryX
    stage 1/3: loading data ...
    stage 2/3: training on 719 series (val=177, C=8, T=315, batch=16) ...
    stage 3/3: scoring on 3582 test series (accuracy + AOPCR) ...
    [mlflow] versioned model 'fcn__mil_fcn__mil_conjunctive' (id=m-b8da2de5cd7a427b903c2efeb5ce5e81) params={'model_size_mb': '3.4727', 'n_model_params': '266777', 'name': 'fcn'}
    [mlflow] logged run 'fcn_UWaveGestureLibraryX'  (train_acc=0.8887 val_acc=0.7797 test_acc=0.7920 test_loss=0.6826)
[ 78/129] UWaveGestureLibraryX         DONE  acc=0.7920 loss=0.6826 AOPCR=  1.991 NDCG=  n/a C=  8 T=  315 (32s)  [77 trained / 0 failed so far]
[ 79/129] UWaveGestureLibraryY
    stage 1/3: loading data ...
    stage 2/3: training on 719 series (val=177, C=8, T=315, batch=16) ...
    stage 3/3: scoring on 3582 test series (accuracy + AOPCR) ...
    [mlflow] versioned model 'fcn__mil_fcn__mil_conjunctive' (id=m-97188fcb0cb94e238959cc3a51ebc71e) params={'model_size_mb': '3.4727', 'n_model_params': '266777', 'name': 'fcn'}
    [mlflow] logged run 'fcn_UWaveGestureLibraryY'  (train_acc=0.8818 val_acc=0.7006 test_acc=0.7024 test_loss=0.8705)
[ 79/129] UWaveGestureLibraryY         DONE  acc=0.7024 loss=0.8705 AOPCR=  1.608 NDCG=  n/a C=  8 T=  315 (46s)  [78 trained / 0 failed so far]
[ 80/129] UWaveGestureLibraryZ
    stage 1/3: loading data ...
    stage 2/3: training on 719 series (val=177, C=8, T=315, batch=16) ...
    stage 3/3: scoring on 3582 test series (accuracy + AOPCR) ...
    [mlflow] versioned model 'fcn__mil_fcn__mil_conjunctive' (id=m-7815a10ae8844353a47f658825486ef0) params={'model_size_mb': '3.4727', 'n_model_params': '266777', 'name': 'fcn'}
    [mlflow] logged run 'fcn_UWaveGestureLibraryZ'  (train_acc=0.8303 val_acc=0.7401 test_acc=0.7085 test_loss=0.7923)
[ 80/129] UWaveGestureLibraryZ         DONE  acc=0.7085 loss=0.7923 AOPCR=  1.570 NDCG=  n/a C=  8 T=  315 (27s)  [79 trained / 0 failed so far]
[ 81/129] Wafer
    stage 1/3: loading data ...
    stage 2/3: training on 801 series (val=199, C=2, T=152, batch=16) ...
    stage 3/3: scoring on 6164 test series (accuracy + AOPCR) ...
    [mlflow] versioned model 'fcn__mil_fcn__mil_conjunctive' (id=m-b1cc617d177547d79378bce61d138950) params={'model_size_mb': '3.4698', 'n_model_params': '266003', 'name': 'fcn'}
    [mlflow] logged run 'fcn_Wafer'  (train_acc=1.0000 val_acc=1.0000 test_acc=0.9972 test_loss=0.0763)
[ 81/129] Wafer                        DONE  acc=0.9972 loss=0.0763 AOPCR=  0.768 NDCG=  n/a C=  2 T=  152 (54s)  [80 trained / 0 failed so far]
[ 82/129] Wine
    stage 1/3: loading data ...
    stage 2/3: training on 57 series (no val (train-loss early stop), C=2, T=234, batch=5) ...
    stage 3/3: scoring on 54 test series (accuracy + AOPCR) ...
    [mlflow] versioned model 'fcn__mil_fcn__mil_conjunctive' (id=m-59b3bbcff9464504972dd8c06726a88b) params={'model_size_mb': '3.4698', 'n_model_params': '266003', 'name': 'fcn'}
    [mlflow] logged run 'fcn_Wine'  (train_acc=0.5263 test_acc=0.5000 test_loss=0.6938)
[ 82/129] Wine                         DONE  acc=0.5000 loss=0.6938 AOPCR=  0.028 NDCG=  n/a C=  2 T=  234 (4s)  [81 trained / 0 failed so far]
[ 83/129] WordSynonyms
    stage 1/3: loading data ...
    stage 2/3: training on 217 series (val=50, C=25, T=270, batch=16) ...
    stage 3/3: scoring on 638 test series (accuracy + AOPCR) ...
    [mlflow] versioned model 'fcn__mil_fcn__mil_conjunctive' (id=m-4c5166f10cea4df69268917709098805) params={'model_size_mb': '3.4811', 'n_model_params': '268970', 'name': 'fcn'}
    [mlflow] logged run 'fcn_WordSynonyms'  (train_acc=1.0000 val_acc=0.7200 test_acc=0.5784 test_loss=1.5944)
[ 83/129] WordSynonyms                 DONE  acc=0.5784 loss=1.5944 AOPCR=  2.197 NDCG=  n/a C= 25 T=  270 (25s)  [82 trained / 0 failed so far]
[ 84/129] Worms
    stage 1/3: loading data ...
    stage 2/3: training on 146 series (val=35, C=5, T=900, batch=14) ...
    stage 3/3: scoring on 77 test series (accuracy + AOPCR) ...
    [mlflow] versioned model 'fcn__mil_fcn__mil_conjunctive' (id=m-2e269f2b3edb4aa7a5fa81caaf9e672b) params={'model_size_mb': '3.4713', 'n_model_params': '266390', 'name': 'fcn'}
    [mlflow] logged run 'fcn_Worms'  (train_acc=0.9521 val_acc=0.8000 test_acc=0.7273 test_loss=0.7044)
[ 84/129] Worms                        DONE  acc=0.7273 loss=0.7044 AOPCR=  2.148 NDCG=  n/a C=  5 T=  900 (20s)  [83 trained / 0 failed so far]
[ 85/129] WormsTwoClass
    stage 1/3: loading data ...
    stage 2/3: training on 145 series (val=36, C=2, T=900, batch=14) ...
    stage 3/3: scoring on 77 test series (accuracy + AOPCR) ...
    [mlflow] versioned model 'fcn__mil_fcn__mil_conjunctive' (id=m-d3172ffcebf54d9f91dbbe069922458d) params={'model_size_mb': '3.4698', 'n_model_params': '266003', 'name': 'fcn'}
    [mlflow] logged run 'fcn_WormsTwoClass'  (train_acc=0.9379 val_acc=0.8333 test_acc=0.7143 test_loss=0.5523)
[ 85/129] WormsTwoClass                DONE  acc=0.7143 loss=0.5523 AOPCR=  1.742 NDCG=  n/a C=  2 T=  900 (15s)  [84 trained / 0 failed so far]
[ 86/129] Yoga
    stage 1/3: loading data ...
    stage 2/3: training on 241 series (val=59, C=2, T=426, batch=16) ...
    stage 3/3: scoring on 3000 test series (accuracy + AOPCR) ...
    [mlflow] versioned model 'fcn__mil_fcn__mil_conjunctive' (id=m-408f705fe0de45a784459da5116356e6) params={'model_size_mb': '3.4698', 'n_model_params': '266003', 'name': 'fcn'}
    [mlflow] logged run 'fcn_Yoga'  (train_acc=0.8714 val_acc=0.8136 test_acc=0.7493 test_loss=0.5005)
[ 86/129] Yoga                         DONE  acc=0.7493 loss=0.5005 AOPCR=  2.617 NDCG=  n/a C=  2 T=  426 (21s)  [85 trained / 0 failed so far]
[ 87/129] ACSF1
    stage 1/3: loading data ...
    stage 2/3: training on 80 series (val=20, C=10, T=1460, batch=8) ...
    stage 3/3: scoring on 100 test series (accuracy + AOPCR) ...
    [mlflow] versioned model 'fcn__mil_fcn__mil_conjunctive' (id=m-f527ff8f8ed849cdb40920b582e701c4) params={'model_size_mb': '3.4737', 'n_model_params': '267035', 'name': 'fcn'}
    [mlflow] logged run 'fcn_ACSF1'  (train_acc=0.8875 val_acc=0.8000 test_acc=0.8700 test_loss=0.5551)
[ 87/129] ACSF1                        DONE  acc=0.8700 loss=0.5551 AOPCR= -0.957 NDCG=  n/a C= 10 T= 1460 (14s)  [86 trained / 0 failed so far]
[ 88/129] AllGestureWiimoteX
    stage 1/3: loading data ...
    stage 2/3: training on 240 series (val=60, C=10, T=500, batch=16) ...
    stage 3/3: scoring on 700 test series (accuracy + AOPCR) ...
    [mlflow] versioned model 'fcn__mil_fcn__mil_conjunctive' (id=m-98c83053ddad4917b87a47ebc147162f) params={'model_size_mb': '3.4737', 'n_model_params': '267035', 'name': 'fcn'}
    [mlflow] logged run 'fcn_AllGestureWiimoteX'  (train_acc=0.8792 val_acc=0.6667 test_acc=0.6371 test_loss=1.1657)
[ 88/129] AllGestureWiimoteX           DONE  acc=0.6371 loss=1.1657 AOPCR=  1.884 NDCG=  n/a C= 10 T=  500 (10s)  [87 trained / 0 failed so far]
[ 89/129] AllGestureWiimoteY
    stage 1/3: loading data ...
    stage 2/3: training on 240 series (val=60, C=10, T=500, batch=16) ...
    stage 3/3: scoring on 700 test series (accuracy + AOPCR) ...
    [mlflow] versioned model 'fcn__mil_fcn__mil_conjunctive' (id=m-f464d5a0d36549c58dd83e26846d4082) params={'model_size_mb': '3.4737', 'n_model_params': '267035', 'name': 'fcn'}
    [mlflow] logged run 'fcn_AllGestureWiimoteY'  (train_acc=0.9833 val_acc=0.7167 test_acc=0.7571 test_loss=0.8518)
[ 89/129] AllGestureWiimoteY           DONE  acc=0.7571 loss=0.8518 AOPCR=  2.242 NDCG=  n/a C= 10 T=  500 (15s)  [88 trained / 0 failed so far]
[ 90/129] AllGestureWiimoteZ
    stage 1/3: loading data ...
    stage 2/3: training on 240 series (val=60, C=10, T=500, batch=16) ...
    stage 3/3: scoring on 700 test series (accuracy + AOPCR) ...
    [mlflow] versioned model 'fcn__mil_fcn__mil_conjunctive' (id=m-885678d8717246ed8113cb61f43a044f) params={'model_size_mb': '3.4737', 'n_model_params': '267035', 'name': 'fcn'}
    [mlflow] logged run 'fcn_AllGestureWiimoteZ'  (train_acc=0.8000 val_acc=0.5500 test_acc=0.6086 test_loss=1.1047)
[ 90/129] AllGestureWiimoteZ           DONE  acc=0.6086 loss=1.1047 AOPCR=  2.093 NDCG=  n/a C= 10 T=  500 (15s)  [89 trained / 0 failed so far]
[ 91/129] BME
    stage 1/3: loading data ...
    stage 2/3: training on 30 series (no val (train-loss early stop), C=3, T=128, batch=3) ...
    stage 3/3: scoring on 150 test series (accuracy + AOPCR) ...
    [mlflow] versioned model 'fcn__mil_fcn__mil_conjunctive' (id=m-6e140f53bb0e443483d4e4159f77656a) params={'model_size_mb': '3.4703', 'n_model_params': '266132', 'name': 'fcn'}
    [mlflow] logged run 'fcn_BME'  (train_acc=1.0000 test_acc=1.0000 test_loss=0.1006)
[ 91/129] BME                          DONE  acc=1.0000 loss=0.1006 AOPCR=  1.499 NDCG=  n/a C=  3 T=  128 (15s)  [90 trained / 0 failed so far]
[ 92/129] Chinatown
    stage 1/3: loading data ...
    stage 2/3: training on 20 series (no val (train-loss early stop), C=2, T=24, batch=2) ...
    stage 3/3: scoring on 343 test series (accuracy + AOPCR) ...
    [mlflow] versioned model 'fcn__mil_fcn__mil_conjunctive' (id=m-85209a9e59d744089b7ecea5b30e1abc) params={'model_size_mb': '3.4698', 'n_model_params': '266003', 'name': 'fcn'}
    [mlflow] logged run 'fcn_Chinatown'  (train_acc=1.0000 test_acc=0.9767 test_loss=0.1388)
[ 92/129] Chinatown                    DONE  acc=0.9767 loss=0.1388 AOPCR=  0.358 NDCG=  n/a C=  2 T=   24 (7s)  [91 trained / 0 failed so far]
[ 93/129] Crop
    stage 1/3: loading data ...
    stage 2/3: training on 5760 series (val=1440, C=24, T=46, batch=16) ...
    stage 3/3: scoring on 16800 test series (accuracy + AOPCR) ...
    [mlflow] versioned model 'fcn__mil_fcn__mil_conjunctive' (id=m-2403876c50ba4ca687712308abe88544) params={'model_size_mb': '3.4806', 'n_model_params': '268841', 'name': 'fcn'}
    [mlflow] logged run 'fcn_Crop'  (train_acc=0.9089 val_acc=0.7083 test_acc=0.7105 test_loss=1.0203)
[ 93/129] Crop                         DONE  acc=0.7105 loss=1.0203 AOPCR=  0.844 NDCG=  n/a C= 24 T=   46 (138s)  [92 trained / 0 failed so far]
[ 94/129] DodgerLoopDay
    stage 1/3: loading data ...
    stage 2/3: training on 78 series (no val (train-loss early stop), C=7, T=288, batch=7) ...
    stage 3/3: scoring on 80 test series (accuracy + AOPCR) ...
    [mlflow] versioned model 'fcn__mil_fcn__mil_conjunctive' (id=m-f31cd533162d4068a8a7faa4ce4a4d75) params={'model_size_mb': '3.4722', 'n_model_params': '266648', 'name': 'fcn'}
    [mlflow] logged run 'fcn_DodgerLoopDay'  (train_acc=1.0000 test_acc=0.5000 test_loss=1.4726)
[ 94/129] DodgerLoopDay                DONE  acc=0.5000 loss=1.4726 AOPCR=  1.430 NDCG=  n/a C=  7 T=  288 (8s)  [93 trained / 0 failed so far]
[ 95/129] DodgerLoopGame
    stage 1/3: loading data ...
    stage 2/3: training on 20 series (no val (train-loss early stop), C=2, T=288, batch=2) ...
    stage 3/3: scoring on 138 test series (accuracy + AOPCR) ...
    [mlflow] versioned model 'fcn__mil_fcn__mil_conjunctive' (id=m-9203f43891fc4889beb45831129a39e4) params={'model_size_mb': '3.4698', 'n_model_params': '266003', 'name': 'fcn'}
    [mlflow] logged run 'fcn_DodgerLoopGame'  (train_acc=1.0000 test_acc=0.8043 test_loss=0.4380)
[ 95/129] DodgerLoopGame               DONE  acc=0.8043 loss=0.4380 AOPCR=  1.027 NDCG=  n/a C=  2 T=  288 (8s)  [94 trained / 0 failed so far]
[ 96/129] DodgerLoopWeekend
    stage 1/3: loading data ...
    stage 2/3: training on 20 series (no val (train-loss early stop), C=2, T=288, batch=2) ...
    stage 3/3: scoring on 138 test series (accuracy + AOPCR) ...
    [mlflow] versioned model 'fcn__mil_fcn__mil_conjunctive' (id=m-70b4f4f43e0e4011aeb3e16db85d4d53) params={'model_size_mb': '3.4698', 'n_model_params': '266003', 'name': 'fcn'}
    [mlflow] logged run 'fcn_DodgerLoopWeekend'  (train_acc=1.0000 test_acc=0.9638 test_loss=0.2052)
[ 96/129] DodgerLoopWeekend            DONE  acc=0.9638 loss=0.2052 AOPCR=  0.965 NDCG=  n/a C=  2 T=  288 (6s)  [95 trained / 0 failed so far]
[ 97/129] EOGHorizontalSignal
    stage 1/3: loading data ...
    stage 2/3: training on 290 series (val=72, C=12, T=1250, batch=16) ...
    stage 3/3: scoring on 362 test series (accuracy + AOPCR) ...
    [mlflow] versioned model 'fcn__mil_fcn__mil_conjunctive' (id=m-2e670b27d55244b9aa6001cb5fb82bc9) params={'model_size_mb': '3.4747', 'n_model_params': '267293', 'name': 'fcn'}
    [mlflow] logged run 'fcn_EOGHorizontalSignal'  (train_acc=0.9345 val_acc=0.8472 test_acc=0.5635 test_loss=1.2080)
[ 97/129] EOGHorizontalSignal          DONE  acc=0.5635 loss=1.2080 AOPCR=  2.373 NDCG=  n/a C= 12 T= 1250 (55s)  [96 trained / 0 failed so far]
[ 98/129] EOGVerticalSignal
    stage 1/3: loading data ...
    stage 2/3: training on 290 series (val=72, C=12, T=1250, batch=16) ...
    stage 3/3: scoring on 362 test series (accuracy + AOPCR) ...
    [mlflow] versioned model 'fcn__mil_fcn__mil_conjunctive' (id=m-acc1872c002a4f05890c6fb6d382b837) params={'model_size_mb': '3.4747', 'n_model_params': '267293', 'name': 'fcn'}
    [mlflow] logged run 'fcn_EOGVerticalSignal'  (train_acc=0.9379 val_acc=0.7361 test_acc=0.4834 test_loss=1.6826)
[ 98/129] EOGVerticalSignal            DONE  acc=0.4834 loss=1.6826 AOPCR=  2.690 NDCG=  n/a C= 12 T= 1250 (56s)  [97 trained / 0 failed so far]
[ 99/129] EthanolLevel
    stage 1/3: loading data ...
    stage 2/3: training on 404 series (val=100, C=4, T=1751, batch=16) ...
    stage 3/3: scoring on 500 test series (accuracy + AOPCR) ...
    [mlflow] versioned model 'fcn__mil_fcn__mil_conjunctive' (id=m-45aa859f411d418fa78243d7f7fb84cd) params={'model_size_mb': '3.4708', 'n_model_params': '266261', 'name': 'fcn'}
    [mlflow] logged run 'fcn_EthanolLevel'  (train_acc=0.3094 val_acc=0.2400 test_acc=0.2500 test_loss=1.3845)
[ 99/129] EthanolLevel                 DONE  acc=0.2500 loss=1.3845 AOPCR=  0.062 NDCG=  n/a C=  4 T= 1751 (37s)  [98 trained / 0 failed so far]
[100/129] FreezerRegularTrain
    stage 1/3: loading data ...
    stage 2/3: training on 120 series (val=30, C=2, T=301, batch=12) ...
    stage 3/3: scoring on 2850 test series (accuracy + AOPCR) ...
    [mlflow] versioned model 'fcn__mil_fcn__mil_conjunctive' (id=m-b1026b1a07b04353a9fabd4701075181) params={'model_size_mb': '3.4698', 'n_model_params': '266003', 'name': 'fcn'}
    [mlflow] logged run 'fcn_FreezerRegularTrain'  (train_acc=1.0000 val_acc=1.0000 test_acc=0.9982 test_loss=0.0963)
[100/129] FreezerRegularTrain          DONE  acc=0.9982 loss=0.0963 AOPCR=  1.794 NDCG=  n/a C=  2 T=  301 (7s)  [99 trained / 0 failed so far]
[101/129] FreezerSmallTrain
    stage 1/3: loading data ...
    stage 2/3: training on 28 series (no val (train-loss early stop), C=2, T=301, batch=2) ...
    stage 3/3: scoring on 2850 test series (accuracy + AOPCR) ...
    [mlflow] versioned model 'fcn__mil_fcn__mil_conjunctive' (id=m-b4bab5dda20f43c5b5844a959728625a) params={'model_size_mb': '3.4698', 'n_model_params': '266003', 'name': 'fcn'}
    [mlflow] logged run 'fcn_FreezerSmallTrain'  (train_acc=1.0000 test_acc=0.7832 test_loss=0.5670)
[101/129] FreezerSmallTrain            DONE  acc=0.7832 loss=0.5670 AOPCR=  0.983 NDCG=  n/a C=  2 T=  301 (18s)  [100 trained / 0 failed so far]
[102/129] Fungi
    stage 1/3: loading data ...
    stage 2/3: training on 18 series (no val (train-loss early stop), C=18, T=201, batch=2) ...
    stage 3/3: scoring on 186 test series (accuracy + AOPCR) ...
    [mlflow] versioned model 'fcn__mil_fcn__mil_conjunctive' (id=m-5d365a3a29a84af8b5b9d47d6d6f5640) params={'model_size_mb': '3.4777', 'n_model_params': '268067', 'name': 'fcn'}
    [mlflow] logged run 'fcn_Fungi'  (train_acc=1.0000 test_acc=0.9516 test_loss=0.4551)
[102/129] Fungi                        DONE  acc=0.9516 loss=0.4551 AOPCR=  1.198 NDCG=  n/a C= 18 T=  201 (13s)  [101 trained / 0 failed so far]
[103/129] GestureMidAirD1
    stage 1/3: loading data ...
    stage 2/3: training on 182 series (val=26, C=26, T=360, batch=16) ...
    stage 3/3: scoring on 130 test series (accuracy + AOPCR) ...
    [mlflow] versioned model 'fcn__mil_fcn__mil_conjunctive' (id=m-ff8be698bab14033bb8a024269caba4b) params={'model_size_mb': '3.4816', 'n_model_params': '269099', 'name': 'fcn'}
    [mlflow] logged run 'fcn_GestureMidAirD1'  (train_acc=0.9121 val_acc=0.7308 test_acc=0.6846 test_loss=1.0482)
[103/129] GestureMidAirD1              DONE  acc=0.6846 loss=1.0482 AOPCR=  2.513 NDCG=  n/a C= 26 T=  360 (10s)  [102 trained / 0 failed so far]
[104/129] GestureMidAirD2
    stage 1/3: loading data ...
    stage 2/3: training on 182 series (val=26, C=26, T=360, batch=16) ...
    stage 3/3: scoring on 130 test series (accuracy + AOPCR) ...
    [mlflow] versioned model 'fcn__mil_fcn__mil_conjunctive' (id=m-51f6788914c7422dacc4b18923d95fa0) params={'model_size_mb': '3.4816', 'n_model_params': '269099', 'name': 'fcn'}
    [mlflow] logged run 'fcn_GestureMidAirD2'  (train_acc=0.7582 val_acc=0.5769 test_acc=0.6385 test_loss=1.1260)
[104/129] GestureMidAirD2              DONE  acc=0.6385 loss=1.1260 AOPCR=  1.392 NDCG=  n/a C= 26 T=  360 (11s)  [103 trained / 0 failed so far]
[105/129] GestureMidAirD3
    stage 1/3: loading data ...
    stage 2/3: training on 182 series (val=26, C=26, T=360, batch=16) ...
    stage 3/3: scoring on 130 test series (accuracy + AOPCR) ...
    [mlflow] versioned model 'fcn__mil_fcn__mil_conjunctive' (id=m-149ecd44995e453185b02556c4a676fe) params={'model_size_mb': '3.4816', 'n_model_params': '269099', 'name': 'fcn'}
    [mlflow] logged run 'fcn_GestureMidAirD3'  (train_acc=0.7363 val_acc=0.4231 test_acc=0.3000 test_loss=2.2586)
[105/129] GestureMidAirD3              DONE  acc=0.3000 loss=2.2586 AOPCR=  2.142 NDCG=  n/a C= 26 T=  360 (11s)  [104 trained / 0 failed so far]
[106/129] GesturePebbleZ1
    stage 1/3: loading data ...
    stage 2/3: training on 107 series (val=25, C=6, T=455, batch=10) ...
    stage 3/3: scoring on 172 test series (accuracy + AOPCR) ...
    [mlflow] versioned model 'fcn__mil_fcn__mil_conjunctive' (id=m-8ffb2b7187df44769977c42a5e557dd0) params={'model_size_mb': '3.4718', 'n_model_params': '266519', 'name': 'fcn'}
    [mlflow] logged run 'fcn_GesturePebbleZ1'  (train_acc=1.0000 val_acc=1.0000 test_acc=0.8198 test_loss=0.5952)
[106/129] GesturePebbleZ1              DONE  acc=0.8198 loss=0.5952 AOPCR=  1.489 NDCG=  n/a C=  6 T=  455 (13s)  [105 trained / 0 failed so far]
[107/129] GesturePebbleZ2
    stage 1/3: loading data ...
    stage 2/3: training on 120 series (val=26, C=6, T=455, batch=12) ...
    stage 3/3: scoring on 158 test series (accuracy + AOPCR) ...
    [mlflow] versioned model 'fcn__mil_fcn__mil_conjunctive' (id=m-40a12ec769364bb0905a54944c18df3c) params={'model_size_mb': '3.4718', 'n_model_params': '266519', 'name': 'fcn'}
    [mlflow] logged run 'fcn_GesturePebbleZ2'  (train_acc=1.0000 val_acc=0.9615 test_acc=0.7468 test_loss=0.7191)
[107/129] GesturePebbleZ2              DONE  acc=0.7468 loss=0.7191 AOPCR=  1.606 NDCG=  n/a C=  6 T=  455 (7s)  [106 trained / 0 failed so far]
[108/129] GunPointAgeSpan
    stage 1/3: loading data ...
    stage 2/3: training on 109 series (val=26, C=2, T=150, batch=10) ...
    stage 3/3: scoring on 316 test series (accuracy + AOPCR) ...
    [mlflow] versioned model 'fcn__mil_fcn__mil_conjunctive' (id=m-94f564831aa04f499106faf071ba91ff) params={'model_size_mb': '3.4698', 'n_model_params': '266003', 'name': 'fcn'}
    [mlflow] logged run 'fcn_GunPointAgeSpan'  (train_acc=1.0000 val_acc=1.0000 test_acc=0.9905 test_loss=0.1044)
[108/129] GunPointAgeSpan              DONE  acc=0.9905 loss=0.1044 AOPCR=  0.843 NDCG=  n/a C=  2 T=  150 (9s)  [107 trained / 0 failed so far]
[109/129] GunPointMaleVersusFemale
    stage 1/3: loading data ...
    stage 2/3: training on 109 series (val=26, C=2, T=150, batch=10) ...
    stage 3/3: scoring on 316 test series (accuracy + AOPCR) ...
    [mlflow] versioned model 'fcn__mil_fcn__mil_conjunctive' (id=m-8a33662df7cb4033b1cd7cb064cb9ef1) params={'model_size_mb': '3.4698', 'n_model_params': '266003', 'name': 'fcn'}
    [mlflow] logged run 'fcn_GunPointMaleVersusFemale'  (train_acc=1.0000 val_acc=1.0000 test_acc=0.9968 test_loss=0.0885)
[109/129] GunPointMaleVersusFemale     DONE  acc=0.9968 loss=0.0885 AOPCR=  0.757 NDCG=  n/a C=  2 T=  150 (16s)  [108 trained / 0 failed so far]
[110/129] GunPointOldVersusYoung
    stage 1/3: loading data ...
    stage 2/3: training on 109 series (val=27, C=2, T=150, batch=10) ...
    stage 3/3: scoring on 315 test series (accuracy + AOPCR) ...
    [mlflow] versioned model 'fcn__mil_fcn__mil_conjunctive' (id=m-43814d3e5fb345b1acd6c1aba986fe74) params={'model_size_mb': '3.4698', 'n_model_params': '266003', 'name': 'fcn'}
    [mlflow] logged run 'fcn_GunPointOldVersusYoung'  (train_acc=1.0000 val_acc=1.0000 test_acc=0.9873 test_loss=0.1198)
[110/129] GunPointOldVersusYoung       DONE  acc=0.9873 loss=0.1198 AOPCR=  1.359 NDCG=  n/a C=  2 T=  150 (7s)  [109 trained / 0 failed so far]
[111/129] HouseTwenty
    stage 1/3: loading data ...
    stage 2/3: training on 40 series (no val (train-loss early stop), C=2, T=2000, batch=4) ...
    stage 3/3: scoring on 119 test series (accuracy + AOPCR) ...
    [mlflow] versioned model 'fcn__mil_fcn__mil_conjunctive' (id=m-342cdac131e34749bb378efdcd1a8d65) params={'model_size_mb': '3.4698', 'n_model_params': '266003', 'name': 'fcn'}
    [mlflow] logged run 'fcn_HouseTwenty'  (train_acc=1.0000 test_acc=0.9832 test_loss=0.1543)
[111/129] HouseTwenty                  DONE  acc=0.9832 loss=0.1543 AOPCR=  1.025 NDCG=  n/a C=  2 T= 2000 (16s)  [110 trained / 0 failed so far]
[112/129] InsectEPGRegularTrain
    stage 1/3: loading data ...
    stage 2/3: training on 62 series (no val (train-loss early stop), C=3, T=601, batch=6) ...
    stage 3/3: scoring on 249 test series (accuracy + AOPCR) ...
    [mlflow] versioned model 'fcn__mil_fcn__mil_conjunctive' (id=m-d678ad07f5734bdaaf1f7a6c28ec607a) params={'model_size_mb': '3.4703', 'n_model_params': '266132', 'name': 'fcn'}
    [mlflow] logged run 'fcn_InsectEPGRegularTrain'  (train_acc=1.0000 test_acc=1.0000 test_loss=0.1484)
[112/129] InsectEPGRegularTrain        DONE  acc=1.0000 loss=0.1484 AOPCR=  1.356 NDCG=  n/a C=  3 T=  601 (14s)  [111 trained / 0 failed so far]
[113/129] InsectEPGSmallTrain
    stage 1/3: loading data ...
    stage 2/3: training on 17 series (no val (train-loss early stop), C=3, T=601, batch=2) ...
    stage 3/3: scoring on 249 test series (accuracy + AOPCR) ...
    [mlflow] versioned model 'fcn__mil_fcn__mil_conjunctive' (id=m-d816493d5c8445869eee53bb6bd6ecc6) params={'model_size_mb': '3.4703', 'n_model_params': '266132', 'name': 'fcn'}
    [mlflow] logged run 'fcn_InsectEPGSmallTrain'  (train_acc=1.0000 test_acc=0.9157 test_loss=0.3169)
[113/129] InsectEPGSmallTrain          DONE  acc=0.9157 loss=0.3169 AOPCR=  1.441 NDCG=  n/a C=  3 T=  601 (10s)  [112 trained / 0 failed so far]
[114/129] MelbournePedestrian
    stage 1/3: loading data ...
    stage 2/3: training on 956 series (val=238, C=10, T=24, batch=16) ...
    stage 3/3: scoring on 2439 test series (accuracy + AOPCR) ...
    [mlflow] versioned model 'fcn__mil_fcn__mil_conjunctive' (id=m-bb7c849ae3c949988c84283727a0d3a3) params={'model_size_mb': '3.4737', 'n_model_params': '267035', 'name': 'fcn'}
    [mlflow] logged run 'fcn_MelbournePedestrian'  (train_acc=1.0000 val_acc=0.9034 test_acc=0.8905 test_loss=0.4445)
[114/129] MelbournePedestrian          DONE  acc=0.8905 loss=0.4445 AOPCR=  0.545 NDCG=  n/a C= 10 T=   24 (45s)  [113 trained / 0 failed so far]
[115/129] MixedShapesRegularTrain
    stage 1/3: loading data ...
    stage 2/3: training on 400 series (val=100, C=5, T=1024, batch=16) ...
    stage 3/3: scoring on 2425 test series (accuracy + AOPCR) ...
    [mlflow] versioned model 'fcn__mil_fcn__mil_conjunctive' (id=m-32f04a4857b24531883c53efc54be64a) params={'model_size_mb': '3.4713', 'n_model_params': '266390', 'name': 'fcn'}
    [mlflow] logged run 'fcn_MixedShapesRegularTrain'  (train_acc=1.0000 val_acc=0.9800 test_acc=0.9600 test_loss=0.2344)
[115/129] MixedShapesRegularTrain      DONE  acc=0.9600 loss=0.2344 AOPCR=  1.517 NDCG=  n/a C=  5 T= 1024 (55s)  [114 trained / 0 failed so far]
[116/129] MixedShapesSmallTrain
    stage 1/3: loading data ...
    stage 2/3: training on 80 series (val=20, C=5, T=1024, batch=8) ...
    stage 3/3: scoring on 2425 test series (accuracy + AOPCR) ...
    [mlflow] versioned model 'fcn__mil_fcn__mil_conjunctive' (id=m-218a3c4a76af4f21b8179466860bb0b7) params={'model_size_mb': '3.4713', 'n_model_params': '266390', 'name': 'fcn'}
    [mlflow] logged run 'fcn_MixedShapesSmallTrain'  (train_acc=1.0000 val_acc=0.9500 test_acc=0.8990 test_loss=0.3718)
[116/129] MixedShapesSmallTrain        DONE  acc=0.8990 loss=0.3718 AOPCR=  2.797 NDCG=  n/a C=  5 T= 1024 (17s)  [115 trained / 0 failed so far]
[117/129] PLAID
    stage 1/3: loading data ...
    stage 2/3: training on 436 series (val=101, C=11, T=1344, batch=16) ...
    stage 3/3: scoring on 537 test series (accuracy + AOPCR) ...
    [mlflow] versioned model 'fcn__mil_fcn__mil_conjunctive' (id=m-d26a92f441e94093ad2b6ab6287a3403) params={'model_size_mb': '3.4742', 'n_model_params': '267164', 'name': 'fcn'}
    [mlflow] logged run 'fcn_PLAID'  (train_acc=0.9404 val_acc=0.8812 test_acc=0.8622 test_loss=0.4872)
[117/129] PLAID                        DONE  acc=0.8622 loss=0.4872 AOPCR=  1.180 NDCG=  n/a C= 11 T= 1344 (77s)  [116 trained / 0 failed so far]
[118/129] PickupGestureWiimoteZ
    stage 1/3: loading data ...
    stage 2/3: training on 50 series (no val (train-loss early stop), C=10, T=361, batch=5) ...
    stage 3/3: scoring on 50 test series (accuracy + AOPCR) ...
    [mlflow] versioned model 'fcn__mil_fcn__mil_conjunctive' (id=m-34b94122ce7244a0b5d60ff4ea5e9818) params={'model_size_mb': '3.4737', 'n_model_params': '267035', 'name': 'fcn'}
    [mlflow] logged run 'fcn_PickupGestureWiimoteZ'  (train_acc=1.0000 test_acc=0.6600 test_loss=0.8983)
[118/129] PickupGestureWiimoteZ        DONE  acc=0.6600 loss=0.8983 AOPCR=  1.580 NDCG=  n/a C= 10 T=  361 (17s)  [117 trained / 0 failed so far]
[119/129] PigAirwayPressure
    stage 1/3: loading data ...
    stage 2/3: training on 52 series (val=52, C=52, T=2000, batch=5) ...
    stage 3/3: scoring on 208 test series (accuracy + AOPCR) ...
    [mlflow] versioned model 'fcn__mil_fcn__mil_conjunctive' (id=m-9bd19456a70545db994d4b668daa5c23) params={'model_size_mb': '3.4944', 'n_model_params': '272453', 'name': 'fcn'}
    [mlflow] logged run 'fcn_PigAirwayPressure'  (train_acc=0.0385 val_acc=0.0385 test_acc=0.0481 test_loss=3.8406)
[119/129] PigAirwayPressure            DONE  acc=0.0481 loss=3.8406 AOPCR=  0.079 NDCG=  n/a C= 52 T= 2000 (4s)  [118 trained / 0 failed so far]
[120/129] PigArtPressure
    stage 1/3: loading data ...
    stage 2/3: training on 52 series (val=52, C=52, T=2000, batch=5) ...
    stage 3/3: scoring on 208 test series (accuracy + AOPCR) ...
    [mlflow] versioned model 'fcn__mil_fcn__mil_conjunctive' (id=m-0ed12edc24db4c3f809eb77ce7149add) params={'model_size_mb': '3.4944', 'n_model_params': '272453', 'name': 'fcn'}
    [mlflow] logged run 'fcn_PigArtPressure'  (train_acc=1.0000 val_acc=0.7885 test_acc=0.8654 test_loss=0.5985)
[120/129] PigArtPressure               DONE  acc=0.8654 loss=0.5985 AOPCR=  2.423 NDCG=  n/a C= 52 T= 2000 (24s)  [119 trained / 0 failed so far]
[121/129] PigCVP
    stage 1/3: loading data ...
    stage 2/3: training on 52 series (val=52, C=52, T=2000, batch=5) ...
    stage 3/3: scoring on 208 test series (accuracy + AOPCR) ...
    [mlflow] versioned model 'fcn__mil_fcn__mil_conjunctive' (id=m-f1f9bc6351404cf5865ca9035825b797) params={'model_size_mb': '3.4944', 'n_model_params': '272453', 'name': 'fcn'}
    [mlflow] logged run 'fcn_PigCVP'  (train_acc=0.9808 val_acc=0.4423 test_acc=0.5913 test_loss=1.9570)
[121/129] PigCVP                       DONE  acc=0.5913 loss=1.9570 AOPCR=  2.686 NDCG=  n/a C= 52 T= 2000 (24s)  [120 trained / 0 failed so far]
[122/129] PowerCons
    stage 1/3: loading data ...
    stage 2/3: training on 144 series (val=36, C=2, T=144, batch=14) ...
    stage 3/3: scoring on 180 test series (accuracy + AOPCR) ...
    [mlflow] versioned model 'fcn__mil_fcn__mil_conjunctive' (id=m-f40e100e64e147fdb0aad461f32a9e03) params={'model_size_mb': '3.4698', 'n_model_params': '266003', 'name': 'fcn'}
    [mlflow] logged run 'fcn_PowerCons'  (train_acc=1.0000 val_acc=0.9167 test_acc=0.8667 test_loss=0.3510)
[122/129] PowerCons                    DONE  acc=0.8667 loss=0.3510 AOPCR=  0.838 NDCG=  n/a C=  2 T=  144 (7s)  [121 trained / 0 failed so far]
[123/129] Rock
    stage 1/3: loading data ...
    stage 2/3: training on 20 series (no val (train-loss early stop), C=4, T=2844, batch=2) ...
    stage 3/3: scoring on 50 test series (accuracy + AOPCR) ...
    [mlflow] versioned model 'fcn__mil_fcn__mil_conjunctive' (id=m-b3c05a4ff183463bb6ece8d6eeadeec2) params={'model_size_mb': '3.4708', 'n_model_params': '266261', 'name': 'fcn'}
    [mlflow] logged run 'fcn_Rock'  (train_acc=1.0000 test_acc=0.6400 test_loss=0.8534)
[123/129] Rock                         DONE  acc=0.6400 loss=0.8534 AOPCR=  1.953 NDCG=  n/a C=  4 T= 2844 (17s)  [122 trained / 0 failed so far]
[124/129] SemgHandGenderCh2
    stage 1/3: loading data ...
    stage 2/3: training on 240 series (val=60, C=2, T=1500, batch=16) ...
    stage 3/3: scoring on 600 test series (accuracy + AOPCR) ...
    [mlflow] versioned model 'fcn__mil_fcn__mil_conjunctive' (id=m-ea312beaa9be4881a5305beb7f609e9d) params={'model_size_mb': '3.4698', 'n_model_params': '266003', 'name': 'fcn'}
    [mlflow] logged run 'fcn_SemgHandGenderCh2'  (train_acc=1.0000 val_acc=0.8500 test_acc=0.8917 test_loss=0.3053)
[124/129] SemgHandGenderCh2            DONE  acc=0.8917 loss=0.3053 AOPCR=  3.164 NDCG=  n/a C=  2 T= 1500 (22s)  [123 trained / 0 failed so far]
[125/129] SemgHandMovementCh2
    stage 1/3: loading data ...
    stage 2/3: training on 360 series (val=90, C=6, T=1500, batch=16) ...
    stage 3/3: scoring on 450 test series (accuracy + AOPCR) ...
    [mlflow] versioned model 'fcn__mil_fcn__mil_conjunctive' (id=m-41ad868e178a4c9fa90200d026728361) params={'model_size_mb': '3.4718', 'n_model_params': '266519', 'name': 'fcn'}
    [mlflow] logged run 'fcn_SemgHandMovementCh2'  (train_acc=0.5139 val_acc=0.4444 test_acc=0.4511 test_loss=1.3962)
[125/129] SemgHandMovementCh2          DONE  acc=0.4511 loss=1.3962 AOPCR=  1.514 NDCG=  n/a C=  6 T= 1500 (22s)  [124 trained / 0 failed so far]
[126/129] SemgHandSubjectCh2
    stage 1/3: loading data ...
    stage 2/3: training on 360 series (val=90, C=5, T=1500, batch=16) ...
    stage 3/3: scoring on 450 test series (accuracy + AOPCR) ...
    [mlflow] versioned model 'fcn__mil_fcn__mil_conjunctive' (id=m-b2cd89bf67ea46559f2741d057978245) params={'model_size_mb': '3.4713', 'n_model_params': '266390', 'name': 'fcn'}
    [mlflow] logged run 'fcn_SemgHandSubjectCh2'  (train_acc=0.8028 val_acc=0.8000 test_acc=0.7067 test_loss=0.8540)
[126/129] SemgHandSubjectCh2           DONE  acc=0.7067 loss=0.8540 AOPCR=  2.122 NDCG=  n/a C=  5 T= 1500 (20s)  [125 trained / 0 failed so far]
[127/129] ShakeGestureWiimoteZ
    stage 1/3: loading data ...
    stage 2/3: training on 50 series (no val (train-loss early stop), C=10, T=385, batch=5) ...
    stage 3/3: scoring on 50 test series (accuracy + AOPCR) ...
    [mlflow] versioned model 'fcn__mil_fcn__mil_conjunctive' (id=m-a9f32c18ba784fa3a89d1dad6d4af04b) params={'model_size_mb': '3.4737', 'n_model_params': '267035', 'name': 'fcn'}
    [mlflow] logged run 'fcn_ShakeGestureWiimoteZ'  (train_acc=1.0000 test_acc=0.8800 test_loss=0.5975)
[127/129] ShakeGestureWiimoteZ         DONE  acc=0.8800 loss=0.5975 AOPCR=  1.255 NDCG=  n/a C= 10 T=  385 (13s)  [126 trained / 0 failed so far]
[128/129] SmoothSubspace
    stage 1/3: loading data ...
    stage 2/3: training on 120 series (val=30, C=3, T=15, batch=12) ...
    stage 3/3: scoring on 150 test series (accuracy + AOPCR) ...
    [mlflow] versioned model 'fcn__mil_fcn__mil_conjunctive' (id=m-f529ff168d8e4c7faa5bbf6ef8faf211) params={'model_size_mb': '3.4703', 'n_model_params': '266132', 'name': 'fcn'}
    [mlflow] logged run 'fcn_SmoothSubspace'  (train_acc=1.0000 val_acc=1.0000 test_acc=0.9733 test_loss=0.1847)
[128/129] SmoothSubspace               DONE  acc=0.9733 loss=0.1847 AOPCR=  0.896 NDCG=  n/a C=  3 T=   15 (4s)  [127 trained / 0 failed so far]
[129/129] UMD
    stage 1/3: loading data ...
    stage 2/3: training on 36 series (no val (train-loss early stop), C=3, T=150, batch=3) ...
    stage 3/3: scoring on 144 test series (accuracy + AOPCR) ...
    [mlflow] versioned model 'fcn__mil_fcn__mil_conjunctive' (id=m-4e43ed802a4f496b9d8821e15dd0b000) params={'model_size_mb': '3.4703', 'n_model_params': '266132', 'name': 'fcn'}
    [mlflow] logged run 'fcn_UMD'  (train_acc=1.0000 test_acc=0.9931 test_loss=0.1451)
[129/129] UMD                          DONE  acc=0.9931 loss=0.1451 AOPCR=  1.446 NDCG=  n/a C=  3 T=  150 (18s)  [128 trained / 0 failed so far]

Done: 128 trained, 1 skipped, 0 failed.
Results -> results/SEA_NET/fcn__mil_fcn__mil_conjunctive/results.csv

=== fcn__mil_fcn__mil_conjunctive vs MILLET ConjunctiveInceptionTime (mean of 5 reps) ===
  UCR datasets evaluated: 128  (with MILLET baseline: 85, without: 43)
  metric        ours    MILLET   win/tie/loss   (mean over the 85 datasets MILLET published)
  acc         0.8141    0.8445       21/12/52   
  loss        0.5727    1.2241        55/1/29   (lower is better)
  aopcr       1.3777    4.5532         5/3/77   
  wrote results/SEA_NET/fcn__mil_fcn__mil_conjunctive/comparison_vs_millet.csv

Next: `python main.py report` to draw the figures for fcn__mil_fcn__mil_conjunctive.

[log] finished; full output saved to results/SEA_NET/fcn__mil_fcn__mil_conjunctive/logs/train_2026-07-28_20-56-07.log
