[log] command 'train' started at 2026-08-04_17-52-35 for model 'seanet_bottleneck_topk__sea_mstcn_sep_bottleneck__sea_topk_conjunctive'
[log] a copy of everything below is being saved to: results/SEA_NET/seanet_bottleneck_topk__sea_mstcn_sep_bottleneck__sea_topk_conjunctive/logs/train_2026-08-04_17-52-35.log

=== train: model=seanet_bottleneck_topk__sea_mstcn_sep_bottleneck__sea_topk_conjunctive (config sv4/seanet_bottleneck_topk) device=cuda mode=full datasets=129 ===
[params] using DEFAULT recipe (no Optuna record yet - run 'python main.py optuna --model sv4/seanet_bottleneck_topk').
  results  -> results/SEA_NET/seanet_bottleneck_topk__sea_mstcn_sep_bottleneck__sea_topk_conjunctive/results.csv
  resume   -> results/SEA_NET/seanet_bottleneck_topk__sea_mstcn_sep_bottleneck__sea_topk_conjunctive/done_train_dataset.txt  (delete it to retrain everything; delete one line to retrain that dataset)

  [mlflow] logging runs to experiment 'SEA-Net_seanet_bottleneck_topk__sea_mstcn_sep_bottleneck__sea_topk_conjunctive_2026-08-04' at sqlite:///mlflow.db
  [mlflow] browse later with:  mlflow ui --backend-store-uri sqlite:///mlflow.db
[  1/129] WebTraffic
    stage 1/3: loading data ...
    stage 2/3: training on 400 series (val=100, C=10, T=1008, batch=16) ...
    stage 3/3: scoring on 500 test series (accuracy + AOPCR + NDCG) ...
    [mlflow] versioned model 'seanet_bottleneck_topk__sea_mstcn_sep_bottleneck__sea_topk_conjunctive' (id=m-fc3320d38389461daf3eaded400c8622) params={'model_size_mb': '1.4279', 'n_model_params': '41324', 'name': 'seanet_bottleneck_topk'}
    [mlflow] logged run 'seanet_bottleneck_topk_WebTraffic'  (train_acc=1.0000 val_acc=0.9700 test_acc=0.9660 test_loss=0.2358)
[  1/129] WebTraffic                   DONE  acc=0.9660 loss=0.2358 AOPCR=  2.378 NDCG=0.758 C= 10 T= 1008 (106s)  [1 trained / 0 failed so far]
[  2/129] Adiac
    stage 1/3: loading data ...
    stage 2/3: training on 328 series (val=62, C=37, T=176, batch=16) ...
    stage 3/3: scoring on 391 test series (accuracy + AOPCR) ...
    [mlflow] versioned model 'seanet_bottleneck_topk__sea_mstcn_sep_bottleneck__sea_topk_conjunctive' (id=m-17aec57c488742cfb3d779290dcd77ad) params={'model_size_mb': '1.4355', 'n_model_params': '43322', 'name': 'seanet_bottleneck_topk'}
    [mlflow] logged run 'seanet_bottleneck_topk_Adiac'  (train_acc=0.9024 val_acc=0.7419 test_acc=0.7238 test_loss=0.9047)
[  2/129] Adiac                        DONE  acc=0.7238 loss=0.9047 AOPCR= -0.748 NDCG=  n/a C= 37 T=  176 (38s)  [2 trained / 0 failed so far]
[  3/129] ArrowHead
    stage 1/3: loading data ...
    stage 2/3: training on 36 series (no val (train-loss early stop), C=3, T=251, batch=3) ...
    stage 3/3: scoring on 175 test series (accuracy + AOPCR) ...
    [mlflow] versioned model 'seanet_bottleneck_topk__sea_mstcn_sep_bottleneck__sea_topk_conjunctive' (id=m-67c783188f534317917fd855593cd0d6) params={'model_size_mb': '1.4259', 'n_model_params': '40806', 'name': 'seanet_bottleneck_topk'}
    [mlflow] logged run 'seanet_bottleneck_topk_ArrowHead'  (train_acc=1.0000 test_acc=0.8743 test_loss=0.3871)
[  3/129] ArrowHead                    DONE  acc=0.8743 loss=0.3871 AOPCR=  0.053 NDCG=  n/a C=  3 T=  251 (25s)  [3 trained / 0 failed so far]
[  4/129] Beef
    stage 1/3: loading data ...
    stage 2/3: training on 30 series (no val (train-loss early stop), C=5, T=470, batch=3) ...
    stage 3/3: scoring on 30 test series (accuracy + AOPCR) ...
    [mlflow] versioned model 'seanet_bottleneck_topk__sea_mstcn_sep_bottleneck__sea_topk_conjunctive' (id=m-327cc408c8cf4ba3b961670b6edac495) params={'model_size_mb': '1.4265', 'n_model_params': '40954', 'name': 'seanet_bottleneck_topk'}
    [mlflow] logged run 'seanet_bottleneck_topk_Beef'  (train_acc=1.0000 test_acc=0.8333 test_loss=0.5010)
[  4/129] Beef                         DONE  acc=0.8333 loss=0.5010 AOPCR=  1.823 NDCG=  n/a C=  5 T=  470 (34s)  [4 trained / 0 failed so far]
[  5/129] BeetleFly
    stage 1/3: loading data ...
    stage 2/3: training on 20 series (no val (train-loss early stop), C=2, T=512, batch=2) ...
    stage 3/3: scoring on 20 test series (accuracy + AOPCR) ...
    [mlflow] versioned model 'seanet_bottleneck_topk__sea_mstcn_sep_bottleneck__sea_topk_conjunctive' (id=m-6218785e7d3b4ae38540336eedc9cf74) params={'model_size_mb': '1.4257', 'n_model_params': '40732', 'name': 'seanet_bottleneck_topk'}
    [mlflow] logged run 'seanet_bottleneck_topk_BeetleFly'  (train_acc=1.0000 test_acc=0.9000 test_loss=0.3493)
[  5/129] BeetleFly                    DONE  acc=0.9000 loss=0.3493 AOPCR=  1.033 NDCG=  n/a C=  2 T=  512 (28s)  [5 trained / 0 failed so far]
[  6/129] BirdChicken
    stage 1/3: loading data ...
    stage 2/3: training on 20 series (no val (train-loss early stop), C=2, T=512, batch=2) ...
    stage 3/3: scoring on 20 test series (accuracy + AOPCR) ...
    [mlflow] versioned model 'seanet_bottleneck_topk__sea_mstcn_sep_bottleneck__sea_topk_conjunctive' (id=m-87c11341b54c455aab4483e7e34698db) params={'model_size_mb': '1.4257', 'n_model_params': '40732', 'name': 'seanet_bottleneck_topk'}
    [mlflow] logged run 'seanet_bottleneck_topk_BirdChicken'  (train_acc=1.0000 test_acc=0.8500 test_loss=0.3568)
[  6/129] BirdChicken                  DONE  acc=0.8500 loss=0.3568 AOPCR=  0.769 NDCG=  n/a C=  2 T=  512 (15s)  [6 trained / 0 failed so far]
[  7/129] Car
    stage 1/3: loading data ...
    stage 2/3: training on 60 series (no val (train-loss early stop), C=4, T=577, batch=6) ...
    stage 3/3: scoring on 60 test series (accuracy + AOPCR) ...
    [mlflow] versioned model 'seanet_bottleneck_topk__sea_mstcn_sep_bottleneck__sea_topk_conjunctive' (id=m-74b0c81209b743d989a86d2e87c61b09) params={'model_size_mb': '1.4262', 'n_model_params': '40880', 'name': 'seanet_bottleneck_topk'}
    [mlflow] logged run 'seanet_bottleneck_topk_Car'  (train_acc=1.0000 test_acc=0.8667 test_loss=0.4542)
[  7/129] Car                          DONE  acc=0.8667 loss=0.4542 AOPCR=  1.975 NDCG=  n/a C=  4 T=  577 (41s)  [7 trained / 0 failed so far]
[  8/129] CBF
    stage 1/3: loading data ...
    stage 2/3: training on 30 series (no val (train-loss early stop), C=3, T=128, batch=3) ...
    stage 3/3: scoring on 900 test series (accuracy + AOPCR) ...
    [mlflow] versioned model 'seanet_bottleneck_topk__sea_mstcn_sep_bottleneck__sea_topk_conjunctive' (id=m-e5fee867c94c4fe28422e6c5df303fcc) params={'model_size_mb': '1.4259', 'n_model_params': '40806', 'name': 'seanet_bottleneck_topk'}
    [mlflow] logged run 'seanet_bottleneck_topk_CBF'  (train_acc=1.0000 test_acc=0.9922 test_loss=0.1055)
[  8/129] CBF                          DONE  acc=0.9922 loss=0.1055 AOPCR=  1.076 NDCG=  n/a C=  3 T=  128 (16s)  [8 trained / 0 failed so far]
[  9/129] ChlorineConcentration
    stage 1/3: loading data ...
    stage 2/3: training on 375 series (val=92, C=3, T=166, batch=16) ...
    stage 3/3: scoring on 3840 test series (accuracy + AOPCR) ...
    [mlflow] versioned model 'seanet_bottleneck_topk__sea_mstcn_sep_bottleneck__sea_topk_conjunctive' (id=m-6785712c47b34127af6c55713e895597) params={'model_size_mb': '1.4259', 'n_model_params': '40806', 'name': 'seanet_bottleneck_topk'}
    [mlflow] logged run 'seanet_bottleneck_topk_ChlorineConcentration'  (train_acc=0.7627 val_acc=0.6848 test_acc=0.6419 test_loss=0.8317)
[  9/129] ChlorineConcentration        DONE  acc=0.6419 loss=0.8317 AOPCR= -0.104 NDCG=  n/a C=  3 T=  166 (63s)  [9 trained / 0 failed so far]
[ 10/129] CinCECGTorso
    stage 1/3: loading data ...
    stage 2/3: training on 40 series (no val (train-loss early stop), C=4, T=1639, batch=4) ...
    stage 3/3: scoring on 1380 test series (accuracy + AOPCR) ...
    [mlflow] versioned model 'seanet_bottleneck_topk__sea_mstcn_sep_bottleneck__sea_topk_conjunctive' (id=m-80256eabc730490990a2cdfcbc6a8020) params={'model_size_mb': '1.4262', 'n_model_params': '40880', 'name': 'seanet_bottleneck_topk'}
    [mlflow] logged run 'seanet_bottleneck_topk_CinCECGTorso'  (train_acc=1.0000 test_acc=0.7609 test_loss=0.6312)
[ 10/129] CinCECGTorso                 DONE  acc=0.7609 loss=0.6312 AOPCR=  1.732 NDCG=  n/a C=  4 T= 1639 (29s)  [10 trained / 0 failed so far]
[ 11/129] Coffee
    stage 1/3: loading data ...
    stage 2/3: training on 28 series (no val (train-loss early stop), C=2, T=286, batch=2) ...
    stage 3/3: scoring on 28 test series (accuracy + AOPCR) ...
    [mlflow] versioned model 'seanet_bottleneck_topk__sea_mstcn_sep_bottleneck__sea_topk_conjunctive' (id=m-0dfd7c7871f74bba9d8af89e5a9c618e) params={'model_size_mb': '1.4257', 'n_model_params': '40732', 'name': 'seanet_bottleneck_topk'}
    [mlflow] logged run 'seanet_bottleneck_topk_Coffee'  (train_acc=1.0000 test_acc=1.0000 test_loss=0.0660)
[ 11/129] Coffee                       DONE  acc=1.0000 loss=0.0660 AOPCR=  0.782 NDCG=  n/a C=  2 T=  286 (21s)  [11 trained / 0 failed so far]
[ 12/129] Computers
    stage 1/3: loading data ...
    stage 2/3: training on 200 series (val=50, C=2, T=720, batch=16) ...
    stage 3/3: scoring on 250 test series (accuracy + AOPCR) ...
    [mlflow] versioned model 'seanet_bottleneck_topk__sea_mstcn_sep_bottleneck__sea_topk_conjunctive' (id=m-b398f24d6f214d448b5e8730bfc6661b) params={'model_size_mb': '1.4257', 'n_model_params': '40732', 'name': 'seanet_bottleneck_topk'}
    [mlflow] logged run 'seanet_bottleneck_topk_Computers'  (train_acc=1.0000 val_acc=0.8400 test_acc=0.7120 test_loss=0.6762)
[ 12/129] Computers                    DONE  acc=0.7120 loss=0.6762 AOPCR=  0.752 NDCG=  n/a C=  2 T=  720 (24s)  [12 trained / 0 failed so far]
[ 13/129] CricketX
    stage 1/3: loading data ...
    stage 2/3: training on 317 series (val=73, C=12, T=300, batch=16) ...
    stage 3/3: scoring on 390 test series (accuracy + AOPCR) ...
    [mlflow] versioned model 'seanet_bottleneck_topk__sea_mstcn_sep_bottleneck__sea_topk_conjunctive' (id=m-bfb4611fd9834499b4054ceb2eee9d42) params={'model_size_mb': '1.4284', 'n_model_params': '41472', 'name': 'seanet_bottleneck_topk'}
    [mlflow] logged run 'seanet_bottleneck_topk_CricketX'  (train_acc=1.0000 val_acc=0.9041 test_acc=0.8026 test_loss=0.6671)
[ 13/129] CricketX                     DONE  acc=0.8026 loss=0.6671 AOPCR=  1.625 NDCG=  n/a C= 12 T=  300 (65s)  [13 trained / 0 failed so far]
[ 14/129] CricketY
    stage 1/3: loading data ...
    stage 2/3: training on 317 series (val=73, C=12, T=300, batch=16) ...
    stage 3/3: scoring on 390 test series (accuracy + AOPCR) ...
    [mlflow] versioned model 'seanet_bottleneck_topk__sea_mstcn_sep_bottleneck__sea_topk_conjunctive' (id=m-229c2596a1614448be7f2769fa67b509) params={'model_size_mb': '1.4284', 'n_model_params': '41472', 'name': 'seanet_bottleneck_topk'}
    [mlflow] logged run 'seanet_bottleneck_topk_CricketY'  (train_acc=1.0000 val_acc=0.8767 test_acc=0.8179 test_loss=0.6496)
[ 14/129] CricketY                     DONE  acc=0.8179 loss=0.6496 AOPCR=  1.588 NDCG=  n/a C= 12 T=  300 (42s)  [14 trained / 0 failed so far]
[ 15/129] CricketZ
    stage 1/3: loading data ...
    stage 2/3: training on 316 series (val=74, C=12, T=300, batch=16) ...
    stage 3/3: scoring on 390 test series (accuracy + AOPCR) ...
    [mlflow] versioned model 'seanet_bottleneck_topk__sea_mstcn_sep_bottleneck__sea_topk_conjunctive' (id=m-f682490ba36d46f39443b8764555a135) params={'model_size_mb': '1.4284', 'n_model_params': '41472', 'name': 'seanet_bottleneck_topk'}
    [mlflow] logged run 'seanet_bottleneck_topk_CricketZ'  (train_acc=1.0000 val_acc=0.8784 test_acc=0.8385 test_loss=0.6297)
[ 15/129] CricketZ                     DONE  acc=0.8385 loss=0.6297 AOPCR=  1.607 NDCG=  n/a C= 12 T=  300 (62s)  [15 trained / 0 failed so far]
[ 16/129] DiatomSizeReduction
    stage 1/3: loading data ...
    stage 2/3: training on 16 series (no val (train-loss early stop), C=4, T=345, batch=2) ...
    stage 3/3: scoring on 306 test series (accuracy + AOPCR) ...
    [mlflow] versioned model 'seanet_bottleneck_topk__sea_mstcn_sep_bottleneck__sea_topk_conjunctive' (id=m-88cde8549d9c450e9b7fc566a7c45988) params={'model_size_mb': '1.4262', 'n_model_params': '40880', 'name': 'seanet_bottleneck_topk'}
    [mlflow] logged run 'seanet_bottleneck_topk_DiatomSizeReduction'  (train_acc=1.0000 test_acc=0.9379 test_loss=0.2507)
[ 16/129] DiatomSizeReduction          DONE  acc=0.9379 loss=0.2507 AOPCR=  3.032 NDCG=  n/a C=  4 T=  345 (22s)  [16 trained / 0 failed so far]
[ 17/129] DistalPhalanxOutlineAgeGroup
    stage 1/3: loading data ...
    stage 2/3: training on 321 series (val=79, C=3, T=80, batch=16) ...
    stage 3/3: scoring on 139 test series (accuracy + AOPCR) ...
    [mlflow] versioned model 'seanet_bottleneck_topk__sea_mstcn_sep_bottleneck__sea_topk_conjunctive' (id=m-bceab1254b9d4490b314f936e05b27be) params={'model_size_mb': '1.4259', 'n_model_params': '40806', 'name': 'seanet_bottleneck_topk'}
    [mlflow] logged run 'seanet_bottleneck_topk_DistalPhalanxOutlineAgeGroup'  (train_acc=0.8598 val_acc=0.8481 test_acc=0.7266 test_loss=0.5817)
[ 17/129] DistalPhalanxOutlineAgeGroup DONE  acc=0.7266 loss=0.5817 AOPCR=  0.494 NDCG=  n/a C=  3 T=   80 (18s)  [17 trained / 0 failed so far]
[ 18/129] DistalPhalanxOutlineCorrect
    stage 1/3: loading data ...
    stage 2/3: training on 481 series (val=119, C=2, T=80, batch=16) ...
    stage 3/3: scoring on 276 test series (accuracy + AOPCR) ...
    [mlflow] versioned model 'seanet_bottleneck_topk__sea_mstcn_sep_bottleneck__sea_topk_conjunctive' (id=m-a6e6d1ff075e494ebb2e8e165fa620c7) params={'model_size_mb': '1.4257', 'n_model_params': '40732', 'name': 'seanet_bottleneck_topk'}
    [mlflow] logged run 'seanet_bottleneck_topk_DistalPhalanxOutlineCorrect'  (train_acc=0.9002 val_acc=0.8319 test_acc=0.7645 test_loss=0.5084)
[ 18/129] DistalPhalanxOutlineCorrect  DONE  acc=0.7645 loss=0.5084 AOPCR=  0.704 NDCG=  n/a C=  2 T=   80 (34s)  [18 trained / 0 failed so far]
[ 19/129] DistalPhalanxTW
    stage 1/3: loading data ...
    stage 2/3: training on 323 series (val=77, C=6, T=80, batch=16) ...
    stage 3/3: scoring on 139 test series (accuracy + AOPCR) ...
    [mlflow] versioned model 'seanet_bottleneck_topk__sea_mstcn_sep_bottleneck__sea_topk_conjunctive' (id=m-6b1664f92978432789df6f41ffcbf328) params={'model_size_mb': '1.4268', 'n_model_params': '41028', 'name': 'seanet_bottleneck_topk'}
    [mlflow] logged run 'seanet_bottleneck_topk_DistalPhalanxTW'  (train_acc=0.8328 val_acc=0.7792 test_acc=0.7122 test_loss=0.7771)
[ 19/129] DistalPhalanxTW              DONE  acc=0.7122 loss=0.7771 AOPCR=  1.404 NDCG=  n/a C=  6 T=   80 (24s)  [19 trained / 0 failed so far]
[ 20/129] Earthquakes
    stage 1/3: loading data ...
    stage 2/3: training on 259 series (val=63, C=2, T=512, batch=16) ...
    stage 3/3: scoring on 139 test series (accuracy + AOPCR) ...
    [mlflow] versioned model 'seanet_bottleneck_topk__sea_mstcn_sep_bottleneck__sea_topk_conjunctive' (id=m-afa61c4b23894cb29ad6f2f38e48ec54) params={'model_size_mb': '1.4257', 'n_model_params': '40732', 'name': 'seanet_bottleneck_topk'}
    [mlflow] logged run 'seanet_bottleneck_topk_Earthquakes'  (train_acc=0.8185 val_acc=0.8254 test_acc=0.7482 test_loss=0.5089)
[ 20/129] Earthquakes                  DONE  acc=0.7482 loss=0.5089 AOPCR=  0.181 NDCG=  n/a C=  2 T=  512 (11s)  [20 trained / 0 failed so far]
[ 21/129] ECG200
    stage 1/3: loading data ...
    stage 2/3: training on 81 series (val=19, C=2, T=96, batch=8) ...
    stage 3/3: scoring on 100 test series (accuracy + AOPCR) ...
    [mlflow] versioned model 'seanet_bottleneck_topk__sea_mstcn_sep_bottleneck__sea_topk_conjunctive' (id=m-433f9eddf443402197e21c2e6ace3f21) params={'model_size_mb': '1.4257', 'n_model_params': '40732', 'name': 'seanet_bottleneck_topk'}
    [mlflow] logged run 'seanet_bottleneck_topk_ECG200'  (train_acc=0.9136 val_acc=1.0000 test_acc=0.8800 test_loss=0.3031)
[ 21/129] ECG200                       DONE  acc=0.8800 loss=0.3031 AOPCR= -0.062 NDCG=  n/a C=  2 T=   96 (8s)  [21 trained / 0 failed so far]
[ 22/129] ECG5000
    stage 1/3: loading data ...
    stage 2/3: training on 401 series (val=99, C=5, T=140, batch=16) ...
    stage 3/3: scoring on 4500 test series (accuracy + AOPCR) ...
    [mlflow] versioned model 'seanet_bottleneck_topk__sea_mstcn_sep_bottleneck__sea_topk_conjunctive' (id=m-182ecdf8d8d043de81e26413c91c7905) params={'model_size_mb': '1.4265', 'n_model_params': '40954', 'name': 'seanet_bottleneck_topk'}
    [mlflow] logged run 'seanet_bottleneck_topk_ECG5000'  (train_acc=0.9676 val_acc=0.9596 test_acc=0.9427 test_loss=0.2817)
[ 22/129] ECG5000                      DONE  acc=0.9427 loss=0.2817 AOPCR=  0.646 NDCG=  n/a C=  5 T=  140 (19s)  [22 trained / 0 failed so far]
[ 23/129] ECGFiveDays
    stage 1/3: loading data ...
    stage 2/3: training on 23 series (no val (train-loss early stop), C=2, T=136, batch=2) ...
    stage 3/3: scoring on 861 test series (accuracy + AOPCR) ...
    [mlflow] versioned model 'seanet_bottleneck_topk__sea_mstcn_sep_bottleneck__sea_topk_conjunctive' (id=m-7aa96a814f3841d6aaa2d68b0fcecce6) params={'model_size_mb': '1.4257', 'n_model_params': '40732', 'name': 'seanet_bottleneck_topk'}
    [mlflow] logged run 'seanet_bottleneck_topk_ECGFiveDays'  (train_acc=1.0000 test_acc=1.0000 test_loss=0.0535)
[ 23/129] ECGFiveDays                  DONE  acc=1.0000 loss=0.0535 AOPCR= -0.997 NDCG=  n/a C=  2 T=  136 (18s)  [23 trained / 0 failed so far]
[ 24/129] ElectricDevices
    stage 1/3: loading data ...
    stage 2/3: training on 7144 series (val=1782, C=7, T=96, batch=16) ...
    stage 3/3: scoring on 7711 test series (accuracy + AOPCR) ...
    [mlflow] versioned model 'seanet_bottleneck_topk__sea_mstcn_sep_bottleneck__sea_topk_conjunctive' (id=m-fff0d25736764d349c851ba0c45398d5) params={'model_size_mb': '1.427', 'n_model_params': '41102', 'name': 'seanet_bottleneck_topk'}
    [mlflow] logged run 'seanet_bottleneck_topk_ElectricDevices'  (train_acc=0.9507 val_acc=0.9085 test_acc=0.7212 test_loss=0.9482)
[ 24/129] ElectricDevices              DONE  acc=0.7212 loss=0.9482 AOPCR=  0.481 NDCG=  n/a C=  7 T=   96 (1510s)  [24 trained / 0 failed so far]
[ 25/129] FaceAll
    stage 1/3: loading data ...
    stage 2/3: training on 448 series (val=112, C=14, T=131, batch=16) ...
    stage 3/3: scoring on 1690 test series (accuracy + AOPCR) ...
    [mlflow] versioned model 'seanet_bottleneck_topk__sea_mstcn_sep_bottleneck__sea_topk_conjunctive' (id=m-37e769ceb8c44bb79a11ce3bd8890325) params={'model_size_mb': '1.429', 'n_model_params': '41620', 'name': 'seanet_bottleneck_topk'}
    [mlflow] logged run 'seanet_bottleneck_topk_FaceAll'  (train_acc=1.0000 val_acc=0.9732 test_acc=0.7982 test_loss=0.8182)
[ 25/129] FaceAll                      DONE  acc=0.7982 loss=0.8182 AOPCR=  0.746 NDCG=  n/a C= 14 T=  131 (67s)  [25 trained / 0 failed so far]
[ 26/129] FaceFour
    stage 1/3: loading data ...
    stage 2/3: training on 24 series (no val (train-loss early stop), C=4, T=350, batch=2) ...
    stage 3/3: scoring on 88 test series (accuracy + AOPCR) ...
    [mlflow] versioned model 'seanet_bottleneck_topk__sea_mstcn_sep_bottleneck__sea_topk_conjunctive' (id=m-8a0ec73159154b5283565ad4b07d51ea) params={'model_size_mb': '1.4262', 'n_model_params': '40880', 'name': 'seanet_bottleneck_topk'}
    [mlflow] logged run 'seanet_bottleneck_topk_FaceFour'  (train_acc=1.0000 test_acc=0.9545 test_loss=0.1772)
[ 26/129] FaceFour                     DONE  acc=0.9545 loss=0.1772 AOPCR=  1.327 NDCG=  n/a C=  4 T=  350 (14s)  [26 trained / 0 failed so far]
[ 27/129] FacesUCR
    stage 1/3: loading data ...
    stage 2/3: training on 165 series (val=35, C=14, T=131, batch=16) ...
    stage 3/3: scoring on 2050 test series (accuracy + AOPCR) ...
    [mlflow] versioned model 'seanet_bottleneck_topk__sea_mstcn_sep_bottleneck__sea_topk_conjunctive' (id=m-c79d9e52bf6440a7baa40ab883d18fe2) params={'model_size_mb': '1.429', 'n_model_params': '41620', 'name': 'seanet_bottleneck_topk'}
    [mlflow] logged run 'seanet_bottleneck_topk_FacesUCR'  (train_acc=1.0000 val_acc=0.9714 test_acc=0.9488 test_loss=0.2620)
[ 27/129] FacesUCR                     DONE  acc=0.9488 loss=0.2620 AOPCR=  0.883 NDCG=  n/a C= 14 T=  131 (21s)  [27 trained / 0 failed so far]
[ 28/129] FiftyWords
    stage 1/3: loading data ...
    stage 2/3: training on 365 series (val=85, C=50, T=270, batch=16) ...
    stage 3/3: scoring on 455 test series (accuracy + AOPCR) ...
    [mlflow] versioned model 'seanet_bottleneck_topk__sea_mstcn_sep_bottleneck__sea_topk_conjunctive' (id=m-04a2bbe261d94a9695cc56dc40638a8e) params={'model_size_mb': '1.4392', 'n_model_params': '44284', 'name': 'seanet_bottleneck_topk'}
    [mlflow] logged run 'seanet_bottleneck_topk_FiftyWords'  (train_acc=1.0000 val_acc=0.8118 test_acc=0.8000 test_loss=0.9196)
[ 28/129] FiftyWords                   DONE  acc=0.8000 loss=0.9196 AOPCR=  2.005 NDCG=  n/a C= 50 T=  270 (53s)  [28 trained / 0 failed so far]
[ 29/129] Fish
    stage 1/3: loading data ...
    stage 2/3: training on 142 series (val=33, C=7, T=463, batch=14) ...
    stage 3/3: scoring on 175 test series (accuracy + AOPCR) ...
    [mlflow] versioned model 'seanet_bottleneck_topk__sea_mstcn_sep_bottleneck__sea_topk_conjunctive' (id=m-021655640772416789d86254b1fee613) params={'model_size_mb': '1.427', 'n_model_params': '41102', 'name': 'seanet_bottleneck_topk'}
    [mlflow] logged run 'seanet_bottleneck_topk_Fish'  (train_acc=1.0000 val_acc=0.9697 test_acc=0.9600 test_loss=0.2123)
[ 29/129] Fish                         DONE  acc=0.9600 loss=0.2123 AOPCR=  1.088 NDCG=  n/a C=  7 T=  463 (44s)  [29 trained / 0 failed so far]
[ 30/129] FordA
    stage 1/3: loading data ...
    stage 2/3: training on 2881 series (val=720, C=2, T=500, batch=16) ...
    stage 3/3: scoring on 1320 test series (accuracy + AOPCR) ...
    [mlflow] versioned model 'seanet_bottleneck_topk__sea_mstcn_sep_bottleneck__sea_topk_conjunctive' (id=m-f46134f6c6e64ffbb997263727b9e43f) params={'model_size_mb': '1.4257', 'n_model_params': '40732', 'name': 'seanet_bottleneck_topk'}
    [mlflow] logged run 'seanet_bottleneck_topk_FordA'  (train_acc=0.9826 val_acc=0.9569 test_acc=0.9652 test_loss=0.1338)
[ 30/129] FordA                        DONE  acc=0.9652 loss=0.1338 AOPCR=  1.092 NDCG=  n/a C=  2 T=  500 (165s)  [30 trained / 0 failed so far]
[ 31/129] FordB
    stage 1/3: loading data ...
    stage 2/3: training on 2909 series (val=727, C=2, T=500, batch=16) ...
    stage 3/3: scoring on 810 test series (accuracy + AOPCR) ...
    [mlflow] versioned model 'seanet_bottleneck_topk__sea_mstcn_sep_bottleneck__sea_topk_conjunctive' (id=m-1865333be3d44bd88ea777b51f659f24) params={'model_size_mb': '1.4257', 'n_model_params': '40732', 'name': 'seanet_bottleneck_topk'}
    [mlflow] logged run 'seanet_bottleneck_topk_FordB'  (train_acc=0.9811 val_acc=0.9519 test_acc=0.8358 test_loss=0.3821)
[ 31/129] FordB                        DONE  acc=0.8358 loss=0.3821 AOPCR=  0.077 NDCG=  n/a C=  2 T=  500 (139s)  [31 trained / 0 failed so far]
[ 32/129] GunPoint
    stage 1/3: loading data ...
    stage 2/3: training on 50 series (no val (train-loss early stop), C=2, T=150, batch=5) ...
    stage 3/3: scoring on 150 test series (accuracy + AOPCR) ...
    [mlflow] versioned model 'seanet_bottleneck_topk__sea_mstcn_sep_bottleneck__sea_topk_conjunctive' (id=m-26d60982befc44a9bf3ab1a89902e0f6) params={'model_size_mb': '1.4257', 'n_model_params': '40732', 'name': 'seanet_bottleneck_topk'}
    [mlflow] logged run 'seanet_bottleneck_topk_GunPoint'  (train_acc=1.0000 test_acc=0.9867 test_loss=0.0849)
[ 32/129] GunPoint                     DONE  acc=0.9867 loss=0.0849 AOPCR=  1.143 NDCG=  n/a C=  2 T=  150 (38s)  [32 trained / 0 failed so far]
[ 33/129] Ham
    stage 1/3: loading data ...
    stage 2/3: training on 88 series (val=21, C=2, T=431, batch=8) ...
    stage 3/3: scoring on 105 test series (accuracy + AOPCR) ...
    [mlflow] versioned model 'seanet_bottleneck_topk__sea_mstcn_sep_bottleneck__sea_topk_conjunctive' (id=m-b7272a29493b492abcd5d612faf7531f) params={'model_size_mb': '1.4257', 'n_model_params': '40732', 'name': 'seanet_bottleneck_topk'}
    [mlflow] logged run 'seanet_bottleneck_topk_Ham'  (train_acc=1.0000 val_acc=0.9048 test_acc=0.7333 test_loss=0.5629)
[ 33/129] Ham                          DONE  acc=0.7333 loss=0.5629 AOPCR=  1.612 NDCG=  n/a C=  2 T=  431 (11s)  [33 trained / 0 failed so far]
[ 34/129] HandOutlines
    stage 1/3: loading data ...
    stage 2/3: training on 801 series (val=199, C=2, T=2709, batch=16) ...
    stage 3/3: scoring on 370 test series (accuracy + AOPCR) ...
    [mlflow] versioned model 'seanet_bottleneck_topk__sea_mstcn_sep_bottleneck__sea_topk_conjunctive' (id=m-b91afbfd496c4a258018db792f0c5a2d) params={'model_size_mb': '1.4257', 'n_model_params': '40732', 'name': 'seanet_bottleneck_topk'}
    [mlflow] logged run 'seanet_bottleneck_topk_HandOutlines'  (train_acc=0.9813 val_acc=0.9548 test_acc=0.9486 test_loss=0.1709)
[ 34/129] HandOutlines                 DONE  acc=0.9486 loss=0.1709 AOPCR=  0.921 NDCG=  n/a C=  2 T= 2709 (281s)  [34 trained / 0 failed so far]
[ 35/129] Haptics
    stage 1/3: loading data ...
    stage 2/3: training on 127 series (val=28, C=5, T=1092, batch=12) ...
    stage 3/3: scoring on 308 test series (accuracy + AOPCR) ...
    [mlflow] versioned model 'seanet_bottleneck_topk__sea_mstcn_sep_bottleneck__sea_topk_conjunctive' (id=m-67b63d36a77a43de95f30cb97b51b8a2) params={'model_size_mb': '1.4265', 'n_model_params': '40954', 'name': 'seanet_bottleneck_topk'}
    [mlflow] logged run 'seanet_bottleneck_topk_Haptics'  (train_acc=0.8425 val_acc=0.5357 test_acc=0.4773 test_loss=1.4440)
[ 35/129] Haptics                      DONE  acc=0.4773 loss=1.4440 AOPCR=  1.524 NDCG=  n/a C=  5 T= 1092 (11s)  [35 trained / 0 failed so far]
[ 36/129] Herring
    stage 1/3: loading data ...
    stage 2/3: training on 64 series (no val (train-loss early stop), C=2, T=512, batch=6) ...
    stage 3/3: scoring on 64 test series (accuracy + AOPCR) ...
    [mlflow] versioned model 'seanet_bottleneck_topk__sea_mstcn_sep_bottleneck__sea_topk_conjunctive' (id=m-dcf03e99587a4606acdad17256bc48fc) params={'model_size_mb': '1.4257', 'n_model_params': '40732', 'name': 'seanet_bottleneck_topk'}
    [mlflow] logged run 'seanet_bottleneck_topk_Herring'  (train_acc=1.0000 test_acc=0.6094 test_loss=1.2270)
[ 36/129] Herring                      DONE  acc=0.6094 loss=1.2270 AOPCR=  1.209 NDCG=  n/a C=  2 T=  512 (20s)  [36 trained / 0 failed so far]
[ 37/129] InlineSkate
    stage 1/3: loading data ...
    stage 2/3: training on 84 series (val=16, C=7, T=1882, batch=8) ...
    stage 3/3: scoring on 550 test series (accuracy + AOPCR) ...
    [mlflow] versioned model 'seanet_bottleneck_topk__sea_mstcn_sep_bottleneck__sea_topk_conjunctive' (id=m-cc36579d38c74926b37386cce3f03ed2) params={'model_size_mb': '1.427', 'n_model_params': '41102', 'name': 'seanet_bottleneck_topk'}
    [mlflow] logged run 'seanet_bottleneck_topk_InlineSkate'  (train_acc=0.2857 val_acc=0.2500 test_acc=0.1618 test_loss=1.9145)
[ 37/129] InlineSkate                  DONE  acc=0.1618 loss=1.9145 AOPCR=  0.764 NDCG=  n/a C=  7 T= 1882 (7s)  [37 trained / 0 failed so far]
[ 38/129] InsectWingbeatSound
    stage 1/3: loading data ...
    stage 2/3: training on 176 series (val=44, C=11, T=256, batch=16) ...
    stage 3/3: scoring on 1980 test series (accuracy + AOPCR) ...
    [mlflow] versioned model 'seanet_bottleneck_topk__sea_mstcn_sep_bottleneck__sea_topk_conjunctive' (id=m-817f16c2a8d7441fb8ac32f78cb2b74b) params={'model_size_mb': '1.4281', 'n_model_params': '41398', 'name': 'seanet_bottleneck_topk'}
    [mlflow] logged run 'seanet_bottleneck_topk_InsectWingbeatSound'  (train_acc=0.8580 val_acc=0.6591 test_acc=0.6333 test_loss=0.9616)
[ 38/129] InsectWingbeatSound          DONE  acc=0.6333 loss=0.9616 AOPCR=  1.012 NDCG=  n/a C= 11 T=  256 (10s)  [38 trained / 0 failed so far]
[ 39/129] ItalyPowerDemand
    stage 1/3: loading data ...
    stage 2/3: training on 67 series (no val (train-loss early stop), C=2, T=24, batch=6) ...
    stage 3/3: scoring on 1029 test series (accuracy + AOPCR) ...
    [mlflow] versioned model 'seanet_bottleneck_topk__sea_mstcn_sep_bottleneck__sea_topk_conjunctive' (id=m-133fcbd6b1954abeae505a347c5865e6) params={'model_size_mb': '1.4257', 'n_model_params': '40732', 'name': 'seanet_bottleneck_topk'}
    [mlflow] logged run 'seanet_bottleneck_topk_ItalyPowerDemand'  (train_acc=1.0000 test_acc=0.9689 test_loss=0.1347)
[ 39/129] ItalyPowerDemand             DONE  acc=0.9689 loss=0.1347 AOPCR=  0.683 NDCG=  n/a C=  2 T=   24 (36s)  [39 trained / 0 failed so far]
[ 40/129] LargeKitchenAppliances
    stage 1/3: loading data ...
    stage 2/3: training on 300 series (val=75, C=3, T=720, batch=16) ...
    stage 3/3: scoring on 375 test series (accuracy + AOPCR) ...
    [mlflow] versioned model 'seanet_bottleneck_topk__sea_mstcn_sep_bottleneck__sea_topk_conjunctive' (id=m-ed47ab205ba540d7a91a89aeaea62ccd) params={'model_size_mb': '1.4259', 'n_model_params': '40806', 'name': 'seanet_bottleneck_topk'}
    [mlflow] logged run 'seanet_bottleneck_topk_LargeKitchenAppliances'  (train_acc=1.0000 val_acc=0.9333 test_acc=0.9013 test_loss=0.3746)
[ 40/129] LargeKitchenAppliances       DONE  acc=0.9013 loss=0.3746 AOPCR=  2.656 NDCG=  n/a C=  3 T=  720 (46s)  [40 trained / 0 failed so far]
[ 41/129] Lightning2
    stage 1/3: loading data ...
    stage 2/3: training on 60 series (no val (train-loss early stop), C=2, T=637, batch=6) ...
    stage 3/3: scoring on 61 test series (accuracy + AOPCR) ...
    [mlflow] versioned model 'seanet_bottleneck_topk__sea_mstcn_sep_bottleneck__sea_topk_conjunctive' (id=m-a43b89c0f12442a49721abc91f65bf53) params={'model_size_mb': '1.4257', 'n_model_params': '40732', 'name': 'seanet_bottleneck_topk'}
    [mlflow] logged run 'seanet_bottleneck_topk_Lightning2'  (train_acc=1.0000 test_acc=0.8361 test_loss=0.3843)
[ 41/129] Lightning2                   DONE  acc=0.8361 loss=0.3843 AOPCR=  1.276 NDCG=  n/a C=  2 T=  637 (12s)  [41 trained / 0 failed so far]
[ 42/129] Lightning7
    stage 1/3: loading data ...
    stage 2/3: training on 70 series (no val (train-loss early stop), C=7, T=319, batch=7) ...
    stage 3/3: scoring on 73 test series (accuracy + AOPCR) ...
    [mlflow] versioned model 'seanet_bottleneck_topk__sea_mstcn_sep_bottleneck__sea_topk_conjunctive' (id=m-83e1c83bdf9545ffbcbca5bad2264731) params={'model_size_mb': '1.427', 'n_model_params': '41102', 'name': 'seanet_bottleneck_topk'}
    [mlflow] logged run 'seanet_bottleneck_topk_Lightning7'  (train_acc=1.0000 test_acc=0.7260 test_loss=0.7091)
[ 42/129] Lightning7                   DONE  acc=0.7260 loss=0.7091 AOPCR=  1.480 NDCG=  n/a C=  7 T=  319 (22s)  [42 trained / 0 failed so far]
[ 43/129] Mallat
    stage 1/3: loading data ...
    stage 2/3: training on 55 series (no val (train-loss early stop), C=8, T=1024, batch=5) ...
    stage 3/3: scoring on 2345 test series (accuracy + AOPCR) ...
    [mlflow] versioned model 'seanet_bottleneck_topk__sea_mstcn_sep_bottleneck__sea_topk_conjunctive' (id=m-60518ff8f3044c95b6746177fe58bf67) params={'model_size_mb': '1.4273', 'n_model_params': '41176', 'name': 'seanet_bottleneck_topk'}
    [mlflow] logged run 'seanet_bottleneck_topk_Mallat'  (train_acc=1.0000 test_acc=0.7599 test_loss=0.8051)
[ 43/129] Mallat                       DONE  acc=0.7599 loss=0.8051 AOPCR=  1.896 NDCG=  n/a C=  8 T= 1024 (35s)  [43 trained / 0 failed so far]
[ 44/129] Meat
    stage 1/3: loading data ...
    stage 2/3: training on 60 series (no val (train-loss early stop), C=3, T=448, batch=6) ...
    stage 3/3: scoring on 60 test series (accuracy + AOPCR) ...
    [mlflow] versioned model 'seanet_bottleneck_topk__sea_mstcn_sep_bottleneck__sea_topk_conjunctive' (id=m-e2eba39eda4f40c6a77983758ce44fbd) params={'model_size_mb': '1.4259', 'n_model_params': '40806', 'name': 'seanet_bottleneck_topk'}
    [mlflow] logged run 'seanet_bottleneck_topk_Meat'  (train_acc=1.0000 test_acc=0.8333 test_loss=0.3876)
[ 44/129] Meat                         DONE  acc=0.8333 loss=0.3876 AOPCR=  1.727 NDCG=  n/a C=  3 T=  448 (17s)  [44 trained / 0 failed so far]
[ 45/129] MedicalImages
    stage 1/3: loading data ...
    stage 2/3: training on 307 series (val=74, C=10, T=99, batch=16) ...
    stage 3/3: scoring on 760 test series (accuracy + AOPCR) ...
    [mlflow] versioned model 'seanet_bottleneck_topk__sea_mstcn_sep_bottleneck__sea_topk_conjunctive' (id=m-b28e710a86f14487934ba2d8e9d42bbb) params={'model_size_mb': '1.4279', 'n_model_params': '41324', 'name': 'seanet_bottleneck_topk'}
    [mlflow] logged run 'seanet_bottleneck_topk_MedicalImages'  (train_acc=0.9837 val_acc=0.8108 test_acc=0.7789 test_loss=0.7545)
[ 45/129] MedicalImages                DONE  acc=0.7789 loss=0.7545 AOPCR=  0.859 NDCG=  n/a C= 10 T=   99 (38s)  [45 trained / 0 failed so far]
[ 46/129] MiddlePhalanxOutlineAgeGroup
    stage 1/3: loading data ...
    stage 2/3: training on 321 series (val=79, C=3, T=80, batch=16) ...
    stage 3/3: scoring on 154 test series (accuracy + AOPCR) ...
    [mlflow] versioned model 'seanet_bottleneck_topk__sea_mstcn_sep_bottleneck__sea_topk_conjunctive' (id=m-abe09ec392b34ec8b55831dd8230f960) params={'model_size_mb': '1.4259', 'n_model_params': '40806', 'name': 'seanet_bottleneck_topk'}
    [mlflow] logged run 'seanet_bottleneck_topk_MiddlePhalanxOutlineAgeGroup'  (train_acc=0.8349 val_acc=0.7848 test_acc=0.5325 test_loss=0.9276)
[ 46/129] MiddlePhalanxOutlineAgeGroup DONE  acc=0.5325 loss=0.9276 AOPCR=  0.445 NDCG=  n/a C=  3 T=   80 (41s)  [46 trained / 0 failed so far]
[ 47/129] MiddlePhalanxOutlineCorrect
    stage 1/3: loading data ...
    stage 2/3: training on 481 series (val=119, C=2, T=80, batch=16) ...
    stage 3/3: scoring on 291 test series (accuracy + AOPCR) ...
    [mlflow] versioned model 'seanet_bottleneck_topk__sea_mstcn_sep_bottleneck__sea_topk_conjunctive' (id=m-14f3b3ab5950490f8ff95cba9194fca7) params={'model_size_mb': '1.4257', 'n_model_params': '40732', 'name': 'seanet_bottleneck_topk'}
    [mlflow] logged run 'seanet_bottleneck_topk_MiddlePhalanxOutlineCorrect'  (train_acc=0.8773 val_acc=0.8403 test_acc=0.8007 test_loss=0.4478)
[ 47/129] MiddlePhalanxOutlineCorrect  DONE  acc=0.8007 loss=0.4478 AOPCR=  1.283 NDCG=  n/a C=  2 T=   80 (81s)  [47 trained / 0 failed so far]
[ 48/129] MiddlePhalanxTW
    stage 1/3: loading data ...
    stage 2/3: training on 321 series (val=78, C=6, T=80, batch=16) ...
    stage 3/3: scoring on 154 test series (accuracy + AOPCR) ...
    [mlflow] versioned model 'seanet_bottleneck_topk__sea_mstcn_sep_bottleneck__sea_topk_conjunctive' (id=m-ddb234dfb4274328897b0ae106133122) params={'model_size_mb': '1.4268', 'n_model_params': '41028', 'name': 'seanet_bottleneck_topk'}
    [mlflow] logged run 'seanet_bottleneck_topk_MiddlePhalanxTW'  (train_acc=0.6604 val_acc=0.6795 test_acc=0.5714 test_loss=1.0868)
[ 48/129] MiddlePhalanxTW              DONE  acc=0.5714 loss=1.0868 AOPCR=  0.722 NDCG=  n/a C=  6 T=   80 (41s)  [48 trained / 0 failed so far]
[ 49/129] MoteStrain
    stage 1/3: loading data ...
    stage 2/3: training on 20 series (no val (train-loss early stop), C=2, T=84, batch=2) ...
    stage 3/3: scoring on 1252 test series (accuracy + AOPCR) ...
    [mlflow] versioned model 'seanet_bottleneck_topk__sea_mstcn_sep_bottleneck__sea_topk_conjunctive' (id=m-e4de954c395144c6a67b310ea09e9add) params={'model_size_mb': '1.4257', 'n_model_params': '40732', 'name': 'seanet_bottleneck_topk'}
    [mlflow] logged run 'seanet_bottleneck_topk_MoteStrain'  (train_acc=1.0000 test_acc=0.8802 test_loss=0.2887)
[ 49/129] MoteStrain                   DONE  acc=0.8802 loss=0.2887 AOPCR=  0.640 NDCG=  n/a C=  2 T=   84 (23s)  [49 trained / 0 failed so far]
[ 50/129] NonInvasiveFetalECGThorax1
    stage 1/3: loading data ...
    stage 2/3: training on 1452 series (val=348, C=42, T=750, batch=16) ...
    stage 3/3: scoring on 1965 test series (accuracy + AOPCR) ...
    [mlflow] versioned model 'seanet_bottleneck_topk__sea_mstcn_sep_bottleneck__sea_topk_conjunctive' (id=m-f973a3129c684d28bf9d33151f206309) params={'model_size_mb': '1.4369', 'n_model_params': '43692', 'name': 'seanet_bottleneck_topk'}
    [mlflow] logged run 'seanet_bottleneck_topk_NonInvasiveFetalECGThorax1'  (train_acc=0.9105 val_acc=0.8333 test_acc=0.8539 test_loss=0.5017)
[ 50/129] NonInvasiveFetalECGThorax1   DONE  acc=0.8539 loss=0.5017 AOPCR=  1.941 NDCG=  n/a C= 42 T=  750 (159s)  [50 trained / 0 failed so far]
[ 51/129] NonInvasiveFetalECGThorax2
    stage 1/3: loading data ...
    stage 2/3: training on 1452 series (val=348, C=42, T=750, batch=16) ...
    stage 3/3: scoring on 1965 test series (accuracy + AOPCR) ...
    [mlflow] versioned model 'seanet_bottleneck_topk__sea_mstcn_sep_bottleneck__sea_topk_conjunctive' (id=m-b5408f18840f4be88f069f28503a4bf0) params={'model_size_mb': '1.4369', 'n_model_params': '43692', 'name': 'seanet_bottleneck_topk'}
    [mlflow] logged run 'seanet_bottleneck_topk_NonInvasiveFetalECGThorax2'  (train_acc=0.9098 val_acc=0.8592 test_acc=0.8687 test_loss=0.5216)
[ 51/129] NonInvasiveFetalECGThorax2   DONE  acc=0.8687 loss=0.5216 AOPCR=  1.491 NDCG=  n/a C= 42 T=  750 (234s)  [51 trained / 0 failed so far]
[ 52/129] OliveOil
    stage 1/3: loading data ...
    stage 2/3: training on 30 series (no val (train-loss early stop), C=4, T=570, batch=3) ...
    stage 3/3: scoring on 30 test series (accuracy + AOPCR) ...
    [mlflow] versioned model 'seanet_bottleneck_topk__sea_mstcn_sep_bottleneck__sea_topk_conjunctive' (id=m-f73191de3ccb4d2ea92d365bda4617de) params={'model_size_mb': '1.4262', 'n_model_params': '40880', 'name': 'seanet_bottleneck_topk'}
    [mlflow] logged run 'seanet_bottleneck_topk_OliveOil'  (train_acc=0.4333 test_acc=0.4000 test_loss=1.3007)
[ 52/129] OliveOil                     DONE  acc=0.4000 loss=1.3007 AOPCR= -0.154 NDCG=  n/a C=  4 T=  570 (9s)  [52 trained / 0 failed so far]
[ 53/129] OSULeaf
    stage 1/3: loading data ...
    stage 2/3: training on 163 series (val=37, C=6, T=427, batch=16) ...
    stage 3/3: scoring on 242 test series (accuracy + AOPCR) ...
    [mlflow] versioned model 'seanet_bottleneck_topk__sea_mstcn_sep_bottleneck__sea_topk_conjunctive' (id=m-0d5bf981921a4ffeb6bf45910a5c3ad6) params={'model_size_mb': '1.4268', 'n_model_params': '41028', 'name': 'seanet_bottleneck_topk'}
    [mlflow] logged run 'seanet_bottleneck_topk_OSULeaf'  (train_acc=1.0000 val_acc=0.9459 test_acc=0.8760 test_loss=0.4626)
[ 53/129] OSULeaf                      DONE  acc=0.8760 loss=0.4626 AOPCR=  1.044 NDCG=  n/a C=  6 T=  427 (19s)  [53 trained / 0 failed so far]
[ 54/129] PhalangesOutlinesCorrect
    stage 1/3: loading data ...
    stage 2/3: training on 1441 series (val=359, C=2, T=80, batch=16) ...
    stage 3/3: scoring on 858 test series (accuracy + AOPCR) ...
    [mlflow] versioned model 'seanet_bottleneck_topk__sea_mstcn_sep_bottleneck__sea_topk_conjunctive' (id=m-de1d12cbe48647829524d9a5a7c82b6e) params={'model_size_mb': '1.4257', 'n_model_params': '40732', 'name': 'seanet_bottleneck_topk'}
    [mlflow] logged run 'seanet_bottleneck_topk_PhalangesOutlinesCorrect'  (train_acc=0.8931 val_acc=0.8384 test_acc=0.8182 test_loss=0.4119)
[ 54/129] PhalangesOutlinesCorrect     DONE  acc=0.8182 loss=0.4119 AOPCR= -0.057 NDCG=  n/a C=  2 T=   80 (107s)  [54 trained / 0 failed so far]
[ 55/129] Phoneme
    stage 1/3: loading data ...
    stage 2/3: training on 171 series (val=43, C=39, T=1024, batch=16) ...
    stage 3/3: scoring on 1896 test series (accuracy + AOPCR) ...
    [mlflow] versioned model 'seanet_bottleneck_topk__sea_mstcn_sep_bottleneck__sea_topk_conjunctive' (id=m-e901f114ba484939be7c638c0c1de631) params={'model_size_mb': '1.436', 'n_model_params': '43470', 'name': 'seanet_bottleneck_topk'}
    [mlflow] logged run 'seanet_bottleneck_topk_Phoneme'  (train_acc=0.5614 val_acc=0.2791 test_acc=0.2389 test_loss=2.9344)
[ 55/129] Phoneme                      DONE  acc=0.2389 loss=2.9344 AOPCR=  1.829 NDCG=  n/a C= 39 T= 1024 (9s)  [55 trained / 0 failed so far]
[ 56/129] Plane
    stage 1/3: loading data ...
    stage 2/3: training on 87 series (val=18, C=7, T=144, batch=8) ...
    stage 3/3: scoring on 105 test series (accuracy + AOPCR) ...
    [mlflow] versioned model 'seanet_bottleneck_topk__sea_mstcn_sep_bottleneck__sea_topk_conjunctive' (id=m-a79c46dbfa2c4f9e82253d77cbfb840e) params={'model_size_mb': '1.427', 'n_model_params': '41102', 'name': 'seanet_bottleneck_topk'}
    [mlflow] logged run 'seanet_bottleneck_topk_Plane'  (train_acc=1.0000 val_acc=1.0000 test_acc=1.0000 test_loss=0.0616)
[ 56/129] Plane                        DONE  acc=1.0000 loss=0.0616 AOPCR=  1.488 NDCG=  n/a C=  7 T=  144 (12s)  [56 trained / 0 failed so far]
[ 57/129] ProximalPhalanxOutlineAgeGroup
    stage 1/3: loading data ...
    stage 2/3: training on 322 series (val=78, C=3, T=80, batch=16) ...
    stage 3/3: scoring on 205 test series (accuracy + AOPCR) ...
    [mlflow] versioned model 'seanet_bottleneck_topk__sea_mstcn_sep_bottleneck__sea_topk_conjunctive' (id=m-4d404e50a33b4396a328a66733b31898) params={'model_size_mb': '1.4259', 'n_model_params': '40806', 'name': 'seanet_bottleneck_topk'}
    [mlflow] logged run 'seanet_bottleneck_topk_ProximalPhalanxOutlineAgeGroup'  (train_acc=0.8634 val_acc=0.8590 test_acc=0.8537 test_loss=0.4000)
[ 57/129] ProximalPhalanxOutlineAgeGroup DONE  acc=0.8537 loss=0.4000 AOPCR= -0.304 NDCG=  n/a C=  3 T=   80 (23s)  [57 trained / 0 failed so far]
[ 58/129] ProximalPhalanxOutlineCorrect
    stage 1/3: loading data ...
    stage 2/3: training on 481 series (val=119, C=2, T=80, batch=16) ...
    stage 3/3: scoring on 291 test series (accuracy + AOPCR) ...
    [mlflow] versioned model 'seanet_bottleneck_topk__sea_mstcn_sep_bottleneck__sea_topk_conjunctive' (id=m-dcfab0df26284a7899384cf4956ab37d) params={'model_size_mb': '1.4257', 'n_model_params': '40732', 'name': 'seanet_bottleneck_topk'}
    [mlflow] logged run 'seanet_bottleneck_topk_ProximalPhalanxOutlineCorrect'  (train_acc=0.9480 val_acc=0.9244 test_acc=0.8866 test_loss=0.2593)
[ 58/129] ProximalPhalanxOutlineCorrect DONE  acc=0.8866 loss=0.2593 AOPCR= -1.014 NDCG=  n/a C=  2 T=   80 (56s)  [58 trained / 0 failed so far]
[ 59/129] ProximalPhalanxTW
    stage 1/3: loading data ...
    stage 2/3: training on 322 series (val=78, C=6, T=80, batch=16) ...
    stage 3/3: scoring on 205 test series (accuracy + AOPCR) ...
    [mlflow] versioned model 'seanet_bottleneck_topk__sea_mstcn_sep_bottleneck__sea_topk_conjunctive' (id=m-d4d14f12ea7f431eb4995335914d81f8) params={'model_size_mb': '1.4268', 'n_model_params': '41028', 'name': 'seanet_bottleneck_topk'}
    [mlflow] logged run 'seanet_bottleneck_topk_ProximalPhalanxTW'  (train_acc=0.8230 val_acc=0.8462 test_acc=0.7512 test_loss=0.6932)
[ 59/129] ProximalPhalanxTW            DONE  acc=0.7512 loss=0.6932 AOPCR= -0.467 NDCG=  n/a C=  6 T=   80 (25s)  [59 trained / 0 failed so far]
[ 60/129] RefrigerationDevices
    stage 1/3: loading data ...
    stage 2/3: training on 300 series (val=75, C=3, T=720, batch=16) ...
    stage 3/3: scoring on 375 test series (accuracy + AOPCR) ...
    [mlflow] versioned model 'seanet_bottleneck_topk__sea_mstcn_sep_bottleneck__sea_topk_conjunctive' (id=m-06dea2441d494d3a931e689633255e95) params={'model_size_mb': '1.4259', 'n_model_params': '40806', 'name': 'seanet_bottleneck_topk'}
    [mlflow] logged run 'seanet_bottleneck_topk_RefrigerationDevices'  (train_acc=1.0000 val_acc=0.8267 test_acc=0.5067 test_loss=1.6796)
[ 60/129] RefrigerationDevices         DONE  acc=0.5067 loss=1.6796 AOPCR=  0.209 NDCG=  n/a C=  3 T=  720 (40s)  [60 trained / 0 failed so far]
[ 61/129] ScreenType
    stage 1/3: loading data ...
    stage 2/3: training on 300 series (val=75, C=3, T=720, batch=16) ...
    stage 3/3: scoring on 375 test series (accuracy + AOPCR) ...
    [mlflow] versioned model 'seanet_bottleneck_topk__sea_mstcn_sep_bottleneck__sea_topk_conjunctive' (id=m-b0a8c00d782b4a6fbb285c962978731e) params={'model_size_mb': '1.4259', 'n_model_params': '40806', 'name': 'seanet_bottleneck_topk'}
    [mlflow] logged run 'seanet_bottleneck_topk_ScreenType'  (train_acc=0.9800 val_acc=0.7067 test_acc=0.5173 test_loss=1.3497)
[ 61/129] ScreenType                   DONE  acc=0.5173 loss=1.3497 AOPCR=  0.730 NDCG=  n/a C=  3 T=  720 (24s)  [61 trained / 0 failed so far]
[ 62/129] ShapeletSim
    stage 1/3: loading data ...
    stage 2/3: training on 20 series (no val (train-loss early stop), C=2, T=500, batch=2) ...
    stage 3/3: scoring on 180 test series (accuracy + AOPCR) ...
    [mlflow] versioned model 'seanet_bottleneck_topk__sea_mstcn_sep_bottleneck__sea_topk_conjunctive' (id=m-8a431140e5ef44c3a77698431cfb963f) params={'model_size_mb': '1.4257', 'n_model_params': '40732', 'name': 'seanet_bottleneck_topk'}
    [mlflow] logged run 'seanet_bottleneck_topk_ShapeletSim'  (train_acc=1.0000 test_acc=1.0000 test_loss=0.0824)
[ 62/129] ShapeletSim                  DONE  acc=1.0000 loss=0.0824 AOPCR=  1.945 NDCG=  n/a C=  2 T=  500 (13s)  [62 trained / 0 failed so far]
[ 63/129] ShapesAll
    stage 1/3: loading data ...
    stage 2/3: training on 480 series (val=120, C=60, T=512, batch=16) ...
    stage 3/3: scoring on 600 test series (accuracy + AOPCR) ...
    [mlflow] versioned model 'seanet_bottleneck_topk__sea_mstcn_sep_bottleneck__sea_topk_conjunctive' (id=m-348b22f0a784462f9dff7dc2f3577575) params={'model_size_mb': '1.442', 'n_model_params': '45024', 'name': 'seanet_bottleneck_topk'}
    [mlflow] logged run 'seanet_bottleneck_topk_ShapesAll'  (train_acc=0.9979 val_acc=0.8833 test_acc=0.8650 test_loss=0.6683)
[ 63/129] ShapesAll                    DONE  acc=0.8650 loss=0.6683 AOPCR=  2.529 NDCG=  n/a C= 60 T=  512 (57s)  [63 trained / 0 failed so far]
[ 64/129] SmallKitchenAppliances
    stage 1/3: loading data ...
    stage 2/3: training on 300 series (val=75, C=3, T=720, batch=16) ...
    stage 3/3: scoring on 375 test series (accuracy + AOPCR) ...
    [mlflow] versioned model 'seanet_bottleneck_topk__sea_mstcn_sep_bottleneck__sea_topk_conjunctive' (id=m-fb9ae2e00d234ab4948de6daf471e882) params={'model_size_mb': '1.4259', 'n_model_params': '40806', 'name': 'seanet_bottleneck_topk'}
    [mlflow] logged run 'seanet_bottleneck_topk_SmallKitchenAppliances'  (train_acc=0.9267 val_acc=0.8533 test_acc=0.7867 test_loss=0.5504)
[ 64/129] SmallKitchenAppliances       DONE  acc=0.7867 loss=0.5504 AOPCR=  0.394 NDCG=  n/a C=  3 T=  720 (31s)  [64 trained / 0 failed so far]
[ 65/129] SonyAIBORobotSurface1
    stage 1/3: loading data ...
    stage 2/3: training on 20 series (no val (train-loss early stop), C=2, T=70, batch=2) ...
    stage 3/3: scoring on 601 test series (accuracy + AOPCR) ...
    [mlflow] versioned model 'seanet_bottleneck_topk__sea_mstcn_sep_bottleneck__sea_topk_conjunctive' (id=m-aaaf74f034b34a49897d3c8a4a931596) params={'model_size_mb': '1.4257', 'n_model_params': '40732', 'name': 'seanet_bottleneck_topk'}
    [mlflow] logged run 'seanet_bottleneck_topk_SonyAIBORobotSurface1'  (train_acc=1.0000 test_acc=0.8552 test_loss=0.3041)
[ 65/129] SonyAIBORobotSurface1        DONE  acc=0.8552 loss=0.3041 AOPCR=  0.309 NDCG=  n/a C=  2 T=   70 (25s)  [65 trained / 0 failed so far]
[ 66/129] SonyAIBORobotSurface2
    stage 1/3: loading data ...
    stage 2/3: training on 27 series (no val (train-loss early stop), C=2, T=65, batch=2) ...
    stage 3/3: scoring on 953 test series (accuracy + AOPCR) ...
    [mlflow] versioned model 'seanet_bottleneck_topk__sea_mstcn_sep_bottleneck__sea_topk_conjunctive' (id=m-befd329029c045b59f28f45789ed4cb7) params={'model_size_mb': '1.4257', 'n_model_params': '40732', 'name': 'seanet_bottleneck_topk'}
    [mlflow] logged run 'seanet_bottleneck_topk_SonyAIBORobotSurface2'  (train_acc=1.0000 test_acc=0.8604 test_loss=0.3043)
[ 66/129] SonyAIBORobotSurface2        DONE  acc=0.8604 loss=0.3043 AOPCR= -0.275 NDCG=  n/a C=  2 T=   65 (15s)  [66 trained / 0 failed so far]
[ 67/129] StarLightCurves
    stage 1/3: loading data ...
    stage 2/3: training on 801 series (val=199, C=3, T=1024, batch=16) ...
    stage 3/3: scoring on 8236 test series (accuracy + AOPCR) ...
    [mlflow] versioned model 'seanet_bottleneck_topk__sea_mstcn_sep_bottleneck__sea_topk_conjunctive' (id=m-751116ba9d8a414a93b4a39b24ee3200) params={'model_size_mb': '1.4259', 'n_model_params': '40806', 'name': 'seanet_bottleneck_topk'}
    [mlflow] logged run 'seanet_bottleneck_topk_StarLightCurves'  (train_acc=1.0000 val_acc=0.9799 test_acc=0.9662 test_loss=0.1540)
[ 67/129] StarLightCurves              DONE  acc=0.9662 loss=0.1540 AOPCR=  1.891 NDCG=  n/a C=  3 T= 1024 (195s)  [67 trained / 0 failed so far]
[ 68/129] Strawberry
    stage 1/3: loading data ...
    stage 2/3: training on 492 series (val=121, C=2, T=235, batch=16) ...
    stage 3/3: scoring on 370 test series (accuracy + AOPCR) ...
    [mlflow] versioned model 'seanet_bottleneck_topk__sea_mstcn_sep_bottleneck__sea_topk_conjunctive' (id=m-a998a063eb35486c8c91ab23e520a3df) params={'model_size_mb': '1.4257', 'n_model_params': '40732', 'name': 'seanet_bottleneck_topk'}
    [mlflow] logged run 'seanet_bottleneck_topk_Strawberry'  (train_acc=0.9776 val_acc=1.0000 test_acc=0.9541 test_loss=0.1362)
[ 68/129] Strawberry                   DONE  acc=0.9541 loss=0.1362 AOPCR=  0.689 NDCG=  n/a C=  2 T=  235 (56s)  [68 trained / 0 failed so far]
[ 69/129] SwedishLeaf
    stage 1/3: loading data ...
    stage 2/3: training on 405 series (val=95, C=15, T=128, batch=16) ...
    stage 3/3: scoring on 625 test series (accuracy + AOPCR) ...
    [mlflow] versioned model 'seanet_bottleneck_topk__sea_mstcn_sep_bottleneck__sea_topk_conjunctive' (id=m-02dbcec6e50a455fad1227136d0ccf81) params={'model_size_mb': '1.4292', 'n_model_params': '41694', 'name': 'seanet_bottleneck_topk'}
    [mlflow] logged run 'seanet_bottleneck_topk_SwedishLeaf'  (train_acc=1.0000 val_acc=0.9684 test_acc=0.9568 test_loss=0.2196)
[ 69/129] SwedishLeaf                  DONE  acc=0.9568 loss=0.2196 AOPCR=  1.360 NDCG=  n/a C= 15 T=  128 (96s)  [69 trained / 0 failed so far]
[ 70/129] Symbols
    stage 1/3: loading data ...
    stage 2/3: training on 25 series (no val (train-loss early stop), C=6, T=398, batch=2) ...
    stage 3/3: scoring on 995 test series (accuracy + AOPCR) ...
    [mlflow] versioned model 'seanet_bottleneck_topk__sea_mstcn_sep_bottleneck__sea_topk_conjunctive' (id=m-538e93a9669c41e299c10713f7ea25cd) params={'model_size_mb': '1.4268', 'n_model_params': '41028', 'name': 'seanet_bottleneck_topk'}
    [mlflow] logged run 'seanet_bottleneck_topk_Symbols'  (train_acc=1.0000 test_acc=0.9668 test_loss=0.2208)
[ 70/129] Symbols                      DONE  acc=0.9668 loss=0.2208 AOPCR=  1.347 NDCG=  n/a C=  6 T=  398 (36s)  [70 trained / 0 failed so far]
[ 71/129] SyntheticControl
    stage 1/3: loading data ...
    stage 2/3: training on 240 series (val=60, C=6, T=60, batch=16) ...
    stage 3/3: scoring on 300 test series (accuracy + AOPCR) ...
    [mlflow] versioned model 'seanet_bottleneck_topk__sea_mstcn_sep_bottleneck__sea_topk_conjunctive' (id=m-72c1b6ced6944dc784af6c9867d60409) params={'model_size_mb': '1.4268', 'n_model_params': '41028', 'name': 'seanet_bottleneck_topk'}
    [mlflow] logged run 'seanet_bottleneck_topk_SyntheticControl'  (train_acc=1.0000 val_acc=1.0000 test_acc=0.9933 test_loss=0.1029)
[ 71/129] SyntheticControl             DONE  acc=0.9933 loss=0.1029 AOPCR=  1.085 NDCG=  n/a C=  6 T=   60 (42s)  [71 trained / 0 failed so far]
[ 72/129] ToeSegmentation1
    stage 1/3: loading data ...
    stage 2/3: training on 40 series (no val (train-loss early stop), C=2, T=277, batch=4) ...
    stage 3/3: scoring on 228 test series (accuracy + AOPCR) ...
    [mlflow] versioned model 'seanet_bottleneck_topk__sea_mstcn_sep_bottleneck__sea_topk_conjunctive' (id=m-0112bed454b3450e84a9a5fd04f7ca59) params={'model_size_mb': '1.4257', 'n_model_params': '40732', 'name': 'seanet_bottleneck_topk'}
    [mlflow] logged run 'seanet_bottleneck_topk_ToeSegmentation1'  (train_acc=1.0000 test_acc=0.9167 test_loss=0.2278)
[ 72/129] ToeSegmentation1             DONE  acc=0.9167 loss=0.2278 AOPCR=  0.314 NDCG=  n/a C=  2 T=  277 (39s)  [72 trained / 0 failed so far]
[ 73/129] ToeSegmentation2
    stage 1/3: loading data ...
    stage 2/3: training on 36 series (no val (train-loss early stop), C=2, T=343, batch=3) ...
    stage 3/3: scoring on 130 test series (accuracy + AOPCR) ...
    [mlflow] versioned model 'seanet_bottleneck_topk__sea_mstcn_sep_bottleneck__sea_topk_conjunctive' (id=m-d6e80145e3ea49a1bd6bcbc8aad8c106) params={'model_size_mb': '1.4257', 'n_model_params': '40732', 'name': 'seanet_bottleneck_topk'}
    [mlflow] logged run 'seanet_bottleneck_topk_ToeSegmentation2'  (train_acc=1.0000 test_acc=0.9231 test_loss=0.2140)
[ 73/129] ToeSegmentation2             DONE  acc=0.9231 loss=0.2140 AOPCR=  0.620 NDCG=  n/a C=  2 T=  343 (21s)  [73 trained / 0 failed so far]
[ 74/129] Trace
    stage 1/3: loading data ...
    stage 2/3: training on 81 series (val=19, C=4, T=275, batch=8) ...
    stage 3/3: scoring on 100 test series (accuracy + AOPCR) ...
    [mlflow] versioned model 'seanet_bottleneck_topk__sea_mstcn_sep_bottleneck__sea_topk_conjunctive' (id=m-a8cc1d535e1c4754bb89836d81e52517) params={'model_size_mb': '1.4262', 'n_model_params': '40880', 'name': 'seanet_bottleneck_topk'}
    [mlflow] logged run 'seanet_bottleneck_topk_Trace'  (train_acc=1.0000 val_acc=1.0000 test_acc=1.0000 test_loss=0.0690)
[ 74/129] Trace                        DONE  acc=1.0000 loss=0.0690 AOPCR=  2.912 NDCG=  n/a C=  4 T=  275 (12s)  [74 trained / 0 failed so far]
[ 75/129] TwoLeadECG
    stage 1/3: loading data ...
    stage 2/3: training on 23 series (no val (train-loss early stop), C=2, T=82, batch=2) ...
    stage 3/3: scoring on 1139 test series (accuracy + AOPCR) ...
    [mlflow] versioned model 'seanet_bottleneck_topk__sea_mstcn_sep_bottleneck__sea_topk_conjunctive' (id=m-25f666ba38c8432590424283536b663d) params={'model_size_mb': '1.4257', 'n_model_params': '40732', 'name': 'seanet_bottleneck_topk'}
    [mlflow] logged run 'seanet_bottleneck_topk_TwoLeadECG'  (train_acc=1.0000 test_acc=0.9965 test_loss=0.0692)
[ 75/129] TwoLeadECG                   DONE  acc=0.9965 loss=0.0692 AOPCR=  0.603 NDCG=  n/a C=  2 T=   82 (28s)  [75 trained / 0 failed so far]
[ 76/129] TwoPatterns
    stage 1/3: loading data ...
    stage 2/3: training on 801 series (val=199, C=4, T=128, batch=16) ...
    stage 3/3: scoring on 4000 test series (accuracy + AOPCR) ...
    [mlflow] versioned model 'seanet_bottleneck_topk__sea_mstcn_sep_bottleneck__sea_topk_conjunctive' (id=m-e12ea90c5f814345bd338e45f53ce563) params={'model_size_mb': '1.4262', 'n_model_params': '40880', 'name': 'seanet_bottleneck_topk'}
    [mlflow] logged run 'seanet_bottleneck_topk_TwoPatterns'  (train_acc=1.0000 val_acc=1.0000 test_acc=1.0000 test_loss=0.0775)
[ 76/129] TwoPatterns                  DONE  acc=1.0000 loss=0.0775 AOPCR=  2.460 NDCG=  n/a C=  4 T=  128 (89s)  [76 trained / 0 failed so far]
[ 77/129] UWaveGestureLibraryAll
    stage 1/3: loading data ...
    stage 2/3: training on 719 series (val=177, C=8, T=945, batch=16) ...
    stage 3/3: scoring on 3582 test series (accuracy + AOPCR) ...
    [mlflow] versioned model 'seanet_bottleneck_topk__sea_mstcn_sep_bottleneck__sea_topk_conjunctive' (id=m-6bd6ed6d66cf4e6e910787b7b9a8c7a2) params={'model_size_mb': '1.4273', 'n_model_params': '41176', 'name': 'seanet_bottleneck_topk'}
    [mlflow] logged run 'seanet_bottleneck_topk_UWaveGestureLibraryAll'  (train_acc=1.0000 val_acc=0.9605 test_acc=0.9506 test_loss=0.2494)
[ 77/129] UWaveGestureLibraryAll       DONE  acc=0.9506 loss=0.2494 AOPCR=  1.867 NDCG=  n/a C=  8 T=  945 (84s)  [77 trained / 0 failed so far]
[ 78/129] UWaveGestureLibraryX
    stage 1/3: loading data ...
    stage 2/3: training on 719 series (val=177, C=8, T=315, batch=16) ...
    stage 3/3: scoring on 3582 test series (accuracy + AOPCR) ...
    [mlflow] versioned model 'seanet_bottleneck_topk__sea_mstcn_sep_bottleneck__sea_topk_conjunctive' (id=m-3c5eae2eed314e13b4b3fc212be06b7d) params={'model_size_mb': '1.4273', 'n_model_params': '41176', 'name': 'seanet_bottleneck_topk'}
    [mlflow] logged run 'seanet_bottleneck_topk_UWaveGestureLibraryX'  (train_acc=0.9722 val_acc=0.8418 test_acc=0.7993 test_loss=0.6218)
[ 78/129] UWaveGestureLibraryX         DONE  acc=0.7993 loss=0.6218 AOPCR=  1.002 NDCG=  n/a C=  8 T=  315 (45s)  [78 trained / 0 failed so far]
[ 79/129] UWaveGestureLibraryY
    stage 1/3: loading data ...
    stage 2/3: training on 719 series (val=177, C=8, T=315, batch=16) ...
    stage 3/3: scoring on 3582 test series (accuracy + AOPCR) ...
    [mlflow] versioned model 'seanet_bottleneck_topk__sea_mstcn_sep_bottleneck__sea_topk_conjunctive' (id=m-0036c7872b614fb3a3dcd2ecdc9b634d) params={'model_size_mb': '1.4273', 'n_model_params': '41176', 'name': 'seanet_bottleneck_topk'}
    [mlflow] logged run 'seanet_bottleneck_topk_UWaveGestureLibraryY'  (train_acc=0.9068 val_acc=0.7684 test_acc=0.7317 test_loss=0.7977)
[ 79/129] UWaveGestureLibraryY         DONE  acc=0.7317 loss=0.7977 AOPCR=  1.324 NDCG=  n/a C=  8 T=  315 (36s)  [79 trained / 0 failed so far]
[ 80/129] UWaveGestureLibraryZ
    stage 1/3: loading data ...
    stage 2/3: training on 719 series (val=177, C=8, T=315, batch=16) ...
    stage 3/3: scoring on 3582 test series (accuracy + AOPCR) ...
    [mlflow] versioned model 'seanet_bottleneck_topk__sea_mstcn_sep_bottleneck__sea_topk_conjunctive' (id=m-a2d68b87cd5b4ca19d8a2b4c70721f7d) params={'model_size_mb': '1.4273', 'n_model_params': '41176', 'name': 'seanet_bottleneck_topk'}
    [mlflow] logged run 'seanet_bottleneck_topk_UWaveGestureLibraryZ'  (train_acc=0.7942 val_acc=0.7458 test_acc=0.7136 test_loss=0.7709)
[ 80/129] UWaveGestureLibraryZ         DONE  acc=0.7136 loss=0.7709 AOPCR=  1.545 NDCG=  n/a C=  8 T=  315 (31s)  [80 trained / 0 failed so far]
[ 81/129] Wafer
    stage 1/3: loading data ...
    stage 2/3: training on 801 series (val=199, C=2, T=152, batch=16) ...
    stage 3/3: scoring on 6164 test series (accuracy + AOPCR) ...
    [mlflow] versioned model 'seanet_bottleneck_topk__sea_mstcn_sep_bottleneck__sea_topk_conjunctive' (id=m-0891278e55304c808819c5c7885d9e5c) params={'model_size_mb': '1.4257', 'n_model_params': '40732', 'name': 'seanet_bottleneck_topk'}
    [mlflow] logged run 'seanet_bottleneck_topk_Wafer'  (train_acc=1.0000 val_acc=1.0000 test_acc=0.9958 test_loss=0.0784)
[ 81/129] Wafer                        DONE  acc=0.9958 loss=0.0784 AOPCR=  0.319 NDCG=  n/a C=  2 T=  152 (69s)  [81 trained / 0 failed so far]
[ 82/129] Wine
    stage 1/3: loading data ...
    stage 2/3: training on 57 series (no val (train-loss early stop), C=2, T=234, batch=5) ...
    stage 3/3: scoring on 54 test series (accuracy + AOPCR) ...
    [mlflow] versioned model 'seanet_bottleneck_topk__sea_mstcn_sep_bottleneck__sea_topk_conjunctive' (id=m-ab74933bf0594828903c8de538fc88c4) params={'model_size_mb': '1.4257', 'n_model_params': '40732', 'name': 'seanet_bottleneck_topk'}
    [mlflow] logged run 'seanet_bottleneck_topk_Wine'  (train_acc=0.5789 test_acc=0.5000 test_loss=0.6951)
[ 82/129] Wine                         DONE  acc=0.5000 loss=0.6951 AOPCR=  0.567 NDCG=  n/a C=  2 T=  234 (48s)  [82 trained / 0 failed so far]
[ 83/129] WordSynonyms
    stage 1/3: loading data ...
    stage 2/3: training on 217 series (val=50, C=25, T=270, batch=16) ...
    stage 3/3: scoring on 638 test series (accuracy + AOPCR) ...
    [mlflow] versioned model 'seanet_bottleneck_topk__sea_mstcn_sep_bottleneck__sea_topk_conjunctive' (id=m-e786b34e27934980bb34188d02dc700c) params={'model_size_mb': '1.4321', 'n_model_params': '42434', 'name': 'seanet_bottleneck_topk'}
    [mlflow] logged run 'seanet_bottleneck_topk_WordSynonyms'  (train_acc=1.0000 val_acc=0.9000 test_acc=0.7132 test_loss=1.1370)
[ 83/129] WordSynonyms                 DONE  acc=0.7132 loss=1.1370 AOPCR=  1.335 NDCG=  n/a C= 25 T=  270 (36s)  [83 trained / 0 failed so far]
[ 84/129] Worms
    stage 1/3: loading data ...
    stage 2/3: training on 146 series (val=35, C=5, T=900, batch=14) ...
    stage 3/3: scoring on 77 test series (accuracy + AOPCR) ...
    [mlflow] versioned model 'seanet_bottleneck_topk__sea_mstcn_sep_bottleneck__sea_topk_conjunctive' (id=m-0f4232979ee14817931e0530b6df3c9d) params={'model_size_mb': '1.4265', 'n_model_params': '40954', 'name': 'seanet_bottleneck_topk'}
    [mlflow] logged run 'seanet_bottleneck_topk_Worms'  (train_acc=0.8630 val_acc=0.5714 test_acc=0.6883 test_loss=0.7928)
[ 84/129] Worms                        DONE  acc=0.6883 loss=0.7928 AOPCR=  1.096 NDCG=  n/a C=  5 T=  900 (9s)  [84 trained / 0 failed so far]
[ 85/129] WormsTwoClass
    stage 1/3: loading data ...
    stage 2/3: training on 145 series (val=36, C=2, T=900, batch=14) ...
    stage 3/3: scoring on 77 test series (accuracy + AOPCR) ...
    [mlflow] versioned model 'seanet_bottleneck_topk__sea_mstcn_sep_bottleneck__sea_topk_conjunctive' (id=m-62c5045d54a747778e61daa3c1144a69) params={'model_size_mb': '1.4257', 'n_model_params': '40732', 'name': 'seanet_bottleneck_topk'}
    [mlflow] logged run 'seanet_bottleneck_topk_WormsTwoClass'  (train_acc=0.7517 val_acc=0.6389 test_acc=0.7532 test_loss=0.5166)
[ 85/129] WormsTwoClass                DONE  acc=0.7532 loss=0.5166 AOPCR=  0.670 NDCG=  n/a C=  2 T=  900 (7s)  [85 trained / 0 failed so far]
[ 86/129] Yoga
    stage 1/3: loading data ...
    stage 2/3: training on 241 series (val=59, C=2, T=426, batch=16) ...
    stage 3/3: scoring on 3000 test series (accuracy + AOPCR) ...
    [mlflow] versioned model 'seanet_bottleneck_topk__sea_mstcn_sep_bottleneck__sea_topk_conjunctive' (id=m-d9b99fecd1bd4f4daafa2006cb857c0e) params={'model_size_mb': '1.4257', 'n_model_params': '40732', 'name': 'seanet_bottleneck_topk'}
    [mlflow] logged run 'seanet_bottleneck_topk_Yoga'  (train_acc=0.9959 val_acc=0.8136 test_acc=0.8547 test_loss=0.3527)
[ 86/129] Yoga                         DONE  acc=0.8547 loss=0.3527 AOPCR=  1.006 NDCG=  n/a C=  2 T=  426 (27s)  [86 trained / 0 failed so far]
[ 87/129] ACSF1
    stage 1/3: loading data ...
    stage 2/3: training on 80 series (val=20, C=10, T=1460, batch=8) ...
    stage 3/3: scoring on 100 test series (accuracy + AOPCR) ...
    [mlflow] versioned model 'seanet_bottleneck_topk__sea_mstcn_sep_bottleneck__sea_topk_conjunctive' (id=m-4c5f7e34c5bc4853ae051e6c9ac7d833) params={'model_size_mb': '1.4279', 'n_model_params': '41324', 'name': 'seanet_bottleneck_topk'}
    [mlflow] logged run 'seanet_bottleneck_topk_ACSF1'  (train_acc=0.9625 val_acc=0.8000 test_acc=0.8100 test_loss=0.6112)
[ 87/129] ACSF1                        DONE  acc=0.8100 loss=0.6112 AOPCR=  0.843 NDCG=  n/a C= 10 T= 1460 (37s)  [87 trained / 0 failed so far]
[ 88/129] AllGestureWiimoteX
    stage 1/3: loading data ...
    stage 2/3: training on 240 series (val=60, C=10, T=500, batch=16) ...
    stage 3/3: scoring on 700 test series (accuracy + AOPCR) ...
    [mlflow] versioned model 'seanet_bottleneck_topk__sea_mstcn_sep_bottleneck__sea_topk_conjunctive' (id=m-d5994a874ebd4113b9e3d8e417de11c5) params={'model_size_mb': '1.4279', 'n_model_params': '41324', 'name': 'seanet_bottleneck_topk'}
    [mlflow] logged run 'seanet_bottleneck_topk_AllGestureWiimoteX'  (train_acc=1.0000 val_acc=0.7833 test_acc=0.7571 test_loss=0.8683)
[ 88/129] AllGestureWiimoteX           DONE  acc=0.7571 loss=0.8683 AOPCR=  2.627 NDCG=  n/a C= 10 T=  500 (38s)  [88 trained / 0 failed so far]
[ 89/129] AllGestureWiimoteY
    stage 1/3: loading data ...
    stage 2/3: training on 240 series (val=60, C=10, T=500, batch=16) ...
    stage 3/3: scoring on 700 test series (accuracy + AOPCR) ...
    [mlflow] versioned model 'seanet_bottleneck_topk__sea_mstcn_sep_bottleneck__sea_topk_conjunctive' (id=m-7fcc4d95ff68440b9a26ce1ebb5fbbba) params={'model_size_mb': '1.4279', 'n_model_params': '41324', 'name': 'seanet_bottleneck_topk'}
    [mlflow] logged run 'seanet_bottleneck_topk_AllGestureWiimoteY'  (train_acc=0.9958 val_acc=0.8667 test_acc=0.7071 test_loss=0.9978)
[ 89/129] AllGestureWiimoteY           DONE  acc=0.7071 loss=0.9978 AOPCR=  3.073 NDCG=  n/a C= 10 T=  500 (21s)  [89 trained / 0 failed so far]
[ 90/129] AllGestureWiimoteZ
    stage 1/3: loading data ...
    stage 2/3: training on 240 series (val=60, C=10, T=500, batch=16) ...
    stage 3/3: scoring on 700 test series (accuracy + AOPCR) ...
    [mlflow] versioned model 'seanet_bottleneck_topk__sea_mstcn_sep_bottleneck__sea_topk_conjunctive' (id=m-18fe2a4ad5934012b7b6c52d083c949e) params={'model_size_mb': '1.4279', 'n_model_params': '41324', 'name': 'seanet_bottleneck_topk'}
    [mlflow] logged run 'seanet_bottleneck_topk_AllGestureWiimoteZ'  (train_acc=0.7792 val_acc=0.5833 test_acc=0.6100 test_loss=1.0508)
[ 90/129] AllGestureWiimoteZ           DONE  acc=0.6100 loss=1.0508 AOPCR=  2.554 NDCG=  n/a C= 10 T=  500 (13s)  [90 trained / 0 failed so far]
[ 91/129] BME
    stage 1/3: loading data ...
    stage 2/3: training on 30 series (no val (train-loss early stop), C=3, T=128, batch=3) ...
    stage 3/3: scoring on 150 test series (accuracy + AOPCR) ...
    [mlflow] versioned model 'seanet_bottleneck_topk__sea_mstcn_sep_bottleneck__sea_topk_conjunctive' (id=m-73dd6d438eb24379b55bc1a2dbd46334) params={'model_size_mb': '1.4259', 'n_model_params': '40806', 'name': 'seanet_bottleneck_topk'}
    [mlflow] logged run 'seanet_bottleneck_topk_BME'  (train_acc=1.0000 test_acc=0.9933 test_loss=0.0959)
[ 91/129] BME                          DONE  acc=0.9933 loss=0.0959 AOPCR=  1.738 NDCG=  n/a C=  3 T=  128 (13s)  [91 trained / 0 failed so far]
[ 92/129] Chinatown
    stage 1/3: loading data ...
    stage 2/3: training on 20 series (no val (train-loss early stop), C=2, T=24, batch=2) ...
    stage 3/3: scoring on 343 test series (accuracy + AOPCR) ...
    [mlflow] versioned model 'seanet_bottleneck_topk__sea_mstcn_sep_bottleneck__sea_topk_conjunctive' (id=m-3c0f202c16f24ea3aebe3b92086b236b) params={'model_size_mb': '1.4257', 'n_model_params': '40732', 'name': 'seanet_bottleneck_topk'}
    [mlflow] logged run 'seanet_bottleneck_topk_Chinatown'  (train_acc=1.0000 test_acc=0.9796 test_loss=0.1102)
[ 92/129] Chinatown                    DONE  acc=0.9796 loss=0.1102 AOPCR=  0.598 NDCG=  n/a C=  2 T=   24 (25s)  [92 trained / 0 failed so far]
[ 93/129] Crop
    stage 1/3: loading data ...
    stage 2/3: training on 5760 series (val=1440, C=24, T=46, batch=16) ...
    stage 3/3: scoring on 16800 test series (accuracy + AOPCR) ...
    [mlflow] versioned model 'seanet_bottleneck_topk__sea_mstcn_sep_bottleneck__sea_topk_conjunctive' (id=m-37da7de6e99741a498d07fa948fefde8) params={'model_size_mb': '1.4318', 'n_model_params': '42360', 'name': 'seanet_bottleneck_topk'}
    [mlflow] logged run 'seanet_bottleneck_topk_Crop'  (train_acc=0.8385 val_acc=0.7007 test_acc=0.7110 test_loss=0.9186)
[ 93/129] Crop                         DONE  acc=0.7110 loss=0.9186 AOPCR=  1.159 NDCG=  n/a C= 24 T=   46 (469s)  [93 trained / 0 failed so far]
[ 94/129] DodgerLoopDay
    stage 1/3: loading data ...
    stage 2/3: training on 78 series (no val (train-loss early stop), C=7, T=288, batch=7) ...
    stage 3/3: scoring on 80 test series (accuracy + AOPCR) ...
    [mlflow] versioned model 'seanet_bottleneck_topk__sea_mstcn_sep_bottleneck__sea_topk_conjunctive' (id=m-bbefe8c0053a4d83a1409e811f3760cc) params={'model_size_mb': '1.427', 'n_model_params': '41102', 'name': 'seanet_bottleneck_topk'}
    [mlflow] logged run 'seanet_bottleneck_topk_DodgerLoopDay'  (train_acc=1.0000 test_acc=0.5625 test_loss=1.3508)
[ 94/129] DodgerLoopDay                DONE  acc=0.5625 loss=1.3508 AOPCR=  1.544 NDCG=  n/a C=  7 T=  288 (22s)  [94 trained / 0 failed so far]
[ 95/129] DodgerLoopGame
    stage 1/3: loading data ...
    stage 2/3: training on 20 series (no val (train-loss early stop), C=2, T=288, batch=2) ...
    stage 3/3: scoring on 138 test series (accuracy + AOPCR) ...
    [mlflow] versioned model 'seanet_bottleneck_topk__sea_mstcn_sep_bottleneck__sea_topk_conjunctive' (id=m-48709547340d43d7a5a092d5b38f77fd) params={'model_size_mb': '1.4257', 'n_model_params': '40732', 'name': 'seanet_bottleneck_topk'}
    [mlflow] logged run 'seanet_bottleneck_topk_DodgerLoopGame'  (train_acc=1.0000 test_acc=0.9275 test_loss=0.2424)
[ 95/129] DodgerLoopGame               DONE  acc=0.9275 loss=0.2424 AOPCR=  1.870 NDCG=  n/a C=  2 T=  288 (30s)  [95 trained / 0 failed so far]
[ 96/129] DodgerLoopWeekend
    stage 1/3: loading data ...
    stage 2/3: training on 20 series (no val (train-loss early stop), C=2, T=288, batch=2) ...
    stage 3/3: scoring on 138 test series (accuracy + AOPCR) ...
    [mlflow] versioned model 'seanet_bottleneck_topk__sea_mstcn_sep_bottleneck__sea_topk_conjunctive' (id=m-71e6e6a986644d76a68df3a1b533ceb2) params={'model_size_mb': '1.4257', 'n_model_params': '40732', 'name': 'seanet_bottleneck_topk'}
    [mlflow] logged run 'seanet_bottleneck_topk_DodgerLoopWeekend'  (train_acc=1.0000 test_acc=0.9783 test_loss=0.1124)
[ 96/129] DodgerLoopWeekend            DONE  acc=0.9783 loss=0.1124 AOPCR=  1.673 NDCG=  n/a C=  2 T=  288 (7s)  [96 trained / 0 failed so far]
[ 97/129] EOGHorizontalSignal
    stage 1/3: loading data ...
    stage 2/3: training on 290 series (val=72, C=12, T=1250, batch=16) ...
    stage 3/3: scoring on 362 test series (accuracy + AOPCR) ...
    [mlflow] versioned model 'seanet_bottleneck_topk__sea_mstcn_sep_bottleneck__sea_topk_conjunctive' (id=m-4227c0dfd1924a7d940467a1550314ab) params={'model_size_mb': '1.4284', 'n_model_params': '41472', 'name': 'seanet_bottleneck_topk'}
    [mlflow] logged run 'seanet_bottleneck_topk_EOGHorizontalSignal'  (train_acc=0.9966 val_acc=0.8472 test_acc=0.4862 test_loss=1.7069)
[ 97/129] EOGHorizontalSignal          DONE  acc=0.4862 loss=1.7069 AOPCR=  2.108 NDCG=  n/a C= 12 T= 1250 (34s)  [97 trained / 0 failed so far]
[ 98/129] EOGVerticalSignal
    stage 1/3: loading data ...
    stage 2/3: training on 290 series (val=72, C=12, T=1250, batch=16) ...
    stage 3/3: scoring on 362 test series (accuracy + AOPCR) ...
    [mlflow] versioned model 'seanet_bottleneck_topk__sea_mstcn_sep_bottleneck__sea_topk_conjunctive' (id=m-0222c9944dfb4f4a9ec0b76c8247bec8) params={'model_size_mb': '1.4284', 'n_model_params': '41472', 'name': 'seanet_bottleneck_topk'}
    [mlflow] logged run 'seanet_bottleneck_topk_EOGVerticalSignal'  (train_acc=0.9862 val_acc=0.8056 test_acc=0.4751 test_loss=1.8381)
[ 98/129] EOGVerticalSignal            DONE  acc=0.4751 loss=1.8381 AOPCR=  2.309 NDCG=  n/a C= 12 T= 1250 (40s)  [98 trained / 0 failed so far]
[ 99/129] EthanolLevel
    stage 1/3: loading data ...
    stage 2/3: training on 404 series (val=100, C=4, T=1751, batch=16) ...
    stage 3/3: scoring on 500 test series (accuracy + AOPCR) ...
    [mlflow] versioned model 'seanet_bottleneck_topk__sea_mstcn_sep_bottleneck__sea_topk_conjunctive' (id=m-311a7d5813094e65acccdb8aea607b78) params={'model_size_mb': '1.4262', 'n_model_params': '40880', 'name': 'seanet_bottleneck_topk'}
    [mlflow] logged run 'seanet_bottleneck_topk_EthanolLevel'  (train_acc=0.9307 val_acc=0.8900 test_acc=0.7420 test_loss=0.5806)
[ 99/129] EthanolLevel                 DONE  acc=0.7420 loss=0.5806 AOPCR=  0.979 NDCG=  n/a C=  4 T= 1751 (140s)  [99 trained / 0 failed so far]
[100/129] FreezerRegularTrain
    stage 1/3: loading data ...
    stage 2/3: training on 120 series (val=30, C=2, T=301, batch=12) ...
    stage 3/3: scoring on 2850 test series (accuracy + AOPCR) ...
    [mlflow] versioned model 'seanet_bottleneck_topk__sea_mstcn_sep_bottleneck__sea_topk_conjunctive' (id=m-e76eeb5c404341a0a62a264ca3f4fecb) params={'model_size_mb': '1.4257', 'n_model_params': '40732', 'name': 'seanet_bottleneck_topk'}
    [mlflow] logged run 'seanet_bottleneck_topk_FreezerRegularTrain'  (train_acc=1.0000 val_acc=1.0000 test_acc=0.9940 test_loss=0.0629)
[100/129] FreezerRegularTrain          DONE  acc=0.9940 loss=0.0629 AOPCR=  0.744 NDCG=  n/a C=  2 T=  301 (22s)  [100 trained / 0 failed so far]
[101/129] FreezerSmallTrain
    stage 1/3: loading data ...
    stage 2/3: training on 28 series (no val (train-loss early stop), C=2, T=301, batch=2) ...
    stage 3/3: scoring on 2850 test series (accuracy + AOPCR) ...
    [mlflow] versioned model 'seanet_bottleneck_topk__sea_mstcn_sep_bottleneck__sea_topk_conjunctive' (id=m-10c84b6a83644e06bf90855f1185a240) params={'model_size_mb': '1.4257', 'n_model_params': '40732', 'name': 'seanet_bottleneck_topk'}
    [mlflow] logged run 'seanet_bottleneck_topk_FreezerSmallTrain'  (train_acc=1.0000 test_acc=0.6796 test_loss=0.9243)
[101/129] FreezerSmallTrain            DONE  acc=0.6796 loss=0.9243 AOPCR= -0.191 NDCG=  n/a C=  2 T=  301 (26s)  [101 trained / 0 failed so far]
[102/129] Fungi
    stage 1/3: loading data ...
    stage 2/3: training on 18 series (no val (train-loss early stop), C=18, T=201, batch=2) ...
    stage 3/3: scoring on 186 test series (accuracy + AOPCR) ...
    [mlflow] versioned model 'seanet_bottleneck_topk__sea_mstcn_sep_bottleneck__sea_topk_conjunctive' (id=m-bb30eba9dc3b47f8801b511739940ec4) params={'model_size_mb': '1.4302', 'n_model_params': '41916', 'name': 'seanet_bottleneck_topk'}
    [mlflow] logged run 'seanet_bottleneck_topk_Fungi'  (train_acc=1.0000 test_acc=0.9140 test_loss=0.4074)
[102/129] Fungi                        DONE  acc=0.9140 loss=0.4074 AOPCR=  1.389 NDCG=  n/a C= 18 T=  201 (20s)  [102 trained / 0 failed so far]
[103/129] GestureMidAirD1
    stage 1/3: loading data ...
    stage 2/3: training on 182 series (val=26, C=26, T=360, batch=16) ...
    stage 3/3: scoring on 130 test series (accuracy + AOPCR) ...
    [mlflow] versioned model 'seanet_bottleneck_topk__sea_mstcn_sep_bottleneck__sea_topk_conjunctive' (id=m-80946a882eb945c9be736cae001bb293) params={'model_size_mb': '1.4324', 'n_model_params': '42508', 'name': 'seanet_bottleneck_topk'}
    [mlflow] logged run 'seanet_bottleneck_topk_GestureMidAirD1'  (train_acc=0.9341 val_acc=0.6923 test_acc=0.6769 test_loss=1.0761)
[103/129] GestureMidAirD1              DONE  acc=0.6769 loss=1.0761 AOPCR=  3.210 NDCG=  n/a C= 26 T=  360 (13s)  [103 trained / 0 failed so far]
[104/129] GestureMidAirD2
    stage 1/3: loading data ...
    stage 2/3: training on 182 series (val=26, C=26, T=360, batch=16) ...
    stage 3/3: scoring on 130 test series (accuracy + AOPCR) ...
    [mlflow] versioned model 'seanet_bottleneck_topk__sea_mstcn_sep_bottleneck__sea_topk_conjunctive' (id=m-45d9b5b121dd45489f7ac27b961b74bb) params={'model_size_mb': '1.4324', 'n_model_params': '42508', 'name': 'seanet_bottleneck_topk'}
    [mlflow] logged run 'seanet_bottleneck_topk_GestureMidAirD2'  (train_acc=0.9451 val_acc=0.6923 test_acc=0.6692 test_loss=1.2191)
[104/129] GestureMidAirD2              DONE  acc=0.6692 loss=1.2191 AOPCR=  2.759 NDCG=  n/a C= 26 T=  360 (26s)  [104 trained / 0 failed so far]
[105/129] GestureMidAirD3
    stage 1/3: loading data ...
    stage 2/3: training on 182 series (val=26, C=26, T=360, batch=16) ...
    stage 3/3: scoring on 130 test series (accuracy + AOPCR) ...
    [mlflow] versioned model 'seanet_bottleneck_topk__sea_mstcn_sep_bottleneck__sea_topk_conjunctive' (id=m-b9b590b98d51407da7b7b0b180345a69) params={'model_size_mb': '1.4324', 'n_model_params': '42508', 'name': 'seanet_bottleneck_topk'}
    [mlflow] logged run 'seanet_bottleneck_topk_GestureMidAirD3'  (train_acc=0.7967 val_acc=0.3846 test_acc=0.3308 test_loss=2.1534)
[105/129] GestureMidAirD3              DONE  acc=0.3308 loss=2.1534 AOPCR=  2.437 NDCG=  n/a C= 26 T=  360 (12s)  [105 trained / 0 failed so far]
[106/129] GesturePebbleZ1
    stage 1/3: loading data ...
    stage 2/3: training on 107 series (val=25, C=6, T=455, batch=10) ...
    stage 3/3: scoring on 172 test series (accuracy + AOPCR) ...
    [mlflow] versioned model 'seanet_bottleneck_topk__sea_mstcn_sep_bottleneck__sea_topk_conjunctive' (id=m-acb81354cbac4dbbaf370e89d93d5ddd) params={'model_size_mb': '1.4268', 'n_model_params': '41028', 'name': 'seanet_bottleneck_topk'}
    [mlflow] logged run 'seanet_bottleneck_topk_GesturePebbleZ1'  (train_acc=1.0000 val_acc=1.0000 test_acc=0.9186 test_loss=0.3461)
[106/129] GesturePebbleZ1              DONE  acc=0.9186 loss=0.3461 AOPCR=  0.867 NDCG=  n/a C=  6 T=  455 (28s)  [106 trained / 0 failed so far]
[107/129] GesturePebbleZ2
    stage 1/3: loading data ...
    stage 2/3: training on 120 series (val=26, C=6, T=455, batch=12) ...
    stage 3/3: scoring on 158 test series (accuracy + AOPCR) ...
    [mlflow] versioned model 'seanet_bottleneck_topk__sea_mstcn_sep_bottleneck__sea_topk_conjunctive' (id=m-d17a5d008ab74736b9a2f4118254bb59) params={'model_size_mb': '1.4268', 'n_model_params': '41028', 'name': 'seanet_bottleneck_topk'}
    [mlflow] logged run 'seanet_bottleneck_topk_GesturePebbleZ2'  (train_acc=1.0000 val_acc=1.0000 test_acc=0.9304 test_loss=0.3270)
[107/129] GesturePebbleZ2              DONE  acc=0.9304 loss=0.3270 AOPCR=  0.753 NDCG=  n/a C=  6 T=  455 (34s)  [107 trained / 0 failed so far]
[108/129] GunPointAgeSpan
    stage 1/3: loading data ...
    stage 2/3: training on 109 series (val=26, C=2, T=150, batch=10) ...
    stage 3/3: scoring on 316 test series (accuracy + AOPCR) ...
    [mlflow] versioned model 'seanet_bottleneck_topk__sea_mstcn_sep_bottleneck__sea_topk_conjunctive' (id=m-414903497f3e450db62eb86c7f01d877) params={'model_size_mb': '1.4257', 'n_model_params': '40732', 'name': 'seanet_bottleneck_topk'}
    [mlflow] logged run 'seanet_bottleneck_topk_GunPointAgeSpan'  (train_acc=1.0000 val_acc=1.0000 test_acc=0.9810 test_loss=0.0942)
[108/129] GunPointAgeSpan              DONE  acc=0.9810 loss=0.0942 AOPCR=  1.580 NDCG=  n/a C=  2 T=  150 (29s)  [108 trained / 0 failed so far]
[109/129] GunPointMaleVersusFemale
    stage 1/3: loading data ...
    stage 2/3: training on 109 series (val=26, C=2, T=150, batch=10) ...
    stage 3/3: scoring on 316 test series (accuracy + AOPCR) ...
    [mlflow] versioned model 'seanet_bottleneck_topk__sea_mstcn_sep_bottleneck__sea_topk_conjunctive' (id=m-c722e9be14604df19066e92d1c8293ea) params={'model_size_mb': '1.4257', 'n_model_params': '40732', 'name': 'seanet_bottleneck_topk'}
    [mlflow] logged run 'seanet_bottleneck_topk_GunPointMaleVersusFemale'  (train_acc=1.0000 val_acc=1.0000 test_acc=0.9873 test_loss=0.0847)
[109/129] GunPointMaleVersusFemale     DONE  acc=0.9873 loss=0.0847 AOPCR=  0.588 NDCG=  n/a C=  2 T=  150 (27s)  [109 trained / 0 failed so far]
[110/129] GunPointOldVersusYoung
    stage 1/3: loading data ...
    stage 2/3: training on 109 series (val=27, C=2, T=150, batch=10) ...
    stage 3/3: scoring on 315 test series (accuracy + AOPCR) ...
    [mlflow] versioned model 'seanet_bottleneck_topk__sea_mstcn_sep_bottleneck__sea_topk_conjunctive' (id=m-3f740fe52aec476da3bab1a3fadb2b68) params={'model_size_mb': '1.4257', 'n_model_params': '40732', 'name': 'seanet_bottleneck_topk'}
    [mlflow] logged run 'seanet_bottleneck_topk_GunPointOldVersusYoung'  (train_acc=1.0000 val_acc=1.0000 test_acc=0.9746 test_loss=0.1028)
[110/129] GunPointOldVersusYoung       DONE  acc=0.9746 loss=0.1028 AOPCR=  0.720 NDCG=  n/a C=  2 T=  150 (13s)  [110 trained / 0 failed so far]
[111/129] HouseTwenty
    stage 1/3: loading data ...
    stage 2/3: training on 40 series (no val (train-loss early stop), C=2, T=2000, batch=4) ...
    stage 3/3: scoring on 119 test series (accuracy + AOPCR) ...
    [mlflow] versioned model 'seanet_bottleneck_topk__sea_mstcn_sep_bottleneck__sea_topk_conjunctive' (id=m-c48e588c0d814be3b7bad62215ea645f) params={'model_size_mb': '1.4257', 'n_model_params': '40732', 'name': 'seanet_bottleneck_topk'}
    [mlflow] logged run 'seanet_bottleneck_topk_HouseTwenty'  (train_acc=1.0000 test_acc=0.9832 test_loss=0.1092)
[111/129] HouseTwenty                  DONE  acc=0.9832 loss=0.1092 AOPCR=  2.781 NDCG=  n/a C=  2 T= 2000 (36s)  [111 trained / 0 failed so far]
[112/129] InsectEPGRegularTrain
    stage 1/3: loading data ...
    stage 2/3: training on 62 series (no val (train-loss early stop), C=3, T=601, batch=6) ...
    stage 3/3: scoring on 249 test series (accuracy + AOPCR) ...
    [mlflow] versioned model 'seanet_bottleneck_topk__sea_mstcn_sep_bottleneck__sea_topk_conjunctive' (id=m-a5f68b2ba681449c88346a0515210e8b) params={'model_size_mb': '1.4259', 'n_model_params': '40806', 'name': 'seanet_bottleneck_topk'}
    [mlflow] logged run 'seanet_bottleneck_topk_InsectEPGRegularTrain'  (train_acc=1.0000 test_acc=0.9719 test_loss=0.1478)
[112/129] InsectEPGRegularTrain        DONE  acc=0.9719 loss=0.1478 AOPCR=  1.819 NDCG=  n/a C=  3 T=  601 (35s)  [112 trained / 0 failed so far]
[113/129] InsectEPGSmallTrain
    stage 1/3: loading data ...
    stage 2/3: training on 17 series (no val (train-loss early stop), C=3, T=601, batch=2) ...
    stage 3/3: scoring on 249 test series (accuracy + AOPCR) ...
    [mlflow] versioned model 'seanet_bottleneck_topk__sea_mstcn_sep_bottleneck__sea_topk_conjunctive' (id=m-9e1f37a56e844585ad74611efec0d629) params={'model_size_mb': '1.4259', 'n_model_params': '40806', 'name': 'seanet_bottleneck_topk'}
    [mlflow] logged run 'seanet_bottleneck_topk_InsectEPGSmallTrain'  (train_acc=1.0000 test_acc=0.8554 test_loss=0.4203)
[113/129] InsectEPGSmallTrain          DONE  acc=0.8554 loss=0.4203 AOPCR=  1.662 NDCG=  n/a C=  3 T=  601 (20s)  [113 trained / 0 failed so far]
[114/129] MelbournePedestrian
    stage 1/3: loading data ...
    stage 2/3: training on 956 series (val=238, C=10, T=24, batch=16) ...
    stage 3/3: scoring on 2439 test series (accuracy + AOPCR) ...
    [mlflow] versioned model 'seanet_bottleneck_topk__sea_mstcn_sep_bottleneck__sea_topk_conjunctive' (id=m-1c007675132d400aa0e8207ce2abf47e) params={'model_size_mb': '1.4279', 'n_model_params': '41324', 'name': 'seanet_bottleneck_topk'}
    [mlflow] logged run 'seanet_bottleneck_topk_MelbournePedestrian'  (train_acc=0.9990 val_acc=0.8866 test_acc=0.8922 test_loss=0.3852)
[114/129] MelbournePedestrian          DONE  acc=0.8922 loss=0.3852 AOPCR=  0.396 NDCG=  n/a C= 10 T=   24 (109s)  [114 trained / 0 failed so far]
[115/129] MixedShapesRegularTrain
    stage 1/3: loading data ...
    stage 2/3: training on 400 series (val=100, C=5, T=1024, batch=16) ...
    stage 3/3: scoring on 2425 test series (accuracy + AOPCR) ...
    [mlflow] versioned model 'seanet_bottleneck_topk__sea_mstcn_sep_bottleneck__sea_topk_conjunctive' (id=m-4fd509c62147438ca6e9ecb9830724f2) params={'model_size_mb': '1.4265', 'n_model_params': '40954', 'name': 'seanet_bottleneck_topk'}
    [mlflow] logged run 'seanet_bottleneck_topk_MixedShapesRegularTrain'  (train_acc=1.0000 val_acc=0.9400 test_acc=0.9542 test_loss=0.2251)
[115/129] MixedShapesRegularTrain      DONE  acc=0.9542 loss=0.2251 AOPCR=  0.926 NDCG=  n/a C=  5 T= 1024 (42s)  [115 trained / 0 failed so far]
[116/129] MixedShapesSmallTrain
    stage 1/3: loading data ...
    stage 2/3: training on 80 series (val=20, C=5, T=1024, batch=8) ...
    stage 3/3: scoring on 2425 test series (accuracy + AOPCR) ...
    [mlflow] versioned model 'seanet_bottleneck_topk__sea_mstcn_sep_bottleneck__sea_topk_conjunctive' (id=m-e93706df6ad3441c843161d77d5baf67) params={'model_size_mb': '1.4265', 'n_model_params': '40954', 'name': 'seanet_bottleneck_topk'}
    [mlflow] logged run 'seanet_bottleneck_topk_MixedShapesSmallTrain'  (train_acc=1.0000 val_acc=0.9000 test_acc=0.8845 test_loss=0.3743)
[116/129] MixedShapesSmallTrain        DONE  acc=0.8845 loss=0.3743 AOPCR=  1.960 NDCG=  n/a C=  5 T= 1024 (36s)  [116 trained / 0 failed so far]
[117/129] PLAID
    stage 1/3: loading data ...
    stage 2/3: training on 436 series (val=101, C=11, T=1344, batch=16) ...
    stage 3/3: scoring on 537 test series (accuracy + AOPCR) ...
    [mlflow] versioned model 'seanet_bottleneck_topk__sea_mstcn_sep_bottleneck__sea_topk_conjunctive' (id=m-7f2c77923ce94805a53a9a4a57bce74d) params={'model_size_mb': '1.4281', 'n_model_params': '41398', 'name': 'seanet_bottleneck_topk'}
    [mlflow] logged run 'seanet_bottleneck_topk_PLAID'  (train_acc=0.9633 val_acc=0.8713 test_acc=0.8752 test_loss=0.4184)
[117/129] PLAID                        DONE  acc=0.8752 loss=0.4184 AOPCR=  2.320 NDCG=  n/a C= 11 T= 1344 (61s)  [117 trained / 0 failed so far]
[118/129] PickupGestureWiimoteZ
    stage 1/3: loading data ...
    stage 2/3: training on 50 series (no val (train-loss early stop), C=10, T=361, batch=5) ...
    stage 3/3: scoring on 50 test series (accuracy + AOPCR) ...
    [mlflow] versioned model 'seanet_bottleneck_topk__sea_mstcn_sep_bottleneck__sea_topk_conjunctive' (id=m-3148c329ebda4cfb9e511c2d2a245d87) params={'model_size_mb': '1.4279', 'n_model_params': '41324', 'name': 'seanet_bottleneck_topk'}
    [mlflow] logged run 'seanet_bottleneck_topk_PickupGestureWiimoteZ'  (train_acc=1.0000 test_acc=0.8200 test_loss=0.8264)
[118/129] PickupGestureWiimoteZ        DONE  acc=0.8200 loss=0.8264 AOPCR=  1.106 NDCG=  n/a C= 10 T=  361 (26s)  [118 trained / 0 failed so far]
[119/129] PigAirwayPressure
    stage 1/3: loading data ...
    stage 2/3: training on 52 series (val=52, C=52, T=2000, batch=5) ...
    stage 3/3: scoring on 208 test series (accuracy + AOPCR) ...
    [mlflow] versioned model 'seanet_bottleneck_topk__sea_mstcn_sep_bottleneck__sea_topk_conjunctive' (id=m-ede1d27b8012408d80b1222a70c6cfa9) params={'model_size_mb': '1.4398', 'n_model_params': '44432', 'name': 'seanet_bottleneck_topk'}
    [mlflow] logged run 'seanet_bottleneck_topk_PigAirwayPressure'  (train_acc=0.0577 val_acc=0.0192 test_acc=0.0481 test_loss=3.8532)
[119/129] PigAirwayPressure            DONE  acc=0.0481 loss=3.8532 AOPCR=  0.365 NDCG=  n/a C= 52 T= 2000 (8s)  [119 trained / 0 failed so far]
[120/129] PigArtPressure
    stage 1/3: loading data ...
    stage 2/3: training on 52 series (val=52, C=52, T=2000, batch=5) ...
    stage 3/3: scoring on 208 test series (accuracy + AOPCR) ...
    [mlflow] versioned model 'seanet_bottleneck_topk__sea_mstcn_sep_bottleneck__sea_topk_conjunctive' (id=m-1c02b58176e846e7bbfeaddb599a8322) params={'model_size_mb': '1.4398', 'n_model_params': '44432', 'name': 'seanet_bottleneck_topk'}
    [mlflow] logged run 'seanet_bottleneck_topk_PigArtPressure'  (train_acc=1.0000 val_acc=0.7885 test_acc=0.8462 test_loss=0.7814)
[120/129] PigArtPressure               DONE  acc=0.8462 loss=0.7814 AOPCR=  1.059 NDCG=  n/a C= 52 T= 2000 (35s)  [120 trained / 0 failed so far]
[121/129] PigCVP
    stage 1/3: loading data ...
    stage 2/3: training on 52 series (val=52, C=52, T=2000, batch=5) ...
    stage 3/3: scoring on 208 test series (accuracy + AOPCR) ...
    [mlflow] versioned model 'seanet_bottleneck_topk__sea_mstcn_sep_bottleneck__sea_topk_conjunctive' (id=m-e9d7d36251c044fe964a13a4b0306223) params={'model_size_mb': '1.4398', 'n_model_params': '44432', 'name': 'seanet_bottleneck_topk'}
    [mlflow] logged run 'seanet_bottleneck_topk_PigCVP'  (train_acc=1.0000 val_acc=0.4808 test_acc=0.5769 test_loss=2.0048)
[121/129] PigCVP                       DONE  acc=0.5769 loss=2.0048 AOPCR=  2.305 NDCG=  n/a C= 52 T= 2000 (39s)  [121 trained / 0 failed so far]
[122/129] PowerCons
    stage 1/3: loading data ...
    stage 2/3: training on 144 series (val=36, C=2, T=144, batch=14) ...
    stage 3/3: scoring on 180 test series (accuracy + AOPCR) ...
    [mlflow] versioned model 'seanet_bottleneck_topk__sea_mstcn_sep_bottleneck__sea_topk_conjunctive' (id=m-a9164f7acefc4d6daec67eabdf5bd0bf) params={'model_size_mb': '1.4257', 'n_model_params': '40732', 'name': 'seanet_bottleneck_topk'}
    [mlflow] logged run 'seanet_bottleneck_topk_PowerCons'  (train_acc=1.0000 val_acc=0.8333 test_acc=0.9500 test_loss=0.1818)
[122/129] PowerCons                    DONE  acc=0.9500 loss=0.1818 AOPCR=  1.017 NDCG=  n/a C=  2 T=  144 (11s)  [122 trained / 0 failed so far]
[123/129] Rock
    stage 1/3: loading data ...
    stage 2/3: training on 20 series (no val (train-loss early stop), C=4, T=2844, batch=2) ...
    stage 3/3: scoring on 50 test series (accuracy + AOPCR) ...
    [mlflow] versioned model 'seanet_bottleneck_topk__sea_mstcn_sep_bottleneck__sea_topk_conjunctive' (id=m-e1d8f95094f2448ba7db37b38873d50f) params={'model_size_mb': '1.4262', 'n_model_params': '40880', 'name': 'seanet_bottleneck_topk'}
    [mlflow] logged run 'seanet_bottleneck_topk_Rock'  (train_acc=1.0000 test_acc=0.5800 test_loss=1.0622)
[123/129] Rock                         DONE  acc=0.5800 loss=1.0622 AOPCR=  2.627 NDCG=  n/a C=  4 T= 2844 (32s)  [123 trained / 0 failed so far]
[124/129] SemgHandGenderCh2
    stage 1/3: loading data ...
    stage 2/3: training on 240 series (val=60, C=2, T=1500, batch=16) ...
    stage 3/3: scoring on 600 test series (accuracy + AOPCR) ...
    [mlflow] versioned model 'seanet_bottleneck_topk__sea_mstcn_sep_bottleneck__sea_topk_conjunctive' (id=m-4b152a36cabf48e08f6d54785fd697da) params={'model_size_mb': '1.4257', 'n_model_params': '40732', 'name': 'seanet_bottleneck_topk'}
    [mlflow] logged run 'seanet_bottleneck_topk_SemgHandGenderCh2'  (train_acc=1.0000 val_acc=0.9000 test_acc=0.9100 test_loss=0.2199)
[124/129] SemgHandGenderCh2            DONE  acc=0.9100 loss=0.2199 AOPCR=  1.052 NDCG=  n/a C=  2 T= 1500 (21s)  [124 trained / 0 failed so far]
[125/129] SemgHandMovementCh2
    stage 1/3: loading data ...
    stage 2/3: training on 360 series (val=90, C=6, T=1500, batch=16) ...
    stage 3/3: scoring on 450 test series (accuracy + AOPCR) ...
    [mlflow] versioned model 'seanet_bottleneck_topk__sea_mstcn_sep_bottleneck__sea_topk_conjunctive' (id=m-617c5419c13e4bfaa99cd2c15f3d7980) params={'model_size_mb': '1.4268', 'n_model_params': '41028', 'name': 'seanet_bottleneck_topk'}
    [mlflow] logged run 'seanet_bottleneck_topk_SemgHandMovementCh2'  (train_acc=0.7694 val_acc=0.6111 test_acc=0.5311 test_loss=1.2178)
[125/129] SemgHandMovementCh2          DONE  acc=0.5311 loss=1.2178 AOPCR=  2.298 NDCG=  n/a C=  6 T= 1500 (30s)  [125 trained / 0 failed so far]
[126/129] SemgHandSubjectCh2
    stage 1/3: loading data ...
    stage 2/3: training on 360 series (val=90, C=5, T=1500, batch=16) ...
    stage 3/3: scoring on 450 test series (accuracy + AOPCR) ...
    [mlflow] versioned model 'seanet_bottleneck_topk__sea_mstcn_sep_bottleneck__sea_topk_conjunctive' (id=m-b73f1ed3b5da4a5f8ba26aadc84d9ce4) params={'model_size_mb': '1.4265', 'n_model_params': '40954', 'name': 'seanet_bottleneck_topk'}
    [mlflow] logged run 'seanet_bottleneck_topk_SemgHandSubjectCh2'  (train_acc=1.0000 val_acc=0.9444 test_acc=0.8422 test_loss=0.4878)
[126/129] SemgHandSubjectCh2           DONE  acc=0.8422 loss=0.4878 AOPCR=  3.031 NDCG=  n/a C=  5 T= 1500 (38s)  [126 trained / 0 failed so far]
[127/129] ShakeGestureWiimoteZ
    stage 1/3: loading data ...
    stage 2/3: training on 50 series (no val (train-loss early stop), C=10, T=385, batch=5) ...
    stage 3/3: scoring on 50 test series (accuracy + AOPCR) ...
    [mlflow] versioned model 'seanet_bottleneck_topk__sea_mstcn_sep_bottleneck__sea_topk_conjunctive' (id=m-3e531715c4be4cc18c24597951b92561) params={'model_size_mb': '1.4279', 'n_model_params': '41324', 'name': 'seanet_bottleneck_topk'}
    [mlflow] logged run 'seanet_bottleneck_topk_ShakeGestureWiimoteZ'  (train_acc=1.0000 test_acc=0.8600 test_loss=0.5664)
[127/129] ShakeGestureWiimoteZ         DONE  acc=0.8600 loss=0.5664 AOPCR=  1.479 NDCG=  n/a C= 10 T=  385 (36s)  [127 trained / 0 failed so far]
[128/129] SmoothSubspace
    stage 1/3: loading data ...
    stage 2/3: training on 120 series (val=30, C=3, T=15, batch=12) ...
    stage 3/3: scoring on 150 test series (accuracy + AOPCR) ...
    [mlflow] versioned model 'seanet_bottleneck_topk__sea_mstcn_sep_bottleneck__sea_topk_conjunctive' (id=m-7f2046ac07294f06a7eb47a504201620) params={'model_size_mb': '1.4259', 'n_model_params': '40806', 'name': 'seanet_bottleneck_topk'}
    [mlflow] logged run 'seanet_bottleneck_topk_SmoothSubspace'  (train_acc=1.0000 val_acc=1.0000 test_acc=0.9867 test_loss=0.1238)
[128/129] SmoothSubspace               DONE  acc=0.9867 loss=0.1238 AOPCR=  0.412 NDCG=  n/a C=  3 T=   15 (32s)  [128 trained / 0 failed so far]
[129/129] UMD
    stage 1/3: loading data ...
    stage 2/3: training on 36 series (no val (train-loss early stop), C=3, T=150, batch=3) ...
    stage 3/3: scoring on 144 test series (accuracy + AOPCR) ...
    [mlflow] versioned model 'seanet_bottleneck_topk__sea_mstcn_sep_bottleneck__sea_topk_conjunctive' (id=m-9b08487b2a7b43e2ad75394e3449eb1c) params={'model_size_mb': '1.4259', 'n_model_params': '40806', 'name': 'seanet_bottleneck_topk'}
    [mlflow] logged run 'seanet_bottleneck_topk_UMD'  (train_acc=1.0000 test_acc=0.9861 test_loss=0.0979)
[129/129] UMD                          DONE  acc=0.9861 loss=0.0979 AOPCR=  2.567 NDCG=  n/a C=  3 T=  150 (13s)  [129 trained / 0 failed so far]

Done: 129 trained, 0 skipped, 0 failed.
Results -> results/SEA_NET/seanet_bottleneck_topk__sea_mstcn_sep_bottleneck__sea_topk_conjunctive/results.csv

=== seanet_bottleneck_topk__sea_mstcn_sep_bottleneck__sea_topk_conjunctive vs MILLET ConjunctiveInceptionTime (mean of 5 reps) ===
  UCR datasets evaluated: 128  (with MILLET baseline: 85, without: 43)
  metric        ours    MILLET   win/tie/loss   (mean over the 85 datasets MILLET published)
  acc         0.8097    0.8445       20/15/50   
  loss        0.5506    1.2241        58/1/26   (lower is better)
  aopcr       1.0909    4.5532         4/0/81   
  wrote results/SEA_NET/seanet_bottleneck_topk__sea_mstcn_sep_bottleneck__sea_topk_conjunctive/comparison_vs_millet.csv

Next: `python main.py report` to draw the figures for seanet_bottleneck_topk__sea_mstcn_sep_bottleneck__sea_topk_conjunctive.

[log] finished; full output saved to results/SEA_NET/seanet_bottleneck_topk__sea_mstcn_sep_bottleneck__sea_topk_conjunctive/logs/train_2026-08-04_17-52-35.log
