[log] command 'train' started at 2026-08-04_15-33-08 for model 'seanet_bottleneck_topk__sea_mstcn_sep_bottleneck__sea_topk_conjunctive'
[log] a copy of everything below is being saved to: results/SEA_NET/seanet_bottleneck_topk__sea_mstcn_sep_bottleneck__sea_topk_conjunctive/logs/train_2026-08-04_15-33-08.log

=== train: model=seanet_bottleneck_topk__sea_mstcn_sep_bottleneck__sea_topk_conjunctive (config sv4/seanet_bottleneck_topk) device=cuda mode=full datasets=129 ===
[params] using DEFAULT recipe (no Optuna record yet - run 'python main.py optuna --model sv4/seanet_bottleneck_topk').
  results  -> results/SEA_NET/seanet_bottleneck_topk__sea_mstcn_sep_bottleneck__sea_topk_conjunctive/results.csv
  resume   -> results/SEA_NET/seanet_bottleneck_topk__sea_mstcn_sep_bottleneck__sea_topk_conjunctive/done_train_dataset.txt  (delete it to retrain everything; delete one line to retrain that dataset)

  [mlflow] logging runs to experiment 'SEA-Net_seanet_bottleneck_topk__sea_mstcn_sep_bottleneck__sea_topk_conjunctive_2026-08-04' at sqlite:///mlflow.db
  [mlflow] browse later with:  mlflow ui --backend-store-uri sqlite:///mlflow.db
[  1/129] WebTraffic
    stage 1/3: loading data ...
    stage 2/3: training on 400 series (val=100, C=10, T=1008, batch=16) ...
    stage 3/3: scoring on 500 test series (accuracy + AOPCR + NDCG) ...
    [mlflow] versioned model 'seanet_bottleneck_topk__sea_mstcn_sep_bottleneck__sea_topk_conjunctive' (id=m-7a3dbbb729d24358927c37fa39e1ed88) params={'model_size_mb': '1.4279', 'n_model_params': '41324', 'name': 'seanet_bottleneck_topk'}
    [mlflow] logged run 'seanet_bottleneck_topk_WebTraffic'  (train_acc=1.0000 val_acc=0.9400 test_acc=0.9380 test_loss=0.3107)
[  1/129] WebTraffic                   DONE  acc=0.9380 loss=0.3107 AOPCR=  2.708 NDCG=0.783 C= 10 T= 1008 (113s)  [1 trained / 0 failed so far]
[  2/129] Adiac
    stage 1/3: loading data ...
    stage 2/3: training on 328 series (val=62, C=37, T=176, batch=16) ...
    stage 3/3: scoring on 391 test series (accuracy + AOPCR) ...
    [mlflow] versioned model 'seanet_bottleneck_topk__sea_mstcn_sep_bottleneck__sea_topk_conjunctive' (id=m-184e3de9f41140cf899f3db43c87126b) params={'model_size_mb': '1.4355', 'n_model_params': '43322', 'name': 'seanet_bottleneck_topk'}
    [mlflow] logged run 'seanet_bottleneck_topk_Adiac'  (train_acc=0.8994 val_acc=0.7258 test_acc=0.7391 test_loss=0.9551)
[  2/129] Adiac                        DONE  acc=0.7391 loss=0.9551 AOPCR= -0.146 NDCG=  n/a C= 37 T=  176 (32s)  [2 trained / 0 failed so far]
[  3/129] ArrowHead
    stage 1/3: loading data ...
    stage 2/3: training on 36 series (no val (train-loss early stop), C=3, T=251, batch=3) ...
    stage 3/3: scoring on 175 test series (accuracy + AOPCR) ...
    [mlflow] versioned model 'seanet_bottleneck_topk__sea_mstcn_sep_bottleneck__sea_topk_conjunctive' (id=m-d480fe4e1a4b4ce79666cdb3f59d5e84) params={'model_size_mb': '1.4259', 'n_model_params': '40806', 'name': 'seanet_bottleneck_topk'}
    [mlflow] logged run 'seanet_bottleneck_topk_ArrowHead'  (train_acc=1.0000 test_acc=0.8286 test_loss=0.4502)
[  3/129] ArrowHead                    DONE  acc=0.8286 loss=0.4502 AOPCR=  0.446 NDCG=  n/a C=  3 T=  251 (33s)  [3 trained / 0 failed so far]
[  4/129] Beef
    stage 1/3: loading data ...
    stage 2/3: training on 30 series (no val (train-loss early stop), C=5, T=470, batch=3) ...
    stage 3/3: scoring on 30 test series (accuracy + AOPCR) ...
    [mlflow] versioned model 'seanet_bottleneck_topk__sea_mstcn_sep_bottleneck__sea_topk_conjunctive' (id=m-93cd49e744cc4a2b97df75146782f46d) params={'model_size_mb': '1.4265', 'n_model_params': '40954', 'name': 'seanet_bottleneck_topk'}
    [mlflow] logged run 'seanet_bottleneck_topk_Beef'  (train_acc=1.0000 test_acc=0.7000 test_loss=0.8619)
[  4/129] Beef                         DONE  acc=0.7000 loss=0.8619 AOPCR=  1.230 NDCG=  n/a C=  5 T=  470 (39s)  [4 trained / 0 failed so far]
[  5/129] BeetleFly
    stage 1/3: loading data ...
    stage 2/3: training on 20 series (no val (train-loss early stop), C=2, T=512, batch=2) ...
    stage 3/3: scoring on 20 test series (accuracy + AOPCR) ...
    [mlflow] versioned model 'seanet_bottleneck_topk__sea_mstcn_sep_bottleneck__sea_topk_conjunctive' (id=m-a895a16817c54f60836651ae38e8f427) params={'model_size_mb': '1.4257', 'n_model_params': '40732', 'name': 'seanet_bottleneck_topk'}
    [mlflow] logged run 'seanet_bottleneck_topk_BeetleFly'  (train_acc=1.0000 test_acc=0.8000 test_loss=0.4965)
[  5/129] BeetleFly                    DONE  acc=0.8000 loss=0.4965 AOPCR=  0.251 NDCG=  n/a C=  2 T=  512 (26s)  [5 trained / 0 failed so far]
[  6/129] BirdChicken
    stage 1/3: loading data ...
    stage 2/3: training on 20 series (no val (train-loss early stop), C=2, T=512, batch=2) ...
    stage 3/3: scoring on 20 test series (accuracy + AOPCR) ...
    [mlflow] versioned model 'seanet_bottleneck_topk__sea_mstcn_sep_bottleneck__sea_topk_conjunctive' (id=m-23917559e87b4b44a585d85df5fe4f64) params={'model_size_mb': '1.4257', 'n_model_params': '40732', 'name': 'seanet_bottleneck_topk'}
    [mlflow] logged run 'seanet_bottleneck_topk_BirdChicken'  (train_acc=1.0000 test_acc=0.9000 test_loss=0.2434)
[  6/129] BirdChicken                  DONE  acc=0.9000 loss=0.2434 AOPCR=  2.721 NDCG=  n/a C=  2 T=  512 (21s)  [6 trained / 0 failed so far]
[  7/129] Car
    stage 1/3: loading data ...
    stage 2/3: training on 60 series (no val (train-loss early stop), C=4, T=577, batch=6) ...
    stage 3/3: scoring on 60 test series (accuracy + AOPCR) ...
    [mlflow] versioned model 'seanet_bottleneck_topk__sea_mstcn_sep_bottleneck__sea_topk_conjunctive' (id=m-78904cccf93c401bb888b3438d7e545b) params={'model_size_mb': '1.4262', 'n_model_params': '40880', 'name': 'seanet_bottleneck_topk'}
    [mlflow] logged run 'seanet_bottleneck_topk_Car'  (train_acc=1.0000 test_acc=0.9000 test_loss=0.3518)
[  7/129] Car                          DONE  acc=0.9000 loss=0.3518 AOPCR= -1.193 NDCG=  n/a C=  4 T=  577 (29s)  [7 trained / 0 failed so far]
[  8/129] CBF
    stage 1/3: loading data ...
    stage 2/3: training on 30 series (no val (train-loss early stop), C=3, T=128, batch=3) ...
    stage 3/3: scoring on 900 test series (accuracy + AOPCR) ...
    [mlflow] versioned model 'seanet_bottleneck_topk__sea_mstcn_sep_bottleneck__sea_topk_conjunctive' (id=m-2f56d3bc07f843cfa876d94f9b0a7840) params={'model_size_mb': '1.4259', 'n_model_params': '40806', 'name': 'seanet_bottleneck_topk'}
    [mlflow] logged run 'seanet_bottleneck_topk_CBF'  (train_acc=1.0000 test_acc=0.9989 test_loss=0.1171)
[  8/129] CBF                          DONE  acc=0.9989 loss=0.1171 AOPCR=  1.891 NDCG=  n/a C=  3 T=  128 (11s)  [8 trained / 0 failed so far]
[  9/129] ChlorineConcentration
    stage 1/3: loading data ...
    stage 2/3: training on 375 series (val=92, C=3, T=166, batch=16) ...
    stage 3/3: scoring on 3840 test series (accuracy + AOPCR) ...
    [mlflow] versioned model 'seanet_bottleneck_topk__sea_mstcn_sep_bottleneck__sea_topk_conjunctive' (id=m-2f6b2160bb75466eb5b4dfd9b2e2de4c) params={'model_size_mb': '1.4259', 'n_model_params': '40806', 'name': 'seanet_bottleneck_topk'}
    [mlflow] logged run 'seanet_bottleneck_topk_ChlorineConcentration'  (train_acc=0.8507 val_acc=0.7500 test_acc=0.6732 test_loss=0.8067)
[  9/129] ChlorineConcentration        DONE  acc=0.6732 loss=0.8067 AOPCR=  0.378 NDCG=  n/a C=  3 T=  166 (77s)  [9 trained / 0 failed so far]
[ 10/129] CinCECGTorso
    stage 1/3: loading data ...
    stage 2/3: training on 40 series (no val (train-loss early stop), C=4, T=1639, batch=4) ...
    stage 3/3: scoring on 1380 test series (accuracy + AOPCR) ...
    [mlflow] versioned model 'seanet_bottleneck_topk__sea_mstcn_sep_bottleneck__sea_topk_conjunctive' (id=m-d3b70efbb0c44d1486d2f4b90de53438) params={'model_size_mb': '1.4262', 'n_model_params': '40880', 'name': 'seanet_bottleneck_topk'}
    [mlflow] logged run 'seanet_bottleneck_topk_CinCECGTorso'  (train_acc=1.0000 test_acc=0.7355 test_loss=0.7231)
[ 10/129] CinCECGTorso                 DONE  acc=0.7355 loss=0.7231 AOPCR=  1.987 NDCG=  n/a C=  4 T= 1639 (29s)  [10 trained / 0 failed so far]
[ 11/129] Coffee
    stage 1/3: loading data ...
    stage 2/3: training on 28 series (no val (train-loss early stop), C=2, T=286, batch=2) ...
    stage 3/3: scoring on 28 test series (accuracy + AOPCR) ...
    [mlflow] versioned model 'seanet_bottleneck_topk__sea_mstcn_sep_bottleneck__sea_topk_conjunctive' (id=m-b6311d1c1ded482988ebdc17503bcbb2) params={'model_size_mb': '1.4257', 'n_model_params': '40732', 'name': 'seanet_bottleneck_topk'}
    [mlflow] logged run 'seanet_bottleneck_topk_Coffee'  (train_acc=1.0000 test_acc=1.0000 test_loss=0.0532)
[ 11/129] Coffee                       DONE  acc=1.0000 loss=0.0532 AOPCR=  0.015 NDCG=  n/a C=  2 T=  286 (39s)  [11 trained / 0 failed so far]
[ 12/129] Computers
    stage 1/3: loading data ...
    stage 2/3: training on 200 series (val=50, C=2, T=720, batch=16) ...
    stage 3/3: scoring on 250 test series (accuracy + AOPCR) ...
    [mlflow] versioned model 'seanet_bottleneck_topk__sea_mstcn_sep_bottleneck__sea_topk_conjunctive' (id=m-299405e80eac4cbc8333f3795f4083ca) params={'model_size_mb': '1.4257', 'n_model_params': '40732', 'name': 'seanet_bottleneck_topk'}
    [mlflow] logged run 'seanet_bottleneck_topk_Computers'  (train_acc=0.9900 val_acc=0.7400 test_acc=0.7560 test_loss=0.5348)
[ 12/129] Computers                    DONE  acc=0.7560 loss=0.5348 AOPCR=  0.848 NDCG=  n/a C=  2 T=  720 (17s)  [12 trained / 0 failed so far]
[ 13/129] CricketX
    stage 1/3: loading data ...
    stage 2/3: training on 317 series (val=73, C=12, T=300, batch=16) ...
    stage 3/3: scoring on 390 test series (accuracy + AOPCR) ...
    [mlflow] versioned model 'seanet_bottleneck_topk__sea_mstcn_sep_bottleneck__sea_topk_conjunctive' (id=m-d0537965df9849a5b58e0c1a0aceae4c) params={'model_size_mb': '1.4284', 'n_model_params': '41472', 'name': 'seanet_bottleneck_topk'}
    [mlflow] logged run 'seanet_bottleneck_topk_CricketX'  (train_acc=1.0000 val_acc=0.8767 test_acc=0.8256 test_loss=0.6381)
[ 13/129] CricketX                     DONE  acc=0.8256 loss=0.6381 AOPCR=  2.030 NDCG=  n/a C= 12 T=  300 (36s)  [13 trained / 0 failed so far]
[ 14/129] CricketY
    stage 1/3: loading data ...
    stage 2/3: training on 317 series (val=73, C=12, T=300, batch=16) ...
    stage 3/3: scoring on 390 test series (accuracy + AOPCR) ...
    [mlflow] versioned model 'seanet_bottleneck_topk__sea_mstcn_sep_bottleneck__sea_topk_conjunctive' (id=m-088c6ca92a4244538d28d7b1578b6671) params={'model_size_mb': '1.4284', 'n_model_params': '41472', 'name': 'seanet_bottleneck_topk'}
    [mlflow] logged run 'seanet_bottleneck_topk_CricketY'  (train_acc=1.0000 val_acc=0.8219 test_acc=0.7846 test_loss=0.6965)
[ 14/129] CricketY                     DONE  acc=0.7846 loss=0.6965 AOPCR=  1.890 NDCG=  n/a C= 12 T=  300 (25s)  [14 trained / 0 failed so far]
[ 15/129] CricketZ
    stage 1/3: loading data ...
    stage 2/3: training on 316 series (val=74, C=12, T=300, batch=16) ...
    stage 3/3: scoring on 390 test series (accuracy + AOPCR) ...
    [mlflow] versioned model 'seanet_bottleneck_topk__sea_mstcn_sep_bottleneck__sea_topk_conjunctive' (id=m-62e9bae11d8447b3947a50563a274af7) params={'model_size_mb': '1.4284', 'n_model_params': '41472', 'name': 'seanet_bottleneck_topk'}
    [mlflow] logged run 'seanet_bottleneck_topk_CricketZ'  (train_acc=0.9462 val_acc=0.7432 test_acc=0.7872 test_loss=0.6293)
[ 15/129] CricketZ                     DONE  acc=0.7872 loss=0.6293 AOPCR=  2.277 NDCG=  n/a C= 12 T=  300 (16s)  [15 trained / 0 failed so far]
[ 16/129] DiatomSizeReduction
    stage 1/3: loading data ...
    stage 2/3: training on 16 series (no val (train-loss early stop), C=4, T=345, batch=2) ...
    stage 3/3: scoring on 306 test series (accuracy + AOPCR) ...
    [mlflow] versioned model 'seanet_bottleneck_topk__sea_mstcn_sep_bottleneck__sea_topk_conjunctive' (id=m-175f1deafdb64242bfff109a731ceccf) params={'model_size_mb': '1.4262', 'n_model_params': '40880', 'name': 'seanet_bottleneck_topk'}
    [mlflow] logged run 'seanet_bottleneck_topk_DiatomSizeReduction'  (train_acc=1.0000 test_acc=0.9739 test_loss=0.1730)
[ 16/129] DiatomSizeReduction          DONE  acc=0.9739 loss=0.1730 AOPCR=  1.563 NDCG=  n/a C=  4 T=  345 (22s)  [16 trained / 0 failed so far]
[ 17/129] DistalPhalanxOutlineAgeGroup
    stage 1/3: loading data ...
    stage 2/3: training on 321 series (val=79, C=3, T=80, batch=16) ...
    stage 3/3: scoring on 139 test series (accuracy + AOPCR) ...
    [mlflow] versioned model 'seanet_bottleneck_topk__sea_mstcn_sep_bottleneck__sea_topk_conjunctive' (id=m-004690a10eb14d12a3303d6c3180fa7b) params={'model_size_mb': '1.4259', 'n_model_params': '40806', 'name': 'seanet_bottleneck_topk'}
    [mlflow] logged run 'seanet_bottleneck_topk_DistalPhalanxOutlineAgeGroup'  (train_acc=0.8723 val_acc=0.8608 test_acc=0.7770 test_loss=0.5293)
[ 17/129] DistalPhalanxOutlineAgeGroup DONE  acc=0.7770 loss=0.5293 AOPCR=  0.453 NDCG=  n/a C=  3 T=   80 (34s)  [17 trained / 0 failed so far]
[ 18/129] DistalPhalanxOutlineCorrect
    stage 1/3: loading data ...
    stage 2/3: training on 481 series (val=119, C=2, T=80, batch=16) ...
    stage 3/3: scoring on 276 test series (accuracy + AOPCR) ...
    [mlflow] versioned model 'seanet_bottleneck_topk__sea_mstcn_sep_bottleneck__sea_topk_conjunctive' (id=m-30ac39a7cd484133a60aae627c804fab) params={'model_size_mb': '1.4257', 'n_model_params': '40732', 'name': 'seanet_bottleneck_topk'}
    [mlflow] logged run 'seanet_bottleneck_topk_DistalPhalanxOutlineCorrect'  (train_acc=0.9563 val_acc=0.9160 test_acc=0.7645 test_loss=0.5307)
[ 18/129] DistalPhalanxOutlineCorrect  DONE  acc=0.7645 loss=0.5307 AOPCR=  0.560 NDCG=  n/a C=  2 T=   80 (73s)  [18 trained / 0 failed so far]
[ 19/129] DistalPhalanxTW
    stage 1/3: loading data ...
    stage 2/3: training on 323 series (val=77, C=6, T=80, batch=16) ...
    stage 3/3: scoring on 139 test series (accuracy + AOPCR) ...
    [mlflow] versioned model 'seanet_bottleneck_topk__sea_mstcn_sep_bottleneck__sea_topk_conjunctive' (id=m-6539c752eca0436b8f1c167f240e6396) params={'model_size_mb': '1.4268', 'n_model_params': '41028', 'name': 'seanet_bottleneck_topk'}
    [mlflow] logged run 'seanet_bottleneck_topk_DistalPhalanxTW'  (train_acc=0.8607 val_acc=0.8182 test_acc=0.6906 test_loss=0.7763)
[ 19/129] DistalPhalanxTW              DONE  acc=0.6906 loss=0.7763 AOPCR=  0.825 NDCG=  n/a C=  6 T=   80 (38s)  [19 trained / 0 failed so far]
[ 20/129] Earthquakes
    stage 1/3: loading data ...
    stage 2/3: training on 259 series (val=63, C=2, T=512, batch=16) ...
    stage 3/3: scoring on 139 test series (accuracy + AOPCR) ...
    [mlflow] versioned model 'seanet_bottleneck_topk__sea_mstcn_sep_bottleneck__sea_topk_conjunctive' (id=m-f502dbf3c2504f5a911bb43c559cc939) params={'model_size_mb': '1.4257', 'n_model_params': '40732', 'name': 'seanet_bottleneck_topk'}
    [mlflow] logged run 'seanet_bottleneck_topk_Earthquakes'  (train_acc=0.8185 val_acc=0.8254 test_acc=0.7482 test_loss=0.5361)
[ 20/129] Earthquakes                  DONE  acc=0.7482 loss=0.5361 AOPCR=  0.183 NDCG=  n/a C=  2 T=  512 (11s)  [20 trained / 0 failed so far]
[ 21/129] ECG200
    stage 1/3: loading data ...
    stage 2/3: training on 81 series (val=19, C=2, T=96, batch=8) ...
    stage 3/3: scoring on 100 test series (accuracy + AOPCR) ...
    [mlflow] versioned model 'seanet_bottleneck_topk__sea_mstcn_sep_bottleneck__sea_topk_conjunctive' (id=m-97ea352f795745778fe4e9525f74dc29) params={'model_size_mb': '1.4257', 'n_model_params': '40732', 'name': 'seanet_bottleneck_topk'}
    [mlflow] logged run 'seanet_bottleneck_topk_ECG200'  (train_acc=0.9136 val_acc=0.8947 test_acc=0.8800 test_loss=0.2971)
[ 21/129] ECG200                       DONE  acc=0.8800 loss=0.2971 AOPCR=  0.823 NDCG=  n/a C=  2 T=   96 (10s)  [21 trained / 0 failed so far]
[ 22/129] ECG5000
    stage 1/3: loading data ...
    stage 2/3: training on 401 series (val=99, C=5, T=140, batch=16) ...
    stage 3/3: scoring on 4500 test series (accuracy + AOPCR) ...
    [mlflow] versioned model 'seanet_bottleneck_topk__sea_mstcn_sep_bottleneck__sea_topk_conjunctive' (id=m-15529a39a09e4a5fa008df242067078d) params={'model_size_mb': '1.4265', 'n_model_params': '40954', 'name': 'seanet_bottleneck_topk'}
    [mlflow] logged run 'seanet_bottleneck_topk_ECG5000'  (train_acc=0.9900 val_acc=0.9697 test_acc=0.9444 test_loss=0.2514)
[ 22/129] ECG5000                      DONE  acc=0.9444 loss=0.2514 AOPCR=  0.244 NDCG=  n/a C=  5 T=  140 (45s)  [22 trained / 0 failed so far]
[ 23/129] ECGFiveDays
    stage 1/3: loading data ...
    stage 2/3: training on 23 series (no val (train-loss early stop), C=2, T=136, batch=2) ...
    stage 3/3: scoring on 861 test series (accuracy + AOPCR) ...
    [mlflow] versioned model 'seanet_bottleneck_topk__sea_mstcn_sep_bottleneck__sea_topk_conjunctive' (id=m-d34804287e024cd2a02e31ca8c50623a) params={'model_size_mb': '1.4257', 'n_model_params': '40732', 'name': 'seanet_bottleneck_topk'}
    [mlflow] logged run 'seanet_bottleneck_topk_ECGFiveDays'  (train_acc=1.0000 test_acc=1.0000 test_loss=0.0566)
[ 23/129] ECGFiveDays                  DONE  acc=1.0000 loss=0.0566 AOPCR=  1.859 NDCG=  n/a C=  2 T=  136 (25s)  [23 trained / 0 failed so far]
[ 24/129] ElectricDevices
    stage 1/3: loading data ...
    stage 2/3: training on 7144 series (val=1782, C=7, T=96, batch=16) ...
    stage 3/3: scoring on 7711 test series (accuracy + AOPCR) ...
    [mlflow] versioned model 'seanet_bottleneck_topk__sea_mstcn_sep_bottleneck__sea_topk_conjunctive' (id=m-d9d75ca9e8c14d24b7a876653090f570) params={'model_size_mb': '1.427', 'n_model_params': '41102', 'name': 'seanet_bottleneck_topk'}
    [mlflow] logged run 'seanet_bottleneck_topk_ElectricDevices'  (train_acc=0.9492 val_acc=0.8923 test_acc=0.7147 test_loss=1.0091)
[ 24/129] ElectricDevices              DONE  acc=0.7147 loss=1.0091 AOPCR=  0.751 NDCG=  n/a C=  7 T=   96 (1049s)  [24 trained / 0 failed so far]
[ 25/129] FaceAll
    stage 1/3: loading data ...
    stage 2/3: training on 448 series (val=112, C=14, T=131, batch=16) ...
    stage 3/3: scoring on 1690 test series (accuracy + AOPCR) ...
    [mlflow] versioned model 'seanet_bottleneck_topk__sea_mstcn_sep_bottleneck__sea_topk_conjunctive' (id=m-5f653d86bd4145d68616d18091626911) params={'model_size_mb': '1.429', 'n_model_params': '41620', 'name': 'seanet_bottleneck_topk'}
    [mlflow] logged run 'seanet_bottleneck_topk_FaceAll'  (train_acc=1.0000 val_acc=1.0000 test_acc=0.8012 test_loss=0.7683)
[ 25/129] FaceAll                      DONE  acc=0.8012 loss=0.7683 AOPCR=  0.713 NDCG=  n/a C= 14 T=  131 (77s)  [25 trained / 0 failed so far]
[ 26/129] FaceFour
    stage 1/3: loading data ...
    stage 2/3: training on 24 series (no val (train-loss early stop), C=4, T=350, batch=2) ...
    stage 3/3: scoring on 88 test series (accuracy + AOPCR) ...
    [mlflow] versioned model 'seanet_bottleneck_topk__sea_mstcn_sep_bottleneck__sea_topk_conjunctive' (id=m-9b4113252b794de19d1b49dbb316a140) params={'model_size_mb': '1.4262', 'n_model_params': '40880', 'name': 'seanet_bottleneck_topk'}
    [mlflow] logged run 'seanet_bottleneck_topk_FaceFour'  (train_acc=1.0000 test_acc=0.9773 test_loss=0.1811)
[ 26/129] FaceFour                     DONE  acc=0.9773 loss=0.1811 AOPCR=  1.311 NDCG=  n/a C=  4 T=  350 (25s)  [26 trained / 0 failed so far]
[ 27/129] FacesUCR
    stage 1/3: loading data ...
    stage 2/3: training on 165 series (val=35, C=14, T=131, batch=16) ...
    stage 3/3: scoring on 2050 test series (accuracy + AOPCR) ...
    [mlflow] versioned model 'seanet_bottleneck_topk__sea_mstcn_sep_bottleneck__sea_topk_conjunctive' (id=m-d487583a607044508559b93bac9fcfe2) params={'model_size_mb': '1.429', 'n_model_params': '41620', 'name': 'seanet_bottleneck_topk'}
    [mlflow] logged run 'seanet_bottleneck_topk_FacesUCR'  (train_acc=1.0000 val_acc=0.9714 test_acc=0.9366 test_loss=0.3034)
[ 27/129] FacesUCR                     DONE  acc=0.9366 loss=0.3034 AOPCR=  1.303 NDCG=  n/a C= 14 T=  131 (13s)  [27 trained / 0 failed so far]
[ 28/129] FiftyWords
    stage 1/3: loading data ...
    stage 2/3: training on 365 series (val=85, C=50, T=270, batch=16) ...
    stage 3/3: scoring on 455 test series (accuracy + AOPCR) ...
    [mlflow] versioned model 'seanet_bottleneck_topk__sea_mstcn_sep_bottleneck__sea_topk_conjunctive' (id=m-a2d366ec8da34736878dc121c365f6cb) params={'model_size_mb': '1.4392', 'n_model_params': '44284', 'name': 'seanet_bottleneck_topk'}
    [mlflow] logged run 'seanet_bottleneck_topk_FiftyWords'  (train_acc=0.9973 val_acc=0.7765 test_acc=0.7692 test_loss=0.8437)
[ 28/129] FiftyWords                   DONE  acc=0.7692 loss=0.8437 AOPCR=  2.566 NDCG=  n/a C= 50 T=  270 (27s)  [28 trained / 0 failed so far]
[ 29/129] Fish
    stage 1/3: loading data ...
    stage 2/3: training on 142 series (val=33, C=7, T=463, batch=14) ...
    stage 3/3: scoring on 175 test series (accuracy + AOPCR) ...
    [mlflow] versioned model 'seanet_bottleneck_topk__sea_mstcn_sep_bottleneck__sea_topk_conjunctive' (id=m-579a83fd85c14c2c81a4b2d83f001339) params={'model_size_mb': '1.427', 'n_model_params': '41102', 'name': 'seanet_bottleneck_topk'}
    [mlflow] logged run 'seanet_bottleneck_topk_Fish'  (train_acc=1.0000 val_acc=0.8788 test_acc=0.9543 test_loss=0.2105)
[ 29/129] Fish                         DONE  acc=0.9543 loss=0.2105 AOPCR=  1.020 NDCG=  n/a C=  7 T=  463 (40s)  [29 trained / 0 failed so far]
[ 30/129] FordA
    stage 1/3: loading data ...
    stage 2/3: training on 2881 series (val=720, C=2, T=500, batch=16) ...
    stage 3/3: scoring on 1320 test series (accuracy + AOPCR) ...
    [mlflow] versioned model 'seanet_bottleneck_topk__sea_mstcn_sep_bottleneck__sea_topk_conjunctive' (id=m-4b0b958589304b3c8566ff20fe6c54d9) params={'model_size_mb': '1.4257', 'n_model_params': '40732', 'name': 'seanet_bottleneck_topk'}
    [mlflow] logged run 'seanet_bottleneck_topk_FordA'  (train_acc=0.9722 val_acc=0.9667 test_acc=0.9636 test_loss=0.1469)
[ 30/129] FordA                        DONE  acc=0.9636 loss=0.1469 AOPCR=  0.217 NDCG=  n/a C=  2 T=  500 (126s)  [30 trained / 0 failed so far]
[ 31/129] FordB
    stage 1/3: loading data ...
    stage 2/3: training on 2909 series (val=727, C=2, T=500, batch=16) ...
    stage 3/3: scoring on 810 test series (accuracy + AOPCR) ...
    [mlflow] versioned model 'seanet_bottleneck_topk__sea_mstcn_sep_bottleneck__sea_topk_conjunctive' (id=m-3f9ad9df5e7c49109e2f55f4c04d21df) params={'model_size_mb': '1.4257', 'n_model_params': '40732', 'name': 'seanet_bottleneck_topk'}
    [mlflow] logged run 'seanet_bottleneck_topk_FordB'  (train_acc=0.9739 val_acc=0.9546 test_acc=0.8457 test_loss=0.3830)
[ 31/129] FordB                        DONE  acc=0.8457 loss=0.3830 AOPCR=  0.359 NDCG=  n/a C=  2 T=  500 (124s)  [31 trained / 0 failed so far]
[ 32/129] GunPoint
    stage 1/3: loading data ...
    stage 2/3: training on 50 series (no val (train-loss early stop), C=2, T=150, batch=5) ...
    stage 3/3: scoring on 150 test series (accuracy + AOPCR) ...
    [mlflow] versioned model 'seanet_bottleneck_topk__sea_mstcn_sep_bottleneck__sea_topk_conjunctive' (id=m-778aa3530d7846db94af0fb3a1f49045) params={'model_size_mb': '1.4257', 'n_model_params': '40732', 'name': 'seanet_bottleneck_topk'}
    [mlflow] logged run 'seanet_bottleneck_topk_GunPoint'  (train_acc=1.0000 test_acc=0.9867 test_loss=0.0901)
[ 32/129] GunPoint                     DONE  acc=0.9867 loss=0.0901 AOPCR=  1.366 NDCG=  n/a C=  2 T=  150 (23s)  [32 trained / 0 failed so far]
[ 33/129] Ham
    stage 1/3: loading data ...
    stage 2/3: training on 88 series (val=21, C=2, T=431, batch=8) ...
    stage 3/3: scoring on 105 test series (accuracy + AOPCR) ...
    [mlflow] versioned model 'seanet_bottleneck_topk__sea_mstcn_sep_bottleneck__sea_topk_conjunctive' (id=m-37467042fb39422087171db26c5dbe17) params={'model_size_mb': '1.4257', 'n_model_params': '40732', 'name': 'seanet_bottleneck_topk'}
    [mlflow] logged run 'seanet_bottleneck_topk_Ham'  (train_acc=1.0000 val_acc=0.9048 test_acc=0.6571 test_loss=0.7970)
[ 33/129] Ham                          DONE  acc=0.6571 loss=0.7970 AOPCR=  0.770 NDCG=  n/a C=  2 T=  431 (23s)  [33 trained / 0 failed so far]
[ 34/129] HandOutlines
    stage 1/3: loading data ...
    stage 2/3: training on 801 series (val=199, C=2, T=2709, batch=16) ...
    stage 3/3: scoring on 370 test series (accuracy + AOPCR) ...
    [mlflow] versioned model 'seanet_bottleneck_topk__sea_mstcn_sep_bottleneck__sea_topk_conjunctive' (id=m-1ae0b1be0e5a487f9102d39f3189d415) params={'model_size_mb': '1.4257', 'n_model_params': '40732', 'name': 'seanet_bottleneck_topk'}
    [mlflow] logged run 'seanet_bottleneck_topk_HandOutlines'  (train_acc=0.9488 val_acc=0.9447 test_acc=0.9324 test_loss=0.2349)
[ 34/129] HandOutlines                 DONE  acc=0.9324 loss=0.2349 AOPCR=  1.919 NDCG=  n/a C=  2 T= 2709 (220s)  [34 trained / 0 failed so far]
[ 35/129] Haptics
    stage 1/3: loading data ...
    stage 2/3: training on 127 series (val=28, C=5, T=1092, batch=12) ...
    stage 3/3: scoring on 308 test series (accuracy + AOPCR) ...
    [mlflow] versioned model 'seanet_bottleneck_topk__sea_mstcn_sep_bottleneck__sea_topk_conjunctive' (id=m-1e0b617c5f064e689ec80ee96a827e6b) params={'model_size_mb': '1.4265', 'n_model_params': '40954', 'name': 'seanet_bottleneck_topk'}
    [mlflow] logged run 'seanet_bottleneck_topk_Haptics'  (train_acc=0.7087 val_acc=0.5357 test_acc=0.4156 test_loss=1.5691)
[ 35/129] Haptics                      DONE  acc=0.4156 loss=1.5691 AOPCR=  1.804 NDCG=  n/a C=  5 T= 1092 (9s)  [35 trained / 0 failed so far]
[ 36/129] Herring
    stage 1/3: loading data ...
    stage 2/3: training on 64 series (no val (train-loss early stop), C=2, T=512, batch=6) ...
    stage 3/3: scoring on 64 test series (accuracy + AOPCR) ...
    [mlflow] versioned model 'seanet_bottleneck_topk__sea_mstcn_sep_bottleneck__sea_topk_conjunctive' (id=m-f642bd48fef648f1af2e7629cf5d5e59) params={'model_size_mb': '1.4257', 'n_model_params': '40732', 'name': 'seanet_bottleneck_topk'}
    [mlflow] logged run 'seanet_bottleneck_topk_Herring'  (train_acc=1.0000 test_acc=0.6094 test_loss=1.0920)
[ 36/129] Herring                      DONE  acc=0.6094 loss=1.0920 AOPCR=  1.448 NDCG=  n/a C=  2 T=  512 (27s)  [36 trained / 0 failed so far]
[ 37/129] InlineSkate
    stage 1/3: loading data ...
    stage 2/3: training on 84 series (val=16, C=7, T=1882, batch=8) ...
    stage 3/3: scoring on 550 test series (accuracy + AOPCR) ...
    [mlflow] versioned model 'seanet_bottleneck_topk__sea_mstcn_sep_bottleneck__sea_topk_conjunctive' (id=m-2161943e434b45bd81827e1b788b6231) params={'model_size_mb': '1.427', 'n_model_params': '41102', 'name': 'seanet_bottleneck_topk'}
    [mlflow] logged run 'seanet_bottleneck_topk_InlineSkate'  (train_acc=0.7738 val_acc=0.5000 test_acc=0.3582 test_loss=1.7834)
[ 37/129] InlineSkate                  DONE  acc=0.3582 loss=1.7834 AOPCR=  1.950 NDCG=  n/a C=  7 T= 1882 (14s)  [37 trained / 0 failed so far]
[ 38/129] InsectWingbeatSound
    stage 1/3: loading data ...
    stage 2/3: training on 176 series (val=44, C=11, T=256, batch=16) ...
    stage 3/3: scoring on 1980 test series (accuracy + AOPCR) ...
    [mlflow] versioned model 'seanet_bottleneck_topk__sea_mstcn_sep_bottleneck__sea_topk_conjunctive' (id=m-5ccb8f5c9c7644acb4c1d2ba54fb4015) params={'model_size_mb': '1.4281', 'n_model_params': '41398', 'name': 'seanet_bottleneck_topk'}
    [mlflow] logged run 'seanet_bottleneck_topk_InsectWingbeatSound'  (train_acc=0.8580 val_acc=0.6591 test_acc=0.6258 test_loss=1.0206)
[ 38/129] InsectWingbeatSound          DONE  acc=0.6258 loss=1.0206 AOPCR=  1.169 NDCG=  n/a C= 11 T=  256 (11s)  [38 trained / 0 failed so far]
[ 39/129] ItalyPowerDemand
    stage 1/3: loading data ...
    stage 2/3: training on 67 series (no val (train-loss early stop), C=2, T=24, batch=6) ...
    stage 3/3: scoring on 1029 test series (accuracy + AOPCR) ...
    [mlflow] versioned model 'seanet_bottleneck_topk__sea_mstcn_sep_bottleneck__sea_topk_conjunctive' (id=m-98e8c79c7c4a4e7db2e777e2ec4a9093) params={'model_size_mb': '1.4257', 'n_model_params': '40732', 'name': 'seanet_bottleneck_topk'}
    [mlflow] logged run 'seanet_bottleneck_topk_ItalyPowerDemand'  (train_acc=1.0000 test_acc=0.9631 test_loss=0.1336)
[ 39/129] ItalyPowerDemand             DONE  acc=0.9631 loss=0.1336 AOPCR=  0.117 NDCG=  n/a C=  2 T=   24 (31s)  [39 trained / 0 failed so far]
[ 40/129] LargeKitchenAppliances
    stage 1/3: loading data ...
    stage 2/3: training on 300 series (val=75, C=3, T=720, batch=16) ...
    stage 3/3: scoring on 375 test series (accuracy + AOPCR) ...
    [mlflow] versioned model 'seanet_bottleneck_topk__sea_mstcn_sep_bottleneck__sea_topk_conjunctive' (id=m-960f364992354ae9b447e6da7ecffd5a) params={'model_size_mb': '1.4259', 'n_model_params': '40806', 'name': 'seanet_bottleneck_topk'}
    [mlflow] logged run 'seanet_bottleneck_topk_LargeKitchenAppliances'  (train_acc=0.9933 val_acc=0.9733 test_acc=0.8827 test_loss=0.3519)
[ 40/129] LargeKitchenAppliances       DONE  acc=0.8827 loss=0.3519 AOPCR=  1.949 NDCG=  n/a C=  3 T=  720 (26s)  [40 trained / 0 failed so far]
[ 41/129] Lightning2
    stage 1/3: loading data ...
    stage 2/3: training on 60 series (no val (train-loss early stop), C=2, T=637, batch=6) ...
    stage 3/3: scoring on 61 test series (accuracy + AOPCR) ...
    [mlflow] versioned model 'seanet_bottleneck_topk__sea_mstcn_sep_bottleneck__sea_topk_conjunctive' (id=m-30c3852f11114161a83e0b56046b774d) params={'model_size_mb': '1.4257', 'n_model_params': '40732', 'name': 'seanet_bottleneck_topk'}
    [mlflow] logged run 'seanet_bottleneck_topk_Lightning2'  (train_acc=1.0000 test_acc=0.8197 test_loss=0.2828)
[ 41/129] Lightning2                   DONE  acc=0.8197 loss=0.2828 AOPCR=  0.390 NDCG=  n/a C=  2 T=  637 (24s)  [41 trained / 0 failed so far]
[ 42/129] Lightning7
    stage 1/3: loading data ...
    stage 2/3: training on 70 series (no val (train-loss early stop), C=7, T=319, batch=7) ...
    stage 3/3: scoring on 73 test series (accuracy + AOPCR) ...
    [mlflow] versioned model 'seanet_bottleneck_topk__sea_mstcn_sep_bottleneck__sea_topk_conjunctive' (id=m-85ff81169eb34960acb658b9b69760ae) params={'model_size_mb': '1.427', 'n_model_params': '41102', 'name': 'seanet_bottleneck_topk'}
    [mlflow] logged run 'seanet_bottleneck_topk_Lightning7'  (train_acc=1.0000 test_acc=0.8219 test_loss=0.5734)
[ 42/129] Lightning7                   DONE  acc=0.8219 loss=0.5734 AOPCR=  1.931 NDCG=  n/a C=  7 T=  319 (21s)  [42 trained / 0 failed so far]
[ 43/129] Mallat
    stage 1/3: loading data ...
    stage 2/3: training on 55 series (no val (train-loss early stop), C=8, T=1024, batch=5) ...
    stage 3/3: scoring on 2345 test series (accuracy + AOPCR) ...
    [mlflow] versioned model 'seanet_bottleneck_topk__sea_mstcn_sep_bottleneck__sea_topk_conjunctive' (id=m-8ac6efe7caa344d0bd118a62ea1d499b) params={'model_size_mb': '1.4273', 'n_model_params': '41176', 'name': 'seanet_bottleneck_topk'}
    [mlflow] logged run 'seanet_bottleneck_topk_Mallat'  (train_acc=1.0000 test_acc=0.8081 test_loss=0.6565)
[ 43/129] Mallat                       DONE  acc=0.8081 loss=0.6565 AOPCR=  2.001 NDCG=  n/a C=  8 T= 1024 (25s)  [43 trained / 0 failed so far]
[ 44/129] Meat
    stage 1/3: loading data ...
    stage 2/3: training on 60 series (no val (train-loss early stop), C=3, T=448, batch=6) ...
    stage 3/3: scoring on 60 test series (accuracy + AOPCR) ...
    [mlflow] versioned model 'seanet_bottleneck_topk__sea_mstcn_sep_bottleneck__sea_topk_conjunctive' (id=m-80628bcf6bfb4f959ad4f8af35696ca3) params={'model_size_mb': '1.4259', 'n_model_params': '40806', 'name': 'seanet_bottleneck_topk'}
    [mlflow] logged run 'seanet_bottleneck_topk_Meat'  (train_acc=1.0000 test_acc=0.8667 test_loss=0.3537)
[ 44/129] Meat                         DONE  acc=0.8667 loss=0.3537 AOPCR=  2.008 NDCG=  n/a C=  3 T=  448 (21s)  [44 trained / 0 failed so far]
[ 45/129] MedicalImages
    stage 1/3: loading data ...
    stage 2/3: training on 307 series (val=74, C=10, T=99, batch=16) ...
    stage 3/3: scoring on 760 test series (accuracy + AOPCR) ...
    [mlflow] versioned model 'seanet_bottleneck_topk__sea_mstcn_sep_bottleneck__sea_topk_conjunctive' (id=m-fb9e65efa4c741e99b0e0fb7d5d2a854) params={'model_size_mb': '1.4279', 'n_model_params': '41324', 'name': 'seanet_bottleneck_topk'}
    [mlflow] logged run 'seanet_bottleneck_topk_MedicalImages'  (train_acc=0.8958 val_acc=0.7703 test_acc=0.7053 test_loss=0.7673)
[ 45/129] MedicalImages                DONE  acc=0.7053 loss=0.7673 AOPCR=  1.046 NDCG=  n/a C= 10 T=   99 (18s)  [45 trained / 0 failed so far]
[ 46/129] MiddlePhalanxOutlineAgeGroup
    stage 1/3: loading data ...
    stage 2/3: training on 321 series (val=79, C=3, T=80, batch=16) ...
    stage 3/3: scoring on 154 test series (accuracy + AOPCR) ...
    [mlflow] versioned model 'seanet_bottleneck_topk__sea_mstcn_sep_bottleneck__sea_topk_conjunctive' (id=m-4f4fd6a8c53c4febab29bf8d838b5838) params={'model_size_mb': '1.4259', 'n_model_params': '40806', 'name': 'seanet_bottleneck_topk'}
    [mlflow] logged run 'seanet_bottleneck_topk_MiddlePhalanxOutlineAgeGroup'  (train_acc=0.8193 val_acc=0.8608 test_acc=0.5974 test_loss=0.9313)
[ 46/129] MiddlePhalanxOutlineAgeGroup DONE  acc=0.5974 loss=0.9313 AOPCR=  0.004 NDCG=  n/a C=  3 T=   80 (34s)  [46 trained / 0 failed so far]
[ 47/129] MiddlePhalanxOutlineCorrect
    stage 1/3: loading data ...
    stage 2/3: training on 481 series (val=119, C=2, T=80, batch=16) ...
    stage 3/3: scoring on 291 test series (accuracy + AOPCR) ...
    [mlflow] versioned model 'seanet_bottleneck_topk__sea_mstcn_sep_bottleneck__sea_topk_conjunctive' (id=m-ca4a1c28ade8442982c5c899e9209b05) params={'model_size_mb': '1.4257', 'n_model_params': '40732', 'name': 'seanet_bottleneck_topk'}
    [mlflow] logged run 'seanet_bottleneck_topk_MiddlePhalanxOutlineCorrect'  (train_acc=0.9480 val_acc=0.8403 test_acc=0.8316 test_loss=0.3814)
[ 47/129] MiddlePhalanxOutlineCorrect  DONE  acc=0.8316 loss=0.3814 AOPCR=  0.239 NDCG=  n/a C=  2 T=   80 (62s)  [47 trained / 0 failed so far]
[ 48/129] MiddlePhalanxTW
    stage 1/3: loading data ...
    stage 2/3: training on 321 series (val=78, C=6, T=80, batch=16) ...
    stage 3/3: scoring on 154 test series (accuracy + AOPCR) ...
    [mlflow] versioned model 'seanet_bottleneck_topk__sea_mstcn_sep_bottleneck__sea_topk_conjunctive' (id=m-f01d416fd2d94a80ac7cbdee9b3b0eb5) params={'model_size_mb': '1.4268', 'n_model_params': '41028', 'name': 'seanet_bottleneck_topk'}
    [mlflow] logged run 'seanet_bottleneck_topk_MiddlePhalanxTW'  (train_acc=0.6480 val_acc=0.6026 test_acc=0.5779 test_loss=1.0876)
[ 48/129] MiddlePhalanxTW              DONE  acc=0.5779 loss=1.0876 AOPCR=  0.816 NDCG=  n/a C=  6 T=   80 (18s)  [48 trained / 0 failed so far]
[ 49/129] MoteStrain
    stage 1/3: loading data ...
    stage 2/3: training on 20 series (no val (train-loss early stop), C=2, T=84, batch=2) ...
    stage 3/3: scoring on 1252 test series (accuracy + AOPCR) ...
    [mlflow] versioned model 'seanet_bottleneck_topk__sea_mstcn_sep_bottleneck__sea_topk_conjunctive' (id=m-f766621ba11c45c7ae8666b5b3b7f8b1) params={'model_size_mb': '1.4257', 'n_model_params': '40732', 'name': 'seanet_bottleneck_topk'}
    [mlflow] logged run 'seanet_bottleneck_topk_MoteStrain'  (train_acc=1.0000 test_acc=0.8450 test_loss=0.3490)
[ 49/129] MoteStrain                   DONE  acc=0.8450 loss=0.3490 AOPCR=  0.428 NDCG=  n/a C=  2 T=   84 (18s)  [49 trained / 0 failed so far]
[ 50/129] NonInvasiveFetalECGThorax1
    stage 1/3: loading data ...
    stage 2/3: training on 1452 series (val=348, C=42, T=750, batch=16) ...
    stage 3/3: scoring on 1965 test series (accuracy + AOPCR) ...
    [mlflow] versioned model 'seanet_bottleneck_topk__sea_mstcn_sep_bottleneck__sea_topk_conjunctive' (id=m-35b6fdae9a60444ea58365b7a309191b) params={'model_size_mb': '1.4369', 'n_model_params': '43692', 'name': 'seanet_bottleneck_topk'}
    [mlflow] logged run 'seanet_bottleneck_topk_NonInvasiveFetalECGThorax1'  (train_acc=0.9118 val_acc=0.8563 test_acc=0.8616 test_loss=0.4898)
[ 50/129] NonInvasiveFetalECGThorax1   DONE  acc=0.8616 loss=0.4898 AOPCR=  1.800 NDCG=  n/a C= 42 T=  750 (119s)  [50 trained / 0 failed so far]
[ 51/129] NonInvasiveFetalECGThorax2
    stage 1/3: loading data ...
    stage 2/3: training on 1452 series (val=348, C=42, T=750, batch=16) ...
    stage 3/3: scoring on 1965 test series (accuracy + AOPCR) ...
    [mlflow] versioned model 'seanet_bottleneck_topk__sea_mstcn_sep_bottleneck__sea_topk_conjunctive' (id=m-1c6ff3ed22ee4827b70f5f965d3a5431) params={'model_size_mb': '1.4369', 'n_model_params': '43692', 'name': 'seanet_bottleneck_topk'}
    [mlflow] logged run 'seanet_bottleneck_topk_NonInvasiveFetalECGThorax2'  (train_acc=0.8850 val_acc=0.8506 test_acc=0.8407 test_loss=0.5424)
[ 51/129] NonInvasiveFetalECGThorax2   DONE  acc=0.8407 loss=0.5424 AOPCR=  1.861 NDCG=  n/a C= 42 T=  750 (164s)  [51 trained / 0 failed so far]
[ 52/129] OliveOil
    stage 1/3: loading data ...
    stage 2/3: training on 30 series (no val (train-loss early stop), C=4, T=570, batch=3) ...
    stage 3/3: scoring on 30 test series (accuracy + AOPCR) ...
    [mlflow] versioned model 'seanet_bottleneck_topk__sea_mstcn_sep_bottleneck__sea_topk_conjunctive' (id=m-d2210da6673f486ab13113dc773a9a8d) params={'model_size_mb': '1.4262', 'n_model_params': '40880', 'name': 'seanet_bottleneck_topk'}
    [mlflow] logged run 'seanet_bottleneck_topk_OliveOil'  (train_acc=0.4333 test_acc=0.4000 test_loss=1.2975)
[ 52/129] OliveOil                     DONE  acc=0.4000 loss=1.2975 AOPCR=  0.202 NDCG=  n/a C=  4 T=  570 (8s)  [52 trained / 0 failed so far]
[ 53/129] OSULeaf
    stage 1/3: loading data ...
    stage 2/3: training on 163 series (val=37, C=6, T=427, batch=16) ...
    stage 3/3: scoring on 242 test series (accuracy + AOPCR) ...
    [mlflow] versioned model 'seanet_bottleneck_topk__sea_mstcn_sep_bottleneck__sea_topk_conjunctive' (id=m-9fba64c00be441bd9d8101464cfd2014) params={'model_size_mb': '1.4268', 'n_model_params': '41028', 'name': 'seanet_bottleneck_topk'}
    [mlflow] logged run 'seanet_bottleneck_topk_OSULeaf'  (train_acc=1.0000 val_acc=0.9189 test_acc=0.8554 test_loss=0.4644)
[ 53/129] OSULeaf                      DONE  acc=0.8554 loss=0.4644 AOPCR=  1.162 NDCG=  n/a C=  6 T=  427 (12s)  [53 trained / 0 failed so far]
[ 54/129] PhalangesOutlinesCorrect
    stage 1/3: loading data ...
    stage 2/3: training on 1441 series (val=359, C=2, T=80, batch=16) ...
    stage 3/3: scoring on 858 test series (accuracy + AOPCR) ...
    [mlflow] versioned model 'seanet_bottleneck_topk__sea_mstcn_sep_bottleneck__sea_topk_conjunctive' (id=m-376deae0e2cc4de18998b38b4e82e5cc) params={'model_size_mb': '1.4257', 'n_model_params': '40732', 'name': 'seanet_bottleneck_topk'}
    [mlflow] logged run 'seanet_bottleneck_topk_PhalangesOutlinesCorrect'  (train_acc=0.9202 val_acc=0.8412 test_acc=0.8112 test_loss=0.4509)
[ 54/129] PhalangesOutlinesCorrect     DONE  acc=0.8112 loss=0.4509 AOPCR=  0.197 NDCG=  n/a C=  2 T=   80 (235s)  [54 trained / 0 failed so far]
[ 55/129] Phoneme
    stage 1/3: loading data ...
    stage 2/3: training on 171 series (val=43, C=39, T=1024, batch=16) ...
    stage 3/3: scoring on 1896 test series (accuracy + AOPCR) ...
    [mlflow] versioned model 'seanet_bottleneck_topk__sea_mstcn_sep_bottleneck__sea_topk_conjunctive' (id=m-d46a961cce544e6bb6a5ba4c0c4b66c0) params={'model_size_mb': '1.436', 'n_model_params': '43470', 'name': 'seanet_bottleneck_topk'}
    [mlflow] logged run 'seanet_bottleneck_topk_Phoneme'  (train_acc=0.5263 val_acc=0.1628 test_acc=0.2294 test_loss=2.9525)
[ 55/129] Phoneme                      DONE  acc=0.2294 loss=2.9525 AOPCR=  1.806 NDCG=  n/a C= 39 T= 1024 (9s)  [55 trained / 0 failed so far]
[ 56/129] Plane
    stage 1/3: loading data ...
    stage 2/3: training on 87 series (val=18, C=7, T=144, batch=8) ...
    stage 3/3: scoring on 105 test series (accuracy + AOPCR) ...
    [mlflow] versioned model 'seanet_bottleneck_topk__sea_mstcn_sep_bottleneck__sea_topk_conjunctive' (id=m-7978978c7246459ebb758e52f21158f9) params={'model_size_mb': '1.427', 'n_model_params': '41102', 'name': 'seanet_bottleneck_topk'}
    [mlflow] logged run 'seanet_bottleneck_topk_Plane'  (train_acc=1.0000 val_acc=1.0000 test_acc=1.0000 test_loss=0.0521)
[ 56/129] Plane                        DONE  acc=1.0000 loss=0.0521 AOPCR=  1.259 NDCG=  n/a C=  7 T=  144 (19s)  [56 trained / 0 failed so far]
[ 57/129] ProximalPhalanxOutlineAgeGroup
    stage 1/3: loading data ...
    stage 2/3: training on 322 series (val=78, C=3, T=80, batch=16) ...
    stage 3/3: scoring on 205 test series (accuracy + AOPCR) ...
    [mlflow] versioned model 'seanet_bottleneck_topk__sea_mstcn_sep_bottleneck__sea_topk_conjunctive' (id=m-d4febc2a3a3c4afdbb5b11a5c0b735ea) params={'model_size_mb': '1.4259', 'n_model_params': '40806', 'name': 'seanet_bottleneck_topk'}
    [mlflow] logged run 'seanet_bottleneck_topk_ProximalPhalanxOutlineAgeGroup'  (train_acc=0.8602 val_acc=0.9231 test_acc=0.8293 test_loss=0.4139)
[ 57/129] ProximalPhalanxOutlineAgeGroup DONE  acc=0.8293 loss=0.4139 AOPCR=  0.676 NDCG=  n/a C=  3 T=   80 (42s)  [57 trained / 0 failed so far]
[ 58/129] ProximalPhalanxOutlineCorrect
    stage 1/3: loading data ...
    stage 2/3: training on 481 series (val=119, C=2, T=80, batch=16) ...
    stage 3/3: scoring on 291 test series (accuracy + AOPCR) ...
    [mlflow] versioned model 'seanet_bottleneck_topk__sea_mstcn_sep_bottleneck__sea_topk_conjunctive' (id=m-d9e46505e6fc4920916e33f626a80a1b) params={'model_size_mb': '1.4257', 'n_model_params': '40732', 'name': 'seanet_bottleneck_topk'}
    [mlflow] logged run 'seanet_bottleneck_topk_ProximalPhalanxOutlineCorrect'  (train_acc=0.9376 val_acc=0.8739 test_acc=0.8969 test_loss=0.2573)
[ 58/129] ProximalPhalanxOutlineCorrect DONE  acc=0.8969 loss=0.2573 AOPCR=  0.810 NDCG=  n/a C=  2 T=   80 (72s)  [58 trained / 0 failed so far]
[ 59/129] ProximalPhalanxTW
    stage 1/3: loading data ...
    stage 2/3: training on 322 series (val=78, C=6, T=80, batch=16) ...
    stage 3/3: scoring on 205 test series (accuracy + AOPCR) ...
    [mlflow] versioned model 'seanet_bottleneck_topk__sea_mstcn_sep_bottleneck__sea_topk_conjunctive' (id=m-279dac6c17904f9ba00a9f837b9203e2) params={'model_size_mb': '1.4268', 'n_model_params': '41028', 'name': 'seanet_bottleneck_topk'}
    [mlflow] logged run 'seanet_bottleneck_topk_ProximalPhalanxTW'  (train_acc=0.8820 val_acc=0.8590 test_acc=0.8049 test_loss=0.5769)
[ 59/129] ProximalPhalanxTW            DONE  acc=0.8049 loss=0.5769 AOPCR=  0.277 NDCG=  n/a C=  6 T=   80 (44s)  [59 trained / 0 failed so far]
[ 60/129] RefrigerationDevices
    stage 1/3: loading data ...
    stage 2/3: training on 300 series (val=75, C=3, T=720, batch=16) ...
    stage 3/3: scoring on 375 test series (accuracy + AOPCR) ...
    [mlflow] versioned model 'seanet_bottleneck_topk__sea_mstcn_sep_bottleneck__sea_topk_conjunctive' (id=m-00456d5c8d464ad5a956d00cefeb7197) params={'model_size_mb': '1.4259', 'n_model_params': '40806', 'name': 'seanet_bottleneck_topk'}
    [mlflow] logged run 'seanet_bottleneck_topk_RefrigerationDevices'  (train_acc=0.8733 val_acc=0.7067 test_acc=0.5120 test_loss=1.2199)
[ 60/129] RefrigerationDevices         DONE  acc=0.5120 loss=1.2199 AOPCR=  0.334 NDCG=  n/a C=  3 T=  720 (14s)  [60 trained / 0 failed so far]
[ 61/129] ScreenType
    stage 1/3: loading data ...
    stage 2/3: training on 300 series (val=75, C=3, T=720, batch=16) ...
    stage 3/3: scoring on 375 test series (accuracy + AOPCR) ...
    [mlflow] versioned model 'seanet_bottleneck_topk__sea_mstcn_sep_bottleneck__sea_topk_conjunctive' (id=m-8e8bd1e8fc1c4fdda097e7b5a1da9fc5) params={'model_size_mb': '1.4259', 'n_model_params': '40806', 'name': 'seanet_bottleneck_topk'}
    [mlflow] logged run 'seanet_bottleneck_topk_ScreenType'  (train_acc=0.7367 val_acc=0.6000 test_acc=0.4453 test_loss=1.1688)
[ 61/129] ScreenType                   DONE  acc=0.4453 loss=1.1688 AOPCR=  0.758 NDCG=  n/a C=  3 T=  720 (16s)  [61 trained / 0 failed so far]
[ 62/129] ShapeletSim
    stage 1/3: loading data ...
    stage 2/3: training on 20 series (no val (train-loss early stop), C=2, T=500, batch=2) ...
    stage 3/3: scoring on 180 test series (accuracy + AOPCR) ...
    [mlflow] versioned model 'seanet_bottleneck_topk__sea_mstcn_sep_bottleneck__sea_topk_conjunctive' (id=m-5b82215ddfb342dfafd4c88056d49c56) params={'model_size_mb': '1.4257', 'n_model_params': '40732', 'name': 'seanet_bottleneck_topk'}
    [mlflow] logged run 'seanet_bottleneck_topk_ShapeletSim'  (train_acc=1.0000 test_acc=1.0000 test_loss=0.0530)
[ 62/129] ShapeletSim                  DONE  acc=1.0000 loss=0.0530 AOPCR=  2.345 NDCG=  n/a C=  2 T=  500 (10s)  [62 trained / 0 failed so far]
[ 63/129] ShapesAll
    stage 1/3: loading data ...
    stage 2/3: training on 480 series (val=120, C=60, T=512, batch=16) ...
    stage 3/3: scoring on 600 test series (accuracy + AOPCR) ...
    [mlflow] versioned model 'seanet_bottleneck_topk__sea_mstcn_sep_bottleneck__sea_topk_conjunctive' (id=m-084c934eb25c45ff9e66f20323391827) params={'model_size_mb': '1.442', 'n_model_params': '45024', 'name': 'seanet_bottleneck_topk'}
    [mlflow] logged run 'seanet_bottleneck_topk_ShapesAll'  (train_acc=1.0000 val_acc=0.9000 test_acc=0.8500 test_loss=0.6826)
[ 63/129] ShapesAll                    DONE  acc=0.8500 loss=0.6826 AOPCR=  2.281 NDCG=  n/a C= 60 T=  512 (121s)  [63 trained / 0 failed so far]
[ 64/129] SmallKitchenAppliances
    stage 1/3: loading data ...
    stage 2/3: training on 300 series (val=75, C=3, T=720, batch=16) ...
    stage 3/3: scoring on 375 test series (accuracy + AOPCR) ...
    [mlflow] versioned model 'seanet_bottleneck_topk__sea_mstcn_sep_bottleneck__sea_topk_conjunctive' (id=m-352d9694d9704ac7842e16309b05a258) params={'model_size_mb': '1.4259', 'n_model_params': '40806', 'name': 'seanet_bottleneck_topk'}
    [mlflow] logged run 'seanet_bottleneck_topk_SmallKitchenAppliances'  (train_acc=0.8600 val_acc=0.7867 test_acc=0.8107 test_loss=0.4844)
[ 64/129] SmallKitchenAppliances       DONE  acc=0.8107 loss=0.4844 AOPCR=  0.676 NDCG=  n/a C=  3 T=  720 (17s)  [64 trained / 0 failed so far]
[ 65/129] SonyAIBORobotSurface1
    stage 1/3: loading data ...
    stage 2/3: training on 20 series (no val (train-loss early stop), C=2, T=70, batch=2) ...
    stage 3/3: scoring on 601 test series (accuracy + AOPCR) ...
    [mlflow] versioned model 'seanet_bottleneck_topk__sea_mstcn_sep_bottleneck__sea_topk_conjunctive' (id=m-9705a87790eb462eb65083e3835d1d4f) params={'model_size_mb': '1.4257', 'n_model_params': '40732', 'name': 'seanet_bottleneck_topk'}
    [mlflow] logged run 'seanet_bottleneck_topk_SonyAIBORobotSurface1'  (train_acc=1.0000 test_acc=0.9168 test_loss=0.2415)
[ 65/129] SonyAIBORobotSurface1        DONE  acc=0.9168 loss=0.2415 AOPCR=  0.686 NDCG=  n/a C=  2 T=   70 (15s)  [65 trained / 0 failed so far]
[ 66/129] SonyAIBORobotSurface2
    stage 1/3: loading data ...
    stage 2/3: training on 27 series (no val (train-loss early stop), C=2, T=65, batch=2) ...
    stage 3/3: scoring on 953 test series (accuracy + AOPCR) ...
    [mlflow] versioned model 'seanet_bottleneck_topk__sea_mstcn_sep_bottleneck__sea_topk_conjunctive' (id=m-390b2e5a2edd43cbb2084ca103275c68) params={'model_size_mb': '1.4257', 'n_model_params': '40732', 'name': 'seanet_bottleneck_topk'}
    [mlflow] logged run 'seanet_bottleneck_topk_SonyAIBORobotSurface2'  (train_acc=1.0000 test_acc=0.9087 test_loss=0.2236)
[ 66/129] SonyAIBORobotSurface2        DONE  acc=0.9087 loss=0.2236 AOPCR=  0.389 NDCG=  n/a C=  2 T=   65 (48s)  [66 trained / 0 failed so far]
[ 67/129] StarLightCurves
    stage 1/3: loading data ...
    stage 2/3: training on 801 series (val=199, C=3, T=1024, batch=16) ...
    stage 3/3: scoring on 8236 test series (accuracy + AOPCR) ...
    [mlflow] versioned model 'seanet_bottleneck_topk__sea_mstcn_sep_bottleneck__sea_topk_conjunctive' (id=m-fdb4f9a4b7fe47ae830c5d632256215d) params={'model_size_mb': '1.4259', 'n_model_params': '40806', 'name': 'seanet_bottleneck_topk'}
    [mlflow] logged run 'seanet_bottleneck_topk_StarLightCurves'  (train_acc=0.9838 val_acc=0.9849 test_acc=0.9717 test_loss=0.1421)
[ 67/129] StarLightCurves              DONE  acc=0.9717 loss=0.1421 AOPCR=  2.086 NDCG=  n/a C=  3 T= 1024 (42s)  [67 trained / 0 failed so far]
[ 68/129] Strawberry
    stage 1/3: loading data ...
    stage 2/3: training on 492 series (val=121, C=2, T=235, batch=16) ...
    stage 3/3: scoring on 370 test series (accuracy + AOPCR) ...
    [mlflow] versioned model 'seanet_bottleneck_topk__sea_mstcn_sep_bottleneck__sea_topk_conjunctive' (id=m-e73a162feed64b91ba2223b3d053c3ff) params={'model_size_mb': '1.4257', 'n_model_params': '40732', 'name': 'seanet_bottleneck_topk'}
    [mlflow] logged run 'seanet_bottleneck_topk_Strawberry'  (train_acc=0.9878 val_acc=0.9752 test_acc=0.9703 test_loss=0.1257)
[ 68/129] Strawberry                   DONE  acc=0.9703 loss=0.1257 AOPCR=  1.040 NDCG=  n/a C=  2 T=  235 (71s)  [68 trained / 0 failed so far]
[ 69/129] SwedishLeaf
    stage 1/3: loading data ...
    stage 2/3: training on 405 series (val=95, C=15, T=128, batch=16) ...
    stage 3/3: scoring on 625 test series (accuracy + AOPCR) ...
    [mlflow] versioned model 'seanet_bottleneck_topk__sea_mstcn_sep_bottleneck__sea_topk_conjunctive' (id=m-f753054790f24feeba91bd33937bb9bb) params={'model_size_mb': '1.4292', 'n_model_params': '41694', 'name': 'seanet_bottleneck_topk'}
    [mlflow] logged run 'seanet_bottleneck_topk_SwedishLeaf'  (train_acc=1.0000 val_acc=0.9684 test_acc=0.9376 test_loss=0.2539)
[ 69/129] SwedishLeaf                  DONE  acc=0.9376 loss=0.2539 AOPCR=  1.306 NDCG=  n/a C= 15 T=  128 (40s)  [69 trained / 0 failed so far]
[ 70/129] Symbols
    stage 1/3: loading data ...
    stage 2/3: training on 25 series (no val (train-loss early stop), C=6, T=398, batch=2) ...
    stage 3/3: scoring on 995 test series (accuracy + AOPCR) ...
    [mlflow] versioned model 'seanet_bottleneck_topk__sea_mstcn_sep_bottleneck__sea_topk_conjunctive' (id=m-73676db4a11c47f1afa49948eb4efa0b) params={'model_size_mb': '1.4268', 'n_model_params': '41028', 'name': 'seanet_bottleneck_topk'}
    [mlflow] logged run 'seanet_bottleneck_topk_Symbols'  (train_acc=1.0000 test_acc=0.9558 test_loss=0.2424)
[ 70/129] Symbols                      DONE  acc=0.9558 loss=0.2424 AOPCR=  1.247 NDCG=  n/a C=  6 T=  398 (33s)  [70 trained / 0 failed so far]
[ 71/129] SyntheticControl
    stage 1/3: loading data ...
    stage 2/3: training on 240 series (val=60, C=6, T=60, batch=16) ...
    stage 3/3: scoring on 300 test series (accuracy + AOPCR) ...
    [mlflow] versioned model 'seanet_bottleneck_topk__sea_mstcn_sep_bottleneck__sea_topk_conjunctive' (id=m-295226f68ce84545be6a4789b5fea84e) params={'model_size_mb': '1.4268', 'n_model_params': '41028', 'name': 'seanet_bottleneck_topk'}
    [mlflow] logged run 'seanet_bottleneck_topk_SyntheticControl'  (train_acc=1.0000 val_acc=1.0000 test_acc=0.9967 test_loss=0.1003)
[ 71/129] SyntheticControl             DONE  acc=0.9967 loss=0.1003 AOPCR=  0.996 NDCG=  n/a C=  6 T=   60 (33s)  [71 trained / 0 failed so far]
[ 72/129] ToeSegmentation1
    stage 1/3: loading data ...
    stage 2/3: training on 40 series (no val (train-loss early stop), C=2, T=277, batch=4) ...
    stage 3/3: scoring on 228 test series (accuracy + AOPCR) ...
    [mlflow] versioned model 'seanet_bottleneck_topk__sea_mstcn_sep_bottleneck__sea_topk_conjunctive' (id=m-61d13c451d0742398804a5264959d54d) params={'model_size_mb': '1.4257', 'n_model_params': '40732', 'name': 'seanet_bottleneck_topk'}
    [mlflow] logged run 'seanet_bottleneck_topk_ToeSegmentation1'  (train_acc=1.0000 test_acc=0.9430 test_loss=0.2145)
[ 72/129] ToeSegmentation1             DONE  acc=0.9430 loss=0.2145 AOPCR=  0.410 NDCG=  n/a C=  2 T=  277 (10s)  [72 trained / 0 failed so far]
[ 73/129] ToeSegmentation2
    stage 1/3: loading data ...
    stage 2/3: training on 36 series (no val (train-loss early stop), C=2, T=343, batch=3) ...
    stage 3/3: scoring on 130 test series (accuracy + AOPCR) ...
    [mlflow] versioned model 'seanet_bottleneck_topk__sea_mstcn_sep_bottleneck__sea_topk_conjunctive' (id=m-592afe76501a4b349c5186431967d6a6) params={'model_size_mb': '1.4257', 'n_model_params': '40732', 'name': 'seanet_bottleneck_topk'}
    [mlflow] logged run 'seanet_bottleneck_topk_ToeSegmentation2'  (train_acc=1.0000 test_acc=0.9538 test_loss=0.2238)
[ 73/129] ToeSegmentation2             DONE  acc=0.9538 loss=0.2238 AOPCR=  1.087 NDCG=  n/a C=  2 T=  343 (37s)  [73 trained / 0 failed so far]
[ 74/129] Trace
    stage 1/3: loading data ...
    stage 2/3: training on 81 series (val=19, C=4, T=275, batch=8) ...
    stage 3/3: scoring on 100 test series (accuracy + AOPCR) ...
    [mlflow] versioned model 'seanet_bottleneck_topk__sea_mstcn_sep_bottleneck__sea_topk_conjunctive' (id=m-7ed37b7700944d6c90b6877ba1e231de) params={'model_size_mb': '1.4262', 'n_model_params': '40880', 'name': 'seanet_bottleneck_topk'}
    [mlflow] logged run 'seanet_bottleneck_topk_Trace'  (train_acc=1.0000 val_acc=1.0000 test_acc=1.0000 test_loss=0.0642)
[ 74/129] Trace                        DONE  acc=1.0000 loss=0.0642 AOPCR=  1.644 NDCG=  n/a C=  4 T=  275 (10s)  [74 trained / 0 failed so far]
[ 75/129] TwoLeadECG
    stage 1/3: loading data ...
    stage 2/3: training on 23 series (no val (train-loss early stop), C=2, T=82, batch=2) ...
    stage 3/3: scoring on 1139 test series (accuracy + AOPCR) ...
    [mlflow] versioned model 'seanet_bottleneck_topk__sea_mstcn_sep_bottleneck__sea_topk_conjunctive' (id=m-50ecc1a876ee4562aad34911ffe9bd82) params={'model_size_mb': '1.4257', 'n_model_params': '40732', 'name': 'seanet_bottleneck_topk'}
    [mlflow] logged run 'seanet_bottleneck_topk_TwoLeadECG'  (train_acc=1.0000 test_acc=0.9930 test_loss=0.0817)
[ 75/129] TwoLeadECG                   DONE  acc=0.9930 loss=0.0817 AOPCR=  1.478 NDCG=  n/a C=  2 T=   82 (18s)  [75 trained / 0 failed so far]
[ 76/129] TwoPatterns
    stage 1/3: loading data ...
    stage 2/3: training on 801 series (val=199, C=4, T=128, batch=16) ...
    stage 3/3: scoring on 4000 test series (accuracy + AOPCR) ...
    [mlflow] versioned model 'seanet_bottleneck_topk__sea_mstcn_sep_bottleneck__sea_topk_conjunctive' (id=m-4d29faf71b174a938af761881eeb961f) params={'model_size_mb': '1.4262', 'n_model_params': '40880', 'name': 'seanet_bottleneck_topk'}
    [mlflow] logged run 'seanet_bottleneck_topk_TwoPatterns'  (train_acc=1.0000 val_acc=1.0000 test_acc=1.0000 test_loss=0.0786)
[ 76/129] TwoPatterns                  DONE  acc=1.0000 loss=0.0786 AOPCR=  2.492 NDCG=  n/a C=  4 T=  128 (76s)  [76 trained / 0 failed so far]
[ 77/129] UWaveGestureLibraryAll
    stage 1/3: loading data ...
    stage 2/3: training on 719 series (val=177, C=8, T=945, batch=16) ...
    stage 3/3: scoring on 3582 test series (accuracy + AOPCR) ...
    [mlflow] versioned model 'seanet_bottleneck_topk__sea_mstcn_sep_bottleneck__sea_topk_conjunctive' (id=m-8bd6f2d98a9a4b6cba80c4438d442602) params={'model_size_mb': '1.4273', 'n_model_params': '41176', 'name': 'seanet_bottleneck_topk'}
    [mlflow] logged run 'seanet_bottleneck_topk_UWaveGestureLibraryAll'  (train_acc=1.0000 val_acc=0.9774 test_acc=0.9542 test_loss=0.2447)
[ 77/129] UWaveGestureLibraryAll       DONE  acc=0.9542 loss=0.2447 AOPCR=  1.820 NDCG=  n/a C=  8 T=  945 (96s)  [77 trained / 0 failed so far]
[ 78/129] UWaveGestureLibraryX
    stage 1/3: loading data ...
    stage 2/3: training on 719 series (val=177, C=8, T=315, batch=16) ...
    stage 3/3: scoring on 3582 test series (accuracy + AOPCR) ...
    [mlflow] versioned model 'seanet_bottleneck_topk__sea_mstcn_sep_bottleneck__sea_topk_conjunctive' (id=m-157c1457ba574958b2dfc1a45edac3b7) params={'model_size_mb': '1.4273', 'n_model_params': '41176', 'name': 'seanet_bottleneck_topk'}
    [mlflow] logged run 'seanet_bottleneck_topk_UWaveGestureLibraryX'  (train_acc=0.9416 val_acc=0.8418 test_acc=0.8138 test_loss=0.5577)
[ 78/129] UWaveGestureLibraryX         DONE  acc=0.8138 loss=0.5577 AOPCR=  1.327 NDCG=  n/a C=  8 T=  315 (35s)  [78 trained / 0 failed so far]
[ 79/129] UWaveGestureLibraryY
    stage 1/3: loading data ...
    stage 2/3: training on 719 series (val=177, C=8, T=315, batch=16) ...
    stage 3/3: scoring on 3582 test series (accuracy + AOPCR) ...
    [mlflow] versioned model 'seanet_bottleneck_topk__sea_mstcn_sep_bottleneck__sea_topk_conjunctive' (id=m-9846585dd0414e2e9206f6823814b032) params={'model_size_mb': '1.4273', 'n_model_params': '41176', 'name': 'seanet_bottleneck_topk'}
    [mlflow] logged run 'seanet_bottleneck_topk_UWaveGestureLibraryY'  (train_acc=0.9471 val_acc=0.7458 test_acc=0.7393 test_loss=0.8065)
[ 79/129] UWaveGestureLibraryY         DONE  acc=0.7393 loss=0.8065 AOPCR=  1.292 NDCG=  n/a C=  8 T=  315 (41s)  [79 trained / 0 failed so far]
[ 80/129] UWaveGestureLibraryZ
    stage 1/3: loading data ...
    stage 2/3: training on 719 series (val=177, C=8, T=315, batch=16) ...
    stage 3/3: scoring on 3582 test series (accuracy + AOPCR) ...
    [mlflow] versioned model 'seanet_bottleneck_topk__sea_mstcn_sep_bottleneck__sea_topk_conjunctive' (id=m-7cf4d2342d4c449b9dd6e0ec070bccd2) params={'model_size_mb': '1.4273', 'n_model_params': '41176', 'name': 'seanet_bottleneck_topk'}
    [mlflow] logged run 'seanet_bottleneck_topk_UWaveGestureLibraryZ'  (train_acc=0.8150 val_acc=0.7345 test_acc=0.7331 test_loss=0.7446)
[ 80/129] UWaveGestureLibraryZ         DONE  acc=0.7331 loss=0.7446 AOPCR=  1.202 NDCG=  n/a C=  8 T=  315 (32s)  [80 trained / 0 failed so far]
[ 81/129] Wafer
    stage 1/3: loading data ...
    stage 2/3: training on 801 series (val=199, C=2, T=152, batch=16) ...
    stage 3/3: scoring on 6164 test series (accuracy + AOPCR) ...
    [mlflow] versioned model 'seanet_bottleneck_topk__sea_mstcn_sep_bottleneck__sea_topk_conjunctive' (id=m-38111dcc66fc4a16bb424ef9e5482c5c) params={'model_size_mb': '1.4257', 'n_model_params': '40732', 'name': 'seanet_bottleneck_topk'}
    [mlflow] logged run 'seanet_bottleneck_topk_Wafer'  (train_acc=1.0000 val_acc=1.0000 test_acc=0.9966 test_loss=0.0755)
[ 81/129] Wafer                        DONE  acc=0.9966 loss=0.0755 AOPCR=  0.575 NDCG=  n/a C=  2 T=  152 (108s)  [81 trained / 0 failed so far]
[ 82/129] Wine
    stage 1/3: loading data ...
    stage 2/3: training on 57 series (no val (train-loss early stop), C=2, T=234, batch=5) ...
    stage 3/3: scoring on 54 test series (accuracy + AOPCR) ...
    [mlflow] versioned model 'seanet_bottleneck_topk__sea_mstcn_sep_bottleneck__sea_topk_conjunctive' (id=m-bec42c6cf92f40dfa49ece4404e35bcf) params={'model_size_mb': '1.4257', 'n_model_params': '40732', 'name': 'seanet_bottleneck_topk'}
    [mlflow] logged run 'seanet_bottleneck_topk_Wine'  (train_acc=0.5789 test_acc=0.5000 test_loss=0.7034)
[ 82/129] Wine                         DONE  acc=0.5000 loss=0.7034 AOPCR=  1.160 NDCG=  n/a C=  2 T=  234 (48s)  [82 trained / 0 failed so far]
[ 83/129] WordSynonyms
    stage 1/3: loading data ...
    stage 2/3: training on 217 series (val=50, C=25, T=270, batch=16) ...
    stage 3/3: scoring on 638 test series (accuracy + AOPCR) ...
    [mlflow] versioned model 'seanet_bottleneck_topk__sea_mstcn_sep_bottleneck__sea_topk_conjunctive' (id=m-4fbb69c8a4bb40d2b36d19cc815280a9) params={'model_size_mb': '1.4321', 'n_model_params': '42434', 'name': 'seanet_bottleneck_topk'}
    [mlflow] logged run 'seanet_bottleneck_topk_WordSynonyms'  (train_acc=1.0000 val_acc=0.8200 test_acc=0.6991 test_loss=1.2101)
[ 83/129] WordSynonyms                 DONE  acc=0.6991 loss=1.2101 AOPCR=  1.699 NDCG=  n/a C= 25 T=  270 (29s)  [83 trained / 0 failed so far]
[ 84/129] Worms
    stage 1/3: loading data ...
    stage 2/3: training on 146 series (val=35, C=5, T=900, batch=14) ...
    stage 3/3: scoring on 77 test series (accuracy + AOPCR) ...
    [mlflow] versioned model 'seanet_bottleneck_topk__sea_mstcn_sep_bottleneck__sea_topk_conjunctive' (id=m-b84b5f1ee5e34e67a6e2f541a87d2413) params={'model_size_mb': '1.4265', 'n_model_params': '40954', 'name': 'seanet_bottleneck_topk'}
    [mlflow] logged run 'seanet_bottleneck_topk_Worms'  (train_acc=0.8151 val_acc=0.6286 test_acc=0.7013 test_loss=0.9273)
[ 84/129] Worms                        DONE  acc=0.7013 loss=0.9273 AOPCR=  1.419 NDCG=  n/a C=  5 T=  900 (9s)  [84 trained / 0 failed so far]
[ 85/129] WormsTwoClass
    stage 1/3: loading data ...
    stage 2/3: training on 145 series (val=36, C=2, T=900, batch=14) ...
    stage 3/3: scoring on 77 test series (accuracy + AOPCR) ...
    [mlflow] versioned model 'seanet_bottleneck_topk__sea_mstcn_sep_bottleneck__sea_topk_conjunctive' (id=m-1dbdd555979841f59b85b113d56e971c) params={'model_size_mb': '1.4257', 'n_model_params': '40732', 'name': 'seanet_bottleneck_topk'}
    [mlflow] logged run 'seanet_bottleneck_topk_WormsTwoClass'  (train_acc=1.0000 val_acc=0.8056 test_acc=0.7143 test_loss=0.5781)
[ 85/129] WormsTwoClass                DONE  acc=0.7143 loss=0.5781 AOPCR=  1.027 NDCG=  n/a C=  2 T=  900 (25s)  [85 trained / 0 failed so far]
[ 86/129] Yoga
    stage 1/3: loading data ...
    stage 2/3: training on 241 series (val=59, C=2, T=426, batch=16) ...
    stage 3/3: scoring on 3000 test series (accuracy + AOPCR) ...
    [mlflow] versioned model 'seanet_bottleneck_topk__sea_mstcn_sep_bottleneck__sea_topk_conjunctive' (id=m-272a522beaaa40ebbb9d960882da42fc) params={'model_size_mb': '1.4257', 'n_model_params': '40732', 'name': 'seanet_bottleneck_topk'}
    [mlflow] logged run 'seanet_bottleneck_topk_Yoga'  (train_acc=0.9959 val_acc=0.9322 test_acc=0.8843 test_loss=0.2770)
[ 86/129] Yoga                         DONE  acc=0.8843 loss=0.2770 AOPCR=  1.158 NDCG=  n/a C=  2 T=  426 (28s)  [86 trained / 0 failed so far]
[ 87/129] ACSF1
    stage 1/3: loading data ...
    stage 2/3: training on 80 series (val=20, C=10, T=1460, batch=8) ...
    stage 3/3: scoring on 100 test series (accuracy + AOPCR) ...
    [mlflow] versioned model 'seanet_bottleneck_topk__sea_mstcn_sep_bottleneck__sea_topk_conjunctive' (id=m-ddd0ae689d5e42a49a67fe7418386d46) params={'model_size_mb': '1.4279', 'n_model_params': '41324', 'name': 'seanet_bottleneck_topk'}
    [mlflow] logged run 'seanet_bottleneck_topk_ACSF1'  (train_acc=0.8000 val_acc=0.5500 test_acc=0.6600 test_loss=0.8197)
[ 87/129] ACSF1                        DONE  acc=0.6600 loss=0.8197 AOPCR=  0.225 NDCG=  n/a C= 10 T= 1460 (15s)  [87 trained / 0 failed so far]
[ 88/129] AllGestureWiimoteX
    stage 1/3: loading data ...
    stage 2/3: training on 240 series (val=60, C=10, T=500, batch=16) ...
    stage 3/3: scoring on 700 test series (accuracy + AOPCR) ...
    [mlflow] versioned model 'seanet_bottleneck_topk__sea_mstcn_sep_bottleneck__sea_topk_conjunctive' (id=m-d801e7cbad9e44839372b13ca355f26e) params={'model_size_mb': '1.4279', 'n_model_params': '41324', 'name': 'seanet_bottleneck_topk'}
    [mlflow] logged run 'seanet_bottleneck_topk_AllGestureWiimoteX'  (train_acc=0.9458 val_acc=0.6833 test_acc=0.7100 test_loss=0.9332)
[ 88/129] AllGestureWiimoteX           DONE  acc=0.7100 loss=0.9332 AOPCR=  3.452 NDCG=  n/a C= 10 T=  500 (14s)  [88 trained / 0 failed so far]
[ 89/129] AllGestureWiimoteY
    stage 1/3: loading data ...
    stage 2/3: training on 240 series (val=60, C=10, T=500, batch=16) ...
    stage 3/3: scoring on 700 test series (accuracy + AOPCR) ...
    [mlflow] versioned model 'seanet_bottleneck_topk__sea_mstcn_sep_bottleneck__sea_topk_conjunctive' (id=m-a9c73a20d0884a8f90d27b79d66bf2ba) params={'model_size_mb': '1.4279', 'n_model_params': '41324', 'name': 'seanet_bottleneck_topk'}
    [mlflow] logged run 'seanet_bottleneck_topk_AllGestureWiimoteY'  (train_acc=1.0000 val_acc=0.7667 test_acc=0.7757 test_loss=0.7711)
[ 89/129] AllGestureWiimoteY           DONE  acc=0.7757 loss=0.7711 AOPCR=  3.400 NDCG=  n/a C= 10 T=  500 (18s)  [89 trained / 0 failed so far]
[ 90/129] AllGestureWiimoteZ
    stage 1/3: loading data ...
    stage 2/3: training on 240 series (val=60, C=10, T=500, batch=16) ...
    stage 3/3: scoring on 700 test series (accuracy + AOPCR) ...
    [mlflow] versioned model 'seanet_bottleneck_topk__sea_mstcn_sep_bottleneck__sea_topk_conjunctive' (id=m-7c38357e9df84ed88f838a5241874cac) params={'model_size_mb': '1.4279', 'n_model_params': '41324', 'name': 'seanet_bottleneck_topk'}
    [mlflow] logged run 'seanet_bottleneck_topk_AllGestureWiimoteZ'  (train_acc=0.9333 val_acc=0.6667 test_acc=0.6971 test_loss=0.9156)
[ 90/129] AllGestureWiimoteZ           DONE  acc=0.6971 loss=0.9156 AOPCR=  3.277 NDCG=  n/a C= 10 T=  500 (16s)  [90 trained / 0 failed so far]
[ 91/129] BME
    stage 1/3: loading data ...
    stage 2/3: training on 30 series (no val (train-loss early stop), C=3, T=128, batch=3) ...
    stage 3/3: scoring on 150 test series (accuracy + AOPCR) ...
    [mlflow] versioned model 'seanet_bottleneck_topk__sea_mstcn_sep_bottleneck__sea_topk_conjunctive' (id=m-026b6efab08b43e9a9335f6884b0662a) params={'model_size_mb': '1.4259', 'n_model_params': '40806', 'name': 'seanet_bottleneck_topk'}
    [mlflow] logged run 'seanet_bottleneck_topk_BME'  (train_acc=1.0000 test_acc=0.9933 test_loss=0.0997)
[ 91/129] BME                          DONE  acc=0.9933 loss=0.0997 AOPCR=  1.876 NDCG=  n/a C=  3 T=  128 (14s)  [91 trained / 0 failed so far]
[ 92/129] Chinatown
    stage 1/3: loading data ...
    stage 2/3: training on 20 series (no val (train-loss early stop), C=2, T=24, batch=2) ...
    stage 3/3: scoring on 343 test series (accuracy + AOPCR) ...
    [mlflow] versioned model 'seanet_bottleneck_topk__sea_mstcn_sep_bottleneck__sea_topk_conjunctive' (id=m-a97525a8a12d401cb800ffd15ab86c4a) params={'model_size_mb': '1.4257', 'n_model_params': '40732', 'name': 'seanet_bottleneck_topk'}
    [mlflow] logged run 'seanet_bottleneck_topk_Chinatown'  (train_acc=1.0000 test_acc=0.9825 test_loss=0.1114)
[ 92/129] Chinatown                    DONE  acc=0.9825 loss=0.1114 AOPCR=  0.553 NDCG=  n/a C=  2 T=   24 (34s)  [92 trained / 0 failed so far]
[ 93/129] Crop
    stage 1/3: loading data ...
    stage 2/3: training on 5760 series (val=1440, C=24, T=46, batch=16) ...
    stage 3/3: scoring on 16800 test series (accuracy + AOPCR) ...
    [mlflow] versioned model 'seanet_bottleneck_topk__sea_mstcn_sep_bottleneck__sea_topk_conjunctive' (id=m-31ad00e2e8a642b7ad6f7712828c7047) params={'model_size_mb': '1.4318', 'n_model_params': '42360', 'name': 'seanet_bottleneck_topk'}
    [mlflow] logged run 'seanet_bottleneck_topk_Crop'  (train_acc=0.8080 val_acc=0.7090 test_acc=0.7123 test_loss=0.9074)
[ 93/129] Crop                         DONE  acc=0.7123 loss=0.9074 AOPCR=  1.122 NDCG=  n/a C= 24 T=   46 (411s)  [93 trained / 0 failed so far]
[ 94/129] DodgerLoopDay
    stage 1/3: loading data ...
    stage 2/3: training on 78 series (no val (train-loss early stop), C=7, T=288, batch=7) ...
    stage 3/3: scoring on 80 test series (accuracy + AOPCR) ...
    [mlflow] versioned model 'seanet_bottleneck_topk__sea_mstcn_sep_bottleneck__sea_topk_conjunctive' (id=m-7075dafc57c54f7888146981befcdcbd) params={'model_size_mb': '1.427', 'n_model_params': '41102', 'name': 'seanet_bottleneck_topk'}
    [mlflow] logged run 'seanet_bottleneck_topk_DodgerLoopDay'  (train_acc=1.0000 test_acc=0.5875 test_loss=1.2443)
[ 94/129] DodgerLoopDay                DONE  acc=0.5875 loss=1.2443 AOPCR=  1.156 NDCG=  n/a C=  7 T=  288 (36s)  [94 trained / 0 failed so far]
[ 95/129] DodgerLoopGame
    stage 1/3: loading data ...
    stage 2/3: training on 20 series (no val (train-loss early stop), C=2, T=288, batch=2) ...
    stage 3/3: scoring on 138 test series (accuracy + AOPCR) ...
    [mlflow] versioned model 'seanet_bottleneck_topk__sea_mstcn_sep_bottleneck__sea_topk_conjunctive' (id=m-83fac88da98c4c9b8edbce97b7349b64) params={'model_size_mb': '1.4257', 'n_model_params': '40732', 'name': 'seanet_bottleneck_topk'}
    [mlflow] logged run 'seanet_bottleneck_topk_DodgerLoopGame'  (train_acc=1.0000 test_acc=0.9203 test_loss=0.2608)
[ 95/129] DodgerLoopGame               DONE  acc=0.9203 loss=0.2608 AOPCR=  2.353 NDCG=  n/a C=  2 T=  288 (14s)  [95 trained / 0 failed so far]
[ 96/129] DodgerLoopWeekend
    stage 1/3: loading data ...
    stage 2/3: training on 20 series (no val (train-loss early stop), C=2, T=288, batch=2) ...
    stage 3/3: scoring on 138 test series (accuracy + AOPCR) ...
    [mlflow] versioned model 'seanet_bottleneck_topk__sea_mstcn_sep_bottleneck__sea_topk_conjunctive' (id=m-8a09efa9e8434b6781dec52e80dcb9b6) params={'model_size_mb': '1.4257', 'n_model_params': '40732', 'name': 'seanet_bottleneck_topk'}
    [mlflow] logged run 'seanet_bottleneck_topk_DodgerLoopWeekend'  (train_acc=1.0000 test_acc=0.9783 test_loss=0.1224)
[ 96/129] DodgerLoopWeekend            DONE  acc=0.9783 loss=0.1224 AOPCR=  1.225 NDCG=  n/a C=  2 T=  288 (25s)  [96 trained / 0 failed so far]
[ 97/129] EOGHorizontalSignal
    stage 1/3: loading data ...
    stage 2/3: training on 290 series (val=72, C=12, T=1250, batch=16) ...
    stage 3/3: scoring on 362 test series (accuracy + AOPCR) ...
    [mlflow] versioned model 'seanet_bottleneck_topk__sea_mstcn_sep_bottleneck__sea_topk_conjunctive' (id=m-bb783e23fc9b4bb9b1098f6167965f07) params={'model_size_mb': '1.4284', 'n_model_params': '41472', 'name': 'seanet_bottleneck_topk'}
    [mlflow] logged run 'seanet_bottleneck_topk_EOGHorizontalSignal'  (train_acc=0.9414 val_acc=0.8194 test_acc=0.5635 test_loss=1.4266)
[ 97/129] EOGHorizontalSignal          DONE  acc=0.5635 loss=1.4266 AOPCR=  2.918 NDCG=  n/a C= 12 T= 1250 (24s)  [97 trained / 0 failed so far]
[ 98/129] EOGVerticalSignal
    stage 1/3: loading data ...
    stage 2/3: training on 290 series (val=72, C=12, T=1250, batch=16) ...
    stage 3/3: scoring on 362 test series (accuracy + AOPCR) ...
    [mlflow] versioned model 'seanet_bottleneck_topk__sea_mstcn_sep_bottleneck__sea_topk_conjunctive' (id=m-f848f5b0b8d14b91a8c17becf9e151b4) params={'model_size_mb': '1.4284', 'n_model_params': '41472', 'name': 'seanet_bottleneck_topk'}
    [mlflow] logged run 'seanet_bottleneck_topk_EOGVerticalSignal'  (train_acc=0.9828 val_acc=0.8056 test_acc=0.4337 test_loss=1.9915)
[ 98/129] EOGVerticalSignal            DONE  acc=0.4337 loss=1.9915 AOPCR=  2.775 NDCG=  n/a C= 12 T= 1250 (32s)  [98 trained / 0 failed so far]
[ 99/129] EthanolLevel
    stage 1/3: loading data ...
    stage 2/3: training on 404 series (val=100, C=4, T=1751, batch=16) ...
    stage 3/3: scoring on 500 test series (accuracy + AOPCR) ...
    [mlflow] versioned model 'seanet_bottleneck_topk__sea_mstcn_sep_bottleneck__sea_topk_conjunctive' (id=m-74c1a1e3930349e49f3be81b3b0424e7) params={'model_size_mb': '1.4262', 'n_model_params': '40880', 'name': 'seanet_bottleneck_topk'}
    [mlflow] logged run 'seanet_bottleneck_topk_EthanolLevel'  (train_acc=0.8936 val_acc=0.8400 test_acc=0.7420 test_loss=0.5753)
[ 99/129] EthanolLevel                 DONE  acc=0.7420 loss=0.5753 AOPCR=  0.491 NDCG=  n/a C=  4 T= 1751 (95s)  [99 trained / 0 failed so far]
[100/129] FreezerRegularTrain
    stage 1/3: loading data ...
    stage 2/3: training on 120 series (val=30, C=2, T=301, batch=12) ...
    stage 3/3: scoring on 2850 test series (accuracy + AOPCR) ...
    [mlflow] versioned model 'seanet_bottleneck_topk__sea_mstcn_sep_bottleneck__sea_topk_conjunctive' (id=m-b3545a0cf0424893bc841084e861d556) params={'model_size_mb': '1.4257', 'n_model_params': '40732', 'name': 'seanet_bottleneck_topk'}
    [mlflow] logged run 'seanet_bottleneck_topk_FreezerRegularTrain'  (train_acc=1.0000 val_acc=1.0000 test_acc=0.9870 test_loss=0.0847)
[100/129] FreezerRegularTrain          DONE  acc=0.9870 loss=0.0847 AOPCR=  2.023 NDCG=  n/a C=  2 T=  301 (20s)  [100 trained / 0 failed so far]
[101/129] FreezerSmallTrain
    stage 1/3: loading data ...
    stage 2/3: training on 28 series (no val (train-loss early stop), C=2, T=301, batch=2) ...
    stage 3/3: scoring on 2850 test series (accuracy + AOPCR) ...
    [mlflow] versioned model 'seanet_bottleneck_topk__sea_mstcn_sep_bottleneck__sea_topk_conjunctive' (id=m-8c54b037d85040ef8ba669d47f14afc5) params={'model_size_mb': '1.4257', 'n_model_params': '40732', 'name': 'seanet_bottleneck_topk'}
    [mlflow] logged run 'seanet_bottleneck_topk_FreezerSmallTrain'  (train_acc=1.0000 test_acc=0.7407 test_loss=0.6440)
[101/129] FreezerSmallTrain            DONE  acc=0.7407 loss=0.6440 AOPCR=  0.206 NDCG=  n/a C=  2 T=  301 (31s)  [101 trained / 0 failed so far]
[102/129] Fungi
    stage 1/3: loading data ...
    stage 2/3: training on 18 series (no val (train-loss early stop), C=18, T=201, batch=2) ...
    stage 3/3: scoring on 186 test series (accuracy + AOPCR) ...
    [mlflow] versioned model 'seanet_bottleneck_topk__sea_mstcn_sep_bottleneck__sea_topk_conjunctive' (id=m-a7b89fd832fa420f8655485913b2d9be) params={'model_size_mb': '1.4302', 'n_model_params': '41916', 'name': 'seanet_bottleneck_topk'}
    [mlflow] logged run 'seanet_bottleneck_topk_Fungi'  (train_acc=1.0000 test_acc=0.9839 test_loss=0.1307)
[102/129] Fungi                        DONE  acc=0.9839 loss=0.1307 AOPCR=  1.208 NDCG=  n/a C= 18 T=  201 (18s)  [102 trained / 0 failed so far]
[103/129] GestureMidAirD1
    stage 1/3: loading data ...
    stage 2/3: training on 182 series (val=26, C=26, T=360, batch=16) ...
    stage 3/3: scoring on 130 test series (accuracy + AOPCR) ...
    [mlflow] versioned model 'seanet_bottleneck_topk__sea_mstcn_sep_bottleneck__sea_topk_conjunctive' (id=m-a26fd9d36efb4f9bb4bca900682c62b3) params={'model_size_mb': '1.4324', 'n_model_params': '42508', 'name': 'seanet_bottleneck_topk'}
    [mlflow] logged run 'seanet_bottleneck_topk_GestureMidAirD1'  (train_acc=0.7747 val_acc=0.5769 test_acc=0.5846 test_loss=1.3022)
[103/129] GestureMidAirD1              DONE  acc=0.5846 loss=1.3022 AOPCR=  2.956 NDCG=  n/a C= 26 T=  360 (9s)  [103 trained / 0 failed so far]
[104/129] GestureMidAirD2
    stage 1/3: loading data ...
    stage 2/3: training on 182 series (val=26, C=26, T=360, batch=16) ...
    stage 3/3: scoring on 130 test series (accuracy + AOPCR) ...
    [mlflow] versioned model 'seanet_bottleneck_topk__sea_mstcn_sep_bottleneck__sea_topk_conjunctive' (id=m-c0af8502bd374c8fb27787fb1c2b8fb3) params={'model_size_mb': '1.4324', 'n_model_params': '42508', 'name': 'seanet_bottleneck_topk'}
    [mlflow] logged run 'seanet_bottleneck_topk_GestureMidAirD2'  (train_acc=0.8736 val_acc=0.7692 test_acc=0.6462 test_loss=1.1401)
[104/129] GestureMidAirD2              DONE  acc=0.6462 loss=1.1401 AOPCR=  1.835 NDCG=  n/a C= 26 T=  360 (23s)  [104 trained / 0 failed so far]
[105/129] GestureMidAirD3
    stage 1/3: loading data ...
    stage 2/3: training on 182 series (val=26, C=26, T=360, batch=16) ...
    stage 3/3: scoring on 130 test series (accuracy + AOPCR) ...
    [mlflow] versioned model 'seanet_bottleneck_topk__sea_mstcn_sep_bottleneck__sea_topk_conjunctive' (id=m-34649aa28d32453e92060c14222d951d) params={'model_size_mb': '1.4324', 'n_model_params': '42508', 'name': 'seanet_bottleneck_topk'}
    [mlflow] logged run 'seanet_bottleneck_topk_GestureMidAirD3'  (train_acc=0.6978 val_acc=0.2692 test_acc=0.3231 test_loss=2.2172)
[105/129] GestureMidAirD3              DONE  acc=0.3231 loss=2.2172 AOPCR=  2.346 NDCG=  n/a C= 26 T=  360 (10s)  [105 trained / 0 failed so far]
[106/129] GesturePebbleZ1
    stage 1/3: loading data ...
    stage 2/3: training on 107 series (val=25, C=6, T=455, batch=10) ...
    stage 3/3: scoring on 172 test series (accuracy + AOPCR) ...
    [mlflow] versioned model 'seanet_bottleneck_topk__sea_mstcn_sep_bottleneck__sea_topk_conjunctive' (id=m-5004e496a25c49a18ff78dc87d24a66f) params={'model_size_mb': '1.4268', 'n_model_params': '41028', 'name': 'seanet_bottleneck_topk'}
    [mlflow] logged run 'seanet_bottleneck_topk_GesturePebbleZ1'  (train_acc=1.0000 val_acc=1.0000 test_acc=0.9244 test_loss=0.2887)
[106/129] GesturePebbleZ1              DONE  acc=0.9244 loss=0.2887 AOPCR=  2.332 NDCG=  n/a C=  6 T=  455 (37s)  [106 trained / 0 failed so far]
[107/129] GesturePebbleZ2
    stage 1/3: loading data ...
    stage 2/3: training on 120 series (val=26, C=6, T=455, batch=12) ...
    stage 3/3: scoring on 158 test series (accuracy + AOPCR) ...
    [mlflow] versioned model 'seanet_bottleneck_topk__sea_mstcn_sep_bottleneck__sea_topk_conjunctive' (id=m-78b95e2e676542fab5af6423a2bad25b) params={'model_size_mb': '1.4268', 'n_model_params': '41028', 'name': 'seanet_bottleneck_topk'}
    [mlflow] logged run 'seanet_bottleneck_topk_GesturePebbleZ2'  (train_acc=1.0000 val_acc=1.0000 test_acc=0.9367 test_loss=0.2949)
[107/129] GesturePebbleZ2              DONE  acc=0.9367 loss=0.2949 AOPCR=  1.984 NDCG=  n/a C=  6 T=  455 (27s)  [107 trained / 0 failed so far]
[108/129] GunPointAgeSpan
    stage 1/3: loading data ...
    stage 2/3: training on 109 series (val=26, C=2, T=150, batch=10) ...
    stage 3/3: scoring on 316 test series (accuracy + AOPCR) ...
    [mlflow] versioned model 'seanet_bottleneck_topk__sea_mstcn_sep_bottleneck__sea_topk_conjunctive' (id=m-145007145f114268b0884d209c1fe5a3) params={'model_size_mb': '1.4257', 'n_model_params': '40732', 'name': 'seanet_bottleneck_topk'}
    [mlflow] logged run 'seanet_bottleneck_topk_GunPointAgeSpan'  (train_acc=1.0000 val_acc=0.9615 test_acc=0.9778 test_loss=0.1001)
[108/129] GunPointAgeSpan              DONE  acc=0.9778 loss=0.1001 AOPCR=  0.653 NDCG=  n/a C=  2 T=  150 (13s)  [108 trained / 0 failed so far]
[109/129] GunPointMaleVersusFemale
    stage 1/3: loading data ...
    stage 2/3: training on 109 series (val=26, C=2, T=150, batch=10) ...
    stage 3/3: scoring on 316 test series (accuracy + AOPCR) ...
    [mlflow] versioned model 'seanet_bottleneck_topk__sea_mstcn_sep_bottleneck__sea_topk_conjunctive' (id=m-76ab000c89dd42e38a0aaa8987f35b73) params={'model_size_mb': '1.4257', 'n_model_params': '40732', 'name': 'seanet_bottleneck_topk'}
    [mlflow] logged run 'seanet_bottleneck_topk_GunPointMaleVersusFemale'  (train_acc=1.0000 val_acc=1.0000 test_acc=0.9873 test_loss=0.0858)
[109/129] GunPointMaleVersusFemale     DONE  acc=0.9873 loss=0.0858 AOPCR=  1.763 NDCG=  n/a C=  2 T=  150 (20s)  [109 trained / 0 failed so far]
[110/129] GunPointOldVersusYoung
    stage 1/3: loading data ...
    stage 2/3: training on 109 series (val=27, C=2, T=150, batch=10) ...
    stage 3/3: scoring on 315 test series (accuracy + AOPCR) ...
    [mlflow] versioned model 'seanet_bottleneck_topk__sea_mstcn_sep_bottleneck__sea_topk_conjunctive' (id=m-ea14376f67f8411d8d17789712ee7b7f) params={'model_size_mb': '1.4257', 'n_model_params': '40732', 'name': 'seanet_bottleneck_topk'}
    [mlflow] logged run 'seanet_bottleneck_topk_GunPointOldVersusYoung'  (train_acc=1.0000 val_acc=1.0000 test_acc=0.9619 test_loss=0.1257)
[110/129] GunPointOldVersusYoung       DONE  acc=0.9619 loss=0.1257 AOPCR=  0.992 NDCG=  n/a C=  2 T=  150 (21s)  [110 trained / 0 failed so far]
[111/129] HouseTwenty
    stage 1/3: loading data ...
    stage 2/3: training on 40 series (no val (train-loss early stop), C=2, T=2000, batch=4) ...
    stage 3/3: scoring on 119 test series (accuracy + AOPCR) ...
    [mlflow] versioned model 'seanet_bottleneck_topk__sea_mstcn_sep_bottleneck__sea_topk_conjunctive' (id=m-1d5e341636a04ae5a1c726f74c4f98ea) params={'model_size_mb': '1.4257', 'n_model_params': '40732', 'name': 'seanet_bottleneck_topk'}
    [mlflow] logged run 'seanet_bottleneck_topk_HouseTwenty'  (train_acc=1.0000 test_acc=0.9832 test_loss=0.1203)
[111/129] HouseTwenty                  DONE  acc=0.9832 loss=0.1203 AOPCR=  2.601 NDCG=  n/a C=  2 T= 2000 (20s)  [111 trained / 0 failed so far]
[112/129] InsectEPGRegularTrain
    stage 1/3: loading data ...
    stage 2/3: training on 62 series (no val (train-loss early stop), C=3, T=601, batch=6) ...
    stage 3/3: scoring on 249 test series (accuracy + AOPCR) ...
    [mlflow] versioned model 'seanet_bottleneck_topk__sea_mstcn_sep_bottleneck__sea_topk_conjunctive' (id=m-7565fc40599d4f1dbf84bf40123ad34d) params={'model_size_mb': '1.4259', 'n_model_params': '40806', 'name': 'seanet_bottleneck_topk'}
    [mlflow] logged run 'seanet_bottleneck_topk_InsectEPGRegularTrain'  (train_acc=1.0000 test_acc=0.9920 test_loss=0.1093)
[112/129] InsectEPGRegularTrain        DONE  acc=0.9920 loss=0.1093 AOPCR=  2.469 NDCG=  n/a C=  3 T=  601 (14s)  [112 trained / 0 failed so far]
[113/129] InsectEPGSmallTrain
    stage 1/3: loading data ...
    stage 2/3: training on 17 series (no val (train-loss early stop), C=3, T=601, batch=2) ...
    stage 3/3: scoring on 249 test series (accuracy + AOPCR) ...
    [mlflow] versioned model 'seanet_bottleneck_topk__sea_mstcn_sep_bottleneck__sea_topk_conjunctive' (id=m-f422cba46bf6436c888d191a3921fccd) params={'model_size_mb': '1.4259', 'n_model_params': '40806', 'name': 'seanet_bottleneck_topk'}
    [mlflow] logged run 'seanet_bottleneck_topk_InsectEPGSmallTrain'  (train_acc=1.0000 test_acc=0.8153 test_loss=0.4431)
[113/129] InsectEPGSmallTrain          DONE  acc=0.8153 loss=0.4431 AOPCR=  1.562 NDCG=  n/a C=  3 T=  601 (12s)  [113 trained / 0 failed so far]
[114/129] MelbournePedestrian
    stage 1/3: loading data ...
    stage 2/3: training on 956 series (val=238, C=10, T=24, batch=16) ...
    stage 3/3: scoring on 2439 test series (accuracy + AOPCR) ...
    [mlflow] versioned model 'seanet_bottleneck_topk__sea_mstcn_sep_bottleneck__sea_topk_conjunctive' (id=m-d96a815080e440dda4eee8c34c287545) params={'model_size_mb': '1.4279', 'n_model_params': '41324', 'name': 'seanet_bottleneck_topk'}
    [mlflow] logged run 'seanet_bottleneck_topk_MelbournePedestrian'  (train_acc=1.0000 val_acc=0.8571 test_acc=0.9041 test_loss=0.3540)
[114/129] MelbournePedestrian          DONE  acc=0.9041 loss=0.3540 AOPCR=  0.573 NDCG=  n/a C= 10 T=   24 (187s)  [114 trained / 0 failed so far]
[115/129] MixedShapesRegularTrain
    stage 1/3: loading data ...
    stage 2/3: training on 400 series (val=100, C=5, T=1024, batch=16) ...
    stage 3/3: scoring on 2425 test series (accuracy + AOPCR) ...
    [mlflow] versioned model 'seanet_bottleneck_topk__sea_mstcn_sep_bottleneck__sea_topk_conjunctive' (id=m-7cb68cdc034146febf9e8963286aa33c) params={'model_size_mb': '1.4265', 'n_model_params': '40954', 'name': 'seanet_bottleneck_topk'}
    [mlflow] logged run 'seanet_bottleneck_topk_MixedShapesRegularTrain'  (train_acc=1.0000 val_acc=0.9600 test_acc=0.9575 test_loss=0.2097)
[115/129] MixedShapesRegularTrain      DONE  acc=0.9575 loss=0.2097 AOPCR=  2.219 NDCG=  n/a C=  5 T= 1024 (78s)  [115 trained / 0 failed so far]
[116/129] MixedShapesSmallTrain
    stage 1/3: loading data ...
    stage 2/3: training on 80 series (val=20, C=5, T=1024, batch=8) ...
    stage 3/3: scoring on 2425 test series (accuracy + AOPCR) ...
    [mlflow] versioned model 'seanet_bottleneck_topk__sea_mstcn_sep_bottleneck__sea_topk_conjunctive' (id=m-62ab651e806f4416ad0d30609024d8a4) params={'model_size_mb': '1.4265', 'n_model_params': '40954', 'name': 'seanet_bottleneck_topk'}
    [mlflow] logged run 'seanet_bottleneck_topk_MixedShapesSmallTrain'  (train_acc=1.0000 val_acc=1.0000 test_acc=0.8816 test_loss=0.4001)
[116/129] MixedShapesSmallTrain        DONE  acc=0.8816 loss=0.4001 AOPCR=  1.375 NDCG=  n/a C=  5 T= 1024 (18s)  [116 trained / 0 failed so far]
[117/129] PLAID
    stage 1/3: loading data ...
    stage 2/3: training on 436 series (val=101, C=11, T=1344, batch=16) ...
    stage 3/3: scoring on 537 test series (accuracy + AOPCR) ...
    [mlflow] versioned model 'seanet_bottleneck_topk__sea_mstcn_sep_bottleneck__sea_topk_conjunctive' (id=m-69123144332c41ca9e0bee36beba7924) params={'model_size_mb': '1.4281', 'n_model_params': '41398', 'name': 'seanet_bottleneck_topk'}
    [mlflow] logged run 'seanet_bottleneck_topk_PLAID'  (train_acc=0.9794 val_acc=0.8119 test_acc=0.8641 test_loss=0.4544)
[117/129] PLAID                        DONE  acc=0.8641 loss=0.4544 AOPCR=  2.400 NDCG=  n/a C= 11 T= 1344 (80s)  [117 trained / 0 failed so far]
[118/129] PickupGestureWiimoteZ
    stage 1/3: loading data ...
    stage 2/3: training on 50 series (no val (train-loss early stop), C=10, T=361, batch=5) ...
    stage 3/3: scoring on 50 test series (accuracy + AOPCR) ...
    [mlflow] versioned model 'seanet_bottleneck_topk__sea_mstcn_sep_bottleneck__sea_topk_conjunctive' (id=m-a5edb6b3620b448eac0f0f059e2f7e23) params={'model_size_mb': '1.4279', 'n_model_params': '41324', 'name': 'seanet_bottleneck_topk'}
    [mlflow] logged run 'seanet_bottleneck_topk_PickupGestureWiimoteZ'  (train_acc=1.0000 test_acc=0.7600 test_loss=0.7900)
[118/129] PickupGestureWiimoteZ        DONE  acc=0.7600 loss=0.7900 AOPCR=  2.245 NDCG=  n/a C= 10 T=  361 (18s)  [118 trained / 0 failed so far]
[119/129] PigAirwayPressure
    stage 1/3: loading data ...
    stage 2/3: training on 52 series (val=52, C=52, T=2000, batch=5) ...
    stage 3/3: scoring on 208 test series (accuracy + AOPCR) ...
    [mlflow] versioned model 'seanet_bottleneck_topk__sea_mstcn_sep_bottleneck__sea_topk_conjunctive' (id=m-dd42285d19204afcb9e1f93fb517d25f) params={'model_size_mb': '1.4398', 'n_model_params': '44432', 'name': 'seanet_bottleneck_topk'}
    [mlflow] logged run 'seanet_bottleneck_topk_PigAirwayPressure'  (train_acc=0.0577 val_acc=0.0577 test_acc=0.0337 test_loss=3.8995)
[119/129] PigAirwayPressure            DONE  acc=0.0337 loss=3.8995 AOPCR=  0.598 NDCG=  n/a C= 52 T= 2000 (8s)  [119 trained / 0 failed so far]
[120/129] PigArtPressure
    stage 1/3: loading data ...
    stage 2/3: training on 52 series (val=52, C=52, T=2000, batch=5) ...
    stage 3/3: scoring on 208 test series (accuracy + AOPCR) ...
    [mlflow] versioned model 'seanet_bottleneck_topk__sea_mstcn_sep_bottleneck__sea_topk_conjunctive' (id=m-2817be3c24ad425d93fe4d5b88750250) params={'model_size_mb': '1.4398', 'n_model_params': '44432', 'name': 'seanet_bottleneck_topk'}
    [mlflow] logged run 'seanet_bottleneck_topk_PigArtPressure'  (train_acc=1.0000 val_acc=0.8462 test_acc=0.8510 test_loss=0.6414)
[120/129] PigArtPressure               DONE  acc=0.8510 loss=0.6414 AOPCR=  0.973 NDCG=  n/a C= 52 T= 2000 (26s)  [120 trained / 0 failed so far]
[121/129] PigCVP
    stage 1/3: loading data ...
    stage 2/3: training on 52 series (val=52, C=52, T=2000, batch=5) ...
    stage 3/3: scoring on 208 test series (accuracy + AOPCR) ...
    [mlflow] versioned model 'seanet_bottleneck_topk__sea_mstcn_sep_bottleneck__sea_topk_conjunctive' (id=m-dc0e95207a24401888d163a6caaf7116) params={'model_size_mb': '1.4398', 'n_model_params': '44432', 'name': 'seanet_bottleneck_topk'}
    [mlflow] logged run 'seanet_bottleneck_topk_PigCVP'  (train_acc=1.0000 val_acc=0.5385 test_acc=0.5962 test_loss=1.8886)
[121/129] PigCVP                       DONE  acc=0.5962 loss=1.8886 AOPCR=  2.305 NDCG=  n/a C= 52 T= 2000 (49s)  [121 trained / 0 failed so far]
[122/129] PowerCons
    stage 1/3: loading data ...
    stage 2/3: training on 144 series (val=36, C=2, T=144, batch=14) ...
    stage 3/3: scoring on 180 test series (accuracy + AOPCR) ...
    [mlflow] versioned model 'seanet_bottleneck_topk__sea_mstcn_sep_bottleneck__sea_topk_conjunctive' (id=m-c66b4c7787e340cdb01a00294a75ef48) params={'model_size_mb': '1.4257', 'n_model_params': '40732', 'name': 'seanet_bottleneck_topk'}
    [mlflow] logged run 'seanet_bottleneck_topk_PowerCons'  (train_acc=1.0000 val_acc=0.9722 test_acc=0.9667 test_loss=0.1511)
[122/129] PowerCons                    DONE  acc=0.9667 loss=0.1511 AOPCR=  1.654 NDCG=  n/a C=  2 T=  144 (25s)  [122 trained / 0 failed so far]
[123/129] Rock
    stage 1/3: loading data ...
    stage 2/3: training on 20 series (no val (train-loss early stop), C=4, T=2844, batch=2) ...
    stage 3/3: scoring on 50 test series (accuracy + AOPCR) ...
    [mlflow] versioned model 'seanet_bottleneck_topk__sea_mstcn_sep_bottleneck__sea_topk_conjunctive' (id=m-d8b7e31065e541099f1beaf2d58ed55a) params={'model_size_mb': '1.4262', 'n_model_params': '40880', 'name': 'seanet_bottleneck_topk'}
    [mlflow] logged run 'seanet_bottleneck_topk_Rock'  (train_acc=1.0000 test_acc=0.6600 test_loss=0.7837)
[123/129] Rock                         DONE  acc=0.6600 loss=0.7837 AOPCR=  1.966 NDCG=  n/a C=  4 T= 2844 (24s)  [123 trained / 0 failed so far]
[124/129] SemgHandGenderCh2
    stage 1/3: loading data ...
    stage 2/3: training on 240 series (val=60, C=2, T=1500, batch=16) ...
    stage 3/3: scoring on 600 test series (accuracy + AOPCR) ...
    [mlflow] versioned model 'seanet_bottleneck_topk__sea_mstcn_sep_bottleneck__sea_topk_conjunctive' (id=m-1766e469194449f0b3d14af3bd64456c) params={'model_size_mb': '1.4257', 'n_model_params': '40732', 'name': 'seanet_bottleneck_topk'}
    [mlflow] logged run 'seanet_bottleneck_topk_SemgHandGenderCh2'  (train_acc=1.0000 val_acc=1.0000 test_acc=0.9150 test_loss=0.2237)
[124/129] SemgHandGenderCh2            DONE  acc=0.9150 loss=0.2237 AOPCR=  2.300 NDCG=  n/a C=  2 T= 1500 (42s)  [124 trained / 0 failed so far]
[125/129] SemgHandMovementCh2
    stage 1/3: loading data ...
    stage 2/3: training on 360 series (val=90, C=6, T=1500, batch=16) ...
    stage 3/3: scoring on 450 test series (accuracy + AOPCR) ...
    [mlflow] versioned model 'seanet_bottleneck_topk__sea_mstcn_sep_bottleneck__sea_topk_conjunctive' (id=m-939d4a11c27740dabb5d7e29297c8587) params={'model_size_mb': '1.4268', 'n_model_params': '41028', 'name': 'seanet_bottleneck_topk'}
    [mlflow] logged run 'seanet_bottleneck_topk_SemgHandMovementCh2'  (train_acc=0.7556 val_acc=0.6111 test_acc=0.5533 test_loss=1.2074)
[125/129] SemgHandMovementCh2          DONE  acc=0.5533 loss=1.2074 AOPCR=  1.920 NDCG=  n/a C=  6 T= 1500 (32s)  [125 trained / 0 failed so far]
[126/129] SemgHandSubjectCh2
    stage 1/3: loading data ...
    stage 2/3: training on 360 series (val=90, C=5, T=1500, batch=16) ...
    stage 3/3: scoring on 450 test series (accuracy + AOPCR) ...
    [mlflow] versioned model 'seanet_bottleneck_topk__sea_mstcn_sep_bottleneck__sea_topk_conjunctive' (id=m-cfe4dd22ef1a4995b625e9d07f36c60a) params={'model_size_mb': '1.4265', 'n_model_params': '40954', 'name': 'seanet_bottleneck_topk'}
    [mlflow] logged run 'seanet_bottleneck_topk_SemgHandSubjectCh2'  (train_acc=0.9972 val_acc=0.9111 test_acc=0.8444 test_loss=0.4924)
[126/129] SemgHandSubjectCh2           DONE  acc=0.8444 loss=0.4924 AOPCR=  3.288 NDCG=  n/a C=  5 T= 1500 (55s)  [126 trained / 0 failed so far]
[127/129] ShakeGestureWiimoteZ
    stage 1/3: loading data ...
    stage 2/3: training on 50 series (no val (train-loss early stop), C=10, T=385, batch=5) ...
    stage 3/3: scoring on 50 test series (accuracy + AOPCR) ...
    [mlflow] versioned model 'seanet_bottleneck_topk__sea_mstcn_sep_bottleneck__sea_topk_conjunctive' (id=m-420f99343c344cbdb09bbf2c43c1cfcd) params={'model_size_mb': '1.4279', 'n_model_params': '41324', 'name': 'seanet_bottleneck_topk'}
    [mlflow] logged run 'seanet_bottleneck_topk_ShakeGestureWiimoteZ'  (train_acc=1.0000 test_acc=0.8800 test_loss=0.4869)
[127/129] ShakeGestureWiimoteZ         DONE  acc=0.8800 loss=0.4869 AOPCR=  2.510 NDCG=  n/a C= 10 T=  385 (31s)  [127 trained / 0 failed so far]
[128/129] SmoothSubspace
    stage 1/3: loading data ...
    stage 2/3: training on 120 series (val=30, C=3, T=15, batch=12) ...
    stage 3/3: scoring on 150 test series (accuracy + AOPCR) ...
    [mlflow] versioned model 'seanet_bottleneck_topk__sea_mstcn_sep_bottleneck__sea_topk_conjunctive' (id=m-537291c502ad400ba41049e45bea7710) params={'model_size_mb': '1.4259', 'n_model_params': '40806', 'name': 'seanet_bottleneck_topk'}
    [mlflow] logged run 'seanet_bottleneck_topk_SmoothSubspace'  (train_acc=1.0000 val_acc=0.9667 test_acc=0.9400 test_loss=0.2132)
[128/129] SmoothSubspace               DONE  acc=0.9400 loss=0.2132 AOPCR=  0.562 NDCG=  n/a C=  3 T=   15 (14s)  [128 trained / 0 failed so far]
[129/129] UMD
    stage 1/3: loading data ...
    stage 2/3: training on 36 series (no val (train-loss early stop), C=3, T=150, batch=3) ...
    stage 3/3: scoring on 144 test series (accuracy + AOPCR) ...
    [mlflow] versioned model 'seanet_bottleneck_topk__sea_mstcn_sep_bottleneck__sea_topk_conjunctive' (id=m-fe77d3978aa747f9b41d273075cb3a61) params={'model_size_mb': '1.4259', 'n_model_params': '40806', 'name': 'seanet_bottleneck_topk'}
    [mlflow] logged run 'seanet_bottleneck_topk_UMD'  (train_acc=1.0000 test_acc=0.9861 test_loss=0.1263)
[129/129] UMD                          DONE  acc=0.9861 loss=0.1263 AOPCR=  1.390 NDCG=  n/a C=  3 T=  150 (18s)  [129 trained / 0 failed so far]

Done: 129 trained, 0 skipped, 0 failed.
Results -> results/SEA_NET/seanet_bottleneck_topk__sea_mstcn_sep_bottleneck__sea_topk_conjunctive/results.csv

=== seanet_bottleneck_topk__sea_mstcn_sep_bottleneck__sea_topk_conjunctive vs MILLET ConjunctiveInceptionTime (mean of 5 reps) ===
  UCR datasets evaluated: 128  (with MILLET baseline: 85, without: 43)
  metric        ours    MILLET   win/tie/loss   (mean over the 85 datasets MILLET published)
  acc         0.8101    0.8445       21/15/49   
  loss        0.5496    1.2241        59/0/26   (lower is better)
  aopcr       1.1389    4.5532         4/0/81   
  wrote results/SEA_NET/seanet_bottleneck_topk__sea_mstcn_sep_bottleneck__sea_topk_conjunctive/comparison_vs_millet.csv

Next: `python main.py report` to draw the figures for seanet_bottleneck_topk__sea_mstcn_sep_bottleneck__sea_topk_conjunctive.

[log] finished; full output saved to results/SEA_NET/seanet_bottleneck_topk__sea_mstcn_sep_bottleneck__sea_topk_conjunctive/logs/train_2026-08-04_15-33-08.log
