[log] command 'train' started at 2026-07-28_16-11-27 for model 'resnet__mil_resnet__mil_conjunctive'
[log] a copy of everything below is being saved to: results/SEA_NET/resnet__mil_resnet__mil_conjunctive/logs/train_2026-07-28_16-11-27.log

=== train: model=resnet__mil_resnet__mil_conjunctive (config sv1/resnet) device=cuda mode=full datasets=129 ===
[params] using DEFAULT recipe (no Optuna record yet - run 'python main.py optuna --model sv1/resnet').
  results  -> results/SEA_NET/resnet__mil_resnet__mil_conjunctive/results.csv
  resume   -> results/SEA_NET/resnet__mil_resnet__mil_conjunctive/done_train_dataset.txt  (delete it to retrain everything; delete one line to retrain that dataset)

  [mlflow] logging runs to experiment 'SEA-Net_resnet__mil_resnet__mil_conjunctive_2026-07-28' at sqlite:///mlflow.db
  [mlflow] browse later with:  mlflow ui --backend-store-uri sqlite:///mlflow.db
[  1/129] WebTraffic                   already done -> skip
[  2/129] Adiac
    stage 1/3: loading data ...
    stage 2/3: training on 328 series (val=62, C=37, T=176, batch=16) ...
    stage 3/3: scoring on 391 test series (accuracy + AOPCR) ...
    [mlflow] versioned model 'resnet__mil_resnet__mil_conjunctive' (id=m-b7e88a0ec8484c8b9486a156bcb6e192) params={'model_size_mb': '4.4289', 'n_model_params': '509814', 'name': 'resnet'}
    [mlflow] logged run 'resnet_Adiac'  (train_acc=0.8720 val_acc=0.7903 test_acc=0.7852 test_loss=0.9401)
[  2/129] Adiac                        DONE  acc=0.7852 loss=0.9401 AOPCR= -2.052 NDCG=  n/a C= 37 T=  176 (21s)  [1 trained / 0 failed so far]
[  3/129] ArrowHead
    stage 1/3: loading data ...
    stage 2/3: training on 36 series (no val (train-loss early stop), C=3, T=251, batch=3) ...
    stage 3/3: scoring on 175 test series (accuracy + AOPCR) ...
    [mlflow] versioned model 'resnet__mil_resnet__mil_conjunctive' (id=m-ed69180166d342a595b79048c7f35f10) params={'model_size_mb': '4.4121', 'n_model_params': '505428', 'name': 'resnet'}
    [mlflow] logged run 'resnet_ArrowHead'  (train_acc=1.0000 test_acc=0.8857 test_loss=0.4282)
[  3/129] ArrowHead                    DONE  acc=0.8857 loss=0.4282 AOPCR=  0.837 NDCG=  n/a C=  3 T=  251 (15s)  [2 trained / 0 failed so far]
[  4/129] Beef
    stage 1/3: loading data ...
    stage 2/3: training on 30 series (no val (train-loss early stop), C=5, T=470, batch=3) ...
    stage 3/3: scoring on 30 test series (accuracy + AOPCR) ...
    [mlflow] versioned model 'resnet__mil_resnet__mil_conjunctive' (id=m-ef7c66fc696c49bba978654ae1fcae95) params={'model_size_mb': '4.4131', 'n_model_params': '505686', 'name': 'resnet'}
    [mlflow] logged run 'resnet_Beef'  (train_acc=0.9333 test_acc=0.8000 test_loss=0.7472)
[  4/129] Beef                         DONE  acc=0.8000 loss=0.7472 AOPCR=  2.067 NDCG=  n/a C=  5 T=  470 (17s)  [3 trained / 0 failed so far]
[  5/129] BeetleFly
    stage 1/3: loading data ...
    stage 2/3: training on 20 series (no val (train-loss early stop), C=2, T=512, batch=2) ...
    stage 3/3: scoring on 20 test series (accuracy + AOPCR) ...
    [mlflow] versioned model 'resnet__mil_resnet__mil_conjunctive' (id=m-ab83377ce7ea4791bfaa5837939e293c) params={'model_size_mb': '4.4116', 'n_model_params': '505299', 'name': 'resnet'}
    [mlflow] logged run 'resnet_BeetleFly'  (train_acc=1.0000 test_acc=0.8500 test_loss=0.3240)
[  5/129] BeetleFly                    DONE  acc=0.8500 loss=0.3240 AOPCR=  2.294 NDCG=  n/a C=  2 T=  512 (11s)  [4 trained / 0 failed so far]
[  6/129] BirdChicken
    stage 1/3: loading data ...
    stage 2/3: training on 20 series (no val (train-loss early stop), C=2, T=512, batch=2) ...
    stage 3/3: scoring on 20 test series (accuracy + AOPCR) ...
    [mlflow] versioned model 'resnet__mil_resnet__mil_conjunctive' (id=m-74f8b90dda3f42b1bbacd0f4fd9114ce) params={'model_size_mb': '4.4116', 'n_model_params': '505299', 'name': 'resnet'}
    [mlflow] logged run 'resnet_BirdChicken'  (train_acc=1.0000 test_acc=1.0000 test_loss=0.1760)
[  6/129] BirdChicken                  DONE  acc=1.0000 loss=0.1760 AOPCR=  1.154 NDCG=  n/a C=  2 T=  512 (9s)  [5 trained / 0 failed so far]
[  7/129] Car
    stage 1/3: loading data ...
    stage 2/3: training on 60 series (no val (train-loss early stop), C=4, T=577, batch=6) ...
    stage 3/3: scoring on 60 test series (accuracy + AOPCR) ...
    [mlflow] versioned model 'resnet__mil_resnet__mil_conjunctive' (id=m-e69e4b76a46e4ae0ab181782a2006b2c) params={'model_size_mb': '4.4126', 'n_model_params': '505557', 'name': 'resnet'}
    [mlflow] logged run 'resnet_Car'  (train_acc=1.0000 test_acc=0.9333 test_loss=0.3287)
[  7/129] Car                          DONE  acc=0.9333 loss=0.3287 AOPCR=  2.554 NDCG=  n/a C=  4 T=  577 (13s)  [6 trained / 0 failed so far]
[  8/129] CBF
    stage 1/3: loading data ...
    stage 2/3: training on 30 series (no val (train-loss early stop), C=3, T=128, batch=3) ...
    stage 3/3: scoring on 900 test series (accuracy + AOPCR) ...
    [mlflow] versioned model 'resnet__mil_resnet__mil_conjunctive' (id=m-5c7f408c70b04e11b092896a16f325db) params={'model_size_mb': '4.4121', 'n_model_params': '505428', 'name': 'resnet'}
    [mlflow] logged run 'resnet_CBF'  (train_acc=1.0000 test_acc=0.9889 test_loss=0.1917)
[  8/129] CBF                          DONE  acc=0.9889 loss=0.1917 AOPCR=  0.969 NDCG=  n/a C=  3 T=  128 (9s)  [7 trained / 0 failed so far]
[  9/129] ChlorineConcentration
    stage 1/3: loading data ...
    stage 2/3: training on 375 series (val=92, C=3, T=166, batch=16) ...
    stage 3/3: scoring on 3840 test series (accuracy + AOPCR) ...
    [mlflow] versioned model 'resnet__mil_resnet__mil_conjunctive' (id=m-0003a9a8734f482b9430055ac991f544) params={'model_size_mb': '4.4121', 'n_model_params': '505428', 'name': 'resnet'}
    [mlflow] logged run 'resnet_ChlorineConcentration'  (train_acc=0.6453 val_acc=0.6413 test_acc=0.5896 test_loss=0.9187)
[  9/129] ChlorineConcentration        DONE  acc=0.5896 loss=0.9187 AOPCR=  0.198 NDCG=  n/a C=  3 T=  166 (20s)  [8 trained / 0 failed so far]
[ 10/129] CinCECGTorso
    stage 1/3: loading data ...
    stage 2/3: training on 40 series (no val (train-loss early stop), C=4, T=1639, batch=4) ...
    stage 3/3: scoring on 1380 test series (accuracy + AOPCR) ...
    [mlflow] versioned model 'resnet__mil_resnet__mil_conjunctive' (id=m-d19960368e8c4de289c66abf9b465bb1) params={'model_size_mb': '4.4126', 'n_model_params': '505557', 'name': 'resnet'}
    [mlflow] logged run 'resnet_CinCECGTorso'  (train_acc=1.0000 test_acc=0.8601 test_loss=0.4900)
[ 10/129] CinCECGTorso                 DONE  acc=0.8601 loss=0.4900 AOPCR=  1.800 NDCG=  n/a C=  4 T= 1639 (20s)  [9 trained / 0 failed so far]
[ 11/129] Coffee
    stage 1/3: loading data ...
    stage 2/3: training on 28 series (no val (train-loss early stop), C=2, T=286, batch=2) ...
    stage 3/3: scoring on 28 test series (accuracy + AOPCR) ...
    [mlflow] versioned model 'resnet__mil_resnet__mil_conjunctive' (id=m-c808b0a4ca2e425abd61fe660288c0f8) params={'model_size_mb': '4.4116', 'n_model_params': '505299', 'name': 'resnet'}
    [mlflow] logged run 'resnet_Coffee'  (train_acc=1.0000 test_acc=1.0000 test_loss=0.1176)
[ 11/129] Coffee                       DONE  acc=1.0000 loss=0.1176 AOPCR=  1.048 NDCG=  n/a C=  2 T=  286 (19s)  [10 trained / 0 failed so far]
[ 12/129] Computers
    stage 1/3: loading data ...
    stage 2/3: training on 200 series (val=50, C=2, T=720, batch=16) ...
    stage 3/3: scoring on 250 test series (accuracy + AOPCR) ...
    [mlflow] versioned model 'resnet__mil_resnet__mil_conjunctive' (id=m-7f053b8ff38a43449332107234b16b13) params={'model_size_mb': '4.4116', 'n_model_params': '505299', 'name': 'resnet'}
    [mlflow] logged run 'resnet_Computers'  (train_acc=0.8900 val_acc=0.8200 test_acc=0.7320 test_loss=0.6919)
[ 12/129] Computers                    DONE  acc=0.7320 loss=0.6919 AOPCR=  0.743 NDCG=  n/a C=  2 T=  720 (9s)  [11 trained / 0 failed so far]
[ 13/129] CricketX
    stage 1/3: loading data ...
    stage 2/3: training on 317 series (val=73, C=12, T=300, batch=16) ...
    stage 3/3: scoring on 390 test series (accuracy + AOPCR) ...
    [mlflow] versioned model 'resnet__mil_resnet__mil_conjunctive' (id=m-1a7c945381d748618ff28306b39114ce) params={'model_size_mb': '4.4165', 'n_model_params': '506589', 'name': 'resnet'}
    [mlflow] logged run 'resnet_CricketX'  (train_acc=1.0000 val_acc=0.8082 test_acc=0.7179 test_loss=1.0278)
[ 13/129] CricketX                     DONE  acc=0.7179 loss=1.0278 AOPCR=  1.777 NDCG=  n/a C= 12 T=  300 (28s)  [12 trained / 0 failed so far]
[ 14/129] CricketY
    stage 1/3: loading data ...
    stage 2/3: training on 317 series (val=73, C=12, T=300, batch=16) ...
    stage 3/3: scoring on 390 test series (accuracy + AOPCR) ...
    [mlflow] versioned model 'resnet__mil_resnet__mil_conjunctive' (id=m-81a2d02c21b34fcfb9f810e9ad4ae59d) params={'model_size_mb': '4.4165', 'n_model_params': '506589', 'name': 'resnet'}
    [mlflow] logged run 'resnet_CricketY'  (train_acc=0.9022 val_acc=0.7534 test_acc=0.6795 test_loss=0.9001)
[ 14/129] CricketY                     DONE  acc=0.6795 loss=0.9001 AOPCR=  1.945 NDCG=  n/a C= 12 T=  300 (11s)  [13 trained / 0 failed so far]
[ 15/129] CricketZ
    stage 1/3: loading data ...
    stage 2/3: training on 316 series (val=74, C=12, T=300, batch=16) ...
    stage 3/3: scoring on 390 test series (accuracy + AOPCR) ...
    [mlflow] versioned model 'resnet__mil_resnet__mil_conjunctive' (id=m-911f163b4fd14b75b63aadb577029e77) params={'model_size_mb': '4.4165', 'n_model_params': '506589', 'name': 'resnet'}
    [mlflow] logged run 'resnet_CricketZ'  (train_acc=0.9937 val_acc=0.7973 test_acc=0.7744 test_loss=0.7743)
[ 15/129] CricketZ                     DONE  acc=0.7744 loss=0.7743 AOPCR=  2.134 NDCG=  n/a C= 12 T=  300 (16s)  [14 trained / 0 failed so far]
[ 16/129] DiatomSizeReduction
    stage 1/3: loading data ...
    stage 2/3: training on 16 series (no val (train-loss early stop), C=4, T=345, batch=2) ...
    stage 3/3: scoring on 306 test series (accuracy + AOPCR) ...
    [mlflow] versioned model 'resnet__mil_resnet__mil_conjunctive' (id=m-67fdc507dde54c8b9181df267135120d) params={'model_size_mb': '4.4126', 'n_model_params': '505557', 'name': 'resnet'}
    [mlflow] logged run 'resnet_DiatomSizeReduction'  (train_acc=1.0000 test_acc=0.9510 test_loss=0.2285)
[ 16/129] DiatomSizeReduction          DONE  acc=0.9510 loss=0.2285 AOPCR=  0.667 NDCG=  n/a C=  4 T=  345 (8s)  [15 trained / 0 failed so far]
[ 17/129] DistalPhalanxOutlineAgeGroup
    stage 1/3: loading data ...
    stage 2/3: training on 321 series (val=79, C=3, T=80, batch=16) ...
    stage 3/3: scoring on 139 test series (accuracy + AOPCR) ...
    [mlflow] versioned model 'resnet__mil_resnet__mil_conjunctive' (id=m-f824fa792ef64041a4c874559d1755ca) params={'model_size_mb': '4.4121', 'n_model_params': '505428', 'name': 'resnet'}
    [mlflow] logged run 'resnet_DistalPhalanxOutlineAgeGroup'  (train_acc=0.8692 val_acc=0.8228 test_acc=0.7842 test_loss=0.5635)
[ 17/129] DistalPhalanxOutlineAgeGroup DONE  acc=0.7842 loss=0.5635 AOPCR=  0.876 NDCG=  n/a C=  3 T=   80 (10s)  [16 trained / 0 failed so far]
[ 18/129] DistalPhalanxOutlineCorrect
    stage 1/3: loading data ...
    stage 2/3: training on 481 series (val=119, C=2, T=80, batch=16) ...
    stage 3/3: scoring on 276 test series (accuracy + AOPCR) ...
    [mlflow] versioned model 'resnet__mil_resnet__mil_conjunctive' (id=m-a7046f7376b3476db996b73885849f32) params={'model_size_mb': '4.4116', 'n_model_params': '505299', 'name': 'resnet'}
    [mlflow] logged run 'resnet_DistalPhalanxOutlineCorrect'  (train_acc=0.8857 val_acc=0.8655 test_acc=0.7681 test_loss=0.4847)
[ 18/129] DistalPhalanxOutlineCorrect  DONE  acc=0.7681 loss=0.4847 AOPCR=  0.860 NDCG=  n/a C=  2 T=   80 (12s)  [17 trained / 0 failed so far]
[ 19/129] DistalPhalanxTW
    stage 1/3: loading data ...
    stage 2/3: training on 323 series (val=77, C=6, T=80, batch=16) ...
    stage 3/3: scoring on 139 test series (accuracy + AOPCR) ...
    [mlflow] versioned model 'resnet__mil_resnet__mil_conjunctive' (id=m-3868bc8fa62740b883a03d000d2d5036) params={'model_size_mb': '4.4136', 'n_model_params': '505815', 'name': 'resnet'}
    [mlflow] logged run 'resnet_DistalPhalanxTW'  (train_acc=0.8204 val_acc=0.8312 test_acc=0.6978 test_loss=0.7971)
[ 19/129] DistalPhalanxTW              DONE  acc=0.6978 loss=0.7971 AOPCR=  0.713 NDCG=  n/a C=  6 T=   80 (11s)  [18 trained / 0 failed so far]
[ 20/129] Earthquakes
    stage 1/3: loading data ...
    stage 2/3: training on 259 series (val=63, C=2, T=512, batch=16) ...
    stage 3/3: scoring on 139 test series (accuracy + AOPCR) ...
    [mlflow] versioned model 'resnet__mil_resnet__mil_conjunctive' (id=m-d89a5ec087924b90a2cc71cb27c25673) params={'model_size_mb': '4.4116', 'n_model_params': '505299', 'name': 'resnet'}
    [mlflow] logged run 'resnet_Earthquakes'  (train_acc=0.8417 val_acc=0.8254 test_acc=0.7410 test_loss=0.5331)
[ 20/129] Earthquakes                  DONE  acc=0.7410 loss=0.5331 AOPCR=  0.349 NDCG=  n/a C=  2 T=  512 (7s)  [19 trained / 0 failed so far]
[ 21/129] ECG200
    stage 1/3: loading data ...
    stage 2/3: training on 81 series (val=19, C=2, T=96, batch=8) ...
    stage 3/3: scoring on 100 test series (accuracy + AOPCR) ...
    [mlflow] versioned model 'resnet__mil_resnet__mil_conjunctive' (id=m-310b9d9281dd40a7b17db67e27e0a815) params={'model_size_mb': '4.4116', 'n_model_params': '505299', 'name': 'resnet'}
    [mlflow] logged run 'resnet_ECG200'  (train_acc=0.9259 val_acc=0.7895 test_acc=0.8300 test_loss=0.4162)
[ 21/129] ECG200                       DONE  acc=0.8300 loss=0.4162 AOPCR=  0.486 NDCG=  n/a C=  2 T=   96 (5s)  [20 trained / 0 failed so far]
[ 22/129] ECG5000
    stage 1/3: loading data ...
    stage 2/3: training on 401 series (val=99, C=5, T=140, batch=16) ...
    stage 3/3: scoring on 4500 test series (accuracy + AOPCR) ...
    [mlflow] versioned model 'resnet__mil_resnet__mil_conjunctive' (id=m-92ca8d4fb53d46faa69bdac01fa9426f) params={'model_size_mb': '4.4131', 'n_model_params': '505686', 'name': 'resnet'}
    [mlflow] logged run 'resnet_ECG5000'  (train_acc=0.9626 val_acc=0.9394 test_acc=0.9407 test_loss=0.2886)
[ 22/129] ECG5000                      DONE  acc=0.9407 loss=0.2886 AOPCR=  1.258 NDCG=  n/a C=  5 T=  140 (16s)  [21 trained / 0 failed so far]
[ 23/129] ECGFiveDays
    stage 1/3: loading data ...
    stage 2/3: training on 23 series (no val (train-loss early stop), C=2, T=136, batch=2) ...
    stage 3/3: scoring on 861 test series (accuracy + AOPCR) ...
    [mlflow] versioned model 'resnet__mil_resnet__mil_conjunctive' (id=m-ed2d353d2e0645059fe28b72f160b132) params={'model_size_mb': '4.4116', 'n_model_params': '505299', 'name': 'resnet'}
    [mlflow] logged run 'resnet_ECGFiveDays'  (train_acc=1.0000 test_acc=0.9570 test_loss=0.2070)
[ 23/129] ECGFiveDays                  DONE  acc=0.9570 loss=0.2070 AOPCR=  0.274 NDCG=  n/a C=  2 T=  136 (11s)  [22 trained / 0 failed so far]
[ 24/129] ElectricDevices
    stage 1/3: loading data ...
    stage 2/3: training on 7144 series (val=1782, C=7, T=96, batch=16) ...
    stage 3/3: scoring on 7711 test series (accuracy + AOPCR) ...
    [mlflow] versioned model 'resnet__mil_resnet__mil_conjunctive' (id=m-638a64c22af94344ac7ea9fdb883e6fe) params={'model_size_mb': '4.4141', 'n_model_params': '505944', 'name': 'resnet'}
    [mlflow] logged run 'resnet_ElectricDevices'  (train_acc=0.9257 val_acc=0.9085 test_acc=0.7497 test_loss=0.8319)
[ 24/129] ElectricDevices              DONE  acc=0.7497 loss=0.8319 AOPCR=  1.224 NDCG=  n/a C=  7 T=   96 (340s)  [23 trained / 0 failed so far]
[ 25/129] FaceAll
    stage 1/3: loading data ...
    stage 2/3: training on 448 series (val=112, C=14, T=131, batch=16) ...
    stage 3/3: scoring on 1690 test series (accuracy + AOPCR) ...
    [mlflow] versioned model 'resnet__mil_resnet__mil_conjunctive' (id=m-ff88d96854334c12bc4dc2d34397ba5b) params={'model_size_mb': '4.4175', 'n_model_params': '506847', 'name': 'resnet'}
    [mlflow] logged run 'resnet_FaceAll'  (train_acc=1.0000 val_acc=0.9732 test_acc=0.9219 test_loss=0.3952)
[ 25/129] FaceAll                      DONE  acc=0.9219 loss=0.3952 AOPCR=  1.230 NDCG=  n/a C= 14 T=  131 (19s)  [24 trained / 0 failed so far]
[ 26/129] FaceFour
    stage 1/3: loading data ...
    stage 2/3: training on 24 series (no val (train-loss early stop), C=4, T=350, batch=2) ...
    stage 3/3: scoring on 88 test series (accuracy + AOPCR) ...
    [mlflow] versioned model 'resnet__mil_resnet__mil_conjunctive' (id=m-de85d850513447809ea9934d3c4d587e) params={'model_size_mb': '4.4126', 'n_model_params': '505557', 'name': 'resnet'}
    [mlflow] logged run 'resnet_FaceFour'  (train_acc=1.0000 test_acc=0.9205 test_loss=0.4365)
[ 26/129] FaceFour                     DONE  acc=0.9205 loss=0.4365 AOPCR=  1.205 NDCG=  n/a C=  4 T=  350 (15s)  [25 trained / 0 failed so far]
[ 27/129] FacesUCR
    stage 1/3: loading data ...
    stage 2/3: training on 165 series (val=35, C=14, T=131, batch=16) ...
    stage 3/3: scoring on 2050 test series (accuracy + AOPCR) ...
    [mlflow] versioned model 'resnet__mil_resnet__mil_conjunctive' (id=m-5311ffa3d3984798ad65e53a8452e6af) params={'model_size_mb': '4.4175', 'n_model_params': '506847', 'name': 'resnet'}
    [mlflow] logged run 'resnet_FacesUCR'  (train_acc=1.0000 val_acc=0.9429 test_acc=0.9488 test_loss=0.4647)
[ 27/129] FacesUCR                     DONE  acc=0.9488 loss=0.4647 AOPCR=  0.952 NDCG=  n/a C= 14 T=  131 (16s)  [26 trained / 0 failed so far]
[ 28/129] FiftyWords
    stage 1/3: loading data ...
    stage 2/3: training on 365 series (val=85, C=50, T=270, batch=16) ...
    stage 3/3: scoring on 455 test series (accuracy + AOPCR) ...
    [mlflow] versioned model 'resnet__mil_resnet__mil_conjunctive' (id=m-b5ee56e817794b17a076fc38f602cfb4) params={'model_size_mb': '4.4353', 'n_model_params': '511491', 'name': 'resnet'}
    [mlflow] logged run 'resnet_FiftyWords'  (train_acc=1.0000 val_acc=0.6588 test_acc=0.6923 test_loss=1.2568)
[ 28/129] FiftyWords                   DONE  acc=0.6923 loss=1.2568 AOPCR=  2.392 NDCG=  n/a C= 50 T=  270 (34s)  [27 trained / 0 failed so far]
[ 29/129] Fish
    stage 1/3: loading data ...
    stage 2/3: training on 142 series (val=33, C=7, T=463, batch=14) ...
    stage 3/3: scoring on 175 test series (accuracy + AOPCR) ...
    [mlflow] versioned model 'resnet__mil_resnet__mil_conjunctive' (id=m-3a9633d79d2c44caa95c6f4ecdf77fc2) params={'model_size_mb': '4.4141', 'n_model_params': '505944', 'name': 'resnet'}
    [mlflow] logged run 'resnet_Fish'  (train_acc=1.0000 val_acc=0.9394 test_acc=0.9600 test_loss=0.5380)
[ 29/129] Fish                         DONE  acc=0.9600 loss=0.5380 AOPCR=  2.331 NDCG=  n/a C=  7 T=  463 (16s)  [28 trained / 0 failed so far]
[ 30/129] FordA
    stage 1/3: loading data ...
    stage 2/3: training on 2881 series (val=720, C=2, T=500, batch=16) ...
    stage 3/3: scoring on 1320 test series (accuracy + AOPCR) ...
    [mlflow] versioned model 'resnet__mil_resnet__mil_conjunctive' (id=m-6b57c500f60a4b9899884386fcf4e392) params={'model_size_mb': '4.4116', 'n_model_params': '505299', 'name': 'resnet'}
    [mlflow] logged run 'resnet_FordA'  (train_acc=0.9885 val_acc=0.9667 test_acc=0.9682 test_loss=0.1452)
[ 30/129] FordA                        DONE  acc=0.9682 loss=0.1452 AOPCR= -0.315 NDCG=  n/a C=  2 T=  500 (208s)  [29 trained / 0 failed so far]
[ 31/129] FordB
    stage 1/3: loading data ...
    stage 2/3: training on 2909 series (val=727, C=2, T=500, batch=16) ...
    stage 3/3: scoring on 810 test series (accuracy + AOPCR) ...
    [mlflow] versioned model 'resnet__mil_resnet__mil_conjunctive' (id=m-31c475069b65471aa58e52d7500f3e1b) params={'model_size_mb': '4.4116', 'n_model_params': '505299', 'name': 'resnet'}
    [mlflow] logged run 'resnet_FordB'  (train_acc=0.9773 val_acc=0.9574 test_acc=0.8358 test_loss=0.4063)
[ 31/129] FordB                        DONE  acc=0.8358 loss=0.4063 AOPCR=  0.180 NDCG=  n/a C=  2 T=  500 (124s)  [30 trained / 0 failed so far]
[ 32/129] GunPoint
    stage 1/3: loading data ...
    stage 2/3: training on 50 series (no val (train-loss early stop), C=2, T=150, batch=5) ...
    stage 3/3: scoring on 150 test series (accuracy + AOPCR) ...
    [mlflow] versioned model 'resnet__mil_resnet__mil_conjunctive' (id=m-c13d04eee7214493b2d58208b26b9649) params={'model_size_mb': '4.4116', 'n_model_params': '505299', 'name': 'resnet'}
    [mlflow] logged run 'resnet_GunPoint'  (train_acc=1.0000 test_acc=1.0000 test_loss=0.1145)
[ 32/129] GunPoint                     DONE  acc=1.0000 loss=0.1145 AOPCR=  0.482 NDCG=  n/a C=  2 T=  150 (10s)  [31 trained / 0 failed so far]
[ 33/129] Ham
    stage 1/3: loading data ...
    stage 2/3: training on 88 series (val=21, C=2, T=431, batch=8) ...
    stage 3/3: scoring on 105 test series (accuracy + AOPCR) ...
    [mlflow] versioned model 'resnet__mil_resnet__mil_conjunctive' (id=m-3cd17bd75ecb493a8d2c9a3d687b0038) params={'model_size_mb': '4.4116', 'n_model_params': '505299', 'name': 'resnet'}
    [mlflow] logged run 'resnet_Ham'  (train_acc=0.9886 val_acc=0.8571 test_acc=0.6857 test_loss=0.5785)
[ 33/129] Ham                          DONE  acc=0.6857 loss=0.5785 AOPCR=  1.587 NDCG=  n/a C=  2 T=  431 (8s)  [32 trained / 0 failed so far]
[ 34/129] HandOutlines
    stage 1/3: loading data ...
    stage 2/3: training on 801 series (val=199, C=2, T=2709, batch=16) ...
    stage 3/3: scoring on 370 test series (accuracy + AOPCR) ...
    [mlflow] versioned model 'resnet__mil_resnet__mil_conjunctive' (id=m-f884c6fb62d845c59ddd76080d54968a) params={'model_size_mb': '4.4116', 'n_model_params': '505299', 'name': 'resnet'}
    [mlflow] logged run 'resnet_HandOutlines'  (train_acc=0.9376 val_acc=0.8794 test_acc=0.9162 test_loss=0.2680)
[ 34/129] HandOutlines                 DONE  acc=0.9162 loss=0.2680 AOPCR=  1.337 NDCG=  n/a C=  2 T= 2709 (125s)  [33 trained / 0 failed so far]
[ 35/129] Haptics
    stage 1/3: loading data ...
    stage 2/3: training on 127 series (val=28, C=5, T=1092, batch=12) ...
    stage 3/3: scoring on 308 test series (accuracy + AOPCR) ...
    [mlflow] versioned model 'resnet__mil_resnet__mil_conjunctive' (id=m-7a98ea618e91465ca70f836f6923f785) params={'model_size_mb': '4.4131', 'n_model_params': '505686', 'name': 'resnet'}
    [mlflow] logged run 'resnet_Haptics'  (train_acc=0.6693 val_acc=0.6429 test_acc=0.4416 test_loss=1.4037)
[ 35/129] Haptics                      DONE  acc=0.4416 loss=1.4037 AOPCR=  2.006 NDCG=  n/a C=  5 T= 1092 (9s)  [34 trained / 0 failed so far]
[ 36/129] Herring
    stage 1/3: loading data ...
    stage 2/3: training on 64 series (no val (train-loss early stop), C=2, T=512, batch=6) ...
    stage 3/3: scoring on 64 test series (accuracy + AOPCR) ...
    [mlflow] versioned model 'resnet__mil_resnet__mil_conjunctive' (id=m-8a16ff61e66344228084ba4e75068865) params={'model_size_mb': '4.4116', 'n_model_params': '505299', 'name': 'resnet'}
    [mlflow] logged run 'resnet_Herring'  (train_acc=1.0000 test_acc=0.6719 test_loss=0.6849)
[ 36/129] Herring                      DONE  acc=0.6719 loss=0.6849 AOPCR=  3.180 NDCG=  n/a C=  2 T=  512 (22s)  [35 trained / 0 failed so far]
[ 37/129] InlineSkate
    stage 1/3: loading data ...
    stage 2/3: training on 84 series (val=16, C=7, T=1882, batch=8) ...
    stage 3/3: scoring on 550 test series (accuracy + AOPCR) ...
    [mlflow] versioned model 'resnet__mil_resnet__mil_conjunctive' (id=m-bed6d44d117240308e9d0b7930f889c1) params={'model_size_mb': '4.4141', 'n_model_params': '505944', 'name': 'resnet'}
    [mlflow] logged run 'resnet_InlineSkate'  (train_acc=0.7024 val_acc=0.6250 test_acc=0.3636 test_loss=1.7029)
[ 37/129] InlineSkate                  DONE  acc=0.3636 loss=1.7029 AOPCR=  1.981 NDCG=  n/a C=  7 T= 1882 (10s)  [36 trained / 0 failed so far]
[ 38/129] InsectWingbeatSound
    stage 1/3: loading data ...
    stage 2/3: training on 176 series (val=44, C=11, T=256, batch=16) ...
    stage 3/3: scoring on 1980 test series (accuracy + AOPCR) ...
    [mlflow] versioned model 'resnet__mil_resnet__mil_conjunctive' (id=m-058c9407ae8e469a8142bad48e596803) params={'model_size_mb': '4.416', 'n_model_params': '506460', 'name': 'resnet'}
    [mlflow] logged run 'resnet_InsectWingbeatSound'  (train_acc=0.7045 val_acc=0.4318 test_acc=0.4444 test_loss=1.6230)
[ 38/129] InsectWingbeatSound          DONE  acc=0.4444 loss=1.6230 AOPCR=  0.821 NDCG=  n/a C= 11 T=  256 (7s)  [37 trained / 0 failed so far]
[ 39/129] ItalyPowerDemand
    stage 1/3: loading data ...
    stage 2/3: training on 67 series (no val (train-loss early stop), C=2, T=24, batch=6) ...
    stage 3/3: scoring on 1029 test series (accuracy + AOPCR) ...
    [mlflow] versioned model 'resnet__mil_resnet__mil_conjunctive' (id=m-4e6532f67b534b6997e705b47ce9b0ec) params={'model_size_mb': '4.4116', 'n_model_params': '505299', 'name': 'resnet'}
    [mlflow] logged run 'resnet_ItalyPowerDemand'  (train_acc=1.0000 test_acc=0.9320 test_loss=0.1927)
[ 39/129] ItalyPowerDemand             DONE  acc=0.9320 loss=0.1927 AOPCR=  0.540 NDCG=  n/a C=  2 T=   24 (15s)  [38 trained / 0 failed so far]
[ 40/129] LargeKitchenAppliances
    stage 1/3: loading data ...
    stage 2/3: training on 300 series (val=75, C=3, T=720, batch=16) ...
    stage 3/3: scoring on 375 test series (accuracy + AOPCR) ...
    [mlflow] versioned model 'resnet__mil_resnet__mil_conjunctive' (id=m-0fcb664b47844c2ca4b1e276d380507a) params={'model_size_mb': '4.4121', 'n_model_params': '505428', 'name': 'resnet'}
    [mlflow] logged run 'resnet_LargeKitchenAppliances'  (train_acc=0.9967 val_acc=0.9733 test_acc=0.9120 test_loss=0.3635)
[ 40/129] LargeKitchenAppliances       DONE  acc=0.9120 loss=0.3635 AOPCR=  1.803 NDCG=  n/a C=  3 T=  720 (16s)  [39 trained / 0 failed so far]
[ 41/129] Lightning2
    stage 1/3: loading data ...
    stage 2/3: training on 60 series (no val (train-loss early stop), C=2, T=637, batch=6) ...
    stage 3/3: scoring on 61 test series (accuracy + AOPCR) ...
    [mlflow] versioned model 'resnet__mil_resnet__mil_conjunctive' (id=m-e8a26a0be5704e9cbdc6cdd9f824620e) params={'model_size_mb': '4.4116', 'n_model_params': '505299', 'name': 'resnet'}
    [mlflow] logged run 'resnet_Lightning2'  (train_acc=1.0000 test_acc=0.7377 test_loss=0.5245)
[ 41/129] Lightning2                   DONE  acc=0.7377 loss=0.5245 AOPCR=  1.668 NDCG=  n/a C=  2 T=  637 (13s)  [40 trained / 0 failed so far]
[ 42/129] Lightning7
    stage 1/3: loading data ...
    stage 2/3: training on 70 series (no val (train-loss early stop), C=7, T=319, batch=7) ...
    stage 3/3: scoring on 73 test series (accuracy + AOPCR) ...
    [mlflow] versioned model 'resnet__mil_resnet__mil_conjunctive' (id=m-03586630393c4fe7b599356f4e52a8a6) params={'model_size_mb': '4.4141', 'n_model_params': '505944', 'name': 'resnet'}
    [mlflow] logged run 'resnet_Lightning7'  (train_acc=1.0000 test_acc=0.8219 test_loss=0.6504)
[ 42/129] Lightning7                   DONE  acc=0.8219 loss=0.6504 AOPCR=  1.482 NDCG=  n/a C=  7 T=  319 (20s)  [41 trained / 0 failed so far]
[ 43/129] Mallat
    stage 1/3: loading data ...
    stage 2/3: training on 55 series (no val (train-loss early stop), C=8, T=1024, batch=5) ...
    stage 3/3: scoring on 2345 test series (accuracy + AOPCR) ...
    [mlflow] versioned model 'resnet__mil_resnet__mil_conjunctive' (id=m-189ed176d77e4cfcade39ce273000c45) params={'model_size_mb': '4.4146', 'n_model_params': '506073', 'name': 'resnet'}
    [mlflow] logged run 'resnet_Mallat'  (train_acc=0.9818 test_acc=0.9339 test_loss=0.3405)
[ 43/129] Mallat                       DONE  acc=0.9339 loss=0.3405 AOPCR=  2.993 NDCG=  n/a C=  8 T= 1024 (13s)  [42 trained / 0 failed so far]
[ 44/129] Meat
    stage 1/3: loading data ...
    stage 2/3: training on 60 series (no val (train-loss early stop), C=3, T=448, batch=6) ...
    stage 3/3: scoring on 60 test series (accuracy + AOPCR) ...
    [mlflow] versioned model 'resnet__mil_resnet__mil_conjunctive' (id=m-875bb725ebe742c9a306f2c5fa21aeaa) params={'model_size_mb': '4.4121', 'n_model_params': '505428', 'name': 'resnet'}
    [mlflow] logged run 'resnet_Meat'  (train_acc=0.9667 test_acc=0.8167 test_loss=0.4683)
[ 44/129] Meat                         DONE  acc=0.8167 loss=0.4683 AOPCR=  1.741 NDCG=  n/a C=  3 T=  448 (20s)  [43 trained / 0 failed so far]
[ 45/129] MedicalImages
    stage 1/3: loading data ...
    stage 2/3: training on 307 series (val=74, C=10, T=99, batch=16) ...
    stage 3/3: scoring on 760 test series (accuracy + AOPCR) ...
    [mlflow] versioned model 'resnet__mil_resnet__mil_conjunctive' (id=m-8d06bb1bd53b41d7a13272c0d34a4372) params={'model_size_mb': '4.4156', 'n_model_params': '506331', 'name': 'resnet'}
    [mlflow] logged run 'resnet_MedicalImages'  (train_acc=0.9446 val_acc=0.7568 test_acc=0.7618 test_loss=0.7019)
[ 45/129] MedicalImages                DONE  acc=0.7618 loss=0.7019 AOPCR=  0.989 NDCG=  n/a C= 10 T=   99 (21s)  [44 trained / 0 failed so far]
[ 46/129] MiddlePhalanxOutlineAgeGroup
    stage 1/3: loading data ...
    stage 2/3: training on 321 series (val=79, C=3, T=80, batch=16) ...
    stage 3/3: scoring on 154 test series (accuracy + AOPCR) ...
    [mlflow] versioned model 'resnet__mil_resnet__mil_conjunctive' (id=m-051c364658b64aaca75c0aa43743c6d1) params={'model_size_mb': '4.4121', 'n_model_params': '505428', 'name': 'resnet'}
    [mlflow] logged run 'resnet_MiddlePhalanxOutlineAgeGroup'  (train_acc=0.8193 val_acc=0.7975 test_acc=0.6558 test_loss=0.9001)
[ 46/129] MiddlePhalanxOutlineAgeGroup DONE  acc=0.6558 loss=0.9001 AOPCR=  1.253 NDCG=  n/a C=  3 T=   80 (9s)  [45 trained / 0 failed so far]
[ 47/129] MiddlePhalanxOutlineCorrect
    stage 1/3: loading data ...
    stage 2/3: training on 481 series (val=119, C=2, T=80, batch=16) ...
    stage 3/3: scoring on 291 test series (accuracy + AOPCR) ...
    [mlflow] versioned model 'resnet__mil_resnet__mil_conjunctive' (id=m-45d3832ffecb426fb467aa47069173da) params={'model_size_mb': '4.4116', 'n_model_params': '505299', 'name': 'resnet'}
    [mlflow] logged run 'resnet_MiddlePhalanxOutlineCorrect'  (train_acc=0.9044 val_acc=0.7983 test_acc=0.8041 test_loss=0.4463)
[ 47/129] MiddlePhalanxOutlineCorrect  DONE  acc=0.8041 loss=0.4463 AOPCR=  2.688 NDCG=  n/a C=  2 T=   80 (17s)  [46 trained / 0 failed so far]
[ 48/129] MiddlePhalanxTW
    stage 1/3: loading data ...
    stage 2/3: training on 321 series (val=78, C=6, T=80, batch=16) ...
    stage 3/3: scoring on 154 test series (accuracy + AOPCR) ...
    [mlflow] versioned model 'resnet__mil_resnet__mil_conjunctive' (id=m-af01f517bac64e52a053fc0604fa3dc1) params={'model_size_mb': '4.4136', 'n_model_params': '505815', 'name': 'resnet'}
    [mlflow] logged run 'resnet_MiddlePhalanxTW'  (train_acc=0.6604 val_acc=0.6410 test_acc=0.5714 test_loss=1.0633)
[ 48/129] MiddlePhalanxTW              DONE  acc=0.5714 loss=1.0633 AOPCR=  1.043 NDCG=  n/a C=  6 T=   80 (9s)  [47 trained / 0 failed so far]
[ 49/129] MoteStrain
    stage 1/3: loading data ...
    stage 2/3: training on 20 series (no val (train-loss early stop), C=2, T=84, batch=2) ...
    stage 3/3: scoring on 1252 test series (accuracy + AOPCR) ...
    [mlflow] versioned model 'resnet__mil_resnet__mil_conjunctive' (id=m-38d0a36582424681ab82a03346d16ab6) params={'model_size_mb': '4.4116', 'n_model_params': '505299', 'name': 'resnet'}
    [mlflow] logged run 'resnet_MoteStrain'  (train_acc=1.0000 test_acc=0.9058 test_loss=0.2734)
[ 49/129] MoteStrain                   DONE  acc=0.9058 loss=0.2734 AOPCR=  0.462 NDCG=  n/a C=  2 T=   84 (8s)  [48 trained / 0 failed so far]
[ 50/129] NonInvasiveFetalECGThorax1
    stage 1/3: loading data ...
    stage 2/3: training on 1452 series (val=348, C=42, T=750, batch=16) ...
    stage 3/3: scoring on 1965 test series (accuracy + AOPCR) ...
    [mlflow] versioned model 'resnet__mil_resnet__mil_conjunctive' (id=m-7bb04ad98ae44ac5bc68dff10df2b741) params={'model_size_mb': '4.4313', 'n_model_params': '510459', 'name': 'resnet'}
    [mlflow] logged run 'resnet_NonInvasiveFetalECGThorax1'  (train_acc=0.9883 val_acc=0.9368 test_acc=0.9394 test_loss=0.4241)
[ 50/129] NonInvasiveFetalECGThorax1   DONE  acc=0.9394 loss=0.4241 AOPCR=  8.514 NDCG=  n/a C= 42 T=  750 (131s)  [49 trained / 0 failed so far]
[ 51/129] NonInvasiveFetalECGThorax2
    stage 1/3: loading data ...
    stage 2/3: training on 1452 series (val=348, C=42, T=750, batch=16) ...
    stage 3/3: scoring on 1965 test series (accuracy + AOPCR) ...
    [mlflow] versioned model 'resnet__mil_resnet__mil_conjunctive' (id=m-08cadd93d0394fdf912c311648bc6986) params={'model_size_mb': '4.4313', 'n_model_params': '510459', 'name': 'resnet'}
    [mlflow] logged run 'resnet_NonInvasiveFetalECGThorax2'  (train_acc=0.9876 val_acc=0.9339 test_acc=0.9272 test_loss=0.3649)
[ 51/129] NonInvasiveFetalECGThorax2   DONE  acc=0.9272 loss=0.3649 AOPCR=  3.774 NDCG=  n/a C= 42 T=  750 (108s)  [50 trained / 0 failed so far]
[ 52/129] OliveOil
    stage 1/3: loading data ...
    stage 2/3: training on 30 series (no val (train-loss early stop), C=4, T=570, batch=3) ...
    stage 3/3: scoring on 30 test series (accuracy + AOPCR) ...
    [mlflow] versioned model 'resnet__mil_resnet__mil_conjunctive' (id=m-7a20d5c960144af6a3ea0144080cff99) params={'model_size_mb': '4.4126', 'n_model_params': '505557', 'name': 'resnet'}
    [mlflow] logged run 'resnet_OliveOil'  (train_acc=0.4333 test_acc=0.4000 test_loss=1.2964)
[ 52/129] OliveOil                     DONE  acc=0.4000 loss=1.2964 AOPCR=  0.369 NDCG=  n/a C=  4 T=  570 (7s)  [51 trained / 0 failed so far]
[ 53/129] OSULeaf
    stage 1/3: loading data ...
    stage 2/3: training on 163 series (val=37, C=6, T=427, batch=16) ...
    stage 3/3: scoring on 242 test series (accuracy + AOPCR) ...
    [mlflow] versioned model 'resnet__mil_resnet__mil_conjunctive' (id=m-3ef4514663fa4982984ef29560dcf41c) params={'model_size_mb': '4.4136', 'n_model_params': '505815', 'name': 'resnet'}
    [mlflow] logged run 'resnet_OSULeaf'  (train_acc=1.0000 val_acc=1.0000 test_acc=0.9752 test_loss=0.2542)
[ 53/129] OSULeaf                      DONE  acc=0.9752 loss=0.2542 AOPCR=  2.561 NDCG=  n/a C=  6 T=  427 (8s)  [52 trained / 0 failed so far]
[ 54/129] PhalangesOutlinesCorrect
    stage 1/3: loading data ...
    stage 2/3: training on 1441 series (val=359, C=2, T=80, batch=16) ...
    stage 3/3: scoring on 858 test series (accuracy + AOPCR) ...
    [mlflow] versioned model 'resnet__mil_resnet__mil_conjunctive' (id=m-28a33cdc25c04a2a8c6fce45cba24363) params={'model_size_mb': '4.4116', 'n_model_params': '505299', 'name': 'resnet'}
    [mlflow] logged run 'resnet_PhalangesOutlinesCorrect'  (train_acc=0.9209 val_acc=0.8635 test_acc=0.8030 test_loss=0.4399)
[ 54/129] PhalangesOutlinesCorrect     DONE  acc=0.8030 loss=0.4399 AOPCR= -0.319 NDCG=  n/a C=  2 T=   80 (69s)  [53 trained / 0 failed so far]
[ 55/129] Phoneme
    stage 1/3: loading data ...
    stage 2/3: training on 171 series (val=43, C=39, T=1024, batch=16) ...
    stage 3/3: scoring on 1896 test series (accuracy + AOPCR) ...
    [mlflow] versioned model 'resnet__mil_resnet__mil_conjunctive' (id=m-f7f2a3bdf0cd486b83a11cd4a5ac55ec) params={'model_size_mb': '4.4298', 'n_model_params': '510072', 'name': 'resnet'}
    [mlflow] logged run 'resnet_Phoneme'  (train_acc=0.3158 val_acc=0.2093 test_acc=0.2400 test_loss=2.7608)
[ 55/129] Phoneme                      DONE  acc=0.2400 loss=2.7608 AOPCR=  0.642 NDCG=  n/a C= 39 T= 1024 (4s)  [54 trained / 0 failed so far]
[ 56/129] Plane
    stage 1/3: loading data ...
    stage 2/3: training on 87 series (val=18, C=7, T=144, batch=8) ...
    stage 3/3: scoring on 105 test series (accuracy + AOPCR) ...
    [mlflow] versioned model 'resnet__mil_resnet__mil_conjunctive' (id=m-c17e649994c2484bb265008aab8de6a4) params={'model_size_mb': '4.4141', 'n_model_params': '505944', 'name': 'resnet'}
    [mlflow] logged run 'resnet_Plane'  (train_acc=1.0000 val_acc=1.0000 test_acc=1.0000 test_loss=0.1076)
[ 56/129] Plane                        DONE  acc=1.0000 loss=0.1076 AOPCR=  0.262 NDCG=  n/a C=  7 T=  144 (11s)  [55 trained / 0 failed so far]
[ 57/129] ProximalPhalanxOutlineAgeGroup
    stage 1/3: loading data ...
    stage 2/3: training on 322 series (val=78, C=3, T=80, batch=16) ...
    stage 3/3: scoring on 205 test series (accuracy + AOPCR) ...
    [mlflow] versioned model 'resnet__mil_resnet__mil_conjunctive' (id=m-6393ebfd4b0847fc90d8062f157a5b88) params={'model_size_mb': '4.4121', 'n_model_params': '505428', 'name': 'resnet'}
    [mlflow] logged run 'resnet_ProximalPhalanxOutlineAgeGroup'  (train_acc=0.9099 val_acc=0.8462 test_acc=0.8683 test_loss=0.4199)
[ 57/129] ProximalPhalanxOutlineAgeGroup DONE  acc=0.8683 loss=0.4199 AOPCR=  0.915 NDCG=  n/a C=  3 T=   80 (13s)  [56 trained / 0 failed so far]
[ 58/129] ProximalPhalanxOutlineCorrect
    stage 1/3: loading data ...
    stage 2/3: training on 481 series (val=119, C=2, T=80, batch=16) ...
    stage 3/3: scoring on 291 test series (accuracy + AOPCR) ...
    [mlflow] versioned model 'resnet__mil_resnet__mil_conjunctive' (id=m-7c18c093d2544431b5cf4ee6917483dd) params={'model_size_mb': '4.4116', 'n_model_params': '505299', 'name': 'resnet'}
    [mlflow] logged run 'resnet_ProximalPhalanxOutlineCorrect'  (train_acc=0.8919 val_acc=0.9076 test_acc=0.8832 test_loss=0.3356)
[ 58/129] ProximalPhalanxOutlineCorrect DONE  acc=0.8832 loss=0.3356 AOPCR= -1.348 NDCG=  n/a C=  2 T=   80 (17s)  [57 trained / 0 failed so far]
[ 59/129] ProximalPhalanxTW
    stage 1/3: loading data ...
    stage 2/3: training on 322 series (val=78, C=6, T=80, batch=16) ...
    stage 3/3: scoring on 205 test series (accuracy + AOPCR) ...
    [mlflow] versioned model 'resnet__mil_resnet__mil_conjunctive' (id=m-ddb7b690390a410494137813120dfe8e) params={'model_size_mb': '4.4136', 'n_model_params': '505815', 'name': 'resnet'}
    [mlflow] logged run 'resnet_ProximalPhalanxTW'  (train_acc=0.8727 val_acc=0.8462 test_acc=0.7951 test_loss=0.5609)
[ 59/129] ProximalPhalanxTW            DONE  acc=0.7951 loss=0.5609 AOPCR= -0.644 NDCG=  n/a C=  6 T=   80 (14s)  [58 trained / 0 failed so far]
[ 60/129] RefrigerationDevices
    stage 1/3: loading data ...
    stage 2/3: training on 300 series (val=75, C=3, T=720, batch=16) ...
    stage 3/3: scoring on 375 test series (accuracy + AOPCR) ...
    [mlflow] versioned model 'resnet__mil_resnet__mil_conjunctive' (id=m-cec7afb1651f42d6ab1af6de497e065b) params={'model_size_mb': '4.4121', 'n_model_params': '505428', 'name': 'resnet'}
    [mlflow] logged run 'resnet_RefrigerationDevices'  (train_acc=0.8967 val_acc=0.8133 test_acc=0.4907 test_loss=1.4154)
[ 60/129] RefrigerationDevices         DONE  acc=0.4907 loss=1.4154 AOPCR=  0.862 NDCG=  n/a C=  3 T=  720 (21s)  [59 trained / 0 failed so far]
[ 61/129] ScreenType
    stage 1/3: loading data ...
    stage 2/3: training on 300 series (val=75, C=3, T=720, batch=16) ...
    stage 3/3: scoring on 375 test series (accuracy + AOPCR) ...
    [mlflow] versioned model 'resnet__mil_resnet__mil_conjunctive' (id=m-6477b6cf33334beaaa42c7408cfdecff) params={'model_size_mb': '4.4121', 'n_model_params': '505428', 'name': 'resnet'}
    [mlflow] logged run 'resnet_ScreenType'  (train_acc=0.8633 val_acc=0.6800 test_acc=0.5600 test_loss=0.9932)
[ 61/129] ScreenType                   DONE  acc=0.5600 loss=0.9932 AOPCR=  1.071 NDCG=  n/a C=  3 T=  720 (15s)  [60 trained / 0 failed so far]
[ 62/129] ShapeletSim
    stage 1/3: loading data ...
    stage 2/3: training on 20 series (no val (train-loss early stop), C=2, T=500, batch=2) ...
    stage 3/3: scoring on 180 test series (accuracy + AOPCR) ...
    [mlflow] versioned model 'resnet__mil_resnet__mil_conjunctive' (id=m-eb8799f417704804afd5722c1b894c60) params={'model_size_mb': '4.4116', 'n_model_params': '505299', 'name': 'resnet'}
    [mlflow] logged run 'resnet_ShapeletSim'  (train_acc=1.0000 test_acc=1.0000 test_loss=0.1201)
[ 62/129] ShapeletSim                  DONE  acc=1.0000 loss=0.1201 AOPCR=  1.181 NDCG=  n/a C=  2 T=  500 (5s)  [61 trained / 0 failed so far]
[ 63/129] ShapesAll
    stage 1/3: loading data ...
    stage 2/3: training on 480 series (val=120, C=60, T=512, batch=16) ...
    stage 3/3: scoring on 600 test series (accuracy + AOPCR) ...
    [mlflow] versioned model 'resnet__mil_resnet__mil_conjunctive' (id=m-097bfacba7b34d6c8e6e9d0cfe6db096) params={'model_size_mb': '4.4401', 'n_model_params': '512781', 'name': 'resnet'}
    [mlflow] logged run 'resnet_ShapesAll'  (train_acc=0.9854 val_acc=0.9167 test_acc=0.8550 test_loss=0.7309)
[ 63/129] ShapesAll                    DONE  acc=0.8550 loss=0.7309 AOPCR=  3.824 NDCG=  n/a C= 60 T=  512 (31s)  [62 trained / 0 failed so far]
[ 64/129] SmallKitchenAppliances
    stage 1/3: loading data ...
    stage 2/3: training on 300 series (val=75, C=3, T=720, batch=16) ...
    stage 3/3: scoring on 375 test series (accuracy + AOPCR) ...
    [mlflow] versioned model 'resnet__mil_resnet__mil_conjunctive' (id=m-57d9e61878b04e52b52295f05a85467d) params={'model_size_mb': '4.4121', 'n_model_params': '505428', 'name': 'resnet'}
    [mlflow] logged run 'resnet_SmallKitchenAppliances'  (train_acc=0.8933 val_acc=0.7733 test_acc=0.7973 test_loss=0.5896)
[ 64/129] SmallKitchenAppliances       DONE  acc=0.7973 loss=0.5896 AOPCR=  0.896 NDCG=  n/a C=  3 T=  720 (11s)  [63 trained / 0 failed so far]
[ 65/129] SonyAIBORobotSurface1
    stage 1/3: loading data ...
    stage 2/3: training on 20 series (no val (train-loss early stop), C=2, T=70, batch=2) ...
    stage 3/3: scoring on 601 test series (accuracy + AOPCR) ...
    [mlflow] versioned model 'resnet__mil_resnet__mil_conjunctive' (id=m-bcf829a6be3d4a83a3fd7bc09bd54dba) params={'model_size_mb': '4.4116', 'n_model_params': '505299', 'name': 'resnet'}
    [mlflow] logged run 'resnet_SonyAIBORobotSurface1'  (train_acc=1.0000 test_acc=0.9767 test_loss=0.1698)
[ 65/129] SonyAIBORobotSurface1        DONE  acc=0.9767 loss=0.1698 AOPCR=  0.633 NDCG=  n/a C=  2 T=   70 (5s)  [64 trained / 0 failed so far]
[ 66/129] SonyAIBORobotSurface2
    stage 1/3: loading data ...
    stage 2/3: training on 27 series (no val (train-loss early stop), C=2, T=65, batch=2) ...
    stage 3/3: scoring on 953 test series (accuracy + AOPCR) ...
    [mlflow] versioned model 'resnet__mil_resnet__mil_conjunctive' (id=m-f98ecb6a3220410694a55a45ac890fe9) params={'model_size_mb': '4.4116', 'n_model_params': '505299', 'name': 'resnet'}
    [mlflow] logged run 'resnet_SonyAIBORobotSurface2'  (train_acc=1.0000 test_acc=0.9591 test_loss=0.1918)
[ 66/129] SonyAIBORobotSurface2        DONE  acc=0.9591 loss=0.1918 AOPCR=  0.349 NDCG=  n/a C=  2 T=   65 (7s)  [65 trained / 0 failed so far]
[ 67/129] StarLightCurves
    stage 1/3: loading data ...
    stage 2/3: training on 801 series (val=199, C=3, T=1024, batch=16) ...
    stage 3/3: scoring on 8236 test series (accuracy + AOPCR) ...
    [mlflow] versioned model 'resnet__mil_resnet__mil_conjunctive' (id=m-7963e1d344ed48d5ac811fe0537d0045) params={'model_size_mb': '4.4121', 'n_model_params': '505428', 'name': 'resnet'}
    [mlflow] logged run 'resnet_StarLightCurves'  (train_acc=0.9788 val_acc=0.9849 test_acc=0.9751 test_loss=0.1836)
[ 67/129] StarLightCurves              DONE  acc=0.9751 loss=0.1836 AOPCR=  2.831 NDCG=  n/a C=  3 T= 1024 (45s)  [66 trained / 0 failed so far]
[ 68/129] Strawberry
    stage 1/3: loading data ...
    stage 2/3: training on 492 series (val=121, C=2, T=235, batch=16) ...
    stage 3/3: scoring on 370 test series (accuracy + AOPCR) ...
    [mlflow] versioned model 'resnet__mil_resnet__mil_conjunctive' (id=m-80f916da7f7e4e74b5be8029f3a660ca) params={'model_size_mb': '4.4116', 'n_model_params': '505299', 'name': 'resnet'}
    [mlflow] logged run 'resnet_Strawberry'  (train_acc=0.9756 val_acc=0.9835 test_acc=0.9405 test_loss=0.2038)
[ 68/129] Strawberry                   DONE  acc=0.9405 loss=0.2038 AOPCR=  1.246 NDCG=  n/a C=  2 T=  235 (23s)  [67 trained / 0 failed so far]
[ 69/129] SwedishLeaf
    stage 1/3: loading data ...
    stage 2/3: training on 405 series (val=95, C=15, T=128, batch=16) ...
    stage 3/3: scoring on 625 test series (accuracy + AOPCR) ...
    [mlflow] versioned model 'resnet__mil_resnet__mil_conjunctive' (id=m-44264f2738824fbd8013daf9d5af59ad) params={'model_size_mb': '4.418', 'n_model_params': '506976', 'name': 'resnet'}
    [mlflow] logged run 'resnet_SwedishLeaf'  (train_acc=1.0000 val_acc=0.9789 test_acc=0.9728 test_loss=0.2450)
[ 69/129] SwedishLeaf                  DONE  acc=0.9728 loss=0.2450 AOPCR=  0.890 NDCG=  n/a C= 15 T=  128 (27s)  [68 trained / 0 failed so far]
[ 70/129] Symbols
    stage 1/3: loading data ...
    stage 2/3: training on 25 series (no val (train-loss early stop), C=6, T=398, batch=2) ...
    stage 3/3: scoring on 995 test series (accuracy + AOPCR) ...
    [mlflow] versioned model 'resnet__mil_resnet__mil_conjunctive' (id=m-4d7098a4fa97449d93a377bed810a4db) params={'model_size_mb': '4.4136', 'n_model_params': '505815', 'name': 'resnet'}
    [mlflow] logged run 'resnet_Symbols'  (train_acc=1.0000 test_acc=0.9216 test_loss=0.4182)
[ 70/129] Symbols                      DONE  acc=0.9216 loss=0.4182 AOPCR=  1.308 NDCG=  n/a C=  6 T=  398 (13s)  [69 trained / 0 failed so far]
[ 71/129] SyntheticControl
    stage 1/3: loading data ...
    stage 2/3: training on 240 series (val=60, C=6, T=60, batch=16) ...
    stage 3/3: scoring on 300 test series (accuracy + AOPCR) ...
    [mlflow] versioned model 'resnet__mil_resnet__mil_conjunctive' (id=m-918824291e5648bbbf834c3cf9d37d86) params={'model_size_mb': '4.4136', 'n_model_params': '505815', 'name': 'resnet'}
    [mlflow] logged run 'resnet_SyntheticControl'  (train_acc=1.0000 val_acc=1.0000 test_acc=1.0000 test_loss=0.1506)
[ 71/129] SyntheticControl             DONE  acc=1.0000 loss=0.1506 AOPCR=  0.753 NDCG=  n/a C=  6 T=   60 (11s)  [70 trained / 0 failed so far]
[ 72/129] ToeSegmentation1
    stage 1/3: loading data ...
    stage 2/3: training on 40 series (no val (train-loss early stop), C=2, T=277, batch=4) ...
    stage 3/3: scoring on 228 test series (accuracy + AOPCR) ...
    [mlflow] versioned model 'resnet__mil_resnet__mil_conjunctive' (id=m-90de347866374eb3bf57acb1b535624d) params={'model_size_mb': '4.4116', 'n_model_params': '505299', 'name': 'resnet'}
    [mlflow] logged run 'resnet_ToeSegmentation1'  (train_acc=1.0000 test_acc=0.9518 test_loss=0.1667)
[ 72/129] ToeSegmentation1             DONE  acc=0.9518 loss=0.1667 AOPCR=  0.643 NDCG=  n/a C=  2 T=  277 (7s)  [71 trained / 0 failed so far]
[ 73/129] ToeSegmentation2
    stage 1/3: loading data ...
    stage 2/3: training on 36 series (no val (train-loss early stop), C=2, T=343, batch=3) ...
    stage 3/3: scoring on 130 test series (accuracy + AOPCR) ...
    [mlflow] versioned model 'resnet__mil_resnet__mil_conjunctive' (id=m-047d98d1d7e24e9db9829ca1d80e4ac2) params={'model_size_mb': '4.4116', 'n_model_params': '505299', 'name': 'resnet'}
    [mlflow] logged run 'resnet_ToeSegmentation2'  (train_acc=1.0000 test_acc=0.9615 test_loss=0.2097)
[ 73/129] ToeSegmentation2             DONE  acc=0.9615 loss=0.2097 AOPCR=  1.144 NDCG=  n/a C=  2 T=  343 (11s)  [72 trained / 0 failed so far]
[ 74/129] Trace
    stage 1/3: loading data ...
    stage 2/3: training on 81 series (val=19, C=4, T=275, batch=8) ...
    stage 3/3: scoring on 100 test series (accuracy + AOPCR) ...
    [mlflow] versioned model 'resnet__mil_resnet__mil_conjunctive' (id=m-766993073d584b94828039f3e5e9e82f) params={'model_size_mb': '4.4126', 'n_model_params': '505557', 'name': 'resnet'}
    [mlflow] logged run 'resnet_Trace'  (train_acc=1.0000 val_acc=1.0000 test_acc=1.0000 test_loss=0.1244)
[ 74/129] Trace                        DONE  acc=1.0000 loss=0.1244 AOPCR=  2.239 NDCG=  n/a C=  4 T=  275 (13s)  [73 trained / 0 failed so far]
[ 75/129] TwoLeadECG
    stage 1/3: loading data ...
    stage 2/3: training on 23 series (no val (train-loss early stop), C=2, T=82, batch=2) ...
    stage 3/3: scoring on 1139 test series (accuracy + AOPCR) ...
    [mlflow] versioned model 'resnet__mil_resnet__mil_conjunctive' (id=m-fc56b997f4314114b645b172340841f5) params={'model_size_mb': '4.4116', 'n_model_params': '505299', 'name': 'resnet'}
    [mlflow] logged run 'resnet_TwoLeadECG'  (train_acc=1.0000 test_acc=0.9982 test_loss=0.0913)
[ 75/129] TwoLeadECG                   DONE  acc=0.9982 loss=0.0913 AOPCR=  0.827 NDCG=  n/a C=  2 T=   82 (10s)  [74 trained / 0 failed so far]
[ 76/129] TwoPatterns
    stage 1/3: loading data ...
    stage 2/3: training on 801 series (val=199, C=4, T=128, batch=16) ...
    stage 3/3: scoring on 4000 test series (accuracy + AOPCR) ...
    [mlflow] versioned model 'resnet__mil_resnet__mil_conjunctive' (id=m-eca38b82fbf649d798fe97fc1f882a39) params={'model_size_mb': '4.4126', 'n_model_params': '505557', 'name': 'resnet'}
    [mlflow] logged run 'resnet_TwoPatterns'  (train_acc=1.0000 val_acc=1.0000 test_acc=0.9995 test_loss=0.1300)
[ 76/129] TwoPatterns                  DONE  acc=0.9995 loss=0.1300 AOPCR=  2.881 NDCG=  n/a C=  4 T=  128 (83s)  [75 trained / 0 failed so far]
[ 77/129] UWaveGestureLibraryAll
    stage 1/3: loading data ...
    stage 2/3: training on 719 series (val=177, C=8, T=945, batch=16) ...
    stage 3/3: scoring on 3582 test series (accuracy + AOPCR) ...
    [mlflow] versioned model 'resnet__mil_resnet__mil_conjunctive' (id=m-a1b49e614e6d44299372c1a13dcbecf3) params={'model_size_mb': '4.4146', 'n_model_params': '506073', 'name': 'resnet'}
    [mlflow] logged run 'resnet_UWaveGestureLibraryAll'  (train_acc=0.9958 val_acc=0.8870 test_acc=0.8950 test_loss=0.4822)
[ 77/129] UWaveGestureLibraryAll       DONE  acc=0.8950 loss=0.4822 AOPCR=  2.453 NDCG=  n/a C=  8 T=  945 (57s)  [76 trained / 0 failed so far]
[ 78/129] UWaveGestureLibraryX
    stage 1/3: loading data ...
    stage 2/3: training on 719 series (val=177, C=8, T=315, batch=16) ...
    stage 3/3: scoring on 3582 test series (accuracy + AOPCR) ...
    [mlflow] versioned model 'resnet__mil_resnet__mil_conjunctive' (id=m-eeeb349a69aa4573bbf6732a272b79e9) params={'model_size_mb': '4.4146', 'n_model_params': '506073', 'name': 'resnet'}
    [mlflow] logged run 'resnet_UWaveGestureLibraryX'  (train_acc=0.9138 val_acc=0.7853 test_acc=0.7859 test_loss=0.6770)
[ 78/129] UWaveGestureLibraryX         DONE  acc=0.7859 loss=0.6770 AOPCR=  1.777 NDCG=  n/a C=  8 T=  315 (40s)  [77 trained / 0 failed so far]
[ 79/129] UWaveGestureLibraryY
    stage 1/3: loading data ...
    stage 2/3: training on 719 series (val=177, C=8, T=315, batch=16) ...
    stage 3/3: scoring on 3582 test series (accuracy + AOPCR) ...
    [mlflow] versioned model 'resnet__mil_resnet__mil_conjunctive' (id=m-bae3d13917ea4a96a2c9f969bbe946b1) params={'model_size_mb': '4.4146', 'n_model_params': '506073', 'name': 'resnet'}
    [mlflow] logged run 'resnet_UWaveGestureLibraryY'  (train_acc=0.9416 val_acc=0.7232 test_acc=0.7225 test_loss=0.8319)
[ 79/129] UWaveGestureLibraryY         DONE  acc=0.7225 loss=0.8319 AOPCR=  1.665 NDCG=  n/a C=  8 T=  315 (49s)  [78 trained / 0 failed so far]
[ 80/129] UWaveGestureLibraryZ
    stage 1/3: loading data ...
    stage 2/3: training on 719 series (val=177, C=8, T=315, batch=16) ...
    stage 3/3: scoring on 3582 test series (accuracy + AOPCR) ...
    [mlflow] versioned model 'resnet__mil_resnet__mil_conjunctive' (id=m-3bb8e90f72e84a29932da70656a790ff) params={'model_size_mb': '4.4146', 'n_model_params': '506073', 'name': 'resnet'}
    [mlflow] logged run 'resnet_UWaveGestureLibraryZ'  (train_acc=0.9179 val_acc=0.7345 test_acc=0.7535 test_loss=0.7003)
[ 80/129] UWaveGestureLibraryZ         DONE  acc=0.7535 loss=0.7003 AOPCR=  1.699 NDCG=  n/a C=  8 T=  315 (39s)  [79 trained / 0 failed so far]
[ 81/129] Wafer
    stage 1/3: loading data ...
    stage 2/3: training on 801 series (val=199, C=2, T=152, batch=16) ...
    stage 3/3: scoring on 6164 test series (accuracy + AOPCR) ...
    [mlflow] versioned model 'resnet__mil_resnet__mil_conjunctive' (id=m-e66139e49e354c22a57883224f7c4449) params={'model_size_mb': '4.4116', 'n_model_params': '505299', 'name': 'resnet'}
    [mlflow] logged run 'resnet_Wafer'  (train_acc=1.0000 val_acc=1.0000 test_acc=0.9979 test_loss=0.0773)
[ 81/129] Wafer                        DONE  acc=0.9979 loss=0.0773 AOPCR=  0.749 NDCG=  n/a C=  2 T=  152 (46s)  [80 trained / 0 failed so far]
[ 82/129] Wine
    stage 1/3: loading data ...
    stage 2/3: training on 57 series (no val (train-loss early stop), C=2, T=234, batch=5) ...
    stage 3/3: scoring on 54 test series (accuracy + AOPCR) ...
    [mlflow] versioned model 'resnet__mil_resnet__mil_conjunctive' (id=m-3ce2384c8ef940f8ae64b9a89114088f) params={'model_size_mb': '4.4116', 'n_model_params': '505299', 'name': 'resnet'}
    [mlflow] logged run 'resnet_Wine'  (train_acc=0.5263 test_acc=0.5000 test_loss=0.6936)
[ 82/129] Wine                         DONE  acc=0.5000 loss=0.6936 AOPCR=  0.053 NDCG=  n/a C=  2 T=  234 (6s)  [81 trained / 0 failed so far]
[ 83/129] WordSynonyms
    stage 1/3: loading data ...
    stage 2/3: training on 217 series (val=50, C=25, T=270, batch=16) ...
    stage 3/3: scoring on 638 test series (accuracy + AOPCR) ...
    [mlflow] versioned model 'resnet__mil_resnet__mil_conjunctive' (id=m-c4fd86f1c57c4c80912b684ed74a33c4) params={'model_size_mb': '4.4229', 'n_model_params': '508266', 'name': 'resnet'}
    [mlflow] logged run 'resnet_WordSynonyms'  (train_acc=0.9908 val_acc=0.5800 test_acc=0.5376 test_loss=1.7085)
[ 83/129] WordSynonyms                 DONE  acc=0.5376 loss=1.7085 AOPCR=  2.094 NDCG=  n/a C= 25 T=  270 (17s)  [82 trained / 0 failed so far]
[ 84/129] Worms
    stage 1/3: loading data ...
    stage 2/3: training on 146 series (val=35, C=5, T=900, batch=14) ...
    stage 3/3: scoring on 77 test series (accuracy + AOPCR) ...
    [mlflow] versioned model 'resnet__mil_resnet__mil_conjunctive' (id=m-be98acba41da451a882c113960ebdff6) params={'model_size_mb': '4.4131', 'n_model_params': '505686', 'name': 'resnet'}
    [mlflow] logged run 'resnet_Worms'  (train_acc=0.8630 val_acc=0.6571 test_acc=0.7403 test_loss=0.8331)
[ 84/129] Worms                        DONE  acc=0.7403 loss=0.8331 AOPCR=  1.631 NDCG=  n/a C=  5 T=  900 (10s)  [83 trained / 0 failed so far]
[ 85/129] WormsTwoClass
    stage 1/3: loading data ...
    stage 2/3: training on 145 series (val=36, C=2, T=900, batch=14) ...
    stage 3/3: scoring on 77 test series (accuracy + AOPCR) ...
    [mlflow] versioned model 'resnet__mil_resnet__mil_conjunctive' (id=m-f3bc73c4fb6c4dc3a9b0ade60d3bdef3) params={'model_size_mb': '4.4116', 'n_model_params': '505299', 'name': 'resnet'}
    [mlflow] logged run 'resnet_WormsTwoClass'  (train_acc=0.9862 val_acc=0.7778 test_acc=0.7532 test_loss=0.5183)
[ 85/129] WormsTwoClass                DONE  acc=0.7532 loss=0.5183 AOPCR=  1.285 NDCG=  n/a C=  2 T=  900 (14s)  [84 trained / 0 failed so far]
[ 86/129] Yoga
    stage 1/3: loading data ...
    stage 2/3: training on 241 series (val=59, C=2, T=426, batch=16) ...
    stage 3/3: scoring on 3000 test series (accuracy + AOPCR) ...
    [mlflow] versioned model 'resnet__mil_resnet__mil_conjunctive' (id=m-1be793e1a7c04b3d8397bebc538360ed) params={'model_size_mb': '4.4116', 'n_model_params': '505299', 'name': 'resnet'}
    [mlflow] logged run 'resnet_Yoga'  (train_acc=0.8174 val_acc=0.7458 test_acc=0.7203 test_loss=0.5544)
[ 86/129] Yoga                         DONE  acc=0.7203 loss=0.5544 AOPCR=  1.144 NDCG=  n/a C=  2 T=  426 (14s)  [85 trained / 0 failed so far]
[ 87/129] ACSF1
    stage 1/3: loading data ...
    stage 2/3: training on 80 series (val=20, C=10, T=1460, batch=8) ...
    stage 3/3: scoring on 100 test series (accuracy + AOPCR) ...
    [mlflow] versioned model 'resnet__mil_resnet__mil_conjunctive' (id=m-649cd22f3ba044ffb906902920febd75) params={'model_size_mb': '4.4156', 'n_model_params': '506331', 'name': 'resnet'}
    [mlflow] logged run 'resnet_ACSF1'  (train_acc=0.8500 val_acc=0.7500 test_acc=0.8300 test_loss=0.6627)
[ 87/129] ACSF1                        DONE  acc=0.8300 loss=0.6627 AOPCR=  0.320 NDCG=  n/a C= 10 T= 1460 (8s)  [86 trained / 0 failed so far]
[ 88/129] AllGestureWiimoteX
    stage 1/3: loading data ...
    stage 2/3: training on 240 series (val=60, C=10, T=500, batch=16) ...
    stage 3/3: scoring on 700 test series (accuracy + AOPCR) ...
    [mlflow] versioned model 'resnet__mil_resnet__mil_conjunctive' (id=m-fce9083e2cdf448586ad1c55e73e0635) params={'model_size_mb': '4.4156', 'n_model_params': '506331', 'name': 'resnet'}
    [mlflow] logged run 'resnet_AllGestureWiimoteX'  (train_acc=0.8708 val_acc=0.6833 test_acc=0.6243 test_loss=1.1819)
[ 88/129] AllGestureWiimoteX           DONE  acc=0.6243 loss=1.1819 AOPCR=  1.922 NDCG=  n/a C= 10 T=  500 (11s)  [87 trained / 0 failed so far]
[ 89/129] AllGestureWiimoteY
    stage 1/3: loading data ...
    stage 2/3: training on 240 series (val=60, C=10, T=500, batch=16) ...
    stage 3/3: scoring on 700 test series (accuracy + AOPCR) ...
    [mlflow] versioned model 'resnet__mil_resnet__mil_conjunctive' (id=m-5f4c095351bd4ee2bac3c4a9b29fdebb) params={'model_size_mb': '4.4156', 'n_model_params': '506331', 'name': 'resnet'}
    [mlflow] logged run 'resnet_AllGestureWiimoteY'  (train_acc=0.9625 val_acc=0.8000 test_acc=0.7100 test_loss=0.9193)
[ 89/129] AllGestureWiimoteY           DONE  acc=0.7100 loss=0.9193 AOPCR=  2.137 NDCG=  n/a C= 10 T=  500 (14s)  [88 trained / 0 failed so far]
[ 90/129] AllGestureWiimoteZ
    stage 1/3: loading data ...
    stage 2/3: training on 240 series (val=60, C=10, T=500, batch=16) ...
    stage 3/3: scoring on 700 test series (accuracy + AOPCR) ...
    [mlflow] versioned model 'resnet__mil_resnet__mil_conjunctive' (id=m-d61cd34fe8a84efc87469b89d6967f1a) params={'model_size_mb': '4.4156', 'n_model_params': '506331', 'name': 'resnet'}
    [mlflow] logged run 'resnet_AllGestureWiimoteZ'  (train_acc=0.5833 val_acc=0.4833 test_acc=0.4857 test_loss=1.3787)
[ 90/129] AllGestureWiimoteZ           DONE  acc=0.4857 loss=1.3787 AOPCR=  1.473 NDCG=  n/a C= 10 T=  500 (8s)  [89 trained / 0 failed so far]
[ 91/129] BME
    stage 1/3: loading data ...
    stage 2/3: training on 30 series (no val (train-loss early stop), C=3, T=128, batch=3) ...
    stage 3/3: scoring on 150 test series (accuracy + AOPCR) ...
    [mlflow] versioned model 'resnet__mil_resnet__mil_conjunctive' (id=m-cff2c3eac1eb41cf97906941d875a049) params={'model_size_mb': '4.4121', 'n_model_params': '505428', 'name': 'resnet'}
    [mlflow] logged run 'resnet_BME'  (train_acc=1.0000 test_acc=1.0000 test_loss=0.1251)
[ 91/129] BME                          DONE  acc=1.0000 loss=0.1251 AOPCR=  1.278 NDCG=  n/a C=  3 T=  128 (9s)  [90 trained / 0 failed so far]
[ 92/129] Chinatown
    stage 1/3: loading data ...
    stage 2/3: training on 20 series (no val (train-loss early stop), C=2, T=24, batch=2) ...
    stage 3/3: scoring on 343 test series (accuracy + AOPCR) ...
    [mlflow] versioned model 'resnet__mil_resnet__mil_conjunctive' (id=m-556414841a084fc19e7a3a7c754ec8ae) params={'model_size_mb': '4.4116', 'n_model_params': '505299', 'name': 'resnet'}
    [mlflow] logged run 'resnet_Chinatown'  (train_acc=1.0000 test_acc=0.9767 test_loss=0.1213)
[ 92/129] Chinatown                    DONE  acc=0.9767 loss=0.1213 AOPCR=  1.102 NDCG=  n/a C=  2 T=   24 (9s)  [91 trained / 0 failed so far]
[ 93/129] Crop
    stage 1/3: loading data ...
    stage 2/3: training on 5760 series (val=1440, C=24, T=46, batch=16) ...
    stage 3/3: scoring on 16800 test series (accuracy + AOPCR) ...
    [mlflow] versioned model 'resnet__mil_resnet__mil_conjunctive' (id=m-1bc5c5b7a39a4bb7bb8be825c25e53ae) params={'model_size_mb': '4.4224', 'n_model_params': '508137', 'name': 'resnet'}
    [mlflow] logged run 'resnet_Crop'  (train_acc=0.8382 val_acc=0.7104 test_acc=0.7028 test_loss=1.0178)
[ 93/129] Crop                         DONE  acc=0.7028 loss=1.0178 AOPCR=  0.917 NDCG=  n/a C= 24 T=   46 (156s)  [92 trained / 0 failed so far]
[ 94/129] DodgerLoopDay
    stage 1/3: loading data ...
    stage 2/3: training on 78 series (no val (train-loss early stop), C=7, T=288, batch=7) ...
    stage 3/3: scoring on 80 test series (accuracy + AOPCR) ...
    [mlflow] versioned model 'resnet__mil_resnet__mil_conjunctive' (id=m-e7367ea040824c20bff8b8441a1a4fe9) params={'model_size_mb': '4.4141', 'n_model_params': '505944', 'name': 'resnet'}
    [mlflow] logged run 'resnet_DodgerLoopDay'  (train_acc=1.0000 test_acc=0.4375 test_loss=1.6674)
[ 94/129] DodgerLoopDay                DONE  acc=0.4375 loss=1.6674 AOPCR=  1.756 NDCG=  n/a C=  7 T=  288 (14s)  [93 trained / 0 failed so far]
[ 95/129] DodgerLoopGame
    stage 1/3: loading data ...
    stage 2/3: training on 20 series (no val (train-loss early stop), C=2, T=288, batch=2) ...
    stage 3/3: scoring on 138 test series (accuracy + AOPCR) ...
    [mlflow] versioned model 'resnet__mil_resnet__mil_conjunctive' (id=m-1ebf22912df64036b5e0d34786af9854) params={'model_size_mb': '4.4116', 'n_model_params': '505299', 'name': 'resnet'}
    [mlflow] logged run 'resnet_DodgerLoopGame'  (train_acc=1.0000 test_acc=0.8913 test_loss=0.2763)
[ 95/129] DodgerLoopGame               DONE  acc=0.8913 loss=0.2763 AOPCR=  1.195 NDCG=  n/a C=  2 T=  288 (9s)  [94 trained / 0 failed so far]
[ 96/129] DodgerLoopWeekend
    stage 1/3: loading data ...
    stage 2/3: training on 20 series (no val (train-loss early stop), C=2, T=288, batch=2) ...
    stage 3/3: scoring on 138 test series (accuracy + AOPCR) ...
    [mlflow] versioned model 'resnet__mil_resnet__mil_conjunctive' (id=m-54abfe8d7b23410b8d72a869110a06a3) params={'model_size_mb': '4.4116', 'n_model_params': '505299', 'name': 'resnet'}
    [mlflow] logged run 'resnet_DodgerLoopWeekend'  (train_acc=1.0000 test_acc=0.9348 test_loss=0.2358)
[ 96/129] DodgerLoopWeekend            DONE  acc=0.9348 loss=0.2358 AOPCR=  0.887 NDCG=  n/a C=  2 T=  288 (6s)  [95 trained / 0 failed so far]
[ 97/129] EOGHorizontalSignal
    stage 1/3: loading data ...
    stage 2/3: training on 290 series (val=72, C=12, T=1250, batch=16) ...
    stage 3/3: scoring on 362 test series (accuracy + AOPCR) ...
    [mlflow] versioned model 'resnet__mil_resnet__mil_conjunctive' (id=m-084109f43a8f4aacb06208eee177ac13) params={'model_size_mb': '4.4165', 'n_model_params': '506589', 'name': 'resnet'}
    [mlflow] logged run 'resnet_EOGHorizontalSignal'  (train_acc=0.9759 val_acc=0.8889 test_acc=0.5691 test_loss=1.2410)
[ 97/129] EOGHorizontalSignal          DONE  acc=0.5691 loss=1.2410 AOPCR=  2.136 NDCG=  n/a C= 12 T= 1250 (35s)  [96 trained / 0 failed so far]
[ 98/129] EOGVerticalSignal
    stage 1/3: loading data ...
    stage 2/3: training on 290 series (val=72, C=12, T=1250, batch=16) ...
    stage 3/3: scoring on 362 test series (accuracy + AOPCR) ...
    [mlflow] versioned model 'resnet__mil_resnet__mil_conjunctive' (id=m-a632f7541ef64b5fa6dec0167f69a3a8) params={'model_size_mb': '4.4165', 'n_model_params': '506589', 'name': 'resnet'}
    [mlflow] logged run 'resnet_EOGVerticalSignal'  (train_acc=0.9069 val_acc=0.7222 test_acc=0.4834 test_loss=1.8406)
[ 98/129] EOGVerticalSignal            DONE  acc=0.4834 loss=1.8406 AOPCR=  3.361 NDCG=  n/a C= 12 T= 1250 (32s)  [97 trained / 0 failed so far]
[ 99/129] EthanolLevel
    stage 1/3: loading data ...
    stage 2/3: training on 404 series (val=100, C=4, T=1751, batch=16) ...
    stage 3/3: scoring on 500 test series (accuracy + AOPCR) ...
    [mlflow] versioned model 'resnet__mil_resnet__mil_conjunctive' (id=m-a2df1f0a6dad4826ab501c9a7f7fb7e3) params={'model_size_mb': '4.4126', 'n_model_params': '505557', 'name': 'resnet'}
    [mlflow] logged run 'resnet_EthanolLevel'  (train_acc=0.7475 val_acc=0.7400 test_acc=0.7600 test_loss=0.7758)
[ 99/129] EthanolLevel                 DONE  acc=0.7600 loss=0.7758 AOPCR=  2.385 NDCG=  n/a C=  4 T= 1751 (49s)  [98 trained / 0 failed so far]
[100/129] FreezerRegularTrain
    stage 1/3: loading data ...
    stage 2/3: training on 120 series (val=30, C=2, T=301, batch=12) ...
    stage 3/3: scoring on 2850 test series (accuracy + AOPCR) ...
    [mlflow] versioned model 'resnet__mil_resnet__mil_conjunctive' (id=m-00b089bae5a848fc93e0b271f12d0fe0) params={'model_size_mb': '4.4116', 'n_model_params': '505299', 'name': 'resnet'}
    [mlflow] logged run 'resnet_FreezerRegularTrain'  (train_acc=1.0000 val_acc=1.0000 test_acc=0.9979 test_loss=0.0778)
[100/129] FreezerRegularTrain          DONE  acc=0.9979 loss=0.0778 AOPCR=  0.905 NDCG=  n/a C=  2 T=  301 (12s)  [99 trained / 0 failed so far]
[101/129] FreezerSmallTrain
    stage 1/3: loading data ...
    stage 2/3: training on 28 series (no val (train-loss early stop), C=2, T=301, batch=2) ...
    stage 3/3: scoring on 2850 test series (accuracy + AOPCR) ...
    [mlflow] versioned model 'resnet__mil_resnet__mil_conjunctive' (id=m-6a918c8b24344851b6f14744174e80f6) params={'model_size_mb': '4.4116', 'n_model_params': '505299', 'name': 'resnet'}
    [mlflow] logged run 'resnet_FreezerSmallTrain'  (train_acc=1.0000 test_acc=0.8993 test_loss=0.7686)
[101/129] FreezerSmallTrain            DONE  acc=0.8993 loss=0.7686 AOPCR=  1.564 NDCG=  n/a C=  2 T=  301 (12s)  [100 trained / 0 failed so far]
[102/129] Fungi
    stage 1/3: loading data ...
    stage 2/3: training on 18 series (no val (train-loss early stop), C=18, T=201, batch=2) ...
    stage 3/3: scoring on 186 test series (accuracy + AOPCR) ...
    [mlflow] versioned model 'resnet__mil_resnet__mil_conjunctive' (id=m-ca9c93751b8d4cb58be60d64d994048f) params={'model_size_mb': '4.4195', 'n_model_params': '507363', 'name': 'resnet'}
    [mlflow] logged run 'resnet_Fungi'  (train_acc=1.0000 test_acc=0.9570 test_loss=0.3367)
[102/129] Fungi                        DONE  acc=0.9570 loss=0.3367 AOPCR=  1.406 NDCG=  n/a C= 18 T=  201 (15s)  [101 trained / 0 failed so far]
[103/129] GestureMidAirD1
    stage 1/3: loading data ...
    stage 2/3: training on 182 series (val=26, C=26, T=360, batch=16) ...
    stage 3/3: scoring on 130 test series (accuracy + AOPCR) ...
    [mlflow] versioned model 'resnet__mil_resnet__mil_conjunctive' (id=m-e8d3bc5e5a734d28b1567e26cd0ad0d0) params={'model_size_mb': '4.4234', 'n_model_params': '508395', 'name': 'resnet'}
    [mlflow] logged run 'resnet_GestureMidAirD1'  (train_acc=0.9615 val_acc=0.7308 test_acc=0.7000 test_loss=0.9333)
[103/129] GestureMidAirD1              DONE  acc=0.7000 loss=0.9333 AOPCR=  2.674 NDCG=  n/a C= 26 T=  360 (11s)  [102 trained / 0 failed so far]
[104/129] GestureMidAirD2
    stage 1/3: loading data ...
    stage 2/3: training on 182 series (val=26, C=26, T=360, batch=16) ...
    stage 3/3: scoring on 130 test series (accuracy + AOPCR) ...
    [mlflow] versioned model 'resnet__mil_resnet__mil_conjunctive' (id=m-ba286f47b21341428763df3061876631) params={'model_size_mb': '4.4234', 'n_model_params': '508395', 'name': 'resnet'}
    [mlflow] logged run 'resnet_GestureMidAirD2'  (train_acc=0.7857 val_acc=0.6154 test_acc=0.6769 test_loss=1.1042)
[104/129] GestureMidAirD2              DONE  acc=0.6769 loss=1.1042 AOPCR=  1.510 NDCG=  n/a C= 26 T=  360 (13s)  [103 trained / 0 failed so far]
[105/129] GestureMidAirD3
    stage 1/3: loading data ...
    stage 2/3: training on 182 series (val=26, C=26, T=360, batch=16) ...
    stage 3/3: scoring on 130 test series (accuracy + AOPCR) ...
    [mlflow] versioned model 'resnet__mil_resnet__mil_conjunctive' (id=m-2bde5c8db9f2447c9fc25c7e5bd20975) params={'model_size_mb': '4.4234', 'n_model_params': '508395', 'name': 'resnet'}
    [mlflow] logged run 'resnet_GestureMidAirD3'  (train_acc=0.6209 val_acc=0.2692 test_acc=0.3154 test_loss=2.2235)
[105/129] GestureMidAirD3              DONE  acc=0.3154 loss=2.2235 AOPCR=  1.948 NDCG=  n/a C= 26 T=  360 (8s)  [104 trained / 0 failed so far]
[106/129] GesturePebbleZ1
    stage 1/3: loading data ...
    stage 2/3: training on 107 series (val=25, C=6, T=455, batch=10) ...
    stage 3/3: scoring on 172 test series (accuracy + AOPCR) ...
    [mlflow] versioned model 'resnet__mil_resnet__mil_conjunctive' (id=m-e8b521e3e43a490ca90474532daed01b) params={'model_size_mb': '4.4136', 'n_model_params': '505815', 'name': 'resnet'}
    [mlflow] logged run 'resnet_GesturePebbleZ1'  (train_acc=1.0000 val_acc=0.9200 test_acc=0.8430 test_loss=0.5778)
[106/129] GesturePebbleZ1              DONE  acc=0.8430 loss=0.5778 AOPCR=  1.508 NDCG=  n/a C=  6 T=  455 (10s)  [105 trained / 0 failed so far]
[107/129] GesturePebbleZ2
    stage 1/3: loading data ...
    stage 2/3: training on 120 series (val=26, C=6, T=455, batch=12) ...
    stage 3/3: scoring on 158 test series (accuracy + AOPCR) ...
    [mlflow] versioned model 'resnet__mil_resnet__mil_conjunctive' (id=m-5034135b3bc942e388b632d256c291b5) params={'model_size_mb': '4.4136', 'n_model_params': '505815', 'name': 'resnet'}
    [mlflow] logged run 'resnet_GesturePebbleZ2'  (train_acc=1.0000 val_acc=0.9615 test_acc=0.7975 test_loss=0.7049)
[107/129] GesturePebbleZ2              DONE  acc=0.7975 loss=0.7049 AOPCR=  1.536 NDCG=  n/a C=  6 T=  455 (12s)  [106 trained / 0 failed so far]
[108/129] GunPointAgeSpan
    stage 1/3: loading data ...
    stage 2/3: training on 109 series (val=26, C=2, T=150, batch=10) ...
    stage 3/3: scoring on 316 test series (accuracy + AOPCR) ...
    [mlflow] versioned model 'resnet__mil_resnet__mil_conjunctive' (id=m-1750b51d957a4dbdb8dbfd003250a677) params={'model_size_mb': '4.4116', 'n_model_params': '505299', 'name': 'resnet'}
    [mlflow] logged run 'resnet_GunPointAgeSpan'  (train_acc=1.0000 val_acc=0.9615 test_acc=0.9873 test_loss=0.0902)
[108/129] GunPointAgeSpan              DONE  acc=0.9873 loss=0.0902 AOPCR=  1.111 NDCG=  n/a C=  2 T=  150 (8s)  [107 trained / 0 failed so far]
[109/129] GunPointMaleVersusFemale
    stage 1/3: loading data ...
    stage 2/3: training on 109 series (val=26, C=2, T=150, batch=10) ...
    stage 3/3: scoring on 316 test series (accuracy + AOPCR) ...
    [mlflow] versioned model 'resnet__mil_resnet__mil_conjunctive' (id=m-22dbfc555e864a1e810adb52826e677f) params={'model_size_mb': '4.4116', 'n_model_params': '505299', 'name': 'resnet'}
    [mlflow] logged run 'resnet_GunPointMaleVersusFemale'  (train_acc=1.0000 val_acc=1.0000 test_acc=0.9937 test_loss=0.1016)
[109/129] GunPointMaleVersusFemale     DONE  acc=0.9937 loss=0.1016 AOPCR=  0.417 NDCG=  n/a C=  2 T=  150 (7s)  [108 trained / 0 failed so far]
[110/129] GunPointOldVersusYoung
    stage 1/3: loading data ...
    stage 2/3: training on 109 series (val=27, C=2, T=150, batch=10) ...
    stage 3/3: scoring on 315 test series (accuracy + AOPCR) ...
    [mlflow] versioned model 'resnet__mil_resnet__mil_conjunctive' (id=m-6531d90bd64d488a80dc00f6daec457f) params={'model_size_mb': '4.4116', 'n_model_params': '505299', 'name': 'resnet'}
    [mlflow] logged run 'resnet_GunPointOldVersusYoung'  (train_acc=1.0000 val_acc=1.0000 test_acc=0.9905 test_loss=0.0980)
[110/129] GunPointOldVersusYoung       DONE  acc=0.9905 loss=0.0980 AOPCR=  0.625 NDCG=  n/a C=  2 T=  150 (13s)  [109 trained / 0 failed so far]
[111/129] HouseTwenty
    stage 1/3: loading data ...
    stage 2/3: training on 40 series (no val (train-loss early stop), C=2, T=2000, batch=4) ...
    stage 3/3: scoring on 119 test series (accuracy + AOPCR) ...
    [mlflow] versioned model 'resnet__mil_resnet__mil_conjunctive' (id=m-8a9d2af2ee334cff88e8a473b8427d4d) params={'model_size_mb': '4.4116', 'n_model_params': '505299', 'name': 'resnet'}
    [mlflow] logged run 'resnet_HouseTwenty'  (train_acc=1.0000 test_acc=0.9664 test_loss=0.1557)
[111/129] HouseTwenty                  DONE  acc=0.9664 loss=0.1557 AOPCR=  1.001 NDCG=  n/a C=  2 T= 2000 (11s)  [110 trained / 0 failed so far]
[112/129] InsectEPGRegularTrain
    stage 1/3: loading data ...
    stage 2/3: training on 62 series (no val (train-loss early stop), C=3, T=601, batch=6) ...
    stage 3/3: scoring on 249 test series (accuracy + AOPCR) ...
    [mlflow] versioned model 'resnet__mil_resnet__mil_conjunctive' (id=m-56607d6936dd47b78ae0c8c88eb5c02a) params={'model_size_mb': '4.4121', 'n_model_params': '505428', 'name': 'resnet'}
    [mlflow] logged run 'resnet_InsectEPGRegularTrain'  (train_acc=1.0000 test_acc=0.9960 test_loss=0.1575)
[112/129] InsectEPGRegularTrain        DONE  acc=0.9960 loss=0.1575 AOPCR=  1.459 NDCG=  n/a C=  3 T=  601 (14s)  [111 trained / 0 failed so far]
[113/129] InsectEPGSmallTrain
    stage 1/3: loading data ...
    stage 2/3: training on 17 series (no val (train-loss early stop), C=3, T=601, batch=2) ...
    stage 3/3: scoring on 249 test series (accuracy + AOPCR) ...
    [mlflow] versioned model 'resnet__mil_resnet__mil_conjunctive' (id=m-ab19d8f8884843dd9a0113198665a6c0) params={'model_size_mb': '4.4121', 'n_model_params': '505428', 'name': 'resnet'}
    [mlflow] logged run 'resnet_InsectEPGSmallTrain'  (train_acc=1.0000 test_acc=0.9478 test_loss=0.2538)
[113/129] InsectEPGSmallTrain          DONE  acc=0.9478 loss=0.2538 AOPCR=  1.353 NDCG=  n/a C=  3 T=  601 (12s)  [112 trained / 0 failed so far]
[114/129] MelbournePedestrian
    stage 1/3: loading data ...
    stage 2/3: training on 956 series (val=238, C=10, T=24, batch=16) ...
    stage 3/3: scoring on 2439 test series (accuracy + AOPCR) ...
    [mlflow] versioned model 'resnet__mil_resnet__mil_conjunctive' (id=m-e072f29d05244167b50bbad998dc4680) params={'model_size_mb': '4.4156', 'n_model_params': '506331', 'name': 'resnet'}
    [mlflow] logged run 'resnet_MelbournePedestrian'  (train_acc=1.0000 val_acc=0.9076 test_acc=0.8905 test_loss=0.4432)
[114/129] MelbournePedestrian          DONE  acc=0.8905 loss=0.4432 AOPCR=  0.250 NDCG=  n/a C= 10 T=   24 (88s)  [113 trained / 0 failed so far]
[115/129] MixedShapesRegularTrain
    stage 1/3: loading data ...
    stage 2/3: training on 400 series (val=100, C=5, T=1024, batch=16) ...
    stage 3/3: scoring on 2425 test series (accuracy + AOPCR) ...
    [mlflow] versioned model 'resnet__mil_resnet__mil_conjunctive' (id=m-efd392f407614988abe8573ad6fed495) params={'model_size_mb': '4.4131', 'n_model_params': '505686', 'name': 'resnet'}
    [mlflow] logged run 'resnet_MixedShapesRegularTrain'  (train_acc=0.9975 val_acc=0.9800 test_acc=0.9637 test_loss=0.2477)
[115/129] MixedShapesRegularTrain      DONE  acc=0.9637 loss=0.2477 AOPCR=  1.919 NDCG=  n/a C=  5 T= 1024 (27s)  [114 trained / 0 failed so far]
[116/129] MixedShapesSmallTrain
    stage 1/3: loading data ...
    stage 2/3: training on 80 series (val=20, C=5, T=1024, batch=8) ...
    stage 3/3: scoring on 2425 test series (accuracy + AOPCR) ...
    [mlflow] versioned model 'resnet__mil_resnet__mil_conjunctive' (id=m-04bc8c9b0bfd45acbc2625808a6e7a8c) params={'model_size_mb': '4.4131', 'n_model_params': '505686', 'name': 'resnet'}
    [mlflow] logged run 'resnet_MixedShapesSmallTrain'  (train_acc=1.0000 val_acc=1.0000 test_acc=0.9188 test_loss=0.3797)
[116/129] MixedShapesSmallTrain        DONE  acc=0.9188 loss=0.3797 AOPCR=  2.497 NDCG=  n/a C=  5 T= 1024 (10s)  [115 trained / 0 failed so far]
[117/129] PLAID
    stage 1/3: loading data ...
    stage 2/3: training on 436 series (val=101, C=11, T=1344, batch=16) ...
    stage 3/3: scoring on 537 test series (accuracy + AOPCR) ...
    [mlflow] versioned model 'resnet__mil_resnet__mil_conjunctive' (id=m-e908bcb363224f28ba575f0c2530be67) params={'model_size_mb': '4.416', 'n_model_params': '506460', 'name': 'resnet'}
    [mlflow] logged run 'resnet_PLAID'  (train_acc=0.8716 val_acc=0.7921 test_acc=0.8250 test_loss=0.6321)
[117/129] PLAID                        DONE  acc=0.8250 loss=0.6321 AOPCR=  1.800 NDCG=  n/a C= 11 T= 1344 (34s)  [116 trained / 0 failed so far]
[118/129] PickupGestureWiimoteZ
    stage 1/3: loading data ...
    stage 2/3: training on 50 series (no val (train-loss early stop), C=10, T=361, batch=5) ...
    stage 3/3: scoring on 50 test series (accuracy + AOPCR) ...
    [mlflow] versioned model 'resnet__mil_resnet__mil_conjunctive' (id=m-828d177453754cb48bf87e35ed3c1c9f) params={'model_size_mb': '4.4156', 'n_model_params': '506331', 'name': 'resnet'}
    [mlflow] logged run 'resnet_PickupGestureWiimoteZ'  (train_acc=1.0000 test_acc=0.7000 test_loss=0.9143)
[118/129] PickupGestureWiimoteZ        DONE  acc=0.7000 loss=0.9143 AOPCR=  1.188 NDCG=  n/a C= 10 T=  361 (18s)  [117 trained / 0 failed so far]
[119/129] PigAirwayPressure
    stage 1/3: loading data ...
    stage 2/3: training on 52 series (val=52, C=52, T=2000, batch=5) ...
    stage 3/3: scoring on 208 test series (accuracy + AOPCR) ...
    [mlflow] versioned model 'resnet__mil_resnet__mil_conjunctive' (id=m-042a842b6cc04ef4a379ca7b56ecfd62) params={'model_size_mb': '4.4362', 'n_model_params': '511749', 'name': 'resnet'}
    [mlflow] logged run 'resnet_PigAirwayPressure'  (train_acc=0.0385 val_acc=0.0385 test_acc=0.0385 test_loss=3.8254)
[119/129] PigAirwayPressure            DONE  acc=0.0385 loss=3.8254 AOPCR=  0.080 NDCG=  n/a C= 52 T= 2000 (4s)  [118 trained / 0 failed so far]
[120/129] PigArtPressure
    stage 1/3: loading data ...
    stage 2/3: training on 52 series (val=52, C=52, T=2000, batch=5) ...
    stage 3/3: scoring on 208 test series (accuracy + AOPCR) ...
    [mlflow] versioned model 'resnet__mil_resnet__mil_conjunctive' (id=m-e44bc5d9fb1f459081c53497693259d5) params={'model_size_mb': '4.4362', 'n_model_params': '511749', 'name': 'resnet'}
    [mlflow] logged run 'resnet_PigArtPressure'  (train_acc=1.0000 val_acc=0.7692 test_acc=0.9087 test_loss=0.5964)
[120/129] PigArtPressure               DONE  acc=0.9087 loss=0.5964 AOPCR=  2.423 NDCG=  n/a C= 52 T= 2000 (21s)  [119 trained / 0 failed so far]
[121/129] PigCVP
    stage 1/3: loading data ...
    stage 2/3: training on 52 series (val=52, C=52, T=2000, batch=5) ...
    stage 3/3: scoring on 208 test series (accuracy + AOPCR) ...
    [mlflow] versioned model 'resnet__mil_resnet__mil_conjunctive' (id=m-5303e23be7374bc39f192529ebbe5135) params={'model_size_mb': '4.4362', 'n_model_params': '511749', 'name': 'resnet'}
    [mlflow] logged run 'resnet_PigCVP'  (train_acc=0.0962 val_acc=0.0577 test_acc=0.0673 test_loss=3.8237)
[121/129] PigCVP                       DONE  acc=0.0673 loss=3.8237 AOPCR=  0.344 NDCG=  n/a C= 52 T= 2000 (4s)  [120 trained / 0 failed so far]
[122/129] PowerCons
    stage 1/3: loading data ...
    stage 2/3: training on 144 series (val=36, C=2, T=144, batch=14) ...
    stage 3/3: scoring on 180 test series (accuracy + AOPCR) ...
    [mlflow] versioned model 'resnet__mil_resnet__mil_conjunctive' (id=m-0b9d1d8e89004525abdef6f39f4ada99) params={'model_size_mb': '4.4116', 'n_model_params': '505299', 'name': 'resnet'}
    [mlflow] logged run 'resnet_PowerCons'  (train_acc=1.0000 val_acc=1.0000 test_acc=0.8889 test_loss=0.2362)
[122/129] PowerCons                    DONE  acc=0.8889 loss=0.2362 AOPCR=  1.156 NDCG=  n/a C=  2 T=  144 (11s)  [121 trained / 0 failed so far]
[123/129] Rock
    stage 1/3: loading data ...
    stage 2/3: training on 20 series (no val (train-loss early stop), C=4, T=2844, batch=2) ...
    stage 3/3: scoring on 50 test series (accuracy + AOPCR) ...
    [mlflow] versioned model 'resnet__mil_resnet__mil_conjunctive' (id=m-70b6ad0f58c149faa72ccb15d792d0c6) params={'model_size_mb': '4.4126', 'n_model_params': '505557', 'name': 'resnet'}
    [mlflow] logged run 'resnet_Rock'  (train_acc=1.0000 test_acc=0.7000 test_loss=0.9130)
[123/129] Rock                         DONE  acc=0.7000 loss=0.9130 AOPCR=  2.521 NDCG=  n/a C=  4 T= 2844 (18s)  [122 trained / 0 failed so far]
[124/129] SemgHandGenderCh2
    stage 1/3: loading data ...
    stage 2/3: training on 240 series (val=60, C=2, T=1500, batch=16) ...
    stage 3/3: scoring on 600 test series (accuracy + AOPCR) ...
    [mlflow] versioned model 'resnet__mil_resnet__mil_conjunctive' (id=m-88be61da0ba04ecba3ca6df00678ff59) params={'model_size_mb': '4.4116', 'n_model_params': '505299', 'name': 'resnet'}
    [mlflow] logged run 'resnet_SemgHandGenderCh2'  (train_acc=0.9500 val_acc=0.8667 test_acc=0.8317 test_loss=0.3684)
[124/129] SemgHandGenderCh2            DONE  acc=0.8317 loss=0.3684 AOPCR=  2.439 NDCG=  n/a C=  2 T= 1500 (9s)  [123 trained / 0 failed so far]
[125/129] SemgHandMovementCh2
    stage 1/3: loading data ...
    stage 2/3: training on 360 series (val=90, C=6, T=1500, batch=16) ...
    stage 3/3: scoring on 450 test series (accuracy + AOPCR) ...
    [mlflow] versioned model 'resnet__mil_resnet__mil_conjunctive' (id=m-ff563930ddad480b98b264a2ddcb9f44) params={'model_size_mb': '4.4136', 'n_model_params': '505815', 'name': 'resnet'}
    [mlflow] logged run 'resnet_SemgHandMovementCh2'  (train_acc=0.6111 val_acc=0.5444 test_acc=0.4111 test_loss=1.3861)
[125/129] SemgHandMovementCh2          DONE  acc=0.4111 loss=1.3861 AOPCR=  2.465 NDCG=  n/a C=  6 T= 1500 (16s)  [124 trained / 0 failed so far]
[126/129] SemgHandSubjectCh2
    stage 1/3: loading data ...
    stage 2/3: training on 360 series (val=90, C=5, T=1500, batch=16) ...
    stage 3/3: scoring on 450 test series (accuracy + AOPCR) ...
    [mlflow] versioned model 'resnet__mil_resnet__mil_conjunctive' (id=m-c644f766bb25456ba1a3de2cdc3e65b3) params={'model_size_mb': '4.4131', 'n_model_params': '505686', 'name': 'resnet'}
    [mlflow] logged run 'resnet_SemgHandSubjectCh2'  (train_acc=0.6528 val_acc=0.6556 test_acc=0.5778 test_loss=1.0148)
[126/129] SemgHandSubjectCh2           DONE  acc=0.5778 loss=1.0148 AOPCR=  2.603 NDCG=  n/a C=  5 T= 1500 (10s)  [125 trained / 0 failed so far]
[127/129] ShakeGestureWiimoteZ
    stage 1/3: loading data ...
    stage 2/3: training on 50 series (no val (train-loss early stop), C=10, T=385, batch=5) ...
    stage 3/3: scoring on 50 test series (accuracy + AOPCR) ...
    [mlflow] versioned model 'resnet__mil_resnet__mil_conjunctive' (id=m-92642fb6fec8461298cb3dc1ace75a64) params={'model_size_mb': '4.4156', 'n_model_params': '506331', 'name': 'resnet'}
    [mlflow] logged run 'resnet_ShakeGestureWiimoteZ'  (train_acc=1.0000 test_acc=0.8800 test_loss=0.5419)
[127/129] ShakeGestureWiimoteZ         DONE  acc=0.8800 loss=0.5419 AOPCR=  1.236 NDCG=  n/a C= 10 T=  385 (15s)  [126 trained / 0 failed so far]
[128/129] SmoothSubspace
    stage 1/3: loading data ...
    stage 2/3: training on 120 series (val=30, C=3, T=15, batch=12) ...
    stage 3/3: scoring on 150 test series (accuracy + AOPCR) ...
    [mlflow] versioned model 'resnet__mil_resnet__mil_conjunctive' (id=m-7cc76d9253fd42d3aa816a3774de8275) params={'model_size_mb': '4.4121', 'n_model_params': '505428', 'name': 'resnet'}
    [mlflow] logged run 'resnet_SmoothSubspace'  (train_acc=1.0000 val_acc=1.0000 test_acc=0.9867 test_loss=0.1370)
[128/129] SmoothSubspace               DONE  acc=0.9867 loss=0.1370 AOPCR=  0.677 NDCG=  n/a C=  3 T=   15 (12s)  [127 trained / 0 failed so far]
[129/129] UMD
    stage 1/3: loading data ...
    stage 2/3: training on 36 series (no val (train-loss early stop), C=3, T=150, batch=3) ...
    stage 3/3: scoring on 144 test series (accuracy + AOPCR) ...
    [mlflow] versioned model 'resnet__mil_resnet__mil_conjunctive' (id=m-1adf1beef8b94f62b828bcec95f4e242) params={'model_size_mb': '4.4121', 'n_model_params': '505428', 'name': 'resnet'}
    [mlflow] logged run 'resnet_UMD'  (train_acc=1.0000 test_acc=0.9931 test_loss=0.1503)
[129/129] UMD                          DONE  acc=0.9931 loss=0.1503 AOPCR=  1.225 NDCG=  n/a C=  3 T=  150 (14s)  [128 trained / 0 failed so far]

Done: 128 trained, 1 skipped, 0 failed.
Results -> results/SEA_NET/resnet__mil_resnet__mil_conjunctive/results.csv

=== resnet__mil_resnet__mil_conjunctive vs MILLET ConjunctiveInceptionTime (mean of 5 reps) ===
  UCR datasets evaluated: 128  (with MILLET baseline: 85, without: 43)
  metric        ours    MILLET   win/tie/loss   (mean over the 85 datasets MILLET published)
  acc         0.8146    0.8445       25/11/49   
  loss        0.5709    1.2241        55/0/30   (lower is better)
  aopcr       1.3301    4.5532         8/0/77   
  wrote results/SEA_NET/resnet__mil_resnet__mil_conjunctive/comparison_vs_millet.csv

Next: `python main.py report` to draw the figures for resnet__mil_resnet__mil_conjunctive.

[log] finished; full output saved to results/SEA_NET/resnet__mil_resnet__mil_conjunctive/logs/train_2026-07-28_16-11-27.log
