[log] command 'train' started at 2026-07-23_14-02-24 for model 'seanet_gated_last_topk__mstcn_sep_gated_topk_conjunctive'
[log] a copy of everything below is being saved to: results/SEA_NET/seanet_gated_last_topk__mstcn_sep_gated_topk_conjunctive/logs/train_2026-07-23_14-02-24.log

=== train: model=seanet_gated_last_topk__mstcn_sep_gated_topk_conjunctive (config sv4/seanet_gated_last_topk) device=cuda mode=full datasets=129 ===
[params] using DEFAULT recipe (no Optuna record yet - run 'python main.py optuna --model sv4/seanet_gated_last_topk').
  results  -> results/SEA_NET/seanet_gated_last_topk__mstcn_sep_gated_topk_conjunctive/results.csv
  resume   -> results/SEA_NET/seanet_gated_last_topk__mstcn_sep_gated_topk_conjunctive/done_train_dataset.txt  (delete it to retrain everything; delete one line to retrain that dataset)

  [mlflow] logging runs to experiment 'SEA-Net_seanet_gated_last_topk__mstcn_sep_gated_topk_conjunctive_2026-07-23' at sqlite:///mlflow.db
  [mlflow] browse later with:  mlflow ui --backend-store-uri sqlite:///mlflow.db
[  1/129] WebTraffic                   already done -> skip
[  2/129] Adiac
    stage 1/3: loading data ...
    stage 2/3: training on 328 series (val=62, C=37, T=176, batch=16) ...
    stage 3/3: scoring on 391 test series (accuracy + AOPCR) ...
    [mlflow] versioned model 'seanet_gated_last_topk__mstcn_sep_gated_topk_conjunctive' (id=m-3db3c35cfce44ab6baee79f34d9d16b5) params={'model_size_mb': '1.5102', 'n_model_params': '63738', 'name': 'seanet_gated_last_topk'}
    [mlflow] logged run 'seanet_gated_last_topk_Adiac'  (train_acc=0.9634 val_acc=0.7903 test_acc=0.7391 test_loss=0.9747)
[  2/129] Adiac                        DONE  acc=0.7391 loss=0.9747 AOPCR=  0.606 NDCG=  n/a C= 37 T=  176 (35s)  [1 trained / 0 failed so far]
[  3/129] ArrowHead
    stage 1/3: loading data ...
    stage 2/3: training on 36 series (no val (train-loss early stop), C=3, T=251, batch=3) ...
    stage 3/3: scoring on 175 test series (accuracy + AOPCR) ...
    [mlflow] versioned model 'seanet_gated_last_topk__mstcn_sep_gated_topk_conjunctive' (id=m-2e794d3289da43af946cbaa848cacf9f) params={'model_size_mb': '1.5006', 'n_model_params': '61222', 'name': 'seanet_gated_last_topk'}
    [mlflow] logged run 'seanet_gated_last_topk_ArrowHead'  (train_acc=1.0000 test_acc=0.8343 test_loss=0.4705)
[  3/129] ArrowHead                    DONE  acc=0.8343 loss=0.4705 AOPCR=  0.487 NDCG=  n/a C=  3 T=  251 (20s)  [2 trained / 0 failed so far]
[  4/129] Beef
    stage 1/3: loading data ...
    stage 2/3: training on 30 series (no val (train-loss early stop), C=5, T=470, batch=3) ...
    stage 3/3: scoring on 30 test series (accuracy + AOPCR) ...
    [mlflow] versioned model 'seanet_gated_last_topk__mstcn_sep_gated_topk_conjunctive' (id=m-2ad21dd47870427c804ca7411c948fba) params={'model_size_mb': '1.5011', 'n_model_params': '61370', 'name': 'seanet_gated_last_topk'}
    [mlflow] logged run 'seanet_gated_last_topk_Beef'  (train_acc=1.0000 test_acc=0.8000 test_loss=0.5032)
[  4/129] Beef                         DONE  acc=0.8000 loss=0.5032 AOPCR=  1.753 NDCG=  n/a C=  5 T=  470 (16s)  [3 trained / 0 failed so far]
[  5/129] BeetleFly
    stage 1/3: loading data ...
    stage 2/3: training on 20 series (no val (train-loss early stop), C=2, T=512, batch=2) ...
    stage 3/3: scoring on 20 test series (accuracy + AOPCR) ...
    [mlflow] versioned model 'seanet_gated_last_topk__mstcn_sep_gated_topk_conjunctive' (id=m-92a1c57691e34671a5d11f8d4f630d08) params={'model_size_mb': '1.5003', 'n_model_params': '61148', 'name': 'seanet_gated_last_topk'}
    [mlflow] logged run 'seanet_gated_last_topk_BeetleFly'  (train_acc=1.0000 test_acc=0.7500 test_loss=0.4068)
[  5/129] BeetleFly                    DONE  acc=0.7500 loss=0.4068 AOPCR=  0.964 NDCG=  n/a C=  2 T=  512 (16s)  [4 trained / 0 failed so far]
[  6/129] BirdChicken
    stage 1/3: loading data ...
    stage 2/3: training on 20 series (no val (train-loss early stop), C=2, T=512, batch=2) ...
    stage 3/3: scoring on 20 test series (accuracy + AOPCR) ...
    [mlflow] versioned model 'seanet_gated_last_topk__mstcn_sep_gated_topk_conjunctive' (id=m-aa0ec997b412457bacd53d96d40035f2) params={'model_size_mb': '1.5003', 'n_model_params': '61148', 'name': 'seanet_gated_last_topk'}
    [mlflow] logged run 'seanet_gated_last_topk_BirdChicken'  (train_acc=1.0000 test_acc=0.8000 test_loss=0.3808)
[  6/129] BirdChicken                  DONE  acc=0.8000 loss=0.3808 AOPCR=  1.308 NDCG=  n/a C=  2 T=  512 (23s)  [5 trained / 0 failed so far]
[  7/129] Car
    stage 1/3: loading data ...
    stage 2/3: training on 60 series (no val (train-loss early stop), C=4, T=577, batch=6) ...
    stage 3/3: scoring on 60 test series (accuracy + AOPCR) ...
    [mlflow] versioned model 'seanet_gated_last_topk__mstcn_sep_gated_topk_conjunctive' (id=m-dc582b0b95ae4fd88899fde64f0920c2) params={'model_size_mb': '1.5009', 'n_model_params': '61296', 'name': 'seanet_gated_last_topk'}
    [mlflow] logged run 'seanet_gated_last_topk_Car'  (train_acc=1.0000 test_acc=0.9000 test_loss=0.3877)
[  7/129] Car                          DONE  acc=0.9000 loss=0.3877 AOPCR=  1.455 NDCG=  n/a C=  4 T=  577 (28s)  [6 trained / 0 failed so far]
[  8/129] CBF
    stage 1/3: loading data ...
    stage 2/3: training on 30 series (no val (train-loss early stop), C=3, T=128, batch=3) ...
    stage 3/3: scoring on 900 test series (accuracy + AOPCR) ...
    [mlflow] versioned model 'seanet_gated_last_topk__mstcn_sep_gated_topk_conjunctive' (id=m-6d6565a01c8946ccbe52df989eaffd4d) params={'model_size_mb': '1.5006', 'n_model_params': '61222', 'name': 'seanet_gated_last_topk'}
    [mlflow] logged run 'seanet_gated_last_topk_CBF'  (train_acc=1.0000 test_acc=0.9933 test_loss=0.1134)
[  8/129] CBF                          DONE  acc=0.9933 loss=0.1134 AOPCR=  0.729 NDCG=  n/a C=  3 T=  128 (17s)  [7 trained / 0 failed so far]
[  9/129] ChlorineConcentration
    stage 1/3: loading data ...
    stage 2/3: training on 375 series (val=92, C=3, T=166, batch=16) ...
    stage 3/3: scoring on 3840 test series (accuracy + AOPCR) ...
    [mlflow] versioned model 'seanet_gated_last_topk__mstcn_sep_gated_topk_conjunctive' (id=m-df1cfff801124a82a58c352fb9862d00) params={'model_size_mb': '1.5006', 'n_model_params': '61222', 'name': 'seanet_gated_last_topk'}
    [mlflow] logged run 'seanet_gated_last_topk_ChlorineConcentration'  (train_acc=0.9680 val_acc=0.7717 test_acc=0.7539 test_loss=0.6335)
[  9/129] ChlorineConcentration        DONE  acc=0.7539 loss=0.6335 AOPCR=  0.333 NDCG=  n/a C=  3 T=  166 (62s)  [8 trained / 0 failed so far]
[ 10/129] CinCECGTorso
    stage 1/3: loading data ...
    stage 2/3: training on 40 series (no val (train-loss early stop), C=4, T=1639, batch=4) ...
    stage 3/3: scoring on 1380 test series (accuracy + AOPCR) ...
    [mlflow] versioned model 'seanet_gated_last_topk__mstcn_sep_gated_topk_conjunctive' (id=m-6e9af29c7960426badcde735c73e5caf) params={'model_size_mb': '1.5009', 'n_model_params': '61296', 'name': 'seanet_gated_last_topk'}
    [mlflow] logged run 'seanet_gated_last_topk_CinCECGTorso'  (train_acc=1.0000 test_acc=0.7920 test_loss=0.5661)
[ 10/129] CinCECGTorso                 DONE  acc=0.7920 loss=0.5661 AOPCR=  2.041 NDCG=  n/a C=  4 T= 1639 (26s)  [9 trained / 0 failed so far]
[ 11/129] Coffee
    stage 1/3: loading data ...
    stage 2/3: training on 28 series (no val (train-loss early stop), C=2, T=286, batch=2) ...
    stage 3/3: scoring on 28 test series (accuracy + AOPCR) ...
    [mlflow] versioned model 'seanet_gated_last_topk__mstcn_sep_gated_topk_conjunctive' (id=m-5b96159a7caa4ab88d4231eb46e6d791) params={'model_size_mb': '1.5003', 'n_model_params': '61148', 'name': 'seanet_gated_last_topk'}
    [mlflow] logged run 'seanet_gated_last_topk_Coffee'  (train_acc=1.0000 test_acc=1.0000 test_loss=0.0605)
[ 11/129] Coffee                       DONE  acc=1.0000 loss=0.0605 AOPCR=  0.553 NDCG=  n/a C=  2 T=  286 (18s)  [10 trained / 0 failed so far]
[ 12/129] Computers
    stage 1/3: loading data ...
    stage 2/3: training on 200 series (val=50, C=2, T=720, batch=16) ...
    stage 3/3: scoring on 250 test series (accuracy + AOPCR) ...
    [mlflow] versioned model 'seanet_gated_last_topk__mstcn_sep_gated_topk_conjunctive' (id=m-bfa2f847de0948928dddc37aa53bb4f6) params={'model_size_mb': '1.5003', 'n_model_params': '61148', 'name': 'seanet_gated_last_topk'}
    [mlflow] logged run 'seanet_gated_last_topk_Computers'  (train_acc=0.9250 val_acc=0.7800 test_acc=0.6600 test_loss=0.6418)
[ 12/129] Computers                    DONE  acc=0.6600 loss=0.6418 AOPCR=  0.679 NDCG=  n/a C=  2 T=  720 (6s)  [11 trained / 0 failed so far]
[ 13/129] CricketX
    stage 1/3: loading data ...
    stage 2/3: training on 317 series (val=73, C=12, T=300, batch=16) ...
    stage 3/3: scoring on 390 test series (accuracy + AOPCR) ...
    [mlflow] versioned model 'seanet_gated_last_topk__mstcn_sep_gated_topk_conjunctive' (id=m-c4ff2a3423fb40598e656bd6481da3a4) params={'model_size_mb': '1.5031', 'n_model_params': '61888', 'name': 'seanet_gated_last_topk'}
    [mlflow] logged run 'seanet_gated_last_topk_CricketX'  (train_acc=1.0000 val_acc=0.9041 test_acc=0.8205 test_loss=0.6968)
[ 13/129] CricketX                     DONE  acc=0.8205 loss=0.6968 AOPCR=  1.595 NDCG=  n/a C= 12 T=  300 (27s)  [12 trained / 0 failed so far]
[ 14/129] CricketY
    stage 1/3: loading data ...
    stage 2/3: training on 317 series (val=73, C=12, T=300, batch=16) ...
    stage 3/3: scoring on 390 test series (accuracy + AOPCR) ...
    [mlflow] versioned model 'seanet_gated_last_topk__mstcn_sep_gated_topk_conjunctive' (id=m-79bd47c3804546868eb2401d6bdc8efb) params={'model_size_mb': '1.5031', 'n_model_params': '61888', 'name': 'seanet_gated_last_topk'}
    [mlflow] logged run 'seanet_gated_last_topk_CricketY'  (train_acc=1.0000 val_acc=0.9041 test_acc=0.8308 test_loss=0.6361)
[ 14/129] CricketY                     DONE  acc=0.8308 loss=0.6361 AOPCR=  1.503 NDCG=  n/a C= 12 T=  300 (50s)  [13 trained / 0 failed so far]
[ 15/129] CricketZ
    stage 1/3: loading data ...
    stage 2/3: training on 316 series (val=74, C=12, T=300, batch=16) ...
    stage 3/3: scoring on 390 test series (accuracy + AOPCR) ...
    [mlflow] versioned model 'seanet_gated_last_topk__mstcn_sep_gated_topk_conjunctive' (id=m-482aa4abea074367ba41828e168d8740) params={'model_size_mb': '1.5031', 'n_model_params': '61888', 'name': 'seanet_gated_last_topk'}
    [mlflow] logged run 'seanet_gated_last_topk_CricketZ'  (train_acc=1.0000 val_acc=0.8784 test_acc=0.8282 test_loss=0.6653)
[ 15/129] CricketZ                     DONE  acc=0.8282 loss=0.6653 AOPCR=  1.043 NDCG=  n/a C= 12 T=  300 (49s)  [14 trained / 0 failed so far]
[ 16/129] DiatomSizeReduction
    stage 1/3: loading data ...
    stage 2/3: training on 16 series (no val (train-loss early stop), C=4, T=345, batch=2) ...
    stage 3/3: scoring on 306 test series (accuracy + AOPCR) ...
    [mlflow] versioned model 'seanet_gated_last_topk__mstcn_sep_gated_topk_conjunctive' (id=m-561d6444f5934621a648864713f0e02e) params={'model_size_mb': '1.5009', 'n_model_params': '61296', 'name': 'seanet_gated_last_topk'}
    [mlflow] logged run 'seanet_gated_last_topk_DiatomSizeReduction'  (train_acc=1.0000 test_acc=0.9706 test_loss=0.1629)
[ 16/129] DiatomSizeReduction          DONE  acc=0.9706 loss=0.1629 AOPCR= -0.186 NDCG=  n/a C=  4 T=  345 (13s)  [15 trained / 0 failed so far]
[ 17/129] DistalPhalanxOutlineAgeGroup
    stage 1/3: loading data ...
    stage 2/3: training on 321 series (val=79, C=3, T=80, batch=16) ...
    stage 3/3: scoring on 139 test series (accuracy + AOPCR) ...
    [mlflow] versioned model 'seanet_gated_last_topk__mstcn_sep_gated_topk_conjunctive' (id=m-7276a7e347ba4152a25db5527ea4609c) params={'model_size_mb': '1.5006', 'n_model_params': '61222', 'name': 'seanet_gated_last_topk'}
    [mlflow] logged run 'seanet_gated_last_topk_DistalPhalanxOutlineAgeGroup'  (train_acc=0.8941 val_acc=0.8228 test_acc=0.7554 test_loss=0.5630)
[ 17/129] DistalPhalanxOutlineAgeGroup DONE  acc=0.7554 loss=0.5630 AOPCR=  0.358 NDCG=  n/a C=  3 T=   80 (16s)  [16 trained / 0 failed so far]
[ 18/129] DistalPhalanxOutlineCorrect
    stage 1/3: loading data ...
    stage 2/3: training on 481 series (val=119, C=2, T=80, batch=16) ...
    stage 3/3: scoring on 276 test series (accuracy + AOPCR) ...
    [mlflow] versioned model 'seanet_gated_last_topk__mstcn_sep_gated_topk_conjunctive' (id=m-464753a08aa54a189dc1b72210d1ecdc) params={'model_size_mb': '1.5003', 'n_model_params': '61148', 'name': 'seanet_gated_last_topk'}
    [mlflow] logged run 'seanet_gated_last_topk_DistalPhalanxOutlineCorrect'  (train_acc=0.9044 val_acc=0.8403 test_acc=0.7862 test_loss=0.4750)
[ 18/129] DistalPhalanxOutlineCorrect  DONE  acc=0.7862 loss=0.4750 AOPCR=  0.622 NDCG=  n/a C=  2 T=   80 (23s)  [17 trained / 0 failed so far]
[ 19/129] DistalPhalanxTW
    stage 1/3: loading data ...
    stage 2/3: training on 323 series (val=77, C=6, T=80, batch=16) ...
    stage 3/3: scoring on 139 test series (accuracy + AOPCR) ...
    [mlflow] versioned model 'seanet_gated_last_topk__mstcn_sep_gated_topk_conjunctive' (id=m-f31346691d1c43bfa5abc973e038652d) params={'model_size_mb': '1.5014', 'n_model_params': '61444', 'name': 'seanet_gated_last_topk'}
    [mlflow] logged run 'seanet_gated_last_topk_DistalPhalanxTW'  (train_acc=0.8607 val_acc=0.7922 test_acc=0.6691 test_loss=0.7629)
[ 19/129] DistalPhalanxTW              DONE  acc=0.6691 loss=0.7629 AOPCR=  0.572 NDCG=  n/a C=  6 T=   80 (17s)  [18 trained / 0 failed so far]
[ 20/129] Earthquakes
    stage 1/3: loading data ...
    stage 2/3: training on 259 series (val=63, C=2, T=512, batch=16) ...
    stage 3/3: scoring on 139 test series (accuracy + AOPCR) ...
    [mlflow] versioned model 'seanet_gated_last_topk__mstcn_sep_gated_topk_conjunctive' (id=m-54fea51034ec42d0a427ea191ce9209e) params={'model_size_mb': '1.5003', 'n_model_params': '61148', 'name': 'seanet_gated_last_topk'}
    [mlflow] logged run 'seanet_gated_last_topk_Earthquakes'  (train_acc=0.8610 val_acc=0.8413 test_acc=0.7770 test_loss=0.4843)
[ 20/129] Earthquakes                  DONE  acc=0.7770 loss=0.4843 AOPCR=  0.108 NDCG=  n/a C=  2 T=  512 (7s)  [19 trained / 0 failed so far]
[ 21/129] ECG200
    stage 1/3: loading data ...
    stage 2/3: training on 81 series (val=19, C=2, T=96, batch=8) ...
    stage 3/3: scoring on 100 test series (accuracy + AOPCR) ...
    [mlflow] versioned model 'seanet_gated_last_topk__mstcn_sep_gated_topk_conjunctive' (id=m-3f6db20877714891953f603e4977df0b) params={'model_size_mb': '1.5003', 'n_model_params': '61148', 'name': 'seanet_gated_last_topk'}
    [mlflow] logged run 'seanet_gated_last_topk_ECG200'  (train_acc=0.9753 val_acc=0.8421 test_acc=0.8200 test_loss=0.3458)
[ 21/129] ECG200                       DONE  acc=0.8200 loss=0.3458 AOPCR=  0.734 NDCG=  n/a C=  2 T=   96 (5s)  [20 trained / 0 failed so far]
[ 22/129] ECG5000
    stage 1/3: loading data ...
    stage 2/3: training on 401 series (val=99, C=5, T=140, batch=16) ...
    stage 3/3: scoring on 4500 test series (accuracy + AOPCR) ...
    [mlflow] versioned model 'seanet_gated_last_topk__mstcn_sep_gated_topk_conjunctive' (id=m-4b43cd59fcca40be8ef3ed69288f1827) params={'model_size_mb': '1.5011', 'n_model_params': '61370', 'name': 'seanet_gated_last_topk'}
    [mlflow] logged run 'seanet_gated_last_topk_ECG5000'  (train_acc=0.9825 val_acc=0.9495 test_acc=0.9371 test_loss=0.2941)
[ 22/129] ECG5000                      DONE  acc=0.9371 loss=0.2941 AOPCR=  0.441 NDCG=  n/a C=  5 T=  140 (22s)  [21 trained / 0 failed so far]
[ 23/129] ECGFiveDays
    stage 1/3: loading data ...
    stage 2/3: training on 23 series (no val (train-loss early stop), C=2, T=136, batch=2) ...
    stage 3/3: scoring on 861 test series (accuracy + AOPCR) ...
    [mlflow] versioned model 'seanet_gated_last_topk__mstcn_sep_gated_topk_conjunctive' (id=m-72f4af5d5ca74db08ad064949c637efd) params={'model_size_mb': '1.5003', 'n_model_params': '61148', 'name': 'seanet_gated_last_topk'}
    [mlflow] logged run 'seanet_gated_last_topk_ECGFiveDays'  (train_acc=1.0000 test_acc=1.0000 test_loss=0.0569)
[ 23/129] ECGFiveDays                  DONE  acc=1.0000 loss=0.0569 AOPCR= -0.359 NDCG=  n/a C=  2 T=  136 (17s)  [22 trained / 0 failed so far]
[ 24/129] ElectricDevices
    stage 1/3: loading data ...
    stage 2/3: training on 7144 series (val=1782, C=7, T=96, batch=16) ...
    stage 3/3: scoring on 7711 test series (accuracy + AOPCR) ...
    [mlflow] versioned model 'seanet_gated_last_topk__mstcn_sep_gated_topk_conjunctive' (id=m-f34880f3ba61454c84bc42e3aecb1d63) params={'model_size_mb': '1.5017', 'n_model_params': '61518', 'name': 'seanet_gated_last_topk'}
    [mlflow] logged run 'seanet_gated_last_topk_ElectricDevices'  (train_acc=0.9565 val_acc=0.9029 test_acc=0.7004 test_loss=1.0515)
[ 24/129] ElectricDevices              DONE  acc=0.7004 loss=1.0515 AOPCR=  1.092 NDCG=  n/a C=  7 T=   96 (475s)  [23 trained / 0 failed so far]
[ 25/129] FaceAll
    stage 1/3: loading data ...
    stage 2/3: training on 448 series (val=112, C=14, T=131, batch=16) ...
    stage 3/3: scoring on 1690 test series (accuracy + AOPCR) ...
    [mlflow] versioned model 'seanet_gated_last_topk__mstcn_sep_gated_topk_conjunctive' (id=m-9e09eb79f4ef467db10a42694ff7ac98) params={'model_size_mb': '1.5036', 'n_model_params': '62036', 'name': 'seanet_gated_last_topk'}
    [mlflow] logged run 'seanet_gated_last_topk_FaceAll'  (train_acc=1.0000 val_acc=0.9911 test_acc=0.8219 test_loss=0.6838)
[ 25/129] FaceAll                      DONE  acc=0.8219 loss=0.6838 AOPCR=  0.740 NDCG=  n/a C= 14 T=  131 (33s)  [24 trained / 0 failed so far]
[ 26/129] FaceFour
    stage 1/3: loading data ...
    stage 2/3: training on 24 series (no val (train-loss early stop), C=4, T=350, batch=2) ...
    stage 3/3: scoring on 88 test series (accuracy + AOPCR) ...
    [mlflow] versioned model 'seanet_gated_last_topk__mstcn_sep_gated_topk_conjunctive' (id=m-137801e0e66d4c6dbe102ca76a654852) params={'model_size_mb': '1.5009', 'n_model_params': '61296', 'name': 'seanet_gated_last_topk'}
    [mlflow] logged run 'seanet_gated_last_topk_FaceFour'  (train_acc=1.0000 test_acc=0.9205 test_loss=0.3633)
[ 26/129] FaceFour                     DONE  acc=0.9205 loss=0.3633 AOPCR=  0.256 NDCG=  n/a C=  4 T=  350 (18s)  [25 trained / 0 failed so far]
[ 27/129] FacesUCR
    stage 1/3: loading data ...
    stage 2/3: training on 165 series (val=35, C=14, T=131, batch=16) ...
    stage 3/3: scoring on 2050 test series (accuracy + AOPCR) ...
    [mlflow] versioned model 'seanet_gated_last_topk__mstcn_sep_gated_topk_conjunctive' (id=m-782256418aee4b0dbcddbeedb8b2bf51) params={'model_size_mb': '1.5036', 'n_model_params': '62036', 'name': 'seanet_gated_last_topk'}
    [mlflow] logged run 'seanet_gated_last_topk_FacesUCR'  (train_acc=1.0000 val_acc=1.0000 test_acc=0.9624 test_loss=0.2638)
[ 27/129] FacesUCR                     DONE  acc=0.9624 loss=0.2638 AOPCR=  0.953 NDCG=  n/a C= 14 T=  131 (19s)  [26 trained / 0 failed so far]
[ 28/129] FiftyWords
    stage 1/3: loading data ...
    stage 2/3: training on 365 series (val=85, C=50, T=270, batch=16) ...
    stage 3/3: scoring on 455 test series (accuracy + AOPCR) ...
    [mlflow] versioned model 'seanet_gated_last_topk__mstcn_sep_gated_topk_conjunctive' (id=m-486643fc2f19489dae95d91c4c342ddb) params={'model_size_mb': '1.5139', 'n_model_params': '64700', 'name': 'seanet_gated_last_topk'}
    [mlflow] logged run 'seanet_gated_last_topk_FiftyWords'  (train_acc=1.0000 val_acc=0.7765 test_acc=0.8066 test_loss=0.8460)
[ 28/129] FiftyWords                   DONE  acc=0.8066 loss=0.8460 AOPCR=  1.650 NDCG=  n/a C= 50 T=  270 (32s)  [27 trained / 0 failed so far]
[ 29/129] Fish
    stage 1/3: loading data ...
    stage 2/3: training on 142 series (val=33, C=7, T=463, batch=14) ...
    stage 3/3: scoring on 175 test series (accuracy + AOPCR) ...
    [mlflow] versioned model 'seanet_gated_last_topk__mstcn_sep_gated_topk_conjunctive' (id=m-a72a1e585210440f81fe02234700909a) params={'model_size_mb': '1.5017', 'n_model_params': '61518', 'name': 'seanet_gated_last_topk'}
    [mlflow] logged run 'seanet_gated_last_topk_Fish'  (train_acc=1.0000 val_acc=0.9697 test_acc=0.9714 test_loss=0.1574)
[ 29/129] Fish                         DONE  acc=0.9714 loss=0.1574 AOPCR=  0.740 NDCG=  n/a C=  7 T=  463 (29s)  [28 trained / 0 failed so far]
[ 30/129] FordA
    stage 1/3: loading data ...
    stage 2/3: training on 2881 series (val=720, C=2, T=500, batch=16) ...
    stage 3/3: scoring on 1320 test series (accuracy + AOPCR) ...
    [mlflow] versioned model 'seanet_gated_last_topk__mstcn_sep_gated_topk_conjunctive' (id=m-22ce94b245e4494d8fcddf1a226e5592) params={'model_size_mb': '1.5003', 'n_model_params': '61148', 'name': 'seanet_gated_last_topk'}
    [mlflow] logged run 'seanet_gated_last_topk_FordA'  (train_acc=0.9955 val_acc=0.9708 test_acc=0.9598 test_loss=0.1397)
[ 30/129] FordA                        DONE  acc=0.9598 loss=0.1397 AOPCR=  0.244 NDCG=  n/a C=  2 T=  500 (104s)  [29 trained / 0 failed so far]
[ 31/129] FordB
    stage 1/3: loading data ...
    stage 2/3: training on 2909 series (val=727, C=2, T=500, batch=16) ...
    stage 3/3: scoring on 810 test series (accuracy + AOPCR) ...
    [mlflow] versioned model 'seanet_gated_last_topk__mstcn_sep_gated_topk_conjunctive' (id=m-afe88ef69bc04581a02d774b8d7b927b) params={'model_size_mb': '1.5003', 'n_model_params': '61148', 'name': 'seanet_gated_last_topk'}
    [mlflow] logged run 'seanet_gated_last_topk_FordB'  (train_acc=1.0000 val_acc=0.9656 test_acc=0.8519 test_loss=0.3886)
[ 31/129] FordB                        DONE  acc=0.8519 loss=0.3886 AOPCR=  0.447 NDCG=  n/a C=  2 T=  500 (192s)  [30 trained / 0 failed so far]
[ 32/129] GunPoint
    stage 1/3: loading data ...
    stage 2/3: training on 50 series (no val (train-loss early stop), C=2, T=150, batch=5) ...
    stage 3/3: scoring on 150 test series (accuracy + AOPCR) ...
    [mlflow] versioned model 'seanet_gated_last_topk__mstcn_sep_gated_topk_conjunctive' (id=m-a7361be170d54e72bb7d1ff0d42e3c35) params={'model_size_mb': '1.5003', 'n_model_params': '61148', 'name': 'seanet_gated_last_topk'}
    [mlflow] logged run 'seanet_gated_last_topk_GunPoint'  (train_acc=1.0000 test_acc=0.9867 test_loss=0.0853)
[ 32/129] GunPoint                     DONE  acc=0.9867 loss=0.0853 AOPCR=  0.308 NDCG=  n/a C=  2 T=  150 (24s)  [31 trained / 0 failed so far]
[ 33/129] Ham
    stage 1/3: loading data ...
    stage 2/3: training on 88 series (val=21, C=2, T=431, batch=8) ...
    stage 3/3: scoring on 105 test series (accuracy + AOPCR) ...
    [mlflow] versioned model 'seanet_gated_last_topk__mstcn_sep_gated_topk_conjunctive' (id=m-c4a1408136fb4dc08c1e07db0b954b7d) params={'model_size_mb': '1.5003', 'n_model_params': '61148', 'name': 'seanet_gated_last_topk'}
    [mlflow] logged run 'seanet_gated_last_topk_Ham'  (train_acc=1.0000 val_acc=0.9048 test_acc=0.7429 test_loss=0.5536)
[ 33/129] Ham                          DONE  acc=0.7429 loss=0.5536 AOPCR=  1.331 NDCG=  n/a C=  2 T=  431 (13s)  [32 trained / 0 failed so far]
[ 34/129] HandOutlines
    stage 1/3: loading data ...
    stage 2/3: training on 801 series (val=199, C=2, T=2709, batch=16) ...
    stage 3/3: scoring on 370 test series (accuracy + AOPCR) ...
    [mlflow] versioned model 'seanet_gated_last_topk__mstcn_sep_gated_topk_conjunctive' (id=m-e626acafc05e4ddbb59ba2419e512bce) params={'model_size_mb': '1.5003', 'n_model_params': '61148', 'name': 'seanet_gated_last_topk'}
    [mlflow] logged run 'seanet_gated_last_topk_HandOutlines'  (train_acc=0.9850 val_acc=0.9296 test_acc=0.9514 test_loss=0.1874)
[ 34/129] HandOutlines                 DONE  acc=0.9514 loss=0.1874 AOPCR=  0.751 NDCG=  n/a C=  2 T= 2709 (106s)  [33 trained / 0 failed so far]
[ 35/129] Haptics
    stage 1/3: loading data ...
    stage 2/3: training on 127 series (val=28, C=5, T=1092, batch=12) ...
    stage 3/3: scoring on 308 test series (accuracy + AOPCR) ...
    [mlflow] versioned model 'seanet_gated_last_topk__mstcn_sep_gated_topk_conjunctive' (id=m-f1d91ec905754b6386c2bd23824de3b2) params={'model_size_mb': '1.5011', 'n_model_params': '61370', 'name': 'seanet_gated_last_topk'}
    [mlflow] logged run 'seanet_gated_last_topk_Haptics'  (train_acc=0.4173 val_acc=0.4286 test_acc=0.3312 test_loss=1.5899)
[ 35/129] Haptics                      DONE  acc=0.3312 loss=1.5899 AOPCR=  1.584 NDCG=  n/a C=  5 T= 1092 (5s)  [34 trained / 0 failed so far]
[ 36/129] Herring
    stage 1/3: loading data ...
    stage 2/3: training on 64 series (no val (train-loss early stop), C=2, T=512, batch=6) ...
    stage 3/3: scoring on 64 test series (accuracy + AOPCR) ...
    [mlflow] versioned model 'seanet_gated_last_topk__mstcn_sep_gated_topk_conjunctive' (id=m-73128862faa346188b9571a57ad4d196) params={'model_size_mb': '1.5003', 'n_model_params': '61148', 'name': 'seanet_gated_last_topk'}
    [mlflow] logged run 'seanet_gated_last_topk_Herring'  (train_acc=1.0000 test_acc=0.5625 test_loss=1.0370)
[ 36/129] Herring                      DONE  acc=0.5625 loss=1.0370 AOPCR=  2.977 NDCG=  n/a C=  2 T=  512 (27s)  [35 trained / 0 failed so far]
[ 37/129] InlineSkate
    stage 1/3: loading data ...
    stage 2/3: training on 84 series (val=16, C=7, T=1882, batch=8) ...
    stage 3/3: scoring on 550 test series (accuracy + AOPCR) ...
    [mlflow] versioned model 'seanet_gated_last_topk__mstcn_sep_gated_topk_conjunctive' (id=m-44f6c6fe84804e859d25fcfb588f6464) params={'model_size_mb': '1.5017', 'n_model_params': '61518', 'name': 'seanet_gated_last_topk'}
    [mlflow] logged run 'seanet_gated_last_topk_InlineSkate'  (train_acc=0.5119 val_acc=0.4375 test_acc=0.2400 test_loss=1.8936)
[ 37/129] InlineSkate                  DONE  acc=0.2400 loss=1.8936 AOPCR=  2.115 NDCG=  n/a C=  7 T= 1882 (5s)  [36 trained / 0 failed so far]
[ 38/129] InsectWingbeatSound
    stage 1/3: loading data ...
    stage 2/3: training on 176 series (val=44, C=11, T=256, batch=16) ...
    stage 3/3: scoring on 1980 test series (accuracy + AOPCR) ...
    [mlflow] versioned model 'seanet_gated_last_topk__mstcn_sep_gated_topk_conjunctive' (id=m-df0dd36b89df49a2bf0ba1765519dd9d) params={'model_size_mb': '1.5028', 'n_model_params': '61814', 'name': 'seanet_gated_last_topk'}
    [mlflow] logged run 'seanet_gated_last_topk_InsectWingbeatSound'  (train_acc=0.7614 val_acc=0.5909 test_acc=0.6258 test_loss=1.0157)
[ 38/129] InsectWingbeatSound          DONE  acc=0.6258 loss=1.0157 AOPCR=  1.458 NDCG=  n/a C= 11 T=  256 (5s)  [37 trained / 0 failed so far]
[ 39/129] ItalyPowerDemand
    stage 1/3: loading data ...
    stage 2/3: training on 67 series (no val (train-loss early stop), C=2, T=24, batch=6) ...
    stage 3/3: scoring on 1029 test series (accuracy + AOPCR) ...
    [mlflow] versioned model 'seanet_gated_last_topk__mstcn_sep_gated_topk_conjunctive' (id=m-e9c3f73414da453cb864f6c814fcd3d7) params={'model_size_mb': '1.5003', 'n_model_params': '61148', 'name': 'seanet_gated_last_topk'}
    [mlflow] logged run 'seanet_gated_last_topk_ItalyPowerDemand'  (train_acc=1.0000 test_acc=0.9621 test_loss=0.1507)
[ 39/129] ItalyPowerDemand             DONE  acc=0.9621 loss=0.1507 AOPCR=  0.200 NDCG=  n/a C=  2 T=   24 (16s)  [38 trained / 0 failed so far]
[ 40/129] LargeKitchenAppliances
    stage 1/3: loading data ...
    stage 2/3: training on 300 series (val=75, C=3, T=720, batch=16) ...
    stage 3/3: scoring on 375 test series (accuracy + AOPCR) ...
    [mlflow] versioned model 'seanet_gated_last_topk__mstcn_sep_gated_topk_conjunctive' (id=m-9117d347963345eaa486cffe7515be25) params={'model_size_mb': '1.5006', 'n_model_params': '61222', 'name': 'seanet_gated_last_topk'}
    [mlflow] logged run 'seanet_gated_last_topk_LargeKitchenAppliances'  (train_acc=1.0000 val_acc=0.9867 test_acc=0.9013 test_loss=0.3113)
[ 40/129] LargeKitchenAppliances       DONE  acc=0.9013 loss=0.3113 AOPCR=  1.657 NDCG=  n/a C=  3 T=  720 (30s)  [39 trained / 0 failed so far]
[ 41/129] Lightning2
    stage 1/3: loading data ...
    stage 2/3: training on 60 series (no val (train-loss early stop), C=2, T=637, batch=6) ...
    stage 3/3: scoring on 61 test series (accuracy + AOPCR) ...
    [mlflow] versioned model 'seanet_gated_last_topk__mstcn_sep_gated_topk_conjunctive' (id=m-4c8393c8a31f4f2eb4824c253e1502d7) params={'model_size_mb': '1.5003', 'n_model_params': '61148', 'name': 'seanet_gated_last_topk'}
    [mlflow] logged run 'seanet_gated_last_topk_Lightning2'  (train_acc=1.0000 test_acc=0.8689 test_loss=0.3438)
[ 41/129] Lightning2                   DONE  acc=0.8689 loss=0.3438 AOPCR=  0.910 NDCG=  n/a C=  2 T=  637 (14s)  [40 trained / 0 failed so far]
[ 42/129] Lightning7
    stage 1/3: loading data ...
    stage 2/3: training on 70 series (no val (train-loss early stop), C=7, T=319, batch=7) ...
    stage 3/3: scoring on 73 test series (accuracy + AOPCR) ...
    [mlflow] versioned model 'seanet_gated_last_topk__mstcn_sep_gated_topk_conjunctive' (id=m-12511550e29f49549afed437dfa4e58c) params={'model_size_mb': '1.5017', 'n_model_params': '61518', 'name': 'seanet_gated_last_topk'}
    [mlflow] logged run 'seanet_gated_last_topk_Lightning7'  (train_acc=1.0000 test_acc=0.7671 test_loss=0.6025)
[ 42/129] Lightning7                   DONE  acc=0.7671 loss=0.6025 AOPCR=  0.780 NDCG=  n/a C=  7 T=  319 (26s)  [41 trained / 0 failed so far]
[ 43/129] Mallat
    stage 1/3: loading data ...
    stage 2/3: training on 55 series (no val (train-loss early stop), C=8, T=1024, batch=5) ...
    stage 3/3: scoring on 2345 test series (accuracy + AOPCR) ...
    [mlflow] versioned model 'seanet_gated_last_topk__mstcn_sep_gated_topk_conjunctive' (id=m-1fc77bde941243f89a969c22f451ed58) params={'model_size_mb': '1.502', 'n_model_params': '61592', 'name': 'seanet_gated_last_topk'}
    [mlflow] logged run 'seanet_gated_last_topk_Mallat'  (train_acc=1.0000 test_acc=0.7868 test_loss=0.6877)
[ 43/129] Mallat                       DONE  acc=0.7868 loss=0.6877 AOPCR=  2.029 NDCG=  n/a C=  8 T= 1024 (18s)  [42 trained / 0 failed so far]
[ 44/129] Meat
    stage 1/3: loading data ...
    stage 2/3: training on 60 series (no val (train-loss early stop), C=3, T=448, batch=6) ...
    stage 3/3: scoring on 60 test series (accuracy + AOPCR) ...
    [mlflow] versioned model 'seanet_gated_last_topk__mstcn_sep_gated_topk_conjunctive' (id=m-abb16ca3da8f4789bee3c4e8c449d7c3) params={'model_size_mb': '1.5006', 'n_model_params': '61222', 'name': 'seanet_gated_last_topk'}
    [mlflow] logged run 'seanet_gated_last_topk_Meat'  (train_acc=1.0000 test_acc=0.8833 test_loss=0.3449)
[ 44/129] Meat                         DONE  acc=0.8833 loss=0.3449 AOPCR=  2.465 NDCG=  n/a C=  3 T=  448 (25s)  [43 trained / 0 failed so far]
[ 45/129] MedicalImages
    stage 1/3: loading data ...
    stage 2/3: training on 307 series (val=74, C=10, T=99, batch=16) ...
    stage 3/3: scoring on 760 test series (accuracy + AOPCR) ...
    [mlflow] versioned model 'seanet_gated_last_topk__mstcn_sep_gated_topk_conjunctive' (id=m-720267c66d2347fe8129cb182cf10c98) params={'model_size_mb': '1.5025', 'n_model_params': '61740', 'name': 'seanet_gated_last_topk'}
    [mlflow] logged run 'seanet_gated_last_topk_MedicalImages'  (train_acc=0.8697 val_acc=0.7297 test_acc=0.7026 test_loss=0.8198)
[ 45/129] MedicalImages                DONE  acc=0.7026 loss=0.8198 AOPCR=  0.856 NDCG=  n/a C= 10 T=   99 (11s)  [44 trained / 0 failed so far]
[ 46/129] MiddlePhalanxOutlineAgeGroup
    stage 1/3: loading data ...
    stage 2/3: training on 321 series (val=79, C=3, T=80, batch=16) ...
    stage 3/3: scoring on 154 test series (accuracy + AOPCR) ...
    [mlflow] versioned model 'seanet_gated_last_topk__mstcn_sep_gated_topk_conjunctive' (id=m-c1b54466af2a4b8bb4407e7c4afd28cb) params={'model_size_mb': '1.5006', 'n_model_params': '61222', 'name': 'seanet_gated_last_topk'}
    [mlflow] logged run 'seanet_gated_last_topk_MiddlePhalanxOutlineAgeGroup'  (train_acc=0.8318 val_acc=0.8101 test_acc=0.5844 test_loss=0.9336)
[ 46/129] MiddlePhalanxOutlineAgeGroup DONE  acc=0.5844 loss=0.9336 AOPCR=  0.756 NDCG=  n/a C=  3 T=   80 (19s)  [45 trained / 0 failed so far]
[ 47/129] MiddlePhalanxOutlineCorrect
    stage 1/3: loading data ...
    stage 2/3: training on 481 series (val=119, C=2, T=80, batch=16) ...
    stage 3/3: scoring on 291 test series (accuracy + AOPCR) ...
    [mlflow] versioned model 'seanet_gated_last_topk__mstcn_sep_gated_topk_conjunctive' (id=m-4df0404aa3dd4d468ea0f81988ee995b) params={'model_size_mb': '1.5003', 'n_model_params': '61148', 'name': 'seanet_gated_last_topk'}
    [mlflow] logged run 'seanet_gated_last_topk_MiddlePhalanxOutlineCorrect'  (train_acc=0.8503 val_acc=0.8403 test_acc=0.8041 test_loss=0.4185)
[ 47/129] MiddlePhalanxOutlineCorrect  DONE  acc=0.8041 loss=0.4185 AOPCR=  0.730 NDCG=  n/a C=  2 T=   80 (29s)  [46 trained / 0 failed so far]
[ 48/129] MiddlePhalanxTW
    stage 1/3: loading data ...
    stage 2/3: training on 321 series (val=78, C=6, T=80, batch=16) ...
    stage 3/3: scoring on 154 test series (accuracy + AOPCR) ...
    [mlflow] versioned model 'seanet_gated_last_topk__mstcn_sep_gated_topk_conjunctive' (id=m-b8fd783a4fb441d8aea4300b1592a3a1) params={'model_size_mb': '1.5014', 'n_model_params': '61444', 'name': 'seanet_gated_last_topk'}
    [mlflow] logged run 'seanet_gated_last_topk_MiddlePhalanxTW'  (train_acc=0.6729 val_acc=0.6410 test_acc=0.5714 test_loss=1.0544)
[ 48/129] MiddlePhalanxTW              DONE  acc=0.5714 loss=1.0544 AOPCR=  0.133 NDCG=  n/a C=  6 T=   80 (19s)  [47 trained / 0 failed so far]
[ 49/129] MoteStrain
    stage 1/3: loading data ...
    stage 2/3: training on 20 series (no val (train-loss early stop), C=2, T=84, batch=2) ...
    stage 3/3: scoring on 1252 test series (accuracy + AOPCR) ...
    [mlflow] versioned model 'seanet_gated_last_topk__mstcn_sep_gated_topk_conjunctive' (id=m-a5ac84de9bd04b7c93388580d74930d5) params={'model_size_mb': '1.5003', 'n_model_params': '61148', 'name': 'seanet_gated_last_topk'}
    [mlflow] logged run 'seanet_gated_last_topk_MoteStrain'  (train_acc=1.0000 test_acc=0.8818 test_loss=0.2937)
[ 49/129] MoteStrain                   DONE  acc=0.8818 loss=0.2937 AOPCR=  1.117 NDCG=  n/a C=  2 T=   84 (16s)  [48 trained / 0 failed so far]
[ 50/129] NonInvasiveFetalECGThorax1
    stage 1/3: loading data ...
    stage 2/3: training on 1452 series (val=348, C=42, T=750, batch=16) ...
    stage 3/3: scoring on 1965 test series (accuracy + AOPCR) ...
    [mlflow] versioned model 'seanet_gated_last_topk__mstcn_sep_gated_topk_conjunctive' (id=m-77cadbaa505f4857911c583011d355a9) params={'model_size_mb': '1.5116', 'n_model_params': '64108', 'name': 'seanet_gated_last_topk'}
    [mlflow] logged run 'seanet_gated_last_topk_NonInvasiveFetalECGThorax1'  (train_acc=0.9917 val_acc=0.9195 test_acc=0.9064 test_loss=0.3764)
[ 50/129] NonInvasiveFetalECGThorax1   DONE  acc=0.9064 loss=0.3764 AOPCR=  0.800 NDCG=  n/a C= 42 T=  750 (138s)  [49 trained / 0 failed so far]
[ 51/129] NonInvasiveFetalECGThorax2
    stage 1/3: loading data ...
    stage 2/3: training on 1452 series (val=348, C=42, T=750, batch=16) ...
    stage 3/3: scoring on 1965 test series (accuracy + AOPCR) ...
    [mlflow] versioned model 'seanet_gated_last_topk__mstcn_sep_gated_topk_conjunctive' (id=m-c76b1ac73bea436d9b40dedfaa27de72) params={'model_size_mb': '1.5116', 'n_model_params': '64108', 'name': 'seanet_gated_last_topk'}
    [mlflow] logged run 'seanet_gated_last_topk_NonInvasiveFetalECGThorax2'  (train_acc=0.9966 val_acc=0.9339 test_acc=0.9232 test_loss=0.3393)
[ 51/129] NonInvasiveFetalECGThorax2   DONE  acc=0.9232 loss=0.3393 AOPCR=  1.367 NDCG=  n/a C= 42 T=  750 (211s)  [50 trained / 0 failed so far]
[ 52/129] OliveOil
    stage 1/3: loading data ...
    stage 2/3: training on 30 series (no val (train-loss early stop), C=4, T=570, batch=3) ...
    stage 3/3: scoring on 30 test series (accuracy + AOPCR) ...
    [mlflow] versioned model 'seanet_gated_last_topk__mstcn_sep_gated_topk_conjunctive' (id=m-5ccabd80cca94391ab1b3e7430f4d5fa) params={'model_size_mb': '1.5009', 'n_model_params': '61296', 'name': 'seanet_gated_last_topk'}
    [mlflow] logged run 'seanet_gated_last_topk_OliveOil'  (train_acc=0.4333 test_acc=0.4000 test_loss=1.3020)
[ 52/129] OliveOil                     DONE  acc=0.4000 loss=1.3020 AOPCR=  0.354 NDCG=  n/a C=  4 T=  570 (5s)  [51 trained / 0 failed so far]
[ 53/129] OSULeaf
    stage 1/3: loading data ...
    stage 2/3: training on 163 series (val=37, C=6, T=427, batch=16) ...
    stage 3/3: scoring on 242 test series (accuracy + AOPCR) ...
    [mlflow] versioned model 'seanet_gated_last_topk__mstcn_sep_gated_topk_conjunctive' (id=m-8e2089945fb24bbfb1d844b17eb4a5e5) params={'model_size_mb': '1.5014', 'n_model_params': '61444', 'name': 'seanet_gated_last_topk'}
    [mlflow] logged run 'seanet_gated_last_topk_OSULeaf'  (train_acc=1.0000 val_acc=0.9459 test_acc=0.8223 test_loss=0.5727)
[ 53/129] OSULeaf                      DONE  acc=0.8223 loss=0.5727 AOPCR=  0.730 NDCG=  n/a C=  6 T=  427 (11s)  [52 trained / 0 failed so far]
[ 54/129] PhalangesOutlinesCorrect
    stage 1/3: loading data ...
    stage 2/3: training on 1441 series (val=359, C=2, T=80, batch=16) ...
    stage 3/3: scoring on 858 test series (accuracy + AOPCR) ...
    [mlflow] versioned model 'seanet_gated_last_topk__mstcn_sep_gated_topk_conjunctive' (id=m-fbfb8bd269ad4d9d9a02ff356826185a) params={'model_size_mb': '1.5003', 'n_model_params': '61148', 'name': 'seanet_gated_last_topk'}
    [mlflow] logged run 'seanet_gated_last_topk_PhalangesOutlinesCorrect'  (train_acc=0.9618 val_acc=0.8802 test_acc=0.8077 test_loss=0.4240)
[ 54/129] PhalangesOutlinesCorrect     DONE  acc=0.8077 loss=0.4240 AOPCR=  0.231 NDCG=  n/a C=  2 T=   80 (118s)  [53 trained / 0 failed so far]
[ 55/129] Phoneme
    stage 1/3: loading data ...
    stage 2/3: training on 171 series (val=43, C=39, T=1024, batch=16) ...
    stage 3/3: scoring on 1896 test series (accuracy + AOPCR) ...
    [mlflow] versioned model 'seanet_gated_last_topk__mstcn_sep_gated_topk_conjunctive' (id=m-dc892b53e7b3445b88d1cb750c35d14d) params={'model_size_mb': '1.5107', 'n_model_params': '63886', 'name': 'seanet_gated_last_topk'}
    [mlflow] logged run 'seanet_gated_last_topk_Phoneme'  (train_acc=0.5029 val_acc=0.2326 test_acc=0.2094 test_loss=2.9598)
[ 55/129] Phoneme                      DONE  acc=0.2094 loss=2.9598 AOPCR=  1.351 NDCG=  n/a C= 39 T= 1024 (5s)  [54 trained / 0 failed so far]
[ 56/129] Plane
    stage 1/3: loading data ...
    stage 2/3: training on 87 series (val=18, C=7, T=144, batch=8) ...
    stage 3/3: scoring on 105 test series (accuracy + AOPCR) ...
    [mlflow] versioned model 'seanet_gated_last_topk__mstcn_sep_gated_topk_conjunctive' (id=m-12459f672ee84167b121a03b8243a261) params={'model_size_mb': '1.5017', 'n_model_params': '61518', 'name': 'seanet_gated_last_topk'}
    [mlflow] logged run 'seanet_gated_last_topk_Plane'  (train_acc=1.0000 val_acc=1.0000 test_acc=1.0000 test_loss=0.0800)
[ 56/129] Plane                        DONE  acc=1.0000 loss=0.0800 AOPCR=  0.783 NDCG=  n/a C=  7 T=  144 (26s)  [55 trained / 0 failed so far]
[ 57/129] ProximalPhalanxOutlineAgeGroup
    stage 1/3: loading data ...
    stage 2/3: training on 322 series (val=78, C=3, T=80, batch=16) ...
    stage 3/3: scoring on 205 test series (accuracy + AOPCR) ...
    [mlflow] versioned model 'seanet_gated_last_topk__mstcn_sep_gated_topk_conjunctive' (id=m-1df6de99134c4c1e8bd3f0f3a770cd25) params={'model_size_mb': '1.5006', 'n_model_params': '61222', 'name': 'seanet_gated_last_topk'}
    [mlflow] logged run 'seanet_gated_last_topk_ProximalPhalanxOutlineAgeGroup'  (train_acc=0.8696 val_acc=0.7821 test_acc=0.8293 test_loss=0.4297)
[ 57/129] ProximalPhalanxOutlineAgeGroup DONE  acc=0.8293 loss=0.4297 AOPCR= -0.922 NDCG=  n/a C=  3 T=   80 (17s)  [56 trained / 0 failed so far]
[ 58/129] ProximalPhalanxOutlineCorrect
    stage 1/3: loading data ...
    stage 2/3: training on 481 series (val=119, C=2, T=80, batch=16) ...
    stage 3/3: scoring on 291 test series (accuracy + AOPCR) ...
    [mlflow] versioned model 'seanet_gated_last_topk__mstcn_sep_gated_topk_conjunctive' (id=m-ec7917f9c17d491cbb095e15a132bf7f) params={'model_size_mb': '1.5003', 'n_model_params': '61148', 'name': 'seanet_gated_last_topk'}
    [mlflow] logged run 'seanet_gated_last_topk_ProximalPhalanxOutlineCorrect'  (train_acc=0.9813 val_acc=0.9244 test_acc=0.9038 test_loss=0.2749)
[ 58/129] ProximalPhalanxOutlineCorrect DONE  acc=0.9038 loss=0.2749 AOPCR=  0.303 NDCG=  n/a C=  2 T=   80 (71s)  [57 trained / 0 failed so far]
[ 59/129] ProximalPhalanxTW
    stage 1/3: loading data ...
    stage 2/3: training on 322 series (val=78, C=6, T=80, batch=16) ...
    stage 3/3: scoring on 205 test series (accuracy + AOPCR) ...
    [mlflow] versioned model 'seanet_gated_last_topk__mstcn_sep_gated_topk_conjunctive' (id=m-4eb9d3346ed341a09823aaa95046db1c) params={'model_size_mb': '1.5014', 'n_model_params': '61444', 'name': 'seanet_gated_last_topk'}
    [mlflow] logged run 'seanet_gated_last_topk_ProximalPhalanxTW'  (train_acc=0.8913 val_acc=0.8462 test_acc=0.7951 test_loss=0.5730)
[ 59/129] ProximalPhalanxTW            DONE  acc=0.7951 loss=0.5730 AOPCR=  0.388 NDCG=  n/a C=  6 T=   80 (21s)  [58 trained / 0 failed so far]
[ 60/129] RefrigerationDevices
    stage 1/3: loading data ...
    stage 2/3: training on 300 series (val=75, C=3, T=720, batch=16) ...
    stage 3/3: scoring on 375 test series (accuracy + AOPCR) ...
    [mlflow] versioned model 'seanet_gated_last_topk__mstcn_sep_gated_topk_conjunctive' (id=m-838a0833c49b48f4b3c9e36c91d87fc0) params={'model_size_mb': '1.5006', 'n_model_params': '61222', 'name': 'seanet_gated_last_topk'}
    [mlflow] logged run 'seanet_gated_last_topk_RefrigerationDevices'  (train_acc=0.8633 val_acc=0.7333 test_acc=0.4800 test_loss=1.4429)
[ 60/129] RefrigerationDevices         DONE  acc=0.4800 loss=1.4429 AOPCR=  0.531 NDCG=  n/a C=  3 T=  720 (8s)  [59 trained / 0 failed so far]
[ 61/129] ScreenType
    stage 1/3: loading data ...
    stage 2/3: training on 300 series (val=75, C=3, T=720, batch=16) ...
    stage 3/3: scoring on 375 test series (accuracy + AOPCR) ...
    [mlflow] versioned model 'seanet_gated_last_topk__mstcn_sep_gated_topk_conjunctive' (id=m-9c881ec534294fabb1370b59eab08abc) params={'model_size_mb': '1.5006', 'n_model_params': '61222', 'name': 'seanet_gated_last_topk'}
    [mlflow] logged run 'seanet_gated_last_topk_ScreenType'  (train_acc=0.8400 val_acc=0.6133 test_acc=0.4240 test_loss=1.2003)
[ 61/129] ScreenType                   DONE  acc=0.4240 loss=1.2003 AOPCR=  0.323 NDCG=  n/a C=  3 T=  720 (9s)  [60 trained / 0 failed so far]
[ 62/129] ShapeletSim
    stage 1/3: loading data ...
    stage 2/3: training on 20 series (no val (train-loss early stop), C=2, T=500, batch=2) ...
    stage 3/3: scoring on 180 test series (accuracy + AOPCR) ...
    [mlflow] versioned model 'seanet_gated_last_topk__mstcn_sep_gated_topk_conjunctive' (id=m-500dc8e300e74495b5312206f2e22dc7) params={'model_size_mb': '1.5003', 'n_model_params': '61148', 'name': 'seanet_gated_last_topk'}
    [mlflow] logged run 'seanet_gated_last_topk_ShapeletSim'  (train_acc=1.0000 test_acc=0.5278 test_loss=0.8619)
[ 62/129] ShapeletSim                  DONE  acc=0.5278 loss=0.8619 AOPCR=  0.098 NDCG=  n/a C=  2 T=  500 (17s)  [61 trained / 0 failed so far]
[ 63/129] ShapesAll
    stage 1/3: loading data ...
    stage 2/3: training on 480 series (val=120, C=60, T=512, batch=16) ...
    stage 3/3: scoring on 600 test series (accuracy + AOPCR) ...
    [mlflow] versioned model 'seanet_gated_last_topk__mstcn_sep_gated_topk_conjunctive' (id=m-e04d6fcd79074c88b670290309923d9c) params={'model_size_mb': '1.5166', 'n_model_params': '65440', 'name': 'seanet_gated_last_topk'}
    [mlflow] logged run 'seanet_gated_last_topk_ShapesAll'  (train_acc=1.0000 val_acc=0.8667 test_acc=0.8550 test_loss=0.6516)
[ 63/129] ShapesAll                    DONE  acc=0.8550 loss=0.6516 AOPCR=  2.398 NDCG=  n/a C= 60 T=  512 (31s)  [62 trained / 0 failed so far]
[ 64/129] SmallKitchenAppliances
    stage 1/3: loading data ...
    stage 2/3: training on 300 series (val=75, C=3, T=720, batch=16) ...
    stage 3/3: scoring on 375 test series (accuracy + AOPCR) ...
    [mlflow] versioned model 'seanet_gated_last_topk__mstcn_sep_gated_topk_conjunctive' (id=m-8776f143d5a141a7a8c53647fdfba471) params={'model_size_mb': '1.5006', 'n_model_params': '61222', 'name': 'seanet_gated_last_topk'}
    [mlflow] logged run 'seanet_gated_last_topk_SmallKitchenAppliances'  (train_acc=0.9433 val_acc=0.7867 test_acc=0.7973 test_loss=0.5395)
[ 64/129] SmallKitchenAppliances       DONE  acc=0.7973 loss=0.5395 AOPCR=  0.778 NDCG=  n/a C=  3 T=  720 (13s)  [63 trained / 0 failed so far]
[ 65/129] SonyAIBORobotSurface1
    stage 1/3: loading data ...
    stage 2/3: training on 20 series (no val (train-loss early stop), C=2, T=70, batch=2) ...
    stage 3/3: scoring on 601 test series (accuracy + AOPCR) ...
    [mlflow] versioned model 'seanet_gated_last_topk__mstcn_sep_gated_topk_conjunctive' (id=m-ce4f49c623ec4c9c89111092ebe1abba) params={'model_size_mb': '1.5003', 'n_model_params': '61148', 'name': 'seanet_gated_last_topk'}
    [mlflow] logged run 'seanet_gated_last_topk_SonyAIBORobotSurface1'  (train_acc=1.0000 test_acc=0.9334 test_loss=0.2298)
[ 65/129] SonyAIBORobotSurface1        DONE  acc=0.9334 loss=0.2298 AOPCR=  0.196 NDCG=  n/a C=  2 T=   70 (5s)  [64 trained / 0 failed so far]
[ 66/129] SonyAIBORobotSurface2
    stage 1/3: loading data ...
    stage 2/3: training on 27 series (no val (train-loss early stop), C=2, T=65, batch=2) ...
    stage 3/3: scoring on 953 test series (accuracy + AOPCR) ...
    [mlflow] versioned model 'seanet_gated_last_topk__mstcn_sep_gated_topk_conjunctive' (id=m-fa1a3ee73b384b7e809eaf5b6251004f) params={'model_size_mb': '1.5003', 'n_model_params': '61148', 'name': 'seanet_gated_last_topk'}
    [mlflow] logged run 'seanet_gated_last_topk_SonyAIBORobotSurface2'  (train_acc=1.0000 test_acc=0.8762 test_loss=0.3013)
[ 66/129] SonyAIBORobotSurface2        DONE  acc=0.8762 loss=0.3013 AOPCR= -0.119 NDCG=  n/a C=  2 T=   65 (26s)  [65 trained / 0 failed so far]
[ 67/129] StarLightCurves
    stage 1/3: loading data ...
    stage 2/3: training on 801 series (val=199, C=3, T=1024, batch=16) ...
    stage 3/3: scoring on 8236 test series (accuracy + AOPCR) ...
    [mlflow] versioned model 'seanet_gated_last_topk__mstcn_sep_gated_topk_conjunctive' (id=m-833d9cf248e64008b27cfe3cb7145c39) params={'model_size_mb': '1.5006', 'n_model_params': '61222', 'name': 'seanet_gated_last_topk'}
    [mlflow] logged run 'seanet_gated_last_topk_StarLightCurves'  (train_acc=0.9913 val_acc=0.9749 test_acc=0.9726 test_loss=0.1440)
[ 67/129] StarLightCurves              DONE  acc=0.9726 loss=0.1440 AOPCR=  1.905 NDCG=  n/a C=  3 T= 1024 (29s)  [66 trained / 0 failed so far]
[ 68/129] Strawberry
    stage 1/3: loading data ...
    stage 2/3: training on 492 series (val=121, C=2, T=235, batch=16) ...
    stage 3/3: scoring on 370 test series (accuracy + AOPCR) ...
    [mlflow] versioned model 'seanet_gated_last_topk__mstcn_sep_gated_topk_conjunctive' (id=m-b821126ad29d443284dae2519bc607e6) params={'model_size_mb': '1.5003', 'n_model_params': '61148', 'name': 'seanet_gated_last_topk'}
    [mlflow] logged run 'seanet_gated_last_topk_Strawberry'  (train_acc=0.9858 val_acc=0.9917 test_acc=0.9649 test_loss=0.1334)
[ 68/129] Strawberry                   DONE  acc=0.9649 loss=0.1334 AOPCR=  0.436 NDCG=  n/a C=  2 T=  235 (65s)  [67 trained / 0 failed so far]
[ 69/129] SwedishLeaf
    stage 1/3: loading data ...
    stage 2/3: training on 405 series (val=95, C=15, T=128, batch=16) ...
    stage 3/3: scoring on 625 test series (accuracy + AOPCR) ...
    [mlflow] versioned model 'seanet_gated_last_topk__mstcn_sep_gated_topk_conjunctive' (id=m-47fe8392e5a6454e8973b3ddb91f38c5) params={'model_size_mb': '1.5039', 'n_model_params': '62110', 'name': 'seanet_gated_last_topk'}
    [mlflow] logged run 'seanet_gated_last_topk_SwedishLeaf'  (train_acc=0.9975 val_acc=0.9263 test_acc=0.9440 test_loss=0.2172)
[ 69/129] SwedishLeaf                  DONE  acc=0.9440 loss=0.2172 AOPCR=  1.129 NDCG=  n/a C= 15 T=  128 (19s)  [68 trained / 0 failed so far]
[ 70/129] Symbols
    stage 1/3: loading data ...
    stage 2/3: training on 25 series (no val (train-loss early stop), C=6, T=398, batch=2) ...
    stage 3/3: scoring on 995 test series (accuracy + AOPCR) ...
    [mlflow] versioned model 'seanet_gated_last_topk__mstcn_sep_gated_topk_conjunctive' (id=m-1927cb20564e4b46af3d5ab600c36ef4) params={'model_size_mb': '1.5014', 'n_model_params': '61444', 'name': 'seanet_gated_last_topk'}
    [mlflow] logged run 'seanet_gated_last_topk_Symbols'  (train_acc=1.0000 test_acc=0.9397 test_loss=0.2873)
[ 70/129] Symbols                      DONE  acc=0.9397 loss=0.2873 AOPCR=  1.173 NDCG=  n/a C=  6 T=  398 (20s)  [69 trained / 0 failed so far]
[ 71/129] SyntheticControl
    stage 1/3: loading data ...
    stage 2/3: training on 240 series (val=60, C=6, T=60, batch=16) ...
    stage 3/3: scoring on 300 test series (accuracy + AOPCR) ...
    [mlflow] versioned model 'seanet_gated_last_topk__mstcn_sep_gated_topk_conjunctive' (id=m-b70c64a0f7464b60b550535fdc9c5ec7) params={'model_size_mb': '1.5014', 'n_model_params': '61444', 'name': 'seanet_gated_last_topk'}
    [mlflow] logged run 'seanet_gated_last_topk_SyntheticControl'  (train_acc=1.0000 val_acc=1.0000 test_acc=0.9967 test_loss=0.1392)
[ 71/129] SyntheticControl             DONE  acc=0.9967 loss=0.1392 AOPCR=  0.639 NDCG=  n/a C=  6 T=   60 (27s)  [70 trained / 0 failed so far]
[ 72/129] ToeSegmentation1
    stage 1/3: loading data ...
    stage 2/3: training on 40 series (no val (train-loss early stop), C=2, T=277, batch=4) ...
    stage 3/3: scoring on 228 test series (accuracy + AOPCR) ...
    [mlflow] versioned model 'seanet_gated_last_topk__mstcn_sep_gated_topk_conjunctive' (id=m-77f0feaf29614c569c1ae44aa7762e8c) params={'model_size_mb': '1.5003', 'n_model_params': '61148', 'name': 'seanet_gated_last_topk'}
    [mlflow] logged run 'seanet_gated_last_topk_ToeSegmentation1'  (train_acc=1.0000 test_acc=0.9342 test_loss=0.1966)
[ 72/129] ToeSegmentation1             DONE  acc=0.9342 loss=0.1966 AOPCR=  0.249 NDCG=  n/a C=  2 T=  277 (5s)  [71 trained / 0 failed so far]
[ 73/129] ToeSegmentation2
    stage 1/3: loading data ...
    stage 2/3: training on 36 series (no val (train-loss early stop), C=2, T=343, batch=3) ...
    stage 3/3: scoring on 130 test series (accuracy + AOPCR) ...
    [mlflow] versioned model 'seanet_gated_last_topk__mstcn_sep_gated_topk_conjunctive' (id=m-ac5469452a9f4d6f896004ab72ff0295) params={'model_size_mb': '1.5003', 'n_model_params': '61148', 'name': 'seanet_gated_last_topk'}
    [mlflow] logged run 'seanet_gated_last_topk_ToeSegmentation2'  (train_acc=1.0000 test_acc=0.9615 test_loss=0.1814)
[ 73/129] ToeSegmentation2             DONE  acc=0.9615 loss=0.1814 AOPCR=  0.773 NDCG=  n/a C=  2 T=  343 (29s)  [72 trained / 0 failed so far]
[ 74/129] Trace
    stage 1/3: loading data ...
    stage 2/3: training on 81 series (val=19, C=4, T=275, batch=8) ...
    stage 3/3: scoring on 100 test series (accuracy + AOPCR) ...
    [mlflow] versioned model 'seanet_gated_last_topk__mstcn_sep_gated_topk_conjunctive' (id=m-8be9ea72e3e14936ab473c20f8f3ea52) params={'model_size_mb': '1.5009', 'n_model_params': '61296', 'name': 'seanet_gated_last_topk'}
    [mlflow] logged run 'seanet_gated_last_topk_Trace'  (train_acc=1.0000 val_acc=1.0000 test_acc=1.0000 test_loss=0.0834)
[ 74/129] Trace                        DONE  acc=1.0000 loss=0.0834 AOPCR=  1.688 NDCG=  n/a C=  4 T=  275 (23s)  [73 trained / 0 failed so far]
[ 75/129] TwoLeadECG
    stage 1/3: loading data ...
    stage 2/3: training on 23 series (no val (train-loss early stop), C=2, T=82, batch=2) ...
    stage 3/3: scoring on 1139 test series (accuracy + AOPCR) ...
    [mlflow] versioned model 'seanet_gated_last_topk__mstcn_sep_gated_topk_conjunctive' (id=m-c8a4d231fd414341a9ffe09c6f577644) params={'model_size_mb': '1.5003', 'n_model_params': '61148', 'name': 'seanet_gated_last_topk'}
    [mlflow] logged run 'seanet_gated_last_topk_TwoLeadECG'  (train_acc=1.0000 test_acc=0.9930 test_loss=0.0863)
[ 75/129] TwoLeadECG                   DONE  acc=0.9930 loss=0.0863 AOPCR=  1.089 NDCG=  n/a C=  2 T=   82 (24s)  [74 trained / 0 failed so far]
[ 76/129] TwoPatterns
    stage 1/3: loading data ...
    stage 2/3: training on 801 series (val=199, C=4, T=128, batch=16) ...
    stage 3/3: scoring on 4000 test series (accuracy + AOPCR) ...
    [mlflow] versioned model 'seanet_gated_last_topk__mstcn_sep_gated_topk_conjunctive' (id=m-0ed31185f29748f9b89848a94b83a552) params={'model_size_mb': '1.5009', 'n_model_params': '61296', 'name': 'seanet_gated_last_topk'}
    [mlflow] logged run 'seanet_gated_last_topk_TwoPatterns'  (train_acc=1.0000 val_acc=1.0000 test_acc=1.0000 test_loss=0.0951)
[ 76/129] TwoPatterns                  DONE  acc=1.0000 loss=0.0951 AOPCR=  2.502 NDCG=  n/a C=  4 T=  128 (54s)  [75 trained / 0 failed so far]
[ 77/129] UWaveGestureLibraryAll
    stage 1/3: loading data ...
    stage 2/3: training on 719 series (val=177, C=8, T=945, batch=16) ...
    stage 3/3: scoring on 3582 test series (accuracy + AOPCR) ...
    [mlflow] versioned model 'seanet_gated_last_topk__mstcn_sep_gated_topk_conjunctive' (id=m-0c6cd7800b98414685f58ffcb32708e8) params={'model_size_mb': '1.502', 'n_model_params': '61592', 'name': 'seanet_gated_last_topk'}
    [mlflow] logged run 'seanet_gated_last_topk_UWaveGestureLibraryAll'  (train_acc=1.0000 val_acc=0.9718 test_acc=0.9640 test_loss=0.2233)
[ 77/129] UWaveGestureLibraryAll       DONE  acc=0.9640 loss=0.2233 AOPCR=  1.726 NDCG=  n/a C=  8 T=  945 (92s)  [76 trained / 0 failed so far]
[ 78/129] UWaveGestureLibraryX
    stage 1/3: loading data ...
    stage 2/3: training on 719 series (val=177, C=8, T=315, batch=16) ...
    stage 3/3: scoring on 3582 test series (accuracy + AOPCR) ...
    [mlflow] versioned model 'seanet_gated_last_topk__mstcn_sep_gated_topk_conjunctive' (id=m-8018a4207a4c4debbcd1683ecfbdcefa) params={'model_size_mb': '1.502', 'n_model_params': '61592', 'name': 'seanet_gated_last_topk'}
    [mlflow] logged run 'seanet_gated_last_topk_UWaveGestureLibraryX'  (train_acc=0.9972 val_acc=0.8701 test_acc=0.7998 test_loss=0.6537)
[ 78/129] UWaveGestureLibraryX         DONE  acc=0.7998 loss=0.6537 AOPCR=  1.406 NDCG=  n/a C=  8 T=  315 (32s)  [77 trained / 0 failed so far]
[ 79/129] UWaveGestureLibraryY
    stage 1/3: loading data ...
    stage 2/3: training on 719 series (val=177, C=8, T=315, batch=16) ...
    stage 3/3: scoring on 3582 test series (accuracy + AOPCR) ...
    [mlflow] versioned model 'seanet_gated_last_topk__mstcn_sep_gated_topk_conjunctive' (id=m-cc1484394eb8469bba383e9ea160f57b) params={'model_size_mb': '1.502', 'n_model_params': '61592', 'name': 'seanet_gated_last_topk'}
    [mlflow] logged run 'seanet_gated_last_topk_UWaveGestureLibraryY'  (train_acc=1.0000 val_acc=0.7401 test_acc=0.7462 test_loss=0.8398)
[ 79/129] UWaveGestureLibraryY         DONE  acc=0.7462 loss=0.8398 AOPCR=  1.218 NDCG=  n/a C=  8 T=  315 (79s)  [78 trained / 0 failed so far]
[ 80/129] UWaveGestureLibraryZ
    stage 1/3: loading data ...
    stage 2/3: training on 719 series (val=177, C=8, T=315, batch=16) ...
    stage 3/3: scoring on 3582 test series (accuracy + AOPCR) ...
    [mlflow] versioned model 'seanet_gated_last_topk__mstcn_sep_gated_topk_conjunctive' (id=m-3dd32e5332fc444fa6cfaa6c67d7f263) params={'model_size_mb': '1.502', 'n_model_params': '61592', 'name': 'seanet_gated_last_topk'}
    [mlflow] logged run 'seanet_gated_last_topk_UWaveGestureLibraryZ'  (train_acc=0.8150 val_acc=0.7062 test_acc=0.7270 test_loss=0.7621)
[ 80/129] UWaveGestureLibraryZ         DONE  acc=0.7270 loss=0.7621 AOPCR=  1.897 NDCG=  n/a C=  8 T=  315 (21s)  [79 trained / 0 failed so far]
[ 81/129] Wafer
    stage 1/3: loading data ...
    stage 2/3: training on 801 series (val=199, C=2, T=152, batch=16) ...
    stage 3/3: scoring on 6164 test series (accuracy + AOPCR) ...
    [mlflow] versioned model 'seanet_gated_last_topk__mstcn_sep_gated_topk_conjunctive' (id=m-8d019683fec1421e931bc567d1feb994) params={'model_size_mb': '1.5003', 'n_model_params': '61148', 'name': 'seanet_gated_last_topk'}
    [mlflow] logged run 'seanet_gated_last_topk_Wafer'  (train_acc=0.9988 val_acc=1.0000 test_acc=0.9968 test_loss=0.0765)
[ 81/129] Wafer                        DONE  acc=0.9968 loss=0.0765 AOPCR=  0.300 NDCG=  n/a C=  2 T=  152 (66s)  [80 trained / 0 failed so far]
[ 82/129] Wine
    stage 1/3: loading data ...
    stage 2/3: training on 57 series (no val (train-loss early stop), C=2, T=234, batch=5) ...
    stage 3/3: scoring on 54 test series (accuracy + AOPCR) ...
    [mlflow] versioned model 'seanet_gated_last_topk__mstcn_sep_gated_topk_conjunctive' (id=m-3f9a3e25dfba438f8b4b64e86e5fc497) params={'model_size_mb': '1.5003', 'n_model_params': '61148', 'name': 'seanet_gated_last_topk'}
    [mlflow] logged run 'seanet_gated_last_topk_Wine'  (train_acc=0.5789 test_acc=0.5000 test_loss=0.6929)
[ 82/129] Wine                         DONE  acc=0.5000 loss=0.6929 AOPCR=  2.353 NDCG=  n/a C=  2 T=  234 (33s)  [81 trained / 0 failed so far]
[ 83/129] WordSynonyms
    stage 1/3: loading data ...
    stage 2/3: training on 217 series (val=50, C=25, T=270, batch=16) ...
    stage 3/3: scoring on 638 test series (accuracy + AOPCR) ...
    [mlflow] versioned model 'seanet_gated_last_topk__mstcn_sep_gated_topk_conjunctive' (id=m-94d82e0957014b1889160762038ff047) params={'model_size_mb': '1.5067', 'n_model_params': '62850', 'name': 'seanet_gated_last_topk'}
    [mlflow] logged run 'seanet_gated_last_topk_WordSynonyms'  (train_acc=1.0000 val_acc=0.7600 test_acc=0.7132 test_loss=1.1772)
[ 83/129] WordSynonyms                 DONE  acc=0.7132 loss=1.1772 AOPCR=  1.234 NDCG=  n/a C= 25 T=  270 (31s)  [82 trained / 0 failed so far]
[ 84/129] Worms
    stage 1/3: loading data ...
    stage 2/3: training on 146 series (val=35, C=5, T=900, batch=14) ...
    stage 3/3: scoring on 77 test series (accuracy + AOPCR) ...
    [mlflow] versioned model 'seanet_gated_last_topk__mstcn_sep_gated_topk_conjunctive' (id=m-030ac9c625a14491b41a907d48bcb458) params={'model_size_mb': '1.5011', 'n_model_params': '61370', 'name': 'seanet_gated_last_topk'}
    [mlflow] logged run 'seanet_gated_last_topk_Worms'  (train_acc=0.9726 val_acc=0.7429 test_acc=0.6623 test_loss=0.8464)
[ 84/129] Worms                        DONE  acc=0.6623 loss=0.8464 AOPCR=  1.578 NDCG=  n/a C=  5 T=  900 (7s)  [83 trained / 0 failed so far]
[ 85/129] WormsTwoClass
    stage 1/3: loading data ...
    stage 2/3: training on 145 series (val=36, C=2, T=900, batch=14) ...
    stage 3/3: scoring on 77 test series (accuracy + AOPCR) ...
    [mlflow] versioned model 'seanet_gated_last_topk__mstcn_sep_gated_topk_conjunctive' (id=m-8425c27f09234c239407bc1940597263) params={'model_size_mb': '1.5003', 'n_model_params': '61148', 'name': 'seanet_gated_last_topk'}
    [mlflow] logged run 'seanet_gated_last_topk_WormsTwoClass'  (train_acc=1.0000 val_acc=0.7778 test_acc=0.5714 test_loss=0.8353)
[ 85/129] WormsTwoClass                DONE  acc=0.5714 loss=0.8353 AOPCR=  2.223 NDCG=  n/a C=  2 T=  900 (9s)  [84 trained / 0 failed so far]
[ 86/129] Yoga
    stage 1/3: loading data ...
    stage 2/3: training on 241 series (val=59, C=2, T=426, batch=16) ...
    stage 3/3: scoring on 3000 test series (accuracy + AOPCR) ...
    [mlflow] versioned model 'seanet_gated_last_topk__mstcn_sep_gated_topk_conjunctive' (id=m-137e85f1ae614201991d98621a706fe8) params={'model_size_mb': '1.5003', 'n_model_params': '61148', 'name': 'seanet_gated_last_topk'}
    [mlflow] logged run 'seanet_gated_last_topk_Yoga'  (train_acc=1.0000 val_acc=0.9661 test_acc=0.8840 test_loss=0.2879)
[ 86/129] Yoga                         DONE  acc=0.8840 loss=0.2879 AOPCR=  1.503 NDCG=  n/a C=  2 T=  426 (20s)  [85 trained / 0 failed so far]
[ 87/129] ACSF1
    stage 1/3: loading data ...
    stage 2/3: training on 80 series (val=20, C=10, T=1460, batch=8) ...
    stage 3/3: scoring on 100 test series (accuracy + AOPCR) ...
    [mlflow] versioned model 'seanet_gated_last_topk__mstcn_sep_gated_topk_conjunctive' (id=m-7ca08ed563e946bbb5ba2c989c24a394) params={'model_size_mb': '1.5025', 'n_model_params': '61740', 'name': 'seanet_gated_last_topk'}
    [mlflow] logged run 'seanet_gated_last_topk_ACSF1'  (train_acc=0.9375 val_acc=0.8500 test_acc=0.7600 test_loss=0.7506)
[ 87/129] ACSF1                        DONE  acc=0.7600 loss=0.7506 AOPCR=  1.360 NDCG=  n/a C= 10 T= 1460 (14s)  [86 trained / 0 failed so far]
[ 88/129] AllGestureWiimoteX
    stage 1/3: loading data ...
    stage 2/3: training on 240 series (val=60, C=10, T=500, batch=16) ...
    stage 3/3: scoring on 700 test series (accuracy + AOPCR) ...
    [mlflow] versioned model 'seanet_gated_last_topk__mstcn_sep_gated_topk_conjunctive' (id=m-733278429df54e5b8a3ffa6f4876592a) params={'model_size_mb': '1.5025', 'n_model_params': '61740', 'name': 'seanet_gated_last_topk'}
    [mlflow] logged run 'seanet_gated_last_topk_AllGestureWiimoteX'  (train_acc=1.0000 val_acc=0.8333 test_acc=0.7714 test_loss=0.8312)
[ 88/129] AllGestureWiimoteX           DONE  acc=0.7714 loss=0.8312 AOPCR=  1.753 NDCG=  n/a C= 10 T=  500 (20s)  [87 trained / 0 failed so far]
[ 89/129] AllGestureWiimoteY
    stage 1/3: loading data ...
    stage 2/3: training on 240 series (val=60, C=10, T=500, batch=16) ...
    stage 3/3: scoring on 700 test series (accuracy + AOPCR) ...
    [mlflow] versioned model 'seanet_gated_last_topk__mstcn_sep_gated_topk_conjunctive' (id=m-2edc29fbfa0e48a0bc1b3834f312ad57) params={'model_size_mb': '1.5025', 'n_model_params': '61740', 'name': 'seanet_gated_last_topk'}
    [mlflow] logged run 'seanet_gated_last_topk_AllGestureWiimoteY'  (train_acc=1.0000 val_acc=0.7667 test_acc=0.7786 test_loss=0.7571)
[ 89/129] AllGestureWiimoteY           DONE  acc=0.7786 loss=0.7571 AOPCR=  3.141 NDCG=  n/a C= 10 T=  500 (10s)  [88 trained / 0 failed so far]
[ 90/129] AllGestureWiimoteZ
    stage 1/3: loading data ...
    stage 2/3: training on 240 series (val=60, C=10, T=500, batch=16) ...
    stage 3/3: scoring on 700 test series (accuracy + AOPCR) ...
    [mlflow] versioned model 'seanet_gated_last_topk__mstcn_sep_gated_topk_conjunctive' (id=m-44af78db05ef48399f14946255a6eafe) params={'model_size_mb': '1.5025', 'n_model_params': '61740', 'name': 'seanet_gated_last_topk'}
    [mlflow] logged run 'seanet_gated_last_topk_AllGestureWiimoteZ'  (train_acc=1.0000 val_acc=0.7833 test_acc=0.7543 test_loss=0.8753)
[ 90/129] AllGestureWiimoteZ           DONE  acc=0.7543 loss=0.8753 AOPCR=  2.045 NDCG=  n/a C= 10 T=  500 (18s)  [89 trained / 0 failed so far]
[ 91/129] BME
    stage 1/3: loading data ...
    stage 2/3: training on 30 series (no val (train-loss early stop), C=3, T=128, batch=3) ...
    stage 3/3: scoring on 150 test series (accuracy + AOPCR) ...
    [mlflow] versioned model 'seanet_gated_last_topk__mstcn_sep_gated_topk_conjunctive' (id=m-333be38e289d40bb83038951e837b561) params={'model_size_mb': '1.5006', 'n_model_params': '61222', 'name': 'seanet_gated_last_topk'}
    [mlflow] logged run 'seanet_gated_last_topk_BME'  (train_acc=1.0000 test_acc=0.9933 test_loss=0.1060)
[ 91/129] BME                          DONE  acc=0.9933 loss=0.1060 AOPCR=  0.853 NDCG=  n/a C=  3 T=  128 (16s)  [90 trained / 0 failed so far]
[ 92/129] Chinatown
    stage 1/3: loading data ...
    stage 2/3: training on 20 series (no val (train-loss early stop), C=2, T=24, batch=2) ...
    stage 3/3: scoring on 343 test series (accuracy + AOPCR) ...
    [mlflow] versioned model 'seanet_gated_last_topk__mstcn_sep_gated_topk_conjunctive' (id=m-621974588c4b401d8e255513bae576ff) params={'model_size_mb': '1.5003', 'n_model_params': '61148', 'name': 'seanet_gated_last_topk'}
    [mlflow] logged run 'seanet_gated_last_topk_Chinatown'  (train_acc=1.0000 test_acc=0.9854 test_loss=0.1110)
[ 92/129] Chinatown                    DONE  acc=0.9854 loss=0.1110 AOPCR=  0.421 NDCG=  n/a C=  2 T=   24 (11s)  [91 trained / 0 failed so far]
[ 93/129] Crop
    stage 1/3: loading data ...
    stage 2/3: training on 5760 series (val=1440, C=24, T=46, batch=16) ...
