[log] command 'train' started at 2026-07-24_12-05-49 for model 'seanet_gated_last_topk__mstcn_sep_gated_topk_conjunctive'
[log] a copy of everything below is being saved to: results/SEA_NET/seanet_gated_last_topk__mstcn_sep_gated_topk_conjunctive/logs/train_2026-07-24_12-05-49.log

=== train: model=seanet_gated_last_topk__mstcn_sep_gated_topk_conjunctive (config sv4/seanet_gated_last_topk) device=cuda mode=full datasets=129 ===
[params] using DEFAULT recipe (no Optuna record yet - run 'python main.py optuna --model sv4/seanet_gated_last_topk').
  results  -> results/SEA_NET/seanet_gated_last_topk__mstcn_sep_gated_topk_conjunctive/results.csv
  resume   -> results/SEA_NET/seanet_gated_last_topk__mstcn_sep_gated_topk_conjunctive/done_train_dataset.txt  (delete it to retrain everything; delete one line to retrain that dataset)

  [mlflow] logging runs to experiment 'SEA-Net_seanet_gated_last_topk__mstcn_sep_gated_topk_conjunctive_2026-07-24' at sqlite:///mlflow.db
  [mlflow] browse later with:  mlflow ui --backend-store-uri sqlite:///mlflow.db
[  1/129] WebTraffic                   already done -> skip
[  2/129] Adiac                        already done -> skip
[  3/129] ArrowHead                    already done -> skip
[  4/129] Beef                         already done -> skip
[  5/129] BeetleFly                    already done -> skip
[  6/129] BirdChicken                  already done -> skip
[  7/129] Car                          already done -> skip
[  8/129] CBF                          already done -> skip
[  9/129] ChlorineConcentration        already done -> skip
[ 10/129] CinCECGTorso                 already done -> skip
[ 11/129] Coffee                       already done -> skip
[ 12/129] Computers                    already done -> skip
[ 13/129] CricketX                     already done -> skip
[ 14/129] CricketY                     already done -> skip
[ 15/129] CricketZ                     already done -> skip
[ 16/129] DiatomSizeReduction          already done -> skip
[ 17/129] DistalPhalanxOutlineAgeGroup already done -> skip
[ 18/129] DistalPhalanxOutlineCorrect  already done -> skip
[ 19/129] DistalPhalanxTW              already done -> skip
[ 20/129] Earthquakes                  already done -> skip
[ 21/129] ECG200                       already done -> skip
[ 22/129] ECG5000                      already done -> skip
[ 23/129] ECGFiveDays                  already done -> skip
[ 24/129] ElectricDevices              already done -> skip
[ 25/129] FaceAll                      already done -> skip
[ 26/129] FaceFour                     already done -> skip
[ 27/129] FacesUCR                     already done -> skip
[ 28/129] FiftyWords                   already done -> skip
[ 29/129] Fish                         already done -> skip
[ 30/129] FordA                        already done -> skip
[ 31/129] FordB                        already done -> skip
[ 32/129] GunPoint                     already done -> skip
[ 33/129] Ham                          already done -> skip
[ 34/129] HandOutlines                 already done -> skip
[ 35/129] Haptics                      already done -> skip
[ 36/129] Herring                      already done -> skip
[ 37/129] InlineSkate                  already done -> skip
[ 38/129] InsectWingbeatSound          already done -> skip
[ 39/129] ItalyPowerDemand             already done -> skip
[ 40/129] LargeKitchenAppliances       already done -> skip
[ 41/129] Lightning2                   already done -> skip
[ 42/129] Lightning7                   already done -> skip
[ 43/129] Mallat                       already done -> skip
[ 44/129] Meat                         already done -> skip
[ 45/129] MedicalImages                already done -> skip
[ 46/129] MiddlePhalanxOutlineAgeGroup already done -> skip
[ 47/129] MiddlePhalanxOutlineCorrect  already done -> skip
[ 48/129] MiddlePhalanxTW              already done -> skip
[ 49/129] MoteStrain                   already done -> skip
[ 50/129] NonInvasiveFetalECGThorax1   already done -> skip
[ 51/129] NonInvasiveFetalECGThorax2   already done -> skip
[ 52/129] OliveOil                     already done -> skip
[ 53/129] OSULeaf                      already done -> skip
[ 54/129] PhalangesOutlinesCorrect     already done -> skip
[ 55/129] Phoneme                      already done -> skip
[ 56/129] Plane                        already done -> skip
[ 57/129] ProximalPhalanxOutlineAgeGroup already done -> skip
[ 58/129] ProximalPhalanxOutlineCorrect already done -> skip
[ 59/129] ProximalPhalanxTW            already done -> skip
[ 60/129] RefrigerationDevices         already done -> skip
[ 61/129] ScreenType                   already done -> skip
[ 62/129] ShapeletSim                  already done -> skip
[ 63/129] ShapesAll                    already done -> skip
[ 64/129] SmallKitchenAppliances       already done -> skip
[ 65/129] SonyAIBORobotSurface1        already done -> skip
[ 66/129] SonyAIBORobotSurface2        already done -> skip
[ 67/129] StarLightCurves              already done -> skip
[ 68/129] Strawberry                   already done -> skip
[ 69/129] SwedishLeaf                  already done -> skip
[ 70/129] Symbols                      already done -> skip
[ 71/129] SyntheticControl             already done -> skip
[ 72/129] ToeSegmentation1             already done -> skip
[ 73/129] ToeSegmentation2             already done -> skip
[ 74/129] Trace                        already done -> skip
[ 75/129] TwoLeadECG                   already done -> skip
[ 76/129] TwoPatterns                  already done -> skip
[ 77/129] UWaveGestureLibraryAll       already done -> skip
[ 78/129] UWaveGestureLibraryX         already done -> skip
[ 79/129] UWaveGestureLibraryY         already done -> skip
[ 80/129] UWaveGestureLibraryZ         already done -> skip
[ 81/129] Wafer                        already done -> skip
[ 82/129] Wine                         already done -> skip
[ 83/129] WordSynonyms                 already done -> skip
[ 84/129] Worms                        already done -> skip
[ 85/129] WormsTwoClass                already done -> skip
[ 86/129] Yoga                         already done -> skip
[ 87/129] ACSF1                        already done -> skip
[ 88/129] AllGestureWiimoteX           already done -> skip
[ 89/129] AllGestureWiimoteY           already done -> skip
[ 90/129] AllGestureWiimoteZ           already done -> skip
[ 91/129] BME                          already done -> skip
[ 92/129] Chinatown                    already done -> skip
[ 93/129] Crop
    stage 1/3: loading data ...
    stage 2/3: training on 5760 series (val=1440, C=24, T=46, batch=16) ...
    stage 3/3: scoring on 16800 test series (accuracy + AOPCR) ...
    [mlflow] versioned model 'seanet_gated_last_topk__mstcn_sep_gated_topk_conjunctive' (id=m-273af10b162c43488aba0e0fd2248a52) params={'model_size_mb': '1.5065', 'n_model_params': '62776', 'name': 'seanet_gated_last_topk'}
    [mlflow] logged run 'seanet_gated_last_topk_Crop'  (train_acc=0.8066 val_acc=0.7104 test_acc=0.7152 test_loss=0.9098)
[ 93/129] Crop                         DONE  acc=0.7152 loss=0.9098 AOPCR=  0.960 NDCG=  n/a C= 24 T=   46 (316s)  [1 trained / 0 failed so far]
[ 94/129] DodgerLoopDay
    stage 1/3: loading data ...
    stage 2/3: training on 78 series (no val (train-loss early stop), C=7, T=288, batch=7) ...
    stage 3/3: scoring on 80 test series (accuracy + AOPCR) ...
    [mlflow] versioned model 'seanet_gated_last_topk__mstcn_sep_gated_topk_conjunctive' (id=m-096951282e2a43df8042aab35550c93b) params={'model_size_mb': '1.5017', 'n_model_params': '61518', 'name': 'seanet_gated_last_topk'}
    [mlflow] logged run 'seanet_gated_last_topk_DodgerLoopDay'  (train_acc=1.0000 test_acc=0.5375 test_loss=1.2490)
[ 94/129] DodgerLoopDay                DONE  acc=0.5375 loss=1.2490 AOPCR=  0.469 NDCG=  n/a C=  7 T=  288 (47s)  [2 trained / 0 failed so far]
[ 95/129] DodgerLoopGame
    stage 1/3: loading data ...
    stage 2/3: training on 20 series (no val (train-loss early stop), C=2, T=288, batch=2) ...
    stage 3/3: scoring on 138 test series (accuracy + AOPCR) ...
    [mlflow] versioned model 'seanet_gated_last_topk__mstcn_sep_gated_topk_conjunctive' (id=m-0bcb2bf1dfa5443c903727cbf4559dec) params={'model_size_mb': '1.5003', 'n_model_params': '61148', 'name': 'seanet_gated_last_topk'}
    [mlflow] logged run 'seanet_gated_last_topk_DodgerLoopGame'  (train_acc=1.0000 test_acc=0.8986 test_loss=0.2778)
[ 95/129] DodgerLoopGame               DONE  acc=0.8986 loss=0.2778 AOPCR=  0.541 NDCG=  n/a C=  2 T=  288 (16s)  [3 trained / 0 failed so far]
[ 96/129] DodgerLoopWeekend
    stage 1/3: loading data ...
    stage 2/3: training on 20 series (no val (train-loss early stop), C=2, T=288, batch=2) ...
    stage 3/3: scoring on 138 test series (accuracy + AOPCR) ...
    [mlflow] versioned model 'seanet_gated_last_topk__mstcn_sep_gated_topk_conjunctive' (id=m-20e8935824b84416b94898ecfddd34c6) params={'model_size_mb': '1.5003', 'n_model_params': '61148', 'name': 'seanet_gated_last_topk'}
    [mlflow] logged run 'seanet_gated_last_topk_DodgerLoopWeekend'  (train_acc=1.0000 test_acc=0.9783 test_loss=0.1187)
[ 96/129] DodgerLoopWeekend            DONE  acc=0.9783 loss=0.1187 AOPCR=  1.617 NDCG=  n/a C=  2 T=  288 (30s)  [4 trained / 0 failed so far]
[ 97/129] EOGHorizontalSignal
    stage 1/3: loading data ...
    stage 2/3: training on 290 series (val=72, C=12, T=1250, batch=16) ...
    stage 3/3: scoring on 362 test series (accuracy + AOPCR) ...
    [mlflow] versioned model 'seanet_gated_last_topk__mstcn_sep_gated_topk_conjunctive' (id=m-b698b4f53a6e4b81a90e9aa1df5539b9) params={'model_size_mb': '1.5031', 'n_model_params': '61888', 'name': 'seanet_gated_last_topk'}
    [mlflow] logged run 'seanet_gated_last_topk_EOGHorizontalSignal'  (train_acc=1.0000 val_acc=0.8611 test_acc=0.5497 test_loss=1.6262)
[ 97/129] EOGHorizontalSignal          DONE  acc=0.5497 loss=1.6262 AOPCR=  1.818 NDCG=  n/a C= 12 T= 1250 (64s)  [5 trained / 0 failed so far]
[ 98/129] EOGVerticalSignal
    stage 1/3: loading data ...
    stage 2/3: training on 290 series (val=72, C=12, T=1250, batch=16) ...
    stage 3/3: scoring on 362 test series (accuracy + AOPCR) ...
    [mlflow] versioned model 'seanet_gated_last_topk__mstcn_sep_gated_topk_conjunctive' (id=m-74e5e1a1f3f6413ab6ff0d048a7d4045) params={'model_size_mb': '1.5031', 'n_model_params': '61888', 'name': 'seanet_gated_last_topk'}
    [mlflow] logged run 'seanet_gated_last_topk_EOGVerticalSignal'  (train_acc=1.0000 val_acc=0.7361 test_acc=0.4779 test_loss=1.8422)
[ 98/129] EOGVerticalSignal            DONE  acc=0.4779 loss=1.8422 AOPCR=  1.347 NDCG=  n/a C= 12 T= 1250 (45s)  [6 trained / 0 failed so far]
[ 99/129] EthanolLevel
    stage 1/3: loading data ...
    stage 2/3: training on 404 series (val=100, C=4, T=1751, batch=16) ...
    stage 3/3: scoring on 500 test series (accuracy + AOPCR) ...
    [mlflow] versioned model 'seanet_gated_last_topk__mstcn_sep_gated_topk_conjunctive' (id=m-9122595d4b6f46b780d7a25791f36741) params={'model_size_mb': '1.5009', 'n_model_params': '61296', 'name': 'seanet_gated_last_topk'}
    [mlflow] logged run 'seanet_gated_last_topk_EthanolLevel'  (train_acc=0.9703 val_acc=0.8300 test_acc=0.8000 test_loss=0.5013)
[ 99/129] EthanolLevel                 DONE  acc=0.8000 loss=0.5013 AOPCR= -0.541 NDCG=  n/a C=  4 T= 1751 (88s)  [7 trained / 0 failed so far]
[100/129] FreezerRegularTrain
    stage 1/3: loading data ...
    stage 2/3: training on 120 series (val=30, C=2, T=301, batch=12) ...
    stage 3/3: scoring on 2850 test series (accuracy + AOPCR) ...
    [mlflow] versioned model 'seanet_gated_last_topk__mstcn_sep_gated_topk_conjunctive' (id=m-5d5ecb9ed663456387f339e66efd2670) params={'model_size_mb': '1.5003', 'n_model_params': '61148', 'name': 'seanet_gated_last_topk'}
    [mlflow] logged run 'seanet_gated_last_topk_FreezerRegularTrain'  (train_acc=1.0000 val_acc=0.9667 test_acc=0.9926 test_loss=0.0722)
[100/129] FreezerRegularTrain          DONE  acc=0.9926 loss=0.0722 AOPCR= -1.448 NDCG=  n/a C=  2 T=  301 (19s)  [8 trained / 0 failed so far]
[101/129] FreezerSmallTrain
    stage 1/3: loading data ...
    stage 2/3: training on 28 series (no val (train-loss early stop), C=2, T=301, batch=2) ...
    stage 3/3: scoring on 2850 test series (accuracy + AOPCR) ...
    [mlflow] versioned model 'seanet_gated_last_topk__mstcn_sep_gated_topk_conjunctive' (id=m-1b14916d8b5a483f9969b04e71751757) params={'model_size_mb': '1.5003', 'n_model_params': '61148', 'name': 'seanet_gated_last_topk'}
    [mlflow] logged run 'seanet_gated_last_topk_FreezerSmallTrain'  (train_acc=1.0000 test_acc=0.6730 test_loss=0.8619)
[101/129] FreezerSmallTrain            DONE  acc=0.6730 loss=0.8619 AOPCR=  0.573 NDCG=  n/a C=  2 T=  301 (22s)  [9 trained / 0 failed so far]
[102/129] Fungi
    stage 1/3: loading data ...
    stage 2/3: training on 18 series (no val (train-loss early stop), C=18, T=201, batch=2) ...
    stage 3/3: scoring on 186 test series (accuracy + AOPCR) ...
    [mlflow] versioned model 'seanet_gated_last_topk__mstcn_sep_gated_topk_conjunctive' (id=m-a17f8b218921416f9f77efbb0c2f3f55) params={'model_size_mb': '1.5048', 'n_model_params': '62332', 'name': 'seanet_gated_last_topk'}
    [mlflow] logged run 'seanet_gated_last_topk_Fungi'  (train_acc=1.0000 test_acc=0.9892 test_loss=0.1389)
[102/129] Fungi                        DONE  acc=0.9892 loss=0.1389 AOPCR=  1.351 NDCG=  n/a C= 18 T=  201 (11s)  [10 trained / 0 failed so far]
[103/129] GestureMidAirD1
    stage 1/3: loading data ...
    stage 2/3: training on 182 series (val=26, C=26, T=360, batch=16) ...
    stage 3/3: scoring on 130 test series (accuracy + AOPCR) ...
    [mlflow] versioned model 'seanet_gated_last_topk__mstcn_sep_gated_topk_conjunctive' (id=m-f30c81dcf9ab4bcd8fb2cb1f1d850b93) params={'model_size_mb': '1.507', 'n_model_params': '62924', 'name': 'seanet_gated_last_topk'}
    [mlflow] logged run 'seanet_gated_last_topk_GestureMidAirD1'  (train_acc=0.9780 val_acc=0.8077 test_acc=0.7077 test_loss=1.0999)
[103/129] GestureMidAirD1              DONE  acc=0.7077 loss=1.0999 AOPCR=  3.122 NDCG=  n/a C= 26 T=  360 (13s)  [11 trained / 0 failed so far]
[104/129] GestureMidAirD2
    stage 1/3: loading data ...
    stage 2/3: training on 182 series (val=26, C=26, T=360, batch=16) ...
    stage 3/3: scoring on 130 test series (accuracy + AOPCR) ...
    [mlflow] versioned model 'seanet_gated_last_topk__mstcn_sep_gated_topk_conjunctive' (id=m-a7e286c6a5984fc9b212265ad69d0285) params={'model_size_mb': '1.507', 'n_model_params': '62924', 'name': 'seanet_gated_last_topk'}
    [mlflow] logged run 'seanet_gated_last_topk_GestureMidAirD2'  (train_acc=0.7967 val_acc=0.5769 test_acc=0.5615 test_loss=1.1156)
[104/129] GestureMidAirD2              DONE  acc=0.5615 loss=1.1156 AOPCR=  2.010 NDCG=  n/a C= 26 T=  360 (11s)  [12 trained / 0 failed so far]
[105/129] GestureMidAirD3
    stage 1/3: loading data ...
    stage 2/3: training on 182 series (val=26, C=26, T=360, batch=16) ...
    stage 3/3: scoring on 130 test series (accuracy + AOPCR) ...
    [mlflow] versioned model 'seanet_gated_last_topk__mstcn_sep_gated_topk_conjunctive' (id=m-e908575a9018451387e445ea01fea1be) params={'model_size_mb': '1.507', 'n_model_params': '62924', 'name': 'seanet_gated_last_topk'}
    [mlflow] logged run 'seanet_gated_last_topk_GestureMidAirD3'  (train_acc=0.7582 val_acc=0.3462 test_acc=0.3462 test_loss=2.2740)
[105/129] GestureMidAirD3              DONE  acc=0.3462 loss=2.2740 AOPCR=  2.465 NDCG=  n/a C= 26 T=  360 (9s)  [13 trained / 0 failed so far]
[106/129] GesturePebbleZ1
    stage 1/3: loading data ...
    stage 2/3: training on 107 series (val=25, C=6, T=455, batch=10) ...
    stage 3/3: scoring on 172 test series (accuracy + AOPCR) ...
    [mlflow] versioned model 'seanet_gated_last_topk__mstcn_sep_gated_topk_conjunctive' (id=m-8ff964935e9c493bab99ac4e0fcec46e) params={'model_size_mb': '1.5014', 'n_model_params': '61444', 'name': 'seanet_gated_last_topk'}
    [mlflow] logged run 'seanet_gated_last_topk_GesturePebbleZ1'  (train_acc=1.0000 val_acc=1.0000 test_acc=0.9186 test_loss=0.2941)
[106/129] GesturePebbleZ1              DONE  acc=0.9186 loss=0.2941 AOPCR=  1.914 NDCG=  n/a C=  6 T=  455 (20s)  [14 trained / 0 failed so far]
[107/129] GesturePebbleZ2
    stage 1/3: loading data ...
    stage 2/3: training on 120 series (val=26, C=6, T=455, batch=12) ...
    stage 3/3: scoring on 158 test series (accuracy + AOPCR) ...
    [mlflow] versioned model 'seanet_gated_last_topk__mstcn_sep_gated_topk_conjunctive' (id=m-031e5f31fdcd4890abb9acfa09ff6a8c) params={'model_size_mb': '1.5014', 'n_model_params': '61444', 'name': 'seanet_gated_last_topk'}
    [mlflow] logged run 'seanet_gated_last_topk_GesturePebbleZ2'  (train_acc=1.0000 val_acc=1.0000 test_acc=0.8734 test_loss=0.4159)
[107/129] GesturePebbleZ2              DONE  acc=0.8734 loss=0.4159 AOPCR=  1.642 NDCG=  n/a C=  6 T=  455 (18s)  [15 trained / 0 failed so far]
[108/129] GunPointAgeSpan
    stage 1/3: loading data ...
    stage 2/3: training on 109 series (val=26, C=2, T=150, batch=10) ...
    stage 3/3: scoring on 316 test series (accuracy + AOPCR) ...
    [mlflow] versioned model 'seanet_gated_last_topk__mstcn_sep_gated_topk_conjunctive' (id=m-f9591c0f3ed4452a89a3f2cdcd113d63) params={'model_size_mb': '1.5003', 'n_model_params': '61148', 'name': 'seanet_gated_last_topk'}
    [mlflow] logged run 'seanet_gated_last_topk_GunPointAgeSpan'  (train_acc=1.0000 val_acc=0.9615 test_acc=0.9778 test_loss=0.0985)
[108/129] GunPointAgeSpan              DONE  acc=0.9778 loss=0.0985 AOPCR=  0.292 NDCG=  n/a C=  2 T=  150 (21s)  [16 trained / 0 failed so far]
[109/129] GunPointMaleVersusFemale
    stage 1/3: loading data ...
    stage 2/3: training on 109 series (val=26, C=2, T=150, batch=10) ...
    stage 3/3: scoring on 316 test series (accuracy + AOPCR) ...
    [mlflow] versioned model 'seanet_gated_last_topk__mstcn_sep_gated_topk_conjunctive' (id=m-ee5aca2b26114532a46ac2bff89fc7e8) params={'model_size_mb': '1.5003', 'n_model_params': '61148', 'name': 'seanet_gated_last_topk'}
    [mlflow] logged run 'seanet_gated_last_topk_GunPointMaleVersusFemale'  (train_acc=1.0000 val_acc=1.0000 test_acc=0.9873 test_loss=0.0912)
[109/129] GunPointMaleVersusFemale     DONE  acc=0.9873 loss=0.0912 AOPCR=  1.627 NDCG=  n/a C=  2 T=  150 (32s)  [17 trained / 0 failed so far]
[110/129] GunPointOldVersusYoung
    stage 1/3: loading data ...
    stage 2/3: training on 109 series (val=27, C=2, T=150, batch=10) ...
    stage 3/3: scoring on 315 test series (accuracy + AOPCR) ...
    [mlflow] versioned model 'seanet_gated_last_topk__mstcn_sep_gated_topk_conjunctive' (id=m-42b66a2891224242b2cfebe266c32ca6) params={'model_size_mb': '1.5003', 'n_model_params': '61148', 'name': 'seanet_gated_last_topk'}
    [mlflow] logged run 'seanet_gated_last_topk_GunPointOldVersusYoung'  (train_acc=1.0000 val_acc=1.0000 test_acc=0.9778 test_loss=0.1079)
[110/129] GunPointOldVersusYoung       DONE  acc=0.9778 loss=0.1079 AOPCR=  2.840 NDCG=  n/a C=  2 T=  150 (39s)  [18 trained / 0 failed so far]
[111/129] HouseTwenty
    stage 1/3: loading data ...
    stage 2/3: training on 40 series (no val (train-loss early stop), C=2, T=2000, batch=4) ...
    stage 3/3: scoring on 119 test series (accuracy + AOPCR) ...
    [mlflow] versioned model 'seanet_gated_last_topk__mstcn_sep_gated_topk_conjunctive' (id=m-54b59f4d39974954aa0df7b8fbcfb553) params={'model_size_mb': '1.5003', 'n_model_params': '61148', 'name': 'seanet_gated_last_topk'}
    [mlflow] logged run 'seanet_gated_last_topk_HouseTwenty'  (train_acc=1.0000 test_acc=0.9580 test_loss=0.1727)
[111/129] HouseTwenty                  DONE  acc=0.9580 loss=0.1727 AOPCR=  1.777 NDCG=  n/a C=  2 T= 2000 (28s)  [19 trained / 0 failed so far]
[112/129] InsectEPGRegularTrain
    stage 1/3: loading data ...
    stage 2/3: training on 62 series (no val (train-loss early stop), C=3, T=601, batch=6) ...
    stage 3/3: scoring on 249 test series (accuracy + AOPCR) ...
    [mlflow] versioned model 'seanet_gated_last_topk__mstcn_sep_gated_topk_conjunctive' (id=m-fd09c8ce111c40e1b7d92bbc0dfe16fd) params={'model_size_mb': '1.5006', 'n_model_params': '61222', 'name': 'seanet_gated_last_topk'}
    [mlflow] logged run 'seanet_gated_last_topk_InsectEPGRegularTrain'  (train_acc=1.0000 test_acc=0.9960 test_loss=0.1105)
[112/129] InsectEPGRegularTrain        DONE  acc=0.9960 loss=0.1105 AOPCR=  2.283 NDCG=  n/a C=  3 T=  601 (23s)  [20 trained / 0 failed so far]
[113/129] InsectEPGSmallTrain
    stage 1/3: loading data ...
    stage 2/3: training on 17 series (no val (train-loss early stop), C=3, T=601, batch=2) ...
    stage 3/3: scoring on 249 test series (accuracy + AOPCR) ...
    [mlflow] versioned model 'seanet_gated_last_topk__mstcn_sep_gated_topk_conjunctive' (id=m-9a4fd98c95b54da58bbff0e2a705550d) params={'model_size_mb': '1.5006', 'n_model_params': '61222', 'name': 'seanet_gated_last_topk'}
    [mlflow] logged run 'seanet_gated_last_topk_InsectEPGSmallTrain'  (train_acc=1.0000 test_acc=0.9277 test_loss=0.2404)
[113/129] InsectEPGSmallTrain          DONE  acc=0.9277 loss=0.2404 AOPCR=  2.282 NDCG=  n/a C=  3 T=  601 (15s)  [21 trained / 0 failed so far]
[114/129] MelbournePedestrian
    stage 1/3: loading data ...
    stage 2/3: training on 956 series (val=238, C=10, T=24, batch=16) ...
    stage 3/3: scoring on 2439 test series (accuracy + AOPCR) ...
    [mlflow] versioned model 'seanet_gated_last_topk__mstcn_sep_gated_topk_conjunctive' (id=m-8d1c4bc8263b40938046948870f96f05) params={'model_size_mb': '1.5025', 'n_model_params': '61740', 'name': 'seanet_gated_last_topk'}
    [mlflow] logged run 'seanet_gated_last_topk_MelbournePedestrian'  (train_acc=0.9885 val_acc=0.9034 test_acc=0.8934 test_loss=0.3614)
[114/129] MelbournePedestrian          DONE  acc=0.8934 loss=0.3614 AOPCR=  0.326 NDCG=  n/a C= 10 T=   24 (71s)  [22 trained / 0 failed so far]
[115/129] MixedShapesRegularTrain
    stage 1/3: loading data ...
    stage 2/3: training on 400 series (val=100, C=5, T=1024, batch=16) ...
    stage 3/3: scoring on 2425 test series (accuracy + AOPCR) ...
    [mlflow] versioned model 'seanet_gated_last_topk__mstcn_sep_gated_topk_conjunctive' (id=m-3d863ca7aab34c6c8ad4f7efda70123e) params={'model_size_mb': '1.5011', 'n_model_params': '61370', 'name': 'seanet_gated_last_topk'}
    [mlflow] logged run 'seanet_gated_last_topk_MixedShapesRegularTrain'  (train_acc=1.0000 val_acc=0.9600 test_acc=0.9592 test_loss=0.2149)
[115/129] MixedShapesRegularTrain      DONE  acc=0.9592 loss=0.2149 AOPCR=  1.697 NDCG=  n/a C=  5 T= 1024 (84s)  [23 trained / 0 failed so far]
[116/129] MixedShapesSmallTrain
    stage 1/3: loading data ...
    stage 2/3: training on 80 series (val=20, C=5, T=1024, batch=8) ...
    stage 3/3: scoring on 2425 test series (accuracy + AOPCR) ...
    [mlflow] versioned model 'seanet_gated_last_topk__mstcn_sep_gated_topk_conjunctive' (id=m-3acbb7249c114cca8b698d7bc9f83c3f) params={'model_size_mb': '1.5011', 'n_model_params': '61370', 'name': 'seanet_gated_last_topk'}
    [mlflow] logged run 'seanet_gated_last_topk_MixedShapesSmallTrain'  (train_acc=1.0000 val_acc=0.9500 test_acc=0.8619 test_loss=0.4556)
[116/129] MixedShapesSmallTrain        DONE  acc=0.8619 loss=0.4556 AOPCR=  2.152 NDCG=  n/a C=  5 T= 1024 (11s)  [24 trained / 0 failed so far]
[117/129] PLAID
    stage 1/3: loading data ...
    stage 2/3: training on 436 series (val=101, C=11, T=1344, batch=16) ...
    stage 3/3: scoring on 537 test series (accuracy + AOPCR) ...
    [mlflow] versioned model 'seanet_gated_last_topk__mstcn_sep_gated_topk_conjunctive' (id=m-39d124df3105490190504086b00a4ff5) params={'model_size_mb': '1.5028', 'n_model_params': '61814', 'name': 'seanet_gated_last_topk'}
    [mlflow] logged run 'seanet_gated_last_topk_PLAID'  (train_acc=0.9564 val_acc=0.8515 test_acc=0.8547 test_loss=0.4644)
[117/129] PLAID                        DONE  acc=0.8547 loss=0.4644 AOPCR=  2.282 NDCG=  n/a C= 11 T= 1344 (54s)  [25 trained / 0 failed so far]
[118/129] PickupGestureWiimoteZ
    stage 1/3: loading data ...
    stage 2/3: training on 50 series (no val (train-loss early stop), C=10, T=361, batch=5) ...
    stage 3/3: scoring on 50 test series (accuracy + AOPCR) ...
    [mlflow] versioned model 'seanet_gated_last_topk__mstcn_sep_gated_topk_conjunctive' (id=m-5331d3a0d49741418093d6dc1decb778) params={'model_size_mb': '1.5025', 'n_model_params': '61740', 'name': 'seanet_gated_last_topk'}
    [mlflow] logged run 'seanet_gated_last_topk_PickupGestureWiimoteZ'  (train_acc=1.0000 test_acc=0.7800 test_loss=0.6615)
[118/129] PickupGestureWiimoteZ        DONE  acc=0.7800 loss=0.6615 AOPCR=  0.824 NDCG=  n/a C= 10 T=  361 (37s)  [26 trained / 0 failed so far]
[119/129] PigAirwayPressure
    stage 1/3: loading data ...
    stage 2/3: training on 52 series (val=52, C=52, T=2000, batch=5) ...
    stage 3/3: scoring on 208 test series (accuracy + AOPCR) ...
    [mlflow] versioned model 'seanet_gated_last_topk__mstcn_sep_gated_topk_conjunctive' (id=m-637c0c0cd7a44f97979671e8b16fa70e) params={'model_size_mb': '1.5144', 'n_model_params': '64848', 'name': 'seanet_gated_last_topk'}
    [mlflow] logged run 'seanet_gated_last_topk_PigAirwayPressure'  (train_acc=0.0962 val_acc=0.0385 test_acc=0.0433 test_loss=3.8814)
[119/129] PigAirwayPressure            DONE  acc=0.0433 loss=3.8814 AOPCR=  0.558 NDCG=  n/a C= 52 T= 2000 (8s)  [27 trained / 0 failed so far]
[120/129] PigArtPressure
    stage 1/3: loading data ...
    stage 2/3: training on 52 series (val=52, C=52, T=2000, batch=5) ...
    stage 3/3: scoring on 208 test series (accuracy + AOPCR) ...
    [mlflow] versioned model 'seanet_gated_last_topk__mstcn_sep_gated_topk_conjunctive' (id=m-47faa7b2623e4193b8cdc50d9a9fcd3a) params={'model_size_mb': '1.5144', 'n_model_params': '64848', 'name': 'seanet_gated_last_topk'}
    [mlflow] logged run 'seanet_gated_last_topk_PigArtPressure'  (train_acc=1.0000 val_acc=0.5769 test_acc=0.7067 test_loss=1.2835)
[120/129] PigArtPressure               DONE  acc=0.7067 loss=1.2835 AOPCR=  1.055 NDCG=  n/a C= 52 T= 2000 (25s)  [28 trained / 0 failed so far]
[121/129] PigCVP
    stage 1/3: loading data ...
    stage 2/3: training on 52 series (val=52, C=52, T=2000, batch=5) ...
    stage 3/3: scoring on 208 test series (accuracy + AOPCR) ...
    [mlflow] versioned model 'seanet_gated_last_topk__mstcn_sep_gated_topk_conjunctive' (id=m-9e022ec740b54a7f87c9b8b5af0ef992) params={'model_size_mb': '1.5144', 'n_model_params': '64848', 'name': 'seanet_gated_last_topk'}
    [mlflow] logged run 'seanet_gated_last_topk_PigCVP'  (train_acc=1.0000 val_acc=0.5962 test_acc=0.6394 test_loss=1.9499)
[121/129] PigCVP                       DONE  acc=0.6394 loss=1.9499 AOPCR=  1.259 NDCG=  n/a C= 52 T= 2000 (46s)  [29 trained / 0 failed so far]
[122/129] PowerCons
    stage 1/3: loading data ...
    stage 2/3: training on 144 series (val=36, C=2, T=144, batch=14) ...
    stage 3/3: scoring on 180 test series (accuracy + AOPCR) ...
    [mlflow] versioned model 'seanet_gated_last_topk__mstcn_sep_gated_topk_conjunctive' (id=m-b65f53c54d2d49b5922b613dbf09dca0) params={'model_size_mb': '1.5003', 'n_model_params': '61148', 'name': 'seanet_gated_last_topk'}
    [mlflow] logged run 'seanet_gated_last_topk_PowerCons'  (train_acc=1.0000 val_acc=1.0000 test_acc=0.9667 test_loss=0.1336)
[122/129] PowerCons                    DONE  acc=0.9667 loss=0.1336 AOPCR=  0.396 NDCG=  n/a C=  2 T=  144 (9s)  [30 trained / 0 failed so far]
[123/129] Rock
    stage 1/3: loading data ...
    stage 2/3: training on 20 series (no val (train-loss early stop), C=4, T=2844, batch=2) ...
    stage 3/3: scoring on 50 test series (accuracy + AOPCR) ...
    [mlflow] versioned model 'seanet_gated_last_topk__mstcn_sep_gated_topk_conjunctive' (id=m-03a3eb5f27544d908910fe8a446ccde7) params={'model_size_mb': '1.5009', 'n_model_params': '61296', 'name': 'seanet_gated_last_topk'}
    [mlflow] logged run 'seanet_gated_last_topk_Rock'  (train_acc=1.0000 test_acc=0.6600 test_loss=0.8467)
[123/129] Rock                         DONE  acc=0.6600 loss=0.8467 AOPCR=  1.421 NDCG=  n/a C=  4 T= 2844 (34s)  [31 trained / 0 failed so far]
[124/129] SemgHandGenderCh2
    stage 1/3: loading data ...
    stage 2/3: training on 240 series (val=60, C=2, T=1500, batch=16) ...
    stage 3/3: scoring on 600 test series (accuracy + AOPCR) ...
    [mlflow] versioned model 'seanet_gated_last_topk__mstcn_sep_gated_topk_conjunctive' (id=m-7f7d60393f40409ebb9203063cdca71b) params={'model_size_mb': '1.5003', 'n_model_params': '61148', 'name': 'seanet_gated_last_topk'}
    [mlflow] logged run 'seanet_gated_last_topk_SemgHandGenderCh2'  (train_acc=1.0000 val_acc=0.9167 test_acc=0.8950 test_loss=0.2854)
[124/129] SemgHandGenderCh2            DONE  acc=0.8950 loss=0.2854 AOPCR=  1.674 NDCG=  n/a C=  2 T= 1500 (26s)  [32 trained / 0 failed so far]
[125/129] SemgHandMovementCh2
    stage 1/3: loading data ...
    stage 2/3: training on 360 series (val=90, C=6, T=1500, batch=16) ...
    stage 3/3: scoring on 450 test series (accuracy + AOPCR) ...
    [mlflow] versioned model 'seanet_gated_last_topk__mstcn_sep_gated_topk_conjunctive' (id=m-a771ec282c1d4c59b97d67ca83f4315b) params={'model_size_mb': '1.5014', 'n_model_params': '61444', 'name': 'seanet_gated_last_topk'}
    [mlflow] logged run 'seanet_gated_last_topk_SemgHandMovementCh2'  (train_acc=0.6611 val_acc=0.4000 test_acc=0.3756 test_loss=1.5374)
[125/129] SemgHandMovementCh2          DONE  acc=0.3756 loss=1.5374 AOPCR=  1.591 NDCG=  n/a C=  6 T= 1500 (22s)  [33 trained / 0 failed so far]
[126/129] SemgHandSubjectCh2
    stage 1/3: loading data ...
    stage 2/3: training on 360 series (val=90, C=5, T=1500, batch=16) ...
    stage 3/3: scoring on 450 test series (accuracy + AOPCR) ...
    [mlflow] versioned model 'seanet_gated_last_topk__mstcn_sep_gated_topk_conjunctive' (id=m-d7c07c8b541e481cae08736257665bc7) params={'model_size_mb': '1.5011', 'n_model_params': '61370', 'name': 'seanet_gated_last_topk'}
    [mlflow] logged run 'seanet_gated_last_topk_SemgHandSubjectCh2'  (train_acc=1.0000 val_acc=0.7778 test_acc=0.7244 test_loss=0.7632)
[126/129] SemgHandSubjectCh2           DONE  acc=0.7244 loss=0.7632 AOPCR=  1.439 NDCG=  n/a C=  5 T= 1500 (34s)  [34 trained / 0 failed so far]
[127/129] ShakeGestureWiimoteZ
    stage 1/3: loading data ...
    stage 2/3: training on 50 series (no val (train-loss early stop), C=10, T=385, batch=5) ...
    stage 3/3: scoring on 50 test series (accuracy + AOPCR) ...
    [mlflow] versioned model 'seanet_gated_last_topk__mstcn_sep_gated_topk_conjunctive' (id=m-06b248a6554b41ab882457e7f18fd5f4) params={'model_size_mb': '1.5025', 'n_model_params': '61740', 'name': 'seanet_gated_last_topk'}
    [mlflow] logged run 'seanet_gated_last_topk_ShakeGestureWiimoteZ'  (train_acc=1.0000 test_acc=0.8800 test_loss=0.4142)
[127/129] ShakeGestureWiimoteZ         DONE  acc=0.8800 loss=0.4142 AOPCR=  0.762 NDCG=  n/a C= 10 T=  385 (37s)  [35 trained / 0 failed so far]
[128/129] SmoothSubspace
    stage 1/3: loading data ...
    stage 2/3: training on 120 series (val=30, C=3, T=15, batch=12) ...
    stage 3/3: scoring on 150 test series (accuracy + AOPCR) ...
    [mlflow] versioned model 'seanet_gated_last_topk__mstcn_sep_gated_topk_conjunctive' (id=m-0b0dcb71b6604393b31fa010d5605b00) params={'model_size_mb': '1.5006', 'n_model_params': '61222', 'name': 'seanet_gated_last_topk'}
    [mlflow] logged run 'seanet_gated_last_topk_SmoothSubspace'  (train_acc=1.0000 val_acc=1.0000 test_acc=0.9600 test_loss=0.1621)
[128/129] SmoothSubspace               DONE  acc=0.9600 loss=0.1621 AOPCR=  0.167 NDCG=  n/a C=  3 T=   15 (22s)  [36 trained / 0 failed so far]
[129/129] UMD
    stage 1/3: loading data ...
    stage 2/3: training on 36 series (no val (train-loss early stop), C=3, T=150, batch=3) ...
    stage 3/3: scoring on 144 test series (accuracy + AOPCR) ...
    [mlflow] versioned model 'seanet_gated_last_topk__mstcn_sep_gated_topk_conjunctive' (id=m-659015849de84163bb9e4699e83a1e27) params={'model_size_mb': '1.5006', 'n_model_params': '61222', 'name': 'seanet_gated_last_topk'}
    [mlflow] logged run 'seanet_gated_last_topk_UMD'  (train_acc=1.0000 test_acc=0.9861 test_loss=0.1169)
[129/129] UMD                          DONE  acc=0.9861 loss=0.1169 AOPCR=  0.881 NDCG=  n/a C=  3 T=  150 (42s)  [37 trained / 0 failed so far]

Done: 37 trained, 92 skipped, 0 failed.
Results -> results/SEA_NET/seanet_gated_last_topk__mstcn_sep_gated_topk_conjunctive/results.csv

=== seanet_gated_last_topk__mstcn_sep_gated_topk_conjunctive vs MILLET ConjunctiveInceptionTime (mean of 5 reps) ===
  UCR datasets evaluated: 128  (with MILLET baseline: 85, without: 43)
  metric        ours    MILLET   win/tie/loss   (mean over the 85 datasets MILLET published)
  acc         0.8015    0.8445       17/17/51   
  loss        0.5531    1.2241        59/0/26   (lower is better)
  aopcr       0.9674    4.5532         3/1/81   
  wrote results/SEA_NET/seanet_gated_last_topk__mstcn_sep_gated_topk_conjunctive/comparison_vs_millet.csv

Next: `python main.py report` to draw the figures for seanet_gated_last_topk__mstcn_sep_gated_topk_conjunctive.

[log] finished; full output saved to results/SEA_NET/seanet_gated_last_topk__mstcn_sep_gated_topk_conjunctive/logs/train_2026-07-24_12-05-49.log
