[log] command 'train' started at 2026-07-19_02-11-30 for model 'mstcn_sep_adaptive_classwise'
[log] a copy of everything below is being saved to: results/SEA_NET/mstcn_sep_adaptive_classwise/logs/train_2026-07-19_02-11-30.log

=== train: model=mstcn_sep_adaptive_classwise (config seanet_acp) device=cuda mode=full datasets=129 ===
[params] using DEFAULT recipe: `auto` has nothing to compare against yet (optuna-best test_acc 0.9380, default not recorded). This run records the default, then `auto` picks the better of the two.
  results  -> results/SEA_NET/mstcn_sep_adaptive_classwise/results.csv
  resume   -> results/SEA_NET/mstcn_sep_adaptive_classwise/done_train_dataset.txt  (delete it to retrain everything; delete one line to retrain that dataset)

  [mlflow] logging runs to experiment 'SEA-Net_mstcn_sep_adaptive_classwise_2026-07-19' at sqlite:///mlflow.db
  [mlflow] browse later with:  mlflow ui --backend-store-uri sqlite:///mlflow.db
[  1/129] WebTraffic
    stage 1/3: loading data ...
    stage 2/3: training on 400 series (val=100, C=10, T=1008, batch=16) ...
    stage 3/3: scoring on 500 test series (accuracy + AOPCR + NDCG) ...
    [mlflow] versioned model 'mstcn_sep_adaptive_classwise' (id=m-7cf1ed3edc6840d8b3b42e3d3ad7a14e) params={'model_size_mb': '3.5392', 'n_model_params': '269174', 'name': 'seanet_acp'}
    [mlflow] logged run 'seanet_acp_WebTraffic'  (train_acc=1.0000 val_acc=0.9200 test_acc=0.9440 test_loss=0.3004)
[  1/129] WebTraffic                   DONE  acc=0.9440 loss=0.3004 AOPCR=  1.500 NDCG=0.581 C= 10 T= 1008 (193s)  [1 trained / 0 failed so far]
[  2/129] Adiac
    stage 1/3: loading data ...
    stage 2/3: training on 328 series (val=62, C=37, T=176, batch=16) ...
    stage 3/3: scoring on 391 test series (accuracy + AOPCR) ...
    [mlflow] versioned model 'mstcn_sep_adaptive_classwise' (id=m-f38986ea938a4a09944d8b9bfa525542) params={'model_size_mb': '3.5535', 'n_model_params': '272927', 'name': 'seanet_acp'}
    [mlflow] logged run 'seanet_acp_Adiac'  (train_acc=0.9390 val_acc=0.7742 test_acc=0.7570 test_loss=0.9471)
[  2/129] Adiac                        DONE  acc=0.7570 loss=0.9471 AOPCR=  0.452 NDCG=  n/a C= 37 T=  176 (42s)  [2 trained / 0 failed so far]
[  3/129] ArrowHead
    stage 1/3: loading data ...
    stage 2/3: training on 36 series (no val (train-loss early stop), C=3, T=251, batch=3) ...
    stage 3/3: scoring on 175 test series (accuracy + AOPCR) ...
    [mlflow] versioned model 'mstcn_sep_adaptive_classwise' (id=m-bab245e374fa49cfbd1cdce1c1ed8dfe) params={'model_size_mb': '3.5355', 'n_model_params': '268201', 'name': 'seanet_acp'}
    [mlflow] logged run 'seanet_acp_ArrowHead'  (train_acc=1.0000 test_acc=0.8114 test_loss=0.4752)
[  3/129] ArrowHead                    DONE  acc=0.8114 loss=0.4752 AOPCR=  0.048 NDCG=  n/a C=  3 T=  251 (20s)  [3 trained / 0 failed so far]
[  4/129] Beef
    stage 1/3: loading data ...
    stage 2/3: training on 30 series (no val (train-loss early stop), C=5, T=470, batch=3) ...
    stage 3/3: scoring on 30 test series (accuracy + AOPCR) ...
    [mlflow] versioned model 'mstcn_sep_adaptive_classwise' (id=m-aaa4b27fe6094988ad942556b912f6cf) params={'model_size_mb': '3.5365', 'n_model_params': '268479', 'name': 'seanet_acp'}
    [mlflow] logged run 'seanet_acp_Beef'  (train_acc=1.0000 test_acc=0.7667 test_loss=0.6801)
[  4/129] Beef                         DONE  acc=0.7667 loss=0.6801 AOPCR=  1.639 NDCG=  n/a C=  5 T=  470 (27s)  [4 trained / 0 failed so far]
[  5/129] BeetleFly
    stage 1/3: loading data ...
    stage 2/3: training on 20 series (no val (train-loss early stop), C=2, T=512, batch=2) ...
    stage 3/3: scoring on 20 test series (accuracy + AOPCR) ...
    [mlflow] versioned model 'mstcn_sep_adaptive_classwise' (id=m-2207b308f1394378a386f021d2192679) params={'model_size_mb': '3.535', 'n_model_params': '268062', 'name': 'seanet_acp'}
    [mlflow] logged run 'seanet_acp_BeetleFly'  (train_acc=1.0000 test_acc=0.7500 test_loss=0.4323)
[  5/129] BeetleFly                    DONE  acc=0.7500 loss=0.4323 AOPCR=  0.424 NDCG=  n/a C=  2 T=  512 (23s)  [5 trained / 0 failed so far]
[  6/129] BirdChicken
    stage 1/3: loading data ...
    stage 2/3: training on 20 series (no val (train-loss early stop), C=2, T=512, batch=2) ...
    stage 3/3: scoring on 20 test series (accuracy + AOPCR) ...
    [mlflow] versioned model 'mstcn_sep_adaptive_classwise' (id=m-8b8812dcff584a0d92a0e56548030171) params={'model_size_mb': '3.535', 'n_model_params': '268062', 'name': 'seanet_acp'}
    [mlflow] logged run 'seanet_acp_BirdChicken'  (train_acc=1.0000 test_acc=0.9000 test_loss=0.2006)
[  6/129] BirdChicken                  DONE  acc=0.9000 loss=0.2006 AOPCR=  0.957 NDCG=  n/a C=  2 T=  512 (13s)  [6 trained / 0 failed so far]
[  7/129] Car
    stage 1/3: loading data ...
    stage 2/3: training on 60 series (no val (train-loss early stop), C=4, T=577, batch=6) ...
    stage 3/3: scoring on 60 test series (accuracy + AOPCR) ...
    [mlflow] versioned model 'mstcn_sep_adaptive_classwise' (id=m-8e6b093d35d34ee9868380e0d840913d) params={'model_size_mb': '3.5361', 'n_model_params': '268340', 'name': 'seanet_acp'}
    [mlflow] logged run 'seanet_acp_Car'  (train_acc=1.0000 test_acc=0.9333 test_loss=0.2811)
[  7/129] Car                          DONE  acc=0.9333 loss=0.2811 AOPCR=  2.087 NDCG=  n/a C=  4 T=  577 (32s)  [7 trained / 0 failed so far]
[  8/129] CBF
    stage 1/3: loading data ...
    stage 2/3: training on 30 series (no val (train-loss early stop), C=3, T=128, batch=3) ...
    stage 3/3: scoring on 900 test series (accuracy + AOPCR) ...
    [mlflow] versioned model 'mstcn_sep_adaptive_classwise' (id=m-701fa359efa14f778adb215806ca43f3) params={'model_size_mb': '3.5355', 'n_model_params': '268201', 'name': 'seanet_acp'}
    [mlflow] logged run 'seanet_acp_CBF'  (train_acc=1.0000 test_acc=0.9989 test_loss=0.1095)
[  8/129] CBF                          DONE  acc=0.9989 loss=0.1095 AOPCR=  0.982 NDCG=  n/a C=  3 T=  128 (40s)  [8 trained / 0 failed so far]
[  9/129] ChlorineConcentration
    stage 1/3: loading data ...
    stage 2/3: training on 375 series (val=92, C=3, T=166, batch=16) ...
    stage 3/3: scoring on 3840 test series (accuracy + AOPCR) ...
    [mlflow] versioned model 'mstcn_sep_adaptive_classwise' (id=m-0dabc239ca9d4b1682265c66bbdaee1e) params={'model_size_mb': '3.5355', 'n_model_params': '268201', 'name': 'seanet_acp'}
    [mlflow] logged run 'seanet_acp_ChlorineConcentration'  (train_acc=0.9733 val_acc=0.7935 test_acc=0.7565 test_loss=0.6090)
[  9/129] ChlorineConcentration        DONE  acc=0.7565 loss=0.6090 AOPCR=  0.228 NDCG=  n/a C=  3 T=  166 (64s)  [9 trained / 0 failed so far]
[ 10/129] CinCECGTorso
    stage 1/3: loading data ...
    stage 2/3: training on 40 series (no val (train-loss early stop), C=4, T=1639, batch=4) ...
    stage 3/3: scoring on 1380 test series (accuracy + AOPCR) ...
    [mlflow] versioned model 'mstcn_sep_adaptive_classwise' (id=m-f627e61f0ace4ecd8e7197afaebcf296) params={'model_size_mb': '3.5361', 'n_model_params': '268340', 'name': 'seanet_acp'}
    [mlflow] logged run 'seanet_acp_CinCECGTorso'  (train_acc=1.0000 test_acc=0.7514 test_loss=0.6725)
[ 10/129] CinCECGTorso                 DONE  acc=0.7514 loss=0.6725 AOPCR=  0.793 NDCG=  n/a C=  4 T= 1639 (35s)  [10 trained / 0 failed so far]
[ 11/129] Coffee
    stage 1/3: loading data ...
    stage 2/3: training on 28 series (no val (train-loss early stop), C=2, T=286, batch=2) ...
    stage 3/3: scoring on 28 test series (accuracy + AOPCR) ...
    [mlflow] versioned model 'mstcn_sep_adaptive_classwise' (id=m-aabbee8e510c4247ad86e582798d06fb) params={'model_size_mb': '3.535', 'n_model_params': '268062', 'name': 'seanet_acp'}
    [mlflow] logged run 'seanet_acp_Coffee'  (train_acc=1.0000 test_acc=1.0000 test_loss=0.0718)
[ 11/129] Coffee                       DONE  acc=1.0000 loss=0.0718 AOPCR=  0.271 NDCG=  n/a C=  2 T=  286 (63s)  [11 trained / 0 failed so far]
[ 12/129] Computers
    stage 1/3: loading data ...
    stage 2/3: training on 200 series (val=50, C=2, T=720, batch=16) ...
    stage 3/3: scoring on 250 test series (accuracy + AOPCR) ...
    [mlflow] versioned model 'mstcn_sep_adaptive_classwise' (id=m-2de4ed357c094765ba22ce6a2cdb5fb6) params={'model_size_mb': '3.535', 'n_model_params': '268062', 'name': 'seanet_acp'}
    [mlflow] logged run 'seanet_acp_Computers'  (train_acc=0.9400 val_acc=0.7600 test_acc=0.6240 test_loss=0.7368)
[ 12/129] Computers                    DONE  acc=0.6240 loss=0.7368 AOPCR=  0.353 NDCG=  n/a C=  2 T=  720 (18s)  [12 trained / 0 failed so far]
[ 13/129] CricketX
    stage 1/3: loading data ...
    stage 2/3: training on 317 series (val=73, C=12, T=300, batch=16) ...
    stage 3/3: scoring on 390 test series (accuracy + AOPCR) ...
    [mlflow] versioned model 'mstcn_sep_adaptive_classwise' (id=m-ce0a7cb1cbe54a639f6eba6c66b522ea) params={'model_size_mb': '3.5402', 'n_model_params': '269452', 'name': 'seanet_acp'}
    [mlflow] logged run 'seanet_acp_CricketX'  (train_acc=1.0000 val_acc=0.9041 test_acc=0.8359 test_loss=0.6647)
[ 13/129] CricketX                     DONE  acc=0.8359 loss=0.6647 AOPCR=  1.069 NDCG=  n/a C= 12 T=  300 (50s)  [13 trained / 0 failed so far]
[ 14/129] CricketY
    stage 1/3: loading data ...
    stage 2/3: training on 317 series (val=73, C=12, T=300, batch=16) ...
    stage 3/3: scoring on 390 test series (accuracy + AOPCR) ...
    [mlflow] versioned model 'mstcn_sep_adaptive_classwise' (id=m-7b22402f523b44e5a39400a0eb83d686) params={'model_size_mb': '3.5402', 'n_model_params': '269452', 'name': 'seanet_acp'}
    [mlflow] logged run 'seanet_acp_CricketY'  (train_acc=1.0000 val_acc=0.8904 test_acc=0.8308 test_loss=0.6243)
[ 14/129] CricketY                     DONE  acc=0.8308 loss=0.6243 AOPCR=  0.876 NDCG=  n/a C= 12 T=  300 (37s)  [14 trained / 0 failed so far]
[ 15/129] CricketZ
    stage 1/3: loading data ...
    stage 2/3: training on 316 series (val=74, C=12, T=300, batch=16) ...
    stage 3/3: scoring on 390 test series (accuracy + AOPCR) ...
    [mlflow] versioned model 'mstcn_sep_adaptive_classwise' (id=m-1176f102c7d145ecb8330571fa930e69) params={'model_size_mb': '3.5402', 'n_model_params': '269452', 'name': 'seanet_acp'}
    [mlflow] logged run 'seanet_acp_CricketZ'  (train_acc=1.0000 val_acc=0.9054 test_acc=0.8462 test_loss=0.6414)
[ 15/129] CricketZ                     DONE  acc=0.8462 loss=0.6414 AOPCR=  1.028 NDCG=  n/a C= 12 T=  300 (45s)  [15 trained / 0 failed so far]
[ 16/129] DiatomSizeReduction
    stage 1/3: loading data ...
    stage 2/3: training on 16 series (no val (train-loss early stop), C=4, T=345, batch=2) ...
    stage 3/3: scoring on 306 test series (accuracy + AOPCR) ...
    [mlflow] versioned model 'mstcn_sep_adaptive_classwise' (id=m-2c18f848ee7d4c61b10cd4f6b8fb2e9f) params={'model_size_mb': '3.5361', 'n_model_params': '268340', 'name': 'seanet_acp'}
    [mlflow] logged run 'seanet_acp_DiatomSizeReduction'  (train_acc=1.0000 test_acc=0.9608 test_loss=0.2464)
[ 16/129] DiatomSizeReduction          DONE  acc=0.9608 loss=0.2464 AOPCR=  1.070 NDCG=  n/a C=  4 T=  345 (22s)  [16 trained / 0 failed so far]
[ 17/129] DistalPhalanxOutlineAgeGroup
    stage 1/3: loading data ...
    stage 2/3: training on 321 series (val=79, C=3, T=80, batch=16) ...
    stage 3/3: scoring on 139 test series (accuracy + AOPCR) ...
    [mlflow] versioned model 'mstcn_sep_adaptive_classwise' (id=m-2f0c50d0716a42ff94b100e7e173b860) params={'model_size_mb': '3.5355', 'n_model_params': '268201', 'name': 'seanet_acp'}
    [mlflow] logged run 'seanet_acp_DistalPhalanxOutlineAgeGroup'  (train_acc=0.8941 val_acc=0.8101 test_acc=0.7194 test_loss=0.5879)
[ 17/129] DistalPhalanxOutlineAgeGroup DONE  acc=0.7194 loss=0.5879 AOPCR=  0.277 NDCG=  n/a C=  3 T=   80 (30s)  [17 trained / 0 failed so far]
[ 18/129] DistalPhalanxOutlineCorrect
    stage 1/3: loading data ...
    stage 2/3: training on 481 series (val=119, C=2, T=80, batch=16) ...
    stage 3/3: scoring on 276 test series (accuracy + AOPCR) ...
    [mlflow] versioned model 'mstcn_sep_adaptive_classwise' (id=m-94e60cbccdcf47ce8905e30cfb4826ad) params={'model_size_mb': '3.535', 'n_model_params': '268062', 'name': 'seanet_acp'}
    [mlflow] logged run 'seanet_acp_DistalPhalanxOutlineCorrect'  (train_acc=0.9522 val_acc=0.8908 test_acc=0.7500 test_loss=0.5539)
[ 18/129] DistalPhalanxOutlineCorrect  DONE  acc=0.7500 loss=0.5539 AOPCR= -0.018 NDCG=  n/a C=  2 T=   80 (56s)  [18 trained / 0 failed so far]
[ 19/129] DistalPhalanxTW
    stage 1/3: loading data ...
    stage 2/3: training on 323 series (val=77, C=6, T=80, batch=16) ...
    stage 3/3: scoring on 139 test series (accuracy + AOPCR) ...
    [mlflow] versioned model 'mstcn_sep_adaptive_classwise' (id=m-387b07facc4645a2b2de2e28dcca10a6) params={'model_size_mb': '3.5371', 'n_model_params': '268618', 'name': 'seanet_acp'}
    [mlflow] logged run 'seanet_acp_DistalPhalanxTW'  (train_acc=0.8700 val_acc=0.8571 test_acc=0.6906 test_loss=0.8234)
[ 19/129] DistalPhalanxTW              DONE  acc=0.6906 loss=0.8234 AOPCR=  0.355 NDCG=  n/a C=  6 T=   80 (28s)  [19 trained / 0 failed so far]
[ 20/129] Earthquakes
    stage 1/3: loading data ...
    stage 2/3: training on 259 series (val=63, C=2, T=512, batch=16) ...
    stage 3/3: scoring on 139 test series (accuracy + AOPCR) ...
    [mlflow] versioned model 'mstcn_sep_adaptive_classwise' (id=m-b39df0b923a04e64bcf97d33de0ce2df) params={'model_size_mb': '3.535', 'n_model_params': '268062', 'name': 'seanet_acp'}
    [mlflow] logged run 'seanet_acp_Earthquakes'  (train_acc=0.8764 val_acc=0.7937 test_acc=0.7482 test_loss=0.5901)
[ 20/129] Earthquakes                  DONE  acc=0.7482 loss=0.5901 AOPCR=  0.435 NDCG=  n/a C=  2 T=  512 (14s)  [20 trained / 0 failed so far]
[ 21/129] ECG200
    stage 1/3: loading data ...
    stage 2/3: training on 81 series (val=19, C=2, T=96, batch=8) ...
    stage 3/3: scoring on 100 test series (accuracy + AOPCR) ...
    [mlflow] versioned model 'mstcn_sep_adaptive_classwise' (id=m-ed61ded1bee14dc89ada19481d636ea5) params={'model_size_mb': '3.535', 'n_model_params': '268062', 'name': 'seanet_acp'}
    [mlflow] logged run 'seanet_acp_ECG200'  (train_acc=0.9877 val_acc=0.8947 test_acc=0.8800 test_loss=0.3055)
[ 21/129] ECG200                       DONE  acc=0.8800 loss=0.3055 AOPCR= -0.647 NDCG=  n/a C=  2 T=   96 (17s)  [21 trained / 0 failed so far]
[ 22/129] ECG5000
    stage 1/3: loading data ...
    stage 2/3: training on 401 series (val=99, C=5, T=140, batch=16) ...
    stage 3/3: scoring on 4500 test series (accuracy + AOPCR) ...
    [mlflow] versioned model 'mstcn_sep_adaptive_classwise' (id=m-dd6816904528405e8bb5b2c8077d4fa7) params={'model_size_mb': '3.5365', 'n_model_params': '268479', 'name': 'seanet_acp'}
    [mlflow] logged run 'seanet_acp_ECG5000'  (train_acc=0.9825 val_acc=0.9495 test_acc=0.9460 test_loss=0.2441)
[ 22/129] ECG5000                      DONE  acc=0.9460 loss=0.2441 AOPCR=  0.245 NDCG=  n/a C=  5 T=  140 (36s)  [22 trained / 0 failed so far]
[ 23/129] ECGFiveDays
    stage 1/3: loading data ...
    stage 2/3: training on 23 series (no val (train-loss early stop), C=2, T=136, batch=2) ...
    stage 3/3: scoring on 861 test series (accuracy + AOPCR) ...
    [mlflow] versioned model 'mstcn_sep_adaptive_classwise' (id=m-2865bae3656e4b78b0146dbb1431a49a) params={'model_size_mb': '3.535', 'n_model_params': '268062', 'name': 'seanet_acp'}
    [mlflow] logged run 'seanet_acp_ECGFiveDays'  (train_acc=1.0000 test_acc=1.0000 test_loss=0.0646)
[ 23/129] ECGFiveDays                  DONE  acc=1.0000 loss=0.0646 AOPCR=  0.682 NDCG=  n/a C=  2 T=  136 (25s)  [23 trained / 0 failed so far]
[ 24/129] ElectricDevices
    stage 1/3: loading data ...
    stage 2/3: training on 7144 series (val=1782, C=7, T=96, batch=16) ...
    stage 3/3: scoring on 7711 test series (accuracy + AOPCR) ...
    [mlflow] versioned model 'mstcn_sep_adaptive_classwise' (id=m-4f2c3628d4364a3d9d64abe4422fe283) params={'model_size_mb': '3.5376', 'n_model_params': '268757', 'name': 'seanet_acp'}
    [mlflow] logged run 'seanet_acp_ElectricDevices'  (train_acc=0.9369 val_acc=0.9108 test_acc=0.6943 test_loss=1.0931)
[ 24/129] ElectricDevices              DONE  acc=0.6943 loss=1.0931 AOPCR=  0.768 NDCG=  n/a C=  7 T=   96 (612s)  [24 trained / 0 failed so far]
[ 25/129] FaceAll
    stage 1/3: loading data ...
    stage 2/3: training on 448 series (val=112, C=14, T=131, batch=16) ...
    stage 3/3: scoring on 1690 test series (accuracy + AOPCR) ...
    [mlflow] versioned model 'mstcn_sep_adaptive_classwise' (id=m-8446475f8bc84f5da070783eee0a0356) params={'model_size_mb': '3.5412', 'n_model_params': '269730', 'name': 'seanet_acp'}
    [mlflow] logged run 'seanet_acp_FaceAll'  (train_acc=1.0000 val_acc=0.9911 test_acc=0.8201 test_loss=0.8242)
[ 25/129] FaceAll                      DONE  acc=0.8201 loss=0.8242 AOPCR=  0.218 NDCG=  n/a C= 14 T=  131 (53s)  [25 trained / 0 failed so far]
[ 26/129] FaceFour
    stage 1/3: loading data ...
    stage 2/3: training on 24 series (no val (train-loss early stop), C=4, T=350, batch=2) ...
    stage 3/3: scoring on 88 test series (accuracy + AOPCR) ...
    [mlflow] versioned model 'mstcn_sep_adaptive_classwise' (id=m-68af7e0a233a47d9aea41b08cff1bd1f) params={'model_size_mb': '3.5361', 'n_model_params': '268340', 'name': 'seanet_acp'}
    [mlflow] logged run 'seanet_acp_FaceFour'  (train_acc=1.0000 test_acc=0.9545 test_loss=0.1868)
[ 26/129] FaceFour                     DONE  acc=0.9545 loss=0.1868 AOPCR=  0.817 NDCG=  n/a C=  4 T=  350 (33s)  [26 trained / 0 failed so far]
[ 27/129] FacesUCR
    stage 1/3: loading data ...
    stage 2/3: training on 165 series (val=35, C=14, T=131, batch=16) ...
    stage 3/3: scoring on 2050 test series (accuracy + AOPCR) ...
    [mlflow] versioned model 'mstcn_sep_adaptive_classwise' (id=m-329475f218954495853ea591d12d07cd) params={'model_size_mb': '3.5412', 'n_model_params': '269730', 'name': 'seanet_acp'}
    [mlflow] logged run 'seanet_acp_FacesUCR'  (train_acc=1.0000 val_acc=1.0000 test_acc=0.9610 test_loss=0.2231)
[ 27/129] FacesUCR                     DONE  acc=0.9610 loss=0.2231 AOPCR=  0.291 NDCG=  n/a C= 14 T=  131 (41s)  [27 trained / 0 failed so far]
[ 28/129] FiftyWords
    stage 1/3: loading data ...
    stage 2/3: training on 365 series (val=85, C=50, T=270, batch=16) ...
    stage 3/3: scoring on 455 test series (accuracy + AOPCR) ...
    [mlflow] versioned model 'mstcn_sep_adaptive_classwise' (id=m-e54ff7b33fad4973bc8be00e83c6f8bd) params={'model_size_mb': '3.5605', 'n_model_params': '274734', 'name': 'seanet_acp'}
    [mlflow] logged run 'seanet_acp_FiftyWords'  (train_acc=1.0000 val_acc=0.8235 test_acc=0.8198 test_loss=0.8931)
[ 28/129] FiftyWords                   DONE  acc=0.8198 loss=0.8931 AOPCR=  1.252 NDCG=  n/a C= 50 T=  270 (41s)  [28 trained / 0 failed so far]
[ 29/129] Fish
    stage 1/3: loading data ...
    stage 2/3: training on 142 series (val=33, C=7, T=463, batch=14) ...
    stage 3/3: scoring on 175 test series (accuracy + AOPCR) ...
    [mlflow] versioned model 'mstcn_sep_adaptive_classwise' (id=m-22aedad3793946c58caf38355e0c234c) params={'model_size_mb': '3.5376', 'n_model_params': '268757', 'name': 'seanet_acp'}
    [mlflow] logged run 'seanet_acp_Fish'  (train_acc=1.0000 val_acc=0.9394 test_acc=0.9657 test_loss=0.2000)
[ 29/129] Fish                         DONE  acc=0.9657 loss=0.2000 AOPCR=  0.761 NDCG=  n/a C=  7 T=  463 (42s)  [29 trained / 0 failed so far]
[ 30/129] FordA
    stage 1/3: loading data ...
    stage 2/3: training on 2881 series (val=720, C=2, T=500, batch=16) ...
    stage 3/3: scoring on 1320 test series (accuracy + AOPCR) ...
    [mlflow] versioned model 'mstcn_sep_adaptive_classwise' (id=m-64864a82221041c4bab9aa53c97f471b) params={'model_size_mb': '3.535', 'n_model_params': '268062', 'name': 'seanet_acp'}
    [mlflow] logged run 'seanet_acp_FordA'  (train_acc=0.9656 val_acc=0.9625 test_acc=0.9508 test_loss=0.1548)
[ 30/129] FordA                        DONE  acc=0.9508 loss=0.1548 AOPCR=  0.235 NDCG=  n/a C=  2 T=  500 (177s)  [30 trained / 0 failed so far]
[ 31/129] FordB
    stage 1/3: loading data ...
    stage 2/3: training on 2909 series (val=727, C=2, T=500, batch=16) ...
    stage 3/3: scoring on 810 test series (accuracy + AOPCR) ...
    [mlflow] versioned model 'mstcn_sep_adaptive_classwise' (id=m-5fcf2b6e930146b08a12413e809b59c8) params={'model_size_mb': '3.535', 'n_model_params': '268062', 'name': 'seanet_acp'}
    [mlflow] logged run 'seanet_acp_FordB'  (train_acc=0.9801 val_acc=0.9601 test_acc=0.8333 test_loss=0.3580)
[ 31/129] FordB                        DONE  acc=0.8333 loss=0.3580 AOPCR=  0.200 NDCG=  n/a C=  2 T=  500 (175s)  [31 trained / 0 failed so far]
[ 32/129] GunPoint
    stage 1/3: loading data ...
    stage 2/3: training on 50 series (no val (train-loss early stop), C=2, T=150, batch=5) ...
    stage 3/3: scoring on 150 test series (accuracy + AOPCR) ...
    [mlflow] versioned model 'mstcn_sep_adaptive_classwise' (id=m-74b9d54326c64624b9c2a0e711c1f210) params={'model_size_mb': '3.535', 'n_model_params': '268062', 'name': 'seanet_acp'}
    [mlflow] logged run 'seanet_acp_GunPoint'  (train_acc=1.0000 test_acc=0.9800 test_loss=0.1035)
[ 32/129] GunPoint                     DONE  acc=0.9800 loss=0.1035 AOPCR=  0.153 NDCG=  n/a C=  2 T=  150 (28s)  [32 trained / 0 failed so far]
[ 33/129] Ham
    stage 1/3: loading data ...
    stage 2/3: training on 88 series (val=21, C=2, T=431, batch=8) ...
    stage 3/3: scoring on 105 test series (accuracy + AOPCR) ...
    [mlflow] versioned model 'mstcn_sep_adaptive_classwise' (id=m-f4d45924b4204c95bbf907cb1bb9941a) params={'model_size_mb': '3.535', 'n_model_params': '268062', 'name': 'seanet_acp'}
    [mlflow] logged run 'seanet_acp_Ham'  (train_acc=1.0000 val_acc=0.9048 test_acc=0.6952 test_loss=0.6982)
[ 33/129] Ham                          DONE  acc=0.6952 loss=0.6982 AOPCR=  0.876 NDCG=  n/a C=  2 T=  431 (27s)  [33 trained / 0 failed so far]
[ 34/129] HandOutlines
    stage 1/3: loading data ...
    stage 2/3: training on 801 series (val=199, C=2, T=2709, batch=16) ...
    stage 3/3: scoring on 370 test series (accuracy + AOPCR) ...
    [mlflow] versioned model 'mstcn_sep_adaptive_classwise' (id=m-3e3c43fe9eb340dc8732a4aca805ec6e) params={'model_size_mb': '3.535', 'n_model_params': '268062', 'name': 'seanet_acp'}
    [mlflow] logged run 'seanet_acp_HandOutlines'  (train_acc=0.9238 val_acc=0.8442 test_acc=0.9027 test_loss=0.3229)
[ 34/129] HandOutlines                 DONE  acc=0.9027 loss=0.3229 AOPCR=  0.894 NDCG=  n/a C=  2 T= 2709 (260s)  [34 trained / 0 failed so far]
[ 35/129] Haptics
    stage 1/3: loading data ...
    stage 2/3: training on 127 series (val=28, C=5, T=1092, batch=12) ...
    stage 3/3: scoring on 308 test series (accuracy + AOPCR) ...
    [mlflow] versioned model 'mstcn_sep_adaptive_classwise' (id=m-f2e80a7179de4e39ab96dafc8e24ef77) params={'model_size_mb': '3.5365', 'n_model_params': '268479', 'name': 'seanet_acp'}
    [mlflow] logged run 'seanet_acp_Haptics'  (train_acc=0.5591 val_acc=0.5714 test_acc=0.4026 test_loss=1.5907)
[ 35/129] Haptics                      DONE  acc=0.4026 loss=1.5907 AOPCR=  0.910 NDCG=  n/a C=  5 T= 1092 (14s)  [35 trained / 0 failed so far]
[ 36/129] Herring
    stage 1/3: loading data ...
    stage 2/3: training on 64 series (no val (train-loss early stop), C=2, T=512, batch=6) ...
    stage 3/3: scoring on 64 test series (accuracy + AOPCR) ...
    [mlflow] versioned model 'mstcn_sep_adaptive_classwise' (id=m-d4cf01cc5f6a4ca6a9886d2a5d36e6f8) params={'model_size_mb': '3.535', 'n_model_params': '268062', 'name': 'seanet_acp'}
    [mlflow] logged run 'seanet_acp_Herring'  (train_acc=1.0000 test_acc=0.6719 test_loss=0.7961)
[ 36/129] Herring                      DONE  acc=0.6719 loss=0.7961 AOPCR=  0.815 NDCG=  n/a C=  2 T=  512 (53s)  [36 trained / 0 failed so far]
[ 37/129] InlineSkate
    stage 1/3: loading data ...
    stage 2/3: training on 84 series (val=16, C=7, T=1882, batch=8) ...
    stage 3/3: scoring on 550 test series (accuracy + AOPCR) ...
    [mlflow] versioned model 'mstcn_sep_adaptive_classwise' (id=m-05f00d5d85194a00a005d9b86efd80c6) params={'model_size_mb': '3.5376', 'n_model_params': '268757', 'name': 'seanet_acp'}
    [mlflow] logged run 'seanet_acp_InlineSkate'  (train_acc=0.9286 val_acc=0.4375 test_acc=0.3564 test_loss=1.8598)
[ 37/129] InlineSkate                  DONE  acc=0.3564 loss=1.8598 AOPCR=  2.236 NDCG=  n/a C=  7 T= 1882 (24s)  [37 trained / 0 failed so far]
[ 38/129] InsectWingbeatSound
    stage 1/3: loading data ...
    stage 2/3: training on 176 series (val=44, C=11, T=256, batch=16) ...
    stage 3/3: scoring on 1980 test series (accuracy + AOPCR) ...
    [mlflow] versioned model 'mstcn_sep_adaptive_classwise' (id=m-28e19fd9ce6045aaa7cce4fbd43d8102) params={'model_size_mb': '3.5397', 'n_model_params': '269313', 'name': 'seanet_acp'}
    [mlflow] logged run 'seanet_acp_InsectWingbeatSound'  (train_acc=0.8011 val_acc=0.5682 test_acc=0.6167 test_loss=1.0049)
[ 38/129] InsectWingbeatSound          DONE  acc=0.6167 loss=1.0049 AOPCR=  0.373 NDCG=  n/a C= 11 T=  256 (9s)  [38 trained / 0 failed so far]
[ 39/129] ItalyPowerDemand
    stage 1/3: loading data ...
    stage 2/3: training on 67 series (no val (train-loss early stop), C=2, T=24, batch=6) ...
    stage 3/3: scoring on 1029 test series (accuracy + AOPCR) ...
    [mlflow] versioned model 'mstcn_sep_adaptive_classwise' (id=m-bf89257513ff4f37a3aed2fc42610885) params={'model_size_mb': '3.535', 'n_model_params': '268062', 'name': 'seanet_acp'}
    [mlflow] logged run 'seanet_acp_ItalyPowerDemand'  (train_acc=1.0000 test_acc=0.9689 test_loss=0.1400)
[ 39/129] ItalyPowerDemand             DONE  acc=0.9689 loss=0.1400 AOPCR=  0.170 NDCG=  n/a C=  2 T=   24 (32s)  [39 trained / 0 failed so far]
[ 40/129] LargeKitchenAppliances
    stage 1/3: loading data ...
    stage 2/3: training on 300 series (val=75, C=3, T=720, batch=16) ...
    stage 3/3: scoring on 375 test series (accuracy + AOPCR) ...
    [mlflow] versioned model 'mstcn_sep_adaptive_classwise' (id=m-2561c5521ed34045b2d860d941e3f834) params={'model_size_mb': '3.5355', 'n_model_params': '268201', 'name': 'seanet_acp'}
    [mlflow] logged run 'seanet_acp_LargeKitchenAppliances'  (train_acc=1.0000 val_acc=0.9867 test_acc=0.8933 test_loss=0.3719)
[ 40/129] LargeKitchenAppliances       DONE  acc=0.8933 loss=0.3719 AOPCR=  0.362 NDCG=  n/a C=  3 T=  720 (64s)  [40 trained / 0 failed so far]
[ 41/129] Lightning2
    stage 1/3: loading data ...
    stage 2/3: training on 60 series (no val (train-loss early stop), C=2, T=637, batch=6) ...
    stage 3/3: scoring on 61 test series (accuracy + AOPCR) ...
    [mlflow] versioned model 'mstcn_sep_adaptive_classwise' (id=m-e033c5bff6ed457c8cf96c0bb2f963e6) params={'model_size_mb': '3.535', 'n_model_params': '268062', 'name': 'seanet_acp'}
    [mlflow] logged run 'seanet_acp_Lightning2'  (train_acc=1.0000 test_acc=0.8852 test_loss=0.3046)
[ 41/129] Lightning2                   DONE  acc=0.8852 loss=0.3046 AOPCR=  0.339 NDCG=  n/a C=  2 T=  637 (34s)  [41 trained / 0 failed so far]
[ 42/129] Lightning7
    stage 1/3: loading data ...
    stage 2/3: training on 70 series (no val (train-loss early stop), C=7, T=319, batch=7) ...
    stage 3/3: scoring on 73 test series (accuracy + AOPCR) ...
    [mlflow] versioned model 'mstcn_sep_adaptive_classwise' (id=m-8d056881ab9042fd8bcb15a0c51ac46e) params={'model_size_mb': '3.5376', 'n_model_params': '268757', 'name': 'seanet_acp'}
    [mlflow] logged run 'seanet_acp_Lightning7'  (train_acc=1.0000 test_acc=0.8082 test_loss=0.6087)
[ 42/129] Lightning7                   DONE  acc=0.8082 loss=0.6087 AOPCR=  0.984 NDCG=  n/a C=  7 T=  319 (21s)  [42 trained / 0 failed so far]
[ 43/129] Mallat
    stage 1/3: loading data ...
    stage 2/3: training on 55 series (no val (train-loss early stop), C=8, T=1024, batch=5) ...
    stage 3/3: scoring on 2345 test series (accuracy + AOPCR) ...
    [mlflow] versioned model 'mstcn_sep_adaptive_classwise' (id=m-d94c4bde7e104dcfaa2fc865db8c4d46) params={'model_size_mb': '3.5381', 'n_model_params': '268896', 'name': 'seanet_acp'}
    [mlflow] logged run 'seanet_acp_Mallat'  (train_acc=1.0000 test_acc=0.9574 test_loss=0.3233)
[ 43/129] Mallat                       DONE  acc=0.9574 loss=0.3233 AOPCR=  1.974 NDCG=  n/a C=  8 T= 1024 (31s)  [43 trained / 0 failed so far]
[ 44/129] Meat
    stage 1/3: loading data ...
    stage 2/3: training on 60 series (no val (train-loss early stop), C=3, T=448, batch=6) ...
    stage 3/3: scoring on 60 test series (accuracy + AOPCR) ...
    [mlflow] versioned model 'mstcn_sep_adaptive_classwise' (id=m-dcc1844b26f548f795b316f916001d11) params={'model_size_mb': '3.5355', 'n_model_params': '268201', 'name': 'seanet_acp'}
    [mlflow] logged run 'seanet_acp_Meat'  (train_acc=1.0000 test_acc=0.8500 test_loss=0.3800)
[ 44/129] Meat                         DONE  acc=0.8500 loss=0.3800 AOPCR=  1.204 NDCG=  n/a C=  3 T=  448 (14s)  [44 trained / 0 failed so far]
[ 45/129] MedicalImages
    stage 1/3: loading data ...
    stage 2/3: training on 307 series (val=74, C=10, T=99, batch=16) ...
    stage 3/3: scoring on 760 test series (accuracy + AOPCR) ...
    [mlflow] versioned model 'mstcn_sep_adaptive_classwise' (id=m-1af934057aea4c5ea01028a5ce4e9ac7) params={'model_size_mb': '3.5392', 'n_model_params': '269174', 'name': 'seanet_acp'}
    [mlflow] logged run 'seanet_acp_MedicalImages'  (train_acc=0.8664 val_acc=0.7297 test_acc=0.6789 test_loss=0.8466)
[ 45/129] MedicalImages                DONE  acc=0.6789 loss=0.8466 AOPCR=  0.242 NDCG=  n/a C= 10 T=   99 (19s)  [45 trained / 0 failed so far]
[ 46/129] MiddlePhalanxOutlineAgeGroup
    stage 1/3: loading data ...
    stage 2/3: training on 321 series (val=79, C=3, T=80, batch=16) ...
    stage 3/3: scoring on 154 test series (accuracy + AOPCR) ...
    [mlflow] versioned model 'mstcn_sep_adaptive_classwise' (id=m-c07bf38d5b894d51b99bddea9c43598e) params={'model_size_mb': '3.5355', 'n_model_params': '268201', 'name': 'seanet_acp'}
    [mlflow] logged run 'seanet_acp_MiddlePhalanxOutlineAgeGroup'  (train_acc=0.8255 val_acc=0.8101 test_acc=0.5779 test_loss=0.9486)
[ 46/129] MiddlePhalanxOutlineAgeGroup DONE  acc=0.5779 loss=0.9486 AOPCR=  0.086 NDCG=  n/a C=  3 T=   80 (33s)  [46 trained / 0 failed so far]
[ 47/129] MiddlePhalanxOutlineCorrect
    stage 1/3: loading data ...
    stage 2/3: training on 481 series (val=119, C=2, T=80, batch=16) ...
    stage 3/3: scoring on 291 test series (accuracy + AOPCR) ...
    [mlflow] versioned model 'mstcn_sep_adaptive_classwise' (id=m-02829be79c0344d0b35d2d980e675311) params={'model_size_mb': '3.535', 'n_model_params': '268062', 'name': 'seanet_acp'}
    [mlflow] logged run 'seanet_acp_MiddlePhalanxOutlineCorrect'  (train_acc=0.9376 val_acc=0.8571 test_acc=0.7973 test_loss=0.4407)
[ 47/129] MiddlePhalanxOutlineCorrect  DONE  acc=0.7973 loss=0.4407 AOPCR= -0.514 NDCG=  n/a C=  2 T=   80 (43s)  [47 trained / 0 failed so far]
[ 48/129] MiddlePhalanxTW
    stage 1/3: loading data ...
    stage 2/3: training on 321 series (val=78, C=6, T=80, batch=16) ...
    stage 3/3: scoring on 154 test series (accuracy + AOPCR) ...
    [mlflow] versioned model 'mstcn_sep_adaptive_classwise' (id=m-3135f4e907c94b1abc311d12bab8f35f) params={'model_size_mb': '3.5371', 'n_model_params': '268618', 'name': 'seanet_acp'}
    [mlflow] logged run 'seanet_acp_MiddlePhalanxTW'  (train_acc=0.7165 val_acc=0.6282 test_acc=0.5519 test_loss=1.1287)
[ 48/129] MiddlePhalanxTW              DONE  acc=0.5519 loss=1.1287 AOPCR= -0.463 NDCG=  n/a C=  6 T=   80 (43s)  [48 trained / 0 failed so far]
[ 49/129] MoteStrain
    stage 1/3: loading data ...
    stage 2/3: training on 20 series (no val (train-loss early stop), C=2, T=84, batch=2) ...
    stage 3/3: scoring on 1252 test series (accuracy + AOPCR) ...
    [mlflow] versioned model 'mstcn_sep_adaptive_classwise' (id=m-4ce1840ec2584705ba9129fcf5f05535) params={'model_size_mb': '3.535', 'n_model_params': '268062', 'name': 'seanet_acp'}
    [mlflow] logged run 'seanet_acp_MoteStrain'  (train_acc=1.0000 test_acc=0.8762 test_loss=0.3245)
[ 49/129] MoteStrain                   DONE  acc=0.8762 loss=0.3245 AOPCR=  0.398 NDCG=  n/a C=  2 T=   84 (24s)  [49 trained / 0 failed so far]
[ 50/129] NonInvasiveFetalECGThorax1
    stage 1/3: loading data ...
    stage 2/3: training on 1452 series (val=348, C=42, T=750, batch=16) ...
    stage 3/3: scoring on 1965 test series (accuracy + AOPCR) ...
    [mlflow] versioned model 'mstcn_sep_adaptive_classwise' (id=m-7530bef305dd4f73bd97eb53696af664) params={'model_size_mb': '3.5561', 'n_model_params': '273622', 'name': 'seanet_acp'}
    [mlflow] logged run 'seanet_acp_NonInvasiveFetalECGThorax1'  (train_acc=0.9683 val_acc=0.8822 test_acc=0.9074 test_loss=0.4033)
[ 50/129] NonInvasiveFetalECGThorax1   DONE  acc=0.9074 loss=0.4033 AOPCR=  0.691 NDCG=  n/a C= 42 T=  750 (190s)  [50 trained / 0 failed so far]
[ 51/129] NonInvasiveFetalECGThorax2
    stage 1/3: loading data ...
    stage 2/3: training on 1452 series (val=348, C=42, T=750, batch=16) ...
    stage 3/3: scoring on 1965 test series (accuracy + AOPCR) ...
    [mlflow] versioned model 'mstcn_sep_adaptive_classwise' (id=m-884b8544f2864b5cad85c3ecf2f18483) params={'model_size_mb': '3.5561', 'n_model_params': '273622', 'name': 'seanet_acp'}
    [mlflow] logged run 'seanet_acp_NonInvasiveFetalECGThorax2'  (train_acc=0.9731 val_acc=0.9368 test_acc=0.9115 test_loss=0.4223)
[ 51/129] NonInvasiveFetalECGThorax2   DONE  acc=0.9115 loss=0.4223 AOPCR=  0.914 NDCG=  n/a C= 42 T=  750 (321s)  [51 trained / 0 failed so far]
[ 52/129] OliveOil
    stage 1/3: loading data ...
    stage 2/3: training on 30 series (no val (train-loss early stop), C=4, T=570, batch=3) ...
    stage 3/3: scoring on 30 test series (accuracy + AOPCR) ...
    [mlflow] versioned model 'mstcn_sep_adaptive_classwise' (id=m-aa5d894e60c34cb4b0b66a6d1fee806c) params={'model_size_mb': '3.5361', 'n_model_params': '268340', 'name': 'seanet_acp'}
    [mlflow] logged run 'seanet_acp_OliveOil'  (train_acc=0.8333 test_acc=0.6667 test_loss=0.7651)
[ 52/129] OliveOil                     DONE  acc=0.6667 loss=0.7651 AOPCR=  3.769 NDCG=  n/a C=  4 T=  570 (47s)  [52 trained / 0 failed so far]
[ 53/129] OSULeaf
    stage 1/3: loading data ...
    stage 2/3: training on 163 series (val=37, C=6, T=427, batch=16) ...
    stage 3/3: scoring on 242 test series (accuracy + AOPCR) ...
    [mlflow] versioned model 'mstcn_sep_adaptive_classwise' (id=m-f7dc62262ec344218268037965b661fb) params={'model_size_mb': '3.5371', 'n_model_params': '268618', 'name': 'seanet_acp'}
    [mlflow] logged run 'seanet_acp_OSULeaf'  (train_acc=1.0000 val_acc=0.8919 test_acc=0.8595 test_loss=0.5090)
[ 53/129] OSULeaf                      DONE  acc=0.8595 loss=0.5090 AOPCR=  0.748 NDCG=  n/a C=  6 T=  427 (23s)  [53 trained / 0 failed so far]
[ 54/129] PhalangesOutlinesCorrect
    stage 1/3: loading data ...
    stage 2/3: training on 1441 series (val=359, C=2, T=80, batch=16) ...
    stage 3/3: scoring on 858 test series (accuracy + AOPCR) ...
    [mlflow] versioned model 'mstcn_sep_adaptive_classwise' (id=m-7912b83a82954a4ea9bc0aabb30ad82d) params={'model_size_mb': '3.535', 'n_model_params': '268062', 'name': 'seanet_acp'}
    [mlflow] logged run 'seanet_acp_PhalangesOutlinesCorrect'  (train_acc=0.9542 val_acc=0.8942 test_acc=0.8357 test_loss=0.3898)
[ 54/129] PhalangesOutlinesCorrect     DONE  acc=0.8357 loss=0.3898 AOPCR=  0.539 NDCG=  n/a C=  2 T=   80 (174s)  [54 trained / 0 failed so far]
[ 55/129] Phoneme
    stage 1/3: loading data ...
    stage 2/3: training on 171 series (val=43, C=39, T=1024, batch=16) ...
    stage 3/3: scoring on 1896 test series (accuracy + AOPCR) ...
    [mlflow] versioned model 'mstcn_sep_adaptive_classwise' (id=m-b761734be18a409fbf1d785a30ed1f97) params={'model_size_mb': '3.5546', 'n_model_params': '273205', 'name': 'seanet_acp'}
    [mlflow] logged run 'seanet_acp_Phoneme'  (train_acc=0.4386 val_acc=0.2326 test_acc=0.2157 test_loss=2.9885)
[ 55/129] Phoneme                      DONE  acc=0.2157 loss=2.9885 AOPCR=  1.080 NDCG=  n/a C= 39 T= 1024 (17s)  [55 trained / 0 failed so far]
[ 56/129] Plane
    stage 1/3: loading data ...
    stage 2/3: training on 87 series (val=18, C=7, T=144, batch=8) ...
    stage 3/3: scoring on 105 test series (accuracy + AOPCR) ...
    [mlflow] versioned model 'mstcn_sep_adaptive_classwise' (id=m-5bb68dc26630482ea82d6c4efcd366c8) params={'model_size_mb': '3.5376', 'n_model_params': '268757', 'name': 'seanet_acp'}
    [mlflow] logged run 'seanet_acp_Plane'  (train_acc=1.0000 val_acc=1.0000 test_acc=1.0000 test_loss=0.1187)
[ 56/129] Plane                        DONE  acc=1.0000 loss=0.1187 AOPCR=  0.863 NDCG=  n/a C=  7 T=  144 (51s)  [56 trained / 0 failed so far]
[ 57/129] ProximalPhalanxOutlineAgeGroup
    stage 1/3: loading data ...
    stage 2/3: training on 322 series (val=78, C=3, T=80, batch=16) ...
    stage 3/3: scoring on 205 test series (accuracy + AOPCR) ...
    [mlflow] versioned model 'mstcn_sep_adaptive_classwise' (id=m-9cbb1a492c044d81a55d57a453b866a0) params={'model_size_mb': '3.5355', 'n_model_params': '268201', 'name': 'seanet_acp'}
    [mlflow] logged run 'seanet_acp_ProximalPhalanxOutlineAgeGroup'  (train_acc=0.8913 val_acc=0.8205 test_acc=0.8341 test_loss=0.4017)
[ 57/129] ProximalPhalanxOutlineAgeGroup DONE  acc=0.8341 loss=0.4017 AOPCR=  0.067 NDCG=  n/a C=  3 T=   80 (28s)  [57 trained / 0 failed so far]
[ 58/129] ProximalPhalanxOutlineCorrect
    stage 1/3: loading data ...
    stage 2/3: training on 481 series (val=119, C=2, T=80, batch=16) ...
    stage 3/3: scoring on 291 test series (accuracy + AOPCR) ...
    [mlflow] versioned model 'mstcn_sep_adaptive_classwise' (id=m-53bd56169b33402e8e3f4eacf7e3901a) params={'model_size_mb': '3.535', 'n_model_params': '268062', 'name': 'seanet_acp'}
    [mlflow] logged run 'seanet_acp_ProximalPhalanxOutlineCorrect'  (train_acc=0.9771 val_acc=0.8908 test_acc=0.9381 test_loss=0.2318)
[ 58/129] ProximalPhalanxOutlineCorrect DONE  acc=0.9381 loss=0.2318 AOPCR= -0.810 NDCG=  n/a C=  2 T=   80 (80s)  [58 trained / 0 failed so far]
[ 59/129] ProximalPhalanxTW
    stage 1/3: loading data ...
    stage 2/3: training on 322 series (val=78, C=6, T=80, batch=16) ...
    stage 3/3: scoring on 205 test series (accuracy + AOPCR) ...
    [mlflow] versioned model 'mstcn_sep_adaptive_classwise' (id=m-54fd82bcb5394326b505381c16a478de) params={'model_size_mb': '3.5371', 'n_model_params': '268618', 'name': 'seanet_acp'}
    [mlflow] logged run 'seanet_acp_ProximalPhalanxTW'  (train_acc=0.8696 val_acc=0.8333 test_acc=0.7951 test_loss=0.6215)
[ 59/129] ProximalPhalanxTW            DONE  acc=0.7951 loss=0.6215 AOPCR= -1.549 NDCG=  n/a C=  6 T=   80 (34s)  [59 trained / 0 failed so far]
[ 60/129] RefrigerationDevices
    stage 1/3: loading data ...
    stage 2/3: training on 300 series (val=75, C=3, T=720, batch=16) ...
    stage 3/3: scoring on 375 test series (accuracy + AOPCR) ...
    [mlflow] versioned model 'mstcn_sep_adaptive_classwise' (id=m-7405f7d688c242a482e85c441f45c543) params={'model_size_mb': '3.5355', 'n_model_params': '268201', 'name': 'seanet_acp'}
    [mlflow] logged run 'seanet_acp_RefrigerationDevices'  (train_acc=1.0000 val_acc=0.7333 test_acc=0.4773 test_loss=1.3465)
[ 60/129] RefrigerationDevices         DONE  acc=0.4773 loss=1.3465 AOPCR=  0.460 NDCG=  n/a C=  3 T=  720 (66s)  [60 trained / 0 failed so far]
[ 61/129] ScreenType
    stage 1/3: loading data ...
    stage 2/3: training on 300 series (val=75, C=3, T=720, batch=16) ...
    stage 3/3: scoring on 375 test series (accuracy + AOPCR) ...
    [mlflow] versioned model 'mstcn_sep_adaptive_classwise' (id=m-bdf54d5baef7457181bbed7836942d2b) params={'model_size_mb': '3.5355', 'n_model_params': '268201', 'name': 'seanet_acp'}
    [mlflow] logged run 'seanet_acp_ScreenType'  (train_acc=0.8833 val_acc=0.6667 test_acc=0.4587 test_loss=1.1795)
[ 61/129] ScreenType                   DONE  acc=0.4587 loss=1.1795 AOPCR=  0.431 NDCG=  n/a C=  3 T=  720 (25s)  [61 trained / 0 failed so far]
[ 62/129] ShapeletSim
    stage 1/3: loading data ...
    stage 2/3: training on 20 series (no val (train-loss early stop), C=2, T=500, batch=2) ...
    stage 3/3: scoring on 180 test series (accuracy + AOPCR) ...
    [mlflow] versioned model 'mstcn_sep_adaptive_classwise' (id=m-ed4ae67d923a4a82b131da412d39095a) params={'model_size_mb': '3.535', 'n_model_params': '268062', 'name': 'seanet_acp'}
    [mlflow] logged run 'seanet_acp_ShapeletSim'  (train_acc=1.0000 test_acc=1.0000 test_loss=0.0915)
[ 62/129] ShapeletSim                  DONE  acc=1.0000 loss=0.0915 AOPCR=  1.693 NDCG=  n/a C=  2 T=  500 (9s)  [62 trained / 0 failed so far]
[ 63/129] ShapesAll
    stage 1/3: loading data ...
    stage 2/3: training on 480 series (val=120, C=60, T=512, batch=16) ...
    stage 3/3: scoring on 600 test series (accuracy + AOPCR) ...
    [mlflow] versioned model 'mstcn_sep_adaptive_classwise' (id=m-3281f3fcc19c4d10a802d496d44c192f) params={'model_size_mb': '3.5657', 'n_model_params': '276124', 'name': 'seanet_acp'}
    [mlflow] logged run 'seanet_acp_ShapesAll'  (train_acc=0.9979 val_acc=0.8917 test_acc=0.8633 test_loss=0.6780)
[ 63/129] ShapesAll                    DONE  acc=0.8633 loss=0.6780 AOPCR=  1.530 NDCG=  n/a C= 60 T=  512 (65s)  [63 trained / 0 failed so far]
[ 64/129] SmallKitchenAppliances
    stage 1/3: loading data ...
    stage 2/3: training on 300 series (val=75, C=3, T=720, batch=16) ...
    stage 3/3: scoring on 375 test series (accuracy + AOPCR) ...
    [mlflow] versioned model 'mstcn_sep_adaptive_classwise' (id=m-5ea2a9a360e945efaa7e9039f7ee30fc) params={'model_size_mb': '3.5355', 'n_model_params': '268201', 'name': 'seanet_acp'}
    [mlflow] logged run 'seanet_acp_SmallKitchenAppliances'  (train_acc=0.9933 val_acc=0.7867 test_acc=0.8240 test_loss=0.5117)
[ 64/129] SmallKitchenAppliances       DONE  acc=0.8240 loss=0.5117 AOPCR=  0.240 NDCG=  n/a C=  3 T=  720 (64s)  [64 trained / 0 failed so far]
[ 65/129] SonyAIBORobotSurface1
    stage 1/3: loading data ...
    stage 2/3: training on 20 series (no val (train-loss early stop), C=2, T=70, batch=2) ...
    stage 3/3: scoring on 601 test series (accuracy + AOPCR) ...
    [mlflow] versioned model 'mstcn_sep_adaptive_classwise' (id=m-cef3c1ce53d84f38bbb209dd2f7037cf) params={'model_size_mb': '3.535', 'n_model_params': '268062', 'name': 'seanet_acp'}
    [mlflow] logged run 'seanet_acp_SonyAIBORobotSurface1'  (train_acc=1.0000 test_acc=0.8769 test_loss=0.2606)
[ 65/129] SonyAIBORobotSurface1        DONE  acc=0.8769 loss=0.2606 AOPCR=  0.127 NDCG=  n/a C=  2 T=   70 (20s)  [65 trained / 0 failed so far]
[ 66/129] SonyAIBORobotSurface2
    stage 1/3: loading data ...
    stage 2/3: training on 27 series (no val (train-loss early stop), C=2, T=65, batch=2) ...
    stage 3/3: scoring on 953 test series (accuracy + AOPCR) ...
    [mlflow] versioned model 'mstcn_sep_adaptive_classwise' (id=m-6f7aa486540e4c9e8d948680d9e15530) params={'model_size_mb': '3.535', 'n_model_params': '268062', 'name': 'seanet_acp'}
    [mlflow] logged run 'seanet_acp_SonyAIBORobotSurface2'  (train_acc=1.0000 test_acc=0.8793 test_loss=0.2876)
[ 66/129] SonyAIBORobotSurface2        DONE  acc=0.8793 loss=0.2876 AOPCR=  0.156 NDCG=  n/a C=  2 T=   65 (24s)  [66 trained / 0 failed so far]
[ 67/129] StarLightCurves
    stage 1/3: loading data ...
    stage 2/3: training on 801 series (val=199, C=3, T=1024, batch=16) ...
    stage 3/3: scoring on 8236 test series (accuracy + AOPCR) ...
    [mlflow] versioned model 'mstcn_sep_adaptive_classwise' (id=m-91aff7436f3b4bfeb2813454524a009b) params={'model_size_mb': '3.5355', 'n_model_params': '268201', 'name': 'seanet_acp'}
    [mlflow] logged run 'seanet_acp_StarLightCurves'  (train_acc=0.9963 val_acc=0.9849 test_acc=0.9757 test_loss=0.1402)
[ 67/129] StarLightCurves              DONE  acc=0.9757 loss=0.1402 AOPCR=  0.694 NDCG=  n/a C=  3 T= 1024 (145s)  [67 trained / 0 failed so far]
[ 68/129] Strawberry
    stage 1/3: loading data ...
    stage 2/3: training on 492 series (val=121, C=2, T=235, batch=16) ...
    stage 3/3: scoring on 370 test series (accuracy + AOPCR) ...
    [mlflow] versioned model 'mstcn_sep_adaptive_classwise' (id=m-b51148dab2bd4b71a759ee6920e47ab1) params={'model_size_mb': '3.535', 'n_model_params': '268062', 'name': 'seanet_acp'}
    [mlflow] logged run 'seanet_acp_Strawberry'  (train_acc=0.9837 val_acc=0.9917 test_acc=0.9568 test_loss=0.1744)
[ 68/129] Strawberry                   DONE  acc=0.9568 loss=0.1744 AOPCR=  0.093 NDCG=  n/a C=  2 T=  235 (79s)  [68 trained / 0 failed so far]
[ 69/129] SwedishLeaf
    stage 1/3: loading data ...
    stage 2/3: training on 405 series (val=95, C=15, T=128, batch=16) ...
    stage 3/3: scoring on 625 test series (accuracy + AOPCR) ...
    [mlflow] versioned model 'mstcn_sep_adaptive_classwise' (id=m-5487d31a61454fc0895dae2b5cfda506) params={'model_size_mb': '3.5417', 'n_model_params': '269869', 'name': 'seanet_acp'}
    [mlflow] logged run 'seanet_acp_SwedishLeaf'  (train_acc=1.0000 val_acc=0.9895 test_acc=0.9520 test_loss=0.2489)
[ 69/129] SwedishLeaf                  DONE  acc=0.9520 loss=0.2489 AOPCR=  0.902 NDCG=  n/a C= 15 T=  128 (89s)  [69 trained / 0 failed so far]
[ 70/129] Symbols
    stage 1/3: loading data ...
    stage 2/3: training on 25 series (no val (train-loss early stop), C=6, T=398, batch=2) ...
    stage 3/3: scoring on 995 test series (accuracy + AOPCR) ...
    [mlflow] versioned model 'mstcn_sep_adaptive_classwise' (id=m-2de7a99d517848e9b99963eb403a4d28) params={'model_size_mb': '3.5371', 'n_model_params': '268618', 'name': 'seanet_acp'}
    [mlflow] logged run 'seanet_acp_Symbols'  (train_acc=1.0000 test_acc=0.9588 test_loss=0.2598)
[ 70/129] Symbols                      DONE  acc=0.9588 loss=0.2598 AOPCR=  0.897 NDCG=  n/a C=  6 T=  398 (28s)  [70 trained / 0 failed so far]
[ 71/129] SyntheticControl
    stage 1/3: loading data ...
    stage 2/3: training on 240 series (val=60, C=6, T=60, batch=16) ...
    stage 3/3: scoring on 300 test series (accuracy + AOPCR) ...
    [mlflow] versioned model 'mstcn_sep_adaptive_classwise' (id=m-0307d845e5b94cfe8a31126734fc8ff5) params={'model_size_mb': '3.5371', 'n_model_params': '268618', 'name': 'seanet_acp'}
    [mlflow] logged run 'seanet_acp_SyntheticControl'  (train_acc=1.0000 val_acc=1.0000 test_acc=0.9933 test_loss=0.1179)
[ 71/129] SyntheticControl             DONE  acc=0.9933 loss=0.1179 AOPCR=  0.598 NDCG=  n/a C=  6 T=   60 (41s)  [71 trained / 0 failed so far]
[ 72/129] ToeSegmentation1
    stage 1/3: loading data ...
    stage 2/3: training on 40 series (no val (train-loss early stop), C=2, T=277, batch=4) ...
    stage 3/3: scoring on 228 test series (accuracy + AOPCR) ...
    [mlflow] versioned model 'mstcn_sep_adaptive_classwise' (id=m-5aacbfd3946443e29dec10df0978ad1b) params={'model_size_mb': '3.535', 'n_model_params': '268062', 'name': 'seanet_acp'}
    [mlflow] logged run 'seanet_acp_ToeSegmentation1'  (train_acc=1.0000 test_acc=0.8816 test_loss=0.2555)
[ 72/129] ToeSegmentation1             DONE  acc=0.8816 loss=0.2555 AOPCR=  0.226 NDCG=  n/a C=  2 T=  277 (33s)  [72 trained / 0 failed so far]
[ 73/129] ToeSegmentation2
    stage 1/3: loading data ...
    stage 2/3: training on 36 series (no val (train-loss early stop), C=2, T=343, batch=3) ...
    stage 3/3: scoring on 130 test series (accuracy + AOPCR) ...
    [mlflow] versioned model 'mstcn_sep_adaptive_classwise' (id=m-e5c92f9c5867444590bdc73f6da9c237) params={'model_size_mb': '3.535', 'n_model_params': '268062', 'name': 'seanet_acp'}
    [mlflow] logged run 'seanet_acp_ToeSegmentation2'  (train_acc=1.0000 test_acc=0.9462 test_loss=0.2465)
[ 73/129] ToeSegmentation2             DONE  acc=0.9462 loss=0.2465 AOPCR=  0.340 NDCG=  n/a C=  2 T=  343 (40s)  [73 trained / 0 failed so far]
[ 74/129] Trace
    stage 1/3: loading data ...
    stage 2/3: training on 81 series (val=19, C=4, T=275, batch=8) ...
    stage 3/3: scoring on 100 test series (accuracy + AOPCR) ...
    [mlflow] versioned model 'mstcn_sep_adaptive_classwise' (id=m-b33ece31d70149aabaa4cf7cfcb4ce47) params={'model_size_mb': '3.5361', 'n_model_params': '268340', 'name': 'seanet_acp'}
    [mlflow] logged run 'seanet_acp_Trace'  (train_acc=1.0000 val_acc=1.0000 test_acc=1.0000 test_loss=0.0914)
[ 74/129] Trace                        DONE  acc=1.0000 loss=0.0914 AOPCR=  1.318 NDCG=  n/a C=  4 T=  275 (35s)  [74 trained / 0 failed so far]
[ 75/129] TwoLeadECG
    stage 1/3: loading data ...
    stage 2/3: training on 23 series (no val (train-loss early stop), C=2, T=82, batch=2) ...
    stage 3/3: scoring on 1139 test series (accuracy + AOPCR) ...
    [mlflow] versioned model 'mstcn_sep_adaptive_classwise' (id=m-c8c848aefd654f33bf7c4966c7158e8c) params={'model_size_mb': '3.535', 'n_model_params': '268062', 'name': 'seanet_acp'}
    [mlflow] logged run 'seanet_acp_TwoLeadECG'  (train_acc=1.0000 test_acc=0.9965 test_loss=0.0733)
[ 75/129] TwoLeadECG                   DONE  acc=0.9965 loss=0.0733 AOPCR=  0.418 NDCG=  n/a C=  2 T=   82 (26s)  [75 trained / 0 failed so far]
[ 76/129] TwoPatterns
    stage 1/3: loading data ...
    stage 2/3: training on 801 series (val=199, C=4, T=128, batch=16) ...
    stage 3/3: scoring on 4000 test series (accuracy + AOPCR) ...
    [mlflow] versioned model 'mstcn_sep_adaptive_classwise' (id=m-ae34661df3cf4568aa0dca5b4ec73ad5) params={'model_size_mb': '3.5361', 'n_model_params': '268340', 'name': 'seanet_acp'}
    [mlflow] logged run 'seanet_acp_TwoPatterns'  (train_acc=1.0000 val_acc=1.0000 test_acc=1.0000 test_loss=0.0982)
[ 76/129] TwoPatterns                  DONE  acc=1.0000 loss=0.0982 AOPCR=  2.214 NDCG=  n/a C=  4 T=  128 (65s)  [76 trained / 0 failed so far]
[ 77/129] UWaveGestureLibraryAll
    stage 1/3: loading data ...
    stage 2/3: training on 719 series (val=177, C=8, T=945, batch=16) ...
    stage 3/3: scoring on 3582 test series (accuracy + AOPCR) ...
    [mlflow] versioned model 'mstcn_sep_adaptive_classwise' (id=m-94ed64997ccc4104a324618c5b36b740) params={'model_size_mb': '3.5381', 'n_model_params': '268896', 'name': 'seanet_acp'}
    [mlflow] logged run 'seanet_acp_UWaveGestureLibraryAll'  (train_acc=1.0000 val_acc=0.9718 test_acc=0.9749 test_loss=0.1864)
[ 77/129] UWaveGestureLibraryAll       DONE  acc=0.9749 loss=0.1864 AOPCR=  1.300 NDCG=  n/a C=  8 T=  945 (190s)  [77 trained / 0 failed so far]
[ 78/129] UWaveGestureLibraryX
    stage 1/3: loading data ...
    stage 2/3: training on 719 series (val=177, C=8, T=315, batch=16) ...
    stage 3/3: scoring on 3582 test series (accuracy + AOPCR) ...
    [mlflow] versioned model 'mstcn_sep_adaptive_classwise' (id=m-8596f6062b814ff4a5ddb06faedfe279) params={'model_size_mb': '3.5381', 'n_model_params': '268896', 'name': 'seanet_acp'}
    [mlflow] logged run 'seanet_acp_UWaveGestureLibraryX'  (train_acc=1.0000 val_acc=0.8362 test_acc=0.8099 test_loss=0.6506)
[ 78/129] UWaveGestureLibraryX         DONE  acc=0.8099 loss=0.6506 AOPCR=  0.481 NDCG=  n/a C=  8 T=  315 (68s)  [78 trained / 0 failed so far]
[ 79/129] UWaveGestureLibraryY
    stage 1/3: loading data ...
    stage 2/3: training on 719 series (val=177, C=8, T=315, batch=16) ...
    stage 3/3: scoring on 3582 test series (accuracy + AOPCR) ...
    [mlflow] versioned model 'mstcn_sep_adaptive_classwise' (id=m-d155b0536e7b45a490bf113b1ea75f29) params={'model_size_mb': '3.5381', 'n_model_params': '268896', 'name': 'seanet_acp'}
    [mlflow] logged run 'seanet_acp_UWaveGestureLibraryY'  (train_acc=1.0000 val_acc=0.7571 test_acc=0.7641 test_loss=0.8088)
[ 79/129] UWaveGestureLibraryY         DONE  acc=0.7641 loss=0.8088 AOPCR=  0.738 NDCG=  n/a C=  8 T=  315 (90s)  [79 trained / 0 failed so far]
[ 80/129] UWaveGestureLibraryZ
    stage 1/3: loading data ...
    stage 2/3: training on 719 series (val=177, C=8, T=315, batch=16) ...
    stage 3/3: scoring on 3582 test series (accuracy + AOPCR) ...
    [mlflow] versioned model 'mstcn_sep_adaptive_classwise' (id=m-ad57abd20a2a4e04bc419b34e30722bf) params={'model_size_mb': '3.5381', 'n_model_params': '268896', 'name': 'seanet_acp'}
    [mlflow] logged run 'seanet_acp_UWaveGestureLibraryZ'  (train_acc=1.0000 val_acc=0.7345 test_acc=0.7672 test_loss=0.7761)
[ 80/129] UWaveGestureLibraryZ         DONE  acc=0.7672 loss=0.7761 AOPCR=  1.115 NDCG=  n/a C=  8 T=  315 (97s)  [80 trained / 0 failed so far]
[ 81/129] Wafer
    stage 1/3: loading data ...
    stage 2/3: training on 801 series (val=199, C=2, T=152, batch=16) ...
    stage 3/3: scoring on 6164 test series (accuracy + AOPCR) ...
    [mlflow] versioned model 'mstcn_sep_adaptive_classwise' (id=m-d94b0fb5c5854123b65a053e9c9465a7) params={'model_size_mb': '3.535', 'n_model_params': '268062', 'name': 'seanet_acp'}
    [mlflow] logged run 'seanet_acp_Wafer'  (train_acc=0.9975 val_acc=0.9950 test_acc=0.9966 test_loss=0.0974)
[ 81/129] Wafer                        DONE  acc=0.9966 loss=0.0974 AOPCR=  0.182 NDCG=  n/a C=  2 T=  152 (39s)  [81 trained / 0 failed so far]
[ 82/129] Wine
    stage 1/3: loading data ...
    stage 2/3: training on 57 series (no val (train-loss early stop), C=2, T=234, batch=5) ...
    stage 3/3: scoring on 54 test series (accuracy + AOPCR) ...
    [mlflow] versioned model 'mstcn_sep_adaptive_classwise' (id=m-9a926fef3ed94e96a477e4f8c16b65a6) params={'model_size_mb': '3.535', 'n_model_params': '268062', 'name': 'seanet_acp'}
    [mlflow] logged run 'seanet_acp_Wine'  (train_acc=0.7018 test_acc=0.6852 test_loss=0.5566)
[ 82/129] Wine                         DONE  acc=0.6852 loss=0.5566 AOPCR=  4.733 NDCG=  n/a C=  2 T=  234 (58s)  [82 trained / 0 failed so far]
[ 83/129] WordSynonyms
    stage 1/3: loading data ...
    stage 2/3: training on 217 series (val=50, C=25, T=270, batch=16) ...
    stage 3/3: scoring on 638 test series (accuracy + AOPCR) ...
    [mlflow] versioned model 'mstcn_sep_adaptive_classwise' (id=m-c55bc12e530b4a90ba9f2c98112fa69e) params={'model_size_mb': '3.5471', 'n_model_params': '271259', 'name': 'seanet_acp'}
    [mlflow] logged run 'seanet_acp_WordSynonyms'  (train_acc=1.0000 val_acc=0.8200 test_acc=0.7571 test_loss=1.0791)
[ 83/129] WordSynonyms                 DONE  acc=0.7571 loss=1.0791 AOPCR=  1.107 NDCG=  n/a C= 25 T=  270 (63s)  [83 trained / 0 failed so far]
[ 84/129] Worms
    stage 1/3: loading data ...
    stage 2/3: training on 146 series (val=35, C=5, T=900, batch=14) ...
    stage 3/3: scoring on 77 test series (accuracy + AOPCR) ...
    [mlflow] versioned model 'mstcn_sep_adaptive_classwise' (id=m-063758c3c5ce47938fc1879b2622db5c) params={'model_size_mb': '3.5365', 'n_model_params': '268479', 'name': 'seanet_acp'}
    [mlflow] logged run 'seanet_acp_Worms'  (train_acc=1.0000 val_acc=0.7714 test_acc=0.6234 test_loss=0.8303)
[ 84/129] Worms                        DONE  acc=0.6234 loss=0.8303 AOPCR=  1.527 NDCG=  n/a C=  5 T=  900 (32s)  [84 trained / 0 failed so far]
[ 85/129] WormsTwoClass
    stage 1/3: loading data ...
    stage 2/3: training on 145 series (val=36, C=2, T=900, batch=14) ...
    stage 3/3: scoring on 77 test series (accuracy + AOPCR) ...
    [mlflow] versioned model 'mstcn_sep_adaptive_classwise' (id=m-713cbacd8ba4413399b3e1a7a5ac5fdc) params={'model_size_mb': '3.535', 'n_model_params': '268062', 'name': 'seanet_acp'}
    [mlflow] logged run 'seanet_acp_WormsTwoClass'  (train_acc=1.0000 val_acc=0.8333 test_acc=0.6883 test_loss=0.6099)
[ 85/129] WormsTwoClass                DONE  acc=0.6883 loss=0.6099 AOPCR=  1.021 NDCG=  n/a C=  2 T=  900 (32s)  [85 trained / 0 failed so far]
[ 86/129] Yoga
    stage 1/3: loading data ...
    stage 2/3: training on 241 series (val=59, C=2, T=426, batch=16) ...
    stage 3/3: scoring on 3000 test series (accuracy + AOPCR) ...
    [mlflow] versioned model 'mstcn_sep_adaptive_classwise' (id=m-d0ae522e644741fb98f6576b0b87943c) params={'model_size_mb': '3.535', 'n_model_params': '268062', 'name': 'seanet_acp'}
    [mlflow] logged run 'seanet_acp_Yoga'  (train_acc=1.0000 val_acc=0.9322 test_acc=0.8903 test_loss=0.2763)
[ 86/129] Yoga                         DONE  acc=0.8903 loss=0.2763 AOPCR=  0.662 NDCG=  n/a C=  2 T=  426 (51s)  [86 trained / 0 failed so far]
[ 87/129] ACSF1
    stage 1/3: loading data ...
    stage 2/3: training on 80 series (val=20, C=10, T=1460, batch=8) ...
    stage 3/3: scoring on 100 test series (accuracy + AOPCR) ...
    [mlflow] versioned model 'mstcn_sep_adaptive_classwise' (id=m-525cbb62ee544915a0281b7950bc2c7d) params={'model_size_mb': '3.5392', 'n_model_params': '269174', 'name': 'seanet_acp'}
    [mlflow] logged run 'seanet_acp_ACSF1'  (train_acc=0.8875 val_acc=0.8000 test_acc=0.7500 test_loss=0.7969)
[ 87/129] ACSF1                        DONE  acc=0.7500 loss=0.7969 AOPCR=  0.500 NDCG=  n/a C= 10 T= 1460 (21s)  [87 trained / 0 failed so far]
[ 88/129] AllGestureWiimoteX
    stage 1/3: loading data ...
    stage 2/3: training on 240 series (val=60, C=10, T=500, batch=16) ...
    stage 3/3: scoring on 700 test series (accuracy + AOPCR) ...
    [mlflow] versioned model 'mstcn_sep_adaptive_classwise' (id=m-55e480c9d3de4d32a52f79741c4b370d) params={'model_size_mb': '3.5392', 'n_model_params': '269174', 'name': 'seanet_acp'}
    [mlflow] logged run 'seanet_acp_AllGestureWiimoteX'  (train_acc=1.0000 val_acc=0.8500 test_acc=0.7400 test_loss=0.9134)
[ 88/129] AllGestureWiimoteX           DONE  acc=0.7400 loss=0.9134 AOPCR=  0.594 NDCG=  n/a C= 10 T=  500 (38s)  [88 trained / 0 failed so far]
[ 89/129] AllGestureWiimoteY
    stage 1/3: loading data ...
    stage 2/3: training on 240 series (val=60, C=10, T=500, batch=16) ...
    stage 3/3: scoring on 700 test series (accuracy + AOPCR) ...
    [mlflow] versioned model 'mstcn_sep_adaptive_classwise' (id=m-e96bc0c5d9c04efdb93a16829b01791a) params={'model_size_mb': '3.5392', 'n_model_params': '269174', 'name': 'seanet_acp'}
    [mlflow] logged run 'seanet_acp_AllGestureWiimoteY'  (train_acc=1.0000 val_acc=0.7167 test_acc=0.7500 test_loss=0.8454)
[ 89/129] AllGestureWiimoteY           DONE  acc=0.7500 loss=0.8454 AOPCR=  0.853 NDCG=  n/a C= 10 T=  500 (25s)  [89 trained / 0 failed so far]
[ 90/129] AllGestureWiimoteZ
    stage 1/3: loading data ...
    stage 2/3: training on 240 series (val=60, C=10, T=500, batch=16) ...
    stage 3/3: scoring on 700 test series (accuracy + AOPCR) ...
    [mlflow] versioned model 'mstcn_sep_adaptive_classwise' (id=m-30ba33e4cc724db9883c2275ae7f38d9) params={'model_size_mb': '3.5392', 'n_model_params': '269174', 'name': 'seanet_acp'}
    [mlflow] logged run 'seanet_acp_AllGestureWiimoteZ'  (train_acc=1.0000 val_acc=0.6667 test_acc=0.7414 test_loss=0.9164)
[ 90/129] AllGestureWiimoteZ           DONE  acc=0.7414 loss=0.9164 AOPCR=  0.738 NDCG=  n/a C= 10 T=  500 (30s)  [90 trained / 0 failed so far]
[ 91/129] BME
    stage 1/3: loading data ...
    stage 2/3: training on 30 series (no val (train-loss early stop), C=3, T=128, batch=3) ...
    stage 3/3: scoring on 150 test series (accuracy + AOPCR) ...
    [mlflow] versioned model 'mstcn_sep_adaptive_classwise' (id=m-36bff680251f41e8b7bdcbef8db23147) params={'model_size_mb': '3.5355', 'n_model_params': '268201', 'name': 'seanet_acp'}
    [mlflow] logged run 'seanet_acp_BME'  (train_acc=1.0000 test_acc=1.0000 test_loss=0.0897)
[ 91/129] BME                          DONE  acc=1.0000 loss=0.0897 AOPCR=  0.642 NDCG=  n/a C=  3 T=  128 (26s)  [91 trained / 0 failed so far]
[ 92/129] Chinatown
    stage 1/3: loading data ...
    stage 2/3: training on 20 series (no val (train-loss early stop), C=2, T=24, batch=2) ...
    stage 3/3: scoring on 343 test series (accuracy + AOPCR) ...
    [mlflow] versioned model 'mstcn_sep_adaptive_classwise' (id=m-1b615264ac5d485e82d1b124d3a9ced1) params={'model_size_mb': '3.535', 'n_model_params': '268062', 'name': 'seanet_acp'}
    [mlflow] logged run 'seanet_acp_Chinatown'  (train_acc=1.0000 test_acc=0.9796 test_loss=0.1103)
[ 92/129] Chinatown                    DONE  acc=0.9796 loss=0.1103 AOPCR=  0.106 NDCG=  n/a C=  2 T=   24 (26s)  [92 trained / 0 failed so far]
[ 93/129] Crop
    stage 1/3: loading data ...
    stage 2/3: training on 5760 series (val=1440, C=24, T=46, batch=16) ...
    stage 3/3: scoring on 16800 test series (accuracy + AOPCR) ...
    [mlflow] versioned model 'mstcn_sep_adaptive_classwise' (id=m-b6113c412d574cec9c55efccd8d5a62d) params={'model_size_mb': '3.5466', 'n_model_params': '271120', 'name': 'seanet_acp'}
    [mlflow] logged run 'seanet_acp_Crop'  (train_acc=0.8429 val_acc=0.7194 test_acc=0.7185 test_loss=0.8996)
[ 93/129] Crop                         DONE  acc=0.7185 loss=0.8996 AOPCR=  0.253 NDCG=  n/a C= 24 T=   46 (338s)  [93 trained / 0 failed so far]
[ 94/129] DodgerLoopDay
    stage 1/3: loading data ...
    stage 2/3: training on 78 series (no val (train-loss early stop), C=7, T=288, batch=7) ...
    stage 3/3: scoring on 80 test series (accuracy + AOPCR) ...
    [mlflow] versioned model 'mstcn_sep_adaptive_classwise' (id=m-bdbfe98babc64e7f841d6751591d0f9d) params={'model_size_mb': '3.5376', 'n_model_params': '268757', 'name': 'seanet_acp'}
    [mlflow] logged run 'seanet_acp_DodgerLoopDay'  (train_acc=1.0000 test_acc=0.6375 test_loss=1.2758)
[ 94/129] DodgerLoopDay                DONE  acc=0.6375 loss=1.2758 AOPCR=  0.709 NDCG=  n/a C=  7 T=  288 (50s)  [94 trained / 0 failed so far]
[ 95/129] DodgerLoopGame
    stage 1/3: loading data ...
    stage 2/3: training on 20 series (no val (train-loss early stop), C=2, T=288, batch=2) ...
    stage 3/3: scoring on 138 test series (accuracy + AOPCR) ...
    [mlflow] versioned model 'mstcn_sep_adaptive_classwise' (id=m-e1d6c949a49542ffa412c2aff72a94d5) params={'model_size_mb': '3.535', 'n_model_params': '268062', 'name': 'seanet_acp'}
    [mlflow] logged run 'seanet_acp_DodgerLoopGame'  (train_acc=1.0000 test_acc=0.8551 test_loss=0.3351)
[ 95/129] DodgerLoopGame               DONE  acc=0.8551 loss=0.3351 AOPCR=  0.471 NDCG=  n/a C=  2 T=  288 (8s)  [95 trained / 0 failed so far]
[ 96/129] DodgerLoopWeekend
    stage 1/3: loading data ...
    stage 2/3: training on 20 series (no val (train-loss early stop), C=2, T=288, batch=2) ...
    stage 3/3: scoring on 138 test series (accuracy + AOPCR) ...
    [mlflow] versioned model 'mstcn_sep_adaptive_classwise' (id=m-4b7e2db49ee642379a11747c48d11f39) params={'model_size_mb': '3.535', 'n_model_params': '268062', 'name': 'seanet_acp'}
    [mlflow] logged run 'seanet_acp_DodgerLoopWeekend'  (train_acc=1.0000 test_acc=0.9783 test_loss=0.1735)
[ 96/129] DodgerLoopWeekend            DONE  acc=0.9783 loss=0.1735 AOPCR=  0.292 NDCG=  n/a C=  2 T=  288 (16s)  [96 trained / 0 failed so far]
[ 97/129] EOGHorizontalSignal
    stage 1/3: loading data ...
    stage 2/3: training on 290 series (val=72, C=12, T=1250, batch=16) ...
    stage 3/3: scoring on 362 test series (accuracy + AOPCR) ...
    [mlflow] versioned model 'mstcn_sep_adaptive_classwise' (id=m-3913f5736fcb49d692adbcc3121c0bb2) params={'model_size_mb': '3.5402', 'n_model_params': '269452', 'name': 'seanet_acp'}
    [mlflow] logged run 'seanet_acp_EOGHorizontalSignal'  (train_acc=1.0000 val_acc=0.8889 test_acc=0.5497 test_loss=1.5548)
[ 97/129] EOGHorizontalSignal          DONE  acc=0.5497 loss=1.5548 AOPCR=  1.220 NDCG=  n/a C= 12 T= 1250 (116s)  [97 trained / 0 failed so far]
[ 98/129] EOGVerticalSignal
    stage 1/3: loading data ...
    stage 2/3: training on 290 series (val=72, C=12, T=1250, batch=16) ...
    stage 3/3: scoring on 362 test series (accuracy + AOPCR) ...
    [mlflow] versioned model 'mstcn_sep_adaptive_classwise' (id=m-c4c2bd0e7bf04828936a412eebc98137) params={'model_size_mb': '3.5402', 'n_model_params': '269452', 'name': 'seanet_acp'}
    [mlflow] logged run 'seanet_acp_EOGVerticalSignal'  (train_acc=1.0000 val_acc=0.8333 test_acc=0.4972 test_loss=1.7090)
[ 98/129] EOGVerticalSignal            DONE  acc=0.4972 loss=1.7090 AOPCR=  0.713 NDCG=  n/a C= 12 T= 1250 (123s)  [98 trained / 0 failed so far]
[ 99/129] EthanolLevel
    stage 1/3: loading data ...
    stage 2/3: training on 404 series (val=100, C=4, T=1751, batch=16) ...
    stage 3/3: scoring on 500 test series (accuracy + AOPCR) ...
    [mlflow] versioned model 'mstcn_sep_adaptive_classwise' (id=m-b375504bcd594632987c164bd3d0743b) params={'model_size_mb': '3.5361', 'n_model_params': '268340', 'name': 'seanet_acp'}
    [mlflow] logged run 'seanet_acp_EthanolLevel'  (train_acc=0.9604 val_acc=0.8300 test_acc=0.8120 test_loss=0.4975)
[ 99/129] EthanolLevel                 DONE  acc=0.8120 loss=0.4975 AOPCR=  0.252 NDCG=  n/a C=  4 T= 1751 (276s)  [99 trained / 0 failed so far]
[100/129] FreezerRegularTrain
    stage 1/3: loading data ...
    stage 2/3: training on 120 series (val=30, C=2, T=301, batch=12) ...
    stage 3/3: scoring on 2850 test series (accuracy + AOPCR) ...
    [mlflow] versioned model 'mstcn_sep_adaptive_classwise' (id=m-6233e03b20a345ecb1c9cf2e10779f90) params={'model_size_mb': '3.535', 'n_model_params': '268062', 'name': 'seanet_acp'}
    [mlflow] logged run 'seanet_acp_FreezerRegularTrain'  (train_acc=1.0000 val_acc=1.0000 test_acc=0.9947 test_loss=0.0867)
[100/129] FreezerRegularTrain          DONE  acc=0.9947 loss=0.0867 AOPCR= -0.025 NDCG=  n/a C=  2 T=  301 (11s)  [100 trained / 0 failed so far]
[101/129] FreezerSmallTrain
    stage 1/3: loading data ...
    stage 2/3: training on 28 series (no val (train-loss early stop), C=2, T=301, batch=2) ...
    stage 3/3: scoring on 2850 test series (accuracy + AOPCR) ...
    [mlflow] versioned model 'mstcn_sep_adaptive_classwise' (id=m-e5210c88b2ad482e9eb9835b324e7e4a) params={'model_size_mb': '3.535', 'n_model_params': '268062', 'name': 'seanet_acp'}
    [mlflow] logged run 'seanet_acp_FreezerSmallTrain'  (train_acc=1.0000 test_acc=0.8407 test_loss=0.3561)
[101/129] FreezerSmallTrain            DONE  acc=0.8407 loss=0.3561 AOPCR= -0.099 NDCG=  n/a C=  2 T=  301 (44s)  [101 trained / 0 failed so far]
[102/129] Fungi
    stage 1/3: loading data ...
    stage 2/3: training on 18 series (no val (train-loss early stop), C=18, T=201, batch=2) ...
    stage 3/3: scoring on 186 test series (accuracy + AOPCR) ...
    [mlflow] versioned model 'mstcn_sep_adaptive_classwise' (id=m-a91000d4223a48e99fc93e64ac55974e) params={'model_size_mb': '3.5435', 'n_model_params': '270286', 'name': 'seanet_acp'}
    [mlflow] logged run 'seanet_acp_Fungi'  (train_acc=1.0000 test_acc=1.0000 test_loss=0.2089)
[102/129] Fungi                        DONE  acc=1.0000 loss=0.2089 AOPCR=  0.684 NDCG=  n/a C= 18 T=  201 (28s)  [102 trained / 0 failed so far]
[103/129] GestureMidAirD1
    stage 1/3: loading data ...
    stage 2/3: training on 182 series (val=26, C=26, T=360, batch=16) ...
    stage 3/3: scoring on 130 test series (accuracy + AOPCR) ...
    [mlflow] versioned model 'mstcn_sep_adaptive_classwise' (id=m-49ee1107c4954639996efff09aa66b7a) params={'model_size_mb': '3.5477', 'n_model_params': '271398', 'name': 'seanet_acp'}
    [mlflow] logged run 'seanet_acp_GestureMidAirD1'  (train_acc=0.8626 val_acc=0.6538 test_acc=0.5692 test_loss=1.2546)
[103/129] GestureMidAirD1              DONE  acc=0.5692 loss=1.2546 AOPCR=  2.072 NDCG=  n/a C= 26 T=  360 (11s)  [103 trained / 0 failed so far]
[104/129] GestureMidAirD2
    stage 1/3: loading data ...
    stage 2/3: training on 182 series (val=26, C=26, T=360, batch=16) ...
    stage 3/3: scoring on 130 test series (accuracy + AOPCR) ...
    [mlflow] versioned model 'mstcn_sep_adaptive_classwise' (id=m-3484ff9c57294f44a3340440420d7b97) params={'model_size_mb': '3.5477', 'n_model_params': '271398', 'name': 'seanet_acp'}
    [mlflow] logged run 'seanet_acp_GestureMidAirD2'  (train_acc=0.7418 val_acc=0.6538 test_acc=0.6308 test_loss=1.0434)
[104/129] GestureMidAirD2              DONE  acc=0.6308 loss=1.0434 AOPCR=  1.459 NDCG=  n/a C= 26 T=  360 (11s)  [104 trained / 0 failed so far]
[105/129] GestureMidAirD3
    stage 1/3: loading data ...
    stage 2/3: training on 182 series (val=26, C=26, T=360, batch=16) ...
    stage 3/3: scoring on 130 test series (accuracy + AOPCR) ...
    [mlflow] versioned model 'mstcn_sep_adaptive_classwise' (id=m-817979820924441d8815b6bfcb28e786) params={'model_size_mb': '3.5477', 'n_model_params': '271398', 'name': 'seanet_acp'}
    [mlflow] logged run 'seanet_acp_GestureMidAirD3'  (train_acc=0.9945 val_acc=0.4615 test_acc=0.3846 test_loss=2.3828)
[105/129] GestureMidAirD3              DONE  acc=0.3846 loss=2.3828 AOPCR=  1.028 NDCG=  n/a C= 26 T=  360 (18s)  [105 trained / 0 failed so far]
[106/129] GesturePebbleZ1
    stage 1/3: loading data ...
    stage 2/3: training on 107 series (val=25, C=6, T=455, batch=10) ...
    stage 3/3: scoring on 172 test series (accuracy + AOPCR) ...
    [mlflow] versioned model 'mstcn_sep_adaptive_classwise' (id=m-7a52382e4cdf4c269328b87245ad65c5) params={'model_size_mb': '3.5371', 'n_model_params': '268618', 'name': 'seanet_acp'}
    [mlflow] logged run 'seanet_acp_GesturePebbleZ1'  (train_acc=1.0000 val_acc=1.0000 test_acc=0.9012 test_loss=0.3972)
[106/129] GesturePebbleZ1              DONE  acc=0.9012 loss=0.3972 AOPCR=  1.198 NDCG=  n/a C=  6 T=  455 (20s)  [106 trained / 0 failed so far]
[107/129] GesturePebbleZ2
    stage 1/3: loading data ...
    stage 2/3: training on 120 series (val=26, C=6, T=455, batch=12) ...
    stage 3/3: scoring on 158 test series (accuracy + AOPCR) ...
    [mlflow] versioned model 'mstcn_sep_adaptive_classwise' (id=m-67384dc36dba44f1ad6bd28092cb6074) params={'model_size_mb': '3.5371', 'n_model_params': '268618', 'name': 'seanet_acp'}
    [mlflow] logged run 'seanet_acp_GesturePebbleZ2'  (train_acc=1.0000 val_acc=1.0000 test_acc=0.8987 test_loss=0.3561)
[107/129] GesturePebbleZ2              DONE  acc=0.8987 loss=0.3561 AOPCR=  1.331 NDCG=  n/a C=  6 T=  455 (11s)  [107 trained / 0 failed so far]
[108/129] GunPointAgeSpan
    stage 1/3: loading data ...
    stage 2/3: training on 109 series (val=26, C=2, T=150, batch=10) ...
    stage 3/3: scoring on 316 test series (accuracy + AOPCR) ...
    [mlflow] versioned model 'mstcn_sep_adaptive_classwise' (id=m-5d775d11949f454fb8c852f3805a3e87) params={'model_size_mb': '3.535', 'n_model_params': '268062', 'name': 'seanet_acp'}
    [mlflow] logged run 'seanet_acp_GunPointAgeSpan'  (train_acc=1.0000 val_acc=1.0000 test_acc=0.9747 test_loss=0.1363)
[108/129] GunPointAgeSpan              DONE  acc=0.9747 loss=0.1363 AOPCR=  0.457 NDCG=  n/a C=  2 T=  150 (16s)  [108 trained / 0 failed so far]
[109/129] GunPointMaleVersusFemale
    stage 1/3: loading data ...
    stage 2/3: training on 109 series (val=26, C=2, T=150, batch=10) ...
    stage 3/3: scoring on 316 test series (accuracy + AOPCR) ...
    [mlflow] versioned model 'mstcn_sep_adaptive_classwise' (id=m-f752d48ede1e4d6e84df5128d2ccae5f) params={'model_size_mb': '3.535', 'n_model_params': '268062', 'name': 'seanet_acp'}
    [mlflow] logged run 'seanet_acp_GunPointMaleVersusFemale'  (train_acc=1.0000 val_acc=1.0000 test_acc=0.9873 test_loss=0.0959)
[109/129] GunPointMaleVersusFemale     DONE  acc=0.9873 loss=0.0959 AOPCR=  0.529 NDCG=  n/a C=  2 T=  150 (20s)  [109 trained / 0 failed so far]
[110/129] GunPointOldVersusYoung
    stage 1/3: loading data ...
    stage 2/3: training on 109 series (val=27, C=2, T=150, batch=10) ...
    stage 3/3: scoring on 315 test series (accuracy + AOPCR) ...
    [mlflow] versioned model 'mstcn_sep_adaptive_classwise' (id=m-7b06808e9cd44278a6a5e5ba5ebfde1e) params={'model_size_mb': '3.535', 'n_model_params': '268062', 'name': 'seanet_acp'}
    [mlflow] logged run 'seanet_acp_GunPointOldVersusYoung'  (train_acc=1.0000 val_acc=1.0000 test_acc=0.9683 test_loss=0.1267)
[110/129] GunPointOldVersusYoung       DONE  acc=0.9683 loss=0.1267 AOPCR=  0.851 NDCG=  n/a C=  2 T=  150 (27s)  [110 trained / 0 failed so far]
[111/129] HouseTwenty
    stage 1/3: loading data ...
    stage 2/3: training on 40 series (no val (train-loss early stop), C=2, T=2000, batch=4) ...
    stage 3/3: scoring on 119 test series (accuracy + AOPCR) ...
    [mlflow] versioned model 'mstcn_sep_adaptive_classwise' (id=m-914c7c5f6ba54f59a9c440e0697efd30) params={'model_size_mb': '3.535', 'n_model_params': '268062', 'name': 'seanet_acp'}
    [mlflow] logged run 'seanet_acp_HouseTwenty'  (train_acc=1.0000 test_acc=0.9412 test_loss=0.1944)
[111/129] HouseTwenty                  DONE  acc=0.9412 loss=0.1944 AOPCR=  1.800 NDCG=  n/a C=  2 T= 2000 (28s)  [111 trained / 0 failed so far]
[112/129] InsectEPGRegularTrain
    stage 1/3: loading data ...
    stage 2/3: training on 62 series (no val (train-loss early stop), C=3, T=601, batch=6) ...
    stage 3/3: scoring on 249 test series (accuracy + AOPCR) ...
    [mlflow] versioned model 'mstcn_sep_adaptive_classwise' (id=m-d9b2fdfee967482c8b44e2e7457c93ec) params={'model_size_mb': '3.5355', 'n_model_params': '268201', 'name': 'seanet_acp'}
    [mlflow] logged run 'seanet_acp_InsectEPGRegularTrain'  (train_acc=1.0000 test_acc=0.9839 test_loss=0.1647)
[112/129] InsectEPGRegularTrain        DONE  acc=0.9839 loss=0.1647 AOPCR=  1.714 NDCG=  n/a C=  3 T=  601 (26s)  [112 trained / 0 failed so far]
[113/129] InsectEPGSmallTrain
    stage 1/3: loading data ...
    stage 2/3: training on 17 series (no val (train-loss early stop), C=3, T=601, batch=2) ...
    stage 3/3: scoring on 249 test series (accuracy + AOPCR) ...
    [mlflow] versioned model 'mstcn_sep_adaptive_classwise' (id=m-b650073e9ff741a6a553ca478f9e5338) params={'model_size_mb': '3.5355', 'n_model_params': '268201', 'name': 'seanet_acp'}
    [mlflow] logged run 'seanet_acp_InsectEPGSmallTrain'  (train_acc=1.0000 test_acc=0.9237 test_loss=0.2968)
[113/129] InsectEPGSmallTrain          DONE  acc=0.9237 loss=0.2968 AOPCR=  1.480 NDCG=  n/a C=  3 T=  601 (16s)  [113 trained / 0 failed so far]
[114/129] MelbournePedestrian
    stage 1/3: loading data ...
    stage 2/3: training on 956 series (val=238, C=10, T=24, batch=16) ...
    stage 3/3: scoring on 2439 test series (accuracy + AOPCR) ...
    [mlflow] versioned model 'mstcn_sep_adaptive_classwise' (id=m-e2aa78ef07694a4fa3eb6817620c8d32) params={'model_size_mb': '3.5392', 'n_model_params': '269174', 'name': 'seanet_acp'}
    [mlflow] logged run 'seanet_acp_MelbournePedestrian'  (train_acc=1.0000 val_acc=0.9244 test_acc=0.8983 test_loss=0.4111)
[114/129] MelbournePedestrian          DONE  acc=0.8983 loss=0.4111 AOPCR=  0.219 NDCG=  n/a C= 10 T=   24 (132s)  [114 trained / 0 failed so far]
[115/129] MixedShapesRegularTrain
    stage 1/3: loading data ...
    stage 2/3: training on 400 series (val=100, C=5, T=1024, batch=16) ...
    stage 3/3: scoring on 2425 test series (accuracy + AOPCR) ...
    [mlflow] versioned model 'mstcn_sep_adaptive_classwise' (id=m-983f017a1d23480daab0c932a4a2df2f) params={'model_size_mb': '3.5365', 'n_model_params': '268479', 'name': 'seanet_acp'}
    [mlflow] logged run 'seanet_acp_MixedShapesRegularTrain'  (train_acc=1.0000 val_acc=0.9700 test_acc=0.9707 test_loss=0.1962)
[115/129] MixedShapesRegularTrain      DONE  acc=0.9707 loss=0.1962 AOPCR=  0.955 NDCG=  n/a C=  5 T= 1024 (175s)  [115 trained / 0 failed so far]
[116/129] MixedShapesSmallTrain
    stage 1/3: loading data ...
    stage 2/3: training on 80 series (val=20, C=5, T=1024, batch=8) ...
    stage 3/3: scoring on 2425 test series (accuracy + AOPCR) ...
    [mlflow] versioned model 'mstcn_sep_adaptive_classwise' (id=m-4d90925ed8844afca066156150fda5f7) params={'model_size_mb': '3.5365', 'n_model_params': '268479', 'name': 'seanet_acp'}
    [mlflow] logged run 'seanet_acp_MixedShapesSmallTrain'  (train_acc=1.0000 val_acc=1.0000 test_acc=0.8718 test_loss=0.4361)
[116/129] MixedShapesSmallTrain        DONE  acc=0.8718 loss=0.4361 AOPCR=  1.094 NDCG=  n/a C=  5 T= 1024 (15s)  [116 trained / 0 failed so far]
[117/129] PLAID
    stage 1/3: loading data ...
    stage 2/3: training on 436 series (val=101, C=11, T=1344, batch=16) ...
    stage 3/3: scoring on 537 test series (accuracy + AOPCR) ...
    [mlflow] versioned model 'mstcn_sep_adaptive_classwise' (id=m-dba6d87ad55d4b8d97baf38a181893a9) params={'model_size_mb': '3.5397', 'n_model_params': '269313', 'name': 'seanet_acp'}
    [mlflow] logged run 'seanet_acp_PLAID'  (train_acc=0.9679 val_acc=0.9010 test_acc=0.8976 test_loss=0.4217)
[117/129] PLAID                        DONE  acc=0.8976 loss=0.4217 AOPCR=  0.140 NDCG=  n/a C= 11 T= 1344 (198s)  [117 trained / 0 failed so far]
[118/129] PickupGestureWiimoteZ
    stage 1/3: loading data ...
    stage 2/3: training on 50 series (no val (train-loss early stop), C=10, T=361, batch=5) ...
    stage 3/3: scoring on 50 test series (accuracy + AOPCR) ...
    [mlflow] versioned model 'mstcn_sep_adaptive_classwise' (id=m-047d25712d524172b7ac52711e6100bb) params={'model_size_mb': '3.5392', 'n_model_params': '269174', 'name': 'seanet_acp'}
    [mlflow] logged run 'seanet_acp_PickupGestureWiimoteZ'  (train_acc=1.0000 test_acc=0.8400 test_loss=0.6765)
[118/129] PickupGestureWiimoteZ        DONE  acc=0.8400 loss=0.6765 AOPCR=  0.520 NDCG=  n/a C= 10 T=  361 (28s)  [118 trained / 0 failed so far]
[119/129] PigAirwayPressure
    stage 1/3: loading data ...
    stage 2/3: training on 52 series (val=52, C=52, T=2000, batch=5) ...
    stage 3/3: scoring on 208 test series (accuracy + AOPCR) ...
    [mlflow] versioned model 'mstcn_sep_adaptive_classwise' (id=m-65b6fd47553545228c68ad6a22fdbc14) params={'model_size_mb': '3.5615', 'n_model_params': '275012', 'name': 'seanet_acp'}
    [mlflow] logged run 'seanet_acp_PigAirwayPressure'  (train_acc=0.0385 val_acc=0.0385 test_acc=0.0433 test_loss=3.8550)
[119/129] PigAirwayPressure            DONE  acc=0.0433 loss=3.8550 AOPCR=  0.199 NDCG=  n/a C= 52 T= 2000 (12s)  [119 trained / 0 failed so far]
[120/129] PigArtPressure
    stage 1/3: loading data ...
    stage 2/3: training on 52 series (val=52, C=52, T=2000, batch=5) ...
    stage 3/3: scoring on 208 test series (accuracy + AOPCR) ...
    [mlflow] versioned model 'mstcn_sep_adaptive_classwise' (id=m-6500dc75f13f4e5dabe588b7f4b950f0) params={'model_size_mb': '3.5615', 'n_model_params': '275012', 'name': 'seanet_acp'}
    [mlflow] logged run 'seanet_acp_PigArtPressure'  (train_acc=1.0000 val_acc=0.7885 test_acc=0.8413 test_loss=0.7244)
[120/129] PigArtPressure               DONE  acc=0.8413 loss=0.7244 AOPCR=  0.768 NDCG=  n/a C= 52 T= 2000 (35s)  [120 trained / 0 failed so far]
[121/129] PigCVP
    stage 1/3: loading data ...
    stage 2/3: training on 52 series (val=52, C=52, T=2000, batch=5) ...
    stage 3/3: scoring on 208 test series (accuracy + AOPCR) ...
    [mlflow] versioned model 'mstcn_sep_adaptive_classwise' (id=m-3b3ef05f3b27446790f03a4cd155d34c) params={'model_size_mb': '3.5615', 'n_model_params': '275012', 'name': 'seanet_acp'}
    [mlflow] logged run 'seanet_acp_PigCVP'  (train_acc=1.0000 val_acc=0.5577 test_acc=0.6058 test_loss=1.7252)
[121/129] PigCVP                       DONE  acc=0.6058 loss=1.7252 AOPCR=  1.811 NDCG=  n/a C= 52 T= 2000 (36s)  [121 trained / 0 failed so far]
[122/129] PowerCons
    stage 1/3: loading data ...
    stage 2/3: training on 144 series (val=36, C=2, T=144, batch=14) ...
    stage 3/3: scoring on 180 test series (accuracy + AOPCR) ...
    [mlflow] versioned model 'mstcn_sep_adaptive_classwise' (id=m-7de516b77184473b9d57214c0bb5b9b9) params={'model_size_mb': '3.535', 'n_model_params': '268062', 'name': 'seanet_acp'}
    [mlflow] logged run 'seanet_acp_PowerCons'  (train_acc=1.0000 val_acc=1.0000 test_acc=0.9611 test_loss=0.1334)
[122/129] PowerCons                    DONE  acc=0.9611 loss=0.1334 AOPCR=  0.575 NDCG=  n/a C=  2 T=  144 (17s)  [122 trained / 0 failed so far]
[123/129] Rock
    stage 1/3: loading data ...
    stage 2/3: training on 20 series (no val (train-loss early stop), C=4, T=2844, batch=2) ...
    stage 3/3: scoring on 50 test series (accuracy + AOPCR) ...
    [mlflow] versioned model 'mstcn_sep_adaptive_classwise' (id=m-7c6831ec300c4d729384eda0bcf9b6e6) params={'model_size_mb': '3.5361', 'n_model_params': '268340', 'name': 'seanet_acp'}
    [mlflow] logged run 'seanet_acp_Rock'  (train_acc=1.0000 test_acc=0.5400 test_loss=1.0594)
[123/129] Rock                         DONE  acc=0.5400 loss=1.0594 AOPCR=  1.755 NDCG=  n/a C=  4 T= 2844 (38s)  [123 trained / 0 failed so far]
[124/129] SemgHandGenderCh2
    stage 1/3: loading data ...
    stage 2/3: training on 240 series (val=60, C=2, T=1500, batch=16) ...
    stage 3/3: scoring on 600 test series (accuracy + AOPCR) ...
    [mlflow] versioned model 'mstcn_sep_adaptive_classwise' (id=m-481da60debee45a082fcb864116f447b) params={'model_size_mb': '3.535', 'n_model_params': '268062', 'name': 'seanet_acp'}
    [mlflow] logged run 'seanet_acp_SemgHandGenderCh2'  (train_acc=1.0000 val_acc=0.8667 test_acc=0.9167 test_loss=0.2512)
[124/129] SemgHandGenderCh2            DONE  acc=0.9167 loss=0.2512 AOPCR=  0.939 NDCG=  n/a C=  2 T= 1500 (66s)  [124 trained / 0 failed so far]
[125/129] SemgHandMovementCh2
    stage 1/3: loading data ...
    stage 2/3: training on 360 series (val=90, C=6, T=1500, batch=16) ...
    stage 3/3: scoring on 450 test series (accuracy + AOPCR) ...
    [mlflow] versioned model 'mstcn_sep_adaptive_classwise' (id=m-15a137bff6bd4e2ca6e2d4b363e51041) params={'model_size_mb': '3.5371', 'n_model_params': '268618', 'name': 'seanet_acp'}
    [mlflow] logged run 'seanet_acp_SemgHandMovementCh2'  (train_acc=1.0000 val_acc=0.7556 test_acc=0.6822 test_loss=0.9034)
[125/129] SemgHandMovementCh2          DONE  acc=0.6822 loss=0.9034 AOPCR=  1.260 NDCG=  n/a C=  6 T= 1500 (159s)  [125 trained / 0 failed so far]
[126/129] SemgHandSubjectCh2
    stage 1/3: loading data ...
    stage 2/3: training on 360 series (val=90, C=5, T=1500, batch=16) ...
    stage 3/3: scoring on 450 test series (accuracy + AOPCR) ...
    [mlflow] versioned model 'mstcn_sep_adaptive_classwise' (id=m-64a3054ebfab4de6aa99ff11ae3ea40d) params={'model_size_mb': '3.5365', 'n_model_params': '268479', 'name': 'seanet_acp'}
    [mlflow] logged run 'seanet_acp_SemgHandSubjectCh2'  (train_acc=0.9972 val_acc=0.9222 test_acc=0.8933 test_loss=0.4140)
[126/129] SemgHandSubjectCh2           DONE  acc=0.8933 loss=0.4140 AOPCR=  1.593 NDCG=  n/a C=  5 T= 1500 (182s)  [126 trained / 0 failed so far]
[127/129] ShakeGestureWiimoteZ
    stage 1/3: loading data ...
    stage 2/3: training on 50 series (no val (train-loss early stop), C=10, T=385, batch=5) ...
    stage 3/3: scoring on 50 test series (accuracy + AOPCR) ...
    [mlflow] versioned model 'mstcn_sep_adaptive_classwise' (id=m-1ad7519da18d4d4d881d91767b22756c) params={'model_size_mb': '3.5392', 'n_model_params': '269174', 'name': 'seanet_acp'}
    [mlflow] logged run 'seanet_acp_ShakeGestureWiimoteZ'  (train_acc=1.0000 test_acc=0.9000 test_loss=0.5003)
[127/129] ShakeGestureWiimoteZ         DONE  acc=0.9000 loss=0.5003 AOPCR=  0.909 NDCG=  n/a C= 10 T=  385 (43s)  [127 trained / 0 failed so far]
[128/129] SmoothSubspace
    stage 1/3: loading data ...
    stage 2/3: training on 120 series (val=30, C=3, T=15, batch=12) ...
    stage 3/3: scoring on 150 test series (accuracy + AOPCR) ...
    [mlflow] versioned model 'mstcn_sep_adaptive_classwise' (id=m-34dfd59844104a8aadf614ee81cdadfa) params={'model_size_mb': '3.5355', 'n_model_params': '268201', 'name': 'seanet_acp'}
    [mlflow] logged run 'seanet_acp_SmoothSubspace'  (train_acc=1.0000 val_acc=1.0000 test_acc=0.9800 test_loss=0.1327)
[128/129] SmoothSubspace               DONE  acc=0.9800 loss=0.1327 AOPCR=  0.696 NDCG=  n/a C=  3 T=   15 (24s)  [128 trained / 0 failed so far]
[129/129] UMD
    stage 1/3: loading data ...
    stage 2/3: training on 36 series (no val (train-loss early stop), C=3, T=150, batch=3) ...
    stage 3/3: scoring on 144 test series (accuracy + AOPCR) ...
    [mlflow] versioned model 'mstcn_sep_adaptive_classwise' (id=m-3de563c088f3411888fc8c32cef7ef8a) params={'model_size_mb': '3.5355', 'n_model_params': '268201', 'name': 'seanet_acp'}
    [mlflow] logged run 'seanet_acp_UMD'  (train_acc=1.0000 test_acc=0.9931 test_loss=0.1147)
[129/129] UMD                          DONE  acc=0.9931 loss=0.1147 AOPCR=  1.171 NDCG=  n/a C=  3 T=  150 (26s)  [129 trained / 0 failed so far]

Done: 129 trained, 0 skipped, 0 failed.
Results -> results/SEA_NET/mstcn_sep_adaptive_classwise/results.csv

=== mstcn_sep_adaptive_classwise vs MILLET ConjunctiveInceptionTime (mean of 5 reps) ===
  UCR datasets evaluated: 128  (with MILLET baseline: 85, without: 43)
  metric        ours    MILLET   win/tie/loss   (mean over the 85 datasets MILLET published)
  acc         0.8199    0.8445       21/18/46   
  loss        0.5350    1.2241        60/0/25   (lower is better)
  aopcr       0.7141    4.5532         3/1/81   
  wrote results/SEA_NET/mstcn_sep_adaptive_classwise/comparison_vs_millet.csv

Next: `python main.py report` to draw the figures for mstcn_sep_adaptive_classwise.

[log] finished; full output saved to results/SEA_NET/mstcn_sep_adaptive_classwise/logs/train_2026-07-19_02-11-30.log
