\BOOKMARK [1][-]{section.1}{\376\377\000I\000n\000t\000r\000o\000d\000u\000c\000t\000i\000o\000n}{}% 1
\BOOKMARK [1][-]{section.2}{\376\377\000R\000e\000l\000a\000t\000e\000d\000\040\000W\000o\000r\000k}{}% 2
\BOOKMARK [1][-]{section.3}{\376\377\000M\000e\000t\000h\000o\000d}{}% 3
\BOOKMARK [2][-]{subsection.3.1}{\376\377\000T\000h\000e\000\040\000b\000a\000s\000e\000l\000i\000n\000e\000\040\000w\000e\000\040\000s\000t\000a\000r\000t\000\040\000f\000r\000o\000m}{section.3}% 4
\BOOKMARK [2][-]{subsection.3.2}{\376\377\000A\000\040\000l\000e\000n\000g\000t\000h\000-\000p\000r\000e\000s\000e\000r\000v\000i\000n\000g\000\040\000s\000e\000p\000a\000r\000a\000b\000l\000e\000\040\000e\000n\000c\000o\000d\000e\000r}{section.3}% 5
\BOOKMARK [2][-]{subsection.3.3}{\376\377\000T\000o\000p\000-\000k\000\040\000c\000o\000n\000j\000u\000n\000c\000t\000i\000v\000e\000\040\000p\000o\000o\000l\000i\000n\000g}{section.3}% 6
\BOOKMARK [1][-]{section.4}{\376\377\000E\000x\000p\000e\000r\000i\000m\000e\000n\000t\000a\000l\000\040\000S\000e\000t\000u\000p}{}% 7
\BOOKMARK [1][-]{section.5}{\376\377\000R\000e\000s\000u\000l\000t\000s}{}% 8
\BOOKMARK [2][-]{subsection.5.1}{\376\377\000R\000Q\0001\000\040\000a\000n\000d\000\040\000R\000Q\0002\000:\000\040\000c\000l\000a\000s\000s\000i\000f\000i\000c\000a\000t\000i\000o\000n\000\040\000a\000n\000d\000\040\000i\000n\000t\000e\000r\000p\000r\000e\000t\000a\000t\000i\000o\000n\000\040\000a\000t\000\040\0004\0001\000K\000\040\000p\000a\000r\000a\000m\000e\000t\000e\000r\000s}{section.5}% 9
\BOOKMARK [2][-]{subsection.5.2}{\376\377\000R\000Q\0003\000:\000\040\000w\000h\000a\000t\000\040\000t\000h\000e\000\040\000c\000o\000s\000t\000\040\000r\000e\000d\000u\000c\000t\000i\000o\000n\000\040\000a\000c\000t\000u\000a\000l\000l\000y\000\040\000i\000s}{section.5}% 10
\BOOKMARK [2][-]{subsection.5.3}{\376\377\000R\000Q\0001\000\040\000a\000c\000r\000o\000s\000s\000\040\0008\0005\000\040\000d\000a\000t\000a\000s\000e\000t\000s\000:\000\040\000w\000h\000e\000r\000e\000\040\000s\000h\000r\000i\000n\000k\000i\000n\000g\000\040\000s\000t\000a\000r\000t\000s\000\040\000t\000o\000\040\000c\000o\000s\000t}{section.5}% 11
\BOOKMARK [2][-]{subsection.5.4}{\376\377\000R\000Q\0004\000\040\000a\000n\000d\000\040\000R\000Q\0005\000:\000\040\000w\000h\000i\000c\000h\000\040\000c\000o\000m\000p\000o\000n\000e\000n\000t\000\040\000d\000i\000d\000\040\000w\000h\000a\000t}{section.5}% 12
\BOOKMARK [2][-]{subsection.5.5}{\376\377\000A\000\040\000c\000a\000v\000e\000a\000t\000\040\000a\000b\000o\000u\000t\000\040\000A\000O\000P\000C\000R}{section.5}% 13
\BOOKMARK [1][-]{section.6}{\376\377\000D\000i\000s\000c\000u\000s\000s\000i\000o\000n\000\040\000a\000n\000d\000\040\000L\000i\000m\000i\000t\000a\000t\000i\000o\000n\000s}{}% 14
\BOOKMARK [1][-]{section.7}{\376\377\000C\000o\000n\000c\000l\000u\000s\000i\000o\000n}{}% 15
\BOOKMARK [1][-]{appendix.A}{\376\377\000M\000e\000t\000r\000i\000c\000\040\000d\000e\000f\000i\000n\000i\000t\000i\000o\000n\000s}{}% 16
\BOOKMARK [1][-]{appendix.B}{\376\377\000M\000o\000d\000e\000l\000\040\000a\000n\000d\000\040\000t\000r\000a\000i\000n\000i\000n\000g\000\040\000d\000e\000t\000a\000i\000l}{}% 17
\BOOKMARK [2][-]{subsection.B.1}{\376\377\000E\000n\000c\000o\000d\000e\000r\000\040\000v\000a\000r\000i\000a\000n\000t\000s}{appendix.B}% 18
\BOOKMARK [2][-]{subsection.B.2}{\376\377\000P\000o\000o\000l\000i\000n\000g\000\040\000h\000e\000a\000d\000s}{appendix.B}% 19
\BOOKMARK [2][-]{subsection.B.3}{\376\377\000H\000y\000p\000e\000r\000p\000a\000r\000a\000m\000e\000t\000e\000r\000s}{appendix.B}% 20
\BOOKMARK [1][-]{appendix.C}{\376\377\000A\000d\000d\000i\000t\000i\000o\000n\000a\000l\000\040\000r\000e\000s\000u\000l\000t\000s}{}% 21
\BOOKMARK [2][-]{subsection.C.1}{\376\377\000P\000e\000r\000-\000s\000e\000e\000d\000\040\000v\000a\000l\000u\000e\000s}{appendix.C}% 22
\BOOKMARK [2][-]{subsection.C.2}{\376\377\000U\000C\000R\000\040\000a\000r\000c\000h\000i\000v\000e\000\040\000d\000e\000t\000a\000i\000l}{appendix.C}% 23
\BOOKMARK [2][-]{subsection.C.3}{\376\377\000C\000o\000s\000t\000\040\000a\000g\000a\000i\000n\000s\000t\000\040\000q\000u\000a\000l\000i\000t\000y\000\040\000a\000c\000r\000o\000s\000s\000\040\000t\000h\000e\000\040\000w\000h\000o\000l\000e\000\040\000s\000w\000e\000e\000p}{appendix.C}% 24
\BOOKMARK [2][-]{subsection.C.4}{\376\377\000R\000e\000l\000a\000t\000i\000o\000n\000\040\000t\000o\000\040\000p\000u\000b\000l\000i\000s\000h\000e\000d\000\040\000M\000I\000L\000L\000E\000T\000\040\000r\000e\000s\000u\000l\000t\000s}{appendix.C}% 25
\BOOKMARK [2][-]{subsection.C.5}{\376\377\000F\000u\000l\000l\000\040\000s\000w\000e\000e\000p}{appendix.C}% 26
