[log] command 'train' started at 2026-07-19_05-03-15 for model 'mstcn_sep_classwise_conjunctive'
[log] a copy of everything below is being saved to: results/SEA_NET/mstcn_sep_classwise_conjunctive/logs/train_2026-07-19_05-03-15.log

=== train: model=mstcn_sep_classwise_conjunctive (config seanet_classwise) device=cuda mode=full datasets=129 ===
[params] using DEFAULT recipe: `auto` has nothing to compare against yet (optuna-best test_acc 0.9340, default not recorded). This run records the default, then `auto` picks the better of the two.
  results  -> results/SEA_NET/mstcn_sep_classwise_conjunctive/results.csv
  resume   -> results/SEA_NET/mstcn_sep_classwise_conjunctive/done_train_dataset.txt  (delete it to retrain everything; delete one line to retrain that dataset)

  [mlflow] logging runs to experiment 'SEA-Net_mstcn_sep_classwise_conjunctive_2026-07-19' at sqlite:///mlflow.db
  [mlflow] browse later with:  mlflow ui --backend-store-uri sqlite:///mlflow.db
[  1/129] WebTraffic
    stage 1/3: loading data ...
    stage 2/3: training on 400 series (val=100, C=10, T=1008, batch=16) ...
    stage 3/3: scoring on 500 test series (accuracy + AOPCR + NDCG) ...
    [mlflow] versioned model 'mstcn_sep_classwise_conjunctive' (id=m-b6445a2ec2a2468784e08c8ed628ce6d) params={'model_size_mb': '3.5389', 'n_model_params': '269164', 'name': 'seanet_classwise'}
    [mlflow] logged run 'seanet_classwise_WebTraffic'  (train_acc=1.0000 val_acc=0.9100 test_acc=0.9500 test_loss=0.2705)
[  1/129] WebTraffic                   DONE  acc=0.9500 loss=0.2705 AOPCR=  1.771 NDCG=0.707 C= 10 T= 1008 (142s)  [1 trained / 0 failed so far]
[  2/129] Adiac
    stage 1/3: loading data ...
    stage 2/3: training on 328 series (val=62, C=37, T=176, batch=16) ...
    stage 3/3: scoring on 391 test series (accuracy + AOPCR) ...
    [mlflow] versioned model 'mstcn_sep_classwise_conjunctive' (id=m-c25603e684594e518701fd7615427432) params={'model_size_mb': '3.5531', 'n_model_params': '272890', 'name': 'seanet_classwise'}
    [mlflow] logged run 'seanet_classwise_Adiac'  (train_acc=0.9146 val_acc=0.8226 test_acc=0.7596 test_loss=0.8104)
[  2/129] Adiac                        DONE  acc=0.7596 loss=0.8104 AOPCR=  1.938 NDCG=  n/a C= 37 T=  176 (34s)  [2 trained / 0 failed so far]
[  3/129] ArrowHead
    stage 1/3: loading data ...
    stage 2/3: training on 36 series (no val (train-loss early stop), C=3, T=251, batch=3) ...
    stage 3/3: scoring on 175 test series (accuracy + AOPCR) ...
    [mlflow] versioned model 'mstcn_sep_classwise_conjunctive' (id=m-5d193a4304a6491f9cf25bd976fc3310) params={'model_size_mb': '3.5352', 'n_model_params': '268198', 'name': 'seanet_classwise'}
    [mlflow] logged run 'seanet_classwise_ArrowHead'  (train_acc=1.0000 test_acc=0.8457 test_loss=0.4412)
[  3/129] ArrowHead                    DONE  acc=0.8457 loss=0.4412 AOPCR=  0.262 NDCG=  n/a C=  3 T=  251 (38s)  [3 trained / 0 failed so far]
[  4/129] Beef
    stage 1/3: loading data ...
    stage 2/3: training on 30 series (no val (train-loss early stop), C=5, T=470, batch=3) ...
    stage 3/3: scoring on 30 test series (accuracy + AOPCR) ...
    [mlflow] versioned model 'mstcn_sep_classwise_conjunctive' (id=m-e2ff1325c4354eef9c6971e3d86b5021) params={'model_size_mb': '3.5362', 'n_model_params': '268474', 'name': 'seanet_classwise'}
    [mlflow] logged run 'seanet_classwise_Beef'  (train_acc=1.0000 test_acc=0.9333 test_loss=0.3644)
[  4/129] Beef                         DONE  acc=0.9333 loss=0.3644 AOPCR=  0.995 NDCG=  n/a C=  5 T=  470 (38s)  [4 trained / 0 failed so far]
[  5/129] BeetleFly
    stage 1/3: loading data ...
    stage 2/3: training on 20 series (no val (train-loss early stop), C=2, T=512, batch=2) ...
    stage 3/3: scoring on 20 test series (accuracy + AOPCR) ...
    [mlflow] versioned model 'mstcn_sep_classwise_conjunctive' (id=m-1ce2da72b6b64e02a15612cd542f51ba) params={'model_size_mb': '3.5347', 'n_model_params': '268060', 'name': 'seanet_classwise'}
    [mlflow] logged run 'seanet_classwise_BeetleFly'  (train_acc=1.0000 test_acc=0.8000 test_loss=0.4172)
[  5/129] BeetleFly                    DONE  acc=0.8000 loss=0.4172 AOPCR=  0.402 NDCG=  n/a C=  2 T=  512 (23s)  [5 trained / 0 failed so far]
[  6/129] BirdChicken
    stage 1/3: loading data ...
    stage 2/3: training on 20 series (no val (train-loss early stop), C=2, T=512, batch=2) ...
    stage 3/3: scoring on 20 test series (accuracy + AOPCR) ...
    [mlflow] versioned model 'mstcn_sep_classwise_conjunctive' (id=m-1cc8d43e8d544f24ba4fdabbfbdf45de) params={'model_size_mb': '3.5347', 'n_model_params': '268060', 'name': 'seanet_classwise'}
    [mlflow] logged run 'seanet_classwise_BirdChicken'  (train_acc=1.0000 test_acc=1.0000 test_loss=0.1771)
[  6/129] BirdChicken                  DONE  acc=1.0000 loss=0.1771 AOPCR=  0.452 NDCG=  n/a C=  2 T=  512 (19s)  [6 trained / 0 failed so far]
[  7/129] Car
    stage 1/3: loading data ...
    stage 2/3: training on 60 series (no val (train-loss early stop), C=4, T=577, batch=6) ...
    stage 3/3: scoring on 60 test series (accuracy + AOPCR) ...
    [mlflow] versioned model 'mstcn_sep_classwise_conjunctive' (id=m-4d14db0d61f247e592d05f83e570acab) params={'model_size_mb': '3.5358', 'n_model_params': '268336', 'name': 'seanet_classwise'}
    [mlflow] logged run 'seanet_classwise_Car'  (train_acc=1.0000 test_acc=0.9333 test_loss=0.2719)
[  7/129] Car                          DONE  acc=0.9333 loss=0.2719 AOPCR=  0.441 NDCG=  n/a C=  4 T=  577 (36s)  [7 trained / 0 failed so far]
[  8/129] CBF
    stage 1/3: loading data ...
    stage 2/3: training on 30 series (no val (train-loss early stop), C=3, T=128, batch=3) ...
    stage 3/3: scoring on 900 test series (accuracy + AOPCR) ...
    [mlflow] versioned model 'mstcn_sep_classwise_conjunctive' (id=m-1cb9db55b84943abb755f26b957be675) params={'model_size_mb': '3.5352', 'n_model_params': '268198', 'name': 'seanet_classwise'}
    [mlflow] logged run 'seanet_classwise_CBF'  (train_acc=1.0000 test_acc=1.0000 test_loss=0.0996)
[  8/129] CBF                          DONE  acc=1.0000 loss=0.0996 AOPCR=  0.404 NDCG=  n/a C=  3 T=  128 (15s)  [8 trained / 0 failed so far]
[  9/129] ChlorineConcentration
    stage 1/3: loading data ...
    stage 2/3: training on 375 series (val=92, C=3, T=166, batch=16) ...
    stage 3/3: scoring on 3840 test series (accuracy + AOPCR) ...
    [mlflow] versioned model 'mstcn_sep_classwise_conjunctive' (id=m-f21a76b5c6cc4117aa4a99ef5022e6dd) params={'model_size_mb': '3.5352', 'n_model_params': '268198', 'name': 'seanet_classwise'}
    [mlflow] logged run 'seanet_classwise_ChlorineConcentration'  (train_acc=0.9760 val_acc=0.7391 test_acc=0.7490 test_loss=0.6398)
[  9/129] ChlorineConcentration        DONE  acc=0.7490 loss=0.6398 AOPCR=  0.066 NDCG=  n/a C=  3 T=  166 (64s)  [9 trained / 0 failed so far]
[ 10/129] CinCECGTorso
    stage 1/3: loading data ...
    stage 2/3: training on 40 series (no val (train-loss early stop), C=4, T=1639, batch=4) ...
    stage 3/3: scoring on 1380 test series (accuracy + AOPCR) ...
    [mlflow] versioned model 'mstcn_sep_classwise_conjunctive' (id=m-98217e52fea94baba65320416f22f574) params={'model_size_mb': '3.5358', 'n_model_params': '268336', 'name': 'seanet_classwise'}
    [mlflow] logged run 'seanet_classwise_CinCECGTorso'  (train_acc=1.0000 test_acc=0.8130 test_loss=0.5998)
[ 10/129] CinCECGTorso                 DONE  acc=0.8130 loss=0.5998 AOPCR=  1.209 NDCG=  n/a C=  4 T= 1639 (38s)  [10 trained / 0 failed so far]
[ 11/129] Coffee
    stage 1/3: loading data ...
    stage 2/3: training on 28 series (no val (train-loss early stop), C=2, T=286, batch=2) ...
    stage 3/3: scoring on 28 test series (accuracy + AOPCR) ...
    [mlflow] versioned model 'mstcn_sep_classwise_conjunctive' (id=m-cac22f6457de46478f1868fc2ab34dfc) params={'model_size_mb': '3.5347', 'n_model_params': '268060', 'name': 'seanet_classwise'}
    [mlflow] logged run 'seanet_classwise_Coffee'  (train_acc=1.0000 test_acc=1.0000 test_loss=0.0678)
[ 11/129] Coffee                       DONE  acc=1.0000 loss=0.0678 AOPCR=  0.358 NDCG=  n/a C=  2 T=  286 (26s)  [11 trained / 0 failed so far]
[ 12/129] Computers
    stage 1/3: loading data ...
    stage 2/3: training on 200 series (val=50, C=2, T=720, batch=16) ...
    stage 3/3: scoring on 250 test series (accuracy + AOPCR) ...
    [mlflow] versioned model 'mstcn_sep_classwise_conjunctive' (id=m-93111091956d405b8d17abc2c71361f0) params={'model_size_mb': '3.5347', 'n_model_params': '268060', 'name': 'seanet_classwise'}
    [mlflow] logged run 'seanet_classwise_Computers'  (train_acc=1.0000 val_acc=0.8600 test_acc=0.6760 test_loss=0.7432)
[ 12/129] Computers                    DONE  acc=0.6760 loss=0.7432 AOPCR=  0.562 NDCG=  n/a C=  2 T=  720 (23s)  [12 trained / 0 failed so far]
[ 13/129] CricketX
    stage 1/3: loading data ...
    stage 2/3: training on 317 series (val=73, C=12, T=300, batch=16) ...
    stage 3/3: scoring on 390 test series (accuracy + AOPCR) ...
    [mlflow] versioned model 'mstcn_sep_classwise_conjunctive' (id=m-670e6b5a2d774a1a8e380ee24748b362) params={'model_size_mb': '3.5399', 'n_model_params': '269440', 'name': 'seanet_classwise'}
    [mlflow] logged run 'seanet_classwise_CricketX'  (train_acc=1.0000 val_acc=0.8904 test_acc=0.8333 test_loss=0.6681)
[ 13/129] CricketX                     DONE  acc=0.8333 loss=0.6681 AOPCR=  1.625 NDCG=  n/a C= 12 T=  300 (32s)  [13 trained / 0 failed so far]
[ 14/129] CricketY
    stage 1/3: loading data ...
    stage 2/3: training on 317 series (val=73, C=12, T=300, batch=16) ...
    stage 3/3: scoring on 390 test series (accuracy + AOPCR) ...
    [mlflow] versioned model 'mstcn_sep_classwise_conjunctive' (id=m-15556e9ff1b441288c0364e8357fdce3) params={'model_size_mb': '3.5399', 'n_model_params': '269440', 'name': 'seanet_classwise'}
    [mlflow] logged run 'seanet_classwise_CricketY'  (train_acc=1.0000 val_acc=0.8904 test_acc=0.8487 test_loss=0.5985)
[ 14/129] CricketY                     DONE  acc=0.8487 loss=0.5985 AOPCR=  1.306 NDCG=  n/a C= 12 T=  300 (70s)  [14 trained / 0 failed so far]
[ 15/129] CricketZ
    stage 1/3: loading data ...
    stage 2/3: training on 316 series (val=74, C=12, T=300, batch=16) ...
    stage 3/3: scoring on 390 test series (accuracy + AOPCR) ...
    [mlflow] versioned model 'mstcn_sep_classwise_conjunctive' (id=m-b7301f5c0cce4003810b383bc653278e) params={'model_size_mb': '3.5399', 'n_model_params': '269440', 'name': 'seanet_classwise'}
    [mlflow] logged run 'seanet_classwise_CricketZ'  (train_acc=1.0000 val_acc=0.9054 test_acc=0.8462 test_loss=0.5612)
[ 15/129] CricketZ                     DONE  acc=0.8462 loss=0.5612 AOPCR=  1.616 NDCG=  n/a C= 12 T=  300 (40s)  [15 trained / 0 failed so far]
[ 16/129] DiatomSizeReduction
    stage 1/3: loading data ...
    stage 2/3: training on 16 series (no val (train-loss early stop), C=4, T=345, batch=2) ...
    stage 3/3: scoring on 306 test series (accuracy + AOPCR) ...
    [mlflow] versioned model 'mstcn_sep_classwise_conjunctive' (id=m-bd5e1681fee4490f9590b2990a7a036b) params={'model_size_mb': '3.5358', 'n_model_params': '268336', 'name': 'seanet_classwise'}
    [mlflow] logged run 'seanet_classwise_DiatomSizeReduction'  (train_acc=1.0000 test_acc=0.9771 test_loss=0.1835)
[ 16/129] DiatomSizeReduction          DONE  acc=0.9771 loss=0.1835 AOPCR=  0.610 NDCG=  n/a C=  4 T=  345 (35s)  [16 trained / 0 failed so far]
[ 17/129] DistalPhalanxOutlineAgeGroup
    stage 1/3: loading data ...
    stage 2/3: training on 321 series (val=79, C=3, T=80, batch=16) ...
    stage 3/3: scoring on 139 test series (accuracy + AOPCR) ...
    [mlflow] versioned model 'mstcn_sep_classwise_conjunctive' (id=m-ec27abd055b4426e89dc6ed7b352da77) params={'model_size_mb': '3.5352', 'n_model_params': '268198', 'name': 'seanet_classwise'}
    [mlflow] logged run 'seanet_classwise_DistalPhalanxOutlineAgeGroup'  (train_acc=0.8941 val_acc=0.8228 test_acc=0.7482 test_loss=0.5964)
[ 17/129] DistalPhalanxOutlineAgeGroup DONE  acc=0.7482 loss=0.5964 AOPCR= -0.004 NDCG=  n/a C=  3 T=   80 (26s)  [17 trained / 0 failed so far]
[ 18/129] DistalPhalanxOutlineCorrect
    stage 1/3: loading data ...
    stage 2/3: training on 481 series (val=119, C=2, T=80, batch=16) ...
    stage 3/3: scoring on 276 test series (accuracy + AOPCR) ...
    [mlflow] versioned model 'mstcn_sep_classwise_conjunctive' (id=m-d9dc88e2d47543d392e227a4fdca3334) params={'model_size_mb': '3.5347', 'n_model_params': '268060', 'name': 'seanet_classwise'}
    [mlflow] logged run 'seanet_classwise_DistalPhalanxOutlineCorrect'  (train_acc=0.9459 val_acc=0.8824 test_acc=0.7609 test_loss=0.5240)
[ 18/129] DistalPhalanxOutlineCorrect  DONE  acc=0.7609 loss=0.5240 AOPCR=  0.072 NDCG=  n/a C=  2 T=   80 (42s)  [18 trained / 0 failed so far]
[ 19/129] DistalPhalanxTW
    stage 1/3: loading data ...
    stage 2/3: training on 323 series (val=77, C=6, T=80, batch=16) ...
    stage 3/3: scoring on 139 test series (accuracy + AOPCR) ...
    [mlflow] versioned model 'mstcn_sep_classwise_conjunctive' (id=m-6f4b48fb1d9f48c4bcbc96c124f45e7f) params={'model_size_mb': '3.5368', 'n_model_params': '268612', 'name': 'seanet_classwise'}
    [mlflow] logged run 'seanet_classwise_DistalPhalanxTW'  (train_acc=0.8483 val_acc=0.8312 test_acc=0.7122 test_loss=0.7990)
[ 19/129] DistalPhalanxTW              DONE  acc=0.7122 loss=0.7990 AOPCR=  0.527 NDCG=  n/a C=  6 T=   80 (25s)  [19 trained / 0 failed so far]
[ 20/129] Earthquakes
    stage 1/3: loading data ...
    stage 2/3: training on 259 series (val=63, C=2, T=512, batch=16) ...
    stage 3/3: scoring on 139 test series (accuracy + AOPCR) ...
    [mlflow] versioned model 'mstcn_sep_classwise_conjunctive' (id=m-207fd033347c48ff8dff94024b02a528) params={'model_size_mb': '3.5347', 'n_model_params': '268060', 'name': 'seanet_classwise'}
    [mlflow] logged run 'seanet_classwise_Earthquakes'  (train_acc=0.8764 val_acc=0.7937 test_acc=0.7554 test_loss=0.5622)
[ 20/129] Earthquakes                  DONE  acc=0.7554 loss=0.5622 AOPCR=  0.362 NDCG=  n/a C=  2 T=  512 (13s)  [20 trained / 0 failed so far]
[ 21/129] ECG200
    stage 1/3: loading data ...
    stage 2/3: training on 81 series (val=19, C=2, T=96, batch=8) ...
    stage 3/3: scoring on 100 test series (accuracy + AOPCR) ...
    [mlflow] versioned model 'mstcn_sep_classwise_conjunctive' (id=m-897b8c6849ab44e88c4c54baf5e1ca01) params={'model_size_mb': '3.5347', 'n_model_params': '268060', 'name': 'seanet_classwise'}
    [mlflow] logged run 'seanet_classwise_ECG200'  (train_acc=1.0000 val_acc=0.8421 test_acc=0.8800 test_loss=0.3151)
[ 21/129] ECG200                       DONE  acc=0.8800 loss=0.3151 AOPCR=  0.082 NDCG=  n/a C=  2 T=   96 (11s)  [21 trained / 0 failed so far]
[ 22/129] ECG5000
    stage 1/3: loading data ...
    stage 2/3: training on 401 series (val=99, C=5, T=140, batch=16) ...
    stage 3/3: scoring on 4500 test series (accuracy + AOPCR) ...
    [mlflow] versioned model 'mstcn_sep_classwise_conjunctive' (id=m-80c627abe311400d958558bc98ed66bf) params={'model_size_mb': '3.5362', 'n_model_params': '268474', 'name': 'seanet_classwise'}
    [mlflow] logged run 'seanet_classwise_ECG5000'  (train_acc=0.9975 val_acc=0.9697 test_acc=0.9247 test_loss=0.3248)
[ 22/129] ECG5000                      DONE  acc=0.9247 loss=0.3248 AOPCR=  0.804 NDCG=  n/a C=  5 T=  140 (49s)  [22 trained / 0 failed so far]
[ 23/129] ECGFiveDays
    stage 1/3: loading data ...
    stage 2/3: training on 23 series (no val (train-loss early stop), C=2, T=136, batch=2) ...
    stage 3/3: scoring on 861 test series (accuracy + AOPCR) ...
    [mlflow] versioned model 'mstcn_sep_classwise_conjunctive' (id=m-ad67e4f966624679b7aa6b3d6f3eaf03) params={'model_size_mb': '3.5347', 'n_model_params': '268060', 'name': 'seanet_classwise'}
    [mlflow] logged run 'seanet_classwise_ECGFiveDays'  (train_acc=1.0000 test_acc=1.0000 test_loss=0.0627)
[ 23/129] ECGFiveDays                  DONE  acc=1.0000 loss=0.0627 AOPCR= -0.038 NDCG=  n/a C=  2 T=  136 (18s)  [23 trained / 0 failed so far]
[ 24/129] ElectricDevices
    stage 1/3: loading data ...
    stage 2/3: training on 7144 series (val=1782, C=7, T=96, batch=16) ...
    stage 3/3: scoring on 7711 test series (accuracy + AOPCR) ...
    [mlflow] versioned model 'mstcn_sep_classwise_conjunctive' (id=m-f95d163b696e4e539c7629b50af14ca1) params={'model_size_mb': '3.5373', 'n_model_params': '268750', 'name': 'seanet_classwise'}
    [mlflow] logged run 'seanet_classwise_ElectricDevices'  (train_acc=0.9369 val_acc=0.9147 test_acc=0.7275 test_loss=0.9096)
[ 24/129] ElectricDevices              DONE  acc=0.7275 loss=0.9096 AOPCR=  0.327 NDCG=  n/a C=  7 T=   96 (547s)  [24 trained / 0 failed so far]
[ 25/129] FaceAll
    stage 1/3: loading data ...
    stage 2/3: training on 448 series (val=112, C=14, T=131, batch=16) ...
    stage 3/3: scoring on 1690 test series (accuracy + AOPCR) ...
    [mlflow] versioned model 'mstcn_sep_classwise_conjunctive' (id=m-84779acd3fb74a00aac8d3b610094ea5) params={'model_size_mb': '3.5409', 'n_model_params': '269716', 'name': 'seanet_classwise'}
    [mlflow] logged run 'seanet_classwise_FaceAll'  (train_acc=1.0000 val_acc=0.9911 test_acc=0.8154 test_loss=0.8650)
[ 25/129] FaceAll                      DONE  acc=0.8154 loss=0.8650 AOPCR=  0.227 NDCG=  n/a C= 14 T=  131 (75s)  [25 trained / 0 failed so far]
[ 26/129] FaceFour
    stage 1/3: loading data ...
    stage 2/3: training on 24 series (no val (train-loss early stop), C=4, T=350, batch=2) ...
    stage 3/3: scoring on 88 test series (accuracy + AOPCR) ...
    [mlflow] versioned model 'mstcn_sep_classwise_conjunctive' (id=m-451dfb08d0c145da82afcdc28b637fa4) params={'model_size_mb': '3.5358', 'n_model_params': '268336', 'name': 'seanet_classwise'}
    [mlflow] logged run 'seanet_classwise_FaceFour'  (train_acc=1.0000 test_acc=0.9545 test_loss=0.2276)
[ 26/129] FaceFour                     DONE  acc=0.9545 loss=0.2276 AOPCR=  0.866 NDCG=  n/a C=  4 T=  350 (47s)  [26 trained / 0 failed so far]
[ 27/129] FacesUCR
    stage 1/3: loading data ...
    stage 2/3: training on 165 series (val=35, C=14, T=131, batch=16) ...
    stage 3/3: scoring on 2050 test series (accuracy + AOPCR) ...
    [mlflow] versioned model 'mstcn_sep_classwise_conjunctive' (id=m-16f63d3c3cba46d0991281c3928fde58) params={'model_size_mb': '3.5409', 'n_model_params': '269716', 'name': 'seanet_classwise'}
    [mlflow] logged run 'seanet_classwise_FacesUCR'  (train_acc=1.0000 val_acc=1.0000 test_acc=0.9663 test_loss=0.2160)
[ 27/129] FacesUCR                     DONE  acc=0.9663 loss=0.2160 AOPCR=  0.010 NDCG=  n/a C= 14 T=  131 (39s)  [27 trained / 0 failed so far]
[ 28/129] FiftyWords
    stage 1/3: loading data ...
    stage 2/3: training on 365 series (val=85, C=50, T=270, batch=16) ...
    stage 3/3: scoring on 455 test series (accuracy + AOPCR) ...
    [mlflow] versioned model 'mstcn_sep_classwise_conjunctive' (id=m-cfd129b32e314997a2be7aba6efb4e39) params={'model_size_mb': '3.56', 'n_model_params': '274684', 'name': 'seanet_classwise'}
    [mlflow] logged run 'seanet_classwise_FiftyWords'  (train_acc=1.0000 val_acc=0.8353 test_acc=0.8242 test_loss=0.7618)
[ 28/129] FiftyWords                   DONE  acc=0.8242 loss=0.7618 AOPCR=  0.822 NDCG=  n/a C= 50 T=  270 (69s)  [28 trained / 0 failed so far]
[ 29/129] Fish
    stage 1/3: loading data ...
    stage 2/3: training on 142 series (val=33, C=7, T=463, batch=14) ...
    stage 3/3: scoring on 175 test series (accuracy + AOPCR) ...
    [mlflow] versioned model 'mstcn_sep_classwise_conjunctive' (id=m-833e55f01ef74d68bbde972a65666035) params={'model_size_mb': '3.5373', 'n_model_params': '268750', 'name': 'seanet_classwise'}
    [mlflow] logged run 'seanet_classwise_Fish'  (train_acc=1.0000 val_acc=0.9697 test_acc=0.9771 test_loss=0.1666)
[ 29/129] Fish                         DONE  acc=0.9771 loss=0.1666 AOPCR=  0.879 NDCG=  n/a C=  7 T=  463 (54s)  [29 trained / 0 failed so far]
[ 30/129] FordA
    stage 1/3: loading data ...
    stage 2/3: training on 2881 series (val=720, C=2, T=500, batch=16) ...
    stage 3/3: scoring on 1320 test series (accuracy + AOPCR) ...
    [mlflow] versioned model 'mstcn_sep_classwise_conjunctive' (id=m-6ae646e27e564405a656e3effd1ad89c) params={'model_size_mb': '3.5347', 'n_model_params': '268060', 'name': 'seanet_classwise'}
    [mlflow] logged run 'seanet_classwise_FordA'  (train_acc=0.9767 val_acc=0.9639 test_acc=0.9636 test_loss=0.1506)
[ 30/129] FordA                        DONE  acc=0.9636 loss=0.1506 AOPCR=  0.122 NDCG=  n/a C=  2 T=  500 (179s)  [30 trained / 0 failed so far]
[ 31/129] FordB
    stage 1/3: loading data ...
    stage 2/3: training on 2909 series (val=727, C=2, T=500, batch=16) ...
    stage 3/3: scoring on 810 test series (accuracy + AOPCR) ...
    [mlflow] versioned model 'mstcn_sep_classwise_conjunctive' (id=m-13107b3e3ae242c68980102e398e005e) params={'model_size_mb': '3.5347', 'n_model_params': '268060', 'name': 'seanet_classwise'}
    [mlflow] logged run 'seanet_classwise_FordB'  (train_acc=0.9766 val_acc=0.9574 test_acc=0.8025 test_loss=0.4029)
[ 31/129] FordB                        DONE  acc=0.8025 loss=0.4029 AOPCR=  0.196 NDCG=  n/a C=  2 T=  500 (180s)  [31 trained / 0 failed so far]
[ 32/129] GunPoint
    stage 1/3: loading data ...
    stage 2/3: training on 50 series (no val (train-loss early stop), C=2, T=150, batch=5) ...
    stage 3/3: scoring on 150 test series (accuracy + AOPCR) ...
    [mlflow] versioned model 'mstcn_sep_classwise_conjunctive' (id=m-d6c0a319ffba4dccb2a6d276bbffb847) params={'model_size_mb': '3.5347', 'n_model_params': '268060', 'name': 'seanet_classwise'}
    [mlflow] logged run 'seanet_classwise_GunPoint'  (train_acc=1.0000 test_acc=0.9867 test_loss=0.0992)
[ 32/129] GunPoint                     DONE  acc=0.9867 loss=0.0992 AOPCR=  0.380 NDCG=  n/a C=  2 T=  150 (25s)  [32 trained / 0 failed so far]
[ 33/129] Ham
    stage 1/3: loading data ...
    stage 2/3: training on 88 series (val=21, C=2, T=431, batch=8) ...
    stage 3/3: scoring on 105 test series (accuracy + AOPCR) ...
    [mlflow] versioned model 'mstcn_sep_classwise_conjunctive' (id=m-93405c6dfb664e33a9e7337962d1b698) params={'model_size_mb': '3.5347', 'n_model_params': '268060', 'name': 'seanet_classwise'}
    [mlflow] logged run 'seanet_classwise_Ham'  (train_acc=1.0000 val_acc=0.9048 test_acc=0.7333 test_loss=0.5741)
[ 33/129] Ham                          DONE  acc=0.7333 loss=0.5741 AOPCR=  0.583 NDCG=  n/a C=  2 T=  431 (23s)  [33 trained / 0 failed so far]
[ 34/129] HandOutlines
    stage 1/3: loading data ...
    stage 2/3: training on 801 series (val=199, C=2, T=2709, batch=16) ...
    stage 3/3: scoring on 370 test series (accuracy + AOPCR) ...
    [mlflow] versioned model 'mstcn_sep_classwise_conjunctive' (id=m-d076930b84d54861a8effbc835200b85) params={'model_size_mb': '3.5347', 'n_model_params': '268060', 'name': 'seanet_classwise'}
    [mlflow] logged run 'seanet_classwise_HandOutlines'  (train_acc=0.9613 val_acc=0.9196 test_acc=0.9216 test_loss=0.2511)
[ 34/129] HandOutlines                 DONE  acc=0.9216 loss=0.2511 AOPCR=  0.407 NDCG=  n/a C=  2 T= 2709 (389s)  [34 trained / 0 failed so far]
[ 35/129] Haptics
    stage 1/3: loading data ...
    stage 2/3: training on 127 series (val=28, C=5, T=1092, batch=12) ...
    stage 3/3: scoring on 308 test series (accuracy + AOPCR) ...
    [mlflow] versioned model 'mstcn_sep_classwise_conjunctive' (id=m-78d1227e228d44bc8c8e1278a0bec8b8) params={'model_size_mb': '3.5362', 'n_model_params': '268474', 'name': 'seanet_classwise'}
    [mlflow] logged run 'seanet_classwise_Haptics'  (train_acc=0.6693 val_acc=0.5357 test_acc=0.4026 test_loss=1.4521)
[ 35/129] Haptics                      DONE  acc=0.4026 loss=1.4521 AOPCR=  1.290 NDCG=  n/a C=  5 T= 1092 (15s)  [35 trained / 0 failed so far]
[ 36/129] Herring
    stage 1/3: loading data ...
    stage 2/3: training on 64 series (no val (train-loss early stop), C=2, T=512, batch=6) ...
    stage 3/3: scoring on 64 test series (accuracy + AOPCR) ...
    [mlflow] versioned model 'mstcn_sep_classwise_conjunctive' (id=m-d274b9ddcef94c7caf8944cb698579dd) params={'model_size_mb': '3.5347', 'n_model_params': '268060', 'name': 'seanet_classwise'}
    [mlflow] logged run 'seanet_classwise_Herring'  (train_acc=1.0000 test_acc=0.5938 test_loss=0.9779)
[ 36/129] Herring                      DONE  acc=0.5938 loss=0.9779 AOPCR=  1.093 NDCG=  n/a C=  2 T=  512 (32s)  [36 trained / 0 failed so far]
[ 37/129] InlineSkate
    stage 1/3: loading data ...
    stage 2/3: training on 84 series (val=16, C=7, T=1882, batch=8) ...
    stage 3/3: scoring on 550 test series (accuracy + AOPCR) ...
    [mlflow] versioned model 'mstcn_sep_classwise_conjunctive' (id=m-9e338b0500bf4d109584a0d08e865d55) params={'model_size_mb': '3.5373', 'n_model_params': '268750', 'name': 'seanet_classwise'}
    [mlflow] logged run 'seanet_classwise_InlineSkate'  (train_acc=0.7381 val_acc=0.4375 test_acc=0.3436 test_loss=1.7323)
[ 37/129] InlineSkate                  DONE  acc=0.3436 loss=1.7323 AOPCR=  1.051 NDCG=  n/a C=  7 T= 1882 (17s)  [37 trained / 0 failed so far]
[ 38/129] InsectWingbeatSound
    stage 1/3: loading data ...
    stage 2/3: training on 176 series (val=44, C=11, T=256, batch=16) ...
    stage 3/3: scoring on 1980 test series (accuracy + AOPCR) ...
    [mlflow] versioned model 'mstcn_sep_classwise_conjunctive' (id=m-62cfdade109047d3a1cfb3429cfcc6bd) params={'model_size_mb': '3.5394', 'n_model_params': '269302', 'name': 'seanet_classwise'}
    [mlflow] logged run 'seanet_classwise_InsectWingbeatSound'  (train_acc=0.7614 val_acc=0.6591 test_acc=0.5737 test_loss=1.1010)
[ 38/129] InsectWingbeatSound          DONE  acc=0.5737 loss=1.1010 AOPCR=  0.268 NDCG=  n/a C= 11 T=  256 (9s)  [38 trained / 0 failed so far]
[ 39/129] ItalyPowerDemand
    stage 1/3: loading data ...
    stage 2/3: training on 67 series (no val (train-loss early stop), C=2, T=24, batch=6) ...
    stage 3/3: scoring on 1029 test series (accuracy + AOPCR) ...
    [mlflow] versioned model 'mstcn_sep_classwise_conjunctive' (id=m-24335308c6b54d75b5850f89389f944a) params={'model_size_mb': '3.5347', 'n_model_params': '268060', 'name': 'seanet_classwise'}
    [mlflow] logged run 'seanet_classwise_ItalyPowerDemand'  (train_acc=1.0000 test_acc=0.9718 test_loss=0.1396)
[ 39/129] ItalyPowerDemand             DONE  acc=0.9718 loss=0.1396 AOPCR=  0.153 NDCG=  n/a C=  2 T=   24 (52s)  [39 trained / 0 failed so far]
[ 40/129] LargeKitchenAppliances
    stage 1/3: loading data ...
    stage 2/3: training on 300 series (val=75, C=3, T=720, batch=16) ...
    stage 3/3: scoring on 375 test series (accuracy + AOPCR) ...
    [mlflow] versioned model 'mstcn_sep_classwise_conjunctive' (id=m-4bb9ae90d459482782001eb8b4862a79) params={'model_size_mb': '3.5352', 'n_model_params': '268198', 'name': 'seanet_classwise'}
    [mlflow] logged run 'seanet_classwise_LargeKitchenAppliances'  (train_acc=0.9967 val_acc=0.9867 test_acc=0.9013 test_loss=0.3620)
[ 40/129] LargeKitchenAppliances       DONE  acc=0.9013 loss=0.3620 AOPCR=  1.429 NDCG=  n/a C=  3 T=  720 (62s)  [40 trained / 0 failed so far]
[ 41/129] Lightning2
    stage 1/3: loading data ...
    stage 2/3: training on 60 series (no val (train-loss early stop), C=2, T=637, batch=6) ...
    stage 3/3: scoring on 61 test series (accuracy + AOPCR) ...
    [mlflow] versioned model 'mstcn_sep_classwise_conjunctive' (id=m-a781bc0aae804785b29e7a2dd9db8fc1) params={'model_size_mb': '3.5347', 'n_model_params': '268060', 'name': 'seanet_classwise'}
    [mlflow] logged run 'seanet_classwise_Lightning2'  (train_acc=1.0000 test_acc=0.8197 test_loss=0.3715)
[ 41/129] Lightning2                   DONE  acc=0.8197 loss=0.3715 AOPCR=  0.625 NDCG=  n/a C=  2 T=  637 (23s)  [41 trained / 0 failed so far]
[ 42/129] Lightning7
    stage 1/3: loading data ...
    stage 2/3: training on 70 series (no val (train-loss early stop), C=7, T=319, batch=7) ...
    stage 3/3: scoring on 73 test series (accuracy + AOPCR) ...
    [mlflow] versioned model 'mstcn_sep_classwise_conjunctive' (id=m-c505cc8dcc974847be39ccdc96d8418a) params={'model_size_mb': '3.5373', 'n_model_params': '268750', 'name': 'seanet_classwise'}
    [mlflow] logged run 'seanet_classwise_Lightning7'  (train_acc=1.0000 test_acc=0.8356 test_loss=0.5681)
[ 42/129] Lightning7                   DONE  acc=0.8356 loss=0.5681 AOPCR=  1.019 NDCG=  n/a C=  7 T=  319 (34s)  [42 trained / 0 failed so far]
[ 43/129] Mallat
    stage 1/3: loading data ...
    stage 2/3: training on 55 series (no val (train-loss early stop), C=8, T=1024, batch=5) ...
    stage 3/3: scoring on 2345 test series (accuracy + AOPCR) ...
    [mlflow] versioned model 'mstcn_sep_classwise_conjunctive' (id=m-b2a3f6b4a27b4152b0e8a8a92c816891) params={'model_size_mb': '3.5378', 'n_model_params': '268888', 'name': 'seanet_classwise'}
    [mlflow] logged run 'seanet_classwise_Mallat'  (train_acc=1.0000 test_acc=0.9659 test_loss=0.2299)
[ 43/129] Mallat                       DONE  acc=0.9659 loss=0.2299 AOPCR=  1.293 NDCG=  n/a C=  8 T= 1024 (45s)  [43 trained / 0 failed so far]
[ 44/129] Meat
    stage 1/3: loading data ...
    stage 2/3: training on 60 series (no val (train-loss early stop), C=3, T=448, batch=6) ...
    stage 3/3: scoring on 60 test series (accuracy + AOPCR) ...
    [mlflow] versioned model 'mstcn_sep_classwise_conjunctive' (id=m-1f94f06ee6fa4c8bb030f06a0d5c8dd4) params={'model_size_mb': '3.5352', 'n_model_params': '268198', 'name': 'seanet_classwise'}
    [mlflow] logged run 'seanet_classwise_Meat'  (train_acc=1.0000 test_acc=0.9500 test_loss=0.2249)
[ 44/129] Meat                         DONE  acc=0.9500 loss=0.2249 AOPCR=  1.824 NDCG=  n/a C=  3 T=  448 (21s)  [44 trained / 0 failed so far]
[ 45/129] MedicalImages
    stage 1/3: loading data ...
    stage 2/3: training on 307 series (val=74, C=10, T=99, batch=16) ...
    stage 3/3: scoring on 760 test series (accuracy + AOPCR) ...
    [mlflow] versioned model 'mstcn_sep_classwise_conjunctive' (id=m-e56473d180af4c2ea768fa2c35495804) params={'model_size_mb': '3.5389', 'n_model_params': '269164', 'name': 'seanet_classwise'}
    [mlflow] logged run 'seanet_classwise_MedicalImages'  (train_acc=0.8925 val_acc=0.7703 test_acc=0.7171 test_loss=0.8819)
[ 45/129] MedicalImages                DONE  acc=0.7171 loss=0.8819 AOPCR=  0.429 NDCG=  n/a C= 10 T=   99 (21s)  [45 trained / 0 failed so far]
[ 46/129] MiddlePhalanxOutlineAgeGroup
    stage 1/3: loading data ...
    stage 2/3: training on 321 series (val=79, C=3, T=80, batch=16) ...
    stage 3/3: scoring on 154 test series (accuracy + AOPCR) ...
    [mlflow] versioned model 'mstcn_sep_classwise_conjunctive' (id=m-5ff37c519e144003b76f64149e4ee739) params={'model_size_mb': '3.5352', 'n_model_params': '268198', 'name': 'seanet_classwise'}
    [mlflow] logged run 'seanet_classwise_MiddlePhalanxOutlineAgeGroup'  (train_acc=0.8349 val_acc=0.7722 test_acc=0.5455 test_loss=0.9608)
[ 46/129] MiddlePhalanxOutlineAgeGroup DONE  acc=0.5455 loss=0.9608 AOPCR=  0.122 NDCG=  n/a C=  3 T=   80 (26s)  [46 trained / 0 failed so far]
[ 47/129] MiddlePhalanxOutlineCorrect
    stage 1/3: loading data ...
    stage 2/3: training on 481 series (val=119, C=2, T=80, batch=16) ...
    stage 3/3: scoring on 291 test series (accuracy + AOPCR) ...
    [mlflow] versioned model 'mstcn_sep_classwise_conjunctive' (id=m-99cf5b87aa524438ba55b907ca113a8a) params={'model_size_mb': '3.5347', 'n_model_params': '268060', 'name': 'seanet_classwise'}
    [mlflow] logged run 'seanet_classwise_MiddlePhalanxOutlineCorrect'  (train_acc=0.8669 val_acc=0.8235 test_acc=0.8041 test_loss=0.4267)
[ 47/129] MiddlePhalanxOutlineCorrect  DONE  acc=0.8041 loss=0.4267 AOPCR= -0.026 NDCG=  n/a C=  2 T=   80 (35s)  [47 trained / 0 failed so far]
[ 48/129] MiddlePhalanxTW
    stage 1/3: loading data ...
    stage 2/3: training on 321 series (val=78, C=6, T=80, batch=16) ...
    stage 3/3: scoring on 154 test series (accuracy + AOPCR) ...
    [mlflow] versioned model 'mstcn_sep_classwise_conjunctive' (id=m-1f24614575da4a6a9e99e0472455ac8c) params={'model_size_mb': '3.5368', 'n_model_params': '268612', 'name': 'seanet_classwise'}
    [mlflow] logged run 'seanet_classwise_MiddlePhalanxTW'  (train_acc=0.7103 val_acc=0.6538 test_acc=0.5390 test_loss=1.1167)
[ 48/129] MiddlePhalanxTW              DONE  acc=0.5390 loss=1.1167 AOPCR= -0.474 NDCG=  n/a C=  6 T=   80 (33s)  [48 trained / 0 failed so far]
[ 49/129] MoteStrain
    stage 1/3: loading data ...
    stage 2/3: training on 20 series (no val (train-loss early stop), C=2, T=84, batch=2) ...
    stage 3/3: scoring on 1252 test series (accuracy + AOPCR) ...
    [mlflow] versioned model 'mstcn_sep_classwise_conjunctive' (id=m-62d14e03fa234b67b93795002852bc43) params={'model_size_mb': '3.5347', 'n_model_params': '268060', 'name': 'seanet_classwise'}
    [mlflow] logged run 'seanet_classwise_MoteStrain'  (train_acc=1.0000 test_acc=0.8866 test_loss=0.2971)
[ 49/129] MoteStrain                   DONE  acc=0.8866 loss=0.2971 AOPCR=  0.234 NDCG=  n/a C=  2 T=   84 (22s)  [49 trained / 0 failed so far]
[ 50/129] NonInvasiveFetalECGThorax1
    stage 1/3: loading data ...
    stage 2/3: training on 1452 series (val=348, C=42, T=750, batch=16) ...
    stage 3/3: scoring on 1965 test series (accuracy + AOPCR) ...
    [mlflow] versioned model 'mstcn_sep_classwise_conjunctive' (id=m-2cb9ff79ff6c4e9f9070eb5bed1c1398) params={'model_size_mb': '3.5557', 'n_model_params': '273580', 'name': 'seanet_classwise'}
    [mlflow] logged run 'seanet_classwise_NonInvasiveFetalECGThorax1'  (train_acc=0.9869 val_acc=0.9167 test_acc=0.9094 test_loss=0.4067)
[ 50/129] NonInvasiveFetalECGThorax1   DONE  acc=0.9094 loss=0.4067 AOPCR= -0.426 NDCG=  n/a C= 42 T=  750 (476s)  [50 trained / 0 failed so far]
[ 51/129] NonInvasiveFetalECGThorax2
    stage 1/3: loading data ...
    stage 2/3: training on 1452 series (val=348, C=42, T=750, batch=16) ...
    stage 3/3: scoring on 1965 test series (accuracy + AOPCR) ...
    [mlflow] versioned model 'mstcn_sep_classwise_conjunctive' (id=m-9afe869f388f4a7392bbe8d3fa04fb3d) params={'model_size_mb': '3.5557', 'n_model_params': '273580', 'name': 'seanet_classwise'}
    [mlflow] logged run 'seanet_classwise_NonInvasiveFetalECGThorax2'  (train_acc=0.9924 val_acc=0.9569 test_acc=0.9313 test_loss=0.3535)
[ 51/129] NonInvasiveFetalECGThorax2   DONE  acc=0.9313 loss=0.3535 AOPCR= -0.536 NDCG=  n/a C= 42 T=  750 (396s)  [51 trained / 0 failed so far]
[ 52/129] OliveOil
    stage 1/3: loading data ...
    stage 2/3: training on 30 series (no val (train-loss early stop), C=4, T=570, batch=3) ...
    stage 3/3: scoring on 30 test series (accuracy + AOPCR) ...
    [mlflow] versioned model 'mstcn_sep_classwise_conjunctive' (id=m-5c6654ef823b41929c19a56ced84d50d) params={'model_size_mb': '3.5358', 'n_model_params': '268336', 'name': 'seanet_classwise'}
    [mlflow] logged run 'seanet_classwise_OliveOil'  (train_acc=0.8333 test_acc=0.6667 test_loss=0.7885)
[ 52/129] OliveOil                     DONE  acc=0.6667 loss=0.7885 AOPCR=  0.909 NDCG=  n/a C=  4 T=  570 (46s)  [52 trained / 0 failed so far]
[ 53/129] OSULeaf
    stage 1/3: loading data ...
    stage 2/3: training on 163 series (val=37, C=6, T=427, batch=16) ...
    stage 3/3: scoring on 242 test series (accuracy + AOPCR) ...
    [mlflow] versioned model 'mstcn_sep_classwise_conjunctive' (id=m-b8f9ce204027453b8e3803b12606edec) params={'model_size_mb': '3.5368', 'n_model_params': '268612', 'name': 'seanet_classwise'}
    [mlflow] logged run 'seanet_classwise_OSULeaf'  (train_acc=1.0000 val_acc=1.0000 test_acc=0.9050 test_loss=0.3392)
[ 53/129] OSULeaf                      DONE  acc=0.9050 loss=0.3392 AOPCR=  0.514 NDCG=  n/a C=  6 T=  427 (45s)  [53 trained / 0 failed so far]
[ 54/129] PhalangesOutlinesCorrect
    stage 1/3: loading data ...
    stage 2/3: training on 1441 series (val=359, C=2, T=80, batch=16) ...
    stage 3/3: scoring on 858 test series (accuracy + AOPCR) ...
    [mlflow] versioned model 'mstcn_sep_classwise_conjunctive' (id=m-cea8b47005174ba89223b4629350ade4) params={'model_size_mb': '3.5347', 'n_model_params': '268060', 'name': 'seanet_classwise'}
    [mlflow] logged run 'seanet_classwise_PhalangesOutlinesCorrect'  (train_acc=0.9584 val_acc=0.8830 test_acc=0.8252 test_loss=0.4147)
[ 54/129] PhalangesOutlinesCorrect     DONE  acc=0.8252 loss=0.4147 AOPCR=  0.292 NDCG=  n/a C=  2 T=   80 (222s)  [54 trained / 0 failed so far]
[ 55/129] Phoneme
    stage 1/3: loading data ...
    stage 2/3: training on 171 series (val=43, C=39, T=1024, batch=16) ...
    stage 3/3: scoring on 1896 test series (accuracy + AOPCR) ...
    [mlflow] versioned model 'mstcn_sep_classwise_conjunctive' (id=m-7037964372154c5c93dcefb76d6635a3) params={'model_size_mb': '3.5541', 'n_model_params': '273166', 'name': 'seanet_classwise'}
    [mlflow] logged run 'seanet_classwise_Phoneme'  (train_acc=0.3977 val_acc=0.2326 test_acc=0.2421 test_loss=2.8557)
[ 55/129] Phoneme                      DONE  acc=0.2421 loss=2.8557 AOPCR=  0.475 NDCG=  n/a C= 39 T= 1024 (16s)  [55 trained / 0 failed so far]
[ 56/129] Plane
    stage 1/3: loading data ...
    stage 2/3: training on 87 series (val=18, C=7, T=144, batch=8) ...
    stage 3/3: scoring on 105 test series (accuracy + AOPCR) ...
    [mlflow] versioned model 'mstcn_sep_classwise_conjunctive' (id=m-e43d98f3f11e4a4d846a0d0b2b1e7cab) params={'model_size_mb': '3.5373', 'n_model_params': '268750', 'name': 'seanet_classwise'}
    [mlflow] logged run 'seanet_classwise_Plane'  (train_acc=1.0000 val_acc=1.0000 test_acc=1.0000 test_loss=0.1003)
[ 56/129] Plane                        DONE  acc=1.0000 loss=0.1003 AOPCR=  0.336 NDCG=  n/a C=  7 T=  144 (41s)  [56 trained / 0 failed so far]
[ 57/129] ProximalPhalanxOutlineAgeGroup
    stage 1/3: loading data ...
    stage 2/3: training on 322 series (val=78, C=3, T=80, batch=16) ...
    stage 3/3: scoring on 205 test series (accuracy + AOPCR) ...
    [mlflow] versioned model 'mstcn_sep_classwise_conjunctive' (id=m-0951cd4869914748a21f055a3efb9535) params={'model_size_mb': '3.5352', 'n_model_params': '268198', 'name': 'seanet_classwise'}
    [mlflow] logged run 'seanet_classwise_ProximalPhalanxOutlineAgeGroup'  (train_acc=0.8727 val_acc=0.8077 test_acc=0.8098 test_loss=0.4381)
[ 57/129] ProximalPhalanxOutlineAgeGroup DONE  acc=0.8098 loss=0.4381 AOPCR= -0.207 NDCG=  n/a C=  3 T=   80 (28s)  [57 trained / 0 failed so far]
[ 58/129] ProximalPhalanxOutlineCorrect
    stage 1/3: loading data ...
    stage 2/3: training on 481 series (val=119, C=2, T=80, batch=16) ...
    stage 3/3: scoring on 291 test series (accuracy + AOPCR) ...
    [mlflow] versioned model 'mstcn_sep_classwise_conjunctive' (id=m-55c16d70a78446ca8da25f2e13e6b032) params={'model_size_mb': '3.5347', 'n_model_params': '268060', 'name': 'seanet_classwise'}
    [mlflow] logged run 'seanet_classwise_ProximalPhalanxOutlineCorrect'  (train_acc=0.9688 val_acc=0.8824 test_acc=0.9416 test_loss=0.2110)
[ 58/129] ProximalPhalanxOutlineCorrect DONE  acc=0.9416 loss=0.2110 AOPCR=  0.044 NDCG=  n/a C=  2 T=   80 (83s)  [58 trained / 0 failed so far]
[ 59/129] ProximalPhalanxTW
    stage 1/3: loading data ...
    stage 2/3: training on 322 series (val=78, C=6, T=80, batch=16) ...
    stage 3/3: scoring on 205 test series (accuracy + AOPCR) ...
    [mlflow] versioned model 'mstcn_sep_classwise_conjunctive' (id=m-340ed8f0c6a546d1a80d55301f6ca5f2) params={'model_size_mb': '3.5368', 'n_model_params': '268612', 'name': 'seanet_classwise'}
    [mlflow] logged run 'seanet_classwise_ProximalPhalanxTW'  (train_acc=0.8789 val_acc=0.8333 test_acc=0.7561 test_loss=0.6015)
[ 59/129] ProximalPhalanxTW            DONE  acc=0.7561 loss=0.6015 AOPCR= -1.576 NDCG=  n/a C=  6 T=   80 (31s)  [59 trained / 0 failed so far]
[ 60/129] RefrigerationDevices
    stage 1/3: loading data ...
    stage 2/3: training on 300 series (val=75, C=3, T=720, batch=16) ...
    stage 3/3: scoring on 375 test series (accuracy + AOPCR) ...
    [mlflow] versioned model 'mstcn_sep_classwise_conjunctive' (id=m-bd7b151fcbe5494c885bb0b2b9210a97) params={'model_size_mb': '3.5352', 'n_model_params': '268198', 'name': 'seanet_classwise'}
    [mlflow] logged run 'seanet_classwise_RefrigerationDevices'  (train_acc=0.8467 val_acc=0.6000 test_acc=0.4293 test_loss=1.5915)
[ 60/129] RefrigerationDevices         DONE  acc=0.4293 loss=1.5915 AOPCR= -0.088 NDCG=  n/a C=  3 T=  720 (22s)  [60 trained / 0 failed so far]
[ 61/129] ScreenType
    stage 1/3: loading data ...
    stage 2/3: training on 300 series (val=75, C=3, T=720, batch=16) ...
    stage 3/3: scoring on 375 test series (accuracy + AOPCR) ...
    [mlflow] versioned model 'mstcn_sep_classwise_conjunctive' (id=m-0cc673f247904bc9b2b2c73bc10fb83a) params={'model_size_mb': '3.5352', 'n_model_params': '268198', 'name': 'seanet_classwise'}
    [mlflow] logged run 'seanet_classwise_ScreenType'  (train_acc=0.9333 val_acc=0.6400 test_acc=0.5680 test_loss=1.1734)
[ 61/129] ScreenType                   DONE  acc=0.5680 loss=1.1734 AOPCR=  0.822 NDCG=  n/a C=  3 T=  720 (27s)  [61 trained / 0 failed so far]
[ 62/129] ShapeletSim
    stage 1/3: loading data ...
    stage 2/3: training on 20 series (no val (train-loss early stop), C=2, T=500, batch=2) ...
    stage 3/3: scoring on 180 test series (accuracy + AOPCR) ...
    [mlflow] versioned model 'mstcn_sep_classwise_conjunctive' (id=m-b42bc3c99ad0420aa6e17d572e76cc74) params={'model_size_mb': '3.5347', 'n_model_params': '268060', 'name': 'seanet_classwise'}
    [mlflow] logged run 'seanet_classwise_ShapeletSim'  (train_acc=1.0000 test_acc=1.0000 test_loss=0.0866)
[ 62/129] ShapeletSim                  DONE  acc=1.0000 loss=0.0866 AOPCR=  0.529 NDCG=  n/a C=  2 T=  500 (13s)  [62 trained / 0 failed so far]
[ 63/129] ShapesAll
    stage 1/3: loading data ...
    stage 2/3: training on 480 series (val=120, C=60, T=512, batch=16) ...
    stage 3/3: scoring on 600 test series (accuracy + AOPCR) ...
    [mlflow] versioned model 'mstcn_sep_classwise_conjunctive' (id=m-417e833803ca4396b039d402337f6468) params={'model_size_mb': '3.5652', 'n_model_params': '276064', 'name': 'seanet_classwise'}
    [mlflow] logged run 'seanet_classwise_ShapesAll'  (train_acc=1.0000 val_acc=0.9250 test_acc=0.9017 test_loss=0.5428)
[ 63/129] ShapesAll                    DONE  acc=0.9017 loss=0.5428 AOPCR=  0.613 NDCG=  n/a C= 60 T=  512 (80s)  [63 trained / 0 failed so far]
[ 64/129] SmallKitchenAppliances
    stage 1/3: loading data ...
    stage 2/3: training on 300 series (val=75, C=3, T=720, batch=16) ...
    stage 3/3: scoring on 375 test series (accuracy + AOPCR) ...
    [mlflow] versioned model 'mstcn_sep_classwise_conjunctive' (id=m-a2f31cf6d5124823b1b071ca0a7008ac) params={'model_size_mb': '3.5352', 'n_model_params': '268198', 'name': 'seanet_classwise'}
    [mlflow] logged run 'seanet_classwise_SmallKitchenAppliances'  (train_acc=0.9500 val_acc=0.8400 test_acc=0.8133 test_loss=0.5180)
[ 64/129] SmallKitchenAppliances       DONE  acc=0.8133 loss=0.5180 AOPCR=  1.496 NDCG=  n/a C=  3 T=  720 (29s)  [64 trained / 0 failed so far]
[ 65/129] SonyAIBORobotSurface1
    stage 1/3: loading data ...
    stage 2/3: training on 20 series (no val (train-loss early stop), C=2, T=70, batch=2) ...
    stage 3/3: scoring on 601 test series (accuracy + AOPCR) ...
    [mlflow] versioned model 'mstcn_sep_classwise_conjunctive' (id=m-ec7708d04aed42768f77f528dedc7e97) params={'model_size_mb': '3.5347', 'n_model_params': '268060', 'name': 'seanet_classwise'}
    [mlflow] logged run 'seanet_classwise_SonyAIBORobotSurface1'  (train_acc=1.0000 test_acc=0.9002 test_loss=0.2356)
[ 65/129] SonyAIBORobotSurface1        DONE  acc=0.9002 loss=0.2356 AOPCR=  0.391 NDCG=  n/a C=  2 T=   70 (13s)  [65 trained / 0 failed so far]
[ 66/129] SonyAIBORobotSurface2
    stage 1/3: loading data ...
    stage 2/3: training on 27 series (no val (train-loss early stop), C=2, T=65, batch=2) ...
    stage 3/3: scoring on 953 test series (accuracy + AOPCR) ...
    [mlflow] versioned model 'mstcn_sep_classwise_conjunctive' (id=m-29f92b4241344222aab3cf9f7550a8a7) params={'model_size_mb': '3.5347', 'n_model_params': '268060', 'name': 'seanet_classwise'}
    [mlflow] logged run 'seanet_classwise_SonyAIBORobotSurface2'  (train_acc=1.0000 test_acc=0.8269 test_loss=0.4028)
[ 66/129] SonyAIBORobotSurface2        DONE  acc=0.8269 loss=0.4028 AOPCR=  0.309 NDCG=  n/a C=  2 T=   65 (43s)  [66 trained / 0 failed so far]
[ 67/129] StarLightCurves
    stage 1/3: loading data ...
    stage 2/3: training on 801 series (val=199, C=3, T=1024, batch=16) ...
    stage 3/3: scoring on 8236 test series (accuracy + AOPCR) ...
    [mlflow] versioned model 'mstcn_sep_classwise_conjunctive' (id=m-582ad84f37d741e9aaf0ed675f7ad4fb) params={'model_size_mb': '3.5352', 'n_model_params': '268198', 'name': 'seanet_classwise'}
    [mlflow] logged run 'seanet_classwise_StarLightCurves'  (train_acc=0.9988 val_acc=0.9849 test_acc=0.9713 test_loss=0.1494)
[ 67/129] StarLightCurves              DONE  acc=0.9713 loss=0.1494 AOPCR=  0.576 NDCG=  n/a C=  3 T= 1024 (140s)  [67 trained / 0 failed so far]
[ 68/129] Strawberry
    stage 1/3: loading data ...
    stage 2/3: training on 492 series (val=121, C=2, T=235, batch=16) ...
    stage 3/3: scoring on 370 test series (accuracy + AOPCR) ...
    [mlflow] versioned model 'mstcn_sep_classwise_conjunctive' (id=m-6ba82546bc5e432fa5651e4490789230) params={'model_size_mb': '3.5347', 'n_model_params': '268060', 'name': 'seanet_classwise'}
    [mlflow] logged run 'seanet_classwise_Strawberry'  (train_acc=0.9817 val_acc=0.9917 test_acc=0.9622 test_loss=0.1622)
[ 68/129] Strawberry                   DONE  acc=0.9622 loss=0.1622 AOPCR= -0.004 NDCG=  n/a C=  2 T=  235 (113s)  [68 trained / 0 failed so far]
[ 69/129] SwedishLeaf
    stage 1/3: loading data ...
    stage 2/3: training on 405 series (val=95, C=15, T=128, batch=16) ...
    stage 3/3: scoring on 625 test series (accuracy + AOPCR) ...
    [mlflow] versioned model 'mstcn_sep_classwise_conjunctive' (id=m-039f8b08938f42fdbbf498f70e8fb509) params={'model_size_mb': '3.5414', 'n_model_params': '269854', 'name': 'seanet_classwise'}
    [mlflow] logged run 'seanet_classwise_SwedishLeaf'  (train_acc=1.0000 val_acc=0.9684 test_acc=0.9632 test_loss=0.2176)
[ 69/129] SwedishLeaf                  DONE  acc=0.9632 loss=0.2176 AOPCR=  0.753 NDCG=  n/a C= 15 T=  128 (71s)  [69 trained / 0 failed so far]
[ 70/129] Symbols
    stage 1/3: loading data ...
    stage 2/3: training on 25 series (no val (train-loss early stop), C=6, T=398, batch=2) ...
    stage 3/3: scoring on 995 test series (accuracy + AOPCR) ...
    [mlflow] versioned model 'mstcn_sep_classwise_conjunctive' (id=m-106b42f25a6d4404bd6ac0b245c4f971) params={'model_size_mb': '3.5368', 'n_model_params': '268612', 'name': 'seanet_classwise'}
    [mlflow] logged run 'seanet_classwise_Symbols'  (train_acc=1.0000 test_acc=0.9698 test_loss=0.1969)
[ 70/129] Symbols                      DONE  acc=0.9698 loss=0.1969 AOPCR=  0.961 NDCG=  n/a C=  6 T=  398 (36s)  [70 trained / 0 failed so far]
[ 71/129] SyntheticControl
    stage 1/3: loading data ...
    stage 2/3: training on 240 series (val=60, C=6, T=60, batch=16) ...
    stage 3/3: scoring on 300 test series (accuracy + AOPCR) ...
    [mlflow] versioned model 'mstcn_sep_classwise_conjunctive' (id=m-72e559fab3584d148fe6e54ecfee2e0c) params={'model_size_mb': '3.5368', 'n_model_params': '268612', 'name': 'seanet_classwise'}
    [mlflow] logged run 'seanet_classwise_SyntheticControl'  (train_acc=1.0000 val_acc=1.0000 test_acc=0.9967 test_loss=0.1089)
[ 71/129] SyntheticControl             DONE  acc=0.9967 loss=0.1089 AOPCR=  0.403 NDCG=  n/a C=  6 T=   60 (36s)  [71 trained / 0 failed so far]
[ 72/129] ToeSegmentation1
    stage 1/3: loading data ...
    stage 2/3: training on 40 series (no val (train-loss early stop), C=2, T=277, batch=4) ...
    stage 3/3: scoring on 228 test series (accuracy + AOPCR) ...
    [mlflow] versioned model 'mstcn_sep_classwise_conjunctive' (id=m-0fcee0eaf7ff4b2c9e4aeddfbc25400d) params={'model_size_mb': '3.5347', 'n_model_params': '268060', 'name': 'seanet_classwise'}
    [mlflow] logged run 'seanet_classwise_ToeSegmentation1'  (train_acc=1.0000 test_acc=0.8991 test_loss=0.2291)
[ 72/129] ToeSegmentation1             DONE  acc=0.8991 loss=0.2291 AOPCR=  0.274 NDCG=  n/a C=  2 T=  277 (23s)  [72 trained / 0 failed so far]
[ 73/129] ToeSegmentation2
    stage 1/3: loading data ...
    stage 2/3: training on 36 series (no val (train-loss early stop), C=2, T=343, batch=3) ...
    stage 3/3: scoring on 130 test series (accuracy + AOPCR) ...
    [mlflow] versioned model 'mstcn_sep_classwise_conjunctive' (id=m-68a487f903934c0faa5d76d94f52c538) params={'model_size_mb': '3.5347', 'n_model_params': '268060', 'name': 'seanet_classwise'}
    [mlflow] logged run 'seanet_classwise_ToeSegmentation2'  (train_acc=1.0000 test_acc=0.9385 test_loss=0.2218)
[ 73/129] ToeSegmentation2             DONE  acc=0.9385 loss=0.2218 AOPCR=  0.515 NDCG=  n/a C=  2 T=  343 (29s)  [73 trained / 0 failed so far]
[ 74/129] Trace
    stage 1/3: loading data ...
    stage 2/3: training on 81 series (val=19, C=4, T=275, batch=8) ...
    stage 3/3: scoring on 100 test series (accuracy + AOPCR) ...
    [mlflow] versioned model 'mstcn_sep_classwise_conjunctive' (id=m-180bbba77b764ad7ac53cc28e3184f4e) params={'model_size_mb': '3.5358', 'n_model_params': '268336', 'name': 'seanet_classwise'}
    [mlflow] logged run 'seanet_classwise_Trace'  (train_acc=1.0000 val_acc=1.0000 test_acc=1.0000 test_loss=0.1018)
[ 74/129] Trace                        DONE  acc=1.0000 loss=0.1018 AOPCR=  0.856 NDCG=  n/a C=  4 T=  275 (24s)  [74 trained / 0 failed so far]
[ 75/129] TwoLeadECG
    stage 1/3: loading data ...
    stage 2/3: training on 23 series (no val (train-loss early stop), C=2, T=82, batch=2) ...
    stage 3/3: scoring on 1139 test series (accuracy + AOPCR) ...
    [mlflow] versioned model 'mstcn_sep_classwise_conjunctive' (id=m-4f5df1d0c38a49b8b51d5f3304f81f25) params={'model_size_mb': '3.5347', 'n_model_params': '268060', 'name': 'seanet_classwise'}
    [mlflow] logged run 'seanet_classwise_TwoLeadECG'  (train_acc=1.0000 test_acc=0.9921 test_loss=0.1055)
[ 75/129] TwoLeadECG                   DONE  acc=0.9921 loss=0.1055 AOPCR=  0.296 NDCG=  n/a C=  2 T=   82 (24s)  [75 trained / 0 failed so far]
[ 76/129] TwoPatterns
    stage 1/3: loading data ...
    stage 2/3: training on 801 series (val=199, C=4, T=128, batch=16) ...
    stage 3/3: scoring on 4000 test series (accuracy + AOPCR) ...
    [mlflow] versioned model 'mstcn_sep_classwise_conjunctive' (id=m-36efbc21803f43c59773ac511b714b3f) params={'model_size_mb': '3.5358', 'n_model_params': '268336', 'name': 'seanet_classwise'}
    [mlflow] logged run 'seanet_classwise_TwoPatterns'  (train_acc=1.0000 val_acc=1.0000 test_acc=1.0000 test_loss=0.0943)
[ 76/129] TwoPatterns                  DONE  acc=1.0000 loss=0.0943 AOPCR=  1.280 NDCG=  n/a C=  4 T=  128 (138s)  [76 trained / 0 failed so far]
[ 77/129] UWaveGestureLibraryAll
    stage 1/3: loading data ...
    stage 2/3: training on 719 series (val=177, C=8, T=945, batch=16) ...
    stage 3/3: scoring on 3582 test series (accuracy + AOPCR) ...
    [mlflow] versioned model 'mstcn_sep_classwise_conjunctive' (id=m-85371414a6824ee39b7dfff5e3cab5f2) params={'model_size_mb': '3.5378', 'n_model_params': '268888', 'name': 'seanet_classwise'}
    [mlflow] logged run 'seanet_classwise_UWaveGestureLibraryAll'  (train_acc=1.0000 val_acc=0.9887 test_acc=0.9816 test_loss=0.1921)
[ 77/129] UWaveGestureLibraryAll       DONE  acc=0.9816 loss=0.1921 AOPCR=  0.156 NDCG=  n/a C=  8 T=  945 (204s)  [77 trained / 0 failed so far]
[ 78/129] UWaveGestureLibraryX
    stage 1/3: loading data ...
    stage 2/3: training on 719 series (val=177, C=8, T=315, batch=16) ...
    stage 3/3: scoring on 3582 test series (accuracy + AOPCR) ...
    [mlflow] versioned model 'mstcn_sep_classwise_conjunctive' (id=m-a61a544cff2d471caeb17c802a488c5c) params={'model_size_mb': '3.5378', 'n_model_params': '268888', 'name': 'seanet_classwise'}
    [mlflow] logged run 'seanet_classwise_UWaveGestureLibraryX'  (train_acc=0.9930 val_acc=0.8644 test_acc=0.8063 test_loss=0.6681)
[ 78/129] UWaveGestureLibraryX         DONE  acc=0.8063 loss=0.6681 AOPCR=  0.566 NDCG=  n/a C=  8 T=  315 (46s)  [78 trained / 0 failed so far]
[ 79/129] UWaveGestureLibraryY
    stage 1/3: loading data ...
    stage 2/3: training on 719 series (val=177, C=8, T=315, batch=16) ...
    stage 3/3: scoring on 3582 test series (accuracy + AOPCR) ...
    [mlflow] versioned model 'mstcn_sep_classwise_conjunctive' (id=m-b4869dadb5a54ae6b823f7952beed0c4) params={'model_size_mb': '3.5378', 'n_model_params': '268888', 'name': 'seanet_classwise'}
    [mlflow] logged run 'seanet_classwise_UWaveGestureLibraryY'  (train_acc=1.0000 val_acc=0.7853 test_acc=0.7649 test_loss=0.8166)
[ 79/129] UWaveGestureLibraryY         DONE  acc=0.7649 loss=0.8166 AOPCR=  0.478 NDCG=  n/a C=  8 T=  315 (110s)  [79 trained / 0 failed so far]
[ 80/129] UWaveGestureLibraryZ
    stage 1/3: loading data ...
    stage 2/3: training on 719 series (val=177, C=8, T=315, batch=16) ...
    stage 3/3: scoring on 3582 test series (accuracy + AOPCR) ...
    [mlflow] versioned model 'mstcn_sep_classwise_conjunctive' (id=m-c792da6cfe55426284d27ec154d7615c) params={'model_size_mb': '3.5378', 'n_model_params': '268888', 'name': 'seanet_classwise'}
    [mlflow] logged run 'seanet_classwise_UWaveGestureLibraryZ'  (train_acc=0.8261 val_acc=0.7288 test_acc=0.7457 test_loss=0.7467)
[ 80/129] UWaveGestureLibraryZ         DONE  acc=0.7457 loss=0.7467 AOPCR=  0.935 NDCG=  n/a C=  8 T=  315 (35s)  [80 trained / 0 failed so far]
[ 81/129] Wafer
    stage 1/3: loading data ...
    stage 2/3: training on 801 series (val=199, C=2, T=152, batch=16) ...
    stage 3/3: scoring on 6164 test series (accuracy + AOPCR) ...
    [mlflow] versioned model 'mstcn_sep_classwise_conjunctive' (id=m-74351a41619740a282ccb45e2ba565e0) params={'model_size_mb': '3.5347', 'n_model_params': '268060', 'name': 'seanet_classwise'}
    [mlflow] logged run 'seanet_classwise_Wafer'  (train_acc=1.0000 val_acc=0.9899 test_acc=0.9946 test_loss=0.1010)
[ 81/129] Wafer                        DONE  acc=0.9946 loss=0.1010 AOPCR= -0.085 NDCG=  n/a C=  2 T=  152 (39s)  [81 trained / 0 failed so far]
[ 82/129] Wine
    stage 1/3: loading data ...
    stage 2/3: training on 57 series (no val (train-loss early stop), C=2, T=234, batch=5) ...
    stage 3/3: scoring on 54 test series (accuracy + AOPCR) ...
    [mlflow] versioned model 'mstcn_sep_classwise_conjunctive' (id=m-c3e2ed8d323645f4b39303a5153dd085) params={'model_size_mb': '3.5347', 'n_model_params': '268060', 'name': 'seanet_classwise'}
    [mlflow] logged run 'seanet_classwise_Wine'  (train_acc=0.5263 test_acc=0.5000 test_loss=0.6916)
[ 82/129] Wine                         DONE  acc=0.5000 loss=0.6916 AOPCR=  0.006 NDCG=  n/a C=  2 T=  234 (17s)  [82 trained / 0 failed so far]
[ 83/129] WordSynonyms
    stage 1/3: loading data ...
    stage 2/3: training on 217 series (val=50, C=25, T=270, batch=16) ...
    stage 3/3: scoring on 638 test series (accuracy + AOPCR) ...
    [mlflow] versioned model 'mstcn_sep_classwise_conjunctive' (id=m-30d1aebf7cb346ab8274e32ae127377e) params={'model_size_mb': '3.5467', 'n_model_params': '271234', 'name': 'seanet_classwise'}
    [mlflow] logged run 'seanet_classwise_WordSynonyms'  (train_acc=1.0000 val_acc=0.8200 test_acc=0.7429 test_loss=1.1255)
[ 83/129] WordSynonyms                 DONE  acc=0.7429 loss=1.1255 AOPCR=  0.469 NDCG=  n/a C= 25 T=  270 (43s)  [83 trained / 0 failed so far]
[ 84/129] Worms
    stage 1/3: loading data ...
    stage 2/3: training on 146 series (val=35, C=5, T=900, batch=14) ...
    stage 3/3: scoring on 77 test series (accuracy + AOPCR) ...
    [mlflow] versioned model 'mstcn_sep_classwise_conjunctive' (id=m-3f99b1bf6b87472099f164cfa68607f2) params={'model_size_mb': '3.5362', 'n_model_params': '268474', 'name': 'seanet_classwise'}
    [mlflow] logged run 'seanet_classwise_Worms'  (train_acc=0.8219 val_acc=0.6286 test_acc=0.6753 test_loss=0.7873)
[ 84/129] Worms                        DONE  acc=0.6753 loss=0.7873 AOPCR=  0.899 NDCG=  n/a C=  5 T=  900 (14s)  [84 trained / 0 failed so far]
[ 85/129] WormsTwoClass
    stage 1/3: loading data ...
    stage 2/3: training on 145 series (val=36, C=2, T=900, batch=14) ...
    stage 3/3: scoring on 77 test series (accuracy + AOPCR) ...
    [mlflow] versioned model 'mstcn_sep_classwise_conjunctive' (id=m-922cb4cccc734c5796449ff32991cd74) params={'model_size_mb': '3.5347', 'n_model_params': '268060', 'name': 'seanet_classwise'}
    [mlflow] logged run 'seanet_classwise_WormsTwoClass'  (train_acc=1.0000 val_acc=0.8333 test_acc=0.6753 test_loss=0.6194)
[ 85/129] WormsTwoClass                DONE  acc=0.6753 loss=0.6194 AOPCR=  0.768 NDCG=  n/a C=  2 T=  900 (36s)  [85 trained / 0 failed so far]
[ 86/129] Yoga
    stage 1/3: loading data ...
    stage 2/3: training on 241 series (val=59, C=2, T=426, batch=16) ...
    stage 3/3: scoring on 3000 test series (accuracy + AOPCR) ...
    [mlflow] versioned model 'mstcn_sep_classwise_conjunctive' (id=m-23f6f10ee6cd4169b5beed7fce411797) params={'model_size_mb': '3.5347', 'n_model_params': '268060', 'name': 'seanet_classwise'}
    [mlflow] logged run 'seanet_classwise_Yoga'  (train_acc=1.0000 val_acc=0.9661 test_acc=0.9050 test_loss=0.2528)
[ 86/129] Yoga                         DONE  acc=0.9050 loss=0.2528 AOPCR=  0.242 NDCG=  n/a C=  2 T=  426 (55s)  [86 trained / 0 failed so far]
[ 87/129] ACSF1
    stage 1/3: loading data ...
    stage 2/3: training on 80 series (val=20, C=10, T=1460, batch=8) ...
    stage 3/3: scoring on 100 test series (accuracy + AOPCR) ...
    [mlflow] versioned model 'mstcn_sep_classwise_conjunctive' (id=m-d63d99b56a814c56a23d2650d868400f) params={'model_size_mb': '3.5389', 'n_model_params': '269164', 'name': 'seanet_classwise'}
    [mlflow] logged run 'seanet_classwise_ACSF1'  (train_acc=0.8875 val_acc=0.6500 test_acc=0.8100 test_loss=0.6566)
[ 87/129] ACSF1                        DONE  acc=0.8100 loss=0.6566 AOPCR=  0.205 NDCG=  n/a C= 10 T= 1460 (20s)  [87 trained / 0 failed so far]
[ 88/129] AllGestureWiimoteX
    stage 1/3: loading data ...
    stage 2/3: training on 240 series (val=60, C=10, T=500, batch=16) ...
    stage 3/3: scoring on 700 test series (accuracy + AOPCR) ...
    [mlflow] versioned model 'mstcn_sep_classwise_conjunctive' (id=m-26d2760809634b5a81c7e036f253e15c) params={'model_size_mb': '3.5389', 'n_model_params': '269164', 'name': 'seanet_classwise'}
    [mlflow] logged run 'seanet_classwise_AllGestureWiimoteX'  (train_acc=1.0000 val_acc=0.8500 test_acc=0.7643 test_loss=0.8595)
[ 88/129] AllGestureWiimoteX           DONE  acc=0.7643 loss=0.8595 AOPCR=  1.758 NDCG=  n/a C= 10 T=  500 (35s)  [88 trained / 0 failed so far]
[ 89/129] AllGestureWiimoteY
    stage 1/3: loading data ...
    stage 2/3: training on 240 series (val=60, C=10, T=500, batch=16) ...
    stage 3/3: scoring on 700 test series (accuracy + AOPCR) ...
    [mlflow] versioned model 'mstcn_sep_classwise_conjunctive' (id=m-d2da7a013363402288430696cc2e61a1) params={'model_size_mb': '3.5389', 'n_model_params': '269164', 'name': 'seanet_classwise'}
    [mlflow] logged run 'seanet_classwise_AllGestureWiimoteY'  (train_acc=0.9875 val_acc=0.8167 test_acc=0.7414 test_loss=0.8640)
[ 89/129] AllGestureWiimoteY           DONE  acc=0.7414 loss=0.8640 AOPCR=  2.156 NDCG=  n/a C= 10 T=  500 (19s)  [89 trained / 0 failed so far]
[ 90/129] AllGestureWiimoteZ
    stage 1/3: loading data ...
    stage 2/3: training on 240 series (val=60, C=10, T=500, batch=16) ...
    stage 3/3: scoring on 700 test series (accuracy + AOPCR) ...
    [mlflow] versioned model 'mstcn_sep_classwise_conjunctive' (id=m-75d88371af6443f88224c009608fbce5) params={'model_size_mb': '3.5389', 'n_model_params': '269164', 'name': 'seanet_classwise'}
    [mlflow] logged run 'seanet_classwise_AllGestureWiimoteZ'  (train_acc=1.0000 val_acc=0.8167 test_acc=0.7557 test_loss=0.8742)
[ 90/129] AllGestureWiimoteZ           DONE  acc=0.7557 loss=0.8742 AOPCR=  1.681 NDCG=  n/a C= 10 T=  500 (39s)  [90 trained / 0 failed so far]
[ 91/129] BME
    stage 1/3: loading data ...
    stage 2/3: training on 30 series (no val (train-loss early stop), C=3, T=128, batch=3) ...
    stage 3/3: scoring on 150 test series (accuracy + AOPCR) ...
    [mlflow] versioned model 'mstcn_sep_classwise_conjunctive' (id=m-c00364f6daec41f4bfb3ca798dbde9ee) params={'model_size_mb': '3.5352', 'n_model_params': '268198', 'name': 'seanet_classwise'}
    [mlflow] logged run 'seanet_classwise_BME'  (train_acc=1.0000 test_acc=1.0000 test_loss=0.0907)
[ 91/129] BME                          DONE  acc=1.0000 loss=0.0907 AOPCR=  0.221 NDCG=  n/a C=  3 T=  128 (28s)  [91 trained / 0 failed so far]
[ 92/129] Chinatown
    stage 1/3: loading data ...
    stage 2/3: training on 20 series (no val (train-loss early stop), C=2, T=24, batch=2) ...
    stage 3/3: scoring on 343 test series (accuracy + AOPCR) ...
    [mlflow] versioned model 'mstcn_sep_classwise_conjunctive' (id=m-da243e3705b748d299204a2d8b0c6f52) params={'model_size_mb': '3.5347', 'n_model_params': '268060', 'name': 'seanet_classwise'}
    [mlflow] logged run 'seanet_classwise_Chinatown'  (train_acc=1.0000 test_acc=0.9825 test_loss=0.1147)
[ 92/129] Chinatown                    DONE  acc=0.9825 loss=0.1147 AOPCR=  0.027 NDCG=  n/a C=  2 T=   24 (23s)  [92 trained / 0 failed so far]
[ 93/129] Crop
    stage 1/3: loading data ...
    stage 2/3: training on 5760 series (val=1440, C=24, T=46, batch=16) ...
    stage 3/3: scoring on 16800 test series (accuracy + AOPCR) ...
    [mlflow] versioned model 'mstcn_sep_classwise_conjunctive' (id=m-0d3dac13ee764840b0f6f7ed7a008b27) params={'model_size_mb': '3.5463', 'n_model_params': '271096', 'name': 'seanet_classwise'}
    [mlflow] logged run 'seanet_classwise_Crop'  (train_acc=0.8491 val_acc=0.7000 test_acc=0.7140 test_loss=0.9191)
[ 93/129] Crop                         DONE  acc=0.7140 loss=0.9191 AOPCR=  0.094 NDCG=  n/a C= 24 T=   46 (338s)  [93 trained / 0 failed so far]
[ 94/129] DodgerLoopDay
    stage 1/3: loading data ...
    stage 2/3: training on 78 series (no val (train-loss early stop), C=7, T=288, batch=7) ...
    stage 3/3: scoring on 80 test series (accuracy + AOPCR) ...
    [mlflow] versioned model 'mstcn_sep_classwise_conjunctive' (id=m-d3399a52a4bf4365b7f5f6b03dc30ac7) params={'model_size_mb': '3.5373', 'n_model_params': '268750', 'name': 'seanet_classwise'}
    [mlflow] logged run 'seanet_classwise_DodgerLoopDay'  (train_acc=1.0000 test_acc=0.5250 test_loss=1.4747)
[ 94/129] DodgerLoopDay                DONE  acc=0.5250 loss=1.4747 AOPCR=  0.935 NDCG=  n/a C=  7 T=  288 (52s)  [94 trained / 0 failed so far]
[ 95/129] DodgerLoopGame
    stage 1/3: loading data ...
    stage 2/3: training on 20 series (no val (train-loss early stop), C=2, T=288, batch=2) ...
    stage 3/3: scoring on 138 test series (accuracy + AOPCR) ...
    [mlflow] versioned model 'mstcn_sep_classwise_conjunctive' (id=m-e5991b60c0714c8aa10c914440f553bf) params={'model_size_mb': '3.5347', 'n_model_params': '268060', 'name': 'seanet_classwise'}
    [mlflow] logged run 'seanet_classwise_DodgerLoopGame'  (train_acc=1.0000 test_acc=0.8768 test_loss=0.3813)
[ 95/129] DodgerLoopGame               DONE  acc=0.8768 loss=0.3813 AOPCR=  0.265 NDCG=  n/a C=  2 T=  288 (8s)  [95 trained / 0 failed so far]
[ 96/129] DodgerLoopWeekend
    stage 1/3: loading data ...
    stage 2/3: training on 20 series (no val (train-loss early stop), C=2, T=288, batch=2) ...
    stage 3/3: scoring on 138 test series (accuracy + AOPCR) ...
    [mlflow] versioned model 'mstcn_sep_classwise_conjunctive' (id=m-e156f8df73674c868f9086b6614e4e9d) params={'model_size_mb': '3.5347', 'n_model_params': '268060', 'name': 'seanet_classwise'}
    [mlflow] logged run 'seanet_classwise_DodgerLoopWeekend'  (train_acc=1.0000 test_acc=0.9638 test_loss=0.2159)
[ 96/129] DodgerLoopWeekend            DONE  acc=0.9638 loss=0.2159 AOPCR=  0.344 NDCG=  n/a C=  2 T=  288 (8s)  [96 trained / 0 failed so far]
[ 97/129] EOGHorizontalSignal
    stage 1/3: loading data ...
    stage 2/3: training on 290 series (val=72, C=12, T=1250, batch=16) ...
    stage 3/3: scoring on 362 test series (accuracy + AOPCR) ...
    [mlflow] versioned model 'mstcn_sep_classwise_conjunctive' (id=m-0eeb1ac6de174d86b8dce50a5ac8b91f) params={'model_size_mb': '3.5399', 'n_model_params': '269440', 'name': 'seanet_classwise'}
    [mlflow] logged run 'seanet_classwise_EOGHorizontalSignal'  (train_acc=0.9655 val_acc=0.9028 test_acc=0.5193 test_loss=1.4207)
[ 97/129] EOGHorizontalSignal          DONE  acc=0.5193 loss=1.4207 AOPCR=  1.964 NDCG=  n/a C= 12 T= 1250 (46s)  [97 trained / 0 failed so far]
[ 98/129] EOGVerticalSignal
    stage 1/3: loading data ...
    stage 2/3: training on 290 series (val=72, C=12, T=1250, batch=16) ...
    stage 3/3: scoring on 362 test series (accuracy + AOPCR) ...
    [mlflow] versioned model 'mstcn_sep_classwise_conjunctive' (id=m-8ae0e88af913454ab295cc9de6895271) params={'model_size_mb': '3.5399', 'n_model_params': '269440', 'name': 'seanet_classwise'}
    [mlflow] logged run 'seanet_classwise_EOGVerticalSignal'  (train_acc=1.0000 val_acc=0.8611 test_acc=0.4972 test_loss=1.6672)
[ 98/129] EOGVerticalSignal            DONE  acc=0.4972 loss=1.6672 AOPCR=  1.708 NDCG=  n/a C= 12 T= 1250 (101s)  [98 trained / 0 failed so far]
[ 99/129] EthanolLevel
    stage 1/3: loading data ...
    stage 2/3: training on 404 series (val=100, C=4, T=1751, batch=16) ...
    stage 3/3: scoring on 500 test series (accuracy + AOPCR) ...
    [mlflow] versioned model 'mstcn_sep_classwise_conjunctive' (id=m-00c365336cf64b059d9908d733ec55d0) params={'model_size_mb': '3.5358', 'n_model_params': '268336', 'name': 'seanet_classwise'}
    [mlflow] logged run 'seanet_classwise_EthanolLevel'  (train_acc=0.9505 val_acc=0.8900 test_acc=0.7620 test_loss=0.5738)
[ 99/129] EthanolLevel                 DONE  acc=0.7620 loss=0.5738 AOPCR=  0.874 NDCG=  n/a C=  4 T= 1751 (184s)  [99 trained / 0 failed so far]
[100/129] FreezerRegularTrain
    stage 1/3: loading data ...
    stage 2/3: training on 120 series (val=30, C=2, T=301, batch=12) ...
    stage 3/3: scoring on 2850 test series (accuracy + AOPCR) ...
    [mlflow] versioned model 'mstcn_sep_classwise_conjunctive' (id=m-b91a02be119546f3b974c260aad29276) params={'model_size_mb': '3.5347', 'n_model_params': '268060', 'name': 'seanet_classwise'}
    [mlflow] logged run 'seanet_classwise_FreezerRegularTrain'  (train_acc=1.0000 val_acc=1.0000 test_acc=0.9982 test_loss=0.0571)
[100/129] FreezerRegularTrain          DONE  acc=0.9982 loss=0.0571 AOPCR=  0.190 NDCG=  n/a C=  2 T=  301 (12s)  [100 trained / 0 failed so far]
[101/129] FreezerSmallTrain
    stage 1/3: loading data ...
    stage 2/3: training on 28 series (no val (train-loss early stop), C=2, T=301, batch=2) ...
    stage 3/3: scoring on 2850 test series (accuracy + AOPCR) ...
    [mlflow] versioned model 'mstcn_sep_classwise_conjunctive' (id=m-973bc66b01434c2a91aa2cc7b3c0e014) params={'model_size_mb': '3.5347', 'n_model_params': '268060', 'name': 'seanet_classwise'}
    [mlflow] logged run 'seanet_classwise_FreezerSmallTrain'  (train_acc=1.0000 test_acc=0.7298 test_loss=0.5333)
[101/129] FreezerSmallTrain            DONE  acc=0.7298 loss=0.5333 AOPCR=  0.194 NDCG=  n/a C=  2 T=  301 (23s)  [101 trained / 0 failed so far]
[102/129] Fungi
    stage 1/3: loading data ...
    stage 2/3: training on 18 series (no val (train-loss early stop), C=18, T=201, batch=2) ...
    stage 3/3: scoring on 186 test series (accuracy + AOPCR) ...
    [mlflow] versioned model 'mstcn_sep_classwise_conjunctive' (id=m-fd615926813c4b3c9f3d23fac04017ab) params={'model_size_mb': '3.5431', 'n_model_params': '270268', 'name': 'seanet_classwise'}
    [mlflow] logged run 'seanet_classwise_Fungi'  (train_acc=1.0000 test_acc=0.8602 test_loss=0.4042)
[102/129] Fungi                        DONE  acc=0.8602 loss=0.4042 AOPCR=  0.954 NDCG=  n/a C= 18 T=  201 (12s)  [102 trained / 0 failed so far]
[103/129] GestureMidAirD1
    stage 1/3: loading data ...
    stage 2/3: training on 182 series (val=26, C=26, T=360, batch=16) ...
    stage 3/3: scoring on 130 test series (accuracy + AOPCR) ...
    [mlflow] versioned model 'mstcn_sep_classwise_conjunctive' (id=m-c9453c5702c94d2da17d6aca1263a56f) params={'model_size_mb': '3.5473', 'n_model_params': '271372', 'name': 'seanet_classwise'}
    [mlflow] logged run 'seanet_classwise_GestureMidAirD1'  (train_acc=0.8626 val_acc=0.6923 test_acc=0.7308 test_loss=0.8898)
[103/129] GestureMidAirD1              DONE  acc=0.7308 loss=0.8898 AOPCR=  1.471 NDCG=  n/a C= 26 T=  360 (10s)  [103 trained / 0 failed so far]
[104/129] GestureMidAirD2
    stage 1/3: loading data ...
    stage 2/3: training on 182 series (val=26, C=26, T=360, batch=16) ...
    stage 3/3: scoring on 130 test series (accuracy + AOPCR) ...
    [mlflow] versioned model 'mstcn_sep_classwise_conjunctive' (id=m-0e472a79ba344b308e4f00532790822c) params={'model_size_mb': '3.5473', 'n_model_params': '271372', 'name': 'seanet_classwise'}
    [mlflow] logged run 'seanet_classwise_GestureMidAirD2'  (train_acc=0.8681 val_acc=0.5769 test_acc=0.6385 test_loss=1.1208)
[104/129] GestureMidAirD2              DONE  acc=0.6385 loss=1.1208 AOPCR=  1.375 NDCG=  n/a C= 26 T=  360 (15s)  [104 trained / 0 failed so far]
[105/129] GestureMidAirD3
    stage 1/3: loading data ...
    stage 2/3: training on 182 series (val=26, C=26, T=360, batch=16) ...
    stage 3/3: scoring on 130 test series (accuracy + AOPCR) ...
    [mlflow] versioned model 'mstcn_sep_classwise_conjunctive' (id=m-43f4faa9adef4cbcbf0b2e8fd55bd502) params={'model_size_mb': '3.5473', 'n_model_params': '271372', 'name': 'seanet_classwise'}
    [mlflow] logged run 'seanet_classwise_GestureMidAirD3'  (train_acc=0.8626 val_acc=0.4231 test_acc=0.3923 test_loss=1.9282)
[105/129] GestureMidAirD3              DONE  acc=0.3923 loss=1.9282 AOPCR=  1.340 NDCG=  n/a C= 26 T=  360 (12s)  [105 trained / 0 failed so far]
[106/129] GesturePebbleZ1
    stage 1/3: loading data ...
    stage 2/3: training on 107 series (val=25, C=6, T=455, batch=10) ...
    stage 3/3: scoring on 172 test series (accuracy + AOPCR) ...
    [mlflow] versioned model 'mstcn_sep_classwise_conjunctive' (id=m-7e3ac29b48da459298672c6ea48b58f3) params={'model_size_mb': '3.5368', 'n_model_params': '268612', 'name': 'seanet_classwise'}
    [mlflow] logged run 'seanet_classwise_GesturePebbleZ1'  (train_acc=1.0000 val_acc=1.0000 test_acc=0.9186 test_loss=0.3305)
[106/129] GesturePebbleZ1              DONE  acc=0.9186 loss=0.3305 AOPCR=  1.054 NDCG=  n/a C=  6 T=  455 (18s)  [106 trained / 0 failed so far]
[107/129] GesturePebbleZ2
    stage 1/3: loading data ...
    stage 2/3: training on 120 series (val=26, C=6, T=455, batch=12) ...
    stage 3/3: scoring on 158 test series (accuracy + AOPCR) ...
    [mlflow] versioned model 'mstcn_sep_classwise_conjunctive' (id=m-12240a72573e41d2b9a49fbfb3ab59f6) params={'model_size_mb': '3.5368', 'n_model_params': '268612', 'name': 'seanet_classwise'}
    [mlflow] logged run 'seanet_classwise_GesturePebbleZ2'  (train_acc=1.0000 val_acc=1.0000 test_acc=0.9304 test_loss=0.3119)
[107/129] GesturePebbleZ2              DONE  acc=0.9304 loss=0.3119 AOPCR=  1.465 NDCG=  n/a C=  6 T=  455 (23s)  [107 trained / 0 failed so far]
[108/129] GunPointAgeSpan
    stage 1/3: loading data ...
    stage 2/3: training on 109 series (val=26, C=2, T=150, batch=10) ...
    stage 3/3: scoring on 316 test series (accuracy + AOPCR) ...
    [mlflow] versioned model 'mstcn_sep_classwise_conjunctive' (id=m-34a66bdfc31442f79bf4a59d984d768d) params={'model_size_mb': '3.5347', 'n_model_params': '268060', 'name': 'seanet_classwise'}
    [mlflow] logged run 'seanet_classwise_GunPointAgeSpan'  (train_acc=1.0000 val_acc=1.0000 test_acc=0.9715 test_loss=0.1171)
[108/129] GunPointAgeSpan              DONE  acc=0.9715 loss=0.1171 AOPCR=  0.834 NDCG=  n/a C=  2 T=  150 (31s)  [108 trained / 0 failed so far]
[109/129] GunPointMaleVersusFemale
    stage 1/3: loading data ...
    stage 2/3: training on 109 series (val=26, C=2, T=150, batch=10) ...
    stage 3/3: scoring on 316 test series (accuracy + AOPCR) ...
    [mlflow] versioned model 'mstcn_sep_classwise_conjunctive' (id=m-8c183c1f2ae641908faa2ee67aa86047) params={'model_size_mb': '3.5347', 'n_model_params': '268060', 'name': 'seanet_classwise'}
    [mlflow] logged run 'seanet_classwise_GunPointMaleVersusFemale'  (train_acc=1.0000 val_acc=1.0000 test_acc=0.9873 test_loss=0.0898)
[109/129] GunPointMaleVersusFemale     DONE  acc=0.9873 loss=0.0898 AOPCR=  0.366 NDCG=  n/a C=  2 T=  150 (22s)  [109 trained / 0 failed so far]
[110/129] GunPointOldVersusYoung
    stage 1/3: loading data ...
    stage 2/3: training on 109 series (val=27, C=2, T=150, batch=10) ...
    stage 3/3: scoring on 315 test series (accuracy + AOPCR) ...
    [mlflow] versioned model 'mstcn_sep_classwise_conjunctive' (id=m-5f0b46e0a4244d3cb91077e4a1c7c0bc) params={'model_size_mb': '3.5347', 'n_model_params': '268060', 'name': 'seanet_classwise'}
    [mlflow] logged run 'seanet_classwise_GunPointOldVersusYoung'  (train_acc=1.0000 val_acc=1.0000 test_acc=0.9683 test_loss=0.1546)
[110/129] GunPointOldVersusYoung       DONE  acc=0.9683 loss=0.1546 AOPCR=  0.341 NDCG=  n/a C=  2 T=  150 (18s)  [110 trained / 0 failed so far]
[111/129] HouseTwenty
    stage 1/3: loading data ...
    stage 2/3: training on 40 series (no val (train-loss early stop), C=2, T=2000, batch=4) ...
    stage 3/3: scoring on 119 test series (accuracy + AOPCR) ...
    [mlflow] versioned model 'mstcn_sep_classwise_conjunctive' (id=m-4da5292cffc94c1d8d0c4115c41f287c) params={'model_size_mb': '3.5347', 'n_model_params': '268060', 'name': 'seanet_classwise'}
    [mlflow] logged run 'seanet_classwise_HouseTwenty'  (train_acc=1.0000 test_acc=0.9664 test_loss=0.1453)
[111/129] HouseTwenty                  DONE  acc=0.9664 loss=0.1453 AOPCR=  0.799 NDCG=  n/a C=  2 T= 2000 (24s)  [111 trained / 0 failed so far]
[112/129] InsectEPGRegularTrain
    stage 1/3: loading data ...
    stage 2/3: training on 62 series (no val (train-loss early stop), C=3, T=601, batch=6) ...
    stage 3/3: scoring on 249 test series (accuracy + AOPCR) ...
    [mlflow] versioned model 'mstcn_sep_classwise_conjunctive' (id=m-d69469e244594c0696741d9715fccb04) params={'model_size_mb': '3.5352', 'n_model_params': '268198', 'name': 'seanet_classwise'}
    [mlflow] logged run 'seanet_classwise_InsectEPGRegularTrain'  (train_acc=1.0000 test_acc=0.9960 test_loss=0.1303)
[112/129] InsectEPGRegularTrain        DONE  acc=0.9960 loss=0.1303 AOPCR=  0.398 NDCG=  n/a C=  3 T=  601 (54s)  [112 trained / 0 failed so far]
[113/129] InsectEPGSmallTrain
    stage 1/3: loading data ...
    stage 2/3: training on 17 series (no val (train-loss early stop), C=3, T=601, batch=2) ...
    stage 3/3: scoring on 249 test series (accuracy + AOPCR) ...
    [mlflow] versioned model 'mstcn_sep_classwise_conjunctive' (id=m-d61c4461ecf34cd09b7216d144107bb0) params={'model_size_mb': '3.5352', 'n_model_params': '268198', 'name': 'seanet_classwise'}
    [mlflow] logged run 'seanet_classwise_InsectEPGSmallTrain'  (train_acc=1.0000 test_acc=0.9197 test_loss=0.2491)
[113/129] InsectEPGSmallTrain          DONE  acc=0.9197 loss=0.2491 AOPCR=  0.409 NDCG=  n/a C=  3 T=  601 (18s)  [113 trained / 0 failed so far]
[114/129] MelbournePedestrian
    stage 1/3: loading data ...
    stage 2/3: training on 956 series (val=238, C=10, T=24, batch=16) ...
    stage 3/3: scoring on 2439 test series (accuracy + AOPCR) ...
    [mlflow] versioned model 'mstcn_sep_classwise_conjunctive' (id=m-78804d9da4044e21bd5b177a121326fa) params={'model_size_mb': '3.5389', 'n_model_params': '269164', 'name': 'seanet_classwise'}
    [mlflow] logged run 'seanet_classwise_MelbournePedestrian'  (train_acc=1.0000 val_acc=0.9160 test_acc=0.9127 test_loss=0.3455)
[114/129] MelbournePedestrian          DONE  acc=0.9127 loss=0.3455 AOPCR= -0.375 NDCG=  n/a C= 10 T=   24 (116s)  [114 trained / 0 failed so far]
[115/129] MixedShapesRegularTrain
    stage 1/3: loading data ...
    stage 2/3: training on 400 series (val=100, C=5, T=1024, batch=16) ...
    stage 3/3: scoring on 2425 test series (accuracy + AOPCR) ...
    [mlflow] versioned model 'mstcn_sep_classwise_conjunctive' (id=m-02cd8baed4484cdd9e08b4ad8d2834b3) params={'model_size_mb': '3.5362', 'n_model_params': '268474', 'name': 'seanet_classwise'}
    [mlflow] logged run 'seanet_classwise_MixedShapesRegularTrain'  (train_acc=1.0000 val_acc=0.9800 test_acc=0.9765 test_loss=0.1708)
[115/129] MixedShapesRegularTrain      DONE  acc=0.9765 loss=0.1708 AOPCR=  0.392 NDCG=  n/a C=  5 T= 1024 (121s)  [115 trained / 0 failed so far]
[116/129] MixedShapesSmallTrain
    stage 1/3: loading data ...
    stage 2/3: training on 80 series (val=20, C=5, T=1024, batch=8) ...
    stage 3/3: scoring on 2425 test series (accuracy + AOPCR) ...
    [mlflow] versioned model 'mstcn_sep_classwise_conjunctive' (id=m-dd864b795bd249f1ab9a82baaea9da1c) params={'model_size_mb': '3.5362', 'n_model_params': '268474', 'name': 'seanet_classwise'}
    [mlflow] logged run 'seanet_classwise_MixedShapesSmallTrain'  (train_acc=1.0000 val_acc=1.0000 test_acc=0.8920 test_loss=0.3685)
[116/129] MixedShapesSmallTrain        DONE  acc=0.8920 loss=0.3685 AOPCR=  0.744 NDCG=  n/a C=  5 T= 1024 (15s)  [116 trained / 0 failed so far]
[117/129] PLAID
    stage 1/3: loading data ...
    stage 2/3: training on 436 series (val=101, C=11, T=1344, batch=16) ...
    stage 3/3: scoring on 537 test series (accuracy + AOPCR) ...
    [mlflow] versioned model 'mstcn_sep_classwise_conjunctive' (id=m-fe17cf89aabc4cebb856917fc2e3a2cb) params={'model_size_mb': '3.5394', 'n_model_params': '269302', 'name': 'seanet_classwise'}
    [mlflow] logged run 'seanet_classwise_PLAID'  (train_acc=0.9817 val_acc=0.8812 test_acc=0.8920 test_loss=0.4376)
[117/129] PLAID                        DONE  acc=0.8920 loss=0.4376 AOPCR=  1.312 NDCG=  n/a C= 11 T= 1344 (167s)  [117 trained / 0 failed so far]
[118/129] PickupGestureWiimoteZ
    stage 1/3: loading data ...
    stage 2/3: training on 50 series (no val (train-loss early stop), C=10, T=361, batch=5) ...
    stage 3/3: scoring on 50 test series (accuracy + AOPCR) ...
    [mlflow] versioned model 'mstcn_sep_classwise_conjunctive' (id=m-9d2bca90566348efa31bdb4b29ccbb37) params={'model_size_mb': '3.5389', 'n_model_params': '269164', 'name': 'seanet_classwise'}
    [mlflow] logged run 'seanet_classwise_PickupGestureWiimoteZ'  (train_acc=1.0000 test_acc=0.8600 test_loss=0.6110)
[118/129] PickupGestureWiimoteZ        DONE  acc=0.8600 loss=0.6110 AOPCR=  0.972 NDCG=  n/a C= 10 T=  361 (45s)  [118 trained / 0 failed so far]
[119/129] PigAirwayPressure
    stage 1/3: loading data ...
    stage 2/3: training on 52 series (val=52, C=52, T=2000, batch=5) ...
    stage 3/3: scoring on 208 test series (accuracy + AOPCR) ...
    [mlflow] versioned model 'mstcn_sep_classwise_conjunctive' (id=m-cd469db339a14989b571ba04d01d9736) params={'model_size_mb': '3.561', 'n_model_params': '274960', 'name': 'seanet_classwise'}
    [mlflow] logged run 'seanet_classwise_PigAirwayPressure'  (train_acc=0.0769 val_acc=0.0577 test_acc=0.0337 test_loss=3.8445)
[119/129] PigAirwayPressure            DONE  acc=0.0337 loss=3.8445 AOPCR=  0.140 NDCG=  n/a C= 52 T= 2000 (12s)  [119 trained / 0 failed so far]
[120/129] PigArtPressure
    stage 1/3: loading data ...
    stage 2/3: training on 52 series (val=52, C=52, T=2000, batch=5) ...
    stage 3/3: scoring on 208 test series (accuracy + AOPCR) ...
    [mlflow] versioned model 'mstcn_sep_classwise_conjunctive' (id=m-9d979f550fb04995a36b92673395e78e) params={'model_size_mb': '3.561', 'n_model_params': '274960', 'name': 'seanet_classwise'}
    [mlflow] logged run 'seanet_classwise_PigArtPressure'  (train_acc=1.0000 val_acc=0.8462 test_acc=0.8990 test_loss=0.3591)
[120/129] PigArtPressure               DONE  acc=0.8990 loss=0.3591 AOPCR=  0.353 NDCG=  n/a C= 52 T= 2000 (35s)  [120 trained / 0 failed so far]
[121/129] PigCVP
    stage 1/3: loading data ...
    stage 2/3: training on 52 series (val=52, C=52, T=2000, batch=5) ...
    stage 3/3: scoring on 208 test series (accuracy + AOPCR) ...
    [mlflow] versioned model 'mstcn_sep_classwise_conjunctive' (id=m-fde79346779e49acaba2fbe43e55d130) params={'model_size_mb': '3.561', 'n_model_params': '274960', 'name': 'seanet_classwise'}
    [mlflow] logged run 'seanet_classwise_PigCVP'  (train_acc=1.0000 val_acc=0.6154 test_acc=0.6106 test_loss=1.7422)
[121/129] PigCVP                       DONE  acc=0.6106 loss=1.7422 AOPCR=  0.929 NDCG=  n/a C= 52 T= 2000 (61s)  [121 trained / 0 failed so far]
[122/129] PowerCons
    stage 1/3: loading data ...
    stage 2/3: training on 144 series (val=36, C=2, T=144, batch=14) ...
    stage 3/3: scoring on 180 test series (accuracy + AOPCR) ...
    [mlflow] versioned model 'mstcn_sep_classwise_conjunctive' (id=m-ce1e4ff38536440a902f54aea31d5676) params={'model_size_mb': '3.5347', 'n_model_params': '268060', 'name': 'seanet_classwise'}
    [mlflow] logged run 'seanet_classwise_PowerCons'  (train_acc=1.0000 val_acc=1.0000 test_acc=0.9611 test_loss=0.1465)
[122/129] PowerCons                    DONE  acc=0.9611 loss=0.1465 AOPCR=  0.226 NDCG=  n/a C=  2 T=  144 (13s)  [122 trained / 0 failed so far]
[123/129] Rock
    stage 1/3: loading data ...
    stage 2/3: training on 20 series (no val (train-loss early stop), C=4, T=2844, batch=2) ...
    stage 3/3: scoring on 50 test series (accuracy + AOPCR) ...
    [mlflow] versioned model 'mstcn_sep_classwise_conjunctive' (id=m-8bee32a4ff1248b5b06db92083bf2f54) params={'model_size_mb': '3.5358', 'n_model_params': '268336', 'name': 'seanet_classwise'}
    [mlflow] logged run 'seanet_classwise_Rock'  (train_acc=1.0000 test_acc=0.8000 test_loss=0.6051)
[123/129] Rock                         DONE  acc=0.8000 loss=0.6051 AOPCR=  1.304 NDCG=  n/a C=  4 T= 2844 (37s)  [123 trained / 0 failed so far]
[124/129] SemgHandGenderCh2
    stage 1/3: loading data ...
    stage 2/3: training on 240 series (val=60, C=2, T=1500, batch=16) ...
    stage 3/3: scoring on 600 test series (accuracy + AOPCR) ...
    [mlflow] versioned model 'mstcn_sep_classwise_conjunctive' (id=m-95416239c8f54f05b13b5a4b12e6611c) params={'model_size_mb': '3.5347', 'n_model_params': '268060', 'name': 'seanet_classwise'}
    [mlflow] logged run 'seanet_classwise_SemgHandGenderCh2'  (train_acc=1.0000 val_acc=0.9167 test_acc=0.9483 test_loss=0.2218)
[124/129] SemgHandGenderCh2            DONE  acc=0.9483 loss=0.2218 AOPCR=  0.953 NDCG=  n/a C=  2 T= 1500 (103s)  [124 trained / 0 failed so far]
[125/129] SemgHandMovementCh2
    stage 1/3: loading data ...
    stage 2/3: training on 360 series (val=90, C=6, T=1500, batch=16) ...
    stage 3/3: scoring on 450 test series (accuracy + AOPCR) ...
    [mlflow] versioned model 'mstcn_sep_classwise_conjunctive' (id=m-d88e44f78dcf48b9b913a884017d1b3a) params={'model_size_mb': '3.5368', 'n_model_params': '268612', 'name': 'seanet_classwise'}
    [mlflow] logged run 'seanet_classwise_SemgHandMovementCh2'  (train_acc=1.0000 val_acc=0.8000 test_acc=0.7178 test_loss=0.8367)
[125/129] SemgHandMovementCh2          DONE  acc=0.7178 loss=0.8367 AOPCR=  0.692 NDCG=  n/a C=  6 T= 1500 (150s)  [125 trained / 0 failed so far]
[126/129] SemgHandSubjectCh2
    stage 1/3: loading data ...
    stage 2/3: training on 360 series (val=90, C=5, T=1500, batch=16) ...
    stage 3/3: scoring on 450 test series (accuracy + AOPCR) ...
    [mlflow] versioned model 'mstcn_sep_classwise_conjunctive' (id=m-376337d234284c079cf0751224463bbe) params={'model_size_mb': '3.5362', 'n_model_params': '268474', 'name': 'seanet_classwise'}
    [mlflow] logged run 'seanet_classwise_SemgHandSubjectCh2'  (train_acc=0.9972 val_acc=0.9333 test_acc=0.8800 test_loss=0.3791)
[126/129] SemgHandSubjectCh2           DONE  acc=0.8800 loss=0.3791 AOPCR=  1.222 NDCG=  n/a C=  5 T= 1500 (66s)  [126 trained / 0 failed so far]
[127/129] ShakeGestureWiimoteZ
    stage 1/3: loading data ...
    stage 2/3: training on 50 series (no val (train-loss early stop), C=10, T=385, batch=5) ...
    stage 3/3: scoring on 50 test series (accuracy + AOPCR) ...
    [mlflow] versioned model 'mstcn_sep_classwise_conjunctive' (id=m-144af97189fd4d4d9be80dd55c519f7c) params={'model_size_mb': '3.5389', 'n_model_params': '269164', 'name': 'seanet_classwise'}
    [mlflow] logged run 'seanet_classwise_ShakeGestureWiimoteZ'  (train_acc=1.0000 test_acc=0.9600 test_loss=0.4093)
[127/129] ShakeGestureWiimoteZ         DONE  acc=0.9600 loss=0.4093 AOPCR=  0.874 NDCG=  n/a C= 10 T=  385 (49s)  [127 trained / 0 failed so far]
[128/129] SmoothSubspace
    stage 1/3: loading data ...
    stage 2/3: training on 120 series (val=30, C=3, T=15, batch=12) ...
    stage 3/3: scoring on 150 test series (accuracy + AOPCR) ...
    [mlflow] versioned model 'mstcn_sep_classwise_conjunctive' (id=m-77f39b9e7db04f2683fdbb4c525c8c24) params={'model_size_mb': '3.5352', 'n_model_params': '268198', 'name': 'seanet_classwise'}
    [mlflow] logged run 'seanet_classwise_SmoothSubspace'  (train_acc=1.0000 val_acc=1.0000 test_acc=0.9867 test_loss=0.1230)
[128/129] SmoothSubspace               DONE  acc=0.9867 loss=0.1230 AOPCR=  0.241 NDCG=  n/a C=  3 T=   15 (20s)  [128 trained / 0 failed so far]
[129/129] UMD
    stage 1/3: loading data ...
    stage 2/3: training on 36 series (no val (train-loss early stop), C=3, T=150, batch=3) ...
    stage 3/3: scoring on 144 test series (accuracy + AOPCR) ...
    [mlflow] versioned model 'mstcn_sep_classwise_conjunctive' (id=m-72c57728d9e44247b553a2db3dc87b33) params={'model_size_mb': '3.5352', 'n_model_params': '268198', 'name': 'seanet_classwise'}
    [mlflow] logged run 'seanet_classwise_UMD'  (train_acc=1.0000 test_acc=0.9931 test_loss=0.1144)
[129/129] UMD                          DONE  acc=0.9931 loss=0.1144 AOPCR=  0.656 NDCG=  n/a C=  3 T=  150 (25s)  [129 trained / 0 failed so far]

Done: 129 trained, 0 skipped, 0 failed.
Results -> results/SEA_NET/mstcn_sep_classwise_conjunctive/results.csv

=== mstcn_sep_classwise_conjunctive vs MILLET ConjunctiveInceptionTime (mean of 5 reps) ===
  UCR datasets evaluated: 128  (with MILLET baseline: 85, without: 43)
  metric        ours    MILLET   win/tie/loss   (mean over the 85 datasets MILLET published)
  acc         0.8262    0.8445       26/20/39   
  loss        0.5170    1.2241        60/1/24   (lower is better)
  aopcr       0.5111    4.5532         3/0/82   
  wrote results/SEA_NET/mstcn_sep_classwise_conjunctive/comparison_vs_millet.csv

Next: `python main.py report` to draw the figures for mstcn_sep_classwise_conjunctive.

[log] finished; full output saved to results/SEA_NET/mstcn_sep_classwise_conjunctive/logs/train_2026-07-19_05-03-15.log
