[log] command 'train' started at 2026-07-25_03-51-52 for model 'seanet_gated_last_gatedattn__mstcn_sep_gated_gated_attention'
[log] a copy of everything below is being saved to: results/SEA_NET/seanet_gated_last_gatedattn__mstcn_sep_gated_gated_attention/logs/train_2026-07-25_03-51-52.log

=== train: model=seanet_gated_last_gatedattn__mstcn_sep_gated_gated_attention (config sv5/seanet_gated_last_gatedattn) device=cuda mode=full datasets=129 ===
[params] using DEFAULT recipe (no Optuna record yet - run 'python main.py optuna --model sv5/seanet_gated_last_gatedattn').
  results  -> results/SEA_NET/seanet_gated_last_gatedattn__mstcn_sep_gated_gated_attention/results.csv
  resume   -> results/SEA_NET/seanet_gated_last_gatedattn__mstcn_sep_gated_gated_attention/done_train_dataset.txt  (delete it to retrain everything; delete one line to retrain that dataset)

  [mlflow] logging runs to experiment 'SEA-Net_seanet_gated_last_gatedattn__mstcn_sep_gated_gated_attention_2026-07-25' at sqlite:///mlflow.db
  [mlflow] browse later with:  mlflow ui --backend-store-uri sqlite:///mlflow.db
[  1/129] WebTraffic                   already done -> skip
[  2/129] Adiac
    stage 1/3: loading data ...
    stage 2/3: training on 328 series (val=62, C=37, T=176, batch=16) ...
    stage 3/3: scoring on 391 test series (accuracy + AOPCR) ...
    [mlflow] versioned model 'seanet_gated_last_gatedattn__mstcn_sep_gated_gated_attention' (id=m-63ecd05ca5ff460c9322b8111abbe601) params={'model_size_mb': '1.5125', 'n_model_params': '64258', 'name': 'seanet_gated_last_gatedattn'}
    [mlflow] logged run 'seanet_gated_last_gatedattn_Adiac'  (train_acc=0.9207 val_acc=0.7742 test_acc=0.7852 test_loss=0.7783)
[  2/129] Adiac                        DONE  acc=0.7852 loss=0.7783 AOPCR=  0.632 NDCG=  n/a C= 37 T=  176 (23s)  [1 trained / 0 failed so far]
[  3/129] ArrowHead
    stage 1/3: loading data ...
    stage 2/3: training on 36 series (no val (train-loss early stop), C=3, T=251, batch=3) ...
    stage 3/3: scoring on 175 test series (accuracy + AOPCR) ...
    [mlflow] versioned model 'seanet_gated_last_gatedattn__mstcn_sep_gated_gated_attention' (id=m-aa5474dc8dcf4b65a54b6145a304f1dd) params={'model_size_mb': '1.503', 'n_model_params': '61742', 'name': 'seanet_gated_last_gatedattn'}
    [mlflow] logged run 'seanet_gated_last_gatedattn_ArrowHead'  (train_acc=1.0000 test_acc=0.7771 test_loss=0.5595)
[  3/129] ArrowHead                    DONE  acc=0.7771 loss=0.5595 AOPCR=  0.456 NDCG=  n/a C=  3 T=  251 (31s)  [2 trained / 0 failed so far]
[  4/129] Beef
    stage 1/3: loading data ...
    stage 2/3: training on 30 series (no val (train-loss early stop), C=5, T=470, batch=3) ...
    stage 3/3: scoring on 30 test series (accuracy + AOPCR) ...
    [mlflow] versioned model 'seanet_gated_last_gatedattn__mstcn_sep_gated_gated_attention' (id=m-c2b4f81669e04ecfb186f67450580868) params={'model_size_mb': '1.5035', 'n_model_params': '61890', 'name': 'seanet_gated_last_gatedattn'}
    [mlflow] logged run 'seanet_gated_last_gatedattn_Beef'  (train_acc=1.0000 test_acc=0.8000 test_loss=0.6374)
[  4/129] Beef                         DONE  acc=0.8000 loss=0.6374 AOPCR=  0.675 NDCG=  n/a C=  5 T=  470 (25s)  [3 trained / 0 failed so far]
[  5/129] BeetleFly
    stage 1/3: loading data ...
    stage 2/3: training on 20 series (no val (train-loss early stop), C=2, T=512, batch=2) ...
    stage 3/3: scoring on 20 test series (accuracy + AOPCR) ...
    [mlflow] versioned model 'seanet_gated_last_gatedattn__mstcn_sep_gated_gated_attention' (id=m-52eb4f1c8cf94ec59ca96a625b673133) params={'model_size_mb': '1.5027', 'n_model_params': '61668', 'name': 'seanet_gated_last_gatedattn'}
    [mlflow] logged run 'seanet_gated_last_gatedattn_BeetleFly'  (train_acc=1.0000 test_acc=0.6500 test_loss=0.6023)
[  5/129] BeetleFly                    DONE  acc=0.6500 loss=0.6023 AOPCR=  0.193 NDCG=  n/a C=  2 T=  512 (12s)  [4 trained / 0 failed so far]
[  6/129] BirdChicken
    stage 1/3: loading data ...
    stage 2/3: training on 20 series (no val (train-loss early stop), C=2, T=512, batch=2) ...
    stage 3/3: scoring on 20 test series (accuracy + AOPCR) ...
    [mlflow] versioned model 'seanet_gated_last_gatedattn__mstcn_sep_gated_gated_attention' (id=m-8fd7ea8eec104fa19afa93b9063f16a3) params={'model_size_mb': '1.5027', 'n_model_params': '61668', 'name': 'seanet_gated_last_gatedattn'}
    [mlflow] logged run 'seanet_gated_last_gatedattn_BirdChicken'  (train_acc=1.0000 test_acc=0.9000 test_loss=0.2928)
[  6/129] BirdChicken                  DONE  acc=0.9000 loss=0.2928 AOPCR=  0.789 NDCG=  n/a C=  2 T=  512 (14s)  [5 trained / 0 failed so far]
[  7/129] Car
    stage 1/3: loading data ...
    stage 2/3: training on 60 series (no val (train-loss early stop), C=4, T=577, batch=6) ...
    stage 3/3: scoring on 60 test series (accuracy + AOPCR) ...
    [mlflow] versioned model 'seanet_gated_last_gatedattn__mstcn_sep_gated_gated_attention' (id=m-439702369b634595b0a09eab1a838985) params={'model_size_mb': '1.5033', 'n_model_params': '61816', 'name': 'seanet_gated_last_gatedattn'}
    [mlflow] logged run 'seanet_gated_last_gatedattn_Car'  (train_acc=1.0000 test_acc=0.8833 test_loss=0.3884)
[  7/129] Car                          DONE  acc=0.8833 loss=0.3884 AOPCR=  1.444 NDCG=  n/a C=  4 T=  577 (20s)  [6 trained / 0 failed so far]
[  8/129] CBF
    stage 1/3: loading data ...
    stage 2/3: training on 30 series (no val (train-loss early stop), C=3, T=128, batch=3) ...
    stage 3/3: scoring on 900 test series (accuracy + AOPCR) ...
    [mlflow] versioned model 'seanet_gated_last_gatedattn__mstcn_sep_gated_gated_attention' (id=m-345bb59b7cc0414980ab84fd8c2c57c1) params={'model_size_mb': '1.503', 'n_model_params': '61742', 'name': 'seanet_gated_last_gatedattn'}
    [mlflow] logged run 'seanet_gated_last_gatedattn_CBF'  (train_acc=1.0000 test_acc=0.9989 test_loss=0.1239)
[  8/129] CBF                          DONE  acc=0.9989 loss=0.1239 AOPCR=  0.294 NDCG=  n/a C=  3 T=  128 (11s)  [7 trained / 0 failed so far]
[  9/129] ChlorineConcentration
    stage 1/3: loading data ...
    stage 2/3: training on 375 series (val=92, C=3, T=166, batch=16) ...
    stage 3/3: scoring on 3840 test series (accuracy + AOPCR) ...
    [mlflow] versioned model 'seanet_gated_last_gatedattn__mstcn_sep_gated_gated_attention' (id=m-0012d8ed441f44949bcb3f79d625f228) params={'model_size_mb': '1.503', 'n_model_params': '61742', 'name': 'seanet_gated_last_gatedattn'}
    [mlflow] logged run 'seanet_gated_last_gatedattn_ChlorineConcentration'  (train_acc=0.9147 val_acc=0.7500 test_acc=0.7195 test_loss=0.7159)
[  9/129] ChlorineConcentration        DONE  acc=0.7195 loss=0.7159 AOPCR=  0.060 NDCG=  n/a C=  3 T=  166 (43s)  [8 trained / 0 failed so far]
[ 10/129] CinCECGTorso
    stage 1/3: loading data ...
    stage 2/3: training on 40 series (no val (train-loss early stop), C=4, T=1639, batch=4) ...
    stage 3/3: scoring on 1380 test series (accuracy + AOPCR) ...
    [mlflow] versioned model 'seanet_gated_last_gatedattn__mstcn_sep_gated_gated_attention' (id=m-65773a512d844f03b308bc0008275fe3) params={'model_size_mb': '1.5033', 'n_model_params': '61816', 'name': 'seanet_gated_last_gatedattn'}
    [mlflow] logged run 'seanet_gated_last_gatedattn_CinCECGTorso'  (train_acc=1.0000 test_acc=0.7551 test_loss=0.6919)
[ 10/129] CinCECGTorso                 DONE  acc=0.7551 loss=0.6919 AOPCR=  0.780 NDCG=  n/a C=  4 T= 1639 (17s)  [9 trained / 0 failed so far]
[ 11/129] Coffee
    stage 1/3: loading data ...
    stage 2/3: training on 28 series (no val (train-loss early stop), C=2, T=286, batch=2) ...
    stage 3/3: scoring on 28 test series (accuracy + AOPCR) ...
    [mlflow] versioned model 'seanet_gated_last_gatedattn__mstcn_sep_gated_gated_attention' (id=m-7fa1b0df31ff476989ef92bfd5db0a38) params={'model_size_mb': '1.5027', 'n_model_params': '61668', 'name': 'seanet_gated_last_gatedattn'}
    [mlflow] logged run 'seanet_gated_last_gatedattn_Coffee'  (train_acc=1.0000 test_acc=1.0000 test_loss=0.0699)
[ 11/129] Coffee                       DONE  acc=1.0000 loss=0.0699 AOPCR= -0.379 NDCG=  n/a C=  2 T=  286 (16s)  [10 trained / 0 failed so far]
[ 12/129] Computers
    stage 1/3: loading data ...
    stage 2/3: training on 200 series (val=50, C=2, T=720, batch=16) ...
    stage 3/3: scoring on 250 test series (accuracy + AOPCR) ...
    [mlflow] versioned model 'seanet_gated_last_gatedattn__mstcn_sep_gated_gated_attention' (id=m-16956120dea844efaed42a753845c7a4) params={'model_size_mb': '1.5027', 'n_model_params': '61668', 'name': 'seanet_gated_last_gatedattn'}
    [mlflow] logged run 'seanet_gated_last_gatedattn_Computers'  (train_acc=0.9700 val_acc=0.7400 test_acc=0.6880 test_loss=0.6811)
[ 12/129] Computers                    DONE  acc=0.6880 loss=0.6811 AOPCR=  0.263 NDCG=  n/a C=  2 T=  720 (7s)  [11 trained / 0 failed so far]
[ 13/129] CricketX
    stage 1/3: loading data ...
    stage 2/3: training on 317 series (val=73, C=12, T=300, batch=16) ...
    stage 3/3: scoring on 390 test series (accuracy + AOPCR) ...
    [mlflow] versioned model 'seanet_gated_last_gatedattn__mstcn_sep_gated_gated_attention' (id=m-2d828e07415a46c09e8fa48a96f19785) params={'model_size_mb': '1.5055', 'n_model_params': '62408', 'name': 'seanet_gated_last_gatedattn'}
    [mlflow] logged run 'seanet_gated_last_gatedattn_CricketX'  (train_acc=0.9779 val_acc=0.8082 test_acc=0.8205 test_loss=0.6134)
[ 13/129] CricketX                     DONE  acc=0.8205 loss=0.6134 AOPCR=  1.877 NDCG=  n/a C= 12 T=  300 (12s)  [12 trained / 0 failed so far]
[ 14/129] CricketY
    stage 1/3: loading data ...
    stage 2/3: training on 317 series (val=73, C=12, T=300, batch=16) ...
    stage 3/3: scoring on 390 test series (accuracy + AOPCR) ...
    [mlflow] versioned model 'seanet_gated_last_gatedattn__mstcn_sep_gated_gated_attention' (id=m-032d67e5d9c442a4ba9e90a40305ff15) params={'model_size_mb': '1.5055', 'n_model_params': '62408', 'name': 'seanet_gated_last_gatedattn'}
    [mlflow] logged run 'seanet_gated_last_gatedattn_CricketY'  (train_acc=1.0000 val_acc=0.8904 test_acc=0.8641 test_loss=0.5758)
[ 14/129] CricketY                     DONE  acc=0.8641 loss=0.5758 AOPCR=  1.463 NDCG=  n/a C= 12 T=  300 (42s)  [13 trained / 0 failed so far]
[ 15/129] CricketZ
    stage 1/3: loading data ...
    stage 2/3: training on 316 series (val=74, C=12, T=300, batch=16) ...
    stage 3/3: scoring on 390 test series (accuracy + AOPCR) ...
    [mlflow] versioned model 'seanet_gated_last_gatedattn__mstcn_sep_gated_gated_attention' (id=m-7df66dbda1b84438b0136eb63d936ddc) params={'model_size_mb': '1.5055', 'n_model_params': '62408', 'name': 'seanet_gated_last_gatedattn'}
    [mlflow] logged run 'seanet_gated_last_gatedattn_CricketZ'  (train_acc=1.0000 val_acc=0.9054 test_acc=0.8308 test_loss=0.6173)
[ 15/129] CricketZ                     DONE  acc=0.8308 loss=0.6173 AOPCR=  1.394 NDCG=  n/a C= 12 T=  300 (31s)  [14 trained / 0 failed so far]
[ 16/129] DiatomSizeReduction
    stage 1/3: loading data ...
    stage 2/3: training on 16 series (no val (train-loss early stop), C=4, T=345, batch=2) ...
    stage 3/3: scoring on 306 test series (accuracy + AOPCR) ...
    [mlflow] versioned model 'seanet_gated_last_gatedattn__mstcn_sep_gated_gated_attention' (id=m-446a244f50ad481eb1f7c432b89ef4fe) params={'model_size_mb': '1.5033', 'n_model_params': '61816', 'name': 'seanet_gated_last_gatedattn'}
    [mlflow] logged run 'seanet_gated_last_gatedattn_DiatomSizeReduction'  (train_acc=1.0000 test_acc=0.9869 test_loss=0.1369)
[ 16/129] DiatomSizeReduction          DONE  acc=0.9869 loss=0.1369 AOPCR= -0.219 NDCG=  n/a C=  4 T=  345 (22s)  [15 trained / 0 failed so far]
[ 17/129] DistalPhalanxOutlineAgeGroup
    stage 1/3: loading data ...
    stage 2/3: training on 321 series (val=79, C=3, T=80, batch=16) ...
    stage 3/3: scoring on 139 test series (accuracy + AOPCR) ...
    [mlflow] versioned model 'seanet_gated_last_gatedattn__mstcn_sep_gated_gated_attention' (id=m-11d072df40c94284b4ed375921f228e5) params={'model_size_mb': '1.503', 'n_model_params': '61742', 'name': 'seanet_gated_last_gatedattn'}
    [mlflow] logged run 'seanet_gated_last_gatedattn_DistalPhalanxOutlineAgeGroup'  (train_acc=0.8754 val_acc=0.8354 test_acc=0.7626 test_loss=0.5387)
[ 17/129] DistalPhalanxOutlineAgeGroup DONE  acc=0.7626 loss=0.5387 AOPCR= -0.118 NDCG=  n/a C=  3 T=   80 (19s)  [16 trained / 0 failed so far]
[ 18/129] DistalPhalanxOutlineCorrect
    stage 1/3: loading data ...
    stage 2/3: training on 481 series (val=119, C=2, T=80, batch=16) ...
    stage 3/3: scoring on 276 test series (accuracy + AOPCR) ...
    [mlflow] versioned model 'seanet_gated_last_gatedattn__mstcn_sep_gated_gated_attention' (id=m-b8d7bd5d8a4f4a0182739bc3a88a66e4) params={'model_size_mb': '1.5027', 'n_model_params': '61668', 'name': 'seanet_gated_last_gatedattn'}
    [mlflow] logged run 'seanet_gated_last_gatedattn_DistalPhalanxOutlineCorrect'  (train_acc=0.9501 val_acc=0.8403 test_acc=0.7536 test_loss=0.5238)
[ 18/129] DistalPhalanxOutlineCorrect  DONE  acc=0.7536 loss=0.5238 AOPCR= -0.191 NDCG=  n/a C=  2 T=   80 (30s)  [17 trained / 0 failed so far]
[ 19/129] DistalPhalanxTW
    stage 1/3: loading data ...
    stage 2/3: training on 323 series (val=77, C=6, T=80, batch=16) ...
    stage 3/3: scoring on 139 test series (accuracy + AOPCR) ...
    [mlflow] versioned model 'seanet_gated_last_gatedattn__mstcn_sep_gated_gated_attention' (id=m-34674bbdba5b4d2eab0028f120b7ae61) params={'model_size_mb': '1.5038', 'n_model_params': '61964', 'name': 'seanet_gated_last_gatedattn'}
    [mlflow] logged run 'seanet_gated_last_gatedattn_DistalPhalanxTW'  (train_acc=0.8885 val_acc=0.8831 test_acc=0.6763 test_loss=0.8399)
[ 19/129] DistalPhalanxTW              DONE  acc=0.6763 loss=0.8399 AOPCR=  0.496 NDCG=  n/a C=  6 T=   80 (20s)  [18 trained / 0 failed so far]
[ 20/129] Earthquakes
    stage 1/3: loading data ...
    stage 2/3: training on 259 series (val=63, C=2, T=512, batch=16) ...
    stage 3/3: scoring on 139 test series (accuracy + AOPCR) ...
    [mlflow] versioned model 'seanet_gated_last_gatedattn__mstcn_sep_gated_gated_attention' (id=m-6a283ee146e44d76bb31c574bbd20145) params={'model_size_mb': '1.5027', 'n_model_params': '61668', 'name': 'seanet_gated_last_gatedattn'}
    [mlflow] logged run 'seanet_gated_last_gatedattn_Earthquakes'  (train_acc=1.0000 val_acc=0.8254 test_acc=0.7050 test_loss=0.5639)
[ 20/129] Earthquakes                  DONE  acc=0.7050 loss=0.5639 AOPCR=  0.143 NDCG=  n/a C=  2 T=  512 (10s)  [19 trained / 0 failed so far]
[ 21/129] ECG200
    stage 1/3: loading data ...
    stage 2/3: training on 81 series (val=19, C=2, T=96, batch=8) ...
    stage 3/3: scoring on 100 test series (accuracy + AOPCR) ...
    [mlflow] versioned model 'seanet_gated_last_gatedattn__mstcn_sep_gated_gated_attention' (id=m-5292a86d3216469c8c38557d5478d1f8) params={'model_size_mb': '1.5027', 'n_model_params': '61668', 'name': 'seanet_gated_last_gatedattn'}
    [mlflow] logged run 'seanet_gated_last_gatedattn_ECG200'  (train_acc=0.9506 val_acc=0.7368 test_acc=0.8700 test_loss=0.3178)
[ 21/129] ECG200                       DONE  acc=0.8700 loss=0.3178 AOPCR= -0.120 NDCG=  n/a C=  2 T=   96 (6s)  [20 trained / 0 failed so far]
[ 22/129] ECG5000
    stage 1/3: loading data ...
    stage 2/3: training on 401 series (val=99, C=5, T=140, batch=16) ...
    stage 3/3: scoring on 4500 test series (accuracy + AOPCR) ...
    [mlflow] versioned model 'seanet_gated_last_gatedattn__mstcn_sep_gated_gated_attention' (id=m-8c1c70520457458ea254ffa174b34388) params={'model_size_mb': '1.5035', 'n_model_params': '61890', 'name': 'seanet_gated_last_gatedattn'}
    [mlflow] logged run 'seanet_gated_last_gatedattn_ECG5000'  (train_acc=0.9875 val_acc=0.9495 test_acc=0.9391 test_loss=0.2969)
[ 22/129] ECG5000                      DONE  acc=0.9391 loss=0.2969 AOPCR=  0.359 NDCG=  n/a C=  5 T=  140 (26s)  [21 trained / 0 failed so far]
[ 23/129] ECGFiveDays
    stage 1/3: loading data ...
    stage 2/3: training on 23 series (no val (train-loss early stop), C=2, T=136, batch=2) ...
    stage 3/3: scoring on 861 test series (accuracy + AOPCR) ...
    [mlflow] versioned model 'seanet_gated_last_gatedattn__mstcn_sep_gated_gated_attention' (id=m-c5bcbc485f2f418f8f6c1c5e056b1a44) params={'model_size_mb': '1.5027', 'n_model_params': '61668', 'name': 'seanet_gated_last_gatedattn'}
    [mlflow] logged run 'seanet_gated_last_gatedattn_ECGFiveDays'  (train_acc=1.0000 test_acc=0.9988 test_loss=0.0762)
[ 23/129] ECGFiveDays                  DONE  acc=0.9988 loss=0.0762 AOPCR=  0.113 NDCG=  n/a C=  2 T=  136 (12s)  [22 trained / 0 failed so far]
[ 24/129] ElectricDevices
    stage 1/3: loading data ...
    stage 2/3: training on 7144 series (val=1782, C=7, T=96, batch=16) ...
    stage 3/3: scoring on 7711 test series (accuracy + AOPCR) ...
    [mlflow] versioned model 'seanet_gated_last_gatedattn__mstcn_sep_gated_gated_attention' (id=m-b697d27506c842809523127a9e9088b2) params={'model_size_mb': '1.5041', 'n_model_params': '62038', 'name': 'seanet_gated_last_gatedattn'}
    [mlflow] logged run 'seanet_gated_last_gatedattn_ElectricDevices'  (train_acc=0.9485 val_acc=0.8962 test_acc=0.7083 test_loss=0.9597)
[ 24/129] ElectricDevices              DONE  acc=0.7083 loss=0.9597 AOPCR=  0.552 NDCG=  n/a C=  7 T=   96 (393s)  [23 trained / 0 failed so far]
[ 25/129] FaceAll
    stage 1/3: loading data ...
    stage 2/3: training on 448 series (val=112, C=14, T=131, batch=16) ...
    stage 3/3: scoring on 1690 test series (accuracy + AOPCR) ...
    [mlflow] versioned model 'seanet_gated_last_gatedattn__mstcn_sep_gated_gated_attention' (id=m-9f3ee16d27d54fbbbe0927918ef6f87d) params={'model_size_mb': '1.506', 'n_model_params': '62556', 'name': 'seanet_gated_last_gatedattn'}
    [mlflow] logged run 'seanet_gated_last_gatedattn_FaceAll'  (train_acc=1.0000 val_acc=0.9911 test_acc=0.8130 test_loss=0.7637)
[ 25/129] FaceAll                      DONE  acc=0.8130 loss=0.7637 AOPCR=  0.285 NDCG=  n/a C= 14 T=  131 (53s)  [24 trained / 0 failed so far]
[ 26/129] FaceFour
    stage 1/3: loading data ...
    stage 2/3: training on 24 series (no val (train-loss early stop), C=4, T=350, batch=2) ...
    stage 3/3: scoring on 88 test series (accuracy + AOPCR) ...
    [mlflow] versioned model 'seanet_gated_last_gatedattn__mstcn_sep_gated_gated_attention' (id=m-8ea96eb2ab1b48139345be2b9ca7b360) params={'model_size_mb': '1.5033', 'n_model_params': '61816', 'name': 'seanet_gated_last_gatedattn'}
    [mlflow] logged run 'seanet_gated_last_gatedattn_FaceFour'  (train_acc=1.0000 test_acc=0.7045 test_loss=0.7352)
[ 26/129] FaceFour                     DONE  acc=0.7045 loss=0.7352 AOPCR=  0.048 NDCG=  n/a C=  4 T=  350 (18s)  [25 trained / 0 failed so far]
[ 27/129] FacesUCR
    stage 1/3: loading data ...
    stage 2/3: training on 165 series (val=35, C=14, T=131, batch=16) ...
    stage 3/3: scoring on 2050 test series (accuracy + AOPCR) ...
    [mlflow] versioned model 'seanet_gated_last_gatedattn__mstcn_sep_gated_gated_attention' (id=m-a628a9c011e743a687f22ca06fc0df35) params={'model_size_mb': '1.506', 'n_model_params': '62556', 'name': 'seanet_gated_last_gatedattn'}
    [mlflow] logged run 'seanet_gated_last_gatedattn_FacesUCR'  (train_acc=1.0000 val_acc=0.9714 test_acc=0.9512 test_loss=0.2826)
[ 27/129] FacesUCR                     DONE  acc=0.9512 loss=0.2826 AOPCR=  0.436 NDCG=  n/a C= 14 T=  131 (21s)  [26 trained / 0 failed so far]
[ 28/129] FiftyWords
    stage 1/3: loading data ...
    stage 2/3: training on 365 series (val=85, C=50, T=270, batch=16) ...
    stage 3/3: scoring on 455 test series (accuracy + AOPCR) ...
    [mlflow] versioned model 'seanet_gated_last_gatedattn__mstcn_sep_gated_gated_attention' (id=m-38801b2d1b214c7a9ff2983ace4ad513) params={'model_size_mb': '1.5163', 'n_model_params': '65220', 'name': 'seanet_gated_last_gatedattn'}
    [mlflow] logged run 'seanet_gated_last_gatedattn_FiftyWords'  (train_acc=1.0000 val_acc=0.7529 test_acc=0.7934 test_loss=0.9004)
[ 28/129] FiftyWords                   DONE  acc=0.7934 loss=0.9004 AOPCR=  1.109 NDCG=  n/a C= 50 T=  270 (44s)  [27 trained / 0 failed so far]
[ 29/129] Fish
    stage 1/3: loading data ...
    stage 2/3: training on 142 series (val=33, C=7, T=463, batch=14) ...
    stage 3/3: scoring on 175 test series (accuracy + AOPCR) ...
    [mlflow] versioned model 'seanet_gated_last_gatedattn__mstcn_sep_gated_gated_attention' (id=m-9d67a359475843f6b1d4acff9648f554) params={'model_size_mb': '1.5041', 'n_model_params': '62038', 'name': 'seanet_gated_last_gatedattn'}
    [mlflow] logged run 'seanet_gated_last_gatedattn_Fish'  (train_acc=1.0000 val_acc=0.9697 test_acc=0.9600 test_loss=0.1978)
[ 29/129] Fish                         DONE  acc=0.9600 loss=0.1978 AOPCR=  0.939 NDCG=  n/a C=  7 T=  463 (25s)  [28 trained / 0 failed so far]
[ 30/129] FordA
    stage 1/3: loading data ...
    stage 2/3: training on 2881 series (val=720, C=2, T=500, batch=16) ...
    stage 3/3: scoring on 1320 test series (accuracy + AOPCR) ...
    [mlflow] versioned model 'seanet_gated_last_gatedattn__mstcn_sep_gated_gated_attention' (id=m-4c46231be4a44a1fbe90a4cd8db972fb) params={'model_size_mb': '1.5027', 'n_model_params': '61668', 'name': 'seanet_gated_last_gatedattn'}
    [mlflow] logged run 'seanet_gated_last_gatedattn_FordA'  (train_acc=0.9837 val_acc=0.9681 test_acc=0.9545 test_loss=0.1593)
[ 30/129] FordA                        DONE  acc=0.9545 loss=0.1593 AOPCR=  0.327 NDCG=  n/a C=  2 T=  500 (117s)  [29 trained / 0 failed so far]
[ 31/129] FordB
    stage 1/3: loading data ...
    stage 2/3: training on 2909 series (val=727, C=2, T=500, batch=16) ...
    stage 3/3: scoring on 810 test series (accuracy + AOPCR) ...
    [mlflow] versioned model 'seanet_gated_last_gatedattn__mstcn_sep_gated_gated_attention' (id=m-c5f73f7a5d794b2f848856ad938743ee) params={'model_size_mb': '1.5027', 'n_model_params': '61668', 'name': 'seanet_gated_last_gatedattn'}
    [mlflow] logged run 'seanet_gated_last_gatedattn_FordB'  (train_acc=0.9948 val_acc=0.9574 test_acc=0.8358 test_loss=0.3988)
[ 31/129] FordB                        DONE  acc=0.8358 loss=0.3988 AOPCR=  0.270 NDCG=  n/a C=  2 T=  500 (132s)  [30 trained / 0 failed so far]
[ 32/129] GunPoint
    stage 1/3: loading data ...
    stage 2/3: training on 50 series (no val (train-loss early stop), C=2, T=150, batch=5) ...
    stage 3/3: scoring on 150 test series (accuracy + AOPCR) ...
    [mlflow] versioned model 'seanet_gated_last_gatedattn__mstcn_sep_gated_gated_attention' (id=m-ae261b4610c3483986adf37e44278102) params={'model_size_mb': '1.5027', 'n_model_params': '61668', 'name': 'seanet_gated_last_gatedattn'}
    [mlflow] logged run 'seanet_gated_last_gatedattn_GunPoint'  (train_acc=1.0000 test_acc=0.9933 test_loss=0.0850)
[ 32/129] GunPoint                     DONE  acc=0.9933 loss=0.0850 AOPCR=  0.243 NDCG=  n/a C=  2 T=  150 (23s)  [31 trained / 0 failed so far]
[ 33/129] Ham
    stage 1/3: loading data ...
    stage 2/3: training on 88 series (val=21, C=2, T=431, batch=8) ...
    stage 3/3: scoring on 105 test series (accuracy + AOPCR) ...
    [mlflow] versioned model 'seanet_gated_last_gatedattn__mstcn_sep_gated_gated_attention' (id=m-9ad894b235c04fee85bae109f52ccfe4) params={'model_size_mb': '1.5027', 'n_model_params': '61668', 'name': 'seanet_gated_last_gatedattn'}
    [mlflow] logged run 'seanet_gated_last_gatedattn_Ham'  (train_acc=0.8750 val_acc=0.9048 test_acc=0.7810 test_loss=0.4663)
[ 33/129] Ham                          DONE  acc=0.7810 loss=0.4663 AOPCR=  0.406 NDCG=  n/a C=  2 T=  431 (5s)  [32 trained / 0 failed so far]
[ 34/129] HandOutlines
    stage 1/3: loading data ...
    stage 2/3: training on 801 series (val=199, C=2, T=2709, batch=16) ...
    stage 3/3: scoring on 370 test series (accuracy + AOPCR) ...
    [mlflow] versioned model 'seanet_gated_last_gatedattn__mstcn_sep_gated_gated_attention' (id=m-8b910dedafc44940aa6b6b189d9816e3) params={'model_size_mb': '1.5027', 'n_model_params': '61668', 'name': 'seanet_gated_last_gatedattn'}
    [mlflow] logged run 'seanet_gated_last_gatedattn_HandOutlines'  (train_acc=0.9164 val_acc=0.8744 test_acc=0.9054 test_loss=0.2824)
[ 34/129] HandOutlines                 DONE  acc=0.9054 loss=0.2824 AOPCR= -0.138 NDCG=  n/a C=  2 T= 2709 (46s)  [33 trained / 0 failed so far]
[ 35/129] Haptics
    stage 1/3: loading data ...
    stage 2/3: training on 127 series (val=28, C=5, T=1092, batch=12) ...
    stage 3/3: scoring on 308 test series (accuracy + AOPCR) ...
    [mlflow] versioned model 'seanet_gated_last_gatedattn__mstcn_sep_gated_gated_attention' (id=m-a2a1f774deec4809b3d93c7ce92d9215) params={'model_size_mb': '1.5035', 'n_model_params': '61890', 'name': 'seanet_gated_last_gatedattn'}
    [mlflow] logged run 'seanet_gated_last_gatedattn_Haptics'  (train_acc=0.8110 val_acc=0.6786 test_acc=0.4805 test_loss=1.3821)
[ 35/129] Haptics                      DONE  acc=0.4805 loss=1.3821 AOPCR=  1.247 NDCG=  n/a C=  5 T= 1092 (7s)  [34 trained / 0 failed so far]
[ 36/129] Herring
    stage 1/3: loading data ...
    stage 2/3: training on 64 series (no val (train-loss early stop), C=2, T=512, batch=6) ...
    stage 3/3: scoring on 64 test series (accuracy + AOPCR) ...
    [mlflow] versioned model 'seanet_gated_last_gatedattn__mstcn_sep_gated_gated_attention' (id=m-0f9312a892404d7cadd9cba84daa0596) params={'model_size_mb': '1.5027', 'n_model_params': '61668', 'name': 'seanet_gated_last_gatedattn'}
    [mlflow] logged run 'seanet_gated_last_gatedattn_Herring'  (train_acc=1.0000 test_acc=0.6250 test_loss=0.9108)
[ 36/129] Herring                      DONE  acc=0.6250 loss=0.9108 AOPCR=  0.197 NDCG=  n/a C=  2 T=  512 (18s)  [35 trained / 0 failed so far]
[ 37/129] InlineSkate
    stage 1/3: loading data ...
    stage 2/3: training on 84 series (val=16, C=7, T=1882, batch=8) ...
    stage 3/3: scoring on 550 test series (accuracy + AOPCR) ...
    [mlflow] versioned model 'seanet_gated_last_gatedattn__mstcn_sep_gated_gated_attention' (id=m-eafbaf17359549db920cca397b608602) params={'model_size_mb': '1.5041', 'n_model_params': '62038', 'name': 'seanet_gated_last_gatedattn'}
    [mlflow] logged run 'seanet_gated_last_gatedattn_InlineSkate'  (train_acc=0.4048 val_acc=0.5000 test_acc=0.1964 test_loss=1.8963)
[ 37/129] InlineSkate                  DONE  acc=0.1964 loss=1.8963 AOPCR=  0.910 NDCG=  n/a C=  7 T= 1882 (5s)  [36 trained / 0 failed so far]
[ 38/129] InsectWingbeatSound
    stage 1/3: loading data ...
    stage 2/3: training on 176 series (val=44, C=11, T=256, batch=16) ...
    stage 3/3: scoring on 1980 test series (accuracy + AOPCR) ...
    [mlflow] versioned model 'seanet_gated_last_gatedattn__mstcn_sep_gated_gated_attention' (id=m-2564e52cfcfb43d1930a68a612a33536) params={'model_size_mb': '1.5051', 'n_model_params': '62334', 'name': 'seanet_gated_last_gatedattn'}
    [mlflow] logged run 'seanet_gated_last_gatedattn_InsectWingbeatSound'  (train_acc=0.7841 val_acc=0.5909 test_acc=0.5934 test_loss=1.0582)
[ 38/129] InsectWingbeatSound          DONE  acc=0.5934 loss=1.0582 AOPCR=  0.383 NDCG=  n/a C= 11 T=  256 (5s)  [37 trained / 0 failed so far]
[ 39/129] ItalyPowerDemand
    stage 1/3: loading data ...
    stage 2/3: training on 67 series (no val (train-loss early stop), C=2, T=24, batch=6) ...
    stage 3/3: scoring on 1029 test series (accuracy + AOPCR) ...
    [mlflow] versioned model 'seanet_gated_last_gatedattn__mstcn_sep_gated_gated_attention' (id=m-d0f9730fa483429fa36f89bbc955ac77) params={'model_size_mb': '1.5027', 'n_model_params': '61668', 'name': 'seanet_gated_last_gatedattn'}
    [mlflow] logged run 'seanet_gated_last_gatedattn_ItalyPowerDemand'  (train_acc=1.0000 test_acc=0.9660 test_loss=0.1438)
[ 39/129] ItalyPowerDemand             DONE  acc=0.9660 loss=0.1438 AOPCR= -0.327 NDCG=  n/a C=  2 T=   24 (28s)  [38 trained / 0 failed so far]
[ 40/129] LargeKitchenAppliances
    stage 1/3: loading data ...
    stage 2/3: training on 300 series (val=75, C=3, T=720, batch=16) ...
    stage 3/3: scoring on 375 test series (accuracy + AOPCR) ...
    [mlflow] versioned model 'seanet_gated_last_gatedattn__mstcn_sep_gated_gated_attention' (id=m-35a1730acb6145819a2ec85ff21cb94c) params={'model_size_mb': '1.503', 'n_model_params': '61742', 'name': 'seanet_gated_last_gatedattn'}
    [mlflow] logged run 'seanet_gated_last_gatedattn_LargeKitchenAppliances'  (train_acc=1.0000 val_acc=0.9867 test_acc=0.8960 test_loss=0.3755)
[ 40/129] LargeKitchenAppliances       DONE  acc=0.8960 loss=0.3755 AOPCR=  1.491 NDCG=  n/a C=  3 T=  720 (31s)  [39 trained / 0 failed so far]
[ 41/129] Lightning2
    stage 1/3: loading data ...
    stage 2/3: training on 60 series (no val (train-loss early stop), C=2, T=637, batch=6) ...
    stage 3/3: scoring on 61 test series (accuracy + AOPCR) ...
    [mlflow] versioned model 'seanet_gated_last_gatedattn__mstcn_sep_gated_gated_attention' (id=m-e217a6b268e74c7e81c37620405065ed) params={'model_size_mb': '1.5027', 'n_model_params': '61668', 'name': 'seanet_gated_last_gatedattn'}
    [mlflow] logged run 'seanet_gated_last_gatedattn_Lightning2'  (train_acc=1.0000 test_acc=0.8361 test_loss=0.3814)
[ 41/129] Lightning2                   DONE  acc=0.8361 loss=0.3814 AOPCR=  0.071 NDCG=  n/a C=  2 T=  637 (12s)  [40 trained / 0 failed so far]
[ 42/129] Lightning7
    stage 1/3: loading data ...
    stage 2/3: training on 70 series (no val (train-loss early stop), C=7, T=319, batch=7) ...
    stage 3/3: scoring on 73 test series (accuracy + AOPCR) ...
    [mlflow] versioned model 'seanet_gated_last_gatedattn__mstcn_sep_gated_gated_attention' (id=m-28df5a2fcad84545941c845e4e1f6345) params={'model_size_mb': '1.5041', 'n_model_params': '62038', 'name': 'seanet_gated_last_gatedattn'}
    [mlflow] logged run 'seanet_gated_last_gatedattn_Lightning7'  (train_acc=1.0000 test_acc=0.7397 test_loss=0.7008)
[ 42/129] Lightning7                   DONE  acc=0.7397 loss=0.7008 AOPCR=  0.119 NDCG=  n/a C=  7 T=  319 (28s)  [41 trained / 0 failed so far]
[ 43/129] Mallat
    stage 1/3: loading data ...
    stage 2/3: training on 55 series (no val (train-loss early stop), C=8, T=1024, batch=5) ...
    stage 3/3: scoring on 2345 test series (accuracy + AOPCR) ...
    [mlflow] versioned model 'seanet_gated_last_gatedattn__mstcn_sep_gated_gated_attention' (id=m-5cca8a649461403c83ec1fc09e853dee) params={'model_size_mb': '1.5044', 'n_model_params': '62112', 'name': 'seanet_gated_last_gatedattn'}
    [mlflow] logged run 'seanet_gated_last_gatedattn_Mallat'  (train_acc=1.0000 test_acc=0.9514 test_loss=0.3290)
[ 43/129] Mallat                       DONE  acc=0.9514 loss=0.3290 AOPCR=  1.749 NDCG=  n/a C=  8 T= 1024 (30s)  [42 trained / 0 failed so far]
[ 44/129] Meat
    stage 1/3: loading data ...
    stage 2/3: training on 60 series (no val (train-loss early stop), C=3, T=448, batch=6) ...
    stage 3/3: scoring on 60 test series (accuracy + AOPCR) ...
    [mlflow] versioned model 'seanet_gated_last_gatedattn__mstcn_sep_gated_gated_attention' (id=m-88561cf2889c4ff7b6e297e51acba1df) params={'model_size_mb': '1.503', 'n_model_params': '61742', 'name': 'seanet_gated_last_gatedattn'}
    [mlflow] logged run 'seanet_gated_last_gatedattn_Meat'  (train_acc=0.9833 test_acc=0.9000 test_loss=0.4643)
[ 44/129] Meat                         DONE  acc=0.9000 loss=0.4643 AOPCR=  1.770 NDCG=  n/a C=  3 T=  448 (7s)  [43 trained / 0 failed so far]
[ 45/129] MedicalImages
    stage 1/3: loading data ...
    stage 2/3: training on 307 series (val=74, C=10, T=99, batch=16) ...
    stage 3/3: scoring on 760 test series (accuracy + AOPCR) ...
    [mlflow] versioned model 'seanet_gated_last_gatedattn__mstcn_sep_gated_gated_attention' (id=m-cca8c582e2f4487c9b931f7756903dd8) params={'model_size_mb': '1.5049', 'n_model_params': '62260', 'name': 'seanet_gated_last_gatedattn'}
    [mlflow] logged run 'seanet_gated_last_gatedattn_MedicalImages'  (train_acc=0.8664 val_acc=0.7568 test_acc=0.7566 test_loss=0.7018)
[ 45/129] MedicalImages                DONE  acc=0.7566 loss=0.7018 AOPCR=  0.391 NDCG=  n/a C= 10 T=   99 (12s)  [44 trained / 0 failed so far]
[ 46/129] MiddlePhalanxOutlineAgeGroup
    stage 1/3: loading data ...
    stage 2/3: training on 321 series (val=79, C=3, T=80, batch=16) ...
    stage 3/3: scoring on 154 test series (accuracy + AOPCR) ...
    [mlflow] versioned model 'seanet_gated_last_gatedattn__mstcn_sep_gated_gated_attention' (id=m-8e78721414104e3c9edc5c83b3031307) params={'model_size_mb': '1.503', 'n_model_params': '61742', 'name': 'seanet_gated_last_gatedattn'}
    [mlflow] logged run 'seanet_gated_last_gatedattn_MiddlePhalanxOutlineAgeGroup'  (train_acc=0.8287 val_acc=0.8481 test_acc=0.5649 test_loss=1.0194)
[ 46/129] MiddlePhalanxOutlineAgeGroup DONE  acc=0.5649 loss=1.0194 AOPCR= -0.356 NDCG=  n/a C=  3 T=   80 (19s)  [45 trained / 0 failed so far]
[ 47/129] MiddlePhalanxOutlineCorrect
    stage 1/3: loading data ...
    stage 2/3: training on 481 series (val=119, C=2, T=80, batch=16) ...
    stage 3/3: scoring on 291 test series (accuracy + AOPCR) ...
    [mlflow] versioned model 'seanet_gated_last_gatedattn__mstcn_sep_gated_gated_attention' (id=m-257aa7414d1b44c6933de27559ab727b) params={'model_size_mb': '1.5027', 'n_model_params': '61668', 'name': 'seanet_gated_last_gatedattn'}
    [mlflow] logged run 'seanet_gated_last_gatedattn_MiddlePhalanxOutlineCorrect'  (train_acc=0.8669 val_acc=0.8655 test_acc=0.7973 test_loss=0.4325)
[ 47/129] MiddlePhalanxOutlineCorrect  DONE  acc=0.7973 loss=0.4325 AOPCR=  0.216 NDCG=  n/a C=  2 T=   80 (21s)  [46 trained / 0 failed so far]
[ 48/129] MiddlePhalanxTW
    stage 1/3: loading data ...
    stage 2/3: training on 321 series (val=78, C=6, T=80, batch=16) ...
    stage 3/3: scoring on 154 test series (accuracy + AOPCR) ...
    [mlflow] versioned model 'seanet_gated_last_gatedattn__mstcn_sep_gated_gated_attention' (id=m-d7efbe03bc6343dfa6b651d261c11b69) params={'model_size_mb': '1.5038', 'n_model_params': '61964', 'name': 'seanet_gated_last_gatedattn'}
    [mlflow] logged run 'seanet_gated_last_gatedattn_MiddlePhalanxTW'  (train_acc=0.7009 val_acc=0.6026 test_acc=0.5584 test_loss=1.1253)
[ 48/129] MiddlePhalanxTW              DONE  acc=0.5584 loss=1.1253 AOPCR= -0.207 NDCG=  n/a C=  6 T=   80 (21s)  [47 trained / 0 failed so far]
[ 49/129] MoteStrain
    stage 1/3: loading data ...
    stage 2/3: training on 20 series (no val (train-loss early stop), C=2, T=84, batch=2) ...
    stage 3/3: scoring on 1252 test series (accuracy + AOPCR) ...
    [mlflow] versioned model 'seanet_gated_last_gatedattn__mstcn_sep_gated_gated_attention' (id=m-ba226df953fc4fada4f10658eeaa14c0) params={'model_size_mb': '1.5027', 'n_model_params': '61668', 'name': 'seanet_gated_last_gatedattn'}
    [mlflow] logged run 'seanet_gated_last_gatedattn_MoteStrain'  (train_acc=1.0000 test_acc=0.8546 test_loss=0.3413)
[ 49/129] MoteStrain                   DONE  acc=0.8546 loss=0.3413 AOPCR= -0.017 NDCG=  n/a C=  2 T=   84 (9s)  [48 trained / 0 failed so far]
[ 50/129] NonInvasiveFetalECGThorax1
    stage 1/3: loading data ...
    stage 2/3: training on 1452 series (val=348, C=42, T=750, batch=16) ...
    stage 3/3: scoring on 1965 test series (accuracy + AOPCR) ...
    [mlflow] versioned model 'seanet_gated_last_gatedattn__mstcn_sep_gated_gated_attention' (id=m-7f6bf56c7e2d4d71ad5913004bbcdad8) params={'model_size_mb': '1.5139', 'n_model_params': '64628', 'name': 'seanet_gated_last_gatedattn'}
    [mlflow] logged run 'seanet_gated_last_gatedattn_NonInvasiveFetalECGThorax1'  (train_acc=0.9435 val_acc=0.8649 test_acc=0.8743 test_loss=0.5248)
[ 50/129] NonInvasiveFetalECGThorax1   DONE  acc=0.8743 loss=0.5248 AOPCR=  0.554 NDCG=  n/a C= 42 T=  750 (173s)  [49 trained / 0 failed so far]
[ 51/129] NonInvasiveFetalECGThorax2
    stage 1/3: loading data ...
    stage 2/3: training on 1452 series (val=348, C=42, T=750, batch=16) ...
    stage 3/3: scoring on 1965 test series (accuracy + AOPCR) ...
    [mlflow] versioned model 'seanet_gated_last_gatedattn__mstcn_sep_gated_gated_attention' (id=m-20190544a7cf43afac888cccb9ba12b8) params={'model_size_mb': '1.5139', 'n_model_params': '64628', 'name': 'seanet_gated_last_gatedattn'}
    [mlflow] logged run 'seanet_gated_last_gatedattn_NonInvasiveFetalECGThorax2'  (train_acc=0.9711 val_acc=0.9282 test_acc=0.9033 test_loss=0.4053)
[ 51/129] NonInvasiveFetalECGThorax2   DONE  acc=0.9033 loss=0.4053 AOPCR=  0.468 NDCG=  n/a C= 42 T=  750 (140s)  [50 trained / 0 failed so far]
[ 52/129] OliveOil
    stage 1/3: loading data ...
    stage 2/3: training on 30 series (no val (train-loss early stop), C=4, T=570, batch=3) ...
    stage 3/3: scoring on 30 test series (accuracy + AOPCR) ...
    [mlflow] versioned model 'seanet_gated_last_gatedattn__mstcn_sep_gated_gated_attention' (id=m-43be3f41d4f34a61bd0312247d7fa4e3) params={'model_size_mb': '1.5033', 'n_model_params': '61816', 'name': 'seanet_gated_last_gatedattn'}
    [mlflow] logged run 'seanet_gated_last_gatedattn_OliveOil'  (train_acc=0.8667 test_acc=0.7333 test_loss=0.7910)
[ 52/129] OliveOil                     DONE  acc=0.7333 loss=0.7910 AOPCR=  0.083 NDCG=  n/a C=  4 T=  570 (28s)  [51 trained / 0 failed so far]
[ 53/129] OSULeaf
    stage 1/3: loading data ...
    stage 2/3: training on 163 series (val=37, C=6, T=427, batch=16) ...
    stage 3/3: scoring on 242 test series (accuracy + AOPCR) ...
    [mlflow] versioned model 'seanet_gated_last_gatedattn__mstcn_sep_gated_gated_attention' (id=m-fd9c42fc8bf14797aee99c619c52e25c) params={'model_size_mb': '1.5038', 'n_model_params': '61964', 'name': 'seanet_gated_last_gatedattn'}
    [mlflow] logged run 'seanet_gated_last_gatedattn_OSULeaf'  (train_acc=1.0000 val_acc=1.0000 test_acc=0.8512 test_loss=0.4961)
[ 53/129] OSULeaf                      DONE  acc=0.8512 loss=0.4961 AOPCR=  0.914 NDCG=  n/a C=  6 T=  427 (11s)  [52 trained / 0 failed so far]
[ 54/129] PhalangesOutlinesCorrect
    stage 1/3: loading data ...
    stage 2/3: training on 1441 series (val=359, C=2, T=80, batch=16) ...
    stage 3/3: scoring on 858 test series (accuracy + AOPCR) ...
    [mlflow] versioned model 'seanet_gated_last_gatedattn__mstcn_sep_gated_gated_attention' (id=m-fadf64d6af214a72ba4d5112d36b49e9) params={'model_size_mb': '1.5027', 'n_model_params': '61668', 'name': 'seanet_gated_last_gatedattn'}
    [mlflow] logged run 'seanet_gated_last_gatedattn_PhalangesOutlinesCorrect'  (train_acc=0.9535 val_acc=0.8802 test_acc=0.8310 test_loss=0.4189)
[ 54/129] PhalangesOutlinesCorrect     DONE  acc=0.8310 loss=0.4189 AOPCR= -0.086 NDCG=  n/a C=  2 T=   80 (127s)  [53 trained / 0 failed so far]
[ 55/129] Phoneme
    stage 1/3: loading data ...
    stage 2/3: training on 171 series (val=43, C=39, T=1024, batch=16) ...
    stage 3/3: scoring on 1896 test series (accuracy + AOPCR) ...
    [mlflow] versioned model 'seanet_gated_last_gatedattn__mstcn_sep_gated_gated_attention' (id=m-b759140330944b9c903c138625cb1d02) params={'model_size_mb': '1.5131', 'n_model_params': '64406', 'name': 'seanet_gated_last_gatedattn'}
    [mlflow] logged run 'seanet_gated_last_gatedattn_Phoneme'  (train_acc=0.4971 val_acc=0.2093 test_acc=0.2426 test_loss=2.8092)
[ 55/129] Phoneme                      DONE  acc=0.2426 loss=2.8092 AOPCR=  0.632 NDCG=  n/a C= 39 T= 1024 (5s)  [54 trained / 0 failed so far]
[ 56/129] Plane
    stage 1/3: loading data ...
    stage 2/3: training on 87 series (val=18, C=7, T=144, batch=8) ...
    stage 3/3: scoring on 105 test series (accuracy + AOPCR) ...
    [mlflow] versioned model 'seanet_gated_last_gatedattn__mstcn_sep_gated_gated_attention' (id=m-182c8ac3e46445dfbd0337854485b1e2) params={'model_size_mb': '1.5041', 'n_model_params': '62038', 'name': 'seanet_gated_last_gatedattn'}
    [mlflow] logged run 'seanet_gated_last_gatedattn_Plane'  (train_acc=1.0000 val_acc=1.0000 test_acc=1.0000 test_loss=0.1155)
[ 56/129] Plane                        DONE  acc=1.0000 loss=0.1155 AOPCR=  0.326 NDCG=  n/a C=  7 T=  144 (26s)  [55 trained / 0 failed so far]
[ 57/129] ProximalPhalanxOutlineAgeGroup
    stage 1/3: loading data ...
    stage 2/3: training on 322 series (val=78, C=3, T=80, batch=16) ...
    stage 3/3: scoring on 205 test series (accuracy + AOPCR) ...
    [mlflow] versioned model 'seanet_gated_last_gatedattn__mstcn_sep_gated_gated_attention' (id=m-30bfa8cd8fce4e5ebcc729fcd9c0bcf9) params={'model_size_mb': '1.503', 'n_model_params': '61742', 'name': 'seanet_gated_last_gatedattn'}
    [mlflow] logged run 'seanet_gated_last_gatedattn_ProximalPhalanxOutlineAgeGroup'  (train_acc=0.9037 val_acc=0.8077 test_acc=0.8244 test_loss=0.4318)
[ 57/129] ProximalPhalanxOutlineAgeGroup DONE  acc=0.8244 loss=0.4318 AOPCR= -0.383 NDCG=  n/a C=  3 T=   80 (25s)  [56 trained / 0 failed so far]
[ 58/129] ProximalPhalanxOutlineCorrect
    stage 1/3: loading data ...
    stage 2/3: training on 481 series (val=119, C=2, T=80, batch=16) ...
    stage 3/3: scoring on 291 test series (accuracy + AOPCR) ...
    [mlflow] versioned model 'seanet_gated_last_gatedattn__mstcn_sep_gated_gated_attention' (id=m-70d577675374434c99358603fae03d89) params={'model_size_mb': '1.5027', 'n_model_params': '61668', 'name': 'seanet_gated_last_gatedattn'}
    [mlflow] logged run 'seanet_gated_last_gatedattn_ProximalPhalanxOutlineCorrect'  (train_acc=0.9854 val_acc=0.9160 test_acc=0.9141 test_loss=0.2506)
[ 58/129] ProximalPhalanxOutlineCorrect DONE  acc=0.9141 loss=0.2506 AOPCR= -0.317 NDCG=  n/a C=  2 T=   80 (60s)  [57 trained / 0 failed so far]
[ 59/129] ProximalPhalanxTW
    stage 1/3: loading data ...
    stage 2/3: training on 322 series (val=78, C=6, T=80, batch=16) ...
    stage 3/3: scoring on 205 test series (accuracy + AOPCR) ...
    [mlflow] versioned model 'seanet_gated_last_gatedattn__mstcn_sep_gated_gated_attention' (id=m-353968ed93ca4d1886b5154b0f27cf1e) params={'model_size_mb': '1.5038', 'n_model_params': '61964', 'name': 'seanet_gated_last_gatedattn'}
    [mlflow] logged run 'seanet_gated_last_gatedattn_ProximalPhalanxTW'  (train_acc=0.8882 val_acc=0.8590 test_acc=0.7756 test_loss=0.6215)
[ 59/129] ProximalPhalanxTW            DONE  acc=0.7756 loss=0.6215 AOPCR=  1.152 NDCG=  n/a C=  6 T=   80 (18s)  [58 trained / 0 failed so far]
[ 60/129] RefrigerationDevices
    stage 1/3: loading data ...
    stage 2/3: training on 300 series (val=75, C=3, T=720, batch=16) ...
    stage 3/3: scoring on 375 test series (accuracy + AOPCR) ...
    [mlflow] versioned model 'seanet_gated_last_gatedattn__mstcn_sep_gated_gated_attention' (id=m-f0a5958d64d74006a83c9ad400761458) params={'model_size_mb': '1.503', 'n_model_params': '61742', 'name': 'seanet_gated_last_gatedattn'}
    [mlflow] logged run 'seanet_gated_last_gatedattn_RefrigerationDevices'  (train_acc=1.0000 val_acc=0.7733 test_acc=0.4613 test_loss=1.4882)
[ 60/129] RefrigerationDevices         DONE  acc=0.4613 loss=1.4882 AOPCR=  0.138 NDCG=  n/a C=  3 T=  720 (15s)  [59 trained / 0 failed so far]
[ 61/129] ScreenType
    stage 1/3: loading data ...
    stage 2/3: training on 300 series (val=75, C=3, T=720, batch=16) ...
    stage 3/3: scoring on 375 test series (accuracy + AOPCR) ...
    [mlflow] versioned model 'seanet_gated_last_gatedattn__mstcn_sep_gated_gated_attention' (id=m-df94ef46f21d4b99b2eebce8710a5769) params={'model_size_mb': '1.503', 'n_model_params': '61742', 'name': 'seanet_gated_last_gatedattn'}
    [mlflow] logged run 'seanet_gated_last_gatedattn_ScreenType'  (train_acc=0.6500 val_acc=0.4400 test_acc=0.4080 test_loss=1.1666)
[ 61/129] ScreenType                   DONE  acc=0.4080 loss=1.1666 AOPCR=  0.184 NDCG=  n/a C=  3 T=  720 (9s)  [60 trained / 0 failed so far]
[ 62/129] ShapeletSim
    stage 1/3: loading data ...
    stage 2/3: training on 20 series (no val (train-loss early stop), C=2, T=500, batch=2) ...
    stage 3/3: scoring on 180 test series (accuracy + AOPCR) ...
    [mlflow] versioned model 'seanet_gated_last_gatedattn__mstcn_sep_gated_gated_attention' (id=m-337dba82f30546459176a27473cf9d39) params={'model_size_mb': '1.5027', 'n_model_params': '61668', 'name': 'seanet_gated_last_gatedattn'}
    [mlflow] logged run 'seanet_gated_last_gatedattn_ShapeletSim'  (train_acc=1.0000 test_acc=0.4667 test_loss=0.8854)
[ 62/129] ShapeletSim                  DONE  acc=0.4667 loss=0.8854 AOPCR=  0.067 NDCG=  n/a C=  2 T=  500 (7s)  [61 trained / 0 failed so far]
[ 63/129] ShapesAll
    stage 1/3: loading data ...
    stage 2/3: training on 480 series (val=120, C=60, T=512, batch=16) ...
    stage 3/3: scoring on 600 test series (accuracy + AOPCR) ...
    [mlflow] versioned model 'seanet_gated_last_gatedattn__mstcn_sep_gated_gated_attention' (id=m-b32883b449be482994e04943d9473454) params={'model_size_mb': '1.519', 'n_model_params': '65960', 'name': 'seanet_gated_last_gatedattn'}
    [mlflow] logged run 'seanet_gated_last_gatedattn_ShapesAll'  (train_acc=1.0000 val_acc=0.9083 test_acc=0.8850 test_loss=0.6344)
[ 63/129] ShapesAll                    DONE  acc=0.8850 loss=0.6344 AOPCR=  1.489 NDCG=  n/a C= 60 T=  512 (65s)  [62 trained / 0 failed so far]
[ 64/129] SmallKitchenAppliances
    stage 1/3: loading data ...
    stage 2/3: training on 300 series (val=75, C=3, T=720, batch=16) ...
    stage 3/3: scoring on 375 test series (accuracy + AOPCR) ...
    [mlflow] versioned model 'seanet_gated_last_gatedattn__mstcn_sep_gated_gated_attention' (id=m-85358128952e421296b828f728e0e87c) params={'model_size_mb': '1.503', 'n_model_params': '61742', 'name': 'seanet_gated_last_gatedattn'}
    [mlflow] logged run 'seanet_gated_last_gatedattn_SmallKitchenAppliances'  (train_acc=0.9600 val_acc=0.8267 test_acc=0.7707 test_loss=0.6270)
[ 64/129] SmallKitchenAppliances       DONE  acc=0.7707 loss=0.6270 AOPCR=  0.253 NDCG=  n/a C=  3 T=  720 (17s)  [63 trained / 0 failed so far]
[ 65/129] SonyAIBORobotSurface1
    stage 1/3: loading data ...
    stage 2/3: training on 20 series (no val (train-loss early stop), C=2, T=70, batch=2) ...
    stage 3/3: scoring on 601 test series (accuracy + AOPCR) ...
    [mlflow] versioned model 'seanet_gated_last_gatedattn__mstcn_sep_gated_gated_attention' (id=m-e00e51b90f5a47698605a73d9a19f0c2) params={'model_size_mb': '1.5027', 'n_model_params': '61668', 'name': 'seanet_gated_last_gatedattn'}
    [mlflow] logged run 'seanet_gated_last_gatedattn_SonyAIBORobotSurface1'  (train_acc=1.0000 test_acc=0.6389 test_loss=0.7260)
[ 65/129] SonyAIBORobotSurface1        DONE  acc=0.6389 loss=0.7260 AOPCR=  0.067 NDCG=  n/a C=  2 T=   70 (7s)  [64 trained / 0 failed so far]
[ 66/129] SonyAIBORobotSurface2
    stage 1/3: loading data ...
    stage 2/3: training on 27 series (no val (train-loss early stop), C=2, T=65, batch=2) ...
    stage 3/3: scoring on 953 test series (accuracy + AOPCR) ...
    [mlflow] versioned model 'seanet_gated_last_gatedattn__mstcn_sep_gated_gated_attention' (id=m-f132c3f7875c4c2e834333c7bcd4cae8) params={'model_size_mb': '1.5027', 'n_model_params': '61668', 'name': 'seanet_gated_last_gatedattn'}
    [mlflow] logged run 'seanet_gated_last_gatedattn_SonyAIBORobotSurface2'  (train_acc=1.0000 test_acc=0.8468 test_loss=0.3399)
[ 66/129] SonyAIBORobotSurface2        DONE  acc=0.8468 loss=0.3399 AOPCR= -0.055 NDCG=  n/a C=  2 T=   65 (9s)  [65 trained / 0 failed so far]
[ 67/129] StarLightCurves
    stage 1/3: loading data ...
    stage 2/3: training on 801 series (val=199, C=3, T=1024, batch=16) ...
    stage 3/3: scoring on 8236 test series (accuracy + AOPCR) ...
    [mlflow] versioned model 'seanet_gated_last_gatedattn__mstcn_sep_gated_gated_attention' (id=m-b2d0b719a89b4d889d61410c17e52bb4) params={'model_size_mb': '1.503', 'n_model_params': '61742', 'name': 'seanet_gated_last_gatedattn'}
    [mlflow] logged run 'seanet_gated_last_gatedattn_StarLightCurves'  (train_acc=0.9963 val_acc=0.9799 test_acc=0.9761 test_loss=0.1445)
[ 67/129] StarLightCurves              DONE  acc=0.9761 loss=0.1445 AOPCR=  1.069 NDCG=  n/a C=  3 T= 1024 (59s)  [66 trained / 0 failed so far]
[ 68/129] Strawberry
    stage 1/3: loading data ...
    stage 2/3: training on 492 series (val=121, C=2, T=235, batch=16) ...
    stage 3/3: scoring on 370 test series (accuracy + AOPCR) ...
    [mlflow] versioned model 'seanet_gated_last_gatedattn__mstcn_sep_gated_gated_attention' (id=m-288c13a7cc6641f08220341d8c001812) params={'model_size_mb': '1.5027', 'n_model_params': '61668', 'name': 'seanet_gated_last_gatedattn'}
    [mlflow] logged run 'seanet_gated_last_gatedattn_Strawberry'  (train_acc=0.9817 val_acc=0.9917 test_acc=0.9622 test_loss=0.1432)
[ 68/129] Strawberry                   DONE  acc=0.9622 loss=0.1432 AOPCR= -0.066 NDCG=  n/a C=  2 T=  235 (37s)  [67 trained / 0 failed so far]
[ 69/129] SwedishLeaf
    stage 1/3: loading data ...
    stage 2/3: training on 405 series (val=95, C=15, T=128, batch=16) ...
    stage 3/3: scoring on 625 test series (accuracy + AOPCR) ...
    [mlflow] versioned model 'seanet_gated_last_gatedattn__mstcn_sep_gated_gated_attention' (id=m-23fd608fdcec4677a6a356004a1fd304) params={'model_size_mb': '1.5062', 'n_model_params': '62630', 'name': 'seanet_gated_last_gatedattn'}
    [mlflow] logged run 'seanet_gated_last_gatedattn_SwedishLeaf'  (train_acc=1.0000 val_acc=0.9684 test_acc=0.9376 test_loss=0.2807)
[ 69/129] SwedishLeaf                  DONE  acc=0.9376 loss=0.2807 AOPCR=  0.814 NDCG=  n/a C= 15 T=  128 (64s)  [68 trained / 0 failed so far]
[ 70/129] Symbols
    stage 1/3: loading data ...
    stage 2/3: training on 25 series (no val (train-loss early stop), C=6, T=398, batch=2) ...
    stage 3/3: scoring on 995 test series (accuracy + AOPCR) ...
    [mlflow] versioned model 'seanet_gated_last_gatedattn__mstcn_sep_gated_gated_attention' (id=m-b714199edc75472687ced18e8c86171d) params={'model_size_mb': '1.5038', 'n_model_params': '61964', 'name': 'seanet_gated_last_gatedattn'}
    [mlflow] logged run 'seanet_gated_last_gatedattn_Symbols'  (train_acc=1.0000 test_acc=0.9337 test_loss=0.2846)
[ 70/129] Symbols                      DONE  acc=0.9337 loss=0.2846 AOPCR=  0.985 NDCG=  n/a C=  6 T=  398 (28s)  [69 trained / 0 failed so far]
[ 71/129] SyntheticControl
    stage 1/3: loading data ...
    stage 2/3: training on 240 series (val=60, C=6, T=60, batch=16) ...
    stage 3/3: scoring on 300 test series (accuracy + AOPCR) ...
    [mlflow] versioned model 'seanet_gated_last_gatedattn__mstcn_sep_gated_gated_attention' (id=m-771ebf66d76d4c828e2266072e9512c6) params={'model_size_mb': '1.5038', 'n_model_params': '61964', 'name': 'seanet_gated_last_gatedattn'}
    [mlflow] logged run 'seanet_gated_last_gatedattn_SyntheticControl'  (train_acc=1.0000 val_acc=1.0000 test_acc=0.9967 test_loss=0.1210)
[ 71/129] SyntheticControl             DONE  acc=0.9967 loss=0.1210 AOPCR=  0.155 NDCG=  n/a C=  6 T=   60 (21s)  [70 trained / 0 failed so far]
[ 72/129] ToeSegmentation1
    stage 1/3: loading data ...
    stage 2/3: training on 40 series (no val (train-loss early stop), C=2, T=277, batch=4) ...
    stage 3/3: scoring on 228 test series (accuracy + AOPCR) ...
    [mlflow] versioned model 'seanet_gated_last_gatedattn__mstcn_sep_gated_gated_attention' (id=m-a0ba44f7ea654dff94ebe4d7c1ceb34c) params={'model_size_mb': '1.5027', 'n_model_params': '61668', 'name': 'seanet_gated_last_gatedattn'}
    [mlflow] logged run 'seanet_gated_last_gatedattn_ToeSegmentation1'  (train_acc=1.0000 test_acc=0.9298 test_loss=0.2214)
[ 72/129] ToeSegmentation1             DONE  acc=0.9298 loss=0.2214 AOPCR=  0.258 NDCG=  n/a C=  2 T=  277 (25s)  [71 trained / 0 failed so far]
[ 73/129] ToeSegmentation2
    stage 1/3: loading data ...
    stage 2/3: training on 36 series (no val (train-loss early stop), C=2, T=343, batch=3) ...
    stage 3/3: scoring on 130 test series (accuracy + AOPCR) ...
    [mlflow] versioned model 'seanet_gated_last_gatedattn__mstcn_sep_gated_gated_attention' (id=m-9adf4166d6b445c782aba6b8a6dd50c2) params={'model_size_mb': '1.5027', 'n_model_params': '61668', 'name': 'seanet_gated_last_gatedattn'}
    [mlflow] logged run 'seanet_gated_last_gatedattn_ToeSegmentation2'  (train_acc=1.0000 test_acc=0.9538 test_loss=0.1858)
[ 73/129] ToeSegmentation2             DONE  acc=0.9538 loss=0.1858 AOPCR=  0.815 NDCG=  n/a C=  2 T=  343 (17s)  [72 trained / 0 failed so far]
[ 74/129] Trace
    stage 1/3: loading data ...
    stage 2/3: training on 81 series (val=19, C=4, T=275, batch=8) ...
    stage 3/3: scoring on 100 test series (accuracy + AOPCR) ...
    [mlflow] versioned model 'seanet_gated_last_gatedattn__mstcn_sep_gated_gated_attention' (id=m-f364e4e63f71470695531351dba7e87d) params={'model_size_mb': '1.5033', 'n_model_params': '61816', 'name': 'seanet_gated_last_gatedattn'}
    [mlflow] logged run 'seanet_gated_last_gatedattn_Trace'  (train_acc=1.0000 val_acc=1.0000 test_acc=1.0000 test_loss=0.1054)
[ 74/129] Trace                        DONE  acc=1.0000 loss=0.1054 AOPCR=  1.271 NDCG=  n/a C=  4 T=  275 (18s)  [73 trained / 0 failed so far]
[ 75/129] TwoLeadECG
    stage 1/3: loading data ...
    stage 2/3: training on 23 series (no val (train-loss early stop), C=2, T=82, batch=2) ...
    stage 3/3: scoring on 1139 test series (accuracy + AOPCR) ...
    [mlflow] versioned model 'seanet_gated_last_gatedattn__mstcn_sep_gated_gated_attention' (id=m-0f7773bea7cc4c91bb7bfde654ea3909) params={'model_size_mb': '1.5027', 'n_model_params': '61668', 'name': 'seanet_gated_last_gatedattn'}
    [mlflow] logged run 'seanet_gated_last_gatedattn_TwoLeadECG'  (train_acc=1.0000 test_acc=0.9947 test_loss=0.0933)
[ 75/129] TwoLeadECG                   DONE  acc=0.9947 loss=0.0933 AOPCR=  0.067 NDCG=  n/a C=  2 T=   82 (22s)  [74 trained / 0 failed so far]
[ 76/129] TwoPatterns
    stage 1/3: loading data ...
    stage 2/3: training on 801 series (val=199, C=4, T=128, batch=16) ...
    stage 3/3: scoring on 4000 test series (accuracy + AOPCR) ...
    [mlflow] versioned model 'seanet_gated_last_gatedattn__mstcn_sep_gated_gated_attention' (id=m-dc7cf29aea414013b28c1b6fa6013b09) params={'model_size_mb': '1.5033', 'n_model_params': '61816', 'name': 'seanet_gated_last_gatedattn'}
    [mlflow] logged run 'seanet_gated_last_gatedattn_TwoPatterns'  (train_acc=1.0000 val_acc=1.0000 test_acc=1.0000 test_loss=0.0970)
[ 76/129] TwoPatterns                  DONE  acc=1.0000 loss=0.0970 AOPCR=  1.087 NDCG=  n/a C=  4 T=  128 (46s)  [75 trained / 0 failed so far]
[ 77/129] UWaveGestureLibraryAll
    stage 1/3: loading data ...
    stage 2/3: training on 719 series (val=177, C=8, T=945, batch=16) ...
    stage 3/3: scoring on 3582 test series (accuracy + AOPCR) ...
    [mlflow] versioned model 'seanet_gated_last_gatedattn__mstcn_sep_gated_gated_attention' (id=m-a8154bfdd4d344adb648f31e9139c67b) params={'model_size_mb': '1.5044', 'n_model_params': '62112', 'name': 'seanet_gated_last_gatedattn'}
    [mlflow] logged run 'seanet_gated_last_gatedattn_UWaveGestureLibraryAll'  (train_acc=1.0000 val_acc=0.9774 test_acc=0.9665 test_loss=0.2425)
[ 77/129] UWaveGestureLibraryAll       DONE  acc=0.9665 loss=0.2425 AOPCR=  0.837 NDCG=  n/a C=  8 T=  945 (56s)  [76 trained / 0 failed so far]
[ 78/129] UWaveGestureLibraryX
    stage 1/3: loading data ...
    stage 2/3: training on 719 series (val=177, C=8, T=315, batch=16) ...
    stage 3/3: scoring on 3582 test series (accuracy + AOPCR) ...
    [mlflow] versioned model 'seanet_gated_last_gatedattn__mstcn_sep_gated_gated_attention' (id=m-68c2ee22218647eeb89f3aa315f62bf0) params={'model_size_mb': '1.5044', 'n_model_params': '62112', 'name': 'seanet_gated_last_gatedattn'}
    [mlflow] logged run 'seanet_gated_last_gatedattn_UWaveGestureLibraryX'  (train_acc=0.9722 val_acc=0.8531 test_acc=0.8157 test_loss=0.5772)
[ 78/129] UWaveGestureLibraryX         DONE  acc=0.8157 loss=0.5772 AOPCR=  0.750 NDCG=  n/a C=  8 T=  315 (28s)  [77 trained / 0 failed so far]
[ 79/129] UWaveGestureLibraryY
    stage 1/3: loading data ...
    stage 2/3: training on 719 series (val=177, C=8, T=315, batch=16) ...
    stage 3/3: scoring on 3582 test series (accuracy + AOPCR) ...
    [mlflow] versioned model 'seanet_gated_last_gatedattn__mstcn_sep_gated_gated_attention' (id=m-20175c3075f14f52aef1de7d9683f026) params={'model_size_mb': '1.5044', 'n_model_params': '62112', 'name': 'seanet_gated_last_gatedattn'}
    [mlflow] logged run 'seanet_gated_last_gatedattn_UWaveGestureLibraryY'  (train_acc=0.9805 val_acc=0.7740 test_acc=0.7630 test_loss=0.7549)
[ 79/129] UWaveGestureLibraryY         DONE  acc=0.7630 loss=0.7549 AOPCR=  0.864 NDCG=  n/a C=  8 T=  315 (31s)  [78 trained / 0 failed so far]
[ 80/129] UWaveGestureLibraryZ
    stage 1/3: loading data ...
    stage 2/3: training on 719 series (val=177, C=8, T=315, batch=16) ...
    stage 3/3: scoring on 3582 test series (accuracy + AOPCR) ...
    [mlflow] versioned model 'seanet_gated_last_gatedattn__mstcn_sep_gated_gated_attention' (id=m-dd29c57a62a644b6a36d3025f47b6159) params={'model_size_mb': '1.5044', 'n_model_params': '62112', 'name': 'seanet_gated_last_gatedattn'}
    [mlflow] logged run 'seanet_gated_last_gatedattn_UWaveGestureLibraryZ'  (train_acc=0.8651 val_acc=0.7345 test_acc=0.7518 test_loss=0.7202)
[ 80/129] UWaveGestureLibraryZ         DONE  acc=0.7518 loss=0.7202 AOPCR=  1.241 NDCG=  n/a C=  8 T=  315 (24s)  [79 trained / 0 failed so far]
[ 81/129] Wafer
    stage 1/3: loading data ...
    stage 2/3: training on 801 series (val=199, C=2, T=152, batch=16) ...
    stage 3/3: scoring on 6164 test series (accuracy + AOPCR) ...
    [mlflow] versioned model 'seanet_gated_last_gatedattn__mstcn_sep_gated_gated_attention' (id=m-8256b443c07c40a9a2315c76f49fcada) params={'model_size_mb': '1.5027', 'n_model_params': '61668', 'name': 'seanet_gated_last_gatedattn'}
    [mlflow] logged run 'seanet_gated_last_gatedattn_Wafer'  (train_acc=1.0000 val_acc=1.0000 test_acc=0.9930 test_loss=0.0782)
[ 81/129] Wafer                        DONE  acc=0.9930 loss=0.0782 AOPCR=  0.097 NDCG=  n/a C=  2 T=  152 (27s)  [80 trained / 0 failed so far]
[ 82/129] Wine
    stage 1/3: loading data ...
    stage 2/3: training on 57 series (no val (train-loss early stop), C=2, T=234, batch=5) ...
    stage 3/3: scoring on 54 test series (accuracy + AOPCR) ...
    [mlflow] versioned model 'seanet_gated_last_gatedattn__mstcn_sep_gated_gated_attention' (id=m-446d3bba6902401cafc08b92b36a23ec) params={'model_size_mb': '1.5027', 'n_model_params': '61668', 'name': 'seanet_gated_last_gatedattn'}
    [mlflow] logged run 'seanet_gated_last_gatedattn_Wine'  (train_acc=0.7018 test_acc=0.7407 test_loss=0.5380)
[ 82/129] Wine                         DONE  acc=0.7407 loss=0.5380 AOPCR=  0.940 NDCG=  n/a C=  2 T=  234 (34s)  [81 trained / 0 failed so far]
[ 83/129] WordSynonyms
    stage 1/3: loading data ...
    stage 2/3: training on 217 series (val=50, C=25, T=270, batch=16) ...
    stage 3/3: scoring on 638 test series (accuracy + AOPCR) ...
    [mlflow] versioned model 'seanet_gated_last_gatedattn__mstcn_sep_gated_gated_attention' (id=m-560a1fef26df49ffb76150250a2bb9bd) params={'model_size_mb': '1.5091', 'n_model_params': '63370', 'name': 'seanet_gated_last_gatedattn'}
    [mlflow] logged run 'seanet_gated_last_gatedattn_WordSynonyms'  (train_acc=1.0000 val_acc=0.7800 test_acc=0.7179 test_loss=1.1569)
[ 83/129] WordSynonyms                 DONE  acc=0.7179 loss=1.1569 AOPCR=  0.811 NDCG=  n/a C= 25 T=  270 (27s)  [82 trained / 0 failed so far]
[ 84/129] Worms
    stage 1/3: loading data ...
    stage 2/3: training on 146 series (val=35, C=5, T=900, batch=14) ...
    stage 3/3: scoring on 77 test series (accuracy + AOPCR) ...
    [mlflow] versioned model 'seanet_gated_last_gatedattn__mstcn_sep_gated_gated_attention' (id=m-89504a7bc8ab4766a85c3aab442606a5) params={'model_size_mb': '1.5035', 'n_model_params': '61890', 'name': 'seanet_gated_last_gatedattn'}
    [mlflow] logged run 'seanet_gated_last_gatedattn_Worms'  (train_acc=0.9110 val_acc=0.6857 test_acc=0.6753 test_loss=0.8014)
[ 84/129] Worms                        DONE  acc=0.6753 loss=0.8014 AOPCR=  0.908 NDCG=  n/a C=  5 T=  900 (7s)  [83 trained / 0 failed so far]
[ 85/129] WormsTwoClass
    stage 1/3: loading data ...
    stage 2/3: training on 145 series (val=36, C=2, T=900, batch=14) ...
    stage 3/3: scoring on 77 test series (accuracy + AOPCR) ...
    [mlflow] versioned model 'seanet_gated_last_gatedattn__mstcn_sep_gated_gated_attention' (id=m-2b00d6e033d149d09ce40e153650a432) params={'model_size_mb': '1.5027', 'n_model_params': '61668', 'name': 'seanet_gated_last_gatedattn'}
    [mlflow] logged run 'seanet_gated_last_gatedattn_WormsTwoClass'  (train_acc=0.9724 val_acc=0.8611 test_acc=0.6883 test_loss=0.6303)
[ 85/129] WormsTwoClass                DONE  acc=0.6883 loss=0.6303 AOPCR=  0.695 NDCG=  n/a C=  2 T=  900 (7s)  [84 trained / 0 failed so far]
[ 86/129] Yoga
    stage 1/3: loading data ...
    stage 2/3: training on 241 series (val=59, C=2, T=426, batch=16) ...
    stage 3/3: scoring on 3000 test series (accuracy + AOPCR) ...
    [mlflow] versioned model 'seanet_gated_last_gatedattn__mstcn_sep_gated_gated_attention' (id=m-947b0e6cbdd2474b953e151aa3a446fb) params={'model_size_mb': '1.5027', 'n_model_params': '61668', 'name': 'seanet_gated_last_gatedattn'}
    [mlflow] logged run 'seanet_gated_last_gatedattn_Yoga'  (train_acc=1.0000 val_acc=0.9661 test_acc=0.9003 test_loss=0.2470)
[ 86/129] Yoga                         DONE  acc=0.9003 loss=0.2470 AOPCR=  0.885 NDCG=  n/a C=  2 T=  426 (27s)  [85 trained / 0 failed so far]
[ 87/129] ACSF1
    stage 1/3: loading data ...
    stage 2/3: training on 80 series (val=20, C=10, T=1460, batch=8) ...
    stage 3/3: scoring on 100 test series (accuracy + AOPCR) ...
    [mlflow] versioned model 'seanet_gated_last_gatedattn__mstcn_sep_gated_gated_attention' (id=m-77feb6897cac48329605731a42eaee4d) params={'model_size_mb': '1.5049', 'n_model_params': '62260', 'name': 'seanet_gated_last_gatedattn'}
    [mlflow] logged run 'seanet_gated_last_gatedattn_ACSF1'  (train_acc=0.8750 val_acc=0.7500 test_acc=0.7600 test_loss=0.7274)
[ 87/129] ACSF1                        DONE  acc=0.7600 loss=0.7274 AOPCR=  0.610 NDCG=  n/a C= 10 T= 1460 (9s)  [86 trained / 0 failed so far]
[ 88/129] AllGestureWiimoteX
    stage 1/3: loading data ...
    stage 2/3: training on 240 series (val=60, C=10, T=500, batch=16) ...
    stage 3/3: scoring on 700 test series (accuracy + AOPCR) ...
    [mlflow] versioned model 'seanet_gated_last_gatedattn__mstcn_sep_gated_gated_attention' (id=m-c037d4b191304611918a68d88f215dba) params={'model_size_mb': '1.5049', 'n_model_params': '62260', 'name': 'seanet_gated_last_gatedattn'}
    [mlflow] logged run 'seanet_gated_last_gatedattn_AllGestureWiimoteX'  (train_acc=1.0000 val_acc=0.8500 test_acc=0.7500 test_loss=0.8717)
[ 88/129] AllGestureWiimoteX           DONE  acc=0.7500 loss=0.8717 AOPCR=  2.206 NDCG=  n/a C= 10 T=  500 (30s)  [87 trained / 0 failed so far]
[ 89/129] AllGestureWiimoteY
    stage 1/3: loading data ...
    stage 2/3: training on 240 series (val=60, C=10, T=500, batch=16) ...
    stage 3/3: scoring on 700 test series (accuracy + AOPCR) ...
    [mlflow] versioned model 'seanet_gated_last_gatedattn__mstcn_sep_gated_gated_attention' (id=m-68fa5a30a1fd44bbb5235036da906bf3) params={'model_size_mb': '1.5049', 'n_model_params': '62260', 'name': 'seanet_gated_last_gatedattn'}
    [mlflow] logged run 'seanet_gated_last_gatedattn_AllGestureWiimoteY'  (train_acc=1.0000 val_acc=0.8500 test_acc=0.8057 test_loss=0.7130)
[ 89/129] AllGestureWiimoteY           DONE  acc=0.8057 loss=0.7130 AOPCR=  2.503 NDCG=  n/a C= 10 T=  500 (21s)  [88 trained / 0 failed so far]
[ 90/129] AllGestureWiimoteZ
    stage 1/3: loading data ...
    stage 2/3: training on 240 series (val=60, C=10, T=500, batch=16) ...
    stage 3/3: scoring on 700 test series (accuracy + AOPCR) ...
    [mlflow] versioned model 'seanet_gated_last_gatedattn__mstcn_sep_gated_gated_attention' (id=m-c2c597b413dc444186e66b78927e7cb0) params={'model_size_mb': '1.5049', 'n_model_params': '62260', 'name': 'seanet_gated_last_gatedattn'}
    [mlflow] logged run 'seanet_gated_last_gatedattn_AllGestureWiimoteZ'  (train_acc=1.0000 val_acc=0.7500 test_acc=0.7414 test_loss=0.9368)
[ 90/129] AllGestureWiimoteZ           DONE  acc=0.7414 loss=0.9368 AOPCR=  1.987 NDCG=  n/a C= 10 T=  500 (21s)  [89 trained / 0 failed so far]
[ 91/129] BME
    stage 1/3: loading data ...
    stage 2/3: training on 30 series (no val (train-loss early stop), C=3, T=128, batch=3) ...
    stage 3/3: scoring on 150 test series (accuracy + AOPCR) ...
    [mlflow] versioned model 'seanet_gated_last_gatedattn__mstcn_sep_gated_gated_attention' (id=m-d5435d29cbd9406eb9538e21afe54c79) params={'model_size_mb': '1.503', 'n_model_params': '61742', 'name': 'seanet_gated_last_gatedattn'}
    [mlflow] logged run 'seanet_gated_last_gatedattn_BME'  (train_acc=1.0000 test_acc=0.9933 test_loss=0.1124)
[ 91/129] BME                          DONE  acc=0.9933 loss=0.1124 AOPCR=  0.182 NDCG=  n/a C=  3 T=  128 (12s)  [90 trained / 0 failed so far]
[ 92/129] Chinatown
    stage 1/3: loading data ...
    stage 2/3: training on 20 series (no val (train-loss early stop), C=2, T=24, batch=2) ...
    stage 3/3: scoring on 343 test series (accuracy + AOPCR) ...
    [mlflow] versioned model 'seanet_gated_last_gatedattn__mstcn_sep_gated_gated_attention' (id=m-2b620d23433d4f2c8a338dd9831279b4) params={'model_size_mb': '1.5027', 'n_model_params': '61668', 'name': 'seanet_gated_last_gatedattn'}
    [mlflow] logged run 'seanet_gated_last_gatedattn_Chinatown'  (train_acc=1.0000 test_acc=0.9738 test_loss=0.1287)
[ 92/129] Chinatown                    DONE  acc=0.9738 loss=0.1287 AOPCR=  0.064 NDCG=  n/a C=  2 T=   24 (15s)  [91 trained / 0 failed so far]
[ 93/129] Crop
    stage 1/3: loading data ...
    stage 2/3: training on 5760 series (val=1440, C=24, T=46, batch=16) ...
    stage 3/3: scoring on 16800 test series (accuracy + AOPCR) ...
    [mlflow] versioned model 'seanet_gated_last_gatedattn__mstcn_sep_gated_gated_attention' (id=m-c318b93f1fb54d43bb9f88eccef6606e) params={'model_size_mb': '1.5089', 'n_model_params': '63296', 'name': 'seanet_gated_last_gatedattn'}
    [mlflow] logged run 'seanet_gated_last_gatedattn_Crop'  (train_acc=0.8616 val_acc=0.7312 test_acc=0.7288 test_loss=0.8847)
[ 93/129] Crop                         DONE  acc=0.7288 loss=0.8847 AOPCR=  0.226 NDCG=  n/a C= 24 T=   46 (266s)  [92 trained / 0 failed so far]
[ 94/129] DodgerLoopDay
    stage 1/3: loading data ...
    stage 2/3: training on 78 series (no val (train-loss early stop), C=7, T=288, batch=7) ...
    stage 3/3: scoring on 80 test series (accuracy + AOPCR) ...
    [mlflow] versioned model 'seanet_gated_last_gatedattn__mstcn_sep_gated_gated_attention' (id=m-cf68ad3eb43f4f8caba221b4499bf45e) params={'model_size_mb': '1.5041', 'n_model_params': '62038', 'name': 'seanet_gated_last_gatedattn'}
    [mlflow] logged run 'seanet_gated_last_gatedattn_DodgerLoopDay'  (train_acc=1.0000 test_acc=0.5125 test_loss=1.3964)
[ 94/129] DodgerLoopDay                DONE  acc=0.5125 loss=1.3964 AOPCR= -0.199 NDCG=  n/a C=  7 T=  288 (30s)  [93 trained / 0 failed so far]
[ 95/129] DodgerLoopGame
    stage 1/3: loading data ...
    stage 2/3: training on 20 series (no val (train-loss early stop), C=2, T=288, batch=2) ...
    stage 3/3: scoring on 138 test series (accuracy + AOPCR) ...
    [mlflow] versioned model 'seanet_gated_last_gatedattn__mstcn_sep_gated_gated_attention' (id=m-0a5f58e00e16435d8746d0004f46388d) params={'model_size_mb': '1.5027', 'n_model_params': '61668', 'name': 'seanet_gated_last_gatedattn'}
    [mlflow] logged run 'seanet_gated_last_gatedattn_DodgerLoopGame'  (train_acc=1.0000 test_acc=0.8841 test_loss=0.3165)
[ 95/129] DodgerLoopGame               DONE  acc=0.8841 loss=0.3165 AOPCR=  0.254 NDCG=  n/a C=  2 T=  288 (6s)  [94 trained / 0 failed so far]
[ 96/129] DodgerLoopWeekend
    stage 1/3: loading data ...
    stage 2/3: training on 20 series (no val (train-loss early stop), C=2, T=288, batch=2) ...
    stage 3/3: scoring on 138 test series (accuracy + AOPCR) ...
    [mlflow] versioned model 'seanet_gated_last_gatedattn__mstcn_sep_gated_gated_attention' (id=m-1ce7d9fe97d64b2aac9c291a15945679) params={'model_size_mb': '1.5027', 'n_model_params': '61668', 'name': 'seanet_gated_last_gatedattn'}
    [mlflow] logged run 'seanet_gated_last_gatedattn_DodgerLoopWeekend'  (train_acc=1.0000 test_acc=0.8841 test_loss=0.3058)
[ 96/129] DodgerLoopWeekend            DONE  acc=0.8841 loss=0.3058 AOPCR= -0.070 NDCG=  n/a C=  2 T=  288 (9s)  [95 trained / 0 failed so far]
[ 97/129] EOGHorizontalSignal
    stage 1/3: loading data ...
    stage 2/3: training on 290 series (val=72, C=12, T=1250, batch=16) ...
    stage 3/3: scoring on 362 test series (accuracy + AOPCR) ...
    [mlflow] versioned model 'seanet_gated_last_gatedattn__mstcn_sep_gated_gated_attention' (id=m-3f7458db7bcc46a7845c8f63e581da9d) params={'model_size_mb': '1.5055', 'n_model_params': '62408', 'name': 'seanet_gated_last_gatedattn'}
    [mlflow] logged run 'seanet_gated_last_gatedattn_EOGHorizontalSignal'  (train_acc=0.9690 val_acc=0.8333 test_acc=0.5525 test_loss=1.4804)
[ 97/129] EOGHorizontalSignal          DONE  acc=0.5525 loss=1.4804 AOPCR=  2.574 NDCG=  n/a C= 12 T= 1250 (16s)  [96 trained / 0 failed so far]
[ 98/129] EOGVerticalSignal
    stage 1/3: loading data ...
    stage 2/3: training on 290 series (val=72, C=12, T=1250, batch=16) ...
    stage 3/3: scoring on 362 test series (accuracy + AOPCR) ...
    [mlflow] versioned model 'seanet_gated_last_gatedattn__mstcn_sep_gated_gated_attention' (id=m-14eb6b7c85b94972ae6e4280387680d4) params={'model_size_mb': '1.5055', 'n_model_params': '62408', 'name': 'seanet_gated_last_gatedattn'}
    [mlflow] logged run 'seanet_gated_last_gatedattn_EOGVerticalSignal'  (train_acc=1.0000 val_acc=0.8194 test_acc=0.5193 test_loss=1.8005)
[ 98/129] EOGVerticalSignal            DONE  acc=0.5193 loss=1.8005 AOPCR=  1.995 NDCG=  n/a C= 12 T= 1250 (30s)  [97 trained / 0 failed so far]
[ 99/129] EthanolLevel
    stage 1/3: loading data ...
    stage 2/3: training on 404 series (val=100, C=4, T=1751, batch=16) ...
    stage 3/3: scoring on 500 test series (accuracy + AOPCR) ...
    [mlflow] versioned model 'seanet_gated_last_gatedattn__mstcn_sep_gated_gated_attention' (id=m-7d1dcd5dd9af47839abad36848fa26af) params={'model_size_mb': '1.5033', 'n_model_params': '61816', 'name': 'seanet_gated_last_gatedattn'}
    [mlflow] logged run 'seanet_gated_last_gatedattn_EthanolLevel'  (train_acc=0.9554 val_acc=0.8900 test_acc=0.7400 test_loss=0.6616)
[ 99/129] EthanolLevel                 DONE  acc=0.7400 loss=0.6616 AOPCR=  1.704 NDCG=  n/a C=  4 T= 1751 (56s)  [98 trained / 0 failed so far]
[100/129] FreezerRegularTrain
    stage 1/3: loading data ...
    stage 2/3: training on 120 series (val=30, C=2, T=301, batch=12) ...
    stage 3/3: scoring on 2850 test series (accuracy + AOPCR) ...
    [mlflow] versioned model 'seanet_gated_last_gatedattn__mstcn_sep_gated_gated_attention' (id=m-7da90e48faf04cb5a43e241eaa2e7d50) params={'model_size_mb': '1.5027', 'n_model_params': '61668', 'name': 'seanet_gated_last_gatedattn'}
    [mlflow] logged run 'seanet_gated_last_gatedattn_FreezerRegularTrain'  (train_acc=1.0000 val_acc=1.0000 test_acc=0.9944 test_loss=0.0784)
[100/129] FreezerRegularTrain          DONE  acc=0.9944 loss=0.0784 AOPCR=  0.707 NDCG=  n/a C=  2 T=  301 (15s)  [99 trained / 0 failed so far]
[101/129] FreezerSmallTrain
    stage 1/3: loading data ...
    stage 2/3: training on 28 series (no val (train-loss early stop), C=2, T=301, batch=2) ...
    stage 3/3: scoring on 2850 test series (accuracy + AOPCR) ...
    [mlflow] versioned model 'seanet_gated_last_gatedattn__mstcn_sep_gated_gated_attention' (id=m-233f74e4845c4a9ebe542a42576baf33) params={'model_size_mb': '1.5027', 'n_model_params': '61668', 'name': 'seanet_gated_last_gatedattn'}
    [mlflow] logged run 'seanet_gated_last_gatedattn_FreezerSmallTrain'  (train_acc=1.0000 test_acc=0.6825 test_loss=0.7809)
[101/129] FreezerSmallTrain            DONE  acc=0.6825 loss=0.7809 AOPCR=  0.129 NDCG=  n/a C=  2 T=  301 (9s)  [100 trained / 0 failed so far]
[102/129] Fungi
    stage 1/3: loading data ...
    stage 2/3: training on 18 series (no val (train-loss early stop), C=18, T=201, batch=2) ...
    stage 3/3: scoring on 186 test series (accuracy + AOPCR) ...
    [mlflow] versioned model 'seanet_gated_last_gatedattn__mstcn_sep_gated_gated_attention' (id=m-ec497949589f4bb3bf68bdb7caf00c02) params={'model_size_mb': '1.5072', 'n_model_params': '62852', 'name': 'seanet_gated_last_gatedattn'}
    [mlflow] logged run 'seanet_gated_last_gatedattn_Fungi'  (train_acc=1.0000 test_acc=0.9086 test_loss=0.3923)
[102/129] Fungi                        DONE  acc=0.9086 loss=0.3923 AOPCR=  0.368 NDCG=  n/a C= 18 T=  201 (17s)  [101 trained / 0 failed so far]
[103/129] GestureMidAirD1
    stage 1/3: loading data ...
    stage 2/3: training on 182 series (val=26, C=26, T=360, batch=16) ...
    stage 3/3: scoring on 130 test series (accuracy + AOPCR) ...
    [mlflow] versioned model 'seanet_gated_last_gatedattn__mstcn_sep_gated_gated_attention' (id=m-d24a6c1b5ec9418ba9fb374b0ecba790) params={'model_size_mb': '1.5094', 'n_model_params': '63444', 'name': 'seanet_gated_last_gatedattn'}
    [mlflow] logged run 'seanet_gated_last_gatedattn_GestureMidAirD1'  (train_acc=0.8407 val_acc=0.6923 test_acc=0.6231 test_loss=1.0866)
[103/129] GestureMidAirD1              DONE  acc=0.6231 loss=1.0866 AOPCR=  2.237 NDCG=  n/a C= 26 T=  360 (7s)  [102 trained / 0 failed so far]
[104/129] GestureMidAirD2
    stage 1/3: loading data ...
    stage 2/3: training on 182 series (val=26, C=26, T=360, batch=16) ...
    stage 3/3: scoring on 130 test series (accuracy + AOPCR) ...
    [mlflow] versioned model 'seanet_gated_last_gatedattn__mstcn_sep_gated_gated_attention' (id=m-55d7a0024f074007a9ba7d81ad36f7ce) params={'model_size_mb': '1.5094', 'n_model_params': '63444', 'name': 'seanet_gated_last_gatedattn'}
    [mlflow] logged run 'seanet_gated_last_gatedattn_GestureMidAirD2'  (train_acc=0.8022 val_acc=0.5000 test_acc=0.5692 test_loss=1.0841)
[104/129] GestureMidAirD2              DONE  acc=0.5692 loss=1.0841 AOPCR=  2.089 NDCG=  n/a C= 26 T=  360 (9s)  [103 trained / 0 failed so far]
[105/129] GestureMidAirD3
    stage 1/3: loading data ...
    stage 2/3: training on 182 series (val=26, C=26, T=360, batch=16) ...
    stage 3/3: scoring on 130 test series (accuracy + AOPCR) ...
    [mlflow] versioned model 'seanet_gated_last_gatedattn__mstcn_sep_gated_gated_attention' (id=m-27287b04b8224b0e9292d74c1b71b488) params={'model_size_mb': '1.5094', 'n_model_params': '63444', 'name': 'seanet_gated_last_gatedattn'}
    [mlflow] logged run 'seanet_gated_last_gatedattn_GestureMidAirD3'  (train_acc=0.7582 val_acc=0.3462 test_acc=0.3538 test_loss=2.0198)
[105/129] GestureMidAirD3              DONE  acc=0.3538 loss=2.0198 AOPCR=  2.014 NDCG=  n/a C= 26 T=  360 (7s)  [104 trained / 0 failed so far]
[106/129] GesturePebbleZ1
    stage 1/3: loading data ...
    stage 2/3: training on 107 series (val=25, C=6, T=455, batch=10) ...
    stage 3/3: scoring on 172 test series (accuracy + AOPCR) ...
    [mlflow] versioned model 'seanet_gated_last_gatedattn__mstcn_sep_gated_gated_attention' (id=m-009913969d5147eab56dc3aa5811d0df) params={'model_size_mb': '1.5038', 'n_model_params': '61964', 'name': 'seanet_gated_last_gatedattn'}
    [mlflow] logged run 'seanet_gated_last_gatedattn_GesturePebbleZ1'  (train_acc=1.0000 val_acc=1.0000 test_acc=0.9360 test_loss=0.2557)
[106/129] GesturePebbleZ1              DONE  acc=0.9360 loss=0.2557 AOPCR=  1.585 NDCG=  n/a C=  6 T=  455 (14s)  [105 trained / 0 failed so far]
[107/129] GesturePebbleZ2
    stage 1/3: loading data ...
    stage 2/3: training on 120 series (val=26, C=6, T=455, batch=12) ...
    stage 3/3: scoring on 158 test series (accuracy + AOPCR) ...
    [mlflow] versioned model 'seanet_gated_last_gatedattn__mstcn_sep_gated_gated_attention' (id=m-84c533b8170443a38f543db2d95fe2e2) params={'model_size_mb': '1.5038', 'n_model_params': '61964', 'name': 'seanet_gated_last_gatedattn'}
    [mlflow] logged run 'seanet_gated_last_gatedattn_GesturePebbleZ2'  (train_acc=1.0000 val_acc=1.0000 test_acc=0.9051 test_loss=0.4053)
[107/129] GesturePebbleZ2              DONE  acc=0.9051 loss=0.4053 AOPCR=  1.603 NDCG=  n/a C=  6 T=  455 (13s)  [106 trained / 0 failed so far]
[108/129] GunPointAgeSpan
    stage 1/3: loading data ...
    stage 2/3: training on 109 series (val=26, C=2, T=150, batch=10) ...
    stage 3/3: scoring on 316 test series (accuracy + AOPCR) ...
    [mlflow] versioned model 'seanet_gated_last_gatedattn__mstcn_sep_gated_gated_attention' (id=m-703a8555fd4b43929029c8ab7380f883) params={'model_size_mb': '1.5027', 'n_model_params': '61668', 'name': 'seanet_gated_last_gatedattn'}
    [mlflow] logged run 'seanet_gated_last_gatedattn_GunPointAgeSpan'  (train_acc=1.0000 val_acc=1.0000 test_acc=0.9747 test_loss=0.1025)
[108/129] GunPointAgeSpan              DONE  acc=0.9747 loss=0.1025 AOPCR=  0.174 NDCG=  n/a C=  2 T=  150 (12s)  [107 trained / 0 failed so far]
[109/129] GunPointMaleVersusFemale
    stage 1/3: loading data ...
    stage 2/3: training on 109 series (val=26, C=2, T=150, batch=10) ...
    stage 3/3: scoring on 316 test series (accuracy + AOPCR) ...
    [mlflow] versioned model 'seanet_gated_last_gatedattn__mstcn_sep_gated_gated_attention' (id=m-8bad8d52c02c49d5a7f104a4250ba739) params={'model_size_mb': '1.5027', 'n_model_params': '61668', 'name': 'seanet_gated_last_gatedattn'}
    [mlflow] logged run 'seanet_gated_last_gatedattn_GunPointMaleVersusFemale'  (train_acc=1.0000 val_acc=1.0000 test_acc=0.9842 test_loss=0.0898)
[109/129] GunPointMaleVersusFemale     DONE  acc=0.9842 loss=0.0898 AOPCR=  0.480 NDCG=  n/a C=  2 T=  150 (10s)  [108 trained / 0 failed so far]
[110/129] GunPointOldVersusYoung
    stage 1/3: loading data ...
    stage 2/3: training on 109 series (val=27, C=2, T=150, batch=10) ...
    stage 3/3: scoring on 315 test series (accuracy + AOPCR) ...
    [mlflow] versioned model 'seanet_gated_last_gatedattn__mstcn_sep_gated_gated_attention' (id=m-7026740c103341a3a305403fad00bad0) params={'model_size_mb': '1.5027', 'n_model_params': '61668', 'name': 'seanet_gated_last_gatedattn'}
    [mlflow] logged run 'seanet_gated_last_gatedattn_GunPointOldVersusYoung'  (train_acc=1.0000 val_acc=1.0000 test_acc=0.9778 test_loss=0.1115)
[110/129] GunPointOldVersusYoung       DONE  acc=0.9778 loss=0.1115 AOPCR=  0.592 NDCG=  n/a C=  2 T=  150 (16s)  [109 trained / 0 failed so far]
[111/129] HouseTwenty
    stage 1/3: loading data ...
    stage 2/3: training on 40 series (no val (train-loss early stop), C=2, T=2000, batch=4) ...
    stage 3/3: scoring on 119 test series (accuracy + AOPCR) ...
    [mlflow] versioned model 'seanet_gated_last_gatedattn__mstcn_sep_gated_gated_attention' (id=m-443010c1119b41b9996b335d7685affb) params={'model_size_mb': '1.5027', 'n_model_params': '61668', 'name': 'seanet_gated_last_gatedattn'}
    [mlflow] logged run 'seanet_gated_last_gatedattn_HouseTwenty'  (train_acc=1.0000 test_acc=0.9580 test_loss=0.1696)
[111/129] HouseTwenty                  DONE  acc=0.9580 loss=0.1696 AOPCR=  1.161 NDCG=  n/a C=  2 T= 2000 (12s)  [110 trained / 0 failed so far]
[112/129] InsectEPGRegularTrain
    stage 1/3: loading data ...
    stage 2/3: training on 62 series (no val (train-loss early stop), C=3, T=601, batch=6) ...
    stage 3/3: scoring on 249 test series (accuracy + AOPCR) ...
    [mlflow] versioned model 'seanet_gated_last_gatedattn__mstcn_sep_gated_gated_attention' (id=m-f0bfbb13fb8f4de5860711477bcb2ff5) params={'model_size_mb': '1.503', 'n_model_params': '61742', 'name': 'seanet_gated_last_gatedattn'}
    [mlflow] logged run 'seanet_gated_last_gatedattn_InsectEPGRegularTrain'  (train_acc=1.0000 test_acc=0.9398 test_loss=0.1906)
[112/129] InsectEPGRegularTrain        DONE  acc=0.9398 loss=0.1906 AOPCR=  1.770 NDCG=  n/a C=  3 T=  601 (22s)  [111 trained / 0 failed so far]
[113/129] InsectEPGSmallTrain
    stage 1/3: loading data ...
    stage 2/3: training on 17 series (no val (train-loss early stop), C=3, T=601, batch=2) ...
    stage 3/3: scoring on 249 test series (accuracy + AOPCR) ...
    [mlflow] versioned model 'seanet_gated_last_gatedattn__mstcn_sep_gated_gated_attention' (id=m-34d97c92846c49d99533494e1c35a651) params={'model_size_mb': '1.503', 'n_model_params': '61742', 'name': 'seanet_gated_last_gatedattn'}
    [mlflow] logged run 'seanet_gated_last_gatedattn_InsectEPGSmallTrain'  (train_acc=1.0000 test_acc=0.6908 test_loss=0.7310)
[113/129] InsectEPGSmallTrain          DONE  acc=0.6908 loss=0.7310 AOPCR=  0.375 NDCG=  n/a C=  3 T=  601 (12s)  [112 trained / 0 failed so far]
[114/129] MelbournePedestrian
    stage 1/3: loading data ...
    stage 2/3: training on 956 series (val=238, C=10, T=24, batch=16) ...
    stage 3/3: scoring on 2439 test series (accuracy + AOPCR) ...
    [mlflow] versioned model 'seanet_gated_last_gatedattn__mstcn_sep_gated_gated_attention' (id=m-3084ee3149db4ac28513e94d41d556f1) params={'model_size_mb': '1.5049', 'n_model_params': '62260', 'name': 'seanet_gated_last_gatedattn'}
    [mlflow] logged run 'seanet_gated_last_gatedattn_MelbournePedestrian'  (train_acc=1.0000 val_acc=0.9202 test_acc=0.8950 test_loss=0.4201)
[114/129] MelbournePedestrian          DONE  acc=0.8950 loss=0.4201 AOPCR=  0.090 NDCG=  n/a C= 10 T=   24 (81s)  [113 trained / 0 failed so far]
[115/129] MixedShapesRegularTrain
    stage 1/3: loading data ...
    stage 2/3: training on 400 series (val=100, C=5, T=1024, batch=16) ...
    stage 3/3: scoring on 2425 test series (accuracy + AOPCR) ...
    [mlflow] versioned model 'seanet_gated_last_gatedattn__mstcn_sep_gated_gated_attention' (id=m-b20af902805042fdb2a04961ceeb0fb2) params={'model_size_mb': '1.5035', 'n_model_params': '61890', 'name': 'seanet_gated_last_gatedattn'}
    [mlflow] logged run 'seanet_gated_last_gatedattn_MixedShapesRegularTrain'  (train_acc=1.0000 val_acc=0.9700 test_acc=0.9736 test_loss=0.1760)
[115/129] MixedShapesRegularTrain      DONE  acc=0.9736 loss=0.1760 AOPCR=  1.007 NDCG=  n/a C=  5 T= 1024 (36s)  [114 trained / 0 failed so far]
[116/129] MixedShapesSmallTrain
    stage 1/3: loading data ...
    stage 2/3: training on 80 series (val=20, C=5, T=1024, batch=8) ...
    stage 3/3: scoring on 2425 test series (accuracy + AOPCR) ...
    [mlflow] versioned model 'seanet_gated_last_gatedattn__mstcn_sep_gated_gated_attention' (id=m-8d1a90449a674220b54988b0a4b7510e) params={'model_size_mb': '1.5035', 'n_model_params': '61890', 'name': 'seanet_gated_last_gatedattn'}
    [mlflow] logged run 'seanet_gated_last_gatedattn_MixedShapesSmallTrain'  (train_acc=1.0000 val_acc=1.0000 test_acc=0.8515 test_loss=0.4714)
[116/129] MixedShapesSmallTrain        DONE  acc=0.8515 loss=0.4714 AOPCR=  1.137 NDCG=  n/a C=  5 T= 1024 (14s)  [115 trained / 0 failed so far]
[117/129] PLAID
    stage 1/3: loading data ...
    stage 2/3: training on 436 series (val=101, C=11, T=1344, batch=16) ...
    stage 3/3: scoring on 537 test series (accuracy + AOPCR) ...
    [mlflow] versioned model 'seanet_gated_last_gatedattn__mstcn_sep_gated_gated_attention' (id=m-ed1771aee3bb480f96c110a217c1d145) params={'model_size_mb': '1.5051', 'n_model_params': '62334', 'name': 'seanet_gated_last_gatedattn'}
    [mlflow] logged run 'seanet_gated_last_gatedattn_PLAID'  (train_acc=0.9908 val_acc=0.8713 test_acc=0.8901 test_loss=0.4818)
[117/129] PLAID                        DONE  acc=0.8901 loss=0.4818 AOPCR=  1.738 NDCG=  n/a C= 11 T= 1344 (74s)  [116 trained / 0 failed so far]
[118/129] PickupGestureWiimoteZ
    stage 1/3: loading data ...
    stage 2/3: training on 50 series (no val (train-loss early stop), C=10, T=361, batch=5) ...
    stage 3/3: scoring on 50 test series (accuracy + AOPCR) ...
    [mlflow] versioned model 'seanet_gated_last_gatedattn__mstcn_sep_gated_gated_attention' (id=m-f30d41736c054969b5f02ebaf87b9134) params={'model_size_mb': '1.5049', 'n_model_params': '62260', 'name': 'seanet_gated_last_gatedattn'}
    [mlflow] logged run 'seanet_gated_last_gatedattn_PickupGestureWiimoteZ'  (train_acc=1.0000 test_acc=0.8000 test_loss=0.7049)
[118/129] PickupGestureWiimoteZ        DONE  acc=0.8000 loss=0.7049 AOPCR=  1.386 NDCG=  n/a C= 10 T=  361 (27s)  [117 trained / 0 failed so far]
[119/129] PigAirwayPressure
    stage 1/3: loading data ...
    stage 2/3: training on 52 series (val=52, C=52, T=2000, batch=5) ...
    stage 3/3: scoring on 208 test series (accuracy + AOPCR) ...
    [mlflow] versioned model 'seanet_gated_last_gatedattn__mstcn_sep_gated_gated_attention' (id=m-0fefa74e49da44ffa63845f4ff321637) params={'model_size_mb': '1.5168', 'n_model_params': '65368', 'name': 'seanet_gated_last_gatedattn'}
    [mlflow] logged run 'seanet_gated_last_gatedattn_PigAirwayPressure'  (train_acc=0.0769 val_acc=0.0385 test_acc=0.0385 test_loss=3.8624)
[119/129] PigAirwayPressure            DONE  acc=0.0385 loss=3.8624 AOPCR=  0.230 NDCG=  n/a C= 52 T= 2000 (5s)  [118 trained / 0 failed so far]
[120/129] PigArtPressure
    stage 1/3: loading data ...
    stage 2/3: training on 52 series (val=52, C=52, T=2000, batch=5) ...
    stage 3/3: scoring on 208 test series (accuracy + AOPCR) ...
    [mlflow] versioned model 'seanet_gated_last_gatedattn__mstcn_sep_gated_gated_attention' (id=m-730e490fb4284d32a9fda9b9cdcbbc49) params={'model_size_mb': '1.5168', 'n_model_params': '65368', 'name': 'seanet_gated_last_gatedattn'}
    [mlflow] logged run 'seanet_gated_last_gatedattn_PigArtPressure'  (train_acc=1.0000 val_acc=0.4808 test_acc=0.5913 test_loss=1.7153)
[120/129] PigArtPressure               DONE  acc=0.5913 loss=1.7153 AOPCR=  0.624 NDCG=  n/a C= 52 T= 2000 (27s)  [119 trained / 0 failed so far]
[121/129] PigCVP
    stage 1/3: loading data ...
    stage 2/3: training on 52 series (val=52, C=52, T=2000, batch=5) ...
    stage 3/3: scoring on 208 test series (accuracy + AOPCR) ...
    [mlflow] versioned model 'seanet_gated_last_gatedattn__mstcn_sep_gated_gated_attention' (id=m-8a77259808cb4294bc1c167008475d73) params={'model_size_mb': '1.5168', 'n_model_params': '65368', 'name': 'seanet_gated_last_gatedattn'}
    [mlflow] logged run 'seanet_gated_last_gatedattn_PigCVP'  (train_acc=1.0000 val_acc=0.4423 test_acc=0.4856 test_loss=2.1130)
[121/129] PigCVP                       DONE  acc=0.4856 loss=2.1130 AOPCR=  1.308 NDCG=  n/a C= 52 T= 2000 (24s)  [120 trained / 0 failed so far]
[122/129] PowerCons
    stage 1/3: loading data ...
    stage 2/3: training on 144 series (val=36, C=2, T=144, batch=14) ...
    stage 3/3: scoring on 180 test series (accuracy + AOPCR) ...
    [mlflow] versioned model 'seanet_gated_last_gatedattn__mstcn_sep_gated_gated_attention' (id=m-79b9679df0644b888e4d28171afada2b) params={'model_size_mb': '1.5027', 'n_model_params': '61668', 'name': 'seanet_gated_last_gatedattn'}
    [mlflow] logged run 'seanet_gated_last_gatedattn_PowerCons'  (train_acc=1.0000 val_acc=1.0000 test_acc=0.9722 test_loss=0.1437)
[122/129] PowerCons                    DONE  acc=0.9722 loss=0.1437 AOPCR=  0.077 NDCG=  n/a C=  2 T=  144 (6s)  [121 trained / 0 failed so far]
[123/129] Rock
    stage 1/3: loading data ...
    stage 2/3: training on 20 series (no val (train-loss early stop), C=4, T=2844, batch=2) ...
    stage 3/3: scoring on 50 test series (accuracy + AOPCR) ...
    [mlflow] versioned model 'seanet_gated_last_gatedattn__mstcn_sep_gated_gated_attention' (id=m-009cf6defc4041d5ab04beda39a8137c) params={'model_size_mb': '1.5033', 'n_model_params': '61816', 'name': 'seanet_gated_last_gatedattn'}
    [mlflow] logged run 'seanet_gated_last_gatedattn_Rock'  (train_acc=1.0000 test_acc=0.7600 test_loss=0.9243)
[123/129] Rock                         DONE  acc=0.7600 loss=0.9243 AOPCR=  1.730 NDCG=  n/a C=  4 T= 2844 (13s)  [122 trained / 0 failed so far]
[124/129] SemgHandGenderCh2
    stage 1/3: loading data ...
    stage 2/3: training on 240 series (val=60, C=2, T=1500, batch=16) ...
    stage 3/3: scoring on 600 test series (accuracy + AOPCR) ...
    [mlflow] versioned model 'seanet_gated_last_gatedattn__mstcn_sep_gated_gated_attention' (id=m-9281f24f6af94df3ac068cdad9c34df8) params={'model_size_mb': '1.5027', 'n_model_params': '61668', 'name': 'seanet_gated_last_gatedattn'}
    [mlflow] logged run 'seanet_gated_last_gatedattn_SemgHandGenderCh2'  (train_acc=1.0000 val_acc=0.8833 test_acc=0.8550 test_loss=0.3414)
[124/129] SemgHandGenderCh2            DONE  acc=0.8550 loss=0.3414 AOPCR=  1.414 NDCG=  n/a C=  2 T= 1500 (13s)  [123 trained / 0 failed so far]
[125/129] SemgHandMovementCh2
    stage 1/3: loading data ...
    stage 2/3: training on 360 series (val=90, C=6, T=1500, batch=16) ...
    stage 3/3: scoring on 450 test series (accuracy + AOPCR) ...
    [mlflow] versioned model 'seanet_gated_last_gatedattn__mstcn_sep_gated_gated_attention' (id=m-92fc080accce480fb74b8b3da13ea158) params={'model_size_mb': '1.5038', 'n_model_params': '61964', 'name': 'seanet_gated_last_gatedattn'}
    [mlflow] logged run 'seanet_gated_last_gatedattn_SemgHandMovementCh2'  (train_acc=0.7667 val_acc=0.5333 test_acc=0.4800 test_loss=1.3400)
[125/129] SemgHandMovementCh2          DONE  acc=0.4800 loss=1.3400 AOPCR=  1.166 NDCG=  n/a C=  6 T= 1500 (14s)  [124 trained / 0 failed so far]
[126/129] SemgHandSubjectCh2
    stage 1/3: loading data ...
    stage 2/3: training on 360 series (val=90, C=5, T=1500, batch=16) ...
    stage 3/3: scoring on 450 test series (accuracy + AOPCR) ...
    [mlflow] versioned model 'seanet_gated_last_gatedattn__mstcn_sep_gated_gated_attention' (id=m-7fe2a17679e24c05a0130fc5f6a95646) params={'model_size_mb': '1.5035', 'n_model_params': '61890', 'name': 'seanet_gated_last_gatedattn'}
    [mlflow] logged run 'seanet_gated_last_gatedattn_SemgHandSubjectCh2'  (train_acc=1.0000 val_acc=0.9444 test_acc=0.8578 test_loss=0.4469)
[126/129] SemgHandSubjectCh2           DONE  acc=0.8578 loss=0.4469 AOPCR=  1.086 NDCG=  n/a C=  5 T= 1500 (18s)  [125 trained / 0 failed so far]
[127/129] ShakeGestureWiimoteZ
    stage 1/3: loading data ...
    stage 2/3: training on 50 series (no val (train-loss early stop), C=10, T=385, batch=5) ...
    stage 3/3: scoring on 50 test series (accuracy + AOPCR) ...
    [mlflow] versioned model 'seanet_gated_last_gatedattn__mstcn_sep_gated_gated_attention' (id=m-9c6ec0a3e7de4478a2bd1228d7a0ed7c) params={'model_size_mb': '1.5049', 'n_model_params': '62260', 'name': 'seanet_gated_last_gatedattn'}
    [mlflow] logged run 'seanet_gated_last_gatedattn_ShakeGestureWiimoteZ'  (train_acc=1.0000 test_acc=0.8800 test_loss=0.4869)
[127/129] ShakeGestureWiimoteZ         DONE  acc=0.8800 loss=0.4869 AOPCR=  1.511 NDCG=  n/a C= 10 T=  385 (27s)  [126 trained / 0 failed so far]
[128/129] SmoothSubspace
    stage 1/3: loading data ...
    stage 2/3: training on 120 series (val=30, C=3, T=15, batch=12) ...
    stage 3/3: scoring on 150 test series (accuracy + AOPCR) ...
    [mlflow] versioned model 'seanet_gated_last_gatedattn__mstcn_sep_gated_gated_attention' (id=m-d0e10c3f0b324f448eac65aebe0282a6) params={'model_size_mb': '1.503', 'n_model_params': '61742', 'name': 'seanet_gated_last_gatedattn'}
    [mlflow] logged run 'seanet_gated_last_gatedattn_SmoothSubspace'  (train_acc=1.0000 val_acc=1.0000 test_acc=0.9533 test_loss=0.1913)
[128/129] SmoothSubspace               DONE  acc=0.9533 loss=0.1913 AOPCR=  0.297 NDCG=  n/a C=  3 T=   15 (14s)  [127 trained / 0 failed so far]
[129/129] UMD
    stage 1/3: loading data ...
    stage 2/3: training on 36 series (no val (train-loss early stop), C=3, T=150, batch=3) ...
    stage 3/3: scoring on 144 test series (accuracy + AOPCR) ...
    [mlflow] versioned model 'seanet_gated_last_gatedattn__mstcn_sep_gated_gated_attention' (id=m-2c30cee6d78a4a5caa8bb361a776da3a) params={'model_size_mb': '1.503', 'n_model_params': '61742', 'name': 'seanet_gated_last_gatedattn'}
    [mlflow] logged run 'seanet_gated_last_gatedattn_UMD'  (train_acc=1.0000 test_acc=0.9792 test_loss=0.1388)
[129/129] UMD                          DONE  acc=0.9792 loss=0.1388 AOPCR= -0.275 NDCG=  n/a C=  3 T=  150 (24s)  [128 trained / 0 failed so far]

Done: 128 trained, 1 skipped, 0 failed.
Results -> results/SEA_NET/seanet_gated_last_gatedattn__mstcn_sep_gated_gated_attention/results.csv

=== seanet_gated_last_gatedattn__mstcn_sep_gated_gated_attention vs MILLET ConjunctiveInceptionTime (mean of 5 reps) ===
  UCR datasets evaluated: 128  (with MILLET baseline: 85, without: 43)
  metric        ours    MILLET   win/tie/loss   (mean over the 85 datasets MILLET published)
  acc         0.8048    0.8445       17/15/53   
  loss        0.5564    1.2241        58/0/27   (lower is better)
  aopcr       0.4998    4.5532         3/0/82   
  wrote results/SEA_NET/seanet_gated_last_gatedattn__mstcn_sep_gated_gated_attention/comparison_vs_millet.csv

Next: `python main.py report` to draw the figures for seanet_gated_last_gatedattn__mstcn_sep_gated_gated_attention.

[log] finished; full output saved to results/SEA_NET/seanet_gated_last_gatedattn__mstcn_sep_gated_gated_attention/logs/train_2026-07-25_03-51-52.log
