[log] command 'train' started at 2026-08-10_10-58-00 for model 'millet_paper__mil_inceptiontime__mil_conjunctive'
[log] a copy of everything below is being saved to: results/SEA_NET/millet_paper__mil_inceptiontime__mil_conjunctive/logs/train_2026-08-10_10-58-00.log

=== train: model=millet_paper__mil_inceptiontime__mil_conjunctive (config sv1/millet_paper) device=cuda mode=full datasets=129 ===
[params] using DEFAULT recipe (no Optuna record yet - run 'python main.py optuna --model sv1/millet_paper').
  results  -> results/SEA_NET/millet_paper__mil_inceptiontime__mil_conjunctive/results.csv
  resume   -> results/SEA_NET/millet_paper__mil_inceptiontime__mil_conjunctive/done_train_dataset.txt  (delete it to retrain everything; delete one line to retrain that dataset)

  [mlflow] logging runs to experiment 'SEA-Net_millet_paper__mil_inceptiontime__mil_conjunctive_2026-08-10' at sqlite:///mlflow.db
  [mlflow] browse later with:  mlflow ui --backend-store-uri sqlite:///mlflow.db
[  1/129] WebTraffic                   already done -> skip
[  2/129] Adiac                        already done -> skip
[  3/129] ArrowHead                    already done -> skip
[  4/129] Beef                         already done -> skip
[  5/129] BeetleFly                    already done -> skip
[  6/129] BirdChicken                  already done -> skip
[  7/129] Car                          already done -> skip
[  8/129] CBF                          already done -> skip
[  9/129] ChlorineConcentration        already done -> skip
[ 10/129] CinCECGTorso                 already done -> skip
[ 11/129] Coffee                       already done -> skip
[ 12/129] Computers                    already done -> skip
[ 13/129] CricketX                     already done -> skip
[ 14/129] CricketY                     already done -> skip
[ 15/129] CricketZ                     already done -> skip
[ 16/129] DiatomSizeReduction          already done -> skip
[ 17/129] DistalPhalanxOutlineAgeGroup already done -> skip
[ 18/129] DistalPhalanxOutlineCorrect  already done -> skip
[ 19/129] DistalPhalanxTW              already done -> skip
[ 20/129] Earthquakes                  already done -> skip
[ 21/129] ECG200                       already done -> skip
[ 22/129] ECG5000                      already done -> skip
[ 23/129] ECGFiveDays                  already done -> skip
[ 24/129] ElectricDevices
    stage 1/3: loading data ...
    stage 2/3: training on 8926 series (no val (train-loss early stop), C=7, T=96, batch=16) ...
    stage 3/3: scoring on 7711 test series (accuracy + AOPCR) ...
    [mlflow] versioned model 'millet_paper__mil_inceptiontime__mil_conjunctive' (id=m-95703333aedf42a6b8da7b4e94255e7b) params={'model_size_mb': '4.1083', 'n_model_params': '423320', 'name': 'millet_paper'}
    [mlflow] logged run 'millet_paper_ElectricDevices'  (train_acc=0.9938 test_acc=0.7165 test_loss=4.7404)
[ 24/129] ElectricDevices              DONE  acc=0.7165 loss=4.7404 AOPCR=  3.180 NDCG=  n/a C=  7 T=   96 (11023s)  [1 trained / 0 failed so far]
[ 25/129] FaceAll
    stage 1/3: loading data ...
    stage 2/3: training on 560 series (no val (train-loss early stop), C=14, T=131, batch=16) ...
    stage 3/3: scoring on 1690 test series (accuracy + AOPCR) ...
    [mlflow] versioned model 'millet_paper__mil_inceptiontime__mil_conjunctive' (id=m-8f25868798f2471a9dd9e1a5035f54b1) params={'model_size_mb': '4.1117', 'n_model_params': '424223', 'name': 'millet_paper'}
    [mlflow] logged run 'millet_paper_FaceAll'  (train_acc=1.0000 test_acc=0.9450 test_loss=0.3682)
[ 25/129] FaceAll                      DONE  acc=0.9450 loss=0.3682 AOPCR=  3.674 NDCG=  n/a C= 14 T=  131 (691s)  [2 trained / 0 failed so far]
[ 26/129] FaceFour
    stage 1/3: loading data ...
    stage 2/3: training on 24 series (no val (train-loss early stop), C=4, T=350, batch=2) ...
    stage 3/3: scoring on 88 test series (accuracy + AOPCR) ...
    [mlflow] versioned model 'millet_paper__mil_inceptiontime__mil_conjunctive' (id=m-5fba90e17e4740d68f8a5d529e31354c) params={'model_size_mb': '4.1068', 'n_model_params': '422933', 'name': 'millet_paper'}
    [mlflow] logged run 'millet_paper_FaceFour'  (train_acc=1.0000 test_acc=0.9659 test_loss=0.2179)
[ 26/129] FaceFour                     DONE  acc=0.9659 loss=0.2179 AOPCR=  1.410 NDCG=  n/a C=  4 T=  350 (180s)  [3 trained / 0 failed so far]
[ 27/129] FacesUCR
    stage 1/3: loading data ...
    stage 2/3: training on 200 series (no val (train-loss early stop), C=14, T=131, batch=16) ...
    stage 3/3: scoring on 2050 test series (accuracy + AOPCR) ...
    [mlflow] versioned model 'millet_paper__mil_inceptiontime__mil_conjunctive' (id=m-478683878fb846888106d26a965f61e0) params={'model_size_mb': '4.1117', 'n_model_params': '424223', 'name': 'millet_paper'}
    [mlflow] logged run 'millet_paper_FacesUCR'  (train_acc=1.0000 test_acc=0.9605 test_loss=0.1967)
[ 27/129] FacesUCR                     DONE  acc=0.9605 loss=0.1967 AOPCR=  0.350 NDCG=  n/a C= 14 T=  131 (263s)  [4 trained / 0 failed so far]
[ 28/129] FiftyWords
    stage 1/3: loading data ...
    stage 2/3: training on 450 series (no val (train-loss early stop), C=50, T=270, batch=16) ...
    stage 3/3: scoring on 455 test series (accuracy + AOPCR) ...
    [mlflow] versioned model 'millet_paper__mil_inceptiontime__mil_conjunctive' (id=m-322e17c347c34ee78590405c32603df5) params={'model_size_mb': '4.1295', 'n_model_params': '428867', 'name': 'millet_paper'}
    [mlflow] logged run 'millet_paper_FiftyWords'  (train_acc=1.0000 test_acc=0.8286 test_loss=1.1692)
[ 28/129] FiftyWords                   DONE  acc=0.8286 loss=1.1692 AOPCR=  3.773 NDCG=  n/a C= 50 T=  270 (579s)  [5 trained / 0 failed so far]
[ 29/129] Fish
    stage 1/3: loading data ...
    stage 2/3: training on 175 series (no val (train-loss early stop), C=7, T=463, batch=16) ...
    stage 3/3: scoring on 175 test series (accuracy + AOPCR) ...
    [mlflow] versioned model 'millet_paper__mil_inceptiontime__mil_conjunctive' (id=m-c2d13b1b5a144bd1bd05ab04c5a28309) params={'model_size_mb': '4.1083', 'n_model_params': '423320', 'name': 'millet_paper'}
    [mlflow] logged run 'millet_paper_Fish'  (train_acc=1.0000 test_acc=0.9829 test_loss=0.1901)
[ 29/129] Fish                         DONE  acc=0.9829 loss=0.1901 AOPCR=  6.707 NDCG=  n/a C=  7 T=  463 (221s)  [6 trained / 0 failed so far]
[ 30/129] FordA
    stage 1/3: loading data ...
    stage 2/3: training on 3601 series (no val (train-loss early stop), C=2, T=500, batch=16) ...
    stage 3/3: scoring on 1320 test series (accuracy + AOPCR) ...
    [mlflow] versioned model 'millet_paper__mil_inceptiontime__mil_conjunctive' (id=m-9fb51fa0aceb49af8c11a0849122fe80) params={'model_size_mb': '4.1059', 'n_model_params': '422675', 'name': 'millet_paper'}
    [mlflow] logged run 'millet_paper_FordA'  (train_acc=1.0000 test_acc=0.9538 test_loss=0.3662)
[ 30/129] FordA                        DONE  acc=0.9538 loss=0.3662 AOPCR=  6.764 NDCG=  n/a C=  2 T=  500 (4504s)  [7 trained / 0 failed so far]
[ 31/129] FordB
    stage 1/3: loading data ...
    stage 2/3: training on 3636 series (no val (train-loss early stop), C=2, T=500, batch=16) ...
    stage 3/3: scoring on 810 test series (accuracy + AOPCR) ...
    [mlflow] versioned model 'millet_paper__mil_inceptiontime__mil_conjunctive' (id=m-769a166a0fb84ecda56f80866c40b54e) params={'model_size_mb': '4.1059', 'n_model_params': '422675', 'name': 'millet_paper'}
    [mlflow] logged run 'millet_paper_FordB'  (train_acc=1.0000 test_acc=0.8531 test_loss=1.3037)
[ 31/129] FordB                        DONE  acc=0.8531 loss=1.3037 AOPCR=  2.214 NDCG=  n/a C=  2 T=  500 (4526s)  [8 trained / 0 failed so far]
[ 32/129] GunPoint
    stage 1/3: loading data ...
    stage 2/3: training on 50 series (no val (train-loss early stop), C=2, T=150, batch=5) ...
    stage 3/3: scoring on 150 test series (accuracy + AOPCR) ...
    [mlflow] versioned model 'millet_paper__mil_inceptiontime__mil_conjunctive' (id=m-32bc698b6c424ad5aa4fd0cbd5a87e99) params={'model_size_mb': '4.1059', 'n_model_params': '422675', 'name': 'millet_paper'}
    [mlflow] logged run 'millet_paper_GunPoint'  (train_acc=1.0000 test_acc=1.0000 test_loss=0.0026)
[ 32/129] GunPoint                     DONE  acc=1.0000 loss=0.0026 AOPCR=  4.268 NDCG=  n/a C=  2 T=  150 (164s)  [9 trained / 0 failed so far]
[ 33/129] Ham
    stage 1/3: loading data ...
    stage 2/3: training on 109 series (no val (train-loss early stop), C=2, T=431, batch=10) ...
    stage 3/3: scoring on 105 test series (accuracy + AOPCR) ...
    [mlflow] versioned model 'millet_paper__mil_inceptiontime__mil_conjunctive' (id=m-1c15358b0fc441c09ff3212276e0798b) params={'model_size_mb': '4.1059', 'n_model_params': '422675', 'name': 'millet_paper'}
    [mlflow] logged run 'millet_paper_Ham'  (train_acc=1.0000 test_acc=0.7429 test_loss=1.4157)
[ 33/129] Ham                          DONE  acc=0.7429 loss=1.4157 AOPCR=  3.946 NDCG=  n/a C=  2 T=  431 (201s)  [10 trained / 0 failed so far]
[ 34/129] HandOutlines
    stage 1/3: loading data ...
    stage 2/3: training on 1000 series (no val (train-loss early stop), C=2, T=2709, batch=16) ...
    stage 3/3: scoring on 370 test series (accuracy + AOPCR) ...
    [mlflow] versioned model 'millet_paper__mil_inceptiontime__mil_conjunctive' (id=m-7af08a7b9cc04bc983cc54b930bb5d0e) params={'model_size_mb': '4.1059', 'n_model_params': '422675', 'name': 'millet_paper'}
    [mlflow] logged run 'millet_paper_HandOutlines'  (train_acc=1.0000 test_acc=0.9378 test_loss=0.4375)
[ 34/129] HandOutlines                 DONE  acc=0.9378 loss=0.4375 AOPCR=  5.712 NDCG=  n/a C=  2 T= 2709 (3242s)  [11 trained / 0 failed so far]
[ 35/129] Haptics
    stage 1/3: loading data ...
    stage 2/3: training on 155 series (no val (train-loss early stop), C=5, T=1092, batch=15) ...
    stage 3/3: scoring on 308 test series (accuracy + AOPCR) ...
    [mlflow] versioned model 'millet_paper__mil_inceptiontime__mil_conjunctive' (id=m-6027fdf4c0f646e29a58fc929ff2a438) params={'model_size_mb': '4.1073', 'n_model_params': '423062', 'name': 'millet_paper'}
    [mlflow] logged run 'millet_paper_Haptics'  (train_acc=1.0000 test_acc=0.5162 test_loss=2.9136)
[ 35/129] Haptics                      DONE  acc=0.5162 loss=2.9136 AOPCR=  5.412 NDCG=  n/a C=  5 T= 1092 (253s)  [12 trained / 0 failed so far]
[ 36/129] Herring
    stage 1/3: loading data ...
    stage 2/3: training on 64 series (no val (train-loss early stop), C=2, T=512, batch=6) ...
    stage 3/3: scoring on 64 test series (accuracy + AOPCR) ...
    [mlflow] versioned model 'millet_paper__mil_inceptiontime__mil_conjunctive' (id=m-eac83202fa844a7fb71e7a70549265d8) params={'model_size_mb': '4.1059', 'n_model_params': '422675', 'name': 'millet_paper'}
    [mlflow] logged run 'millet_paper_Herring'  (train_acc=1.0000 test_acc=0.5312 test_loss=3.3460)
[ 36/129] Herring                      DONE  acc=0.5312 loss=3.3460 AOPCR=  4.698 NDCG=  n/a C=  2 T=  512 (183s)  [13 trained / 0 failed so far]
[ 37/129] InlineSkate
    stage 1/3: loading data ...
    stage 2/3: training on 100 series (no val (train-loss early stop), C=7, T=1882, batch=10) ...
    stage 3/3: scoring on 550 test series (accuracy + AOPCR) ...
    [mlflow] versioned model 'millet_paper__mil_inceptiontime__mil_conjunctive' (id=m-74421311167342b2bee692f2b09ff3b8) params={'model_size_mb': '4.1083', 'n_model_params': '423320', 'name': 'millet_paper'}
    [mlflow] logged run 'millet_paper_InlineSkate'  (train_acc=1.0000 test_acc=0.5564 test_loss=2.2560)
[ 37/129] InlineSkate                  DONE  acc=0.5564 loss=2.2560 AOPCR=  7.914 NDCG=  n/a C=  7 T= 1882 (257s)  [14 trained / 0 failed so far]
[ 38/129] InsectWingbeatSound
    stage 1/3: loading data ...
    stage 2/3: training on 220 series (no val (train-loss early stop), C=11, T=256, batch=16) ...
    stage 3/3: scoring on 1980 test series (accuracy + AOPCR) ...
    [mlflow] versioned model 'millet_paper__mil_inceptiontime__mil_conjunctive' (id=m-cf60c6faa0c5455c97883ca41a2068c3) params={'model_size_mb': '4.1103', 'n_model_params': '423836', 'name': 'millet_paper'}
    [mlflow] logged run 'millet_paper_InsectWingbeatSound'  (train_acc=1.0000 test_acc=0.6338 test_loss=2.3961)
[ 38/129] InsectWingbeatSound          DONE  acc=0.6338 loss=2.3961 AOPCR=  1.262 NDCG=  n/a C= 11 T=  256 (283s)  [15 trained / 0 failed so far]
[ 39/129] ItalyPowerDemand
    stage 1/3: loading data ...
    stage 2/3: training on 67 series (no val (train-loss early stop), C=2, T=24, batch=6) ...
    stage 3/3: scoring on 1029 test series (accuracy + AOPCR) ...
[ 39/129] ItalyPowerDemand             FAILED: RuntimeError: a Tensor with 16 elements cannot be converted to Scalar
[ 40/129] LargeKitchenAppliances
    stage 1/3: loading data ...
    stage 2/3: training on 375 series (no val (train-loss early stop), C=3, T=720, batch=16) ...
    stage 3/3: scoring on 375 test series (accuracy + AOPCR) ...
    [mlflow] versioned model 'millet_paper__mil_inceptiontime__mil_conjunctive' (id=m-63070ff68eeb456bb7483faaa69b0894) params={'model_size_mb': '4.1064', 'n_model_params': '422804', 'name': 'millet_paper'}
    [mlflow] logged run 'millet_paper_LargeKitchenAppliances'  (train_acc=1.0000 test_acc=0.8960 test_loss=1.0742)
[ 40/129] LargeKitchenAppliances       DONE  acc=0.8960 loss=1.0742 AOPCR= 10.979 NDCG=  n/a C=  3 T=  720 (499s)  [16 trained / 1 failed so far]
[ 41/129] Lightning2
    stage 1/3: loading data ...
    stage 2/3: training on 60 series (no val (train-loss early stop), C=2, T=637, batch=6) ...
    stage 3/3: scoring on 61 test series (accuracy + AOPCR) ...
    [mlflow] versioned model 'millet_paper__mil_inceptiontime__mil_conjunctive' (id=m-0cc794ff4a9c4ae59dde211f6d2ce0a5) params={'model_size_mb': '4.1059', 'n_model_params': '422675', 'name': 'millet_paper'}
    [mlflow] logged run 'millet_paper_Lightning2'  (train_acc=1.0000 test_acc=0.8033 test_loss=0.8795)
[ 41/129] Lightning2                   DONE  acc=0.8033 loss=0.8795 AOPCR=  5.678 NDCG=  n/a C=  2 T=  637 (173s)  [17 trained / 1 failed so far]
[ 42/129] Lightning7
    stage 1/3: loading data ...
    stage 2/3: training on 70 series (no val (train-loss early stop), C=7, T=319, batch=7) ...
    stage 3/3: scoring on 73 test series (accuracy + AOPCR) ...
    [mlflow] versioned model 'millet_paper__mil_inceptiontime__mil_conjunctive' (id=m-d50c4fa814d24bba952ce31f08385b7c) params={'model_size_mb': '4.1083', 'n_model_params': '423320', 'name': 'millet_paper'}
    [mlflow] logged run 'millet_paper_Lightning7'  (train_acc=1.0000 test_acc=0.7534 test_loss=0.9691)
[ 42/129] Lightning7                   DONE  acc=0.7534 loss=0.9691 AOPCR=  5.390 NDCG=  n/a C=  7 T=  319 (181s)  [18 trained / 1 failed so far]
[ 43/129] Mallat
    stage 1/3: loading data ...
    stage 2/3: training on 55 series (no val (train-loss early stop), C=8, T=1024, batch=5) ...
    stage 3/3: scoring on 2345 test series (accuracy + AOPCR) ...
    [mlflow] versioned model 'millet_paper__mil_inceptiontime__mil_conjunctive' (id=m-3cc6e3fac8884f6f8d3c583794474e45) params={'model_size_mb': '4.1088', 'n_model_params': '423449', 'name': 'millet_paper'}
    [mlflow] logged run 'millet_paper_Mallat'  (train_acc=1.0000 test_acc=0.9672 test_loss=0.1488)
[ 43/129] Mallat                       DONE  acc=0.9672 loss=0.1488 AOPCR=  7.049 NDCG=  n/a C=  8 T= 1024 (178s)  [19 trained / 1 failed so far]
[ 44/129] Meat
    stage 1/3: loading data ...
    stage 2/3: training on 60 series (no val (train-loss early stop), C=3, T=448, batch=6) ...
    stage 3/3: scoring on 60 test series (accuracy + AOPCR) ...
    [mlflow] versioned model 'millet_paper__mil_inceptiontime__mil_conjunctive' (id=m-2cf53e8d1bb84683ac83c37e90c4b861) params={'model_size_mb': '4.1064', 'n_model_params': '422804', 'name': 'millet_paper'}
    [mlflow] logged run 'millet_paper_Meat'  (train_acc=1.0000 test_acc=0.9667 test_loss=0.0664)
[ 44/129] Meat                         DONE  acc=0.9667 loss=0.0664 AOPCR=  5.396 NDCG=  n/a C=  3 T=  448 (164s)  [20 trained / 1 failed so far]
[ 45/129] MedicalImages
    stage 1/3: loading data ...
    stage 2/3: training on 381 series (no val (train-loss early stop), C=10, T=99, batch=16) ...
    stage 3/3: scoring on 760 test series (accuracy + AOPCR) ...
    [mlflow] versioned model 'millet_paper__mil_inceptiontime__mil_conjunctive' (id=m-e282a85e39e94e8991a655b18e1b76be) params={'model_size_mb': '4.1098', 'n_model_params': '423707', 'name': 'millet_paper'}
    [mlflow] logged run 'millet_paper_MedicalImages'  (train_acc=1.0000 test_acc=0.8276 test_loss=1.1755)
[ 45/129] MedicalImages                DONE  acc=0.8276 loss=1.1755 AOPCR=  3.382 NDCG=  n/a C= 10 T=   99 (476s)  [21 trained / 1 failed so far]
[ 46/129] MiddlePhalanxOutlineAgeGroup
    stage 1/3: loading data ...
    stage 2/3: training on 400 series (no val (train-loss early stop), C=3, T=80, batch=16) ...
    stage 3/3: scoring on 154 test series (accuracy + AOPCR) ...
    [mlflow] versioned model 'millet_paper__mil_inceptiontime__mil_conjunctive' (id=m-6bc77811841d4fa38182292e423bea10) params={'model_size_mb': '4.1064', 'n_model_params': '422804', 'name': 'millet_paper'}
    [mlflow] logged run 'millet_paper_MiddlePhalanxOutlineAgeGroup'  (train_acc=1.0000 test_acc=0.5130 test_loss=4.1308)
[ 46/129] MiddlePhalanxOutlineAgeGroup DONE  acc=0.5130 loss=4.1308 AOPCR=  3.246 NDCG=  n/a C=  3 T=   80 (489s)  [22 trained / 1 failed so far]
[ 47/129] MiddlePhalanxOutlineCorrect
    stage 1/3: loading data ...
    stage 2/3: training on 600 series (no val (train-loss early stop), C=2, T=80, batch=16) ...
    stage 3/3: scoring on 291 test series (accuracy + AOPCR) ...
    [mlflow] versioned model 'millet_paper__mil_inceptiontime__mil_conjunctive' (id=m-b47c9568349f4cd883e579fc094e8529) params={'model_size_mb': '4.1059', 'n_model_params': '422675', 'name': 'millet_paper'}
    [mlflow] logged run 'millet_paper_MiddlePhalanxOutlineCorrect'  (train_acc=1.0000 test_acc=0.8213 test_loss=1.1213)
[ 47/129] MiddlePhalanxOutlineCorrect  DONE  acc=0.8213 loss=1.1213 AOPCR=  2.410 NDCG=  n/a C=  2 T=   80 (739s)  [23 trained / 1 failed so far]
[ 48/129] MiddlePhalanxTW
    stage 1/3: loading data ...
    stage 2/3: training on 399 series (no val (train-loss early stop), C=6, T=80, batch=16) ...
    stage 3/3: scoring on 154 test series (accuracy + AOPCR) ...
    [mlflow] versioned model 'millet_paper__mil_inceptiontime__mil_conjunctive' (id=m-15b4372f44f34403b07567efb7f21538) params={'model_size_mb': '4.1078', 'n_model_params': '423191', 'name': 'millet_paper'}
    [mlflow] logged run 'millet_paper_MiddlePhalanxTW'  (train_acc=1.0000 test_acc=0.5000 test_loss=4.2288)
[ 48/129] MiddlePhalanxTW              DONE  acc=0.5000 loss=4.2288 AOPCR=  2.062 NDCG=  n/a C=  6 T=   80 (493s)  [24 trained / 1 failed so far]
[ 49/129] MoteStrain
    stage 1/3: loading data ...
    stage 2/3: training on 20 series (no val (train-loss early stop), C=2, T=84, batch=2) ...
    stage 3/3: scoring on 1252 test series (accuracy + AOPCR) ...
    [mlflow] versioned model 'millet_paper__mil_inceptiontime__mil_conjunctive' (id=m-ac02564c80af4ddea1e7b84ad8e54b36) params={'model_size_mb': '4.1059', 'n_model_params': '422675', 'name': 'millet_paper'}
    [mlflow] logged run 'millet_paper_MoteStrain'  (train_acc=1.0000 test_acc=0.9081 test_loss=0.4143)
[ 49/129] MoteStrain                   DONE  acc=0.9081 loss=0.4143 AOPCR=  1.152 NDCG=  n/a C=  2 T=   84 (150s)  [25 trained / 1 failed so far]
[ 50/129] NonInvasiveFetalECGThorax1
    stage 1/3: loading data ...
    stage 2/3: training on 1800 series (no val (train-loss early stop), C=42, T=750, batch=16) ...
    stage 3/3: scoring on 1965 test series (accuracy + AOPCR) ...
    [mlflow] versioned model 'millet_paper__mil_inceptiontime__mil_conjunctive' (id=m-a97f0a39c4484ad19c293b09ff2bf23c) params={'model_size_mb': '4.1255', 'n_model_params': '427835', 'name': 'millet_paper'}
    [mlflow] logged run 'millet_paper_NonInvasiveFetalECGThorax1'  (train_acc=1.0000 test_acc=0.9476 test_loss=0.2591)
[ 50/129] NonInvasiveFetalECGThorax1   DONE  acc=0.9476 loss=0.2591 AOPCR=  0.150 NDCG=  n/a C= 42 T=  750 (2334s)  [26 trained / 1 failed so far]
[ 51/129] NonInvasiveFetalECGThorax2
    stage 1/3: loading data ...
    stage 2/3: training on 1800 series (no val (train-loss early stop), C=42, T=750, batch=16) ...
    stage 3/3: scoring on 1965 test series (accuracy + AOPCR) ...
    [mlflow] versioned model 'millet_paper__mil_inceptiontime__mil_conjunctive' (id=m-ed9ec1db828a4e899519acf2bfde774f) params={'model_size_mb': '4.1255', 'n_model_params': '427835', 'name': 'millet_paper'}
    [mlflow] logged run 'millet_paper_NonInvasiveFetalECGThorax2'  (train_acc=1.0000 test_acc=0.9542 test_loss=0.2998)
[ 51/129] NonInvasiveFetalECGThorax2   DONE  acc=0.9542 loss=0.2998 AOPCR= -0.647 NDCG=  n/a C= 42 T=  750 (2348s)  [27 trained / 1 failed so far]
[ 52/129] OliveOil
    stage 1/3: loading data ...
    stage 2/3: training on 30 series (no val (train-loss early stop), C=4, T=570, batch=3) ...
    stage 3/3: scoring on 30 test series (accuracy + AOPCR) ...
    [mlflow] versioned model 'millet_paper__mil_inceptiontime__mil_conjunctive' (id=m-acfc6f9ef1f24d0ba1ad99ea730f7bc7) params={'model_size_mb': '4.1068', 'n_model_params': '422933', 'name': 'millet_paper'}
    [mlflow] logged run 'millet_paper_OliveOil'  (train_acc=1.0000 test_acc=0.8333 test_loss=0.7212)
[ 52/129] OliveOil                     DONE  acc=0.8333 loss=0.7212 AOPCR= 46.407 NDCG=  n/a C=  4 T=  570 (156s)  [28 trained / 1 failed so far]
[ 53/129] OSULeaf
    stage 1/3: loading data ...
    stage 2/3: training on 200 series (no val (train-loss early stop), C=6, T=427, batch=16) ...
    stage 3/3: scoring on 242 test series (accuracy + AOPCR) ...
    [mlflow] versioned model 'millet_paper__mil_inceptiontime__mil_conjunctive' (id=m-2d35feec5ab24ac28f878a6f6166dad1) params={'model_size_mb': '4.1078', 'n_model_params': '423191', 'name': 'millet_paper'}
    [mlflow] logged run 'millet_paper_OSULeaf'  (train_acc=1.0000 test_acc=0.9421 test_loss=0.2679)
[ 53/129] OSULeaf                      DONE  acc=0.9421 loss=0.2679 AOPCR=  4.481 NDCG=  n/a C=  6 T=  427 (255s)  [29 trained / 1 failed so far]
[ 54/129] PhalangesOutlinesCorrect
    stage 1/3: loading data ...
    stage 2/3: training on 1800 series (no val (train-loss early stop), C=2, T=80, batch=16) ...
    stage 3/3: scoring on 858 test series (accuracy + AOPCR) ...
    [mlflow] versioned model 'millet_paper__mil_inceptiontime__mil_conjunctive' (id=m-a2c25bca2a0b4a45aed06138918da667) params={'model_size_mb': '4.1059', 'n_model_params': '422675', 'name': 'millet_paper'}
    [mlflow] logged run 'millet_paper_PhalangesOutlinesCorrect'  (train_acc=1.0000 test_acc=0.8427 test_loss=1.5173)
[ 54/129] PhalangesOutlinesCorrect     DONE  acc=0.8427 loss=1.5173 AOPCR=  2.941 NDCG=  n/a C=  2 T=   80 (2205s)  [30 trained / 1 failed so far]
[ 55/129] Phoneme
    stage 1/3: loading data ...
    stage 2/3: training on 214 series (no val (train-loss early stop), C=39, T=1024, batch=16) ...
    stage 3/3: scoring on 1896 test series (accuracy + AOPCR) ...
    [mlflow] versioned model 'millet_paper__mil_inceptiontime__mil_conjunctive' (id=m-60fe4e2f61a64fa3b7ceb40dd84b7649) params={'model_size_mb': '4.1241', 'n_model_params': '427448', 'name': 'millet_paper'}
    [mlflow] logged run 'millet_paper_Phoneme'  (train_acc=1.0000 test_acc=0.3080 test_loss=7.0448)
[ 55/129] Phoneme                      DONE  acc=0.3080 loss=7.0448 AOPCR=  2.953 NDCG=  n/a C= 39 T= 1024 (311s)  [31 trained / 1 failed so far]
[ 56/129] Plane
    stage 1/3: loading data ...
    stage 2/3: training on 105 series (no val (train-loss early stop), C=7, T=144, batch=10) ...
    stage 3/3: scoring on 105 test series (accuracy + AOPCR) ...
    [mlflow] versioned model 'millet_paper__mil_inceptiontime__mil_conjunctive' (id=m-7b6358a8406e4cb0943191ceb6accc9e) params={'model_size_mb': '4.1083', 'n_model_params': '423320', 'name': 'millet_paper'}
    [mlflow] logged run 'millet_paper_Plane'  (train_acc=1.0000 test_acc=1.0000 test_loss=0.0000)
[ 56/129] Plane                        DONE  acc=1.0000 loss=0.0000 AOPCR=  1.509 NDCG=  n/a C=  7 T=  144 (196s)  [32 trained / 1 failed so far]
[ 57/129] ProximalPhalanxOutlineAgeGroup
    stage 1/3: loading data ...
    stage 2/3: training on 400 series (no val (train-loss early stop), C=3, T=80, batch=16) ...
    stage 3/3: scoring on 205 test series (accuracy + AOPCR) ...
    [mlflow] versioned model 'millet_paper__mil_inceptiontime__mil_conjunctive' (id=m-f1e5277caa20474e8e57d7b741502f33) params={'model_size_mb': '4.1064', 'n_model_params': '422804', 'name': 'millet_paper'}
    [mlflow] logged run 'millet_paper_ProximalPhalanxOutlineAgeGroup'  (train_acc=1.0000 test_acc=0.8634 test_loss=1.4125)
[ 57/129] ProximalPhalanxOutlineAgeGroup DONE  acc=0.8634 loss=1.4125 AOPCR=  2.215 NDCG=  n/a C=  3 T=   80 (487s)  [33 trained / 1 failed so far]
[ 58/129] ProximalPhalanxOutlineCorrect
    stage 1/3: loading data ...
    stage 2/3: training on 600 series (no val (train-loss early stop), C=2, T=80, batch=16) ...
    stage 3/3: scoring on 291 test series (accuracy + AOPCR) ...
    [mlflow] versioned model 'millet_paper__mil_inceptiontime__mil_conjunctive' (id=m-b0b2f53548324205966be9a430ea96d1) params={'model_size_mb': '4.1059', 'n_model_params': '422675', 'name': 'millet_paper'}
    [mlflow] logged run 'millet_paper_ProximalPhalanxOutlineCorrect'  (train_acc=1.0000 test_acc=0.8797 test_loss=0.6875)
[ 58/129] ProximalPhalanxOutlineCorrect DONE  acc=0.8797 loss=0.6875 AOPCR=  1.620 NDCG=  n/a C=  2 T=   80 (752s)  [34 trained / 1 failed so far]
[ 59/129] ProximalPhalanxTW
    stage 1/3: loading data ...
    stage 2/3: training on 400 series (no val (train-loss early stop), C=6, T=80, batch=16) ...
    stage 3/3: scoring on 205 test series (accuracy + AOPCR) ...
    [mlflow] versioned model 'millet_paper__mil_inceptiontime__mil_conjunctive' (id=m-10064baa1b164bdb980da76c88895606) params={'model_size_mb': '4.1078', 'n_model_params': '423191', 'name': 'millet_paper'}
    [mlflow] logged run 'millet_paper_ProximalPhalanxTW'  (train_acc=1.0000 test_acc=0.7610 test_loss=2.2867)
[ 59/129] ProximalPhalanxTW            DONE  acc=0.7610 loss=2.2867 AOPCR=  8.637 NDCG=  n/a C=  6 T=   80 (491s)  [35 trained / 1 failed so far]
[ 60/129] RefrigerationDevices
    stage 1/3: loading data ...
    stage 2/3: training on 375 series (no val (train-loss early stop), C=3, T=720, batch=16) ...
    stage 3/3: scoring on 375 test series (accuracy + AOPCR) ...
    [mlflow] versioned model 'millet_paper__mil_inceptiontime__mil_conjunctive' (id=m-17e533e353fa4f98ac5099efdc8ed1dc) params={'model_size_mb': '4.1064', 'n_model_params': '422804', 'name': 'millet_paper'}
    [mlflow] logged run 'millet_paper_RefrigerationDevices'  (train_acc=1.0000 test_acc=0.5227 test_loss=6.7248)
[ 60/129] RefrigerationDevices         DONE  acc=0.5227 loss=6.7248 AOPCR=  4.756 NDCG=  n/a C=  3 T=  720 (495s)  [36 trained / 1 failed so far]
[ 61/129] ScreenType
    stage 1/3: loading data ...
    stage 2/3: training on 375 series (no val (train-loss early stop), C=3, T=720, batch=16) ...
    stage 3/3: scoring on 375 test series (accuracy + AOPCR) ...
    [mlflow] versioned model 'millet_paper__mil_inceptiontime__mil_conjunctive' (id=m-5f11bca957164568ac0540b9f265ae1c) params={'model_size_mb': '4.1064', 'n_model_params': '422804', 'name': 'millet_paper'}
    [mlflow] logged run 'millet_paper_ScreenType'  (train_acc=1.0000 test_acc=0.5840 test_loss=3.7013)
[ 61/129] ScreenType                   DONE  acc=0.5840 loss=3.7013 AOPCR=  3.808 NDCG=  n/a C=  3 T=  720 (494s)  [37 trained / 1 failed so far]
[ 62/129] ShapeletSim
    stage 1/3: loading data ...
    stage 2/3: training on 20 series (no val (train-loss early stop), C=2, T=500, batch=2) ...
    stage 3/3: scoring on 180 test series (accuracy + AOPCR) ...
    [mlflow] versioned model 'millet_paper__mil_inceptiontime__mil_conjunctive' (id=m-210862f5217140d6ae765a1e4f3d80a8) params={'model_size_mb': '4.1059', 'n_model_params': '422675', 'name': 'millet_paper'}
    [mlflow] logged run 'millet_paper_ShapeletSim'  (train_acc=1.0000 test_acc=0.9611 test_loss=0.1002)
[ 62/129] ShapeletSim                  DONE  acc=0.9611 loss=0.1002 AOPCR=  3.286 NDCG=  n/a C=  2 T=  500 (151s)  [38 trained / 1 failed so far]
[ 63/129] ShapesAll
    stage 1/3: loading data ...
    stage 2/3: training on 600 series (no val (train-loss early stop), C=60, T=512, batch=16) ...
    stage 3/3: scoring on 600 test series (accuracy + AOPCR) ...
    [mlflow] versioned model 'millet_paper__mil_inceptiontime__mil_conjunctive' (id=m-f07792af71a946c4a0a07c5717b82390) params={'model_size_mb': '4.1344', 'n_model_params': '430157', 'name': 'millet_paper'}
    [mlflow] logged run 'millet_paper_ShapesAll'  (train_acc=1.0000 test_acc=0.9333 test_loss=0.5285)
[ 63/129] ShapesAll                    DONE  acc=0.9333 loss=0.5285 AOPCR= 12.610 NDCG=  n/a C= 60 T=  512 (753s)  [39 trained / 1 failed so far]
[ 64/129] SmallKitchenAppliances
    stage 1/3: loading data ...
    stage 2/3: training on 375 series (no val (train-loss early stop), C=3, T=720, batch=16) ...
