[log] command 'train' started at 2026-08-11_11-11-03 for model 'millet_paper__mil_inceptiontime__mil_conjunctive'
[log] a copy of everything below is being saved to: results/SEA_NET/millet_paper__mil_inceptiontime__mil_conjunctive/logs/train_2026-08-11_11-11-03.log

=== train: model=millet_paper__mil_inceptiontime__mil_conjunctive (config sv1/millet_paper) device=cuda mode=full datasets=129 ===
[params] using DEFAULT recipe (no Optuna record yet - run 'python main.py optuna --model sv1/millet_paper').
  results  -> results/SEA_NET/millet_paper__mil_inceptiontime__mil_conjunctive/results.csv
  resume   -> results/SEA_NET/millet_paper__mil_inceptiontime__mil_conjunctive/done_train_dataset.txt  (delete it to retrain everything; delete one line to retrain that dataset)

  [mlflow] logging runs to experiment 'SEA-Net_millet_paper__mil_inceptiontime__mil_conjunctive_2026-08-11' at sqlite:///mlflow.db
  [mlflow] browse later with:  mlflow ui --backend-store-uri sqlite:///mlflow.db
[  1/129] WebTraffic                   already done -> skip
[  2/129] Adiac                        already done -> skip
[  3/129] ArrowHead                    already done -> skip
[  4/129] Beef                         already done -> skip
[  5/129] BeetleFly                    already done -> skip
[  6/129] BirdChicken                  already done -> skip
[  7/129] Car                          already done -> skip
[  8/129] CBF                          already done -> skip
[  9/129] ChlorineConcentration        already done -> skip
[ 10/129] CinCECGTorso                 already done -> skip
[ 11/129] Coffee                       already done -> skip
[ 12/129] Computers                    already done -> skip
[ 13/129] CricketX                     already done -> skip
[ 14/129] CricketY                     already done -> skip
[ 15/129] CricketZ                     already done -> skip
[ 16/129] DiatomSizeReduction          already done -> skip
[ 17/129] DistalPhalanxOutlineAgeGroup already done -> skip
[ 18/129] DistalPhalanxOutlineCorrect  already done -> skip
[ 19/129] DistalPhalanxTW              already done -> skip
[ 20/129] Earthquakes                  already done -> skip
[ 21/129] ECG200                       already done -> skip
[ 22/129] ECG5000                      already done -> skip
[ 23/129] ECGFiveDays                  already done -> skip
[ 24/129] ElectricDevices              already done -> skip
[ 25/129] FaceAll                      already done -> skip
[ 26/129] FaceFour                     already done -> skip
[ 27/129] FacesUCR                     already done -> skip
[ 28/129] FiftyWords                   already done -> skip
[ 29/129] Fish                         already done -> skip
[ 30/129] FordA                        already done -> skip
[ 31/129] FordB                        already done -> skip
[ 32/129] GunPoint                     already done -> skip
[ 33/129] Ham                          already done -> skip
[ 34/129] HandOutlines                 already done -> skip
[ 35/129] Haptics                      already done -> skip
[ 36/129] Herring                      already done -> skip
[ 37/129] InlineSkate                  already done -> skip
[ 38/129] InsectWingbeatSound          already done -> skip
[ 39/129] ItalyPowerDemand
    stage 1/3: loading data ...
    stage 2/3: training on 67 series (no val (train-loss early stop), C=2, T=24, batch=6) ...
    stage 3/3: scoring on 1029 test series (accuracy + AOPCR) ...
[ 39/129] ItalyPowerDemand             FAILED: RuntimeError: a Tensor with 16 elements cannot be converted to Scalar
[ 40/129] LargeKitchenAppliances       already done -> skip
[ 41/129] Lightning2                   already done -> skip
[ 42/129] Lightning7                   already done -> skip
[ 43/129] Mallat                       already done -> skip
[ 44/129] Meat                         already done -> skip
[ 45/129] MedicalImages                already done -> skip
[ 46/129] MiddlePhalanxOutlineAgeGroup already done -> skip
[ 47/129] MiddlePhalanxOutlineCorrect  already done -> skip
[ 48/129] MiddlePhalanxTW              already done -> skip
[ 49/129] MoteStrain                   already done -> skip
[ 50/129] NonInvasiveFetalECGThorax1   already done -> skip
[ 51/129] NonInvasiveFetalECGThorax2   already done -> skip
[ 52/129] OliveOil                     already done -> skip
[ 53/129] OSULeaf                      already done -> skip
[ 54/129] PhalangesOutlinesCorrect     already done -> skip
[ 55/129] Phoneme                      already done -> skip
[ 56/129] Plane                        already done -> skip
[ 57/129] ProximalPhalanxOutlineAgeGroup already done -> skip
[ 58/129] ProximalPhalanxOutlineCorrect already done -> skip
[ 59/129] ProximalPhalanxTW            already done -> skip
[ 60/129] RefrigerationDevices         already done -> skip
[ 61/129] ScreenType                   already done -> skip
[ 62/129] ShapeletSim                  already done -> skip
[ 63/129] ShapesAll                    already done -> skip
[ 64/129] SmallKitchenAppliances       already done -> skip
[ 65/129] SonyAIBORobotSurface1        already done -> skip
[ 66/129] SonyAIBORobotSurface2        already done -> skip
[ 67/129] StarLightCurves
    stage 1/3: loading data ...
    stage 2/3: training on 1000 series (no val (train-loss early stop), C=3, T=1024, batch=16) ...
    stage 3/3: scoring on 8236 test series (accuracy + AOPCR) ...
    [mlflow] versioned model 'millet_paper__mil_inceptiontime__mil_conjunctive' (id=m-8d9cbddd718741e79286bb8febcfca6c) params={'model_size_mb': '4.1064', 'n_model_params': '422804', 'name': 'millet_paper'}
    [mlflow] logged run 'millet_paper_StarLightCurves'  (train_acc=1.0000 test_acc=0.9774 test_loss=0.1980)
[ 67/129] StarLightCurves              DONE  acc=0.9774 loss=0.1980 AOPCR=  7.065 NDCG=  n/a C=  3 T= 1024 (2049s)  [1 trained / 1 failed so far]
[ 68/129] Strawberry
    stage 1/3: loading data ...
    stage 2/3: training on 613 series (no val (train-loss early stop), C=2, T=235, batch=16) ...
    stage 3/3: scoring on 370 test series (accuracy + AOPCR) ...
    [mlflow] versioned model 'millet_paper__mil_inceptiontime__mil_conjunctive' (id=m-8e139e1533c14379888bcd83cb885f86) params={'model_size_mb': '4.1059', 'n_model_params': '422675', 'name': 'millet_paper'}
    [mlflow] logged run 'millet_paper_Strawberry'  (train_acc=1.0000 test_acc=0.9649 test_loss=0.2137)
[ 68/129] Strawberry                   DONE  acc=0.9649 loss=0.2137 AOPCR= 10.038 NDCG=  n/a C=  2 T=  235 (1223s)  [2 trained / 1 failed so far]
[ 69/129] SwedishLeaf
    stage 1/3: loading data ...
    stage 2/3: training on 500 series (no val (train-loss early stop), C=15, T=128, batch=16) ...
    stage 3/3: scoring on 625 test series (accuracy + AOPCR) ...
    [mlflow] versioned model 'millet_paper__mil_inceptiontime__mil_conjunctive' (id=m-bca0d4defeb149479c13cabc15d219a2) params={'model_size_mb': '4.1122', 'n_model_params': '424352', 'name': 'millet_paper'}
    [mlflow] logged run 'millet_paper_SwedishLeaf'  (train_acc=1.0000 test_acc=0.9648 test_loss=0.1963)
[ 69/129] SwedishLeaf                  DONE  acc=0.9648 loss=0.1963 AOPCR=  5.213 NDCG=  n/a C= 15 T=  128 (996s)  [3 trained / 1 failed so far]
[ 70/129] Symbols
    stage 1/3: loading data ...
    stage 2/3: training on 25 series (no val (train-loss early stop), C=6, T=398, batch=2) ...
    stage 3/3: scoring on 995 test series (accuracy + AOPCR) ...
    [mlflow] versioned model 'millet_paper__mil_inceptiontime__mil_conjunctive' (id=m-c9614667ded043389a8053c8d0a8c1ef) params={'model_size_mb': '4.1078', 'n_model_params': '423191', 'name': 'millet_paper'}
    [mlflow] logged run 'millet_paper_Symbols'  (train_acc=1.0000 test_acc=0.9749 test_loss=0.0802)
[ 70/129] Symbols                      DONE  acc=0.9749 loss=0.0802 AOPCR=  3.997 NDCG=  n/a C=  6 T=  398 (302s)  [4 trained / 1 failed so far]
[ 71/129] SyntheticControl
    stage 1/3: loading data ...
    stage 2/3: training on 300 series (no val (train-loss early stop), C=6, T=60, batch=16) ...
    stage 3/3: scoring on 300 test series (accuracy + AOPCR) ...
    [mlflow] versioned model 'millet_paper__mil_inceptiontime__mil_conjunctive' (id=m-c5f178a8a5b04d249f1372bd449ea176) params={'model_size_mb': '4.1078', 'n_model_params': '423191', 'name': 'millet_paper'}
    [mlflow] logged run 'millet_paper_SyntheticControl'  (train_acc=1.0000 test_acc=1.0000 test_loss=0.0018)
[ 71/129] SyntheticControl             DONE  acc=1.0000 loss=0.0018 AOPCR=  5.218 NDCG=  n/a C=  6 T=   60 (580s)  [5 trained / 1 failed so far]
[ 72/129] ToeSegmentation1
    stage 1/3: loading data ...
    stage 2/3: training on 40 series (no val (train-loss early stop), C=2, T=277, batch=4) ...
    stage 3/3: scoring on 228 test series (accuracy + AOPCR) ...
    [mlflow] versioned model 'millet_paper__mil_inceptiontime__mil_conjunctive' (id=m-d19c923a9427451698628dca5b6ee17f) params={'model_size_mb': '4.1059', 'n_model_params': '422675', 'name': 'millet_paper'}
    [mlflow] logged run 'millet_paper_ToeSegmentation1'  (train_acc=1.0000 test_acc=0.9737 test_loss=0.1421)
[ 72/129] ToeSegmentation1             DONE  acc=0.9737 loss=0.1421 AOPCR=  2.543 NDCG=  n/a C=  2 T=  277 (253s)  [6 trained / 1 failed so far]
[ 73/129] ToeSegmentation2
    stage 1/3: loading data ...
    stage 2/3: training on 36 series (no val (train-loss early stop), C=2, T=343, batch=3) ...
    stage 3/3: scoring on 130 test series (accuracy + AOPCR) ...
    [mlflow] versioned model 'millet_paper__mil_inceptiontime__mil_conjunctive' (id=m-53dc2978ba644bfe96258433202584a1) params={'model_size_mb': '4.1059', 'n_model_params': '422675', 'name': 'millet_paper'}
    [mlflow] logged run 'millet_paper_ToeSegmentation2'  (train_acc=1.0000 test_acc=0.9077 test_loss=0.4235)
[ 73/129] ToeSegmentation2             DONE  acc=0.9077 loss=0.4235 AOPCR=  2.642 NDCG=  n/a C=  2 T=  343 (296s)  [7 trained / 1 failed so far]
[ 74/129] Trace
    stage 1/3: loading data ...
    stage 2/3: training on 100 series (no val (train-loss early stop), C=4, T=275, batch=10) ...
    stage 3/3: scoring on 100 test series (accuracy + AOPCR) ...
    [mlflow] versioned model 'millet_paper__mil_inceptiontime__mil_conjunctive' (id=m-d460f93033be4ee796e46956077fcab9) params={'model_size_mb': '4.1068', 'n_model_params': '422933', 'name': 'millet_paper'}
    [mlflow] logged run 'millet_paper_Trace'  (train_acc=1.0000 test_acc=1.0000 test_loss=0.0000)
[ 74/129] Trace                        DONE  acc=1.0000 loss=0.0000 AOPCR=  9.374 NDCG=  n/a C=  4 T=  275 (292s)  [8 trained / 1 failed so far]
[ 75/129] TwoLeadECG
    stage 1/3: loading data ...
    stage 2/3: training on 23 series (no val (train-loss early stop), C=2, T=82, batch=2) ...
    stage 3/3: scoring on 1139 test series (accuracy + AOPCR) ...
    [mlflow] versioned model 'millet_paper__mil_inceptiontime__mil_conjunctive' (id=m-5d803a4de52e4b0fa2e8c6600dff9883) params={'model_size_mb': '4.1059', 'n_model_params': '422675', 'name': 'millet_paper'}
    [mlflow] logged run 'millet_paper_TwoLeadECG'  (train_acc=1.0000 test_acc=0.9991 test_loss=0.0079)
[ 75/129] TwoLeadECG                   DONE  acc=0.9991 loss=0.0079 AOPCR=  6.816 NDCG=  n/a C=  2 T=   82 (277s)  [9 trained / 1 failed so far]
[ 76/129] TwoPatterns
    stage 1/3: loading data ...
    stage 2/3: training on 1000 series (no val (train-loss early stop), C=4, T=128, batch=16) ...
    stage 3/3: scoring on 4000 test series (accuracy + AOPCR) ...
    [mlflow] versioned model 'millet_paper__mil_inceptiontime__mil_conjunctive' (id=m-82fcdc90a9ed4d0291819d28aab91828) params={'model_size_mb': '4.1068', 'n_model_params': '422933', 'name': 'millet_paper'}
    [mlflow] logged run 'millet_paper_TwoPatterns'  (train_acc=1.0000 test_acc=1.0000 test_loss=0.0000)
[ 76/129] TwoPatterns                  DONE  acc=1.0000 loss=0.0000 AOPCR= 10.233 NDCG=  n/a C=  4 T=  128 (1902s)  [10 trained / 1 failed so far]
[ 77/129] UWaveGestureLibraryAll
    stage 1/3: loading data ...
    stage 2/3: training on 896 series (no val (train-loss early stop), C=8, T=945, batch=16) ...
    stage 3/3: scoring on 3582 test series (accuracy + AOPCR) ...
    [mlflow] versioned model 'millet_paper__mil_inceptiontime__mil_conjunctive' (id=m-e32f61a1311b40259051d3864c6d958f) params={'model_size_mb': '4.1088', 'n_model_params': '423449', 'name': 'millet_paper'}
    [mlflow] logged run 'millet_paper_UWaveGestureLibraryAll'  (train_acc=1.0000 test_acc=0.9450 test_loss=0.3465)
[ 77/129] UWaveGestureLibraryAll       DONE  acc=0.9450 loss=0.3465 AOPCR=  7.252 NDCG=  n/a C=  8 T=  945 (1785s)  [11 trained / 1 failed so far]
[ 78/129] UWaveGestureLibraryX
    stage 1/3: loading data ...
    stage 2/3: training on 896 series (no val (train-loss early stop), C=8, T=315, batch=16) ...
    stage 3/3: scoring on 3582 test series (accuracy + AOPCR) ...
    [mlflow] versioned model 'millet_paper__mil_inceptiontime__mil_conjunctive' (id=m-35bf01b12b4743e38cf7dee49d916967) params={'model_size_mb': '4.1088', 'n_model_params': '423449', 'name': 'millet_paper'}
    [mlflow] logged run 'millet_paper_UWaveGestureLibraryX'  (train_acc=1.0000 test_acc=0.8118 test_loss=1.5668)
[ 78/129] UWaveGestureLibraryX         DONE  acc=0.8118 loss=1.5668 AOPCR=  4.339 NDCG=  n/a C=  8 T=  315 (1781s)  [12 trained / 1 failed so far]
[ 79/129] UWaveGestureLibraryY
    stage 1/3: loading data ...
    stage 2/3: training on 896 series (no val (train-loss early stop), C=8, T=315, batch=16) ...
    stage 3/3: scoring on 3582 test series (accuracy + AOPCR) ...
    [mlflow] versioned model 'millet_paper__mil_inceptiontime__mil_conjunctive' (id=m-8a8a65cb9ac44a19a2ef6dbf35370add) params={'model_size_mb': '4.1088', 'n_model_params': '423449', 'name': 'millet_paper'}
    [mlflow] logged run 'millet_paper_UWaveGestureLibraryY'  (train_acc=1.0000 test_acc=0.7462 test_loss=1.9090)
[ 79/129] UWaveGestureLibraryY         DONE  acc=0.7462 loss=1.9090 AOPCR=  4.046 NDCG=  n/a C=  8 T=  315 (1774s)  [13 trained / 1 failed so far]
[ 80/129] UWaveGestureLibraryZ
    stage 1/3: loading data ...
    stage 2/3: training on 896 series (no val (train-loss early stop), C=8, T=315, batch=16) ...
    stage 3/3: scoring on 3582 test series (accuracy + AOPCR) ...
    [mlflow] versioned model 'millet_paper__mil_inceptiontime__mil_conjunctive' (id=m-affc7b7205304f2db167a385f04b4091) params={'model_size_mb': '4.1088', 'n_model_params': '423449', 'name': 'millet_paper'}
    [mlflow] logged run 'millet_paper_UWaveGestureLibraryZ'  (train_acc=1.0000 test_acc=0.7395 test_loss=2.0915)
[ 80/129] UWaveGestureLibraryZ         DONE  acc=0.7395 loss=2.0915 AOPCR=  5.163 NDCG=  n/a C=  8 T=  315 (1773s)  [14 trained / 1 failed so far]
[ 81/129] Wafer
    stage 1/3: loading data ...
    stage 2/3: training on 1000 series (no val (train-loss early stop), C=2, T=152, batch=16) ...
    stage 3/3: scoring on 6164 test series (accuracy + AOPCR) ...
    [mlflow] versioned model 'millet_paper__mil_inceptiontime__mil_conjunctive' (id=m-35adb4a3d0f7482a82ff5aab6da2fc84) params={'model_size_mb': '4.1059', 'n_model_params': '422675', 'name': 'millet_paper'}
    [mlflow] logged run 'millet_paper_Wafer'  (train_acc=1.0000 test_acc=0.9966 test_loss=0.0298)
[ 81/129] Wafer                        DONE  acc=0.9966 loss=0.0298 AOPCR= -0.316 NDCG=  n/a C=  2 T=  152 (1984s)  [15 trained / 1 failed so far]
[ 82/129] Wine
    stage 1/3: loading data ...
    stage 2/3: training on 57 series (no val (train-loss early stop), C=2, T=234, batch=5) ...
    stage 3/3: scoring on 54 test series (accuracy + AOPCR) ...
    [mlflow] versioned model 'millet_paper__mil_inceptiontime__mil_conjunctive' (id=m-c53686e3aa464e00ac596e2027cb32c3) params={'model_size_mb': '4.1059', 'n_model_params': '422675', 'name': 'millet_paper'}
    [mlflow] logged run 'millet_paper_Wine'  (train_acc=1.0000 test_acc=0.8148 test_loss=0.4007)
[ 82/129] Wine                         DONE  acc=0.8148 loss=0.4007 AOPCR=-76.365 NDCG=  n/a C=  2 T=  234 (308s)  [16 trained / 1 failed so far]
[ 83/129] WordSynonyms
    stage 1/3: loading data ...
    stage 2/3: training on 267 series (no val (train-loss early stop), C=25, T=270, batch=16) ...
    stage 3/3: scoring on 638 test series (accuracy + AOPCR) ...
    [mlflow] versioned model 'millet_paper__mil_inceptiontime__mil_conjunctive' (id=m-a13f00314cf84a729ac07af73e3dbd5e) params={'model_size_mb': '4.1172', 'n_model_params': '425642', 'name': 'millet_paper'}
    [mlflow] logged run 'millet_paper_WordSynonyms'  (train_acc=1.0000 test_acc=0.7414 test_loss=1.7940)
[ 83/129] WordSynonyms                 DONE  acc=0.7414 loss=1.7940 AOPCR=  2.656 NDCG=  n/a C= 25 T=  270 (551s)  [17 trained / 1 failed so far]
[ 84/129] Worms
    stage 1/3: loading data ...
    stage 2/3: training on 181 series (no val (train-loss early stop), C=5, T=900, batch=16) ...
    stage 3/3: scoring on 77 test series (accuracy + AOPCR) ...
    [mlflow] versioned model 'millet_paper__mil_inceptiontime__mil_conjunctive' (id=m-261d4233b88543648a654ad5a03ec3b3) params={'model_size_mb': '4.1073', 'n_model_params': '423062', 'name': 'millet_paper'}
    [mlflow] logged run 'millet_paper_Worms'  (train_acc=1.0000 test_acc=0.7532 test_loss=1.3058)
[ 84/129] Worms                        DONE  acc=0.7532 loss=1.3058 AOPCR=  4.718 NDCG=  n/a C=  5 T=  900 (383s)  [18 trained / 1 failed so far]
[ 85/129] WormsTwoClass
    stage 1/3: loading data ...
    stage 2/3: training on 181 series (no val (train-loss early stop), C=2, T=900, batch=16) ...
    stage 3/3: scoring on 77 test series (accuracy + AOPCR) ...
    [mlflow] versioned model 'millet_paper__mil_inceptiontime__mil_conjunctive' (id=m-88bcb325b02443f8978616e6b7f61316) params={'model_size_mb': '4.1059', 'n_model_params': '422675', 'name': 'millet_paper'}
    [mlflow] logged run 'millet_paper_WormsTwoClass'  (train_acc=1.0000 test_acc=0.7662 test_loss=1.5149)
[ 85/129] WormsTwoClass                DONE  acc=0.7662 loss=1.5149 AOPCR=  3.142 NDCG=  n/a C=  2 T=  900 (386s)  [19 trained / 1 failed so far]
[ 86/129] Yoga
    stage 1/3: loading data ...
    stage 2/3: training on 300 series (no val (train-loss early stop), C=2, T=426, batch=16) ...
    stage 3/3: scoring on 3000 test series (accuracy + AOPCR) ...
    [mlflow] versioned model 'millet_paper__mil_inceptiontime__mil_conjunctive' (id=m-9b2c2f948e9c4c568d9cba639b7bebd0) params={'model_size_mb': '4.1059', 'n_model_params': '422675', 'name': 'millet_paper'}
    [mlflow] logged run 'millet_paper_Yoga'  (train_acc=1.0000 test_acc=0.8933 test_loss=0.6214)
[ 86/129] Yoga                         DONE  acc=0.8933 loss=0.6214 AOPCR=  4.769 NDCG=  n/a C=  2 T=  426 (601s)  [20 trained / 1 failed so far]
[ 87/129] ACSF1
    stage 1/3: loading data ...
    stage 2/3: training on 100 series (no val (train-loss early stop), C=10, T=1460, batch=10) ...
    stage 3/3: scoring on 100 test series (accuracy + AOPCR) ...
    [mlflow] versioned model 'millet_paper__mil_inceptiontime__mil_conjunctive' (id=m-99ec706c261344e5979e43d0daab6d9d) params={'model_size_mb': '4.1098', 'n_model_params': '423707', 'name': 'millet_paper'}
    [mlflow] logged run 'millet_paper_ACSF1'  (train_acc=1.0000 test_acc=0.9400 test_loss=0.2893)
[ 87/129] ACSF1                        DONE  acc=0.9400 loss=0.2893 AOPCR= -0.104 NDCG=  n/a C= 10 T= 1460 (306s)  [21 trained / 1 failed so far]
[ 88/129] AllGestureWiimoteX
    stage 1/3: loading data ...
    stage 2/3: training on 300 series (no val (train-loss early stop), C=10, T=500, batch=16) ...
    stage 3/3: scoring on 700 test series (accuracy + AOPCR) ...
    [mlflow] versioned model 'millet_paper__mil_inceptiontime__mil_conjunctive' (id=m-b5e3acc68a53415c9d9d866b441df083) params={'model_size_mb': '4.1098', 'n_model_params': '423707', 'name': 'millet_paper'}
    [mlflow] logged run 'millet_paper_AllGestureWiimoteX'  (train_acc=1.0000 test_acc=0.7600 test_loss=1.5026)
[ 88/129] AllGestureWiimoteX           DONE  acc=0.7600 loss=1.5026 AOPCR=  5.631 NDCG=  n/a C= 10 T=  500 (607s)  [22 trained / 1 failed so far]
[ 89/129] AllGestureWiimoteY
    stage 1/3: loading data ...
    stage 2/3: training on 300 series (no val (train-loss early stop), C=10, T=500, batch=16) ...
    stage 3/3: scoring on 700 test series (accuracy + AOPCR) ...
    [mlflow] versioned model 'millet_paper__mil_inceptiontime__mil_conjunctive' (id=m-cbbdf6ac071541a49df81f9a5d619820) params={'model_size_mb': '4.1098', 'n_model_params': '423707', 'name': 'millet_paper'}
    [mlflow] logged run 'millet_paper_AllGestureWiimoteY'  (train_acc=1.0000 test_acc=0.8100 test_loss=1.1603)
[ 89/129] AllGestureWiimoteY           DONE  acc=0.8100 loss=1.1603 AOPCR=  6.928 NDCG=  n/a C= 10 T=  500 (611s)  [23 trained / 1 failed so far]
[ 90/129] AllGestureWiimoteZ
    stage 1/3: loading data ...
    stage 2/3: training on 300 series (no val (train-loss early stop), C=10, T=500, batch=16) ...
    stage 3/3: scoring on 700 test series (accuracy + AOPCR) ...
    [mlflow] versioned model 'millet_paper__mil_inceptiontime__mil_conjunctive' (id=m-374a9eaec9ba47acbd4771c4118c77c6) params={'model_size_mb': '4.1098', 'n_model_params': '423707', 'name': 'millet_paper'}
    [mlflow] logged run 'millet_paper_AllGestureWiimoteZ'  (train_acc=1.0000 test_acc=0.7629 test_loss=1.3996)
[ 90/129] AllGestureWiimoteZ           DONE  acc=0.7629 loss=1.3996 AOPCR=  5.160 NDCG=  n/a C= 10 T=  500 (611s)  [24 trained / 1 failed so far]
[ 91/129] BME
    stage 1/3: loading data ...
    stage 2/3: training on 30 series (no val (train-loss early stop), C=3, T=128, batch=3) ...
    stage 3/3: scoring on 150 test series (accuracy + AOPCR) ...
    [mlflow] versioned model 'millet_paper__mil_inceptiontime__mil_conjunctive' (id=m-e8e89848d2ad4aa6a8382e9a739abacd) params={'model_size_mb': '4.1064', 'n_model_params': '422804', 'name': 'millet_paper'}
    [mlflow] logged run 'millet_paper_BME'  (train_acc=1.0000 test_acc=1.0000 test_loss=0.0006)
[ 91/129] BME                          DONE  acc=1.0000 loss=0.0006 AOPCR=  5.689 NDCG=  n/a C=  3 T=  128 (239s)  [25 trained / 1 failed so far]
[ 92/129] Chinatown
    stage 1/3: loading data ...
    stage 2/3: training on 20 series (no val (train-loss early stop), C=2, T=24, batch=2) ...
    stage 3/3: scoring on 343 test series (accuracy + AOPCR) ...
[ 92/129] Chinatown                    FAILED: RuntimeError: a Tensor with 16 elements cannot be converted to Scalar
[ 93/129] Crop
    stage 1/3: loading data ...
    stage 2/3: training on 7200 series (no val (train-loss early stop), C=24, T=46, batch=16) ...
    stage 3/3: scoring on 16800 test series (accuracy + AOPCR) ...
    [mlflow] versioned model 'millet_paper__mil_inceptiontime__mil_conjunctive' (id=m-4fc58a3391314222a4f71b058e6c1bad) params={'model_size_mb': '4.1167', 'n_model_params': '425513', 'name': 'millet_paper'}
    [mlflow] logged run 'millet_paper_Crop'  (train_acc=1.0000 test_acc=0.7441 test_loss=3.2094)
[ 93/129] Crop                         DONE  acc=0.7441 loss=3.2094 AOPCR= -0.271 NDCG=  n/a C= 24 T=   46 (13548s)  [26 trained / 2 failed so far]
[ 94/129] DodgerLoopDay
    stage 1/3: loading data ...
    stage 2/3: training on 78 series (no val (train-loss early stop), C=7, T=288, batch=7) ...
    stage 3/3: scoring on 80 test series (accuracy + AOPCR) ...
    [mlflow] versioned model 'millet_paper__mil_inceptiontime__mil_conjunctive' (id=m-b5ee9060230f4088878ca88cd4200775) params={'model_size_mb': '4.1083', 'n_model_params': '423320', 'name': 'millet_paper'}
    [mlflow] logged run 'millet_paper_DodgerLoopDay'  (train_acc=1.0000 test_acc=0.4375 test_loss=2.4738)
[ 94/129] DodgerLoopDay                DONE  acc=0.4375 loss=2.4738 AOPCR=  2.477 NDCG=  n/a C=  7 T=  288 (284s)  [27 trained / 2 failed so far]
[ 95/129] DodgerLoopGame
    stage 1/3: loading data ...
    stage 2/3: training on 20 series (no val (train-loss early stop), C=2, T=288, batch=2) ...
    stage 3/3: scoring on 138 test series (accuracy + AOPCR) ...
    [mlflow] versioned model 'millet_paper__mil_inceptiontime__mil_conjunctive' (id=m-f43f19c30b6b441c9e4dc7a43a5e60bd) params={'model_size_mb': '4.1059', 'n_model_params': '422675', 'name': 'millet_paper'}
    [mlflow] logged run 'millet_paper_DodgerLoopGame'  (train_acc=1.0000 test_acc=0.9130 test_loss=0.5302)
[ 95/129] DodgerLoopGame               DONE  acc=0.9130 loss=0.5302 AOPCR=  5.465 NDCG=  n/a C=  2 T=  288 (215s)  [28 trained / 2 failed so far]
[ 96/129] DodgerLoopWeekend
    stage 1/3: loading data ...
    stage 2/3: training on 20 series (no val (train-loss early stop), C=2, T=288, batch=2) ...
    stage 3/3: scoring on 138 test series (accuracy + AOPCR) ...
    [mlflow] versioned model 'millet_paper__mil_inceptiontime__mil_conjunctive' (id=m-fa22fe10bd3442559b48c4fcc825e471) params={'model_size_mb': '4.1059', 'n_model_params': '422675', 'name': 'millet_paper'}
    [mlflow] logged run 'millet_paper_DodgerLoopWeekend'  (train_acc=1.0000 test_acc=0.9710 test_loss=0.2944)
[ 96/129] DodgerLoopWeekend            DONE  acc=0.9710 loss=0.2944 AOPCR=  3.638 NDCG=  n/a C=  2 T=  288 (217s)  [29 trained / 2 failed so far]
[ 97/129] EOGHorizontalSignal
    stage 1/3: loading data ...
    stage 2/3: training on 362 series (no val (train-loss early stop), C=12, T=1250, batch=16) ...
    stage 3/3: scoring on 362 test series (accuracy + AOPCR) ...
    [mlflow] versioned model 'millet_paper__mil_inceptiontime__mil_conjunctive' (id=m-56e9530515fa462b8fd834f2342ef791) params={'model_size_mb': '4.1108', 'n_model_params': '423965', 'name': 'millet_paper'}
    [mlflow] logged run 'millet_paper_EOGHorizontalSignal'  (train_acc=1.0000 test_acc=0.6022 test_loss=2.8248)
[ 97/129] EOGHorizontalSignal          DONE  acc=0.6022 loss=2.8248 AOPCR=  7.415 NDCG=  n/a C= 12 T= 1250 (668s)  [30 trained / 2 failed so far]
[ 98/129] EOGVerticalSignal
    stage 1/3: loading data ...
    stage 2/3: training on 362 series (no val (train-loss early stop), C=12, T=1250, batch=16) ...
    stage 3/3: scoring on 362 test series (accuracy + AOPCR) ...
    [mlflow] versioned model 'millet_paper__mil_inceptiontime__mil_conjunctive' (id=m-4fe573c92a794e9e84da04606a91243f) params={'model_size_mb': '4.1108', 'n_model_params': '423965', 'name': 'millet_paper'}
    [mlflow] logged run 'millet_paper_EOGVerticalSignal'  (train_acc=1.0000 test_acc=0.4807 test_loss=4.1741)
[ 98/129] EOGVerticalSignal            DONE  acc=0.4807 loss=4.1741 AOPCR=  6.669 NDCG=  n/a C= 12 T= 1250 (655s)  [31 trained / 2 failed so far]
[ 99/129] EthanolLevel
    stage 1/3: loading data ...
    stage 2/3: training on 504 series (no val (train-loss early stop), C=4, T=1751, batch=16) ...
    stage 3/3: scoring on 500 test series (accuracy + AOPCR) ...
    [mlflow] versioned model 'millet_paper__mil_inceptiontime__mil_conjunctive' (id=m-3a4f2ba2bb5046a89fd2a4547290851f) params={'model_size_mb': '4.1068', 'n_model_params': '422933', 'name': 'millet_paper'}
    [mlflow] logged run 'millet_paper_EthanolLevel'  (train_acc=1.0000 test_acc=0.8300 test_loss=0.6151)
[ 99/129] EthanolLevel                 DONE  acc=0.8300 loss=0.6151 AOPCR=-44.839 NDCG=  n/a C=  4 T= 1751 (1012s)  [32 trained / 2 failed so far]
[100/129] FreezerRegularTrain
    stage 1/3: loading data ...
    stage 2/3: training on 150 series (no val (train-loss early stop), C=2, T=301, batch=15) ...
    stage 3/3: scoring on 2850 test series (accuracy + AOPCR) ...
    [mlflow] versioned model 'millet_paper__mil_inceptiontime__mil_conjunctive' (id=m-78c2341ef73d47e480c89bcea5bd10f9) params={'model_size_mb': '4.1059', 'n_model_params': '422675', 'name': 'millet_paper'}
    [mlflow] logged run 'millet_paper_FreezerRegularTrain'  (train_acc=1.0000 test_acc=0.9975 test_loss=0.0344)
[100/129] FreezerRegularTrain          DONE  acc=0.9975 loss=0.0344 AOPCR=  8.749 NDCG=  n/a C=  2 T=  301 (261s)  [33 trained / 2 failed so far]
[101/129] FreezerSmallTrain
    stage 1/3: loading data ...
    stage 2/3: training on 28 series (no val (train-loss early stop), C=2, T=301, batch=2) ...
    stage 3/3: scoring on 2850 test series (accuracy + AOPCR) ...
    [mlflow] versioned model 'millet_paper__mil_inceptiontime__mil_conjunctive' (id=m-3559bc9e6f8c42489fa270dc405976ad) params={'model_size_mb': '4.1059', 'n_model_params': '422675', 'name': 'millet_paper'}
    [mlflow] logged run 'millet_paper_FreezerSmallTrain'  (train_acc=1.0000 test_acc=0.8677 test_loss=0.4949)
[101/129] FreezerSmallTrain            DONE  acc=0.8677 loss=0.4949 AOPCR=  1.845 NDCG=  n/a C=  2 T=  301 (273s)  [34 trained / 2 failed so far]
[102/129] Fungi
    stage 1/3: loading data ...
    stage 2/3: training on 18 series (no val (train-loss early stop), C=18, T=201, batch=2) ...
    stage 3/3: scoring on 186 test series (accuracy + AOPCR) ...
    [mlflow] versioned model 'millet_paper__mil_inceptiontime__mil_conjunctive' (id=m-5a41a23a0284465393a15f354057c5b8) params={'model_size_mb': '4.1137', 'n_model_params': '424739', 'name': 'millet_paper'}
    [mlflow] logged run 'millet_paper_Fungi'  (train_acc=1.0000 test_acc=1.0000 test_loss=0.0007)
[102/129] Fungi                        DONE  acc=1.0000 loss=0.0007 AOPCR=  4.407 NDCG=  n/a C= 18 T=  201 (182s)  [35 trained / 2 failed so far]
[103/129] GestureMidAirD1
    stage 1/3: loading data ...
    stage 2/3: training on 208 series (no val (train-loss early stop), C=26, T=360, batch=16) ...
    stage 3/3: scoring on 130 test series (accuracy + AOPCR) ...
    [mlflow] versioned model 'millet_paper__mil_inceptiontime__mil_conjunctive' (id=m-1d7d5f45e46f4d7e855da0e10eb2184d) params={'model_size_mb': '4.1177', 'n_model_params': '425771', 'name': 'millet_paper'}
    [mlflow] logged run 'millet_paper_GestureMidAirD1'  (train_acc=1.0000 test_acc=0.7692 test_loss=1.4994)
[103/129] GestureMidAirD1              DONE  acc=0.7692 loss=1.4994 AOPCR=  6.459 NDCG=  n/a C= 26 T=  360 (350s)  [36 trained / 2 failed so far]
[104/129] GestureMidAirD2
    stage 1/3: loading data ...
    stage 2/3: training on 208 series (no val (train-loss early stop), C=26, T=360, batch=16) ...
