[log] command 'train' started at 2026-07-24_12-35-24 for model 'seanet_bottleneck_softmax__mstcn_sep_bottleneck_softmax_conjunctive'
[log] a copy of everything below is being saved to: results/SEA_NET/seanet_bottleneck_softmax__mstcn_sep_bottleneck_softmax_conjunctive/logs/train_2026-07-24_12-35-24.log

=== train: model=seanet_bottleneck_softmax__mstcn_sep_bottleneck_softmax_conjunctive (config sv4/seanet_bottleneck_softmax) device=cuda mode=full datasets=129 ===
[params] using DEFAULT recipe (no Optuna record yet - run 'python main.py optuna --model sv4/seanet_bottleneck_softmax').
  results  -> results/SEA_NET/seanet_bottleneck_softmax__mstcn_sep_bottleneck_softmax_conjunctive/results.csv
  resume   -> results/SEA_NET/seanet_bottleneck_softmax__mstcn_sep_bottleneck_softmax_conjunctive/done_train_dataset.txt  (delete it to retrain everything; delete one line to retrain that dataset)

  [mlflow] logging runs to experiment 'SEA-Net_seanet_bottleneck_softmax__mstcn_sep_bottleneck_softmax_conjunctive_2026-07-24' at sqlite:///mlflow.db
  [mlflow] browse later with:  mlflow ui --backend-store-uri sqlite:///mlflow.db
[  1/129] WebTraffic                   already done -> skip
[  2/129] Adiac
    stage 1/3: loading data ...
    stage 2/3: training on 328 series (val=62, C=37, T=176, batch=16) ...
    stage 3/3: scoring on 391 test series (accuracy + AOPCR) ...
    [mlflow] versioned model 'seanet_bottleneck_softmax__mstcn_sep_bottleneck_softmax_conjunctive' (id=m-83e3da09e3984c6d981910f9d579c566) params={'model_size_mb': '1.4357', 'n_model_params': '43323', 'name': 'seanet_bottleneck_softmax'}
    [mlflow] logged run 'seanet_bottleneck_softmax_Adiac'  (train_acc=0.8994 val_acc=0.7581 test_acc=0.7187 test_loss=0.8996)
[  2/129] Adiac                        DONE  acc=0.7187 loss=0.8996 AOPCR=  1.256 NDCG=  n/a C= 37 T=  176 (41s)  [1 trained / 0 failed so far]
[  3/129] ArrowHead
    stage 1/3: loading data ...
    stage 2/3: training on 36 series (no val (train-loss early stop), C=3, T=251, batch=3) ...
    stage 3/3: scoring on 175 test series (accuracy + AOPCR) ...
    [mlflow] versioned model 'seanet_bottleneck_softmax__mstcn_sep_bottleneck_softmax_conjunctive' (id=m-38bb2f78a68c48b9955dd7b360f127dd) params={'model_size_mb': '1.4261', 'n_model_params': '40807', 'name': 'seanet_bottleneck_softmax'}
    [mlflow] logged run 'seanet_bottleneck_softmax_ArrowHead'  (train_acc=1.0000 test_acc=0.8000 test_loss=0.4763)
[  3/129] ArrowHead                    DONE  acc=0.8000 loss=0.4763 AOPCR= -0.283 NDCG=  n/a C=  3 T=  251 (38s)  [2 trained / 0 failed so far]
[  4/129] Beef
    stage 1/3: loading data ...
    stage 2/3: training on 30 series (no val (train-loss early stop), C=5, T=470, batch=3) ...
    stage 3/3: scoring on 30 test series (accuracy + AOPCR) ...
    [mlflow] versioned model 'seanet_bottleneck_softmax__mstcn_sep_bottleneck_softmax_conjunctive' (id=m-a11d13612a8b4eac92514806ed703f86) params={'model_size_mb': '1.4267', 'n_model_params': '40955', 'name': 'seanet_bottleneck_softmax'}
    [mlflow] logged run 'seanet_bottleneck_softmax_Beef'  (train_acc=1.0000 test_acc=0.9000 test_loss=0.5093)
[  4/129] Beef                         DONE  acc=0.9000 loss=0.5093 AOPCR=  1.134 NDCG=  n/a C=  5 T=  470 (41s)  [3 trained / 0 failed so far]
[  5/129] BeetleFly
    stage 1/3: loading data ...
    stage 2/3: training on 20 series (no val (train-loss early stop), C=2, T=512, batch=2) ...
    stage 3/3: scoring on 20 test series (accuracy + AOPCR) ...
    [mlflow] versioned model 'seanet_bottleneck_softmax__mstcn_sep_bottleneck_softmax_conjunctive' (id=m-58ec7f89c19946f1a5d53845916823be) params={'model_size_mb': '1.4259', 'n_model_params': '40733', 'name': 'seanet_bottleneck_softmax'}
    [mlflow] logged run 'seanet_bottleneck_softmax_BeetleFly'  (train_acc=1.0000 test_acc=0.8500 test_loss=0.4474)
[  5/129] BeetleFly                    DONE  acc=0.8500 loss=0.4474 AOPCR=  0.071 NDCG=  n/a C=  2 T=  512 (24s)  [4 trained / 0 failed so far]
[  6/129] BirdChicken
    stage 1/3: loading data ...
    stage 2/3: training on 20 series (no val (train-loss early stop), C=2, T=512, batch=2) ...
    stage 3/3: scoring on 20 test series (accuracy + AOPCR) ...
    [mlflow] versioned model 'seanet_bottleneck_softmax__mstcn_sep_bottleneck_softmax_conjunctive' (id=m-48010f7f5dc049e28f51e8737b86c7a1) params={'model_size_mb': '1.4259', 'n_model_params': '40733', 'name': 'seanet_bottleneck_softmax'}
    [mlflow] logged run 'seanet_bottleneck_softmax_BirdChicken'  (train_acc=1.0000 test_acc=0.9500 test_loss=0.2787)
[  6/129] BirdChicken                  DONE  acc=0.9500 loss=0.2787 AOPCR=  0.837 NDCG=  n/a C=  2 T=  512 (21s)  [5 trained / 0 failed so far]
[  7/129] Car
    stage 1/3: loading data ...
    stage 2/3: training on 60 series (no val (train-loss early stop), C=4, T=577, batch=6) ...
    stage 3/3: scoring on 60 test series (accuracy + AOPCR) ...
    [mlflow] versioned model 'seanet_bottleneck_softmax__mstcn_sep_bottleneck_softmax_conjunctive' (id=m-7f8fbc4e59ce4fccbe06f7dfff657b4e) params={'model_size_mb': '1.4264', 'n_model_params': '40881', 'name': 'seanet_bottleneck_softmax'}
    [mlflow] logged run 'seanet_bottleneck_softmax_Car'  (train_acc=1.0000 test_acc=0.9000 test_loss=0.3840)
[  7/129] Car                          DONE  acc=0.9000 loss=0.3840 AOPCR=  1.011 NDCG=  n/a C=  4 T=  577 (31s)  [6 trained / 0 failed so far]
[  8/129] CBF
    stage 1/3: loading data ...
    stage 2/3: training on 30 series (no val (train-loss early stop), C=3, T=128, batch=3) ...
    stage 3/3: scoring on 900 test series (accuracy + AOPCR) ...
    [mlflow] versioned model 'seanet_bottleneck_softmax__mstcn_sep_bottleneck_softmax_conjunctive' (id=m-0a1822843e4f451aad8ea06f194e6175) params={'model_size_mb': '1.4261', 'n_model_params': '40807', 'name': 'seanet_bottleneck_softmax'}
    [mlflow] logged run 'seanet_bottleneck_softmax_CBF'  (train_acc=1.0000 test_acc=0.9956 test_loss=0.1135)
[  8/129] CBF                          DONE  acc=0.9956 loss=0.1135 AOPCR=  1.354 NDCG=  n/a C=  3 T=  128 (23s)  [7 trained / 0 failed so far]
[  9/129] ChlorineConcentration
    stage 1/3: loading data ...
    stage 2/3: training on 375 series (val=92, C=3, T=166, batch=16) ...
    stage 3/3: scoring on 3840 test series (accuracy + AOPCR) ...
    [mlflow] versioned model 'seanet_bottleneck_softmax__mstcn_sep_bottleneck_softmax_conjunctive' (id=m-2ee3ed01ad384c9e8c65f2031c66734d) params={'model_size_mb': '1.4261', 'n_model_params': '40807', 'name': 'seanet_bottleneck_softmax'}
    [mlflow] logged run 'seanet_bottleneck_softmax_ChlorineConcentration'  (train_acc=0.8453 val_acc=0.6848 test_acc=0.6398 test_loss=0.8294)
[  9/129] ChlorineConcentration        DONE  acc=0.6398 loss=0.8294 AOPCR=  0.219 NDCG=  n/a C=  3 T=  166 (58s)  [8 trained / 0 failed so far]
[ 10/129] CinCECGTorso
    stage 1/3: loading data ...
    stage 2/3: training on 40 series (no val (train-loss early stop), C=4, T=1639, batch=4) ...
    stage 3/3: scoring on 1380 test series (accuracy + AOPCR) ...
    [mlflow] versioned model 'seanet_bottleneck_softmax__mstcn_sep_bottleneck_softmax_conjunctive' (id=m-772c4ece35fa4788b4e3fb52e0b85ae7) params={'model_size_mb': '1.4264', 'n_model_params': '40881', 'name': 'seanet_bottleneck_softmax'}
    [mlflow] logged run 'seanet_bottleneck_softmax_CinCECGTorso'  (train_acc=1.0000 test_acc=0.7768 test_loss=0.6050)
[ 10/129] CinCECGTorso                 DONE  acc=0.7768 loss=0.6050 AOPCR=  1.897 NDCG=  n/a C=  4 T= 1639 (35s)  [9 trained / 0 failed so far]
[ 11/129] Coffee
    stage 1/3: loading data ...
    stage 2/3: training on 28 series (no val (train-loss early stop), C=2, T=286, batch=2) ...
    stage 3/3: scoring on 28 test series (accuracy + AOPCR) ...
    [mlflow] versioned model 'seanet_bottleneck_softmax__mstcn_sep_bottleneck_softmax_conjunctive' (id=m-499668e061f448d9b71f3684c64b2d16) params={'model_size_mb': '1.4259', 'n_model_params': '40733', 'name': 'seanet_bottleneck_softmax'}
    [mlflow] logged run 'seanet_bottleneck_softmax_Coffee'  (train_acc=1.0000 test_acc=1.0000 test_loss=0.0697)
[ 11/129] Coffee                       DONE  acc=1.0000 loss=0.0697 AOPCR=  2.484 NDCG=  n/a C=  2 T=  286 (13s)  [10 trained / 0 failed so far]
[ 12/129] Computers
    stage 1/3: loading data ...
    stage 2/3: training on 200 series (val=50, C=2, T=720, batch=16) ...
    stage 3/3: scoring on 250 test series (accuracy + AOPCR) ...
    [mlflow] versioned model 'seanet_bottleneck_softmax__mstcn_sep_bottleneck_softmax_conjunctive' (id=m-af289398891f4e7a8816c1caffca9522) params={'model_size_mb': '1.4259', 'n_model_params': '40733', 'name': 'seanet_bottleneck_softmax'}
    [mlflow] logged run 'seanet_bottleneck_softmax_Computers'  (train_acc=0.9650 val_acc=0.8200 test_acc=0.7200 test_loss=0.5809)
[ 12/129] Computers                    DONE  acc=0.7200 loss=0.5809 AOPCR=  0.602 NDCG=  n/a C=  2 T=  720 (19s)  [11 trained / 0 failed so far]
[ 13/129] CricketX
    stage 1/3: loading data ...
    stage 2/3: training on 317 series (val=73, C=12, T=300, batch=16) ...
    stage 3/3: scoring on 390 test series (accuracy + AOPCR) ...
    [mlflow] versioned model 'seanet_bottleneck_softmax__mstcn_sep_bottleneck_softmax_conjunctive' (id=m-ca1af9c9f774427abb60bccdabbd7059) params={'model_size_mb': '1.4286', 'n_model_params': '41473', 'name': 'seanet_bottleneck_softmax'}
    [mlflow] logged run 'seanet_bottleneck_softmax_CricketX'  (train_acc=1.0000 val_acc=0.9041 test_acc=0.8333 test_loss=0.6537)
[ 13/129] CricketX                     DONE  acc=0.8333 loss=0.6537 AOPCR=  1.860 NDCG=  n/a C= 12 T=  300 (31s)  [12 trained / 0 failed so far]
[ 14/129] CricketY
    stage 1/3: loading data ...
    stage 2/3: training on 317 series (val=73, C=12, T=300, batch=16) ...
    stage 3/3: scoring on 390 test series (accuracy + AOPCR) ...
    [mlflow] versioned model 'seanet_bottleneck_softmax__mstcn_sep_bottleneck_softmax_conjunctive' (id=m-d708cf9f76f845c8bd69c34fd17d6018) params={'model_size_mb': '1.4286', 'n_model_params': '41473', 'name': 'seanet_bottleneck_softmax'}
    [mlflow] logged run 'seanet_bottleneck_softmax_CricketY'  (train_acc=1.0000 val_acc=0.8904 test_acc=0.8051 test_loss=0.6927)
[ 14/129] CricketY                     DONE  acc=0.8051 loss=0.6927 AOPCR=  1.676 NDCG=  n/a C= 12 T=  300 (35s)  [13 trained / 0 failed so far]
[ 15/129] CricketZ
    stage 1/3: loading data ...
    stage 2/3: training on 316 series (val=74, C=12, T=300, batch=16) ...
    stage 3/3: scoring on 390 test series (accuracy + AOPCR) ...
    [mlflow] versioned model 'seanet_bottleneck_softmax__mstcn_sep_bottleneck_softmax_conjunctive' (id=m-8e7d2a17781646689a4f3a97ee7e5a93) params={'model_size_mb': '1.4286', 'n_model_params': '41473', 'name': 'seanet_bottleneck_softmax'}
    [mlflow] logged run 'seanet_bottleneck_softmax_CricketZ'  (train_acc=1.0000 val_acc=0.8919 test_acc=0.8385 test_loss=0.5796)
[ 15/129] CricketZ                     DONE  acc=0.8385 loss=0.5796 AOPCR=  2.033 NDCG=  n/a C= 12 T=  300 (33s)  [14 trained / 0 failed so far]
[ 16/129] DiatomSizeReduction
    stage 1/3: loading data ...
    stage 2/3: training on 16 series (no val (train-loss early stop), C=4, T=345, batch=2) ...
    stage 3/3: scoring on 306 test series (accuracy + AOPCR) ...
    [mlflow] versioned model 'seanet_bottleneck_softmax__mstcn_sep_bottleneck_softmax_conjunctive' (id=m-83866ad045c0464fba5ec108c569e41d) params={'model_size_mb': '1.4264', 'n_model_params': '40881', 'name': 'seanet_bottleneck_softmax'}
    [mlflow] logged run 'seanet_bottleneck_softmax_DiatomSizeReduction'  (train_acc=1.0000 test_acc=0.9935 test_loss=0.1091)
[ 16/129] DiatomSizeReduction          DONE  acc=0.9935 loss=0.1091 AOPCR= -4.002 NDCG=  n/a C=  4 T=  345 (27s)  [15 trained / 0 failed so far]
[ 17/129] DistalPhalanxOutlineAgeGroup
    stage 1/3: loading data ...
    stage 2/3: training on 321 series (val=79, C=3, T=80, batch=16) ...
    stage 3/3: scoring on 139 test series (accuracy + AOPCR) ...
    [mlflow] versioned model 'seanet_bottleneck_softmax__mstcn_sep_bottleneck_softmax_conjunctive' (id=m-e41a45e9515c45f7aba4fc66d8b0284a) params={'model_size_mb': '1.4261', 'n_model_params': '40807', 'name': 'seanet_bottleneck_softmax'}
    [mlflow] logged run 'seanet_bottleneck_softmax_DistalPhalanxOutlineAgeGroup'  (train_acc=0.8847 val_acc=0.8101 test_acc=0.7122 test_loss=0.5670)
[ 17/129] DistalPhalanxOutlineAgeGroup DONE  acc=0.7122 loss=0.5670 AOPCR=  0.907 NDCG=  n/a C=  3 T=   80 (19s)  [16 trained / 0 failed so far]
[ 18/129] DistalPhalanxOutlineCorrect
    stage 1/3: loading data ...
    stage 2/3: training on 481 series (val=119, C=2, T=80, batch=16) ...
    stage 3/3: scoring on 276 test series (accuracy + AOPCR) ...
    [mlflow] versioned model 'seanet_bottleneck_softmax__mstcn_sep_bottleneck_softmax_conjunctive' (id=m-d74bdabfd7424253b4512d0b9b4ef3e2) params={'model_size_mb': '1.4259', 'n_model_params': '40733', 'name': 'seanet_bottleneck_softmax'}
    [mlflow] logged run 'seanet_bottleneck_softmax_DistalPhalanxOutlineCorrect'  (train_acc=0.9459 val_acc=0.8992 test_acc=0.7790 test_loss=0.5115)
[ 18/129] DistalPhalanxOutlineCorrect  DONE  acc=0.7790 loss=0.5115 AOPCR=  0.210 NDCG=  n/a C=  2 T=   80 (51s)  [17 trained / 0 failed so far]
[ 19/129] DistalPhalanxTW
    stage 1/3: loading data ...
    stage 2/3: training on 323 series (val=77, C=6, T=80, batch=16) ...
    stage 3/3: scoring on 139 test series (accuracy + AOPCR) ...
    [mlflow] versioned model 'seanet_bottleneck_softmax__mstcn_sep_bottleneck_softmax_conjunctive' (id=m-c1c78ca68d9c4dc29184ba1379da1de5) params={'model_size_mb': '1.427', 'n_model_params': '41029', 'name': 'seanet_bottleneck_softmax'}
    [mlflow] logged run 'seanet_bottleneck_softmax_DistalPhalanxTW'  (train_acc=0.8731 val_acc=0.8182 test_acc=0.6978 test_loss=0.7496)
[ 19/129] DistalPhalanxTW              DONE  acc=0.6978 loss=0.7496 AOPCR=  0.451 NDCG=  n/a C=  6 T=   80 (33s)  [18 trained / 0 failed so far]
[ 20/129] Earthquakes
    stage 1/3: loading data ...
    stage 2/3: training on 259 series (val=63, C=2, T=512, batch=16) ...
    stage 3/3: scoring on 139 test series (accuracy + AOPCR) ...
    [mlflow] versioned model 'seanet_bottleneck_softmax__mstcn_sep_bottleneck_softmax_conjunctive' (id=m-fb6dbff27aef4998985cb4f70b3ecb0e) params={'model_size_mb': '1.4259', 'n_model_params': '40733', 'name': 'seanet_bottleneck_softmax'}
    [mlflow] logged run 'seanet_bottleneck_softmax_Earthquakes'  (train_acc=0.8185 val_acc=0.8254 test_acc=0.7482 test_loss=0.5706)
[ 20/129] Earthquakes                  DONE  acc=0.7482 loss=0.5706 AOPCR=  0.097 NDCG=  n/a C=  2 T=  512 (11s)  [19 trained / 0 failed so far]
[ 21/129] ECG200
    stage 1/3: loading data ...
    stage 2/3: training on 81 series (val=19, C=2, T=96, batch=8) ...
    stage 3/3: scoring on 100 test series (accuracy + AOPCR) ...
    [mlflow] versioned model 'seanet_bottleneck_softmax__mstcn_sep_bottleneck_softmax_conjunctive' (id=m-1830453b2dbc4fd5afb4176d39774548) params={'model_size_mb': '1.4259', 'n_model_params': '40733', 'name': 'seanet_bottleneck_softmax'}
    [mlflow] logged run 'seanet_bottleneck_softmax_ECG200'  (train_acc=0.9506 val_acc=0.8421 test_acc=0.9000 test_loss=0.2850)
[ 21/129] ECG200                       DONE  acc=0.9000 loss=0.2850 AOPCR=  0.496 NDCG=  n/a C=  2 T=   96 (8s)  [20 trained / 0 failed so far]
[ 22/129] ECG5000
    stage 1/3: loading data ...
    stage 2/3: training on 401 series (val=99, C=5, T=140, batch=16) ...
    stage 3/3: scoring on 4500 test series (accuracy + AOPCR) ...
    [mlflow] versioned model 'seanet_bottleneck_softmax__mstcn_sep_bottleneck_softmax_conjunctive' (id=m-6430a5cbeb1c4119ad4e416207988cd8) params={'model_size_mb': '1.4267', 'n_model_params': '40955', 'name': 'seanet_bottleneck_softmax'}
    [mlflow] logged run 'seanet_bottleneck_softmax_ECG5000'  (train_acc=0.9726 val_acc=0.9697 test_acc=0.9473 test_loss=0.2659)
[ 22/129] ECG5000                      DONE  acc=0.9473 loss=0.2659 AOPCR=  1.626 NDCG=  n/a C=  5 T=  140 (22s)  [21 trained / 0 failed so far]
[ 23/129] ECGFiveDays
    stage 1/3: loading data ...
    stage 2/3: training on 23 series (no val (train-loss early stop), C=2, T=136, batch=2) ...
    stage 3/3: scoring on 861 test series (accuracy + AOPCR) ...
    [mlflow] versioned model 'seanet_bottleneck_softmax__mstcn_sep_bottleneck_softmax_conjunctive' (id=m-526cf4dc0a1a4c57b8f413b5e012bfe6) params={'model_size_mb': '1.4259', 'n_model_params': '40733', 'name': 'seanet_bottleneck_softmax'}
    [mlflow] logged run 'seanet_bottleneck_softmax_ECGFiveDays'  (train_acc=1.0000 test_acc=1.0000 test_loss=0.0639)
[ 23/129] ECGFiveDays                  DONE  acc=1.0000 loss=0.0639 AOPCR=  0.592 NDCG=  n/a C=  2 T=  136 (23s)  [22 trained / 0 failed so far]
[ 24/129] ElectricDevices
    stage 1/3: loading data ...
    stage 2/3: training on 7144 series (val=1782, C=7, T=96, batch=16) ...
    stage 3/3: scoring on 7711 test series (accuracy + AOPCR) ...
    [mlflow] versioned model 'seanet_bottleneck_softmax__mstcn_sep_bottleneck_softmax_conjunctive' (id=m-c6a3cb029ffa4ca6b5bebe24b35d9a16) params={'model_size_mb': '1.4272', 'n_model_params': '41103', 'name': 'seanet_bottleneck_softmax'}
    [mlflow] logged run 'seanet_bottleneck_softmax_ElectricDevices'  (train_acc=0.9422 val_acc=0.9102 test_acc=0.7140 test_loss=0.9537)
[ 24/129] ElectricDevices              DONE  acc=0.7140 loss=0.9537 AOPCR=  0.767 NDCG=  n/a C=  7 T=   96 (1068s)  [23 trained / 0 failed so far]
[ 25/129] FaceAll
    stage 1/3: loading data ...
    stage 2/3: training on 448 series (val=112, C=14, T=131, batch=16) ...
    stage 3/3: scoring on 1690 test series (accuracy + AOPCR) ...
    [mlflow] versioned model 'seanet_bottleneck_softmax__mstcn_sep_bottleneck_softmax_conjunctive' (id=m-6a6f087913304cbd81e1bb5d3f506b0a) params={'model_size_mb': '1.4292', 'n_model_params': '41621', 'name': 'seanet_bottleneck_softmax'}
    [mlflow] logged run 'seanet_bottleneck_softmax_FaceAll'  (train_acc=1.0000 val_acc=0.9821 test_acc=0.7994 test_loss=0.7735)
[ 25/129] FaceAll                      DONE  acc=0.7994 loss=0.7735 AOPCR=  0.670 NDCG=  n/a C= 14 T=  131 (64s)  [24 trained / 0 failed so far]
[ 26/129] FaceFour
    stage 1/3: loading data ...
    stage 2/3: training on 24 series (no val (train-loss early stop), C=4, T=350, batch=2) ...
    stage 3/3: scoring on 88 test series (accuracy + AOPCR) ...
    [mlflow] versioned model 'seanet_bottleneck_softmax__mstcn_sep_bottleneck_softmax_conjunctive' (id=m-03df2708f5c64aab8f7dea2f99541dcd) params={'model_size_mb': '1.4264', 'n_model_params': '40881', 'name': 'seanet_bottleneck_softmax'}
    [mlflow] logged run 'seanet_bottleneck_softmax_FaceFour'  (train_acc=1.0000 test_acc=0.9773 test_loss=0.1607)
[ 26/129] FaceFour                     DONE  acc=0.9773 loss=0.1607 AOPCR=  0.929 NDCG=  n/a C=  4 T=  350 (26s)  [25 trained / 0 failed so far]
[ 27/129] FacesUCR
    stage 1/3: loading data ...
    stage 2/3: training on 165 series (val=35, C=14, T=131, batch=16) ...
    stage 3/3: scoring on 2050 test series (accuracy + AOPCR) ...
    [mlflow] versioned model 'seanet_bottleneck_softmax__mstcn_sep_bottleneck_softmax_conjunctive' (id=m-fc6e751d1cfa4bde8f55117b5854328d) params={'model_size_mb': '1.4292', 'n_model_params': '41621', 'name': 'seanet_bottleneck_softmax'}
    [mlflow] logged run 'seanet_bottleneck_softmax_FacesUCR'  (train_acc=1.0000 val_acc=1.0000 test_acc=0.9278 test_loss=0.3470)
[ 27/129] FacesUCR                     DONE  acc=0.9278 loss=0.3470 AOPCR=  0.483 NDCG=  n/a C= 14 T=  131 (17s)  [26 trained / 0 failed so far]
[ 28/129] FiftyWords
    stage 1/3: loading data ...
    stage 2/3: training on 365 series (val=85, C=50, T=270, batch=16) ...
    stage 3/3: scoring on 455 test series (accuracy + AOPCR) ...
    [mlflow] versioned model 'seanet_bottleneck_softmax__mstcn_sep_bottleneck_softmax_conjunctive' (id=m-9ca85051eb0e40ab97c3b7a6b9ab15e3) params={'model_size_mb': '1.4395', 'n_model_params': '44285', 'name': 'seanet_bottleneck_softmax'}
    [mlflow] logged run 'seanet_bottleneck_softmax_FiftyWords'  (train_acc=0.9973 val_acc=0.7765 test_acc=0.7868 test_loss=0.8531)
[ 28/129] FiftyWords                   DONE  acc=0.7868 loss=0.8531 AOPCR=  1.384 NDCG=  n/a C= 50 T=  270 (42s)  [27 trained / 0 failed so far]
[ 29/129] Fish
    stage 1/3: loading data ...
    stage 2/3: training on 142 series (val=33, C=7, T=463, batch=14) ...
    stage 3/3: scoring on 175 test series (accuracy + AOPCR) ...
    [mlflow] versioned model 'seanet_bottleneck_softmax__mstcn_sep_bottleneck_softmax_conjunctive' (id=m-f9f23a4ed4f24f999033f0dd50c6902b) params={'model_size_mb': '1.4272', 'n_model_params': '41103', 'name': 'seanet_bottleneck_softmax'}
    [mlflow] logged run 'seanet_bottleneck_softmax_Fish'  (train_acc=1.0000 val_acc=0.9697 test_acc=0.9371 test_loss=0.2434)
[ 29/129] Fish                         DONE  acc=0.9371 loss=0.2434 AOPCR=  1.017 NDCG=  n/a C=  7 T=  463 (41s)  [28 trained / 0 failed so far]
[ 30/129] FordA
    stage 1/3: loading data ...
    stage 2/3: training on 2881 series (val=720, C=2, T=500, batch=16) ...
    stage 3/3: scoring on 1320 test series (accuracy + AOPCR) ...
    [mlflow] versioned model 'seanet_bottleneck_softmax__mstcn_sep_bottleneck_softmax_conjunctive' (id=m-cbe3ef8bdc45437d82757c1b4199df54) params={'model_size_mb': '1.4259', 'n_model_params': '40733', 'name': 'seanet_bottleneck_softmax'}
    [mlflow] logged run 'seanet_bottleneck_softmax_FordA'  (train_acc=0.9816 val_acc=0.9611 test_acc=0.9508 test_loss=0.1608)
[ 30/129] FordA                        DONE  acc=0.9508 loss=0.1608 AOPCR=  0.504 NDCG=  n/a C=  2 T=  500 (224s)  [29 trained / 0 failed so far]
[ 31/129] FordB
    stage 1/3: loading data ...
    stage 2/3: training on 2909 series (val=727, C=2, T=500, batch=16) ...
    stage 3/3: scoring on 810 test series (accuracy + AOPCR) ...
    [mlflow] versioned model 'seanet_bottleneck_softmax__mstcn_sep_bottleneck_softmax_conjunctive' (id=m-a252d7cbeb3d4d34aea62dc49cc4f764) params={'model_size_mb': '1.4259', 'n_model_params': '40733', 'name': 'seanet_bottleneck_softmax'}
    [mlflow] logged run 'seanet_bottleneck_softmax_FordB'  (train_acc=0.9825 val_acc=0.9615 test_acc=0.8420 test_loss=0.3758)
[ 31/129] FordB                        DONE  acc=0.8420 loss=0.3758 AOPCR= -0.027 NDCG=  n/a C=  2 T=  500 (215s)  [30 trained / 0 failed so far]
[ 32/129] GunPoint
    stage 1/3: loading data ...
    stage 2/3: training on 50 series (no val (train-loss early stop), C=2, T=150, batch=5) ...
    stage 3/3: scoring on 150 test series (accuracy + AOPCR) ...
    [mlflow] versioned model 'seanet_bottleneck_softmax__mstcn_sep_bottleneck_softmax_conjunctive' (id=m-faa575ac2b33436987a9b2c621e5c806) params={'model_size_mb': '1.4259', 'n_model_params': '40733', 'name': 'seanet_bottleneck_softmax'}
    [mlflow] logged run 'seanet_bottleneck_softmax_GunPoint'  (train_acc=1.0000 test_acc=0.9800 test_loss=0.1049)
[ 32/129] GunPoint                     DONE  acc=0.9800 loss=0.1049 AOPCR=  0.722 NDCG=  n/a C=  2 T=  150 (15s)  [31 trained / 0 failed so far]
[ 33/129] Ham
    stage 1/3: loading data ...
    stage 2/3: training on 88 series (val=21, C=2, T=431, batch=8) ...
    stage 3/3: scoring on 105 test series (accuracy + AOPCR) ...
    [mlflow] versioned model 'seanet_bottleneck_softmax__mstcn_sep_bottleneck_softmax_conjunctive' (id=m-2af66c1cfb4741e9a084e7a57e385cb6) params={'model_size_mb': '1.4259', 'n_model_params': '40733', 'name': 'seanet_bottleneck_softmax'}
    [mlflow] logged run 'seanet_bottleneck_softmax_Ham'  (train_acc=1.0000 val_acc=0.9524 test_acc=0.7238 test_loss=0.7050)
[ 33/129] Ham                          DONE  acc=0.7238 loss=0.7050 AOPCR=  0.644 NDCG=  n/a C=  2 T=  431 (11s)  [32 trained / 0 failed so far]
[ 34/129] HandOutlines
    stage 1/3: loading data ...
    stage 2/3: training on 801 series (val=199, C=2, T=2709, batch=16) ...
    stage 3/3: scoring on 370 test series (accuracy + AOPCR) ...
    [mlflow] versioned model 'seanet_bottleneck_softmax__mstcn_sep_bottleneck_softmax_conjunctive' (id=m-61b3f34ece5a4a4f809a06f8e2fb5a78) params={'model_size_mb': '1.4259', 'n_model_params': '40733', 'name': 'seanet_bottleneck_softmax'}
    [mlflow] logged run 'seanet_bottleneck_softmax_HandOutlines'  (train_acc=0.9713 val_acc=0.9196 test_acc=0.9378 test_loss=0.2228)
[ 34/129] HandOutlines                 DONE  acc=0.9378 loss=0.2228 AOPCR= -0.567 NDCG=  n/a C=  2 T= 2709 (296s)  [33 trained / 0 failed so far]
[ 35/129] Haptics
    stage 1/3: loading data ...
    stage 2/3: training on 127 series (val=28, C=5, T=1092, batch=12) ...
    stage 3/3: scoring on 308 test series (accuracy + AOPCR) ...
    [mlflow] versioned model 'seanet_bottleneck_softmax__mstcn_sep_bottleneck_softmax_conjunctive' (id=m-47291ebc1f0e4cd59ee6fedd1a2aa6da) params={'model_size_mb': '1.4267', 'n_model_params': '40955', 'name': 'seanet_bottleneck_softmax'}
    [mlflow] logged run 'seanet_bottleneck_softmax_Haptics'  (train_acc=0.6693 val_acc=0.7143 test_acc=0.4643 test_loss=1.4034)
[ 35/129] Haptics                      DONE  acc=0.4643 loss=1.4034 AOPCR=  0.972 NDCG=  n/a C=  5 T= 1092 (9s)  [34 trained / 0 failed so far]
[ 36/129] Herring
    stage 1/3: loading data ...
    stage 2/3: training on 64 series (no val (train-loss early stop), C=2, T=512, batch=6) ...
    stage 3/3: scoring on 64 test series (accuracy + AOPCR) ...
    [mlflow] versioned model 'seanet_bottleneck_softmax__mstcn_sep_bottleneck_softmax_conjunctive' (id=m-0ecafb359d8c411b98fa727d7896df6c) params={'model_size_mb': '1.4259', 'n_model_params': '40733', 'name': 'seanet_bottleneck_softmax'}
    [mlflow] logged run 'seanet_bottleneck_softmax_Herring'  (train_acc=1.0000 test_acc=0.6250 test_loss=0.9733)
[ 36/129] Herring                      DONE  acc=0.6250 loss=0.9733 AOPCR=  0.695 NDCG=  n/a C=  2 T=  512 (29s)  [35 trained / 0 failed so far]
[ 37/129] InlineSkate
    stage 1/3: loading data ...
    stage 2/3: training on 84 series (val=16, C=7, T=1882, batch=8) ...
    stage 3/3: scoring on 550 test series (accuracy + AOPCR) ...
    [mlflow] versioned model 'seanet_bottleneck_softmax__mstcn_sep_bottleneck_softmax_conjunctive' (id=m-a001c38595f8456fb27c300da03156f7) params={'model_size_mb': '1.4272', 'n_model_params': '41103', 'name': 'seanet_bottleneck_softmax'}
    [mlflow] logged run 'seanet_bottleneck_softmax_InlineSkate'  (train_acc=0.4643 val_acc=0.3125 test_acc=0.2527 test_loss=1.9548)
[ 37/129] InlineSkate                  DONE  acc=0.2527 loss=1.9548 AOPCR=  0.897 NDCG=  n/a C=  7 T= 1882 (9s)  [36 trained / 0 failed so far]
[ 38/129] InsectWingbeatSound
    stage 1/3: loading data ...
    stage 2/3: training on 176 series (val=44, C=11, T=256, batch=16) ...
    stage 3/3: scoring on 1980 test series (accuracy + AOPCR) ...
    [mlflow] versioned model 'seanet_bottleneck_softmax__mstcn_sep_bottleneck_softmax_conjunctive' (id=m-6748e4cfc41c41cbaf24d09d28fa01fd) params={'model_size_mb': '1.4283', 'n_model_params': '41399', 'name': 'seanet_bottleneck_softmax'}
    [mlflow] logged run 'seanet_bottleneck_softmax_InsectWingbeatSound'  (train_acc=0.7898 val_acc=0.5682 test_acc=0.5975 test_loss=1.0376)
[ 38/129] InsectWingbeatSound          DONE  acc=0.5975 loss=1.0376 AOPCR=  0.476 NDCG=  n/a C= 11 T=  256 (10s)  [37 trained / 0 failed so far]
[ 39/129] ItalyPowerDemand
    stage 1/3: loading data ...
    stage 2/3: training on 67 series (no val (train-loss early stop), C=2, T=24, batch=6) ...
    stage 3/3: scoring on 1029 test series (accuracy + AOPCR) ...
    [mlflow] versioned model 'seanet_bottleneck_softmax__mstcn_sep_bottleneck_softmax_conjunctive' (id=m-b24efc5f6e1241e1b7a2462aff50ea98) params={'model_size_mb': '1.4259', 'n_model_params': '40733', 'name': 'seanet_bottleneck_softmax'}
    [mlflow] logged run 'seanet_bottleneck_softmax_ItalyPowerDemand'  (train_acc=1.0000 test_acc=0.9670 test_loss=0.1494)
[ 39/129] ItalyPowerDemand             DONE  acc=0.9670 loss=0.1494 AOPCR=  0.133 NDCG=  n/a C=  2 T=   24 (50s)  [38 trained / 0 failed so far]
[ 40/129] LargeKitchenAppliances
    stage 1/3: loading data ...
    stage 2/3: training on 300 series (val=75, C=3, T=720, batch=16) ...
    stage 3/3: scoring on 375 test series (accuracy + AOPCR) ...
    [mlflow] versioned model 'seanet_bottleneck_softmax__mstcn_sep_bottleneck_softmax_conjunctive' (id=m-fcfc54900a2b4614bd0c96cec156e487) params={'model_size_mb': '1.4261', 'n_model_params': '40807', 'name': 'seanet_bottleneck_softmax'}
    [mlflow] logged run 'seanet_bottleneck_softmax_LargeKitchenAppliances'  (train_acc=0.9900 val_acc=1.0000 test_acc=0.9067 test_loss=0.3638)
[ 40/129] LargeKitchenAppliances       DONE  acc=0.9067 loss=0.3638 AOPCR=  2.261 NDCG=  n/a C=  3 T=  720 (27s)  [39 trained / 0 failed so far]
[ 41/129] Lightning2
    stage 1/3: loading data ...
    stage 2/3: training on 60 series (no val (train-loss early stop), C=2, T=637, batch=6) ...
    stage 3/3: scoring on 61 test series (accuracy + AOPCR) ...
    [mlflow] versioned model 'seanet_bottleneck_softmax__mstcn_sep_bottleneck_softmax_conjunctive' (id=m-88c75c55136642058e0f1fe5b189ac1e) params={'model_size_mb': '1.4259', 'n_model_params': '40733', 'name': 'seanet_bottleneck_softmax'}
    [mlflow] logged run 'seanet_bottleneck_softmax_Lightning2'  (train_acc=1.0000 test_acc=0.7705 test_loss=0.4633)
[ 41/129] Lightning2                   DONE  acc=0.7705 loss=0.4633 AOPCR=  0.858 NDCG=  n/a C=  2 T=  637 (23s)  [40 trained / 0 failed so far]
[ 42/129] Lightning7
    stage 1/3: loading data ...
    stage 2/3: training on 70 series (no val (train-loss early stop), C=7, T=319, batch=7) ...
    stage 3/3: scoring on 73 test series (accuracy + AOPCR) ...
    [mlflow] versioned model 'seanet_bottleneck_softmax__mstcn_sep_bottleneck_softmax_conjunctive' (id=m-6fde0d487ef242889ed580dabd28e00c) params={'model_size_mb': '1.4272', 'n_model_params': '41103', 'name': 'seanet_bottleneck_softmax'}
    [mlflow] logged run 'seanet_bottleneck_softmax_Lightning7'  (train_acc=1.0000 test_acc=0.7945 test_loss=0.6418)
[ 42/129] Lightning7                   DONE  acc=0.7945 loss=0.6418 AOPCR=  1.613 NDCG=  n/a C=  7 T=  319 (35s)  [41 trained / 0 failed so far]
[ 43/129] Mallat
    stage 1/3: loading data ...
    stage 2/3: training on 55 series (no val (train-loss early stop), C=8, T=1024, batch=5) ...
    stage 3/3: scoring on 2345 test series (accuracy + AOPCR) ...
    [mlflow] versioned model 'seanet_bottleneck_softmax__mstcn_sep_bottleneck_softmax_conjunctive' (id=m-ea539db0d9214564b238e57a3eccbec3) params={'model_size_mb': '1.4275', 'n_model_params': '41177', 'name': 'seanet_bottleneck_softmax'}
    [mlflow] logged run 'seanet_bottleneck_softmax_Mallat'  (train_acc=1.0000 test_acc=0.9390 test_loss=0.3306)
[ 43/129] Mallat                       DONE  acc=0.9390 loss=0.3306 AOPCR=  1.667 NDCG=  n/a C=  8 T= 1024 (38s)  [42 trained / 0 failed so far]
[ 44/129] Meat
    stage 1/3: loading data ...
    stage 2/3: training on 60 series (no val (train-loss early stop), C=3, T=448, batch=6) ...
    stage 3/3: scoring on 60 test series (accuracy + AOPCR) ...
    [mlflow] versioned model 'seanet_bottleneck_softmax__mstcn_sep_bottleneck_softmax_conjunctive' (id=m-791e0824897744dc856244c6668ccaec) params={'model_size_mb': '1.4261', 'n_model_params': '40807', 'name': 'seanet_bottleneck_softmax'}
    [mlflow] logged run 'seanet_bottleneck_softmax_Meat'  (train_acc=1.0000 test_acc=0.8833 test_loss=0.3026)
[ 44/129] Meat                         DONE  acc=0.8833 loss=0.3026 AOPCR=  1.131 NDCG=  n/a C=  3 T=  448 (14s)  [43 trained / 0 failed so far]
[ 45/129] MedicalImages
    stage 1/3: loading data ...
    stage 2/3: training on 307 series (val=74, C=10, T=99, batch=16) ...
    stage 3/3: scoring on 760 test series (accuracy + AOPCR) ...
    [mlflow] versioned model 'seanet_bottleneck_softmax__mstcn_sep_bottleneck_softmax_conjunctive' (id=m-f231d81d9103417b96ad418fc8f1cc37) params={'model_size_mb': '1.4281', 'n_model_params': '41325', 'name': 'seanet_bottleneck_softmax'}
    [mlflow] logged run 'seanet_bottleneck_softmax_MedicalImages'  (train_acc=0.9121 val_acc=0.7703 test_acc=0.7211 test_loss=0.7676)
[ 45/129] MedicalImages                DONE  acc=0.7211 loss=0.7676 AOPCR=  0.987 NDCG=  n/a C= 10 T=   99 (23s)  [44 trained / 0 failed so far]
[ 46/129] MiddlePhalanxOutlineAgeGroup
    stage 1/3: loading data ...
    stage 2/3: training on 321 series (val=79, C=3, T=80, batch=16) ...
    stage 3/3: scoring on 154 test series (accuracy + AOPCR) ...
    [mlflow] versioned model 'seanet_bottleneck_softmax__mstcn_sep_bottleneck_softmax_conjunctive' (id=m-f2ff21ccc782408d8d888edf16616da3) params={'model_size_mb': '1.4261', 'n_model_params': '40807', 'name': 'seanet_bottleneck_softmax'}
    [mlflow] logged run 'seanet_bottleneck_softmax_MiddlePhalanxOutlineAgeGroup'  (train_acc=0.7819 val_acc=0.7975 test_acc=0.6039 test_loss=0.9366)
[ 46/129] MiddlePhalanxOutlineAgeGroup DONE  acc=0.6039 loss=0.9366 AOPCR=  0.062 NDCG=  n/a C=  3 T=   80 (16s)  [45 trained / 0 failed so far]
[ 47/129] MiddlePhalanxOutlineCorrect
    stage 1/3: loading data ...
    stage 2/3: training on 481 series (val=119, C=2, T=80, batch=16) ...
    stage 3/3: scoring on 291 test series (accuracy + AOPCR) ...
    [mlflow] versioned model 'seanet_bottleneck_softmax__mstcn_sep_bottleneck_softmax_conjunctive' (id=m-f0fb0b346ae5434993e0b8d77de1c61c) params={'model_size_mb': '1.4259', 'n_model_params': '40733', 'name': 'seanet_bottleneck_softmax'}
    [mlflow] logged run 'seanet_bottleneck_softmax_MiddlePhalanxOutlineCorrect'  (train_acc=0.8877 val_acc=0.8655 test_acc=0.8351 test_loss=0.3901)
[ 47/129] MiddlePhalanxOutlineCorrect  DONE  acc=0.8351 loss=0.3901 AOPCR=  0.102 NDCG=  n/a C=  2 T=   80 (30s)  [46 trained / 0 failed so far]
[ 48/129] MiddlePhalanxTW
    stage 1/3: loading data ...
    stage 2/3: training on 321 series (val=78, C=6, T=80, batch=16) ...
    stage 3/3: scoring on 154 test series (accuracy + AOPCR) ...
    [mlflow] versioned model 'seanet_bottleneck_softmax__mstcn_sep_bottleneck_softmax_conjunctive' (id=m-9ecd4f85beed41eda8447e13aa05a902) params={'model_size_mb': '1.427', 'n_model_params': '41029', 'name': 'seanet_bottleneck_softmax'}
    [mlflow] logged run 'seanet_bottleneck_softmax_MiddlePhalanxTW'  (train_acc=0.7508 val_acc=0.6410 test_acc=0.5649 test_loss=1.0974)
[ 48/129] MiddlePhalanxTW              DONE  acc=0.5649 loss=1.0974 AOPCR=  0.226 NDCG=  n/a C=  6 T=   80 (43s)  [47 trained / 0 failed so far]
[ 49/129] MoteStrain
    stage 1/3: loading data ...
    stage 2/3: training on 20 series (no val (train-loss early stop), C=2, T=84, batch=2) ...
    stage 3/3: scoring on 1252 test series (accuracy + AOPCR) ...
    [mlflow] versioned model 'seanet_bottleneck_softmax__mstcn_sep_bottleneck_softmax_conjunctive' (id=m-51f83dfbd5374f4e9d998c008433488b) params={'model_size_mb': '1.4259', 'n_model_params': '40733', 'name': 'seanet_bottleneck_softmax'}
    [mlflow] logged run 'seanet_bottleneck_softmax_MoteStrain'  (train_acc=1.0000 test_acc=0.8794 test_loss=0.3006)
[ 49/129] MoteStrain                   DONE  acc=0.8794 loss=0.3006 AOPCR=  0.632 NDCG=  n/a C=  2 T=   84 (15s)  [48 trained / 0 failed so far]
[ 50/129] NonInvasiveFetalECGThorax1
    stage 1/3: loading data ...
    stage 2/3: training on 1452 series (val=348, C=42, T=750, batch=16) ...
    stage 3/3: scoring on 1965 test series (accuracy + AOPCR) ...
    [mlflow] versioned model 'seanet_bottleneck_softmax__mstcn_sep_bottleneck_softmax_conjunctive' (id=m-ec85879eb524458193b8671dc70f3c8f) params={'model_size_mb': '1.4371', 'n_model_params': '43693', 'name': 'seanet_bottleneck_softmax'}
    [mlflow] logged run 'seanet_bottleneck_softmax_NonInvasiveFetalECGThorax1'  (train_acc=0.9690 val_acc=0.8966 test_acc=0.8891 test_loss=0.4239)
[ 50/129] NonInvasiveFetalECGThorax1   DONE  acc=0.8891 loss=0.4239 AOPCR=  0.579 NDCG=  n/a C= 42 T=  750 (238s)  [49 trained / 0 failed so far]
[ 51/129] NonInvasiveFetalECGThorax2
    stage 1/3: loading data ...
    stage 2/3: training on 1452 series (val=348, C=42, T=750, batch=16) ...
    stage 3/3: scoring on 1965 test series (accuracy + AOPCR) ...
    [mlflow] versioned model 'seanet_bottleneck_softmax__mstcn_sep_bottleneck_softmax_conjunctive' (id=m-ab67462d211c4ec18cba03eac530d630) params={'model_size_mb': '1.4371', 'n_model_params': '43693', 'name': 'seanet_bottleneck_softmax'}
    [mlflow] logged run 'seanet_bottleneck_softmax_NonInvasiveFetalECGThorax2'  (train_acc=0.9504 val_acc=0.8879 test_acc=0.8906 test_loss=0.4627)
[ 51/129] NonInvasiveFetalECGThorax2   DONE  acc=0.8906 loss=0.4627 AOPCR=  1.267 NDCG=  n/a C= 42 T=  750 (164s)  [50 trained / 0 failed so far]
[ 52/129] OliveOil
    stage 1/3: loading data ...
    stage 2/3: training on 30 series (no val (train-loss early stop), C=4, T=570, batch=3) ...
    stage 3/3: scoring on 30 test series (accuracy + AOPCR) ...
    [mlflow] versioned model 'seanet_bottleneck_softmax__mstcn_sep_bottleneck_softmax_conjunctive' (id=m-f802d1e785d84296b6c3b71986278956) params={'model_size_mb': '1.4264', 'n_model_params': '40881', 'name': 'seanet_bottleneck_softmax'}
    [mlflow] logged run 'seanet_bottleneck_softmax_OliveOil'  (train_acc=0.4333 test_acc=0.4000 test_loss=1.2737)
[ 52/129] OliveOil                     DONE  acc=0.4000 loss=1.2737 AOPCR=  1.233 NDCG=  n/a C=  4 T=  570 (17s)  [51 trained / 0 failed so far]
[ 53/129] OSULeaf
    stage 1/3: loading data ...
    stage 2/3: training on 163 series (val=37, C=6, T=427, batch=16) ...
    stage 3/3: scoring on 242 test series (accuracy + AOPCR) ...
    [mlflow] versioned model 'seanet_bottleneck_softmax__mstcn_sep_bottleneck_softmax_conjunctive' (id=m-35c9610eb96d416dba5e1a1b14ddf3b3) params={'model_size_mb': '1.427', 'n_model_params': '41029', 'name': 'seanet_bottleneck_softmax'}
    [mlflow] logged run 'seanet_bottleneck_softmax_OSULeaf'  (train_acc=1.0000 val_acc=1.0000 test_acc=0.8843 test_loss=0.4198)
[ 53/129] OSULeaf                      DONE  acc=0.8843 loss=0.4198 AOPCR=  0.750 NDCG=  n/a C=  6 T=  427 (26s)  [52 trained / 0 failed so far]
[ 54/129] PhalangesOutlinesCorrect
    stage 1/3: loading data ...
    stage 2/3: training on 1441 series (val=359, C=2, T=80, batch=16) ...
    stage 3/3: scoring on 858 test series (accuracy + AOPCR) ...
    [mlflow] versioned model 'seanet_bottleneck_softmax__mstcn_sep_bottleneck_softmax_conjunctive' (id=m-016bae778837480899352da50db4e7b4) params={'model_size_mb': '1.4259', 'n_model_params': '40733', 'name': 'seanet_bottleneck_softmax'}
    [mlflow] logged run 'seanet_bottleneck_softmax_PhalangesOutlinesCorrect'  (train_acc=0.9521 val_acc=0.9025 test_acc=0.8287 test_loss=0.4061)
[ 54/129] PhalangesOutlinesCorrect     DONE  acc=0.8287 loss=0.4061 AOPCR=  0.365 NDCG=  n/a C=  2 T=   80 (239s)  [53 trained / 0 failed so far]
[ 55/129] Phoneme
    stage 1/3: loading data ...
    stage 2/3: training on 171 series (val=43, C=39, T=1024, batch=16) ...
    stage 3/3: scoring on 1896 test series (accuracy + AOPCR) ...
    [mlflow] versioned model 'seanet_bottleneck_softmax__mstcn_sep_bottleneck_softmax_conjunctive' (id=m-0f5c945c5d7e4e278587570fa2eddca7) params={'model_size_mb': '1.4363', 'n_model_params': '43471', 'name': 'seanet_bottleneck_softmax'}
    [mlflow] logged run 'seanet_bottleneck_softmax_Phoneme'  (train_acc=0.4269 val_acc=0.2326 test_acc=0.2305 test_loss=2.8662)
[ 55/129] Phoneme                      DONE  acc=0.2305 loss=2.8662 AOPCR=  0.955 NDCG=  n/a C= 39 T= 1024 (8s)  [54 trained / 0 failed so far]
[ 56/129] Plane
    stage 1/3: loading data ...
    stage 2/3: training on 87 series (val=18, C=7, T=144, batch=8) ...
    stage 3/3: scoring on 105 test series (accuracy + AOPCR) ...
    [mlflow] versioned model 'seanet_bottleneck_softmax__mstcn_sep_bottleneck_softmax_conjunctive' (id=m-38c5d8d12d8c4d7c82e4d19c5687ee30) params={'model_size_mb': '1.4272', 'n_model_params': '41103', 'name': 'seanet_bottleneck_softmax'}
    [mlflow] logged run 'seanet_bottleneck_softmax_Plane'  (train_acc=1.0000 val_acc=1.0000 test_acc=1.0000 test_loss=0.1013)
[ 56/129] Plane                        DONE  acc=1.0000 loss=0.1013 AOPCR=  0.916 NDCG=  n/a C=  7 T=  144 (40s)  [55 trained / 0 failed so far]
[ 57/129] ProximalPhalanxOutlineAgeGroup
    stage 1/3: loading data ...
    stage 2/3: training on 322 series (val=78, C=3, T=80, batch=16) ...
    stage 3/3: scoring on 205 test series (accuracy + AOPCR) ...
    [mlflow] versioned model 'seanet_bottleneck_softmax__mstcn_sep_bottleneck_softmax_conjunctive' (id=m-0cd942b0cd2a4367b80ff55701102ca6) params={'model_size_mb': '1.4261', 'n_model_params': '40807', 'name': 'seanet_bottleneck_softmax'}
    [mlflow] logged run 'seanet_bottleneck_softmax_ProximalPhalanxOutlineAgeGroup'  (train_acc=0.8696 val_acc=0.8205 test_acc=0.8293 test_loss=0.4471)
[ 57/129] ProximalPhalanxOutlineAgeGroup DONE  acc=0.8293 loss=0.4471 AOPCR=  0.792 NDCG=  n/a C=  3 T=   80 (21s)  [56 trained / 0 failed so far]
[ 58/129] ProximalPhalanxOutlineCorrect
    stage 1/3: loading data ...
    stage 2/3: training on 481 series (val=119, C=2, T=80, batch=16) ...
    stage 3/3: scoring on 291 test series (accuracy + AOPCR) ...
    [mlflow] versioned model 'seanet_bottleneck_softmax__mstcn_sep_bottleneck_softmax_conjunctive' (id=m-54748cd9a669418596de860444e7a372) params={'model_size_mb': '1.4259', 'n_model_params': '40733', 'name': 'seanet_bottleneck_softmax'}
    [mlflow] logged run 'seanet_bottleneck_softmax_ProximalPhalanxOutlineCorrect'  (train_acc=0.9667 val_acc=0.9160 test_acc=0.9003 test_loss=0.2851)
[ 58/129] ProximalPhalanxOutlineCorrect DONE  acc=0.9003 loss=0.2851 AOPCR=  0.798 NDCG=  n/a C=  2 T=   80 (95s)  [57 trained / 0 failed so far]
[ 59/129] ProximalPhalanxTW
    stage 1/3: loading data ...
    stage 2/3: training on 322 series (val=78, C=6, T=80, batch=16) ...
    stage 3/3: scoring on 205 test series (accuracy + AOPCR) ...
    [mlflow] versioned model 'seanet_bottleneck_softmax__mstcn_sep_bottleneck_softmax_conjunctive' (id=m-e372d2f40ac04c17a69b78e23314541b) params={'model_size_mb': '1.427', 'n_model_params': '41029', 'name': 'seanet_bottleneck_softmax'}
    [mlflow] logged run 'seanet_bottleneck_softmax_ProximalPhalanxTW'  (train_acc=0.8509 val_acc=0.7949 test_acc=0.7951 test_loss=0.6629)
[ 59/129] ProximalPhalanxTW            DONE  acc=0.7951 loss=0.6629 AOPCR= -0.753 NDCG=  n/a C=  6 T=   80 (17s)  [58 trained / 0 failed so far]
[ 60/129] RefrigerationDevices
    stage 1/3: loading data ...
    stage 2/3: training on 300 series (val=75, C=3, T=720, batch=16) ...
    stage 3/3: scoring on 375 test series (accuracy + AOPCR) ...
    [mlflow] versioned model 'seanet_bottleneck_softmax__mstcn_sep_bottleneck_softmax_conjunctive' (id=m-9fe1991d04d449e8a80d7b7173dfe7ab) params={'model_size_mb': '1.4261', 'n_model_params': '40807', 'name': 'seanet_bottleneck_softmax'}
    [mlflow] logged run 'seanet_bottleneck_softmax_RefrigerationDevices'  (train_acc=0.8367 val_acc=0.6667 test_acc=0.4480 test_loss=1.7109)
[ 60/129] RefrigerationDevices         DONE  acc=0.4480 loss=1.7109 AOPCR=  0.550 NDCG=  n/a C=  3 T=  720 (16s)  [59 trained / 0 failed so far]
[ 61/129] ScreenType
    stage 1/3: loading data ...
    stage 2/3: training on 300 series (val=75, C=3, T=720, batch=16) ...
    stage 3/3: scoring on 375 test series (accuracy + AOPCR) ...
    [mlflow] versioned model 'seanet_bottleneck_softmax__mstcn_sep_bottleneck_softmax_conjunctive' (id=m-fbb79182d6624da5aed18e6bd89a1b03) params={'model_size_mb': '1.4261', 'n_model_params': '40807', 'name': 'seanet_bottleneck_softmax'}
    [mlflow] logged run 'seanet_bottleneck_softmax_ScreenType'  (train_acc=0.8167 val_acc=0.6267 test_acc=0.4907 test_loss=1.0703)
[ 61/129] ScreenType                   DONE  acc=0.4907 loss=1.0703 AOPCR=  0.673 NDCG=  n/a C=  3 T=  720 (18s)  [60 trained / 0 failed so far]
[ 62/129] ShapeletSim
    stage 1/3: loading data ...
    stage 2/3: training on 20 series (no val (train-loss early stop), C=2, T=500, batch=2) ...
    stage 3/3: scoring on 180 test series (accuracy + AOPCR) ...
    [mlflow] versioned model 'seanet_bottleneck_softmax__mstcn_sep_bottleneck_softmax_conjunctive' (id=m-69234078701441189352cc26e63e88ba) params={'model_size_mb': '1.4259', 'n_model_params': '40733', 'name': 'seanet_bottleneck_softmax'}
    [mlflow] logged run 'seanet_bottleneck_softmax_ShapeletSim'  (train_acc=1.0000 test_acc=1.0000 test_loss=0.0714)
[ 62/129] ShapeletSim                  DONE  acc=1.0000 loss=0.0714 AOPCR=  1.634 NDCG=  n/a C=  2 T=  500 (19s)  [61 trained / 0 failed so far]
[ 63/129] ShapesAll
    stage 1/3: loading data ...
    stage 2/3: training on 480 series (val=120, C=60, T=512, batch=16) ...
    stage 3/3: scoring on 600 test series (accuracy + AOPCR) ...
    [mlflow] versioned model 'seanet_bottleneck_softmax__mstcn_sep_bottleneck_softmax_conjunctive' (id=m-3699330e4e264a1eb8a31a784fd43619) params={'model_size_mb': '1.4422', 'n_model_params': '45025', 'name': 'seanet_bottleneck_softmax'}
    [mlflow] logged run 'seanet_bottleneck_softmax_ShapesAll'  (train_acc=0.9979 val_acc=0.8667 test_acc=0.8433 test_loss=0.7217)
[ 63/129] ShapesAll                    DONE  acc=0.8433 loss=0.7217 AOPCR=  1.917 NDCG=  n/a C= 60 T=  512 (63s)  [62 trained / 0 failed so far]
[ 64/129] SmallKitchenAppliances
    stage 1/3: loading data ...
    stage 2/3: training on 300 series (val=75, C=3, T=720, batch=16) ...
    stage 3/3: scoring on 375 test series (accuracy + AOPCR) ...
    [mlflow] versioned model 'seanet_bottleneck_softmax__mstcn_sep_bottleneck_softmax_conjunctive' (id=m-8e30a15ed9b84a03a0845997d089495b) params={'model_size_mb': '1.4261', 'n_model_params': '40807', 'name': 'seanet_bottleneck_softmax'}
    [mlflow] logged run 'seanet_bottleneck_softmax_SmallKitchenAppliances'  (train_acc=0.8567 val_acc=0.7867 test_acc=0.8320 test_loss=0.4695)
[ 64/129] SmallKitchenAppliances       DONE  acc=0.8320 loss=0.4695 AOPCR=  0.537 NDCG=  n/a C=  3 T=  720 (17s)  [63 trained / 0 failed so far]
[ 65/129] SonyAIBORobotSurface1
    stage 1/3: loading data ...
    stage 2/3: training on 20 series (no val (train-loss early stop), C=2, T=70, batch=2) ...
    stage 3/3: scoring on 601 test series (accuracy + AOPCR) ...
    [mlflow] versioned model 'seanet_bottleneck_softmax__mstcn_sep_bottleneck_softmax_conjunctive' (id=m-5f98266a9e524a4e802a390a36ff5b0d) params={'model_size_mb': '1.4259', 'n_model_params': '40733', 'name': 'seanet_bottleneck_softmax'}
    [mlflow] logged run 'seanet_bottleneck_softmax_SonyAIBORobotSurface1'  (train_acc=1.0000 test_acc=0.7870 test_loss=0.3977)
[ 65/129] SonyAIBORobotSurface1        DONE  acc=0.7870 loss=0.3977 AOPCR=  0.340 NDCG=  n/a C=  2 T=   70 (27s)  [64 trained / 0 failed so far]
[ 66/129] SonyAIBORobotSurface2
    stage 1/3: loading data ...
    stage 2/3: training on 27 series (no val (train-loss early stop), C=2, T=65, batch=2) ...
    stage 3/3: scoring on 953 test series (accuracy + AOPCR) ...
    [mlflow] versioned model 'seanet_bottleneck_softmax__mstcn_sep_bottleneck_softmax_conjunctive' (id=m-c77a2b9b5a7e45268ca0e55b2f0b14d1) params={'model_size_mb': '1.4259', 'n_model_params': '40733', 'name': 'seanet_bottleneck_softmax'}
    [mlflow] logged run 'seanet_bottleneck_softmax_SonyAIBORobotSurface2'  (train_acc=1.0000 test_acc=0.8678 test_loss=0.3729)
[ 66/129] SonyAIBORobotSurface2        DONE  acc=0.8678 loss=0.3729 AOPCR=  0.167 NDCG=  n/a C=  2 T=   65 (22s)  [65 trained / 0 failed so far]
[ 67/129] StarLightCurves
    stage 1/3: loading data ...
    stage 2/3: training on 801 series (val=199, C=3, T=1024, batch=16) ...
    stage 3/3: scoring on 8236 test series (accuracy + AOPCR) ...
    [mlflow] versioned model 'seanet_bottleneck_softmax__mstcn_sep_bottleneck_softmax_conjunctive' (id=m-22c6bb8b04e24dcd8b43f7a08d797925) params={'model_size_mb': '1.4261', 'n_model_params': '40807', 'name': 'seanet_bottleneck_softmax'}
    [mlflow] logged run 'seanet_bottleneck_softmax_StarLightCurves'  (train_acc=0.9788 val_acc=0.9799 test_acc=0.9774 test_loss=0.1349)
[ 67/129] StarLightCurves              DONE  acc=0.9774 loss=0.1349 AOPCR=  0.722 NDCG=  n/a C=  3 T= 1024 (57s)  [66 trained / 0 failed so far]
[ 68/129] Strawberry
    stage 1/3: loading data ...
    stage 2/3: training on 492 series (val=121, C=2, T=235, batch=16) ...
    stage 3/3: scoring on 370 test series (accuracy + AOPCR) ...
    [mlflow] versioned model 'seanet_bottleneck_softmax__mstcn_sep_bottleneck_softmax_conjunctive' (id=m-9d55c41fe77a44db99799a1bc75dd6e4) params={'model_size_mb': '1.4259', 'n_model_params': '40733', 'name': 'seanet_bottleneck_softmax'}
    [mlflow] logged run 'seanet_bottleneck_softmax_Strawberry'  (train_acc=0.9776 val_acc=0.9917 test_acc=0.9595 test_loss=0.1659)
[ 68/129] Strawberry                   DONE  acc=0.9595 loss=0.1659 AOPCR=  0.215 NDCG=  n/a C=  2 T=  235 (64s)  [67 trained / 0 failed so far]
[ 69/129] SwedishLeaf
    stage 1/3: loading data ...
    stage 2/3: training on 405 series (val=95, C=15, T=128, batch=16) ...
    stage 3/3: scoring on 625 test series (accuracy + AOPCR) ...
    [mlflow] versioned model 'seanet_bottleneck_softmax__mstcn_sep_bottleneck_softmax_conjunctive' (id=m-2532f8a43f404fb5b7c9138acb5a3937) params={'model_size_mb': '1.4294', 'n_model_params': '41695', 'name': 'seanet_bottleneck_softmax'}
    [mlflow] logged run 'seanet_bottleneck_softmax_SwedishLeaf'  (train_acc=0.9975 val_acc=0.9789 test_acc=0.9408 test_loss=0.2844)
[ 69/129] SwedishLeaf                  DONE  acc=0.9408 loss=0.2844 AOPCR=  1.078 NDCG=  n/a C= 15 T=  128 (80s)  [68 trained / 0 failed so far]
[ 70/129] Symbols
    stage 1/3: loading data ...
    stage 2/3: training on 25 series (no val (train-loss early stop), C=6, T=398, batch=2) ...
    stage 3/3: scoring on 995 test series (accuracy + AOPCR) ...
    [mlflow] versioned model 'seanet_bottleneck_softmax__mstcn_sep_bottleneck_softmax_conjunctive' (id=m-e7bd7fe344b546ada42b6e27c2500985) params={'model_size_mb': '1.427', 'n_model_params': '41029', 'name': 'seanet_bottleneck_softmax'}
    [mlflow] logged run 'seanet_bottleneck_softmax_Symbols'  (train_acc=1.0000 test_acc=0.9397 test_loss=0.2799)
[ 70/129] Symbols                      DONE  acc=0.9397 loss=0.2799 AOPCR=  0.904 NDCG=  n/a C=  6 T=  398 (30s)  [69 trained / 0 failed so far]
[ 71/129] SyntheticControl
    stage 1/3: loading data ...
    stage 2/3: training on 240 series (val=60, C=6, T=60, batch=16) ...
    stage 3/3: scoring on 300 test series (accuracy + AOPCR) ...
    [mlflow] versioned model 'seanet_bottleneck_softmax__mstcn_sep_bottleneck_softmax_conjunctive' (id=m-09108cb5651b4d1fb0758447dcc8eb81) params={'model_size_mb': '1.427', 'n_model_params': '41029', 'name': 'seanet_bottleneck_softmax'}
    [mlflow] logged run 'seanet_bottleneck_softmax_SyntheticControl'  (train_acc=1.0000 val_acc=1.0000 test_acc=0.9967 test_loss=0.1205)
[ 71/129] SyntheticControl             DONE  acc=0.9967 loss=0.1205 AOPCR=  0.190 NDCG=  n/a C=  6 T=   60 (39s)  [70 trained / 0 failed so far]
[ 72/129] ToeSegmentation1
    stage 1/3: loading data ...
    stage 2/3: training on 40 series (no val (train-loss early stop), C=2, T=277, batch=4) ...
    stage 3/3: scoring on 228 test series (accuracy + AOPCR) ...
    [mlflow] versioned model 'seanet_bottleneck_softmax__mstcn_sep_bottleneck_softmax_conjunctive' (id=m-a64ced170b244cde8f4f42b994357b3e) params={'model_size_mb': '1.4259', 'n_model_params': '40733', 'name': 'seanet_bottleneck_softmax'}
    [mlflow] logged run 'seanet_bottleneck_softmax_ToeSegmentation1'  (train_acc=1.0000 test_acc=0.8772 test_loss=0.2619)
[ 72/129] ToeSegmentation1             DONE  acc=0.8772 loss=0.2619 AOPCR=  0.272 NDCG=  n/a C=  2 T=  277 (24s)  [71 trained / 0 failed so far]
[ 73/129] ToeSegmentation2
    stage 1/3: loading data ...
    stage 2/3: training on 36 series (no val (train-loss early stop), C=2, T=343, batch=3) ...
    stage 3/3: scoring on 130 test series (accuracy + AOPCR) ...
    [mlflow] versioned model 'seanet_bottleneck_softmax__mstcn_sep_bottleneck_softmax_conjunctive' (id=m-978837835dfe4b3cbcab2fb43d5e61c9) params={'model_size_mb': '1.4259', 'n_model_params': '40733', 'name': 'seanet_bottleneck_softmax'}
    [mlflow] logged run 'seanet_bottleneck_softmax_ToeSegmentation2'  (train_acc=1.0000 test_acc=0.9231 test_loss=0.2403)
[ 73/129] ToeSegmentation2             DONE  acc=0.9231 loss=0.2403 AOPCR= -0.117 NDCG=  n/a C=  2 T=  343 (23s)  [72 trained / 0 failed so far]
[ 74/129] Trace
    stage 1/3: loading data ...
    stage 2/3: training on 81 series (val=19, C=4, T=275, batch=8) ...
    stage 3/3: scoring on 100 test series (accuracy + AOPCR) ...
    [mlflow] versioned model 'seanet_bottleneck_softmax__mstcn_sep_bottleneck_softmax_conjunctive' (id=m-928880cf24ef4982b1a8c309f955542a) params={'model_size_mb': '1.4264', 'n_model_params': '40881', 'name': 'seanet_bottleneck_softmax'}
    [mlflow] logged run 'seanet_bottleneck_softmax_Trace'  (train_acc=1.0000 val_acc=1.0000 test_acc=1.0000 test_loss=0.0971)
[ 74/129] Trace                        DONE  acc=1.0000 loss=0.0971 AOPCR=  2.312 NDCG=  n/a C=  4 T=  275 (27s)  [73 trained / 0 failed so far]
[ 75/129] TwoLeadECG
    stage 1/3: loading data ...
    stage 2/3: training on 23 series (no val (train-loss early stop), C=2, T=82, batch=2) ...
    stage 3/3: scoring on 1139 test series (accuracy + AOPCR) ...
    [mlflow] versioned model 'seanet_bottleneck_softmax__mstcn_sep_bottleneck_softmax_conjunctive' (id=m-15c32c6e086c472a87176b491a7893d4) params={'model_size_mb': '1.4259', 'n_model_params': '40733', 'name': 'seanet_bottleneck_softmax'}
    [mlflow] logged run 'seanet_bottleneck_softmax_TwoLeadECG'  (train_acc=1.0000 test_acc=0.9939 test_loss=0.0843)
[ 75/129] TwoLeadECG                   DONE  acc=0.9939 loss=0.0843 AOPCR=  0.469 NDCG=  n/a C=  2 T=   82 (25s)  [74 trained / 0 failed so far]
[ 76/129] TwoPatterns
    stage 1/3: loading data ...
    stage 2/3: training on 801 series (val=199, C=4, T=128, batch=16) ...
    stage 3/3: scoring on 4000 test series (accuracy + AOPCR) ...
    [mlflow] versioned model 'seanet_bottleneck_softmax__mstcn_sep_bottleneck_softmax_conjunctive' (id=m-d60833bcc3964eb8ac46a9fbd969e089) params={'model_size_mb': '1.4264', 'n_model_params': '40881', 'name': 'seanet_bottleneck_softmax'}
    [mlflow] logged run 'seanet_bottleneck_softmax_TwoPatterns'  (train_acc=1.0000 val_acc=1.0000 test_acc=1.0000 test_loss=0.0984)
[ 76/129] TwoPatterns                  DONE  acc=1.0000 loss=0.0984 AOPCR=  1.114 NDCG=  n/a C=  4 T=  128 (80s)  [75 trained / 0 failed so far]
[ 77/129] UWaveGestureLibraryAll
    stage 1/3: loading data ...
    stage 2/3: training on 719 series (val=177, C=8, T=945, batch=16) ...
    stage 3/3: scoring on 3582 test series (accuracy + AOPCR) ...
    [mlflow] versioned model 'seanet_bottleneck_softmax__mstcn_sep_bottleneck_softmax_conjunctive' (id=m-d61f7235e7374e19a73024087ecd1388) params={'model_size_mb': '1.4275', 'n_model_params': '41177', 'name': 'seanet_bottleneck_softmax'}
    [mlflow] logged run 'seanet_bottleneck_softmax_UWaveGestureLibraryAll'  (train_acc=1.0000 val_acc=0.9661 test_acc=0.9581 test_loss=0.2617)
[ 77/129] UWaveGestureLibraryAll       DONE  acc=0.9581 loss=0.2617 AOPCR=  1.278 NDCG=  n/a C=  8 T=  945 (71s)  [76 trained / 0 failed so far]
[ 78/129] UWaveGestureLibraryX
    stage 1/3: loading data ...
    stage 2/3: training on 719 series (val=177, C=8, T=315, batch=16) ...
    stage 3/3: scoring on 3582 test series (accuracy + AOPCR) ...
    [mlflow] versioned model 'seanet_bottleneck_softmax__mstcn_sep_bottleneck_softmax_conjunctive' (id=m-c551ab465da24b328087a08cc44541ce) params={'model_size_mb': '1.4275', 'n_model_params': '41177', 'name': 'seanet_bottleneck_softmax'}
    [mlflow] logged run 'seanet_bottleneck_softmax_UWaveGestureLibraryX'  (train_acc=0.9541 val_acc=0.8362 test_acc=0.8076 test_loss=0.5778)
[ 78/129] UWaveGestureLibraryX         DONE  acc=0.8076 loss=0.5778 AOPCR=  0.927 NDCG=  n/a C=  8 T=  315 (42s)  [77 trained / 0 failed so far]
[ 79/129] UWaveGestureLibraryY
    stage 1/3: loading data ...
    stage 2/3: training on 719 series (val=177, C=8, T=315, batch=16) ...
    stage 3/3: scoring on 3582 test series (accuracy + AOPCR) ...
    [mlflow] versioned model 'seanet_bottleneck_softmax__mstcn_sep_bottleneck_softmax_conjunctive' (id=m-f9dd8700db3e493f908f55866422d2f0) params={'model_size_mb': '1.4275', 'n_model_params': '41177', 'name': 'seanet_bottleneck_softmax'}
    [mlflow] logged run 'seanet_bottleneck_softmax_UWaveGestureLibraryY'  (train_acc=0.8470 val_acc=0.7062 test_acc=0.7155 test_loss=0.8231)
[ 79/129] UWaveGestureLibraryY         DONE  acc=0.7155 loss=0.8231 AOPCR=  0.577 NDCG=  n/a C=  8 T=  315 (34s)  [78 trained / 0 failed so far]
[ 80/129] UWaveGestureLibraryZ
    stage 1/3: loading data ...
    stage 2/3: training on 719 series (val=177, C=8, T=315, batch=16) ...
    stage 3/3: scoring on 3582 test series (accuracy + AOPCR) ...
    [mlflow] versioned model 'seanet_bottleneck_softmax__mstcn_sep_bottleneck_softmax_conjunctive' (id=m-980d867f309e415db91245f2b2eb0f66) params={'model_size_mb': '1.4275', 'n_model_params': '41177', 'name': 'seanet_bottleneck_softmax'}
    [mlflow] logged run 'seanet_bottleneck_softmax_UWaveGestureLibraryZ'  (train_acc=0.8345 val_acc=0.7062 test_acc=0.7390 test_loss=0.7243)
[ 80/129] UWaveGestureLibraryZ         DONE  acc=0.7390 loss=0.7243 AOPCR=  0.851 NDCG=  n/a C=  8 T=  315 (35s)  [79 trained / 0 failed so far]
[ 81/129] Wafer
    stage 1/3: loading data ...
    stage 2/3: training on 801 series (val=199, C=2, T=152, batch=16) ...
    stage 3/3: scoring on 6164 test series (accuracy + AOPCR) ...
    [mlflow] versioned model 'seanet_bottleneck_softmax__mstcn_sep_bottleneck_softmax_conjunctive' (id=m-9fa946028651453aa818e109abe59d31) params={'model_size_mb': '1.4259', 'n_model_params': '40733', 'name': 'seanet_bottleneck_softmax'}
    [mlflow] logged run 'seanet_bottleneck_softmax_Wafer'  (train_acc=1.0000 val_acc=1.0000 test_acc=0.9961 test_loss=0.0866)
[ 81/129] Wafer                        DONE  acc=0.9961 loss=0.0866 AOPCR=  0.536 NDCG=  n/a C=  2 T=  152 (91s)  [80 trained / 0 failed so far]
[ 82/129] Wine
    stage 1/3: loading data ...
    stage 2/3: training on 57 series (no val (train-loss early stop), C=2, T=234, batch=5) ...
    stage 3/3: scoring on 54 test series (accuracy + AOPCR) ...
    [mlflow] versioned model 'seanet_bottleneck_softmax__mstcn_sep_bottleneck_softmax_conjunctive' (id=m-643557ac3f204e46831365bd135b8776) params={'model_size_mb': '1.4259', 'n_model_params': '40733', 'name': 'seanet_bottleneck_softmax'}
    [mlflow] logged run 'seanet_bottleneck_softmax_Wine'  (train_acc=0.5439 test_acc=0.4815 test_loss=0.6851)
[ 82/129] Wine                         DONE  acc=0.4815 loss=0.6851 AOPCR=  0.302 NDCG=  n/a C=  2 T=  234 (33s)  [81 trained / 0 failed so far]
[ 83/129] WordSynonyms
    stage 1/3: loading data ...
    stage 2/3: training on 217 series (val=50, C=25, T=270, batch=16) ...
    stage 3/3: scoring on 638 test series (accuracy + AOPCR) ...
    [mlflow] versioned model 'seanet_bottleneck_softmax__mstcn_sep_bottleneck_softmax_conjunctive' (id=m-6f9f39486520480ebb159fbb62452745) params={'model_size_mb': '1.4323', 'n_model_params': '42435', 'name': 'seanet_bottleneck_softmax'}
    [mlflow] logged run 'seanet_bottleneck_softmax_WordSynonyms'  (train_acc=0.9770 val_acc=0.7400 test_acc=0.6818 test_loss=1.3018)
[ 83/129] WordSynonyms                 DONE  acc=0.6818 loss=1.3018 AOPCR=  1.151 NDCG=  n/a C= 25 T=  270 (17s)  [82 trained / 0 failed so far]
[ 84/129] Worms
    stage 1/3: loading data ...
    stage 2/3: training on 146 series (val=35, C=5, T=900, batch=14) ...
    stage 3/3: scoring on 77 test series (accuracy + AOPCR) ...
    [mlflow] versioned model 'seanet_bottleneck_softmax__mstcn_sep_bottleneck_softmax_conjunctive' (id=m-787936086daa4aec87f28491c6ec1ab9) params={'model_size_mb': '1.4267', 'n_model_params': '40955', 'name': 'seanet_bottleneck_softmax'}
    [mlflow] logged run 'seanet_bottleneck_softmax_Worms'  (train_acc=0.9521 val_acc=0.6857 test_acc=0.5974 test_loss=1.0571)
[ 84/129] Worms                        DONE  acc=0.5974 loss=1.0571 AOPCR=  1.762 NDCG=  n/a C=  5 T=  900 (13s)  [83 trained / 0 failed so far]
[ 85/129] WormsTwoClass
    stage 1/3: loading data ...
    stage 2/3: training on 145 series (val=36, C=2, T=900, batch=14) ...
    stage 3/3: scoring on 77 test series (accuracy + AOPCR) ...
    [mlflow] versioned model 'seanet_bottleneck_softmax__mstcn_sep_bottleneck_softmax_conjunctive' (id=m-6f6b6115a0264651bca8afbc672921f1) params={'model_size_mb': '1.4259', 'n_model_params': '40733', 'name': 'seanet_bottleneck_softmax'}
    [mlflow] logged run 'seanet_bottleneck_softmax_WormsTwoClass'  (train_acc=1.0000 val_acc=0.9167 test_acc=0.6104 test_loss=0.8580)
[ 85/129] WormsTwoClass                DONE  acc=0.6104 loss=0.8580 AOPCR=  0.513 NDCG=  n/a C=  2 T=  900 (25s)  [84 trained / 0 failed so far]
[ 86/129] Yoga
    stage 1/3: loading data ...
    stage 2/3: training on 241 series (val=59, C=2, T=426, batch=16) ...
    stage 3/3: scoring on 3000 test series (accuracy + AOPCR) ...
    [mlflow] versioned model 'seanet_bottleneck_softmax__mstcn_sep_bottleneck_softmax_conjunctive' (id=m-d6a97d90535b4a178312dc5f61c1538a) params={'model_size_mb': '1.4259', 'n_model_params': '40733', 'name': 'seanet_bottleneck_softmax'}
    [mlflow] logged run 'seanet_bottleneck_softmax_Yoga'  (train_acc=0.9959 val_acc=0.9661 test_acc=0.8997 test_loss=0.2664)
[ 86/129] Yoga                         DONE  acc=0.8997 loss=0.2664 AOPCR=  0.987 NDCG=  n/a C=  2 T=  426 (34s)  [85 trained / 0 failed so far]
[ 87/129] ACSF1
    stage 1/3: loading data ...
    stage 2/3: training on 80 series (val=20, C=10, T=1460, batch=8) ...
    stage 3/3: scoring on 100 test series (accuracy + AOPCR) ...
    [mlflow] versioned model 'seanet_bottleneck_softmax__mstcn_sep_bottleneck_softmax_conjunctive' (id=m-7876f07abaf7492f9e6fd890a65d8958) params={'model_size_mb': '1.4281', 'n_model_params': '41325', 'name': 'seanet_bottleneck_softmax'}
    [mlflow] logged run 'seanet_bottleneck_softmax_ACSF1'  (train_acc=0.8875 val_acc=0.8000 test_acc=0.7500 test_loss=0.7471)
[ 87/129] ACSF1                        DONE  acc=0.7500 loss=0.7471 AOPCR=  1.224 NDCG=  n/a C= 10 T= 1460 (16s)  [86 trained / 0 failed so far]
[ 88/129] AllGestureWiimoteX
    stage 1/3: loading data ...
    stage 2/3: training on 240 series (val=60, C=10, T=500, batch=16) ...
    stage 3/3: scoring on 700 test series (accuracy + AOPCR) ...
    [mlflow] versioned model 'seanet_bottleneck_softmax__mstcn_sep_bottleneck_softmax_conjunctive' (id=m-2ba2388866c74c5a9fcecd6753957395) params={'model_size_mb': '1.4281', 'n_model_params': '41325', 'name': 'seanet_bottleneck_softmax'}
    [mlflow] logged run 'seanet_bottleneck_softmax_AllGestureWiimoteX'  (train_acc=1.0000 val_acc=0.8667 test_acc=0.7500 test_loss=0.8496)
[ 88/129] AllGestureWiimoteX           DONE  acc=0.7500 loss=0.8496 AOPCR=  1.888 NDCG=  n/a C= 10 T=  500 (49s)  [87 trained / 0 failed so far]
[ 89/129] AllGestureWiimoteY
    stage 1/3: loading data ...
    stage 2/3: training on 240 series (val=60, C=10, T=500, batch=16) ...
    stage 3/3: scoring on 700 test series (accuracy + AOPCR) ...
    [mlflow] versioned model 'seanet_bottleneck_softmax__mstcn_sep_bottleneck_softmax_conjunctive' (id=m-164fd8402cee43aa80eb6bf67861956a) params={'model_size_mb': '1.4281', 'n_model_params': '41325', 'name': 'seanet_bottleneck_softmax'}
    [mlflow] logged run 'seanet_bottleneck_softmax_AllGestureWiimoteY'  (train_acc=0.9958 val_acc=0.7000 test_acc=0.7443 test_loss=0.8005)
[ 89/129] AllGestureWiimoteY           DONE  acc=0.7443 loss=0.8005 AOPCR=  2.318 NDCG=  n/a C= 10 T=  500 (18s)  [88 trained / 0 failed so far]
[ 90/129] AllGestureWiimoteZ
    stage 1/3: loading data ...
    stage 2/3: training on 240 series (val=60, C=10, T=500, batch=16) ...
    stage 3/3: scoring on 700 test series (accuracy + AOPCR) ...
    [mlflow] versioned model 'seanet_bottleneck_softmax__mstcn_sep_bottleneck_softmax_conjunctive' (id=m-1e763fd545474b82ab801e0ba3081833) params={'model_size_mb': '1.4281', 'n_model_params': '41325', 'name': 'seanet_bottleneck_softmax'}
    [mlflow] logged run 'seanet_bottleneck_softmax_AllGestureWiimoteZ'  (train_acc=0.9083 val_acc=0.6667 test_acc=0.6943 test_loss=0.8524)
[ 90/129] AllGestureWiimoteZ           DONE  acc=0.6943 loss=0.8524 AOPCR=  2.202 NDCG=  n/a C= 10 T=  500 (18s)  [89 trained / 0 failed so far]
[ 91/129] BME
    stage 1/3: loading data ...
    stage 2/3: training on 30 series (no val (train-loss early stop), C=3, T=128, batch=3) ...
    stage 3/3: scoring on 150 test series (accuracy + AOPCR) ...
    [mlflow] versioned model 'seanet_bottleneck_softmax__mstcn_sep_bottleneck_softmax_conjunctive' (id=m-c624f006b39743f2b3bf5f22c68041db) params={'model_size_mb': '1.4261', 'n_model_params': '40807', 'name': 'seanet_bottleneck_softmax'}
    [mlflow] logged run 'seanet_bottleneck_softmax_BME'  (train_acc=1.0000 test_acc=0.9933 test_loss=0.1009)
[ 91/129] BME                          DONE  acc=0.9933 loss=0.1009 AOPCR=  1.628 NDCG=  n/a C=  3 T=  128 (41s)  [90 trained / 0 failed so far]
[ 92/129] Chinatown
    stage 1/3: loading data ...
    stage 2/3: training on 20 series (no val (train-loss early stop), C=2, T=24, batch=2) ...
    stage 3/3: scoring on 343 test series (accuracy + AOPCR) ...
    [mlflow] versioned model 'seanet_bottleneck_softmax__mstcn_sep_bottleneck_softmax_conjunctive' (id=m-58403827bac54c8e9c3c961fa3d62f63) params={'model_size_mb': '1.4259', 'n_model_params': '40733', 'name': 'seanet_bottleneck_softmax'}
    [mlflow] logged run 'seanet_bottleneck_softmax_Chinatown'  (train_acc=1.0000 test_acc=0.9825 test_loss=0.1088)
[ 92/129] Chinatown                    DONE  acc=0.9825 loss=0.1088 AOPCR=  0.092 NDCG=  n/a C=  2 T=   24 (31s)  [91 trained / 0 failed so far]
[ 93/129] Crop
    stage 1/3: loading data ...
    stage 2/3: training on 5760 series (val=1440, C=24, T=46, batch=16) ...
    stage 3/3: scoring on 16800 test series (accuracy + AOPCR) ...
    [mlflow] versioned model 'seanet_bottleneck_softmax__mstcn_sep_bottleneck_softmax_conjunctive' (id=m-a022b1163ef242d2b37ff7249408c2f2) params={'model_size_mb': '1.4321', 'n_model_params': '42361', 'name': 'seanet_bottleneck_softmax'}
    [mlflow] logged run 'seanet_bottleneck_softmax_Crop'  (train_acc=0.8366 val_acc=0.7118 test_acc=0.7068 test_loss=0.9484)
[ 93/129] Crop                         DONE  acc=0.7068 loss=0.9484 AOPCR=  0.578 NDCG=  n/a C= 24 T=   46 (547s)  [92 trained / 0 failed so far]
[ 94/129] DodgerLoopDay
    stage 1/3: loading data ...
    stage 2/3: training on 78 series (no val (train-loss early stop), C=7, T=288, batch=7) ...
    stage 3/3: scoring on 80 test series (accuracy + AOPCR) ...
    [mlflow] versioned model 'seanet_bottleneck_softmax__mstcn_sep_bottleneck_softmax_conjunctive' (id=m-8ccb53ad03574d9db74d4c83e3bd1262) params={'model_size_mb': '1.4272', 'n_model_params': '41103', 'name': 'seanet_bottleneck_softmax'}
    [mlflow] logged run 'seanet_bottleneck_softmax_DodgerLoopDay'  (train_acc=1.0000 test_acc=0.5875 test_loss=1.3902)
[ 94/129] DodgerLoopDay                DONE  acc=0.5875 loss=1.3902 AOPCR=  0.697 NDCG=  n/a C=  7 T=  288 (50s)  [93 trained / 0 failed so far]
[ 95/129] DodgerLoopGame
    stage 1/3: loading data ...
    stage 2/3: training on 20 series (no val (train-loss early stop), C=2, T=288, batch=2) ...
    stage 3/3: scoring on 138 test series (accuracy + AOPCR) ...
    [mlflow] versioned model 'seanet_bottleneck_softmax__mstcn_sep_bottleneck_softmax_conjunctive' (id=m-c5bdf36ac5f14a74ad821ebae0e6114d) params={'model_size_mb': '1.4259', 'n_model_params': '40733', 'name': 'seanet_bottleneck_softmax'}
    [mlflow] logged run 'seanet_bottleneck_softmax_DodgerLoopGame'  (train_acc=1.0000 test_acc=0.9638 test_loss=0.1734)
[ 95/129] DodgerLoopGame               DONE  acc=0.9638 loss=0.1734 AOPCR=  1.369 NDCG=  n/a C=  2 T=  288 (18s)  [94 trained / 0 failed so far]
[ 96/129] DodgerLoopWeekend
    stage 1/3: loading data ...
    stage 2/3: training on 20 series (no val (train-loss early stop), C=2, T=288, batch=2) ...
    stage 3/3: scoring on 138 test series (accuracy + AOPCR) ...
    [mlflow] versioned model 'seanet_bottleneck_softmax__mstcn_sep_bottleneck_softmax_conjunctive' (id=m-2cb1a7b5f325497eb3af8aa1ce45c6ef) params={'model_size_mb': '1.4259', 'n_model_params': '40733', 'name': 'seanet_bottleneck_softmax'}
    [mlflow] logged run 'seanet_bottleneck_softmax_DodgerLoopWeekend'  (train_acc=1.0000 test_acc=0.9638 test_loss=0.1711)
[ 96/129] DodgerLoopWeekend            DONE  acc=0.9638 loss=0.1711 AOPCR=  1.972 NDCG=  n/a C=  2 T=  288 (18s)  [95 trained / 0 failed so far]
[ 97/129] EOGHorizontalSignal
    stage 1/3: loading data ...
    stage 2/3: training on 290 series (val=72, C=12, T=1250, batch=16) ...
    stage 3/3: scoring on 362 test series (accuracy + AOPCR) ...
    [mlflow] versioned model 'seanet_bottleneck_softmax__mstcn_sep_bottleneck_softmax_conjunctive' (id=m-5884d25ec825486fb6b55c64a5f6b9a6) params={'model_size_mb': '1.4286', 'n_model_params': '41473', 'name': 'seanet_bottleneck_softmax'}
    [mlflow] logged run 'seanet_bottleneck_softmax_EOGHorizontalSignal'  (train_acc=0.9828 val_acc=0.8750 test_acc=0.5249 test_loss=1.6313)
[ 97/129] EOGHorizontalSignal          DONE  acc=0.5249 loss=1.6313 AOPCR=  2.030 NDCG=  n/a C= 12 T= 1250 (29s)  [96 trained / 0 failed so far]
[ 98/129] EOGVerticalSignal
    stage 1/3: loading data ...
    stage 2/3: training on 290 series (val=72, C=12, T=1250, batch=16) ...
    stage 3/3: scoring on 362 test series (accuracy + AOPCR) ...
    [mlflow] versioned model 'seanet_bottleneck_softmax__mstcn_sep_bottleneck_softmax_conjunctive' (id=m-7ca60a032e35441aa0a14c204454b9eb) params={'model_size_mb': '1.4286', 'n_model_params': '41473', 'name': 'seanet_bottleneck_softmax'}
    [mlflow] logged run 'seanet_bottleneck_softmax_EOGVerticalSignal'  (train_acc=0.9552 val_acc=0.7917 test_acc=0.4917 test_loss=1.8745)
[ 98/129] EOGVerticalSignal            DONE  acc=0.4917 loss=1.8745 AOPCR=  2.781 NDCG=  n/a C= 12 T= 1250 (32s)  [97 trained / 0 failed so far]
[ 99/129] EthanolLevel
    stage 1/3: loading data ...
    stage 2/3: training on 404 series (val=100, C=4, T=1751, batch=16) ...
    stage 3/3: scoring on 500 test series (accuracy + AOPCR) ...
    [mlflow] versioned model 'seanet_bottleneck_softmax__mstcn_sep_bottleneck_softmax_conjunctive' (id=m-e646fe33313448228de8d504bd57856c) params={'model_size_mb': '1.4264', 'n_model_params': '40881', 'name': 'seanet_bottleneck_softmax'}
    [mlflow] logged run 'seanet_bottleneck_softmax_EthanolLevel'  (train_acc=0.9406 val_acc=0.9300 test_acc=0.8260 test_loss=0.4507)
[ 99/129] EthanolLevel                 DONE  acc=0.8260 loss=0.4507 AOPCR=  0.433 NDCG=  n/a C=  4 T= 1751 (111s)  [98 trained / 0 failed so far]
[100/129] FreezerRegularTrain
    stage 1/3: loading data ...
    stage 2/3: training on 120 series (val=30, C=2, T=301, batch=12) ...
    stage 3/3: scoring on 2850 test series (accuracy + AOPCR) ...
    [mlflow] versioned model 'seanet_bottleneck_softmax__mstcn_sep_bottleneck_softmax_conjunctive' (id=m-59f39281f83b4d65b3c19f983c13c8b6) params={'model_size_mb': '1.4259', 'n_model_params': '40733', 'name': 'seanet_bottleneck_softmax'}
    [mlflow] logged run 'seanet_bottleneck_softmax_FreezerRegularTrain'  (train_acc=1.0000 val_acc=1.0000 test_acc=0.9933 test_loss=0.0767)
[100/129] FreezerRegularTrain          DONE  acc=0.9933 loss=0.0767 AOPCR=  0.320 NDCG=  n/a C=  2 T=  301 (17s)  [99 trained / 0 failed so far]
[101/129] FreezerSmallTrain
    stage 1/3: loading data ...
    stage 2/3: training on 28 series (no val (train-loss early stop), C=2, T=301, batch=2) ...
    stage 3/3: scoring on 2850 test series (accuracy + AOPCR) ...
    [mlflow] versioned model 'seanet_bottleneck_softmax__mstcn_sep_bottleneck_softmax_conjunctive' (id=m-5e8eb2caed0e4462a64d94f0181dcb98) params={'model_size_mb': '1.4259', 'n_model_params': '40733', 'name': 'seanet_bottleneck_softmax'}
    [mlflow] logged run 'seanet_bottleneck_softmax_FreezerSmallTrain'  (train_acc=1.0000 test_acc=0.6642 test_loss=0.9232)
[101/129] FreezerSmallTrain            DONE  acc=0.6642 loss=0.9232 AOPCR=  0.140 NDCG=  n/a C=  2 T=  301 (36s)  [100 trained / 0 failed so far]
[102/129] Fungi
    stage 1/3: loading data ...
    stage 2/3: training on 18 series (no val (train-loss early stop), C=18, T=201, batch=2) ...
    stage 3/3: scoring on 186 test series (accuracy + AOPCR) ...
    [mlflow] versioned model 'seanet_bottleneck_softmax__mstcn_sep_bottleneck_softmax_conjunctive' (id=m-9559029568a14113aa7637398d339ecf) params={'model_size_mb': '1.4304', 'n_model_params': '41917', 'name': 'seanet_bottleneck_softmax'}
    [mlflow] logged run 'seanet_bottleneck_softmax_Fungi'  (train_acc=1.0000 test_acc=0.9247 test_loss=0.3720)
[102/129] Fungi                        DONE  acc=0.9247 loss=0.3720 AOPCR=  0.975 NDCG=  n/a C= 18 T=  201 (21s)  [101 trained / 0 failed so far]
[103/129] GestureMidAirD1
    stage 1/3: loading data ...
    stage 2/3: training on 182 series (val=26, C=26, T=360, batch=16) ...
    stage 3/3: scoring on 130 test series (accuracy + AOPCR) ...
    [mlflow] versioned model 'seanet_bottleneck_softmax__mstcn_sep_bottleneck_softmax_conjunctive' (id=m-18146bd7f65c488a9f7616eb14bec529) params={'model_size_mb': '1.4326', 'n_model_params': '42509', 'name': 'seanet_bottleneck_softmax'}
    [mlflow] logged run 'seanet_bottleneck_softmax_GestureMidAirD1'  (train_acc=1.0000 val_acc=0.7308 test_acc=0.6923 test_loss=1.1182)
[103/129] GestureMidAirD1              DONE  acc=0.6923 loss=1.1182 AOPCR=  1.916 NDCG=  n/a C= 26 T=  360 (26s)  [102 trained / 0 failed so far]
[104/129] GestureMidAirD2
    stage 1/3: loading data ...
    stage 2/3: training on 182 series (val=26, C=26, T=360, batch=16) ...
    stage 3/3: scoring on 130 test series (accuracy + AOPCR) ...
    [mlflow] versioned model 'seanet_bottleneck_softmax__mstcn_sep_bottleneck_softmax_conjunctive' (id=m-a581d5b0c6e446dc8be36b0f7ef429b1) params={'model_size_mb': '1.4326', 'n_model_params': '42509', 'name': 'seanet_bottleneck_softmax'}
    [mlflow] logged run 'seanet_bottleneck_softmax_GestureMidAirD2'  (train_acc=0.8242 val_acc=0.5000 test_acc=0.6154 test_loss=1.0098)
[104/129] GestureMidAirD2              DONE  acc=0.6154 loss=1.0098 AOPCR=  1.401 NDCG=  n/a C= 26 T=  360 (15s)  [103 trained / 0 failed so far]
[105/129] GestureMidAirD3
    stage 1/3: loading data ...
    stage 2/3: training on 182 series (val=26, C=26, T=360, batch=16) ...
    stage 3/3: scoring on 130 test series (accuracy + AOPCR) ...
    [mlflow] versioned model 'seanet_bottleneck_softmax__mstcn_sep_bottleneck_softmax_conjunctive' (id=m-d16b97bde2724415b8203b3c378e47c6) params={'model_size_mb': '1.4326', 'n_model_params': '42509', 'name': 'seanet_bottleneck_softmax'}
    [mlflow] logged run 'seanet_bottleneck_softmax_GestureMidAirD3'  (train_acc=0.8736 val_acc=0.3846 test_acc=0.3308 test_loss=2.1540)
[105/129] GestureMidAirD3              DONE  acc=0.3308 loss=2.1540 AOPCR=  1.901 NDCG=  n/a C= 26 T=  360 (13s)  [104 trained / 0 failed so far]
[106/129] GesturePebbleZ1
    stage 1/3: loading data ...
    stage 2/3: training on 107 series (val=25, C=6, T=455, batch=10) ...
    stage 3/3: scoring on 172 test series (accuracy + AOPCR) ...
    [mlflow] versioned model 'seanet_bottleneck_softmax__mstcn_sep_bottleneck_softmax_conjunctive' (id=m-3a085fecb1684b84af1be7395d0731c8) params={'model_size_mb': '1.427', 'n_model_params': '41029', 'name': 'seanet_bottleneck_softmax'}
    [mlflow] logged run 'seanet_bottleneck_softmax_GesturePebbleZ1'  (train_acc=0.9813 val_acc=1.0000 test_acc=0.8953 test_loss=0.4329)
[106/129] GesturePebbleZ1              DONE  acc=0.8953 loss=0.4329 AOPCR=  1.849 NDCG=  n/a C=  6 T=  455 (14s)  [105 trained / 0 failed so far]
[107/129] GesturePebbleZ2
    stage 1/3: loading data ...
    stage 2/3: training on 120 series (val=26, C=6, T=455, batch=12) ...
    stage 3/3: scoring on 158 test series (accuracy + AOPCR) ...
    [mlflow] versioned model 'seanet_bottleneck_softmax__mstcn_sep_bottleneck_softmax_conjunctive' (id=m-b10ef525bead4b71b1c5a5f2b962a5c5) params={'model_size_mb': '1.427', 'n_model_params': '41029', 'name': 'seanet_bottleneck_softmax'}
    [mlflow] logged run 'seanet_bottleneck_softmax_GesturePebbleZ2'  (train_acc=1.0000 val_acc=1.0000 test_acc=0.9051 test_loss=0.3528)
[107/129] GesturePebbleZ2              DONE  acc=0.9051 loss=0.3528 AOPCR=  2.467 NDCG=  n/a C=  6 T=  455 (15s)  [106 trained / 0 failed so far]
[108/129] GunPointAgeSpan
    stage 1/3: loading data ...
    stage 2/3: training on 109 series (val=26, C=2, T=150, batch=10) ...
    stage 3/3: scoring on 316 test series (accuracy + AOPCR) ...
    [mlflow] versioned model 'seanet_bottleneck_softmax__mstcn_sep_bottleneck_softmax_conjunctive' (id=m-1ff0876d115f499db101a69fafe84725) params={'model_size_mb': '1.4259', 'n_model_params': '40733', 'name': 'seanet_bottleneck_softmax'}
    [mlflow] logged run 'seanet_bottleneck_softmax_GunPointAgeSpan'  (train_acc=1.0000 val_acc=1.0000 test_acc=0.9842 test_loss=0.0870)
[108/129] GunPointAgeSpan              DONE  acc=0.9842 loss=0.0870 AOPCR=  0.721 NDCG=  n/a C=  2 T=  150 (14s)  [107 trained / 0 failed so far]
[109/129] GunPointMaleVersusFemale
    stage 1/3: loading data ...
    stage 2/3: training on 109 series (val=26, C=2, T=150, batch=10) ...
    stage 3/3: scoring on 316 test series (accuracy + AOPCR) ...
    [mlflow] versioned model 'seanet_bottleneck_softmax__mstcn_sep_bottleneck_softmax_conjunctive' (id=m-60cfa0ba2dc340d1920b44e549f49606) params={'model_size_mb': '1.4259', 'n_model_params': '40733', 'name': 'seanet_bottleneck_softmax'}
    [mlflow] logged run 'seanet_bottleneck_softmax_GunPointMaleVersusFemale'  (train_acc=1.0000 val_acc=1.0000 test_acc=0.9905 test_loss=0.0829)
[109/129] GunPointMaleVersusFemale     DONE  acc=0.9905 loss=0.0829 AOPCR=  1.152 NDCG=  n/a C=  2 T=  150 (15s)  [108 trained / 0 failed so far]
[110/129] GunPointOldVersusYoung
    stage 1/3: loading data ...
    stage 2/3: training on 109 series (val=27, C=2, T=150, batch=10) ...
    stage 3/3: scoring on 315 test series (accuracy + AOPCR) ...
    [mlflow] versioned model 'seanet_bottleneck_softmax__mstcn_sep_bottleneck_softmax_conjunctive' (id=m-6485dcaea67944f2acb27a0cc63f516b) params={'model_size_mb': '1.4259', 'n_model_params': '40733', 'name': 'seanet_bottleneck_softmax'}
    [mlflow] logged run 'seanet_bottleneck_softmax_GunPointOldVersusYoung'  (train_acc=1.0000 val_acc=1.0000 test_acc=0.9841 test_loss=0.1066)
[110/129] GunPointOldVersusYoung       DONE  acc=0.9841 loss=0.1066 AOPCR=  0.953 NDCG=  n/a C=  2 T=  150 (19s)  [109 trained / 0 failed so far]
[111/129] HouseTwenty
    stage 1/3: loading data ...
    stage 2/3: training on 40 series (no val (train-loss early stop), C=2, T=2000, batch=4) ...
    stage 3/3: scoring on 119 test series (accuracy + AOPCR) ...
    [mlflow] versioned model 'seanet_bottleneck_softmax__mstcn_sep_bottleneck_softmax_conjunctive' (id=m-21006a029993416686cf471a8e0b8f7c) params={'model_size_mb': '1.4259', 'n_model_params': '40733', 'name': 'seanet_bottleneck_softmax'}
    [mlflow] logged run 'seanet_bottleneck_softmax_HouseTwenty'  (train_acc=1.0000 test_acc=0.9748 test_loss=0.1285)
[111/129] HouseTwenty                  DONE  acc=0.9748 loss=0.1285 AOPCR=  1.958 NDCG=  n/a C=  2 T= 2000 (21s)  [110 trained / 0 failed so far]
[112/129] InsectEPGRegularTrain
    stage 1/3: loading data ...
    stage 2/3: training on 62 series (no val (train-loss early stop), C=3, T=601, batch=6) ...
    stage 3/3: scoring on 249 test series (accuracy + AOPCR) ...
    [mlflow] versioned model 'seanet_bottleneck_softmax__mstcn_sep_bottleneck_softmax_conjunctive' (id=m-50232cd6a011456fa9fa456c0908ac82) params={'model_size_mb': '1.4261', 'n_model_params': '40807', 'name': 'seanet_bottleneck_softmax'}
    [mlflow] logged run 'seanet_bottleneck_softmax_InsectEPGRegularTrain'  (train_acc=1.0000 test_acc=0.9920 test_loss=0.1136)
[112/129] InsectEPGRegularTrain        DONE  acc=0.9920 loss=0.1136 AOPCR=  1.540 NDCG=  n/a C=  3 T=  601 (13s)  [111 trained / 0 failed so far]
[113/129] InsectEPGSmallTrain
    stage 1/3: loading data ...
    stage 2/3: training on 17 series (no val (train-loss early stop), C=3, T=601, batch=2) ...
    stage 3/3: scoring on 249 test series (accuracy + AOPCR) ...
    [mlflow] versioned model 'seanet_bottleneck_softmax__mstcn_sep_bottleneck_softmax_conjunctive' (id=m-28a5d48ad3534fe291df40e0e71e5bd6) params={'model_size_mb': '1.4261', 'n_model_params': '40807', 'name': 'seanet_bottleneck_softmax'}
    [mlflow] logged run 'seanet_bottleneck_softmax_InsectEPGSmallTrain'  (train_acc=1.0000 test_acc=0.9076 test_loss=0.2984)
[113/129] InsectEPGSmallTrain          DONE  acc=0.9076 loss=0.2984 AOPCR=  1.370 NDCG=  n/a C=  3 T=  601 (23s)  [112 trained / 0 failed so far]
[114/129] MelbournePedestrian
    stage 1/3: loading data ...
    stage 2/3: training on 956 series (val=238, C=10, T=24, batch=16) ...
    stage 3/3: scoring on 2439 test series (accuracy + AOPCR) ...
    [mlflow] versioned model 'seanet_bottleneck_softmax__mstcn_sep_bottleneck_softmax_conjunctive' (id=m-c4c7efba9f384b268679749cc55a8543) params={'model_size_mb': '1.4281', 'n_model_params': '41325', 'name': 'seanet_bottleneck_softmax'}
    [mlflow] logged run 'seanet_bottleneck_softmax_MelbournePedestrian'  (train_acc=0.9979 val_acc=0.9118 test_acc=0.8868 test_loss=0.3993)
[114/129] MelbournePedestrian          DONE  acc=0.8868 loss=0.3993 AOPCR=  0.256 NDCG=  n/a C= 10 T=   24 (124s)  [113 trained / 0 failed so far]
[115/129] MixedShapesRegularTrain
    stage 1/3: loading data ...
    stage 2/3: training on 400 series (val=100, C=5, T=1024, batch=16) ...
    stage 3/3: scoring on 2425 test series (accuracy + AOPCR) ...
    [mlflow] versioned model 'seanet_bottleneck_softmax__mstcn_sep_bottleneck_softmax_conjunctive' (id=m-3388156894c34eaa895e0cd754d61870) params={'model_size_mb': '1.4267', 'n_model_params': '40955', 'name': 'seanet_bottleneck_softmax'}
    [mlflow] logged run 'seanet_bottleneck_softmax_MixedShapesRegularTrain'  (train_acc=1.0000 val_acc=0.9600 test_acc=0.9625 test_loss=0.2034)
[115/129] MixedShapesRegularTrain      DONE  acc=0.9625 loss=0.2034 AOPCR=  0.731 NDCG=  n/a C=  5 T= 1024 (33s)  [114 trained / 0 failed so far]
[116/129] MixedShapesSmallTrain
    stage 1/3: loading data ...
    stage 2/3: training on 80 series (val=20, C=5, T=1024, batch=8) ...
    stage 3/3: scoring on 2425 test series (accuracy + AOPCR) ...
    [mlflow] versioned model 'seanet_bottleneck_softmax__mstcn_sep_bottleneck_softmax_conjunctive' (id=m-c6cced0a67f348eea26c84ce0b6431f6) params={'model_size_mb': '1.4267', 'n_model_params': '40955', 'name': 'seanet_bottleneck_softmax'}
    [mlflow] logged run 'seanet_bottleneck_softmax_MixedShapesSmallTrain'  (train_acc=1.0000 val_acc=1.0000 test_acc=0.8693 test_loss=0.4350)
[116/129] MixedShapesSmallTrain        DONE  acc=0.8693 loss=0.4350 AOPCR=  1.867 NDCG=  n/a C=  5 T= 1024 (14s)  [115 trained / 0 failed so far]
[117/129] PLAID
    stage 1/3: loading data ...
    stage 2/3: training on 436 series (val=101, C=11, T=1344, batch=16) ...
    stage 3/3: scoring on 537 test series (accuracy + AOPCR) ...
    [mlflow] versioned model 'seanet_bottleneck_softmax__mstcn_sep_bottleneck_softmax_conjunctive' (id=m-ca5b2db741e947e78468613efe283ace) params={'model_size_mb': '1.4283', 'n_model_params': '41399', 'name': 'seanet_bottleneck_softmax'}
    [mlflow] logged run 'seanet_bottleneck_softmax_PLAID'  (train_acc=0.9587 val_acc=0.9208 test_acc=0.8939 test_loss=0.4226)
[117/129] PLAID                        DONE  acc=0.8939 loss=0.4226 AOPCR=  1.501 NDCG=  n/a C= 11 T= 1344 (93s)  [116 trained / 0 failed so far]
[118/129] PickupGestureWiimoteZ
    stage 1/3: loading data ...
    stage 2/3: training on 50 series (no val (train-loss early stop), C=10, T=361, batch=5) ...
    stage 3/3: scoring on 50 test series (accuracy + AOPCR) ...
    [mlflow] versioned model 'seanet_bottleneck_softmax__mstcn_sep_bottleneck_softmax_conjunctive' (id=m-114e2e61144f4ec7ad4d663598c29cca) params={'model_size_mb': '1.4281', 'n_model_params': '41325', 'name': 'seanet_bottleneck_softmax'}
    [mlflow] logged run 'seanet_bottleneck_softmax_PickupGestureWiimoteZ'  (train_acc=1.0000 test_acc=0.7400 test_loss=0.8063)
[118/129] PickupGestureWiimoteZ        DONE  acc=0.7400 loss=0.8063 AOPCR=  1.424 NDCG=  n/a C= 10 T=  361 (41s)  [117 trained / 0 failed so far]
[119/129] PigAirwayPressure
    stage 1/3: loading data ...
    stage 2/3: training on 52 series (val=52, C=52, T=2000, batch=5) ...
    stage 3/3: scoring on 208 test series (accuracy + AOPCR) ...
    [mlflow] versioned model 'seanet_bottleneck_softmax__mstcn_sep_bottleneck_softmax_conjunctive' (id=m-8385bd865a7c4191b957880f811f95f9) params={'model_size_mb': '1.44', 'n_model_params': '44433', 'name': 'seanet_bottleneck_softmax'}
    [mlflow] logged run 'seanet_bottleneck_softmax_PigAirwayPressure'  (train_acc=0.0385 val_acc=0.0385 test_acc=0.0385 test_loss=3.8772)
[119/129] PigAirwayPressure            DONE  acc=0.0385 loss=3.8772 AOPCR=  0.231 NDCG=  n/a C= 52 T= 2000 (8s)  [118 trained / 0 failed so far]
[120/129] PigArtPressure
    stage 1/3: loading data ...
    stage 2/3: training on 52 series (val=52, C=52, T=2000, batch=5) ...
    stage 3/3: scoring on 208 test series (accuracy + AOPCR) ...
    [mlflow] versioned model 'seanet_bottleneck_softmax__mstcn_sep_bottleneck_softmax_conjunctive' (id=m-3f83f791a76e475e86118dcdeb3a9496) params={'model_size_mb': '1.44', 'n_model_params': '44433', 'name': 'seanet_bottleneck_softmax'}
    [mlflow] logged run 'seanet_bottleneck_softmax_PigArtPressure'  (train_acc=1.0000 val_acc=0.7308 test_acc=0.8125 test_loss=0.7657)
[120/129] PigArtPressure               DONE  acc=0.8125 loss=0.7657 AOPCR=  0.919 NDCG=  n/a C= 52 T= 2000 (23s)  [119 trained / 0 failed so far]
[121/129] PigCVP
    stage 1/3: loading data ...
    stage 2/3: training on 52 series (val=52, C=52, T=2000, batch=5) ...
    stage 3/3: scoring on 208 test series (accuracy + AOPCR) ...
    [mlflow] versioned model 'seanet_bottleneck_softmax__mstcn_sep_bottleneck_softmax_conjunctive' (id=m-b3beac1cd7cc4a55b903f792f1f8e65e) params={'model_size_mb': '1.44', 'n_model_params': '44433', 'name': 'seanet_bottleneck_softmax'}
    [mlflow] logged run 'seanet_bottleneck_softmax_PigCVP'  (train_acc=1.0000 val_acc=0.4808 test_acc=0.5192 test_loss=2.3041)
[121/129] PigCVP                       DONE  acc=0.5192 loss=2.3041 AOPCR=  1.863 NDCG=  n/a C= 52 T= 2000 (41s)  [120 trained / 0 failed so far]
[122/129] PowerCons
    stage 1/3: loading data ...
    stage 2/3: training on 144 series (val=36, C=2, T=144, batch=14) ...
    stage 3/3: scoring on 180 test series (accuracy + AOPCR) ...
    [mlflow] versioned model 'seanet_bottleneck_softmax__mstcn_sep_bottleneck_softmax_conjunctive' (id=m-82cb54e3b3b24b0fbf8a4907c8e9eb03) params={'model_size_mb': '1.4259', 'n_model_params': '40733', 'name': 'seanet_bottleneck_softmax'}
    [mlflow] logged run 'seanet_bottleneck_softmax_PowerCons'  (train_acc=1.0000 val_acc=0.9722 test_acc=0.9278 test_loss=0.1634)
[122/129] PowerCons                    DONE  acc=0.9278 loss=0.1634 AOPCR=  0.433 NDCG=  n/a C=  2 T=  144 (10s)  [121 trained / 0 failed so far]
[123/129] Rock
    stage 1/3: loading data ...
    stage 2/3: training on 20 series (no val (train-loss early stop), C=4, T=2844, batch=2) ...
    stage 3/3: scoring on 50 test series (accuracy + AOPCR) ...
    [mlflow] versioned model 'seanet_bottleneck_softmax__mstcn_sep_bottleneck_softmax_conjunctive' (id=m-9cb94884cbd94441b97379297d07cc12) params={'model_size_mb': '1.4264', 'n_model_params': '40881', 'name': 'seanet_bottleneck_softmax'}
    [mlflow] logged run 'seanet_bottleneck_softmax_Rock'  (train_acc=1.0000 test_acc=0.5600 test_loss=1.0757)
[123/129] Rock                         DONE  acc=0.5600 loss=1.0757 AOPCR=  1.824 NDCG=  n/a C=  4 T= 2844 (28s)  [122 trained / 0 failed so far]
[124/129] SemgHandGenderCh2
    stage 1/3: loading data ...
    stage 2/3: training on 240 series (val=60, C=2, T=1500, batch=16) ...
    stage 3/3: scoring on 600 test series (accuracy + AOPCR) ...
    [mlflow] versioned model 'seanet_bottleneck_softmax__mstcn_sep_bottleneck_softmax_conjunctive' (id=m-f6d0aebe8d864ffc9c35fc52541a2623) params={'model_size_mb': '1.4259', 'n_model_params': '40733', 'name': 'seanet_bottleneck_softmax'}
    [mlflow] logged run 'seanet_bottleneck_softmax_SemgHandGenderCh2'  (train_acc=1.0000 val_acc=0.9333 test_acc=0.9433 test_loss=0.1889)
[124/129] SemgHandGenderCh2            DONE  acc=0.9433 loss=0.1889 AOPCR=  1.008 NDCG=  n/a C=  2 T= 1500 (38s)  [123 trained / 0 failed so far]
[125/129] SemgHandMovementCh2
    stage 1/3: loading data ...
    stage 2/3: training on 360 series (val=90, C=6, T=1500, batch=16) ...
    stage 3/3: scoring on 450 test series (accuracy + AOPCR) ...
    [mlflow] versioned model 'seanet_bottleneck_softmax__mstcn_sep_bottleneck_softmax_conjunctive' (id=m-84030094354e416599c60d920a4451ff) params={'model_size_mb': '1.427', 'n_model_params': '41029', 'name': 'seanet_bottleneck_softmax'}
    [mlflow] logged run 'seanet_bottleneck_softmax_SemgHandMovementCh2'  (train_acc=0.9472 val_acc=0.8000 test_acc=0.6489 test_loss=0.9324)
[125/129] SemgHandMovementCh2          DONE  acc=0.6489 loss=0.9324 AOPCR=  1.946 NDCG=  n/a C=  6 T= 1500 (35s)  [124 trained / 0 failed so far]
[126/129] SemgHandSubjectCh2
    stage 1/3: loading data ...
    stage 2/3: training on 360 series (val=90, C=5, T=1500, batch=16) ...
    stage 3/3: scoring on 450 test series (accuracy + AOPCR) ...
    [mlflow] versioned model 'seanet_bottleneck_softmax__mstcn_sep_bottleneck_softmax_conjunctive' (id=m-e20f07afb8d24830a9525fafc1d0cdb6) params={'model_size_mb': '1.4267', 'n_model_params': '40955', 'name': 'seanet_bottleneck_softmax'}
    [mlflow] logged run 'seanet_bottleneck_softmax_SemgHandSubjectCh2'  (train_acc=0.9972 val_acc=0.9444 test_acc=0.8733 test_loss=0.4299)
[126/129] SemgHandSubjectCh2           DONE  acc=0.8733 loss=0.4299 AOPCR=  1.410 NDCG=  n/a C=  5 T= 1500 (45s)  [125 trained / 0 failed so far]
[127/129] ShakeGestureWiimoteZ
    stage 1/3: loading data ...
    stage 2/3: training on 50 series (no val (train-loss early stop), C=10, T=385, batch=5) ...
    stage 3/3: scoring on 50 test series (accuracy + AOPCR) ...
    [mlflow] versioned model 'seanet_bottleneck_softmax__mstcn_sep_bottleneck_softmax_conjunctive' (id=m-46ed9765ee8e4cf6ab6f00634e165d4f) params={'model_size_mb': '1.4281', 'n_model_params': '41325', 'name': 'seanet_bottleneck_softmax'}
    [mlflow] logged run 'seanet_bottleneck_softmax_ShakeGestureWiimoteZ'  (train_acc=1.0000 test_acc=0.9400 test_loss=0.3534)
[127/129] ShakeGestureWiimoteZ         DONE  acc=0.9400 loss=0.3534 AOPCR=  1.582 NDCG=  n/a C= 10 T=  385 (41s)  [126 trained / 0 failed so far]
[128/129] SmoothSubspace
    stage 1/3: loading data ...
    stage 2/3: training on 120 series (val=30, C=3, T=15, batch=12) ...
    stage 3/3: scoring on 150 test series (accuracy + AOPCR) ...
    [mlflow] versioned model 'seanet_bottleneck_softmax__mstcn_sep_bottleneck_softmax_conjunctive' (id=m-7d852dc2d1d84906a5b38bb63bad064f) params={'model_size_mb': '1.4261', 'n_model_params': '40807', 'name': 'seanet_bottleneck_softmax'}
    [mlflow] logged run 'seanet_bottleneck_softmax_SmoothSubspace'  (train_acc=1.0000 val_acc=1.0000 test_acc=0.9733 test_loss=0.1553)
[128/129] SmoothSubspace               DONE  acc=0.9733 loss=0.1553 AOPCR= -0.076 NDCG=  n/a C=  3 T=   15 (27s)  [127 trained / 0 failed so far]
[129/129] UMD
    stage 1/3: loading data ...
    stage 2/3: training on 36 series (no val (train-loss early stop), C=3, T=150, batch=3) ...
    stage 3/3: scoring on 144 test series (accuracy + AOPCR) ...
    [mlflow] versioned model 'seanet_bottleneck_softmax__mstcn_sep_bottleneck_softmax_conjunctive' (id=m-937d0ca3be034abca778442114f43b5d) params={'model_size_mb': '1.4261', 'n_model_params': '40807', 'name': 'seanet_bottleneck_softmax'}
    [mlflow] logged run 'seanet_bottleneck_softmax_UMD'  (train_acc=1.0000 test_acc=0.9931 test_loss=0.1114)
[129/129] UMD                          DONE  acc=0.9931 loss=0.1114 AOPCR=  1.450 NDCG=  n/a C=  3 T=  150 (25s)  [128 trained / 0 failed so far]

Done: 128 trained, 1 skipped, 0 failed.
Results -> results/SEA_NET/seanet_bottleneck_softmax__mstcn_sep_bottleneck_softmax_conjunctive/results.csv

=== seanet_bottleneck_softmax__mstcn_sep_bottleneck_softmax_conjunctive vs MILLET ConjunctiveInceptionTime (mean of 5 reps) ===
  UCR datasets evaluated: 128  (with MILLET baseline: 85, without: 43)
  metric        ours    MILLET   win/tie/loss   (mean over the 85 datasets MILLET published)
  acc         0.8106    0.8445       22/17/46   
  loss        0.5509    1.2241        58/1/26   (lower is better)
  aopcr       0.7592    4.5532         3/0/82   
  wrote results/SEA_NET/seanet_bottleneck_softmax__mstcn_sep_bottleneck_softmax_conjunctive/comparison_vs_millet.csv

Next: `python main.py report` to draw the figures for seanet_bottleneck_softmax__mstcn_sep_bottleneck_softmax_conjunctive.

[log] finished; full output saved to results/SEA_NET/seanet_bottleneck_softmax__mstcn_sep_bottleneck_softmax_conjunctive/logs/train_2026-07-24_12-35-24.log
