[log] command 'train' started at 2026-07-23_16-18-57 for model 'seanet_bottleneck_adaptive__mstcn_sep_bottleneck_adaptive_classwise'
[log] a copy of everything below is being saved to: results/SEA_NET/seanet_bottleneck_adaptive__mstcn_sep_bottleneck_adaptive_classwise/logs/train_2026-07-23_16-18-57.log

=== train: model=seanet_bottleneck_adaptive__mstcn_sep_bottleneck_adaptive_classwise (config sv4/seanet_bottleneck_adaptive) device=cuda mode=full datasets=129 ===
[params] using DEFAULT recipe (no Optuna record yet - run 'python main.py optuna --model sv4/seanet_bottleneck_adaptive').
  results  -> results/SEA_NET/seanet_bottleneck_adaptive__mstcn_sep_bottleneck_adaptive_classwise/results.csv
  resume   -> results/SEA_NET/seanet_bottleneck_adaptive__mstcn_sep_bottleneck_adaptive_classwise/done_train_dataset.txt  (delete it to retrain everything; delete one line to retrain that dataset)

  [mlflow] logging runs to experiment 'SEA-Net_seanet_bottleneck_adaptive__mstcn_sep_bottleneck_adaptive_classwise_2026-07-23' at sqlite:///mlflow.db
  [mlflow] browse later with:  mlflow ui --backend-store-uri sqlite:///mlflow.db
[  1/129] WebTraffic
    stage 1/3: loading data ...
    stage 2/3: training on 400 series (val=100, C=10, T=1008, batch=16) ...
    stage 3/3: scoring on 500 test series (accuracy + AOPCR + NDCG) ...
    [mlflow] versioned model 'seanet_bottleneck_adaptive__mstcn_sep_bottleneck_adaptive_classwise' (id=m-8c56013d16b54950a6828fe6087a60ae) params={'model_size_mb': '1.4282', 'n_model_params': '41334', 'name': 'seanet_bottleneck_adaptive'}
    [mlflow] logged run 'seanet_bottleneck_adaptive_WebTraffic'  (train_acc=0.9975 val_acc=0.8500 test_acc=0.8680 test_loss=0.5591)
[  1/129] WebTraffic                   DONE  acc=0.8680 loss=0.5591 AOPCR=  1.969 NDCG=0.680 C= 10 T= 1008 (70s)  [1 trained / 0 failed so far]
[  2/129] Adiac
    stage 1/3: loading data ...
    stage 2/3: training on 328 series (val=62, C=37, T=176, batch=16) ...
    stage 3/3: scoring on 391 test series (accuracy + AOPCR) ...
    [mlflow] versioned model 'seanet_bottleneck_adaptive__mstcn_sep_bottleneck_adaptive_classwise' (id=m-0909ba7be1ec4007a59ecd7d11d2999a) params={'model_size_mb': '1.4359', 'n_model_params': '43359', 'name': 'seanet_bottleneck_adaptive'}
    [mlflow] logged run 'seanet_bottleneck_adaptive_Adiac'  (train_acc=0.9726 val_acc=0.8065 test_acc=0.7801 test_loss=0.8595)
[  2/129] Adiac                        DONE  acc=0.7801 loss=0.8595 AOPCR=  0.187 NDCG=  n/a C= 37 T=  176 (81s)  [2 trained / 0 failed so far]
[  3/129] ArrowHead
    stage 1/3: loading data ...
    stage 2/3: training on 36 series (no val (train-loss early stop), C=3, T=251, batch=3) ...
    stage 3/3: scoring on 175 test series (accuracy + AOPCR) ...
    [mlflow] versioned model 'seanet_bottleneck_adaptive__mstcn_sep_bottleneck_adaptive_classwise' (id=m-5947f1dba99446f3b4b7bec841d28816) params={'model_size_mb': '1.4262', 'n_model_params': '40809', 'name': 'seanet_bottleneck_adaptive'}
    [mlflow] logged run 'seanet_bottleneck_adaptive_ArrowHead'  (train_acc=1.0000 test_acc=0.7829 test_loss=0.5259)
[  3/129] ArrowHead                    DONE  acc=0.7829 loss=0.5259 AOPCR=  0.229 NDCG=  n/a C=  3 T=  251 (34s)  [3 trained / 0 failed so far]
[  4/129] Beef
    stage 1/3: loading data ...
    stage 2/3: training on 30 series (no val (train-loss early stop), C=5, T=470, batch=3) ...
    stage 3/3: scoring on 30 test series (accuracy + AOPCR) ...
    [mlflow] versioned model 'seanet_bottleneck_adaptive__mstcn_sep_bottleneck_adaptive_classwise' (id=m-66a435546853405fa052092cfb7ccb54) params={'model_size_mb': '1.4268', 'n_model_params': '40959', 'name': 'seanet_bottleneck_adaptive'}
    [mlflow] logged run 'seanet_bottleneck_adaptive_Beef'  (train_acc=1.0000 test_acc=0.7000 test_loss=0.6484)
[  4/129] Beef                         DONE  acc=0.7000 loss=0.6484 AOPCR=  1.421 NDCG=  n/a C=  5 T=  470 (51s)  [4 trained / 0 failed so far]
[  5/129] BeetleFly
    stage 1/3: loading data ...
    stage 2/3: training on 20 series (no val (train-loss early stop), C=2, T=512, batch=2) ...
    stage 3/3: scoring on 20 test series (accuracy + AOPCR) ...
    [mlflow] versioned model 'seanet_bottleneck_adaptive__mstcn_sep_bottleneck_adaptive_classwise' (id=m-958177795aad49f786e5d86a45fd6136) params={'model_size_mb': '1.426', 'n_model_params': '40734', 'name': 'seanet_bottleneck_adaptive'}
    [mlflow] logged run 'seanet_bottleneck_adaptive_BeetleFly'  (train_acc=1.0000 test_acc=0.7500 test_loss=0.4122)
[  5/129] BeetleFly                    DONE  acc=0.7500 loss=0.4122 AOPCR=  0.193 NDCG=  n/a C=  2 T=  512 (22s)  [5 trained / 0 failed so far]
[  6/129] BirdChicken
    stage 1/3: loading data ...
    stage 2/3: training on 20 series (no val (train-loss early stop), C=2, T=512, batch=2) ...
    stage 3/3: scoring on 20 test series (accuracy + AOPCR) ...
    [mlflow] versioned model 'seanet_bottleneck_adaptive__mstcn_sep_bottleneck_adaptive_classwise' (id=m-8b6138520c834a5192bc93040bae8fed) params={'model_size_mb': '1.426', 'n_model_params': '40734', 'name': 'seanet_bottleneck_adaptive'}
    [mlflow] logged run 'seanet_bottleneck_adaptive_BirdChicken'  (train_acc=1.0000 test_acc=0.8000 test_loss=0.5104)
[  6/129] BirdChicken                  DONE  acc=0.8000 loss=0.5104 AOPCR=  2.450 NDCG=  n/a C=  2 T=  512 (27s)  [6 trained / 0 failed so far]
[  7/129] Car
    stage 1/3: loading data ...
    stage 2/3: training on 60 series (no val (train-loss early stop), C=4, T=577, batch=6) ...
    stage 3/3: scoring on 60 test series (accuracy + AOPCR) ...
    [mlflow] versioned model 'seanet_bottleneck_adaptive__mstcn_sep_bottleneck_adaptive_classwise' (id=m-437400c760d941adbc87adbcdd575756) params={'model_size_mb': '1.4265', 'n_model_params': '40884', 'name': 'seanet_bottleneck_adaptive'}
    [mlflow] logged run 'seanet_bottleneck_adaptive_Car'  (train_acc=1.0000 test_acc=0.8500 test_loss=0.4306)
[  7/129] Car                          DONE  acc=0.8500 loss=0.4306 AOPCR=  0.836 NDCG=  n/a C=  4 T=  577 (54s)  [7 trained / 0 failed so far]
[  8/129] CBF
    stage 1/3: loading data ...
    stage 2/3: training on 30 series (no val (train-loss early stop), C=3, T=128, batch=3) ...

Interrupted - progress is saved, re-run the same command to resume.

[log] finished; full output saved to results/SEA_NET/seanet_bottleneck_adaptive__mstcn_sep_bottleneck_adaptive_classwise/logs/train_2026-07-23_16-18-57.log
