[log] command 'run' started at 2026-08-03_22-30-47 for model 'seanet_gated_mschan__sea_multiscale_channels__sea_topk_conjunctive'
[log] a copy of everything below is being saved to: results/SEA_NET/seanet_gated_mschan__sea_multiscale_channels__sea_topk_conjunctive/logs/run_2026-08-03_22-30-47.log

=== run: model=seanet_gated_mschan__sea_multiscale_channels__sea_topk_conjunctive (config sv6/seanet_gated_mschan) dataset=WebTraffic device=cuda mode=full ===
resolved config:
  model = sv6/seanet_gated_mschan
  run.mode = single
  run.dataset = WebTraffic
  run.smoke = False
  run.re_train = True
  preprocessing.instance_type = single_point
  preprocessing.window_size = 5
  preprocessing.window_stride = 5
  seed = 0
  device = auto
  output.results_dir = results/SEA_NET
  interpretability.dataset = WebTraffic
  interpretability.n_classes = 3
  interpretability.per_class = 1
  mlflow.enabled = True
  mlflow.experiment_name = SEA-Net
  mlflow.tracking_uri = sqlite:///mlflow.db
  mlflow.log_model_weights = True
  model_config.name = seanet_gated_mschan
  model_config.use_params = default
  model_config.encoder.type = sea_multiscale_channels
  model_config.encoder.windows = [3, 7, 15, 31]
  model_config.encoder.stats = ['max', 'min', 'std']
  model_config.encoder.add_diff_sign = True
  model_config.encoder.norm_channels = True
  model_config.encoder.base.type = sea_mstcn_sep_gated
  model_config.encoder.base.d = 64
  model_config.encoder.base.n_blocks = 4
  model_config.encoder.base.dropout = 0.2
  model_config.encoder.base.max_dilation = 16
  model_config.encoder.base.kernels = [5, 11, 23]
  model_config.encoder.base.summary = mean
  model_config.pooling.type = sea_topk_conjunctive
  model_config.pooling.d_attn = 8
  model_config.pooling.dropout = 0.2
  model_config.pooling.positional_encoding = True
  model_config.pooling.top_frac = 0.1
  model_config.training.n_epochs = 400
  model_config.training.patience = 60
  model_config.training.max_batch = 16
  model_config.training.learning_rate = 0.00125
  model_config.training.weight_decay = 0.00012
  model_config.training.label_smoothing = 0.13
  model_config.training.lambda_entropy = 0.01
  model_config.training.min_train_for_val = 100
  model_config.training.val_frac = 0.2
  model_config.training.optimizer = adam
  model_config.records.default.metrics.test_acc = 0.908
  model_config.records.default.metrics.test_loss = 0.4067
  model_config.records.default.metrics.test_auroc = 0.9933
  model_config.records.default.metrics.dataset = WebTraffic
  model_config.records.default.metrics.recorded = 2026-08-03 17:27:34
[params] using DEFAULT recipe (no Optuna record yet - run 'python main.py optuna --model sv6/seanet_gated_mschan').

WebTraffic already done for seanet_gated_mschan__sea_multiscale_channels__sea_topk_conjunctive, but run.re_train is true -> training again (its row in results.csv will be replaced).
  [mlflow] logging runs to experiment 'SEA-Net_seanet_gated_mschan__sea_multiscale_channels__sea_topk_conjunctive_2026-08-03' at sqlite:///mlflow.db
  [mlflow] browse later with:  mlflow ui --backend-store-uri sqlite:///mlflow.db
    stage 1/3: loading data ...
    stage 2/3: training on 400 series (val=100, C=10, T=1008, batch=16) ...
    stage 3/3: scoring on 500 test series (accuracy + AOPCR + NDCG) ...
    [mlflow] versioned model 'seanet_gated_mschan__sea_multiscale_channels__sea_topk_conjunctive' (id=m-439450dd68e8452ba28e93e893c72886) params={'model_size_mb': '1.5273', 'n_model_params': '67592', 'name': 'seanet_gated_mschan'}
    [mlflow] logged run 'seanet_gated_mschan_WebTraffic'  (train_acc=1.0000 val_acc=0.9400 test_acc=0.9480 test_loss=0.2886)

=== seanet_gated_mschan__sea_multiscale_channels__sea_topk_conjunctive on WebTraffic ===
  params          : 67592
  model_size_mb   : 1.5273
  n_train         : 400
  n_val           : 100
  n_test          : 500
  series_length   : 1008
  n_classes       : 10
  test_acc        : 0.948
  test_loss       : 0.2886
  test_aopcr      : 2.2225
  test_ndcg       : 0.7171
  train_time_s    : 70.18

  saved -> results/SEA_NET/seanet_gated_mschan__sea_multiscale_channels__sea_topk_conjunctive/results.csv
  recorded default metrics -> configs/models/sv6/seanet_gated_mschan.yaml (records.default)

[log] finished; full output saved to results/SEA_NET/seanet_gated_mschan__sea_multiscale_channels__sea_topk_conjunctive/logs/run_2026-08-03_22-30-47.log
