[log] command 'train' started at 2026-08-09_16-13-22 for model 'millet__mil_inceptiontime__mil_conjunctive'
[log] a copy of everything below is being saved to: results/SEA_NET/millet__mil_inceptiontime__mil_conjunctive/logs/train_2026-08-09_16-13-22.log

=== train: model=millet__mil_inceptiontime__mil_conjunctive (config sv1/millet) device=cuda mode=full datasets=129 ===
[params] using DEFAULT recipe (no Optuna record yet - run 'python main.py optuna --model sv1/millet').
  results  -> results/SEA_NET/millet__mil_inceptiontime__mil_conjunctive/results.csv
  resume   -> results/SEA_NET/millet__mil_inceptiontime__mil_conjunctive/done_train_dataset.txt  (delete it to retrain everything; delete one line to retrain that dataset)

  [mlflow] logging runs to experiment 'SEA-Net_millet__mil_inceptiontime__mil_conjunctive_2026-08-09' at sqlite:///mlflow.db
  [mlflow] browse later with:  mlflow ui --backend-store-uri sqlite:///mlflow.db
[  1/129] WebTraffic                   already done -> skip
[  2/129] Adiac                        already done -> skip
[  3/129] ArrowHead                    already done -> skip
[  4/129] Beef                         already done -> skip
[  5/129] BeetleFly                    already done -> skip
[  6/129] BirdChicken                  already done -> skip
[  7/129] Car                          already done -> skip
[  8/129] CBF                          already done -> skip
[  9/129] ChlorineConcentration        already done -> skip
[ 10/129] CinCECGTorso                 already done -> skip
[ 11/129] Coffee                       already done -> skip
[ 12/129] Computers                    already done -> skip
[ 13/129] CricketX                     already done -> skip
[ 14/129] CricketY                     already done -> skip
[ 15/129] CricketZ                     already done -> skip
[ 16/129] DiatomSizeReduction          already done -> skip
[ 17/129] DistalPhalanxOutlineAgeGroup already done -> skip
[ 18/129] DistalPhalanxOutlineCorrect  already done -> skip
[ 19/129] DistalPhalanxTW              already done -> skip
[ 20/129] Earthquakes                  already done -> skip
[ 21/129] ECG200                       already done -> skip
[ 22/129] ECG5000                      already done -> skip
[ 23/129] ECGFiveDays                  already done -> skip
[ 24/129] ElectricDevices              already done -> skip
[ 25/129] FaceAll                      already done -> skip
[ 26/129] FaceFour                     already done -> skip
[ 27/129] FacesUCR                     already done -> skip
[ 28/129] FiftyWords                   already done -> skip
[ 29/129] Fish                         already done -> skip
[ 30/129] FordA                        already done -> skip
[ 31/129] FordB                        already done -> skip
[ 32/129] GunPoint                     already done -> skip
[ 33/129] Ham                          already done -> skip
[ 34/129] HandOutlines                 already done -> skip
[ 35/129] Haptics                      already done -> skip
[ 36/129] Herring                      already done -> skip
[ 37/129] InlineSkate                  already done -> skip
[ 38/129] InsectWingbeatSound          already done -> skip
[ 39/129] ItalyPowerDemand
    stage 1/3: loading data ...
    stage 2/3: training on 67 series (no val (train-loss early stop), C=2, T=24, batch=6) ...
    stage 3/3: scoring on 1029 test series (accuracy + AOPCR) ...
[ 39/129] ItalyPowerDemand             FAILED: RuntimeError: a Tensor with 16 elements cannot be converted to Scalar
[ 40/129] LargeKitchenAppliances       already done -> skip
[ 41/129] Lightning2                   already done -> skip
[ 42/129] Lightning7                   already done -> skip
[ 43/129] Mallat                       already done -> skip
[ 44/129] Meat                         already done -> skip
[ 45/129] MedicalImages                already done -> skip
[ 46/129] MiddlePhalanxOutlineAgeGroup already done -> skip
[ 47/129] MiddlePhalanxOutlineCorrect  already done -> skip
[ 48/129] MiddlePhalanxTW              already done -> skip
[ 49/129] MoteStrain                   already done -> skip
[ 50/129] NonInvasiveFetalECGThorax1   already done -> skip
[ 51/129] NonInvasiveFetalECGThorax2   already done -> skip
[ 52/129] OliveOil                     already done -> skip
[ 53/129] OSULeaf                      already done -> skip
[ 54/129] PhalangesOutlinesCorrect     already done -> skip
[ 55/129] Phoneme                      already done -> skip
[ 56/129] Plane                        already done -> skip
[ 57/129] ProximalPhalanxOutlineAgeGroup already done -> skip
[ 58/129] ProximalPhalanxOutlineCorrect already done -> skip
[ 59/129] ProximalPhalanxTW            already done -> skip
[ 60/129] RefrigerationDevices         already done -> skip
[ 61/129] ScreenType                   already done -> skip
[ 62/129] ShapeletSim                  already done -> skip
[ 63/129] ShapesAll                    already done -> skip
[ 64/129] SmallKitchenAppliances       already done -> skip
[ 65/129] SonyAIBORobotSurface1        already done -> skip
[ 66/129] SonyAIBORobotSurface2        already done -> skip
[ 67/129] StarLightCurves              already done -> skip
[ 68/129] Strawberry                   already done -> skip
[ 69/129] SwedishLeaf                  already done -> skip
[ 70/129] Symbols                      already done -> skip
[ 71/129] SyntheticControl             already done -> skip
[ 72/129] ToeSegmentation1             already done -> skip
[ 73/129] ToeSegmentation2             already done -> skip
[ 74/129] Trace                        already done -> skip
[ 75/129] TwoLeadECG                   already done -> skip
[ 76/129] TwoPatterns                  already done -> skip
[ 77/129] UWaveGestureLibraryAll       already done -> skip
[ 78/129] UWaveGestureLibraryX         already done -> skip
[ 79/129] UWaveGestureLibraryY         already done -> skip
[ 80/129] UWaveGestureLibraryZ         already done -> skip
[ 81/129] Wafer                        already done -> skip
[ 82/129] Wine                         already done -> skip
[ 83/129] WordSynonyms                 already done -> skip
[ 84/129] Worms                        already done -> skip
[ 85/129] WormsTwoClass                already done -> skip
[ 86/129] Yoga                         already done -> skip
[ 87/129] ACSF1
    stage 1/3: loading data ...
    stage 2/3: training on 80 series (val=20, C=10, T=1460, batch=8) ...
    stage 3/3: scoring on 100 test series (accuracy + AOPCR) ...
    [mlflow] versioned model 'millet__mil_inceptiontime__mil_conjunctive' (id=m-211c242574fb4623a4901d4065c896a6) params={'model_size_mb': '4.1098', 'n_model_params': '423707', 'name': 'millet'}
    [mlflow] logged run 'millet_ACSF1'  (train_acc=0.7500 val_acc=0.6500 test_acc=0.7500 test_loss=0.7900)
[ 87/129] ACSF1                        DONE  acc=0.7500 loss=0.7900 AOPCR= -0.359 NDCG=  n/a C= 10 T= 1460 (13s)  [1 trained / 1 failed so far]
[ 88/129] AllGestureWiimoteX
    stage 1/3: loading data ...
    stage 2/3: training on 240 series (val=60, C=10, T=500, batch=16) ...
    stage 3/3: scoring on 700 test series (accuracy + AOPCR) ...
    [mlflow] versioned model 'millet__mil_inceptiontime__mil_conjunctive' (id=m-f93f4b49def14a77829dc22483009b55) params={'model_size_mb': '4.1098', 'n_model_params': '423707', 'name': 'millet'}
    [mlflow] logged run 'millet_AllGestureWiimoteX'  (train_acc=1.0000 val_acc=0.7833 test_acc=0.7571 test_loss=0.9260)
[ 88/129] AllGestureWiimoteX           DONE  acc=0.7571 loss=0.9260 AOPCR=  1.468 NDCG=  n/a C= 10 T=  500 (34s)  [2 trained / 1 failed so far]
[ 89/129] AllGestureWiimoteY
    stage 1/3: loading data ...
    stage 2/3: training on 240 series (val=60, C=10, T=500, batch=16) ...
    stage 3/3: scoring on 700 test series (accuracy + AOPCR) ...
    [mlflow] versioned model 'millet__mil_inceptiontime__mil_conjunctive' (id=m-5d98ec9f658d492dbfd956755c09d115) params={'model_size_mb': '4.1098', 'n_model_params': '423707', 'name': 'millet'}
    [mlflow] logged run 'millet_AllGestureWiimoteY'  (train_acc=1.0000 val_acc=0.7833 test_acc=0.7757 test_loss=0.8144)
[ 89/129] AllGestureWiimoteY           DONE  acc=0.7757 loss=0.8144 AOPCR=  1.690 NDCG=  n/a C= 10 T=  500 (36s)  [3 trained / 1 failed so far]
[ 90/129] AllGestureWiimoteZ
    stage 1/3: loading data ...
    stage 2/3: training on 240 series (val=60, C=10, T=500, batch=16) ...
    stage 3/3: scoring on 700 test series (accuracy + AOPCR) ...
    [mlflow] versioned model 'millet__mil_inceptiontime__mil_conjunctive' (id=m-ea3028b24b504a81aa8bc800b45e77e9) params={'model_size_mb': '4.1098', 'n_model_params': '423707', 'name': 'millet'}
    [mlflow] logged run 'millet_AllGestureWiimoteZ'  (train_acc=1.0000 val_acc=0.8167 test_acc=0.7457 test_loss=0.8781)
[ 90/129] AllGestureWiimoteZ           DONE  acc=0.7457 loss=0.8781 AOPCR=  1.381 NDCG=  n/a C= 10 T=  500 (68s)  [4 trained / 1 failed so far]
[ 91/129] BME
    stage 1/3: loading data ...
    stage 2/3: training on 30 series (no val (train-loss early stop), C=3, T=128, batch=3) ...
    stage 3/3: scoring on 150 test series (accuracy + AOPCR) ...
    [mlflow] versioned model 'millet__mil_inceptiontime__mil_conjunctive' (id=m-aac6fca942934b39932f05b54079d35e) params={'model_size_mb': '4.1064', 'n_model_params': '422804', 'name': 'millet'}
    [mlflow] logged run 'millet_BME'  (train_acc=1.0000 test_acc=1.0000 test_loss=0.1073)
[ 91/129] BME                          DONE  acc=1.0000 loss=0.1073 AOPCR=  1.004 NDCG=  n/a C=  3 T=  128 (29s)  [5 trained / 1 failed so far]
[ 92/129] Chinatown
    stage 1/3: loading data ...
    stage 2/3: training on 20 series (no val (train-loss early stop), C=2, T=24, batch=2) ...
    stage 3/3: scoring on 343 test series (accuracy + AOPCR) ...
[ 92/129] Chinatown                    FAILED: RuntimeError: a Tensor with 16 elements cannot be converted to Scalar
[ 93/129] Crop
    stage 1/3: loading data ...
    stage 2/3: training on 5760 series (val=1440, C=24, T=46, batch=16) ...
    stage 3/3: scoring on 16800 test series (accuracy + AOPCR) ...
    [mlflow] versioned model 'millet__mil_inceptiontime__mil_conjunctive' (id=m-52b7d69f4a40435b813de894d94ed236) params={'model_size_mb': '4.1167', 'n_model_params': '425513', 'name': 'millet'}
    [mlflow] logged run 'millet_Crop'  (train_acc=0.7951 val_acc=0.7063 test_acc=0.6997 test_loss=0.9933)
[ 93/129] Crop                         DONE  acc=0.6997 loss=0.9933 AOPCR=  0.100 NDCG=  n/a C= 24 T=   46 (383s)  [6 trained / 2 failed so far]
[ 94/129] DodgerLoopDay
    stage 1/3: loading data ...
    stage 2/3: training on 78 series (no val (train-loss early stop), C=7, T=288, batch=7) ...
    stage 3/3: scoring on 80 test series (accuracy + AOPCR) ...
    [mlflow] versioned model 'millet__mil_inceptiontime__mil_conjunctive' (id=m-818f863a70c64f3683ced7304efee0f6) params={'model_size_mb': '4.1083', 'n_model_params': '423320', 'name': 'millet'}
    [mlflow] logged run 'millet_DodgerLoopDay'  (train_acc=1.0000 test_acc=0.5250 test_loss=1.2541)
[ 94/129] DodgerLoopDay                DONE  acc=0.5250 loss=1.2541 AOPCR=  0.923 NDCG=  n/a C=  7 T=  288 (26s)  [7 trained / 2 failed so far]
[ 95/129] DodgerLoopGame
    stage 1/3: loading data ...
    stage 2/3: training on 20 series (no val (train-loss early stop), C=2, T=288, batch=2) ...
    stage 3/3: scoring on 138 test series (accuracy + AOPCR) ...
    [mlflow] versioned model 'millet__mil_inceptiontime__mil_conjunctive' (id=m-b8df87a72646404da9bb7afa418d69ca) params={'model_size_mb': '4.1059', 'n_model_params': '422675', 'name': 'millet'}
    [mlflow] logged run 'millet_DodgerLoopGame'  (train_acc=1.0000 test_acc=0.9058 test_loss=0.3065)
[ 95/129] DodgerLoopGame               DONE  acc=0.9058 loss=0.3065 AOPCR=  1.347 NDCG=  n/a C=  2 T=  288 (24s)  [8 trained / 2 failed so far]
[ 96/129] DodgerLoopWeekend
    stage 1/3: loading data ...
    stage 2/3: training on 20 series (no val (train-loss early stop), C=2, T=288, batch=2) ...
    stage 3/3: scoring on 138 test series (accuracy + AOPCR) ...
    [mlflow] versioned model 'millet__mil_inceptiontime__mil_conjunctive' (id=m-ff62d964a90a4e829fced38ecbb98ef9) params={'model_size_mb': '4.1059', 'n_model_params': '422675', 'name': 'millet'}
    [mlflow] logged run 'millet_DodgerLoopWeekend'  (train_acc=1.0000 test_acc=0.9710 test_loss=0.1801)
[ 96/129] DodgerLoopWeekend            DONE  acc=0.9710 loss=0.1801 AOPCR=  0.791 NDCG=  n/a C=  2 T=  288 (29s)  [9 trained / 2 failed so far]
[ 97/129] EOGHorizontalSignal
    stage 1/3: loading data ...
    stage 2/3: training on 290 series (val=72, C=12, T=1250, batch=16) ...
    stage 3/3: scoring on 362 test series (accuracy + AOPCR) ...
    [mlflow] versioned model 'millet__mil_inceptiontime__mil_conjunctive' (id=m-d60d02ead5b94aca8279144904579665) params={'model_size_mb': '4.1108', 'n_model_params': '423965', 'name': 'millet'}
    [mlflow] logged run 'millet_EOGHorizontalSignal'  (train_acc=1.0000 val_acc=0.8472 test_acc=0.5276 test_loss=1.5097)
[ 97/129] EOGHorizontalSignal          DONE  acc=0.5276 loss=1.5097 AOPCR=  1.678 NDCG=  n/a C= 12 T= 1250 (116s)  [10 trained / 2 failed so far]
[ 98/129] EOGVerticalSignal
    stage 1/3: loading data ...
    stage 2/3: training on 290 series (val=72, C=12, T=1250, batch=16) ...
    stage 3/3: scoring on 362 test series (accuracy + AOPCR) ...
    [mlflow] versioned model 'millet__mil_inceptiontime__mil_conjunctive' (id=m-3e65be5738f34bdfa4bb3b4668d91864) params={'model_size_mb': '4.1108', 'n_model_params': '423965', 'name': 'millet'}
    [mlflow] logged run 'millet_EOGVerticalSignal'  (train_acc=0.9379 val_acc=0.7778 test_acc=0.4558 test_loss=1.8379)
[ 98/129] EOGVerticalSignal            DONE  acc=0.4558 loss=1.8379 AOPCR=  1.769 NDCG=  n/a C= 12 T= 1250 (52s)  [11 trained / 2 failed so far]
[ 99/129] EthanolLevel
    stage 1/3: loading data ...
    stage 2/3: training on 404 series (val=100, C=4, T=1751, batch=16) ...
    stage 3/3: scoring on 500 test series (accuracy + AOPCR) ...
    [mlflow] versioned model 'millet__mil_inceptiontime__mil_conjunctive' (id=m-6fbefa88c7ab457390690775e7432254) params={'model_size_mb': '4.1068', 'n_model_params': '422933', 'name': 'millet'}
    [mlflow] logged run 'millet_EthanolLevel'  (train_acc=0.3020 val_acc=0.2500 test_acc=0.2640 test_loss=1.3837)
[ 99/129] EthanolLevel                 DONE  acc=0.2640 loss=1.3837 AOPCR=  0.110 NDCG=  n/a C=  4 T= 1751 (45s)  [12 trained / 2 failed so far]
[100/129] FreezerRegularTrain
    stage 1/3: loading data ...
    stage 2/3: training on 120 series (val=30, C=2, T=301, batch=12) ...
    stage 3/3: scoring on 2850 test series (accuracy + AOPCR) ...
    [mlflow] versioned model 'millet__mil_inceptiontime__mil_conjunctive' (id=m-a971ca60cb164874bfe4be72bc2ffc3a) params={'model_size_mb': '4.1059', 'n_model_params': '422675', 'name': 'millet'}
    [mlflow] logged run 'millet_FreezerRegularTrain'  (train_acc=1.0000 val_acc=1.0000 test_acc=0.9979 test_loss=0.0715)
[100/129] FreezerRegularTrain          DONE  acc=0.9979 loss=0.0715 AOPCR=  0.856 NDCG=  n/a C=  2 T=  301 (30s)  [13 trained / 2 failed so far]
[101/129] FreezerSmallTrain
    stage 1/3: loading data ...
    stage 2/3: training on 28 series (no val (train-loss early stop), C=2, T=301, batch=2) ...
    stage 3/3: scoring on 2850 test series (accuracy + AOPCR) ...
    [mlflow] versioned model 'millet__mil_inceptiontime__mil_conjunctive' (id=m-18a14a29bf8d4333b8d0a04cb95277f4) params={'model_size_mb': '4.1059', 'n_model_params': '422675', 'name': 'millet'}
    [mlflow] logged run 'millet_FreezerSmallTrain'  (train_acc=1.0000 test_acc=0.9670 test_loss=0.1547)
[101/129] FreezerSmallTrain            DONE  acc=0.9670 loss=0.1547 AOPCR=  0.679 NDCG=  n/a C=  2 T=  301 (67s)  [14 trained / 2 failed so far]
[102/129] Fungi
    stage 1/3: loading data ...
    stage 2/3: training on 18 series (no val (train-loss early stop), C=18, T=201, batch=2) ...
    stage 3/3: scoring on 186 test series (accuracy + AOPCR) ...
    [mlflow] versioned model 'millet__mil_inceptiontime__mil_conjunctive' (id=m-cf5cfb5ee1d746d687f8f0ec8edb87b8) params={'model_size_mb': '4.1137', 'n_model_params': '424739', 'name': 'millet'}
    [mlflow] logged run 'millet_Fungi'  (train_acc=1.0000 test_acc=0.9946 test_loss=0.1861)
[102/129] Fungi                        DONE  acc=0.9946 loss=0.1861 AOPCR=  1.513 NDCG=  n/a C= 18 T=  201 (50s)  [15 trained / 2 failed so far]
[103/129] GestureMidAirD1
    stage 1/3: loading data ...
    stage 2/3: training on 182 series (val=26, C=26, T=360, batch=16) ...
    stage 3/3: scoring on 130 test series (accuracy + AOPCR) ...
    [mlflow] versioned model 'millet__mil_inceptiontime__mil_conjunctive' (id=m-ff45c697352b4b16a03b87272aeb2120) params={'model_size_mb': '4.1177', 'n_model_params': '425771', 'name': 'millet'}
    [mlflow] logged run 'millet_GestureMidAirD1'  (train_acc=0.9231 val_acc=0.7308 test_acc=0.6308 test_loss=1.1295)
[103/129] GestureMidAirD1              DONE  acc=0.6308 loss=1.1295 AOPCR=  2.039 NDCG=  n/a C= 26 T=  360 (22s)  [16 trained / 2 failed so far]
[104/129] GestureMidAirD2
    stage 1/3: loading data ...
    stage 2/3: training on 182 series (val=26, C=26, T=360, batch=16) ...
    stage 3/3: scoring on 130 test series (accuracy + AOPCR) ...
    [mlflow] versioned model 'millet__mil_inceptiontime__mil_conjunctive' (id=m-4f8c5ca42f714440832313dc218c2e8b) params={'model_size_mb': '4.1177', 'n_model_params': '425771', 'name': 'millet'}
    [mlflow] logged run 'millet_GestureMidAirD2'  (train_acc=0.8736 val_acc=0.7692 test_acc=0.6538 test_loss=1.0569)
[104/129] GestureMidAirD2              DONE  acc=0.6538 loss=1.0569 AOPCR=  1.494 NDCG=  n/a C= 26 T=  360 (30s)  [17 trained / 2 failed so far]
[105/129] GestureMidAirD3
    stage 1/3: loading data ...
    stage 2/3: training on 182 series (val=26, C=26, T=360, batch=16) ...
    stage 3/3: scoring on 130 test series (accuracy + AOPCR) ...
    [mlflow] versioned model 'millet__mil_inceptiontime__mil_conjunctive' (id=m-7b7c84930a8049b588b1312e861ebd9c) params={'model_size_mb': '4.1177', 'n_model_params': '425771', 'name': 'millet'}
    [mlflow] logged run 'millet_GestureMidAirD3'  (train_acc=0.7418 val_acc=0.2308 test_acc=0.3308 test_loss=2.0796)
[105/129] GestureMidAirD3              DONE  acc=0.3308 loss=2.0796 AOPCR=  1.356 NDCG=  n/a C= 26 T=  360 (17s)  [18 trained / 2 failed so far]
[106/129] GesturePebbleZ1
    stage 1/3: loading data ...
    stage 2/3: training on 107 series (val=25, C=6, T=455, batch=10) ...
    stage 3/3: scoring on 172 test series (accuracy + AOPCR) ...
    [mlflow] versioned model 'millet__mil_inceptiontime__mil_conjunctive' (id=m-e32a5179a67344178b46486e82531b7e) params={'model_size_mb': '4.1078', 'n_model_params': '423191', 'name': 'millet'}
    [mlflow] logged run 'millet_GesturePebbleZ1'  (train_acc=1.0000 val_acc=1.0000 test_acc=0.9244 test_loss=0.3989)
[106/129] GesturePebbleZ1              DONE  acc=0.9244 loss=0.3989 AOPCR=  1.315 NDCG=  n/a C=  6 T=  455 (23s)  [19 trained / 2 failed so far]
[107/129] GesturePebbleZ2
    stage 1/3: loading data ...
    stage 2/3: training on 120 series (val=26, C=6, T=455, batch=12) ...
    stage 3/3: scoring on 158 test series (accuracy + AOPCR) ...
    [mlflow] versioned model 'millet__mil_inceptiontime__mil_conjunctive' (id=m-2abf13ee0fb1417b8e513db41419debb) params={'model_size_mb': '4.1078', 'n_model_params': '423191', 'name': 'millet'}
    [mlflow] logged run 'millet_GesturePebbleZ2'  (train_acc=1.0000 val_acc=1.0000 test_acc=0.8861 test_loss=0.4194)
[107/129] GesturePebbleZ2              DONE  acc=0.8861 loss=0.4194 AOPCR=  1.598 NDCG=  n/a C=  6 T=  455 (24s)  [20 trained / 2 failed so far]
[108/129] GunPointAgeSpan
    stage 1/3: loading data ...
    stage 2/3: training on 109 series (val=26, C=2, T=150, batch=10) ...
    stage 3/3: scoring on 316 test series (accuracy + AOPCR) ...
    [mlflow] versioned model 'millet__mil_inceptiontime__mil_conjunctive' (id=m-9b1c9831c45e4255b458d09a8f58e71a) params={'model_size_mb': '4.1059', 'n_model_params': '422675', 'name': 'millet'}
    [mlflow] logged run 'millet_GunPointAgeSpan'  (train_acc=1.0000 val_acc=1.0000 test_acc=0.9873 test_loss=0.0968)
[108/129] GunPointAgeSpan              DONE  acc=0.9873 loss=0.0968 AOPCR=  0.983 NDCG=  n/a C=  2 T=  150 (29s)  [21 trained / 2 failed so far]
[109/129] GunPointMaleVersusFemale
    stage 1/3: loading data ...
    stage 2/3: training on 109 series (val=26, C=2, T=150, batch=10) ...
    stage 3/3: scoring on 316 test series (accuracy + AOPCR) ...
    [mlflow] versioned model 'millet__mil_inceptiontime__mil_conjunctive' (id=m-5161c3fca17b439891262ff2b8d44bd1) params={'model_size_mb': '4.1059', 'n_model_params': '422675', 'name': 'millet'}
    [mlflow] logged run 'millet_GunPointMaleVersusFemale'  (train_acc=1.0000 val_acc=1.0000 test_acc=0.9968 test_loss=0.0750)
[109/129] GunPointMaleVersusFemale     DONE  acc=0.9968 loss=0.0750 AOPCR=  0.475 NDCG=  n/a C=  2 T=  150 (34s)  [22 trained / 2 failed so far]
[110/129] GunPointOldVersusYoung
    stage 1/3: loading data ...
    stage 2/3: training on 109 series (val=27, C=2, T=150, batch=10) ...
    stage 3/3: scoring on 315 test series (accuracy + AOPCR) ...
    [mlflow] versioned model 'millet__mil_inceptiontime__mil_conjunctive' (id=m-c7e12e49aa324f2180cf7a66e2e5f067) params={'model_size_mb': '4.1059', 'n_model_params': '422675', 'name': 'millet'}
    [mlflow] logged run 'millet_GunPointOldVersusYoung'  (train_acc=1.0000 val_acc=0.9630 test_acc=0.9238 test_loss=0.2439)
[110/129] GunPointOldVersusYoung       DONE  acc=0.9238 loss=0.2439 AOPCR=  0.662 NDCG=  n/a C=  2 T=  150 (22s)  [23 trained / 2 failed so far]
[111/129] HouseTwenty
    stage 1/3: loading data ...
    stage 2/3: training on 40 series (no val (train-loss early stop), C=2, T=2000, batch=4) ...
    stage 3/3: scoring on 119 test series (accuracy + AOPCR) ...
    [mlflow] versioned model 'millet__mil_inceptiontime__mil_conjunctive' (id=m-23bad987e313475bb785f0bbccadd702) params={'model_size_mb': '4.1059', 'n_model_params': '422675', 'name': 'millet'}
    [mlflow] logged run 'millet_HouseTwenty'  (train_acc=1.0000 test_acc=0.9580 test_loss=0.1630)
[111/129] HouseTwenty                  DONE  acc=0.9580 loss=0.1630 AOPCR=  1.326 NDCG=  n/a C=  2 T= 2000 (34s)  [24 trained / 2 failed so far]
[112/129] InsectEPGRegularTrain
    stage 1/3: loading data ...
    stage 2/3: training on 62 series (no val (train-loss early stop), C=3, T=601, batch=6) ...
    stage 3/3: scoring on 249 test series (accuracy + AOPCR) ...
    [mlflow] versioned model 'millet__mil_inceptiontime__mil_conjunctive' (id=m-8f1d625cb9f949598a9a98b8544e2bf5) params={'model_size_mb': '4.1064', 'n_model_params': '422804', 'name': 'millet'}
    [mlflow] logged run 'millet_InsectEPGRegularTrain'  (train_acc=1.0000 test_acc=0.9960 test_loss=0.1299)
[112/129] InsectEPGRegularTrain        DONE  acc=0.9960 loss=0.1299 AOPCR=  1.335 NDCG=  n/a C=  3 T=  601 (40s)  [25 trained / 2 failed so far]
[113/129] InsectEPGSmallTrain
    stage 1/3: loading data ...
    stage 2/3: training on 17 series (no val (train-loss early stop), C=3, T=601, batch=2) ...
    stage 3/3: scoring on 249 test series (accuracy + AOPCR) ...
    [mlflow] versioned model 'millet__mil_inceptiontime__mil_conjunctive' (id=m-0c40431ef4bd49fb8dee3de86c7b97b4) params={'model_size_mb': '4.1064', 'n_model_params': '422804', 'name': 'millet'}
    [mlflow] logged run 'millet_InsectEPGSmallTrain'  (train_acc=1.0000 test_acc=0.9317 test_loss=0.2766)
[113/129] InsectEPGSmallTrain          DONE  acc=0.9317 loss=0.2766 AOPCR=  1.621 NDCG=  n/a C=  3 T=  601 (26s)  [26 trained / 2 failed so far]
[114/129] MelbournePedestrian
    stage 1/3: loading data ...
    stage 2/3: training on 956 series (val=238, C=10, T=24, batch=16) ...
    stage 3/3: scoring on 2439 test series (accuracy + AOPCR) ...
[114/129] MelbournePedestrian          FAILED: RuntimeError: a Tensor with 16 elements cannot be converted to Scalar
[115/129] MixedShapesRegularTrain
    stage 1/3: loading data ...
    stage 2/3: training on 400 series (val=100, C=5, T=1024, batch=16) ...
    stage 3/3: scoring on 2425 test series (accuracy + AOPCR) ...
    [mlflow] versioned model 'millet__mil_inceptiontime__mil_conjunctive' (id=m-2cc8921db87c4863ba40fa7be9a0f212) params={'model_size_mb': '4.1073', 'n_model_params': '423062', 'name': 'millet'}
    [mlflow] logged run 'millet_MixedShapesRegularTrain'  (train_acc=1.0000 val_acc=0.9900 test_acc=0.9711 test_loss=0.2212)
[115/129] MixedShapesRegularTrain      DONE  acc=0.9711 loss=0.2212 AOPCR=  1.240 NDCG=  n/a C=  5 T= 1024 (96s)  [27 trained / 3 failed so far]
[116/129] MixedShapesSmallTrain
    stage 1/3: loading data ...
    stage 2/3: training on 80 series (val=20, C=5, T=1024, batch=8) ...
    stage 3/3: scoring on 2425 test series (accuracy + AOPCR) ...
    [mlflow] versioned model 'millet__mil_inceptiontime__mil_conjunctive' (id=m-1d5ee0d132e14f7f8ec7778ba5962942) params={'model_size_mb': '4.1073', 'n_model_params': '423062', 'name': 'millet'}
    [mlflow] logged run 'millet_MixedShapesSmallTrain'  (train_acc=1.0000 val_acc=1.0000 test_acc=0.8672 test_loss=0.4527)
[116/129] MixedShapesSmallTrain        DONE  acc=0.8672 loss=0.4527 AOPCR=  1.650 NDCG=  n/a C=  5 T= 1024 (52s)  [28 trained / 3 failed so far]
[117/129] PLAID
    stage 1/3: loading data ...
    stage 2/3: training on 436 series (val=101, C=11, T=1344, batch=16) ...
    stage 3/3: scoring on 537 test series (accuracy + AOPCR) ...
    [mlflow] versioned model 'millet__mil_inceptiontime__mil_conjunctive' (id=m-2a61e85a28394b38ab4622ea1f8b2e3c) params={'model_size_mb': '4.1103', 'n_model_params': '423836', 'name': 'millet'}
    [mlflow] logged run 'millet_PLAID'  (train_acc=1.0000 val_acc=0.8614 test_acc=0.9050 test_loss=0.4274)
[117/129] PLAID                        DONE  acc=0.9050 loss=0.4274 AOPCR=  1.175 NDCG=  n/a C= 11 T= 1344 (152s)  [29 trained / 3 failed so far]
[118/129] PickupGestureWiimoteZ
    stage 1/3: loading data ...
    stage 2/3: training on 50 series (no val (train-loss early stop), C=10, T=361, batch=5) ...
    stage 3/3: scoring on 50 test series (accuracy + AOPCR) ...
    [mlflow] versioned model 'millet__mil_inceptiontime__mil_conjunctive' (id=m-c711858da3f74f939f3ff7557f7f350f) params={'model_size_mb': '4.1098', 'n_model_params': '423707', 'name': 'millet'}
    [mlflow] logged run 'millet_PickupGestureWiimoteZ'  (train_acc=1.0000 test_acc=0.7400 test_loss=0.8288)
[118/129] PickupGestureWiimoteZ        DONE  acc=0.7400 loss=0.8288 AOPCR=  0.993 NDCG=  n/a C= 10 T=  361 (61s)  [30 trained / 3 failed so far]
[119/129] PigAirwayPressure
    stage 1/3: loading data ...
    stage 2/3: training on 52 series (val=52, C=52, T=2000, batch=5) ...
    stage 3/3: scoring on 208 test series (accuracy + AOPCR) ...
    [mlflow] versioned model 'millet__mil_inceptiontime__mil_conjunctive' (id=m-bae170f23dc441dcb0a8a4479f473dfb) params={'model_size_mb': '4.1305', 'n_model_params': '429125', 'name': 'millet'}
    [mlflow] logged run 'millet_PigAirwayPressure'  (train_acc=0.0577 val_acc=0.0577 test_acc=0.0481 test_loss=3.8528)
[119/129] PigAirwayPressure            DONE  acc=0.0481 loss=3.8528 AOPCR=  0.036 NDCG=  n/a C= 52 T= 2000 (12s)  [31 trained / 3 failed so far]
[120/129] PigArtPressure
    stage 1/3: loading data ...
    stage 2/3: training on 52 series (val=52, C=52, T=2000, batch=5) ...
    stage 3/3: scoring on 208 test series (accuracy + AOPCR) ...
    [mlflow] versioned model 'millet__mil_inceptiontime__mil_conjunctive' (id=m-674aa1c722b44162b8b0fdf6f646fc7f) params={'model_size_mb': '4.1305', 'n_model_params': '429125', 'name': 'millet'}
    [mlflow] logged run 'millet_PigArtPressure'  (train_acc=1.0000 val_acc=0.8462 test_acc=0.8702 test_loss=0.4787)
[120/129] PigArtPressure               DONE  acc=0.8702 loss=0.4787 AOPCR=  0.481 NDCG=  n/a C= 52 T= 2000 (41s)  [32 trained / 3 failed so far]
[121/129] PigCVP
    stage 1/3: loading data ...
    stage 2/3: training on 52 series (val=52, C=52, T=2000, batch=5) ...
    stage 3/3: scoring on 208 test series (accuracy + AOPCR) ...
    [mlflow] versioned model 'millet__mil_inceptiontime__mil_conjunctive' (id=m-c4177856db89436c886d0ae22a437511) params={'model_size_mb': '4.1305', 'n_model_params': '429125', 'name': 'millet'}
    [mlflow] logged run 'millet_PigCVP'  (train_acc=1.0000 val_acc=0.7692 test_acc=0.8317 test_loss=0.9524)
[121/129] PigCVP                       DONE  acc=0.8317 loss=0.9524 AOPCR=  0.366 NDCG=  n/a C= 52 T= 2000 (59s)  [33 trained / 3 failed so far]
[122/129] PowerCons
    stage 1/3: loading data ...
    stage 2/3: training on 144 series (val=36, C=2, T=144, batch=14) ...
    stage 3/3: scoring on 180 test series (accuracy + AOPCR) ...
    [mlflow] versioned model 'millet__mil_inceptiontime__mil_conjunctive' (id=m-5beddd2b70444215aa13c23322b93ad7) params={'model_size_mb': '4.1059', 'n_model_params': '422675', 'name': 'millet'}
    [mlflow] logged run 'millet_PowerCons'  (train_acc=1.0000 val_acc=1.0000 test_acc=0.9389 test_loss=0.1777)
[122/129] PowerCons                    DONE  acc=0.9389 loss=0.1777 AOPCR=  0.550 NDCG=  n/a C=  2 T=  144 (23s)  [34 trained / 3 failed so far]
[123/129] Rock
    stage 1/3: loading data ...
    stage 2/3: training on 20 series (no val (train-loss early stop), C=4, T=2844, batch=2) ...
    stage 3/3: scoring on 50 test series (accuracy + AOPCR) ...
    [mlflow] versioned model 'millet__mil_inceptiontime__mil_conjunctive' (id=m-a7ab27f83ec24a058e478df1a892a86b) params={'model_size_mb': '4.1068', 'n_model_params': '422933', 'name': 'millet'}
    [mlflow] logged run 'millet_Rock'  (train_acc=1.0000 test_acc=0.7000 test_loss=0.8502)
[123/129] Rock                         DONE  acc=0.7000 loss=0.8502 AOPCR=  1.893 NDCG=  n/a C=  4 T= 2844 (46s)  [35 trained / 3 failed so far]
[124/129] SemgHandGenderCh2
    stage 1/3: loading data ...
    stage 2/3: training on 240 series (val=60, C=2, T=1500, batch=16) ...
    stage 3/3: scoring on 600 test series (accuracy + AOPCR) ...
    [mlflow] versioned model 'millet__mil_inceptiontime__mil_conjunctive' (id=m-45e4615910da4679898ebd4c7019b7c1) params={'model_size_mb': '4.1059', 'n_model_params': '422675', 'name': 'millet'}
    [mlflow] logged run 'millet_SemgHandGenderCh2'  (train_acc=1.0000 val_acc=0.9167 test_acc=0.8417 test_loss=0.3522)
[124/129] SemgHandGenderCh2            DONE  acc=0.8417 loss=0.3522 AOPCR=  1.438 NDCG=  n/a C=  2 T= 1500 (27s)  [36 trained / 3 failed so far]
[125/129] SemgHandMovementCh2
    stage 1/3: loading data ...
    stage 2/3: training on 360 series (val=90, C=6, T=1500, batch=16) ...
    stage 3/3: scoring on 450 test series (accuracy + AOPCR) ...
    [mlflow] versioned model 'millet__mil_inceptiontime__mil_conjunctive' (id=m-852af2141123446f8956d5473be9f112) params={'model_size_mb': '4.1078', 'n_model_params': '423191', 'name': 'millet'}
    [mlflow] logged run 'millet_SemgHandMovementCh2'  (train_acc=0.9056 val_acc=0.5333 test_acc=0.4689 test_loss=1.3649)
[125/129] SemgHandMovementCh2          DONE  acc=0.4689 loss=1.3649 AOPCR=  1.763 NDCG=  n/a C=  6 T= 1500 (36s)  [37 trained / 3 failed so far]
[126/129] SemgHandSubjectCh2
    stage 1/3: loading data ...
    stage 2/3: training on 360 series (val=90, C=5, T=1500, batch=16) ...
    stage 3/3: scoring on 450 test series (accuracy + AOPCR) ...
    [mlflow] versioned model 'millet__mil_inceptiontime__mil_conjunctive' (id=m-edf143d51d6844b98e6e79f7f2b1953c) params={'model_size_mb': '4.1073', 'n_model_params': '423062', 'name': 'millet'}
    [mlflow] logged run 'millet_SemgHandSubjectCh2'  (train_acc=1.0000 val_acc=0.8222 test_acc=0.7644 test_loss=0.7501)
[126/129] SemgHandSubjectCh2           DONE  acc=0.7644 loss=0.7501 AOPCR=  1.508 NDCG=  n/a C=  5 T= 1500 (79s)  [38 trained / 3 failed so far]
[127/129] ShakeGestureWiimoteZ
    stage 1/3: loading data ...
    stage 2/3: training on 50 series (no val (train-loss early stop), C=10, T=385, batch=5) ...
    stage 3/3: scoring on 50 test series (accuracy + AOPCR) ...
    [mlflow] versioned model 'millet__mil_inceptiontime__mil_conjunctive' (id=m-a015ca88c89f42faa345331afaf2860a) params={'model_size_mb': '4.1098', 'n_model_params': '423707', 'name': 'millet'}
    [mlflow] logged run 'millet_ShakeGestureWiimoteZ'  (train_acc=1.0000 test_acc=0.9000 test_loss=0.5067)
[127/129] ShakeGestureWiimoteZ         DONE  acc=0.9000 loss=0.5067 AOPCR=  0.975 NDCG=  n/a C= 10 T=  385 (25s)  [39 trained / 3 failed so far]
[128/129] SmoothSubspace
    stage 1/3: loading data ...
    stage 2/3: training on 120 series (val=30, C=3, T=15, batch=12) ...
[128/129] SmoothSubspace               FAILED: RuntimeError: a Tensor with 12 elements cannot be converted to Scalar
[129/129] UMD
    stage 1/3: loading data ...
    stage 2/3: training on 36 series (no val (train-loss early stop), C=3, T=150, batch=3) ...
    stage 3/3: scoring on 144 test series (accuracy + AOPCR) ...
    [mlflow] versioned model 'millet__mil_inceptiontime__mil_conjunctive' (id=m-49d644fb1c084f548a3c95cb36dd7aef) params={'model_size_mb': '4.1064', 'n_model_params': '422804', 'name': 'millet'}
    [mlflow] logged run 'millet_UMD'  (train_acc=1.0000 test_acc=0.9931 test_loss=0.1457)
[129/129] UMD                          DONE  acc=0.9931 loss=0.1457 AOPCR=  1.126 NDCG=  n/a C=  3 T=  150 (30s)  [40 trained / 4 failed so far]

Done: 40 trained, 85 skipped, 4 failed.
Results -> results/SEA_NET/millet__mil_inceptiontime__mil_conjunctive/results.csv

=== millet__mil_inceptiontime__mil_conjunctive vs MILLET ConjunctiveInceptionTime (mean of 5 reps) ===
  UCR datasets evaluated: 124  (with MILLET baseline: 84, without: 40)
  metric        ours    MILLET   win/tie/loss   (mean over the 84 datasets MILLET published)
  acc         0.8274    0.8433       13/25/46   
  loss        0.5297    1.2321        56/2/26   (lower is better)
  aopcr       0.8119    4.5579         3/0/81   
  wrote results/SEA_NET/millet__mil_inceptiontime__mil_conjunctive/comparison_vs_millet.csv

Next: `python main.py report` to draw the figures for millet__mil_inceptiontime__mil_conjunctive.

[log] finished; full output saved to results/SEA_NET/millet__mil_inceptiontime__mil_conjunctive/logs/train_2026-08-09_16-13-22.log
