[log] command 'train' started at 2026-08-04_15-46-42 for model 'millet__mil_inceptiontime__mil_conjunctive'
[log] a copy of everything below is being saved to: results/SEA_NET/millet__mil_inceptiontime__mil_conjunctive/logs/train_2026-08-04_15-46-42.log

=== train: model=millet__mil_inceptiontime__mil_conjunctive (config sv1/millet) device=cuda mode=full datasets=86 ===
[params] using DEFAULT recipe (no Optuna record yet - run 'python main.py optuna --model sv1/millet').
  results  -> results/SEA_NET/millet__mil_inceptiontime__mil_conjunctive/results.csv
  resume   -> results/SEA_NET/millet__mil_inceptiontime__mil_conjunctive/done_train_dataset.txt  (delete it to retrain everything; delete one line to retrain that dataset)

  [mlflow] logging runs to experiment 'SEA-Net_millet__mil_inceptiontime__mil_conjunctive_2026-08-04' at sqlite:///mlflow.db
  [mlflow] browse later with:  mlflow ui --backend-store-uri sqlite:///mlflow.db
[  1/86] WebTraffic
    stage 1/3: loading data ...
    stage 2/3: training on 400 series (val=100, C=10, T=1008, batch=16) ...
    stage 3/3: scoring on 500 test series (accuracy + AOPCR + NDCG) ...
    [mlflow] versioned model 'millet__mil_inceptiontime__mil_conjunctive' (id=m-b6929ec6c5cc4982864814f44d933e37) params={'model_size_mb': '4.1098', 'n_model_params': '423707', 'name': 'millet'}
    [mlflow] logged run 'millet_WebTraffic'  (train_acc=1.0000 val_acc=0.8700 test_acc=0.8920 test_loss=0.4817)
[  1/86] WebTraffic                   DONE  acc=0.8920 loss=0.4817 AOPCR=  3.319 NDCG=0.665 C= 10 T= 1008 (42s)  [1 trained / 0 failed so far]
[  2/86] Adiac
    stage 1/3: loading data ...
    stage 2/3: training on 328 series (val=62, C=37, T=176, batch=16) ...
    stage 3/3: scoring on 391 test series (accuracy + AOPCR) ...
    [mlflow] versioned model 'millet__mil_inceptiontime__mil_conjunctive' (id=m-ccf8c9774db546aca3f93e73e75e3871) params={'model_size_mb': '4.1231', 'n_model_params': '427190', 'name': 'millet'}
    [mlflow] logged run 'millet_Adiac'  (train_acc=0.9604 val_acc=0.8871 test_acc=0.8261 test_loss=0.7489)
[  2/86] Adiac                        DONE  acc=0.8261 loss=0.7489 AOPCR=  0.797 NDCG=  n/a C= 37 T=  176 (144s)  [2 trained / 0 failed so far]
[  3/86] ArrowHead
    stage 1/3: loading data ...
    stage 2/3: training on 36 series (no val (train-loss early stop), C=3, T=251, batch=3) ...
    stage 3/3: scoring on 175 test series (accuracy + AOPCR) ...
    [mlflow] versioned model 'millet__mil_inceptiontime__mil_conjunctive' (id=m-9e1f84dfa14a4056b4cbd8bf5fb0bd54) params={'model_size_mb': '4.1064', 'n_model_params': '422804', 'name': 'millet'}
    [mlflow] logged run 'millet_ArrowHead'  (train_acc=1.0000 test_acc=0.8229 test_loss=0.4779)
[  3/86] ArrowHead                    DONE  acc=0.8229 loss=0.4779 AOPCR=  0.470 NDCG=  n/a C=  3 T=  251 (16s)  [3 trained / 0 failed so far]
[  4/86] Beef
    stage 1/3: loading data ...
    stage 2/3: training on 30 series (no val (train-loss early stop), C=5, T=470, batch=3) ...
    stage 3/3: scoring on 30 test series (accuracy + AOPCR) ...
    [mlflow] versioned model 'millet__mil_inceptiontime__mil_conjunctive' (id=m-0606cad08abf461089d52ea69ce9fe91) params={'model_size_mb': '4.1073', 'n_model_params': '423062', 'name': 'millet'}
    [mlflow] logged run 'millet_Beef'  (train_acc=1.0000 test_acc=0.8667 test_loss=0.5850)
[  4/86] Beef                         DONE  acc=0.8667 loss=0.5850 AOPCR=  1.488 NDCG=  n/a C=  5 T=  470 (32s)  [4 trained / 0 failed so far]
[  5/86] BeetleFly
    stage 1/3: loading data ...
    stage 2/3: training on 20 series (no val (train-loss early stop), C=2, T=512, batch=2) ...
    stage 3/3: scoring on 20 test series (accuracy + AOPCR) ...
    [mlflow] versioned model 'millet__mil_inceptiontime__mil_conjunctive' (id=m-d8d35f6ea8f549a2acd8fc2a958b5d22) params={'model_size_mb': '4.1059', 'n_model_params': '422675', 'name': 'millet'}
    [mlflow] logged run 'millet_BeetleFly'  (train_acc=1.0000 test_acc=0.9500 test_loss=0.2792)
[  5/86] BeetleFly                    DONE  acc=0.9500 loss=0.2792 AOPCR=  0.396 NDCG=  n/a C=  2 T=  512 (14s)  [5 trained / 0 failed so far]
[  6/86] BirdChicken
    stage 1/3: loading data ...
    stage 2/3: training on 20 series (no val (train-loss early stop), C=2, T=512, batch=2) ...
    stage 3/3: scoring on 20 test series (accuracy + AOPCR) ...
    [mlflow] versioned model 'millet__mil_inceptiontime__mil_conjunctive' (id=m-4d9d50aea1744cdebae9be849a0cfc00) params={'model_size_mb': '4.1059', 'n_model_params': '422675', 'name': 'millet'}
    [mlflow] logged run 'millet_BirdChicken'  (train_acc=1.0000 test_acc=1.0000 test_loss=0.2056)
[  6/86] BirdChicken                  DONE  acc=1.0000 loss=0.2056 AOPCR=  1.207 NDCG=  n/a C=  2 T=  512 (17s)  [6 trained / 0 failed so far]
[  7/86] Car
    stage 1/3: loading data ...
    stage 2/3: training on 60 series (no val (train-loss early stop), C=4, T=577, batch=6) ...
    stage 3/3: scoring on 60 test series (accuracy + AOPCR) ...
    [mlflow] versioned model 'millet__mil_inceptiontime__mil_conjunctive' (id=m-f414b00e4c8348ddbfc30705002352ea) params={'model_size_mb': '4.1068', 'n_model_params': '422933', 'name': 'millet'}
    [mlflow] logged run 'millet_Car'  (train_acc=1.0000 test_acc=0.9167 test_loss=0.3380)
[  7/86] Car                          DONE  acc=0.9167 loss=0.3380 AOPCR=  0.778 NDCG=  n/a C=  4 T=  577 (27s)  [7 trained / 0 failed so far]
[  8/86] CBF
    stage 1/3: loading data ...
    stage 2/3: training on 30 series (no val (train-loss early stop), C=3, T=128, batch=3) ...
    stage 3/3: scoring on 900 test series (accuracy + AOPCR) ...
    [mlflow] versioned model 'millet__mil_inceptiontime__mil_conjunctive' (id=m-c2192170c5014c9aa96718e1e756a308) params={'model_size_mb': '4.1064', 'n_model_params': '422804', 'name': 'millet'}
    [mlflow] logged run 'millet_CBF'  (train_acc=1.0000 test_acc=0.9922 test_loss=0.1465)
[  8/86] CBF                          DONE  acc=0.9922 loss=0.1465 AOPCR=  0.981 NDCG=  n/a C=  3 T=  128 (9s)  [8 trained / 0 failed so far]
[  9/86] ChlorineConcentration
    stage 1/3: loading data ...
    stage 2/3: training on 375 series (val=92, C=3, T=166, batch=16) ...
    stage 3/3: scoring on 3840 test series (accuracy + AOPCR) ...
    [mlflow] versioned model 'millet__mil_inceptiontime__mil_conjunctive' (id=m-748ab49d083240d08674ba2ee64da735) params={'model_size_mb': '4.1064', 'n_model_params': '422804', 'name': 'millet'}
    [mlflow] logged run 'millet_ChlorineConcentration'  (train_acc=0.9973 val_acc=0.8370 test_acc=0.8031 test_loss=0.5390)
[  9/86] ChlorineConcentration        DONE  acc=0.8031 loss=0.5390 AOPCR=  0.129 NDCG=  n/a C=  3 T=  166 (148s)  [9 trained / 0 failed so far]
[ 10/86] CinCECGTorso
    stage 1/3: loading data ...
    stage 2/3: training on 40 series (no val (train-loss early stop), C=4, T=1639, batch=4) ...
    stage 3/3: scoring on 1380 test series (accuracy + AOPCR) ...
    [mlflow] versioned model 'millet__mil_inceptiontime__mil_conjunctive' (id=m-69ae78960d6048c18688043961890c54) params={'model_size_mb': '4.1068', 'n_model_params': '422933', 'name': 'millet'}
    [mlflow] logged run 'millet_CinCECGTorso'  (train_acc=1.0000 test_acc=0.8283 test_loss=0.4897)
[ 10/86] CinCECGTorso                 DONE  acc=0.8283 loss=0.4897 AOPCR=  1.538 NDCG=  n/a C=  4 T= 1639 (31s)  [10 trained / 0 failed so far]
[ 11/86] Coffee
    stage 1/3: loading data ...
    stage 2/3: training on 28 series (no val (train-loss early stop), C=2, T=286, batch=2) ...
    stage 3/3: scoring on 28 test series (accuracy + AOPCR) ...
    [mlflow] versioned model 'millet__mil_inceptiontime__mil_conjunctive' (id=m-048988118bcf47b3a1f98329a3e599d8) params={'model_size_mb': '4.1059', 'n_model_params': '422675', 'name': 'millet'}
    [mlflow] logged run 'millet_Coffee'  (train_acc=1.0000 test_acc=1.0000 test_loss=0.0680)
[ 11/86] Coffee                       DONE  acc=1.0000 loss=0.0680 AOPCR=  0.582 NDCG=  n/a C=  2 T=  286 (20s)  [11 trained / 0 failed so far]
[ 12/86] Computers
    stage 1/3: loading data ...
    stage 2/3: training on 200 series (val=50, C=2, T=720, batch=16) ...
    stage 3/3: scoring on 250 test series (accuracy + AOPCR) ...
    [mlflow] versioned model 'millet__mil_inceptiontime__mil_conjunctive' (id=m-7e2092a6e9ce4a9aae9f4ddf8e199287) params={'model_size_mb': '4.1059', 'n_model_params': '422675', 'name': 'millet'}
    [mlflow] logged run 'millet_Computers'  (train_acc=0.8600 val_acc=0.8000 test_acc=0.7440 test_loss=0.5391)
[ 12/86] Computers                    DONE  acc=0.7440 loss=0.5391 AOPCR=  0.593 NDCG=  n/a C=  2 T=  720 (13s)  [12 trained / 0 failed so far]
[ 13/86] CricketX
    stage 1/3: loading data ...
    stage 2/3: training on 317 series (val=73, C=12, T=300, batch=16) ...
    stage 3/3: scoring on 390 test series (accuracy + AOPCR) ...
    [mlflow] versioned model 'millet__mil_inceptiontime__mil_conjunctive' (id=m-67fe40e40316406489c614e022e248cf) params={'model_size_mb': '4.1108', 'n_model_params': '423965', 'name': 'millet'}
    [mlflow] logged run 'millet_CricketX'  (train_acc=1.0000 val_acc=0.8630 test_acc=0.8179 test_loss=0.7170)
[ 13/86] CricketX                     DONE  acc=0.8179 loss=0.7170 AOPCR=  1.214 NDCG=  n/a C= 12 T=  300 (31s)  [13 trained / 0 failed so far]
[ 14/86] CricketY
    stage 1/3: loading data ...
    stage 2/3: training on 317 series (val=73, C=12, T=300, batch=16) ...
    stage 3/3: scoring on 390 test series (accuracy + AOPCR) ...
    [mlflow] versioned model 'millet__mil_inceptiontime__mil_conjunctive' (id=m-ab0ae87d59394361a45e8dbf6e9a25f2) params={'model_size_mb': '4.1108', 'n_model_params': '423965', 'name': 'millet'}
    [mlflow] logged run 'millet_CricketY'  (train_acc=1.0000 val_acc=0.8767 test_acc=0.8154 test_loss=0.7178)
[ 14/86] CricketY                     DONE  acc=0.8154 loss=0.7178 AOPCR=  1.198 NDCG=  n/a C= 12 T=  300 (26s)  [14 trained / 0 failed so far]
[ 15/86] CricketZ
    stage 1/3: loading data ...
    stage 2/3: training on 316 series (val=74, C=12, T=300, batch=16) ...
    stage 3/3: scoring on 390 test series (accuracy + AOPCR) ...
    [mlflow] versioned model 'millet__mil_inceptiontime__mil_conjunctive' (id=m-829a16ad6e4c4b5092904ab4985c86ba) params={'model_size_mb': '4.1108', 'n_model_params': '423965', 'name': 'millet'}
    [mlflow] logged run 'millet_CricketZ'  (train_acc=1.0000 val_acc=0.7838 test_acc=0.8154 test_loss=0.6966)
[ 15/86] CricketZ                     DONE  acc=0.8154 loss=0.6966 AOPCR=  1.359 NDCG=  n/a C= 12 T=  300 (23s)  [15 trained / 0 failed so far]
[ 16/86] DiatomSizeReduction
    stage 1/3: loading data ...
    stage 2/3: training on 16 series (no val (train-loss early stop), C=4, T=345, batch=2) ...
    stage 3/3: scoring on 306 test series (accuracy + AOPCR) ...
    [mlflow] versioned model 'millet__mil_inceptiontime__mil_conjunctive' (id=m-a6accf663fc5464f829357cce58ef706) params={'model_size_mb': '4.1068', 'n_model_params': '422933', 'name': 'millet'}
    [mlflow] logged run 'millet_DiatomSizeReduction'  (train_acc=1.0000 test_acc=0.9935 test_loss=0.1505)
[ 16/86] DiatomSizeReduction          DONE  acc=0.9935 loss=0.1505 AOPCR=  2.421 NDCG=  n/a C=  4 T=  345 (12s)  [16 trained / 0 failed so far]
[ 17/86] DistalPhalanxOutlineAgeGroup
    stage 1/3: loading data ...
    stage 2/3: training on 321 series (val=79, C=3, T=80, batch=16) ...
    stage 3/3: scoring on 139 test series (accuracy + AOPCR) ...
    [mlflow] versioned model 'millet__mil_inceptiontime__mil_conjunctive' (id=m-66cbabac43554e59a8e9d59df3ea29dd) params={'model_size_mb': '4.1064', 'n_model_params': '422804', 'name': 'millet'}
    [mlflow] logged run 'millet_DistalPhalanxOutlineAgeGroup'  (train_acc=0.8723 val_acc=0.8481 test_acc=0.6978 test_loss=0.6010)
[ 17/86] DistalPhalanxOutlineAgeGroup DONE  acc=0.6978 loss=0.6010 AOPCR=  0.904 NDCG=  n/a C=  3 T=   80 (32s)  [17 trained / 0 failed so far]
[ 18/86] DistalPhalanxOutlineCorrect
    stage 1/3: loading data ...
    stage 2/3: training on 481 series (val=119, C=2, T=80, batch=16) ...
    stage 3/3: scoring on 276 test series (accuracy + AOPCR) ...
    [mlflow] versioned model 'millet__mil_inceptiontime__mil_conjunctive' (id=m-aa6294834fe24ecda3dfffee80db9745) params={'model_size_mb': '4.1059', 'n_model_params': '422675', 'name': 'millet'}
    [mlflow] logged run 'millet_DistalPhalanxOutlineCorrect'  (train_acc=0.9730 val_acc=0.8319 test_acc=0.7935 test_loss=0.4724)
[ 18/86] DistalPhalanxOutlineCorrect  DONE  acc=0.7935 loss=0.4724 AOPCR=  0.542 NDCG=  n/a C=  2 T=   80 (50s)  [18 trained / 0 failed so far]
[ 19/86] DistalPhalanxTW
    stage 1/3: loading data ...
    stage 2/3: training on 323 series (val=77, C=6, T=80, batch=16) ...
    stage 3/3: scoring on 139 test series (accuracy + AOPCR) ...
    [mlflow] versioned model 'millet__mil_inceptiontime__mil_conjunctive' (id=m-6357dabc936e4d1da19f159b83576250) params={'model_size_mb': '4.1078', 'n_model_params': '423191', 'name': 'millet'}
    [mlflow] logged run 'millet_DistalPhalanxTW'  (train_acc=0.8266 val_acc=0.8312 test_acc=0.7266 test_loss=0.7883)
[ 19/86] DistalPhalanxTW              DONE  acc=0.7266 loss=0.7883 AOPCR=  0.700 NDCG=  n/a C=  6 T=   80 (22s)  [19 trained / 0 failed so far]
[ 20/86] Earthquakes
    stage 1/3: loading data ...
    stage 2/3: training on 259 series (val=63, C=2, T=512, batch=16) ...
    stage 3/3: scoring on 139 test series (accuracy + AOPCR) ...
    [mlflow] versioned model 'millet__mil_inceptiontime__mil_conjunctive' (id=m-77f8be6eb67045b2860c284ac1b5d17c) params={'model_size_mb': '4.1059', 'n_model_params': '422675', 'name': 'millet'}
    [mlflow] logged run 'millet_Earthquakes'  (train_acc=0.8301 val_acc=0.8254 test_acc=0.7770 test_loss=0.4837)
[ 20/86] Earthquakes                  DONE  acc=0.7770 loss=0.4837 AOPCR=  0.680 NDCG=  n/a C=  2 T=  512 (8s)  [20 trained / 0 failed so far]
[ 21/86] ECG200
    stage 1/3: loading data ...
    stage 2/3: training on 81 series (val=19, C=2, T=96, batch=8) ...
    stage 3/3: scoring on 100 test series (accuracy + AOPCR) ...
    [mlflow] versioned model 'millet__mil_inceptiontime__mil_conjunctive' (id=m-0bd2dbbc16e64ceead887c56087ac052) params={'model_size_mb': '4.1059', 'n_model_params': '422675', 'name': 'millet'}
    [mlflow] logged run 'millet_ECG200'  (train_acc=0.8889 val_acc=0.8947 test_acc=0.7800 test_loss=0.4869)
[ 21/86] ECG200                       DONE  acc=0.7800 loss=0.4869 AOPCR=  0.191 NDCG=  n/a C=  2 T=   96 (10s)  [21 trained / 0 failed so far]
[ 22/86] ECG5000
    stage 1/3: loading data ...
    stage 2/3: training on 401 series (val=99, C=5, T=140, batch=16) ...
    stage 3/3: scoring on 4500 test series (accuracy + AOPCR) ...
    [mlflow] versioned model 'millet__mil_inceptiontime__mil_conjunctive' (id=m-edaf5857204240ea9216941e452c8316) params={'model_size_mb': '4.1073', 'n_model_params': '423062', 'name': 'millet'}
    [mlflow] logged run 'millet_ECG5000'  (train_acc=0.9626 val_acc=0.9394 test_acc=0.9389 test_loss=0.2989)
[ 22/86] ECG5000                      DONE  acc=0.9389 loss=0.2989 AOPCR=  1.069 NDCG=  n/a C=  5 T=  140 (53s)  [22 trained / 0 failed so far]
[ 23/86] ECGFiveDays
    stage 1/3: loading data ...
    stage 2/3: training on 23 series (no val (train-loss early stop), C=2, T=136, batch=2) ...
    stage 3/3: scoring on 861 test series (accuracy + AOPCR) ...
    [mlflow] versioned model 'millet__mil_inceptiontime__mil_conjunctive' (id=m-8401d932884e4cfab34578aa1bb5a293) params={'model_size_mb': '4.1059', 'n_model_params': '422675', 'name': 'millet'}
    [mlflow] logged run 'millet_ECGFiveDays'  (train_acc=1.0000 test_acc=1.0000 test_loss=0.0665)
[ 23/86] ECGFiveDays                  DONE  acc=1.0000 loss=0.0665 AOPCR=  0.048 NDCG=  n/a C=  2 T=  136 (9s)  [23 trained / 0 failed so far]
[ 24/86] ElectricDevices
    stage 1/3: loading data ...
    stage 2/3: training on 7144 series (val=1782, C=7, T=96, batch=16) ...
    stage 3/3: scoring on 7711 test series (accuracy + AOPCR) ...
    [mlflow] versioned model 'millet__mil_inceptiontime__mil_conjunctive' (id=m-5419650527954cfb83bfd3603214634a) params={'model_size_mb': '4.1083', 'n_model_params': '423320', 'name': 'millet'}
    [mlflow] logged run 'millet_ElectricDevices'  (train_acc=0.9580 val_acc=0.8990 test_acc=0.6989 test_loss=0.9573)
[ 24/86] ElectricDevices              DONE  acc=0.6989 loss=0.9573 AOPCR=  0.679 NDCG=  n/a C=  7 T=   96 (763s)  [24 trained / 0 failed so far]
[ 25/86] FaceAll
    stage 1/3: loading data ...
    stage 2/3: training on 448 series (val=112, C=14, T=131, batch=16) ...
    stage 3/3: scoring on 1690 test series (accuracy + AOPCR) ...
    [mlflow] versioned model 'millet__mil_inceptiontime__mil_conjunctive' (id=m-129f332122fa4ddeac56a63c53b7662c) params={'model_size_mb': '4.1117', 'n_model_params': '424223', 'name': 'millet'}
    [mlflow] logged run 'millet_FaceAll'  (train_acc=1.0000 val_acc=0.9821 test_acc=0.9018 test_loss=0.3659)
[ 25/86] FaceAll                      DONE  acc=0.9018 loss=0.3659 AOPCR=  0.325 NDCG=  n/a C= 14 T=  131 (152s)  [25 trained / 0 failed so far]
[ 26/86] FaceFour
    stage 1/3: loading data ...
    stage 2/3: training on 24 series (no val (train-loss early stop), C=4, T=350, batch=2) ...
    stage 3/3: scoring on 88 test series (accuracy + AOPCR) ...
    [mlflow] versioned model 'millet__mil_inceptiontime__mil_conjunctive' (id=m-98b6dfaf344c47dbb2feebe85838febe) params={'model_size_mb': '4.1068', 'n_model_params': '422933', 'name': 'millet'}
    [mlflow] logged run 'millet_FaceFour'  (train_acc=1.0000 test_acc=0.9432 test_loss=0.3230)
[ 26/86] FaceFour                     DONE  acc=0.9432 loss=0.3230 AOPCR=  0.358 NDCG=  n/a C=  4 T=  350 (15s)  [26 trained / 0 failed so far]
[ 27/86] FacesUCR
    stage 1/3: loading data ...
    stage 2/3: training on 165 series (val=35, C=14, T=131, batch=16) ...
    stage 3/3: scoring on 2050 test series (accuracy + AOPCR) ...
    [mlflow] versioned model 'millet__mil_inceptiontime__mil_conjunctive' (id=m-ad35d04be8e74b60be364bf75c65f12a) params={'model_size_mb': '4.1117', 'n_model_params': '424223', 'name': 'millet'}
    [mlflow] logged run 'millet_FacesUCR'  (train_acc=1.0000 val_acc=1.0000 test_acc=0.9546 test_loss=0.3508)
[ 27/86] FacesUCR                     DONE  acc=0.9546 loss=0.3508 AOPCR=  0.050 NDCG=  n/a C= 14 T=  131 (62s)  [27 trained / 0 failed so far]
[ 28/86] FiftyWords
    stage 1/3: loading data ...
    stage 2/3: training on 365 series (val=85, C=50, T=270, batch=16) ...
    stage 3/3: scoring on 455 test series (accuracy + AOPCR) ...
    [mlflow] versioned model 'millet__mil_inceptiontime__mil_conjunctive' (id=m-daa1b589b8254716b67d9063c849dfcb) params={'model_size_mb': '4.1295', 'n_model_params': '428867', 'name': 'millet'}
    [mlflow] logged run 'millet_FiftyWords'  (train_acc=1.0000 val_acc=0.8353 test_acc=0.8066 test_loss=0.9189)
[ 28/86] FiftyWords                   DONE  acc=0.8066 loss=0.9189 AOPCR=  0.690 NDCG=  n/a C= 50 T=  270 (40s)  [28 trained / 0 failed so far]
[ 29/86] Fish
    stage 1/3: loading data ...
    stage 2/3: training on 142 series (val=33, C=7, T=463, batch=14) ...
    stage 3/3: scoring on 175 test series (accuracy + AOPCR) ...
    [mlflow] versioned model 'millet__mil_inceptiontime__mil_conjunctive' (id=m-8413f2bc190a4e89acbaa8e026679a1c) params={'model_size_mb': '4.1083', 'n_model_params': '423320', 'name': 'millet'}
    [mlflow] logged run 'millet_Fish'  (train_acc=1.0000 val_acc=0.9091 test_acc=0.9771 test_loss=0.3736)
[ 29/86] Fish                         DONE  acc=0.9771 loss=0.3736 AOPCR=  1.259 NDCG=  n/a C=  7 T=  463 (19s)  [29 trained / 0 failed so far]
[ 30/86] FordA
    stage 1/3: loading data ...
    stage 2/3: training on 2881 series (val=720, C=2, T=500, batch=16) ...
    stage 3/3: scoring on 1320 test series (accuracy + AOPCR) ...
    [mlflow] versioned model 'millet__mil_inceptiontime__mil_conjunctive' (id=m-347a86e53975498988c682102b340d11) params={'model_size_mb': '4.1059', 'n_model_params': '422675', 'name': 'millet'}
    [mlflow] logged run 'millet_FordA'  (train_acc=0.9785 val_acc=0.9583 test_acc=0.9606 test_loss=0.1556)
[ 30/86] FordA                        DONE  acc=0.9606 loss=0.1556 AOPCR=  0.133 NDCG=  n/a C=  2 T=  500 (129s)  [30 trained / 0 failed so far]
[ 31/86] FordB
    stage 1/3: loading data ...
    stage 2/3: training on 2909 series (val=727, C=2, T=500, batch=16) ...
    stage 3/3: scoring on 810 test series (accuracy + AOPCR) ...
    [mlflow] versioned model 'millet__mil_inceptiontime__mil_conjunctive' (id=m-221b9e2bac7349c680de8cc1cb37c548) params={'model_size_mb': '4.1059', 'n_model_params': '422675', 'name': 'millet'}
    [mlflow] logged run 'millet_FordB'  (train_acc=0.9825 val_acc=0.9505 test_acc=0.8457 test_loss=0.3684)
[ 31/86] FordB                        DONE  acc=0.8457 loss=0.3684 AOPCR=  0.355 NDCG=  n/a C=  2 T=  500 (128s)  [31 trained / 0 failed so far]
[ 32/86] GunPoint
    stage 1/3: loading data ...
    stage 2/3: training on 50 series (no val (train-loss early stop), C=2, T=150, batch=5) ...
    stage 3/3: scoring on 150 test series (accuracy + AOPCR) ...
    [mlflow] versioned model 'millet__mil_inceptiontime__mil_conjunctive' (id=m-3415bc2fc79540c396c8a5179fcc47c1) params={'model_size_mb': '4.1059', 'n_model_params': '422675', 'name': 'millet'}
    [mlflow] logged run 'millet_GunPoint'  (train_acc=1.0000 test_acc=0.9867 test_loss=0.0955)
[ 32/86] GunPoint                     DONE  acc=0.9867 loss=0.0955 AOPCR=  1.113 NDCG=  n/a C=  2 T=  150 (20s)  [32 trained / 0 failed so far]
[ 33/86] Ham
    stage 1/3: loading data ...
    stage 2/3: training on 88 series (val=21, C=2, T=431, batch=8) ...
    stage 3/3: scoring on 105 test series (accuracy + AOPCR) ...
    [mlflow] versioned model 'millet__mil_inceptiontime__mil_conjunctive' (id=m-c0e67add6f1d4834b2eb592423d79f53) params={'model_size_mb': '4.1059', 'n_model_params': '422675', 'name': 'millet'}
    [mlflow] logged run 'millet_Ham'  (train_acc=1.0000 val_acc=0.8095 test_acc=0.7333 test_loss=0.5579)
[ 33/86] Ham                          DONE  acc=0.7333 loss=0.5579 AOPCR=  0.493 NDCG=  n/a C=  2 T=  431 (16s)  [33 trained / 0 failed so far]
[ 34/86] HandOutlines
    stage 1/3: loading data ...
    stage 2/3: training on 801 series (val=199, C=2, T=2709, batch=16) ...
    stage 3/3: scoring on 370 test series (accuracy + AOPCR) ...
    [mlflow] versioned model 'millet__mil_inceptiontime__mil_conjunctive' (id=m-12ab3aacf341414a9dffb18059b3dc4a) params={'model_size_mb': '4.1059', 'n_model_params': '422675', 'name': 'millet'}
    [mlflow] logged run 'millet_HandOutlines'  (train_acc=0.9526 val_acc=0.9246 test_acc=0.9378 test_loss=0.2489)
[ 34/86] HandOutlines                 DONE  acc=0.9378 loss=0.2489 AOPCR=  1.645 NDCG=  n/a C=  2 T= 2709 (228s)  [34 trained / 0 failed so far]
[ 35/86] Haptics
    stage 1/3: loading data ...
    stage 2/3: training on 127 series (val=28, C=5, T=1092, batch=12) ...
    stage 3/3: scoring on 308 test series (accuracy + AOPCR) ...
    [mlflow] versioned model 'millet__mil_inceptiontime__mil_conjunctive' (id=m-400cb3be9583462cbb07fe15c48cc0bd) params={'model_size_mb': '4.1073', 'n_model_params': '423062', 'name': 'millet'}
    [mlflow] logged run 'millet_Haptics'  (train_acc=1.0000 val_acc=0.5714 test_acc=0.5260 test_loss=1.3620)
[ 35/86] Haptics                      DONE  acc=0.5260 loss=1.3620 AOPCR=  1.633 NDCG=  n/a C=  5 T= 1092 (21s)  [35 trained / 0 failed so far]
[ 36/86] Herring
    stage 1/3: loading data ...
    stage 2/3: training on 64 series (no val (train-loss early stop), C=2, T=512, batch=6) ...
    stage 3/3: scoring on 64 test series (accuracy + AOPCR) ...
    [mlflow] versioned model 'millet__mil_inceptiontime__mil_conjunctive' (id=m-616fe3fb58d24f3a96299f62e73b1199) params={'model_size_mb': '4.1059', 'n_model_params': '422675', 'name': 'millet'}
    [mlflow] logged run 'millet_Herring'  (train_acc=1.0000 test_acc=0.5625 test_loss=0.8796)
[ 36/86] Herring                      DONE  acc=0.5625 loss=0.8796 AOPCR=  2.097 NDCG=  n/a C=  2 T=  512 (32s)  [36 trained / 0 failed so far]
[ 37/86] InlineSkate
    stage 1/3: loading data ...
    stage 2/3: training on 84 series (val=16, C=7, T=1882, batch=8) ...
    stage 3/3: scoring on 550 test series (accuracy + AOPCR) ...
    [mlflow] versioned model 'millet__mil_inceptiontime__mil_conjunctive' (id=m-85232c30ee374418ae51568a4884d22e) params={'model_size_mb': '4.1083', 'n_model_params': '423320', 'name': 'millet'}
    [mlflow] logged run 'millet_InlineSkate'  (train_acc=0.9643 val_acc=0.5625 test_acc=0.4127 test_loss=1.6473)
[ 37/86] InlineSkate                  DONE  acc=0.4127 loss=1.6473 AOPCR=  1.425 NDCG=  n/a C=  7 T= 1882 (22s)  [37 trained / 0 failed so far]
[ 38/86] InsectWingbeatSound
    stage 1/3: loading data ...
    stage 2/3: training on 176 series (val=44, C=11, T=256, batch=16) ...
    stage 3/3: scoring on 1980 test series (accuracy + AOPCR) ...
    [mlflow] versioned model 'millet__mil_inceptiontime__mil_conjunctive' (id=m-3d7b4ec97f5648848e403bf082febbe4) params={'model_size_mb': '4.1103', 'n_model_params': '423836', 'name': 'millet'}
    [mlflow] logged run 'millet_InsectWingbeatSound'  (train_acc=0.8523 val_acc=0.6136 test_acc=0.5929 test_loss=1.1438)
[ 38/86] InsectWingbeatSound          DONE  acc=0.5929 loss=1.1438 AOPCR=  0.546 NDCG=  n/a C= 11 T=  256 (8s)  [38 trained / 0 failed so far]
[ 39/86] ItalyPowerDemand
    stage 1/3: loading data ...
    stage 2/3: training on 67 series (no val (train-loss early stop), C=2, T=24, batch=6) ...
    stage 3/3: scoring on 1029 test series (accuracy + AOPCR) ...
[ 39/86] ItalyPowerDemand             FAILED: RuntimeError: a Tensor with 16 elements cannot be converted to Scalar
[ 40/86] LargeKitchenAppliances
    stage 1/3: loading data ...
    stage 2/3: training on 300 series (val=75, C=3, T=720, batch=16) ...
    stage 3/3: scoring on 375 test series (accuracy + AOPCR) ...
    [mlflow] versioned model 'millet__mil_inceptiontime__mil_conjunctive' (id=m-1415288134ec47a4bcb81ef48f180050) params={'model_size_mb': '4.1064', 'n_model_params': '422804', 'name': 'millet'}
    [mlflow] logged run 'millet_LargeKitchenAppliances'  (train_acc=1.0000 val_acc=0.9467 test_acc=0.9040 test_loss=0.3430)
[ 40/86] LargeKitchenAppliances       DONE  acc=0.9040 loss=0.3430 AOPCR=  1.527 NDCG=  n/a C=  3 T=  720 (32s)  [39 trained / 1 failed so far]
[ 41/86] Lightning2
    stage 1/3: loading data ...
    stage 2/3: training on 60 series (no val (train-loss early stop), C=2, T=637, batch=6) ...
    stage 3/3: scoring on 61 test series (accuracy + AOPCR) ...
    [mlflow] versioned model 'millet__mil_inceptiontime__mil_conjunctive' (id=m-50422053d8374db4ab0fa085721ee362) params={'model_size_mb': '4.1059', 'n_model_params': '422675', 'name': 'millet'}
    [mlflow] logged run 'millet_Lightning2'  (train_acc=1.0000 test_acc=0.8033 test_loss=0.3671)
[ 41/86] Lightning2                   DONE  acc=0.8033 loss=0.3671 AOPCR=  1.007 NDCG=  n/a C=  2 T=  637 (27s)  [40 trained / 1 failed so far]
[ 42/86] Lightning7
    stage 1/3: loading data ...
    stage 2/3: training on 70 series (no val (train-loss early stop), C=7, T=319, batch=7) ...
    stage 3/3: scoring on 73 test series (accuracy + AOPCR) ...
    [mlflow] versioned model 'millet__mil_inceptiontime__mil_conjunctive' (id=m-f2a27fb53775419a9141aa4a5076d14c) params={'model_size_mb': '4.1083', 'n_model_params': '423320', 'name': 'millet'}
    [mlflow] logged run 'millet_Lightning7'  (train_acc=1.0000 test_acc=0.7945 test_loss=0.6221)
[ 42/86] Lightning7                   DONE  acc=0.7945 loss=0.6221 AOPCR=  1.195 NDCG=  n/a C=  7 T=  319 (21s)  [41 trained / 1 failed so far]
[ 43/86] Mallat
    stage 1/3: loading data ...
    stage 2/3: training on 55 series (no val (train-loss early stop), C=8, T=1024, batch=5) ...
    stage 3/3: scoring on 2345 test series (accuracy + AOPCR) ...
    [mlflow] versioned model 'millet__mil_inceptiontime__mil_conjunctive' (id=m-258be8dfef004d6e9de1e999c5ba6317) params={'model_size_mb': '4.1088', 'n_model_params': '423449', 'name': 'millet'}
    [mlflow] logged run 'millet_Mallat'  (train_acc=1.0000 test_acc=0.9672 test_loss=0.2988)
[ 43/86] Mallat                       DONE  acc=0.9672 loss=0.2988 AOPCR=  1.644 NDCG=  n/a C=  8 T= 1024 (30s)  [42 trained / 1 failed so far]
[ 44/86] Meat
    stage 1/3: loading data ...
    stage 2/3: training on 60 series (no val (train-loss early stop), C=3, T=448, batch=6) ...
    stage 3/3: scoring on 60 test series (accuracy + AOPCR) ...
    [mlflow] versioned model 'millet__mil_inceptiontime__mil_conjunctive' (id=m-09430cef5d4d4d52bbbff87fa1375966) params={'model_size_mb': '4.1064', 'n_model_params': '422804', 'name': 'millet'}
    [mlflow] logged run 'millet_Meat'  (train_acc=1.0000 test_acc=0.9667 test_loss=0.2351)
[ 44/86] Meat                         DONE  acc=0.9667 loss=0.2351 AOPCR=  2.516 NDCG=  n/a C=  3 T=  448 (18s)  [43 trained / 1 failed so far]
[ 45/86] MedicalImages
    stage 1/3: loading data ...
    stage 2/3: training on 307 series (val=74, C=10, T=99, batch=16) ...
    stage 3/3: scoring on 760 test series (accuracy + AOPCR) ...
    [mlflow] versioned model 'millet__mil_inceptiontime__mil_conjunctive' (id=m-df1e9e3a875f430aa412a3a7335a5e74) params={'model_size_mb': '4.1098', 'n_model_params': '423707', 'name': 'millet'}
    [mlflow] logged run 'millet_MedicalImages'  (train_acc=0.8599 val_acc=0.7432 test_acc=0.7263 test_loss=0.7286)
[ 45/86] MedicalImages                DONE  acc=0.7263 loss=0.7286 AOPCR=  0.922 NDCG=  n/a C= 10 T=   99 (27s)  [44 trained / 1 failed so far]
[ 46/86] MiddlePhalanxOutlineAgeGroup
    stage 1/3: loading data ...
    stage 2/3: training on 321 series (val=79, C=3, T=80, batch=16) ...
    stage 3/3: scoring on 154 test series (accuracy + AOPCR) ...
    [mlflow] versioned model 'millet__mil_inceptiontime__mil_conjunctive' (id=m-5ad5fe9ad0fc4ec8af2f33a4c3519f7d) params={'model_size_mb': '4.1064', 'n_model_params': '422804', 'name': 'millet'}
    [mlflow] logged run 'millet_MiddlePhalanxOutlineAgeGroup'  (train_acc=0.8287 val_acc=0.7848 test_acc=0.5844 test_loss=0.9243)
[ 46/86] MiddlePhalanxOutlineAgeGroup DONE  acc=0.5844 loss=0.9243 AOPCR=  1.254 NDCG=  n/a C=  3 T=   80 (28s)  [45 trained / 1 failed so far]
[ 47/86] MiddlePhalanxOutlineCorrect
    stage 1/3: loading data ...
    stage 2/3: training on 481 series (val=119, C=2, T=80, batch=16) ...
    stage 3/3: scoring on 291 test series (accuracy + AOPCR) ...
    [mlflow] versioned model 'millet__mil_inceptiontime__mil_conjunctive' (id=m-db1f9d58ac414b9f8e5733ca10f86be9) params={'model_size_mb': '4.1059', 'n_model_params': '422675', 'name': 'millet'}
    [mlflow] logged run 'millet_MiddlePhalanxOutlineCorrect'  (train_acc=0.9064 val_acc=0.8403 test_acc=0.8110 test_loss=0.3930)
[ 47/86] MiddlePhalanxOutlineCorrect  DONE  acc=0.8110 loss=0.3930 AOPCR= -0.739 NDCG=  n/a C=  2 T=   80 (29s)  [46 trained / 1 failed so far]
[ 48/86] MiddlePhalanxTW
    stage 1/3: loading data ...
    stage 2/3: training on 321 series (val=78, C=6, T=80, batch=16) ...
    stage 3/3: scoring on 154 test series (accuracy + AOPCR) ...
    [mlflow] versioned model 'millet__mil_inceptiontime__mil_conjunctive' (id=m-21cf1b04eb7446f887409a54edf3baeb) params={'model_size_mb': '4.1078', 'n_model_params': '423191', 'name': 'millet'}
    [mlflow] logged run 'millet_MiddlePhalanxTW'  (train_acc=0.6636 val_acc=0.6538 test_acc=0.5844 test_loss=1.0766)
[ 48/86] MiddlePhalanxTW              DONE  acc=0.5844 loss=1.0766 AOPCR=  0.586 NDCG=  n/a C=  6 T=   80 (19s)  [47 trained / 1 failed so far]
[ 49/86] MoteStrain
    stage 1/3: loading data ...
    stage 2/3: training on 20 series (no val (train-loss early stop), C=2, T=84, batch=2) ...
    stage 3/3: scoring on 1252 test series (accuracy + AOPCR) ...
    [mlflow] versioned model 'millet__mil_inceptiontime__mil_conjunctive' (id=m-8f1434d1cceb48a2b79c7d7b960f9939) params={'model_size_mb': '4.1059', 'n_model_params': '422675', 'name': 'millet'}
    [mlflow] logged run 'millet_MoteStrain'  (train_acc=1.0000 test_acc=0.9161 test_loss=0.2472)
[ 49/86] MoteStrain                   DONE  acc=0.9161 loss=0.2472 AOPCR=  0.497 NDCG=  n/a C=  2 T=   84 (16s)  [48 trained / 1 failed so far]
[ 50/86] NonInvasiveFetalECGThorax1
    stage 1/3: loading data ...
    stage 2/3: training on 1452 series (val=348, C=42, T=750, batch=16) ...
    stage 3/3: scoring on 1965 test series (accuracy + AOPCR) ...
    [mlflow] versioned model 'millet__mil_inceptiontime__mil_conjunctive' (id=m-ef0343c69a1a468b96d7ca9c88993dd0) params={'model_size_mb': '4.1255', 'n_model_params': '427835', 'name': 'millet'}
    [mlflow] logged run 'millet_NonInvasiveFetalECGThorax1'  (train_acc=0.9993 val_acc=0.9425 test_acc=0.9435 test_loss=0.3333)
[ 50/86] NonInvasiveFetalECGThorax1   DONE  acc=0.9435 loss=0.3333 AOPCR=  0.200 NDCG=  n/a C= 42 T=  750 (128s)  [49 trained / 1 failed so far]
[ 51/86] NonInvasiveFetalECGThorax2
    stage 1/3: loading data ...
    stage 2/3: training on 1452 series (val=348, C=42, T=750, batch=16) ...
    stage 3/3: scoring on 1965 test series (accuracy + AOPCR) ...
    [mlflow] versioned model 'millet__mil_inceptiontime__mil_conjunctive' (id=m-e9b633a1215e4d50b944a8616dee85c2) params={'model_size_mb': '4.1255', 'n_model_params': '427835', 'name': 'millet'}
    [mlflow] logged run 'millet_NonInvasiveFetalECGThorax2'  (train_acc=0.9972 val_acc=0.9511 test_acc=0.9440 test_loss=0.3071)
[ 51/86] NonInvasiveFetalECGThorax2   DONE  acc=0.9440 loss=0.3071 AOPCR=  0.546 NDCG=  n/a C= 42 T=  750 (131s)  [50 trained / 1 failed so far]
[ 52/86] OliveOil
    stage 1/3: loading data ...
    stage 2/3: training on 30 series (no val (train-loss early stop), C=4, T=570, batch=3) ...
    stage 3/3: scoring on 30 test series (accuracy + AOPCR) ...
    [mlflow] versioned model 'millet__mil_inceptiontime__mil_conjunctive' (id=m-ed6f7cc75b8945538ed0cbd6510ebb79) params={'model_size_mb': '4.1068', 'n_model_params': '422933', 'name': 'millet'}
    [mlflow] logged run 'millet_OliveOil'  (train_acc=0.4333 test_acc=0.4000 test_loss=1.2832)
[ 52/86] OliveOil                     DONE  acc=0.4000 loss=1.2832 AOPCR=  0.368 NDCG=  n/a C=  4 T=  570 (7s)  [51 trained / 1 failed so far]
[ 53/86] OSULeaf
    stage 1/3: loading data ...
    stage 2/3: training on 163 series (val=37, C=6, T=427, batch=16) ...
    stage 3/3: scoring on 242 test series (accuracy + AOPCR) ...
    [mlflow] versioned model 'millet__mil_inceptiontime__mil_conjunctive' (id=m-bfef1bcf428942e0bbb0b734f065f974) params={'model_size_mb': '4.1078', 'n_model_params': '423191', 'name': 'millet'}
    [mlflow] logged run 'millet_OSULeaf'  (train_acc=1.0000 val_acc=0.9730 test_acc=0.9545 test_loss=0.3066)
[ 53/86] OSULeaf                      DONE  acc=0.9545 loss=0.3066 AOPCR=  0.831 NDCG=  n/a C=  6 T=  427 (15s)  [52 trained / 1 failed so far]
[ 54/86] PhalangesOutlinesCorrect
    stage 1/3: loading data ...
    stage 2/3: training on 1441 series (val=359, C=2, T=80, batch=16) ...
    stage 3/3: scoring on 858 test series (accuracy + AOPCR) ...
    [mlflow] versioned model 'millet__mil_inceptiontime__mil_conjunctive' (id=m-8158ee5a8dfd460aa08a81c9300e7aad) params={'model_size_mb': '4.1059', 'n_model_params': '422675', 'name': 'millet'}
    [mlflow] logged run 'millet_PhalangesOutlinesCorrect'  (train_acc=0.9181 val_acc=0.8719 test_acc=0.8275 test_loss=0.4000)
[ 54/86] PhalangesOutlinesCorrect     DONE  acc=0.8275 loss=0.4000 AOPCR=  0.437 NDCG=  n/a C=  2 T=   80 (119s)  [53 trained / 1 failed so far]
[ 55/86] Phoneme
    stage 1/3: loading data ...
    stage 2/3: training on 171 series (val=43, C=39, T=1024, batch=16) ...
    stage 3/3: scoring on 1896 test series (accuracy + AOPCR) ...
    [mlflow] versioned model 'millet__mil_inceptiontime__mil_conjunctive' (id=m-51d10448c79c4207ba4bcada1a45ea91) params={'model_size_mb': '4.1241', 'n_model_params': '427448', 'name': 'millet'}
    [mlflow] logged run 'millet_Phoneme'  (train_acc=0.5322 val_acc=0.2326 test_acc=0.2706 test_loss=2.7386)
[ 55/86] Phoneme                      DONE  acc=0.2706 loss=2.7386 AOPCR=  0.599 NDCG=  n/a C= 39 T= 1024 (6s)  [54 trained / 1 failed so far]
[ 56/86] Plane
    stage 1/3: loading data ...
    stage 2/3: training on 87 series (val=18, C=7, T=144, batch=8) ...
    stage 3/3: scoring on 105 test series (accuracy + AOPCR) ...
    [mlflow] versioned model 'millet__mil_inceptiontime__mil_conjunctive' (id=m-2abc76f8f08642f38a4d7cae94467eb8) params={'model_size_mb': '4.1083', 'n_model_params': '423320', 'name': 'millet'}
    [mlflow] logged run 'millet_Plane'  (train_acc=1.0000 val_acc=1.0000 test_acc=1.0000 test_loss=0.1132)
[ 56/86] Plane                        DONE  acc=1.0000 loss=0.1132 AOPCR=  0.173 NDCG=  n/a C=  7 T=  144 (42s)  [55 trained / 1 failed so far]
[ 57/86] ProximalPhalanxOutlineAgeGroup
    stage 1/3: loading data ...
    stage 2/3: training on 322 series (val=78, C=3, T=80, batch=16) ...
    stage 3/3: scoring on 205 test series (accuracy + AOPCR) ...
    [mlflow] versioned model 'millet__mil_inceptiontime__mil_conjunctive' (id=m-4b1347f06fff4c2b8e0aaec9a52403a9) params={'model_size_mb': '4.1064', 'n_model_params': '422804', 'name': 'millet'}
    [mlflow] logged run 'millet_ProximalPhalanxOutlineAgeGroup'  (train_acc=0.8758 val_acc=0.8718 test_acc=0.8293 test_loss=0.4238)
[ 57/86] ProximalPhalanxOutlineAgeGroup DONE  acc=0.8293 loss=0.4238 AOPCR=  1.039 NDCG=  n/a C=  3 T=   80 (27s)  [56 trained / 1 failed so far]
[ 58/86] ProximalPhalanxOutlineCorrect
    stage 1/3: loading data ...
    stage 2/3: training on 481 series (val=119, C=2, T=80, batch=16) ...
    stage 3/3: scoring on 291 test series (accuracy + AOPCR) ...
    [mlflow] versioned model 'millet__mil_inceptiontime__mil_conjunctive' (id=m-edb8e5f776504919beac710adfba7339) params={'model_size_mb': '4.1059', 'n_model_params': '422675', 'name': 'millet'}
    [mlflow] logged run 'millet_ProximalPhalanxOutlineCorrect'  (train_acc=0.9002 val_acc=0.9244 test_acc=0.8797 test_loss=0.2963)
[ 58/86] ProximalPhalanxOutlineCorrect DONE  acc=0.8797 loss=0.2963 AOPCR=  1.074 NDCG=  n/a C=  2 T=   80 (33s)  [57 trained / 1 failed so far]
[ 59/86] ProximalPhalanxTW
    stage 1/3: loading data ...
    stage 2/3: training on 322 series (val=78, C=6, T=80, batch=16) ...
    stage 3/3: scoring on 205 test series (accuracy + AOPCR) ...
    [mlflow] versioned model 'millet__mil_inceptiontime__mil_conjunctive' (id=m-cd03e11544aa40a884355e3527b0a48e) params={'model_size_mb': '4.1078', 'n_model_params': '423191', 'name': 'millet'}
    [mlflow] logged run 'millet_ProximalPhalanxTW'  (train_acc=0.8634 val_acc=0.8333 test_acc=0.7951 test_loss=0.6099)
[ 59/86] ProximalPhalanxTW            DONE  acc=0.7951 loss=0.6099 AOPCR= -2.181 NDCG=  n/a C=  6 T=   80 (28s)  [58 trained / 1 failed so far]
[ 60/86] RefrigerationDevices
    stage 1/3: loading data ...
    stage 2/3: training on 300 series (val=75, C=3, T=720, batch=16) ...
    stage 3/3: scoring on 375 test series (accuracy + AOPCR) ...
    [mlflow] versioned model 'millet__mil_inceptiontime__mil_conjunctive' (id=m-57117396bb294a4b81878114cac0ddc6) params={'model_size_mb': '4.1064', 'n_model_params': '422804', 'name': 'millet'}
    [mlflow] logged run 'millet_RefrigerationDevices'  (train_acc=0.9967 val_acc=0.8933 test_acc=0.5253 test_loss=1.3098)
[ 60/86] RefrigerationDevices         DONE  acc=0.5253 loss=1.3098 AOPCR=  0.531 NDCG=  n/a C=  3 T=  720 (27s)  [59 trained / 1 failed so far]
[ 61/86] ScreenType
    stage 1/3: loading data ...
    stage 2/3: training on 300 series (val=75, C=3, T=720, batch=16) ...
    stage 3/3: scoring on 375 test series (accuracy + AOPCR) ...
    [mlflow] versioned model 'millet__mil_inceptiontime__mil_conjunctive' (id=m-25f5099e420f4e9d8236e0001a23e875) params={'model_size_mb': '4.1064', 'n_model_params': '422804', 'name': 'millet'}
    [mlflow] logged run 'millet_ScreenType'  (train_acc=1.0000 val_acc=0.6800 test_acc=0.5760 test_loss=1.0246)
[ 61/86] ScreenType                   DONE  acc=0.5760 loss=1.0246 AOPCR=  0.877 NDCG=  n/a C=  3 T=  720 (30s)  [60 trained / 1 failed so far]
[ 62/86] ShapeletSim
    stage 1/3: loading data ...
    stage 2/3: training on 20 series (no val (train-loss early stop), C=2, T=500, batch=2) ...
    stage 3/3: scoring on 180 test series (accuracy + AOPCR) ...
    [mlflow] versioned model 'millet__mil_inceptiontime__mil_conjunctive' (id=m-3a232c59b97c4170953540f509b443b7) params={'model_size_mb': '4.1059', 'n_model_params': '422675', 'name': 'millet'}
    [mlflow] logged run 'millet_ShapeletSim'  (train_acc=1.0000 test_acc=0.9944 test_loss=0.2219)
[ 62/86] ShapeletSim                  DONE  acc=0.9944 loss=0.2219 AOPCR=  0.528 NDCG=  n/a C=  2 T=  500 (10s)  [61 trained / 1 failed so far]
[ 63/86] ShapesAll
    stage 1/3: loading data ...
    stage 2/3: training on 480 series (val=120, C=60, T=512, batch=16) ...
    stage 3/3: scoring on 600 test series (accuracy + AOPCR) ...
    [mlflow] versioned model 'millet__mil_inceptiontime__mil_conjunctive' (id=m-b7d4084687314e9eb96d26a03f08e62b) params={'model_size_mb': '4.1344', 'n_model_params': '430157', 'name': 'millet'}
    [mlflow] logged run 'millet_ShapesAll'  (train_acc=1.0000 val_acc=0.9250 test_acc=0.9067 test_loss=0.6221)
[ 63/86] ShapesAll                    DONE  acc=0.9067 loss=0.6221 AOPCR=  1.538 NDCG=  n/a C= 60 T=  512 (53s)  [62 trained / 1 failed so far]
[ 64/86] SmallKitchenAppliances
    stage 1/3: loading data ...
    stage 2/3: training on 300 series (val=75, C=3, T=720, batch=16) ...
    stage 3/3: scoring on 375 test series (accuracy + AOPCR) ...
    [mlflow] versioned model 'millet__mil_inceptiontime__mil_conjunctive' (id=m-9b7ea3a4271d40c0870ed74d65c957b1) params={'model_size_mb': '4.1064', 'n_model_params': '422804', 'name': 'millet'}
    [mlflow] logged run 'millet_SmallKitchenAppliances'  (train_acc=0.9933 val_acc=0.8933 test_acc=0.7813 test_loss=0.6693)
[ 64/86] SmallKitchenAppliances       DONE  acc=0.7813 loss=0.6693 AOPCR=  0.877 NDCG=  n/a C=  3 T=  720 (29s)  [63 trained / 1 failed so far]
[ 65/86] SonyAIBORobotSurface1
    stage 1/3: loading data ...
    stage 2/3: training on 20 series (no val (train-loss early stop), C=2, T=70, batch=2) ...
    stage 3/3: scoring on 601 test series (accuracy + AOPCR) ...
    [mlflow] versioned model 'millet__mil_inceptiontime__mil_conjunctive' (id=m-05d392ba9e374e89b38ca6f2bb5e8d88) params={'model_size_mb': '4.1059', 'n_model_params': '422675', 'name': 'millet'}
    [mlflow] logged run 'millet_SonyAIBORobotSurface1'  (train_acc=1.0000 test_acc=0.9484 test_loss=0.2524)
[ 65/86] SonyAIBORobotSurface1        DONE  acc=0.9484 loss=0.2524 AOPCR=  0.213 NDCG=  n/a C=  2 T=   70 (10s)  [64 trained / 1 failed so far]
[ 66/86] SonyAIBORobotSurface2
    stage 1/3: loading data ...
    stage 2/3: training on 27 series (no val (train-loss early stop), C=2, T=65, batch=2) ...
    stage 3/3: scoring on 953 test series (accuracy + AOPCR) ...
    [mlflow] versioned model 'millet__mil_inceptiontime__mil_conjunctive' (id=m-75e73ed2e48442e99c0461fb1146fcd9) params={'model_size_mb': '4.1059', 'n_model_params': '422675', 'name': 'millet'}
    [mlflow] logged run 'millet_SonyAIBORobotSurface2'  (train_acc=1.0000 test_acc=0.8195 test_loss=0.4932)
[ 66/86] SonyAIBORobotSurface2        DONE  acc=0.8195 loss=0.4932 AOPCR=  0.090 NDCG=  n/a C=  2 T=   65 (24s)  [65 trained / 1 failed so far]
[ 67/86] StarLightCurves
    stage 1/3: loading data ...
    stage 2/3: training on 801 series (val=199, C=3, T=1024, batch=16) ...
    stage 3/3: scoring on 8236 test series (accuracy + AOPCR) ...
    [mlflow] versioned model 'millet__mil_inceptiontime__mil_conjunctive' (id=m-4d99c75c2c6e4558b5c5f7ac2f161141) params={'model_size_mb': '4.1064', 'n_model_params': '422804', 'name': 'millet'}
    [mlflow] logged run 'millet_StarLightCurves'  (train_acc=0.9975 val_acc=0.9648 test_acc=0.9760 test_loss=0.1565)
[ 67/86] StarLightCurves              DONE  acc=0.9760 loss=0.1565 AOPCR=  0.782 NDCG=  n/a C=  3 T= 1024 (78s)  [66 trained / 1 failed so far]
[ 68/86] Strawberry
    stage 1/3: loading data ...
    stage 2/3: training on 492 series (val=121, C=2, T=235, batch=16) ...
    stage 3/3: scoring on 370 test series (accuracy + AOPCR) ...
    [mlflow] versioned model 'millet__mil_inceptiontime__mil_conjunctive' (id=m-e2499b157a1a4c5c9f03495330a6e497) params={'model_size_mb': '4.1059', 'n_model_params': '422675', 'name': 'millet'}
    [mlflow] logged run 'millet_Strawberry'  (train_acc=0.9817 val_acc=1.0000 test_acc=0.9568 test_loss=0.1562)
[ 68/86] Strawberry                   DONE  acc=0.9568 loss=0.1562 AOPCR=  0.064 NDCG=  n/a C=  2 T=  235 (110s)  [67 trained / 1 failed so far]
[ 69/86] SwedishLeaf
    stage 1/3: loading data ...
    stage 2/3: training on 405 series (val=95, C=15, T=128, batch=16) ...
    stage 3/3: scoring on 625 test series (accuracy + AOPCR) ...
    [mlflow] versioned model 'millet__mil_inceptiontime__mil_conjunctive' (id=m-e4fddf72fe2d452b929453e646038f7f) params={'model_size_mb': '4.1122', 'n_model_params': '424352', 'name': 'millet'}
    [mlflow] logged run 'millet_SwedishLeaf'  (train_acc=1.0000 val_acc=0.9789 test_acc=0.9696 test_loss=0.2576)
[ 69/86] SwedishLeaf                  DONE  acc=0.9696 loss=0.2576 AOPCR=  0.640 NDCG=  n/a C= 15 T=  128 (120s)  [68 trained / 1 failed so far]
[ 70/86] Symbols
    stage 1/3: loading data ...
    stage 2/3: training on 25 series (no val (train-loss early stop), C=6, T=398, batch=2) ...
    stage 3/3: scoring on 995 test series (accuracy + AOPCR) ...
    [mlflow] versioned model 'millet__mil_inceptiontime__mil_conjunctive' (id=m-bbac6bbb5dd749df9d31769ffa547e25) params={'model_size_mb': '4.1078', 'n_model_params': '423191', 'name': 'millet'}
    [mlflow] logged run 'millet_Symbols'  (train_acc=1.0000 test_acc=0.9447 test_loss=0.3463)
[ 70/86] Symbols                      DONE  acc=0.9447 loss=0.3463 AOPCR=  1.257 NDCG=  n/a C=  6 T=  398 (25s)  [69 trained / 1 failed so far]
[ 71/86] SyntheticControl
    stage 1/3: loading data ...
    stage 2/3: training on 240 series (val=60, C=6, T=60, batch=16) ...
    stage 3/3: scoring on 300 test series (accuracy + AOPCR) ...
    [mlflow] versioned model 'millet__mil_inceptiontime__mil_conjunctive' (id=m-e0d99037620f41d591dbb7a84bf01bdd) params={'model_size_mb': '4.1078', 'n_model_params': '423191', 'name': 'millet'}
    [mlflow] logged run 'millet_SyntheticControl'  (train_acc=1.0000 val_acc=1.0000 test_acc=1.0000 test_loss=0.1352)
[ 71/86] SyntheticControl             DONE  acc=1.0000 loss=0.1352 AOPCR=  0.629 NDCG=  n/a C=  6 T=   60 (26s)  [70 trained / 1 failed so far]
[ 72/86] ToeSegmentation1
    stage 1/3: loading data ...
    stage 2/3: training on 40 series (no val (train-loss early stop), C=2, T=277, batch=4) ...
    stage 3/3: scoring on 228 test series (accuracy + AOPCR) ...
    [mlflow] versioned model 'millet__mil_inceptiontime__mil_conjunctive' (id=m-bca0078d71df4188b2ca201de0c33dc3) params={'model_size_mb': '4.1059', 'n_model_params': '422675', 'name': 'millet'}
    [mlflow] logged run 'millet_ToeSegmentation1'  (train_acc=1.0000 test_acc=0.9518 test_loss=0.1917)
[ 72/86] ToeSegmentation1             DONE  acc=0.9518 loss=0.1917 AOPCR=  0.287 NDCG=  n/a C=  2 T=  277 (11s)  [71 trained / 1 failed so far]
[ 73/86] ToeSegmentation2
    stage 1/3: loading data ...
    stage 2/3: training on 36 series (no val (train-loss early stop), C=2, T=343, batch=3) ...
    stage 3/3: scoring on 130 test series (accuracy + AOPCR) ...
    [mlflow] versioned model 'millet__mil_inceptiontime__mil_conjunctive' (id=m-c13e9b0560a64de2a8762913acf536b6) params={'model_size_mb': '4.1059', 'n_model_params': '422675', 'name': 'millet'}
    [mlflow] logged run 'millet_ToeSegmentation2'  (train_acc=1.0000 test_acc=0.8769 test_loss=0.2812)
[ 73/86] ToeSegmentation2             DONE  acc=0.8769 loss=0.2812 AOPCR=  0.661 NDCG=  n/a C=  2 T=  343 (22s)  [72 trained / 1 failed so far]
[ 74/86] Trace
    stage 1/3: loading data ...
    stage 2/3: training on 81 series (val=19, C=4, T=275, batch=8) ...
    stage 3/3: scoring on 100 test series (accuracy + AOPCR) ...
    [mlflow] versioned model 'millet__mil_inceptiontime__mil_conjunctive' (id=m-eb079f16198742a686071835a93c6ae3) params={'model_size_mb': '4.1068', 'n_model_params': '422933', 'name': 'millet'}
    [mlflow] logged run 'millet_Trace'  (train_acc=1.0000 val_acc=1.0000 test_acc=1.0000 test_loss=0.1106)
[ 74/86] Trace                        DONE  acc=1.0000 loss=0.1106 AOPCR=  2.009 NDCG=  n/a C=  4 T=  275 (13s)  [73 trained / 1 failed so far]
[ 75/86] TwoLeadECG
    stage 1/3: loading data ...
    stage 2/3: training on 23 series (no val (train-loss early stop), C=2, T=82, batch=2) ...
    stage 3/3: scoring on 1139 test series (accuracy + AOPCR) ...
    [mlflow] versioned model 'millet__mil_inceptiontime__mil_conjunctive' (id=m-f63d56e194d24023b6d9809fabe4ede4) params={'model_size_mb': '4.1059', 'n_model_params': '422675', 'name': 'millet'}
    [mlflow] logged run 'millet_TwoLeadECG'  (train_acc=1.0000 test_acc=0.9991 test_loss=0.0703)
[ 75/86] TwoLeadECG                   DONE  acc=0.9991 loss=0.0703 AOPCR= -0.127 NDCG=  n/a C=  2 T=   82 (15s)  [74 trained / 1 failed so far]
[ 76/86] TwoPatterns
    stage 1/3: loading data ...
    stage 2/3: training on 801 series (val=199, C=4, T=128, batch=16) ...
    stage 3/3: scoring on 4000 test series (accuracy + AOPCR) ...
    [mlflow] versioned model 'millet__mil_inceptiontime__mil_conjunctive' (id=m-f5e40dbcaeae469cb4841efee0d42eb9) params={'model_size_mb': '4.1068', 'n_model_params': '422933', 'name': 'millet'}
    [mlflow] logged run 'millet_TwoPatterns'  (train_acc=1.0000 val_acc=1.0000 test_acc=1.0000 test_loss=0.1087)
[ 76/86] TwoPatterns                  DONE  acc=1.0000 loss=0.1087 AOPCR=  1.471 NDCG=  n/a C=  4 T=  128 (252s)  [75 trained / 1 failed so far]
[ 77/86] UWaveGestureLibraryAll
    stage 1/3: loading data ...
    stage 2/3: training on 719 series (val=177, C=8, T=945, batch=16) ...
    stage 3/3: scoring on 3582 test series (accuracy + AOPCR) ...
    [mlflow] versioned model 'millet__mil_inceptiontime__mil_conjunctive' (id=m-501c0c05f26045a9826fde96f625d484) params={'model_size_mb': '4.1088', 'n_model_params': '423449', 'name': 'millet'}
    [mlflow] logged run 'millet_UWaveGestureLibraryAll'  (train_acc=1.0000 val_acc=0.9435 test_acc=0.9475 test_loss=0.3680)
[ 77/86] UWaveGestureLibraryAll       DONE  acc=0.9475 loss=0.3680 AOPCR=  1.259 NDCG=  n/a C=  8 T=  945 (134s)  [76 trained / 1 failed so far]
[ 78/86] UWaveGestureLibraryX
    stage 1/3: loading data ...
    stage 2/3: training on 719 series (val=177, C=8, T=315, batch=16) ...
    stage 3/3: scoring on 3582 test series (accuracy + AOPCR) ...
    [mlflow] versioned model 'millet__mil_inceptiontime__mil_conjunctive' (id=m-1e809293e8a8451ab32bf665a69895b1) params={'model_size_mb': '4.1088', 'n_model_params': '423449', 'name': 'millet'}
    [mlflow] logged run 'millet_UWaveGestureLibraryX'  (train_acc=0.8665 val_acc=0.8192 test_acc=0.7781 test_loss=0.6801)
[ 78/86] UWaveGestureLibraryX         DONE  acc=0.7781 loss=0.6801 AOPCR=  0.921 NDCG=  n/a C=  8 T=  315 (27s)  [77 trained / 1 failed so far]
[ 79/86] UWaveGestureLibraryY
    stage 1/3: loading data ...
    stage 2/3: training on 719 series (val=177, C=8, T=315, batch=16) ...
    stage 3/3: scoring on 3582 test series (accuracy + AOPCR) ...
    [mlflow] versioned model 'millet__mil_inceptiontime__mil_conjunctive' (id=m-a8faa2b7b6bf48d48e218ccc7fe2270c) params={'model_size_mb': '4.1088', 'n_model_params': '423449', 'name': 'millet'}
    [mlflow] logged run 'millet_UWaveGestureLibraryY'  (train_acc=1.0000 val_acc=0.7627 test_acc=0.7406 test_loss=0.8668)
[ 79/86] UWaveGestureLibraryY         DONE  acc=0.7406 loss=0.8668 AOPCR=  0.990 NDCG=  n/a C=  8 T=  315 (84s)  [78 trained / 1 failed so far]
[ 80/86] UWaveGestureLibraryZ
    stage 1/3: loading data ...
    stage 2/3: training on 719 series (val=177, C=8, T=315, batch=16) ...
    stage 3/3: scoring on 3582 test series (accuracy + AOPCR) ...
    [mlflow] versioned model 'millet__mil_inceptiontime__mil_conjunctive' (id=m-6cb7b0aea8c94eaf9e1cf3360dc1d421) params={'model_size_mb': '4.1088', 'n_model_params': '423449', 'name': 'millet'}
    [mlflow] logged run 'millet_UWaveGestureLibraryZ'  (train_acc=0.9110 val_acc=0.7627 test_acc=0.7356 test_loss=0.8122)
[ 80/86] UWaveGestureLibraryZ         DONE  acc=0.7356 loss=0.8122 AOPCR=  0.895 NDCG=  n/a C=  8 T=  315 (31s)  [79 trained / 1 failed so far]
[ 81/86] Wafer
    stage 1/3: loading data ...
    stage 2/3: training on 801 series (val=199, C=2, T=152, batch=16) ...
    stage 3/3: scoring on 6164 test series (accuracy + AOPCR) ...
    [mlflow] versioned model 'millet__mil_inceptiontime__mil_conjunctive' (id=m-61dc95f2ecba4257922e2f71bddbc149) params={'model_size_mb': '4.1059', 'n_model_params': '422675', 'name': 'millet'}
    [mlflow] logged run 'millet_Wafer'  (train_acc=1.0000 val_acc=1.0000 test_acc=0.9963 test_loss=0.0732)
[ 81/86] Wafer                        DONE  acc=0.9963 loss=0.0732 AOPCR= -0.133 NDCG=  n/a C=  2 T=  152 (274s)  [80 trained / 1 failed so far]
[ 82/86] Wine
    stage 1/3: loading data ...
    stage 2/3: training on 57 series (no val (train-loss early stop), C=2, T=234, batch=5) ...
    stage 3/3: scoring on 54 test series (accuracy + AOPCR) ...
    [mlflow] versioned model 'millet__mil_inceptiontime__mil_conjunctive' (id=m-d6982a2ec390463283f28c807a1ec2a8) params={'model_size_mb': '4.1059', 'n_model_params': '422675', 'name': 'millet'}
    [mlflow] logged run 'millet_Wine'  (train_acc=0.5263 test_acc=0.5000 test_loss=0.6940)
[ 82/86] Wine                         DONE  acc=0.5000 loss=0.6940 AOPCR=  0.003 NDCG=  n/a C=  2 T=  234 (11s)  [81 trained / 1 failed so far]
[ 83/86] WordSynonyms
    stage 1/3: loading data ...
    stage 2/3: training on 217 series (val=50, C=25, T=270, batch=16) ...
    stage 3/3: scoring on 638 test series (accuracy + AOPCR) ...
    [mlflow] versioned model 'millet__mil_inceptiontime__mil_conjunctive' (id=m-0e857111bf6c45cd9610ad50519b57f4) params={'model_size_mb': '4.1172', 'n_model_params': '425642', 'name': 'millet'}
    [mlflow] logged run 'millet_WordSynonyms'  (train_acc=1.0000 val_acc=0.7800 test_acc=0.7179 test_loss=1.1549)
[ 83/86] WordSynonyms                 DONE  acc=0.7179 loss=1.1549 AOPCR=  0.687 NDCG=  n/a C= 25 T=  270 (24s)  [82 trained / 1 failed so far]
[ 84/86] Worms
    stage 1/3: loading data ...
    stage 2/3: training on 146 series (val=35, C=5, T=900, batch=14) ...
    stage 3/3: scoring on 77 test series (accuracy + AOPCR) ...
    [mlflow] versioned model 'millet__mil_inceptiontime__mil_conjunctive' (id=m-69fd5f870eee49b3b01d1cd8abf83d1f) params={'model_size_mb': '4.1073', 'n_model_params': '423062', 'name': 'millet'}
    [mlflow] logged run 'millet_Worms'  (train_acc=0.9658 val_acc=0.8000 test_acc=0.7792 test_loss=0.7239)
[ 84/86] Worms                        DONE  acc=0.7792 loss=0.7239 AOPCR=  0.455 NDCG=  n/a C=  5 T=  900 (10s)  [83 trained / 1 failed so far]
[ 85/86] WormsTwoClass
    stage 1/3: loading data ...
    stage 2/3: training on 145 series (val=36, C=2, T=900, batch=14) ...
    stage 3/3: scoring on 77 test series (accuracy + AOPCR) ...
    [mlflow] versioned model 'millet__mil_inceptiontime__mil_conjunctive' (id=m-79020e5aebed451e95e976369b7b18da) params={'model_size_mb': '4.1059', 'n_model_params': '422675', 'name': 'millet'}
    [mlflow] logged run 'millet_WormsTwoClass'  (train_acc=1.0000 val_acc=0.6944 test_acc=0.7273 test_loss=0.5137)
[ 85/86] WormsTwoClass                DONE  acc=0.7273 loss=0.5137 AOPCR=  0.947 NDCG=  n/a C=  2 T=  900 (14s)  [84 trained / 1 failed so far]
[ 86/86] Yoga
    stage 1/3: loading data ...
    stage 2/3: training on 241 series (val=59, C=2, T=426, batch=16) ...
    stage 3/3: scoring on 3000 test series (accuracy + AOPCR) ...
    [mlflow] versioned model 'millet__mil_inceptiontime__mil_conjunctive' (id=m-794cb1ad7bed44378cb0c9905a95ad7e) params={'model_size_mb': '4.1059', 'n_model_params': '422675', 'name': 'millet'}
    [mlflow] logged run 'millet_Yoga'  (train_acc=1.0000 val_acc=0.8983 test_acc=0.8227 test_loss=0.3995)
[ 86/86] Yoga                         DONE  acc=0.8227 loss=0.3995 AOPCR=  0.906 NDCG=  n/a C=  2 T=  426 (31s)  [85 trained / 1 failed so far]

Done: 85 trained, 0 skipped, 1 failed.
Results -> results/SEA_NET/millet__mil_inceptiontime__mil_conjunctive/results.csv

=== millet__mil_inceptiontime__mil_conjunctive vs MILLET ConjunctiveInceptionTime (mean of 5 reps) ===
  UCR datasets evaluated: 124  (with MILLET baseline: 84, without: 40)
  metric        ours    MILLET   win/tie/loss   (mean over the 84 datasets MILLET published)
  acc         0.8274    0.8433       13/25/46   
  loss        0.5297    1.2321        56/2/26   (lower is better)
  aopcr       0.8119    4.5579         3/0/81   
  wrote results/SEA_NET/millet__mil_inceptiontime__mil_conjunctive/comparison_vs_millet.csv

Next: `python main.py report` to draw the figures for millet__mil_inceptiontime__mil_conjunctive.

[log] finished; full output saved to results/SEA_NET/millet__mil_inceptiontime__mil_conjunctive/logs/train_2026-08-04_15-46-42.log
