[log] command 'train' started at 2026-07-28_15-45-07 for model 'millet__mil_inceptiontime__mil_conjunctive'
[log] a copy of everything below is being saved to: results/SEA_NET/millet__mil_inceptiontime__mil_conjunctive/logs/train_2026-07-28_15-45-07.log

=== train: model=millet__mil_inceptiontime__mil_conjunctive (config sv1/millet) device=cuda mode=full datasets=129 ===
[params] using DEFAULT recipe (no Optuna record yet - run 'python main.py optuna --model sv1/millet').
  results  -> results/SEA_NET/millet__mil_inceptiontime__mil_conjunctive/results.csv
  resume   -> results/SEA_NET/millet__mil_inceptiontime__mil_conjunctive/done_train_dataset.txt  (delete it to retrain everything; delete one line to retrain that dataset)

  [mlflow] logging runs to experiment 'SEA-Net_millet__mil_inceptiontime__mil_conjunctive_2026-07-28' at sqlite:///mlflow.db
  [mlflow] browse later with:  mlflow ui --backend-store-uri sqlite:///mlflow.db
[  1/129] WebTraffic                   already done -> skip
[  2/129] Adiac
    stage 1/3: loading data ...
    stage 2/3: training on 328 series (val=62, C=37, T=176, batch=16) ...
    stage 3/3: scoring on 391 test series (accuracy + AOPCR) ...
    [mlflow] versioned model 'millet__mil_inceptiontime__mil_conjunctive' (id=m-c00438395fce449893b1de6c4649d939) params={'model_size_mb': '4.1231', 'n_model_params': '427190', 'name': 'millet'}
    [mlflow] logged run 'millet_Adiac'  (train_acc=0.9878 val_acc=0.8387 test_acc=0.8133 test_loss=0.6255)
[  2/129] Adiac                        DONE  acc=0.8133 loss=0.6255 AOPCR=  2.676 NDCG=  n/a C= 37 T=  176 (529s)  [1 trained / 0 failed so far]
[  3/129] ArrowHead
    stage 1/3: loading data ...
    stage 2/3: training on 36 series (no val (train-loss early stop), C=3, T=251, batch=3) ...
    stage 3/3: scoring on 175 test series (accuracy + AOPCR) ...
    [mlflow] versioned model 'millet__mil_inceptiontime__mil_conjunctive' (id=m-af7bc895f19848f094efb627d89bb80e) params={'model_size_mb': '4.1064', 'n_model_params': '422804', 'name': 'millet'}
    [mlflow] logged run 'millet_ArrowHead'  (train_acc=1.0000 test_acc=0.8400 test_loss=0.4372)
[  3/129] ArrowHead                    DONE  acc=0.8400 loss=0.4372 AOPCR=  0.556 NDCG=  n/a C=  3 T=  251 (27s)  [2 trained / 0 failed so far]
[  4/129] Beef
    stage 1/3: loading data ...
    stage 2/3: training on 30 series (no val (train-loss early stop), C=5, T=470, batch=3) ...
    stage 3/3: scoring on 30 test series (accuracy + AOPCR) ...
    [mlflow] versioned model 'millet__mil_inceptiontime__mil_conjunctive' (id=m-d6c0b5705b6d48d38da57fc8b2c178d0) params={'model_size_mb': '4.1073', 'n_model_params': '423062', 'name': 'millet'}
    [mlflow] logged run 'millet_Beef'  (train_acc=1.0000 test_acc=0.7333 test_loss=0.6641)
[  4/129] Beef                         DONE  acc=0.7333 loss=0.6641 AOPCR=  1.274 NDCG=  n/a C=  5 T=  470 (44s)  [3 trained / 0 failed so far]
[  5/129] BeetleFly
    stage 1/3: loading data ...
    stage 2/3: training on 20 series (no val (train-loss early stop), C=2, T=512, batch=2) ...
    stage 3/3: scoring on 20 test series (accuracy + AOPCR) ...
    [mlflow] versioned model 'millet__mil_inceptiontime__mil_conjunctive' (id=m-f8755ba493944828aa2750a2dc8436c7) params={'model_size_mb': '4.1059', 'n_model_params': '422675', 'name': 'millet'}
    [mlflow] logged run 'millet_BeetleFly'  (train_acc=1.0000 test_acc=0.8000 test_loss=0.3232)
[  5/129] BeetleFly                    DONE  acc=0.8000 loss=0.3232 AOPCR=  0.097 NDCG=  n/a C=  2 T=  512 (15s)  [4 trained / 0 failed so far]
[  6/129] BirdChicken
    stage 1/3: loading data ...
    stage 2/3: training on 20 series (no val (train-loss early stop), C=2, T=512, batch=2) ...
    stage 3/3: scoring on 20 test series (accuracy + AOPCR) ...
    [mlflow] versioned model 'millet__mil_inceptiontime__mil_conjunctive' (id=m-3b3de0a7be5c478cb75f4f86e8258d28) params={'model_size_mb': '4.1059', 'n_model_params': '422675', 'name': 'millet'}
    [mlflow] logged run 'millet_BirdChicken'  (train_acc=1.0000 test_acc=0.9500 test_loss=0.2190)
[  6/129] BirdChicken                  DONE  acc=0.9500 loss=0.2190 AOPCR=  0.858 NDCG=  n/a C=  2 T=  512 (21s)  [5 trained / 0 failed so far]
[  7/129] Car
    stage 1/3: loading data ...
    stage 2/3: training on 60 series (no val (train-loss early stop), C=4, T=577, batch=6) ...
    stage 3/3: scoring on 60 test series (accuracy + AOPCR) ...
    [mlflow] versioned model 'millet__mil_inceptiontime__mil_conjunctive' (id=m-0d5a88d1c281429682efeed5208599f3) params={'model_size_mb': '4.1068', 'n_model_params': '422933', 'name': 'millet'}
    [mlflow] logged run 'millet_Car'  (train_acc=1.0000 test_acc=0.8833 test_loss=0.3824)
[  7/129] Car                          DONE  acc=0.8833 loss=0.3824 AOPCR=  1.329 NDCG=  n/a C=  4 T=  577 (38s)  [6 trained / 0 failed so far]
[  8/129] CBF
    stage 1/3: loading data ...
    stage 2/3: training on 30 series (no val (train-loss early stop), C=3, T=128, batch=3) ...
    stage 3/3: scoring on 900 test series (accuracy + AOPCR) ...
    [mlflow] versioned model 'millet__mil_inceptiontime__mil_conjunctive' (id=m-85e6af0e4da14d538ba162ec1e5ace92) params={'model_size_mb': '4.1064', 'n_model_params': '422804', 'name': 'millet'}
    [mlflow] logged run 'millet_CBF'  (train_acc=1.0000 test_acc=1.0000 test_loss=0.1233)
[  8/129] CBF                          DONE  acc=1.0000 loss=0.1233 AOPCR=  0.827 NDCG=  n/a C=  3 T=  128 (19s)  [7 trained / 0 failed so far]
[  9/129] ChlorineConcentration
    stage 1/3: loading data ...
    stage 2/3: training on 375 series (val=92, C=3, T=166, batch=16) ...
    stage 3/3: scoring on 3840 test series (accuracy + AOPCR) ...
    [mlflow] versioned model 'millet__mil_inceptiontime__mil_conjunctive' (id=m-4404c397d72947d38412a22d97b0d68c) params={'model_size_mb': '4.1064', 'n_model_params': '422804', 'name': 'millet'}
    [mlflow] logged run 'millet_ChlorineConcentration'  (train_acc=0.9973 val_acc=0.7717 test_acc=0.7901 test_loss=0.5488)
[  9/129] ChlorineConcentration        DONE  acc=0.7901 loss=0.5488 AOPCR=  0.227 NDCG=  n/a C=  3 T=  166 (725s)  [8 trained / 0 failed so far]
[ 10/129] CinCECGTorso
    stage 1/3: loading data ...
    stage 2/3: training on 40 series (no val (train-loss early stop), C=4, T=1639, batch=4) ...
    stage 3/3: scoring on 1380 test series (accuracy + AOPCR) ...
    [mlflow] versioned model 'millet__mil_inceptiontime__mil_conjunctive' (id=m-7df66e6419024d5294f26e0af9369ff6) params={'model_size_mb': '4.1068', 'n_model_params': '422933', 'name': 'millet'}
    [mlflow] logged run 'millet_CinCECGTorso'  (train_acc=1.0000 test_acc=0.8783 test_loss=0.4401)
[ 10/129] CinCECGTorso                 DONE  acc=0.8783 loss=0.4401 AOPCR=  1.499 NDCG=  n/a C=  4 T= 1639 (50s)  [9 trained / 0 failed so far]
[ 11/129] Coffee
    stage 1/3: loading data ...
    stage 2/3: training on 28 series (no val (train-loss early stop), C=2, T=286, batch=2) ...
    stage 3/3: scoring on 28 test series (accuracy + AOPCR) ...
    [mlflow] versioned model 'millet__mil_inceptiontime__mil_conjunctive' (id=m-ed9062543fac461cb91add89c8b6f01b) params={'model_size_mb': '4.1059', 'n_model_params': '422675', 'name': 'millet'}
    [mlflow] logged run 'millet_Coffee'  (train_acc=1.0000 test_acc=1.0000 test_loss=0.0805)
[ 11/129] Coffee                       DONE  acc=1.0000 loss=0.0805 AOPCR=  0.669 NDCG=  n/a C=  2 T=  286 (26s)  [10 trained / 0 failed so far]
[ 12/129] Computers
    stage 1/3: loading data ...
    stage 2/3: training on 200 series (val=50, C=2, T=720, batch=16) ...
    stage 3/3: scoring on 250 test series (accuracy + AOPCR) ...
    [mlflow] versioned model 'millet__mil_inceptiontime__mil_conjunctive' (id=m-fe04b9412ca14b22980355383b5401c1) params={'model_size_mb': '4.1059', 'n_model_params': '422675', 'name': 'millet'}
    [mlflow] logged run 'millet_Computers'  (train_acc=0.9200 val_acc=0.7800 test_acc=0.7040 test_loss=0.5980)
[ 12/129] Computers                    DONE  acc=0.7040 loss=0.5980 AOPCR=  0.464 NDCG=  n/a C=  2 T=  720 (24s)  [11 trained / 0 failed so far]
[ 13/129] CricketX
    stage 1/3: loading data ...
    stage 2/3: training on 317 series (val=73, C=12, T=300, batch=16) ...
    stage 3/3: scoring on 390 test series (accuracy + AOPCR) ...
    [mlflow] versioned model 'millet__mil_inceptiontime__mil_conjunctive' (id=m-a1cd8e4d03574802883ec18afd0e2f5e) params={'model_size_mb': '4.1108', 'n_model_params': '423965', 'name': 'millet'}
    [mlflow] logged run 'millet_CricketX'  (train_acc=1.0000 val_acc=0.8493 test_acc=0.8026 test_loss=0.7639)
[ 13/129] CricketX                     DONE  acc=0.8026 loss=0.7639 AOPCR=  1.264 NDCG=  n/a C= 12 T=  300 (76s)  [12 trained / 0 failed so far]
[ 14/129] CricketY
    stage 1/3: loading data ...
    stage 2/3: training on 317 series (val=73, C=12, T=300, batch=16) ...
    stage 3/3: scoring on 390 test series (accuracy + AOPCR) ...
    [mlflow] versioned model 'millet__mil_inceptiontime__mil_conjunctive' (id=m-eff68baa71d747f08412183bcf74ee75) params={'model_size_mb': '4.1108', 'n_model_params': '423965', 'name': 'millet'}
    [mlflow] logged run 'millet_CricketY'  (train_acc=1.0000 val_acc=0.8767 test_acc=0.8231 test_loss=0.7296)
[ 14/129] CricketY                     DONE  acc=0.8231 loss=0.7296 AOPCR=  1.031 NDCG=  n/a C= 12 T=  300 (75s)  [13 trained / 0 failed so far]
[ 15/129] CricketZ
    stage 1/3: loading data ...
    stage 2/3: training on 316 series (val=74, C=12, T=300, batch=16) ...
    stage 3/3: scoring on 390 test series (accuracy + AOPCR) ...
    [mlflow] versioned model 'millet__mil_inceptiontime__mil_conjunctive' (id=m-80afcad26d4645de9b586baba96bd751) params={'model_size_mb': '4.1108', 'n_model_params': '423965', 'name': 'millet'}
    [mlflow] logged run 'millet_CricketZ'  (train_acc=1.0000 val_acc=0.8919 test_acc=0.8333 test_loss=0.6924)
[ 15/129] CricketZ                     DONE  acc=0.8333 loss=0.6924 AOPCR=  1.025 NDCG=  n/a C= 12 T=  300 (61s)  [14 trained / 0 failed so far]
[ 16/129] DiatomSizeReduction
    stage 1/3: loading data ...
    stage 2/3: training on 16 series (no val (train-loss early stop), C=4, T=345, batch=2) ...
    stage 3/3: scoring on 306 test series (accuracy + AOPCR) ...
    [mlflow] versioned model 'millet__mil_inceptiontime__mil_conjunctive' (id=m-e7a6b53fe779413e95a21355deb748ef) params={'model_size_mb': '4.1068', 'n_model_params': '422933', 'name': 'millet'}
    [mlflow] logged run 'millet_DiatomSizeReduction'  (train_acc=1.0000 test_acc=0.8954 test_loss=0.3245)
[ 16/129] DiatomSizeReduction          DONE  acc=0.8954 loss=0.3245 AOPCR= -2.293 NDCG=  n/a C=  4 T=  345 (25s)  [15 trained / 0 failed so far]
[ 17/129] DistalPhalanxOutlineAgeGroup
    stage 1/3: loading data ...
    stage 2/3: training on 321 series (val=79, C=3, T=80, batch=16) ...
    stage 3/3: scoring on 139 test series (accuracy + AOPCR) ...
    [mlflow] versioned model 'millet__mil_inceptiontime__mil_conjunctive' (id=m-36d590e43abc4daaa1e2dcd1b659c5ad) params={'model_size_mb': '4.1064', 'n_model_params': '422804', 'name': 'millet'}
    [mlflow] logged run 'millet_DistalPhalanxOutlineAgeGroup'  (train_acc=0.8972 val_acc=0.8101 test_acc=0.7338 test_loss=0.5811)
[ 17/129] DistalPhalanxOutlineAgeGroup DONE  acc=0.7338 loss=0.5811 AOPCR=  0.556 NDCG=  n/a C=  3 T=   80 (67s)  [16 trained / 0 failed so far]
[ 18/129] DistalPhalanxOutlineCorrect
    stage 1/3: loading data ...
    stage 2/3: training on 481 series (val=119, C=2, T=80, batch=16) ...
    stage 3/3: scoring on 276 test series (accuracy + AOPCR) ...
    [mlflow] versioned model 'millet__mil_inceptiontime__mil_conjunctive' (id=m-9474ad08d88448ef879b6d1f695acdc8) params={'model_size_mb': '4.1059', 'n_model_params': '422675', 'name': 'millet'}
    [mlflow] logged run 'millet_DistalPhalanxOutlineCorrect'  (train_acc=0.9127 val_acc=0.8739 test_acc=0.7645 test_loss=0.4709)
[ 18/129] DistalPhalanxOutlineCorrect  DONE  acc=0.7645 loss=0.4709 AOPCR=  0.118 NDCG=  n/a C=  2 T=   80 (95s)  [17 trained / 0 failed so far]
[ 19/129] DistalPhalanxTW
    stage 1/3: loading data ...
    stage 2/3: training on 323 series (val=77, C=6, T=80, batch=16) ...
    stage 3/3: scoring on 139 test series (accuracy + AOPCR) ...
    [mlflow] versioned model 'millet__mil_inceptiontime__mil_conjunctive' (id=m-4dd5a75872464011860a10f9b15bf815) params={'model_size_mb': '4.1078', 'n_model_params': '423191', 'name': 'millet'}
    [mlflow] logged run 'millet_DistalPhalanxTW'  (train_acc=0.8421 val_acc=0.8052 test_acc=0.7122 test_loss=0.7677)
[ 19/129] DistalPhalanxTW              DONE  acc=0.7122 loss=0.7677 AOPCR=  0.855 NDCG=  n/a C=  6 T=   80 (75s)  [18 trained / 0 failed so far]
[ 20/129] Earthquakes
    stage 1/3: loading data ...
    stage 2/3: training on 259 series (val=63, C=2, T=512, batch=16) ...
    stage 3/3: scoring on 139 test series (accuracy + AOPCR) ...
    [mlflow] versioned model 'millet__mil_inceptiontime__mil_conjunctive' (id=m-1645a046c0a64ff4b52237af17606080) params={'model_size_mb': '4.1059', 'n_model_params': '422675', 'name': 'millet'}
    [mlflow] logged run 'millet_Earthquakes'  (train_acc=0.8263 val_acc=0.8571 test_acc=0.7482 test_loss=0.5256)
[ 20/129] Earthquakes                  DONE  acc=0.7482 loss=0.5256 AOPCR=  0.894 NDCG=  n/a C=  2 T=  512 (22s)  [19 trained / 0 failed so far]
[ 21/129] ECG200
    stage 1/3: loading data ...
    stage 2/3: training on 81 series (val=19, C=2, T=96, batch=8) ...
    stage 3/3: scoring on 100 test series (accuracy + AOPCR) ...
    [mlflow] versioned model 'millet__mil_inceptiontime__mil_conjunctive' (id=m-40268649f1794098a1195621d0736491) params={'model_size_mb': '4.1059', 'n_model_params': '422675', 'name': 'millet'}
    [mlflow] logged run 'millet_ECG200'  (train_acc=0.9012 val_acc=0.7895 test_acc=0.8200 test_loss=0.4146)
[ 21/129] ECG200                       DONE  acc=0.8200 loss=0.4146 AOPCR=  0.609 NDCG=  n/a C=  2 T=   96 (8s)  [20 trained / 0 failed so far]
[ 22/129] ECG5000
    stage 1/3: loading data ...
    stage 2/3: training on 401 series (val=99, C=5, T=140, batch=16) ...
    stage 3/3: scoring on 4500 test series (accuracy + AOPCR) ...
    [mlflow] versioned model 'millet__mil_inceptiontime__mil_conjunctive' (id=m-de4de8e4a6974fdfb0227bcd3f5a2c75) params={'model_size_mb': '4.1073', 'n_model_params': '423062', 'name': 'millet'}
    [mlflow] logged run 'millet_ECG5000'  (train_acc=0.9850 val_acc=0.9596 test_acc=0.9431 test_loss=0.2911)
[ 22/129] ECG5000                      DONE  acc=0.9431 loss=0.2911 AOPCR=  1.468 NDCG=  n/a C=  5 T=  140 (425s)  [21 trained / 0 failed so far]
[ 23/129] ECGFiveDays
    stage 1/3: loading data ...
    stage 2/3: training on 23 series (no val (train-loss early stop), C=2, T=136, batch=2) ...
    stage 3/3: scoring on 861 test series (accuracy + AOPCR) ...
    [mlflow] versioned model 'millet__mil_inceptiontime__mil_conjunctive' (id=m-05f926be640d4ee08bb209848d05b6f7) params={'model_size_mb': '4.1059', 'n_model_params': '422675', 'name': 'millet'}
    [mlflow] logged run 'millet_ECGFiveDays'  (train_acc=1.0000 test_acc=1.0000 test_loss=0.0699)
[ 23/129] ECGFiveDays                  DONE  acc=1.0000 loss=0.0699 AOPCR=  0.324 NDCG=  n/a C=  2 T=  136 (14s)  [22 trained / 0 failed so far]
[ 24/129] ElectricDevices
    stage 1/3: loading data ...
    stage 2/3: training on 7144 series (val=1782, C=7, T=96, batch=16) ...
    stage 3/3: scoring on 7711 test series (accuracy + AOPCR) ...
    [mlflow] versioned model 'millet__mil_inceptiontime__mil_conjunctive' (id=m-0e2ba32286634525bbdbfc21e23570e4) params={'model_size_mb': '4.1083', 'n_model_params': '423320', 'name': 'millet'}
    [mlflow] logged run 'millet_ElectricDevices'  (train_acc=0.9681 val_acc=0.9141 test_acc=0.7164 test_loss=0.9605)
[ 24/129] ElectricDevices              DONE  acc=0.7164 loss=0.9605 AOPCR=  0.823 NDCG=  n/a C=  7 T=   96 (3887s)  [23 trained / 0 failed so far]
[ 25/129] FaceAll
    stage 1/3: loading data ...
    stage 2/3: training on 448 series (val=112, C=14, T=131, batch=16) ...
    stage 3/3: scoring on 1690 test series (accuracy + AOPCR) ...
    [mlflow] versioned model 'millet__mil_inceptiontime__mil_conjunctive' (id=m-78d6a7ce077142d3933f431ebf3267f6) params={'model_size_mb': '4.1117', 'n_model_params': '424223', 'name': 'millet'}
    [mlflow] logged run 'millet_FaceAll'  (train_acc=1.0000 val_acc=0.9821 test_acc=0.9414 test_loss=0.3368)
[ 25/129] FaceAll                      DONE  acc=0.9414 loss=0.3368 AOPCR=  0.173 NDCG=  n/a C= 14 T=  131 (56s)  [24 trained / 0 failed so far]
[ 26/129] FaceFour
    stage 1/3: loading data ...
    stage 2/3: training on 24 series (no val (train-loss early stop), C=4, T=350, batch=2) ...
    stage 3/3: scoring on 88 test series (accuracy + AOPCR) ...
    [mlflow] versioned model 'millet__mil_inceptiontime__mil_conjunctive' (id=m-0fa30c23b8cb4123a66cee179adf814d) params={'model_size_mb': '4.1068', 'n_model_params': '422933', 'name': 'millet'}
    [mlflow] logged run 'millet_FaceFour'  (train_acc=1.0000 test_acc=0.9432 test_loss=0.3817)
[ 26/129] FaceFour                     DONE  acc=0.9432 loss=0.3817 AOPCR=  0.386 NDCG=  n/a C=  4 T=  350 (22s)  [25 trained / 0 failed so far]
[ 27/129] FacesUCR
    stage 1/3: loading data ...
    stage 2/3: training on 165 series (val=35, C=14, T=131, batch=16) ...
    stage 3/3: scoring on 2050 test series (accuracy + AOPCR) ...
    [mlflow] versioned model 'millet__mil_inceptiontime__mil_conjunctive' (id=m-4b615bb523f64490ae3b413b4c8893d9) params={'model_size_mb': '4.1117', 'n_model_params': '424223', 'name': 'millet'}
    [mlflow] logged run 'millet_FacesUCR'  (train_acc=1.0000 val_acc=1.0000 test_acc=0.9556 test_loss=0.3460)
[ 27/129] FacesUCR                     DONE  acc=0.9556 loss=0.3460 AOPCR=  0.054 NDCG=  n/a C= 14 T=  131 (39s)  [26 trained / 0 failed so far]
[ 28/129] FiftyWords
    stage 1/3: loading data ...
    stage 2/3: training on 365 series (val=85, C=50, T=270, batch=16) ...
    stage 3/3: scoring on 455 test series (accuracy + AOPCR) ...
    [mlflow] versioned model 'millet__mil_inceptiontime__mil_conjunctive' (id=m-75a25c1b70f44b1e8c51ab1891ee90c5) params={'model_size_mb': '4.1295', 'n_model_params': '428867', 'name': 'millet'}
    [mlflow] logged run 'millet_FiftyWords'  (train_acc=1.0000 val_acc=0.7882 test_acc=0.8110 test_loss=0.9039)
[ 28/129] FiftyWords                   DONE  acc=0.8110 loss=0.9039 AOPCR=  1.029 NDCG=  n/a C= 50 T=  270 (46s)  [27 trained / 0 failed so far]
[ 29/129] Fish
    stage 1/3: loading data ...
    stage 2/3: training on 142 series (val=33, C=7, T=463, batch=14) ...
    stage 3/3: scoring on 175 test series (accuracy + AOPCR) ...
    [mlflow] versioned model 'millet__mil_inceptiontime__mil_conjunctive' (id=m-d1b407f278c94076ae4785c97c0a09ec) params={'model_size_mb': '4.1083', 'n_model_params': '423320', 'name': 'millet'}
    [mlflow] logged run 'millet_Fish'  (train_acc=1.0000 val_acc=1.0000 test_acc=0.9714 test_loss=0.2385)
[ 29/129] Fish                         DONE  acc=0.9714 loss=0.2385 AOPCR=  1.487 NDCG=  n/a C=  7 T=  463 (66s)  [28 trained / 0 failed so far]
[ 30/129] FordA
    stage 1/3: loading data ...
    stage 2/3: training on 2881 series (val=720, C=2, T=500, batch=16) ...
    stage 3/3: scoring on 1320 test series (accuracy + AOPCR) ...
    [mlflow] versioned model 'millet__mil_inceptiontime__mil_conjunctive' (id=m-ae783d663d83476c9e1eb368477712b6) params={'model_size_mb': '4.1059', 'n_model_params': '422675', 'name': 'millet'}
    [mlflow] logged run 'millet_FordA'  (train_acc=0.9868 val_acc=0.9583 test_acc=0.9538 test_loss=0.1559)
[ 30/129] FordA                        DONE  acc=0.9538 loss=0.1559 AOPCR=  0.545 NDCG=  n/a C=  2 T=  500 (400s)  [29 trained / 0 failed so far]
[ 31/129] FordB
    stage 1/3: loading data ...
    stage 2/3: training on 2909 series (val=727, C=2, T=500, batch=16) ...
    stage 3/3: scoring on 810 test series (accuracy + AOPCR) ...
    [mlflow] versioned model 'millet__mil_inceptiontime__mil_conjunctive' (id=m-d9c988ba23734c25b343e8d258e64ab2) params={'model_size_mb': '4.1059', 'n_model_params': '422675', 'name': 'millet'}
    [mlflow] logged run 'millet_FordB'  (train_acc=0.9845 val_acc=0.9505 test_acc=0.8296 test_loss=0.3760)
[ 31/129] FordB                        DONE  acc=0.8296 loss=0.3760 AOPCR=  0.350 NDCG=  n/a C=  2 T=  500 (364s)  [30 trained / 0 failed so far]
[ 32/129] GunPoint
    stage 1/3: loading data ...
    stage 2/3: training on 50 series (no val (train-loss early stop), C=2, T=150, batch=5) ...
    stage 3/3: scoring on 150 test series (accuracy + AOPCR) ...
    [mlflow] versioned model 'millet__mil_inceptiontime__mil_conjunctive' (id=m-dd06361713e0477a8f876fbb1ec35f06) params={'model_size_mb': '4.1059', 'n_model_params': '422675', 'name': 'millet'}
    [mlflow] logged run 'millet_GunPoint'  (train_acc=1.0000 test_acc=0.9800 test_loss=0.1043)
[ 32/129] GunPoint                     DONE  acc=0.9800 loss=0.1043 AOPCR=  0.561 NDCG=  n/a C=  2 T=  150 (23s)  [31 trained / 0 failed so far]
[ 33/129] Ham
    stage 1/3: loading data ...
    stage 2/3: training on 88 series (val=21, C=2, T=431, batch=8) ...
    stage 3/3: scoring on 105 test series (accuracy + AOPCR) ...
    [mlflow] versioned model 'millet__mil_inceptiontime__mil_conjunctive' (id=m-155bf049e97c416d9e5d9c7921fd664d) params={'model_size_mb': '4.1059', 'n_model_params': '422675', 'name': 'millet'}
    [mlflow] logged run 'millet_Ham'  (train_acc=1.0000 val_acc=0.9524 test_acc=0.7429 test_loss=0.5477)
[ 33/129] Ham                          DONE  acc=0.7429 loss=0.5477 AOPCR=  1.236 NDCG=  n/a C=  2 T=  431 (20s)  [32 trained / 0 failed so far]
[ 34/129] HandOutlines
    stage 1/3: loading data ...
    stage 2/3: training on 801 series (val=199, C=2, T=2709, batch=16) ...
    stage 3/3: scoring on 370 test series (accuracy + AOPCR) ...
    [mlflow] versioned model 'millet__mil_inceptiontime__mil_conjunctive' (id=m-472c3843d55b4a699253d3b73693547d) params={'model_size_mb': '4.1059', 'n_model_params': '422675', 'name': 'millet'}
    [mlflow] logged run 'millet_HandOutlines'  (train_acc=0.9713 val_acc=0.8945 test_acc=0.9324 test_loss=0.2417)
[ 34/129] HandOutlines                 DONE  acc=0.9324 loss=0.2417 AOPCR=  1.214 NDCG=  n/a C=  2 T= 2709 (823s)  [33 trained / 0 failed so far]
[ 35/129] Haptics
    stage 1/3: loading data ...
    stage 2/3: training on 127 series (val=28, C=5, T=1092, batch=12) ...
    stage 3/3: scoring on 308 test series (accuracy + AOPCR) ...
    [mlflow] versioned model 'millet__mil_inceptiontime__mil_conjunctive' (id=m-bfe707df19ab4d8bbbc46aae19f185da) params={'model_size_mb': '4.1073', 'n_model_params': '423062', 'name': 'millet'}
    [mlflow] logged run 'millet_Haptics'  (train_acc=0.9449 val_acc=0.5000 test_acc=0.5130 test_loss=1.3191)
[ 35/129] Haptics                      DONE  acc=0.5130 loss=1.3191 AOPCR=  1.280 NDCG=  n/a C=  5 T= 1092 (21s)  [34 trained / 0 failed so far]
[ 36/129] Herring
    stage 1/3: loading data ...
    stage 2/3: training on 64 series (no val (train-loss early stop), C=2, T=512, batch=6) ...
    stage 3/3: scoring on 64 test series (accuracy + AOPCR) ...
    [mlflow] versioned model 'millet__mil_inceptiontime__mil_conjunctive' (id=m-5a815ad316764456b438f080df45c228) params={'model_size_mb': '4.1059', 'n_model_params': '422675', 'name': 'millet'}
    [mlflow] logged run 'millet_Herring'  (train_acc=1.0000 test_acc=0.5312 test_loss=1.0236)
[ 36/129] Herring                      DONE  acc=0.5312 loss=1.0236 AOPCR=  4.048 NDCG=  n/a C=  2 T=  512 (34s)  [35 trained / 0 failed so far]
[ 37/129] InlineSkate
    stage 1/3: loading data ...
    stage 2/3: training on 84 series (val=16, C=7, T=1882, batch=8) ...
    stage 3/3: scoring on 550 test series (accuracy + AOPCR) ...
    [mlflow] versioned model 'millet__mil_inceptiontime__mil_conjunctive' (id=m-31d631ca390c48e5a3bd9ad3202e81ae) params={'model_size_mb': '4.1083', 'n_model_params': '423320', 'name': 'millet'}
    [mlflow] logged run 'millet_InlineSkate'  (train_acc=1.0000 val_acc=0.5000 test_acc=0.4055 test_loss=1.6532)
[ 37/129] InlineSkate                  DONE  acc=0.4055 loss=1.6532 AOPCR=  2.237 NDCG=  n/a C=  7 T= 1882 (59s)  [36 trained / 0 failed so far]
[ 38/129] InsectWingbeatSound
    stage 1/3: loading data ...
    stage 2/3: training on 176 series (val=44, C=11, T=256, batch=16) ...
    stage 3/3: scoring on 1980 test series (accuracy + AOPCR) ...
    [mlflow] versioned model 'millet__mil_inceptiontime__mil_conjunctive' (id=m-506ea72443734e0da497c7b7e48fef45) params={'model_size_mb': '4.1103', 'n_model_params': '423836', 'name': 'millet'}
    [mlflow] logged run 'millet_InsectWingbeatSound'  (train_acc=0.7159 val_acc=0.5682 test_acc=0.5869 test_loss=1.1275)
[ 38/129] InsectWingbeatSound          DONE  acc=0.5869 loss=1.1275 AOPCR=  0.642 NDCG=  n/a C= 11 T=  256 (11s)  [37 trained / 0 failed so far]
[ 39/129] ItalyPowerDemand
    stage 1/3: loading data ...
    stage 2/3: training on 67 series (no val (train-loss early stop), C=2, T=24, batch=6) ...
    stage 3/3: scoring on 1029 test series (accuracy + AOPCR) ...
[ 39/129] ItalyPowerDemand             FAILED: RuntimeError: a Tensor with 16 elements cannot be converted to Scalar
[ 40/129] LargeKitchenAppliances
    stage 1/3: loading data ...
    stage 2/3: training on 300 series (val=75, C=3, T=720, batch=16) ...
    stage 3/3: scoring on 375 test series (accuracy + AOPCR) ...
    [mlflow] versioned model 'millet__mil_inceptiontime__mil_conjunctive' (id=m-5b067c8624774c62940ef5b9c27226ff) params={'model_size_mb': '4.1064', 'n_model_params': '422804', 'name': 'millet'}
    [mlflow] logged run 'millet_LargeKitchenAppliances'  (train_acc=1.0000 val_acc=0.9733 test_acc=0.9013 test_loss=0.3392)
[ 40/129] LargeKitchenAppliances       DONE  acc=0.9013 loss=0.3392 AOPCR=  1.615 NDCG=  n/a C=  3 T=  720 (51s)  [38 trained / 1 failed so far]
[ 41/129] Lightning2
    stage 1/3: loading data ...
    stage 2/3: training on 60 series (no val (train-loss early stop), C=2, T=637, batch=6) ...
    stage 3/3: scoring on 61 test series (accuracy + AOPCR) ...
    [mlflow] versioned model 'millet__mil_inceptiontime__mil_conjunctive' (id=m-f2d40620b5f6451fa17b705788e815e9) params={'model_size_mb': '4.1059', 'n_model_params': '422675', 'name': 'millet'}
    [mlflow] logged run 'millet_Lightning2'  (train_acc=1.0000 test_acc=0.7869 test_loss=0.4054)
[ 41/129] Lightning2                   DONE  acc=0.7869 loss=0.4054 AOPCR=  0.889 NDCG=  n/a C=  2 T=  637 (23s)  [39 trained / 1 failed so far]
[ 42/129] Lightning7
    stage 1/3: loading data ...
    stage 2/3: training on 70 series (no val (train-loss early stop), C=7, T=319, batch=7) ...
    stage 3/3: scoring on 73 test series (accuracy + AOPCR) ...
    [mlflow] versioned model 'millet__mil_inceptiontime__mil_conjunctive' (id=m-56672d5983cd404090b7ebee8bb3cfca) params={'model_size_mb': '4.1083', 'n_model_params': '423320', 'name': 'millet'}
    [mlflow] logged run 'millet_Lightning7'  (train_acc=1.0000 test_acc=0.8219 test_loss=0.6267)
[ 42/129] Lightning7                   DONE  acc=0.8219 loss=0.6267 AOPCR=  1.325 NDCG=  n/a C=  7 T=  319 (34s)  [40 trained / 1 failed so far]
[ 43/129] Mallat
    stage 1/3: loading data ...
    stage 2/3: training on 55 series (no val (train-loss early stop), C=8, T=1024, batch=5) ...
    stage 3/3: scoring on 2345 test series (accuracy + AOPCR) ...
    [mlflow] versioned model 'millet__mil_inceptiontime__mil_conjunctive' (id=m-f8a2d39a70d347be842c26922199a7a9) params={'model_size_mb': '4.1088', 'n_model_params': '423449', 'name': 'millet'}
    [mlflow] logged run 'millet_Mallat'  (train_acc=1.0000 test_acc=0.9522 test_loss=0.3546)
[ 43/129] Mallat                       DONE  acc=0.9522 loss=0.3546 AOPCR=  1.674 NDCG=  n/a C=  8 T= 1024 (39s)  [41 trained / 1 failed so far]
[ 44/129] Meat
    stage 1/3: loading data ...
    stage 2/3: training on 60 series (no val (train-loss early stop), C=3, T=448, batch=6) ...
    stage 3/3: scoring on 60 test series (accuracy + AOPCR) ...
    [mlflow] versioned model 'millet__mil_inceptiontime__mil_conjunctive' (id=m-1a999e5709064d9d9f7cb8efe03d1767) params={'model_size_mb': '4.1064', 'n_model_params': '422804', 'name': 'millet'}
    [mlflow] logged run 'millet_Meat'  (train_acc=1.0000 test_acc=1.0000 test_loss=0.2309)
[ 44/129] Meat                         DONE  acc=1.0000 loss=0.2309 AOPCR=  1.275 NDCG=  n/a C=  3 T=  448 (25s)  [42 trained / 1 failed so far]
[ 45/129] MedicalImages
    stage 1/3: loading data ...
    stage 2/3: training on 307 series (val=74, C=10, T=99, batch=16) ...
    stage 3/3: scoring on 760 test series (accuracy + AOPCR) ...
    [mlflow] versioned model 'millet__mil_inceptiontime__mil_conjunctive' (id=m-b041a9c85f614745aaaa613c9a55439d) params={'model_size_mb': '4.1098', 'n_model_params': '423707', 'name': 'millet'}
    [mlflow] logged run 'millet_MedicalImages'  (train_acc=0.9414 val_acc=0.7703 test_acc=0.7566 test_loss=0.7506)
[ 45/129] MedicalImages                DONE  acc=0.7566 loss=0.7506 AOPCR=  1.137 NDCG=  n/a C= 10 T=   99 (21s)  [43 trained / 1 failed so far]
[ 46/129] MiddlePhalanxOutlineAgeGroup
    stage 1/3: loading data ...
    stage 2/3: training on 321 series (val=79, C=3, T=80, batch=16) ...
    stage 3/3: scoring on 154 test series (accuracy + AOPCR) ...
    [mlflow] versioned model 'millet__mil_inceptiontime__mil_conjunctive' (id=m-78b8cd3569404839b2345e43836ea2e6) params={'model_size_mb': '4.1064', 'n_model_params': '422804', 'name': 'millet'}
    [mlflow] logged run 'millet_MiddlePhalanxOutlineAgeGroup'  (train_acc=0.8131 val_acc=0.7975 test_acc=0.5909 test_loss=0.9381)
[ 46/129] MiddlePhalanxOutlineAgeGroup DONE  acc=0.5909 loss=0.9381 AOPCR=  0.701 NDCG=  n/a C=  3 T=   80 (80s)  [44 trained / 1 failed so far]
[ 47/129] MiddlePhalanxOutlineCorrect
    stage 1/3: loading data ...
    stage 2/3: training on 481 series (val=119, C=2, T=80, batch=16) ...
    stage 3/3: scoring on 291 test series (accuracy + AOPCR) ...
    [mlflow] versioned model 'millet__mil_inceptiontime__mil_conjunctive' (id=m-48279cfb41124c3c9c3f0a6a8a2be3a5) params={'model_size_mb': '4.1059', 'n_model_params': '422675', 'name': 'millet'}
    [mlflow] logged run 'millet_MiddlePhalanxOutlineCorrect'  (train_acc=0.8565 val_acc=0.8655 test_acc=0.7663 test_loss=0.4999)
[ 47/129] MiddlePhalanxOutlineCorrect  DONE  acc=0.7663 loss=0.4999 AOPCR=  0.362 NDCG=  n/a C=  2 T=   80 (89s)  [45 trained / 1 failed so far]
[ 48/129] MiddlePhalanxTW
    stage 1/3: loading data ...
    stage 2/3: training on 321 series (val=78, C=6, T=80, batch=16) ...
    stage 3/3: scoring on 154 test series (accuracy + AOPCR) ...
    [mlflow] versioned model 'millet__mil_inceptiontime__mil_conjunctive' (id=m-5366ff2b001948fbba88ce5d91e2feba) params={'model_size_mb': '4.1078', 'n_model_params': '423191', 'name': 'millet'}
    [mlflow] logged run 'millet_MiddlePhalanxTW'  (train_acc=0.6636 val_acc=0.6282 test_acc=0.5909 test_loss=1.0901)
[ 48/129] MiddlePhalanxTW              DONE  acc=0.5909 loss=1.0901 AOPCR=  0.541 NDCG=  n/a C=  6 T=   80 (59s)  [46 trained / 1 failed so far]
[ 49/129] MoteStrain
    stage 1/3: loading data ...
    stage 2/3: training on 20 series (no val (train-loss early stop), C=2, T=84, batch=2) ...
    stage 3/3: scoring on 1252 test series (accuracy + AOPCR) ...
    [mlflow] versioned model 'millet__mil_inceptiontime__mil_conjunctive' (id=m-35325870eee544c2be2e531b543749cb) params={'model_size_mb': '4.1059', 'n_model_params': '422675', 'name': 'millet'}
    [mlflow] logged run 'millet_MoteStrain'  (train_acc=1.0000 test_acc=0.8914 test_loss=0.2708)
[ 49/129] MoteStrain                   DONE  acc=0.8914 loss=0.2708 AOPCR=  0.573 NDCG=  n/a C=  2 T=   84 (20s)  [47 trained / 1 failed so far]
[ 50/129] NonInvasiveFetalECGThorax1
    stage 1/3: loading data ...
    stage 2/3: training on 1452 series (val=348, C=42, T=750, batch=16) ...
    stage 3/3: scoring on 1965 test series (accuracy + AOPCR) ...
    [mlflow] versioned model 'millet__mil_inceptiontime__mil_conjunctive' (id=m-d9fffb8a0b584a5f853c3168523552b9) params={'model_size_mb': '4.1255', 'n_model_params': '427835', 'name': 'millet'}
    [mlflow] logged run 'millet_NonInvasiveFetalECGThorax1'  (train_acc=1.0000 val_acc=0.9368 test_acc=0.9445 test_loss=0.3517)
[ 50/129] NonInvasiveFetalECGThorax1   DONE  acc=0.9445 loss=0.3517 AOPCR=  0.261 NDCG=  n/a C= 42 T=  750 (420s)  [48 trained / 1 failed so far]
[ 51/129] NonInvasiveFetalECGThorax2
    stage 1/3: loading data ...
    stage 2/3: training on 1452 series (val=348, C=42, T=750, batch=16) ...
    stage 3/3: scoring on 1965 test series (accuracy + AOPCR) ...
    [mlflow] versioned model 'millet__mil_inceptiontime__mil_conjunctive' (id=m-7b7b75e4e6204e2dae3265718f8f35d5) params={'model_size_mb': '4.1255', 'n_model_params': '427835', 'name': 'millet'}
    [mlflow] logged run 'millet_NonInvasiveFetalECGThorax2'  (train_acc=0.9979 val_acc=0.9454 test_acc=0.9349 test_loss=0.3618)
[ 51/129] NonInvasiveFetalECGThorax2   DONE  acc=0.9349 loss=0.3618 AOPCR=  0.412 NDCG=  n/a C= 42 T=  750 (493s)  [49 trained / 1 failed so far]
[ 52/129] OliveOil
    stage 1/3: loading data ...
    stage 2/3: training on 30 series (no val (train-loss early stop), C=4, T=570, batch=3) ...
    stage 3/3: scoring on 30 test series (accuracy + AOPCR) ...
    [mlflow] versioned model 'millet__mil_inceptiontime__mil_conjunctive' (id=m-84c4f57300f344d3bef0251e95d9aadc) params={'model_size_mb': '4.1068', 'n_model_params': '422933', 'name': 'millet'}
    [mlflow] logged run 'millet_OliveOil'  (train_acc=0.4333 test_acc=0.4000 test_loss=1.2729)
[ 52/129] OliveOil                     DONE  acc=0.4000 loss=1.2729 AOPCR=  0.778 NDCG=  n/a C=  4 T=  570 (12s)  [50 trained / 1 failed so far]
[ 53/129] OSULeaf
    stage 1/3: loading data ...
    stage 2/3: training on 163 series (val=37, C=6, T=427, batch=16) ...
    stage 3/3: scoring on 242 test series (accuracy + AOPCR) ...
    [mlflow] versioned model 'millet__mil_inceptiontime__mil_conjunctive' (id=m-98ce1f09c64c42648d97a26cd21ca4a8) params={'model_size_mb': '4.1078', 'n_model_params': '423191', 'name': 'millet'}
    [mlflow] logged run 'millet_OSULeaf'  (train_acc=1.0000 val_acc=1.0000 test_acc=0.9628 test_loss=0.2841)
[ 53/129] OSULeaf                      DONE  acc=0.9628 loss=0.2841 AOPCR=  0.714 NDCG=  n/a C=  6 T=  427 (31s)  [51 trained / 1 failed so far]
[ 54/129] PhalangesOutlinesCorrect
    stage 1/3: loading data ...
    stage 2/3: training on 1441 series (val=359, C=2, T=80, batch=16) ...
    stage 3/3: scoring on 858 test series (accuracy + AOPCR) ...
    [mlflow] versioned model 'millet__mil_inceptiontime__mil_conjunctive' (id=m-768f7a8caa0d48c1b457213b70682ab7) params={'model_size_mb': '4.1059', 'n_model_params': '422675', 'name': 'millet'}
    [mlflow] logged run 'millet_PhalangesOutlinesCorrect'  (train_acc=0.9528 val_acc=0.9025 test_acc=0.8310 test_loss=0.3979)
[ 54/129] PhalangesOutlinesCorrect     DONE  acc=0.8310 loss=0.3979 AOPCR=  0.577 NDCG=  n/a C=  2 T=   80 (415s)  [52 trained / 1 failed so far]
[ 55/129] Phoneme
    stage 1/3: loading data ...
    stage 2/3: training on 171 series (val=43, C=39, T=1024, batch=16) ...
    stage 3/3: scoring on 1896 test series (accuracy + AOPCR) ...
    [mlflow] versioned model 'millet__mil_inceptiontime__mil_conjunctive' (id=m-31f248e9560e478a949feb3b9737c6bb) params={'model_size_mb': '4.1241', 'n_model_params': '427448', 'name': 'millet'}
    [mlflow] logged run 'millet_Phoneme'  (train_acc=0.5789 val_acc=0.3023 test_acc=0.2732 test_loss=2.7272)
[ 55/129] Phoneme                      DONE  acc=0.2732 loss=2.7272 AOPCR=  0.453 NDCG=  n/a C= 39 T= 1024 (15s)  [53 trained / 1 failed so far]
[ 56/129] Plane
    stage 1/3: loading data ...
    stage 2/3: training on 87 series (val=18, C=7, T=144, batch=8) ...
    stage 3/3: scoring on 105 test series (accuracy + AOPCR) ...
    [mlflow] versioned model 'millet__mil_inceptiontime__mil_conjunctive' (id=m-0ca5f659bd4341e0936247479e15b49a) params={'model_size_mb': '4.1083', 'n_model_params': '423320', 'name': 'millet'}
    [mlflow] logged run 'millet_Plane'  (train_acc=1.0000 val_acc=1.0000 test_acc=1.0000 test_loss=0.1098)
[ 56/129] Plane                        DONE  acc=1.0000 loss=0.1098 AOPCR=  0.278 NDCG=  n/a C=  7 T=  144 (148s)  [54 trained / 1 failed so far]
[ 57/129] ProximalPhalanxOutlineAgeGroup
    stage 1/3: loading data ...
    stage 2/3: training on 322 series (val=78, C=3, T=80, batch=16) ...
    stage 3/3: scoring on 205 test series (accuracy + AOPCR) ...
    [mlflow] versioned model 'millet__mil_inceptiontime__mil_conjunctive' (id=m-2c8bbe42e0264bcea5286a857eecd840) params={'model_size_mb': '4.1064', 'n_model_params': '422804', 'name': 'millet'}
    [mlflow] logged run 'millet_ProximalPhalanxOutlineAgeGroup'  (train_acc=0.8944 val_acc=0.8205 test_acc=0.8341 test_loss=0.4241)
[ 57/129] ProximalPhalanxOutlineAgeGroup DONE  acc=0.8341 loss=0.4241 AOPCR=  1.173 NDCG=  n/a C=  3 T=   80 (122s)  [55 trained / 1 failed so far]
[ 58/129] ProximalPhalanxOutlineCorrect
    stage 1/3: loading data ...
    stage 2/3: training on 481 series (val=119, C=2, T=80, batch=16) ...
    stage 3/3: scoring on 291 test series (accuracy + AOPCR) ...
    [mlflow] versioned model 'millet__mil_inceptiontime__mil_conjunctive' (id=m-dd3b1efc947d4d28bad3e333a551013b) params={'model_size_mb': '4.1059', 'n_model_params': '422675', 'name': 'millet'}
    [mlflow] logged run 'millet_ProximalPhalanxOutlineCorrect'  (train_acc=0.9813 val_acc=0.9244 test_acc=0.9175 test_loss=0.2296)
[ 58/129] ProximalPhalanxOutlineCorrect DONE  acc=0.9175 loss=0.2296 AOPCR=  1.076 NDCG=  n/a C=  2 T=   80 (180s)  [56 trained / 1 failed so far]
[ 59/129] ProximalPhalanxTW
    stage 1/3: loading data ...
    stage 2/3: training on 322 series (val=78, C=6, T=80, batch=16) ...
    stage 3/3: scoring on 205 test series (accuracy + AOPCR) ...
    [mlflow] versioned model 'millet__mil_inceptiontime__mil_conjunctive' (id=m-bb2f555bfa714f6f92776c5e5fd024fc) params={'model_size_mb': '4.1078', 'n_model_params': '423191', 'name': 'millet'}
    [mlflow] logged run 'millet_ProximalPhalanxTW'  (train_acc=0.9224 val_acc=0.7949 test_acc=0.7659 test_loss=0.6393)
[ 59/129] ProximalPhalanxTW            DONE  acc=0.7659 loss=0.6393 AOPCR= -1.966 NDCG=  n/a C=  6 T=   80 (138s)  [57 trained / 1 failed so far]
[ 60/129] RefrigerationDevices
    stage 1/3: loading data ...
    stage 2/3: training on 300 series (val=75, C=3, T=720, batch=16) ...
    stage 3/3: scoring on 375 test series (accuracy + AOPCR) ...
    [mlflow] versioned model 'millet__mil_inceptiontime__mil_conjunctive' (id=m-eaed7177af854e5f96f023ead7beb80d) params={'model_size_mb': '4.1064', 'n_model_params': '422804', 'name': 'millet'}
    [mlflow] logged run 'millet_RefrigerationDevices'  (train_acc=0.9967 val_acc=0.8267 test_acc=0.4667 test_loss=1.3982)
[ 60/129] RefrigerationDevices         DONE  acc=0.4667 loss=1.3982 AOPCR=  0.503 NDCG=  n/a C=  3 T=  720 (73s)  [58 trained / 1 failed so far]
[ 61/129] ScreenType
    stage 1/3: loading data ...
    stage 2/3: training on 300 series (val=75, C=3, T=720, batch=16) ...
    stage 3/3: scoring on 375 test series (accuracy + AOPCR) ...
    [mlflow] versioned model 'millet__mil_inceptiontime__mil_conjunctive' (id=m-ee0c8f2ef0a042aabc68d51c736197f7) params={'model_size_mb': '4.1064', 'n_model_params': '422804', 'name': 'millet'}
    [mlflow] logged run 'millet_ScreenType'  (train_acc=0.8367 val_acc=0.6400 test_acc=0.5040 test_loss=1.1415)
[ 61/129] ScreenType                   DONE  acc=0.5040 loss=1.1415 AOPCR=  0.625 NDCG=  n/a C=  3 T=  720 (33s)  [59 trained / 1 failed so far]
[ 62/129] ShapeletSim
    stage 1/3: loading data ...
    stage 2/3: training on 20 series (no val (train-loss early stop), C=2, T=500, batch=2) ...
    stage 3/3: scoring on 180 test series (accuracy + AOPCR) ...
    [mlflow] versioned model 'millet__mil_inceptiontime__mil_conjunctive' (id=m-c5d4448c18b946b1adadd455f05478df) params={'model_size_mb': '4.1059', 'n_model_params': '422675', 'name': 'millet'}
    [mlflow] logged run 'millet_ShapeletSim'  (train_acc=1.0000 test_acc=1.0000 test_loss=0.2168)
[ 62/129] ShapeletSim                  DONE  acc=1.0000 loss=0.2168 AOPCR=  0.862 NDCG=  n/a C=  2 T=  500 (16s)  [60 trained / 1 failed so far]
[ 63/129] ShapesAll
    stage 1/3: loading data ...
    stage 2/3: training on 480 series (val=120, C=60, T=512, batch=16) ...
    stage 3/3: scoring on 600 test series (accuracy + AOPCR) ...
    [mlflow] versioned model 'millet__mil_inceptiontime__mil_conjunctive' (id=m-6cc5f5d415264f37b14e0899d7d2d511) params={'model_size_mb': '4.1344', 'n_model_params': '430157', 'name': 'millet'}
    [mlflow] logged run 'millet_ShapesAll'  (train_acc=1.0000 val_acc=0.9250 test_acc=0.8967 test_loss=0.5816)
[ 63/129] ShapesAll                    DONE  acc=0.8967 loss=0.5816 AOPCR=  1.980 NDCG=  n/a C= 60 T=  512 (104s)  [61 trained / 1 failed so far]
[ 64/129] SmallKitchenAppliances
    stage 1/3: loading data ...
    stage 2/3: training on 300 series (val=75, C=3, T=720, batch=16) ...
    stage 3/3: scoring on 375 test series (accuracy + AOPCR) ...
    [mlflow] versioned model 'millet__mil_inceptiontime__mil_conjunctive' (id=m-465715f8d6bb42d6b40768050cc9ec74) params={'model_size_mb': '4.1064', 'n_model_params': '422804', 'name': 'millet'}
    [mlflow] logged run 'millet_SmallKitchenAppliances'  (train_acc=0.9067 val_acc=0.7200 test_acc=0.7787 test_loss=0.6709)
[ 64/129] SmallKitchenAppliances       DONE  acc=0.7787 loss=0.6709 AOPCR=  0.492 NDCG=  n/a C=  3 T=  720 (24s)  [62 trained / 1 failed so far]
[ 65/129] SonyAIBORobotSurface1
    stage 1/3: loading data ...
    stage 2/3: training on 20 series (no val (train-loss early stop), C=2, T=70, batch=2) ...
    stage 3/3: scoring on 601 test series (accuracy + AOPCR) ...
    [mlflow] versioned model 'millet__mil_inceptiontime__mil_conjunctive' (id=m-943992cc6a7241c8a45b31998e98bfbe) params={'model_size_mb': '4.1059', 'n_model_params': '422675', 'name': 'millet'}
    [mlflow] logged run 'millet_SonyAIBORobotSurface1'  (train_acc=1.0000 test_acc=0.9567 test_loss=0.1863)
[ 65/129] SonyAIBORobotSurface1        DONE  acc=0.9567 loss=0.1863 AOPCR=  0.270 NDCG=  n/a C=  2 T=   70 (18s)  [63 trained / 1 failed so far]
[ 66/129] SonyAIBORobotSurface2
    stage 1/3: loading data ...
    stage 2/3: training on 27 series (no val (train-loss early stop), C=2, T=65, batch=2) ...
    stage 3/3: scoring on 953 test series (accuracy + AOPCR) ...
    [mlflow] versioned model 'millet__mil_inceptiontime__mil_conjunctive' (id=m-885cf7d1c33b4993b79051442ab58641) params={'model_size_mb': '4.1059', 'n_model_params': '422675', 'name': 'millet'}
    [mlflow] logged run 'millet_SonyAIBORobotSurface2'  (train_acc=1.0000 test_acc=0.8185 test_loss=0.4003)
[ 66/129] SonyAIBORobotSurface2        DONE  acc=0.8185 loss=0.4003 AOPCR=  0.030 NDCG=  n/a C=  2 T=   65 (16s)  [64 trained / 1 failed so far]
[ 67/129] StarLightCurves
    stage 1/3: loading data ...
    stage 2/3: training on 801 series (val=199, C=3, T=1024, batch=16) ...
    stage 3/3: scoring on 8236 test series (accuracy + AOPCR) ...
    [mlflow] versioned model 'millet__mil_inceptiontime__mil_conjunctive' (id=m-a5758969d7cf447d8b854c5a57f1594b) params={'model_size_mb': '4.1064', 'n_model_params': '422804', 'name': 'millet'}
    [mlflow] logged run 'millet_StarLightCurves'  (train_acc=0.9963 val_acc=0.9849 test_acc=0.9735 test_loss=0.1696)
[ 67/129] StarLightCurves              DONE  acc=0.9735 loss=0.1696 AOPCR=  1.034 NDCG=  n/a C=  3 T= 1024 (183s)  [65 trained / 1 failed so far]
[ 68/129] Strawberry
    stage 1/3: loading data ...
    stage 2/3: training on 492 series (val=121, C=2, T=235, batch=16) ...
    stage 3/3: scoring on 370 test series (accuracy + AOPCR) ...
    [mlflow] versioned model 'millet__mil_inceptiontime__mil_conjunctive' (id=m-dcef3100f2c54806bec1c4afe8bb5492) params={'model_size_mb': '4.1059', 'n_model_params': '422675', 'name': 'millet'}
    [mlflow] logged run 'millet_Strawberry'  (train_acc=0.9817 val_acc=0.9917 test_acc=0.9649 test_loss=0.1493)
[ 68/129] Strawberry                   DONE  acc=0.9649 loss=0.1493 AOPCR=  0.531 NDCG=  n/a C=  2 T=  235 (303s)  [66 trained / 1 failed so far]
[ 69/129] SwedishLeaf
    stage 1/3: loading data ...
    stage 2/3: training on 405 series (val=95, C=15, T=128, batch=16) ...
    stage 3/3: scoring on 625 test series (accuracy + AOPCR) ...
    [mlflow] versioned model 'millet__mil_inceptiontime__mil_conjunctive' (id=m-28616a93631a414e960249f7656db4f8) params={'model_size_mb': '4.1122', 'n_model_params': '424352', 'name': 'millet'}
    [mlflow] logged run 'millet_SwedishLeaf'  (train_acc=1.0000 val_acc=0.9895 test_acc=0.9664 test_loss=0.2502)
[ 69/129] SwedishLeaf                  DONE  acc=0.9664 loss=0.2502 AOPCR=  0.388 NDCG=  n/a C= 15 T=  128 (590s)  [67 trained / 1 failed so far]
[ 70/129] Symbols
    stage 1/3: loading data ...
    stage 2/3: training on 25 series (no val (train-loss early stop), C=6, T=398, batch=2) ...
    stage 3/3: scoring on 995 test series (accuracy + AOPCR) ...
    [mlflow] versioned model 'millet__mil_inceptiontime__mil_conjunctive' (id=m-8a2f62fa4f634d2aa54476e6a8656603) params={'model_size_mb': '4.1078', 'n_model_params': '423191', 'name': 'millet'}
    [mlflow] logged run 'millet_Symbols'  (train_acc=1.0000 test_acc=0.9035 test_loss=0.4041)
[ 70/129] Symbols                      DONE  acc=0.9035 loss=0.4041 AOPCR=  1.102 NDCG=  n/a C=  6 T=  398 (38s)  [68 trained / 1 failed so far]
[ 71/129] SyntheticControl
    stage 1/3: loading data ...
    stage 2/3: training on 240 series (val=60, C=6, T=60, batch=16) ...
    stage 3/3: scoring on 300 test series (accuracy + AOPCR) ...
    [mlflow] versioned model 'millet__mil_inceptiontime__mil_conjunctive' (id=m-c4ccb38fd9a94c5580ecc20ffce666eb) params={'model_size_mb': '4.1078', 'n_model_params': '423191', 'name': 'millet'}
    [mlflow] logged run 'millet_SyntheticControl'  (train_acc=1.0000 val_acc=1.0000 test_acc=0.9967 test_loss=0.1255)
[ 71/129] SyntheticControl             DONE  acc=0.9967 loss=0.1255 AOPCR=  0.618 NDCG=  n/a C=  6 T=   60 (181s)  [69 trained / 1 failed so far]
[ 72/129] ToeSegmentation1
    stage 1/3: loading data ...
    stage 2/3: training on 40 series (no val (train-loss early stop), C=2, T=277, batch=4) ...
    stage 3/3: scoring on 228 test series (accuracy + AOPCR) ...
    [mlflow] versioned model 'millet__mil_inceptiontime__mil_conjunctive' (id=m-536fa2fc96bd4b86a36afe47d271110d) params={'model_size_mb': '4.1059', 'n_model_params': '422675', 'name': 'millet'}
    [mlflow] logged run 'millet_ToeSegmentation1'  (train_acc=1.0000 test_acc=0.9649 test_loss=0.1908)
[ 72/129] ToeSegmentation1             DONE  acc=0.9649 loss=0.1908 AOPCR=  0.348 NDCG=  n/a C=  2 T=  277 (19s)  [70 trained / 1 failed so far]
[ 73/129] ToeSegmentation2
    stage 1/3: loading data ...
    stage 2/3: training on 36 series (no val (train-loss early stop), C=2, T=343, batch=3) ...
    stage 3/3: scoring on 130 test series (accuracy + AOPCR) ...
    [mlflow] versioned model 'millet__mil_inceptiontime__mil_conjunctive' (id=m-f532b3f81c8d43e69f631fb54443d154) params={'model_size_mb': '4.1059', 'n_model_params': '422675', 'name': 'millet'}
    [mlflow] logged run 'millet_ToeSegmentation2'  (train_acc=1.0000 test_acc=0.8769 test_loss=0.2906)
[ 73/129] ToeSegmentation2             DONE  acc=0.8769 loss=0.2906 AOPCR=  0.278 NDCG=  n/a C=  2 T=  343 (28s)  [71 trained / 1 failed so far]
[ 74/129] Trace
    stage 1/3: loading data ...
    stage 2/3: training on 81 series (val=19, C=4, T=275, batch=8) ...
    stage 3/3: scoring on 100 test series (accuracy + AOPCR) ...
    [mlflow] versioned model 'millet__mil_inceptiontime__mil_conjunctive' (id=m-9612710de762405e8a4588b8f425dc56) params={'model_size_mb': '4.1068', 'n_model_params': '422933', 'name': 'millet'}
    [mlflow] logged run 'millet_Trace'  (train_acc=1.0000 val_acc=1.0000 test_acc=1.0000 test_loss=0.1064)
[ 74/129] Trace                        DONE  acc=1.0000 loss=0.1064 AOPCR=  1.650 NDCG=  n/a C=  4 T=  275 (21s)  [72 trained / 1 failed so far]
[ 75/129] TwoLeadECG
    stage 1/3: loading data ...
    stage 2/3: training on 23 series (no val (train-loss early stop), C=2, T=82, batch=2) ...
    stage 3/3: scoring on 1139 test series (accuracy + AOPCR) ...
    [mlflow] versioned model 'millet__mil_inceptiontime__mil_conjunctive' (id=m-ba8c99cf50fa452093c47d6b548790c0) params={'model_size_mb': '4.1059', 'n_model_params': '422675', 'name': 'millet'}
    [mlflow] logged run 'millet_TwoLeadECG'  (train_acc=1.0000 test_acc=0.9991 test_loss=0.0724)
[ 75/129] TwoLeadECG                   DONE  acc=0.9991 loss=0.0724 AOPCR= -0.377 NDCG=  n/a C=  2 T=   82 (31s)  [73 trained / 1 failed so far]
[ 76/129] TwoPatterns
    stage 1/3: loading data ...
    stage 2/3: training on 801 series (val=199, C=4, T=128, batch=16) ...
    stage 3/3: scoring on 4000 test series (accuracy + AOPCR) ...
    [mlflow] versioned model 'millet__mil_inceptiontime__mil_conjunctive' (id=m-a8483fa5f0404c5ca937c5d469168bd4) params={'model_size_mb': '4.1068', 'n_model_params': '422933', 'name': 'millet'}
    [mlflow] logged run 'millet_TwoPatterns'  (train_acc=1.0000 val_acc=1.0000 test_acc=1.0000 test_loss=0.1061)
[ 76/129] TwoPatterns                  DONE  acc=1.0000 loss=0.1061 AOPCR=  1.238 NDCG=  n/a C=  4 T=  128 (813s)  [74 trained / 1 failed so far]
[ 77/129] UWaveGestureLibraryAll
    stage 1/3: loading data ...
    stage 2/3: training on 719 series (val=177, C=8, T=945, batch=16) ...
    stage 3/3: scoring on 3582 test series (accuracy + AOPCR) ...
    [mlflow] versioned model 'millet__mil_inceptiontime__mil_conjunctive' (id=m-5a4361c1c0254cee9f7dd86e212897b3) params={'model_size_mb': '4.1088', 'n_model_params': '423449', 'name': 'millet'}
    [mlflow] logged run 'millet_UWaveGestureLibraryAll'  (train_acc=1.0000 val_acc=0.9379 test_acc=0.9414 test_loss=0.3903)
[ 77/129] UWaveGestureLibraryAll       DONE  acc=0.9414 loss=0.3903 AOPCR=  1.302 NDCG=  n/a C=  8 T=  945 (189s)  [75 trained / 1 failed so far]
[ 78/129] UWaveGestureLibraryX
    stage 1/3: loading data ...
    stage 2/3: training on 719 series (val=177, C=8, T=315, batch=16) ...
    stage 3/3: scoring on 3582 test series (accuracy + AOPCR) ...
    [mlflow] versioned model 'millet__mil_inceptiontime__mil_conjunctive' (id=m-c25bb60918eb4e6e8e3f0f3b15e079a1) params={'model_size_mb': '4.1088', 'n_model_params': '423449', 'name': 'millet'}
    [mlflow] logged run 'millet_UWaveGestureLibraryX'  (train_acc=0.9944 val_acc=0.8023 test_acc=0.7786 test_loss=0.7465)
[ 78/129] UWaveGestureLibraryX         DONE  acc=0.7786 loss=0.7465 AOPCR=  0.785 NDCG=  n/a C=  8 T=  315 (99s)  [76 trained / 1 failed so far]
[ 79/129] UWaveGestureLibraryY
    stage 1/3: loading data ...
    stage 2/3: training on 719 series (val=177, C=8, T=315, batch=16) ...
    stage 3/3: scoring on 3582 test series (accuracy + AOPCR) ...
    [mlflow] versioned model 'millet__mil_inceptiontime__mil_conjunctive' (id=m-467bc40835b84faf96cc590a3f9d1794) params={'model_size_mb': '4.1088', 'n_model_params': '423449', 'name': 'millet'}
    [mlflow] logged run 'millet_UWaveGestureLibraryY'  (train_acc=0.9944 val_acc=0.7627 test_acc=0.7401 test_loss=0.8305)
[ 79/129] UWaveGestureLibraryY         DONE  acc=0.7401 loss=0.8305 AOPCR=  0.929 NDCG=  n/a C=  8 T=  315 (99s)  [77 trained / 1 failed so far]
[ 80/129] UWaveGestureLibraryZ
    stage 1/3: loading data ...
    stage 2/3: training on 719 series (val=177, C=8, T=315, batch=16) ...
    stage 3/3: scoring on 3582 test series (accuracy + AOPCR) ...
    [mlflow] versioned model 'millet__mil_inceptiontime__mil_conjunctive' (id=m-e1631872cbd741f6908779c75de79b8b) params={'model_size_mb': '4.1088', 'n_model_params': '423449', 'name': 'millet'}
    [mlflow] logged run 'millet_UWaveGestureLibraryZ'  (train_acc=0.8192 val_acc=0.7119 test_acc=0.7328 test_loss=0.7732)
[ 80/129] UWaveGestureLibraryZ         DONE  acc=0.7328 loss=0.7732 AOPCR=  0.957 NDCG=  n/a C=  8 T=  315 (51s)  [78 trained / 1 failed so far]
[ 81/129] Wafer
    stage 1/3: loading data ...
    stage 2/3: training on 801 series (val=199, C=2, T=152, batch=16) ...
    stage 3/3: scoring on 6164 test series (accuracy + AOPCR) ...
    [mlflow] versioned model 'millet__mil_inceptiontime__mil_conjunctive' (id=m-14fcf703d02e46b9837537735a79eec7) params={'model_size_mb': '4.1059', 'n_model_params': '422675', 'name': 'millet'}
    [mlflow] logged run 'millet_Wafer'  (train_acc=1.0000 val_acc=1.0000 test_acc=0.9963 test_loss=0.0722)
[ 81/129] Wafer                        DONE  acc=0.9963 loss=0.0722 AOPCR= -0.546 NDCG=  n/a C=  2 T=  152 (484s)  [79 trained / 1 failed so far]
[ 82/129] Wine
    stage 1/3: loading data ...
    stage 2/3: training on 57 series (no val (train-loss early stop), C=2, T=234, batch=5) ...
    stage 3/3: scoring on 54 test series (accuracy + AOPCR) ...
    [mlflow] versioned model 'millet__mil_inceptiontime__mil_conjunctive' (id=m-660fa7c16c344dedb2329636e4d275eb) params={'model_size_mb': '4.1059', 'n_model_params': '422675', 'name': 'millet'}
    [mlflow] logged run 'millet_Wine'  (train_acc=0.5263 test_acc=0.5000 test_loss=0.6935)
[ 82/129] Wine                         DONE  acc=0.5000 loss=0.6935 AOPCR=  0.029 NDCG=  n/a C=  2 T=  234 (14s)  [80 trained / 1 failed so far]
[ 83/129] WordSynonyms
    stage 1/3: loading data ...
    stage 2/3: training on 217 series (val=50, C=25, T=270, batch=16) ...
    stage 3/3: scoring on 638 test series (accuracy + AOPCR) ...
    [mlflow] versioned model 'millet__mil_inceptiontime__mil_conjunctive' (id=m-64d0da84425340158d420a58c74ddc77) params={'model_size_mb': '4.1172', 'n_model_params': '425642', 'name': 'millet'}
    [mlflow] logged run 'millet_WordSynonyms'  (train_acc=1.0000 val_acc=0.7800 test_acc=0.7194 test_loss=1.1688)
[ 83/129] WordSynonyms                 DONE  acc=0.7194 loss=1.1688 AOPCR=  0.831 NDCG=  n/a C= 25 T=  270 (38s)  [81 trained / 1 failed so far]
[ 84/129] Worms
    stage 1/3: loading data ...
    stage 2/3: training on 146 series (val=35, C=5, T=900, batch=14) ...
    stage 3/3: scoring on 77 test series (accuracy + AOPCR) ...
    [mlflow] versioned model 'millet__mil_inceptiontime__mil_conjunctive' (id=m-19209e31fbf64406bcb0ad4e95b0b3a8) params={'model_size_mb': '4.1073', 'n_model_params': '423062', 'name': 'millet'}
    [mlflow] logged run 'millet_Worms'  (train_acc=0.9932 val_acc=0.8286 test_acc=0.6104 test_loss=1.0360)
[ 84/129] Worms                        DONE  acc=0.6104 loss=1.0360 AOPCR=  1.246 NDCG=  n/a C=  5 T=  900 (28s)  [82 trained / 1 failed so far]
[ 85/129] WormsTwoClass
    stage 1/3: loading data ...
    stage 2/3: training on 145 series (val=36, C=2, T=900, batch=14) ...
    stage 3/3: scoring on 77 test series (accuracy + AOPCR) ...
    [mlflow] versioned model 'millet__mil_inceptiontime__mil_conjunctive' (id=m-60e6d071769e44b0a8884a8e049864c1) params={'model_size_mb': '4.1059', 'n_model_params': '422675', 'name': 'millet'}
    [mlflow] logged run 'millet_WormsTwoClass'  (train_acc=1.0000 val_acc=0.8056 test_acc=0.7273 test_loss=0.5605)
[ 85/129] WormsTwoClass                DONE  acc=0.7273 loss=0.5605 AOPCR=  1.129 NDCG=  n/a C=  2 T=  900 (42s)  [83 trained / 1 failed so far]
[ 86/129] Yoga
    stage 1/3: loading data ...
    stage 2/3: training on 241 series (val=59, C=2, T=426, batch=16) ...
    stage 3/3: scoring on 3000 test series (accuracy + AOPCR) ...
    [mlflow] versioned model 'millet__mil_inceptiontime__mil_conjunctive' (id=m-c9fcfd110baf44bf9a92d050584a5525) params={'model_size_mb': '4.1059', 'n_model_params': '422675', 'name': 'millet'}
    [mlflow] logged run 'millet_Yoga'  (train_acc=1.0000 val_acc=0.9322 test_acc=0.8827 test_loss=0.2969)
[ 86/129] Yoga                         DONE  acc=0.8827 loss=0.2969 AOPCR=  2.519 NDCG=  n/a C=  2 T=  426 (61s)  [84 trained / 1 failed so far]
[ 87/129] ACSF1
    stage 1/3: loading data ...
    stage 2/3: training on 80 series (val=20, C=10, T=1460, batch=8) ...
    stage 3/3: scoring on 100 test series (accuracy + AOPCR) ...
    [mlflow] versioned model 'millet__mil_inceptiontime__mil_conjunctive' (id=m-85873ea569d54d459c810a7f0f5cea97) params={'model_size_mb': '4.1098', 'n_model_params': '423707', 'name': 'millet'}
    [mlflow] logged run 'millet_ACSF1'  (train_acc=0.9250 val_acc=0.9000 test_acc=0.8500 test_loss=0.5545)
[ 87/129] ACSF1                        DONE  acc=0.8500 loss=0.5545 AOPCR=  0.387 NDCG=  n/a C= 10 T= 1460 (35s)  [85 trained / 1 failed so far]
[ 88/129] AllGestureWiimoteX
    stage 1/3: loading data ...
    stage 2/3: training on 240 series (val=60, C=10, T=500, batch=16) ...
    stage 3/3: scoring on 700 test series (accuracy + AOPCR) ...
    [mlflow] versioned model 'millet__mil_inceptiontime__mil_conjunctive' (id=m-72a0b65aa208479dacd9bd83ddeec660) params={'model_size_mb': '4.1098', 'n_model_params': '423707', 'name': 'millet'}
    [mlflow] logged run 'millet_AllGestureWiimoteX'  (train_acc=1.0000 val_acc=0.8000 test_acc=0.7600 test_loss=0.8981)
[ 88/129] AllGestureWiimoteX           DONE  acc=0.7600 loss=0.8981 AOPCR=  1.213 NDCG=  n/a C= 10 T=  500 (55s)  [86 trained / 1 failed so far]
[ 89/129] AllGestureWiimoteY
    stage 1/3: loading data ...
    stage 2/3: training on 240 series (val=60, C=10, T=500, batch=16) ...
    stage 3/3: scoring on 700 test series (accuracy + AOPCR) ...
    [mlflow] versioned model 'millet__mil_inceptiontime__mil_conjunctive' (id=m-0791fc6a8d4e491c840aad3bbb0f96f8) params={'model_size_mb': '4.1098', 'n_model_params': '423707', 'name': 'millet'}
    [mlflow] logged run 'millet_AllGestureWiimoteY'  (train_acc=1.0000 val_acc=0.8167 test_acc=0.8086 test_loss=0.7571)
[ 89/129] AllGestureWiimoteY           DONE  acc=0.8086 loss=0.7571 AOPCR=  1.542 NDCG=  n/a C= 10 T=  500 (59s)  [87 trained / 1 failed so far]
[ 90/129] AllGestureWiimoteZ
    stage 1/3: loading data ...
    stage 2/3: training on 240 series (val=60, C=10, T=500, batch=16) ...
    stage 3/3: scoring on 700 test series (accuracy + AOPCR) ...
    [mlflow] versioned model 'millet__mil_inceptiontime__mil_conjunctive' (id=m-b283152f3cc64905a45d5598f8e068b6) params={'model_size_mb': '4.1098', 'n_model_params': '423707', 'name': 'millet'}
    [mlflow] logged run 'millet_AllGestureWiimoteZ'  (train_acc=0.9708 val_acc=0.7167 test_acc=0.6857 test_loss=0.9646)
[ 90/129] AllGestureWiimoteZ           DONE  acc=0.6857 loss=0.9646 AOPCR=  1.872 NDCG=  n/a C= 10 T=  500 (42s)  [88 trained / 1 failed so far]
[ 91/129] BME
    stage 1/3: loading data ...
    stage 2/3: training on 30 series (no val (train-loss early stop), C=3, T=128, batch=3) ...
    stage 3/3: scoring on 150 test series (accuracy + AOPCR) ...
    [mlflow] versioned model 'millet__mil_inceptiontime__mil_conjunctive' (id=m-5934bae94bff40f28fbb6a78458e4fe4) params={'model_size_mb': '4.1064', 'n_model_params': '422804', 'name': 'millet'}
    [mlflow] logged run 'millet_BME'  (train_acc=1.0000 test_acc=0.9867 test_loss=0.1259)
[ 91/129] BME                          DONE  acc=0.9867 loss=0.1259 AOPCR=  1.273 NDCG=  n/a C=  3 T=  128 (29s)  [89 trained / 1 failed so far]
[ 92/129] Chinatown
    stage 1/3: loading data ...
    stage 2/3: training on 20 series (no val (train-loss early stop), C=2, T=24, batch=2) ...
    stage 3/3: scoring on 343 test series (accuracy + AOPCR) ...
[ 92/129] Chinatown                    FAILED: RuntimeError: a Tensor with 16 elements cannot be converted to Scalar
[ 93/129] Crop
    stage 1/3: loading data ...
    stage 2/3: training on 5760 series (val=1440, C=24, T=46, batch=16) ...
    stage 3/3: scoring on 16800 test series (accuracy + AOPCR) ...
    [mlflow] versioned model 'millet__mil_inceptiontime__mil_conjunctive' (id=m-7498e38f409348e99c89d28475b10055) params={'model_size_mb': '4.1167', 'n_model_params': '425513', 'name': 'millet'}
    [mlflow] logged run 'millet_Crop'  (train_acc=0.8036 val_acc=0.6965 test_acc=0.7037 test_loss=0.9534)
[ 93/129] Crop                         DONE  acc=0.7037 loss=0.9534 AOPCR=  0.104 NDCG=  n/a C= 24 T=   46 (283s)  [90 trained / 2 failed so far]
[ 94/129] DodgerLoopDay
    stage 1/3: loading data ...
    stage 2/3: training on 78 series (no val (train-loss early stop), C=7, T=288, batch=7) ...
    stage 3/3: scoring on 80 test series (accuracy + AOPCR) ...
    [mlflow] versioned model 'millet__mil_inceptiontime__mil_conjunctive' (id=m-ed68902b3ac54253be658c76adeb977d) params={'model_size_mb': '4.1083', 'n_model_params': '423320', 'name': 'millet'}
    [mlflow] logged run 'millet_DodgerLoopDay'  (train_acc=1.0000 test_acc=0.4750 test_loss=1.3969)
[ 94/129] DodgerLoopDay                DONE  acc=0.4750 loss=1.3969 AOPCR=  0.988 NDCG=  n/a C=  7 T=  288 (30s)  [91 trained / 2 failed so far]
[ 95/129] DodgerLoopGame
    stage 1/3: loading data ...
    stage 2/3: training on 20 series (no val (train-loss early stop), C=2, T=288, batch=2) ...
    stage 3/3: scoring on 138 test series (accuracy + AOPCR) ...
    [mlflow] versioned model 'millet__mil_inceptiontime__mil_conjunctive' (id=m-93167b0ca33a47f89c0a86a15dbde446) params={'model_size_mb': '4.1059', 'n_model_params': '422675', 'name': 'millet'}
    [mlflow] logged run 'millet_DodgerLoopGame'  (train_acc=1.0000 test_acc=0.9203 test_loss=0.2414)
[ 95/129] DodgerLoopGame               DONE  acc=0.9203 loss=0.2414 AOPCR=  1.577 NDCG=  n/a C=  2 T=  288 (20s)  [92 trained / 2 failed so far]
[ 96/129] DodgerLoopWeekend
    stage 1/3: loading data ...
    stage 2/3: training on 20 series (no val (train-loss early stop), C=2, T=288, batch=2) ...
    stage 3/3: scoring on 138 test series (accuracy + AOPCR) ...
    [mlflow] versioned model 'millet__mil_inceptiontime__mil_conjunctive' (id=m-a1d150f7c53f497892a4ca4230be8340) params={'model_size_mb': '4.1059', 'n_model_params': '422675', 'name': 'millet'}
    [mlflow] logged run 'millet_DodgerLoopWeekend'  (train_acc=1.0000 test_acc=0.9638 test_loss=0.1874)
[ 96/129] DodgerLoopWeekend            DONE  acc=0.9638 loss=0.1874 AOPCR=  0.891 NDCG=  n/a C=  2 T=  288 (17s)  [93 trained / 2 failed so far]
[ 97/129] EOGHorizontalSignal
    stage 1/3: loading data ...
    stage 2/3: training on 290 series (val=72, C=12, T=1250, batch=16) ...
    stage 3/3: scoring on 362 test series (accuracy + AOPCR) ...
    [mlflow] versioned model 'millet__mil_inceptiontime__mil_conjunctive' (id=m-d50d7cb7e8b246ba99c12e14492c4968) params={'model_size_mb': '4.1108', 'n_model_params': '423965', 'name': 'millet'}
    [mlflow] logged run 'millet_EOGHorizontalSignal'  (train_acc=1.0000 val_acc=0.8750 test_acc=0.5331 test_loss=1.4685)
[ 97/129] EOGHorizontalSignal          DONE  acc=0.5331 loss=1.4685 AOPCR=  1.728 NDCG=  n/a C= 12 T= 1250 (136s)  [94 trained / 2 failed so far]
[ 98/129] EOGVerticalSignal
    stage 1/3: loading data ...
    stage 2/3: training on 290 series (val=72, C=12, T=1250, batch=16) ...
    stage 3/3: scoring on 362 test series (accuracy + AOPCR) ...
    [mlflow] versioned model 'millet__mil_inceptiontime__mil_conjunctive' (id=m-9334daeadd5c41368527fcf6851d3e23) params={'model_size_mb': '4.1108', 'n_model_params': '423965', 'name': 'millet'}
    [mlflow] logged run 'millet_EOGVerticalSignal'  (train_acc=0.9586 val_acc=0.7778 test_acc=0.4586 test_loss=1.7561)
[ 98/129] EOGVerticalSignal            DONE  acc=0.4586 loss=1.7561 AOPCR=  1.822 NDCG=  n/a C= 12 T= 1250 (84s)  [95 trained / 2 failed so far]
[ 99/129] EthanolLevel
    stage 1/3: loading data ...
    stage 2/3: training on 404 series (val=100, C=4, T=1751, batch=16) ...
    stage 3/3: scoring on 500 test series (accuracy + AOPCR) ...
    [mlflow] versioned model 'millet__mil_inceptiontime__mil_conjunctive' (id=m-eb5e8637ca2746b2823acff0e9db58ca) params={'model_size_mb': '4.1068', 'n_model_params': '422933', 'name': 'millet'}
    [mlflow] logged run 'millet_EthanolLevel'  (train_acc=0.3168 val_acc=0.3200 test_acc=0.2800 test_loss=1.3823)
[ 99/129] EthanolLevel                 DONE  acc=0.2800 loss=1.3823 AOPCR=  0.244 NDCG=  n/a C=  4 T= 1751 (76s)  [96 trained / 2 failed so far]
[100/129] FreezerRegularTrain
    stage 1/3: loading data ...
    stage 2/3: training on 120 series (val=30, C=2, T=301, batch=12) ...
    stage 3/3: scoring on 2850 test series (accuracy + AOPCR) ...
    [mlflow] versioned model 'millet__mil_inceptiontime__mil_conjunctive' (id=m-3521898b1df444f897f1bcdde20c08cb) params={'model_size_mb': '4.1059', 'n_model_params': '422675', 'name': 'millet'}
    [mlflow] logged run 'millet_FreezerRegularTrain'  (train_acc=1.0000 val_acc=1.0000 test_acc=0.9947 test_loss=0.0761)
[100/129] FreezerRegularTrain          DONE  acc=0.9947 loss=0.0761 AOPCR=  0.971 NDCG=  n/a C=  2 T=  301 (15s)  [97 trained / 2 failed so far]
[101/129] FreezerSmallTrain
    stage 1/3: loading data ...
    stage 2/3: training on 28 series (no val (train-loss early stop), C=2, T=301, batch=2) ...
    stage 3/3: scoring on 2850 test series (accuracy + AOPCR) ...
    [mlflow] versioned model 'millet__mil_inceptiontime__mil_conjunctive' (id=m-ffdf452a0b794d0ba1cb5b9dc4762f25) params={'model_size_mb': '4.1059', 'n_model_params': '422675', 'name': 'millet'}
    [mlflow] logged run 'millet_FreezerSmallTrain'  (train_acc=1.0000 test_acc=0.8165 test_loss=0.4371)
[101/129] FreezerSmallTrain            DONE  acc=0.8165 loss=0.4371 AOPCR=  0.985 NDCG=  n/a C=  2 T=  301 (30s)  [98 trained / 2 failed so far]
[102/129] Fungi
    stage 1/3: loading data ...
    stage 2/3: training on 18 series (no val (train-loss early stop), C=18, T=201, batch=2) ...
    stage 3/3: scoring on 186 test series (accuracy + AOPCR) ...
    [mlflow] versioned model 'millet__mil_inceptiontime__mil_conjunctive' (id=m-f4a13e6634fa406d8f405c3f13fa5a55) params={'model_size_mb': '4.1137', 'n_model_params': '424739', 'name': 'millet'}
    [mlflow] logged run 'millet_Fungi'  (train_acc=1.0000 test_acc=1.0000 test_loss=0.1547)
[102/129] Fungi                        DONE  acc=1.0000 loss=0.1547 AOPCR=  1.214 NDCG=  n/a C= 18 T=  201 (28s)  [99 trained / 2 failed so far]
[103/129] GestureMidAirD1
    stage 1/3: loading data ...
    stage 2/3: training on 182 series (val=26, C=26, T=360, batch=16) ...
    stage 3/3: scoring on 130 test series (accuracy + AOPCR) ...
    [mlflow] versioned model 'millet__mil_inceptiontime__mil_conjunctive' (id=m-41663d9870a94ae1ba1b3e5705a7959b) params={'model_size_mb': '4.1177', 'n_model_params': '425771', 'name': 'millet'}
    [mlflow] logged run 'millet_GestureMidAirD1'  (train_acc=0.9780 val_acc=0.8077 test_acc=0.6615 test_loss=1.1053)
[103/129] GestureMidAirD1              DONE  acc=0.6615 loss=1.1053 AOPCR=  1.961 NDCG=  n/a C= 26 T=  360 (41s)  [100 trained / 2 failed so far]
[104/129] GestureMidAirD2
    stage 1/3: loading data ...
    stage 2/3: training on 182 series (val=26, C=26, T=360, batch=16) ...
    stage 3/3: scoring on 130 test series (accuracy + AOPCR) ...
    [mlflow] versioned model 'millet__mil_inceptiontime__mil_conjunctive' (id=m-bf5e13f567ed46908f7f7e129178e626) params={'model_size_mb': '4.1177', 'n_model_params': '425771', 'name': 'millet'}
    [mlflow] logged run 'millet_GestureMidAirD2'  (train_acc=0.8571 val_acc=0.5769 test_acc=0.6308 test_loss=1.0209)
[104/129] GestureMidAirD2              DONE  acc=0.6308 loss=1.0209 AOPCR=  1.207 NDCG=  n/a C= 26 T=  360 (26s)  [101 trained / 2 failed so far]
[105/129] GestureMidAirD3
    stage 1/3: loading data ...
    stage 2/3: training on 182 series (val=26, C=26, T=360, batch=16) ...
    stage 3/3: scoring on 130 test series (accuracy + AOPCR) ...
    [mlflow] versioned model 'millet__mil_inceptiontime__mil_conjunctive' (id=m-23777f4e89404b7883f6b06f63977fd9) params={'model_size_mb': '4.1177', 'n_model_params': '425771', 'name': 'millet'}
    [mlflow] logged run 'millet_GestureMidAirD3'  (train_acc=0.8516 val_acc=0.5000 test_acc=0.3385 test_loss=2.1658)
[105/129] GestureMidAirD3              DONE  acc=0.3385 loss=2.1658 AOPCR=  1.511 NDCG=  n/a C= 26 T=  360 (22s)  [102 trained / 2 failed so far]
[106/129] GesturePebbleZ1
    stage 1/3: loading data ...
    stage 2/3: training on 107 series (val=25, C=6, T=455, batch=10) ...
    stage 3/3: scoring on 172 test series (accuracy + AOPCR) ...
    [mlflow] versioned model 'millet__mil_inceptiontime__mil_conjunctive' (id=m-6cc894dd32ad42699963ee1515c2f62e) params={'model_size_mb': '4.1078', 'n_model_params': '423191', 'name': 'millet'}
    [mlflow] logged run 'millet_GesturePebbleZ1'  (train_acc=1.0000 val_acc=1.0000 test_acc=0.9302 test_loss=0.3268)
[106/129] GesturePebbleZ1              DONE  acc=0.9302 loss=0.3268 AOPCR=  1.285 NDCG=  n/a C=  6 T=  455 (37s)  [103 trained / 2 failed so far]
[107/129] GesturePebbleZ2
    stage 1/3: loading data ...
    stage 2/3: training on 120 series (val=26, C=6, T=455, batch=12) ...
    stage 3/3: scoring on 158 test series (accuracy + AOPCR) ...
    [mlflow] versioned model 'millet__mil_inceptiontime__mil_conjunctive' (id=m-170f9cfb0f934711b8e4727bd550a732) params={'model_size_mb': '4.1078', 'n_model_params': '423191', 'name': 'millet'}
    [mlflow] logged run 'millet_GesturePebbleZ2'  (train_acc=1.0000 val_acc=1.0000 test_acc=0.8924 test_loss=0.3859)
[107/129] GesturePebbleZ2              DONE  acc=0.8924 loss=0.3859 AOPCR=  1.385 NDCG=  n/a C=  6 T=  455 (34s)  [104 trained / 2 failed so far]
[108/129] GunPointAgeSpan
    stage 1/3: loading data ...
    stage 2/3: training on 109 series (val=26, C=2, T=150, batch=10) ...
    stage 3/3: scoring on 316 test series (accuracy + AOPCR) ...
    [mlflow] versioned model 'millet__mil_inceptiontime__mil_conjunctive' (id=m-eb647a8bd44147cc9e9f10a25b931b67) params={'model_size_mb': '4.1059', 'n_model_params': '422675', 'name': 'millet'}
    [mlflow] logged run 'millet_GunPointAgeSpan'  (train_acc=1.0000 val_acc=1.0000 test_acc=0.9810 test_loss=0.1123)
[108/129] GunPointAgeSpan              DONE  acc=0.9810 loss=0.1123 AOPCR=  1.105 NDCG=  n/a C=  2 T=  150 (25s)  [105 trained / 2 failed so far]
[109/129] GunPointMaleVersusFemale
    stage 1/3: loading data ...
    stage 2/3: training on 109 series (val=26, C=2, T=150, batch=10) ...
    stage 3/3: scoring on 316 test series (accuracy + AOPCR) ...
    [mlflow] versioned model 'millet__mil_inceptiontime__mil_conjunctive' (id=m-847c8b50120645d6845606646b35633a) params={'model_size_mb': '4.1059', 'n_model_params': '422675', 'name': 'millet'}
    [mlflow] logged run 'millet_GunPointMaleVersusFemale'  (train_acc=1.0000 val_acc=1.0000 test_acc=0.9968 test_loss=0.0821)
[109/129] GunPointMaleVersusFemale     DONE  acc=0.9968 loss=0.0821 AOPCR=  0.157 NDCG=  n/a C=  2 T=  150 (38s)  [106 trained / 2 failed so far]
[110/129] GunPointOldVersusYoung
    stage 1/3: loading data ...
    stage 2/3: training on 109 series (val=27, C=2, T=150, batch=10) ...
    stage 3/3: scoring on 315 test series (accuracy + AOPCR) ...
    [mlflow] versioned model 'millet__mil_inceptiontime__mil_conjunctive' (id=m-8228a7fbff9b41148c7796579c8a49fa) params={'model_size_mb': '4.1059', 'n_model_params': '422675', 'name': 'millet'}
    [mlflow] logged run 'millet_GunPointOldVersusYoung'  (train_acc=1.0000 val_acc=1.0000 test_acc=0.9302 test_loss=0.2064)
[110/129] GunPointOldVersusYoung       DONE  acc=0.9302 loss=0.2064 AOPCR=  0.570 NDCG=  n/a C=  2 T=  150 (31s)  [107 trained / 2 failed so far]
[111/129] HouseTwenty
    stage 1/3: loading data ...
    stage 2/3: training on 40 series (no val (train-loss early stop), C=2, T=2000, batch=4) ...
    stage 3/3: scoring on 119 test series (accuracy + AOPCR) ...
    [mlflow] versioned model 'millet__mil_inceptiontime__mil_conjunctive' (id=m-d9b06682d1184f8abec30a1f09f86aec) params={'model_size_mb': '4.1059', 'n_model_params': '422675', 'name': 'millet'}
    [mlflow] logged run 'millet_HouseTwenty'  (train_acc=1.0000 test_acc=0.9832 test_loss=0.1236)
[111/129] HouseTwenty                  DONE  acc=0.9832 loss=0.1236 AOPCR=  0.923 NDCG=  n/a C=  2 T= 2000 (41s)  [108 trained / 2 failed so far]
[112/129] InsectEPGRegularTrain
    stage 1/3: loading data ...
    stage 2/3: training on 62 series (no val (train-loss early stop), C=3, T=601, batch=6) ...
    stage 3/3: scoring on 249 test series (accuracy + AOPCR) ...
    [mlflow] versioned model 'millet__mil_inceptiontime__mil_conjunctive' (id=m-15a53a069b714b628012ff19300673e0) params={'model_size_mb': '4.1064', 'n_model_params': '422804', 'name': 'millet'}
    [mlflow] logged run 'millet_InsectEPGRegularTrain'  (train_acc=1.0000 test_acc=1.0000 test_loss=0.1527)
[112/129] InsectEPGRegularTrain        DONE  acc=1.0000 loss=0.1527 AOPCR=  0.914 NDCG=  n/a C=  3 T=  601 (38s)  [109 trained / 2 failed so far]
[113/129] InsectEPGSmallTrain
    stage 1/3: loading data ...
    stage 2/3: training on 17 series (no val (train-loss early stop), C=3, T=601, batch=2) ...
    stage 3/3: scoring on 249 test series (accuracy + AOPCR) ...
    [mlflow] versioned model 'millet__mil_inceptiontime__mil_conjunctive' (id=m-58f5bbc33177470c96efe78e7c940ee1) params={'model_size_mb': '4.1064', 'n_model_params': '422804', 'name': 'millet'}
    [mlflow] logged run 'millet_InsectEPGSmallTrain'  (train_acc=1.0000 test_acc=0.9277 test_loss=0.2643)
[113/129] InsectEPGSmallTrain          DONE  acc=0.9277 loss=0.2643 AOPCR=  1.590 NDCG=  n/a C=  3 T=  601 (21s)  [110 trained / 2 failed so far]
[114/129] MelbournePedestrian
    stage 1/3: loading data ...
    stage 2/3: training on 956 series (val=238, C=10, T=24, batch=16) ...
    stage 3/3: scoring on 2439 test series (accuracy + AOPCR) ...
[114/129] MelbournePedestrian          FAILED: RuntimeError: a Tensor with 16 elements cannot be converted to Scalar
[115/129] MixedShapesRegularTrain
    stage 1/3: loading data ...
    stage 2/3: training on 400 series (val=100, C=5, T=1024, batch=16) ...
    stage 3/3: scoring on 2425 test series (accuracy + AOPCR) ...
    [mlflow] versioned model 'millet__mil_inceptiontime__mil_conjunctive' (id=m-27e26ba5cf3747a7a91f3a65987762bc) params={'model_size_mb': '4.1073', 'n_model_params': '423062', 'name': 'millet'}
    [mlflow] logged run 'millet_MixedShapesRegularTrain'  (train_acc=1.0000 val_acc=0.9800 test_acc=0.9810 test_loss=0.1929)
[115/129] MixedShapesRegularTrain      DONE  acc=0.9810 loss=0.1929 AOPCR=  0.884 NDCG=  n/a C=  5 T= 1024 (151s)  [111 trained / 3 failed so far]
[116/129] MixedShapesSmallTrain
    stage 1/3: loading data ...
    stage 2/3: training on 80 series (val=20, C=5, T=1024, batch=8) ...
    stage 3/3: scoring on 2425 test series (accuracy + AOPCR) ...
    [mlflow] versioned model 'millet__mil_inceptiontime__mil_conjunctive' (id=m-175dc28d78c2477a8d3978aee3aadef9) params={'model_size_mb': '4.1073', 'n_model_params': '423062', 'name': 'millet'}
    [mlflow] logged run 'millet_MixedShapesSmallTrain'  (train_acc=1.0000 val_acc=1.0000 test_acc=0.8816 test_loss=0.4193)
[116/129] MixedShapesSmallTrain        DONE  acc=0.8816 loss=0.4193 AOPCR=  1.203 NDCG=  n/a C=  5 T= 1024 (42s)  [112 trained / 3 failed so far]
[117/129] PLAID
    stage 1/3: loading data ...
    stage 2/3: training on 436 series (val=101, C=11, T=1344, batch=16) ...
    stage 3/3: scoring on 537 test series (accuracy + AOPCR) ...
    [mlflow] versioned model 'millet__mil_inceptiontime__mil_conjunctive' (id=m-459762b91fe547d0b3738a60717363ea) params={'model_size_mb': '4.1103', 'n_model_params': '423836', 'name': 'millet'}
    [mlflow] logged run 'millet_PLAID'  (train_acc=0.9427 val_acc=0.9010 test_acc=0.8827 test_loss=0.4676)
[117/129] PLAID                        DONE  acc=0.8827 loss=0.4676 AOPCR=  1.692 NDCG=  n/a C= 11 T= 1344 (100s)  [113 trained / 3 failed so far]
[118/129] PickupGestureWiimoteZ
    stage 1/3: loading data ...
    stage 2/3: training on 50 series (no val (train-loss early stop), C=10, T=361, batch=5) ...
    stage 3/3: scoring on 50 test series (accuracy + AOPCR) ...
    [mlflow] versioned model 'millet__mil_inceptiontime__mil_conjunctive' (id=m-72b64b6a64cd4b648fb9a881faa8b9f6) params={'model_size_mb': '4.1098', 'n_model_params': '423707', 'name': 'millet'}
    [mlflow] logged run 'millet_PickupGestureWiimoteZ'  (train_acc=1.0000 test_acc=0.8600 test_loss=0.7278)
[118/129] PickupGestureWiimoteZ        DONE  acc=0.8600 loss=0.7278 AOPCR=  1.169 NDCG=  n/a C= 10 T=  361 (29s)  [114 trained / 3 failed so far]
[119/129] PigAirwayPressure
    stage 1/3: loading data ...
    stage 2/3: training on 52 series (val=52, C=52, T=2000, batch=5) ...
    stage 3/3: scoring on 208 test series (accuracy + AOPCR) ...
    [mlflow] versioned model 'millet__mil_inceptiontime__mil_conjunctive' (id=m-6c9bc826e0504aca895b245ce2388b94) params={'model_size_mb': '4.1305', 'n_model_params': '429125', 'name': 'millet'}
    [mlflow] logged run 'millet_PigAirwayPressure'  (train_acc=0.0577 val_acc=0.0385 test_acc=0.0337 test_loss=3.8570)
[119/129] PigAirwayPressure            DONE  acc=0.0337 loss=3.8570 AOPCR=  0.080 NDCG=  n/a C= 52 T= 2000 (11s)  [115 trained / 3 failed so far]
[120/129] PigArtPressure
    stage 1/3: loading data ...
    stage 2/3: training on 52 series (val=52, C=52, T=2000, batch=5) ...
    stage 3/3: scoring on 208 test series (accuracy + AOPCR) ...
    [mlflow] versioned model 'millet__mil_inceptiontime__mil_conjunctive' (id=m-c10bf867f9f540c8888008ad78610a94) params={'model_size_mb': '4.1305', 'n_model_params': '429125', 'name': 'millet'}
    [mlflow] logged run 'millet_PigArtPressure'  (train_acc=1.0000 val_acc=0.8654 test_acc=0.9183 test_loss=0.4522)
[120/129] PigArtPressure               DONE  acc=0.9183 loss=0.4522 AOPCR=  0.803 NDCG=  n/a C= 52 T= 2000 (34s)  [116 trained / 3 failed so far]
[121/129] PigCVP
    stage 1/3: loading data ...
    stage 2/3: training on 52 series (val=52, C=52, T=2000, batch=5) ...
    stage 3/3: scoring on 208 test series (accuracy + AOPCR) ...
    [mlflow] versioned model 'millet__mil_inceptiontime__mil_conjunctive' (id=m-7ce97e852665448c8313cacd51dd7c30) params={'model_size_mb': '4.1305', 'n_model_params': '429125', 'name': 'millet'}
    [mlflow] logged run 'millet_PigCVP'  (train_acc=1.0000 val_acc=0.7115 test_acc=0.7644 test_loss=1.1336)
[121/129] PigCVP                       DONE  acc=0.7644 loss=1.1336 AOPCR=  0.519 NDCG=  n/a C= 52 T= 2000 (46s)  [117 trained / 3 failed so far]
[122/129] PowerCons
    stage 1/3: loading data ...
    stage 2/3: training on 144 series (val=36, C=2, T=144, batch=14) ...
    stage 3/3: scoring on 180 test series (accuracy + AOPCR) ...
    [mlflow] versioned model 'millet__mil_inceptiontime__mil_conjunctive' (id=m-88f40b97767a48959e922bcba37550ec) params={'model_size_mb': '4.1059', 'n_model_params': '422675', 'name': 'millet'}
    [mlflow] logged run 'millet_PowerCons'  (train_acc=1.0000 val_acc=0.9444 test_acc=0.9389 test_loss=0.2107)
[122/129] PowerCons                    DONE  acc=0.9389 loss=0.2107 AOPCR=  0.648 NDCG=  n/a C=  2 T=  144 (10s)  [118 trained / 3 failed so far]
[123/129] Rock
    stage 1/3: loading data ...
    stage 2/3: training on 20 series (no val (train-loss early stop), C=4, T=2844, batch=2) ...
    stage 3/3: scoring on 50 test series (accuracy + AOPCR) ...
    [mlflow] versioned model 'millet__mil_inceptiontime__mil_conjunctive' (id=m-d1bae2cb0cfa4391b025b103da72c318) params={'model_size_mb': '4.1068', 'n_model_params': '422933', 'name': 'millet'}
    [mlflow] logged run 'millet_Rock'  (train_acc=1.0000 test_acc=0.6000 test_loss=0.8668)
[123/129] Rock                         DONE  acc=0.6000 loss=0.8668 AOPCR=  1.632 NDCG=  n/a C=  4 T= 2844 (48s)  [119 trained / 3 failed so far]
[124/129] SemgHandGenderCh2
    stage 1/3: loading data ...
    stage 2/3: training on 240 series (val=60, C=2, T=1500, batch=16) ...
    stage 3/3: scoring on 600 test series (accuracy + AOPCR) ...
    [mlflow] versioned model 'millet__mil_inceptiontime__mil_conjunctive' (id=m-b890565344b44fe59cc7a6060ea41d11) params={'model_size_mb': '4.1059', 'n_model_params': '422675', 'name': 'millet'}
    [mlflow] logged run 'millet_SemgHandGenderCh2'  (train_acc=0.9625 val_acc=0.8500 test_acc=0.8767 test_loss=0.3153)
[124/129] SemgHandGenderCh2            DONE  acc=0.8767 loss=0.3153 AOPCR=  1.637 NDCG=  n/a C=  2 T= 1500 (32s)  [120 trained / 3 failed so far]
[125/129] SemgHandMovementCh2
    stage 1/3: loading data ...
    stage 2/3: training on 360 series (val=90, C=6, T=1500, batch=16) ...
    stage 3/3: scoring on 450 test series (accuracy + AOPCR) ...
    [mlflow] versioned model 'millet__mil_inceptiontime__mil_conjunctive' (id=m-2c2951a6c1a54cd19824cae8ceb4160b) params={'model_size_mb': '4.1078', 'n_model_params': '423191', 'name': 'millet'}
    [mlflow] logged run 'millet_SemgHandMovementCh2'  (train_acc=0.7194 val_acc=0.5778 test_acc=0.4489 test_loss=1.3237)
[125/129] SemgHandMovementCh2          DONE  acc=0.4489 loss=1.3237 AOPCR=  1.991 NDCG=  n/a C=  6 T= 1500 (53s)  [121 trained / 3 failed so far]
[126/129] SemgHandSubjectCh2
    stage 1/3: loading data ...
    stage 2/3: training on 360 series (val=90, C=5, T=1500, batch=16) ...
    stage 3/3: scoring on 450 test series (accuracy + AOPCR) ...
    [mlflow] versioned model 'millet__mil_inceptiontime__mil_conjunctive' (id=m-97e67075e4444c03a318bcb967061678) params={'model_size_mb': '4.1073', 'n_model_params': '423062', 'name': 'millet'}
    [mlflow] logged run 'millet_SemgHandSubjectCh2'  (train_acc=1.0000 val_acc=0.9111 test_acc=0.7978 test_loss=0.6814)
[126/129] SemgHandSubjectCh2           DONE  acc=0.7978 loss=0.6814 AOPCR=  1.761 NDCG=  n/a C=  5 T= 1500 (83s)  [122 trained / 3 failed so far]
[127/129] ShakeGestureWiimoteZ
    stage 1/3: loading data ...
    stage 2/3: training on 50 series (no val (train-loss early stop), C=10, T=385, batch=5) ...
    stage 3/3: scoring on 50 test series (accuracy + AOPCR) ...
    [mlflow] versioned model 'millet__mil_inceptiontime__mil_conjunctive' (id=m-216c9e19b64b4b6095adbec5220e1672) params={'model_size_mb': '4.1098', 'n_model_params': '423707', 'name': 'millet'}
    [mlflow] logged run 'millet_ShakeGestureWiimoteZ'  (train_acc=1.0000 test_acc=0.8800 test_loss=0.4797)
[127/129] ShakeGestureWiimoteZ         DONE  acc=0.8800 loss=0.4797 AOPCR=  0.942 NDCG=  n/a C= 10 T=  385 (26s)  [123 trained / 3 failed so far]
[128/129] SmoothSubspace
    stage 1/3: loading data ...
    stage 2/3: training on 120 series (val=30, C=3, T=15, batch=12) ...
[128/129] SmoothSubspace               FAILED: RuntimeError: a Tensor with 12 elements cannot be converted to Scalar
[129/129] UMD
    stage 1/3: loading data ...
    stage 2/3: training on 36 series (no val (train-loss early stop), C=3, T=150, batch=3) ...
    stage 3/3: scoring on 144 test series (accuracy + AOPCR) ...
    [mlflow] versioned model 'millet__mil_inceptiontime__mil_conjunctive' (id=m-f82b5863911f4719adaa98b00f6a75a2) params={'model_size_mb': '4.1064', 'n_model_params': '422804', 'name': 'millet'}
    [mlflow] logged run 'millet_UMD'  (train_acc=1.0000 test_acc=0.9861 test_loss=0.1280)
[129/129] UMD                          DONE  acc=0.9861 loss=0.1280 AOPCR=  1.393 NDCG=  n/a C=  3 T=  150 (18s)  [124 trained / 4 failed so far]

Done: 124 trained, 1 skipped, 4 failed.
Results -> results/SEA_NET/millet__mil_inceptiontime__mil_conjunctive/results.csv

=== millet__mil_inceptiontime__mil_conjunctive vs MILLET ConjunctiveInceptionTime (mean of 5 reps) ===
  UCR datasets evaluated: 124  (with MILLET baseline: 84, without: 40)
  metric        ours    MILLET   win/tie/loss   (mean over the 84 datasets MILLET published)
  acc         0.8203    0.8433       14/22/48   
  loss        0.5372    1.2321        58/1/25   (lower is better)
  aopcr       0.7975    4.5579         3/0/81   
  wrote results/SEA_NET/millet__mil_inceptiontime__mil_conjunctive/comparison_vs_millet.csv

Next: `python main.py report` to draw the figures for millet__mil_inceptiontime__mil_conjunctive.

[log] finished; full output saved to results/SEA_NET/millet__mil_inceptiontime__mil_conjunctive/logs/train_2026-07-28_15-45-07.log
