[log] command 'train' started at 2026-08-04_14-04-39 for model 'millet__mil_inceptiontime__mil_conjunctive'
[log] a copy of everything below is being saved to: results/SEA_NET/millet__mil_inceptiontime__mil_conjunctive/logs/train_2026-08-04_14-04-39.log

=== train: model=millet__mil_inceptiontime__mil_conjunctive (config sv1/millet) device=cuda mode=full datasets=86 ===
[params] using DEFAULT recipe (no Optuna record yet - run 'python main.py optuna --model sv1/millet').
  results  -> results/SEA_NET/millet__mil_inceptiontime__mil_conjunctive/results.csv
  resume   -> results/SEA_NET/millet__mil_inceptiontime__mil_conjunctive/done_train_dataset.txt  (delete it to retrain everything; delete one line to retrain that dataset)

  [mlflow] logging runs to experiment 'SEA-Net_millet__mil_inceptiontime__mil_conjunctive_2026-08-04' at sqlite:///mlflow.db
  [mlflow] browse later with:  mlflow ui --backend-store-uri sqlite:///mlflow.db
[  1/86] WebTraffic
    stage 1/3: loading data ...
    stage 2/3: training on 400 series (val=100, C=10, T=1008, batch=16) ...
    stage 3/3: scoring on 500 test series (accuracy + AOPCR + NDCG) ...
    [mlflow] versioned model 'millet__mil_inceptiontime__mil_conjunctive' (id=m-7961adea130e473d80b2140290d53d18) params={'model_size_mb': '4.1098', 'n_model_params': '423707', 'name': 'millet'}
    [mlflow] logged run 'millet_WebTraffic'  (train_acc=1.0000 val_acc=0.9100 test_acc=0.8760 test_loss=0.5253)
[  1/86] WebTraffic                   DONE  acc=0.8760 loss=0.5253 AOPCR=  2.795 NDCG=0.695 C= 10 T= 1008 (60s)  [1 trained / 0 failed so far]
[  2/86] Adiac
    stage 1/3: loading data ...
    stage 2/3: training on 328 series (val=62, C=37, T=176, batch=16) ...
    stage 3/3: scoring on 391 test series (accuracy + AOPCR) ...
    [mlflow] versioned model 'millet__mil_inceptiontime__mil_conjunctive' (id=m-2cd0cfdb135a4a998b469461db7c61d7) params={'model_size_mb': '4.1231', 'n_model_params': '427190', 'name': 'millet'}
    [mlflow] logged run 'millet_Adiac'  (train_acc=0.9756 val_acc=0.8226 test_acc=0.7954 test_loss=0.7919)
[  2/86] Adiac                        DONE  acc=0.7954 loss=0.7919 AOPCR=  1.339 NDCG=  n/a C= 37 T=  176 (148s)  [2 trained / 0 failed so far]
[  3/86] ArrowHead
    stage 1/3: loading data ...
    stage 2/3: training on 36 series (no val (train-loss early stop), C=3, T=251, batch=3) ...
    stage 3/3: scoring on 175 test series (accuracy + AOPCR) ...
    [mlflow] versioned model 'millet__mil_inceptiontime__mil_conjunctive' (id=m-9cf84b8c76bb4b4985d86affc53f7b76) params={'model_size_mb': '4.1064', 'n_model_params': '422804', 'name': 'millet'}
    [mlflow] logged run 'millet_ArrowHead'  (train_acc=1.0000 test_acc=0.8171 test_loss=0.4572)
[  3/86] ArrowHead                    DONE  acc=0.8171 loss=0.4572 AOPCR=  0.769 NDCG=  n/a C=  3 T=  251 (16s)  [3 trained / 0 failed so far]
[  4/86] Beef
    stage 1/3: loading data ...
    stage 2/3: training on 30 series (no val (train-loss early stop), C=5, T=470, batch=3) ...
    stage 3/3: scoring on 30 test series (accuracy + AOPCR) ...
    [mlflow] versioned model 'millet__mil_inceptiontime__mil_conjunctive' (id=m-4da96b60c85c46fea76adeb52ca6bca1) params={'model_size_mb': '4.1073', 'n_model_params': '423062', 'name': 'millet'}
    [mlflow] logged run 'millet_Beef'  (train_acc=1.0000 test_acc=0.8000 test_loss=0.5886)
[  4/86] Beef                         DONE  acc=0.8000 loss=0.5886 AOPCR=  1.269 NDCG=  n/a C=  5 T=  470 (25s)  [4 trained / 0 failed so far]
[  5/86] BeetleFly
    stage 1/3: loading data ...
    stage 2/3: training on 20 series (no val (train-loss early stop), C=2, T=512, batch=2) ...
    stage 3/3: scoring on 20 test series (accuracy + AOPCR) ...
    [mlflow] versioned model 'millet__mil_inceptiontime__mil_conjunctive' (id=m-ea21579c10624bcda1465a80a5f1a59b) params={'model_size_mb': '4.1059', 'n_model_params': '422675', 'name': 'millet'}
    [mlflow] logged run 'millet_BeetleFly'  (train_acc=1.0000 test_acc=0.9000 test_loss=0.3184)
[  5/86] BeetleFly                    DONE  acc=0.9000 loss=0.3184 AOPCR=  0.238 NDCG=  n/a C=  2 T=  512 (10s)  [5 trained / 0 failed so far]
[  6/86] BirdChicken
    stage 1/3: loading data ...
    stage 2/3: training on 20 series (no val (train-loss early stop), C=2, T=512, batch=2) ...
    stage 3/3: scoring on 20 test series (accuracy + AOPCR) ...
    [mlflow] versioned model 'millet__mil_inceptiontime__mil_conjunctive' (id=m-8344ba9ab9d94dde908bd3869c7def71) params={'model_size_mb': '4.1059', 'n_model_params': '422675', 'name': 'millet'}
    [mlflow] logged run 'millet_BirdChicken'  (train_acc=1.0000 test_acc=1.0000 test_loss=0.2104)
[  6/86] BirdChicken                  DONE  acc=1.0000 loss=0.2104 AOPCR=  0.806 NDCG=  n/a C=  2 T=  512 (14s)  [6 trained / 0 failed so far]
[  7/86] Car
    stage 1/3: loading data ...
    stage 2/3: training on 60 series (no val (train-loss early stop), C=4, T=577, batch=6) ...
    stage 3/3: scoring on 60 test series (accuracy + AOPCR) ...
    [mlflow] versioned model 'millet__mil_inceptiontime__mil_conjunctive' (id=m-8928a117f8064e848eea03a2155f4479) params={'model_size_mb': '4.1068', 'n_model_params': '422933', 'name': 'millet'}
    [mlflow] logged run 'millet_Car'  (train_acc=1.0000 test_acc=0.9333 test_loss=0.3489)
[  7/86] Car                          DONE  acc=0.9333 loss=0.3489 AOPCR=  0.965 NDCG=  n/a C=  4 T=  577 (22s)  [7 trained / 0 failed so far]
[  8/86] CBF
    stage 1/3: loading data ...
    stage 2/3: training on 30 series (no val (train-loss early stop), C=3, T=128, batch=3) ...
    stage 3/3: scoring on 900 test series (accuracy + AOPCR) ...
    [mlflow] versioned model 'millet__mil_inceptiontime__mil_conjunctive' (id=m-bf095f043c5a49cca82696fdc68769e5) params={'model_size_mb': '4.1064', 'n_model_params': '422804', 'name': 'millet'}
    [mlflow] logged run 'millet_CBF'  (train_acc=1.0000 test_acc=0.9978 test_loss=0.1353)
[  8/86] CBF                          DONE  acc=0.9978 loss=0.1353 AOPCR=  0.809 NDCG=  n/a C=  3 T=  128 (12s)  [8 trained / 0 failed so far]
[  9/86] ChlorineConcentration
    stage 1/3: loading data ...
    stage 2/3: training on 375 series (val=92, C=3, T=166, batch=16) ...
    stage 3/3: scoring on 3840 test series (accuracy + AOPCR) ...
    [mlflow] versioned model 'millet__mil_inceptiontime__mil_conjunctive' (id=m-3825afe74610404c8b76eee16a33cb37) params={'model_size_mb': '4.1064', 'n_model_params': '422804', 'name': 'millet'}
    [mlflow] logged run 'millet_ChlorineConcentration'  (train_acc=1.0000 val_acc=0.8152 test_acc=0.8167 test_loss=0.5463)
[  9/86] ChlorineConcentration        DONE  acc=0.8167 loss=0.5463 AOPCR=  0.435 NDCG=  n/a C=  3 T=  166 (152s)  [9 trained / 0 failed so far]
[ 10/86] CinCECGTorso
    stage 1/3: loading data ...
    stage 2/3: training on 40 series (no val (train-loss early stop), C=4, T=1639, batch=4) ...
    stage 3/3: scoring on 1380 test series (accuracy + AOPCR) ...
    [mlflow] versioned model 'millet__mil_inceptiontime__mil_conjunctive' (id=m-6fe1218abde545c7b8cae67a6b6ff5aa) params={'model_size_mb': '4.1068', 'n_model_params': '422933', 'name': 'millet'}
    [mlflow] logged run 'millet_CinCECGTorso'  (train_acc=1.0000 test_acc=0.8239 test_loss=0.5776)
[ 10/86] CinCECGTorso                 DONE  acc=0.8239 loss=0.5776 AOPCR=  1.398 NDCG=  n/a C=  4 T= 1639 (27s)  [10 trained / 0 failed so far]
[ 11/86] Coffee
    stage 1/3: loading data ...
    stage 2/3: training on 28 series (no val (train-loss early stop), C=2, T=286, batch=2) ...
    stage 3/3: scoring on 28 test series (accuracy + AOPCR) ...
    [mlflow] versioned model 'millet__mil_inceptiontime__mil_conjunctive' (id=m-4c2bb32afe3847a3babca81a6e75d64e) params={'model_size_mb': '4.1059', 'n_model_params': '422675', 'name': 'millet'}
    [mlflow] logged run 'millet_Coffee'  (train_acc=1.0000 test_acc=1.0000 test_loss=0.0736)
[ 11/86] Coffee                       DONE  acc=1.0000 loss=0.0736 AOPCR=  1.415 NDCG=  n/a C=  2 T=  286 (20s)  [11 trained / 0 failed so far]
[ 12/86] Computers
    stage 1/3: loading data ...
    stage 2/3: training on 200 series (val=50, C=2, T=720, batch=16) ...
    stage 3/3: scoring on 250 test series (accuracy + AOPCR) ...
    [mlflow] versioned model 'millet__mil_inceptiontime__mil_conjunctive' (id=m-13d3ec1342be44489482b9e5b2ef0d34) params={'model_size_mb': '4.1059', 'n_model_params': '422675', 'name': 'millet'}
    [mlflow] logged run 'millet_Computers'  (train_acc=0.9400 val_acc=0.8200 test_acc=0.7760 test_loss=0.4442)
[ 12/86] Computers                    DONE  acc=0.7760 loss=0.4442 AOPCR=  0.521 NDCG=  n/a C=  2 T=  720 (14s)  [12 trained / 0 failed so far]
[ 13/86] CricketX
    stage 1/3: loading data ...
    stage 2/3: training on 317 series (val=73, C=12, T=300, batch=16) ...
    stage 3/3: scoring on 390 test series (accuracy + AOPCR) ...
    [mlflow] versioned model 'millet__mil_inceptiontime__mil_conjunctive' (id=m-fc17c076bf8c43b0aec2bf416b29466f) params={'model_size_mb': '4.1108', 'n_model_params': '423965', 'name': 'millet'}
    [mlflow] logged run 'millet_CricketX'  (train_acc=1.0000 val_acc=0.8904 test_acc=0.8026 test_loss=0.7555)
[ 13/86] CricketX                     DONE  acc=0.8026 loss=0.7555 AOPCR=  1.321 NDCG=  n/a C= 12 T=  300 (26s)  [13 trained / 0 failed so far]
[ 14/86] CricketY
    stage 1/3: loading data ...
    stage 2/3: training on 317 series (val=73, C=12, T=300, batch=16) ...
    stage 3/3: scoring on 390 test series (accuracy + AOPCR) ...
    [mlflow] versioned model 'millet__mil_inceptiontime__mil_conjunctive' (id=m-9456bfde4d8a43fdb73ba41de9173b9a) params={'model_size_mb': '4.1108', 'n_model_params': '423965', 'name': 'millet'}
    [mlflow] logged run 'millet_CricketY'  (train_acc=1.0000 val_acc=0.8904 test_acc=0.8154 test_loss=0.7223)
[ 14/86] CricketY                     DONE  acc=0.8154 loss=0.7223 AOPCR=  1.437 NDCG=  n/a C= 12 T=  300 (18s)  [14 trained / 0 failed so far]
[ 15/86] CricketZ
    stage 1/3: loading data ...
    stage 2/3: training on 316 series (val=74, C=12, T=300, batch=16) ...
    stage 3/3: scoring on 390 test series (accuracy + AOPCR) ...
    [mlflow] versioned model 'millet__mil_inceptiontime__mil_conjunctive' (id=m-fcdeef07e3624746a6f0d26e02cc2c89) params={'model_size_mb': '4.1108', 'n_model_params': '423965', 'name': 'millet'}
    [mlflow] logged run 'millet_CricketZ'  (train_acc=0.9937 val_acc=0.7703 test_acc=0.8026 test_loss=0.7070)
[ 15/86] CricketZ                     DONE  acc=0.8026 loss=0.7070 AOPCR=  1.704 NDCG=  n/a C= 12 T=  300 (15s)  [15 trained / 0 failed so far]
[ 16/86] DiatomSizeReduction
    stage 1/3: loading data ...
    stage 2/3: training on 16 series (no val (train-loss early stop), C=4, T=345, batch=2) ...
    stage 3/3: scoring on 306 test series (accuracy + AOPCR) ...
    [mlflow] versioned model 'millet__mil_inceptiontime__mil_conjunctive' (id=m-2fdb032850c344c49aa77c0515647300) params={'model_size_mb': '4.1068', 'n_model_params': '422933', 'name': 'millet'}
    [mlflow] logged run 'millet_DiatomSizeReduction'  (train_acc=1.0000 test_acc=0.9542 test_loss=0.2040)
[ 16/86] DiatomSizeReduction          DONE  acc=0.9542 loss=0.2040 AOPCR= -0.564 NDCG=  n/a C=  4 T=  345 (19s)  [16 trained / 0 failed so far]
[ 17/86] DistalPhalanxOutlineAgeGroup
    stage 1/3: loading data ...
    stage 2/3: training on 321 series (val=79, C=3, T=80, batch=16) ...
    stage 3/3: scoring on 139 test series (accuracy + AOPCR) ...
    [mlflow] versioned model 'millet__mil_inceptiontime__mil_conjunctive' (id=m-51ea1e85aa584055a2658fb70794a43e) params={'model_size_mb': '4.1064', 'n_model_params': '422804', 'name': 'millet'}
    [mlflow] logged run 'millet_DistalPhalanxOutlineAgeGroup'  (train_acc=0.8629 val_acc=0.8734 test_acc=0.7698 test_loss=0.5527)
[ 17/86] DistalPhalanxOutlineAgeGroup DONE  acc=0.7698 loss=0.5527 AOPCR=  0.526 NDCG=  n/a C=  3 T=   80 (19s)  [17 trained / 0 failed so far]
[ 18/86] DistalPhalanxOutlineCorrect
    stage 1/3: loading data ...
    stage 2/3: training on 481 series (val=119, C=2, T=80, batch=16) ...
    stage 3/3: scoring on 276 test series (accuracy + AOPCR) ...
    [mlflow] versioned model 'millet__mil_inceptiontime__mil_conjunctive' (id=m-ecdffe38ddf849bfa3c79d325ce6bede) params={'model_size_mb': '4.1059', 'n_model_params': '422675', 'name': 'millet'}
    [mlflow] logged run 'millet_DistalPhalanxOutlineCorrect'  (train_acc=0.9252 val_acc=0.8992 test_acc=0.7717 test_loss=0.4827)
[ 18/86] DistalPhalanxOutlineCorrect  DONE  acc=0.7717 loss=0.4827 AOPCR=  0.246 NDCG=  n/a C=  2 T=   80 (32s)  [18 trained / 0 failed so far]
[ 19/86] DistalPhalanxTW
    stage 1/3: loading data ...
    stage 2/3: training on 323 series (val=77, C=6, T=80, batch=16) ...
    stage 3/3: scoring on 139 test series (accuracy + AOPCR) ...
    [mlflow] versioned model 'millet__mil_inceptiontime__mil_conjunctive' (id=m-4b2a4f19b0c742779d08eb28d380b080) params={'model_size_mb': '4.1078', 'n_model_params': '423191', 'name': 'millet'}
    [mlflow] logged run 'millet_DistalPhalanxTW'  (train_acc=0.8916 val_acc=0.7922 test_acc=0.6619 test_loss=0.8355)
[ 19/86] DistalPhalanxTW              DONE  acc=0.6619 loss=0.8355 AOPCR=  0.582 NDCG=  n/a C=  6 T=   80 (28s)  [19 trained / 0 failed so far]
[ 20/86] Earthquakes
    stage 1/3: loading data ...
    stage 2/3: training on 259 series (val=63, C=2, T=512, batch=16) ...
    stage 3/3: scoring on 139 test series (accuracy + AOPCR) ...
    [mlflow] versioned model 'millet__mil_inceptiontime__mil_conjunctive' (id=m-0281b201553249c98519d67f8855657b) params={'model_size_mb': '4.1059', 'n_model_params': '422675', 'name': 'millet'}
    [mlflow] logged run 'millet_Earthquakes'  (train_acc=1.0000 val_acc=0.8254 test_acc=0.7410 test_loss=0.5500)
[ 20/86] Earthquakes                  DONE  acc=0.7410 loss=0.5500 AOPCR=  0.611 NDCG=  n/a C=  2 T=  512 (17s)  [20 trained / 0 failed so far]
[ 21/86] ECG200
    stage 1/3: loading data ...
    stage 2/3: training on 81 series (val=19, C=2, T=96, batch=8) ...
    stage 3/3: scoring on 100 test series (accuracy + AOPCR) ...
    [mlflow] versioned model 'millet__mil_inceptiontime__mil_conjunctive' (id=m-57619f2710a54f72a4fd1c30f16bd508) params={'model_size_mb': '4.1059', 'n_model_params': '422675', 'name': 'millet'}
    [mlflow] logged run 'millet_ECG200'  (train_acc=1.0000 val_acc=0.9474 test_acc=0.8900 test_loss=0.2952)
[ 21/86] ECG200                       DONE  acc=0.8900 loss=0.2952 AOPCR=  0.524 NDCG=  n/a C=  2 T=   96 (12s)  [21 trained / 0 failed so far]
[ 22/86] ECG5000
    stage 1/3: loading data ...
    stage 2/3: training on 401 series (val=99, C=5, T=140, batch=16) ...
    stage 3/3: scoring on 4500 test series (accuracy + AOPCR) ...
    [mlflow] versioned model 'millet__mil_inceptiontime__mil_conjunctive' (id=m-3cf2ac487fe04bb2a0107a74bc8533a8) params={'model_size_mb': '4.1073', 'n_model_params': '423062', 'name': 'millet'}
    [mlflow] logged run 'millet_ECG5000'  (train_acc=0.9726 val_acc=0.9697 test_acc=0.9376 test_loss=0.2941)
[ 22/86] ECG5000                      DONE  acc=0.9376 loss=0.2941 AOPCR=  1.123 NDCG=  n/a C=  5 T=  140 (60s)  [22 trained / 0 failed so far]
[ 23/86] ECGFiveDays
    stage 1/3: loading data ...
    stage 2/3: training on 23 series (no val (train-loss early stop), C=2, T=136, batch=2) ...
    stage 3/3: scoring on 861 test series (accuracy + AOPCR) ...
    [mlflow] versioned model 'millet__mil_inceptiontime__mil_conjunctive' (id=m-a8c491e170a746549e2ab0f1581f7f56) params={'model_size_mb': '4.1059', 'n_model_params': '422675', 'name': 'millet'}
    [mlflow] logged run 'millet_ECGFiveDays'  (train_acc=1.0000 test_acc=1.0000 test_loss=0.0747)
[ 23/86] ECGFiveDays                  DONE  acc=1.0000 loss=0.0747 AOPCR=  0.209 NDCG=  n/a C=  2 T=  136 (17s)  [23 trained / 0 failed so far]
[ 24/86] ElectricDevices
    stage 1/3: loading data ...
    stage 2/3: training on 7144 series (val=1782, C=7, T=96, batch=16) ...
    stage 3/3: scoring on 7711 test series (accuracy + AOPCR) ...
    [mlflow] versioned model 'millet__mil_inceptiontime__mil_conjunctive' (id=m-0bd574c9410a43eab84c8fe0ff089328) params={'model_size_mb': '4.1083', 'n_model_params': '423320', 'name': 'millet'}
    [mlflow] logged run 'millet_ElectricDevices'  (train_acc=0.9580 val_acc=0.8967 test_acc=0.7095 test_loss=0.9451)
[ 24/86] ElectricDevices              DONE  acc=0.7095 loss=0.9451 AOPCR=  0.658 NDCG=  n/a C=  7 T=   96 (786s)  [24 trained / 0 failed so far]
[ 25/86] FaceAll
    stage 1/3: loading data ...
    stage 2/3: training on 448 series (val=112, C=14, T=131, batch=16) ...
    stage 3/3: scoring on 1690 test series (accuracy + AOPCR) ...
    [mlflow] versioned model 'millet__mil_inceptiontime__mil_conjunctive' (id=m-cbefa969cfe644c5912f8a2ddf04326b) params={'model_size_mb': '4.1117', 'n_model_params': '424223', 'name': 'millet'}
    [mlflow] logged run 'millet_FaceAll'  (train_acc=1.0000 val_acc=0.9911 test_acc=0.9320 test_loss=0.3674)
[ 25/86] FaceAll                      DONE  acc=0.9320 loss=0.3674 AOPCR=  0.114 NDCG=  n/a C= 14 T=  131 (181s)  [25 trained / 0 failed so far]
[ 26/86] FaceFour
    stage 1/3: loading data ...
    stage 2/3: training on 24 series (no val (train-loss early stop), C=4, T=350, batch=2) ...
    stage 3/3: scoring on 88 test series (accuracy + AOPCR) ...
    [mlflow] versioned model 'millet__mil_inceptiontime__mil_conjunctive' (id=m-9d4df0c5023c42b286ea1ccda95eaa9e) params={'model_size_mb': '4.1068', 'n_model_params': '422933', 'name': 'millet'}
    [mlflow] logged run 'millet_FaceFour'  (train_acc=1.0000 test_acc=0.9886 test_loss=0.2595)
[ 26/86] FaceFour                     DONE  acc=0.9886 loss=0.2595 AOPCR=  0.656 NDCG=  n/a C=  4 T=  350 (22s)  [26 trained / 0 failed so far]
[ 27/86] FacesUCR
    stage 1/3: loading data ...
    stage 2/3: training on 165 series (val=35, C=14, T=131, batch=16) ...
    stage 3/3: scoring on 2050 test series (accuracy + AOPCR) ...
    [mlflow] versioned model 'millet__mil_inceptiontime__mil_conjunctive' (id=m-af671252c24a43bb8f9ef6a5b58649fe) params={'model_size_mb': '4.1117', 'n_model_params': '424223', 'name': 'millet'}
    [mlflow] logged run 'millet_FacesUCR'  (train_acc=1.0000 val_acc=1.0000 test_acc=0.9546 test_loss=0.3390)
[ 27/86] FacesUCR                     DONE  acc=0.9546 loss=0.3390 AOPCR= -0.009 NDCG=  n/a C= 14 T=  131 (57s)  [27 trained / 0 failed so far]
[ 28/86] FiftyWords
    stage 1/3: loading data ...
    stage 2/3: training on 365 series (val=85, C=50, T=270, batch=16) ...
    stage 3/3: scoring on 455 test series (accuracy + AOPCR) ...
    [mlflow] versioned model 'millet__mil_inceptiontime__mil_conjunctive' (id=m-b3cd55446150488f8d833a788feccfcc) params={'model_size_mb': '4.1295', 'n_model_params': '428867', 'name': 'millet'}
    [mlflow] logged run 'millet_FiftyWords'  (train_acc=1.0000 val_acc=0.7882 test_acc=0.8044 test_loss=0.9130)
[ 28/86] FiftyWords                   DONE  acc=0.8044 loss=0.9130 AOPCR=  0.814 NDCG=  n/a C= 50 T=  270 (28s)  [28 trained / 0 failed so far]
[ 29/86] Fish
    stage 1/3: loading data ...
    stage 2/3: training on 142 series (val=33, C=7, T=463, batch=14) ...
    stage 3/3: scoring on 175 test series (accuracy + AOPCR) ...
    [mlflow] versioned model 'millet__mil_inceptiontime__mil_conjunctive' (id=m-f2b8f46517ad466fa29d42cf62dde849) params={'model_size_mb': '4.1083', 'n_model_params': '423320', 'name': 'millet'}
    [mlflow] logged run 'millet_Fish'  (train_acc=1.0000 val_acc=0.8788 test_acc=0.9829 test_loss=0.4656)
[ 29/86] Fish                         DONE  acc=0.9829 loss=0.4656 AOPCR=  1.792 NDCG=  n/a C=  7 T=  463 (9s)  [29 trained / 0 failed so far]
[ 30/86] FordA
    stage 1/3: loading data ...
    stage 2/3: training on 2881 series (val=720, C=2, T=500, batch=16) ...
    stage 3/3: scoring on 1320 test series (accuracy + AOPCR) ...
    [mlflow] versioned model 'millet__mil_inceptiontime__mil_conjunctive' (id=m-30055eeb543b4c31b8e4393b23ac5c18) params={'model_size_mb': '4.1059', 'n_model_params': '422675', 'name': 'millet'}
    [mlflow] logged run 'millet_FordA'  (train_acc=0.9854 val_acc=0.9514 test_acc=0.9568 test_loss=0.1475)
[ 30/86] FordA                        DONE  acc=0.9568 loss=0.1475 AOPCR=  0.166 NDCG=  n/a C=  2 T=  500 (135s)  [30 trained / 0 failed so far]
[ 31/86] FordB
    stage 1/3: loading data ...
    stage 2/3: training on 2909 series (val=727, C=2, T=500, batch=16) ...
    stage 3/3: scoring on 810 test series (accuracy + AOPCR) ...
    [mlflow] versioned model 'millet__mil_inceptiontime__mil_conjunctive' (id=m-ba7d3027ef0c472e8cd7bc4f42046bda) params={'model_size_mb': '4.1059', 'n_model_params': '422675', 'name': 'millet'}
    [mlflow] logged run 'millet_FordB'  (train_acc=0.9924 val_acc=0.9505 test_acc=0.8444 test_loss=0.3852)
[ 31/86] FordB                        DONE  acc=0.8444 loss=0.3852 AOPCR=  0.400 NDCG=  n/a C=  2 T=  500 (160s)  [31 trained / 0 failed so far]
[ 32/86] GunPoint
    stage 1/3: loading data ...
    stage 2/3: training on 50 series (no val (train-loss early stop), C=2, T=150, batch=5) ...
    stage 3/3: scoring on 150 test series (accuracy + AOPCR) ...
    [mlflow] versioned model 'millet__mil_inceptiontime__mil_conjunctive' (id=m-f064f946197a4e2fbf9f060b83671fc0) params={'model_size_mb': '4.1059', 'n_model_params': '422675', 'name': 'millet'}
    [mlflow] logged run 'millet_GunPoint'  (train_acc=1.0000 test_acc=0.9933 test_loss=0.0976)
[ 32/86] GunPoint                     DONE  acc=0.9933 loss=0.0976 AOPCR=  1.065 NDCG=  n/a C=  2 T=  150 (18s)  [32 trained / 0 failed so far]
[ 33/86] Ham
    stage 1/3: loading data ...
    stage 2/3: training on 88 series (val=21, C=2, T=431, batch=8) ...
    stage 3/3: scoring on 105 test series (accuracy + AOPCR) ...
    [mlflow] versioned model 'millet__mil_inceptiontime__mil_conjunctive' (id=m-46a273e9f3474d3b9c599111726d2b98) params={'model_size_mb': '4.1059', 'n_model_params': '422675', 'name': 'millet'}
    [mlflow] logged run 'millet_Ham'  (train_acc=0.9773 val_acc=1.0000 test_acc=0.6571 test_loss=0.6708)
[ 33/86] Ham                          DONE  acc=0.6571 loss=0.6708 AOPCR=  0.518 NDCG=  n/a C=  2 T=  431 (14s)  [33 trained / 0 failed so far]
[ 34/86] HandOutlines
    stage 1/3: loading data ...
    stage 2/3: training on 801 series (val=199, C=2, T=2709, batch=16) ...
    stage 3/3: scoring on 370 test series (accuracy + AOPCR) ...
    [mlflow] versioned model 'millet__mil_inceptiontime__mil_conjunctive' (id=m-4019f2a3b4664590ba83db78c84037f9) params={'model_size_mb': '4.1059', 'n_model_params': '422675', 'name': 'millet'}
    [mlflow] logged run 'millet_HandOutlines'  (train_acc=0.9713 val_acc=0.9397 test_acc=0.9459 test_loss=0.2058)
[ 34/86] HandOutlines                 DONE  acc=0.9459 loss=0.2058 AOPCR=  2.683 NDCG=  n/a C=  2 T= 2709 (256s)  [34 trained / 0 failed so far]
[ 35/86] Haptics
    stage 1/3: loading data ...
    stage 2/3: training on 127 series (val=28, C=5, T=1092, batch=12) ...
    stage 3/3: scoring on 308 test series (accuracy + AOPCR) ...
    [mlflow] versioned model 'millet__mil_inceptiontime__mil_conjunctive' (id=m-d703ce2811714c259082ff53bbecd4a9) params={'model_size_mb': '4.1073', 'n_model_params': '423062', 'name': 'millet'}
    [mlflow] logged run 'millet_Haptics'  (train_acc=0.6378 val_acc=0.6429 test_acc=0.4513 test_loss=1.4459)
[ 35/86] Haptics                      DONE  acc=0.4513 loss=1.4459 AOPCR=  0.851 NDCG=  n/a C=  5 T= 1092 (8s)  [35 trained / 0 failed so far]
[ 36/86] Herring
    stage 1/3: loading data ...
    stage 2/3: training on 64 series (no val (train-loss early stop), C=2, T=512, batch=6) ...
    stage 3/3: scoring on 64 test series (accuracy + AOPCR) ...
    [mlflow] versioned model 'millet__mil_inceptiontime__mil_conjunctive' (id=m-9302fccea2d34b95a66fde74d7c21965) params={'model_size_mb': '4.1059', 'n_model_params': '422675', 'name': 'millet'}
    [mlflow] logged run 'millet_Herring'  (train_acc=1.0000 test_acc=0.6562 test_loss=0.9556)
[ 36/86] Herring                      DONE  acc=0.6562 loss=0.9556 AOPCR=  1.945 NDCG=  n/a C=  2 T=  512 (25s)  [36 trained / 0 failed so far]
[ 37/86] InlineSkate
    stage 1/3: loading data ...
    stage 2/3: training on 84 series (val=16, C=7, T=1882, batch=8) ...
    stage 3/3: scoring on 550 test series (accuracy + AOPCR) ...
    [mlflow] versioned model 'millet__mil_inceptiontime__mil_conjunctive' (id=m-1726a3f21c1044b6a70685e178b31794) params={'model_size_mb': '4.1083', 'n_model_params': '423320', 'name': 'millet'}
    [mlflow] logged run 'millet_InlineSkate'  (train_acc=0.9762 val_acc=0.6875 test_acc=0.4364 test_loss=1.5833)
[ 37/86] InlineSkate                  DONE  acc=0.4364 loss=1.5833 AOPCR=  2.489 NDCG=  n/a C=  7 T= 1882 (23s)  [37 trained / 0 failed so far]
[ 38/86] InsectWingbeatSound
    stage 1/3: loading data ...
    stage 2/3: training on 176 series (val=44, C=11, T=256, batch=16) ...
    stage 3/3: scoring on 1980 test series (accuracy + AOPCR) ...
    [mlflow] versioned model 'millet__mil_inceptiontime__mil_conjunctive' (id=m-8d04b4b7240e468e83fd5c10f2fa52d0) params={'model_size_mb': '4.1103', 'n_model_params': '423836', 'name': 'millet'}
    [mlflow] logged run 'millet_InsectWingbeatSound'  (train_acc=0.8977 val_acc=0.6818 test_acc=0.6101 test_loss=1.0582)
[ 38/86] InsectWingbeatSound          DONE  acc=0.6101 loss=1.0582 AOPCR=  0.639 NDCG=  n/a C= 11 T=  256 (7s)  [38 trained / 0 failed so far]
[ 39/86] ItalyPowerDemand
    stage 1/3: loading data ...
    stage 2/3: training on 67 series (no val (train-loss early stop), C=2, T=24, batch=6) ...
    stage 3/3: scoring on 1029 test series (accuracy + AOPCR) ...
[ 39/86] ItalyPowerDemand             FAILED: RuntimeError: a Tensor with 16 elements cannot be converted to Scalar
[ 40/86] LargeKitchenAppliances
    stage 1/3: loading data ...
    stage 2/3: training on 300 series (val=75, C=3, T=720, batch=16) ...
    stage 3/3: scoring on 375 test series (accuracy + AOPCR) ...
    [mlflow] versioned model 'millet__mil_inceptiontime__mil_conjunctive' (id=m-cd15298a3387437fbbd996e5da6c4460) params={'model_size_mb': '4.1064', 'n_model_params': '422804', 'name': 'millet'}
    [mlflow] logged run 'millet_LargeKitchenAppliances'  (train_acc=1.0000 val_acc=0.9733 test_acc=0.9067 test_loss=0.3473)
[ 40/86] LargeKitchenAppliances       DONE  acc=0.9067 loss=0.3473 AOPCR=  1.910 NDCG=  n/a C=  3 T=  720 (30s)  [39 trained / 1 failed so far]
[ 41/86] Lightning2
    stage 1/3: loading data ...
    stage 2/3: training on 60 series (no val (train-loss early stop), C=2, T=637, batch=6) ...
    stage 3/3: scoring on 61 test series (accuracy + AOPCR) ...
    [mlflow] versioned model 'millet__mil_inceptiontime__mil_conjunctive' (id=m-8ce004f473e64cfdb1499de03fc04435) params={'model_size_mb': '4.1059', 'n_model_params': '422675', 'name': 'millet'}
    [mlflow] logged run 'millet_Lightning2'  (train_acc=1.0000 test_acc=0.8197 test_loss=0.3959)
[ 41/86] Lightning2                   DONE  acc=0.8197 loss=0.3959 AOPCR=  0.985 NDCG=  n/a C=  2 T=  637 (19s)  [40 trained / 1 failed so far]
[ 42/86] Lightning7
    stage 1/3: loading data ...
    stage 2/3: training on 70 series (no val (train-loss early stop), C=7, T=319, batch=7) ...
    stage 3/3: scoring on 73 test series (accuracy + AOPCR) ...
    [mlflow] versioned model 'millet__mil_inceptiontime__mil_conjunctive' (id=m-99a57d77a0c44a75a5814f92d722e84d) params={'model_size_mb': '4.1083', 'n_model_params': '423320', 'name': 'millet'}
    [mlflow] logged run 'millet_Lightning7'  (train_acc=1.0000 test_acc=0.7945 test_loss=0.6785)
[ 42/86] Lightning7                   DONE  acc=0.7945 loss=0.6785 AOPCR=  1.391 NDCG=  n/a C=  7 T=  319 (22s)  [41 trained / 1 failed so far]
[ 43/86] Mallat
    stage 1/3: loading data ...
    stage 2/3: training on 55 series (no val (train-loss early stop), C=8, T=1024, batch=5) ...
    stage 3/3: scoring on 2345 test series (accuracy + AOPCR) ...
    [mlflow] versioned model 'millet__mil_inceptiontime__mil_conjunctive' (id=m-c6f993bd68584504bdb9a73cb408e978) params={'model_size_mb': '4.1088', 'n_model_params': '423449', 'name': 'millet'}
    [mlflow] logged run 'millet_Mallat'  (train_acc=1.0000 test_acc=0.9620 test_loss=0.2943)
[ 43/86] Mallat                       DONE  acc=0.9620 loss=0.2943 AOPCR=  1.953 NDCG=  n/a C=  8 T= 1024 (11s)  [42 trained / 1 failed so far]
[ 44/86] Meat
    stage 1/3: loading data ...
    stage 2/3: training on 60 series (no val (train-loss early stop), C=3, T=448, batch=6) ...
    stage 3/3: scoring on 60 test series (accuracy + AOPCR) ...
    [mlflow] versioned model 'millet__mil_inceptiontime__mil_conjunctive' (id=m-49c15fd0aa2b466c8a39e84b2af086c2) params={'model_size_mb': '4.1064', 'n_model_params': '422804', 'name': 'millet'}
    [mlflow] logged run 'millet_Meat'  (train_acc=1.0000 test_acc=0.9833 test_loss=0.1618)
[ 44/86] Meat                         DONE  acc=0.9833 loss=0.1618 AOPCR=  2.459 NDCG=  n/a C=  3 T=  448 (31s)  [43 trained / 1 failed so far]
[ 45/86] MedicalImages
    stage 1/3: loading data ...
    stage 2/3: training on 307 series (val=74, C=10, T=99, batch=16) ...
    stage 3/3: scoring on 760 test series (accuracy + AOPCR) ...
    [mlflow] versioned model 'millet__mil_inceptiontime__mil_conjunctive' (id=m-01af9f6dc4de4c7f8059e4bd2b4e796f) params={'model_size_mb': '4.1098', 'n_model_params': '423707', 'name': 'millet'}
    [mlflow] logged run 'millet_MedicalImages'  (train_acc=0.8925 val_acc=0.8378 test_acc=0.7803 test_loss=0.6630)
[ 45/86] MedicalImages                DONE  acc=0.7803 loss=0.6630 AOPCR=  0.709 NDCG=  n/a C= 10 T=   99 (34s)  [44 trained / 1 failed so far]
[ 46/86] MiddlePhalanxOutlineAgeGroup
    stage 1/3: loading data ...
    stage 2/3: training on 321 series (val=79, C=3, T=80, batch=16) ...
    stage 3/3: scoring on 154 test series (accuracy + AOPCR) ...
    [mlflow] versioned model 'millet__mil_inceptiontime__mil_conjunctive' (id=m-892345b461d44317b9dff2da5f362b90) params={'model_size_mb': '4.1064', 'n_model_params': '422804', 'name': 'millet'}
    [mlflow] logged run 'millet_MiddlePhalanxOutlineAgeGroup'  (train_acc=0.8100 val_acc=0.8354 test_acc=0.6429 test_loss=0.9349)
[ 46/86] MiddlePhalanxOutlineAgeGroup DONE  acc=0.6429 loss=0.9349 AOPCR=  0.628 NDCG=  n/a C=  3 T=   80 (20s)  [45 trained / 1 failed so far]
[ 47/86] MiddlePhalanxOutlineCorrect
    stage 1/3: loading data ...
    stage 2/3: training on 481 series (val=119, C=2, T=80, batch=16) ...
    stage 3/3: scoring on 291 test series (accuracy + AOPCR) ...
    [mlflow] versioned model 'millet__mil_inceptiontime__mil_conjunctive' (id=m-ba2b0e55753d47c8bea37768ebf6b5e9) params={'model_size_mb': '4.1059', 'n_model_params': '422675', 'name': 'millet'}
    [mlflow] logged run 'millet_MiddlePhalanxOutlineCorrect'  (train_acc=0.9688 val_acc=0.8151 test_acc=0.8247 test_loss=0.4336)
[ 47/86] MiddlePhalanxOutlineCorrect  DONE  acc=0.8247 loss=0.4336 AOPCR=  0.774 NDCG=  n/a C=  2 T=   80 (43s)  [46 trained / 1 failed so far]
[ 48/86] MiddlePhalanxTW
    stage 1/3: loading data ...
    stage 2/3: training on 321 series (val=78, C=6, T=80, batch=16) ...
    stage 3/3: scoring on 154 test series (accuracy + AOPCR) ...
    [mlflow] versioned model 'millet__mil_inceptiontime__mil_conjunctive' (id=m-6d94134a82024a3ca88729acab5ad8f8) params={'model_size_mb': '4.1078', 'n_model_params': '423191', 'name': 'millet'}
    [mlflow] logged run 'millet_MiddlePhalanxTW'  (train_acc=0.6854 val_acc=0.6667 test_acc=0.5909 test_loss=1.0791)
[ 48/86] MiddlePhalanxTW              DONE  acc=0.5909 loss=1.0791 AOPCR=  0.597 NDCG=  n/a C=  6 T=   80 (18s)  [47 trained / 1 failed so far]
[ 49/86] MoteStrain
    stage 1/3: loading data ...
    stage 2/3: training on 20 series (no val (train-loss early stop), C=2, T=84, batch=2) ...
    stage 3/3: scoring on 1252 test series (accuracy + AOPCR) ...
    [mlflow] versioned model 'millet__mil_inceptiontime__mil_conjunctive' (id=m-2bf4719821544b6db416e127cb5384f6) params={'model_size_mb': '4.1059', 'n_model_params': '422675', 'name': 'millet'}
    [mlflow] logged run 'millet_MoteStrain'  (train_acc=1.0000 test_acc=0.9058 test_loss=0.2682)
[ 49/86] MoteStrain                   DONE  acc=0.9058 loss=0.2682 AOPCR=  0.593 NDCG=  n/a C=  2 T=   84 (11s)  [48 trained / 1 failed so far]
[ 50/86] NonInvasiveFetalECGThorax1
    stage 1/3: loading data ...
    stage 2/3: training on 1452 series (val=348, C=42, T=750, batch=16) ...
    stage 3/3: scoring on 1965 test series (accuracy + AOPCR) ...
    [mlflow] versioned model 'millet__mil_inceptiontime__mil_conjunctive' (id=m-c50629b5f61c411da493b86065374375) params={'model_size_mb': '4.1255', 'n_model_params': '427835', 'name': 'millet'}
    [mlflow] logged run 'millet_NonInvasiveFetalECGThorax1'  (train_acc=1.0000 val_acc=0.9253 test_acc=0.9399 test_loss=0.3628)
[ 50/86] NonInvasiveFetalECGThorax1   DONE  acc=0.9399 loss=0.3628 AOPCR=  0.429 NDCG=  n/a C= 42 T=  750 (278s)  [49 trained / 1 failed so far]
[ 51/86] NonInvasiveFetalECGThorax2
    stage 1/3: loading data ...
    stage 2/3: training on 1452 series (val=348, C=42, T=750, batch=16) ...
    stage 3/3: scoring on 1965 test series (accuracy + AOPCR) ...
    [mlflow] versioned model 'millet__mil_inceptiontime__mil_conjunctive' (id=m-152d1255210e4a01b046fb8f340f5c7c) params={'model_size_mb': '4.1255', 'n_model_params': '427835', 'name': 'millet'}
    [mlflow] logged run 'millet_NonInvasiveFetalECGThorax2'  (train_acc=0.9945 val_acc=0.9397 test_acc=0.9338 test_loss=0.3013)
[ 51/86] NonInvasiveFetalECGThorax2   DONE  acc=0.9338 loss=0.3013 AOPCR=  0.536 NDCG=  n/a C= 42 T=  750 (111s)  [50 trained / 1 failed so far]
[ 52/86] OliveOil
    stage 1/3: loading data ...
    stage 2/3: training on 30 series (no val (train-loss early stop), C=4, T=570, batch=3) ...
    stage 3/3: scoring on 30 test series (accuracy + AOPCR) ...
    [mlflow] versioned model 'millet__mil_inceptiontime__mil_conjunctive' (id=m-64d7779c147b46abb1c325bb650090d5) params={'model_size_mb': '4.1068', 'n_model_params': '422933', 'name': 'millet'}
    [mlflow] logged run 'millet_OliveOil'  (train_acc=0.9333 test_acc=0.8667 test_loss=0.5653)
[ 52/86] OliveOil                     DONE  acc=0.8667 loss=0.5653 AOPCR= 10.215 NDCG=  n/a C=  4 T=  570 (31s)  [51 trained / 1 failed so far]
[ 53/86] OSULeaf
    stage 1/3: loading data ...
    stage 2/3: training on 163 series (val=37, C=6, T=427, batch=16) ...
    stage 3/3: scoring on 242 test series (accuracy + AOPCR) ...
    [mlflow] versioned model 'millet__mil_inceptiontime__mil_conjunctive' (id=m-755af020bdc64ce1b01fba216e2a02f8) params={'model_size_mb': '4.1078', 'n_model_params': '423191', 'name': 'millet'}
    [mlflow] logged run 'millet_OSULeaf'  (train_acc=1.0000 val_acc=0.9459 test_acc=0.9339 test_loss=0.3444)
[ 53/86] OSULeaf                      DONE  acc=0.9339 loss=0.3444 AOPCR=  0.965 NDCG=  n/a C=  6 T=  427 (10s)  [52 trained / 1 failed so far]
[ 54/86] PhalangesOutlinesCorrect
    stage 1/3: loading data ...
    stage 2/3: training on 1441 series (val=359, C=2, T=80, batch=16) ...
    stage 3/3: scoring on 858 test series (accuracy + AOPCR) ...
    [mlflow] versioned model 'millet__mil_inceptiontime__mil_conjunctive' (id=m-2973ed32936c41c9925bc484f7e5d0c3) params={'model_size_mb': '4.1059', 'n_model_params': '422675', 'name': 'millet'}
    [mlflow] logged run 'millet_PhalangesOutlinesCorrect'  (train_acc=0.9535 val_acc=0.8440 test_acc=0.8112 test_loss=0.4144)
[ 54/86] PhalangesOutlinesCorrect     DONE  acc=0.8112 loss=0.4144 AOPCR= -0.027 NDCG=  n/a C=  2 T=   80 (136s)  [53 trained / 1 failed so far]
[ 55/86] Phoneme
    stage 1/3: loading data ...
    stage 2/3: training on 171 series (val=43, C=39, T=1024, batch=16) ...
    stage 3/3: scoring on 1896 test series (accuracy + AOPCR) ...
    [mlflow] versioned model 'millet__mil_inceptiontime__mil_conjunctive' (id=m-5b8a1675328644cda19b183297bc77b7) params={'model_size_mb': '4.1241', 'n_model_params': '427448', 'name': 'millet'}
    [mlflow] logged run 'millet_Phoneme'  (train_acc=0.4327 val_acc=0.2558 test_acc=0.2600 test_loss=2.7250)
[ 55/86] Phoneme                      DONE  acc=0.2600 loss=2.7250 AOPCR=  0.459 NDCG=  n/a C= 39 T= 1024 (6s)  [54 trained / 1 failed so far]
[ 56/86] Plane
    stage 1/3: loading data ...
    stage 2/3: training on 87 series (val=18, C=7, T=144, batch=8) ...
    stage 3/3: scoring on 105 test series (accuracy + AOPCR) ...
    [mlflow] versioned model 'millet__mil_inceptiontime__mil_conjunctive' (id=m-e732f4aa5ca842188efe63b4d0d2dc27) params={'model_size_mb': '4.1083', 'n_model_params': '423320', 'name': 'millet'}
    [mlflow] logged run 'millet_Plane'  (train_acc=1.0000 val_acc=1.0000 test_acc=1.0000 test_loss=0.1214)
[ 56/86] Plane                        DONE  acc=1.0000 loss=0.1214 AOPCR=  0.472 NDCG=  n/a C=  7 T=  144 (85s)  [55 trained / 1 failed so far]
[ 57/86] ProximalPhalanxOutlineAgeGroup
    stage 1/3: loading data ...
    stage 2/3: training on 322 series (val=78, C=3, T=80, batch=16) ...
    stage 3/3: scoring on 205 test series (accuracy + AOPCR) ...
    [mlflow] versioned model 'millet__mil_inceptiontime__mil_conjunctive' (id=m-c705fc7ffcfd440b804297cd8f608fd2) params={'model_size_mb': '4.1064', 'n_model_params': '422804', 'name': 'millet'}
    [mlflow] logged run 'millet_ProximalPhalanxOutlineAgeGroup'  (train_acc=0.8758 val_acc=0.9359 test_acc=0.8537 test_loss=0.4163)
[ 57/86] ProximalPhalanxOutlineAgeGroup DONE  acc=0.8537 loss=0.4163 AOPCR=  0.898 NDCG=  n/a C=  3 T=   80 (40s)  [56 trained / 1 failed so far]
[ 58/86] ProximalPhalanxOutlineCorrect
    stage 1/3: loading data ...
    stage 2/3: training on 481 series (val=119, C=2, T=80, batch=16) ...
    stage 3/3: scoring on 291 test series (accuracy + AOPCR) ...
    [mlflow] versioned model 'millet__mil_inceptiontime__mil_conjunctive' (id=m-046e474937f445ada31867a8158130dc) params={'model_size_mb': '4.1059', 'n_model_params': '422675', 'name': 'millet'}
    [mlflow] logged run 'millet_ProximalPhalanxOutlineCorrect'  (train_acc=0.9771 val_acc=0.9076 test_acc=0.9072 test_loss=0.2885)
[ 58/86] ProximalPhalanxOutlineCorrect DONE  acc=0.9072 loss=0.2885 AOPCR= -0.087 NDCG=  n/a C=  2 T=   80 (57s)  [57 trained / 1 failed so far]
[ 59/86] ProximalPhalanxTW
    stage 1/3: loading data ...
    stage 2/3: training on 322 series (val=78, C=6, T=80, batch=16) ...
    stage 3/3: scoring on 205 test series (accuracy + AOPCR) ...
    [mlflow] versioned model 'millet__mil_inceptiontime__mil_conjunctive' (id=m-54d48fe5fa084f9a94d0f6acd9a2ee0e) params={'model_size_mb': '4.1078', 'n_model_params': '423191', 'name': 'millet'}
    [mlflow] logged run 'millet_ProximalPhalanxTW'  (train_acc=0.8851 val_acc=0.8205 test_acc=0.7415 test_loss=0.6534)
[ 59/86] ProximalPhalanxTW            DONE  acc=0.7415 loss=0.6534 AOPCR= -2.376 NDCG=  n/a C=  6 T=   80 (48s)  [58 trained / 1 failed so far]
[ 60/86] RefrigerationDevices
    stage 1/3: loading data ...
    stage 2/3: training on 300 series (val=75, C=3, T=720, batch=16) ...
    stage 3/3: scoring on 375 test series (accuracy + AOPCR) ...
    [mlflow] versioned model 'millet__mil_inceptiontime__mil_conjunctive' (id=m-f1b04d20fc904fcd99d5427375394924) params={'model_size_mb': '4.1064', 'n_model_params': '422804', 'name': 'millet'}
    [mlflow] logged run 'millet_RefrigerationDevices'  (train_acc=0.9967 val_acc=0.8533 test_acc=0.5253 test_loss=1.3684)
[ 60/86] RefrigerationDevices         DONE  acc=0.5253 loss=1.3684 AOPCR=  0.850 NDCG=  n/a C=  3 T=  720 (25s)  [59 trained / 1 failed so far]
[ 61/86] ScreenType
    stage 1/3: loading data ...
    stage 2/3: training on 300 series (val=75, C=3, T=720, batch=16) ...
    stage 3/3: scoring on 375 test series (accuracy + AOPCR) ...
    [mlflow] versioned model 'millet__mil_inceptiontime__mil_conjunctive' (id=m-f58b50bda844440594cfc1cf7987bc53) params={'model_size_mb': '4.1064', 'n_model_params': '422804', 'name': 'millet'}
    [mlflow] logged run 'millet_ScreenType'  (train_acc=0.8533 val_acc=0.6800 test_acc=0.5440 test_loss=0.9894)
[ 61/86] ScreenType                   DONE  acc=0.5440 loss=0.9894 AOPCR=  0.573 NDCG=  n/a C=  3 T=  720 (17s)  [60 trained / 1 failed so far]
[ 62/86] ShapeletSim
    stage 1/3: loading data ...
    stage 2/3: training on 20 series (no val (train-loss early stop), C=2, T=500, batch=2) ...
    stage 3/3: scoring on 180 test series (accuracy + AOPCR) ...
    [mlflow] versioned model 'millet__mil_inceptiontime__mil_conjunctive' (id=m-e451b8c8c3954bd9b89514f4412cb619) params={'model_size_mb': '4.1059', 'n_model_params': '422675', 'name': 'millet'}
    [mlflow] logged run 'millet_ShapeletSim'  (train_acc=1.0000 test_acc=1.0000 test_loss=0.1567)
[ 62/86] ShapeletSim                  DONE  acc=1.0000 loss=0.1567 AOPCR=  0.822 NDCG=  n/a C=  2 T=  500 (14s)  [61 trained / 1 failed so far]
[ 63/86] ShapesAll
    stage 1/3: loading data ...
    stage 2/3: training on 480 series (val=120, C=60, T=512, batch=16) ...
    stage 3/3: scoring on 600 test series (accuracy + AOPCR) ...
    [mlflow] versioned model 'millet__mil_inceptiontime__mil_conjunctive' (id=m-049fa61bd71941a3a2eb0cc19f795f66) params={'model_size_mb': '4.1344', 'n_model_params': '430157', 'name': 'millet'}
    [mlflow] logged run 'millet_ShapesAll'  (train_acc=0.9979 val_acc=0.9500 test_acc=0.9167 test_loss=0.5637)
[ 63/86] ShapesAll                    DONE  acc=0.9167 loss=0.5637 AOPCR=  1.412 NDCG=  n/a C= 60 T=  512 (48s)  [62 trained / 1 failed so far]
[ 64/86] SmallKitchenAppliances
    stage 1/3: loading data ...
    stage 2/3: training on 300 series (val=75, C=3, T=720, batch=16) ...
    stage 3/3: scoring on 375 test series (accuracy + AOPCR) ...
    [mlflow] versioned model 'millet__mil_inceptiontime__mil_conjunctive' (id=m-4fd4f946364346aa9df7ee24d3e77204) params={'model_size_mb': '4.1064', 'n_model_params': '422804', 'name': 'millet'}
    [mlflow] logged run 'millet_SmallKitchenAppliances'  (train_acc=0.9100 val_acc=0.8000 test_acc=0.7547 test_loss=0.6646)
[ 64/86] SmallKitchenAppliances       DONE  acc=0.7547 loss=0.6646 AOPCR=  0.119 NDCG=  n/a C=  3 T=  720 (16s)  [63 trained / 1 failed so far]
[ 65/86] SonyAIBORobotSurface1
    stage 1/3: loading data ...
    stage 2/3: training on 20 series (no val (train-loss early stop), C=2, T=70, batch=2) ...
    stage 3/3: scoring on 601 test series (accuracy + AOPCR) ...
    [mlflow] versioned model 'millet__mil_inceptiontime__mil_conjunctive' (id=m-917b08e367d54737ab3a4bf2817cc4e9) params={'model_size_mb': '4.1059', 'n_model_params': '422675', 'name': 'millet'}
    [mlflow] logged run 'millet_SonyAIBORobotSurface1'  (train_acc=1.0000 test_acc=0.9318 test_loss=0.2132)
[ 65/86] SonyAIBORobotSurface1        DONE  acc=0.9318 loss=0.2132 AOPCR=  0.445 NDCG=  n/a C=  2 T=   70 (9s)  [64 trained / 1 failed so far]
[ 66/86] SonyAIBORobotSurface2
    stage 1/3: loading data ...
    stage 2/3: training on 27 series (no val (train-loss early stop), C=2, T=65, batch=2) ...
    stage 3/3: scoring on 953 test series (accuracy + AOPCR) ...
    [mlflow] versioned model 'millet__mil_inceptiontime__mil_conjunctive' (id=m-f946daa95f9540a0b827973f7cbdc1a4) params={'model_size_mb': '4.1059', 'n_model_params': '422675', 'name': 'millet'}
    [mlflow] logged run 'millet_SonyAIBORobotSurface2'  (train_acc=1.0000 test_acc=0.8090 test_loss=0.3915)
[ 66/86] SonyAIBORobotSurface2        DONE  acc=0.8090 loss=0.3915 AOPCR=  0.377 NDCG=  n/a C=  2 T=   65 (11s)  [65 trained / 1 failed so far]
[ 67/86] StarLightCurves
    stage 1/3: loading data ...
    stage 2/3: training on 801 series (val=199, C=3, T=1024, batch=16) ...
    stage 3/3: scoring on 8236 test series (accuracy + AOPCR) ...
    [mlflow] versioned model 'millet__mil_inceptiontime__mil_conjunctive' (id=m-a7fd85b0194a4ef69de6dc7eaa02a22a) params={'model_size_mb': '4.1064', 'n_model_params': '422804', 'name': 'millet'}
    [mlflow] logged run 'millet_StarLightCurves'  (train_acc=0.9838 val_acc=0.9648 test_acc=0.9745 test_loss=0.1669)
[ 67/86] StarLightCurves              DONE  acc=0.9745 loss=0.1669 AOPCR=  1.213 NDCG=  n/a C=  3 T= 1024 (51s)  [66 trained / 1 failed so far]
[ 68/86] Strawberry
    stage 1/3: loading data ...
    stage 2/3: training on 492 series (val=121, C=2, T=235, batch=16) ...
    stage 3/3: scoring on 370 test series (accuracy + AOPCR) ...
    [mlflow] versioned model 'millet__mil_inceptiontime__mil_conjunctive' (id=m-e7d475a8e755418dbdbfe30d0df9f66b) params={'model_size_mb': '4.1059', 'n_model_params': '422675', 'name': 'millet'}
    [mlflow] logged run 'millet_Strawberry'  (train_acc=0.9858 val_acc=0.9752 test_acc=0.9595 test_loss=0.1582)
[ 68/86] Strawberry                   DONE  acc=0.9595 loss=0.1582 AOPCR=  0.942 NDCG=  n/a C=  2 T=  235 (154s)  [67 trained / 1 failed so far]
[ 69/86] SwedishLeaf
    stage 1/3: loading data ...
    stage 2/3: training on 405 series (val=95, C=15, T=128, batch=16) ...
    stage 3/3: scoring on 625 test series (accuracy + AOPCR) ...
    [mlflow] versioned model 'millet__mil_inceptiontime__mil_conjunctive' (id=m-9ddb0d94b43348359557c9f516940dfa) params={'model_size_mb': '4.1122', 'n_model_params': '424352', 'name': 'millet'}
    [mlflow] logged run 'millet_SwedishLeaf'  (train_acc=1.0000 val_acc=0.9684 test_acc=0.9648 test_loss=0.2706)
[ 69/86] SwedishLeaf                  DONE  acc=0.9648 loss=0.2706 AOPCR=  0.383 NDCG=  n/a C= 15 T=  128 (120s)  [68 trained / 1 failed so far]
[ 70/86] Symbols
    stage 1/3: loading data ...
    stage 2/3: training on 25 series (no val (train-loss early stop), C=6, T=398, batch=2) ...
    stage 3/3: scoring on 995 test series (accuracy + AOPCR) ...
    [mlflow] versioned model 'millet__mil_inceptiontime__mil_conjunctive' (id=m-58dd3b2f134c4d1fa9a2f1def11d0a47) params={'model_size_mb': '4.1078', 'n_model_params': '423191', 'name': 'millet'}
    [mlflow] logged run 'millet_Symbols'  (train_acc=1.0000 test_acc=0.9296 test_loss=0.3512)
[ 70/86] Symbols                      DONE  acc=0.9296 loss=0.3512 AOPCR=  1.232 NDCG=  n/a C=  6 T=  398 (17s)  [69 trained / 1 failed so far]
[ 71/86] SyntheticControl
    stage 1/3: loading data ...
    stage 2/3: training on 240 series (val=60, C=6, T=60, batch=16) ...
    stage 3/3: scoring on 300 test series (accuracy + AOPCR) ...
    [mlflow] versioned model 'millet__mil_inceptiontime__mil_conjunctive' (id=m-b3f3bc25af034eebb0b6ef643ea20917) params={'model_size_mb': '4.1078', 'n_model_params': '423191', 'name': 'millet'}
    [mlflow] logged run 'millet_SyntheticControl'  (train_acc=1.0000 val_acc=1.0000 test_acc=1.0000 test_loss=0.1270)
[ 71/86] SyntheticControl             DONE  acc=1.0000 loss=0.1270 AOPCR=  0.737 NDCG=  n/a C=  6 T=   60 (25s)  [70 trained / 1 failed so far]
[ 72/86] ToeSegmentation1
    stage 1/3: loading data ...
    stage 2/3: training on 40 series (no val (train-loss early stop), C=2, T=277, batch=4) ...
    stage 3/3: scoring on 228 test series (accuracy + AOPCR) ...
    [mlflow] versioned model 'millet__mil_inceptiontime__mil_conjunctive' (id=m-0034a900656346efa6277332a5095cac) params={'model_size_mb': '4.1059', 'n_model_params': '422675', 'name': 'millet'}
    [mlflow] logged run 'millet_ToeSegmentation1'  (train_acc=1.0000 test_acc=0.9561 test_loss=0.1696)
[ 72/86] ToeSegmentation1             DONE  acc=0.9561 loss=0.1696 AOPCR=  0.357 NDCG=  n/a C=  2 T=  277 (14s)  [71 trained / 1 failed so far]
[ 73/86] ToeSegmentation2
    stage 1/3: loading data ...
    stage 2/3: training on 36 series (no val (train-loss early stop), C=2, T=343, batch=3) ...
    stage 3/3: scoring on 130 test series (accuracy + AOPCR) ...
    [mlflow] versioned model 'millet__mil_inceptiontime__mil_conjunctive' (id=m-2516d917ba4a4a1787c666f2e9c52ae2) params={'model_size_mb': '4.1059', 'n_model_params': '422675', 'name': 'millet'}
    [mlflow] logged run 'millet_ToeSegmentation2'  (train_acc=1.0000 test_acc=0.8846 test_loss=0.2985)
[ 73/86] ToeSegmentation2             DONE  acc=0.8846 loss=0.2985 AOPCR=  0.301 NDCG=  n/a C=  2 T=  343 (11s)  [72 trained / 1 failed so far]
[ 74/86] Trace
    stage 1/3: loading data ...
    stage 2/3: training on 81 series (val=19, C=4, T=275, batch=8) ...
    stage 3/3: scoring on 100 test series (accuracy + AOPCR) ...
    [mlflow] versioned model 'millet__mil_inceptiontime__mil_conjunctive' (id=m-f86a7ea650674a9bbe1800e403fe8917) params={'model_size_mb': '4.1068', 'n_model_params': '422933', 'name': 'millet'}
    [mlflow] logged run 'millet_Trace'  (train_acc=1.0000 val_acc=1.0000 test_acc=1.0000 test_loss=0.1091)
[ 74/86] Trace                        DONE  acc=1.0000 loss=0.1091 AOPCR=  1.609 NDCG=  n/a C=  4 T=  275 (16s)  [73 trained / 1 failed so far]
[ 75/86] TwoLeadECG
    stage 1/3: loading data ...
    stage 2/3: training on 23 series (no val (train-loss early stop), C=2, T=82, batch=2) ...
    stage 3/3: scoring on 1139 test series (accuracy + AOPCR) ...
    [mlflow] versioned model 'millet__mil_inceptiontime__mil_conjunctive' (id=m-1e764299991641a18da6ec4a1a139a22) params={'model_size_mb': '4.1059', 'n_model_params': '422675', 'name': 'millet'}
    [mlflow] logged run 'millet_TwoLeadECG'  (train_acc=1.0000 test_acc=0.9991 test_loss=0.0806)
[ 75/86] TwoLeadECG                   DONE  acc=0.9991 loss=0.0806 AOPCR= -0.153 NDCG=  n/a C=  2 T=   82 (17s)  [74 trained / 1 failed so far]
[ 76/86] TwoPatterns
    stage 1/3: loading data ...
    stage 2/3: training on 801 series (val=199, C=4, T=128, batch=16) ...
    stage 3/3: scoring on 4000 test series (accuracy + AOPCR) ...
    [mlflow] versioned model 'millet__mil_inceptiontime__mil_conjunctive' (id=m-a8ab449af87049889c58a3bac21a1959) params={'model_size_mb': '4.1068', 'n_model_params': '422933', 'name': 'millet'}
    [mlflow] logged run 'millet_TwoPatterns'  (train_acc=1.0000 val_acc=1.0000 test_acc=1.0000 test_loss=0.1048)
[ 76/86] TwoPatterns                  DONE  acc=1.0000 loss=0.1048 AOPCR=  1.345 NDCG=  n/a C=  4 T=  128 (492s)  [75 trained / 1 failed so far]
[ 77/86] UWaveGestureLibraryAll
    stage 1/3: loading data ...
    stage 2/3: training on 719 series (val=177, C=8, T=945, batch=16) ...
    stage 3/3: scoring on 3582 test series (accuracy + AOPCR) ...
    [mlflow] versioned model 'millet__mil_inceptiontime__mil_conjunctive' (id=m-55a8643c4f5546398340d566a5f99f04) params={'model_size_mb': '4.1088', 'n_model_params': '423449', 'name': 'millet'}
    [mlflow] logged run 'millet_UWaveGestureLibraryAll'  (train_acc=1.0000 val_acc=0.9492 test_acc=0.9456 test_loss=0.3828)
[ 77/86] UWaveGestureLibraryAll       DONE  acc=0.9456 loss=0.3828 AOPCR=  1.256 NDCG=  n/a C=  8 T=  945 (114s)  [76 trained / 1 failed so far]
[ 78/86] UWaveGestureLibraryX
    stage 1/3: loading data ...
    stage 2/3: training on 719 series (val=177, C=8, T=315, batch=16) ...
    stage 3/3: scoring on 3582 test series (accuracy + AOPCR) ...
    [mlflow] versioned model 'millet__mil_inceptiontime__mil_conjunctive' (id=m-f96861cc9ff6453bae7d1488f8a0284e) params={'model_size_mb': '4.1088', 'n_model_params': '423449', 'name': 'millet'}
    [mlflow] logged run 'millet_UWaveGestureLibraryX'  (train_acc=1.0000 val_acc=0.8475 test_acc=0.8076 test_loss=0.6777)
[ 78/86] UWaveGestureLibraryX         DONE  acc=0.8076 loss=0.6777 AOPCR=  0.845 NDCG=  n/a C=  8 T=  315 (92s)  [77 trained / 1 failed so far]
[ 79/86] UWaveGestureLibraryY
    stage 1/3: loading data ...
    stage 2/3: training on 719 series (val=177, C=8, T=315, batch=16) ...
    stage 3/3: scoring on 3582 test series (accuracy + AOPCR) ...
    [mlflow] versioned model 'millet__mil_inceptiontime__mil_conjunctive' (id=m-98e21cd5450c40309f548b7905481634) params={'model_size_mb': '4.1088', 'n_model_params': '423449', 'name': 'millet'}
    [mlflow] logged run 'millet_UWaveGestureLibraryY'  (train_acc=0.9318 val_acc=0.7119 test_acc=0.7044 test_loss=0.9054)
[ 79/86] UWaveGestureLibraryY         DONE  acc=0.7044 loss=0.9054 AOPCR=  0.698 NDCG=  n/a C=  8 T=  315 (35s)  [78 trained / 1 failed so far]
[ 80/86] UWaveGestureLibraryZ
    stage 1/3: loading data ...
    stage 2/3: training on 719 series (val=177, C=8, T=315, batch=16) ...
    stage 3/3: scoring on 3582 test series (accuracy + AOPCR) ...
    [mlflow] versioned model 'millet__mil_inceptiontime__mil_conjunctive' (id=m-bfb5c27563764587a052d9d7d88651c6) params={'model_size_mb': '4.1088', 'n_model_params': '423449', 'name': 'millet'}
    [mlflow] logged run 'millet_UWaveGestureLibraryZ'  (train_acc=0.7816 val_acc=0.7514 test_acc=0.7264 test_loss=0.7936)
[ 80/86] UWaveGestureLibraryZ         DONE  acc=0.7264 loss=0.7936 AOPCR=  0.906 NDCG=  n/a C=  8 T=  315 (26s)  [79 trained / 1 failed so far]
[ 81/86] Wafer
    stage 1/3: loading data ...
    stage 2/3: training on 801 series (val=199, C=2, T=152, batch=16) ...
    stage 3/3: scoring on 6164 test series (accuracy + AOPCR) ...
    [mlflow] versioned model 'millet__mil_inceptiontime__mil_conjunctive' (id=m-ab425a0952e742fc92951a1e3380d2ba) params={'model_size_mb': '4.1059', 'n_model_params': '422675', 'name': 'millet'}
    [mlflow] logged run 'millet_Wafer'  (train_acc=1.0000 val_acc=1.0000 test_acc=0.9972 test_loss=0.0708)
[ 81/86] Wafer                        DONE  acc=0.9972 loss=0.0708 AOPCR= -0.140 NDCG=  n/a C=  2 T=  152 (161s)  [80 trained / 1 failed so far]
[ 82/86] Wine
    stage 1/3: loading data ...
    stage 2/3: training on 57 series (no val (train-loss early stop), C=2, T=234, batch=5) ...
    stage 3/3: scoring on 54 test series (accuracy + AOPCR) ...
    [mlflow] versioned model 'millet__mil_inceptiontime__mil_conjunctive' (id=m-c38937506b96406f9a1aad2258b12d90) params={'model_size_mb': '4.1059', 'n_model_params': '422675', 'name': 'millet'}
    [mlflow] logged run 'millet_Wine'  (train_acc=0.5263 test_acc=0.5000 test_loss=0.6934)
[ 82/86] Wine                         DONE  acc=0.5000 loss=0.6934 AOPCR=  0.072 NDCG=  n/a C=  2 T=  234 (8s)  [81 trained / 1 failed so far]
[ 83/86] WordSynonyms
    stage 1/3: loading data ...
    stage 2/3: training on 217 series (val=50, C=25, T=270, batch=16) ...
    stage 3/3: scoring on 638 test series (accuracy + AOPCR) ...
    [mlflow] versioned model 'millet__mil_inceptiontime__mil_conjunctive' (id=m-99950c7d2e154b88a50f882b567bde93) params={'model_size_mb': '4.1172', 'n_model_params': '425642', 'name': 'millet'}
    [mlflow] logged run 'millet_WordSynonyms'  (train_acc=1.0000 val_acc=0.7600 test_acc=0.7367 test_loss=1.1818)
[ 83/86] WordSynonyms                 DONE  acc=0.7367 loss=1.1818 AOPCR=  0.542 NDCG=  n/a C= 25 T=  270 (45s)  [82 trained / 1 failed so far]
[ 84/86] Worms
    stage 1/3: loading data ...
    stage 2/3: training on 146 series (val=35, C=5, T=900, batch=14) ...
    stage 3/3: scoring on 77 test series (accuracy + AOPCR) ...
    [mlflow] versioned model 'millet__mil_inceptiontime__mil_conjunctive' (id=m-4c017272629f48b49899712e6fdc9291) params={'model_size_mb': '4.1073', 'n_model_params': '423062', 'name': 'millet'}
    [mlflow] logged run 'millet_Worms'  (train_acc=0.6644 val_acc=0.6857 test_acc=0.7013 test_loss=0.8345)
[ 84/86] Worms                        DONE  acc=0.7013 loss=0.8345 AOPCR=  0.967 NDCG=  n/a C=  5 T=  900 (6s)  [83 trained / 1 failed so far]
[ 85/86] WormsTwoClass
    stage 1/3: loading data ...
    stage 2/3: training on 145 series (val=36, C=2, T=900, batch=14) ...
    stage 3/3: scoring on 77 test series (accuracy + AOPCR) ...
    [mlflow] versioned model 'millet__mil_inceptiontime__mil_conjunctive' (id=m-6ff0add9a3e947009a1559f51ae1dbcb) params={'model_size_mb': '4.1059', 'n_model_params': '422675', 'name': 'millet'}
    [mlflow] logged run 'millet_WormsTwoClass'  (train_acc=0.8828 val_acc=0.7778 test_acc=0.6883 test_loss=0.5947)
[ 85/86] WormsTwoClass                DONE  acc=0.6883 loss=0.5947 AOPCR=  0.613 NDCG=  n/a C=  2 T=  900 (9s)  [84 trained / 1 failed so far]
[ 86/86] Yoga
    stage 1/3: loading data ...
    stage 2/3: training on 241 series (val=59, C=2, T=426, batch=16) ...
    stage 3/3: scoring on 3000 test series (accuracy + AOPCR) ...
    [mlflow] versioned model 'millet__mil_inceptiontime__mil_conjunctive' (id=m-9b54acd537e7401ca8deb858b863d072) params={'model_size_mb': '4.1059', 'n_model_params': '422675', 'name': 'millet'}
    [mlflow] logged run 'millet_Yoga'  (train_acc=1.0000 val_acc=0.9322 test_acc=0.8387 test_loss=0.4005)
[ 86/86] Yoga                         DONE  acc=0.8387 loss=0.4005 AOPCR= -1.512 NDCG=  n/a C=  2 T=  426 (22s)  [85 trained / 1 failed so far]

Done: 85 trained, 0 skipped, 1 failed.
Results -> results/SEA_NET/millet__mil_inceptiontime__mil_conjunctive/results.csv

=== millet__mil_inceptiontime__mil_conjunctive vs MILLET ConjunctiveInceptionTime (mean of 5 reps) ===
  UCR datasets evaluated: 124  (with MILLET baseline: 84, without: 40)
  metric        ours    MILLET   win/tie/loss   (mean over the 84 datasets MILLET published)
  acc         0.8267    0.8433       11/26/47   
  loss        0.5303    1.2321        57/2/25   (lower is better)
  aopcr       0.8319    4.5579         3/0/81   
  wrote results/SEA_NET/millet__mil_inceptiontime__mil_conjunctive/comparison_vs_millet.csv

Next: `python main.py report` to draw the figures for millet__mil_inceptiontime__mil_conjunctive.

[log] finished; full output saved to results/SEA_NET/millet__mil_inceptiontime__mil_conjunctive/logs/train_2026-08-04_14-04-39.log
