[log] command 'train' started at 2026-07-24_23-46-14 for model 'seanet_classwise__mstcn_sep_classwise_conjunctive'
[log] a copy of everything below is being saved to: results/SEA_NET/seanet_classwise__mstcn_sep_classwise_conjunctive/logs/train_2026-07-24_23-46-14.log

=== train: model=seanet_classwise__mstcn_sep_classwise_conjunctive (config sv3/seanet_classwise) device=cuda mode=full datasets=129 ===
[params] using DEFAULT recipe (test_acc: default 0.9460 vs optuna-best 0.9340; better = default).
  results  -> results/SEA_NET/seanet_classwise__mstcn_sep_classwise_conjunctive/results.csv
  resume   -> results/SEA_NET/seanet_classwise__mstcn_sep_classwise_conjunctive/done_train_dataset.txt  (delete it to retrain everything; delete one line to retrain that dataset)

  [mlflow] logging runs to experiment 'SEA-Net_seanet_classwise__mstcn_sep_classwise_conjunctive_2026-07-24' at sqlite:///mlflow.db
  [mlflow] browse later with:  mlflow ui --backend-store-uri sqlite:///mlflow.db
[  1/129] WebTraffic                   already done -> skip
[  2/129] Adiac                        already done -> skip
[  3/129] ArrowHead                    already done -> skip
[  4/129] Beef                         already done -> skip
[  5/129] BeetleFly                    already done -> skip
[  6/129] BirdChicken                  already done -> skip
[  7/129] Car                          already done -> skip
[  8/129] CBF                          already done -> skip
[  9/129] ChlorineConcentration        already done -> skip
[ 10/129] CinCECGTorso                 already done -> skip
[ 11/129] Coffee                       already done -> skip
[ 12/129] Computers                    already done -> skip
[ 13/129] CricketX                     already done -> skip
[ 14/129] CricketY                     already done -> skip
[ 15/129] CricketZ                     already done -> skip
[ 16/129] DiatomSizeReduction          already done -> skip
[ 17/129] DistalPhalanxOutlineAgeGroup already done -> skip
[ 18/129] DistalPhalanxOutlineCorrect  already done -> skip
[ 19/129] DistalPhalanxTW              already done -> skip
[ 20/129] Earthquakes                  already done -> skip
[ 21/129] ECG200                       already done -> skip
[ 22/129] ECG5000                      already done -> skip
[ 23/129] ECGFiveDays                  already done -> skip
[ 24/129] ElectricDevices              already done -> skip
[ 25/129] FaceAll                      already done -> skip
[ 26/129] FaceFour                     already done -> skip
[ 27/129] FacesUCR
    stage 1/3: loading data ...
    stage 2/3: training on 165 series (val=35, C=14, T=131, batch=16) ...
    stage 3/3: scoring on 2050 test series (accuracy + AOPCR) ...
    [mlflow] versioned model 'seanet_classwise__mstcn_sep_classwise_conjunctive' (id=m-0a49ac3ca84342069aff741975db84f2) params={'model_size_mb': '3.5409', 'n_model_params': '269716', 'name': 'seanet_classwise'}
    [mlflow] logged run 'seanet_classwise_FacesUCR'  (train_acc=1.0000 val_acc=1.0000 test_acc=0.9659 test_loss=0.2204)
[ 27/129] FacesUCR                     DONE  acc=0.9659 loss=0.2204 AOPCR= -0.029 NDCG=  n/a C= 14 T=  131 (25s)  [1 trained / 0 failed so far]
[ 28/129] FiftyWords
    stage 1/3: loading data ...
    stage 2/3: training on 365 series (val=85, C=50, T=270, batch=16) ...
    stage 3/3: scoring on 455 test series (accuracy + AOPCR) ...
    [mlflow] versioned model 'seanet_classwise__mstcn_sep_classwise_conjunctive' (id=m-feedb4bb98d04fc9ba744658f54497f7) params={'model_size_mb': '3.56', 'n_model_params': '274684', 'name': 'seanet_classwise'}
    [mlflow] logged run 'seanet_classwise_FiftyWords'  (train_acc=1.0000 val_acc=0.8471 test_acc=0.8330 test_loss=0.7585)
[ 28/129] FiftyWords                   DONE  acc=0.8330 loss=0.7585 AOPCR=  0.848 NDCG=  n/a C= 50 T=  270 (50s)  [2 trained / 0 failed so far]
[ 29/129] Fish
    stage 1/3: loading data ...
    stage 2/3: training on 142 series (val=33, C=7, T=463, batch=14) ...
    stage 3/3: scoring on 175 test series (accuracy + AOPCR) ...
    [mlflow] versioned model 'seanet_classwise__mstcn_sep_classwise_conjunctive' (id=m-d228958147574779b3a84dc21f067734) params={'model_size_mb': '3.5373', 'n_model_params': '268750', 'name': 'seanet_classwise'}
    [mlflow] logged run 'seanet_classwise_Fish'  (train_acc=0.9789 val_acc=0.9697 test_acc=0.9486 test_loss=0.2077)
[ 29/129] Fish                         DONE  acc=0.9486 loss=0.2077 AOPCR=  0.830 NDCG=  n/a C=  7 T=  463 (14s)  [3 trained / 0 failed so far]
[ 30/129] FordA
    stage 1/3: loading data ...
    stage 2/3: training on 2881 series (val=720, C=2, T=500, batch=16) ...
    stage 3/3: scoring on 1320 test series (accuracy + AOPCR) ...
    [mlflow] versioned model 'seanet_classwise__mstcn_sep_classwise_conjunctive' (id=m-3f88e002c43944a9b7c95929318ee339) params={'model_size_mb': '3.5347', 'n_model_params': '268060', 'name': 'seanet_classwise'}
    [mlflow] logged run 'seanet_classwise_FordA'  (train_acc=0.9830 val_acc=0.9583 test_acc=0.9606 test_loss=0.1451)
[ 30/129] FordA                        DONE  acc=0.9606 loss=0.1451 AOPCR=  0.135 NDCG=  n/a C=  2 T=  500 (133s)  [4 trained / 0 failed so far]
[ 31/129] FordB
    stage 1/3: loading data ...
    stage 2/3: training on 2909 series (val=727, C=2, T=500, batch=16) ...
    stage 3/3: scoring on 810 test series (accuracy + AOPCR) ...
    [mlflow] versioned model 'seanet_classwise__mstcn_sep_classwise_conjunctive' (id=m-0850d09c3e3549bba77373628c4f3253) params={'model_size_mb': '3.5347', 'n_model_params': '268060', 'name': 'seanet_classwise'}
    [mlflow] logged run 'seanet_classwise_FordB'  (train_acc=0.9890 val_acc=0.9656 test_acc=0.8432 test_loss=0.3645)
[ 31/129] FordB                        DONE  acc=0.8432 loss=0.3645 AOPCR= -0.021 NDCG=  n/a C=  2 T=  500 (125s)  [5 trained / 0 failed so far]
[ 32/129] GunPoint
    stage 1/3: loading data ...
    stage 2/3: training on 50 series (no val (train-loss early stop), C=2, T=150, batch=5) ...
    stage 3/3: scoring on 150 test series (accuracy + AOPCR) ...
    [mlflow] versioned model 'seanet_classwise__mstcn_sep_classwise_conjunctive' (id=m-b1c9b8b0312e4a87a2b4d48df6db4c33) params={'model_size_mb': '3.5347', 'n_model_params': '268060', 'name': 'seanet_classwise'}
    [mlflow] logged run 'seanet_classwise_GunPoint'  (train_acc=1.0000 test_acc=1.0000 test_loss=0.0892)
[ 32/129] GunPoint                     DONE  acc=1.0000 loss=0.0892 AOPCR=  0.571 NDCG=  n/a C=  2 T=  150 (25s)  [6 trained / 0 failed so far]
[ 33/129] Ham
    stage 1/3: loading data ...
    stage 2/3: training on 88 series (val=21, C=2, T=431, batch=8) ...
    stage 3/3: scoring on 105 test series (accuracy + AOPCR) ...
    [mlflow] versioned model 'seanet_classwise__mstcn_sep_classwise_conjunctive' (id=m-0f1466a42de84236bece376365b6b7e3) params={'model_size_mb': '3.5347', 'n_model_params': '268060', 'name': 'seanet_classwise'}
    [mlflow] logged run 'seanet_classwise_Ham'  (train_acc=0.9886 val_acc=0.9048 test_acc=0.8000 test_loss=0.4843)
[ 33/129] Ham                          DONE  acc=0.8000 loss=0.4843 AOPCR=  0.662 NDCG=  n/a C=  2 T=  431 (14s)  [7 trained / 0 failed so far]
[ 34/129] HandOutlines
    stage 1/3: loading data ...
    stage 2/3: training on 801 series (val=199, C=2, T=2709, batch=16) ...
    stage 3/3: scoring on 370 test series (accuracy + AOPCR) ...
    [mlflow] versioned model 'seanet_classwise__mstcn_sep_classwise_conjunctive' (id=m-7ed0df04d396490f893f41dcaddfd05f) params={'model_size_mb': '3.5347', 'n_model_params': '268060', 'name': 'seanet_classwise'}
    [mlflow] logged run 'seanet_classwise_HandOutlines'  (train_acc=0.9476 val_acc=0.8995 test_acc=0.9297 test_loss=0.2552)
[ 34/129] HandOutlines                 DONE  acc=0.9297 loss=0.2552 AOPCR=  0.793 NDCG=  n/a C=  2 T= 2709 (148s)  [8 trained / 0 failed so far]
[ 35/129] Haptics
    stage 1/3: loading data ...
    stage 2/3: training on 127 series (val=28, C=5, T=1092, batch=12) ...
    stage 3/3: scoring on 308 test series (accuracy + AOPCR) ...
    [mlflow] versioned model 'seanet_classwise__mstcn_sep_classwise_conjunctive' (id=m-23cf55d5629c440b8856ac255c152b92) params={'model_size_mb': '3.5362', 'n_model_params': '268474', 'name': 'seanet_classwise'}
    [mlflow] logged run 'seanet_classwise_Haptics'  (train_acc=1.0000 val_acc=0.6071 test_acc=0.5000 test_loss=1.3390)
[ 35/129] Haptics                      DONE  acc=0.5000 loss=1.3390 AOPCR=  1.000 NDCG=  n/a C=  5 T= 1092 (18s)  [9 trained / 0 failed so far]
[ 36/129] Herring
    stage 1/3: loading data ...
    stage 2/3: training on 64 series (no val (train-loss early stop), C=2, T=512, batch=6) ...
    stage 3/3: scoring on 64 test series (accuracy + AOPCR) ...
    [mlflow] versioned model 'seanet_classwise__mstcn_sep_classwise_conjunctive' (id=m-f5bd4cd6dcdd45e5b3f3f250d8c1c543) params={'model_size_mb': '3.5347', 'n_model_params': '268060', 'name': 'seanet_classwise'}
    [mlflow] logged run 'seanet_classwise_Herring'  (train_acc=1.0000 test_acc=0.6094 test_loss=0.8386)
[ 36/129] Herring                      DONE  acc=0.6094 loss=0.8386 AOPCR=  0.929 NDCG=  n/a C=  2 T=  512 (40s)  [10 trained / 0 failed so far]
[ 37/129] InlineSkate
    stage 1/3: loading data ...
    stage 2/3: training on 84 series (val=16, C=7, T=1882, batch=8) ...
    stage 3/3: scoring on 550 test series (accuracy + AOPCR) ...
    [mlflow] versioned model 'seanet_classwise__mstcn_sep_classwise_conjunctive' (id=m-9c371f3b2d3740eb82c3eea4015868a7) params={'model_size_mb': '3.5373', 'n_model_params': '268750', 'name': 'seanet_classwise'}
    [mlflow] logged run 'seanet_classwise_InlineSkate'  (train_acc=0.8214 val_acc=0.4375 test_acc=0.3800 test_loss=1.7710)
[ 37/129] InlineSkate                  DONE  acc=0.3800 loss=1.7710 AOPCR=  1.267 NDCG=  n/a C=  7 T= 1882 (11s)  [11 trained / 0 failed so far]
[ 38/129] InsectWingbeatSound
    stage 1/3: loading data ...
    stage 2/3: training on 176 series (val=44, C=11, T=256, batch=16) ...
    stage 3/3: scoring on 1980 test series (accuracy + AOPCR) ...
    [mlflow] versioned model 'seanet_classwise__mstcn_sep_classwise_conjunctive' (id=m-c654a16e27b540e78aeeb39b2b5f26b2) params={'model_size_mb': '3.5394', 'n_model_params': '269302', 'name': 'seanet_classwise'}
    [mlflow] logged run 'seanet_classwise_InsectWingbeatSound'  (train_acc=0.7443 val_acc=0.5227 test_acc=0.5682 test_loss=1.0921)
[ 38/129] InsectWingbeatSound          DONE  acc=0.5682 loss=1.0921 AOPCR=  0.332 NDCG=  n/a C= 11 T=  256 (7s)  [12 trained / 0 failed so far]
[ 39/129] ItalyPowerDemand
    stage 1/3: loading data ...
    stage 2/3: training on 67 series (no val (train-loss early stop), C=2, T=24, batch=6) ...
    stage 3/3: scoring on 1029 test series (accuracy + AOPCR) ...
    [mlflow] versioned model 'seanet_classwise__mstcn_sep_classwise_conjunctive' (id=m-3556d3fc2aca4d0c84a5ca3431d931f8) params={'model_size_mb': '3.5347', 'n_model_params': '268060', 'name': 'seanet_classwise'}
    [mlflow] logged run 'seanet_classwise_ItalyPowerDemand'  (train_acc=1.0000 test_acc=0.9708 test_loss=0.1412)
[ 39/129] ItalyPowerDemand             DONE  acc=0.9708 loss=0.1412 AOPCR=  0.149 NDCG=  n/a C=  2 T=   24 (22s)  [13 trained / 0 failed so far]
[ 40/129] LargeKitchenAppliances
    stage 1/3: loading data ...
    stage 2/3: training on 300 series (val=75, C=3, T=720, batch=16) ...
    stage 3/3: scoring on 375 test series (accuracy + AOPCR) ...
    [mlflow] versioned model 'seanet_classwise__mstcn_sep_classwise_conjunctive' (id=m-4ba275a760a348d68af14088463f6a08) params={'model_size_mb': '3.5352', 'n_model_params': '268198', 'name': 'seanet_classwise'}
    [mlflow] logged run 'seanet_classwise_LargeKitchenAppliances'  (train_acc=0.9900 val_acc=0.9867 test_acc=0.8827 test_loss=0.4017)
[ 40/129] LargeKitchenAppliances       DONE  acc=0.8827 loss=0.4017 AOPCR=  1.751 NDCG=  n/a C=  3 T=  720 (21s)  [14 trained / 0 failed so far]
[ 41/129] Lightning2
    stage 1/3: loading data ...
    stage 2/3: training on 60 series (no val (train-loss early stop), C=2, T=637, batch=6) ...
    stage 3/3: scoring on 61 test series (accuracy + AOPCR) ...
    [mlflow] versioned model 'seanet_classwise__mstcn_sep_classwise_conjunctive' (id=m-95ad315c1e51407bbe2603ce397e0208) params={'model_size_mb': '3.5347', 'n_model_params': '268060', 'name': 'seanet_classwise'}
    [mlflow] logged run 'seanet_classwise_Lightning2'  (train_acc=1.0000 test_acc=0.8361 test_loss=0.3888)
[ 41/129] Lightning2                   DONE  acc=0.8361 loss=0.3888 AOPCR=  0.597 NDCG=  n/a C=  2 T=  637 (32s)  [15 trained / 0 failed so far]
[ 42/129] Lightning7
    stage 1/3: loading data ...
    stage 2/3: training on 70 series (no val (train-loss early stop), C=7, T=319, batch=7) ...
    stage 3/3: scoring on 73 test series (accuracy + AOPCR) ...
    [mlflow] versioned model 'seanet_classwise__mstcn_sep_classwise_conjunctive' (id=m-b24fcf85cbc24943b3bfead76aadb351) params={'model_size_mb': '3.5373', 'n_model_params': '268750', 'name': 'seanet_classwise'}
    [mlflow] logged run 'seanet_classwise_Lightning7'  (train_acc=1.0000 test_acc=0.8082 test_loss=0.5927)
[ 42/129] Lightning7                   DONE  acc=0.8082 loss=0.5927 AOPCR=  1.276 NDCG=  n/a C=  7 T=  319 (18s)  [16 trained / 0 failed so far]
[ 43/129] Mallat
    stage 1/3: loading data ...
    stage 2/3: training on 55 series (no val (train-loss early stop), C=8, T=1024, batch=5) ...
    stage 3/3: scoring on 2345 test series (accuracy + AOPCR) ...
    [mlflow] versioned model 'seanet_classwise__mstcn_sep_classwise_conjunctive' (id=m-06bf5d0e6dc64267b77cbc9b1639136f) params={'model_size_mb': '3.5378', 'n_model_params': '268888', 'name': 'seanet_classwise'}
    [mlflow] logged run 'seanet_classwise_Mallat'  (train_acc=1.0000 test_acc=0.9684 test_loss=0.2104)
[ 43/129] Mallat                       DONE  acc=0.9684 loss=0.2104 AOPCR=  1.550 NDCG=  n/a C=  8 T= 1024 (21s)  [17 trained / 0 failed so far]
[ 44/129] Meat
    stage 1/3: loading data ...
    stage 2/3: training on 60 series (no val (train-loss early stop), C=3, T=448, batch=6) ...
    stage 3/3: scoring on 60 test series (accuracy + AOPCR) ...
    [mlflow] versioned model 'seanet_classwise__mstcn_sep_classwise_conjunctive' (id=m-549f849217224ee39b11d3bbc84461a9) params={'model_size_mb': '3.5352', 'n_model_params': '268198', 'name': 'seanet_classwise'}
    [mlflow] logged run 'seanet_classwise_Meat'  (train_acc=0.9667 test_acc=0.9667 test_loss=0.3352)
[ 44/129] Meat                         DONE  acc=0.9667 loss=0.3352 AOPCR=  3.157 NDCG=  n/a C=  3 T=  448 (8s)  [18 trained / 0 failed so far]
[ 45/129] MedicalImages
    stage 1/3: loading data ...
    stage 2/3: training on 307 series (val=74, C=10, T=99, batch=16) ...
    stage 3/3: scoring on 760 test series (accuracy + AOPCR) ...
    [mlflow] versioned model 'seanet_classwise__mstcn_sep_classwise_conjunctive' (id=m-0a2d126d6ee749a0a6816bb618115732) params={'model_size_mb': '3.5389', 'n_model_params': '269164', 'name': 'seanet_classwise'}
    [mlflow] logged run 'seanet_classwise_MedicalImages'  (train_acc=0.8306 val_acc=0.7297 test_acc=0.7250 test_loss=0.8274)
[ 45/129] MedicalImages                DONE  acc=0.7250 loss=0.8274 AOPCR=  0.508 NDCG=  n/a C= 10 T=   99 (13s)  [19 trained / 0 failed so far]
[ 46/129] MiddlePhalanxOutlineAgeGroup
    stage 1/3: loading data ...
    stage 2/3: training on 321 series (val=79, C=3, T=80, batch=16) ...
    stage 3/3: scoring on 154 test series (accuracy + AOPCR) ...
    [mlflow] versioned model 'seanet_classwise__mstcn_sep_classwise_conjunctive' (id=m-59ea164b1cb74208b6de89786d35dcfd) params={'model_size_mb': '3.5352', 'n_model_params': '268198', 'name': 'seanet_classwise'}
    [mlflow] logged run 'seanet_classwise_MiddlePhalanxOutlineAgeGroup'  (train_acc=0.8287 val_acc=0.7722 test_acc=0.5390 test_loss=0.9474)
[ 46/129] MiddlePhalanxOutlineAgeGroup DONE  acc=0.5390 loss=0.9474 AOPCR=  0.129 NDCG=  n/a C=  3 T=   80 (19s)  [20 trained / 0 failed so far]
[ 47/129] MiddlePhalanxOutlineCorrect
    stage 1/3: loading data ...
    stage 2/3: training on 481 series (val=119, C=2, T=80, batch=16) ...
    stage 3/3: scoring on 291 test series (accuracy + AOPCR) ...
    [mlflow] versioned model 'seanet_classwise__mstcn_sep_classwise_conjunctive' (id=m-5f58584d7e7d4c119c8802dec5ecc528) params={'model_size_mb': '3.5347', 'n_model_params': '268060', 'name': 'seanet_classwise'}
    [mlflow] logged run 'seanet_classwise_MiddlePhalanxOutlineCorrect'  (train_acc=0.9252 val_acc=0.8319 test_acc=0.8454 test_loss=0.3852)
[ 47/129] MiddlePhalanxOutlineCorrect  DONE  acc=0.8454 loss=0.3852 AOPCR=  0.530 NDCG=  n/a C=  2 T=   80 (30s)  [21 trained / 0 failed so far]
[ 48/129] MiddlePhalanxTW
    stage 1/3: loading data ...
    stage 2/3: training on 321 series (val=78, C=6, T=80, batch=16) ...
    stage 3/3: scoring on 154 test series (accuracy + AOPCR) ...
    [mlflow] versioned model 'seanet_classwise__mstcn_sep_classwise_conjunctive' (id=m-12c0974f6a5544cd8793c2fcc70f6ee8) params={'model_size_mb': '3.5368', 'n_model_params': '268612', 'name': 'seanet_classwise'}
    [mlflow] logged run 'seanet_classwise_MiddlePhalanxTW'  (train_acc=0.6947 val_acc=0.6538 test_acc=0.5779 test_loss=1.1290)
[ 48/129] MiddlePhalanxTW              DONE  acc=0.5779 loss=1.1290 AOPCR=  0.024 NDCG=  n/a C=  6 T=   80 (26s)  [22 trained / 0 failed so far]
[ 49/129] MoteStrain
    stage 1/3: loading data ...
    stage 2/3: training on 20 series (no val (train-loss early stop), C=2, T=84, batch=2) ...
    stage 3/3: scoring on 1252 test series (accuracy + AOPCR) ...
    [mlflow] versioned model 'seanet_classwise__mstcn_sep_classwise_conjunctive' (id=m-23c92e81e83845249fa4d4821a45c7fd) params={'model_size_mb': '3.5347', 'n_model_params': '268060', 'name': 'seanet_classwise'}
    [mlflow] logged run 'seanet_classwise_MoteStrain'  (train_acc=1.0000 test_acc=0.8914 test_loss=0.2997)
[ 49/129] MoteStrain                   DONE  acc=0.8914 loss=0.2997 AOPCR=  0.146 NDCG=  n/a C=  2 T=   84 (15s)  [23 trained / 0 failed so far]
[ 50/129] NonInvasiveFetalECGThorax1
    stage 1/3: loading data ...
    stage 2/3: training on 1452 series (val=348, C=42, T=750, batch=16) ...
    stage 3/3: scoring on 1965 test series (accuracy + AOPCR) ...
    [mlflow] versioned model 'seanet_classwise__mstcn_sep_classwise_conjunctive' (id=m-9f622ac9b479450a919bbfc947a28d64) params={'model_size_mb': '3.5557', 'n_model_params': '273580', 'name': 'seanet_classwise'}
    [mlflow] logged run 'seanet_classwise_NonInvasiveFetalECGThorax1'  (train_acc=0.9883 val_acc=0.9080 test_acc=0.9104 test_loss=0.4185)
[ 50/129] NonInvasiveFetalECGThorax1   DONE  acc=0.9104 loss=0.4185 AOPCR= -0.692 NDCG=  n/a C= 42 T=  750 (172s)  [24 trained / 0 failed so far]
[ 51/129] NonInvasiveFetalECGThorax2
    stage 1/3: loading data ...
    stage 2/3: training on 1452 series (val=348, C=42, T=750, batch=16) ...
    stage 3/3: scoring on 1965 test series (accuracy + AOPCR) ...
    [mlflow] versioned model 'seanet_classwise__mstcn_sep_classwise_conjunctive' (id=m-b25cc7fa02874235bcfb504142934479) params={'model_size_mb': '3.5557', 'n_model_params': '273580', 'name': 'seanet_classwise'}
    [mlflow] logged run 'seanet_classwise_NonInvasiveFetalECGThorax2'  (train_acc=0.9862 val_acc=0.9483 test_acc=0.9313 test_loss=0.3109)
[ 51/129] NonInvasiveFetalECGThorax2   DONE  acc=0.9313 loss=0.3109 AOPCR= -0.112 NDCG=  n/a C= 42 T=  750 (132s)  [25 trained / 0 failed so far]
[ 52/129] OliveOil
    stage 1/3: loading data ...
    stage 2/3: training on 30 series (no val (train-loss early stop), C=4, T=570, batch=3) ...
    stage 3/3: scoring on 30 test series (accuracy + AOPCR) ...
    [mlflow] versioned model 'seanet_classwise__mstcn_sep_classwise_conjunctive' (id=m-7d6463a65ece4e13bb64ce3363218f7d) params={'model_size_mb': '3.5358', 'n_model_params': '268336', 'name': 'seanet_classwise'}
    [mlflow] logged run 'seanet_classwise_OliveOil'  (train_acc=0.8333 test_acc=0.6667 test_loss=0.7639)
[ 52/129] OliveOil                     DONE  acc=0.6667 loss=0.7639 AOPCR=  0.597 NDCG=  n/a C=  4 T=  570 (32s)  [26 trained / 0 failed so far]
[ 53/129] OSULeaf
    stage 1/3: loading data ...
    stage 2/3: training on 163 series (val=37, C=6, T=427, batch=16) ...
    stage 3/3: scoring on 242 test series (accuracy + AOPCR) ...
    [mlflow] versioned model 'seanet_classwise__mstcn_sep_classwise_conjunctive' (id=m-cfb8c82805a84fe9a787358bac98baf1) params={'model_size_mb': '3.5368', 'n_model_params': '268612', 'name': 'seanet_classwise'}
    [mlflow] logged run 'seanet_classwise_OSULeaf'  (train_acc=1.0000 val_acc=1.0000 test_acc=0.9008 test_loss=0.3472)
[ 53/129] OSULeaf                      DONE  acc=0.9008 loss=0.3472 AOPCR=  0.576 NDCG=  n/a C=  6 T=  427 (18s)  [27 trained / 0 failed so far]
[ 54/129] PhalangesOutlinesCorrect
    stage 1/3: loading data ...
    stage 2/3: training on 1441 series (val=359, C=2, T=80, batch=16) ...
    stage 3/3: scoring on 858 test series (accuracy + AOPCR) ...
    [mlflow] versioned model 'seanet_classwise__mstcn_sep_classwise_conjunctive' (id=m-a00ec4de9c314b1b97f5008805b4930a) params={'model_size_mb': '3.5347', 'n_model_params': '268060', 'name': 'seanet_classwise'}
    [mlflow] logged run 'seanet_classwise_PhalangesOutlinesCorrect'  (train_acc=0.9473 val_acc=0.8914 test_acc=0.8263 test_loss=0.4246)
[ 54/129] PhalangesOutlinesCorrect     DONE  acc=0.8263 loss=0.4246 AOPCR=  0.179 NDCG=  n/a C=  2 T=   80 (126s)  [28 trained / 0 failed so far]
[ 55/129] Phoneme
    stage 1/3: loading data ...
    stage 2/3: training on 171 series (val=43, C=39, T=1024, batch=16) ...
    stage 3/3: scoring on 1896 test series (accuracy + AOPCR) ...
    [mlflow] versioned model 'seanet_classwise__mstcn_sep_classwise_conjunctive' (id=m-b96e942dc1604a3bab70a6a5114ca7ac) params={'model_size_mb': '3.5541', 'n_model_params': '273166', 'name': 'seanet_classwise'}
    [mlflow] logged run 'seanet_classwise_Phoneme'  (train_acc=0.3860 val_acc=0.2093 test_acc=0.2257 test_loss=2.8822)
[ 55/129] Phoneme                      DONE  acc=0.2257 loss=2.8822 AOPCR=  0.452 NDCG=  n/a C= 39 T= 1024 (8s)  [29 trained / 0 failed so far]
[ 56/129] Plane
    stage 1/3: loading data ...
    stage 2/3: training on 87 series (val=18, C=7, T=144, batch=8) ...
    stage 3/3: scoring on 105 test series (accuracy + AOPCR) ...
    [mlflow] versioned model 'seanet_classwise__mstcn_sep_classwise_conjunctive' (id=m-daef50f7dbb4466d90e72ad4954f2456) params={'model_size_mb': '3.5373', 'n_model_params': '268750', 'name': 'seanet_classwise'}
    [mlflow] logged run 'seanet_classwise_Plane'  (train_acc=1.0000 val_acc=1.0000 test_acc=1.0000 test_loss=0.1036)
[ 56/129] Plane                        DONE  acc=1.0000 loss=0.1036 AOPCR=  0.238 NDCG=  n/a C=  7 T=  144 (23s)  [30 trained / 0 failed so far]
[ 57/129] ProximalPhalanxOutlineAgeGroup
    stage 1/3: loading data ...
    stage 2/3: training on 322 series (val=78, C=3, T=80, batch=16) ...
    stage 3/3: scoring on 205 test series (accuracy + AOPCR) ...
    [mlflow] versioned model 'seanet_classwise__mstcn_sep_classwise_conjunctive' (id=m-6203c486a6164adc9c4680e28c94e917) params={'model_size_mb': '3.5352', 'n_model_params': '268198', 'name': 'seanet_classwise'}
    [mlflow] logged run 'seanet_classwise_ProximalPhalanxOutlineAgeGroup'  (train_acc=0.8789 val_acc=0.7949 test_acc=0.8195 test_loss=0.4313)
[ 57/129] ProximalPhalanxOutlineAgeGroup DONE  acc=0.8195 loss=0.4313 AOPCR=  0.260 NDCG=  n/a C=  3 T=   80 (21s)  [31 trained / 0 failed so far]
[ 58/129] ProximalPhalanxOutlineCorrect
    stage 1/3: loading data ...
    stage 2/3: training on 481 series (val=119, C=2, T=80, batch=16) ...
    stage 3/3: scoring on 291 test series (accuracy + AOPCR) ...
    [mlflow] versioned model 'seanet_classwise__mstcn_sep_classwise_conjunctive' (id=m-4cf598b483274006a1e5eaffe655bd35) params={'model_size_mb': '3.5347', 'n_model_params': '268060', 'name': 'seanet_classwise'}
    [mlflow] logged run 'seanet_classwise_ProximalPhalanxOutlineCorrect'  (train_acc=0.9688 val_acc=0.9076 test_acc=0.9038 test_loss=0.2770)
[ 58/129] ProximalPhalanxOutlineCorrect DONE  acc=0.9038 loss=0.2770 AOPCR= -0.011 NDCG=  n/a C=  2 T=   80 (59s)  [32 trained / 0 failed so far]
[ 59/129] ProximalPhalanxTW
    stage 1/3: loading data ...
    stage 2/3: training on 322 series (val=78, C=6, T=80, batch=16) ...
    stage 3/3: scoring on 205 test series (accuracy + AOPCR) ...
    [mlflow] versioned model 'seanet_classwise__mstcn_sep_classwise_conjunctive' (id=m-de53aaf5f131494193649e5c9792a2d6) params={'model_size_mb': '3.5368', 'n_model_params': '268612', 'name': 'seanet_classwise'}
    [mlflow] logged run 'seanet_classwise_ProximalPhalanxTW'  (train_acc=0.9255 val_acc=0.8846 test_acc=0.7902 test_loss=0.6069)
[ 59/129] ProximalPhalanxTW            DONE  acc=0.7902 loss=0.6069 AOPCR= -0.960 NDCG=  n/a C=  6 T=   80 (27s)  [33 trained / 0 failed so far]
[ 60/129] RefrigerationDevices
    stage 1/3: loading data ...
    stage 2/3: training on 300 series (val=75, C=3, T=720, batch=16) ...
    stage 3/3: scoring on 375 test series (accuracy + AOPCR) ...
    [mlflow] versioned model 'seanet_classwise__mstcn_sep_classwise_conjunctive' (id=m-93296dd9590a4952ad1984a80d8c0673) params={'model_size_mb': '3.5352', 'n_model_params': '268198', 'name': 'seanet_classwise'}
    [mlflow] logged run 'seanet_classwise_RefrigerationDevices'  (train_acc=0.7067 val_acc=0.5733 test_acc=0.5093 test_loss=1.1853)
[ 60/129] RefrigerationDevices         DONE  acc=0.5093 loss=1.1853 AOPCR=  0.207 NDCG=  n/a C=  3 T=  720 (10s)  [34 trained / 0 failed so far]
[ 61/129] ScreenType
    stage 1/3: loading data ...
    stage 2/3: training on 300 series (val=75, C=3, T=720, batch=16) ...
    stage 3/3: scoring on 375 test series (accuracy + AOPCR) ...
    [mlflow] versioned model 'seanet_classwise__mstcn_sep_classwise_conjunctive' (id=m-e4bc76406a7d4109808f43b8624882b7) params={'model_size_mb': '3.5352', 'n_model_params': '268198', 'name': 'seanet_classwise'}
    [mlflow] logged run 'seanet_classwise_ScreenType'  (train_acc=1.0000 val_acc=0.7067 test_acc=0.5653 test_loss=1.1995)
[ 61/129] ScreenType                   DONE  acc=0.5653 loss=1.1995 AOPCR=  0.839 NDCG=  n/a C=  3 T=  720 (17s)  [35 trained / 0 failed so far]
[ 62/129] ShapeletSim
    stage 1/3: loading data ...
    stage 2/3: training on 20 series (no val (train-loss early stop), C=2, T=500, batch=2) ...
    stage 3/3: scoring on 180 test series (accuracy + AOPCR) ...
    [mlflow] versioned model 'seanet_classwise__mstcn_sep_classwise_conjunctive' (id=m-ef26983cd89742a2a6f6e6ce40293681) params={'model_size_mb': '3.5347', 'n_model_params': '268060', 'name': 'seanet_classwise'}
    [mlflow] logged run 'seanet_classwise_ShapeletSim'  (train_acc=1.0000 test_acc=0.9889 test_loss=0.1036)
[ 62/129] ShapeletSim                  DONE  acc=0.9889 loss=0.1036 AOPCR=  0.597 NDCG=  n/a C=  2 T=  500 (8s)  [36 trained / 0 failed so far]
[ 63/129] ShapesAll
    stage 1/3: loading data ...
    stage 2/3: training on 480 series (val=120, C=60, T=512, batch=16) ...
    stage 3/3: scoring on 600 test series (accuracy + AOPCR) ...
    [mlflow] versioned model 'seanet_classwise__mstcn_sep_classwise_conjunctive' (id=m-da0c7db9a1ef475da1c69270066e95c2) params={'model_size_mb': '3.5652', 'n_model_params': '276064', 'name': 'seanet_classwise'}
    [mlflow] logged run 'seanet_classwise_ShapesAll'  (train_acc=0.9979 val_acc=0.8750 test_acc=0.8850 test_loss=0.5711)
[ 63/129] ShapesAll                    DONE  acc=0.8850 loss=0.5711 AOPCR=  0.642 NDCG=  n/a C= 60 T=  512 (27s)  [37 trained / 0 failed so far]
[ 64/129] SmallKitchenAppliances
    stage 1/3: loading data ...
    stage 2/3: training on 300 series (val=75, C=3, T=720, batch=16) ...
    stage 3/3: scoring on 375 test series (accuracy + AOPCR) ...
    [mlflow] versioned model 'seanet_classwise__mstcn_sep_classwise_conjunctive' (id=m-69043aea1a734380a1cb604f7ac6e658) params={'model_size_mb': '3.5352', 'n_model_params': '268198', 'name': 'seanet_classwise'}
    [mlflow] logged run 'seanet_classwise_SmallKitchenAppliances'  (train_acc=0.8933 val_acc=0.7200 test_acc=0.6960 test_loss=0.6973)
[ 64/129] SmallKitchenAppliances       DONE  acc=0.6960 loss=0.6973 AOPCR=  1.222 NDCG=  n/a C=  3 T=  720 (18s)  [38 trained / 0 failed so far]
[ 65/129] SonyAIBORobotSurface1
    stage 1/3: loading data ...
    stage 2/3: training on 20 series (no val (train-loss early stop), C=2, T=70, batch=2) ...
    stage 3/3: scoring on 601 test series (accuracy + AOPCR) ...
    [mlflow] versioned model 'seanet_classwise__mstcn_sep_classwise_conjunctive' (id=m-d8cc972747564ddf8394f496d845a6eb) params={'model_size_mb': '3.5347', 'n_model_params': '268060', 'name': 'seanet_classwise'}
    [mlflow] logged run 'seanet_classwise_SonyAIBORobotSurface1'  (train_acc=1.0000 test_acc=0.9218 test_loss=0.2212)
[ 65/129] SonyAIBORobotSurface1        DONE  acc=0.9218 loss=0.2212 AOPCR=  0.391 NDCG=  n/a C=  2 T=   70 (15s)  [39 trained / 0 failed so far]
[ 66/129] SonyAIBORobotSurface2
    stage 1/3: loading data ...
    stage 2/3: training on 27 series (no val (train-loss early stop), C=2, T=65, batch=2) ...
    stage 3/3: scoring on 953 test series (accuracy + AOPCR) ...
    [mlflow] versioned model 'seanet_classwise__mstcn_sep_classwise_conjunctive' (id=m-9ff0088b03ba4d94bb716747df28c5ca) params={'model_size_mb': '3.5347', 'n_model_params': '268060', 'name': 'seanet_classwise'}
    [mlflow] logged run 'seanet_classwise_SonyAIBORobotSurface2'  (train_acc=1.0000 test_acc=0.8489 test_loss=0.3279)
[ 66/129] SonyAIBORobotSurface2        DONE  acc=0.8489 loss=0.3279 AOPCR=  0.118 NDCG=  n/a C=  2 T=   65 (26s)  [40 trained / 0 failed so far]
[ 67/129] StarLightCurves
    stage 1/3: loading data ...
    stage 2/3: training on 801 series (val=199, C=3, T=1024, batch=16) ...
    stage 3/3: scoring on 8236 test series (accuracy + AOPCR) ...
    [mlflow] versioned model 'seanet_classwise__mstcn_sep_classwise_conjunctive' (id=m-99c2ed2429f9458a982eef856513d916) params={'model_size_mb': '3.5352', 'n_model_params': '268198', 'name': 'seanet_classwise'}
    [mlflow] logged run 'seanet_classwise_StarLightCurves'  (train_acc=1.0000 val_acc=0.9698 test_acc=0.9747 test_loss=0.1459)
[ 67/129] StarLightCurves              DONE  acc=0.9747 loss=0.1459 AOPCR=  0.549 NDCG=  n/a C=  3 T= 1024 (85s)  [41 trained / 0 failed so far]
[ 68/129] Strawberry
    stage 1/3: loading data ...
    stage 2/3: training on 492 series (val=121, C=2, T=235, batch=16) ...
    stage 3/3: scoring on 370 test series (accuracy + AOPCR) ...
    [mlflow] versioned model 'seanet_classwise__mstcn_sep_classwise_conjunctive' (id=m-b7fbc3d49a2f4f59a86e9d1a6edb1422) params={'model_size_mb': '3.5347', 'n_model_params': '268060', 'name': 'seanet_classwise'}
    [mlflow] logged run 'seanet_classwise_Strawberry'  (train_acc=0.9858 val_acc=0.9917 test_acc=0.9649 test_loss=0.1635)
[ 68/129] Strawberry                   DONE  acc=0.9649 loss=0.1635 AOPCR= -0.100 NDCG=  n/a C=  2 T=  235 (60s)  [42 trained / 0 failed so far]
[ 69/129] SwedishLeaf
    stage 1/3: loading data ...
    stage 2/3: training on 405 series (val=95, C=15, T=128, batch=16) ...
    stage 3/3: scoring on 625 test series (accuracy + AOPCR) ...
    [mlflow] versioned model 'seanet_classwise__mstcn_sep_classwise_conjunctive' (id=m-da735bf2159a49eea73efae755dc87bc) params={'model_size_mb': '3.5414', 'n_model_params': '269854', 'name': 'seanet_classwise'}
    [mlflow] logged run 'seanet_classwise_SwedishLeaf'  (train_acc=1.0000 val_acc=0.9895 test_acc=0.9632 test_loss=0.2220)
[ 69/129] SwedishLeaf                  DONE  acc=0.9632 loss=0.2220 AOPCR=  0.682 NDCG=  n/a C= 15 T=  128 (73s)  [43 trained / 0 failed so far]
[ 70/129] Symbols
    stage 1/3: loading data ...
    stage 2/3: training on 25 series (no val (train-loss early stop), C=6, T=398, batch=2) ...
    stage 3/3: scoring on 995 test series (accuracy + AOPCR) ...
    [mlflow] versioned model 'seanet_classwise__mstcn_sep_classwise_conjunctive' (id=m-e7319d1f99d34309936059c1ca6350b9) params={'model_size_mb': '3.5368', 'n_model_params': '268612', 'name': 'seanet_classwise'}
    [mlflow] logged run 'seanet_classwise_Symbols'  (train_acc=1.0000 test_acc=0.9618 test_loss=0.2238)
[ 70/129] Symbols                      DONE  acc=0.9618 loss=0.2238 AOPCR=  0.869 NDCG=  n/a C=  6 T=  398 (25s)  [44 trained / 0 failed so far]
[ 71/129] SyntheticControl
    stage 1/3: loading data ...
    stage 2/3: training on 240 series (val=60, C=6, T=60, batch=16) ...
    stage 3/3: scoring on 300 test series (accuracy + AOPCR) ...
    [mlflow] versioned model 'seanet_classwise__mstcn_sep_classwise_conjunctive' (id=m-dcd0dd17a8af46c29063282b8c0912ef) params={'model_size_mb': '3.5368', 'n_model_params': '268612', 'name': 'seanet_classwise'}
    [mlflow] logged run 'seanet_classwise_SyntheticControl'  (train_acc=1.0000 val_acc=1.0000 test_acc=0.9967 test_loss=0.1128)
[ 71/129] SyntheticControl             DONE  acc=0.9967 loss=0.1128 AOPCR=  0.034 NDCG=  n/a C=  6 T=   60 (44s)  [45 trained / 0 failed so far]
[ 72/129] ToeSegmentation1
    stage 1/3: loading data ...
    stage 2/3: training on 40 series (no val (train-loss early stop), C=2, T=277, batch=4) ...
    stage 3/3: scoring on 228 test series (accuracy + AOPCR) ...
    [mlflow] versioned model 'seanet_classwise__mstcn_sep_classwise_conjunctive' (id=m-8ca8847dd1ea400cb35b54e31513c94a) params={'model_size_mb': '3.5347', 'n_model_params': '268060', 'name': 'seanet_classwise'}
    [mlflow] logged run 'seanet_classwise_ToeSegmentation1'  (train_acc=1.0000 test_acc=0.8904 test_loss=0.2567)
[ 72/129] ToeSegmentation1             DONE  acc=0.8904 loss=0.2567 AOPCR=  0.559 NDCG=  n/a C=  2 T=  277 (15s)  [46 trained / 0 failed so far]
[ 73/129] ToeSegmentation2
    stage 1/3: loading data ...
    stage 2/3: training on 36 series (no val (train-loss early stop), C=2, T=343, batch=3) ...
    stage 3/3: scoring on 130 test series (accuracy + AOPCR) ...
    [mlflow] versioned model 'seanet_classwise__mstcn_sep_classwise_conjunctive' (id=m-8548668ee71e4829ba16d9f94c0d5331) params={'model_size_mb': '3.5347', 'n_model_params': '268060', 'name': 'seanet_classwise'}
    [mlflow] logged run 'seanet_classwise_ToeSegmentation2'  (train_acc=1.0000 test_acc=0.9231 test_loss=0.2475)
[ 73/129] ToeSegmentation2             DONE  acc=0.9231 loss=0.2475 AOPCR=  0.367 NDCG=  n/a C=  2 T=  343 (18s)  [47 trained / 0 failed so far]
[ 74/129] Trace
    stage 1/3: loading data ...
    stage 2/3: training on 81 series (val=19, C=4, T=275, batch=8) ...
    stage 3/3: scoring on 100 test series (accuracy + AOPCR) ...
    [mlflow] versioned model 'seanet_classwise__mstcn_sep_classwise_conjunctive' (id=m-49aee2b914fd49d2b81841d5177c8384) params={'model_size_mb': '3.5358', 'n_model_params': '268336', 'name': 'seanet_classwise'}
    [mlflow] logged run 'seanet_classwise_Trace'  (train_acc=1.0000 val_acc=1.0000 test_acc=1.0000 test_loss=0.1009)
[ 74/129] Trace                        DONE  acc=1.0000 loss=0.1009 AOPCR=  1.029 NDCG=  n/a C=  4 T=  275 (27s)  [48 trained / 0 failed so far]
[ 75/129] TwoLeadECG
    stage 1/3: loading data ...
    stage 2/3: training on 23 series (no val (train-loss early stop), C=2, T=82, batch=2) ...
    stage 3/3: scoring on 1139 test series (accuracy + AOPCR) ...
    [mlflow] versioned model 'seanet_classwise__mstcn_sep_classwise_conjunctive' (id=m-5dbc07b1407b4ecf9f3c6aa5e5960ce6) params={'model_size_mb': '3.5347', 'n_model_params': '268060', 'name': 'seanet_classwise'}
    [mlflow] logged run 'seanet_classwise_TwoLeadECG'  (train_acc=1.0000 test_acc=0.9947 test_loss=0.0867)
[ 75/129] TwoLeadECG                   DONE  acc=0.9947 loss=0.0867 AOPCR= -0.435 NDCG=  n/a C=  2 T=   82 (19s)  [49 trained / 0 failed so far]
[ 76/129] TwoPatterns
    stage 1/3: loading data ...
    stage 2/3: training on 801 series (val=199, C=4, T=128, batch=16) ...
    stage 3/3: scoring on 4000 test series (accuracy + AOPCR) ...
    [mlflow] versioned model 'seanet_classwise__mstcn_sep_classwise_conjunctive' (id=m-bae3ff2374fd4bd7a075ef8f95a584b7) params={'model_size_mb': '3.5358', 'n_model_params': '268336', 'name': 'seanet_classwise'}
    [mlflow] logged run 'seanet_classwise_TwoPatterns'  (train_acc=1.0000 val_acc=1.0000 test_acc=1.0000 test_loss=0.0928)
[ 76/129] TwoPatterns                  DONE  acc=1.0000 loss=0.0928 AOPCR=  1.558 NDCG=  n/a C=  4 T=  128 (49s)  [50 trained / 0 failed so far]
[ 77/129] UWaveGestureLibraryAll
    stage 1/3: loading data ...
    stage 2/3: training on 719 series (val=177, C=8, T=945, batch=16) ...
    stage 3/3: scoring on 3582 test series (accuracy + AOPCR) ...
    [mlflow] versioned model 'seanet_classwise__mstcn_sep_classwise_conjunctive' (id=m-537f2516cb734bdcb5fcbc5543985fcc) params={'model_size_mb': '3.5378', 'n_model_params': '268888', 'name': 'seanet_classwise'}
    [mlflow] logged run 'seanet_classwise_UWaveGestureLibraryAll'  (train_acc=1.0000 val_acc=0.9944 test_acc=0.9785 test_loss=0.1854)
[ 77/129] UWaveGestureLibraryAll       DONE  acc=0.9785 loss=0.1854 AOPCR=  0.154 NDCG=  n/a C=  8 T=  945 (79s)  [51 trained / 0 failed so far]
[ 78/129] UWaveGestureLibraryX
    stage 1/3: loading data ...
    stage 2/3: training on 719 series (val=177, C=8, T=315, batch=16) ...
    stage 3/3: scoring on 3582 test series (accuracy + AOPCR) ...
    [mlflow] versioned model 'seanet_classwise__mstcn_sep_classwise_conjunctive' (id=m-32d8a6fac028494e921dc50ae253e7b2) params={'model_size_mb': '3.5378', 'n_model_params': '268888', 'name': 'seanet_classwise'}
    [mlflow] logged run 'seanet_classwise_UWaveGestureLibraryX'  (train_acc=0.9944 val_acc=0.8588 test_acc=0.8104 test_loss=0.6571)
[ 78/129] UWaveGestureLibraryX         DONE  acc=0.8104 loss=0.6571 AOPCR=  0.622 NDCG=  n/a C=  8 T=  315 (36s)  [52 trained / 0 failed so far]
[ 79/129] UWaveGestureLibraryY
    stage 1/3: loading data ...
    stage 2/3: training on 719 series (val=177, C=8, T=315, batch=16) ...
    stage 3/3: scoring on 3582 test series (accuracy + AOPCR) ...
    [mlflow] versioned model 'seanet_classwise__mstcn_sep_classwise_conjunctive' (id=m-5aa24e4df3ad4361891f8722bc55a8bd) params={'model_size_mb': '3.5378', 'n_model_params': '268888', 'name': 'seanet_classwise'}
    [mlflow] logged run 'seanet_classwise_UWaveGestureLibraryY'  (train_acc=1.0000 val_acc=0.7740 test_acc=0.7549 test_loss=0.8102)
[ 79/129] UWaveGestureLibraryY         DONE  acc=0.7549 loss=0.8102 AOPCR=  0.470 NDCG=  n/a C=  8 T=  315 (43s)  [53 trained / 0 failed so far]
[ 80/129] UWaveGestureLibraryZ
    stage 1/3: loading data ...
    stage 2/3: training on 719 series (val=177, C=8, T=315, batch=16) ...
    stage 3/3: scoring on 3582 test series (accuracy + AOPCR) ...
    [mlflow] versioned model 'seanet_classwise__mstcn_sep_classwise_conjunctive' (id=m-59cfd896acc549719cd47c93f49fb10a) params={'model_size_mb': '3.5378', 'n_model_params': '268888', 'name': 'seanet_classwise'}
    [mlflow] logged run 'seanet_classwise_UWaveGestureLibraryZ'  (train_acc=0.8943 val_acc=0.6893 test_acc=0.7496 test_loss=0.6716)
[ 80/129] UWaveGestureLibraryZ         DONE  acc=0.7496 loss=0.6716 AOPCR=  1.058 NDCG=  n/a C=  8 T=  315 (30s)  [54 trained / 0 failed so far]
[ 81/129] Wafer
    stage 1/3: loading data ...
    stage 2/3: training on 801 series (val=199, C=2, T=152, batch=16) ...
    stage 3/3: scoring on 6164 test series (accuracy + AOPCR) ...
    [mlflow] versioned model 'seanet_classwise__mstcn_sep_classwise_conjunctive' (id=m-93f3fd339fff4fb29bb53375a37029f1) params={'model_size_mb': '3.5347', 'n_model_params': '268060', 'name': 'seanet_classwise'}
    [mlflow] logged run 'seanet_classwise_Wafer'  (train_acc=1.0000 val_acc=0.9950 test_acc=0.9956 test_loss=0.0929)
[ 81/129] Wafer                        DONE  acc=0.9956 loss=0.0929 AOPCR= -0.121 NDCG=  n/a C=  2 T=  152 (27s)  [55 trained / 0 failed so far]
[ 82/129] Wine
    stage 1/3: loading data ...
    stage 2/3: training on 57 series (no val (train-loss early stop), C=2, T=234, batch=5) ...
    stage 3/3: scoring on 54 test series (accuracy + AOPCR) ...
    [mlflow] versioned model 'seanet_classwise__mstcn_sep_classwise_conjunctive' (id=m-64df62dcdb3843929e06f16dc1fc1afd) params={'model_size_mb': '3.5347', 'n_model_params': '268060', 'name': 'seanet_classwise'}
    [mlflow] logged run 'seanet_classwise_Wine'  (train_acc=0.5263 test_acc=0.5000 test_loss=0.6926)
[ 82/129] Wine                         DONE  acc=0.5000 loss=0.6926 AOPCR=  0.021 NDCG=  n/a C=  2 T=  234 (12s)  [56 trained / 0 failed so far]
[ 83/129] WordSynonyms
    stage 1/3: loading data ...
    stage 2/3: training on 217 series (val=50, C=25, T=270, batch=16) ...
    stage 3/3: scoring on 638 test series (accuracy + AOPCR) ...
    [mlflow] versioned model 'seanet_classwise__mstcn_sep_classwise_conjunctive' (id=m-6f093ffa0c814bac92b2bd5ba7b24038) params={'model_size_mb': '3.5467', 'n_model_params': '271234', 'name': 'seanet_classwise'}
    [mlflow] logged run 'seanet_classwise_WordSynonyms'  (train_acc=1.0000 val_acc=0.7800 test_acc=0.7257 test_loss=1.0776)
[ 83/129] WordSynonyms                 DONE  acc=0.7257 loss=1.0776 AOPCR=  0.706 NDCG=  n/a C= 25 T=  270 (15s)  [57 trained / 0 failed so far]
[ 84/129] Worms
    stage 1/3: loading data ...
    stage 2/3: training on 146 series (val=35, C=5, T=900, batch=14) ...
    stage 3/3: scoring on 77 test series (accuracy + AOPCR) ...
    [mlflow] versioned model 'seanet_classwise__mstcn_sep_classwise_conjunctive' (id=m-e45c7eae124544bda2fd621dbe552adc) params={'model_size_mb': '3.5362', 'n_model_params': '268474', 'name': 'seanet_classwise'}
    [mlflow] logged run 'seanet_classwise_Worms'  (train_acc=0.8014 val_acc=0.6571 test_acc=0.6753 test_loss=0.8352)
[ 84/129] Worms                        DONE  acc=0.6753 loss=0.8352 AOPCR=  1.305 NDCG=  n/a C=  5 T=  900 (7s)  [58 trained / 0 failed so far]
[ 85/129] WormsTwoClass
    stage 1/3: loading data ...
    stage 2/3: training on 145 series (val=36, C=2, T=900, batch=14) ...
    stage 3/3: scoring on 77 test series (accuracy + AOPCR) ...
    [mlflow] versioned model 'seanet_classwise__mstcn_sep_classwise_conjunctive' (id=m-705128e3c1c9489a9a27f963f0a39e38) params={'model_size_mb': '3.5347', 'n_model_params': '268060', 'name': 'seanet_classwise'}
    [mlflow] logged run 'seanet_classwise_WormsTwoClass'  (train_acc=0.9517 val_acc=0.7778 test_acc=0.6753 test_loss=0.6234)
[ 85/129] WormsTwoClass                DONE  acc=0.6753 loss=0.6234 AOPCR=  0.924 NDCG=  n/a C=  2 T=  900 (7s)  [59 trained / 0 failed so far]
[ 86/129] Yoga
    stage 1/3: loading data ...
    stage 2/3: training on 241 series (val=59, C=2, T=426, batch=16) ...
    stage 3/3: scoring on 3000 test series (accuracy + AOPCR) ...
    [mlflow] versioned model 'seanet_classwise__mstcn_sep_classwise_conjunctive' (id=m-2a7d7318584945eaafc3a8a3e6b4150b) params={'model_size_mb': '3.5347', 'n_model_params': '268060', 'name': 'seanet_classwise'}
    [mlflow] logged run 'seanet_classwise_Yoga'  (train_acc=1.0000 val_acc=0.9661 test_acc=0.9100 test_loss=0.2347)
[ 86/129] Yoga                         DONE  acc=0.9100 loss=0.2347 AOPCR=  0.558 NDCG=  n/a C=  2 T=  426 (26s)  [60 trained / 0 failed so far]
[ 87/129] ACSF1
    stage 1/3: loading data ...
    stage 2/3: training on 80 series (val=20, C=10, T=1460, batch=8) ...
    stage 3/3: scoring on 100 test series (accuracy + AOPCR) ...
    [mlflow] versioned model 'seanet_classwise__mstcn_sep_classwise_conjunctive' (id=m-8d99ab199287429db2aade6b8d41fe0b) params={'model_size_mb': '3.5389', 'n_model_params': '269164', 'name': 'seanet_classwise'}
    [mlflow] logged run 'seanet_classwise_ACSF1'  (train_acc=0.9000 val_acc=0.8000 test_acc=0.8300 test_loss=0.6514)
[ 87/129] ACSF1                        DONE  acc=0.8300 loss=0.6514 AOPCR= -0.110 NDCG=  n/a C= 10 T= 1460 (10s)  [61 trained / 0 failed so far]
[ 88/129] AllGestureWiimoteX
    stage 1/3: loading data ...
    stage 2/3: training on 240 series (val=60, C=10, T=500, batch=16) ...
    stage 3/3: scoring on 700 test series (accuracy + AOPCR) ...
    [mlflow] versioned model 'seanet_classwise__mstcn_sep_classwise_conjunctive' (id=m-86b041651ae5498ca58af2f3c945bdff) params={'model_size_mb': '3.5389', 'n_model_params': '269164', 'name': 'seanet_classwise'}
    [mlflow] logged run 'seanet_classwise_AllGestureWiimoteX'  (train_acc=1.0000 val_acc=0.8667 test_acc=0.7557 test_loss=0.8478)
[ 88/129] AllGestureWiimoteX           DONE  acc=0.7557 loss=0.8478 AOPCR=  1.833 NDCG=  n/a C= 10 T=  500 (46s)  [62 trained / 0 failed so far]
[ 89/129] AllGestureWiimoteY
    stage 1/3: loading data ...
    stage 2/3: training on 240 series (val=60, C=10, T=500, batch=16) ...
    stage 3/3: scoring on 700 test series (accuracy + AOPCR) ...
    [mlflow] versioned model 'seanet_classwise__mstcn_sep_classwise_conjunctive' (id=m-35e4393793b6492ca66a78720082a2ac) params={'model_size_mb': '3.5389', 'n_model_params': '269164', 'name': 'seanet_classwise'}
    [mlflow] logged run 'seanet_classwise_AllGestureWiimoteY'  (train_acc=0.9542 val_acc=0.7500 test_acc=0.7229 test_loss=0.8826)
[ 89/129] AllGestureWiimoteY           DONE  acc=0.7229 loss=0.8826 AOPCR=  2.257 NDCG=  n/a C= 10 T=  500 (12s)  [63 trained / 0 failed so far]
[ 90/129] AllGestureWiimoteZ
    stage 1/3: loading data ...
    stage 2/3: training on 240 series (val=60, C=10, T=500, batch=16) ...
    stage 3/3: scoring on 700 test series (accuracy + AOPCR) ...
    [mlflow] versioned model 'seanet_classwise__mstcn_sep_classwise_conjunctive' (id=m-0f938c26013b4ff1b86be4e56065d0d5) params={'model_size_mb': '3.5389', 'n_model_params': '269164', 'name': 'seanet_classwise'}
    [mlflow] logged run 'seanet_classwise_AllGestureWiimoteZ'  (train_acc=1.0000 val_acc=0.7500 test_acc=0.7814 test_loss=0.8113)
[ 90/129] AllGestureWiimoteZ           DONE  acc=0.7814 loss=0.8113 AOPCR=  1.883 NDCG=  n/a C= 10 T=  500 (27s)  [64 trained / 0 failed so far]
[ 91/129] BME
    stage 1/3: loading data ...
    stage 2/3: training on 30 series (no val (train-loss early stop), C=3, T=128, batch=3) ...
    stage 3/3: scoring on 150 test series (accuracy + AOPCR) ...
    [mlflow] versioned model 'seanet_classwise__mstcn_sep_classwise_conjunctive' (id=m-e7fbea129a244edb9d3eecc9501a2c99) params={'model_size_mb': '3.5352', 'n_model_params': '268198', 'name': 'seanet_classwise'}
    [mlflow] logged run 'seanet_classwise_BME'  (train_acc=1.0000 test_acc=1.0000 test_loss=0.0896)
[ 91/129] BME                          DONE  acc=1.0000 loss=0.0896 AOPCR=  0.180 NDCG=  n/a C=  3 T=  128 (12s)  [65 trained / 0 failed so far]
[ 92/129] Chinatown
    stage 1/3: loading data ...
    stage 2/3: training on 20 series (no val (train-loss early stop), C=2, T=24, batch=2) ...
    stage 3/3: scoring on 343 test series (accuracy + AOPCR) ...
    [mlflow] versioned model 'seanet_classwise__mstcn_sep_classwise_conjunctive' (id=m-bd26b088475744159582a8849bef5e9c) params={'model_size_mb': '3.5347', 'n_model_params': '268060', 'name': 'seanet_classwise'}
    [mlflow] logged run 'seanet_classwise_Chinatown'  (train_acc=1.0000 test_acc=0.9796 test_loss=0.1154)
[ 92/129] Chinatown                    DONE  acc=0.9796 loss=0.1154 AOPCR= -0.152 NDCG=  n/a C=  2 T=   24 (23s)  [66 trained / 0 failed so far]
[ 93/129] Crop
    stage 1/3: loading data ...
    stage 2/3: training on 5760 series (val=1440, C=24, T=46, batch=16) ...
    stage 3/3: scoring on 16800 test series (accuracy + AOPCR) ...
    [mlflow] versioned model 'seanet_classwise__mstcn_sep_classwise_conjunctive' (id=m-fae3999ccb934a88a951bc44a7c0b551) params={'model_size_mb': '3.5463', 'n_model_params': '271096', 'name': 'seanet_classwise'}
    [mlflow] logged run 'seanet_classwise_Crop'  (train_acc=0.7590 val_acc=0.6833 test_acc=0.6832 test_loss=0.9877)
[ 93/129] Crop                         DONE  acc=0.6832 loss=0.9877 AOPCR=  0.158 NDCG=  n/a C= 24 T=   46 (223s)  [67 trained / 0 failed so far]
[ 94/129] DodgerLoopDay
    stage 1/3: loading data ...
    stage 2/3: training on 78 series (no val (train-loss early stop), C=7, T=288, batch=7) ...
    stage 3/3: scoring on 80 test series (accuracy + AOPCR) ...
    [mlflow] versioned model 'seanet_classwise__mstcn_sep_classwise_conjunctive' (id=m-76b5f15b23bf44839abc174f5ec51d5e) params={'model_size_mb': '3.5373', 'n_model_params': '268750', 'name': 'seanet_classwise'}
    [mlflow] logged run 'seanet_classwise_DodgerLoopDay'  (train_acc=1.0000 test_acc=0.5875 test_loss=1.3025)
[ 94/129] DodgerLoopDay                DONE  acc=0.5875 loss=1.3025 AOPCR=  0.989 NDCG=  n/a C=  7 T=  288 (27s)  [68 trained / 0 failed so far]
[ 95/129] DodgerLoopGame
    stage 1/3: loading data ...
    stage 2/3: training on 20 series (no val (train-loss early stop), C=2, T=288, batch=2) ...
    stage 3/3: scoring on 138 test series (accuracy + AOPCR) ...
    [mlflow] versioned model 'seanet_classwise__mstcn_sep_classwise_conjunctive' (id=m-bb5f0ed4cd8743a88c0709b4f68ebc3a) params={'model_size_mb': '3.5347', 'n_model_params': '268060', 'name': 'seanet_classwise'}
    [mlflow] logged run 'seanet_classwise_DodgerLoopGame'  (train_acc=1.0000 test_acc=0.8696 test_loss=0.3638)
[ 95/129] DodgerLoopGame               DONE  acc=0.8696 loss=0.3638 AOPCR=  0.529 NDCG=  n/a C=  2 T=  288 (6s)  [69 trained / 0 failed so far]
[ 96/129] DodgerLoopWeekend
    stage 1/3: loading data ...
    stage 2/3: training on 20 series (no val (train-loss early stop), C=2, T=288, batch=2) ...
    stage 3/3: scoring on 138 test series (accuracy + AOPCR) ...
    [mlflow] versioned model 'seanet_classwise__mstcn_sep_classwise_conjunctive' (id=m-2464b798a8bf4353ad18d3d267bc8747) params={'model_size_mb': '3.5347', 'n_model_params': '268060', 'name': 'seanet_classwise'}
    [mlflow] logged run 'seanet_classwise_DodgerLoopWeekend'  (train_acc=1.0000 test_acc=0.9638 test_loss=0.2311)
[ 96/129] DodgerLoopWeekend            DONE  acc=0.9638 loss=0.2311 AOPCR=  0.400 NDCG=  n/a C=  2 T=  288 (6s)  [70 trained / 0 failed so far]
[ 97/129] EOGHorizontalSignal
    stage 1/3: loading data ...
    stage 2/3: training on 290 series (val=72, C=12, T=1250, batch=16) ...
    stage 3/3: scoring on 362 test series (accuracy + AOPCR) ...
    [mlflow] versioned model 'seanet_classwise__mstcn_sep_classwise_conjunctive' (id=m-8783a349f4f24e8988d8e6d5bc4a216d) params={'model_size_mb': '3.5399', 'n_model_params': '269440', 'name': 'seanet_classwise'}
    [mlflow] logged run 'seanet_classwise_EOGHorizontalSignal'  (train_acc=0.9724 val_acc=0.8611 test_acc=0.5994 test_loss=1.2913)
[ 97/129] EOGHorizontalSignal          DONE  acc=0.5994 loss=1.2913 AOPCR=  2.301 NDCG=  n/a C= 12 T= 1250 (23s)  [71 trained / 0 failed so far]
[ 98/129] EOGVerticalSignal
    stage 1/3: loading data ...
    stage 2/3: training on 290 series (val=72, C=12, T=1250, batch=16) ...
    stage 3/3: scoring on 362 test series (accuracy + AOPCR) ...
    [mlflow] versioned model 'seanet_classwise__mstcn_sep_classwise_conjunctive' (id=m-93bd0d9a550e435193125dd181062d75) params={'model_size_mb': '3.5399', 'n_model_params': '269440', 'name': 'seanet_classwise'}
    [mlflow] logged run 'seanet_classwise_EOGVerticalSignal'  (train_acc=1.0000 val_acc=0.8194 test_acc=0.5221 test_loss=1.6552)
[ 98/129] EOGVerticalSignal            DONE  acc=0.5221 loss=1.6552 AOPCR=  1.801 NDCG=  n/a C= 12 T= 1250 (43s)  [72 trained / 0 failed so far]
[ 99/129] EthanolLevel
    stage 1/3: loading data ...
    stage 2/3: training on 404 series (val=100, C=4, T=1751, batch=16) ...
    stage 3/3: scoring on 500 test series (accuracy + AOPCR) ...
    [mlflow] versioned model 'seanet_classwise__mstcn_sep_classwise_conjunctive' (id=m-c4a65d152c4c42e6b1df3e7ca6b2c0e0) params={'model_size_mb': '3.5358', 'n_model_params': '268336', 'name': 'seanet_classwise'}
    [mlflow] logged run 'seanet_classwise_EthanolLevel'  (train_acc=0.9827 val_acc=0.9000 test_acc=0.8540 test_loss=0.4410)
[ 99/129] EthanolLevel                 DONE  acc=0.8540 loss=0.4410 AOPCR=  0.694 NDCG=  n/a C=  4 T= 1751 (106s)  [73 trained / 0 failed so far]
[100/129] FreezerRegularTrain
    stage 1/3: loading data ...
    stage 2/3: training on 120 series (val=30, C=2, T=301, batch=12) ...
    stage 3/3: scoring on 2850 test series (accuracy + AOPCR) ...
    [mlflow] versioned model 'seanet_classwise__mstcn_sep_classwise_conjunctive' (id=m-4768f14af6e74d8fae680df13a13eceb) params={'model_size_mb': '3.5347', 'n_model_params': '268060', 'name': 'seanet_classwise'}
    [mlflow] logged run 'seanet_classwise_FreezerRegularTrain'  (train_acc=1.0000 val_acc=1.0000 test_acc=0.9947 test_loss=0.0704)
[100/129] FreezerRegularTrain          DONE  acc=0.9947 loss=0.0704 AOPCR=  0.174 NDCG=  n/a C=  2 T=  301 (12s)  [74 trained / 0 failed so far]
[101/129] FreezerSmallTrain
    stage 1/3: loading data ...
    stage 2/3: training on 28 series (no val (train-loss early stop), C=2, T=301, batch=2) ...
    stage 3/3: scoring on 2850 test series (accuracy + AOPCR) ...
    [mlflow] versioned model 'seanet_classwise__mstcn_sep_classwise_conjunctive' (id=m-7b453f276094496094ae8692f13a38aa) params={'model_size_mb': '3.5347', 'n_model_params': '268060', 'name': 'seanet_classwise'}
    [mlflow] logged run 'seanet_classwise_FreezerSmallTrain'  (train_acc=1.0000 test_acc=0.7761 test_loss=0.4218)
[101/129] FreezerSmallTrain            DONE  acc=0.7761 loss=0.4218 AOPCR=  0.265 NDCG=  n/a C=  2 T=  301 (29s)  [75 trained / 0 failed so far]
[102/129] Fungi
    stage 1/3: loading data ...
    stage 2/3: training on 18 series (no val (train-loss early stop), C=18, T=201, batch=2) ...
    stage 3/3: scoring on 186 test series (accuracy + AOPCR) ...
    [mlflow] versioned model 'seanet_classwise__mstcn_sep_classwise_conjunctive' (id=m-c69c9c76910648e9affb0231a5b544bb) params={'model_size_mb': '3.5431', 'n_model_params': '270268', 'name': 'seanet_classwise'}
    [mlflow] logged run 'seanet_classwise_Fungi'  (train_acc=1.0000 test_acc=0.9355 test_loss=0.2833)
[102/129] Fungi                        DONE  acc=0.9355 loss=0.2833 AOPCR=  1.620 NDCG=  n/a C= 18 T=  201 (9s)  [76 trained / 0 failed so far]
[103/129] GestureMidAirD1
    stage 1/3: loading data ...
    stage 2/3: training on 182 series (val=26, C=26, T=360, batch=16) ...
    stage 3/3: scoring on 130 test series (accuracy + AOPCR) ...
    [mlflow] versioned model 'seanet_classwise__mstcn_sep_classwise_conjunctive' (id=m-bae3236169d04e999ad11a9e036ec120) params={'model_size_mb': '3.5473', 'n_model_params': '271372', 'name': 'seanet_classwise'}
    [mlflow] logged run 'seanet_classwise_GestureMidAirD1'  (train_acc=0.8242 val_acc=0.7308 test_acc=0.6538 test_loss=0.9591)
[103/129] GestureMidAirD1              DONE  acc=0.6538 loss=0.9591 AOPCR=  1.619 NDCG=  n/a C= 26 T=  360 (8s)  [77 trained / 0 failed so far]
[104/129] GestureMidAirD2
    stage 1/3: loading data ...
    stage 2/3: training on 182 series (val=26, C=26, T=360, batch=16) ...
    stage 3/3: scoring on 130 test series (accuracy + AOPCR) ...
    [mlflow] versioned model 'seanet_classwise__mstcn_sep_classwise_conjunctive' (id=m-6d0eedea583e424d8650c623b6364e3c) params={'model_size_mb': '3.5473', 'n_model_params': '271372', 'name': 'seanet_classwise'}
    [mlflow] logged run 'seanet_classwise_GestureMidAirD2'  (train_acc=0.8956 val_acc=0.6154 test_acc=0.6462 test_loss=1.1964)
[104/129] GestureMidAirD2              DONE  acc=0.6462 loss=1.1964 AOPCR=  1.721 NDCG=  n/a C= 26 T=  360 (13s)  [78 trained / 0 failed so far]
[105/129] GestureMidAirD3
    stage 1/3: loading data ...
    stage 2/3: training on 182 series (val=26, C=26, T=360, batch=16) ...
    stage 3/3: scoring on 130 test series (accuracy + AOPCR) ...
    [mlflow] versioned model 'seanet_classwise__mstcn_sep_classwise_conjunctive' (id=m-bb5519196c0d4a7dba5bdc34fdca0bcd) params={'model_size_mb': '3.5473', 'n_model_params': '271372', 'name': 'seanet_classwise'}
    [mlflow] logged run 'seanet_classwise_GestureMidAirD3'  (train_acc=0.9341 val_acc=0.4615 test_acc=0.4000 test_loss=2.2859)
[105/129] GestureMidAirD3              DONE  acc=0.4000 loss=2.2859 AOPCR=  1.181 NDCG=  n/a C= 26 T=  360 (11s)  [79 trained / 0 failed so far]
[106/129] GesturePebbleZ1
    stage 1/3: loading data ...
    stage 2/3: training on 107 series (val=25, C=6, T=455, batch=10) ...
    stage 3/3: scoring on 172 test series (accuracy + AOPCR) ...
    [mlflow] versioned model 'seanet_classwise__mstcn_sep_classwise_conjunctive' (id=m-f7ec5caf29bf4686af96ffa65dbef965) params={'model_size_mb': '3.5368', 'n_model_params': '268612', 'name': 'seanet_classwise'}
    [mlflow] logged run 'seanet_classwise_GesturePebbleZ1'  (train_acc=1.0000 val_acc=1.0000 test_acc=0.9186 test_loss=0.3281)
[106/129] GesturePebbleZ1              DONE  acc=0.9186 loss=0.3281 AOPCR=  1.040 NDCG=  n/a C=  6 T=  455 (13s)  [80 trained / 0 failed so far]
[107/129] GesturePebbleZ2
    stage 1/3: loading data ...
    stage 2/3: training on 120 series (val=26, C=6, T=455, batch=12) ...
    stage 3/3: scoring on 158 test series (accuracy + AOPCR) ...
    [mlflow] versioned model 'seanet_classwise__mstcn_sep_classwise_conjunctive' (id=m-5f6d1d9c2c77453c9c21950946446b79) params={'model_size_mb': '3.5368', 'n_model_params': '268612', 'name': 'seanet_classwise'}
    [mlflow] logged run 'seanet_classwise_GesturePebbleZ2'  (train_acc=1.0000 val_acc=1.0000 test_acc=0.8924 test_loss=0.3473)
[107/129] GesturePebbleZ2              DONE  acc=0.8924 loss=0.3473 AOPCR=  1.603 NDCG=  n/a C=  6 T=  455 (13s)  [81 trained / 0 failed so far]
[108/129] GunPointAgeSpan
    stage 1/3: loading data ...
    stage 2/3: training on 109 series (val=26, C=2, T=150, batch=10) ...
    stage 3/3: scoring on 316 test series (accuracy + AOPCR) ...
    [mlflow] versioned model 'seanet_classwise__mstcn_sep_classwise_conjunctive' (id=m-c505edef15824c29b1e180871ab39ca9) params={'model_size_mb': '3.5347', 'n_model_params': '268060', 'name': 'seanet_classwise'}
    [mlflow] logged run 'seanet_classwise_GunPointAgeSpan'  (train_acc=1.0000 val_acc=1.0000 test_acc=0.9810 test_loss=0.1319)
[108/129] GunPointAgeSpan              DONE  acc=0.9810 loss=0.1319 AOPCR=  0.577 NDCG=  n/a C=  2 T=  150 (15s)  [82 trained / 0 failed so far]
[109/129] GunPointMaleVersusFemale
    stage 1/3: loading data ...
    stage 2/3: training on 109 series (val=26, C=2, T=150, batch=10) ...
    stage 3/3: scoring on 316 test series (accuracy + AOPCR) ...
    [mlflow] versioned model 'seanet_classwise__mstcn_sep_classwise_conjunctive' (id=m-08ac3d36aa4e43ad8b8703806e4b4eaa) params={'model_size_mb': '3.5347', 'n_model_params': '268060', 'name': 'seanet_classwise'}
    [mlflow] logged run 'seanet_classwise_GunPointMaleVersusFemale'  (train_acc=1.0000 val_acc=1.0000 test_acc=0.9905 test_loss=0.0879)
[109/129] GunPointMaleVersusFemale     DONE  acc=0.9905 loss=0.0879 AOPCR=  0.437 NDCG=  n/a C=  2 T=  150 (31s)  [83 trained / 0 failed so far]
[110/129] GunPointOldVersusYoung
    stage 1/3: loading data ...
    stage 2/3: training on 109 series (val=27, C=2, T=150, batch=10) ...
    stage 3/3: scoring on 315 test series (accuracy + AOPCR) ...
    [mlflow] versioned model 'seanet_classwise__mstcn_sep_classwise_conjunctive' (id=m-0024ec7c78264a74855cf5c5b4a65930) params={'model_size_mb': '3.5347', 'n_model_params': '268060', 'name': 'seanet_classwise'}
    [mlflow] logged run 'seanet_classwise_GunPointOldVersusYoung'  (train_acc=1.0000 val_acc=1.0000 test_acc=0.9651 test_loss=0.1392)
[110/129] GunPointOldVersusYoung       DONE  acc=0.9651 loss=0.1392 AOPCR=  0.463 NDCG=  n/a C=  2 T=  150 (10s)  [84 trained / 0 failed so far]
[111/129] HouseTwenty
    stage 1/3: loading data ...
    stage 2/3: training on 40 series (no val (train-loss early stop), C=2, T=2000, batch=4) ...
    stage 3/3: scoring on 119 test series (accuracy + AOPCR) ...
    [mlflow] versioned model 'seanet_classwise__mstcn_sep_classwise_conjunctive' (id=m-f325adbbacae4506b71d2c4551741d8a) params={'model_size_mb': '3.5347', 'n_model_params': '268060', 'name': 'seanet_classwise'}
    [mlflow] logged run 'seanet_classwise_HouseTwenty'  (train_acc=1.0000 test_acc=0.9748 test_loss=0.1464)
[111/129] HouseTwenty                  DONE  acc=0.9748 loss=0.1464 AOPCR=  0.758 NDCG=  n/a C=  2 T= 2000 (15s)  [85 trained / 0 failed so far]
[112/129] InsectEPGRegularTrain
    stage 1/3: loading data ...
    stage 2/3: training on 62 series (no val (train-loss early stop), C=3, T=601, batch=6) ...
    stage 3/3: scoring on 249 test series (accuracy + AOPCR) ...
    [mlflow] versioned model 'seanet_classwise__mstcn_sep_classwise_conjunctive' (id=m-a5f3c11355a0487cbbe8b1e6f03429b3) params={'model_size_mb': '3.5352', 'n_model_params': '268198', 'name': 'seanet_classwise'}
    [mlflow] logged run 'seanet_classwise_InsectEPGRegularTrain'  (train_acc=1.0000 test_acc=0.9839 test_loss=0.1385)
[112/129] InsectEPGRegularTrain        DONE  acc=0.9839 loss=0.1385 AOPCR=  0.520 NDCG=  n/a C=  3 T=  601 (16s)  [86 trained / 0 failed so far]
[113/129] InsectEPGSmallTrain
    stage 1/3: loading data ...
    stage 2/3: training on 17 series (no val (train-loss early stop), C=3, T=601, batch=2) ...
    stage 3/3: scoring on 249 test series (accuracy + AOPCR) ...
    [mlflow] versioned model 'seanet_classwise__mstcn_sep_classwise_conjunctive' (id=m-08faab1344a54161877f84f9afbb60e3) params={'model_size_mb': '3.5352', 'n_model_params': '268198', 'name': 'seanet_classwise'}
    [mlflow] logged run 'seanet_classwise_InsectEPGSmallTrain'  (train_acc=1.0000 test_acc=0.9357 test_loss=0.2308)
[113/129] InsectEPGSmallTrain          DONE  acc=0.9357 loss=0.2308 AOPCR=  0.593 NDCG=  n/a C=  3 T=  601 (18s)  [87 trained / 0 failed so far]
[114/129] MelbournePedestrian
    stage 1/3: loading data ...
    stage 2/3: training on 956 series (val=238, C=10, T=24, batch=16) ...
    stage 3/3: scoring on 2439 test series (accuracy + AOPCR) ...
    [mlflow] versioned model 'seanet_classwise__mstcn_sep_classwise_conjunctive' (id=m-5124444d8e6a47f9a5da2d5f6caeae3a) params={'model_size_mb': '3.5389', 'n_model_params': '269164', 'name': 'seanet_classwise'}
    [mlflow] logged run 'seanet_classwise_MelbournePedestrian'  (train_acc=1.0000 val_acc=0.9118 test_acc=0.9028 test_loss=0.3823)
[114/129] MelbournePedestrian          DONE  acc=0.9028 loss=0.3823 AOPCR= -0.151 NDCG=  n/a C= 10 T=   24 (119s)  [88 trained / 0 failed so far]
[115/129] MixedShapesRegularTrain
    stage 1/3: loading data ...
    stage 2/3: training on 400 series (val=100, C=5, T=1024, batch=16) ...
    stage 3/3: scoring on 2425 test series (accuracy + AOPCR) ...
    [mlflow] versioned model 'seanet_classwise__mstcn_sep_classwise_conjunctive' (id=m-0425b255d9704d4fbe9441a8c663f844) params={'model_size_mb': '3.5362', 'n_model_params': '268474', 'name': 'seanet_classwise'}
    [mlflow] logged run 'seanet_classwise_MixedShapesRegularTrain'  (train_acc=1.0000 val_acc=0.9800 test_acc=0.9687 test_loss=0.1938)
[115/129] MixedShapesRegularTrain      DONE  acc=0.9687 loss=0.1938 AOPCR=  0.380 NDCG=  n/a C=  5 T= 1024 (49s)  [89 trained / 0 failed so far]
[116/129] MixedShapesSmallTrain
    stage 1/3: loading data ...
    stage 2/3: training on 80 series (val=20, C=5, T=1024, batch=8) ...
    stage 3/3: scoring on 2425 test series (accuracy + AOPCR) ...
    [mlflow] versioned model 'seanet_classwise__mstcn_sep_classwise_conjunctive' (id=m-70e6c7329d314eb9a27e48c3df326da3) params={'model_size_mb': '3.5362', 'n_model_params': '268474', 'name': 'seanet_classwise'}
    [mlflow] logged run 'seanet_classwise_MixedShapesSmallTrain'  (train_acc=1.0000 val_acc=1.0000 test_acc=0.8713 test_loss=0.4389)
[116/129] MixedShapesSmallTrain        DONE  acc=0.8713 loss=0.4389 AOPCR=  0.486 NDCG=  n/a C=  5 T= 1024 (9s)  [90 trained / 0 failed so far]
[117/129] PLAID
    stage 1/3: loading data ...
    stage 2/3: training on 436 series (val=101, C=11, T=1344, batch=16) ...
    stage 3/3: scoring on 537 test series (accuracy + AOPCR) ...
    [mlflow] versioned model 'seanet_classwise__mstcn_sep_classwise_conjunctive' (id=m-7c5acc3c4ed0486ebd0c09e24baaa3b0) params={'model_size_mb': '3.5394', 'n_model_params': '269302', 'name': 'seanet_classwise'}
    [mlflow] logged run 'seanet_classwise_PLAID'  (train_acc=0.9725 val_acc=0.9208 test_acc=0.9032 test_loss=0.3582)
[117/129] PLAID                        DONE  acc=0.9032 loss=0.3582 AOPCR=  1.395 NDCG=  n/a C= 11 T= 1344 (68s)  [91 trained / 0 failed so far]
[118/129] PickupGestureWiimoteZ
    stage 1/3: loading data ...
    stage 2/3: training on 50 series (no val (train-loss early stop), C=10, T=361, batch=5) ...
    stage 3/3: scoring on 50 test series (accuracy + AOPCR) ...
    [mlflow] versioned model 'seanet_classwise__mstcn_sep_classwise_conjunctive' (id=m-e34ded4c07f741e884698cf897388b42) params={'model_size_mb': '3.5389', 'n_model_params': '269164', 'name': 'seanet_classwise'}
    [mlflow] logged run 'seanet_classwise_PickupGestureWiimoteZ'  (train_acc=1.0000 test_acc=0.8600 test_loss=0.6527)
[118/129] PickupGestureWiimoteZ        DONE  acc=0.8600 loss=0.6527 AOPCR=  1.058 NDCG=  n/a C= 10 T=  361 (34s)  [92 trained / 0 failed so far]
[119/129] PigAirwayPressure
    stage 1/3: loading data ...
    stage 2/3: training on 52 series (val=52, C=52, T=2000, batch=5) ...
    stage 3/3: scoring on 208 test series (accuracy + AOPCR) ...
    [mlflow] versioned model 'seanet_classwise__mstcn_sep_classwise_conjunctive' (id=m-ea903bc5ced944aeb59919990a1861ad) params={'model_size_mb': '3.561', 'n_model_params': '274960', 'name': 'seanet_classwise'}
    [mlflow] logged run 'seanet_classwise_PigAirwayPressure'  (train_acc=0.0385 val_acc=0.0385 test_acc=0.0385 test_loss=3.8514)
[119/129] PigAirwayPressure            DONE  acc=0.0385 loss=3.8514 AOPCR=  0.142 NDCG=  n/a C= 52 T= 2000 (7s)  [93 trained / 0 failed so far]
[120/129] PigArtPressure
    stage 1/3: loading data ...
    stage 2/3: training on 52 series (val=52, C=52, T=2000, batch=5) ...
    stage 3/3: scoring on 208 test series (accuracy + AOPCR) ...
    [mlflow] versioned model 'seanet_classwise__mstcn_sep_classwise_conjunctive' (id=m-7472844f40c94b9a8e6c0c32a96f63af) params={'model_size_mb': '3.561', 'n_model_params': '274960', 'name': 'seanet_classwise'}
    [mlflow] logged run 'seanet_classwise_PigArtPressure'  (train_acc=1.0000 val_acc=0.8462 test_acc=0.9183 test_loss=0.3729)
[120/129] PigArtPressure               DONE  acc=0.9183 loss=0.3729 AOPCR=  0.268 NDCG=  n/a C= 52 T= 2000 (20s)  [94 trained / 0 failed so far]
[121/129] PigCVP
    stage 1/3: loading data ...
    stage 2/3: training on 52 series (val=52, C=52, T=2000, batch=5) ...
    stage 3/3: scoring on 208 test series (accuracy + AOPCR) ...
    [mlflow] versioned model 'seanet_classwise__mstcn_sep_classwise_conjunctive' (id=m-ca69e571cf1f4c3da5acb103eafafd69) params={'model_size_mb': '3.561', 'n_model_params': '274960', 'name': 'seanet_classwise'}
    [mlflow] logged run 'seanet_classwise_PigCVP'  (train_acc=1.0000 val_acc=0.5769 test_acc=0.5577 test_loss=2.0099)
[121/129] PigCVP                       DONE  acc=0.5577 loss=2.0099 AOPCR=  0.540 NDCG=  n/a C= 52 T= 2000 (10s)  [95 trained / 0 failed so far]
[122/129] PowerCons
    stage 1/3: loading data ...
    stage 2/3: training on 144 series (val=36, C=2, T=144, batch=14) ...
    stage 3/3: scoring on 180 test series (accuracy + AOPCR) ...
    [mlflow] versioned model 'seanet_classwise__mstcn_sep_classwise_conjunctive' (id=m-ee4266b4852147d8b8735b0343836f94) params={'model_size_mb': '3.5347', 'n_model_params': '268060', 'name': 'seanet_classwise'}
    [mlflow] logged run 'seanet_classwise_PowerCons'  (train_acc=1.0000 val_acc=1.0000 test_acc=0.9778 test_loss=0.1142)
[122/129] PowerCons                    DONE  acc=0.9778 loss=0.1142 AOPCR=  0.325 NDCG=  n/a C=  2 T=  144 (12s)  [96 trained / 0 failed so far]
[123/129] Rock
    stage 1/3: loading data ...
    stage 2/3: training on 20 series (no val (train-loss early stop), C=4, T=2844, batch=2) ...
    stage 3/3: scoring on 50 test series (accuracy + AOPCR) ...
    [mlflow] versioned model 'seanet_classwise__mstcn_sep_classwise_conjunctive' (id=m-39cfedb394fb4ea09a70034c0a785aac) params={'model_size_mb': '3.5358', 'n_model_params': '268336', 'name': 'seanet_classwise'}
    [mlflow] logged run 'seanet_classwise_Rock'  (train_acc=1.0000 test_acc=0.8400 test_loss=0.5633)
[123/129] Rock                         DONE  acc=0.8400 loss=0.5633 AOPCR=  1.180 NDCG=  n/a C=  4 T= 2844 (30s)  [97 trained / 0 failed so far]
[124/129] SemgHandGenderCh2
    stage 1/3: loading data ...
    stage 2/3: training on 240 series (val=60, C=2, T=1500, batch=16) ...
    stage 3/3: scoring on 600 test series (accuracy + AOPCR) ...
    [mlflow] versioned model 'seanet_classwise__mstcn_sep_classwise_conjunctive' (id=m-84a06a5857d8447d93724ae92e318309) params={'model_size_mb': '3.5347', 'n_model_params': '268060', 'name': 'seanet_classwise'}
    [mlflow] logged run 'seanet_classwise_SemgHandGenderCh2'  (train_acc=1.0000 val_acc=0.8833 test_acc=0.9267 test_loss=0.2274)
[124/129] SemgHandGenderCh2            DONE  acc=0.9267 loss=0.2274 AOPCR=  1.096 NDCG=  n/a C=  2 T= 1500 (37s)  [98 trained / 0 failed so far]
[125/129] SemgHandMovementCh2
    stage 1/3: loading data ...
    stage 2/3: training on 360 series (val=90, C=6, T=1500, batch=16) ...
    stage 3/3: scoring on 450 test series (accuracy + AOPCR) ...
    [mlflow] versioned model 'seanet_classwise__mstcn_sep_classwise_conjunctive' (id=m-a557028f26b14323aa27b87b7b6d86f0) params={'model_size_mb': '3.5368', 'n_model_params': '268612', 'name': 'seanet_classwise'}
    [mlflow] logged run 'seanet_classwise_SemgHandMovementCh2'  (train_acc=1.0000 val_acc=0.8333 test_acc=0.7422 test_loss=0.7980)
[125/129] SemgHandMovementCh2          DONE  acc=0.7422 loss=0.7980 AOPCR=  0.866 NDCG=  n/a C=  6 T= 1500 (91s)  [99 trained / 0 failed so far]
[126/129] SemgHandSubjectCh2
    stage 1/3: loading data ...
    stage 2/3: training on 360 series (val=90, C=5, T=1500, batch=16) ...
    stage 3/3: scoring on 450 test series (accuracy + AOPCR) ...
    [mlflow] versioned model 'seanet_classwise__mstcn_sep_classwise_conjunctive' (id=m-320d9776d43540f0b212cfa0219468f2) params={'model_size_mb': '3.5362', 'n_model_params': '268474', 'name': 'seanet_classwise'}
    [mlflow] logged run 'seanet_classwise_SemgHandSubjectCh2'  (train_acc=1.0000 val_acc=0.9222 test_acc=0.9000 test_loss=0.4226)
[126/129] SemgHandSubjectCh2           DONE  acc=0.9000 loss=0.4226 AOPCR=  1.249 NDCG=  n/a C=  5 T= 1500 (42s)  [100 trained / 0 failed so far]
[127/129] ShakeGestureWiimoteZ
    stage 1/3: loading data ...
    stage 2/3: training on 50 series (no val (train-loss early stop), C=10, T=385, batch=5) ...
    stage 3/3: scoring on 50 test series (accuracy + AOPCR) ...
    [mlflow] versioned model 'seanet_classwise__mstcn_sep_classwise_conjunctive' (id=m-08097f70e79f4527a7f5e8b6ddc68cb3) params={'model_size_mb': '3.5389', 'n_model_params': '269164', 'name': 'seanet_classwise'}
    [mlflow] logged run 'seanet_classwise_ShakeGestureWiimoteZ'  (train_acc=1.0000 test_acc=0.9200 test_loss=0.4126)
[127/129] ShakeGestureWiimoteZ         DONE  acc=0.9200 loss=0.4126 AOPCR=  0.925 NDCG=  n/a C= 10 T=  385 (34s)  [101 trained / 0 failed so far]
[128/129] SmoothSubspace
    stage 1/3: loading data ...
    stage 2/3: training on 120 series (val=30, C=3, T=15, batch=12) ...
    stage 3/3: scoring on 150 test series (accuracy + AOPCR) ...
    [mlflow] versioned model 'seanet_classwise__mstcn_sep_classwise_conjunctive' (id=m-0d20a5b613054d888332f439778b50d8) params={'model_size_mb': '3.5352', 'n_model_params': '268198', 'name': 'seanet_classwise'}
    [mlflow] logged run 'seanet_classwise_SmoothSubspace'  (train_acc=1.0000 val_acc=1.0000 test_acc=0.9800 test_loss=0.1204)
[128/129] SmoothSubspace               DONE  acc=0.9800 loss=0.1204 AOPCR=  0.214 NDCG=  n/a C=  3 T=   15 (24s)  [102 trained / 0 failed so far]
[129/129] UMD
    stage 1/3: loading data ...
    stage 2/3: training on 36 series (no val (train-loss early stop), C=3, T=150, batch=3) ...
    stage 3/3: scoring on 144 test series (accuracy + AOPCR) ...
    [mlflow] versioned model 'seanet_classwise__mstcn_sep_classwise_conjunctive' (id=m-bcadd88b838a4ed2829ac985dfe4da0a) params={'model_size_mb': '3.5352', 'n_model_params': '268198', 'name': 'seanet_classwise'}
    [mlflow] logged run 'seanet_classwise_UMD'  (train_acc=1.0000 test_acc=0.9931 test_loss=0.1042)
[129/129] UMD                          DONE  acc=0.9931 loss=0.1042 AOPCR=  0.484 NDCG=  n/a C=  3 T=  150 (25s)  [103 trained / 0 failed so far]

Done: 103 trained, 26 skipped, 0 failed.
Results -> results/SEA_NET/seanet_classwise__mstcn_sep_classwise_conjunctive/results.csv

=== seanet_classwise__mstcn_sep_classwise_conjunctive vs MILLET ConjunctiveInceptionTime (mean of 5 reps) ===
  UCR datasets evaluated: 128  (with MILLET baseline: 85, without: 43)
  metric        ours    MILLET   win/tie/loss   (mean over the 85 datasets MILLET published)
  acc         0.8292    0.8445       27/19/39   
  loss        0.5113    1.2241        60/1/24   (lower is better)
  aopcr       0.5642    4.5532         3/0/82   
  wrote results/SEA_NET/seanet_classwise__mstcn_sep_classwise_conjunctive/comparison_vs_millet.csv

Next: `python main.py report` to draw the figures for seanet_classwise__mstcn_sep_classwise_conjunctive.

[log] finished; full output saved to results/SEA_NET/seanet_classwise__mstcn_sep_classwise_conjunctive/logs/train_2026-07-24_23-46-14.log
