[log] command 'train' started at 2026-07-25_01-06-36 for model 'seanet__mstcn_sep_additive'
[log] a copy of everything below is being saved to: results/SEA_NET/seanet__mstcn_sep_additive/logs/train_2026-07-25_01-06-36.log

=== train: model=seanet__mstcn_sep_additive (config sv2/seanet) device=cuda mode=full datasets=129 ===
[params] using DEFAULT recipe (test_acc: default 0.9420 vs optuna-best 0.9060; better = default).
  results  -> results/SEA_NET/seanet__mstcn_sep_additive/results.csv
  resume   -> results/SEA_NET/seanet__mstcn_sep_additive/done_train_dataset.txt  (delete it to retrain everything; delete one line to retrain that dataset)

  [mlflow] logging runs to experiment 'SEA-Net_seanet__mstcn_sep_additive_2026-07-25' at sqlite:///mlflow.db
  [mlflow] browse later with:  mlflow ui --backend-store-uri sqlite:///mlflow.db
[  1/129] WebTraffic                   already done -> skip
[  2/129] Adiac
    stage 1/3: loading data ...
    stage 2/3: training on 328 series (val=62, C=37, T=176, batch=16) ...
    stage 3/3: scoring on 391 test series (accuracy + AOPCR) ...
    [mlflow] versioned model 'seanet__mstcn_sep_additive' (id=m-15bbbad539b74c878d001d7e426ed0a8) params={'model_size_mb': '3.5519', 'n_model_params': '272566', 'name': 'seanet'}
    [mlflow] logged run 'seanet_Adiac'  (train_acc=0.9604 val_acc=0.8065 test_acc=0.7775 test_loss=0.8240)
[  2/129] Adiac                        DONE  acc=0.7775 loss=0.8240 AOPCR=  3.405 NDCG=  n/a C= 37 T=  176 (31s)  [1 trained / 0 failed so far]
[  3/129] ArrowHead
    stage 1/3: loading data ...
    stage 2/3: training on 36 series (no val (train-loss early stop), C=3, T=251, batch=3) ...
    stage 3/3: scoring on 175 test series (accuracy + AOPCR) ...
    [mlflow] versioned model 'seanet__mstcn_sep_additive' (id=m-61c6f6ce626b4450b61cbbef8db83cb6) params={'model_size_mb': '3.5351', 'n_model_params': '268180', 'name': 'seanet'}
    [mlflow] logged run 'seanet_ArrowHead'  (train_acc=1.0000 test_acc=0.8343 test_loss=0.4713)
[  3/129] ArrowHead                    DONE  acc=0.8343 loss=0.4713 AOPCR=  0.172 NDCG=  n/a C=  3 T=  251 (21s)  [2 trained / 0 failed so far]
[  4/129] Beef
    stage 1/3: loading data ...
    stage 2/3: training on 30 series (no val (train-loss early stop), C=5, T=470, batch=3) ...
    stage 3/3: scoring on 30 test series (accuracy + AOPCR) ...
    [mlflow] versioned model 'seanet__mstcn_sep_additive' (id=m-b04a62bd7c9340058bc3f753d7f0ecb4) params={'model_size_mb': '3.5361', 'n_model_params': '268438', 'name': 'seanet'}
    [mlflow] logged run 'seanet_Beef'  (train_acc=1.0000 test_acc=0.8333 test_loss=0.4669)
[  4/129] Beef                         DONE  acc=0.8333 loss=0.4669 AOPCR=  0.679 NDCG=  n/a C=  5 T=  470 (32s)  [3 trained / 0 failed so far]
[  5/129] BeetleFly
    stage 1/3: loading data ...
    stage 2/3: training on 20 series (no val (train-loss early stop), C=2, T=512, batch=2) ...
    stage 3/3: scoring on 20 test series (accuracy + AOPCR) ...
    [mlflow] versioned model 'seanet__mstcn_sep_additive' (id=m-2abfae5a9584426f96f30b284141f279) params={'model_size_mb': '3.5347', 'n_model_params': '268051', 'name': 'seanet'}
    [mlflow] logged run 'seanet_BeetleFly'  (train_acc=1.0000 test_acc=0.8000 test_loss=0.3970)
[  5/129] BeetleFly                    DONE  acc=0.8000 loss=0.3970 AOPCR=  0.144 NDCG=  n/a C=  2 T=  512 (15s)  [4 trained / 0 failed so far]
[  6/129] BirdChicken
    stage 1/3: loading data ...
    stage 2/3: training on 20 series (no val (train-loss early stop), C=2, T=512, batch=2) ...
    stage 3/3: scoring on 20 test series (accuracy + AOPCR) ...
    [mlflow] versioned model 'seanet__mstcn_sep_additive' (id=m-1b51de86acae4eec925371167318e333) params={'model_size_mb': '3.5347', 'n_model_params': '268051', 'name': 'seanet'}
    [mlflow] logged run 'seanet_BirdChicken'  (train_acc=1.0000 test_acc=1.0000 test_loss=0.1813)
[  6/129] BirdChicken                  DONE  acc=1.0000 loss=0.1813 AOPCR=  0.476 NDCG=  n/a C=  2 T=  512 (11s)  [5 trained / 0 failed so far]
[  7/129] Car
    stage 1/3: loading data ...
    stage 2/3: training on 60 series (no val (train-loss early stop), C=4, T=577, batch=6) ...
    stage 3/3: scoring on 60 test series (accuracy + AOPCR) ...
    [mlflow] versioned model 'seanet__mstcn_sep_additive' (id=m-cc5b589746a845a7a39c4ef3cc54d4c5) params={'model_size_mb': '3.5356', 'n_model_params': '268309', 'name': 'seanet'}
    [mlflow] logged run 'seanet_Car'  (train_acc=1.0000 test_acc=0.9500 test_loss=0.2713)
[  7/129] Car                          DONE  acc=0.9500 loss=0.2713 AOPCR=  0.495 NDCG=  n/a C=  4 T=  577 (16s)  [6 trained / 0 failed so far]
[  8/129] CBF
    stage 1/3: loading data ...
    stage 2/3: training on 30 series (no val (train-loss early stop), C=3, T=128, batch=3) ...
    stage 3/3: scoring on 900 test series (accuracy + AOPCR) ...
    [mlflow] versioned model 'seanet__mstcn_sep_additive' (id=m-100119ab2d3e4ee19c58e1c199acd2c8) params={'model_size_mb': '3.5351', 'n_model_params': '268180', 'name': 'seanet'}
    [mlflow] logged run 'seanet_CBF'  (train_acc=1.0000 test_acc=1.0000 test_loss=0.1106)
[  8/129] CBF                          DONE  acc=1.0000 loss=0.1106 AOPCR=  0.208 NDCG=  n/a C=  3 T=  128 (23s)  [7 trained / 0 failed so far]
[  9/129] ChlorineConcentration
    stage 1/3: loading data ...
    stage 2/3: training on 375 series (val=92, C=3, T=166, batch=16) ...
    stage 3/3: scoring on 3840 test series (accuracy + AOPCR) ...
    [mlflow] versioned model 'seanet__mstcn_sep_additive' (id=m-f7128f8d0ab04c5d95f237c046457ab6) params={'model_size_mb': '3.5351', 'n_model_params': '268180', 'name': 'seanet'}
    [mlflow] logged run 'seanet_ChlorineConcentration'  (train_acc=0.9413 val_acc=0.7609 test_acc=0.7292 test_loss=0.6949)
[  9/129] ChlorineConcentration        DONE  acc=0.7292 loss=0.6949 AOPCR=  0.234 NDCG=  n/a C=  3 T=  166 (48s)  [8 trained / 0 failed so far]
[ 10/129] CinCECGTorso
    stage 1/3: loading data ...
    stage 2/3: training on 40 series (no val (train-loss early stop), C=4, T=1639, batch=4) ...
    stage 3/3: scoring on 1380 test series (accuracy + AOPCR) ...
    [mlflow] versioned model 'seanet__mstcn_sep_additive' (id=m-722c742a2282401f9b42a7a9227a88a3) params={'model_size_mb': '3.5356', 'n_model_params': '268309', 'name': 'seanet'}
    [mlflow] logged run 'seanet_CinCECGTorso'  (train_acc=1.0000 test_acc=0.8225 test_loss=0.5606)
[ 10/129] CinCECGTorso                 DONE  acc=0.8225 loss=0.5606 AOPCR=  0.931 NDCG=  n/a C=  4 T= 1639 (40s)  [9 trained / 0 failed so far]
[ 11/129] Coffee
    stage 1/3: loading data ...
    stage 2/3: training on 28 series (no val (train-loss early stop), C=2, T=286, batch=2) ...
    stage 3/3: scoring on 28 test series (accuracy + AOPCR) ...
    [mlflow] versioned model 'seanet__mstcn_sep_additive' (id=m-2741c541cb2a41278087f4df902d0f92) params={'model_size_mb': '3.5347', 'n_model_params': '268051', 'name': 'seanet'}
    [mlflow] logged run 'seanet_Coffee'  (train_acc=1.0000 test_acc=1.0000 test_loss=0.0736)
[ 11/129] Coffee                       DONE  acc=1.0000 loss=0.0736 AOPCR=  0.386 NDCG=  n/a C=  2 T=  286 (19s)  [10 trained / 0 failed so far]
[ 12/129] Computers
    stage 1/3: loading data ...
    stage 2/3: training on 200 series (val=50, C=2, T=720, batch=16) ...
    stage 3/3: scoring on 250 test series (accuracy + AOPCR) ...
    [mlflow] versioned model 'seanet__mstcn_sep_additive' (id=m-5a82ab8161f640028a3fc8fe83c77e4a) params={'model_size_mb': '3.5347', 'n_model_params': '268051', 'name': 'seanet'}
    [mlflow] logged run 'seanet_Computers'  (train_acc=0.9750 val_acc=0.8600 test_acc=0.6680 test_loss=0.7857)
[ 12/129] Computers                    DONE  acc=0.6680 loss=0.7857 AOPCR=  0.345 NDCG=  n/a C=  2 T=  720 (12s)  [11 trained / 0 failed so far]
[ 13/129] CricketX
    stage 1/3: loading data ...
    stage 2/3: training on 317 series (val=73, C=12, T=300, batch=16) ...
    stage 3/3: scoring on 390 test series (accuracy + AOPCR) ...
    [mlflow] versioned model 'seanet__mstcn_sep_additive' (id=m-613b0fa151b8494681c1f89fa5facdf0) params={'model_size_mb': '3.5395', 'n_model_params': '269341', 'name': 'seanet'}
    [mlflow] logged run 'seanet_CricketX'  (train_acc=1.0000 val_acc=0.8493 test_acc=0.8128 test_loss=0.6601)
[ 13/129] CricketX                     DONE  acc=0.8128 loss=0.6601 AOPCR=  1.714 NDCG=  n/a C= 12 T=  300 (23s)  [12 trained / 0 failed so far]
[ 14/129] CricketY
    stage 1/3: loading data ...
    stage 2/3: training on 317 series (val=73, C=12, T=300, batch=16) ...
    stage 3/3: scoring on 390 test series (accuracy + AOPCR) ...
    [mlflow] versioned model 'seanet__mstcn_sep_additive' (id=m-4a2f3a0499de40e0ad8813aa6c461224) params={'model_size_mb': '3.5395', 'n_model_params': '269341', 'name': 'seanet'}
    [mlflow] logged run 'seanet_CricketY'  (train_acc=1.0000 val_acc=0.8904 test_acc=0.8615 test_loss=0.5781)
[ 14/129] CricketY                     DONE  acc=0.8615 loss=0.5781 AOPCR=  1.497 NDCG=  n/a C= 12 T=  300 (37s)  [13 trained / 0 failed so far]
[ 15/129] CricketZ
    stage 1/3: loading data ...
    stage 2/3: training on 316 series (val=74, C=12, T=300, batch=16) ...
    stage 3/3: scoring on 390 test series (accuracy + AOPCR) ...
    [mlflow] versioned model 'seanet__mstcn_sep_additive' (id=m-32dc5dc061e6473888494ae3ba602eeb) params={'model_size_mb': '3.5395', 'n_model_params': '269341', 'name': 'seanet'}
    [mlflow] logged run 'seanet_CricketZ'  (train_acc=1.0000 val_acc=0.9054 test_acc=0.8513 test_loss=0.6014)
[ 15/129] CricketZ                     DONE  acc=0.8513 loss=0.6014 AOPCR=  1.572 NDCG=  n/a C= 12 T=  300 (24s)  [14 trained / 0 failed so far]
[ 16/129] DiatomSizeReduction
    stage 1/3: loading data ...
    stage 2/3: training on 16 series (no val (train-loss early stop), C=4, T=345, batch=2) ...
    stage 3/3: scoring on 306 test series (accuracy + AOPCR) ...
    [mlflow] versioned model 'seanet__mstcn_sep_additive' (id=m-df9388c739264e6ca0b68c981689a9fa) params={'model_size_mb': '3.5356', 'n_model_params': '268309', 'name': 'seanet'}
    [mlflow] logged run 'seanet_DiatomSizeReduction'  (train_acc=1.0000 test_acc=0.9706 test_loss=0.1800)
[ 16/129] DiatomSizeReduction          DONE  acc=0.9706 loss=0.1800 AOPCR=  0.669 NDCG=  n/a C=  4 T=  345 (25s)  [15 trained / 0 failed so far]
[ 17/129] DistalPhalanxOutlineAgeGroup
    stage 1/3: loading data ...
    stage 2/3: training on 321 series (val=79, C=3, T=80, batch=16) ...
    stage 3/3: scoring on 139 test series (accuracy + AOPCR) ...
    [mlflow] versioned model 'seanet__mstcn_sep_additive' (id=m-a044a68cd900456e8b4379d8293855d7) params={'model_size_mb': '3.5351', 'n_model_params': '268180', 'name': 'seanet'}
    [mlflow] logged run 'seanet_DistalPhalanxOutlineAgeGroup'  (train_acc=0.9034 val_acc=0.8354 test_acc=0.7554 test_loss=0.5406)
[ 17/129] DistalPhalanxOutlineAgeGroup DONE  acc=0.7554 loss=0.5406 AOPCR=  0.056 NDCG=  n/a C=  3 T=   80 (17s)  [16 trained / 0 failed so far]
[ 18/129] DistalPhalanxOutlineCorrect
    stage 1/3: loading data ...
    stage 2/3: training on 481 series (val=119, C=2, T=80, batch=16) ...
    stage 3/3: scoring on 276 test series (accuracy + AOPCR) ...
    [mlflow] versioned model 'seanet__mstcn_sep_additive' (id=m-4d8c3bdf03d94d219238274c4c447e2f) params={'model_size_mb': '3.5347', 'n_model_params': '268051', 'name': 'seanet'}
    [mlflow] logged run 'seanet_DistalPhalanxOutlineCorrect'  (train_acc=0.9792 val_acc=0.8739 test_acc=0.7572 test_loss=0.6233)
[ 18/129] DistalPhalanxOutlineCorrect  DONE  acc=0.7572 loss=0.6233 AOPCR= -0.053 NDCG=  n/a C=  2 T=   80 (43s)  [17 trained / 0 failed so far]
[ 19/129] DistalPhalanxTW
    stage 1/3: loading data ...
    stage 2/3: training on 323 series (val=77, C=6, T=80, batch=16) ...
    stage 3/3: scoring on 139 test series (accuracy + AOPCR) ...
    [mlflow] versioned model 'seanet__mstcn_sep_additive' (id=m-79e5ea268c1f4d65a8144f9975bc5b8a) params={'model_size_mb': '3.5366', 'n_model_params': '268567', 'name': 'seanet'}
    [mlflow] logged run 'seanet_DistalPhalanxTW'  (train_acc=0.8885 val_acc=0.8701 test_acc=0.7050 test_loss=0.8038)
[ 19/129] DistalPhalanxTW              DONE  acc=0.7050 loss=0.8038 AOPCR=  0.453 NDCG=  n/a C=  6 T=   80 (25s)  [18 trained / 0 failed so far]
[ 20/129] Earthquakes
    stage 1/3: loading data ...
    stage 2/3: training on 259 series (val=63, C=2, T=512, batch=16) ...
    stage 3/3: scoring on 139 test series (accuracy + AOPCR) ...
    [mlflow] versioned model 'seanet__mstcn_sep_additive' (id=m-19c1c809dd494375a0bdd7f2aa3c6a46) params={'model_size_mb': '3.5347', 'n_model_params': '268051', 'name': 'seanet'}
    [mlflow] logged run 'seanet_Earthquakes'  (train_acc=0.9923 val_acc=0.7619 test_acc=0.7482 test_loss=0.5747)
[ 20/129] Earthquakes                  DONE  acc=0.7482 loss=0.5747 AOPCR=  1.257 NDCG=  n/a C=  2 T=  512 (10s)  [19 trained / 0 failed so far]
[ 21/129] ECG200
    stage 1/3: loading data ...
    stage 2/3: training on 81 series (val=19, C=2, T=96, batch=8) ...
    stage 3/3: scoring on 100 test series (accuracy + AOPCR) ...
    [mlflow] versioned model 'seanet__mstcn_sep_additive' (id=m-4791cfc8237f43bdae5c8950e07294f8) params={'model_size_mb': '3.5347', 'n_model_params': '268051', 'name': 'seanet'}
    [mlflow] logged run 'seanet_ECG200'  (train_acc=1.0000 val_acc=0.8947 test_acc=0.8900 test_loss=0.2824)
[ 21/129] ECG200                       DONE  acc=0.8900 loss=0.2824 AOPCR=  0.018 NDCG=  n/a C=  2 T=   96 (16s)  [20 trained / 0 failed so far]
[ 22/129] ECG5000
    stage 1/3: loading data ...
    stage 2/3: training on 401 series (val=99, C=5, T=140, batch=16) ...
    stage 3/3: scoring on 4500 test series (accuracy + AOPCR) ...
    [mlflow] versioned model 'seanet__mstcn_sep_additive' (id=m-54eaf38ecd964a118c258b2a883390b3) params={'model_size_mb': '3.5361', 'n_model_params': '268438', 'name': 'seanet'}
    [mlflow] logged run 'seanet_ECG5000'  (train_acc=0.9900 val_acc=0.9596 test_acc=0.9313 test_loss=0.2867)
[ 22/129] ECG5000                      DONE  acc=0.9313 loss=0.2867 AOPCR=  1.123 NDCG=  n/a C=  5 T=  140 (26s)  [21 trained / 0 failed so far]
[ 23/129] ECGFiveDays
    stage 1/3: loading data ...
    stage 2/3: training on 23 series (no val (train-loss early stop), C=2, T=136, batch=2) ...
    stage 3/3: scoring on 861 test series (accuracy + AOPCR) ...
    [mlflow] versioned model 'seanet__mstcn_sep_additive' (id=m-5b3e1360919444cf9f6a1344cd8bda40) params={'model_size_mb': '3.5347', 'n_model_params': '268051', 'name': 'seanet'}
    [mlflow] logged run 'seanet_ECGFiveDays'  (train_acc=1.0000 test_acc=1.0000 test_loss=0.0618)
[ 23/129] ECGFiveDays                  DONE  acc=1.0000 loss=0.0618 AOPCR=  0.278 NDCG=  n/a C=  2 T=  136 (21s)  [22 trained / 0 failed so far]
[ 24/129] ElectricDevices
    stage 1/3: loading data ...
    stage 2/3: training on 7144 series (val=1782, C=7, T=96, batch=16) ...
    stage 3/3: scoring on 7711 test series (accuracy + AOPCR) ...
    [mlflow] versioned model 'seanet__mstcn_sep_additive' (id=m-4ab381c81efc407e9e6b2cfb143cef49) params={'model_size_mb': '3.5371', 'n_model_params': '268696', 'name': 'seanet'}
    [mlflow] logged run 'seanet_ElectricDevices'  (train_acc=0.9468 val_acc=0.9141 test_acc=0.7214 test_loss=0.9760)
[ 24/129] ElectricDevices              DONE  acc=0.7214 loss=0.9760 AOPCR=  0.401 NDCG=  n/a C=  7 T=   96 (457s)  [23 trained / 0 failed so far]
[ 25/129] FaceAll
    stage 1/3: loading data ...
    stage 2/3: training on 448 series (val=112, C=14, T=131, batch=16) ...
    stage 3/3: scoring on 1690 test series (accuracy + AOPCR) ...
    [mlflow] versioned model 'seanet__mstcn_sep_additive' (id=m-3842f15f870f48e69ab0c21ad625e9a7) params={'model_size_mb': '3.5405', 'n_model_params': '269599', 'name': 'seanet'}
    [mlflow] logged run 'seanet_FaceAll'  (train_acc=1.0000 val_acc=0.9911 test_acc=0.8107 test_loss=0.8701)
[ 25/129] FaceAll                      DONE  acc=0.8107 loss=0.8701 AOPCR=  0.260 NDCG=  n/a C= 14 T=  131 (41s)  [24 trained / 0 failed so far]
[ 26/129] FaceFour
    stage 1/3: loading data ...
    stage 2/3: training on 24 series (no val (train-loss early stop), C=4, T=350, batch=2) ...
    stage 3/3: scoring on 88 test series (accuracy + AOPCR) ...
    [mlflow] versioned model 'seanet__mstcn_sep_additive' (id=m-4fadef98511e418ebffbf40b21e3b106) params={'model_size_mb': '3.5356', 'n_model_params': '268309', 'name': 'seanet'}
    [mlflow] logged run 'seanet_FaceFour'  (train_acc=1.0000 test_acc=0.9773 test_loss=0.1651)
[ 26/129] FaceFour                     DONE  acc=0.9773 loss=0.1651 AOPCR=  0.860 NDCG=  n/a C=  4 T=  350 (25s)  [25 trained / 0 failed so far]
[ 27/129] FacesUCR
    stage 1/3: loading data ...
    stage 2/3: training on 165 series (val=35, C=14, T=131, batch=16) ...
    stage 3/3: scoring on 2050 test series (accuracy + AOPCR) ...
    [mlflow] versioned model 'seanet__mstcn_sep_additive' (id=m-c54526df81ad4ac9bbbc92e87081b213) params={'model_size_mb': '3.5405', 'n_model_params': '269599', 'name': 'seanet'}
    [mlflow] logged run 'seanet_FacesUCR'  (train_acc=1.0000 val_acc=1.0000 test_acc=0.9702 test_loss=0.2144)
[ 27/129] FacesUCR                     DONE  acc=0.9702 loss=0.2144 AOPCR=  0.198 NDCG=  n/a C= 14 T=  131 (33s)  [26 trained / 0 failed so far]
[ 28/129] FiftyWords
    stage 1/3: loading data ...
    stage 2/3: training on 365 series (val=85, C=50, T=270, batch=16) ...
    stage 3/3: scoring on 455 test series (accuracy + AOPCR) ...
    [mlflow] versioned model 'seanet__mstcn_sep_additive' (id=m-6879401dafb241bdba8c1afd9ab91cb8) params={'model_size_mb': '3.5583', 'n_model_params': '274243', 'name': 'seanet'}
    [mlflow] logged run 'seanet_FiftyWords'  (train_acc=1.0000 val_acc=0.8118 test_acc=0.8242 test_loss=0.7616)
[ 28/129] FiftyWords                   DONE  acc=0.8242 loss=0.7616 AOPCR=  0.653 NDCG=  n/a C= 50 T=  270 (32s)  [27 trained / 0 failed so far]
[ 29/129] Fish
    stage 1/3: loading data ...
    stage 2/3: training on 142 series (val=33, C=7, T=463, batch=14) ...
    stage 3/3: scoring on 175 test series (accuracy + AOPCR) ...
    [mlflow] versioned model 'seanet__mstcn_sep_additive' (id=m-b8dd03a199d1416d92856a11d70e9ec4) params={'model_size_mb': '3.5371', 'n_model_params': '268696', 'name': 'seanet'}
    [mlflow] logged run 'seanet_Fish'  (train_acc=1.0000 val_acc=0.9697 test_acc=0.9829 test_loss=0.1626)
[ 29/129] Fish                         DONE  acc=0.9829 loss=0.1626 AOPCR=  0.690 NDCG=  n/a C=  7 T=  463 (31s)  [28 trained / 0 failed so far]
[ 30/129] FordA
    stage 1/3: loading data ...
    stage 2/3: training on 2881 series (val=720, C=2, T=500, batch=16) ...
    stage 3/3: scoring on 1320 test series (accuracy + AOPCR) ...
    [mlflow] versioned model 'seanet__mstcn_sep_additive' (id=m-55de72bc1c1848ac9f8da2caf5507c39) params={'model_size_mb': '3.5347', 'n_model_params': '268051', 'name': 'seanet'}
    [mlflow] logged run 'seanet_FordA'  (train_acc=0.9997 val_acc=0.9667 test_acc=0.9591 test_loss=0.1587)
[ 30/129] FordA                        DONE  acc=0.9591 loss=0.1587 AOPCR=  0.108 NDCG=  n/a C=  2 T=  500 (229s)  [29 trained / 0 failed so far]
[ 31/129] FordB
    stage 1/3: loading data ...
    stage 2/3: training on 2909 series (val=727, C=2, T=500, batch=16) ...
    stage 3/3: scoring on 810 test series (accuracy + AOPCR) ...
    [mlflow] versioned model 'seanet__mstcn_sep_additive' (id=m-44e4db5779c942c6a2547ef3b3446536) params={'model_size_mb': '3.5347', 'n_model_params': '268051', 'name': 'seanet'}
    [mlflow] logged run 'seanet_FordB'  (train_acc=0.9828 val_acc=0.9629 test_acc=0.8235 test_loss=0.3640)
[ 31/129] FordB                        DONE  acc=0.8235 loss=0.3640 AOPCR=  0.577 NDCG=  n/a C=  2 T=  500 (123s)  [30 trained / 0 failed so far]
[ 32/129] GunPoint
    stage 1/3: loading data ...
    stage 2/3: training on 50 series (no val (train-loss early stop), C=2, T=150, batch=5) ...
    stage 3/3: scoring on 150 test series (accuracy + AOPCR) ...
    [mlflow] versioned model 'seanet__mstcn_sep_additive' (id=m-aaf43e26ca13403180615d06db442eec) params={'model_size_mb': '3.5347', 'n_model_params': '268051', 'name': 'seanet'}
    [mlflow] logged run 'seanet_GunPoint'  (train_acc=1.0000 test_acc=0.9867 test_loss=0.0880)
[ 32/129] GunPoint                     DONE  acc=0.9867 loss=0.0880 AOPCR=  0.381 NDCG=  n/a C=  2 T=  150 (17s)  [31 trained / 0 failed so far]
[ 33/129] Ham
    stage 1/3: loading data ...
    stage 2/3: training on 88 series (val=21, C=2, T=431, batch=8) ...
    stage 3/3: scoring on 105 test series (accuracy + AOPCR) ...
    [mlflow] versioned model 'seanet__mstcn_sep_additive' (id=m-7b5b2c3fe4e34379a2cc87a005d8b2d3) params={'model_size_mb': '3.5347', 'n_model_params': '268051', 'name': 'seanet'}
    [mlflow] logged run 'seanet_Ham'  (train_acc=1.0000 val_acc=0.9048 test_acc=0.6381 test_loss=0.6688)
[ 33/129] Ham                          DONE  acc=0.6381 loss=0.6688 AOPCR=  0.642 NDCG=  n/a C=  2 T=  431 (14s)  [32 trained / 0 failed so far]
[ 34/129] HandOutlines
    stage 1/3: loading data ...
    stage 2/3: training on 801 series (val=199, C=2, T=2709, batch=16) ...
    stage 3/3: scoring on 370 test series (accuracy + AOPCR) ...
    [mlflow] versioned model 'seanet__mstcn_sep_additive' (id=m-4924342380a14c5f9ed83aea3f675469) params={'model_size_mb': '3.5347', 'n_model_params': '268051', 'name': 'seanet'}
    [mlflow] logged run 'seanet_HandOutlines'  (train_acc=0.9588 val_acc=0.8995 test_acc=0.9378 test_loss=0.2178)
[ 34/129] HandOutlines                 DONE  acc=0.9378 loss=0.2178 AOPCR=  0.075 NDCG=  n/a C=  2 T= 2709 (166s)  [33 trained / 0 failed so far]
[ 35/129] Haptics
    stage 1/3: loading data ...
    stage 2/3: training on 127 series (val=28, C=5, T=1092, batch=12) ...
    stage 3/3: scoring on 308 test series (accuracy + AOPCR) ...
    [mlflow] versioned model 'seanet__mstcn_sep_additive' (id=m-9ab920cd26264b50b9244b9ab1c5d7e9) params={'model_size_mb': '3.5361', 'n_model_params': '268438', 'name': 'seanet'}
    [mlflow] logged run 'seanet_Haptics'  (train_acc=0.6614 val_acc=0.4643 test_acc=0.4838 test_loss=1.4225)
[ 35/129] Haptics                      DONE  acc=0.4838 loss=1.4225 AOPCR=  1.315 NDCG=  n/a C=  5 T= 1092 (8s)  [34 trained / 0 failed so far]
[ 36/129] Herring
    stage 1/3: loading data ...
    stage 2/3: training on 64 series (no val (train-loss early stop), C=2, T=512, batch=6) ...
    stage 3/3: scoring on 64 test series (accuracy + AOPCR) ...
    [mlflow] versioned model 'seanet__mstcn_sep_additive' (id=m-90f92bbe1d9c4b039b2d14e33aaa72c3) params={'model_size_mb': '3.5347', 'n_model_params': '268051', 'name': 'seanet'}
    [mlflow] logged run 'seanet_Herring'  (train_acc=1.0000 test_acc=0.5781 test_loss=0.9313)
[ 36/129] Herring                      DONE  acc=0.5781 loss=0.9313 AOPCR=  0.887 NDCG=  n/a C=  2 T=  512 (18s)  [35 trained / 0 failed so far]
[ 37/129] InlineSkate
    stage 1/3: loading data ...
    stage 2/3: training on 84 series (val=16, C=7, T=1882, batch=8) ...
    stage 3/3: scoring on 550 test series (accuracy + AOPCR) ...
    [mlflow] versioned model 'seanet__mstcn_sep_additive' (id=m-e32219f6abda4bf3bcd63ef659534234) params={'model_size_mb': '3.5371', 'n_model_params': '268696', 'name': 'seanet'}
    [mlflow] logged run 'seanet_InlineSkate'  (train_acc=0.9524 val_acc=0.5000 test_acc=0.3909 test_loss=1.7918)
[ 37/129] InlineSkate                  DONE  acc=0.3909 loss=1.7918 AOPCR=  1.576 NDCG=  n/a C=  7 T= 1882 (12s)  [36 trained / 0 failed so far]
[ 38/129] InsectWingbeatSound
    stage 1/3: loading data ...
    stage 2/3: training on 176 series (val=44, C=11, T=256, batch=16) ...
    stage 3/3: scoring on 1980 test series (accuracy + AOPCR) ...
    [mlflow] versioned model 'seanet__mstcn_sep_additive' (id=m-c2690c31e496442eb20f034970832955) params={'model_size_mb': '3.5391', 'n_model_params': '269212', 'name': 'seanet'}
    [mlflow] logged run 'seanet_InsectWingbeatSound'  (train_acc=0.6818 val_acc=0.4773 test_acc=0.5646 test_loss=1.1155)
[ 38/129] InsectWingbeatSound          DONE  acc=0.5646 loss=1.1155 AOPCR=  0.223 NDCG=  n/a C= 11 T=  256 (7s)  [37 trained / 0 failed so far]
[ 39/129] ItalyPowerDemand
    stage 1/3: loading data ...
    stage 2/3: training on 67 series (no val (train-loss early stop), C=2, T=24, batch=6) ...
    stage 3/3: scoring on 1029 test series (accuracy + AOPCR) ...
    [mlflow] versioned model 'seanet__mstcn_sep_additive' (id=m-a446cbd6abc1452e8a289a0041737039) params={'model_size_mb': '3.5347', 'n_model_params': '268051', 'name': 'seanet'}
    [mlflow] logged run 'seanet_ItalyPowerDemand'  (train_acc=1.0000 test_acc=0.9670 test_loss=0.1408)
[ 39/129] ItalyPowerDemand             DONE  acc=0.9670 loss=0.1408 AOPCR=  0.238 NDCG=  n/a C=  2 T=   24 (24s)  [38 trained / 0 failed so far]
[ 40/129] LargeKitchenAppliances
    stage 1/3: loading data ...
    stage 2/3: training on 300 series (val=75, C=3, T=720, batch=16) ...
    stage 3/3: scoring on 375 test series (accuracy + AOPCR) ...
    [mlflow] versioned model 'seanet__mstcn_sep_additive' (id=m-aaf678d927bb4e858e5679ffdb099164) params={'model_size_mb': '3.5351', 'n_model_params': '268180', 'name': 'seanet'}
    [mlflow] logged run 'seanet_LargeKitchenAppliances'  (train_acc=0.9967 val_acc=0.9867 test_acc=0.9013 test_loss=0.3299)
[ 40/129] LargeKitchenAppliances       DONE  acc=0.9013 loss=0.3299 AOPCR=  1.388 NDCG=  n/a C=  3 T=  720 (26s)  [39 trained / 0 failed so far]
[ 41/129] Lightning2
    stage 1/3: loading data ...
    stage 2/3: training on 60 series (no val (train-loss early stop), C=2, T=637, batch=6) ...
    stage 3/3: scoring on 61 test series (accuracy + AOPCR) ...
    [mlflow] versioned model 'seanet__mstcn_sep_additive' (id=m-6e201bbaf0fb4976abaef053edf55a5e) params={'model_size_mb': '3.5347', 'n_model_params': '268051', 'name': 'seanet'}
    [mlflow] logged run 'seanet_Lightning2'  (train_acc=1.0000 test_acc=0.8197 test_loss=0.3636)
[ 41/129] Lightning2                   DONE  acc=0.8197 loss=0.3636 AOPCR=  0.860 NDCG=  n/a C=  2 T=  637 (15s)  [40 trained / 0 failed so far]
[ 42/129] Lightning7
    stage 1/3: loading data ...
    stage 2/3: training on 70 series (no val (train-loss early stop), C=7, T=319, batch=7) ...
    stage 3/3: scoring on 73 test series (accuracy + AOPCR) ...
    [mlflow] versioned model 'seanet__mstcn_sep_additive' (id=m-329cb97751f24690a4ee28c4dc8fd378) params={'model_size_mb': '3.5371', 'n_model_params': '268696', 'name': 'seanet'}
    [mlflow] logged run 'seanet_Lightning7'  (train_acc=1.0000 test_acc=0.8356 test_loss=0.5553)
[ 42/129] Lightning7                   DONE  acc=0.8356 loss=0.5553 AOPCR=  1.153 NDCG=  n/a C=  7 T=  319 (23s)  [41 trained / 0 failed so far]
[ 43/129] Mallat
    stage 1/3: loading data ...
    stage 2/3: training on 55 series (no val (train-loss early stop), C=8, T=1024, batch=5) ...
    stage 3/3: scoring on 2345 test series (accuracy + AOPCR) ...
    [mlflow] versioned model 'seanet__mstcn_sep_additive' (id=m-2ca0b340eaab4117a35b1a961719f854) params={'model_size_mb': '3.5376', 'n_model_params': '268825', 'name': 'seanet'}
    [mlflow] logged run 'seanet_Mallat'  (train_acc=1.0000 test_acc=0.9706 test_loss=0.2171)
[ 43/129] Mallat                       DONE  acc=0.9706 loss=0.2171 AOPCR=  1.420 NDCG=  n/a C=  8 T= 1024 (25s)  [42 trained / 0 failed so far]
[ 44/129] Meat
    stage 1/3: loading data ...
    stage 2/3: training on 60 series (no val (train-loss early stop), C=3, T=448, batch=6) ...
    stage 3/3: scoring on 60 test series (accuracy + AOPCR) ...
    [mlflow] versioned model 'seanet__mstcn_sep_additive' (id=m-edc276733f92486e87b47a2f21114083) params={'model_size_mb': '3.5351', 'n_model_params': '268180', 'name': 'seanet'}
    [mlflow] logged run 'seanet_Meat'  (train_acc=1.0000 test_acc=0.8667 test_loss=0.3623)
[ 44/129] Meat                         DONE  acc=0.8667 loss=0.3623 AOPCR=  2.158 NDCG=  n/a C=  3 T=  448 (9s)  [43 trained / 0 failed so far]
[ 45/129] MedicalImages
    stage 1/3: loading data ...
    stage 2/3: training on 307 series (val=74, C=10, T=99, batch=16) ...
    stage 3/3: scoring on 760 test series (accuracy + AOPCR) ...
    [mlflow] versioned model 'seanet__mstcn_sep_additive' (id=m-f99abc88e8424bb5a3b4aeff2da8ea53) params={'model_size_mb': '3.5386', 'n_model_params': '269083', 'name': 'seanet'}
    [mlflow] logged run 'seanet_MedicalImages'  (train_acc=0.9283 val_acc=0.7838 test_acc=0.7263 test_loss=0.8135)
[ 45/129] MedicalImages                DONE  acc=0.7263 loss=0.8135 AOPCR=  0.295 NDCG=  n/a C= 10 T=   99 (18s)  [44 trained / 0 failed so far]
[ 46/129] MiddlePhalanxOutlineAgeGroup
    stage 1/3: loading data ...
    stage 2/3: training on 321 series (val=79, C=3, T=80, batch=16) ...
    stage 3/3: scoring on 154 test series (accuracy + AOPCR) ...
    [mlflow] versioned model 'seanet__mstcn_sep_additive' (id=m-31ebdc7abbdf41abab60d961375467b2) params={'model_size_mb': '3.5351', 'n_model_params': '268180', 'name': 'seanet'}
    [mlflow] logged run 'seanet_MiddlePhalanxOutlineAgeGroup'  (train_acc=0.8287 val_acc=0.7975 test_acc=0.5714 test_loss=0.9502)
[ 46/129] MiddlePhalanxOutlineAgeGroup DONE  acc=0.5714 loss=0.9502 AOPCR=  0.093 NDCG=  n/a C=  3 T=   80 (20s)  [45 trained / 0 failed so far]
[ 47/129] MiddlePhalanxOutlineCorrect
    stage 1/3: loading data ...
    stage 2/3: training on 481 series (val=119, C=2, T=80, batch=16) ...
    stage 3/3: scoring on 291 test series (accuracy + AOPCR) ...
    [mlflow] versioned model 'seanet__mstcn_sep_additive' (id=m-deb889453e7a49f9942a22d7a886bfc6) params={'model_size_mb': '3.5347', 'n_model_params': '268051', 'name': 'seanet'}
    [mlflow] logged run 'seanet_MiddlePhalanxOutlineCorrect'  (train_acc=0.9252 val_acc=0.8571 test_acc=0.8488 test_loss=0.3794)
[ 47/129] MiddlePhalanxOutlineCorrect  DONE  acc=0.8488 loss=0.3794 AOPCR=  0.260 NDCG=  n/a C=  2 T=   80 (36s)  [46 trained / 0 failed so far]
[ 48/129] MiddlePhalanxTW
    stage 1/3: loading data ...
    stage 2/3: training on 321 series (val=78, C=6, T=80, batch=16) ...
    stage 3/3: scoring on 154 test series (accuracy + AOPCR) ...
    [mlflow] versioned model 'seanet__mstcn_sep_additive' (id=m-74d40c1fa9004671a2832f2858d210c7) params={'model_size_mb': '3.5366', 'n_model_params': '268567', 'name': 'seanet'}
    [mlflow] logged run 'seanet_MiddlePhalanxTW'  (train_acc=0.6885 val_acc=0.6538 test_acc=0.5455 test_loss=1.0804)
[ 48/129] MiddlePhalanxTW              DONE  acc=0.5455 loss=1.0804 AOPCR=  0.152 NDCG=  n/a C=  6 T=   80 (26s)  [47 trained / 0 failed so far]
[ 49/129] MoteStrain
    stage 1/3: loading data ...
    stage 2/3: training on 20 series (no val (train-loss early stop), C=2, T=84, batch=2) ...
    stage 3/3: scoring on 1252 test series (accuracy + AOPCR) ...
    [mlflow] versioned model 'seanet__mstcn_sep_additive' (id=m-87552fe6957f4bfb8500e3ce68b67647) params={'model_size_mb': '3.5347', 'n_model_params': '268051', 'name': 'seanet'}
    [mlflow] logged run 'seanet_MoteStrain'  (train_acc=1.0000 test_acc=0.8794 test_loss=0.3008)
[ 49/129] MoteStrain                   DONE  acc=0.8794 loss=0.3008 AOPCR=  0.174 NDCG=  n/a C=  2 T=   84 (19s)  [48 trained / 0 failed so far]
[ 50/129] NonInvasiveFetalECGThorax1
    stage 1/3: loading data ...
    stage 2/3: training on 1452 series (val=348, C=42, T=750, batch=16) ...
    stage 3/3: scoring on 1965 test series (accuracy + AOPCR) ...
    [mlflow] versioned model 'seanet__mstcn_sep_additive' (id=m-45efc21038c843d1b570699e0a29a7aa) params={'model_size_mb': '3.5543', 'n_model_params': '273211', 'name': 'seanet'}
    [mlflow] logged run 'seanet_NonInvasiveFetalECGThorax1'  (train_acc=0.9945 val_acc=0.9253 test_acc=0.9125 test_loss=0.3572)
[ 50/129] NonInvasiveFetalECGThorax1   DONE  acc=0.9125 loss=0.3572 AOPCR= -0.650 NDCG=  n/a C= 42 T=  750 (177s)  [49 trained / 0 failed so far]
[ 51/129] NonInvasiveFetalECGThorax2
    stage 1/3: loading data ...
    stage 2/3: training on 1452 series (val=348, C=42, T=750, batch=16) ...
    stage 3/3: scoring on 1965 test series (accuracy + AOPCR) ...
    [mlflow] versioned model 'seanet__mstcn_sep_additive' (id=m-6fba79fca557425c9cce494ea08e2d71) params={'model_size_mb': '3.5543', 'n_model_params': '273211', 'name': 'seanet'}
    [mlflow] logged run 'seanet_NonInvasiveFetalECGThorax2'  (train_acc=0.9855 val_acc=0.9339 test_acc=0.9181 test_loss=0.3705)
[ 51/129] NonInvasiveFetalECGThorax2   DONE  acc=0.9181 loss=0.3705 AOPCR= -0.583 NDCG=  n/a C= 42 T=  750 (174s)  [50 trained / 0 failed so far]
[ 52/129] OliveOil
    stage 1/3: loading data ...
    stage 2/3: training on 30 series (no val (train-loss early stop), C=4, T=570, batch=3) ...
    stage 3/3: scoring on 30 test series (accuracy + AOPCR) ...
    [mlflow] versioned model 'seanet__mstcn_sep_additive' (id=m-df2cd5954b9042949beccd7071f7e4ef) params={'model_size_mb': '3.5356', 'n_model_params': '268309', 'name': 'seanet'}
    [mlflow] logged run 'seanet_OliveOil'  (train_acc=0.8000 test_acc=0.7333 test_loss=0.8665)
[ 52/129] OliveOil                     DONE  acc=0.7333 loss=0.8665 AOPCR=  0.844 NDCG=  n/a C=  4 T=  570 (19s)  [51 trained / 0 failed so far]
[ 53/129] OSULeaf
    stage 1/3: loading data ...
    stage 2/3: training on 163 series (val=37, C=6, T=427, batch=16) ...
    stage 3/3: scoring on 242 test series (accuracy + AOPCR) ...
    [mlflow] versioned model 'seanet__mstcn_sep_additive' (id=m-74bbd2a063af458989c83870fc496a0c) params={'model_size_mb': '3.5366', 'n_model_params': '268567', 'name': 'seanet'}
    [mlflow] logged run 'seanet_OSULeaf'  (train_acc=1.0000 val_acc=0.9730 test_acc=0.8884 test_loss=0.4031)
[ 53/129] OSULeaf                      DONE  acc=0.8884 loss=0.4031 AOPCR=  0.412 NDCG=  n/a C=  6 T=  427 (15s)  [52 trained / 0 failed so far]
[ 54/129] PhalangesOutlinesCorrect
    stage 1/3: loading data ...
    stage 2/3: training on 1441 series (val=359, C=2, T=80, batch=16) ...
    stage 3/3: scoring on 858 test series (accuracy + AOPCR) ...
    [mlflow] versioned model 'seanet__mstcn_sep_additive' (id=m-57cbf772d2764c0bb01348d77714c2ca) params={'model_size_mb': '3.5347', 'n_model_params': '268051', 'name': 'seanet'}
    [mlflow] logged run 'seanet_PhalangesOutlinesCorrect'  (train_acc=0.9473 val_acc=0.8774 test_acc=0.8415 test_loss=0.3842)
[ 54/129] PhalangesOutlinesCorrect     DONE  acc=0.8415 loss=0.3842 AOPCR=  0.085 NDCG=  n/a C=  2 T=   80 (149s)  [53 trained / 0 failed so far]
[ 55/129] Phoneme
    stage 1/3: loading data ...
    stage 2/3: training on 171 series (val=43, C=39, T=1024, batch=16) ...
    stage 3/3: scoring on 1896 test series (accuracy + AOPCR) ...
    [mlflow] versioned model 'seanet__mstcn_sep_additive' (id=m-b5a6cf14829e45108973094990bbb474) params={'model_size_mb': '3.5528', 'n_model_params': '272824', 'name': 'seanet'}
    [mlflow] logged run 'seanet_Phoneme'  (train_acc=0.5497 val_acc=0.2558 test_acc=0.2874 test_loss=2.6598)
[ 55/129] Phoneme                      DONE  acc=0.2874 loss=2.6598 AOPCR=  0.493 NDCG=  n/a C= 39 T= 1024 (8s)  [54 trained / 0 failed so far]
[ 56/129] Plane
    stage 1/3: loading data ...
    stage 2/3: training on 87 series (val=18, C=7, T=144, batch=8) ...
    stage 3/3: scoring on 105 test series (accuracy + AOPCR) ...
    [mlflow] versioned model 'seanet__mstcn_sep_additive' (id=m-c8171cadfb15421298ab1cbbbd907151) params={'model_size_mb': '3.5371', 'n_model_params': '268696', 'name': 'seanet'}
    [mlflow] logged run 'seanet_Plane'  (train_acc=1.0000 val_acc=1.0000 test_acc=1.0000 test_loss=0.0996)
[ 56/129] Plane                        DONE  acc=1.0000 loss=0.0996 AOPCR=  0.257 NDCG=  n/a C=  7 T=  144 (26s)  [55 trained / 0 failed so far]
[ 57/129] ProximalPhalanxOutlineAgeGroup
    stage 1/3: loading data ...
    stage 2/3: training on 322 series (val=78, C=3, T=80, batch=16) ...
    stage 3/3: scoring on 205 test series (accuracy + AOPCR) ...
    [mlflow] versioned model 'seanet__mstcn_sep_additive' (id=m-df749d4baf0d412bbb9c1f35b7784a97) params={'model_size_mb': '3.5351', 'n_model_params': '268180', 'name': 'seanet'}
    [mlflow] logged run 'seanet_ProximalPhalanxOutlineAgeGroup'  (train_acc=0.8882 val_acc=0.8205 test_acc=0.8293 test_loss=0.4157)
[ 57/129] ProximalPhalanxOutlineAgeGroup DONE  acc=0.8293 loss=0.4157 AOPCR=  0.052 NDCG=  n/a C=  3 T=   80 (21s)  [56 trained / 0 failed so far]
[ 58/129] ProximalPhalanxOutlineCorrect
    stage 1/3: loading data ...
    stage 2/3: training on 481 series (val=119, C=2, T=80, batch=16) ...
    stage 3/3: scoring on 291 test series (accuracy + AOPCR) ...
    [mlflow] versioned model 'seanet__mstcn_sep_additive' (id=m-b2088b69ac734b83aeb5b88d8a1c304d) params={'model_size_mb': '3.5347', 'n_model_params': '268051', 'name': 'seanet'}
    [mlflow] logged run 'seanet_ProximalPhalanxOutlineCorrect'  (train_acc=0.9751 val_acc=0.9244 test_acc=0.9141 test_loss=0.2347)
[ 58/129] ProximalPhalanxOutlineCorrect DONE  acc=0.9141 loss=0.2347 AOPCR= -0.449 NDCG=  n/a C=  2 T=   80 (58s)  [57 trained / 0 failed so far]
[ 59/129] ProximalPhalanxTW
    stage 1/3: loading data ...
    stage 2/3: training on 322 series (val=78, C=6, T=80, batch=16) ...
    stage 3/3: scoring on 205 test series (accuracy + AOPCR) ...
    [mlflow] versioned model 'seanet__mstcn_sep_additive' (id=m-f29c393f25224e4c90a38d41b31f27c2) params={'model_size_mb': '3.5366', 'n_model_params': '268567', 'name': 'seanet'}
    [mlflow] logged run 'seanet_ProximalPhalanxTW'  (train_acc=0.8820 val_acc=0.8590 test_acc=0.7707 test_loss=0.6045)
[ 59/129] ProximalPhalanxTW            DONE  acc=0.7707 loss=0.6045 AOPCR= -0.724 NDCG=  n/a C=  6 T=   80 (26s)  [58 trained / 0 failed so far]
[ 60/129] RefrigerationDevices
    stage 1/3: loading data ...
    stage 2/3: training on 300 series (val=75, C=3, T=720, batch=16) ...
    stage 3/3: scoring on 375 test series (accuracy + AOPCR) ...
    [mlflow] versioned model 'seanet__mstcn_sep_additive' (id=m-2281c683880246ff952c1addb5b585d4) params={'model_size_mb': '3.5351', 'n_model_params': '268180', 'name': 'seanet'}
    [mlflow] logged run 'seanet_RefrigerationDevices'  (train_acc=0.6833 val_acc=0.6400 test_acc=0.4960 test_loss=1.0477)
[ 60/129] RefrigerationDevices         DONE  acc=0.4960 loss=1.0477 AOPCR=  0.015 NDCG=  n/a C=  3 T=  720 (11s)  [59 trained / 0 failed so far]
[ 61/129] ScreenType
    stage 1/3: loading data ...
    stage 2/3: training on 300 series (val=75, C=3, T=720, batch=16) ...
    stage 3/3: scoring on 375 test series (accuracy + AOPCR) ...
    [mlflow] versioned model 'seanet__mstcn_sep_additive' (id=m-efb8a98f7dde4d61bff3e9a53c209f5e) params={'model_size_mb': '3.5351', 'n_model_params': '268180', 'name': 'seanet'}
    [mlflow] logged run 'seanet_ScreenType'  (train_acc=0.9367 val_acc=0.6400 test_acc=0.5173 test_loss=1.1762)
[ 61/129] ScreenType                   DONE  acc=0.5173 loss=1.1762 AOPCR=  0.779 NDCG=  n/a C=  3 T=  720 (15s)  [60 trained / 0 failed so far]
[ 62/129] ShapeletSim
    stage 1/3: loading data ...
    stage 2/3: training on 20 series (no val (train-loss early stop), C=2, T=500, batch=2) ...
    stage 3/3: scoring on 180 test series (accuracy + AOPCR) ...
    [mlflow] versioned model 'seanet__mstcn_sep_additive' (id=m-855663ac135e47de976accad91a082ed) params={'model_size_mb': '3.5347', 'n_model_params': '268051', 'name': 'seanet'}
    [mlflow] logged run 'seanet_ShapeletSim'  (train_acc=1.0000 test_acc=0.9944 test_loss=0.0937)
[ 62/129] ShapeletSim                  DONE  acc=0.9944 loss=0.0937 AOPCR=  0.460 NDCG=  n/a C=  2 T=  500 (9s)  [61 trained / 0 failed so far]
[ 63/129] ShapesAll
    stage 1/3: loading data ...
    stage 2/3: training on 480 series (val=120, C=60, T=512, batch=16) ...
    stage 3/3: scoring on 600 test series (accuracy + AOPCR) ...
    [mlflow] versioned model 'seanet__mstcn_sep_additive' (id=m-6fc475d21cbb4079b94b0e578854bd3f) params={'model_size_mb': '3.5632', 'n_model_params': '275533', 'name': 'seanet'}
    [mlflow] logged run 'seanet_ShapesAll'  (train_acc=1.0000 val_acc=0.9167 test_acc=0.8950 test_loss=0.5574)
[ 63/129] ShapesAll                    DONE  acc=0.8950 loss=0.5574 AOPCR=  0.537 NDCG=  n/a C= 60 T=  512 (61s)  [62 trained / 0 failed so far]
[ 64/129] SmallKitchenAppliances
    stage 1/3: loading data ...
    stage 2/3: training on 300 series (val=75, C=3, T=720, batch=16) ...
    stage 3/3: scoring on 375 test series (accuracy + AOPCR) ...
    [mlflow] versioned model 'seanet__mstcn_sep_additive' (id=m-1d4beae3292c4a318e4b015e3e74768c) params={'model_size_mb': '3.5351', 'n_model_params': '268180', 'name': 'seanet'}
    [mlflow] logged run 'seanet_SmallKitchenAppliances'  (train_acc=0.7900 val_acc=0.8267 test_acc=0.7627 test_loss=0.5909)
[ 64/129] SmallKitchenAppliances       DONE  acc=0.7627 loss=0.5909 AOPCR=  1.599 NDCG=  n/a C=  3 T=  720 (13s)  [63 trained / 0 failed so far]
[ 65/129] SonyAIBORobotSurface1
    stage 1/3: loading data ...
    stage 2/3: training on 20 series (no val (train-loss early stop), C=2, T=70, batch=2) ...
    stage 3/3: scoring on 601 test series (accuracy + AOPCR) ...
    [mlflow] versioned model 'seanet__mstcn_sep_additive' (id=m-dfa0a91a421f4fa281df389f1a17a16d) params={'model_size_mb': '3.5347', 'n_model_params': '268051', 'name': 'seanet'}
    [mlflow] logged run 'seanet_SonyAIBORobotSurface1'  (train_acc=1.0000 test_acc=0.8636 test_loss=0.3076)
[ 65/129] SonyAIBORobotSurface1        DONE  acc=0.8636 loss=0.3076 AOPCR=  0.067 NDCG=  n/a C=  2 T=   70 (20s)  [64 trained / 0 failed so far]
[ 66/129] SonyAIBORobotSurface2
    stage 1/3: loading data ...
    stage 2/3: training on 27 series (no val (train-loss early stop), C=2, T=65, batch=2) ...
    stage 3/3: scoring on 953 test series (accuracy + AOPCR) ...
    [mlflow] versioned model 'seanet__mstcn_sep_additive' (id=m-3b91829f830248718daf04dc9948f182) params={'model_size_mb': '3.5347', 'n_model_params': '268051', 'name': 'seanet'}
    [mlflow] logged run 'seanet_SonyAIBORobotSurface2'  (train_acc=1.0000 test_acc=0.8814 test_loss=0.2605)
[ 66/129] SonyAIBORobotSurface2        DONE  acc=0.8814 loss=0.2605 AOPCR= -0.011 NDCG=  n/a C=  2 T=   65 (18s)  [65 trained / 0 failed so far]
[ 67/129] StarLightCurves
    stage 1/3: loading data ...
    stage 2/3: training on 801 series (val=199, C=3, T=1024, batch=16) ...
    stage 3/3: scoring on 8236 test series (accuracy + AOPCR) ...
    [mlflow] versioned model 'seanet__mstcn_sep_additive' (id=m-23754f9d34514006b080414a403bc570) params={'model_size_mb': '3.5351', 'n_model_params': '268180', 'name': 'seanet'}
    [mlflow] logged run 'seanet_StarLightCurves'  (train_acc=1.0000 val_acc=0.9799 test_acc=0.9667 test_loss=0.1719)
[ 67/129] StarLightCurves              DONE  acc=0.9667 loss=0.1719 AOPCR=  0.417 NDCG=  n/a C=  3 T= 1024 (90s)  [66 trained / 0 failed so far]
[ 68/129] Strawberry
    stage 1/3: loading data ...
    stage 2/3: training on 492 series (val=121, C=2, T=235, batch=16) ...
    stage 3/3: scoring on 370 test series (accuracy + AOPCR) ...
    [mlflow] versioned model 'seanet__mstcn_sep_additive' (id=m-4489d1f5d04e440da07373f19000e0da) params={'model_size_mb': '3.5347', 'n_model_params': '268051', 'name': 'seanet'}
    [mlflow] logged run 'seanet_Strawberry'  (train_acc=0.9776 val_acc=0.9917 test_acc=0.9541 test_loss=0.1687)
[ 68/129] Strawberry                   DONE  acc=0.9541 loss=0.1687 AOPCR=  0.088 NDCG=  n/a C=  2 T=  235 (30s)  [67 trained / 0 failed so far]
[ 69/129] SwedishLeaf
    stage 1/3: loading data ...
    stage 2/3: training on 405 series (val=95, C=15, T=128, batch=16) ...
    stage 3/3: scoring on 625 test series (accuracy + AOPCR) ...
    [mlflow] versioned model 'seanet__mstcn_sep_additive' (id=m-94eb6db4bccc45679a32fc471b331618) params={'model_size_mb': '3.541', 'n_model_params': '269728', 'name': 'seanet'}
    [mlflow] logged run 'seanet_SwedishLeaf'  (train_acc=1.0000 val_acc=0.9789 test_acc=0.9648 test_loss=0.2367)
[ 69/129] SwedishLeaf                  DONE  acc=0.9648 loss=0.2367 AOPCR=  0.518 NDCG=  n/a C= 15 T=  128 (75s)  [68 trained / 0 failed so far]
[ 70/129] Symbols
    stage 1/3: loading data ...
    stage 2/3: training on 25 series (no val (train-loss early stop), C=6, T=398, batch=2) ...
    stage 3/3: scoring on 995 test series (accuracy + AOPCR) ...
    [mlflow] versioned model 'seanet__mstcn_sep_additive' (id=m-223b4b2714df49379f42f2d913a02d9a) params={'model_size_mb': '3.5366', 'n_model_params': '268567', 'name': 'seanet'}
    [mlflow] logged run 'seanet_Symbols'  (train_acc=1.0000 test_acc=0.9698 test_loss=0.2130)
[ 70/129] Symbols                      DONE  acc=0.9698 loss=0.2130 AOPCR=  0.664 NDCG=  n/a C=  6 T=  398 (26s)  [69 trained / 0 failed so far]
[ 71/129] SyntheticControl
    stage 1/3: loading data ...
    stage 2/3: training on 240 series (val=60, C=6, T=60, batch=16) ...
    stage 3/3: scoring on 300 test series (accuracy + AOPCR) ...
    [mlflow] versioned model 'seanet__mstcn_sep_additive' (id=m-b1a06728ad7d45ab9fb9335f4653c399) params={'model_size_mb': '3.5366', 'n_model_params': '268567', 'name': 'seanet'}
    [mlflow] logged run 'seanet_SyntheticControl'  (train_acc=1.0000 val_acc=1.0000 test_acc=0.9933 test_loss=0.1235)
[ 71/129] SyntheticControl             DONE  acc=0.9933 loss=0.1235 AOPCR=  0.313 NDCG=  n/a C=  6 T=   60 (48s)  [70 trained / 0 failed so far]
[ 72/129] ToeSegmentation1
    stage 1/3: loading data ...
    stage 2/3: training on 40 series (no val (train-loss early stop), C=2, T=277, batch=4) ...
    stage 3/3: scoring on 228 test series (accuracy + AOPCR) ...
    [mlflow] versioned model 'seanet__mstcn_sep_additive' (id=m-2428325af26a445ca4d62f1401c068b9) params={'model_size_mb': '3.5347', 'n_model_params': '268051', 'name': 'seanet'}
    [mlflow] logged run 'seanet_ToeSegmentation1'  (train_acc=1.0000 test_acc=0.9561 test_loss=0.1805)
[ 72/129] ToeSegmentation1             DONE  acc=0.9561 loss=0.1805 AOPCR=  0.182 NDCG=  n/a C=  2 T=  277 (25s)  [71 trained / 0 failed so far]
[ 73/129] ToeSegmentation2
    stage 1/3: loading data ...
    stage 2/3: training on 36 series (no val (train-loss early stop), C=2, T=343, batch=3) ...
    stage 3/3: scoring on 130 test series (accuracy + AOPCR) ...
    [mlflow] versioned model 'seanet__mstcn_sep_additive' (id=m-fd263bae14184c3fa9ebda55cb4da6d8) params={'model_size_mb': '3.5347', 'n_model_params': '268051', 'name': 'seanet'}
    [mlflow] logged run 'seanet_ToeSegmentation2'  (train_acc=1.0000 test_acc=0.9385 test_loss=0.2274)
[ 73/129] ToeSegmentation2             DONE  acc=0.9385 loss=0.2274 AOPCR=  0.238 NDCG=  n/a C=  2 T=  343 (17s)  [72 trained / 0 failed so far]
[ 74/129] Trace
    stage 1/3: loading data ...
    stage 2/3: training on 81 series (val=19, C=4, T=275, batch=8) ...
    stage 3/3: scoring on 100 test series (accuracy + AOPCR) ...
    [mlflow] versioned model 'seanet__mstcn_sep_additive' (id=m-ab182fa2689748a2a3f49ff714ce7eef) params={'model_size_mb': '3.5356', 'n_model_params': '268309', 'name': 'seanet'}
    [mlflow] logged run 'seanet_Trace'  (train_acc=1.0000 val_acc=1.0000 test_acc=1.0000 test_loss=0.1006)
[ 74/129] Trace                        DONE  acc=1.0000 loss=0.1006 AOPCR=  0.791 NDCG=  n/a C=  4 T=  275 (23s)  [73 trained / 0 failed so far]
[ 75/129] TwoLeadECG
    stage 1/3: loading data ...
    stage 2/3: training on 23 series (no val (train-loss early stop), C=2, T=82, batch=2) ...
    stage 3/3: scoring on 1139 test series (accuracy + AOPCR) ...
    [mlflow] versioned model 'seanet__mstcn_sep_additive' (id=m-3a7ef6b57cde4e4c94bb01ec23b9e2eb) params={'model_size_mb': '3.5347', 'n_model_params': '268051', 'name': 'seanet'}
    [mlflow] logged run 'seanet_TwoLeadECG'  (train_acc=1.0000 test_acc=0.9965 test_loss=0.0758)
[ 75/129] TwoLeadECG                   DONE  acc=0.9965 loss=0.0758 AOPCR=  0.115 NDCG=  n/a C=  2 T=   82 (35s)  [74 trained / 0 failed so far]
[ 76/129] TwoPatterns
    stage 1/3: loading data ...
    stage 2/3: training on 801 series (val=199, C=4, T=128, batch=16) ...
    stage 3/3: scoring on 4000 test series (accuracy + AOPCR) ...
    [mlflow] versioned model 'seanet__mstcn_sep_additive' (id=m-186f4a271b1849c487680fe687e555cc) params={'model_size_mb': '3.5356', 'n_model_params': '268309', 'name': 'seanet'}
    [mlflow] logged run 'seanet_TwoPatterns'  (train_acc=1.0000 val_acc=1.0000 test_acc=1.0000 test_loss=0.0947)
[ 76/129] TwoPatterns                  DONE  acc=1.0000 loss=0.0947 AOPCR=  1.105 NDCG=  n/a C=  4 T=  128 (95s)  [75 trained / 0 failed so far]
[ 77/129] UWaveGestureLibraryAll
    stage 1/3: loading data ...
    stage 2/3: training on 719 series (val=177, C=8, T=945, batch=16) ...
    stage 3/3: scoring on 3582 test series (accuracy + AOPCR) ...
    [mlflow] versioned model 'seanet__mstcn_sep_additive' (id=m-65f61abf7f8544368a5bf2ae81abe495) params={'model_size_mb': '3.5376', 'n_model_params': '268825', 'name': 'seanet'}
    [mlflow] logged run 'seanet_UWaveGestureLibraryAll'  (train_acc=1.0000 val_acc=0.9774 test_acc=0.9782 test_loss=0.1800)
[ 77/129] UWaveGestureLibraryAll       DONE  acc=0.9782 loss=0.1800 AOPCR=  0.276 NDCG=  n/a C=  8 T=  945 (108s)  [76 trained / 0 failed so far]
[ 78/129] UWaveGestureLibraryX
    stage 1/3: loading data ...
    stage 2/3: training on 719 series (val=177, C=8, T=315, batch=16) ...
    stage 3/3: scoring on 3582 test series (accuracy + AOPCR) ...
    [mlflow] versioned model 'seanet__mstcn_sep_additive' (id=m-23e6f641b4ff4ff883d1cb1d77b73f5b) params={'model_size_mb': '3.5376', 'n_model_params': '268825', 'name': 'seanet'}
    [mlflow] logged run 'seanet_UWaveGestureLibraryX'  (train_acc=0.9527 val_acc=0.8418 test_acc=0.8009 test_loss=0.6111)
[ 78/129] UWaveGestureLibraryX         DONE  acc=0.8009 loss=0.6111 AOPCR=  0.714 NDCG=  n/a C=  8 T=  315 (31s)  [77 trained / 0 failed so far]
[ 79/129] UWaveGestureLibraryY
    stage 1/3: loading data ...
    stage 2/3: training on 719 series (val=177, C=8, T=315, batch=16) ...
    stage 3/3: scoring on 3582 test series (accuracy + AOPCR) ...
    [mlflow] versioned model 'seanet__mstcn_sep_additive' (id=m-907b6ea31e95410f9eb618116fb840c0) params={'model_size_mb': '3.5376', 'n_model_params': '268825', 'name': 'seanet'}
    [mlflow] logged run 'seanet_UWaveGestureLibraryY'  (train_acc=1.0000 val_acc=0.7910 test_acc=0.7661 test_loss=0.7991)
[ 79/129] UWaveGestureLibraryY         DONE  acc=0.7661 loss=0.7991 AOPCR=  0.508 NDCG=  n/a C=  8 T=  315 (98s)  [78 trained / 0 failed so far]
[ 80/129] UWaveGestureLibraryZ
    stage 1/3: loading data ...
    stage 2/3: training on 719 series (val=177, C=8, T=315, batch=16) ...
    stage 3/3: scoring on 3582 test series (accuracy + AOPCR) ...
    [mlflow] versioned model 'seanet__mstcn_sep_additive' (id=m-9ded0727429b4a79bde0018595f60939) params={'model_size_mb': '3.5376', 'n_model_params': '268825', 'name': 'seanet'}
    [mlflow] logged run 'seanet_UWaveGestureLibraryZ'  (train_acc=0.9026 val_acc=0.7514 test_acc=0.7711 test_loss=0.6661)
[ 80/129] UWaveGestureLibraryZ         DONE  acc=0.7711 loss=0.6661 AOPCR=  0.722 NDCG=  n/a C=  8 T=  315 (30s)  [79 trained / 0 failed so far]
[ 81/129] Wafer
    stage 1/3: loading data ...
    stage 2/3: training on 801 series (val=199, C=2, T=152, batch=16) ...
    stage 3/3: scoring on 6164 test series (accuracy + AOPCR) ...
    [mlflow] versioned model 'seanet__mstcn_sep_additive' (id=m-637c7bee9b6b4fa590bc4f11045e0ebd) params={'model_size_mb': '3.5347', 'n_model_params': '268051', 'name': 'seanet'}
    [mlflow] logged run 'seanet_Wafer'  (train_acc=1.0000 val_acc=1.0000 test_acc=0.9971 test_loss=0.0635)
[ 81/129] Wafer                        DONE  acc=0.9971 loss=0.0635 AOPCR= -0.194 NDCG=  n/a C=  2 T=  152 (45s)  [80 trained / 0 failed so far]
[ 82/129] Wine
    stage 1/3: loading data ...
    stage 2/3: training on 57 series (no val (train-loss early stop), C=2, T=234, batch=5) ...
    stage 3/3: scoring on 54 test series (accuracy + AOPCR) ...
    [mlflow] versioned model 'seanet__mstcn_sep_additive' (id=m-b452930068cb45f79d667660b415bda9) params={'model_size_mb': '3.5347', 'n_model_params': '268051', 'name': 'seanet'}
    [mlflow] logged run 'seanet_Wine'  (train_acc=0.7193 test_acc=0.7778 test_loss=0.4941)
[ 82/129] Wine                         DONE  acc=0.7778 loss=0.4941 AOPCR=  0.404 NDCG=  n/a C=  2 T=  234 (26s)  [81 trained / 0 failed so far]
[ 83/129] WordSynonyms
    stage 1/3: loading data ...
    stage 2/3: training on 217 series (val=50, C=25, T=270, batch=16) ...
    stage 3/3: scoring on 638 test series (accuracy + AOPCR) ...
    [mlflow] versioned model 'seanet__mstcn_sep_additive' (id=m-b3f74d0efb5d4056868de67c88244588) params={'model_size_mb': '3.546', 'n_model_params': '271018', 'name': 'seanet'}
    [mlflow] logged run 'seanet_WordSynonyms'  (train_acc=1.0000 val_acc=0.8200 test_acc=0.7367 test_loss=1.1482)
[ 83/129] WordSynonyms                 DONE  acc=0.7367 loss=1.1482 AOPCR=  0.932 NDCG=  n/a C= 25 T=  270 (17s)  [82 trained / 0 failed so far]
[ 84/129] Worms
    stage 1/3: loading data ...
    stage 2/3: training on 146 series (val=35, C=5, T=900, batch=14) ...
    stage 3/3: scoring on 77 test series (accuracy + AOPCR) ...
    [mlflow] versioned model 'seanet__mstcn_sep_additive' (id=m-69dc48d77e49400281836676c3a72ac9) params={'model_size_mb': '3.5361', 'n_model_params': '268438', 'name': 'seanet'}
    [mlflow] logged run 'seanet_Worms'  (train_acc=0.9041 val_acc=0.7143 test_acc=0.6494 test_loss=0.8893)
[ 84/129] Worms                        DONE  acc=0.6494 loss=0.8893 AOPCR=  1.101 NDCG=  n/a C=  5 T=  900 (7s)  [83 trained / 0 failed so far]
[ 85/129] WormsTwoClass
    stage 1/3: loading data ...
    stage 2/3: training on 145 series (val=36, C=2, T=900, batch=14) ...
    stage 3/3: scoring on 77 test series (accuracy + AOPCR) ...
    [mlflow] versioned model 'seanet__mstcn_sep_additive' (id=m-3088d557aa674d01bda20e51ea616368) params={'model_size_mb': '3.5347', 'n_model_params': '268051', 'name': 'seanet'}
    [mlflow] logged run 'seanet_WormsTwoClass'  (train_acc=1.0000 val_acc=0.7500 test_acc=0.6364 test_loss=0.6873)
[ 85/129] WormsTwoClass                DONE  acc=0.6364 loss=0.6873 AOPCR=  0.742 NDCG=  n/a C=  2 T=  900 (20s)  [84 trained / 0 failed so far]
[ 86/129] Yoga
    stage 1/3: loading data ...
    stage 2/3: training on 241 series (val=59, C=2, T=426, batch=16) ...
    stage 3/3: scoring on 3000 test series (accuracy + AOPCR) ...
    [mlflow] versioned model 'seanet__mstcn_sep_additive' (id=m-3f1070a4ab6b4debb93fbe4df622ce4d) params={'model_size_mb': '3.5347', 'n_model_params': '268051', 'name': 'seanet'}
    [mlflow] logged run 'seanet_Yoga'  (train_acc=1.0000 val_acc=0.9322 test_acc=0.8933 test_loss=0.2551)
[ 86/129] Yoga                         DONE  acc=0.8933 loss=0.2551 AOPCR=  0.931 NDCG=  n/a C=  2 T=  426 (18s)  [85 trained / 0 failed so far]
[ 87/129] ACSF1
    stage 1/3: loading data ...
    stage 2/3: training on 80 series (val=20, C=10, T=1460, batch=8) ...
    stage 3/3: scoring on 100 test series (accuracy + AOPCR) ...
    [mlflow] versioned model 'seanet__mstcn_sep_additive' (id=m-b1ea639d7c1840dd843a21bffe9df500) params={'model_size_mb': '3.5386', 'n_model_params': '269083', 'name': 'seanet'}
    [mlflow] logged run 'seanet_ACSF1'  (train_acc=0.8750 val_acc=0.7000 test_acc=0.7900 test_loss=0.7072)
[ 87/129] ACSF1                        DONE  acc=0.7900 loss=0.7072 AOPCR=  0.011 NDCG=  n/a C= 10 T= 1460 (10s)  [86 trained / 0 failed so far]
[ 88/129] AllGestureWiimoteX
    stage 1/3: loading data ...
    stage 2/3: training on 240 series (val=60, C=10, T=500, batch=16) ...
    stage 3/3: scoring on 700 test series (accuracy + AOPCR) ...
    [mlflow] versioned model 'seanet__mstcn_sep_additive' (id=m-77ffdfc818de4269985b93b649f18c4b) params={'model_size_mb': '3.5386', 'n_model_params': '269083', 'name': 'seanet'}
    [mlflow] logged run 'seanet_AllGestureWiimoteX'  (train_acc=1.0000 val_acc=0.8333 test_acc=0.7514 test_loss=0.8940)
[ 88/129] AllGestureWiimoteX           DONE  acc=0.7514 loss=0.8940 AOPCR=  1.763 NDCG=  n/a C= 10 T=  500 (24s)  [87 trained / 0 failed so far]
[ 89/129] AllGestureWiimoteY
    stage 1/3: loading data ...
    stage 2/3: training on 240 series (val=60, C=10, T=500, batch=16) ...
    stage 3/3: scoring on 700 test series (accuracy + AOPCR) ...
    [mlflow] versioned model 'seanet__mstcn_sep_additive' (id=m-bc532702229146819c1e32d370bcf833) params={'model_size_mb': '3.5386', 'n_model_params': '269083', 'name': 'seanet'}
    [mlflow] logged run 'seanet_AllGestureWiimoteY'  (train_acc=1.0000 val_acc=0.8167 test_acc=0.7857 test_loss=0.7792)
[ 89/129] AllGestureWiimoteY           DONE  acc=0.7857 loss=0.7792 AOPCR=  1.770 NDCG=  n/a C= 10 T=  500 (22s)  [88 trained / 0 failed so far]
[ 90/129] AllGestureWiimoteZ
    stage 1/3: loading data ...
    stage 2/3: training on 240 series (val=60, C=10, T=500, batch=16) ...
    stage 3/3: scoring on 700 test series (accuracy + AOPCR) ...
    [mlflow] versioned model 'seanet__mstcn_sep_additive' (id=m-f9dc29ab588149879743018a982f674e) params={'model_size_mb': '3.5386', 'n_model_params': '269083', 'name': 'seanet'}
    [mlflow] logged run 'seanet_AllGestureWiimoteZ'  (train_acc=1.0000 val_acc=0.8000 test_acc=0.7429 test_loss=0.9282)
[ 90/129] AllGestureWiimoteZ           DONE  acc=0.7429 loss=0.9282 AOPCR=  1.433 NDCG=  n/a C= 10 T=  500 (20s)  [89 trained / 0 failed so far]
[ 91/129] BME
    stage 1/3: loading data ...
    stage 2/3: training on 30 series (no val (train-loss early stop), C=3, T=128, batch=3) ...
    stage 3/3: scoring on 150 test series (accuracy + AOPCR) ...
    [mlflow] versioned model 'seanet__mstcn_sep_additive' (id=m-1f02a2580cd4448395bf3758881bb5a5) params={'model_size_mb': '3.5351', 'n_model_params': '268180', 'name': 'seanet'}
    [mlflow] logged run 'seanet_BME'  (train_acc=1.0000 test_acc=1.0000 test_loss=0.0936)
[ 91/129] BME                          DONE  acc=1.0000 loss=0.0936 AOPCR=  0.143 NDCG=  n/a C=  3 T=  128 (15s)  [90 trained / 0 failed so far]
[ 92/129] Chinatown
    stage 1/3: loading data ...
    stage 2/3: training on 20 series (no val (train-loss early stop), C=2, T=24, batch=2) ...
    stage 3/3: scoring on 343 test series (accuracy + AOPCR) ...
    [mlflow] versioned model 'seanet__mstcn_sep_additive' (id=m-4a3dbf137741436dbea6bc63a3461579) params={'model_size_mb': '3.5347', 'n_model_params': '268051', 'name': 'seanet'}
    [mlflow] logged run 'seanet_Chinatown'  (train_acc=1.0000 test_acc=0.9825 test_loss=0.1026)
[ 92/129] Chinatown                    DONE  acc=0.9825 loss=0.1026 AOPCR= -0.030 NDCG=  n/a C=  2 T=   24 (15s)  [91 trained / 0 failed so far]
[ 93/129] Crop
    stage 1/3: loading data ...
    stage 2/3: training on 5760 series (val=1440, C=24, T=46, batch=16) ...
    stage 3/3: scoring on 16800 test series (accuracy + AOPCR) ...
    [mlflow] versioned model 'seanet__mstcn_sep_additive' (id=m-12727a6658dd442e8f8bbed8d239a7fe) params={'model_size_mb': '3.5455', 'n_model_params': '270889', 'name': 'seanet'}
    [mlflow] logged run 'seanet_Crop'  (train_acc=0.8398 val_acc=0.7201 test_acc=0.7218 test_loss=0.9111)
[ 93/129] Crop                         DONE  acc=0.7218 loss=0.9111 AOPCR=  0.135 NDCG=  n/a C= 24 T=   46 (252s)  [92 trained / 0 failed so far]
[ 94/129] DodgerLoopDay
    stage 1/3: loading data ...
    stage 2/3: training on 78 series (no val (train-loss early stop), C=7, T=288, batch=7) ...
    stage 3/3: scoring on 80 test series (accuracy + AOPCR) ...
    [mlflow] versioned model 'seanet__mstcn_sep_additive' (id=m-c0f46a1bb2f542dda11bbcb5f20c1e1d) params={'model_size_mb': '3.5371', 'n_model_params': '268696', 'name': 'seanet'}
    [mlflow] logged run 'seanet_DodgerLoopDay'  (train_acc=1.0000 test_acc=0.5750 test_loss=1.2261)
[ 94/129] DodgerLoopDay                DONE  acc=0.5750 loss=1.2261 AOPCR=  0.766 NDCG=  n/a C=  7 T=  288 (32s)  [93 trained / 0 failed so far]
[ 95/129] DodgerLoopGame
    stage 1/3: loading data ...
    stage 2/3: training on 20 series (no val (train-loss early stop), C=2, T=288, batch=2) ...
    stage 3/3: scoring on 138 test series (accuracy + AOPCR) ...
    [mlflow] versioned model 'seanet__mstcn_sep_additive' (id=m-c8a64318da6c4ea38c174cf6e0b76518) params={'model_size_mb': '3.5347', 'n_model_params': '268051', 'name': 'seanet'}
    [mlflow] logged run 'seanet_DodgerLoopGame'  (train_acc=1.0000 test_acc=0.9420 test_loss=0.2022)
[ 95/129] DodgerLoopGame               DONE  acc=0.9420 loss=0.2022 AOPCR=  0.477 NDCG=  n/a C=  2 T=  288 (11s)  [94 trained / 0 failed so far]
[ 96/129] DodgerLoopWeekend
    stage 1/3: loading data ...
    stage 2/3: training on 20 series (no val (train-loss early stop), C=2, T=288, batch=2) ...
    stage 3/3: scoring on 138 test series (accuracy + AOPCR) ...
    [mlflow] versioned model 'seanet__mstcn_sep_additive' (id=m-0d60c89999f04a75afc681ffcfba7f8e) params={'model_size_mb': '3.5347', 'n_model_params': '268051', 'name': 'seanet'}
    [mlflow] logged run 'seanet_DodgerLoopWeekend'  (train_acc=1.0000 test_acc=0.9783 test_loss=0.1298)
[ 96/129] DodgerLoopWeekend            DONE  acc=0.9783 loss=0.1298 AOPCR=  1.053 NDCG=  n/a C=  2 T=  288 (10s)  [95 trained / 0 failed so far]
[ 97/129] EOGHorizontalSignal
    stage 1/3: loading data ...
    stage 2/3: training on 290 series (val=72, C=12, T=1250, batch=16) ...
    stage 3/3: scoring on 362 test series (accuracy + AOPCR) ...
    [mlflow] versioned model 'seanet__mstcn_sep_additive' (id=m-56cb4099fe3d44118d31c7a9fdae49c7) params={'model_size_mb': '3.5395', 'n_model_params': '269341', 'name': 'seanet'}
    [mlflow] logged run 'seanet_EOGHorizontalSignal'  (train_acc=0.9931 val_acc=0.8889 test_acc=0.5138 test_loss=1.6159)
[ 97/129] EOGHorizontalSignal          DONE  acc=0.5138 loss=1.6159 AOPCR=  1.979 NDCG=  n/a C= 12 T= 1250 (27s)  [96 trained / 0 failed so far]
[ 98/129] EOGVerticalSignal
    stage 1/3: loading data ...
    stage 2/3: training on 290 series (val=72, C=12, T=1250, batch=16) ...
    stage 3/3: scoring on 362 test series (accuracy + AOPCR) ...
    [mlflow] versioned model 'seanet__mstcn_sep_additive' (id=m-7295376ea2f04feea3c6007fc6975541) params={'model_size_mb': '3.5395', 'n_model_params': '269341', 'name': 'seanet'}
    [mlflow] logged run 'seanet_EOGVerticalSignal'  (train_acc=0.9931 val_acc=0.7917 test_acc=0.4641 test_loss=1.7940)
[ 98/129] EOGVerticalSignal            DONE  acc=0.4641 loss=1.7940 AOPCR=  1.666 NDCG=  n/a C= 12 T= 1250 (36s)  [97 trained / 0 failed so far]
[ 99/129] EthanolLevel
    stage 1/3: loading data ...
    stage 2/3: training on 404 series (val=100, C=4, T=1751, batch=16) ...
    stage 3/3: scoring on 500 test series (accuracy + AOPCR) ...
    [mlflow] versioned model 'seanet__mstcn_sep_additive' (id=m-5668dbe116a04a0fa961228436d8f519) params={'model_size_mb': '3.5356', 'n_model_params': '268309', 'name': 'seanet'}
    [mlflow] logged run 'seanet_EthanolLevel'  (train_acc=0.9950 val_acc=0.9100 test_acc=0.8020 test_loss=0.5281)
[ 99/129] EthanolLevel                 DONE  acc=0.8020 loss=0.5281 AOPCR=  0.881 NDCG=  n/a C=  4 T= 1751 (113s)  [98 trained / 0 failed so far]
[100/129] FreezerRegularTrain
    stage 1/3: loading data ...
    stage 2/3: training on 120 series (val=30, C=2, T=301, batch=12) ...
    stage 3/3: scoring on 2850 test series (accuracy + AOPCR) ...
    [mlflow] versioned model 'seanet__mstcn_sep_additive' (id=m-ac86d889c9cf43408954da8bf2c74a49) params={'model_size_mb': '3.5347', 'n_model_params': '268051', 'name': 'seanet'}
    [mlflow] logged run 'seanet_FreezerRegularTrain'  (train_acc=1.0000 val_acc=1.0000 test_acc=0.9972 test_loss=0.0678)
[100/129] FreezerRegularTrain          DONE  acc=0.9972 loss=0.0678 AOPCR=  1.157 NDCG=  n/a C=  2 T=  301 (9s)  [99 trained / 0 failed so far]
[101/129] FreezerSmallTrain
    stage 1/3: loading data ...
    stage 2/3: training on 28 series (no val (train-loss early stop), C=2, T=301, batch=2) ...
    stage 3/3: scoring on 2850 test series (accuracy + AOPCR) ...
    [mlflow] versioned model 'seanet__mstcn_sep_additive' (id=m-5d706a2c00b542d6995eb9f31f81fb58) params={'model_size_mb': '3.5347', 'n_model_params': '268051', 'name': 'seanet'}
    [mlflow] logged run 'seanet_FreezerSmallTrain'  (train_acc=1.0000 test_acc=0.8123 test_loss=0.4311)
[101/129] FreezerSmallTrain            DONE  acc=0.8123 loss=0.4311 AOPCR=  0.264 NDCG=  n/a C=  2 T=  301 (23s)  [100 trained / 0 failed so far]
[102/129] Fungi
    stage 1/3: loading data ...
    stage 2/3: training on 18 series (no val (train-loss early stop), C=18, T=201, batch=2) ...
    stage 3/3: scoring on 186 test series (accuracy + AOPCR) ...
    [mlflow] versioned model 'seanet__mstcn_sep_additive' (id=m-30a4b4b6c0b54a29a4060df01150f892) params={'model_size_mb': '3.5425', 'n_model_params': '270115', 'name': 'seanet'}
    [mlflow] logged run 'seanet_Fungi'  (train_acc=1.0000 test_acc=0.9086 test_loss=0.3314)
[102/129] Fungi                        DONE  acc=0.9086 loss=0.3314 AOPCR=  0.391 NDCG=  n/a C= 18 T=  201 (8s)  [101 trained / 0 failed so far]
[103/129] GestureMidAirD1
    stage 1/3: loading data ...
    stage 2/3: training on 182 series (val=26, C=26, T=360, batch=16) ...
    stage 3/3: scoring on 130 test series (accuracy + AOPCR) ...
    [mlflow] versioned model 'seanet__mstcn_sep_additive' (id=m-d613955aa65a44ea96a45fb787117aae) params={'model_size_mb': '3.5464', 'n_model_params': '271147', 'name': 'seanet'}
    [mlflow] logged run 'seanet_GestureMidAirD1'  (train_acc=0.8956 val_acc=0.6538 test_acc=0.6769 test_loss=1.0936)
[103/129] GestureMidAirD1              DONE  acc=0.6769 loss=1.0936 AOPCR=  1.800 NDCG=  n/a C= 26 T=  360 (8s)  [102 trained / 0 failed so far]
[104/129] GestureMidAirD2
    stage 1/3: loading data ...
    stage 2/3: training on 182 series (val=26, C=26, T=360, batch=16) ...
    stage 3/3: scoring on 130 test series (accuracy + AOPCR) ...
    [mlflow] versioned model 'seanet__mstcn_sep_additive' (id=m-d1fe36b6e63e4ae7aceb2fbcdfac702b) params={'model_size_mb': '3.5464', 'n_model_params': '271147', 'name': 'seanet'}
    [mlflow] logged run 'seanet_GestureMidAirD2'  (train_acc=0.7418 val_acc=0.5385 test_acc=0.6308 test_loss=0.9765)
[104/129] GestureMidAirD2              DONE  acc=0.6308 loss=0.9765 AOPCR=  1.270 NDCG=  n/a C= 26 T=  360 (8s)  [103 trained / 0 failed so far]
[105/129] GestureMidAirD3
    stage 1/3: loading data ...
    stage 2/3: training on 182 series (val=26, C=26, T=360, batch=16) ...
    stage 3/3: scoring on 130 test series (accuracy + AOPCR) ...
    [mlflow] versioned model 'seanet__mstcn_sep_additive' (id=m-858189a664054030bb5bf7d57cfac93a) params={'model_size_mb': '3.5464', 'n_model_params': '271147', 'name': 'seanet'}
    [mlflow] logged run 'seanet_GestureMidAirD3'  (train_acc=0.8022 val_acc=0.4231 test_acc=0.3538 test_loss=2.1501)
[105/129] GestureMidAirD3              DONE  acc=0.3538 loss=2.1501 AOPCR=  1.179 NDCG=  n/a C= 26 T=  360 (8s)  [104 trained / 0 failed so far]
[106/129] GesturePebbleZ1
    stage 1/3: loading data ...
    stage 2/3: training on 107 series (val=25, C=6, T=455, batch=10) ...
    stage 3/3: scoring on 172 test series (accuracy + AOPCR) ...
    [mlflow] versioned model 'seanet__mstcn_sep_additive' (id=m-612bb93846ae435ca5d914b16541080d) params={'model_size_mb': '3.5366', 'n_model_params': '268567', 'name': 'seanet'}
    [mlflow] logged run 'seanet_GesturePebbleZ1'  (train_acc=1.0000 val_acc=1.0000 test_acc=0.9244 test_loss=0.3063)
[106/129] GesturePebbleZ1              DONE  acc=0.9244 loss=0.3063 AOPCR=  1.580 NDCG=  n/a C=  6 T=  455 (15s)  [105 trained / 0 failed so far]
[107/129] GesturePebbleZ2
    stage 1/3: loading data ...
    stage 2/3: training on 120 series (val=26, C=6, T=455, batch=12) ...
    stage 3/3: scoring on 158 test series (accuracy + AOPCR) ...
    [mlflow] versioned model 'seanet__mstcn_sep_additive' (id=m-d8cdffab01c341bb9b4aa60e9bba64c5) params={'model_size_mb': '3.5366', 'n_model_params': '268567', 'name': 'seanet'}
    [mlflow] logged run 'seanet_GesturePebbleZ2'  (train_acc=1.0000 val_acc=1.0000 test_acc=0.9177 test_loss=0.3227)
[107/129] GesturePebbleZ2              DONE  acc=0.9177 loss=0.3227 AOPCR=  1.668 NDCG=  n/a C=  6 T=  455 (20s)  [106 trained / 0 failed so far]
[108/129] GunPointAgeSpan
    stage 1/3: loading data ...
    stage 2/3: training on 109 series (val=26, C=2, T=150, batch=10) ...
    stage 3/3: scoring on 316 test series (accuracy + AOPCR) ...
    [mlflow] versioned model 'seanet__mstcn_sep_additive' (id=m-4288578a58054f428d2aa521e27d622e) params={'model_size_mb': '3.5347', 'n_model_params': '268051', 'name': 'seanet'}
    [mlflow] logged run 'seanet_GunPointAgeSpan'  (train_acc=1.0000 val_acc=1.0000 test_acc=0.9842 test_loss=0.1086)
[108/129] GunPointAgeSpan              DONE  acc=0.9842 loss=0.1086 AOPCR=  0.712 NDCG=  n/a C=  2 T=  150 (9s)  [107 trained / 0 failed so far]
[109/129] GunPointMaleVersusFemale
    stage 1/3: loading data ...
    stage 2/3: training on 109 series (val=26, C=2, T=150, batch=10) ...
    stage 3/3: scoring on 316 test series (accuracy + AOPCR) ...
    [mlflow] versioned model 'seanet__mstcn_sep_additive' (id=m-1f4cb17816ac440c99dc1e9b25e77567) params={'model_size_mb': '3.5347', 'n_model_params': '268051', 'name': 'seanet'}
    [mlflow] logged run 'seanet_GunPointMaleVersusFemale'  (train_acc=1.0000 val_acc=1.0000 test_acc=0.9937 test_loss=0.0795)
[109/129] GunPointMaleVersusFemale     DONE  acc=0.9937 loss=0.0795 AOPCR=  0.162 NDCG=  n/a C=  2 T=  150 (38s)  [108 trained / 0 failed so far]
[110/129] GunPointOldVersusYoung
    stage 1/3: loading data ...
    stage 2/3: training on 109 series (val=27, C=2, T=150, batch=10) ...
    stage 3/3: scoring on 315 test series (accuracy + AOPCR) ...
    [mlflow] versioned model 'seanet__mstcn_sep_additive' (id=m-dc2f20c5911c4d178a3453d4862635e2) params={'model_size_mb': '3.5347', 'n_model_params': '268051', 'name': 'seanet'}
    [mlflow] logged run 'seanet_GunPointOldVersusYoung'  (train_acc=1.0000 val_acc=1.0000 test_acc=0.9683 test_loss=0.1274)
[110/129] GunPointOldVersusYoung       DONE  acc=0.9683 loss=0.1274 AOPCR=  0.492 NDCG=  n/a C=  2 T=  150 (16s)  [109 trained / 0 failed so far]
[111/129] HouseTwenty
    stage 1/3: loading data ...
    stage 2/3: training on 40 series (no val (train-loss early stop), C=2, T=2000, batch=4) ...
    stage 3/3: scoring on 119 test series (accuracy + AOPCR) ...
    [mlflow] versioned model 'seanet__mstcn_sep_additive' (id=m-e5d59fee777243cbacaa979dc0ccf6b6) params={'model_size_mb': '3.5347', 'n_model_params': '268051', 'name': 'seanet'}
    [mlflow] logged run 'seanet_HouseTwenty'  (train_acc=1.0000 test_acc=0.9832 test_loss=0.1324)
[111/129] HouseTwenty                  DONE  acc=0.9832 loss=0.1324 AOPCR=  0.911 NDCG=  n/a C=  2 T= 2000 (14s)  [110 trained / 0 failed so far]
[112/129] InsectEPGRegularTrain
    stage 1/3: loading data ...
    stage 2/3: training on 62 series (no val (train-loss early stop), C=3, T=601, batch=6) ...
    stage 3/3: scoring on 249 test series (accuracy + AOPCR) ...
    [mlflow] versioned model 'seanet__mstcn_sep_additive' (id=m-1c183075ce5f4288b333b3670e9a65c8) params={'model_size_mb': '3.5351', 'n_model_params': '268180', 'name': 'seanet'}
    [mlflow] logged run 'seanet_InsectEPGRegularTrain'  (train_acc=1.0000 test_acc=0.9719 test_loss=0.1472)
[112/129] InsectEPGRegularTrain        DONE  acc=0.9719 loss=0.1472 AOPCR=  0.810 NDCG=  n/a C=  3 T=  601 (32s)  [111 trained / 0 failed so far]
[113/129] InsectEPGSmallTrain
    stage 1/3: loading data ...
    stage 2/3: training on 17 series (no val (train-loss early stop), C=3, T=601, batch=2) ...
    stage 3/3: scoring on 249 test series (accuracy + AOPCR) ...
    [mlflow] versioned model 'seanet__mstcn_sep_additive' (id=m-b53a547a536d49deb3456e81df32f438) params={'model_size_mb': '3.5351', 'n_model_params': '268180', 'name': 'seanet'}
    [mlflow] logged run 'seanet_InsectEPGSmallTrain'  (train_acc=1.0000 test_acc=0.9197 test_loss=0.2617)
[113/129] InsectEPGSmallTrain          DONE  acc=0.9197 loss=0.2617 AOPCR=  0.530 NDCG=  n/a C=  3 T=  601 (10s)  [112 trained / 0 failed so far]
[114/129] MelbournePedestrian
    stage 1/3: loading data ...
    stage 2/3: training on 956 series (val=238, C=10, T=24, batch=16) ...
    stage 3/3: scoring on 2439 test series (accuracy + AOPCR) ...
    [mlflow] versioned model 'seanet__mstcn_sep_additive' (id=m-78d58c0fdbe846b6b3bbe4d316dbd13a) params={'model_size_mb': '3.5386', 'n_model_params': '269083', 'name': 'seanet'}
    [mlflow] logged run 'seanet_MelbournePedestrian'  (train_acc=0.9990 val_acc=0.9076 test_acc=0.9024 test_loss=0.3847)
[114/129] MelbournePedestrian          DONE  acc=0.9024 loss=0.3847 AOPCR= -0.232 NDCG=  n/a C= 10 T=   24 (97s)  [113 trained / 0 failed so far]
[115/129] MixedShapesRegularTrain
    stage 1/3: loading data ...
    stage 2/3: training on 400 series (val=100, C=5, T=1024, batch=16) ...
    stage 3/3: scoring on 2425 test series (accuracy + AOPCR) ...
    [mlflow] versioned model 'seanet__mstcn_sep_additive' (id=m-c6261338e9f8415099bdb1a4bc40ccfc) params={'model_size_mb': '3.5361', 'n_model_params': '268438', 'name': 'seanet'}
    [mlflow] logged run 'seanet_MixedShapesRegularTrain'  (train_acc=1.0000 val_acc=0.9800 test_acc=0.9678 test_loss=0.1924)
[115/129] MixedShapesRegularTrain      DONE  acc=0.9678 loss=0.1924 AOPCR=  0.327 NDCG=  n/a C=  5 T= 1024 (64s)  [114 trained / 0 failed so far]
[116/129] MixedShapesSmallTrain
    stage 1/3: loading data ...
    stage 2/3: training on 80 series (val=20, C=5, T=1024, batch=8) ...
    stage 3/3: scoring on 2425 test series (accuracy + AOPCR) ...
    [mlflow] versioned model 'seanet__mstcn_sep_additive' (id=m-e89a74f4df37452289f1419800dfa809) params={'model_size_mb': '3.5361', 'n_model_params': '268438', 'name': 'seanet'}
    [mlflow] logged run 'seanet_MixedShapesSmallTrain'  (train_acc=1.0000 val_acc=1.0000 test_acc=0.8911 test_loss=0.3888)
[116/129] MixedShapesSmallTrain        DONE  acc=0.8911 loss=0.3888 AOPCR=  0.668 NDCG=  n/a C=  5 T= 1024 (11s)  [115 trained / 0 failed so far]
[117/129] PLAID
    stage 1/3: loading data ...
    stage 2/3: training on 436 series (val=101, C=11, T=1344, batch=16) ...
    stage 3/3: scoring on 537 test series (accuracy + AOPCR) ...
    [mlflow] versioned model 'seanet__mstcn_sep_additive' (id=m-28d278b48aa947ff8c1e503a62062762) params={'model_size_mb': '3.5391', 'n_model_params': '269212', 'name': 'seanet'}
    [mlflow] logged run 'seanet_PLAID'  (train_acc=0.9564 val_acc=0.9109 test_acc=0.8845 test_loss=0.4039)
[117/129] PLAID                        DONE  acc=0.8845 loss=0.4039 AOPCR=  1.587 NDCG=  n/a C= 11 T= 1344 (42s)  [116 trained / 0 failed so far]
[118/129] PickupGestureWiimoteZ
    stage 1/3: loading data ...
    stage 2/3: training on 50 series (no val (train-loss early stop), C=10, T=361, batch=5) ...
    stage 3/3: scoring on 50 test series (accuracy + AOPCR) ...
    [mlflow] versioned model 'seanet__mstcn_sep_additive' (id=m-2c8ecac48fd94a69841fe36814b25dec) params={'model_size_mb': '3.5386', 'n_model_params': '269083', 'name': 'seanet'}
    [mlflow] logged run 'seanet_PickupGestureWiimoteZ'  (train_acc=1.0000 test_acc=0.8400 test_loss=0.6573)
[118/129] PickupGestureWiimoteZ        DONE  acc=0.8400 loss=0.6573 AOPCR=  1.083 NDCG=  n/a C= 10 T=  361 (28s)  [117 trained / 0 failed so far]
[119/129] PigAirwayPressure
    stage 1/3: loading data ...
    stage 2/3: training on 52 series (val=52, C=52, T=2000, batch=5) ...
    stage 3/3: scoring on 208 test series (accuracy + AOPCR) ...
    [mlflow] versioned model 'seanet__mstcn_sep_additive' (id=m-297c90f593de4c72b04fd7da9835b8c5) params={'model_size_mb': '3.5593', 'n_model_params': '274501', 'name': 'seanet'}
    [mlflow] logged run 'seanet_PigAirwayPressure'  (train_acc=0.0577 val_acc=0.0385 test_acc=0.0288 test_loss=3.8945)
[119/129] PigAirwayPressure            DONE  acc=0.0288 loss=3.8945 AOPCR=  0.225 NDCG=  n/a C= 52 T= 2000 (7s)  [118 trained / 0 failed so far]
[120/129] PigArtPressure
    stage 1/3: loading data ...
    stage 2/3: training on 52 series (val=52, C=52, T=2000, batch=5) ...
    stage 3/3: scoring on 208 test series (accuracy + AOPCR) ...
    [mlflow] versioned model 'seanet__mstcn_sep_additive' (id=m-f3e4349bab574ff1ae858fcb0af6e29a) params={'model_size_mb': '3.5593', 'n_model_params': '274501', 'name': 'seanet'}
    [mlflow] logged run 'seanet_PigArtPressure'  (train_acc=1.0000 val_acc=0.8077 test_acc=0.8942 test_loss=0.3675)
[120/129] PigArtPressure               DONE  acc=0.8942 loss=0.3675 AOPCR= -0.650 NDCG=  n/a C= 52 T= 2000 (21s)  [119 trained / 0 failed so far]
[121/129] PigCVP
    stage 1/3: loading data ...
    stage 2/3: training on 52 series (val=52, C=52, T=2000, batch=5) ...
    stage 3/3: scoring on 208 test series (accuracy + AOPCR) ...
    [mlflow] versioned model 'seanet__mstcn_sep_additive' (id=m-ca404e79e770489e8c3b9a96927cf0b2) params={'model_size_mb': '3.5593', 'n_model_params': '274501', 'name': 'seanet'}
    [mlflow] logged run 'seanet_PigCVP'  (train_acc=1.0000 val_acc=0.5577 test_acc=0.6394 test_loss=1.6831)
[121/129] PigCVP                       DONE  acc=0.6394 loss=1.6831 AOPCR=  1.216 NDCG=  n/a C= 52 T= 2000 (20s)  [120 trained / 0 failed so far]
[122/129] PowerCons
    stage 1/3: loading data ...
    stage 2/3: training on 144 series (val=36, C=2, T=144, batch=14) ...
    stage 3/3: scoring on 180 test series (accuracy + AOPCR) ...
    [mlflow] versioned model 'seanet__mstcn_sep_additive' (id=m-8a64506ef97b476882370f643f8ee8b6) params={'model_size_mb': '3.5347', 'n_model_params': '268051', 'name': 'seanet'}
    [mlflow] logged run 'seanet_PowerCons'  (train_acc=1.0000 val_acc=0.9722 test_acc=0.9667 test_loss=0.1258)
[122/129] PowerCons                    DONE  acc=0.9667 loss=0.1258 AOPCR=  0.354 NDCG=  n/a C=  2 T=  144 (11s)  [121 trained / 0 failed so far]
[123/129] Rock
    stage 1/3: loading data ...
    stage 2/3: training on 20 series (no val (train-loss early stop), C=4, T=2844, batch=2) ...
    stage 3/3: scoring on 50 test series (accuracy + AOPCR) ...
    [mlflow] versioned model 'seanet__mstcn_sep_additive' (id=m-12a6b7b67e584a68a64d508bc0b63332) params={'model_size_mb': '3.5356', 'n_model_params': '268309', 'name': 'seanet'}
    [mlflow] logged run 'seanet_Rock'  (train_acc=1.0000 test_acc=0.8600 test_loss=0.5930)
[123/129] Rock                         DONE  acc=0.8600 loss=0.5930 AOPCR=  1.497 NDCG=  n/a C=  4 T= 2844 (17s)  [122 trained / 0 failed so far]
[124/129] SemgHandGenderCh2
    stage 1/3: loading data ...
    stage 2/3: training on 240 series (val=60, C=2, T=1500, batch=16) ...
    stage 3/3: scoring on 600 test series (accuracy + AOPCR) ...
    [mlflow] versioned model 'seanet__mstcn_sep_additive' (id=m-c7c9a04b3b634789a5a813ba6f91313c) params={'model_size_mb': '3.5347', 'n_model_params': '268051', 'name': 'seanet'}
    [mlflow] logged run 'seanet_SemgHandGenderCh2'  (train_acc=1.0000 val_acc=0.9333 test_acc=0.9283 test_loss=0.2262)
[124/129] SemgHandGenderCh2            DONE  acc=0.9283 loss=0.2262 AOPCR=  0.748 NDCG=  n/a C=  2 T= 1500 (45s)  [123 trained / 0 failed so far]
[125/129] SemgHandMovementCh2
    stage 1/3: loading data ...
    stage 2/3: training on 360 series (val=90, C=6, T=1500, batch=16) ...
    stage 3/3: scoring on 450 test series (accuracy + AOPCR) ...
    [mlflow] versioned model 'seanet__mstcn_sep_additive' (id=m-66cd610bd3ec42a199094c74328e910b) params={'model_size_mb': '3.5366', 'n_model_params': '268567', 'name': 'seanet'}
    [mlflow] logged run 'seanet_SemgHandMovementCh2'  (train_acc=1.0000 val_acc=0.7556 test_acc=0.7200 test_loss=0.8057)
[125/129] SemgHandMovementCh2          DONE  acc=0.7200 loss=0.8057 AOPCR=  0.958 NDCG=  n/a C=  6 T= 1500 (67s)  [124 trained / 0 failed so far]
[126/129] SemgHandSubjectCh2
    stage 1/3: loading data ...
    stage 2/3: training on 360 series (val=90, C=5, T=1500, batch=16) ...
    stage 3/3: scoring on 450 test series (accuracy + AOPCR) ...
    [mlflow] versioned model 'seanet__mstcn_sep_additive' (id=m-c6a1820c38bd416f919ba96bacc42180) params={'model_size_mb': '3.5361', 'n_model_params': '268438', 'name': 'seanet'}
    [mlflow] logged run 'seanet_SemgHandSubjectCh2'  (train_acc=0.9917 val_acc=0.9222 test_acc=0.9044 test_loss=0.3667)
[126/129] SemgHandSubjectCh2           DONE  acc=0.9044 loss=0.3667 AOPCR=  1.457 NDCG=  n/a C=  5 T= 1500 (27s)  [125 trained / 0 failed so far]
[127/129] ShakeGestureWiimoteZ
    stage 1/3: loading data ...
    stage 2/3: training on 50 series (no val (train-loss early stop), C=10, T=385, batch=5) ...
    stage 3/3: scoring on 50 test series (accuracy + AOPCR) ...
    [mlflow] versioned model 'seanet__mstcn_sep_additive' (id=m-2655c10e075342d7a2312a2637879825) params={'model_size_mb': '3.5386', 'n_model_params': '269083', 'name': 'seanet'}
    [mlflow] logged run 'seanet_ShakeGestureWiimoteZ'  (train_acc=1.0000 test_acc=0.9200 test_loss=0.4150)
[127/129] ShakeGestureWiimoteZ         DONE  acc=0.9200 loss=0.4150 AOPCR=  0.848 NDCG=  n/a C= 10 T=  385 (29s)  [126 trained / 0 failed so far]
[128/129] SmoothSubspace
    stage 1/3: loading data ...
    stage 2/3: training on 120 series (val=30, C=3, T=15, batch=12) ...
    stage 3/3: scoring on 150 test series (accuracy + AOPCR) ...
    [mlflow] versioned model 'seanet__mstcn_sep_additive' (id=m-fc3d127929a5423dbdf99eac8c3b5882) params={'model_size_mb': '3.5351', 'n_model_params': '268180', 'name': 'seanet'}
    [mlflow] logged run 'seanet_SmoothSubspace'  (train_acc=1.0000 val_acc=1.0000 test_acc=0.9867 test_loss=0.1181)
[128/129] SmoothSubspace               DONE  acc=0.9867 loss=0.1181 AOPCR=  0.143 NDCG=  n/a C=  3 T=   15 (22s)  [127 trained / 0 failed so far]
[129/129] UMD
    stage 1/3: loading data ...
    stage 2/3: training on 36 series (no val (train-loss early stop), C=3, T=150, batch=3) ...
    stage 3/3: scoring on 144 test series (accuracy + AOPCR) ...
    [mlflow] versioned model 'seanet__mstcn_sep_additive' (id=m-315c902c1c2f4eed8018dd0f78dee452) params={'model_size_mb': '3.5351', 'n_model_params': '268180', 'name': 'seanet'}
    [mlflow] logged run 'seanet_UMD'  (train_acc=1.0000 test_acc=0.9931 test_loss=0.1044)
[129/129] UMD                          DONE  acc=0.9931 loss=0.1044 AOPCR=  0.627 NDCG=  n/a C=  3 T=  150 (23s)  [128 trained / 0 failed so far]

Done: 128 trained, 1 skipped, 0 failed.
Results -> results/SEA_NET/seanet__mstcn_sep_additive/results.csv

=== seanet__mstcn_sep_additive vs MILLET ConjunctiveInceptionTime (mean of 5 reps) ===
  UCR datasets evaluated: 128  (with MILLET baseline: 85, without: 43)
  metric        ours    MILLET   win/tie/loss   (mean over the 85 datasets MILLET published)
  acc         0.8298    0.8445       24/19/42   
  loss        0.5088    1.2241        60/2/23   (lower is better)
  aopcr       0.5511    4.5532         3/0/82   
  wrote results/SEA_NET/seanet__mstcn_sep_additive/comparison_vs_millet.csv

Next: `python main.py report` to draw the figures for seanet__mstcn_sep_additive.

[log] finished; full output saved to results/SEA_NET/seanet__mstcn_sep_additive/logs/train_2026-07-25_01-06-36.log
