[log] command 'run' started at 2026-08-03_22-25-17 for model 'seanet_bottleneck_mschan_lean__sea_multiscale_channels__sea_topk_conjunctive'
[log] a copy of everything below is being saved to: results/SEA_NET/seanet_bottleneck_mschan_lean__sea_multiscale_channels__sea_topk_conjunctive/logs/run_2026-08-03_22-25-17.log

=== run: model=seanet_bottleneck_mschan_lean__sea_multiscale_channels__sea_topk_conjunctive (config sv6/seanet_bottleneck_mschan_lean) dataset=WebTraffic device=cuda mode=full ===
resolved config:
  model = sv6/seanet_bottleneck_mschan_lean
  run.mode = single
  run.dataset = WebTraffic
  run.smoke = False
  run.re_train = True
  preprocessing.instance_type = single_point
  preprocessing.window_size = 5
  preprocessing.window_stride = 5
  seed = 0
  device = auto
  output.results_dir = results/SEA_NET
  interpretability.dataset = WebTraffic
  interpretability.n_classes = 3
  interpretability.per_class = 1
  mlflow.enabled = True
  mlflow.experiment_name = SEA-Net
  mlflow.tracking_uri = sqlite:///mlflow.db
  mlflow.log_model_weights = True
  model_config.name = seanet_bottleneck_mschan_lean
  model_config.use_params = default
  model_config.encoder.type = sea_multiscale_channels
  model_config.encoder.windows = [7, 31]
  model_config.encoder.stats = ['max', 'min']
  model_config.encoder.add_diff_sign = True
  model_config.encoder.norm_channels = True
  model_config.encoder.base.type = sea_mstcn_sep_bottleneck
  model_config.encoder.base.d = 64
  model_config.encoder.base.n_blocks = 4
  model_config.encoder.base.dropout = 0.2
  model_config.encoder.base.max_dilation = 16
  model_config.encoder.base.kernels = [5, 11, 23]
  model_config.encoder.base.bottleneck_ratio = 4
  model_config.pooling.type = sea_topk_conjunctive
  model_config.pooling.d_attn = 8
  model_config.pooling.dropout = 0.2
  model_config.pooling.positional_encoding = True
  model_config.pooling.top_frac = 0.1
  model_config.training.n_epochs = 400
  model_config.training.patience = 60
  model_config.training.max_batch = 16
  model_config.training.learning_rate = 0.00125
  model_config.training.weight_decay = 0.00012
  model_config.training.label_smoothing = 0.13
  model_config.training.lambda_entropy = 0.01
  model_config.training.min_train_for_val = 100
  model_config.training.val_frac = 0.2
  model_config.training.optimizer = adam
  model_config.records.default.metrics.test_acc = 0.924
  model_config.records.default.metrics.test_loss = 0.3889
  model_config.records.default.metrics.test_auroc = 0.9925
  model_config.records.default.metrics.dataset = WebTraffic
  model_config.records.default.metrics.recorded = 2026-08-03 22:03:00
[params] using DEFAULT recipe (no Optuna record yet - run 'python main.py optuna --model sv6/seanet_bottleneck_mschan_lean').

WebTraffic already done for seanet_bottleneck_mschan_lean__sea_multiscale_channels__sea_topk_conjunctive, but run.re_train is true -> training again (its row in results.csv will be replaced).
  [mlflow] logging runs to experiment 'SEA-Net_seanet_bottleneck_mschan_lean__sea_multiscale_channels__sea_topk_conjunctive_2026-08-03' at sqlite:///mlflow.db
  [mlflow] browse later with:  mlflow ui --backend-store-uri sqlite:///mlflow.db
    stage 1/3: loading data ...
    stage 2/3: training on 400 series (val=100, C=10, T=1008, batch=16) ...
    stage 3/3: scoring on 500 test series (accuracy + AOPCR + NDCG) ...
    [mlflow] versioned model 'seanet_bottleneck_mschan_lean__sea_multiscale_channels__sea_topk_conjunctive' (id=m-efad6422ff8042739f04fc26ec38847e) params={'model_size_mb': '1.4391', 'n_model_params': '43576', 'name': 'seanet_bottleneck_mschan_lean'}
    [mlflow] logged run 'seanet_bottleneck_mschan_lean_WebTraffic'  (train_acc=1.0000 val_acc=0.8800 test_acc=0.8940 test_loss=0.4389)
  kept the previous result for WebTraffic: this run's test_acc 0.8940 did not beat it, so results.csv was left unchanged.

=== seanet_bottleneck_mschan_lean__sea_multiscale_channels__sea_topk_conjunctive on WebTraffic ===
  params          : 43576
  model_size_mb   : 1.4391
  n_train         : 400
  n_val           : 100
  n_test          : 500
  series_length   : 1008
  n_classes       : 10
  test_acc        : 0.894
  test_loss       : 0.4389
  test_aopcr      : 2.6733
  test_ndcg       : 0.7454
  train_time_s    : 46.05

  saved -> results/SEA_NET/seanet_bottleneck_mschan_lean__sea_multiscale_channels__sea_topk_conjunctive/results.csv
  recorded default metrics -> configs/models/sv6/seanet_bottleneck_mschan_lean.yaml (records.default)

[log] finished; full output saved to results/SEA_NET/seanet_bottleneck_mschan_lean__sea_multiscale_channels__sea_topk_conjunctive/logs/run_2026-08-03_22-25-17.log
