[log] command 'train' started at 2026-07-20_14-58-40 for model 'mstcn_sep_adaptive_classwise'
[log] a copy of everything below is being saved to: results/SEA_NET/mstcn_sep_adaptive_classwise/logs/train_2026-07-20_14-58-40.log

=== train: model=mstcn_sep_adaptive_classwise (config seanet_acp) device=cuda mode=full datasets=129 ===
[params] using DEFAULT recipe: `auto` has nothing to compare against yet (optuna-best test_acc 0.9380, default not recorded). This run records the default, then `auto` picks the better of the two.
  results  -> results/SEA_NET/mstcn_sep_adaptive_classwise/results.csv
  resume   -> results/SEA_NET/mstcn_sep_adaptive_classwise/done_train_dataset.txt  (delete it to retrain everything; delete one line to retrain that dataset)

  [mlflow] logging runs to experiment 'SEA-Net_mstcn_sep_adaptive_classwise_2026-07-20' at sqlite:///mlflow.db
  [mlflow] browse later with:  mlflow ui --backend-store-uri sqlite:///mlflow.db
[  1/129] WebTraffic
    stage 1/3: loading data ...
    stage 2/3: training on 400 series (val=100, C=10, T=201, batch=16) ...
    stage 3/3: scoring on 500 test series (accuracy + AOPCR + NDCG) ...
    [mlflow] versioned model 'mstcn_sep_adaptive_classwise' (id=m-446e6de062b1497792c046ebc84a93b3) params={'model_size_mb': '3.5528', 'n_model_params': '272758', 'name': 'seanet_acp'}
    [mlflow] logged run 'seanet_acp_WebTraffic'  (train_acc=0.9975 val_acc=0.7600 test_acc=0.7340 test_loss=0.8678)
[  1/129] WebTraffic                   DONE  acc=0.7340 loss=0.8678 AOPCR=  0.634 NDCG=  n/a C= 10 T=  201 (38s)  [1 trained / 0 failed so far]
[  2/129] Adiac
    stage 1/3: loading data ...
    stage 2/3: training on 328 series (val=62, C=37, T=35, batch=16) ...
    stage 3/3: scoring on 391 test series (accuracy + AOPCR) ...
    [mlflow] versioned model 'mstcn_sep_adaptive_classwise' (id=m-51aee3c91e4e417d87d5ff588911b3bd) params={'model_size_mb': '3.5672', 'n_model_params': '276511', 'name': 'seanet_acp'}
    [mlflow] logged run 'seanet_acp_Adiac'  (train_acc=0.8994 val_acc=0.6613 test_acc=0.6854 test_loss=1.1264)
[  2/129] Adiac                        DONE  acc=0.6854 loss=1.1264 AOPCR= -0.286 NDCG=  n/a C= 37 T=   35 (36s)  [2 trained / 0 failed so far]
[  3/129] ArrowHead
    stage 1/3: loading data ...
    stage 2/3: training on 36 series (no val (train-loss early stop), C=3, T=50, batch=3) ...
    stage 3/3: scoring on 175 test series (accuracy + AOPCR) ...
    [mlflow] versioned model 'mstcn_sep_adaptive_classwise' (id=m-130fd0219c2149779b57ca1ce8b747fc) params={'model_size_mb': '3.5492', 'n_model_params': '271785', 'name': 'seanet_acp'}
    [mlflow] logged run 'seanet_acp_ArrowHead'  (train_acc=1.0000 test_acc=0.8114 test_loss=0.4994)
[  3/129] ArrowHead                    DONE  acc=0.8114 loss=0.4994 AOPCR= -0.093 NDCG=  n/a C=  3 T=   50 (17s)  [3 trained / 0 failed so far]
[  4/129] Beef
    stage 1/3: loading data ...
    stage 2/3: training on 30 series (no val (train-loss early stop), C=5, T=94, batch=3) ...
    stage 3/3: scoring on 30 test series (accuracy + AOPCR) ...
    [mlflow] versioned model 'mstcn_sep_adaptive_classwise' (id=m-554519ce609a4eaebb5692b5ee8243c3) params={'model_size_mb': '3.5502', 'n_model_params': '272063', 'name': 'seanet_acp'}
    [mlflow] logged run 'seanet_acp_Beef'  (train_acc=1.0000 test_acc=0.9000 test_loss=0.4281)
[  4/129] Beef                         DONE  acc=0.9000 loss=0.4281 AOPCR=  0.697 NDCG=  n/a C=  5 T=   94 (25s)  [4 trained / 0 failed so far]
[  5/129] BeetleFly
    stage 1/3: loading data ...
    stage 2/3: training on 20 series (no val (train-loss early stop), C=2, T=102, batch=2) ...
    stage 3/3: scoring on 20 test series (accuracy + AOPCR) ...
    [mlflow] versioned model 'mstcn_sep_adaptive_classwise' (id=m-b66effe1e00e46838e817094446bda6f) params={'model_size_mb': '3.5487', 'n_model_params': '271646', 'name': 'seanet_acp'}
    [mlflow] logged run 'seanet_acp_BeetleFly'  (train_acc=1.0000 test_acc=0.8500 test_loss=0.3567)
[  5/129] BeetleFly                    DONE  acc=0.8500 loss=0.3567 AOPCR=  0.140 NDCG=  n/a C=  2 T=  102 (11s)  [5 trained / 0 failed so far]
[  6/129] BirdChicken
    stage 1/3: loading data ...
    stage 2/3: training on 20 series (no val (train-loss early stop), C=2, T=102, batch=2) ...
    stage 3/3: scoring on 20 test series (accuracy + AOPCR) ...
    [mlflow] versioned model 'mstcn_sep_adaptive_classwise' (id=m-bff5172e8cc7496eb4ad4e0aabc9a8e6) params={'model_size_mb': '3.5487', 'n_model_params': '271646', 'name': 'seanet_acp'}
    [mlflow] logged run 'seanet_acp_BirdChicken'  (train_acc=1.0000 test_acc=0.8000 test_loss=0.4605)
[  6/129] BirdChicken                  DONE  acc=0.8000 loss=0.4605 AOPCR=  1.607 NDCG=  n/a C=  2 T=  102 (10s)  [6 trained / 0 failed so far]
[  7/129] Car
    stage 1/3: loading data ...
    stage 2/3: training on 60 series (no val (train-loss early stop), C=4, T=115, batch=6) ...
    stage 3/3: scoring on 60 test series (accuracy + AOPCR) ...
    [mlflow] versioned model 'mstcn_sep_adaptive_classwise' (id=m-3917db3658364727b5707f946346d560) params={'model_size_mb': '3.5497', 'n_model_params': '271924', 'name': 'seanet_acp'}
    [mlflow] logged run 'seanet_acp_Car'  (train_acc=1.0000 test_acc=0.9167 test_loss=0.3364)
[  7/129] Car                          DONE  acc=0.9167 loss=0.3364 AOPCR=  0.106 NDCG=  n/a C=  4 T=  115 (31s)  [7 trained / 0 failed so far]
[  8/129] CBF
    stage 1/3: loading data ...
    stage 2/3: training on 30 series (no val (train-loss early stop), C=3, T=25, batch=3) ...
    stage 3/3: scoring on 900 test series (accuracy + AOPCR) ...
    [mlflow] versioned model 'mstcn_sep_adaptive_classwise' (id=m-313dfad8e680450c84c4d1039d33bf58) params={'model_size_mb': '3.5492', 'n_model_params': '271785', 'name': 'seanet_acp'}
    [mlflow] logged run 'seanet_acp_CBF'  (train_acc=1.0000 test_acc=0.9889 test_loss=0.1389)
[  8/129] CBF                          DONE  acc=0.9889 loss=0.1389 AOPCR=  0.482 NDCG=  n/a C=  3 T=   25 (26s)  [8 trained / 0 failed so far]
[  9/129] ChlorineConcentration
    stage 1/3: loading data ...
    stage 2/3: training on 375 series (val=92, C=3, T=33, batch=16) ...
    stage 3/3: scoring on 3840 test series (accuracy + AOPCR) ...
    [mlflow] versioned model 'mstcn_sep_adaptive_classwise' (id=m-bb0e7cf326e349ada2320b1f0a50c1a6) params={'model_size_mb': '3.5492', 'n_model_params': '271785', 'name': 'seanet_acp'}
    [mlflow] logged run 'seanet_acp_ChlorineConcentration'  (train_acc=0.9973 val_acc=0.8804 test_acc=0.8198 test_loss=0.5007)
[  9/129] ChlorineConcentration        DONE  acc=0.8198 loss=0.5007 AOPCR=  0.498 NDCG=  n/a C=  3 T=   33 (73s)  [9 trained / 0 failed so far]
[ 10/129] CinCECGTorso
    stage 1/3: loading data ...
    stage 2/3: training on 40 series (no val (train-loss early stop), C=4, T=327, batch=4) ...
    stage 3/3: scoring on 1380 test series (accuracy + AOPCR) ...
    [mlflow] versioned model 'mstcn_sep_adaptive_classwise' (id=m-50f68cf7238c4397b012ac988c40e62b) params={'model_size_mb': '3.5497', 'n_model_params': '271924', 'name': 'seanet_acp'}
    [mlflow] logged run 'seanet_acp_CinCECGTorso'  (train_acc=1.0000 test_acc=0.8703 test_loss=0.3880)
[ 10/129] CinCECGTorso                 DONE  acc=0.8703 loss=0.3880 AOPCR=  0.239 NDCG=  n/a C=  4 T=  327 (20s)  [10 trained / 0 failed so far]
[ 11/129] Coffee
    stage 1/3: loading data ...
    stage 2/3: training on 28 series (no val (train-loss early stop), C=2, T=57, batch=2) ...
    stage 3/3: scoring on 28 test series (accuracy + AOPCR) ...
    [mlflow] versioned model 'mstcn_sep_adaptive_classwise' (id=m-97a7d72b46c24f88afff0b071c292f6f) params={'model_size_mb': '3.5487', 'n_model_params': '271646', 'name': 'seanet_acp'}
    [mlflow] logged run 'seanet_acp_Coffee'  (train_acc=1.0000 test_acc=1.0000 test_loss=0.0761)
[ 11/129] Coffee                       DONE  acc=1.0000 loss=0.0761 AOPCR=  0.476 NDCG=  n/a C=  2 T=   57 (17s)  [11 trained / 0 failed so far]
[ 12/129] Computers
    stage 1/3: loading data ...
    stage 2/3: training on 200 series (val=50, C=2, T=144, batch=16) ...
    stage 3/3: scoring on 250 test series (accuracy + AOPCR) ...
    [mlflow] versioned model 'mstcn_sep_adaptive_classwise' (id=m-4142833c1a8a4a3fbecb90d03147f07b) params={'model_size_mb': '3.5487', 'n_model_params': '271646', 'name': 'seanet_acp'}
    [mlflow] logged run 'seanet_acp_Computers'  (train_acc=0.7250 val_acc=0.6200 test_acc=0.6320 test_loss=0.6383)
[ 12/129] Computers                    DONE  acc=0.6320 loss=0.6383 AOPCR=  0.091 NDCG=  n/a C=  2 T=  144 (6s)  [12 trained / 0 failed so far]
[ 13/129] CricketX
    stage 1/3: loading data ...
    stage 2/3: training on 317 series (val=73, C=12, T=60, batch=16) ...
    stage 3/3: scoring on 390 test series (accuracy + AOPCR) ...
    [mlflow] versioned model 'mstcn_sep_adaptive_classwise' (id=m-1bd6c46399414df4b8b6f0c285903af0) params={'model_size_mb': '3.5539', 'n_model_params': '273036', 'name': 'seanet_acp'}
    [mlflow] logged run 'seanet_acp_CricketX'  (train_acc=1.0000 val_acc=0.8356 test_acc=0.7974 test_loss=0.7384)
[ 13/129] CricketX                     DONE  acc=0.7974 loss=0.7384 AOPCR=  0.743 NDCG=  n/a C= 12 T=   60 (23s)  [13 trained / 0 failed so far]
[ 14/129] CricketY
    stage 1/3: loading data ...
    stage 2/3: training on 317 series (val=73, C=12, T=60, batch=16) ...
    stage 3/3: scoring on 390 test series (accuracy + AOPCR) ...
    [mlflow] versioned model 'mstcn_sep_adaptive_classwise' (id=m-7048c6dd4ea24754b6b339a9b0d0d75a) params={'model_size_mb': '3.5539', 'n_model_params': '273036', 'name': 'seanet_acp'}
    [mlflow] logged run 'seanet_acp_CricketY'  (train_acc=1.0000 val_acc=0.8219 test_acc=0.7462 test_loss=0.8726)
[ 14/129] CricketY                     DONE  acc=0.7462 loss=0.8726 AOPCR=  0.292 NDCG=  n/a C= 12 T=   60 (23s)  [14 trained / 0 failed so far]
[ 15/129] CricketZ
    stage 1/3: loading data ...
    stage 2/3: training on 316 series (val=74, C=12, T=60, batch=16) ...
    stage 3/3: scoring on 390 test series (accuracy + AOPCR) ...
    [mlflow] versioned model 'mstcn_sep_adaptive_classwise' (id=m-b67c78c45df745f7a61f621447199331) params={'model_size_mb': '3.5539', 'n_model_params': '273036', 'name': 'seanet_acp'}
    [mlflow] logged run 'seanet_acp_CricketZ'  (train_acc=1.0000 val_acc=0.8514 test_acc=0.7974 test_loss=0.7124)
[ 15/129] CricketZ                     DONE  acc=0.7974 loss=0.7124 AOPCR=  0.745 NDCG=  n/a C= 12 T=   60 (21s)  [15 trained / 0 failed so far]
[ 16/129] DiatomSizeReduction
    stage 1/3: loading data ...
    stage 2/3: training on 16 series (no val (train-loss early stop), C=4, T=69, batch=2) ...
    stage 3/3: scoring on 306 test series (accuracy + AOPCR) ...
    [mlflow] versioned model 'mstcn_sep_adaptive_classwise' (id=m-ff82afe76f994e23a14c235bc495b1a1) params={'model_size_mb': '3.5497', 'n_model_params': '271924', 'name': 'seanet_acp'}
    [mlflow] logged run 'seanet_acp_DiatomSizeReduction'  (train_acc=1.0000 test_acc=0.9771 test_loss=0.2465)
[ 16/129] DiatomSizeReduction          DONE  acc=0.9771 loss=0.2465 AOPCR=  1.396 NDCG=  n/a C=  4 T=   69 (14s)  [16 trained / 0 failed so far]
[ 17/129] DistalPhalanxOutlineAgeGroup
    stage 1/3: loading data ...
    stage 2/3: training on 321 series (val=79, C=3, T=16, batch=16) ...
    stage 3/3: scoring on 139 test series (accuracy + AOPCR) ...
    [mlflow] versioned model 'mstcn_sep_adaptive_classwise' (id=m-9b81ca6430dc4295a21b996d5e0299b7) params={'model_size_mb': '3.5492', 'n_model_params': '271785', 'name': 'seanet_acp'}
    [mlflow] logged run 'seanet_acp_DistalPhalanxOutlineAgeGroup'  (train_acc=0.8629 val_acc=0.8608 test_acc=0.7554 test_loss=0.5992)
[ 17/129] DistalPhalanxOutlineAgeGroup DONE  acc=0.7554 loss=0.5992 AOPCR=  0.073 NDCG=  n/a C=  3 T=   16 (14s)  [17 trained / 0 failed so far]
[ 18/129] DistalPhalanxOutlineCorrect
    stage 1/3: loading data ...
    stage 2/3: training on 481 series (val=119, C=2, T=16, batch=16) ...
    stage 3/3: scoring on 276 test series (accuracy + AOPCR) ...
    [mlflow] versioned model 'mstcn_sep_adaptive_classwise' (id=m-46bd7d11dfc147bda75965f36b9813ba) params={'model_size_mb': '3.5487', 'n_model_params': '271646', 'name': 'seanet_acp'}
    [mlflow] logged run 'seanet_acp_DistalPhalanxOutlineCorrect'  (train_acc=0.8960 val_acc=0.8235 test_acc=0.7826 test_loss=0.4929)
[ 18/129] DistalPhalanxOutlineCorrect  DONE  acc=0.7826 loss=0.4929 AOPCR= -0.005 NDCG=  n/a C=  2 T=   16 (22s)  [18 trained / 0 failed so far]
[ 19/129] DistalPhalanxTW
    stage 1/3: loading data ...
    stage 2/3: training on 323 series (val=77, C=6, T=16, batch=16) ...
    stage 3/3: scoring on 139 test series (accuracy + AOPCR) ...
    [mlflow] versioned model 'mstcn_sep_adaptive_classwise' (id=m-d70dba0610a94945aa24166cc8a42a4b) params={'model_size_mb': '3.5508', 'n_model_params': '272202', 'name': 'seanet_acp'}
    [mlflow] logged run 'seanet_acp_DistalPhalanxTW'  (train_acc=0.8700 val_acc=0.8442 test_acc=0.6978 test_loss=0.8078)
[ 19/129] DistalPhalanxTW              DONE  acc=0.6978 loss=0.8078 AOPCR= -0.035 NDCG=  n/a C=  6 T=   16 (20s)  [19 trained / 0 failed so far]
[ 20/129] Earthquakes
    stage 1/3: loading data ...
    stage 2/3: training on 259 series (val=63, C=2, T=102, batch=16) ...
    stage 3/3: scoring on 139 test series (accuracy + AOPCR) ...
    [mlflow] versioned model 'mstcn_sep_adaptive_classwise' (id=m-7f4405e4a1b445268f23334615abc46c) params={'model_size_mb': '3.5487', 'n_model_params': '271646', 'name': 'seanet_acp'}
    [mlflow] logged run 'seanet_acp_Earthquakes'  (train_acc=0.8185 val_acc=0.8254 test_acc=0.7482 test_loss=0.5553)
[ 20/129] Earthquakes                  DONE  acc=0.7482 loss=0.5553 AOPCR=  0.028 NDCG=  n/a C=  2 T=  102 (9s)  [20 trained / 0 failed so far]
[ 21/129] ECG200
    stage 1/3: loading data ...
    stage 2/3: training on 81 series (val=19, C=2, T=19, batch=8) ...
    stage 3/3: scoring on 100 test series (accuracy + AOPCR) ...
    [mlflow] versioned model 'mstcn_sep_adaptive_classwise' (id=m-92250e8b07814409a1ea6fdf9019c3e1) params={'model_size_mb': '3.5487', 'n_model_params': '271646', 'name': 'seanet_acp'}
    [mlflow] logged run 'seanet_acp_ECG200'  (train_acc=1.0000 val_acc=0.8947 test_acc=0.8400 test_loss=0.3735)
[ 21/129] ECG200                       DONE  acc=0.8400 loss=0.3735 AOPCR= -0.147 NDCG=  n/a C=  2 T=   19 (10s)  [21 trained / 0 failed so far]
[ 22/129] ECG5000
    stage 1/3: loading data ...
    stage 2/3: training on 401 series (val=99, C=5, T=28, batch=16) ...
    stage 3/3: scoring on 4500 test series (accuracy + AOPCR) ...
    [mlflow] versioned model 'mstcn_sep_adaptive_classwise' (id=m-a47f873f89d0461b8db4e514bf01f10e) params={'model_size_mb': '3.5502', 'n_model_params': '272063', 'name': 'seanet_acp'}
    [mlflow] logged run 'seanet_acp_ECG5000'  (train_acc=0.9950 val_acc=0.9697 test_acc=0.9409 test_loss=0.2759)
[ 22/129] ECG5000                      DONE  acc=0.9409 loss=0.2759 AOPCR=  0.075 NDCG=  n/a C=  5 T=   28 (38s)  [22 trained / 0 failed so far]
[ 23/129] ECGFiveDays
    stage 1/3: loading data ...
    stage 2/3: training on 23 series (no val (train-loss early stop), C=2, T=27, batch=2) ...
    stage 3/3: scoring on 861 test series (accuracy + AOPCR) ...
    [mlflow] versioned model 'mstcn_sep_adaptive_classwise' (id=m-b61327285c8b4bb5b5011a9c7cc51310) params={'model_size_mb': '3.5487', 'n_model_params': '271646', 'name': 'seanet_acp'}
    [mlflow] logged run 'seanet_acp_ECGFiveDays'  (train_acc=1.0000 test_acc=0.9803 test_loss=0.1251)
[ 23/129] ECGFiveDays                  DONE  acc=0.9803 loss=0.1251 AOPCR=  0.037 NDCG=  n/a C=  2 T=   27 (15s)  [23 trained / 0 failed so far]
[ 24/129] ElectricDevices
    stage 1/3: loading data ...
    stage 2/3: training on 7144 series (val=1782, C=7, T=19, batch=16) ...
    stage 3/3: scoring on 7711 test series (accuracy + AOPCR) ...
    [mlflow] versioned model 'mstcn_sep_adaptive_classwise' (id=m-72965fc0ef7847debcea29e1815637e3) params={'model_size_mb': '3.5513', 'n_model_params': '272341', 'name': 'seanet_acp'}
    [mlflow] logged run 'seanet_acp_ElectricDevices'  (train_acc=0.9019 val_acc=0.8423 test_acc=0.6527 test_loss=1.1178)
[ 24/129] ElectricDevices              DONE  acc=0.6527 loss=1.1178 AOPCR=  0.213 NDCG=  n/a C=  7 T=   19 (286s)  [24 trained / 0 failed so far]
[ 25/129] FaceAll
    stage 1/3: loading data ...
    stage 2/3: training on 448 series (val=112, C=14, T=26, batch=16) ...
    stage 3/3: scoring on 1690 test series (accuracy + AOPCR) ...
    [mlflow] versioned model 'mstcn_sep_adaptive_classwise' (id=m-ec020ce3e2944e2ebae28afba3736c05) params={'model_size_mb': '3.5549', 'n_model_params': '273314', 'name': 'seanet_acp'}
    [mlflow] logged run 'seanet_acp_FaceAll'  (train_acc=1.0000 val_acc=0.9911 test_acc=0.8077 test_loss=0.7516)
[ 25/129] FaceAll                      DONE  acc=0.8077 loss=0.7516 AOPCR=  0.185 NDCG=  n/a C= 14 T=   26 (73s)  [25 trained / 0 failed so far]
[ 26/129] FaceFour
    stage 1/3: loading data ...
    stage 2/3: training on 24 series (no val (train-loss early stop), C=4, T=70, batch=2) ...
    stage 3/3: scoring on 88 test series (accuracy + AOPCR) ...
    [mlflow] versioned model 'mstcn_sep_adaptive_classwise' (id=m-b2342d1ecbe34ea9bd2313178d57b6b0) params={'model_size_mb': '3.5497', 'n_model_params': '271924', 'name': 'seanet_acp'}
    [mlflow] logged run 'seanet_acp_FaceFour'  (train_acc=1.0000 test_acc=0.9545 test_loss=0.3433)
[ 26/129] FaceFour                     DONE  acc=0.9545 loss=0.3433 AOPCR=  0.093 NDCG=  n/a C=  4 T=   70 (21s)  [26 trained / 0 failed so far]
[ 27/129] FacesUCR
    stage 1/3: loading data ...
    stage 2/3: training on 165 series (val=35, C=14, T=26, batch=16) ...
    stage 3/3: scoring on 2050 test series (accuracy + AOPCR) ...
    [mlflow] versioned model 'mstcn_sep_adaptive_classwise' (id=m-78a65f4aa127472a92c862bb73d9248e) params={'model_size_mb': '3.5549', 'n_model_params': '273314', 'name': 'seanet_acp'}
    [mlflow] logged run 'seanet_acp_FacesUCR'  (train_acc=1.0000 val_acc=0.8571 test_acc=0.8185 test_loss=0.6267)
[ 27/129] FacesUCR                     DONE  acc=0.8185 loss=0.6267 AOPCR=  0.139 NDCG=  n/a C= 14 T=   26 (12s)  [27 trained / 0 failed so far]
[ 28/129] FiftyWords
    stage 1/3: loading data ...
    stage 2/3: training on 365 series (val=85, C=50, T=54, batch=16) ...
    stage 3/3: scoring on 455 test series (accuracy + AOPCR) ...
    [mlflow] versioned model 'mstcn_sep_adaptive_classwise' (id=m-ff793fb730ba4e5fba46923ffc7dd40b) params={'model_size_mb': '3.5741', 'n_model_params': '278318', 'name': 'seanet_acp'}
    [mlflow] logged run 'seanet_acp_FiftyWords'  (train_acc=1.0000 val_acc=0.7882 test_acc=0.8066 test_loss=0.9052)
[ 28/129] FiftyWords                   DONE  acc=0.8066 loss=0.9052 AOPCR=  0.758 NDCG=  n/a C= 50 T=   54 (27s)  [28 trained / 0 failed so far]
[ 29/129] Fish
    stage 1/3: loading data ...
    stage 2/3: training on 142 series (val=33, C=7, T=92, batch=14) ...
    stage 3/3: scoring on 175 test series (accuracy + AOPCR) ...
    [mlflow] versioned model 'mstcn_sep_adaptive_classwise' (id=m-4de1603a097c4c84966fbaefa2a7e506) params={'model_size_mb': '3.5513', 'n_model_params': '272341', 'name': 'seanet_acp'}
    [mlflow] logged run 'seanet_acp_Fish'  (train_acc=1.0000 val_acc=0.9394 test_acc=0.9371 test_loss=0.2689)
[ 29/129] Fish                         DONE  acc=0.9371 loss=0.2689 AOPCR=  0.316 NDCG=  n/a C=  7 T=   92 (32s)  [29 trained / 0 failed so far]
[ 30/129] FordA
    stage 1/3: loading data ...
    stage 2/3: training on 2881 series (val=720, C=2, T=100, batch=16) ...
    stage 3/3: scoring on 1320 test series (accuracy + AOPCR) ...
    [mlflow] versioned model 'mstcn_sep_adaptive_classwise' (id=m-6441e70782f240ad9928735fa5a59df7) params={'model_size_mb': '3.5487', 'n_model_params': '271646', 'name': 'seanet_acp'}
    [mlflow] logged run 'seanet_acp_FordA'  (train_acc=0.9813 val_acc=0.9667 test_acc=0.9614 test_loss=0.1509)
[ 30/129] FordA                        DONE  acc=0.9614 loss=0.1509 AOPCR=  0.437 NDCG=  n/a C=  2 T=  100 (114s)  [30 trained / 0 failed so far]
[ 31/129] FordB
    stage 1/3: loading data ...
    stage 2/3: training on 2909 series (val=727, C=2, T=100, batch=16) ...
    stage 3/3: scoring on 810 test series (accuracy + AOPCR) ...
    [mlflow] versioned model 'mstcn_sep_adaptive_classwise' (id=m-c5763d58996244d58f5ae5d50cde0227) params={'model_size_mb': '3.5487', 'n_model_params': '271646', 'name': 'seanet_acp'}
    [mlflow] logged run 'seanet_acp_FordB'  (train_acc=0.9969 val_acc=0.9697 test_acc=0.8407 test_loss=0.4039)
[ 31/129] FordB                        DONE  acc=0.8407 loss=0.4039 AOPCR=  0.280 NDCG=  n/a C=  2 T=  100 (141s)  [31 trained / 0 failed so far]
[ 32/129] GunPoint
    stage 1/3: loading data ...
    stage 2/3: training on 50 series (no val (train-loss early stop), C=2, T=30, batch=5) ...
    stage 3/3: scoring on 150 test series (accuracy + AOPCR) ...
    [mlflow] versioned model 'mstcn_sep_adaptive_classwise' (id=m-a6860c798ff44be1ab31c7a3f8665001) params={'model_size_mb': '3.5487', 'n_model_params': '271646', 'name': 'seanet_acp'}
    [mlflow] logged run 'seanet_acp_GunPoint'  (train_acc=1.0000 test_acc=0.9867 test_loss=0.0951)
[ 32/129] GunPoint                     DONE  acc=0.9867 loss=0.0951 AOPCR=  0.140 NDCG=  n/a C=  2 T=   30 (29s)  [32 trained / 0 failed so far]
[ 33/129] Ham
    stage 1/3: loading data ...
    stage 2/3: training on 88 series (val=21, C=2, T=86, batch=8) ...
    stage 3/3: scoring on 105 test series (accuracy + AOPCR) ...
    [mlflow] versioned model 'mstcn_sep_adaptive_classwise' (id=m-dfa1000719574a1d922e628c8ae3f6ff) params={'model_size_mb': '3.5487', 'n_model_params': '271646', 'name': 'seanet_acp'}
    [mlflow] logged run 'seanet_acp_Ham'  (train_acc=1.0000 val_acc=0.8571 test_acc=0.7143 test_loss=0.7080)
[ 33/129] Ham                          DONE  acc=0.7143 loss=0.7080 AOPCR=  0.169 NDCG=  n/a C=  2 T=   86 (11s)  [33 trained / 0 failed so far]
[ 34/129] HandOutlines
    stage 1/3: loading data ...
    stage 2/3: training on 801 series (val=199, C=2, T=541, batch=16) ...
    stage 3/3: scoring on 370 test series (accuracy + AOPCR) ...
    [mlflow] versioned model 'mstcn_sep_adaptive_classwise' (id=m-123e24da20ba44c3b3508b3061f23170) params={'model_size_mb': '3.5487', 'n_model_params': '271646', 'name': 'seanet_acp'}
    [mlflow] logged run 'seanet_acp_HandOutlines'  (train_acc=0.9975 val_acc=0.9447 test_acc=0.9378 test_loss=0.1817)
[ 34/129] HandOutlines                 DONE  acc=0.9378 loss=0.1817 AOPCR= -0.107 NDCG=  n/a C=  2 T=  541 (76s)  [34 trained / 0 failed so far]
[ 35/129] Haptics
    stage 1/3: loading data ...
    stage 2/3: training on 127 series (val=28, C=5, T=218, batch=12) ...
    stage 3/3: scoring on 308 test series (accuracy + AOPCR) ...
    [mlflow] versioned model 'mstcn_sep_adaptive_classwise' (id=m-55fa653b66b540e2b3d7d50cc4eb88f3) params={'model_size_mb': '3.5502', 'n_model_params': '272063', 'name': 'seanet_acp'}
    [mlflow] logged run 'seanet_acp_Haptics'  (train_acc=0.6063 val_acc=0.5714 test_acc=0.4026 test_loss=1.5834)
[ 35/129] Haptics                      DONE  acc=0.4026 loss=1.5834 AOPCR=  0.646 NDCG=  n/a C=  5 T=  218 (6s)  [35 trained / 0 failed so far]
[ 36/129] Herring
    stage 1/3: loading data ...
    stage 2/3: training on 64 series (no val (train-loss early stop), C=2, T=102, batch=6) ...
    stage 3/3: scoring on 64 test series (accuracy + AOPCR) ...
    [mlflow] versioned model 'mstcn_sep_adaptive_classwise' (id=m-f4d626abcdf845a5a6169dbc7cb84c02) params={'model_size_mb': '3.5487', 'n_model_params': '271646', 'name': 'seanet_acp'}
    [mlflow] logged run 'seanet_acp_Herring'  (train_acc=1.0000 test_acc=0.5781 test_loss=0.9690)
[ 36/129] Herring                      DONE  acc=0.5781 loss=0.9690 AOPCR=  0.092 NDCG=  n/a C=  2 T=  102 (34s)  [36 trained / 0 failed so far]
[ 37/129] InlineSkate
    stage 1/3: loading data ...
    stage 2/3: training on 84 series (val=16, C=7, T=376, batch=8) ...
    stage 3/3: scoring on 550 test series (accuracy + AOPCR) ...
    [mlflow] versioned model 'mstcn_sep_adaptive_classwise' (id=m-f7bcc92c4e394e6196bcfff40ea4c504) params={'model_size_mb': '3.5513', 'n_model_params': '272341', 'name': 'seanet_acp'}
    [mlflow] logged run 'seanet_acp_InlineSkate'  (train_acc=0.6548 val_acc=0.4375 test_acc=0.3255 test_loss=1.9137)
[ 37/129] InlineSkate                  DONE  acc=0.3255 loss=1.9137 AOPCR=  1.113 NDCG=  n/a C=  7 T=  376 (6s)  [37 trained / 0 failed so far]
[ 38/129] InsectWingbeatSound
    stage 1/3: loading data ...
    stage 2/3: training on 176 series (val=44, C=11, T=51, batch=16) ...
    stage 3/3: scoring on 1980 test series (accuracy + AOPCR) ...
    [mlflow] versioned model 'mstcn_sep_adaptive_classwise' (id=m-ef5d2c7bda9f4bcfa5db24ae8a446a2a) params={'model_size_mb': '3.5533', 'n_model_params': '272897', 'name': 'seanet_acp'}
    [mlflow] logged run 'seanet_acp_InsectWingbeatSound'  (train_acc=0.7443 val_acc=0.5227 test_acc=0.6096 test_loss=1.0301)
[ 38/129] InsectWingbeatSound          DONE  acc=0.6096 loss=1.0301 AOPCR=  0.087 NDCG=  n/a C= 11 T=   51 (7s)  [38 trained / 0 failed so far]
[ 39/129] ItalyPowerDemand
    stage 1/3: loading data ...
    stage 2/3: training on 67 series (no val (train-loss early stop), C=2, T=4, batch=6) ...
    stage 3/3: scoring on 1029 test series (accuracy + AOPCR) ...
    [mlflow] versioned model 'mstcn_sep_adaptive_classwise' (id=m-3b356f7a83234827ae9f26c2710240d5) params={'model_size_mb': '3.5487', 'n_model_params': '271646', 'name': 'seanet_acp'}
    [mlflow] logged run 'seanet_acp_ItalyPowerDemand'  (train_acc=1.0000 test_acc=0.9621 test_loss=0.1444)
[ 39/129] ItalyPowerDemand             DONE  acc=0.9621 loss=0.1444 AOPCR=  0.177 NDCG=  n/a C=  2 T=    4 (23s)  [39 trained / 0 failed so far]
[ 40/129] LargeKitchenAppliances
    stage 1/3: loading data ...
    stage 2/3: training on 300 series (val=75, C=3, T=144, batch=16) ...
    stage 3/3: scoring on 375 test series (accuracy + AOPCR) ...
    [mlflow] versioned model 'mstcn_sep_adaptive_classwise' (id=m-84b1ae1be96c449c8f262941b5b86e46) params={'model_size_mb': '3.5492', 'n_model_params': '271785', 'name': 'seanet_acp'}
    [mlflow] logged run 'seanet_acp_LargeKitchenAppliances'  (train_acc=1.0000 val_acc=0.8667 test_acc=0.7973 test_loss=0.5570)
[ 40/129] LargeKitchenAppliances       DONE  acc=0.7973 loss=0.5570 AOPCR= -0.160 NDCG=  n/a C=  3 T=  144 (15s)  [40 trained / 0 failed so far]
[ 41/129] Lightning2
    stage 1/3: loading data ...
    stage 2/3: training on 60 series (no val (train-loss early stop), C=2, T=127, batch=6) ...
    stage 3/3: scoring on 61 test series (accuracy + AOPCR) ...
    [mlflow] versioned model 'mstcn_sep_adaptive_classwise' (id=m-b82ef5e747f248db9d4ff3380e8daa79) params={'model_size_mb': '3.5487', 'n_model_params': '271646', 'name': 'seanet_acp'}
    [mlflow] logged run 'seanet_acp_Lightning2'  (train_acc=1.0000 test_acc=0.7377 test_loss=0.5612)
[ 41/129] Lightning2                   DONE  acc=0.7377 loss=0.5612 AOPCR= -0.015 NDCG=  n/a C=  2 T=  127 (23s)  [41 trained / 0 failed so far]
[ 42/129] Lightning7
    stage 1/3: loading data ...
    stage 2/3: training on 70 series (no val (train-loss early stop), C=7, T=63, batch=7) ...
    stage 3/3: scoring on 73 test series (accuracy + AOPCR) ...
    [mlflow] versioned model 'mstcn_sep_adaptive_classwise' (id=m-9d8bb10a34a84573926bf43b0541ea83) params={'model_size_mb': '3.5513', 'n_model_params': '272341', 'name': 'seanet_acp'}
    [mlflow] logged run 'seanet_acp_Lightning7'  (train_acc=1.0000 test_acc=0.7397 test_loss=0.9444)
[ 42/129] Lightning7                   DONE  acc=0.7397 loss=0.9444 AOPCR=  0.398 NDCG=  n/a C=  7 T=   63 (35s)  [42 trained / 0 failed so far]
[ 43/129] Mallat
    stage 1/3: loading data ...
    stage 2/3: training on 55 series (no val (train-loss early stop), C=8, T=204, batch=5) ...
    stage 3/3: scoring on 2345 test series (accuracy + AOPCR) ...
    [mlflow] versioned model 'mstcn_sep_adaptive_classwise' (id=m-557b04d8fced48a1a3eef6bc9a54f3d0) params={'model_size_mb': '3.5518', 'n_model_params': '272480', 'name': 'seanet_acp'}
    [mlflow] logged run 'seanet_acp_Mallat'  (train_acc=1.0000 test_acc=0.9143 test_loss=0.3383)
[ 43/129] Mallat                       DONE  acc=0.9143 loss=0.3383 AOPCR=  0.631 NDCG=  n/a C=  8 T=  204 (29s)  [43 trained / 0 failed so far]
[ 44/129] Meat
    stage 1/3: loading data ...
    stage 2/3: training on 60 series (no val (train-loss early stop), C=3, T=89, batch=6) ...
    stage 3/3: scoring on 60 test series (accuracy + AOPCR) ...
    [mlflow] versioned model 'mstcn_sep_adaptive_classwise' (id=m-875de9bd183f4721835585d54b04553b) params={'model_size_mb': '3.5492', 'n_model_params': '271785', 'name': 'seanet_acp'}
    [mlflow] logged run 'seanet_acp_Meat'  (train_acc=1.0000 test_acc=0.9167 test_loss=0.2679)
[ 44/129] Meat                         DONE  acc=0.9167 loss=0.2679 AOPCR=  1.300 NDCG=  n/a C=  3 T=   89 (28s)  [44 trained / 0 failed so far]
[ 45/129] MedicalImages
    stage 1/3: loading data ...
    stage 2/3: training on 307 series (val=74, C=10, T=19, batch=16) ...
    stage 3/3: scoring on 760 test series (accuracy + AOPCR) ...
    [mlflow] versioned model 'mstcn_sep_adaptive_classwise' (id=m-837867030cc348a6a1d1088f472fab96) params={'model_size_mb': '3.5528', 'n_model_params': '272758', 'name': 'seanet_acp'}
    [mlflow] logged run 'seanet_acp_MedicalImages'  (train_acc=0.9218 val_acc=0.7703 test_acc=0.7118 test_loss=0.8538)
[ 45/129] MedicalImages                DONE  acc=0.7118 loss=0.8538 AOPCR=  0.387 NDCG=  n/a C= 10 T=   19 (17s)  [45 trained / 0 failed so far]
[ 46/129] MiddlePhalanxOutlineAgeGroup
    stage 1/3: loading data ...
    stage 2/3: training on 321 series (val=79, C=3, T=16, batch=16) ...
    stage 3/3: scoring on 154 test series (accuracy + AOPCR) ...
    [mlflow] versioned model 'mstcn_sep_adaptive_classwise' (id=m-2768c55c43f84682bf9a7aea6efcaafa) params={'model_size_mb': '3.5492', 'n_model_params': '271785', 'name': 'seanet_acp'}
    [mlflow] logged run 'seanet_acp_MiddlePhalanxOutlineAgeGroup'  (train_acc=0.8411 val_acc=0.7848 test_acc=0.5714 test_loss=0.9555)
[ 46/129] MiddlePhalanxOutlineAgeGroup DONE  acc=0.5714 loss=0.9555 AOPCR=  0.166 NDCG=  n/a C=  3 T=   16 (23s)  [46 trained / 0 failed so far]
[ 47/129] MiddlePhalanxOutlineCorrect
    stage 1/3: loading data ...
    stage 2/3: training on 481 series (val=119, C=2, T=16, batch=16) ...
    stage 3/3: scoring on 291 test series (accuracy + AOPCR) ...
    [mlflow] versioned model 'mstcn_sep_adaptive_classwise' (id=m-decf1e90c86a4b26ad5cd87d1a4be9c7) params={'model_size_mb': '3.5487', 'n_model_params': '271646', 'name': 'seanet_acp'}
    [mlflow] logged run 'seanet_acp_MiddlePhalanxOutlineCorrect'  (train_acc=0.8732 val_acc=0.8403 test_acc=0.7973 test_loss=0.4234)
[ 47/129] MiddlePhalanxOutlineCorrect  DONE  acc=0.7973 loss=0.4234 AOPCR=  0.154 NDCG=  n/a C=  2 T=   16 (24s)  [47 trained / 0 failed so far]
[ 48/129] MiddlePhalanxTW
    stage 1/3: loading data ...
    stage 2/3: training on 321 series (val=78, C=6, T=16, batch=16) ...
    stage 3/3: scoring on 154 test series (accuracy + AOPCR) ...
    [mlflow] versioned model 'mstcn_sep_adaptive_classwise' (id=m-200b686d606548d5a10f5b654a7f06e7) params={'model_size_mb': '3.5508', 'n_model_params': '272202', 'name': 'seanet_acp'}
    [mlflow] logged run 'seanet_acp_MiddlePhalanxTW'  (train_acc=0.6137 val_acc=0.6282 test_acc=0.5584 test_loss=1.0771)
[ 48/129] MiddlePhalanxTW              DONE  acc=0.5584 loss=1.0771 AOPCR=  0.373 NDCG=  n/a C=  6 T=   16 (12s)  [48 trained / 0 failed so far]
[ 49/129] MoteStrain
    stage 1/3: loading data ...
    stage 2/3: training on 20 series (no val (train-loss early stop), C=2, T=16, batch=2) ...
    stage 3/3: scoring on 1252 test series (accuracy + AOPCR) ...
    [mlflow] versioned model 'mstcn_sep_adaptive_classwise' (id=m-de17fe7ddca643bbb82d506184edbb42) params={'model_size_mb': '3.5487', 'n_model_params': '271646', 'name': 'seanet_acp'}
    [mlflow] logged run 'seanet_acp_MoteStrain'  (train_acc=1.0000 test_acc=0.8546 test_loss=0.3224)
[ 49/129] MoteStrain                   DONE  acc=0.8546 loss=0.3224 AOPCR=  0.183 NDCG=  n/a C=  2 T=   16 (26s)  [49 trained / 0 failed so far]
[ 50/129] NonInvasiveFetalECGThorax1
    stage 1/3: loading data ...
    stage 2/3: training on 1452 series (val=348, C=42, T=150, batch=16) ...
    stage 3/3: scoring on 1965 test series (accuracy + AOPCR) ...
    [mlflow] versioned model 'mstcn_sep_adaptive_classwise' (id=m-1111275a9f75468687c0284d92964e18) params={'model_size_mb': '3.5698', 'n_model_params': '277206', 'name': 'seanet_acp'}
    [mlflow] logged run 'seanet_acp_NonInvasiveFetalECGThorax1'  (train_acc=0.9883 val_acc=0.9138 test_acc=0.9038 test_loss=0.3632)
[ 50/129] NonInvasiveFetalECGThorax1   DONE  acc=0.9038 loss=0.3632 AOPCR= -0.455 NDCG=  n/a C= 42 T=  150 (106s)  [50 trained / 0 failed so far]
[ 51/129] NonInvasiveFetalECGThorax2
    stage 1/3: loading data ...
    stage 2/3: training on 1452 series (val=348, C=42, T=150, batch=16) ...
    stage 3/3: scoring on 1965 test series (accuracy + AOPCR) ...
    [mlflow] versioned model 'mstcn_sep_adaptive_classwise' (id=m-11fd611bbf204b94b8134bcbdd926905) params={'model_size_mb': '3.5698', 'n_model_params': '277206', 'name': 'seanet_acp'}
    [mlflow] logged run 'seanet_acp_NonInvasiveFetalECGThorax2'  (train_acc=0.9931 val_acc=0.9598 test_acc=0.9359 test_loss=0.2838)
[ 51/129] NonInvasiveFetalECGThorax2   DONE  acc=0.9359 loss=0.2838 AOPCR= -0.583 NDCG=  n/a C= 42 T=  150 (145s)  [51 trained / 0 failed so far]
[ 52/129] OliveOil
    stage 1/3: loading data ...
    stage 2/3: training on 30 series (no val (train-loss early stop), C=4, T=114, batch=3) ...
    stage 3/3: scoring on 30 test series (accuracy + AOPCR) ...
    [mlflow] versioned model 'mstcn_sep_adaptive_classwise' (id=m-07b3d5d6ebc741949ec35af6f5b5f3fe) params={'model_size_mb': '3.5497', 'n_model_params': '271924', 'name': 'seanet_acp'}
    [mlflow] logged run 'seanet_acp_OliveOil'  (train_acc=0.4333 test_acc=0.4000 test_loss=1.3014)
[ 52/129] OliveOil                     DONE  acc=0.4000 loss=1.3014 AOPCR= -0.008 NDCG=  n/a C=  4 T=  114 (5s)  [52 trained / 0 failed so far]
[ 53/129] OSULeaf
    stage 1/3: loading data ...
    stage 2/3: training on 163 series (val=37, C=6, T=85, batch=16) ...
    stage 3/3: scoring on 242 test series (accuracy + AOPCR) ...
    [mlflow] versioned model 'mstcn_sep_adaptive_classwise' (id=m-84bd6424a4404c7da87e7a35775aa201) params={'model_size_mb': '3.5508', 'n_model_params': '272202', 'name': 'seanet_acp'}
    [mlflow] logged run 'seanet_acp_OSULeaf'  (train_acc=1.0000 val_acc=0.8919 test_acc=0.7769 test_loss=0.6641)
[ 53/129] OSULeaf                      DONE  acc=0.7769 loss=0.6641 AOPCR=  0.487 NDCG=  n/a C=  6 T=   85 (10s)  [53 trained / 0 failed so far]
[ 54/129] PhalangesOutlinesCorrect
    stage 1/3: loading data ...
    stage 2/3: training on 1441 series (val=359, C=2, T=16, batch=16) ...
    stage 3/3: scoring on 858 test series (accuracy + AOPCR) ...
    [mlflow] versioned model 'mstcn_sep_adaptive_classwise' (id=m-9e300cc8b4bd473ab9daac949706e55d) params={'model_size_mb': '3.5487', 'n_model_params': '271646', 'name': 'seanet_acp'}
    [mlflow] logged run 'seanet_acp_PhalangesOutlinesCorrect'  (train_acc=0.9035 val_acc=0.8747 test_acc=0.7984 test_loss=0.4422)
[ 54/129] PhalangesOutlinesCorrect     DONE  acc=0.7984 loss=0.4422 AOPCR=  0.041 NDCG=  n/a C=  2 T=   16 (100s)  [54 trained / 0 failed so far]
[ 55/129] Phoneme
    stage 1/3: loading data ...
    stage 2/3: training on 171 series (val=43, C=39, T=204, batch=16) ...
    stage 3/3: scoring on 1896 test series (accuracy + AOPCR) ...
    [mlflow] versioned model 'mstcn_sep_adaptive_classwise' (id=m-7429224ca4794ed9b3ba51969fc46c2b) params={'model_size_mb': '3.5682', 'n_model_params': '276789', 'name': 'seanet_acp'}
    [mlflow] logged run 'seanet_acp_Phoneme'  (train_acc=0.3216 val_acc=0.1163 test_acc=0.1904 test_loss=3.0165)
[ 55/129] Phoneme                      DONE  acc=0.1904 loss=3.0165 AOPCR=  0.135 NDCG=  n/a C= 39 T=  204 (5s)  [55 trained / 0 failed so far]
[ 56/129] Plane
    stage 1/3: loading data ...
    stage 2/3: training on 87 series (val=18, C=7, T=28, batch=8) ...
    stage 3/3: scoring on 105 test series (accuracy + AOPCR) ...
    [mlflow] versioned model 'mstcn_sep_adaptive_classwise' (id=m-72a6f3c3f07e4dccbec9444ac2fae97c) params={'model_size_mb': '3.5513', 'n_model_params': '272341', 'name': 'seanet_acp'}
    [mlflow] logged run 'seanet_acp_Plane'  (train_acc=1.0000 val_acc=1.0000 test_acc=1.0000 test_loss=0.0945)
[ 56/129] Plane                        DONE  acc=1.0000 loss=0.0945 AOPCR= -0.268 NDCG=  n/a C=  7 T=   28 (32s)  [56 trained / 0 failed so far]
[ 57/129] ProximalPhalanxOutlineAgeGroup
    stage 1/3: loading data ...
    stage 2/3: training on 322 series (val=78, C=3, T=16, batch=16) ...
    stage 3/3: scoring on 205 test series (accuracy + AOPCR) ...
    [mlflow] versioned model 'mstcn_sep_adaptive_classwise' (id=m-5c0a7020a4ea4dfa88f086aac9149204) params={'model_size_mb': '3.5492', 'n_model_params': '271785', 'name': 'seanet_acp'}
    [mlflow] logged run 'seanet_acp_ProximalPhalanxOutlineAgeGroup'  (train_acc=0.8851 val_acc=0.8590 test_acc=0.8341 test_loss=0.4404)
[ 57/129] ProximalPhalanxOutlineAgeGroup DONE  acc=0.8341 loss=0.4404 AOPCR= -0.115 NDCG=  n/a C=  3 T=   16 (22s)  [57 trained / 0 failed so far]
[ 58/129] ProximalPhalanxOutlineCorrect
    stage 1/3: loading data ...
    stage 2/3: training on 481 series (val=119, C=2, T=16, batch=16) ...
    stage 3/3: scoring on 291 test series (accuracy + AOPCR) ...
    [mlflow] versioned model 'mstcn_sep_adaptive_classwise' (id=m-23348758d94548a18c12b5344ea238e3) params={'model_size_mb': '3.5487', 'n_model_params': '271646', 'name': 'seanet_acp'}
    [mlflow] logged run 'seanet_acp_ProximalPhalanxOutlineCorrect'  (train_acc=0.9626 val_acc=0.9328 test_acc=0.9003 test_loss=0.2777)
[ 58/129] ProximalPhalanxOutlineCorrect DONE  acc=0.9003 loss=0.2777 AOPCR=  0.075 NDCG=  n/a C=  2 T=   16 (53s)  [58 trained / 0 failed so far]
[ 59/129] ProximalPhalanxTW
    stage 1/3: loading data ...
    stage 2/3: training on 322 series (val=78, C=6, T=16, batch=16) ...
    stage 3/3: scoring on 205 test series (accuracy + AOPCR) ...
    [mlflow] versioned model 'mstcn_sep_adaptive_classwise' (id=m-7bd63c452e034cc88dd6988e1906351f) params={'model_size_mb': '3.5508', 'n_model_params': '272202', 'name': 'seanet_acp'}
    [mlflow] logged run 'seanet_acp_ProximalPhalanxTW'  (train_acc=0.8540 val_acc=0.8590 test_acc=0.7463 test_loss=0.6410)
[ 59/129] ProximalPhalanxTW            DONE  acc=0.7463 loss=0.6410 AOPCR= -1.675 NDCG=  n/a C=  6 T=   16 (25s)  [59 trained / 0 failed so far]
[ 60/129] RefrigerationDevices
    stage 1/3: loading data ...
    stage 2/3: training on 300 series (val=75, C=3, T=144, batch=16) ...
    stage 3/3: scoring on 375 test series (accuracy + AOPCR) ...
    [mlflow] versioned model 'mstcn_sep_adaptive_classwise' (id=m-98de79904d8847f2a24f88ad826c46f5) params={'model_size_mb': '3.5492', 'n_model_params': '271785', 'name': 'seanet_acp'}
    [mlflow] logged run 'seanet_acp_RefrigerationDevices'  (train_acc=0.5133 val_acc=0.4400 test_acc=0.3813 test_loss=1.0944)
[ 60/129] RefrigerationDevices         DONE  acc=0.3813 loss=1.0944 AOPCR=  0.073 NDCG=  n/a C=  3 T=  144 (9s)  [60 trained / 0 failed so far]
[ 61/129] ScreenType
    stage 1/3: loading data ...
    stage 2/3: training on 300 series (val=75, C=3, T=144, batch=16) ...
    stage 3/3: scoring on 375 test series (accuracy + AOPCR) ...
    [mlflow] versioned model 'mstcn_sep_adaptive_classwise' (id=m-0e4a4a7185314ca09c30a3daaf871243) params={'model_size_mb': '3.5492', 'n_model_params': '271785', 'name': 'seanet_acp'}
    [mlflow] logged run 'seanet_acp_ScreenType'  (train_acc=0.6400 val_acc=0.4267 test_acc=0.4027 test_loss=1.1063)
[ 61/129] ScreenType                   DONE  acc=0.4027 loss=1.1063 AOPCR=  0.361 NDCG=  n/a C=  3 T=  144 (9s)  [61 trained / 0 failed so far]
[ 62/129] ShapeletSim
    stage 1/3: loading data ...
    stage 2/3: training on 20 series (no val (train-loss early stop), C=2, T=100, batch=2) ...
    stage 3/3: scoring on 180 test series (accuracy + AOPCR) ...
    [mlflow] versioned model 'mstcn_sep_adaptive_classwise' (id=m-c1c878d2a4cf4faf82a53a8122aa84ef) params={'model_size_mb': '3.5487', 'n_model_params': '271646', 'name': 'seanet_acp'}
    [mlflow] logged run 'seanet_acp_ShapeletSim'  (train_acc=1.0000 test_acc=0.6111 test_loss=0.6921)
[ 62/129] ShapeletSim                  DONE  acc=0.6111 loss=0.6921 AOPCR=  0.069 NDCG=  n/a C=  2 T=  100 (9s)  [62 trained / 0 failed so far]
[ 63/129] ShapesAll
    stage 1/3: loading data ...
    stage 2/3: training on 480 series (val=120, C=60, T=102, batch=16) ...
    stage 3/3: scoring on 600 test series (accuracy + AOPCR) ...
    [mlflow] versioned model 'mstcn_sep_adaptive_classwise' (id=m-05b61a9c693249dc8627faf21ac89253) params={'model_size_mb': '3.5793', 'n_model_params': '279708', 'name': 'seanet_acp'}
    [mlflow] logged run 'seanet_acp_ShapesAll'  (train_acc=0.9979 val_acc=0.9083 test_acc=0.8700 test_loss=0.6064)
[ 63/129] ShapesAll                    DONE  acc=0.8700 loss=0.6064 AOPCR=  0.850 NDCG=  n/a C= 60 T=  102 (50s)  [63 trained / 0 failed so far]
[ 64/129] SmallKitchenAppliances
    stage 1/3: loading data ...
    stage 2/3: training on 300 series (val=75, C=3, T=144, batch=16) ...
    stage 3/3: scoring on 375 test series (accuracy + AOPCR) ...
    [mlflow] versioned model 'mstcn_sep_adaptive_classwise' (id=m-7289030cd3104fec875dfe3806d257e4) params={'model_size_mb': '3.5492', 'n_model_params': '271785', 'name': 'seanet_acp'}
    [mlflow] logged run 'seanet_acp_SmallKitchenAppliances'  (train_acc=0.7467 val_acc=0.6933 test_acc=0.7387 test_loss=0.6907)
[ 64/129] SmallKitchenAppliances       DONE  acc=0.7387 loss=0.6907 AOPCR=  0.373 NDCG=  n/a C=  3 T=  144 (9s)  [64 trained / 0 failed so far]
[ 65/129] SonyAIBORobotSurface1
    stage 1/3: loading data ...
    stage 2/3: training on 20 series (no val (train-loss early stop), C=2, T=14, batch=2) ...
    stage 3/3: scoring on 601 test series (accuracy + AOPCR) ...
    [mlflow] versioned model 'mstcn_sep_adaptive_classwise' (id=m-6ac2121db7db4841b8b309bb3f75798f) params={'model_size_mb': '3.5487', 'n_model_params': '271646', 'name': 'seanet_acp'}
    [mlflow] logged run 'seanet_acp_SonyAIBORobotSurface1'  (train_acc=1.0000 test_acc=0.8386 test_loss=0.3747)
[ 65/129] SonyAIBORobotSurface1        DONE  acc=0.8386 loss=0.3747 AOPCR=  0.229 NDCG=  n/a C=  2 T=   14 (12s)  [65 trained / 0 failed so far]
[ 66/129] SonyAIBORobotSurface2
    stage 1/3: loading data ...
    stage 2/3: training on 27 series (no val (train-loss early stop), C=2, T=13, batch=2) ...
    stage 3/3: scoring on 953 test series (accuracy + AOPCR) ...
    [mlflow] versioned model 'mstcn_sep_adaptive_classwise' (id=m-a7d4fec9a352472fbacd7360614d9461) params={'model_size_mb': '3.5487', 'n_model_params': '271646', 'name': 'seanet_acp'}
    [mlflow] logged run 'seanet_acp_SonyAIBORobotSurface2'  (train_acc=1.0000 test_acc=0.8594 test_loss=0.3267)
[ 66/129] SonyAIBORobotSurface2        DONE  acc=0.8594 loss=0.3267 AOPCR=  0.101 NDCG=  n/a C=  2 T=   13 (27s)  [66 trained / 0 failed so far]
[ 67/129] StarLightCurves
    stage 1/3: loading data ...
    stage 2/3: training on 801 series (val=199, C=3, T=204, batch=16) ...
    stage 3/3: scoring on 8236 test series (accuracy + AOPCR) ...
    [mlflow] versioned model 'mstcn_sep_adaptive_classwise' (id=m-7284b154f0ab4ee3a78754984c2fa10a) params={'model_size_mb': '3.5492', 'n_model_params': '271785', 'name': 'seanet_acp'}
    [mlflow] logged run 'seanet_acp_StarLightCurves'  (train_acc=0.9988 val_acc=0.9799 test_acc=0.9756 test_loss=0.1407)
[ 67/129] StarLightCurves              DONE  acc=0.9756 loss=0.1407 AOPCR=  0.483 NDCG=  n/a C=  3 T=  204 (40s)  [67 trained / 0 failed so far]
[ 68/129] Strawberry
    stage 1/3: loading data ...
    stage 2/3: training on 492 series (val=121, C=2, T=47, batch=16) ...
    stage 3/3: scoring on 370 test series (accuracy + AOPCR) ...
    [mlflow] versioned model 'mstcn_sep_adaptive_classwise' (id=m-54365abeb605422494eaf0f9532db17f) params={'model_size_mb': '3.5487', 'n_model_params': '271646', 'name': 'seanet_acp'}
    [mlflow] logged run 'seanet_acp_Strawberry'  (train_acc=0.9858 val_acc=0.9917 test_acc=0.9541 test_loss=0.1676)
[ 68/129] Strawberry                   DONE  acc=0.9541 loss=0.1676 AOPCR=  0.236 NDCG=  n/a C=  2 T=   47 (56s)  [68 trained / 0 failed so far]
[ 69/129] SwedishLeaf
    stage 1/3: loading data ...
    stage 2/3: training on 405 series (val=95, C=15, T=25, batch=16) ...
    stage 3/3: scoring on 625 test series (accuracy + AOPCR) ...
    [mlflow] versioned model 'mstcn_sep_adaptive_classwise' (id=m-1829bb5170854b68b2c517b0d0fc9264) params={'model_size_mb': '3.5554', 'n_model_params': '273453', 'name': 'seanet_acp'}
    [mlflow] logged run 'seanet_acp_SwedishLeaf'  (train_acc=1.0000 val_acc=0.9368 test_acc=0.9312 test_loss=0.2859)
[ 69/129] SwedishLeaf                  DONE  acc=0.9312 loss=0.2859 AOPCR=  0.338 NDCG=  n/a C= 15 T=   25 (50s)  [69 trained / 0 failed so far]
[ 70/129] Symbols
    stage 1/3: loading data ...
    stage 2/3: training on 25 series (no val (train-loss early stop), C=6, T=79, batch=2) ...
    stage 3/3: scoring on 995 test series (accuracy + AOPCR) ...
    [mlflow] versioned model 'mstcn_sep_adaptive_classwise' (id=m-f8bff7212e76406db23821c056e3c328) params={'model_size_mb': '3.5508', 'n_model_params': '272202', 'name': 'seanet_acp'}
    [mlflow] logged run 'seanet_acp_Symbols'  (train_acc=1.0000 test_acc=0.9638 test_loss=0.2371)
[ 70/129] Symbols                      DONE  acc=0.9638 loss=0.2371 AOPCR=  0.811 NDCG=  n/a C=  6 T=   79 (21s)  [70 trained / 0 failed so far]
[ 71/129] SyntheticControl
    stage 1/3: loading data ...
    stage 2/3: training on 240 series (val=60, C=6, T=12, batch=16) ...
    stage 3/3: scoring on 300 test series (accuracy + AOPCR) ...
    [mlflow] versioned model 'mstcn_sep_adaptive_classwise' (id=m-c1c8db02d2ff40d4991f0da5524d4b15) params={'model_size_mb': '3.5508', 'n_model_params': '272202', 'name': 'seanet_acp'}
    [mlflow] logged run 'seanet_acp_SyntheticControl'  (train_acc=1.0000 val_acc=1.0000 test_acc=0.9933 test_loss=0.1111)
[ 71/129] SyntheticControl             DONE  acc=0.9933 loss=0.1111 AOPCR=  0.168 NDCG=  n/a C=  6 T=   12 (21s)  [71 trained / 0 failed so far]
[ 72/129] ToeSegmentation1
    stage 1/3: loading data ...
    stage 2/3: training on 40 series (no val (train-loss early stop), C=2, T=55, batch=4) ...
    stage 3/3: scoring on 228 test series (accuracy + AOPCR) ...
    [mlflow] versioned model 'mstcn_sep_adaptive_classwise' (id=m-84bb6e4778f84237b8b4011297dba5cb) params={'model_size_mb': '3.5487', 'n_model_params': '271646', 'name': 'seanet_acp'}
    [mlflow] logged run 'seanet_acp_ToeSegmentation1'  (train_acc=1.0000 test_acc=0.8772 test_loss=0.3021)
[ 72/129] ToeSegmentation1             DONE  acc=0.8772 loss=0.3021 AOPCR= -0.006 NDCG=  n/a C=  2 T=   55 (14s)  [72 trained / 0 failed so far]
[ 73/129] ToeSegmentation2
    stage 1/3: loading data ...
    stage 2/3: training on 36 series (no val (train-loss early stop), C=2, T=68, batch=3) ...
    stage 3/3: scoring on 130 test series (accuracy + AOPCR) ...
    [mlflow] versioned model 'mstcn_sep_adaptive_classwise' (id=m-f95158e13c0a437a9c3d3103188c7e2e) params={'model_size_mb': '3.5487', 'n_model_params': '271646', 'name': 'seanet_acp'}
    [mlflow] logged run 'seanet_acp_ToeSegmentation2'  (train_acc=1.0000 test_acc=0.9077 test_loss=0.2670)
[ 73/129] ToeSegmentation2             DONE  acc=0.9077 loss=0.2670 AOPCR=  0.245 NDCG=  n/a C=  2 T=   68 (19s)  [73 trained / 0 failed so far]
[ 74/129] Trace
    stage 1/3: loading data ...
    stage 2/3: training on 81 series (val=19, C=4, T=55, batch=8) ...
    stage 3/3: scoring on 100 test series (accuracy + AOPCR) ...
    [mlflow] versioned model 'mstcn_sep_adaptive_classwise' (id=m-42aea8c8dbed4895ac8be11f65a9cdcb) params={'model_size_mb': '3.5497', 'n_model_params': '271924', 'name': 'seanet_acp'}
    [mlflow] logged run 'seanet_acp_Trace'  (train_acc=1.0000 val_acc=1.0000 test_acc=1.0000 test_loss=0.0935)
[ 74/129] Trace                        DONE  acc=1.0000 loss=0.0935 AOPCR=  0.817 NDCG=  n/a C=  4 T=   55 (15s)  [74 trained / 0 failed so far]
[ 75/129] TwoLeadECG
    stage 1/3: loading data ...
    stage 2/3: training on 23 series (no val (train-loss early stop), C=2, T=16, batch=2) ...
    stage 3/3: scoring on 1139 test series (accuracy + AOPCR) ...
    [mlflow] versioned model 'mstcn_sep_adaptive_classwise' (id=m-73812d56f5064569b5376e8488948846) params={'model_size_mb': '3.5487', 'n_model_params': '271646', 'name': 'seanet_acp'}
    [mlflow] logged run 'seanet_acp_TwoLeadECG'  (train_acc=1.0000 test_acc=0.9025 test_loss=0.2433)
[ 75/129] TwoLeadECG                   DONE  acc=0.9025 loss=0.2433 AOPCR=  0.103 NDCG=  n/a C=  2 T=   16 (27s)  [75 trained / 0 failed so far]
[ 76/129] TwoPatterns
    stage 1/3: loading data ...
    stage 2/3: training on 801 series (val=199, C=4, T=25, batch=16) ...
    stage 3/3: scoring on 4000 test series (accuracy + AOPCR) ...
    [mlflow] versioned model 'mstcn_sep_adaptive_classwise' (id=m-5027e020b34540159bed3666b68535f4) params={'model_size_mb': '3.5497', 'n_model_params': '271924', 'name': 'seanet_acp'}
    [mlflow] logged run 'seanet_acp_TwoPatterns'  (train_acc=1.0000 val_acc=1.0000 test_acc=0.9995 test_loss=0.0941)
[ 76/129] TwoPatterns                  DONE  acc=0.9995 loss=0.0941 AOPCR=  1.888 NDCG=  n/a C=  4 T=   25 (73s)  [76 trained / 0 failed so far]
[ 77/129] UWaveGestureLibraryAll
    stage 1/3: loading data ...
    stage 2/3: training on 719 series (val=177, C=8, T=189, batch=16) ...
    stage 3/3: scoring on 3582 test series (accuracy + AOPCR) ...
    [mlflow] versioned model 'mstcn_sep_adaptive_classwise' (id=m-936846242441492785dcbfdf127c3cc1) params={'model_size_mb': '3.5518', 'n_model_params': '272480', 'name': 'seanet_acp'}
    [mlflow] logged run 'seanet_acp_UWaveGestureLibraryAll'  (train_acc=1.0000 val_acc=0.9774 test_acc=0.9830 test_loss=0.1603)
[ 77/129] UWaveGestureLibraryAll       DONE  acc=0.9830 loss=0.1603 AOPCR=  1.007 NDCG=  n/a C=  8 T=  189 (84s)  [77 trained / 0 failed so far]
[ 78/129] UWaveGestureLibraryX
    stage 1/3: loading data ...
    stage 2/3: training on 719 series (val=177, C=8, T=63, batch=16) ...
    stage 3/3: scoring on 3582 test series (accuracy + AOPCR) ...
    [mlflow] versioned model 'mstcn_sep_adaptive_classwise' (id=m-692079383f6d46d28627e2fd8ab5a7cf) params={'model_size_mb': '3.5518', 'n_model_params': '272480', 'name': 'seanet_acp'}
    [mlflow] logged run 'seanet_acp_UWaveGestureLibraryX'  (train_acc=0.9569 val_acc=0.8701 test_acc=0.8110 test_loss=0.5763)
[ 78/129] UWaveGestureLibraryX         DONE  acc=0.8110 loss=0.5763 AOPCR=  0.388 NDCG=  n/a C=  8 T=   63 (26s)  [78 trained / 0 failed so far]
[ 79/129] UWaveGestureLibraryY
    stage 1/3: loading data ...
    stage 2/3: training on 719 series (val=177, C=8, T=63, batch=16) ...
    stage 3/3: scoring on 3582 test series (accuracy + AOPCR) ...
    [mlflow] versioned model 'mstcn_sep_adaptive_classwise' (id=m-0afbaa816a594c4abf149ac41fb0ae0d) params={'model_size_mb': '3.5518', 'n_model_params': '272480', 'name': 'seanet_acp'}
    [mlflow] logged run 'seanet_acp_UWaveGestureLibraryY'  (train_acc=0.9652 val_acc=0.7684 test_acc=0.7353 test_loss=0.8480)
[ 79/129] UWaveGestureLibraryY         DONE  acc=0.7353 loss=0.8480 AOPCR=  0.507 NDCG=  n/a C=  8 T=   63 (28s)  [79 trained / 0 failed so far]
[ 80/129] UWaveGestureLibraryZ
    stage 1/3: loading data ...
    stage 2/3: training on 719 series (val=177, C=8, T=63, batch=16) ...
    stage 3/3: scoring on 3582 test series (accuracy + AOPCR) ...
    [mlflow] versioned model 'mstcn_sep_adaptive_classwise' (id=m-e61e2a08978345e0beb7726ccf2b59bb) params={'model_size_mb': '3.5518', 'n_model_params': '272480', 'name': 'seanet_acp'}
    [mlflow] logged run 'seanet_acp_UWaveGestureLibraryZ'  (train_acc=0.8776 val_acc=0.7062 test_acc=0.7627 test_loss=0.7294)
[ 80/129] UWaveGestureLibraryZ         DONE  acc=0.7627 loss=0.7294 AOPCR=  0.406 NDCG=  n/a C=  8 T=   63 (27s)  [80 trained / 0 failed so far]
[ 81/129] Wafer
    stage 1/3: loading data ...
    stage 2/3: training on 801 series (val=199, C=2, T=30, batch=16) ...
    stage 3/3: scoring on 6164 test series (accuracy + AOPCR) ...
    [mlflow] versioned model 'mstcn_sep_adaptive_classwise' (id=m-b9b2fe168d6249c78026d3c4c7369cc5) params={'model_size_mb': '3.5487', 'n_model_params': '271646', 'name': 'seanet_acp'}
    [mlflow] logged run 'seanet_acp_Wafer'  (train_acc=1.0000 val_acc=1.0000 test_acc=0.9964 test_loss=0.0723)
[ 81/129] Wafer                        DONE  acc=0.9964 loss=0.0723 AOPCR=  0.166 NDCG=  n/a C=  2 T=   30 (60s)  [81 trained / 0 failed so far]
[ 82/129] Wine
    stage 1/3: loading data ...
    stage 2/3: training on 57 series (no val (train-loss early stop), C=2, T=46, batch=5) ...
    stage 3/3: scoring on 54 test series (accuracy + AOPCR) ...
    [mlflow] versioned model 'mstcn_sep_adaptive_classwise' (id=m-83d01f5e521f4b7ba0afecbe73203cc2) params={'model_size_mb': '3.5487', 'n_model_params': '271646', 'name': 'seanet_acp'}
    [mlflow] logged run 'seanet_acp_Wine'  (train_acc=0.6140 test_acc=0.5185 test_loss=0.6697)
[ 82/129] Wine                         DONE  acc=0.5185 loss=0.6697 AOPCR=  2.981 NDCG=  n/a C=  2 T=   46 (26s)  [82 trained / 0 failed so far]
[ 83/129] WordSynonyms
    stage 1/3: loading data ...
    stage 2/3: training on 217 series (val=50, C=25, T=54, batch=16) ...
    stage 3/3: scoring on 638 test series (accuracy + AOPCR) ...
    [mlflow] versioned model 'mstcn_sep_adaptive_classwise' (id=m-597ff5f2f46847589de04bee48ea2ce4) params={'model_size_mb': '3.5608', 'n_model_params': '274843', 'name': 'seanet_acp'}
    [mlflow] logged run 'seanet_acp_WordSynonyms'  (train_acc=1.0000 val_acc=0.7200 test_acc=0.7241 test_loss=1.1847)
[ 83/129] WordSynonyms                 DONE  acc=0.7241 loss=1.1847 AOPCR=  0.516 NDCG=  n/a C= 25 T=   54 (14s)  [83 trained / 0 failed so far]
[ 84/129] Worms
    stage 1/3: loading data ...
    stage 2/3: training on 146 series (val=35, C=5, T=180, batch=14) ...
    stage 3/3: scoring on 77 test series (accuracy + AOPCR) ...
    [mlflow] versioned model 'mstcn_sep_adaptive_classwise' (id=m-198444c760d74054b37f991e5e866616) params={'model_size_mb': '3.5502', 'n_model_params': '272063', 'name': 'seanet_acp'}
    [mlflow] logged run 'seanet_acp_Worms'  (train_acc=0.9932 val_acc=0.6571 test_acc=0.5974 test_loss=1.1114)
[ 84/129] Worms                        DONE  acc=0.5974 loss=1.1114 AOPCR=  0.621 NDCG=  n/a C=  5 T=  180 (17s)  [84 trained / 0 failed so far]
[ 85/129] WormsTwoClass
    stage 1/3: loading data ...
    stage 2/3: training on 145 series (val=36, C=2, T=180, batch=14) ...
    stage 3/3: scoring on 77 test series (accuracy + AOPCR) ...
    [mlflow] versioned model 'mstcn_sep_adaptive_classwise' (id=m-e35e7209ec5f4340a2e857815503b4b3) params={'model_size_mb': '3.5487', 'n_model_params': '271646', 'name': 'seanet_acp'}
    [mlflow] logged run 'seanet_acp_WormsTwoClass'  (train_acc=0.9379 val_acc=0.7222 test_acc=0.7013 test_loss=0.5639)
[ 85/129] WormsTwoClass                DONE  acc=0.7013 loss=0.5639 AOPCR=  0.422 NDCG=  n/a C=  2 T=  180 (5s)  [85 trained / 0 failed so far]
[ 86/129] Yoga
    stage 1/3: loading data ...
    stage 2/3: training on 241 series (val=59, C=2, T=85, batch=16) ...
    stage 3/3: scoring on 3000 test series (accuracy + AOPCR) ...
    [mlflow] versioned model 'mstcn_sep_adaptive_classwise' (id=m-2fbc57a0abb44310a90d73c35394c3ad) params={'model_size_mb': '3.5487', 'n_model_params': '271646', 'name': 'seanet_acp'}
    [mlflow] logged run 'seanet_acp_Yoga'  (train_acc=1.0000 val_acc=0.9322 test_acc=0.8933 test_loss=0.2640)
[ 86/129] Yoga                         DONE  acc=0.8933 loss=0.2640 AOPCR=  0.292 NDCG=  n/a C=  2 T=   85 (23s)  [86 trained / 0 failed so far]
[ 87/129] ACSF1
    stage 1/3: loading data ...
    stage 2/3: training on 80 series (val=20, C=10, T=292, batch=8) ...
    stage 3/3: scoring on 100 test series (accuracy + AOPCR) ...
    [mlflow] versioned model 'mstcn_sep_adaptive_classwise' (id=m-e04f7111210e4c78bb155b5e295e52e3) params={'model_size_mb': '3.5528', 'n_model_params': '272758', 'name': 'seanet_acp'}
    [mlflow] logged run 'seanet_acp_ACSF1'  (train_acc=0.9000 val_acc=0.6500 test_acc=0.6600 test_loss=1.1385)
[ 87/129] ACSF1                        DONE  acc=0.6600 loss=1.1385 AOPCR=  0.016 NDCG=  n/a C= 10 T=  292 (8s)  [87 trained / 0 failed so far]
[ 88/129] AllGestureWiimoteX
    stage 1/3: loading data ...
    stage 2/3: training on 240 series (val=60, C=10, T=100, batch=16) ...
    stage 3/3: scoring on 700 test series (accuracy + AOPCR) ...
    [mlflow] versioned model 'mstcn_sep_adaptive_classwise' (id=m-55f64fe602904c44aca5af24d08fb98e) params={'model_size_mb': '3.5528', 'n_model_params': '272758', 'name': 'seanet_acp'}
    [mlflow] logged run 'seanet_acp_AllGestureWiimoteX'  (train_acc=1.0000 val_acc=0.7333 test_acc=0.6900 test_loss=1.0697)
[ 88/129] AllGestureWiimoteX           DONE  acc=0.6900 loss=1.0697 AOPCR=  0.694 NDCG=  n/a C= 10 T=  100 (16s)  [88 trained / 0 failed so far]
[ 89/129] AllGestureWiimoteY
    stage 1/3: loading data ...
    stage 2/3: training on 240 series (val=60, C=10, T=100, batch=16) ...
    stage 3/3: scoring on 700 test series (accuracy + AOPCR) ...
    [mlflow] versioned model 'mstcn_sep_adaptive_classwise' (id=m-5134925bb7dc4bb880346446b2218dda) params={'model_size_mb': '3.5528', 'n_model_params': '272758', 'name': 'seanet_acp'}
    [mlflow] logged run 'seanet_acp_AllGestureWiimoteY'  (train_acc=0.9792 val_acc=0.6667 test_acc=0.7000 test_loss=0.9946)
[ 89/129] AllGestureWiimoteY           DONE  acc=0.7000 loss=0.9946 AOPCR=  0.394 NDCG=  n/a C= 10 T=  100 (10s)  [89 trained / 0 failed so far]
[ 90/129] AllGestureWiimoteZ
    stage 1/3: loading data ...
    stage 2/3: training on 240 series (val=60, C=10, T=100, batch=16) ...
    stage 3/3: scoring on 700 test series (accuracy + AOPCR) ...
    [mlflow] versioned model 'mstcn_sep_adaptive_classwise' (id=m-dc32cdc961a6486580c0ac488b29103c) params={'model_size_mb': '3.5528', 'n_model_params': '272758', 'name': 'seanet_acp'}
    [mlflow] logged run 'seanet_acp_AllGestureWiimoteZ'  (train_acc=0.9667 val_acc=0.6167 test_acc=0.6143 test_loss=1.1981)
[ 90/129] AllGestureWiimoteZ           DONE  acc=0.6143 loss=1.1981 AOPCR= -0.551 NDCG=  n/a C= 10 T=  100 (13s)  [90 trained / 0 failed so far]
[ 91/129] BME
    stage 1/3: loading data ...
    stage 2/3: training on 30 series (no val (train-loss early stop), C=3, T=25, batch=3) ...
    stage 3/3: scoring on 150 test series (accuracy + AOPCR) ...
    [mlflow] versioned model 'mstcn_sep_adaptive_classwise' (id=m-ccd18a85583b4e8d9059313f800b14fd) params={'model_size_mb': '3.5492', 'n_model_params': '271785', 'name': 'seanet_acp'}
    [mlflow] logged run 'seanet_acp_BME'  (train_acc=1.0000 test_acc=0.9467 test_loss=0.1815)
[ 91/129] BME                          DONE  acc=0.9467 loss=0.1815 AOPCR=  0.815 NDCG=  n/a C=  3 T=   25 (22s)  [91 trained / 0 failed so far]
[ 92/129] Chinatown
    stage 1/3: loading data ...
    stage 2/3: training on 20 series (no val (train-loss early stop), C=2, T=4, batch=2) ...
    stage 3/3: scoring on 343 test series (accuracy + AOPCR) ...
    [mlflow] versioned model 'mstcn_sep_adaptive_classwise' (id=m-2952488465e0407d86a82e93021dccb9) params={'model_size_mb': '3.5487', 'n_model_params': '271646', 'name': 'seanet_acp'}
    [mlflow] logged run 'seanet_acp_Chinatown'  (train_acc=1.0000 test_acc=0.9796 test_loss=0.1123)
[ 92/129] Chinatown                    DONE  acc=0.9796 loss=0.1123 AOPCR=  0.132 NDCG=  n/a C=  2 T=    4 (21s)  [92 trained / 0 failed so far]
[ 93/129] Crop
    stage 1/3: loading data ...
    stage 2/3: training on 5760 series (val=1440, C=24, T=9, batch=16) ...
    stage 3/3: scoring on 16800 test series (accuracy + AOPCR) ...
    [mlflow] versioned model 'mstcn_sep_adaptive_classwise' (id=m-5e39edb4371b4625bc7ba5ea90a654f1) params={'model_size_mb': '3.5603', 'n_model_params': '274704', 'name': 'seanet_acp'}
    [mlflow] logged run 'seanet_acp_Crop'  (train_acc=0.8477 val_acc=0.7097 test_acc=0.7208 test_loss=0.9067)
[ 93/129] Crop                         DONE  acc=0.7208 loss=0.9067 AOPCR=  0.016 NDCG=  n/a C= 24 T=    9 (241s)  [93 trained / 0 failed so far]
[ 94/129] DodgerLoopDay
    stage 1/3: loading data ...
    stage 2/3: training on 78 series (no val (train-loss early stop), C=7, T=57, batch=7) ...
    stage 3/3: scoring on 80 test series (accuracy + AOPCR) ...
    [mlflow] versioned model 'mstcn_sep_adaptive_classwise' (id=m-116199a28cc648918fbb8655805ecf41) params={'model_size_mb': '3.5513', 'n_model_params': '272341', 'name': 'seanet_acp'}
    [mlflow] logged run 'seanet_acp_DodgerLoopDay'  (train_acc=1.0000 test_acc=0.5250 test_loss=1.3845)
[ 94/129] DodgerLoopDay                DONE  acc=0.5250 loss=1.3845 AOPCR=  0.357 NDCG=  n/a C=  7 T=   57 (18s)  [94 trained / 0 failed so far]
[ 95/129] DodgerLoopGame
    stage 1/3: loading data ...
    stage 2/3: training on 20 series (no val (train-loss early stop), C=2, T=57, batch=2) ...
    stage 3/3: scoring on 138 test series (accuracy + AOPCR) ...
    [mlflow] versioned model 'mstcn_sep_adaptive_classwise' (id=m-72dfe23a88a94224ab0157bc8e1da4c3) params={'model_size_mb': '3.5487', 'n_model_params': '271646', 'name': 'seanet_acp'}
    [mlflow] logged run 'seanet_acp_DodgerLoopGame'  (train_acc=1.0000 test_acc=0.8406 test_loss=0.3458)
[ 95/129] DodgerLoopGame               DONE  acc=0.8406 loss=0.3458 AOPCR=  0.100 NDCG=  n/a C=  2 T=   57 (26s)  [95 trained / 0 failed so far]
[ 96/129] DodgerLoopWeekend
    stage 1/3: loading data ...
    stage 2/3: training on 20 series (no val (train-loss early stop), C=2, T=57, batch=2) ...
    stage 3/3: scoring on 138 test series (accuracy + AOPCR) ...
    [mlflow] versioned model 'mstcn_sep_adaptive_classwise' (id=m-3849bcb642c847ee9590ba1d15d637e1) params={'model_size_mb': '3.5487', 'n_model_params': '271646', 'name': 'seanet_acp'}
    [mlflow] logged run 'seanet_acp_DodgerLoopWeekend'  (train_acc=1.0000 test_acc=0.9855 test_loss=0.1152)
[ 96/129] DodgerLoopWeekend            DONE  acc=0.9855 loss=0.1152 AOPCR=  0.019 NDCG=  n/a C=  2 T=   57 (25s)  [96 trained / 0 failed so far]
[ 97/129] EOGHorizontalSignal
    stage 1/3: loading data ...
    stage 2/3: training on 290 series (val=72, C=12, T=250, batch=16) ...
    stage 3/3: scoring on 362 test series (accuracy + AOPCR) ...
    [mlflow] versioned model 'mstcn_sep_adaptive_classwise' (id=m-188ca4c253a0458586466356345218ec) params={'model_size_mb': '3.5539', 'n_model_params': '273036', 'name': 'seanet_acp'}
    [mlflow] logged run 'seanet_acp_EOGHorizontalSignal'  (train_acc=0.9966 val_acc=0.8889 test_acc=0.5580 test_loss=1.5530)
[ 97/129] EOGHorizontalSignal          DONE  acc=0.5580 loss=1.5530 AOPCR=  0.708 NDCG=  n/a C= 12 T=  250 (21s)  [97 trained / 0 failed so far]
[ 98/129] EOGVerticalSignal
    stage 1/3: loading data ...
    stage 2/3: training on 290 series (val=72, C=12, T=250, batch=16) ...
    stage 3/3: scoring on 362 test series (accuracy + AOPCR) ...
    [mlflow] versioned model 'mstcn_sep_adaptive_classwise' (id=m-d469a4611a8243b2a9eab61e7adb2c17) params={'model_size_mb': '3.5539', 'n_model_params': '273036', 'name': 'seanet_acp'}
    [mlflow] logged run 'seanet_acp_EOGVerticalSignal'  (train_acc=0.9862 val_acc=0.8194 test_acc=0.5580 test_loss=1.6605)
[ 98/129] EOGVerticalSignal            DONE  acc=0.5580 loss=1.6605 AOPCR=  0.485 NDCG=  n/a C= 12 T=  250 (17s)  [98 trained / 0 failed so far]
[ 99/129] EthanolLevel
    stage 1/3: loading data ...
    stage 2/3: training on 404 series (val=100, C=4, T=350, batch=16) ...
    stage 3/3: scoring on 500 test series (accuracy + AOPCR) ...
    [mlflow] versioned model 'mstcn_sep_adaptive_classwise' (id=m-69e7c6d24d4c4ca48130b71af165e204) params={'model_size_mb': '3.5497', 'n_model_params': '271924', 'name': 'seanet_acp'}
    [mlflow] logged run 'seanet_acp_EthanolLevel'  (train_acc=0.9975 val_acc=0.8600 test_acc=0.7720 test_loss=0.6709)
[ 99/129] EthanolLevel                 DONE  acc=0.7720 loss=0.6709 AOPCR=  0.753 NDCG=  n/a C=  4 T=  350 (53s)  [99 trained / 0 failed so far]
[100/129] FreezerRegularTrain
    stage 1/3: loading data ...
    stage 2/3: training on 120 series (val=30, C=2, T=60, batch=12) ...
    stage 3/3: scoring on 2850 test series (accuracy + AOPCR) ...
    [mlflow] versioned model 'mstcn_sep_adaptive_classwise' (id=m-e3a2b93a228d46bebd3bbd7f405f47aa) params={'model_size_mb': '3.5487', 'n_model_params': '271646', 'name': 'seanet_acp'}
    [mlflow] logged run 'seanet_acp_FreezerRegularTrain'  (train_acc=1.0000 val_acc=1.0000 test_acc=0.9916 test_loss=0.0731)
[100/129] FreezerRegularTrain          DONE  acc=0.9916 loss=0.0731 AOPCR= -0.294 NDCG=  n/a C=  2 T=   60 (9s)  [100 trained / 0 failed so far]
[101/129] FreezerSmallTrain
    stage 1/3: loading data ...
    stage 2/3: training on 28 series (no val (train-loss early stop), C=2, T=60, batch=2) ...
    stage 3/3: scoring on 2850 test series (accuracy + AOPCR) ...
    [mlflow] versioned model 'mstcn_sep_adaptive_classwise' (id=m-cbeca8e1e10e4c189654844f97ce16c5) params={'model_size_mb': '3.5487', 'n_model_params': '271646', 'name': 'seanet_acp'}
    [mlflow] logged run 'seanet_acp_FreezerSmallTrain'  (train_acc=1.0000 test_acc=0.6519 test_loss=0.8582)
[101/129] FreezerSmallTrain            DONE  acc=0.6519 loss=0.8582 AOPCR=  0.360 NDCG=  n/a C=  2 T=   60 (25s)  [101 trained / 0 failed so far]
[102/129] Fungi
    stage 1/3: loading data ...
    stage 2/3: training on 18 series (no val (train-loss early stop), C=18, T=40, batch=2) ...
    stage 3/3: scoring on 186 test series (accuracy + AOPCR) ...
    [mlflow] versioned model 'mstcn_sep_adaptive_classwise' (id=m-58089813e57f4e998d2dc7610531a36e) params={'model_size_mb': '3.5572', 'n_model_params': '273870', 'name': 'seanet_acp'}
    [mlflow] logged run 'seanet_acp_Fungi'  (train_acc=1.0000 test_acc=1.0000 test_loss=0.1364)
[102/129] Fungi                        DONE  acc=1.0000 loss=0.1364 AOPCR=  0.177 NDCG=  n/a C= 18 T=   40 (27s)  [102 trained / 0 failed so far]
[103/129] GestureMidAirD1
    stage 1/3: loading data ...
    stage 2/3: training on 182 series (val=26, C=26, T=72, batch=16) ...
    stage 3/3: scoring on 130 test series (accuracy + AOPCR) ...
    [mlflow] versioned model 'mstcn_sep_adaptive_classwise' (id=m-9b7bd57776d54760a4705673f0d7be82) params={'model_size_mb': '3.5613', 'n_model_params': '274982', 'name': 'seanet_acp'}
    [mlflow] logged run 'seanet_acp_GestureMidAirD1'  (train_acc=0.7143 val_acc=0.6538 test_acc=0.5769 test_loss=1.2316)
[103/129] GestureMidAirD1              DONE  acc=0.5769 loss=1.2316 AOPCR=  0.462 NDCG=  n/a C= 26 T=   72 (6s)  [103 trained / 0 failed so far]
[104/129] GestureMidAirD2
    stage 1/3: loading data ...
    stage 2/3: training on 182 series (val=26, C=26, T=72, batch=16) ...
    stage 3/3: scoring on 130 test series (accuracy + AOPCR) ...
    [mlflow] versioned model 'mstcn_sep_adaptive_classwise' (id=m-3d46ec0eb34e424893a31505351a6907) params={'model_size_mb': '3.5613', 'n_model_params': '274982', 'name': 'seanet_acp'}
    [mlflow] logged run 'seanet_acp_GestureMidAirD2'  (train_acc=0.8187 val_acc=0.5000 test_acc=0.6000 test_loss=1.0874)
[104/129] GestureMidAirD2              DONE  acc=0.6000 loss=1.0874 AOPCR=  0.976 NDCG=  n/a C= 26 T=   72 (10s)  [104 trained / 0 failed so far]
[105/129] GestureMidAirD3
    stage 1/3: loading data ...
    stage 2/3: training on 182 series (val=26, C=26, T=72, batch=16) ...
    stage 3/3: scoring on 130 test series (accuracy + AOPCR) ...
    [mlflow] versioned model 'mstcn_sep_adaptive_classwise' (id=m-bd637490cf65468aaa835ec4f0b79387) params={'model_size_mb': '3.5613', 'n_model_params': '274982', 'name': 'seanet_acp'}
    [mlflow] logged run 'seanet_acp_GestureMidAirD3'  (train_acc=0.8901 val_acc=0.5000 test_acc=0.3923 test_loss=2.1535)
[105/129] GestureMidAirD3              DONE  acc=0.3923 loss=2.1535 AOPCR=  0.682 NDCG=  n/a C= 26 T=   72 (11s)  [105 trained / 0 failed so far]
[106/129] GesturePebbleZ1
    stage 1/3: loading data ...
    stage 2/3: training on 107 series (val=25, C=6, T=91, batch=10) ...
    stage 3/3: scoring on 172 test series (accuracy + AOPCR) ...
    [mlflow] versioned model 'mstcn_sep_adaptive_classwise' (id=m-9f688674b96441f3ab2f077a9eda6fad) params={'model_size_mb': '3.5508', 'n_model_params': '272202', 'name': 'seanet_acp'}
    [mlflow] logged run 'seanet_acp_GesturePebbleZ1'  (train_acc=1.0000 val_acc=1.0000 test_acc=0.9070 test_loss=0.4056)
[106/129] GesturePebbleZ1              DONE  acc=0.9070 loss=0.4056 AOPCR=  0.390 NDCG=  n/a C=  6 T=   91 (26s)  [106 trained / 0 failed so far]
[107/129] GesturePebbleZ2
    stage 1/3: loading data ...
    stage 2/3: training on 120 series (val=26, C=6, T=91, batch=12) ...
    stage 3/3: scoring on 158 test series (accuracy + AOPCR) ...
    [mlflow] versioned model 'mstcn_sep_adaptive_classwise' (id=m-56542d2f06a643bc9b1e4bfbacf600d3) params={'model_size_mb': '3.5508', 'n_model_params': '272202', 'name': 'seanet_acp'}
    [mlflow] logged run 'seanet_acp_GesturePebbleZ2'  (train_acc=1.0000 val_acc=1.0000 test_acc=0.9114 test_loss=0.3202)
[107/129] GesturePebbleZ2              DONE  acc=0.9114 loss=0.3202 AOPCR=  0.789 NDCG=  n/a C=  6 T=   91 (22s)  [107 trained / 0 failed so far]
[108/129] GunPointAgeSpan
    stage 1/3: loading data ...
    stage 2/3: training on 109 series (val=26, C=2, T=30, batch=10) ...
    stage 3/3: scoring on 316 test series (accuracy + AOPCR) ...
    [mlflow] versioned model 'mstcn_sep_adaptive_classwise' (id=m-26c63f7d221741a58b3ac2df5cdeb2c7) params={'model_size_mb': '3.5487', 'n_model_params': '271646', 'name': 'seanet_acp'}
    [mlflow] logged run 'seanet_acp_GunPointAgeSpan'  (train_acc=0.9908 val_acc=0.9615 test_acc=0.9430 test_loss=0.1520)
[108/129] GunPointAgeSpan              DONE  acc=0.9430 loss=0.1520 AOPCR=  0.352 NDCG=  n/a C=  2 T=   30 (9s)  [108 trained / 0 failed so far]
[109/129] GunPointMaleVersusFemale
    stage 1/3: loading data ...
    stage 2/3: training on 109 series (val=26, C=2, T=30, batch=10) ...
    stage 3/3: scoring on 316 test series (accuracy + AOPCR) ...
    [mlflow] versioned model 'mstcn_sep_adaptive_classwise' (id=m-4df6bb166e414187bcb28008c781b331) params={'model_size_mb': '3.5487', 'n_model_params': '271646', 'name': 'seanet_acp'}
    [mlflow] logged run 'seanet_acp_GunPointMaleVersusFemale'  (train_acc=1.0000 val_acc=1.0000 test_acc=0.9905 test_loss=0.0893)
[109/129] GunPointMaleVersusFemale     DONE  acc=0.9905 loss=0.0893 AOPCR=  0.463 NDCG=  n/a C=  2 T=   30 (19s)  [109 trained / 0 failed so far]
[110/129] GunPointOldVersusYoung
    stage 1/3: loading data ...
    stage 2/3: training on 109 series (val=27, C=2, T=30, batch=10) ...
    stage 3/3: scoring on 315 test series (accuracy + AOPCR) ...
    [mlflow] versioned model 'mstcn_sep_adaptive_classwise' (id=m-820e749cd17846d1975599ed3a127ed2) params={'model_size_mb': '3.5487', 'n_model_params': '271646', 'name': 'seanet_acp'}
    [mlflow] logged run 'seanet_acp_GunPointOldVersusYoung'  (train_acc=1.0000 val_acc=1.0000 test_acc=0.9651 test_loss=0.1333)
[110/129] GunPointOldVersusYoung       DONE  acc=0.9651 loss=0.1333 AOPCR=  0.391 NDCG=  n/a C=  2 T=   30 (13s)  [110 trained / 0 failed so far]
[111/129] HouseTwenty
    stage 1/3: loading data ...
    stage 2/3: training on 40 series (no val (train-loss early stop), C=2, T=400, batch=4) ...
    stage 3/3: scoring on 119 test series (accuracy + AOPCR) ...
    [mlflow] versioned model 'mstcn_sep_adaptive_classwise' (id=m-f97df8e6fcc7483da086a5a35a849016) params={'model_size_mb': '3.5487', 'n_model_params': '271646', 'name': 'seanet_acp'}
    [mlflow] logged run 'seanet_acp_HouseTwenty'  (train_acc=1.0000 test_acc=0.8992 test_loss=0.2758)
[111/129] HouseTwenty                  DONE  acc=0.8992 loss=0.2758 AOPCR=  1.796 NDCG=  n/a C=  2 T=  400 (22s)  [111 trained / 0 failed so far]
[112/129] InsectEPGRegularTrain
    stage 1/3: loading data ...
    stage 2/3: training on 62 series (no val (train-loss early stop), C=3, T=120, batch=6) ...
    stage 3/3: scoring on 249 test series (accuracy + AOPCR) ...
    [mlflow] versioned model 'mstcn_sep_adaptive_classwise' (id=m-243a67865b0b4f9ba0b830185a42f816) params={'model_size_mb': '3.5492', 'n_model_params': '271785', 'name': 'seanet_acp'}
    [mlflow] logged run 'seanet_acp_InsectEPGRegularTrain'  (train_acc=1.0000 test_acc=0.8635 test_loss=0.4238)
[112/129] InsectEPGRegularTrain        DONE  acc=0.8635 loss=0.4238 AOPCR=  0.887 NDCG=  n/a C=  3 T=  120 (18s)  [112 trained / 0 failed so far]
[113/129] InsectEPGSmallTrain
    stage 1/3: loading data ...
    stage 2/3: training on 17 series (no val (train-loss early stop), C=3, T=120, batch=2) ...
    stage 3/3: scoring on 249 test series (accuracy + AOPCR) ...
    [mlflow] versioned model 'mstcn_sep_adaptive_classwise' (id=m-7c69f447d3fd4a20a737624f14f86368) params={'model_size_mb': '3.5492', 'n_model_params': '271785', 'name': 'seanet_acp'}
    [mlflow] logged run 'seanet_acp_InsectEPGSmallTrain'  (train_acc=1.0000 test_acc=0.7831 test_loss=0.5455)
[113/129] InsectEPGSmallTrain          DONE  acc=0.7831 loss=0.5455 AOPCR=  0.437 NDCG=  n/a C=  3 T=  120 (15s)  [113 trained / 0 failed so far]
[114/129] MelbournePedestrian
    stage 1/3: loading data ...
    stage 2/3: training on 956 series (val=238, C=10, T=4, batch=16) ...
    stage 3/3: scoring on 2439 test series (accuracy + AOPCR) ...
    [mlflow] versioned model 'mstcn_sep_adaptive_classwise' (id=m-b8a4022b65bb4a22aca1069a8b39e411) params={'model_size_mb': '3.5528', 'n_model_params': '272758', 'name': 'seanet_acp'}
    [mlflow] logged run 'seanet_acp_MelbournePedestrian'  (train_acc=0.9948 val_acc=0.9076 test_acc=0.8815 test_loss=0.4340)
[114/129] MelbournePedestrian          DONE  acc=0.8815 loss=0.4340 AOPCR=  0.095 NDCG=  n/a C= 10 T=    4 (61s)  [114 trained / 0 failed so far]
[115/129] MixedShapesRegularTrain
    stage 1/3: loading data ...
    stage 2/3: training on 400 series (val=100, C=5, T=204, batch=16) ...
    stage 3/3: scoring on 2425 test series (accuracy + AOPCR) ...
    [mlflow] versioned model 'mstcn_sep_adaptive_classwise' (id=m-c3fef42910fb4cbe949432cd86aaf0e7) params={'model_size_mb': '3.5502', 'n_model_params': '272063', 'name': 'seanet_acp'}
    [mlflow] logged run 'seanet_acp_MixedShapesRegularTrain'  (train_acc=1.0000 val_acc=0.9800 test_acc=0.9493 test_loss=0.2231)
[115/129] MixedShapesRegularTrain      DONE  acc=0.9493 loss=0.2231 AOPCR=  0.332 NDCG=  n/a C=  5 T=  204 (37s)  [115 trained / 0 failed so far]
[116/129] MixedShapesSmallTrain
    stage 1/3: loading data ...
    stage 2/3: training on 80 series (val=20, C=5, T=204, batch=8) ...
    stage 3/3: scoring on 2425 test series (accuracy + AOPCR) ...
    [mlflow] versioned model 'mstcn_sep_adaptive_classwise' (id=m-bbf32cbebf9244f9b74a9be93dddee95) params={'model_size_mb': '3.5502', 'n_model_params': '272063', 'name': 'seanet_acp'}
    [mlflow] logged run 'seanet_acp_MixedShapesSmallTrain'  (train_acc=1.0000 val_acc=0.9000 test_acc=0.8816 test_loss=0.4108)
[116/129] MixedShapesSmallTrain        DONE  acc=0.8816 loss=0.4108 AOPCR=  0.749 NDCG=  n/a C=  5 T=  204 (11s)  [116 trained / 0 failed so far]
[117/129] PLAID
    stage 1/3: loading data ...
    stage 2/3: training on 436 series (val=101, C=11, T=268, batch=16) ...
    stage 3/3: scoring on 537 test series (accuracy + AOPCR) ...
    [mlflow] versioned model 'mstcn_sep_adaptive_classwise' (id=m-f4a542b0916c47ba8b6bc23342500b62) params={'model_size_mb': '3.5533', 'n_model_params': '272897', 'name': 'seanet_acp'}
    [mlflow] logged run 'seanet_acp_PLAID'  (train_acc=0.9679 val_acc=0.8218 test_acc=0.7858 test_loss=0.7824)
[117/129] PLAID                        DONE  acc=0.7858 loss=0.7824 AOPCR=  0.865 NDCG=  n/a C= 11 T=  268 (47s)  [117 trained / 0 failed so far]
[118/129] PickupGestureWiimoteZ
    stage 1/3: loading data ...
    stage 2/3: training on 50 series (no val (train-loss early stop), C=10, T=72, batch=5) ...
    stage 3/3: scoring on 50 test series (accuracy + AOPCR) ...
    [mlflow] versioned model 'mstcn_sep_adaptive_classwise' (id=m-2ab29793f9724567b27471b007192103) params={'model_size_mb': '3.5528', 'n_model_params': '272758', 'name': 'seanet_acp'}
    [mlflow] logged run 'seanet_acp_PickupGestureWiimoteZ'  (train_acc=1.0000 test_acc=0.6600 test_loss=1.0194)
[118/129] PickupGestureWiimoteZ        DONE  acc=0.6600 loss=1.0194 AOPCR= -0.379 NDCG=  n/a C= 10 T=   72 (25s)  [118 trained / 0 failed so far]
[119/129] PigAirwayPressure
    stage 1/3: loading data ...
    stage 2/3: training on 52 series (val=52, C=52, T=400, batch=5) ...
    stage 3/3: scoring on 208 test series (accuracy + AOPCR) ...
    [mlflow] versioned model 'mstcn_sep_adaptive_classwise' (id=m-6827dee5760048d99e5608165b674e53) params={'model_size_mb': '3.5752', 'n_model_params': '278596', 'name': 'seanet_acp'}
    [mlflow] logged run 'seanet_acp_PigAirwayPressure'  (train_acc=0.0769 val_acc=0.0385 test_acc=0.0385 test_loss=3.9062)
[119/129] PigAirwayPressure            DONE  acc=0.0385 loss=3.9062 AOPCR=  0.233 NDCG=  n/a C= 52 T=  400 (6s)  [119 trained / 0 failed so far]
[120/129] PigArtPressure
    stage 1/3: loading data ...
    stage 2/3: training on 52 series (val=52, C=52, T=400, batch=5) ...
    stage 3/3: scoring on 208 test series (accuracy + AOPCR) ...
    [mlflow] versioned model 'mstcn_sep_adaptive_classwise' (id=m-57a07a1b65e34370b0f65587e980b9c0) params={'model_size_mb': '3.5752', 'n_model_params': '278596', 'name': 'seanet_acp'}
    [mlflow] logged run 'seanet_acp_PigArtPressure'  (train_acc=1.0000 val_acc=0.6538 test_acc=0.7548 test_loss=1.0461)
[120/129] PigArtPressure               DONE  acc=0.7548 loss=1.0461 AOPCR=  0.441 NDCG=  n/a C= 52 T=  400 (13s)  [120 trained / 0 failed so far]
[121/129] PigCVP
    stage 1/3: loading data ...
    stage 2/3: training on 52 series (val=52, C=52, T=400, batch=5) ...
    stage 3/3: scoring on 208 test series (accuracy + AOPCR) ...
    [mlflow] versioned model 'mstcn_sep_adaptive_classwise' (id=m-335619dbad104606bf2cdfbc0b1f2c22) params={'model_size_mb': '3.5752', 'n_model_params': '278596', 'name': 'seanet_acp'}
    [mlflow] logged run 'seanet_acp_PigCVP'  (train_acc=1.0000 val_acc=0.3846 test_acc=0.3413 test_loss=2.5293)
[121/129] PigCVP                       DONE  acc=0.3413 loss=2.5293 AOPCR=  0.646 NDCG=  n/a C= 52 T=  400 (20s)  [121 trained / 0 failed so far]
[122/129] PowerCons
    stage 1/3: loading data ...
    stage 2/3: training on 144 series (val=36, C=2, T=28, batch=14) ...
    stage 3/3: scoring on 180 test series (accuracy + AOPCR) ...
    [mlflow] versioned model 'mstcn_sep_adaptive_classwise' (id=m-b3b42798a70f4c2aa5ede3971e437c44) params={'model_size_mb': '3.5487', 'n_model_params': '271646', 'name': 'seanet_acp'}
    [mlflow] logged run 'seanet_acp_PowerCons'  (train_acc=1.0000 val_acc=1.0000 test_acc=0.9722 test_loss=0.1340)
[122/129] PowerCons                    DONE  acc=0.9722 loss=0.1340 AOPCR= -0.023 NDCG=  n/a C=  2 T=   28 (12s)  [122 trained / 0 failed so far]
[123/129] Rock
    stage 1/3: loading data ...
    stage 2/3: training on 20 series (no val (train-loss early stop), C=4, T=568, batch=2) ...
    stage 3/3: scoring on 50 test series (accuracy + AOPCR) ...
    [mlflow] versioned model 'mstcn_sep_adaptive_classwise' (id=m-f98860ad0aa84bd2bfe4b16d7829247f) params={'model_size_mb': '3.5497', 'n_model_params': '271924', 'name': 'seanet_acp'}
    [mlflow] logged run 'seanet_acp_Rock'  (train_acc=1.0000 test_acc=0.7600 test_loss=0.5868)
[123/129] Rock                         DONE  acc=0.7600 loss=0.5868 AOPCR=  1.367 NDCG=  n/a C=  4 T=  568 (14s)  [123 trained / 0 failed so far]
[124/129] SemgHandGenderCh2
    stage 1/3: loading data ...
    stage 2/3: training on 240 series (val=60, C=2, T=300, batch=16) ...
    stage 3/3: scoring on 600 test series (accuracy + AOPCR) ...
    [mlflow] versioned model 'mstcn_sep_adaptive_classwise' (id=m-0a424e36c7c445ee83a53cbdc1b06a3f) params={'model_size_mb': '3.5487', 'n_model_params': '271646', 'name': 'seanet_acp'}
    [mlflow] logged run 'seanet_acp_SemgHandGenderCh2'  (train_acc=0.9625 val_acc=0.7833 test_acc=0.8233 test_loss=0.4055)
[124/129] SemgHandGenderCh2            DONE  acc=0.8233 loss=0.4055 AOPCR=  0.432 NDCG=  n/a C=  2 T=  300 (12s)  [124 trained / 0 failed so far]
[125/129] SemgHandMovementCh2
    stage 1/3: loading data ...
    stage 2/3: training on 360 series (val=90, C=6, T=300, batch=16) ...
    stage 3/3: scoring on 450 test series (accuracy + AOPCR) ...
    [mlflow] versioned model 'mstcn_sep_adaptive_classwise' (id=m-152312f4a2d845d28457d6b0839dafc1) params={'model_size_mb': '3.5508', 'n_model_params': '272202', 'name': 'seanet_acp'}
    [mlflow] logged run 'seanet_acp_SemgHandMovementCh2'  (train_acc=0.3556 val_acc=0.3333 test_acc=0.3067 test_loss=1.6436)
[125/129] SemgHandMovementCh2          DONE  acc=0.3067 loss=1.6436 AOPCR=  0.596 NDCG=  n/a C=  6 T=  300 (12s)  [125 trained / 0 failed so far]
[126/129] SemgHandSubjectCh2
    stage 1/3: loading data ...
    stage 2/3: training on 360 series (val=90, C=5, T=300, batch=16) ...
    stage 3/3: scoring on 450 test series (accuracy + AOPCR) ...
    [mlflow] versioned model 'mstcn_sep_adaptive_classwise' (id=m-e5e7f1cde5ff4effa3d65488905a1182) params={'model_size_mb': '3.5502', 'n_model_params': '272063', 'name': 'seanet_acp'}
    [mlflow] logged run 'seanet_acp_SemgHandSubjectCh2'  (train_acc=1.0000 val_acc=0.9556 test_acc=0.8800 test_loss=0.3767)
[126/129] SemgHandSubjectCh2           DONE  acc=0.8800 loss=0.3767 AOPCR=  0.333 NDCG=  n/a C=  5 T=  300 (44s)  [126 trained / 0 failed so far]
[127/129] ShakeGestureWiimoteZ
    stage 1/3: loading data ...
    stage 2/3: training on 50 series (no val (train-loss early stop), C=10, T=77, batch=5) ...
    stage 3/3: scoring on 50 test series (accuracy + AOPCR) ...
    [mlflow] versioned model 'mstcn_sep_adaptive_classwise' (id=m-4329015b2f14443e84da57c81399ddbf) params={'model_size_mb': '3.5528', 'n_model_params': '272758', 'name': 'seanet_acp'}
    [mlflow] logged run 'seanet_acp_ShakeGestureWiimoteZ'  (train_acc=1.0000 test_acc=0.8800 test_loss=0.5496)
[127/129] ShakeGestureWiimoteZ         DONE  acc=0.8800 loss=0.5496 AOPCR=  0.007 NDCG=  n/a C= 10 T=   77 (15s)  [127 trained / 0 failed so far]
[128/129] SmoothSubspace
    stage 1/3: loading data ...
    stage 2/3: training on 120 series (val=30, C=3, T=3, batch=12) ...
    stage 3/3: scoring on 150 test series (accuracy + AOPCR) ...
    [mlflow] versioned model 'mstcn_sep_adaptive_classwise' (id=m-ce15d4ad8a1c482f930d99826e983ce6) params={'model_size_mb': '3.5492', 'n_model_params': '271785', 'name': 'seanet_acp'}
    [mlflow] logged run 'seanet_acp_SmoothSubspace'  (train_acc=1.0000 val_acc=0.9000 test_acc=0.8933 test_loss=0.3288)
[128/129] SmoothSubspace               DONE  acc=0.8933 loss=0.3288 AOPCR=  0.003 NDCG=  n/a C=  3 T=    3 (11s)  [128 trained / 0 failed so far]
[129/129] UMD
    stage 1/3: loading data ...
    stage 2/3: training on 36 series (no val (train-loss early stop), C=3, T=30, batch=3) ...
    stage 3/3: scoring on 144 test series (accuracy + AOPCR) ...
    [mlflow] versioned model 'mstcn_sep_adaptive_classwise' (id=m-bea6dea7bcdd462aa75211802dc30133) params={'model_size_mb': '3.5492', 'n_model_params': '271785', 'name': 'seanet_acp'}
    [mlflow] logged run 'seanet_acp_UMD'  (train_acc=1.0000 test_acc=0.9375 test_loss=0.1952)
[129/129] UMD                          DONE  acc=0.9375 loss=0.1952 AOPCR=  0.493 NDCG=  n/a C=  3 T=   30 (14s)  [129 trained / 0 failed so far]

Done: 129 trained, 0 skipped, 0 failed.
Results -> results/SEA_NET/mstcn_sep_adaptive_classwise/results.csv

=== mstcn_sep_adaptive_classwise vs MILLET ConjunctiveInceptionTime (mean of 5 reps) ===
  UCR datasets evaluated: 128  (with MILLET baseline: 85, without: 43)
  metric        ours    MILLET   win/tie/loss   (mean over the 85 datasets MILLET published)
  acc         0.7959    0.8445       16/14/55   
  loss        0.5739    1.2241        55/2/28   (lower is better)
  aopcr       0.3222    4.5532         4/0/81   
  wrote results/SEA_NET/mstcn_sep_adaptive_classwise/comparison_vs_millet.csv

Next: `python main.py report` to draw the figures for mstcn_sep_adaptive_classwise.

[log] finished; full output saved to results/SEA_NET/mstcn_sep_adaptive_classwise/logs/train_2026-07-20_14-58-40.log
