[log] command 'train' started at 2026-07-28_16-35-32 for model 'seanet_spiketrend_topk__sea_mstcn_sep_spiketrend__sea_topk_conjunctive'
[log] a copy of everything below is being saved to: results/SEA_NET/seanet_spiketrend_topk__sea_mstcn_sep_spiketrend__sea_topk_conjunctive/logs/train_2026-07-28_16-35-32.log

=== train: model=seanet_spiketrend_topk__sea_mstcn_sep_spiketrend__sea_topk_conjunctive (config sv4/seanet_spiketrend_topk) device=cuda mode=full datasets=129 ===
[params] using DEFAULT recipe (no Optuna record yet - run 'python main.py optuna --model sv4/seanet_spiketrend_topk').
  results  -> results/SEA_NET/seanet_spiketrend_topk__sea_mstcn_sep_spiketrend__sea_topk_conjunctive/results.csv
  resume   -> results/SEA_NET/seanet_spiketrend_topk__sea_mstcn_sep_spiketrend__sea_topk_conjunctive/done_train_dataset.txt  (delete it to retrain everything; delete one line to retrain that dataset)

  [mlflow] logging runs to experiment 'SEA-Net_seanet_spiketrend_topk__sea_mstcn_sep_spiketrend__sea_topk_conjunctive_2026-07-28' at sqlite:///mlflow.db
  [mlflow] browse later with:  mlflow ui --backend-store-uri sqlite:///mlflow.db
[  1/129] WebTraffic                   already done -> skip
[  2/129] Adiac
    stage 1/3: loading data ...
    stage 2/3: training on 328 series (val=62, C=37, T=176, batch=16) ...
    stage 3/3: scoring on 391 test series (accuracy + AOPCR) ...
    [mlflow] versioned model 'seanet_spiketrend_topk__sea_mstcn_sep_spiketrend__sea_topk_conjunctive' (id=m-e8eb5944d09a49b5940ecece7c01ff3e) params={'model_size_mb': '1.533', 'n_model_params': '69018', 'name': 'seanet_spiketrend_topk'}
    [mlflow] logged run 'seanet_spiketrend_topk_Adiac'  (train_acc=0.9329 val_acc=0.8387 test_acc=0.7724 test_loss=0.8311)
[  2/129] Adiac                        DONE  acc=0.7724 loss=0.8311 AOPCR= -0.645 NDCG=  n/a C= 37 T=  176 (35s)  [1 trained / 0 failed so far]
[  3/129] ArrowHead
    stage 1/3: loading data ...
    stage 2/3: training on 36 series (no val (train-loss early stop), C=3, T=251, batch=3) ...
    stage 3/3: scoring on 175 test series (accuracy + AOPCR) ...
    [mlflow] versioned model 'seanet_spiketrend_topk__sea_mstcn_sep_spiketrend__sea_topk_conjunctive' (id=m-11373820ffe14845b921af937cb3b455) params={'model_size_mb': '1.5234', 'n_model_params': '66502', 'name': 'seanet_spiketrend_topk'}
    [mlflow] logged run 'seanet_spiketrend_topk_ArrowHead'  (train_acc=1.0000 test_acc=0.8686 test_loss=0.3909)
[  3/129] ArrowHead                    DONE  acc=0.8686 loss=0.3909 AOPCR=  0.673 NDCG=  n/a C=  3 T=  251 (26s)  [2 trained / 0 failed so far]
[  4/129] Beef
    stage 1/3: loading data ...
    stage 2/3: training on 30 series (no val (train-loss early stop), C=5, T=470, batch=3) ...
    stage 3/3: scoring on 30 test series (accuracy + AOPCR) ...
    [mlflow] versioned model 'seanet_spiketrend_topk__sea_mstcn_sep_spiketrend__sea_topk_conjunctive' (id=m-4b0975317bed42c6b5094c344736469d) params={'model_size_mb': '1.524', 'n_model_params': '66650', 'name': 'seanet_spiketrend_topk'}
    [mlflow] logged run 'seanet_spiketrend_topk_Beef'  (train_acc=1.0000 test_acc=0.7667 test_loss=0.5222)
[  4/129] Beef                         DONE  acc=0.7667 loss=0.5222 AOPCR= -0.296 NDCG=  n/a C=  5 T=  470 (29s)  [3 trained / 0 failed so far]
[  5/129] BeetleFly
    stage 1/3: loading data ...
    stage 2/3: training on 20 series (no val (train-loss early stop), C=2, T=512, batch=2) ...
    stage 3/3: scoring on 20 test series (accuracy + AOPCR) ...
    [mlflow] versioned model 'seanet_spiketrend_topk__sea_mstcn_sep_spiketrend__sea_topk_conjunctive' (id=m-5d8f48fc0fea4419b75aa59195bed25e) params={'model_size_mb': '1.5232', 'n_model_params': '66428', 'name': 'seanet_spiketrend_topk'}
    [mlflow] logged run 'seanet_spiketrend_topk_BeetleFly'  (train_acc=1.0000 test_acc=0.9000 test_loss=0.3240)
[  5/129] BeetleFly                    DONE  acc=0.9000 loss=0.3240 AOPCR=  1.587 NDCG=  n/a C=  2 T=  512 (28s)  [4 trained / 0 failed so far]
[  6/129] BirdChicken
    stage 1/3: loading data ...
    stage 2/3: training on 20 series (no val (train-loss early stop), C=2, T=512, batch=2) ...
    stage 3/3: scoring on 20 test series (accuracy + AOPCR) ...
    [mlflow] versioned model 'seanet_spiketrend_topk__sea_mstcn_sep_spiketrend__sea_topk_conjunctive' (id=m-d85a70e45da945e686f1e4b507903699) params={'model_size_mb': '1.5232', 'n_model_params': '66428', 'name': 'seanet_spiketrend_topk'}
    [mlflow] logged run 'seanet_spiketrend_topk_BirdChicken'  (train_acc=1.0000 test_acc=0.8500 test_loss=0.3070)
[  6/129] BirdChicken                  DONE  acc=0.8500 loss=0.3070 AOPCR=  1.583 NDCG=  n/a C=  2 T=  512 (10s)  [5 trained / 0 failed so far]
[  7/129] Car
    stage 1/3: loading data ...
    stage 2/3: training on 60 series (no val (train-loss early stop), C=4, T=577, batch=6) ...
    stage 3/3: scoring on 60 test series (accuracy + AOPCR) ...
    [mlflow] versioned model 'seanet_spiketrend_topk__sea_mstcn_sep_spiketrend__sea_topk_conjunctive' (id=m-92c2f9c779da4f96b55afed9984bc4e3) params={'model_size_mb': '1.5238', 'n_model_params': '66576', 'name': 'seanet_spiketrend_topk'}
    [mlflow] logged run 'seanet_spiketrend_topk_Car'  (train_acc=1.0000 test_acc=0.8833 test_loss=0.4163)
[  7/129] Car                          DONE  acc=0.8833 loss=0.4163 AOPCR=  2.795 NDCG=  n/a C=  4 T=  577 (19s)  [6 trained / 0 failed so far]
[  8/129] CBF
    stage 1/3: loading data ...
    stage 2/3: training on 30 series (no val (train-loss early stop), C=3, T=128, batch=3) ...
    stage 3/3: scoring on 900 test series (accuracy + AOPCR) ...
    [mlflow] versioned model 'seanet_spiketrend_topk__sea_mstcn_sep_spiketrend__sea_topk_conjunctive' (id=m-942269018af9418096e892647ca295e3) params={'model_size_mb': '1.5234', 'n_model_params': '66502', 'name': 'seanet_spiketrend_topk'}
    [mlflow] logged run 'seanet_spiketrend_topk_CBF'  (train_acc=1.0000 test_acc=1.0000 test_loss=0.0876)
[  8/129] CBF                          DONE  acc=1.0000 loss=0.0876 AOPCR=  1.714 NDCG=  n/a C=  3 T=  128 (22s)  [7 trained / 0 failed so far]
[  9/129] ChlorineConcentration
    stage 1/3: loading data ...
    stage 2/3: training on 375 series (val=92, C=3, T=166, batch=16) ...
    stage 3/3: scoring on 3840 test series (accuracy + AOPCR) ...
    [mlflow] versioned model 'seanet_spiketrend_topk__sea_mstcn_sep_spiketrend__sea_topk_conjunctive' (id=m-85389d753a314da2a6f1c2ae77433bde) params={'model_size_mb': '1.5234', 'n_model_params': '66502', 'name': 'seanet_spiketrend_topk'}
    [mlflow] logged run 'seanet_spiketrend_topk_ChlorineConcentration'  (train_acc=0.7547 val_acc=0.6413 test_acc=0.6164 test_loss=0.8635)
[  9/129] ChlorineConcentration        DONE  acc=0.6164 loss=0.8635 AOPCR=  1.789 NDCG=  n/a C=  3 T=  166 (33s)  [8 trained / 0 failed so far]
[ 10/129] CinCECGTorso
    stage 1/3: loading data ...
    stage 2/3: training on 40 series (no val (train-loss early stop), C=4, T=1639, batch=4) ...
    stage 3/3: scoring on 1380 test series (accuracy + AOPCR) ...
    [mlflow] versioned model 'seanet_spiketrend_topk__sea_mstcn_sep_spiketrend__sea_topk_conjunctive' (id=m-9c3de1521fc9424f86103526137457ba) params={'model_size_mb': '1.5238', 'n_model_params': '66576', 'name': 'seanet_spiketrend_topk'}
    [mlflow] logged run 'seanet_spiketrend_topk_CinCECGTorso'  (train_acc=1.0000 test_acc=0.7681 test_loss=0.6263)
[ 10/129] CinCECGTorso                 DONE  acc=0.7681 loss=0.6263 AOPCR=  0.011 NDCG=  n/a C=  4 T= 1639 (28s)  [9 trained / 0 failed so far]
[ 11/129] Coffee
    stage 1/3: loading data ...
    stage 2/3: training on 28 series (no val (train-loss early stop), C=2, T=286, batch=2) ...
    stage 3/3: scoring on 28 test series (accuracy + AOPCR) ...
    [mlflow] versioned model 'seanet_spiketrend_topk__sea_mstcn_sep_spiketrend__sea_topk_conjunctive' (id=m-80e661788edf4eb283d2cb367d476293) params={'model_size_mb': '1.5232', 'n_model_params': '66428', 'name': 'seanet_spiketrend_topk'}
    [mlflow] logged run 'seanet_spiketrend_topk_Coffee'  (train_acc=1.0000 test_acc=1.0000 test_loss=0.0702)
[ 11/129] Coffee                       DONE  acc=1.0000 loss=0.0702 AOPCR=  1.687 NDCG=  n/a C=  2 T=  286 (15s)  [10 trained / 0 failed so far]
[ 12/129] Computers
    stage 1/3: loading data ...
    stage 2/3: training on 200 series (val=50, C=2, T=720, batch=16) ...
    stage 3/3: scoring on 250 test series (accuracy + AOPCR) ...
    [mlflow] versioned model 'seanet_spiketrend_topk__sea_mstcn_sep_spiketrend__sea_topk_conjunctive' (id=m-7c8042da1444401a960c2321772d2ae9) params={'model_size_mb': '1.5232', 'n_model_params': '66428', 'name': 'seanet_spiketrend_topk'}
    [mlflow] logged run 'seanet_spiketrend_topk_Computers'  (train_acc=1.0000 val_acc=0.7600 test_acc=0.5960 test_loss=0.8240)
[ 12/129] Computers                    DONE  acc=0.5960 loss=0.8240 AOPCR=  0.448 NDCG=  n/a C=  2 T=  720 (13s)  [11 trained / 0 failed so far]
[ 13/129] CricketX
    stage 1/3: loading data ...
    stage 2/3: training on 317 series (val=73, C=12, T=300, batch=16) ...
    stage 3/3: scoring on 390 test series (accuracy + AOPCR) ...
    [mlflow] versioned model 'seanet_spiketrend_topk__sea_mstcn_sep_spiketrend__sea_topk_conjunctive' (id=m-4718f4d0d5a54ee2afe61cc9ff7d9185) params={'model_size_mb': '1.5259', 'n_model_params': '67168', 'name': 'seanet_spiketrend_topk'}
    [mlflow] logged run 'seanet_spiketrend_topk_CricketX'  (train_acc=1.0000 val_acc=0.8767 test_acc=0.8359 test_loss=0.6399)
[ 13/129] CricketX                     DONE  acc=0.8359 loss=0.6399 AOPCR=  1.339 NDCG=  n/a C= 12 T=  300 (29s)  [12 trained / 0 failed so far]
[ 14/129] CricketY
    stage 1/3: loading data ...
    stage 2/3: training on 317 series (val=73, C=12, T=300, batch=16) ...
    stage 3/3: scoring on 390 test series (accuracy + AOPCR) ...
    [mlflow] versioned model 'seanet_spiketrend_topk__sea_mstcn_sep_spiketrend__sea_topk_conjunctive' (id=m-a1b6fc834dca4d8ea7588688b468e10a) params={'model_size_mb': '1.5259', 'n_model_params': '67168', 'name': 'seanet_spiketrend_topk'}
    [mlflow] logged run 'seanet_spiketrend_topk_CricketY'  (train_acc=1.0000 val_acc=0.8493 test_acc=0.8128 test_loss=0.7112)
[ 14/129] CricketY                     DONE  acc=0.8128 loss=0.7112 AOPCR=  1.207 NDCG=  n/a C= 12 T=  300 (16s)  [13 trained / 0 failed so far]
[ 15/129] CricketZ
    stage 1/3: loading data ...
    stage 2/3: training on 316 series (val=74, C=12, T=300, batch=16) ...
    stage 3/3: scoring on 390 test series (accuracy + AOPCR) ...
    [mlflow] versioned model 'seanet_spiketrend_topk__sea_mstcn_sep_spiketrend__sea_topk_conjunctive' (id=m-14a966d7231e423eb9112b1b55c57042) params={'model_size_mb': '1.5259', 'n_model_params': '67168', 'name': 'seanet_spiketrend_topk'}
    [mlflow] logged run 'seanet_spiketrend_topk_CricketZ'  (train_acc=1.0000 val_acc=0.8784 test_acc=0.8231 test_loss=0.6649)
[ 15/129] CricketZ                     DONE  acc=0.8231 loss=0.6649 AOPCR=  1.714 NDCG=  n/a C= 12 T=  300 (20s)  [14 trained / 0 failed so far]
[ 16/129] DiatomSizeReduction
    stage 1/3: loading data ...
    stage 2/3: training on 16 series (no val (train-loss early stop), C=4, T=345, batch=2) ...
    stage 3/3: scoring on 306 test series (accuracy + AOPCR) ...
    [mlflow] versioned model 'seanet_spiketrend_topk__sea_mstcn_sep_spiketrend__sea_topk_conjunctive' (id=m-8773779892464a93b82c9f04e0389bfb) params={'model_size_mb': '1.5238', 'n_model_params': '66576', 'name': 'seanet_spiketrend_topk'}
    [mlflow] logged run 'seanet_spiketrend_topk_DiatomSizeReduction'  (train_acc=1.0000 test_acc=0.9706 test_loss=0.1848)
[ 16/129] DiatomSizeReduction          DONE  acc=0.9706 loss=0.1848 AOPCR=  2.439 NDCG=  n/a C=  4 T=  345 (9s)  [15 trained / 0 failed so far]
[ 17/129] DistalPhalanxOutlineAgeGroup
    stage 1/3: loading data ...
    stage 2/3: training on 321 series (val=79, C=3, T=80, batch=16) ...
    stage 3/3: scoring on 139 test series (accuracy + AOPCR) ...
    [mlflow] versioned model 'seanet_spiketrend_topk__sea_mstcn_sep_spiketrend__sea_topk_conjunctive' (id=m-2a2b2bb6dec7451db193d7cd531eda24) params={'model_size_mb': '1.5234', 'n_model_params': '66502', 'name': 'seanet_spiketrend_topk'}
    [mlflow] logged run 'seanet_spiketrend_topk_DistalPhalanxOutlineAgeGroup'  (train_acc=0.9003 val_acc=0.8481 test_acc=0.7698 test_loss=0.5429)
[ 17/129] DistalPhalanxOutlineAgeGroup DONE  acc=0.7698 loss=0.5429 AOPCR=  0.021 NDCG=  n/a C=  3 T=   80 (18s)  [16 trained / 0 failed so far]
[ 18/129] DistalPhalanxOutlineCorrect
    stage 1/3: loading data ...
    stage 2/3: training on 481 series (val=119, C=2, T=80, batch=16) ...
    stage 3/3: scoring on 276 test series (accuracy + AOPCR) ...
    [mlflow] versioned model 'seanet_spiketrend_topk__sea_mstcn_sep_spiketrend__sea_topk_conjunctive' (id=m-12db4374bfc84754b12cf5d8798252d9) params={'model_size_mb': '1.5232', 'n_model_params': '66428', 'name': 'seanet_spiketrend_topk'}
    [mlflow] logged run 'seanet_spiketrend_topk_DistalPhalanxOutlineCorrect'  (train_acc=0.9293 val_acc=0.8739 test_acc=0.7717 test_loss=0.4775)
[ 18/129] DistalPhalanxOutlineCorrect  DONE  acc=0.7717 loss=0.4775 AOPCR= -0.286 NDCG=  n/a C=  2 T=   80 (27s)  [17 trained / 0 failed so far]
[ 19/129] DistalPhalanxTW
    stage 1/3: loading data ...
    stage 2/3: training on 323 series (val=77, C=6, T=80, batch=16) ...
    stage 3/3: scoring on 139 test series (accuracy + AOPCR) ...
    [mlflow] versioned model 'seanet_spiketrend_topk__sea_mstcn_sep_spiketrend__sea_topk_conjunctive' (id=m-8a5100750dcd4cebba65912ca4e9aa90) params={'model_size_mb': '1.5243', 'n_model_params': '66724', 'name': 'seanet_spiketrend_topk'}
    [mlflow] logged run 'seanet_spiketrend_topk_DistalPhalanxTW'  (train_acc=0.8700 val_acc=0.7792 test_acc=0.7122 test_loss=0.7734)
[ 19/129] DistalPhalanxTW              DONE  acc=0.7122 loss=0.7734 AOPCR= -0.710 NDCG=  n/a C=  6 T=   80 (17s)  [18 trained / 0 failed so far]
[ 20/129] Earthquakes
    stage 1/3: loading data ...
    stage 2/3: training on 259 series (val=63, C=2, T=512, batch=16) ...
    stage 3/3: scoring on 139 test series (accuracy + AOPCR) ...
    [mlflow] versioned model 'seanet_spiketrend_topk__sea_mstcn_sep_spiketrend__sea_topk_conjunctive' (id=m-968e17d93e9747eb827e0f26841882ed) params={'model_size_mb': '1.5232', 'n_model_params': '66428', 'name': 'seanet_spiketrend_topk'}
    [mlflow] logged run 'seanet_spiketrend_topk_Earthquakes'  (train_acc=0.8610 val_acc=0.8254 test_acc=0.7770 test_loss=0.4902)
[ 20/129] Earthquakes                  DONE  acc=0.7770 loss=0.4902 AOPCR=  0.478 NDCG=  n/a C=  2 T=  512 (7s)  [19 trained / 0 failed so far]
[ 21/129] ECG200
    stage 1/3: loading data ...
    stage 2/3: training on 81 series (val=19, C=2, T=96, batch=8) ...
    stage 3/3: scoring on 100 test series (accuracy + AOPCR) ...
    [mlflow] versioned model 'seanet_spiketrend_topk__sea_mstcn_sep_spiketrend__sea_topk_conjunctive' (id=m-0961e72bb2074d7386bb9b284414bf24) params={'model_size_mb': '1.5232', 'n_model_params': '66428', 'name': 'seanet_spiketrend_topk'}
    [mlflow] logged run 'seanet_spiketrend_topk_ECG200'  (train_acc=0.9753 val_acc=0.7895 test_acc=0.8500 test_loss=0.3118)
[ 21/129] ECG200                       DONE  acc=0.8500 loss=0.3118 AOPCR=  1.019 NDCG=  n/a C=  2 T=   96 (6s)  [20 trained / 0 failed so far]
[ 22/129] ECG5000
    stage 1/3: loading data ...
    stage 2/3: training on 401 series (val=99, C=5, T=140, batch=16) ...
    stage 3/3: scoring on 4500 test series (accuracy + AOPCR) ...
    [mlflow] versioned model 'seanet_spiketrend_topk__sea_mstcn_sep_spiketrend__sea_topk_conjunctive' (id=m-16a7a7b6f8c04c8bb38f0e98751bf295) params={'model_size_mb': '1.524', 'n_model_params': '66650', 'name': 'seanet_spiketrend_topk'}
    [mlflow] logged run 'seanet_spiketrend_topk_ECG5000'  (train_acc=0.9850 val_acc=0.9596 test_acc=0.9422 test_loss=0.2568)
[ 22/129] ECG5000                      DONE  acc=0.9422 loss=0.2568 AOPCR=  1.214 NDCG=  n/a C=  5 T=  140 (17s)  [21 trained / 0 failed so far]
[ 23/129] ECGFiveDays
    stage 1/3: loading data ...
    stage 2/3: training on 23 series (no val (train-loss early stop), C=2, T=136, batch=2) ...
    stage 3/3: scoring on 861 test series (accuracy + AOPCR) ...
    [mlflow] versioned model 'seanet_spiketrend_topk__sea_mstcn_sep_spiketrend__sea_topk_conjunctive' (id=m-ab11e91bb6e04196889a25ad27f47ce4) params={'model_size_mb': '1.5232', 'n_model_params': '66428', 'name': 'seanet_spiketrend_topk'}
    [mlflow] logged run 'seanet_spiketrend_topk_ECGFiveDays'  (train_acc=1.0000 test_acc=1.0000 test_loss=0.0649)
[ 23/129] ECGFiveDays                  DONE  acc=1.0000 loss=0.0649 AOPCR=  0.312 NDCG=  n/a C=  2 T=  136 (14s)  [22 trained / 0 failed so far]
[ 24/129] ElectricDevices
    stage 1/3: loading data ...
    stage 2/3: training on 7144 series (val=1782, C=7, T=96, batch=16) ...
    stage 3/3: scoring on 7711 test series (accuracy + AOPCR) ...
    [mlflow] versioned model 'seanet_spiketrend_topk__sea_mstcn_sep_spiketrend__sea_topk_conjunctive' (id=m-c96982fb498642438b5af4d499b6660a) params={'model_size_mb': '1.5245', 'n_model_params': '66798', 'name': 'seanet_spiketrend_topk'}
    [mlflow] logged run 'seanet_spiketrend_topk_ElectricDevices'  (train_acc=0.9639 val_acc=0.9057 test_acc=0.7115 test_loss=1.0103)
[ 24/129] ElectricDevices              DONE  acc=0.7115 loss=1.0103 AOPCR=  1.192 NDCG=  n/a C=  7 T=   96 (767s)  [23 trained / 0 failed so far]
[ 25/129] FaceAll
    stage 1/3: loading data ...
    stage 2/3: training on 448 series (val=112, C=14, T=131, batch=16) ...
    stage 3/3: scoring on 1690 test series (accuracy + AOPCR) ...
    [mlflow] versioned model 'seanet_spiketrend_topk__sea_mstcn_sep_spiketrend__sea_topk_conjunctive' (id=m-78fa84b55ff94f1e87bb5622b41b7719) params={'model_size_mb': '1.5265', 'n_model_params': '67316', 'name': 'seanet_spiketrend_topk'}
    [mlflow] logged run 'seanet_spiketrend_topk_FaceAll'  (train_acc=1.0000 val_acc=0.9732 test_acc=0.8337 test_loss=0.7466)
[ 25/129] FaceAll                      DONE  acc=0.8337 loss=0.7466 AOPCR=  0.415 NDCG=  n/a C= 14 T=  131 (77s)  [24 trained / 0 failed so far]
[ 26/129] FaceFour
    stage 1/3: loading data ...
    stage 2/3: training on 24 series (no val (train-loss early stop), C=4, T=350, batch=2) ...
    stage 3/3: scoring on 88 test series (accuracy + AOPCR) ...
    [mlflow] versioned model 'seanet_spiketrend_topk__sea_mstcn_sep_spiketrend__sea_topk_conjunctive' (id=m-b147e76626cc4b73bf34c8392a742087) params={'model_size_mb': '1.5238', 'n_model_params': '66576', 'name': 'seanet_spiketrend_topk'}
    [mlflow] logged run 'seanet_spiketrend_topk_FaceFour'  (train_acc=1.0000 test_acc=0.9545 test_loss=0.1995)
[ 26/129] FaceFour                     DONE  acc=0.9545 loss=0.1995 AOPCR=  1.590 NDCG=  n/a C=  4 T=  350 (28s)  [25 trained / 0 failed so far]
[ 27/129] FacesUCR
    stage 1/3: loading data ...
    stage 2/3: training on 165 series (val=35, C=14, T=131, batch=16) ...
    stage 3/3: scoring on 2050 test series (accuracy + AOPCR) ...
    [mlflow] versioned model 'seanet_spiketrend_topk__sea_mstcn_sep_spiketrend__sea_topk_conjunctive' (id=m-c880d8d496d9439097483dd09896e1c1) params={'model_size_mb': '1.5265', 'n_model_params': '67316', 'name': 'seanet_spiketrend_topk'}
    [mlflow] logged run 'seanet_spiketrend_topk_FacesUCR'  (train_acc=1.0000 val_acc=0.9714 test_acc=0.9610 test_loss=0.2837)
[ 27/129] FacesUCR                     DONE  acc=0.9610 loss=0.2837 AOPCR=  0.896 NDCG=  n/a C= 14 T=  131 (21s)  [26 trained / 0 failed so far]
[ 28/129] FiftyWords
    stage 1/3: loading data ...
    stage 2/3: training on 365 series (val=85, C=50, T=270, batch=16) ...
    stage 3/3: scoring on 455 test series (accuracy + AOPCR) ...
    [mlflow] versioned model 'seanet_spiketrend_topk__sea_mstcn_sep_spiketrend__sea_topk_conjunctive' (id=m-5dfcf84dfbd04a9b81934fba9999d962) params={'model_size_mb': '1.5368', 'n_model_params': '69980', 'name': 'seanet_spiketrend_topk'}
    [mlflow] logged run 'seanet_spiketrend_topk_FiftyWords'  (train_acc=1.0000 val_acc=0.7765 test_acc=0.7890 test_loss=0.9322)
[ 28/129] FiftyWords                   DONE  acc=0.7890 loss=0.9322 AOPCR=  1.769 NDCG=  n/a C= 50 T=  270 (28s)  [27 trained / 0 failed so far]
[ 29/129] Fish
    stage 1/3: loading data ...
    stage 2/3: training on 142 series (val=33, C=7, T=463, batch=14) ...
    stage 3/3: scoring on 175 test series (accuracy + AOPCR) ...
    [mlflow] versioned model 'seanet_spiketrend_topk__sea_mstcn_sep_spiketrend__sea_topk_conjunctive' (id=m-afd0350698de47edb6cacc3eb2c7d9e0) params={'model_size_mb': '1.5245', 'n_model_params': '66798', 'name': 'seanet_spiketrend_topk'}
    [mlflow] logged run 'seanet_spiketrend_topk_Fish'  (train_acc=0.9859 val_acc=0.9697 test_acc=0.9543 test_loss=0.2222)
[ 29/129] Fish                         DONE  acc=0.9543 loss=0.2222 AOPCR=  1.841 NDCG=  n/a C=  7 T=  463 (9s)  [28 trained / 0 failed so far]
[ 30/129] FordA
    stage 1/3: loading data ...
    stage 2/3: training on 2881 series (val=720, C=2, T=500, batch=16) ...
    stage 3/3: scoring on 1320 test series (accuracy + AOPCR) ...
    [mlflow] versioned model 'seanet_spiketrend_topk__sea_mstcn_sep_spiketrend__sea_topk_conjunctive' (id=m-2e431c3431714e978daab93f458cb213) params={'model_size_mb': '1.5232', 'n_model_params': '66428', 'name': 'seanet_spiketrend_topk'}
    [mlflow] logged run 'seanet_spiketrend_topk_FordA'  (train_acc=0.9882 val_acc=0.9667 test_acc=0.9614 test_loss=0.1505)
[ 30/129] FordA                        DONE  acc=0.9614 loss=0.1505 AOPCR=  0.696 NDCG=  n/a C=  2 T=  500 (99s)  [29 trained / 0 failed so far]
[ 31/129] FordB
    stage 1/3: loading data ...
    stage 2/3: training on 2909 series (val=727, C=2, T=500, batch=16) ...
    stage 3/3: scoring on 810 test series (accuracy + AOPCR) ...
    [mlflow] versioned model 'seanet_spiketrend_topk__sea_mstcn_sep_spiketrend__sea_topk_conjunctive' (id=m-62204aafd8d74f498c796d0752f1a985) params={'model_size_mb': '1.5232', 'n_model_params': '66428', 'name': 'seanet_spiketrend_topk'}
    [mlflow] logged run 'seanet_spiketrend_topk_FordB'  (train_acc=0.9997 val_acc=0.9725 test_acc=0.8580 test_loss=0.3596)
[ 31/129] FordB                        DONE  acc=0.8580 loss=0.3596 AOPCR=  0.935 NDCG=  n/a C=  2 T=  500 (124s)  [30 trained / 0 failed so far]
[ 32/129] GunPoint
    stage 1/3: loading data ...
    stage 2/3: training on 50 series (no val (train-loss early stop), C=2, T=150, batch=5) ...
    stage 3/3: scoring on 150 test series (accuracy + AOPCR) ...
    [mlflow] versioned model 'seanet_spiketrend_topk__sea_mstcn_sep_spiketrend__sea_topk_conjunctive' (id=m-ce4ba98a51ac48969dc031ecfbebf54b) params={'model_size_mb': '1.5232', 'n_model_params': '66428', 'name': 'seanet_spiketrend_topk'}
    [mlflow] logged run 'seanet_spiketrend_topk_GunPoint'  (train_acc=1.0000 test_acc=0.9933 test_loss=0.0807)
[ 32/129] GunPoint                     DONE  acc=0.9933 loss=0.0807 AOPCR=  0.704 NDCG=  n/a C=  2 T=  150 (23s)  [31 trained / 0 failed so far]
[ 33/129] Ham
    stage 1/3: loading data ...
    stage 2/3: training on 88 series (val=21, C=2, T=431, batch=8) ...
    stage 3/3: scoring on 105 test series (accuracy + AOPCR) ...
    [mlflow] versioned model 'seanet_spiketrend_topk__sea_mstcn_sep_spiketrend__sea_topk_conjunctive' (id=m-33170139bfc148a7af44cbdf248b7968) params={'model_size_mb': '1.5232', 'n_model_params': '66428', 'name': 'seanet_spiketrend_topk'}
    [mlflow] logged run 'seanet_spiketrend_topk_Ham'  (train_acc=1.0000 val_acc=0.7619 test_acc=0.6857 test_loss=0.7253)
[ 33/129] Ham                          DONE  acc=0.6857 loss=0.7253 AOPCR=  1.825 NDCG=  n/a C=  2 T=  431 (16s)  [32 trained / 0 failed so far]
[ 34/129] HandOutlines
    stage 1/3: loading data ...
    stage 2/3: training on 801 series (val=199, C=2, T=2709, batch=16) ...
    stage 3/3: scoring on 370 test series (accuracy + AOPCR) ...
    [mlflow] versioned model 'seanet_spiketrend_topk__sea_mstcn_sep_spiketrend__sea_topk_conjunctive' (id=m-514e19beff4c46848e6b95912c163112) params={'model_size_mb': '1.5232', 'n_model_params': '66428', 'name': 'seanet_spiketrend_topk'}
    [mlflow] logged run 'seanet_spiketrend_topk_HandOutlines'  (train_acc=0.9213 val_acc=0.8593 test_acc=0.8973 test_loss=0.2860)
[ 34/129] HandOutlines                 DONE  acc=0.8973 loss=0.2860 AOPCR=  5.516 NDCG=  n/a C=  2 T= 2709 (61s)  [33 trained / 0 failed so far]
[ 35/129] Haptics
    stage 1/3: loading data ...
    stage 2/3: training on 127 series (val=28, C=5, T=1092, batch=12) ...
    stage 3/3: scoring on 308 test series (accuracy + AOPCR) ...
    [mlflow] versioned model 'seanet_spiketrend_topk__sea_mstcn_sep_spiketrend__sea_topk_conjunctive' (id=m-05a4e1f34b94479a9529efd9ce0ad46a) params={'model_size_mb': '1.524', 'n_model_params': '66650', 'name': 'seanet_spiketrend_topk'}
    [mlflow] logged run 'seanet_spiketrend_topk_Haptics'  (train_acc=0.6772 val_acc=0.5357 test_acc=0.4318 test_loss=1.4311)
[ 35/129] Haptics                      DONE  acc=0.4318 loss=1.4311 AOPCR=  1.435 NDCG=  n/a C=  5 T= 1092 (6s)  [34 trained / 0 failed so far]
[ 36/129] Herring
    stage 1/3: loading data ...
    stage 2/3: training on 64 series (no val (train-loss early stop), C=2, T=512, batch=6) ...
    stage 3/3: scoring on 64 test series (accuracy + AOPCR) ...
    [mlflow] versioned model 'seanet_spiketrend_topk__sea_mstcn_sep_spiketrend__sea_topk_conjunctive' (id=m-d5e85616ad9642cebcc937685fc8aa53) params={'model_size_mb': '1.5232', 'n_model_params': '66428', 'name': 'seanet_spiketrend_topk'}
    [mlflow] logged run 'seanet_spiketrend_topk_Herring'  (train_acc=1.0000 test_acc=0.5938 test_loss=0.9564)
[ 36/129] Herring                      DONE  acc=0.5938 loss=0.9564 AOPCR=  5.245 NDCG=  n/a C=  2 T=  512 (19s)  [35 trained / 0 failed so far]
[ 37/129] InlineSkate
    stage 1/3: loading data ...
    stage 2/3: training on 84 series (val=16, C=7, T=1882, batch=8) ...
    stage 3/3: scoring on 550 test series (accuracy + AOPCR) ...
    [mlflow] versioned model 'seanet_spiketrend_topk__sea_mstcn_sep_spiketrend__sea_topk_conjunctive' (id=m-a1c7b1853b2544a89af0bccc3d71a8e5) params={'model_size_mb': '1.5245', 'n_model_params': '66798', 'name': 'seanet_spiketrend_topk'}
    [mlflow] logged run 'seanet_spiketrend_topk_InlineSkate'  (train_acc=0.5119 val_acc=0.5625 test_acc=0.3091 test_loss=1.8011)
[ 37/129] InlineSkate                  DONE  acc=0.3091 loss=1.8011 AOPCR=  0.801 NDCG=  n/a C=  7 T= 1882 (5s)  [36 trained / 0 failed so far]
[ 38/129] InsectWingbeatSound
    stage 1/3: loading data ...
    stage 2/3: training on 176 series (val=44, C=11, T=256, batch=16) ...
    stage 3/3: scoring on 1980 test series (accuracy + AOPCR) ...
    [mlflow] versioned model 'seanet_spiketrend_topk__sea_mstcn_sep_spiketrend__sea_topk_conjunctive' (id=m-9d4109e6c6c7488b8f0456304bd349c3) params={'model_size_mb': '1.5256', 'n_model_params': '67094', 'name': 'seanet_spiketrend_topk'}
    [mlflow] logged run 'seanet_spiketrend_topk_InsectWingbeatSound'  (train_acc=0.7159 val_acc=0.6591 test_acc=0.6157 test_loss=1.0189)
[ 38/129] InsectWingbeatSound          DONE  acc=0.6157 loss=1.0189 AOPCR=  1.016 NDCG=  n/a C= 11 T=  256 (5s)  [37 trained / 0 failed so far]
[ 39/129] ItalyPowerDemand
    stage 1/3: loading data ...
    stage 2/3: training on 67 series (no val (train-loss early stop), C=2, T=24, batch=6) ...
    stage 3/3: scoring on 1029 test series (accuracy + AOPCR) ...
    [mlflow] versioned model 'seanet_spiketrend_topk__sea_mstcn_sep_spiketrend__sea_topk_conjunctive' (id=m-9a3a62558775435a97cae6292fa405f0) params={'model_size_mb': '1.5232', 'n_model_params': '66428', 'name': 'seanet_spiketrend_topk'}
    [mlflow] logged run 'seanet_spiketrend_topk_ItalyPowerDemand'  (train_acc=1.0000 test_acc=0.9670 test_loss=0.1419)
[ 39/129] ItalyPowerDemand             DONE  acc=0.9670 loss=0.1419 AOPCR=  0.299 NDCG=  n/a C=  2 T=   24 (28s)  [38 trained / 0 failed so far]
[ 40/129] LargeKitchenAppliances
    stage 1/3: loading data ...
    stage 2/3: training on 300 series (val=75, C=3, T=720, batch=16) ...
    stage 3/3: scoring on 375 test series (accuracy + AOPCR) ...
    [mlflow] versioned model 'seanet_spiketrend_topk__sea_mstcn_sep_spiketrend__sea_topk_conjunctive' (id=m-9b9357d06ec8480a9573d504fee1ab0e) params={'model_size_mb': '1.5234', 'n_model_params': '66502', 'name': 'seanet_spiketrend_topk'}
    [mlflow] logged run 'seanet_spiketrend_topk_LargeKitchenAppliances'  (train_acc=0.9900 val_acc=0.9733 test_acc=0.9013 test_loss=0.3171)
[ 40/129] LargeKitchenAppliances       DONE  acc=0.9013 loss=0.3171 AOPCR=  1.632 NDCG=  n/a C=  3 T=  720 (15s)  [39 trained / 0 failed so far]
[ 41/129] Lightning2
    stage 1/3: loading data ...
    stage 2/3: training on 60 series (no val (train-loss early stop), C=2, T=637, batch=6) ...
    stage 3/3: scoring on 61 test series (accuracy + AOPCR) ...
    [mlflow] versioned model 'seanet_spiketrend_topk__sea_mstcn_sep_spiketrend__sea_topk_conjunctive' (id=m-ce439ac9944b4c89b8e0f1511dcd9f31) params={'model_size_mb': '1.5232', 'n_model_params': '66428', 'name': 'seanet_spiketrend_topk'}
    [mlflow] logged run 'seanet_spiketrend_topk_Lightning2'  (train_acc=1.0000 test_acc=0.8525 test_loss=0.3542)
[ 41/129] Lightning2                   DONE  acc=0.8525 loss=0.3542 AOPCR=  0.996 NDCG=  n/a C=  2 T=  637 (29s)  [40 trained / 0 failed so far]
[ 42/129] Lightning7
    stage 1/3: loading data ...
    stage 2/3: training on 70 series (no val (train-loss early stop), C=7, T=319, batch=7) ...
    stage 3/3: scoring on 73 test series (accuracy + AOPCR) ...
    [mlflow] versioned model 'seanet_spiketrend_topk__sea_mstcn_sep_spiketrend__sea_topk_conjunctive' (id=m-1d8cfa6867b345899591229fe852bd7d) params={'model_size_mb': '1.5245', 'n_model_params': '66798', 'name': 'seanet_spiketrend_topk'}
    [mlflow] logged run 'seanet_spiketrend_topk_Lightning7'  (train_acc=1.0000 test_acc=0.7808 test_loss=0.5870)
[ 42/129] Lightning7                   DONE  acc=0.7808 loss=0.5870 AOPCR=  1.162 NDCG=  n/a C=  7 T=  319 (28s)  [41 trained / 0 failed so far]
[ 43/129] Mallat
    stage 1/3: loading data ...
    stage 2/3: training on 55 series (no val (train-loss early stop), C=8, T=1024, batch=5) ...
    stage 3/3: scoring on 2345 test series (accuracy + AOPCR) ...
    [mlflow] versioned model 'seanet_spiketrend_topk__sea_mstcn_sep_spiketrend__sea_topk_conjunctive' (id=m-41d3fe5796e44667bc0fef2d11c93d70) params={'model_size_mb': '1.5248', 'n_model_params': '66872', 'name': 'seanet_spiketrend_topk'}
    [mlflow] logged run 'seanet_spiketrend_topk_Mallat'  (train_acc=1.0000 test_acc=0.9629 test_loss=0.3130)
[ 43/129] Mallat                       DONE  acc=0.9629 loss=0.3130 AOPCR=  1.541 NDCG=  n/a C=  8 T= 1024 (32s)  [42 trained / 0 failed so far]
[ 44/129] Meat
    stage 1/3: loading data ...
    stage 2/3: training on 60 series (no val (train-loss early stop), C=3, T=448, batch=6) ...
    stage 3/3: scoring on 60 test series (accuracy + AOPCR) ...
    [mlflow] versioned model 'seanet_spiketrend_topk__sea_mstcn_sep_spiketrend__sea_topk_conjunctive' (id=m-0a41250e5b8b44c7bc486ffd4525c366) params={'model_size_mb': '1.5234', 'n_model_params': '66502', 'name': 'seanet_spiketrend_topk'}
    [mlflow] logged run 'seanet_spiketrend_topk_Meat'  (train_acc=1.0000 test_acc=0.8833 test_loss=0.2868)
[ 44/129] Meat                         DONE  acc=0.8833 loss=0.2868 AOPCR=  0.949 NDCG=  n/a C=  3 T=  448 (16s)  [43 trained / 0 failed so far]
[ 45/129] MedicalImages
    stage 1/3: loading data ...
    stage 2/3: training on 307 series (val=74, C=10, T=99, batch=16) ...
    stage 3/3: scoring on 760 test series (accuracy + AOPCR) ...
    [mlflow] versioned model 'seanet_spiketrend_topk__sea_mstcn_sep_spiketrend__sea_topk_conjunctive' (id=m-82feb2153ed74a91bb5ec1e047f6dd87) params={'model_size_mb': '1.5254', 'n_model_params': '67020', 'name': 'seanet_spiketrend_topk'}
    [mlflow] logged run 'seanet_spiketrend_topk_MedicalImages'  (train_acc=0.8893 val_acc=0.7568 test_acc=0.7197 test_loss=0.7915)
[ 45/129] MedicalImages                DONE  acc=0.7197 loss=0.7915 AOPCR=  0.690 NDCG=  n/a C= 10 T=   99 (14s)  [44 trained / 0 failed so far]
[ 46/129] MiddlePhalanxOutlineAgeGroup
    stage 1/3: loading data ...
    stage 2/3: training on 321 series (val=79, C=3, T=80, batch=16) ...
    stage 3/3: scoring on 154 test series (accuracy + AOPCR) ...
    [mlflow] versioned model 'seanet_spiketrend_topk__sea_mstcn_sep_spiketrend__sea_topk_conjunctive' (id=m-6ca4c790ad5d42cd9123e004da074909) params={'model_size_mb': '1.5234', 'n_model_params': '66502', 'name': 'seanet_spiketrend_topk'}
    [mlflow] logged run 'seanet_spiketrend_topk_MiddlePhalanxOutlineAgeGroup'  (train_acc=0.8100 val_acc=0.8101 test_acc=0.6234 test_loss=0.9193)
[ 46/129] MiddlePhalanxOutlineAgeGroup DONE  acc=0.6234 loss=0.9193 AOPCR=  0.405 NDCG=  n/a C=  3 T=   80 (17s)  [45 trained / 0 failed so far]
[ 47/129] MiddlePhalanxOutlineCorrect
    stage 1/3: loading data ...
    stage 2/3: training on 481 series (val=119, C=2, T=80, batch=16) ...
    stage 3/3: scoring on 291 test series (accuracy + AOPCR) ...
    [mlflow] versioned model 'seanet_spiketrend_topk__sea_mstcn_sep_spiketrend__sea_topk_conjunctive' (id=m-187a6f333dae4a2082c2b0b91b72bc69) params={'model_size_mb': '1.5232', 'n_model_params': '66428', 'name': 'seanet_spiketrend_topk'}
    [mlflow] logged run 'seanet_spiketrend_topk_MiddlePhalanxOutlineCorrect'  (train_acc=0.9210 val_acc=0.8403 test_acc=0.8282 test_loss=0.3812)
[ 47/129] MiddlePhalanxOutlineCorrect  DONE  acc=0.8282 loss=0.3812 AOPCR= -0.357 NDCG=  n/a C=  2 T=   80 (37s)  [46 trained / 0 failed so far]
[ 48/129] MiddlePhalanxTW
    stage 1/3: loading data ...
    stage 2/3: training on 321 series (val=78, C=6, T=80, batch=16) ...
    stage 3/3: scoring on 154 test series (accuracy + AOPCR) ...
    [mlflow] versioned model 'seanet_spiketrend_topk__sea_mstcn_sep_spiketrend__sea_topk_conjunctive' (id=m-2bb1d90005084570966b94815a07e5b5) params={'model_size_mb': '1.5243', 'n_model_params': '66724', 'name': 'seanet_spiketrend_topk'}
    [mlflow] logged run 'seanet_spiketrend_topk_MiddlePhalanxTW'  (train_acc=0.6885 val_acc=0.6667 test_acc=0.5714 test_loss=1.1087)
[ 48/129] MiddlePhalanxTW              DONE  acc=0.5714 loss=1.1087 AOPCR=  0.050 NDCG=  n/a C=  6 T=   80 (18s)  [47 trained / 0 failed so far]
[ 49/129] MoteStrain
    stage 1/3: loading data ...
    stage 2/3: training on 20 series (no val (train-loss early stop), C=2, T=84, batch=2) ...
    stage 3/3: scoring on 1252 test series (accuracy + AOPCR) ...
    [mlflow] versioned model 'seanet_spiketrend_topk__sea_mstcn_sep_spiketrend__sea_topk_conjunctive' (id=m-9a9eb5f9e2334a2593a9d4a204b10017) params={'model_size_mb': '1.5232', 'n_model_params': '66428', 'name': 'seanet_spiketrend_topk'}
    [mlflow] logged run 'seanet_spiketrend_topk_MoteStrain'  (train_acc=1.0000 test_acc=0.8914 test_loss=0.2837)
[ 49/129] MoteStrain                   DONE  acc=0.8914 loss=0.2837 AOPCR=  2.125 NDCG=  n/a C=  2 T=   84 (18s)  [48 trained / 0 failed so far]
[ 50/129] NonInvasiveFetalECGThorax1
    stage 1/3: loading data ...
    stage 2/3: training on 1452 series (val=348, C=42, T=750, batch=16) ...
    stage 3/3: scoring on 1965 test series (accuracy + AOPCR) ...
    [mlflow] versioned model 'seanet_spiketrend_topk__sea_mstcn_sep_spiketrend__sea_topk_conjunctive' (id=m-dc7038ab05414ed4986a912e9bfabbc6) params={'model_size_mb': '1.5344', 'n_model_params': '69388', 'name': 'seanet_spiketrend_topk'}
    [mlflow] logged run 'seanet_spiketrend_topk_NonInvasiveFetalECGThorax1'  (train_acc=0.9745 val_acc=0.9167 test_acc=0.9221 test_loss=0.3926)
[ 50/129] NonInvasiveFetalECGThorax1   DONE  acc=0.9221 loss=0.3926 AOPCR=  1.230 NDCG=  n/a C= 42 T=  750 (150s)  [49 trained / 0 failed so far]
[ 51/129] NonInvasiveFetalECGThorax2
    stage 1/3: loading data ...
    stage 2/3: training on 1452 series (val=348, C=42, T=750, batch=16) ...
    stage 3/3: scoring on 1965 test series (accuracy + AOPCR) ...
    [mlflow] versioned model 'seanet_spiketrend_topk__sea_mstcn_sep_spiketrend__sea_topk_conjunctive' (id=m-c8ff40e32a634ea8b3976347c93ec67b) params={'model_size_mb': '1.5344', 'n_model_params': '69388', 'name': 'seanet_spiketrend_topk'}
    [mlflow] logged run 'seanet_spiketrend_topk_NonInvasiveFetalECGThorax2'  (train_acc=0.9869 val_acc=0.9598 test_acc=0.9277 test_loss=0.3453)
[ 51/129] NonInvasiveFetalECGThorax2   DONE  acc=0.9277 loss=0.3453 AOPCR=  1.004 NDCG=  n/a C= 42 T=  750 (154s)  [50 trained / 0 failed so far]
[ 52/129] OliveOil
    stage 1/3: loading data ...
    stage 2/3: training on 30 series (no val (train-loss early stop), C=4, T=570, batch=3) ...
    stage 3/3: scoring on 30 test series (accuracy + AOPCR) ...
    [mlflow] versioned model 'seanet_spiketrend_topk__sea_mstcn_sep_spiketrend__sea_topk_conjunctive' (id=m-043ab0050f114ef782255a42287034f7) params={'model_size_mb': '1.5238', 'n_model_params': '66576', 'name': 'seanet_spiketrend_topk'}
    [mlflow] logged run 'seanet_spiketrend_topk_OliveOil'  (train_acc=0.4333 test_acc=0.4000 test_loss=1.2979)
[ 52/129] OliveOil                     DONE  acc=0.4000 loss=1.2979 AOPCR=  0.367 NDCG=  n/a C=  4 T=  570 (13s)  [51 trained / 0 failed so far]
[ 53/129] OSULeaf
    stage 1/3: loading data ...
    stage 2/3: training on 163 series (val=37, C=6, T=427, batch=16) ...
    stage 3/3: scoring on 242 test series (accuracy + AOPCR) ...
    [mlflow] versioned model 'seanet_spiketrend_topk__sea_mstcn_sep_spiketrend__sea_topk_conjunctive' (id=m-1cdef32065c546ff9b5073c11b3daf97) params={'model_size_mb': '1.5243', 'n_model_params': '66724', 'name': 'seanet_spiketrend_topk'}
    [mlflow] logged run 'seanet_spiketrend_topk_OSULeaf'  (train_acc=1.0000 val_acc=0.9459 test_acc=0.8347 test_loss=0.5486)
[ 53/129] OSULeaf                      DONE  acc=0.8347 loss=0.5486 AOPCR=  0.582 NDCG=  n/a C=  6 T=  427 (13s)  [52 trained / 0 failed so far]
[ 54/129] PhalangesOutlinesCorrect
    stage 1/3: loading data ...
    stage 2/3: training on 1441 series (val=359, C=2, T=80, batch=16) ...
    stage 3/3: scoring on 858 test series (accuracy + AOPCR) ...
    [mlflow] versioned model 'seanet_spiketrend_topk__sea_mstcn_sep_spiketrend__sea_topk_conjunctive' (id=m-38603fa0ca9a4e05bd2d751adca9e965) params={'model_size_mb': '1.5232', 'n_model_params': '66428', 'name': 'seanet_spiketrend_topk'}
    [mlflow] logged run 'seanet_spiketrend_topk_PhalangesOutlinesCorrect'  (train_acc=0.9271 val_acc=0.8747 test_acc=0.8217 test_loss=0.3985)
[ 54/129] PhalangesOutlinesCorrect     DONE  acc=0.8217 loss=0.3985 AOPCR=  0.310 NDCG=  n/a C=  2 T=   80 (78s)  [53 trained / 0 failed so far]
[ 55/129] Phoneme
    stage 1/3: loading data ...
    stage 2/3: training on 171 series (val=43, C=39, T=1024, batch=16) ...
    stage 3/3: scoring on 1896 test series (accuracy + AOPCR) ...
    [mlflow] versioned model 'seanet_spiketrend_topk__sea_mstcn_sep_spiketrend__sea_topk_conjunctive' (id=m-8df6296929a2440facc65a648dd7aad5) params={'model_size_mb': '1.5336', 'n_model_params': '69166', 'name': 'seanet_spiketrend_topk'}
    [mlflow] logged run 'seanet_spiketrend_topk_Phoneme'  (train_acc=0.4737 val_acc=0.2093 test_acc=0.2068 test_loss=2.8841)
[ 55/129] Phoneme                      DONE  acc=0.2068 loss=2.8841 AOPCR=  1.255 NDCG=  n/a C= 39 T= 1024 (6s)  [54 trained / 0 failed so far]
[ 56/129] Plane
    stage 1/3: loading data ...
    stage 2/3: training on 87 series (val=18, C=7, T=144, batch=8) ...
    stage 3/3: scoring on 105 test series (accuracy + AOPCR) ...
    [mlflow] versioned model 'seanet_spiketrend_topk__sea_mstcn_sep_spiketrend__sea_topk_conjunctive' (id=m-79e75e18053848f487c86a623e6a8df2) params={'model_size_mb': '1.5245', 'n_model_params': '66798', 'name': 'seanet_spiketrend_topk'}
    [mlflow] logged run 'seanet_spiketrend_topk_Plane'  (train_acc=1.0000 val_acc=1.0000 test_acc=1.0000 test_loss=0.0963)
[ 56/129] Plane                        DONE  acc=1.0000 loss=0.0963 AOPCR=  1.066 NDCG=  n/a C=  7 T=  144 (28s)  [55 trained / 0 failed so far]
[ 57/129] ProximalPhalanxOutlineAgeGroup
    stage 1/3: loading data ...
    stage 2/3: training on 322 series (val=78, C=3, T=80, batch=16) ...
    stage 3/3: scoring on 205 test series (accuracy + AOPCR) ...
    [mlflow] versioned model 'seanet_spiketrend_topk__sea_mstcn_sep_spiketrend__sea_topk_conjunctive' (id=m-7ede12e2203e45099091befe68045c22) params={'model_size_mb': '1.5234', 'n_model_params': '66502', 'name': 'seanet_spiketrend_topk'}
    [mlflow] logged run 'seanet_spiketrend_topk_ProximalPhalanxOutlineAgeGroup'  (train_acc=0.9224 val_acc=0.8462 test_acc=0.8585 test_loss=0.4252)
[ 57/129] ProximalPhalanxOutlineAgeGroup DONE  acc=0.8585 loss=0.4252 AOPCR=  1.055 NDCG=  n/a C=  3 T=   80 (26s)  [56 trained / 0 failed so far]
[ 58/129] ProximalPhalanxOutlineCorrect
    stage 1/3: loading data ...
    stage 2/3: training on 481 series (val=119, C=2, T=80, batch=16) ...
    stage 3/3: scoring on 291 test series (accuracy + AOPCR) ...
    [mlflow] versioned model 'seanet_spiketrend_topk__sea_mstcn_sep_spiketrend__sea_topk_conjunctive' (id=m-dbe22b8adbf840a0acd9771e4c014ced) params={'model_size_mb': '1.5232', 'n_model_params': '66428', 'name': 'seanet_spiketrend_topk'}
    [mlflow] logged run 'seanet_spiketrend_topk_ProximalPhalanxOutlineCorrect'  (train_acc=0.8794 val_acc=0.8655 test_acc=0.8729 test_loss=0.3491)
[ 58/129] ProximalPhalanxOutlineCorrect DONE  acc=0.8729 loss=0.3491 AOPCR= -0.118 NDCG=  n/a C=  2 T=   80 (24s)  [57 trained / 0 failed so far]
[ 59/129] ProximalPhalanxTW
    stage 1/3: loading data ...
    stage 2/3: training on 322 series (val=78, C=6, T=80, batch=16) ...
    stage 3/3: scoring on 205 test series (accuracy + AOPCR) ...
    [mlflow] versioned model 'seanet_spiketrend_topk__sea_mstcn_sep_spiketrend__sea_topk_conjunctive' (id=m-fdfff815c3ae4af092cba635794bad89) params={'model_size_mb': '1.5243', 'n_model_params': '66724', 'name': 'seanet_spiketrend_topk'}
    [mlflow] logged run 'seanet_spiketrend_topk_ProximalPhalanxTW'  (train_acc=0.9068 val_acc=0.8590 test_acc=0.7951 test_loss=0.5325)
[ 59/129] ProximalPhalanxTW            DONE  acc=0.7951 loss=0.5325 AOPCR=  0.567 NDCG=  n/a C=  6 T=   80 (24s)  [58 trained / 0 failed so far]
[ 60/129] RefrigerationDevices
    stage 1/3: loading data ...
    stage 2/3: training on 300 series (val=75, C=3, T=720, batch=16) ...
    stage 3/3: scoring on 375 test series (accuracy + AOPCR) ...
    [mlflow] versioned model 'seanet_spiketrend_topk__sea_mstcn_sep_spiketrend__sea_topk_conjunctive' (id=m-a21b4965a9594ac08d9c540f073b0f73) params={'model_size_mb': '1.5234', 'n_model_params': '66502', 'name': 'seanet_spiketrend_topk'}
    [mlflow] logged run 'seanet_spiketrend_topk_RefrigerationDevices'  (train_acc=0.6567 val_acc=0.6933 test_acc=0.5173 test_loss=1.1798)
[ 60/129] RefrigerationDevices         DONE  acc=0.5173 loss=1.1798 AOPCR=  0.278 NDCG=  n/a C=  3 T=  720 (9s)  [59 trained / 0 failed so far]
[ 61/129] ScreenType
    stage 1/3: loading data ...
    stage 2/3: training on 300 series (val=75, C=3, T=720, batch=16) ...
    stage 3/3: scoring on 375 test series (accuracy + AOPCR) ...
    [mlflow] versioned model 'seanet_spiketrend_topk__sea_mstcn_sep_spiketrend__sea_topk_conjunctive' (id=m-31d10de2d6a24556af1c9abfd7728c87) params={'model_size_mb': '1.5234', 'n_model_params': '66502', 'name': 'seanet_spiketrend_topk'}
    [mlflow] logged run 'seanet_spiketrend_topk_ScreenType'  (train_acc=0.8467 val_acc=0.4400 test_acc=0.4240 test_loss=1.1934)
[ 61/129] ScreenType                   DONE  acc=0.4240 loss=1.1934 AOPCR=  0.564 NDCG=  n/a C=  3 T=  720 (11s)  [60 trained / 0 failed so far]
[ 62/129] ShapeletSim
    stage 1/3: loading data ...
    stage 2/3: training on 20 series (no val (train-loss early stop), C=2, T=500, batch=2) ...
    stage 3/3: scoring on 180 test series (accuracy + AOPCR) ...
    [mlflow] versioned model 'seanet_spiketrend_topk__sea_mstcn_sep_spiketrend__sea_topk_conjunctive' (id=m-1981607b61d749e2aa2e443ea5c09fa3) params={'model_size_mb': '1.5232', 'n_model_params': '66428', 'name': 'seanet_spiketrend_topk'}
    [mlflow] logged run 'seanet_spiketrend_topk_ShapeletSim'  (train_acc=1.0000 test_acc=0.4833 test_loss=1.0571)
[ 62/129] ShapeletSim                  DONE  acc=0.4833 loss=1.0571 AOPCR=  0.229 NDCG=  n/a C=  2 T=  500 (5s)  [61 trained / 0 failed so far]
[ 63/129] ShapesAll
    stage 1/3: loading data ...
    stage 2/3: training on 480 series (val=120, C=60, T=512, batch=16) ...
    stage 3/3: scoring on 600 test series (accuracy + AOPCR) ...
    [mlflow] versioned model 'seanet_spiketrend_topk__sea_mstcn_sep_spiketrend__sea_topk_conjunctive' (id=m-89e3880dd50a45ec94dc0f87e8a20a94) params={'model_size_mb': '1.5395', 'n_model_params': '70720', 'name': 'seanet_spiketrend_topk'}
    [mlflow] logged run 'seanet_spiketrend_topk_ShapesAll'  (train_acc=1.0000 val_acc=0.9333 test_acc=0.8750 test_loss=0.6521)
[ 63/129] ShapesAll                    DONE  acc=0.8750 loss=0.6521 AOPCR=  1.437 NDCG=  n/a C= 60 T=  512 (43s)  [62 trained / 0 failed so far]
[ 64/129] SmallKitchenAppliances
    stage 1/3: loading data ...
    stage 2/3: training on 300 series (val=75, C=3, T=720, batch=16) ...
    stage 3/3: scoring on 375 test series (accuracy + AOPCR) ...
    [mlflow] versioned model 'seanet_spiketrend_topk__sea_mstcn_sep_spiketrend__sea_topk_conjunctive' (id=m-975d5f3a45f548f2b8d8e2a1d7ea8065) params={'model_size_mb': '1.5234', 'n_model_params': '66502', 'name': 'seanet_spiketrend_topk'}
    [mlflow] logged run 'seanet_spiketrend_topk_SmallKitchenAppliances'  (train_acc=0.8900 val_acc=0.7867 test_acc=0.7733 test_loss=0.5209)
[ 64/129] SmallKitchenAppliances       DONE  acc=0.7733 loss=0.5209 AOPCR=  0.319 NDCG=  n/a C=  3 T=  720 (11s)  [63 trained / 0 failed so far]
[ 65/129] SonyAIBORobotSurface1
    stage 1/3: loading data ...
    stage 2/3: training on 20 series (no val (train-loss early stop), C=2, T=70, batch=2) ...
    stage 3/3: scoring on 601 test series (accuracy + AOPCR) ...
    [mlflow] versioned model 'seanet_spiketrend_topk__sea_mstcn_sep_spiketrend__sea_topk_conjunctive' (id=m-8ce1867a01094815a6c0dcca041b63e1) params={'model_size_mb': '1.5232', 'n_model_params': '66428', 'name': 'seanet_spiketrend_topk'}
    [mlflow] logged run 'seanet_spiketrend_topk_SonyAIBORobotSurface1'  (train_acc=1.0000 test_acc=0.8087 test_loss=0.4189)
[ 65/129] SonyAIBORobotSurface1        DONE  acc=0.8087 loss=0.4189 AOPCR=  0.218 NDCG=  n/a C=  2 T=   70 (22s)  [64 trained / 0 failed so far]
[ 66/129] SonyAIBORobotSurface2
    stage 1/3: loading data ...
    stage 2/3: training on 27 series (no val (train-loss early stop), C=2, T=65, batch=2) ...
    stage 3/3: scoring on 953 test series (accuracy + AOPCR) ...
    [mlflow] versioned model 'seanet_spiketrend_topk__sea_mstcn_sep_spiketrend__sea_topk_conjunctive' (id=m-89b28d8bc3c840aabd84377c06d5b859) params={'model_size_mb': '1.5232', 'n_model_params': '66428', 'name': 'seanet_spiketrend_topk'}
    [mlflow] logged run 'seanet_spiketrend_topk_SonyAIBORobotSurface2'  (train_acc=1.0000 test_acc=0.8772 test_loss=0.2637)
[ 66/129] SonyAIBORobotSurface2        DONE  acc=0.8772 loss=0.2637 AOPCR=  0.450 NDCG=  n/a C=  2 T=   65 (13s)  [65 trained / 0 failed so far]
[ 67/129] StarLightCurves
    stage 1/3: loading data ...
    stage 2/3: training on 801 series (val=199, C=3, T=1024, batch=16) ...
    stage 3/3: scoring on 8236 test series (accuracy + AOPCR) ...
    [mlflow] versioned model 'seanet_spiketrend_topk__sea_mstcn_sep_spiketrend__sea_topk_conjunctive' (id=m-c20f5a16249c48fabcaefd1abcbcd0e4) params={'model_size_mb': '1.5234', 'n_model_params': '66502', 'name': 'seanet_spiketrend_topk'}
    [mlflow] logged run 'seanet_spiketrend_topk_StarLightCurves'  (train_acc=1.0000 val_acc=0.9849 test_acc=0.9721 test_loss=0.1568)
[ 67/129] StarLightCurves              DONE  acc=0.9721 loss=0.1568 AOPCR=  3.225 NDCG=  n/a C=  3 T= 1024 (80s)  [66 trained / 0 failed so far]
[ 68/129] Strawberry
    stage 1/3: loading data ...
    stage 2/3: training on 492 series (val=121, C=2, T=235, batch=16) ...
    stage 3/3: scoring on 370 test series (accuracy + AOPCR) ...
    [mlflow] versioned model 'seanet_spiketrend_topk__sea_mstcn_sep_spiketrend__sea_topk_conjunctive' (id=m-281ae36c5283405ebc266be411b57ff4) params={'model_size_mb': '1.5232', 'n_model_params': '66428', 'name': 'seanet_spiketrend_topk'}
    [mlflow] logged run 'seanet_spiketrend_topk_Strawberry'  (train_acc=0.9817 val_acc=1.0000 test_acc=0.9459 test_loss=0.1844)
[ 68/129] Strawberry                   DONE  acc=0.9459 loss=0.1844 AOPCR=  0.748 NDCG=  n/a C=  2 T=  235 (26s)  [67 trained / 0 failed so far]
[ 69/129] SwedishLeaf
    stage 1/3: loading data ...
    stage 2/3: training on 405 series (val=95, C=15, T=128, batch=16) ...
    stage 3/3: scoring on 625 test series (accuracy + AOPCR) ...
    [mlflow] versioned model 'seanet_spiketrend_topk__sea_mstcn_sep_spiketrend__sea_topk_conjunctive' (id=m-792c451d4ec74226af4930241f6694a9) params={'model_size_mb': '1.5267', 'n_model_params': '67390', 'name': 'seanet_spiketrend_topk'}
    [mlflow] logged run 'seanet_spiketrend_topk_SwedishLeaf'  (train_acc=1.0000 val_acc=0.9789 test_acc=0.9408 test_loss=0.2822)
[ 69/129] SwedishLeaf                  DONE  acc=0.9408 loss=0.2822 AOPCR=  0.838 NDCG=  n/a C= 15 T=  128 (58s)  [68 trained / 0 failed so far]
[ 70/129] Symbols
    stage 1/3: loading data ...
    stage 2/3: training on 25 series (no val (train-loss early stop), C=6, T=398, batch=2) ...
    stage 3/3: scoring on 995 test series (accuracy + AOPCR) ...
    [mlflow] versioned model 'seanet_spiketrend_topk__sea_mstcn_sep_spiketrend__sea_topk_conjunctive' (id=m-f9b3b940d8bd4c54b315fa899dff031d) params={'model_size_mb': '1.5243', 'n_model_params': '66724', 'name': 'seanet_spiketrend_topk'}
    [mlflow] logged run 'seanet_spiketrend_topk_Symbols'  (train_acc=1.0000 test_acc=0.9588 test_loss=0.2776)
[ 70/129] Symbols                      DONE  acc=0.9588 loss=0.2776 AOPCR=  2.037 NDCG=  n/a C=  6 T=  398 (22s)  [69 trained / 0 failed so far]
[ 71/129] SyntheticControl
    stage 1/3: loading data ...
    stage 2/3: training on 240 series (val=60, C=6, T=60, batch=16) ...
    stage 3/3: scoring on 300 test series (accuracy + AOPCR) ...
    [mlflow] versioned model 'seanet_spiketrend_topk__sea_mstcn_sep_spiketrend__sea_topk_conjunctive' (id=m-4f36d88a670a459fb85a81aa42f6d65d) params={'model_size_mb': '1.5243', 'n_model_params': '66724', 'name': 'seanet_spiketrend_topk'}
    [mlflow] logged run 'seanet_spiketrend_topk_SyntheticControl'  (train_acc=1.0000 val_acc=1.0000 test_acc=0.9933 test_loss=0.1182)
[ 71/129] SyntheticControl             DONE  acc=0.9933 loss=0.1182 AOPCR=  0.737 NDCG=  n/a C=  6 T=   60 (43s)  [70 trained / 0 failed so far]
[ 72/129] ToeSegmentation1
    stage 1/3: loading data ...
    stage 2/3: training on 40 series (no val (train-loss early stop), C=2, T=277, batch=4) ...
    stage 3/3: scoring on 228 test series (accuracy + AOPCR) ...
    [mlflow] versioned model 'seanet_spiketrend_topk__sea_mstcn_sep_spiketrend__sea_topk_conjunctive' (id=m-bb2edd275ab34f0db0fa21b66de9af78) params={'model_size_mb': '1.5232', 'n_model_params': '66428', 'name': 'seanet_spiketrend_topk'}
    [mlflow] logged run 'seanet_spiketrend_topk_ToeSegmentation1'  (train_acc=1.0000 test_acc=0.9079 test_loss=0.2494)
[ 72/129] ToeSegmentation1             DONE  acc=0.9079 loss=0.2494 AOPCR=  0.625 NDCG=  n/a C=  2 T=  277 (11s)  [71 trained / 0 failed so far]
[ 73/129] ToeSegmentation2
    stage 1/3: loading data ...
    stage 2/3: training on 36 series (no val (train-loss early stop), C=2, T=343, batch=3) ...
    stage 3/3: scoring on 130 test series (accuracy + AOPCR) ...
    [mlflow] versioned model 'seanet_spiketrend_topk__sea_mstcn_sep_spiketrend__sea_topk_conjunctive' (id=m-f7923fd9a06b4d7287290d2fe62e74cb) params={'model_size_mb': '1.5232', 'n_model_params': '66428', 'name': 'seanet_spiketrend_topk'}
    [mlflow] logged run 'seanet_spiketrend_topk_ToeSegmentation2'  (train_acc=1.0000 test_acc=0.9462 test_loss=0.2177)
[ 73/129] ToeSegmentation2             DONE  acc=0.9462 loss=0.2177 AOPCR=  0.311 NDCG=  n/a C=  2 T=  343 (24s)  [72 trained / 0 failed so far]
[ 74/129] Trace
    stage 1/3: loading data ...
    stage 2/3: training on 81 series (val=19, C=4, T=275, batch=8) ...
    stage 3/3: scoring on 100 test series (accuracy + AOPCR) ...
    [mlflow] versioned model 'seanet_spiketrend_topk__sea_mstcn_sep_spiketrend__sea_topk_conjunctive' (id=m-b53c8abd577844cb8550b3d3dcedbaa1) params={'model_size_mb': '1.5238', 'n_model_params': '66576', 'name': 'seanet_spiketrend_topk'}
    [mlflow] logged run 'seanet_spiketrend_topk_Trace'  (train_acc=1.0000 val_acc=1.0000 test_acc=1.0000 test_loss=0.0797)
[ 74/129] Trace                        DONE  acc=1.0000 loss=0.0797 AOPCR=  2.458 NDCG=  n/a C=  4 T=  275 (17s)  [73 trained / 0 failed so far]
[ 75/129] TwoLeadECG
    stage 1/3: loading data ...
    stage 2/3: training on 23 series (no val (train-loss early stop), C=2, T=82, batch=2) ...
    stage 3/3: scoring on 1139 test series (accuracy + AOPCR) ...
    [mlflow] versioned model 'seanet_spiketrend_topk__sea_mstcn_sep_spiketrend__sea_topk_conjunctive' (id=m-4deacc5fdadd4adbae4b38a9ae7b5e71) params={'model_size_mb': '1.5232', 'n_model_params': '66428', 'name': 'seanet_spiketrend_topk'}
    [mlflow] logged run 'seanet_spiketrend_topk_TwoLeadECG'  (train_acc=1.0000 test_acc=0.9719 test_loss=0.1262)
[ 75/129] TwoLeadECG                   DONE  acc=0.9719 loss=0.1262 AOPCR=  0.124 NDCG=  n/a C=  2 T=   82 (29s)  [74 trained / 0 failed so far]
[ 76/129] TwoPatterns
    stage 1/3: loading data ...
    stage 2/3: training on 801 series (val=199, C=4, T=128, batch=16) ...
    stage 3/3: scoring on 4000 test series (accuracy + AOPCR) ...
    [mlflow] versioned model 'seanet_spiketrend_topk__sea_mstcn_sep_spiketrend__sea_topk_conjunctive' (id=m-ac5dc82ca17e4b0fa8934ae7d0caa35c) params={'model_size_mb': '1.5238', 'n_model_params': '66576', 'name': 'seanet_spiketrend_topk'}
    [mlflow] logged run 'seanet_spiketrend_topk_TwoPatterns'  (train_acc=1.0000 val_acc=1.0000 test_acc=1.0000 test_loss=0.0992)
[ 76/129] TwoPatterns                  DONE  acc=1.0000 loss=0.0992 AOPCR=  1.889 NDCG=  n/a C=  4 T=  128 (88s)  [75 trained / 0 failed so far]
[ 77/129] UWaveGestureLibraryAll
    stage 1/3: loading data ...
    stage 2/3: training on 719 series (val=177, C=8, T=945, batch=16) ...
    stage 3/3: scoring on 3582 test series (accuracy + AOPCR) ...
    [mlflow] versioned model 'seanet_spiketrend_topk__sea_mstcn_sep_spiketrend__sea_topk_conjunctive' (id=m-d4539cc7f21f433cacaf2c1091890533) params={'model_size_mb': '1.5248', 'n_model_params': '66872', 'name': 'seanet_spiketrend_topk'}
    [mlflow] logged run 'seanet_spiketrend_topk_UWaveGestureLibraryAll'  (train_acc=1.0000 val_acc=0.9605 test_acc=0.9581 test_loss=0.2502)
[ 77/129] UWaveGestureLibraryAll       DONE  acc=0.9581 loss=0.2502 AOPCR=  1.457 NDCG=  n/a C=  8 T=  945 (37s)  [76 trained / 0 failed so far]
[ 78/129] UWaveGestureLibraryX
    stage 1/3: loading data ...
    stage 2/3: training on 719 series (val=177, C=8, T=315, batch=16) ...
    stage 3/3: scoring on 3582 test series (accuracy + AOPCR) ...
    [mlflow] versioned model 'seanet_spiketrend_topk__sea_mstcn_sep_spiketrend__sea_topk_conjunctive' (id=m-c7b11ebf2e3d48e7a229393dc6862e70) params={'model_size_mb': '1.5248', 'n_model_params': '66872', 'name': 'seanet_spiketrend_topk'}
    [mlflow] logged run 'seanet_spiketrend_topk_UWaveGestureLibraryX'  (train_acc=0.9652 val_acc=0.8305 test_acc=0.8065 test_loss=0.5924)
[ 78/129] UWaveGestureLibraryX         DONE  acc=0.8065 loss=0.5924 AOPCR=  0.807 NDCG=  n/a C=  8 T=  315 (28s)  [77 trained / 0 failed so far]
[ 79/129] UWaveGestureLibraryY
    stage 1/3: loading data ...
    stage 2/3: training on 719 series (val=177, C=8, T=315, batch=16) ...
    stage 3/3: scoring on 3582 test series (accuracy + AOPCR) ...
    [mlflow] versioned model 'seanet_spiketrend_topk__sea_mstcn_sep_spiketrend__sea_topk_conjunctive' (id=m-4981f7422b39479392b2851adf9d5e25) params={'model_size_mb': '1.5248', 'n_model_params': '66872', 'name': 'seanet_spiketrend_topk'}
    [mlflow] logged run 'seanet_spiketrend_topk_UWaveGestureLibraryY'  (train_acc=0.9986 val_acc=0.7288 test_acc=0.7507 test_loss=0.8485)
[ 79/129] UWaveGestureLibraryY         DONE  acc=0.7507 loss=0.8485 AOPCR=  0.926 NDCG=  n/a C=  8 T=  315 (36s)  [78 trained / 0 failed so far]
[ 80/129] UWaveGestureLibraryZ
    stage 1/3: loading data ...
    stage 2/3: training on 719 series (val=177, C=8, T=315, batch=16) ...
    stage 3/3: scoring on 3582 test series (accuracy + AOPCR) ...
    [mlflow] versioned model 'seanet_spiketrend_topk__sea_mstcn_sep_spiketrend__sea_topk_conjunctive' (id=m-dd1235e2c3704f4c98559d7e2caba2fe) params={'model_size_mb': '1.5248', 'n_model_params': '66872', 'name': 'seanet_spiketrend_topk'}
    [mlflow] logged run 'seanet_spiketrend_topk_UWaveGestureLibraryZ'  (train_acc=0.8359 val_acc=0.7288 test_acc=0.7384 test_loss=0.7251)
[ 80/129] UWaveGestureLibraryZ         DONE  acc=0.7384 loss=0.7251 AOPCR=  1.220 NDCG=  n/a C=  8 T=  315 (23s)  [79 trained / 0 failed so far]
[ 81/129] Wafer
    stage 1/3: loading data ...
    stage 2/3: training on 801 series (val=199, C=2, T=152, batch=16) ...
    stage 3/3: scoring on 6164 test series (accuracy + AOPCR) ...
    [mlflow] versioned model 'seanet_spiketrend_topk__sea_mstcn_sep_spiketrend__sea_topk_conjunctive' (id=m-4e333f70ad6843539054b77703124a39) params={'model_size_mb': '1.5232', 'n_model_params': '66428', 'name': 'seanet_spiketrend_topk'}
    [mlflow] logged run 'seanet_spiketrend_topk_Wafer'  (train_acc=1.0000 val_acc=1.0000 test_acc=0.9964 test_loss=0.0750)
[ 81/129] Wafer                        DONE  acc=0.9964 loss=0.0750 AOPCR=  0.270 NDCG=  n/a C=  2 T=  152 (61s)  [80 trained / 0 failed so far]
[ 82/129] Wine
    stage 1/3: loading data ...
    stage 2/3: training on 57 series (no val (train-loss early stop), C=2, T=234, batch=5) ...
    stage 3/3: scoring on 54 test series (accuracy + AOPCR) ...
    [mlflow] versioned model 'seanet_spiketrend_topk__sea_mstcn_sep_spiketrend__sea_topk_conjunctive' (id=m-eee678442779448682ee167a408cb3cb) params={'model_size_mb': '1.5232', 'n_model_params': '66428', 'name': 'seanet_spiketrend_topk'}
    [mlflow] logged run 'seanet_spiketrend_topk_Wine'  (train_acc=0.6842 test_acc=0.5926 test_loss=0.6905)
[ 82/129] Wine                         DONE  acc=0.5926 loss=0.6905 AOPCR=  3.313 NDCG=  n/a C=  2 T=  234 (37s)  [81 trained / 0 failed so far]
[ 83/129] WordSynonyms
    stage 1/3: loading data ...
    stage 2/3: training on 217 series (val=50, C=25, T=270, batch=16) ...
    stage 3/3: scoring on 638 test series (accuracy + AOPCR) ...
    [mlflow] versioned model 'seanet_spiketrend_topk__sea_mstcn_sep_spiketrend__sea_topk_conjunctive' (id=m-17aa17e52a9b453595e81feed44febef) params={'model_size_mb': '1.5296', 'n_model_params': '68130', 'name': 'seanet_spiketrend_topk'}
    [mlflow] logged run 'seanet_spiketrend_topk_WordSynonyms'  (train_acc=1.0000 val_acc=0.7600 test_acc=0.7304 test_loss=1.1439)
[ 83/129] WordSynonyms                 DONE  acc=0.7304 loss=1.1439 AOPCR=  0.937 NDCG=  n/a C= 25 T=  270 (39s)  [82 trained / 0 failed so far]
[ 84/129] Worms
    stage 1/3: loading data ...
    stage 2/3: training on 146 series (val=35, C=5, T=900, batch=14) ...
    stage 3/3: scoring on 77 test series (accuracy + AOPCR) ...
    [mlflow] versioned model 'seanet_spiketrend_topk__sea_mstcn_sep_spiketrend__sea_topk_conjunctive' (id=m-820c5ad216de4a498785179e68a1f0f3) params={'model_size_mb': '1.524', 'n_model_params': '66650', 'name': 'seanet_spiketrend_topk'}
    [mlflow] logged run 'seanet_spiketrend_topk_Worms'  (train_acc=0.9932 val_acc=0.7143 test_acc=0.7143 test_loss=0.8554)
[ 84/129] Worms                        DONE  acc=0.7143 loss=0.8554 AOPCR=  1.595 NDCG=  n/a C=  5 T=  900 (14s)  [83 trained / 0 failed so far]
[ 85/129] WormsTwoClass
    stage 1/3: loading data ...
    stage 2/3: training on 145 series (val=36, C=2, T=900, batch=14) ...
    stage 3/3: scoring on 77 test series (accuracy + AOPCR) ...
    [mlflow] versioned model 'seanet_spiketrend_topk__sea_mstcn_sep_spiketrend__sea_topk_conjunctive' (id=m-0778d981d1c0480eb976a6731e6c3694) params={'model_size_mb': '1.5232', 'n_model_params': '66428', 'name': 'seanet_spiketrend_topk'}
    [mlflow] logged run 'seanet_spiketrend_topk_WormsTwoClass'  (train_acc=0.8966 val_acc=0.7222 test_acc=0.7403 test_loss=0.4886)
[ 85/129] WormsTwoClass                DONE  acc=0.7403 loss=0.4886 AOPCR=  1.132 NDCG=  n/a C=  2 T=  900 (6s)  [84 trained / 0 failed so far]
[ 86/129] Yoga
    stage 1/3: loading data ...
    stage 2/3: training on 241 series (val=59, C=2, T=426, batch=16) ...
    stage 3/3: scoring on 3000 test series (accuracy + AOPCR) ...
    [mlflow] versioned model 'seanet_spiketrend_topk__sea_mstcn_sep_spiketrend__sea_topk_conjunctive' (id=m-03362d83551847fba9e35c1bd3f373f6) params={'model_size_mb': '1.5232', 'n_model_params': '66428', 'name': 'seanet_spiketrend_topk'}
    [mlflow] logged run 'seanet_spiketrend_topk_Yoga'  (train_acc=0.9917 val_acc=0.8983 test_acc=0.8727 test_loss=0.3252)
[ 86/129] Yoga                         DONE  acc=0.8727 loss=0.3252 AOPCR=  3.220 NDCG=  n/a C=  2 T=  426 (15s)  [85 trained / 0 failed so far]
[ 87/129] ACSF1
    stage 1/3: loading data ...
    stage 2/3: training on 80 series (val=20, C=10, T=1460, batch=8) ...
    stage 3/3: scoring on 100 test series (accuracy + AOPCR) ...
    [mlflow] versioned model 'seanet_spiketrend_topk__sea_mstcn_sep_spiketrend__sea_topk_conjunctive' (id=m-b1fb3764fdce4b80b9425bcaab02e1c2) params={'model_size_mb': '1.5254', 'n_model_params': '67020', 'name': 'seanet_spiketrend_topk'}
    [mlflow] logged run 'seanet_spiketrend_topk_ACSF1'  (train_acc=0.9375 val_acc=0.8000 test_acc=0.8100 test_loss=0.6400)
[ 87/129] ACSF1                        DONE  acc=0.8100 loss=0.6400 AOPCR=  0.629 NDCG=  n/a C= 10 T= 1460 (14s)  [86 trained / 0 failed so far]
[ 88/129] AllGestureWiimoteX
    stage 1/3: loading data ...
    stage 2/3: training on 240 series (val=60, C=10, T=500, batch=16) ...
    stage 3/3: scoring on 700 test series (accuracy + AOPCR) ...
    [mlflow] versioned model 'seanet_spiketrend_topk__sea_mstcn_sep_spiketrend__sea_topk_conjunctive' (id=m-097c739c51db4ed39c574dcb73997359) params={'model_size_mb': '1.5254', 'n_model_params': '67020', 'name': 'seanet_spiketrend_topk'}
    [mlflow] logged run 'seanet_spiketrend_topk_AllGestureWiimoteX'  (train_acc=1.0000 val_acc=0.8833 test_acc=0.7686 test_loss=0.7891)
[ 88/129] AllGestureWiimoteX           DONE  acc=0.7686 loss=0.7891 AOPCR=  2.767 NDCG=  n/a C= 10 T=  500 (23s)  [87 trained / 0 failed so far]
[ 89/129] AllGestureWiimoteY
    stage 1/3: loading data ...
    stage 2/3: training on 240 series (val=60, C=10, T=500, batch=16) ...
    stage 3/3: scoring on 700 test series (accuracy + AOPCR) ...
    [mlflow] versioned model 'seanet_spiketrend_topk__sea_mstcn_sep_spiketrend__sea_topk_conjunctive' (id=m-6d8e46e6f4ef4aac89d6b72ad7ef799f) params={'model_size_mb': '1.5254', 'n_model_params': '67020', 'name': 'seanet_spiketrend_topk'}
    [mlflow] logged run 'seanet_spiketrend_topk_AllGestureWiimoteY'  (train_acc=0.9792 val_acc=0.8167 test_acc=0.7343 test_loss=0.8252)
[ 89/129] AllGestureWiimoteY           DONE  acc=0.7343 loss=0.8252 AOPCR=  3.252 NDCG=  n/a C= 10 T=  500 (10s)  [88 trained / 0 failed so far]
[ 90/129] AllGestureWiimoteZ
    stage 1/3: loading data ...
    stage 2/3: training on 240 series (val=60, C=10, T=500, batch=16) ...
    stage 3/3: scoring on 700 test series (accuracy + AOPCR) ...
    [mlflow] versioned model 'seanet_spiketrend_topk__sea_mstcn_sep_spiketrend__sea_topk_conjunctive' (id=m-024015afca5f431894c2551d84ac9ec1) params={'model_size_mb': '1.5254', 'n_model_params': '67020', 'name': 'seanet_spiketrend_topk'}
    [mlflow] logged run 'seanet_spiketrend_topk_AllGestureWiimoteZ'  (train_acc=0.9875 val_acc=0.6833 test_acc=0.6986 test_loss=0.9319)
[ 90/129] AllGestureWiimoteZ           DONE  acc=0.6986 loss=0.9319 AOPCR=  3.082 NDCG=  n/a C= 10 T=  500 (12s)  [89 trained / 0 failed so far]
[ 91/129] BME
    stage 1/3: loading data ...
    stage 2/3: training on 30 series (no val (train-loss early stop), C=3, T=128, batch=3) ...
    stage 3/3: scoring on 150 test series (accuracy + AOPCR) ...
    [mlflow] versioned model 'seanet_spiketrend_topk__sea_mstcn_sep_spiketrend__sea_topk_conjunctive' (id=m-8b57518d88a643c286de391f88649021) params={'model_size_mb': '1.5234', 'n_model_params': '66502', 'name': 'seanet_spiketrend_topk'}
    [mlflow] logged run 'seanet_spiketrend_topk_BME'  (train_acc=1.0000 test_acc=0.9933 test_loss=0.1215)
[ 91/129] BME                          DONE  acc=0.9933 loss=0.1215 AOPCR=  0.783 NDCG=  n/a C=  3 T=  128 (19s)  [90 trained / 0 failed so far]
[ 92/129] Chinatown
    stage 1/3: loading data ...
    stage 2/3: training on 20 series (no val (train-loss early stop), C=2, T=24, batch=2) ...
    stage 3/3: scoring on 343 test series (accuracy + AOPCR) ...
    [mlflow] versioned model 'seanet_spiketrend_topk__sea_mstcn_sep_spiketrend__sea_topk_conjunctive' (id=m-869f0f1505594a3c8bb7f6d7c0686695) params={'model_size_mb': '1.5232', 'n_model_params': '66428', 'name': 'seanet_spiketrend_topk'}
    [mlflow] logged run 'seanet_spiketrend_topk_Chinatown'  (train_acc=1.0000 test_acc=0.9796 test_loss=0.1211)
[ 92/129] Chinatown                    DONE  acc=0.9796 loss=0.1211 AOPCR=  1.001 NDCG=  n/a C=  2 T=   24 (18s)  [91 trained / 0 failed so far]
[ 93/129] Crop
    stage 1/3: loading data ...
    stage 2/3: training on 5760 series (val=1440, C=24, T=46, batch=16) ...
    stage 3/3: scoring on 16800 test series (accuracy + AOPCR) ...
    [mlflow] versioned model 'seanet_spiketrend_topk__sea_mstcn_sep_spiketrend__sea_topk_conjunctive' (id=m-30a3742446b14de2afb5aeffedd77531) params={'model_size_mb': '1.5294', 'n_model_params': '68056', 'name': 'seanet_spiketrend_topk'}
    [mlflow] logged run 'seanet_spiketrend_topk_Crop'  (train_acc=0.8964 val_acc=0.7292 test_acc=0.7329 test_loss=0.8782)
[ 93/129] Crop                         DONE  acc=0.7329 loss=0.8782 AOPCR=  0.913 NDCG=  n/a C= 24 T=   46 (339s)  [92 trained / 0 failed so far]
[ 94/129] DodgerLoopDay
    stage 1/3: loading data ...
    stage 2/3: training on 78 series (no val (train-loss early stop), C=7, T=288, batch=7) ...
    stage 3/3: scoring on 80 test series (accuracy + AOPCR) ...
    [mlflow] versioned model 'seanet_spiketrend_topk__sea_mstcn_sep_spiketrend__sea_topk_conjunctive' (id=m-34d65ee5fe15411c81865bb65438a2f1) params={'model_size_mb': '1.5245', 'n_model_params': '66798', 'name': 'seanet_spiketrend_topk'}
    [mlflow] logged run 'seanet_spiketrend_topk_DodgerLoopDay'  (train_acc=1.0000 test_acc=0.5250 test_loss=1.2811)
[ 94/129] DodgerLoopDay                DONE  acc=0.5250 loss=1.2811 AOPCR=  0.487 NDCG=  n/a C=  7 T=  288 (26s)  [93 trained / 0 failed so far]
[ 95/129] DodgerLoopGame
    stage 1/3: loading data ...
    stage 2/3: training on 20 series (no val (train-loss early stop), C=2, T=288, batch=2) ...
    stage 3/3: scoring on 138 test series (accuracy + AOPCR) ...
    [mlflow] versioned model 'seanet_spiketrend_topk__sea_mstcn_sep_spiketrend__sea_topk_conjunctive' (id=m-6f1e4295218541569b97e2393a99f2de) params={'model_size_mb': '1.5232', 'n_model_params': '66428', 'name': 'seanet_spiketrend_topk'}
    [mlflow] logged run 'seanet_spiketrend_topk_DodgerLoopGame'  (train_acc=1.0000 test_acc=0.9275 test_loss=0.2471)
[ 95/129] DodgerLoopGame               DONE  acc=0.9275 loss=0.2471 AOPCR=  1.585 NDCG=  n/a C=  2 T=  288 (17s)  [94 trained / 0 failed so far]
[ 96/129] DodgerLoopWeekend
    stage 1/3: loading data ...
    stage 2/3: training on 20 series (no val (train-loss early stop), C=2, T=288, batch=2) ...
    stage 3/3: scoring on 138 test series (accuracy + AOPCR) ...
    [mlflow] versioned model 'seanet_spiketrend_topk__sea_mstcn_sep_spiketrend__sea_topk_conjunctive' (id=m-b1103651289040789e0cea537c19d2e4) params={'model_size_mb': '1.5232', 'n_model_params': '66428', 'name': 'seanet_spiketrend_topk'}
    [mlflow] logged run 'seanet_spiketrend_topk_DodgerLoopWeekend'  (train_acc=1.0000 test_acc=0.8913 test_loss=0.2562)
[ 96/129] DodgerLoopWeekend            DONE  acc=0.8913 loss=0.2562 AOPCR=  2.145 NDCG=  n/a C=  2 T=  288 (22s)  [95 trained / 0 failed so far]
[ 97/129] EOGHorizontalSignal
    stage 1/3: loading data ...
    stage 2/3: training on 290 series (val=72, C=12, T=1250, batch=16) ...
    stage 3/3: scoring on 362 test series (accuracy + AOPCR) ...
    [mlflow] versioned model 'seanet_spiketrend_topk__sea_mstcn_sep_spiketrend__sea_topk_conjunctive' (id=m-f9907a1be7e24b85990a9d9126759246) params={'model_size_mb': '1.5259', 'n_model_params': '67168', 'name': 'seanet_spiketrend_topk'}
    [mlflow] logged run 'seanet_spiketrend_topk_EOGHorizontalSignal'  (train_acc=0.9931 val_acc=0.8472 test_acc=0.5414 test_loss=1.4945)
[ 97/129] EOGHorizontalSignal          DONE  acc=0.5414 loss=1.4945 AOPCR=  1.743 NDCG=  n/a C= 12 T= 1250 (22s)  [96 trained / 0 failed so far]
[ 98/129] EOGVerticalSignal
    stage 1/3: loading data ...
    stage 2/3: training on 290 series (val=72, C=12, T=1250, batch=16) ...
    stage 3/3: scoring on 362 test series (accuracy + AOPCR) ...
    [mlflow] versioned model 'seanet_spiketrend_topk__sea_mstcn_sep_spiketrend__sea_topk_conjunctive' (id=m-0fd1623fc470480e9ede0ea35ec13be0) params={'model_size_mb': '1.5259', 'n_model_params': '67168', 'name': 'seanet_spiketrend_topk'}
    [mlflow] logged run 'seanet_spiketrend_topk_EOGVerticalSignal'  (train_acc=0.9966 val_acc=0.7500 test_acc=0.4503 test_loss=1.8543)
[ 98/129] EOGVerticalSignal            DONE  acc=0.4503 loss=1.8543 AOPCR=  1.941 NDCG=  n/a C= 12 T= 1250 (25s)  [97 trained / 0 failed so far]
[ 99/129] EthanolLevel
    stage 1/3: loading data ...
    stage 2/3: training on 404 series (val=100, C=4, T=1751, batch=16) ...
    stage 3/3: scoring on 500 test series (accuracy + AOPCR) ...
    [mlflow] versioned model 'seanet_spiketrend_topk__sea_mstcn_sep_spiketrend__sea_topk_conjunctive' (id=m-c0b14f7ff7844e5485d9bb83c52901ba) params={'model_size_mb': '1.5238', 'n_model_params': '66576', 'name': 'seanet_spiketrend_topk'}
    [mlflow] logged run 'seanet_spiketrend_topk_EthanolLevel'  (train_acc=0.9728 val_acc=0.8800 test_acc=0.7800 test_loss=0.5857)
[ 99/129] EthanolLevel                 DONE  acc=0.7800 loss=0.5857 AOPCR=  0.766 NDCG=  n/a C=  4 T= 1751 (69s)  [98 trained / 0 failed so far]
[100/129] FreezerRegularTrain
    stage 1/3: loading data ...
    stage 2/3: training on 120 series (val=30, C=2, T=301, batch=12) ...
    stage 3/3: scoring on 2850 test series (accuracy + AOPCR) ...
    [mlflow] versioned model 'seanet_spiketrend_topk__sea_mstcn_sep_spiketrend__sea_topk_conjunctive' (id=m-f66d58a6dfcb41caa57c0d10202e2fee) params={'model_size_mb': '1.5232', 'n_model_params': '66428', 'name': 'seanet_spiketrend_topk'}
    [mlflow] logged run 'seanet_spiketrend_topk_FreezerRegularTrain'  (train_acc=1.0000 val_acc=1.0000 test_acc=0.9947 test_loss=0.0628)
[100/129] FreezerRegularTrain          DONE  acc=0.9947 loss=0.0628 AOPCR=  1.433 NDCG=  n/a C=  2 T=  301 (15s)  [99 trained / 0 failed so far]
[101/129] FreezerSmallTrain
    stage 1/3: loading data ...
    stage 2/3: training on 28 series (no val (train-loss early stop), C=2, T=301, batch=2) ...
    stage 3/3: scoring on 2850 test series (accuracy + AOPCR) ...
    [mlflow] versioned model 'seanet_spiketrend_topk__sea_mstcn_sep_spiketrend__sea_topk_conjunctive' (id=m-033a3720c7e24e5995e3c90f82a0343c) params={'model_size_mb': '1.5232', 'n_model_params': '66428', 'name': 'seanet_spiketrend_topk'}
    [mlflow] logged run 'seanet_spiketrend_topk_FreezerSmallTrain'  (train_acc=1.0000 test_acc=0.6737 test_loss=0.8661)
[101/129] FreezerSmallTrain            DONE  acc=0.6737 loss=0.8661 AOPCR= -0.110 NDCG=  n/a C=  2 T=  301 (22s)  [100 trained / 0 failed so far]
[102/129] Fungi
    stage 1/3: loading data ...
    stage 2/3: training on 18 series (no val (train-loss early stop), C=18, T=201, batch=2) ...
    stage 3/3: scoring on 186 test series (accuracy + AOPCR) ...
    [mlflow] versioned model 'seanet_spiketrend_topk__sea_mstcn_sep_spiketrend__sea_topk_conjunctive' (id=m-3533cface83d4773aab53232e6fb1aee) params={'model_size_mb': '1.5277', 'n_model_params': '67612', 'name': 'seanet_spiketrend_topk'}
    [mlflow] logged run 'seanet_spiketrend_topk_Fungi'  (train_acc=1.0000 test_acc=0.9892 test_loss=0.1440)
[102/129] Fungi                        DONE  acc=0.9892 loss=0.1440 AOPCR=  1.026 NDCG=  n/a C= 18 T=  201 (14s)  [101 trained / 0 failed so far]
[103/129] GestureMidAirD1
    stage 1/3: loading data ...
    stage 2/3: training on 182 series (val=26, C=26, T=360, batch=16) ...
    stage 3/3: scoring on 130 test series (accuracy + AOPCR) ...
    [mlflow] versioned model 'seanet_spiketrend_topk__sea_mstcn_sep_spiketrend__sea_topk_conjunctive' (id=m-3d6391feb8b04c3c8f2de19c7a89e806) params={'model_size_mb': '1.5299', 'n_model_params': '68204', 'name': 'seanet_spiketrend_topk'}
    [mlflow] logged run 'seanet_spiketrend_topk_GestureMidAirD1'  (train_acc=0.8242 val_acc=0.5769 test_acc=0.6692 test_loss=1.0858)
[103/129] GestureMidAirD1              DONE  acc=0.6692 loss=1.0858 AOPCR=  2.208 NDCG=  n/a C= 26 T=  360 (7s)  [102 trained / 0 failed so far]
[104/129] GestureMidAirD2
    stage 1/3: loading data ...
    stage 2/3: training on 182 series (val=26, C=26, T=360, batch=16) ...
    stage 3/3: scoring on 130 test series (accuracy + AOPCR) ...
    [mlflow] versioned model 'seanet_spiketrend_topk__sea_mstcn_sep_spiketrend__sea_topk_conjunctive' (id=m-72d3de5d414e43c9bffdeb92c0e04284) params={'model_size_mb': '1.5299', 'n_model_params': '68204', 'name': 'seanet_spiketrend_topk'}
    [mlflow] logged run 'seanet_spiketrend_topk_GestureMidAirD2'  (train_acc=0.8516 val_acc=0.5385 test_acc=0.6385 test_loss=1.0924)
[104/129] GestureMidAirD2              DONE  acc=0.6385 loss=1.0924 AOPCR=  2.327 NDCG=  n/a C= 26 T=  360 (9s)  [103 trained / 0 failed so far]
[105/129] GestureMidAirD3
    stage 1/3: loading data ...
    stage 2/3: training on 182 series (val=26, C=26, T=360, batch=16) ...
    stage 3/3: scoring on 130 test series (accuracy + AOPCR) ...
    [mlflow] versioned model 'seanet_spiketrend_topk__sea_mstcn_sep_spiketrend__sea_topk_conjunctive' (id=m-00b1fd4640da40dfabd4ba67a160d435) params={'model_size_mb': '1.5299', 'n_model_params': '68204', 'name': 'seanet_spiketrend_topk'}
    [mlflow] logged run 'seanet_spiketrend_topk_GestureMidAirD3'  (train_acc=0.8626 val_acc=0.4615 test_acc=0.3538 test_loss=2.3087)
[105/129] GestureMidAirD3              DONE  acc=0.3538 loss=2.3087 AOPCR=  1.698 NDCG=  n/a C= 26 T=  360 (8s)  [104 trained / 0 failed so far]
[106/129] GesturePebbleZ1
    stage 1/3: loading data ...
    stage 2/3: training on 107 series (val=25, C=6, T=455, batch=10) ...
    stage 3/3: scoring on 172 test series (accuracy + AOPCR) ...
    [mlflow] versioned model 'seanet_spiketrend_topk__sea_mstcn_sep_spiketrend__sea_topk_conjunctive' (id=m-9e2f71b2c2a140abbd63a3ea8fc38618) params={'model_size_mb': '1.5243', 'n_model_params': '66724', 'name': 'seanet_spiketrend_topk'}
    [mlflow] logged run 'seanet_spiketrend_topk_GesturePebbleZ1'  (train_acc=1.0000 val_acc=1.0000 test_acc=0.9070 test_loss=0.3086)
[106/129] GesturePebbleZ1              DONE  acc=0.9070 loss=0.3086 AOPCR=  1.748 NDCG=  n/a C=  6 T=  455 (14s)  [105 trained / 0 failed so far]
[107/129] GesturePebbleZ2
    stage 1/3: loading data ...
    stage 2/3: training on 120 series (val=26, C=6, T=455, batch=12) ...
    stage 3/3: scoring on 158 test series (accuracy + AOPCR) ...
    [mlflow] versioned model 'seanet_spiketrend_topk__sea_mstcn_sep_spiketrend__sea_topk_conjunctive' (id=m-c72133e3adc64ca3a7eaf577db53bee9) params={'model_size_mb': '1.5243', 'n_model_params': '66724', 'name': 'seanet_spiketrend_topk'}
    [mlflow] logged run 'seanet_spiketrend_topk_GesturePebbleZ2'  (train_acc=1.0000 val_acc=0.9615 test_acc=0.8924 test_loss=0.3836)
[107/129] GesturePebbleZ2              DONE  acc=0.8924 loss=0.3836 AOPCR=  1.662 NDCG=  n/a C=  6 T=  455 (10s)  [106 trained / 0 failed so far]
[108/129] GunPointAgeSpan
    stage 1/3: loading data ...
    stage 2/3: training on 109 series (val=26, C=2, T=150, batch=10) ...
    stage 3/3: scoring on 316 test series (accuracy + AOPCR) ...
    [mlflow] versioned model 'seanet_spiketrend_topk__sea_mstcn_sep_spiketrend__sea_topk_conjunctive' (id=m-215a451ddb814e3f8b8a44cf5c03fdbb) params={'model_size_mb': '1.5232', 'n_model_params': '66428', 'name': 'seanet_spiketrend_topk'}
    [mlflow] logged run 'seanet_spiketrend_topk_GunPointAgeSpan'  (train_acc=1.0000 val_acc=1.0000 test_acc=0.9842 test_loss=0.1079)
[108/129] GunPointAgeSpan              DONE  acc=0.9842 loss=0.1079 AOPCR=  0.366 NDCG=  n/a C=  2 T=  150 (19s)  [107 trained / 0 failed so far]
[109/129] GunPointMaleVersusFemale
    stage 1/3: loading data ...
    stage 2/3: training on 109 series (val=26, C=2, T=150, batch=10) ...
    stage 3/3: scoring on 316 test series (accuracy + AOPCR) ...
    [mlflow] versioned model 'seanet_spiketrend_topk__sea_mstcn_sep_spiketrend__sea_topk_conjunctive' (id=m-44929fe786ac46cdb168dc5a79ae325b) params={'model_size_mb': '1.5232', 'n_model_params': '66428', 'name': 'seanet_spiketrend_topk'}
    [mlflow] logged run 'seanet_spiketrend_topk_GunPointMaleVersusFemale'  (train_acc=1.0000 val_acc=1.0000 test_acc=0.9842 test_loss=0.0929)
[109/129] GunPointMaleVersusFemale     DONE  acc=0.9842 loss=0.0929 AOPCR=  0.733 NDCG=  n/a C=  2 T=  150 (20s)  [108 trained / 0 failed so far]
[110/129] GunPointOldVersusYoung
    stage 1/3: loading data ...
    stage 2/3: training on 109 series (val=27, C=2, T=150, batch=10) ...
    stage 3/3: scoring on 315 test series (accuracy + AOPCR) ...
    [mlflow] versioned model 'seanet_spiketrend_topk__sea_mstcn_sep_spiketrend__sea_topk_conjunctive' (id=m-7360cb171aa74476b2e4ea210004811b) params={'model_size_mb': '1.5232', 'n_model_params': '66428', 'name': 'seanet_spiketrend_topk'}
    [mlflow] logged run 'seanet_spiketrend_topk_GunPointOldVersusYoung'  (train_acc=1.0000 val_acc=1.0000 test_acc=0.9810 test_loss=0.1053)
[110/129] GunPointOldVersusYoung       DONE  acc=0.9810 loss=0.1053 AOPCR=  3.232 NDCG=  n/a C=  2 T=  150 (14s)  [109 trained / 0 failed so far]
[111/129] HouseTwenty
    stage 1/3: loading data ...
    stage 2/3: training on 40 series (no val (train-loss early stop), C=2, T=2000, batch=4) ...
    stage 3/3: scoring on 119 test series (accuracy + AOPCR) ...
    [mlflow] versioned model 'seanet_spiketrend_topk__sea_mstcn_sep_spiketrend__sea_topk_conjunctive' (id=m-578080b4f7a34daa84c9030b74f932c1) params={'model_size_mb': '1.5232', 'n_model_params': '66428', 'name': 'seanet_spiketrend_topk'}
    [mlflow] logged run 'seanet_spiketrend_topk_HouseTwenty'  (train_acc=1.0000 test_acc=0.9496 test_loss=0.1656)
[111/129] HouseTwenty                  DONE  acc=0.9496 loss=0.1656 AOPCR=  1.690 NDCG=  n/a C=  2 T= 2000 (25s)  [110 trained / 0 failed so far]
[112/129] InsectEPGRegularTrain
    stage 1/3: loading data ...
    stage 2/3: training on 62 series (no val (train-loss early stop), C=3, T=601, batch=6) ...
    stage 3/3: scoring on 249 test series (accuracy + AOPCR) ...
    [mlflow] versioned model 'seanet_spiketrend_topk__sea_mstcn_sep_spiketrend__sea_topk_conjunctive' (id=m-83d473db7ae34b93851bb8b2c384d1fc) params={'model_size_mb': '1.5234', 'n_model_params': '66502', 'name': 'seanet_spiketrend_topk'}
    [mlflow] logged run 'seanet_spiketrend_topk_InsectEPGRegularTrain'  (train_acc=1.0000 test_acc=0.9920 test_loss=0.1396)
[112/129] InsectEPGRegularTrain        DONE  acc=0.9920 loss=0.1396 AOPCR=  0.914 NDCG=  n/a C=  3 T=  601 (31s)  [111 trained / 0 failed so far]
[113/129] InsectEPGSmallTrain
    stage 1/3: loading data ...
    stage 2/3: training on 17 series (no val (train-loss early stop), C=3, T=601, batch=2) ...
    stage 3/3: scoring on 249 test series (accuracy + AOPCR) ...
    [mlflow] versioned model 'seanet_spiketrend_topk__sea_mstcn_sep_spiketrend__sea_topk_conjunctive' (id=m-dbf89938373d4f1190946ccbd1f4f5fc) params={'model_size_mb': '1.5234', 'n_model_params': '66502', 'name': 'seanet_spiketrend_topk'}
    [mlflow] logged run 'seanet_spiketrend_topk_InsectEPGSmallTrain'  (train_acc=1.0000 test_acc=0.7831 test_loss=0.5366)
[113/129] InsectEPGSmallTrain          DONE  acc=0.7831 loss=0.5366 AOPCR=  1.318 NDCG=  n/a C=  3 T=  601 (15s)  [112 trained / 0 failed so far]
[114/129] MelbournePedestrian
    stage 1/3: loading data ...
    stage 2/3: training on 956 series (val=238, C=10, T=24, batch=16) ...
    stage 3/3: scoring on 2439 test series (accuracy + AOPCR) ...
    [mlflow] versioned model 'seanet_spiketrend_topk__sea_mstcn_sep_spiketrend__sea_topk_conjunctive' (id=m-34e823a68c3f4caf9a5e3482a559157f) params={'model_size_mb': '1.5254', 'n_model_params': '67020', 'name': 'seanet_spiketrend_topk'}
    [mlflow] logged run 'seanet_spiketrend_topk_MelbournePedestrian'  (train_acc=1.0000 val_acc=0.9034 test_acc=0.9036 test_loss=0.3709)
[114/129] MelbournePedestrian          DONE  acc=0.9036 loss=0.3709 AOPCR=  0.122 NDCG=  n/a C= 10 T=   24 (72s)  [113 trained / 0 failed so far]
[115/129] MixedShapesRegularTrain
    stage 1/3: loading data ...
    stage 2/3: training on 400 series (val=100, C=5, T=1024, batch=16) ...
    stage 3/3: scoring on 2425 test series (accuracy + AOPCR) ...
    [mlflow] versioned model 'seanet_spiketrend_topk__sea_mstcn_sep_spiketrend__sea_topk_conjunctive' (id=m-37357bcd03464d529d73d4361adde3a4) params={'model_size_mb': '1.524', 'n_model_params': '66650', 'name': 'seanet_spiketrend_topk'}
    [mlflow] logged run 'seanet_spiketrend_topk_MixedShapesRegularTrain'  (train_acc=1.0000 val_acc=0.9600 test_acc=0.9579 test_loss=0.2072)
[115/129] MixedShapesRegularTrain      DONE  acc=0.9579 loss=0.2072 AOPCR=  1.879 NDCG=  n/a C=  5 T= 1024 (73s)  [114 trained / 0 failed so far]
[116/129] MixedShapesSmallTrain
    stage 1/3: loading data ...
    stage 2/3: training on 80 series (val=20, C=5, T=1024, batch=8) ...
    stage 3/3: scoring on 2425 test series (accuracy + AOPCR) ...
    [mlflow] versioned model 'seanet_spiketrend_topk__sea_mstcn_sep_spiketrend__sea_topk_conjunctive' (id=m-8646f3ec2bdf4c29b405a71c6948ceac) params={'model_size_mb': '1.524', 'n_model_params': '66650', 'name': 'seanet_spiketrend_topk'}
    [mlflow] logged run 'seanet_spiketrend_topk_MixedShapesSmallTrain'  (train_acc=1.0000 val_acc=1.0000 test_acc=0.8672 test_loss=0.4336)
[116/129] MixedShapesSmallTrain        DONE  acc=0.8672 loss=0.4336 AOPCR=  1.204 NDCG=  n/a C=  5 T= 1024 (14s)  [115 trained / 0 failed so far]
[117/129] PLAID
    stage 1/3: loading data ...
    stage 2/3: training on 436 series (val=101, C=11, T=1344, batch=16) ...
    stage 3/3: scoring on 537 test series (accuracy + AOPCR) ...
    [mlflow] versioned model 'seanet_spiketrend_topk__sea_mstcn_sep_spiketrend__sea_topk_conjunctive' (id=m-a861fe2ecc184e119097c718dc4c4335) params={'model_size_mb': '1.5256', 'n_model_params': '67094', 'name': 'seanet_spiketrend_topk'}
    [mlflow] logged run 'seanet_spiketrend_topk_PLAID'  (train_acc=0.9817 val_acc=0.8713 test_acc=0.8641 test_loss=0.5174)
[117/129] PLAID                        DONE  acc=0.8641 loss=0.5174 AOPCR=  1.757 NDCG=  n/a C= 11 T= 1344 (46s)  [116 trained / 0 failed so far]
[118/129] PickupGestureWiimoteZ
    stage 1/3: loading data ...
    stage 2/3: training on 50 series (no val (train-loss early stop), C=10, T=361, batch=5) ...
    stage 3/3: scoring on 50 test series (accuracy + AOPCR) ...
    [mlflow] versioned model 'seanet_spiketrend_topk__sea_mstcn_sep_spiketrend__sea_topk_conjunctive' (id=m-5a6c837523714c9487ee27b50488c46e) params={'model_size_mb': '1.5254', 'n_model_params': '67020', 'name': 'seanet_spiketrend_topk'}
    [mlflow] logged run 'seanet_spiketrend_topk_PickupGestureWiimoteZ'  (train_acc=1.0000 test_acc=0.7200 test_loss=0.8988)
[118/129] PickupGestureWiimoteZ        DONE  acc=0.7200 loss=0.8988 AOPCR=  0.863 NDCG=  n/a C= 10 T=  361 (20s)  [117 trained / 0 failed so far]
[119/129] PigAirwayPressure
    stage 1/3: loading data ...
    stage 2/3: training on 52 series (val=52, C=52, T=2000, batch=5) ...
    stage 3/3: scoring on 208 test series (accuracy + AOPCR) ...
    [mlflow] versioned model 'seanet_spiketrend_topk__sea_mstcn_sep_spiketrend__sea_topk_conjunctive' (id=m-c2a9ba8a04214ec3b99e5474e4a6369f) params={'model_size_mb': '1.5373', 'n_model_params': '70128', 'name': 'seanet_spiketrend_topk'}
    [mlflow] logged run 'seanet_spiketrend_topk_PigAirwayPressure'  (train_acc=0.0577 val_acc=0.0385 test_acc=0.0337 test_loss=3.8884)
[119/129] PigAirwayPressure            DONE  acc=0.0337 loss=3.8884 AOPCR=  0.483 NDCG=  n/a C= 52 T= 2000 (5s)  [118 trained / 0 failed so far]
[120/129] PigArtPressure
    stage 1/3: loading data ...
    stage 2/3: training on 52 series (val=52, C=52, T=2000, batch=5) ...
    stage 3/3: scoring on 208 test series (accuracy + AOPCR) ...
    [mlflow] versioned model 'seanet_spiketrend_topk__sea_mstcn_sep_spiketrend__sea_topk_conjunctive' (id=m-71d826a433d9433ca648e829e6279644) params={'model_size_mb': '1.5373', 'n_model_params': '70128', 'name': 'seanet_spiketrend_topk'}
    [mlflow] logged run 'seanet_spiketrend_topk_PigArtPressure'  (train_acc=1.0000 val_acc=0.5577 test_acc=0.6250 test_loss=1.4487)
[120/129] PigArtPressure               DONE  acc=0.6250 loss=1.4487 AOPCR=  0.225 NDCG=  n/a C= 52 T= 2000 (18s)  [119 trained / 0 failed so far]
[121/129] PigCVP
    stage 1/3: loading data ...
    stage 2/3: training on 52 series (val=52, C=52, T=2000, batch=5) ...
    stage 3/3: scoring on 208 test series (accuracy + AOPCR) ...
    [mlflow] versioned model 'seanet_spiketrend_topk__sea_mstcn_sep_spiketrend__sea_topk_conjunctive' (id=m-18792aba59fd45ac94c457a3254caf8d) params={'model_size_mb': '1.5373', 'n_model_params': '70128', 'name': 'seanet_spiketrend_topk'}
    [mlflow] logged run 'seanet_spiketrend_topk_PigCVP'  (train_acc=1.0000 val_acc=0.5385 test_acc=0.5625 test_loss=2.1052)
[121/129] PigCVP                       DONE  acc=0.5625 loss=2.1052 AOPCR=  0.881 NDCG=  n/a C= 52 T= 2000 (24s)  [120 trained / 0 failed so far]
[122/129] PowerCons
    stage 1/3: loading data ...
    stage 2/3: training on 144 series (val=36, C=2, T=144, batch=14) ...
    stage 3/3: scoring on 180 test series (accuracy + AOPCR) ...
    [mlflow] versioned model 'seanet_spiketrend_topk__sea_mstcn_sep_spiketrend__sea_topk_conjunctive' (id=m-e11a2532fc804955bbc9aeeaf6c2cb54) params={'model_size_mb': '1.5232', 'n_model_params': '66428', 'name': 'seanet_spiketrend_topk'}
    [mlflow] logged run 'seanet_spiketrend_topk_PowerCons'  (train_acc=1.0000 val_acc=1.0000 test_acc=0.9722 test_loss=0.1343)
[122/129] PowerCons                    DONE  acc=0.9722 loss=0.1343 AOPCR=  0.108 NDCG=  n/a C=  2 T=  144 (8s)  [121 trained / 0 failed so far]
[123/129] Rock
    stage 1/3: loading data ...
    stage 2/3: training on 20 series (no val (train-loss early stop), C=4, T=2844, batch=2) ...
    stage 3/3: scoring on 50 test series (accuracy + AOPCR) ...
    [mlflow] versioned model 'seanet_spiketrend_topk__sea_mstcn_sep_spiketrend__sea_topk_conjunctive' (id=m-e752245c794b4927a47fd7dd46cb395e) params={'model_size_mb': '1.5238', 'n_model_params': '66576', 'name': 'seanet_spiketrend_topk'}
    [mlflow] logged run 'seanet_spiketrend_topk_Rock'  (train_acc=1.0000 test_acc=0.7000 test_loss=0.7514)
[123/129] Rock                         DONE  acc=0.7000 loss=0.7514 AOPCR=  2.303 NDCG=  n/a C=  4 T= 2844 (17s)  [122 trained / 0 failed so far]
[124/129] SemgHandGenderCh2
    stage 1/3: loading data ...
    stage 2/3: training on 240 series (val=60, C=2, T=1500, batch=16) ...
    stage 3/3: scoring on 600 test series (accuracy + AOPCR) ...
    [mlflow] versioned model 'seanet_spiketrend_topk__sea_mstcn_sep_spiketrend__sea_topk_conjunctive' (id=m-0aa9b3a273994ef4a75e62181355bb58) params={'model_size_mb': '1.5232', 'n_model_params': '66428', 'name': 'seanet_spiketrend_topk'}
    [mlflow] logged run 'seanet_spiketrend_topk_SemgHandGenderCh2'  (train_acc=1.0000 val_acc=0.9500 test_acc=0.9067 test_loss=0.2560)
[124/129] SemgHandGenderCh2            DONE  acc=0.9067 loss=0.2560 AOPCR=  0.689 NDCG=  n/a C=  2 T= 1500 (26s)  [123 trained / 0 failed so far]
[125/129] SemgHandMovementCh2
    stage 1/3: loading data ...
    stage 2/3: training on 360 series (val=90, C=6, T=1500, batch=16) ...
    stage 3/3: scoring on 450 test series (accuracy + AOPCR) ...
    [mlflow] versioned model 'seanet_spiketrend_topk__sea_mstcn_sep_spiketrend__sea_topk_conjunctive' (id=m-f701d614a57a4ba6a2993544a5f6debb) params={'model_size_mb': '1.5243', 'n_model_params': '66724', 'name': 'seanet_spiketrend_topk'}
    [mlflow] logged run 'seanet_spiketrend_topk_SemgHandMovementCh2'  (train_acc=0.9889 val_acc=0.5111 test_acc=0.4444 test_loss=1.4077)
[125/129] SemgHandMovementCh2          DONE  acc=0.4444 loss=1.4077 AOPCR=  1.989 NDCG=  n/a C=  6 T= 1500 (17s)  [124 trained / 0 failed so far]
[126/129] SemgHandSubjectCh2
    stage 1/3: loading data ...
    stage 2/3: training on 360 series (val=90, C=5, T=1500, batch=16) ...
    stage 3/3: scoring on 450 test series (accuracy + AOPCR) ...
    [mlflow] versioned model 'seanet_spiketrend_topk__sea_mstcn_sep_spiketrend__sea_topk_conjunctive' (id=m-a054e9930a2b470384b97dbdd163730f) params={'model_size_mb': '1.524', 'n_model_params': '66650', 'name': 'seanet_spiketrend_topk'}
    [mlflow] logged run 'seanet_spiketrend_topk_SemgHandSubjectCh2'  (train_acc=0.9306 val_acc=0.7889 test_acc=0.7444 test_loss=0.6838)
[126/129] SemgHandSubjectCh2           DONE  acc=0.7444 loss=0.6838 AOPCR=  1.658 NDCG=  n/a C=  5 T= 1500 (14s)  [125 trained / 0 failed so far]
[127/129] ShakeGestureWiimoteZ
    stage 1/3: loading data ...
    stage 2/3: training on 50 series (no val (train-loss early stop), C=10, T=385, batch=5) ...
    stage 3/3: scoring on 50 test series (accuracy + AOPCR) ...
    [mlflow] versioned model 'seanet_spiketrend_topk__sea_mstcn_sep_spiketrend__sea_topk_conjunctive' (id=m-47e684bba8ed43cd84994af6fb0c7fe5) params={'model_size_mb': '1.5254', 'n_model_params': '67020', 'name': 'seanet_spiketrend_topk'}
    [mlflow] logged run 'seanet_spiketrend_topk_ShakeGestureWiimoteZ'  (train_acc=1.0000 test_acc=0.8400 test_loss=0.5286)
[127/129] ShakeGestureWiimoteZ         DONE  acc=0.8400 loss=0.5286 AOPCR=  1.499 NDCG=  n/a C= 10 T=  385 (13s)  [126 trained / 0 failed so far]
[128/129] SmoothSubspace
    stage 1/3: loading data ...
    stage 2/3: training on 120 series (val=30, C=3, T=15, batch=12) ...
    stage 3/3: scoring on 150 test series (accuracy + AOPCR) ...
    [mlflow] versioned model 'seanet_spiketrend_topk__sea_mstcn_sep_spiketrend__sea_topk_conjunctive' (id=m-9d68d512b4b54ac6b68f9c8fc91b3926) params={'model_size_mb': '1.5234', 'n_model_params': '66502', 'name': 'seanet_spiketrend_topk'}
    [mlflow] logged run 'seanet_spiketrend_topk_SmoothSubspace'  (train_acc=1.0000 val_acc=1.0000 test_acc=0.9867 test_loss=0.1516)
[128/129] SmoothSubspace               DONE  acc=0.9867 loss=0.1516 AOPCR=  0.114 NDCG=  n/a C=  3 T=   15 (12s)  [127 trained / 0 failed so far]
[129/129] UMD
    stage 1/3: loading data ...
    stage 2/3: training on 36 series (no val (train-loss early stop), C=3, T=150, batch=3) ...
    stage 3/3: scoring on 144 test series (accuracy + AOPCR) ...
    [mlflow] versioned model 'seanet_spiketrend_topk__sea_mstcn_sep_spiketrend__sea_topk_conjunctive' (id=m-8e0cefe7c273438bbadc53d575e34e7c) params={'model_size_mb': '1.5234', 'n_model_params': '66502', 'name': 'seanet_spiketrend_topk'}
    [mlflow] logged run 'seanet_spiketrend_topk_UMD'  (train_acc=1.0000 test_acc=0.9931 test_loss=0.1049)
[129/129] UMD                          DONE  acc=0.9931 loss=0.1049 AOPCR=  1.955 NDCG=  n/a C=  3 T=  150 (12s)  [128 trained / 0 failed so far]

Done: 128 trained, 1 skipped, 0 failed.
Results -> results/SEA_NET/seanet_spiketrend_topk__sea_mstcn_sep_spiketrend__sea_topk_conjunctive/results.csv

=== seanet_spiketrend_topk__sea_mstcn_sep_spiketrend__sea_topk_conjunctive vs MILLET ConjunctiveInceptionTime (mean of 5 reps) ===
  UCR datasets evaluated: 128  (with MILLET baseline: 85, without: 43)
  metric        ours    MILLET   win/tie/loss   (mean over the 85 datasets MILLET published)
  acc         0.8089    0.8445       19/23/43   
  loss        0.5460    1.2241        56/1/28   (lower is better)
  aopcr       1.1076    4.5532         6/0/79   
  wrote results/SEA_NET/seanet_spiketrend_topk__sea_mstcn_sep_spiketrend__sea_topk_conjunctive/comparison_vs_millet.csv

Next: `python main.py report` to draw the figures for seanet_spiketrend_topk__sea_mstcn_sep_spiketrend__sea_topk_conjunctive.

[log] finished; full output saved to results/SEA_NET/seanet_spiketrend_topk__sea_mstcn_sep_spiketrend__sea_topk_conjunctive/logs/train_2026-07-28_16-35-32.log
