[log] command 'train' started at 2026-07-28_17-23-41 for model 'seanet_acp__sea_mstcn_sep__sea_adaptive_classwise'
[log] a copy of everything below is being saved to: results/SEA_NET/seanet_acp__sea_mstcn_sep__sea_adaptive_classwise/logs/train_2026-07-28_17-23-41.log

=== train: model=seanet_acp__sea_mstcn_sep__sea_adaptive_classwise (config sv3/seanet_acp) device=cuda mode=full datasets=129 ===
[params] using OPTUNA-BEST recipe (test_acc: default 0.9180 vs optuna-best 0.9380; better = optuna-best).
  results  -> results/SEA_NET/seanet_acp__sea_mstcn_sep__sea_adaptive_classwise/results.csv
  resume   -> results/SEA_NET/seanet_acp__sea_mstcn_sep__sea_adaptive_classwise/done_train_dataset.txt  (delete it to retrain everything; delete one line to retrain that dataset)

  [mlflow] logging runs to experiment 'SEA-Net_seanet_acp__sea_mstcn_sep__sea_adaptive_classwise_2026-07-28' at sqlite:///mlflow.db
  [mlflow] browse later with:  mlflow ui --backend-store-uri sqlite:///mlflow.db
[  1/129] WebTraffic                   already done -> skip
[  2/129] Adiac
    stage 1/3: loading data ...
    stage 2/3: training on 328 series (val=62, C=37, T=176, batch=16) ...
    stage 3/3: scoring on 391 test series (accuracy + AOPCR) ...
    [mlflow] versioned model 'seanet_acp__sea_mstcn_sep__sea_adaptive_classwise' (id=m-6b7058a55ac2411683d267a7e887d37c) params={'model_size_mb': '3.2081', 'n_model_params': '188335', 'name': 'seanet_acp'}
    [mlflow] logged run 'seanet_acp_Adiac'  (train_acc=0.9573 val_acc=0.8226 test_acc=0.7724 test_loss=0.8947)
[  2/129] Adiac                        DONE  acc=0.7724 loss=0.8947 AOPCR=  0.401 NDCG=  n/a C= 37 T=  176 (24s)  [1 trained / 0 failed so far]
[  3/129] ArrowHead
    stage 1/3: loading data ...
    stage 2/3: training on 36 series (no val (train-loss early stop), C=3, T=251, batch=3) ...
    stage 3/3: scoring on 175 test series (accuracy + AOPCR) ...
    [mlflow] versioned model 'seanet_acp__sea_mstcn_sep__sea_adaptive_classwise' (id=m-c543527198554f4c90a98c060a61244b) params={'model_size_mb': '3.187', 'n_model_params': '182793', 'name': 'seanet_acp'}
    [mlflow] logged run 'seanet_acp_ArrowHead'  (train_acc=1.0000 test_acc=0.8457 test_loss=0.4414)
[  3/129] ArrowHead                    DONE  acc=0.8457 loss=0.4414 AOPCR=  0.634 NDCG=  n/a C=  3 T=  251 (21s)  [2 trained / 0 failed so far]
[  4/129] Beef
    stage 1/3: loading data ...
    stage 2/3: training on 30 series (no val (train-loss early stop), C=5, T=470, batch=3) ...
    stage 3/3: scoring on 30 test series (accuracy + AOPCR) ...
    [mlflow] versioned model 'seanet_acp__sea_mstcn_sep__sea_adaptive_classwise' (id=m-3227df650d154674bb11611485400ded) params={'model_size_mb': '3.1882', 'n_model_params': '183119', 'name': 'seanet_acp'}
    [mlflow] logged run 'seanet_acp_Beef'  (train_acc=1.0000 test_acc=0.8667 test_loss=0.5509)
[  4/129] Beef                         DONE  acc=0.8667 loss=0.5509 AOPCR=  1.436 NDCG=  n/a C=  5 T=  470 (23s)  [3 trained / 0 failed so far]
[  5/129] BeetleFly
    stage 1/3: loading data ...
    stage 2/3: training on 20 series (no val (train-loss early stop), C=2, T=512, batch=2) ...
    stage 3/3: scoring on 20 test series (accuracy + AOPCR) ...
    [mlflow] versioned model 'seanet_acp__sea_mstcn_sep__sea_adaptive_classwise' (id=m-bb5214bbf6f34c6794212f0ab8ec183b) params={'model_size_mb': '3.1864', 'n_model_params': '182630', 'name': 'seanet_acp'}
    [mlflow] logged run 'seanet_acp_BeetleFly'  (train_acc=1.0000 test_acc=0.8500 test_loss=0.3940)
[  5/129] BeetleFly                    DONE  acc=0.8500 loss=0.3940 AOPCR=  1.144 NDCG=  n/a C=  2 T=  512 (11s)  [4 trained / 0 failed so far]
[  6/129] BirdChicken
    stage 1/3: loading data ...
    stage 2/3: training on 20 series (no val (train-loss early stop), C=2, T=512, batch=2) ...
    stage 3/3: scoring on 20 test series (accuracy + AOPCR) ...
    [mlflow] versioned model 'seanet_acp__sea_mstcn_sep__sea_adaptive_classwise' (id=m-15ac6c318dc34aaaa433c2998227fdeb) params={'model_size_mb': '3.1864', 'n_model_params': '182630', 'name': 'seanet_acp'}
    [mlflow] logged run 'seanet_acp_BirdChicken'  (train_acc=1.0000 test_acc=0.8000 test_loss=0.3181)
[  6/129] BirdChicken                  DONE  acc=0.8000 loss=0.3181 AOPCR=  1.044 NDCG=  n/a C=  2 T=  512 (8s)  [5 trained / 0 failed so far]
[  7/129] Car
    stage 1/3: loading data ...
    stage 2/3: training on 60 series (no val (train-loss early stop), C=4, T=577, batch=6) ...
    stage 3/3: scoring on 60 test series (accuracy + AOPCR) ...
    [mlflow] versioned model 'seanet_acp__sea_mstcn_sep__sea_adaptive_classwise' (id=m-b279977db847447b925d615fd30fcb83) params={'model_size_mb': '3.1876', 'n_model_params': '182956', 'name': 'seanet_acp'}
    [mlflow] logged run 'seanet_acp_Car'  (train_acc=1.0000 test_acc=0.8833 test_loss=0.4269)
[  7/129] Car                          DONE  acc=0.8833 loss=0.4269 AOPCR=  1.312 NDCG=  n/a C=  4 T=  577 (18s)  [6 trained / 0 failed so far]
[  8/129] CBF
    stage 1/3: loading data ...
    stage 2/3: training on 30 series (no val (train-loss early stop), C=3, T=128, batch=3) ...
    stage 3/3: scoring on 900 test series (accuracy + AOPCR) ...
    [mlflow] versioned model 'seanet_acp__sea_mstcn_sep__sea_adaptive_classwise' (id=m-803e97bcfb8b40d2aa4daab8a607c33e) params={'model_size_mb': '3.187', 'n_model_params': '182793', 'name': 'seanet_acp'}
    [mlflow] logged run 'seanet_acp_CBF'  (train_acc=1.0000 test_acc=0.9989 test_loss=0.0983)
[  8/129] CBF                          DONE  acc=0.9989 loss=0.0983 AOPCR=  1.283 NDCG=  n/a C=  3 T=  128 (7s)  [7 trained / 0 failed so far]
[  9/129] ChlorineConcentration
    stage 1/3: loading data ...
    stage 2/3: training on 375 series (val=92, C=3, T=166, batch=16) ...
    stage 3/3: scoring on 3840 test series (accuracy + AOPCR) ...
    [mlflow] versioned model 'seanet_acp__sea_mstcn_sep__sea_adaptive_classwise' (id=m-7262b469959748e8ac31614064095dc9) params={'model_size_mb': '3.187', 'n_model_params': '182793', 'name': 'seanet_acp'}
    [mlflow] logged run 'seanet_acp_ChlorineConcentration'  (train_acc=0.5600 val_acc=0.5652 test_acc=0.5326 test_loss=0.9274)
[  9/129] ChlorineConcentration        DONE  acc=0.5326 loss=0.9274 AOPCR=  0.362 NDCG=  n/a C=  3 T=  166 (36s)  [8 trained / 0 failed so far]
[ 10/129] CinCECGTorso
    stage 1/3: loading data ...
    stage 2/3: training on 40 series (no val (train-loss early stop), C=4, T=1639, batch=4) ...
    stage 3/3: scoring on 1380 test series (accuracy + AOPCR) ...
    [mlflow] versioned model 'seanet_acp__sea_mstcn_sep__sea_adaptive_classwise' (id=m-ae8c0aab529e49d59c6366f0ed637578) params={'model_size_mb': '3.1876', 'n_model_params': '182956', 'name': 'seanet_acp'}
    [mlflow] logged run 'seanet_acp_CinCECGTorso'  (train_acc=1.0000 test_acc=0.7652 test_loss=0.6050)
[ 10/129] CinCECGTorso                 DONE  acc=0.7652 loss=0.6050 AOPCR=  1.929 NDCG=  n/a C=  4 T= 1639 (21s)  [9 trained / 0 failed so far]
[ 11/129] Coffee
    stage 1/3: loading data ...
    stage 2/3: training on 28 series (no val (train-loss early stop), C=2, T=286, batch=2) ...
    stage 3/3: scoring on 28 test series (accuracy + AOPCR) ...
    [mlflow] versioned model 'seanet_acp__sea_mstcn_sep__sea_adaptive_classwise' (id=m-c2f26a2cc1d24c2998a0bbed0f41fc5d) params={'model_size_mb': '3.1864', 'n_model_params': '182630', 'name': 'seanet_acp'}
    [mlflow] logged run 'seanet_acp_Coffee'  (train_acc=1.0000 test_acc=1.0000 test_loss=0.0697)
[ 11/129] Coffee                       DONE  acc=1.0000 loss=0.0697 AOPCR=  0.290 NDCG=  n/a C=  2 T=  286 (23s)  [10 trained / 0 failed so far]
[ 12/129] Computers
    stage 1/3: loading data ...
    stage 2/3: training on 200 series (val=50, C=2, T=720, batch=16) ...
    stage 3/3: scoring on 250 test series (accuracy + AOPCR) ...
    [mlflow] versioned model 'seanet_acp__sea_mstcn_sep__sea_adaptive_classwise' (id=m-b5728211908048a1999125420babf17b) params={'model_size_mb': '3.1864', 'n_model_params': '182630', 'name': 'seanet_acp'}
    [mlflow] logged run 'seanet_acp_Computers'  (train_acc=1.0000 val_acc=0.8600 test_acc=0.7720 test_loss=0.6570)
[ 12/129] Computers                    DONE  acc=0.7720 loss=0.6570 AOPCR=  0.715 NDCG=  n/a C=  2 T=  720 (10s)  [11 trained / 0 failed so far]
[ 13/129] CricketX
    stage 1/3: loading data ...
    stage 2/3: training on 317 series (val=73, C=12, T=300, batch=16) ...
    stage 3/3: scoring on 390 test series (accuracy + AOPCR) ...
    [mlflow] versioned model 'seanet_acp__sea_mstcn_sep__sea_adaptive_classwise' (id=m-5021b1be85b34dde84764635428271f3) params={'model_size_mb': '3.1925', 'n_model_params': '184260', 'name': 'seanet_acp'}
    [mlflow] logged run 'seanet_acp_CricketX'  (train_acc=1.0000 val_acc=0.8904 test_acc=0.8333 test_loss=0.6146)
[ 13/129] CricketX                     DONE  acc=0.8333 loss=0.6146 AOPCR=  1.826 NDCG=  n/a C= 12 T=  300 (19s)  [12 trained / 0 failed so far]
[ 14/129] CricketY
    stage 1/3: loading data ...
    stage 2/3: training on 317 series (val=73, C=12, T=300, batch=16) ...
    stage 3/3: scoring on 390 test series (accuracy + AOPCR) ...
    [mlflow] versioned model 'seanet_acp__sea_mstcn_sep__sea_adaptive_classwise' (id=m-4c96f4ab203e4b04b0749853efa09d5e) params={'model_size_mb': '3.1925', 'n_model_params': '184260', 'name': 'seanet_acp'}
    [mlflow] logged run 'seanet_acp_CricketY'  (train_acc=1.0000 val_acc=0.8904 test_acc=0.8538 test_loss=0.5944)
[ 14/129] CricketY                     DONE  acc=0.8538 loss=0.5944 AOPCR=  1.809 NDCG=  n/a C= 12 T=  300 (32s)  [13 trained / 0 failed so far]
[ 15/129] CricketZ
    stage 1/3: loading data ...
    stage 2/3: training on 316 series (val=74, C=12, T=300, batch=16) ...
    stage 3/3: scoring on 390 test series (accuracy + AOPCR) ...
    [mlflow] versioned model 'seanet_acp__sea_mstcn_sep__sea_adaptive_classwise' (id=m-993db1c36dea450c8c6faf3785a79ac6) params={'model_size_mb': '3.1925', 'n_model_params': '184260', 'name': 'seanet_acp'}
    [mlflow] logged run 'seanet_acp_CricketZ'  (train_acc=1.0000 val_acc=0.9054 test_acc=0.8462 test_loss=0.5682)
[ 15/129] CricketZ                     DONE  acc=0.8462 loss=0.5682 AOPCR=  1.779 NDCG=  n/a C= 12 T=  300 (12s)  [14 trained / 0 failed so far]
[ 16/129] DiatomSizeReduction
    stage 1/3: loading data ...
    stage 2/3: training on 16 series (no val (train-loss early stop), C=4, T=345, batch=2) ...
    stage 3/3: scoring on 306 test series (accuracy + AOPCR) ...
    [mlflow] versioned model 'seanet_acp__sea_mstcn_sep__sea_adaptive_classwise' (id=m-3ac6d6536cce4da1838ba79f7f284847) params={'model_size_mb': '3.1876', 'n_model_params': '182956', 'name': 'seanet_acp'}
    [mlflow] logged run 'seanet_acp_DiatomSizeReduction'  (train_acc=1.0000 test_acc=0.9641 test_loss=0.1665)
[ 16/129] DiatomSizeReduction          DONE  acc=0.9641 loss=0.1665 AOPCR=  2.267 NDCG=  n/a C=  4 T=  345 (10s)  [15 trained / 0 failed so far]
[ 17/129] DistalPhalanxOutlineAgeGroup
    stage 1/3: loading data ...
    stage 2/3: training on 321 series (val=79, C=3, T=80, batch=16) ...
    stage 3/3: scoring on 139 test series (accuracy + AOPCR) ...
    [mlflow] versioned model 'seanet_acp__sea_mstcn_sep__sea_adaptive_classwise' (id=m-cfa859a42b3c4d3c8e19bfd1ecf1afab) params={'model_size_mb': '3.187', 'n_model_params': '182793', 'name': 'seanet_acp'}
    [mlflow] logged run 'seanet_acp_DistalPhalanxOutlineAgeGroup'  (train_acc=0.9097 val_acc=0.7975 test_acc=0.7626 test_loss=0.5775)
[ 17/129] DistalPhalanxOutlineAgeGroup DONE  acc=0.7626 loss=0.5775 AOPCR=  0.275 NDCG=  n/a C=  3 T=   80 (15s)  [16 trained / 0 failed so far]
[ 18/129] DistalPhalanxOutlineCorrect
    stage 1/3: loading data ...
    stage 2/3: training on 481 series (val=119, C=2, T=80, batch=16) ...
    stage 3/3: scoring on 276 test series (accuracy + AOPCR) ...
    [mlflow] versioned model 'seanet_acp__sea_mstcn_sep__sea_adaptive_classwise' (id=m-f3338ab35054429ea5a1224185d600c9) params={'model_size_mb': '3.1864', 'n_model_params': '182630', 'name': 'seanet_acp'}
    [mlflow] logged run 'seanet_acp_DistalPhalanxOutlineCorrect'  (train_acc=0.9168 val_acc=0.8571 test_acc=0.7645 test_loss=0.4984)
[ 18/129] DistalPhalanxOutlineCorrect  DONE  acc=0.7645 loss=0.4984 AOPCR= -0.566 NDCG=  n/a C=  2 T=   80 (20s)  [17 trained / 0 failed so far]
[ 19/129] DistalPhalanxTW
    stage 1/3: loading data ...
    stage 2/3: training on 323 series (val=77, C=6, T=80, batch=16) ...
    stage 3/3: scoring on 139 test series (accuracy + AOPCR) ...
    [mlflow] versioned model 'seanet_acp__sea_mstcn_sep__sea_adaptive_classwise' (id=m-9b6b2532b93b40599114eff10561db35) params={'model_size_mb': '3.1888', 'n_model_params': '183282', 'name': 'seanet_acp'}
    [mlflow] logged run 'seanet_acp_DistalPhalanxTW'  (train_acc=0.8204 val_acc=0.8442 test_acc=0.6835 test_loss=0.8343)
[ 19/129] DistalPhalanxTW              DONE  acc=0.6835 loss=0.8343 AOPCR=  0.548 NDCG=  n/a C=  6 T=   80 (13s)  [18 trained / 0 failed so far]
[ 20/129] Earthquakes
    stage 1/3: loading data ...
    stage 2/3: training on 259 series (val=63, C=2, T=512, batch=16) ...
    stage 3/3: scoring on 139 test series (accuracy + AOPCR) ...
    [mlflow] versioned model 'seanet_acp__sea_mstcn_sep__sea_adaptive_classwise' (id=m-491b639bb83c40cf9ab5705361f64fc6) params={'model_size_mb': '3.1864', 'n_model_params': '182630', 'name': 'seanet_acp'}
    [mlflow] logged run 'seanet_acp_Earthquakes'  (train_acc=0.8185 val_acc=0.8254 test_acc=0.7482 test_loss=0.6048)
[ 20/129] Earthquakes                  DONE  acc=0.7482 loss=0.6048 AOPCR=  1.604 NDCG=  n/a C=  2 T=  512 (9s)  [19 trained / 0 failed so far]
[ 21/129] ECG200
    stage 1/3: loading data ...
    stage 2/3: training on 81 series (val=19, C=2, T=96, batch=8) ...
    stage 3/3: scoring on 100 test series (accuracy + AOPCR) ...
    [mlflow] versioned model 'seanet_acp__sea_mstcn_sep__sea_adaptive_classwise' (id=m-2759ad05cde7493cb210a3421297fe09) params={'model_size_mb': '3.1864', 'n_model_params': '182630', 'name': 'seanet_acp'}
    [mlflow] logged run 'seanet_acp_ECG200'  (train_acc=0.9753 val_acc=0.8421 test_acc=0.8900 test_loss=0.3026)
[ 21/129] ECG200                       DONE  acc=0.8900 loss=0.3026 AOPCR=  0.071 NDCG=  n/a C=  2 T=   96 (6s)  [20 trained / 0 failed so far]
[ 22/129] ECG5000
    stage 1/3: loading data ...
    stage 2/3: training on 401 series (val=99, C=5, T=140, batch=16) ...
    stage 3/3: scoring on 4500 test series (accuracy + AOPCR) ...
    [mlflow] versioned model 'seanet_acp__sea_mstcn_sep__sea_adaptive_classwise' (id=m-3b87afd2a7cd405da30ca8ba5633b392) params={'model_size_mb': '3.1882', 'n_model_params': '183119', 'name': 'seanet_acp'}
    [mlflow] logged run 'seanet_acp_ECG5000'  (train_acc=1.0000 val_acc=0.9596 test_acc=0.9358 test_loss=0.2740)
[ 22/129] ECG5000                      DONE  acc=0.9358 loss=0.2740 AOPCR=  2.253 NDCG=  n/a C=  5 T=  140 (44s)  [21 trained / 0 failed so far]
[ 23/129] ECGFiveDays
    stage 1/3: loading data ...
    stage 2/3: training on 23 series (no val (train-loss early stop), C=2, T=136, batch=2) ...
    stage 3/3: scoring on 861 test series (accuracy + AOPCR) ...
    [mlflow] versioned model 'seanet_acp__sea_mstcn_sep__sea_adaptive_classwise' (id=m-4ec078c33c524094812ec35b4c262120) params={'model_size_mb': '3.1864', 'n_model_params': '182630', 'name': 'seanet_acp'}
    [mlflow] logged run 'seanet_acp_ECGFiveDays'  (train_acc=1.0000 test_acc=1.0000 test_loss=0.0522)
[ 23/129] ECGFiveDays                  DONE  acc=1.0000 loss=0.0522 AOPCR=  1.222 NDCG=  n/a C=  2 T=  136 (10s)  [22 trained / 0 failed so far]
[ 24/129] ElectricDevices
    stage 1/3: loading data ...
    stage 2/3: training on 7144 series (val=1782, C=7, T=96, batch=16) ...
    stage 3/3: scoring on 7711 test series (accuracy + AOPCR) ...
    [mlflow] versioned model 'seanet_acp__sea_mstcn_sep__sea_adaptive_classwise' (id=m-285d2c1c500c4ef8af28aabd79f83496) params={'model_size_mb': '3.1894', 'n_model_params': '183445', 'name': 'seanet_acp'}
    [mlflow] logged run 'seanet_acp_ElectricDevices'  (train_acc=0.9358 val_acc=0.9097 test_acc=0.7105 test_loss=1.0142)
[ 24/129] ElectricDevices              DONE  acc=0.7105 loss=1.0142 AOPCR=  0.434 NDCG=  n/a C=  7 T=   96 (252s)  [23 trained / 0 failed so far]
[ 25/129] FaceAll
    stage 1/3: loading data ...
    stage 2/3: training on 448 series (val=112, C=14, T=131, batch=16) ...
    stage 3/3: scoring on 1690 test series (accuracy + AOPCR) ...
    [mlflow] versioned model 'seanet_acp__sea_mstcn_sep__sea_adaptive_classwise' (id=m-3c6e456222204c409e29074857ee8feb) params={'model_size_mb': '3.1937', 'n_model_params': '184586', 'name': 'seanet_acp'}
    [mlflow] logged run 'seanet_acp_FaceAll'  (train_acc=1.0000 val_acc=0.9911 test_acc=0.7970 test_loss=0.9001)
[ 25/129] FaceAll                      DONE  acc=0.7970 loss=0.9001 AOPCR=  0.749 NDCG=  n/a C= 14 T=  131 (56s)  [24 trained / 0 failed so far]
[ 26/129] FaceFour
    stage 1/3: loading data ...
    stage 2/3: training on 24 series (no val (train-loss early stop), C=4, T=350, batch=2) ...
    stage 3/3: scoring on 88 test series (accuracy + AOPCR) ...
    [mlflow] versioned model 'seanet_acp__sea_mstcn_sep__sea_adaptive_classwise' (id=m-80b6beacf0be440abc8a82d5bc577ff9) params={'model_size_mb': '3.1876', 'n_model_params': '182956', 'name': 'seanet_acp'}
    [mlflow] logged run 'seanet_acp_FaceFour'  (train_acc=1.0000 test_acc=0.9773 test_loss=0.1898)
[ 26/129] FaceFour                     DONE  acc=0.9773 loss=0.1898 AOPCR=  1.236 NDCG=  n/a C=  4 T=  350 (17s)  [25 trained / 0 failed so far]
[ 27/129] FacesUCR
    stage 1/3: loading data ...
    stage 2/3: training on 165 series (val=35, C=14, T=131, batch=16) ...
    stage 3/3: scoring on 2050 test series (accuracy + AOPCR) ...
    [mlflow] versioned model 'seanet_acp__sea_mstcn_sep__sea_adaptive_classwise' (id=m-bb358d64f4be4c829311b62ddd01c288) params={'model_size_mb': '3.1937', 'n_model_params': '184586', 'name': 'seanet_acp'}
    [mlflow] logged run 'seanet_acp_FacesUCR'  (train_acc=1.0000 val_acc=1.0000 test_acc=0.9663 test_loss=0.2083)
[ 27/129] FacesUCR                     DONE  acc=0.9663 loss=0.2083 AOPCR=  0.301 NDCG=  n/a C= 14 T=  131 (22s)  [26 trained / 0 failed so far]
[ 28/129] FiftyWords
    stage 1/3: loading data ...
    stage 2/3: training on 365 series (val=85, C=50, T=270, batch=16) ...
    stage 3/3: scoring on 455 test series (accuracy + AOPCR) ...
    [mlflow] versioned model 'seanet_acp__sea_mstcn_sep__sea_adaptive_classwise' (id=m-abf96761555d4df6afcd6cc897e663a1) params={'model_size_mb': '3.2162', 'n_model_params': '190454', 'name': 'seanet_acp'}
    [mlflow] logged run 'seanet_acp_FiftyWords'  (train_acc=1.0000 val_acc=0.8000 test_acc=0.7956 test_loss=0.8777)
[ 28/129] FiftyWords                   DONE  acc=0.7956 loss=0.8777 AOPCR=  1.457 NDCG=  n/a C= 50 T=  270 (19s)  [27 trained / 0 failed so far]
[ 29/129] Fish
    stage 1/3: loading data ...
    stage 2/3: training on 142 series (val=33, C=7, T=463, batch=14) ...
    stage 3/3: scoring on 175 test series (accuracy + AOPCR) ...
    [mlflow] versioned model 'seanet_acp__sea_mstcn_sep__sea_adaptive_classwise' (id=m-8b6df48ffbeb41eab03c605be5f4cbe8) params={'model_size_mb': '3.1894', 'n_model_params': '183445', 'name': 'seanet_acp'}
    [mlflow] logged run 'seanet_acp_Fish'  (train_acc=1.0000 val_acc=1.0000 test_acc=0.9829 test_loss=0.1386)
[ 29/129] Fish                         DONE  acc=0.9829 loss=0.1386 AOPCR=  1.275 NDCG=  n/a C=  7 T=  463 (11s)  [28 trained / 0 failed so far]
[ 30/129] FordA
    stage 1/3: loading data ...
    stage 2/3: training on 2881 series (val=720, C=2, T=500, batch=16) ...
    stage 3/3: scoring on 1320 test series (accuracy + AOPCR) ...
    [mlflow] versioned model 'seanet_acp__sea_mstcn_sep__sea_adaptive_classwise' (id=m-d60ea548fee643c9bfa45eaaf734539a) params={'model_size_mb': '3.1864', 'n_model_params': '182630', 'name': 'seanet_acp'}
    [mlflow] logged run 'seanet_acp_FordA'  (train_acc=0.9820 val_acc=0.9694 test_acc=0.9636 test_loss=0.1257)
[ 30/129] FordA                        DONE  acc=0.9636 loss=0.1257 AOPCR=  0.860 NDCG=  n/a C=  2 T=  500 (91s)  [29 trained / 0 failed so far]
[ 31/129] FordB
    stage 1/3: loading data ...
    stage 2/3: training on 2909 series (val=727, C=2, T=500, batch=16) ...
    stage 3/3: scoring on 810 test series (accuracy + AOPCR) ...
    [mlflow] versioned model 'seanet_acp__sea_mstcn_sep__sea_adaptive_classwise' (id=m-bea348c38a3f46879ae88bf84f71a163) params={'model_size_mb': '3.1864', 'n_model_params': '182630', 'name': 'seanet_acp'}
    [mlflow] logged run 'seanet_acp_FordB'  (train_acc=0.9972 val_acc=0.9574 test_acc=0.8432 test_loss=0.3558)
[ 31/129] FordB                        DONE  acc=0.8432 loss=0.3558 AOPCR=  0.450 NDCG=  n/a C=  2 T=  500 (100s)  [30 trained / 0 failed so far]
[ 32/129] GunPoint
    stage 1/3: loading data ...
    stage 2/3: training on 50 series (no val (train-loss early stop), C=2, T=150, batch=5) ...
    stage 3/3: scoring on 150 test series (accuracy + AOPCR) ...
    [mlflow] versioned model 'seanet_acp__sea_mstcn_sep__sea_adaptive_classwise' (id=m-9c128dae434f4655b68c4d04c3f0d26b) params={'model_size_mb': '3.1864', 'n_model_params': '182630', 'name': 'seanet_acp'}
    [mlflow] logged run 'seanet_acp_GunPoint'  (train_acc=1.0000 test_acc=0.9867 test_loss=0.0863)
[ 32/129] GunPoint                     DONE  acc=0.9867 loss=0.0863 AOPCR=  0.816 NDCG=  n/a C=  2 T=  150 (9s)  [31 trained / 0 failed so far]
[ 33/129] Ham
    stage 1/3: loading data ...
    stage 2/3: training on 88 series (val=21, C=2, T=431, batch=8) ...
    stage 3/3: scoring on 105 test series (accuracy + AOPCR) ...
    [mlflow] versioned model 'seanet_acp__sea_mstcn_sep__sea_adaptive_classwise' (id=m-c42bc99dfdc64102aaa4ad289835d6e8) params={'model_size_mb': '3.1864', 'n_model_params': '182630', 'name': 'seanet_acp'}
    [mlflow] logged run 'seanet_acp_Ham'  (train_acc=1.0000 val_acc=0.8571 test_acc=0.7810 test_loss=0.5562)
[ 33/129] Ham                          DONE  acc=0.7810 loss=0.5562 AOPCR=  0.872 NDCG=  n/a C=  2 T=  431 (14s)  [32 trained / 0 failed so far]
[ 34/129] HandOutlines
    stage 1/3: loading data ...
    stage 2/3: training on 801 series (val=199, C=2, T=2709, batch=16) ...
    stage 3/3: scoring on 370 test series (accuracy + AOPCR) ...
    [mlflow] versioned model 'seanet_acp__sea_mstcn_sep__sea_adaptive_classwise' (id=m-389520028e8f487f85b7b95326ed08f5) params={'model_size_mb': '3.1864', 'n_model_params': '182630', 'name': 'seanet_acp'}
    [mlflow] logged run 'seanet_acp_HandOutlines'  (train_acc=0.9913 val_acc=0.9397 test_acc=0.9622 test_loss=0.1601)
[ 34/129] HandOutlines                 DONE  acc=0.9622 loss=0.1601 AOPCR= -0.363 NDCG=  n/a C=  2 T= 2709 (183s)  [33 trained / 0 failed so far]
[ 35/129] Haptics
    stage 1/3: loading data ...
    stage 2/3: training on 127 series (val=28, C=5, T=1092, batch=12) ...
    stage 3/3: scoring on 308 test series (accuracy + AOPCR) ...
    [mlflow] versioned model 'seanet_acp__sea_mstcn_sep__sea_adaptive_classwise' (id=m-b985bab165254a0ba6dbfe224e7d1095) params={'model_size_mb': '3.1882', 'n_model_params': '183119', 'name': 'seanet_acp'}
    [mlflow] logged run 'seanet_acp_Haptics'  (train_acc=1.0000 val_acc=0.6429 test_acc=0.4838 test_loss=1.6790)
[ 35/129] Haptics                      DONE  acc=0.4838 loss=1.6790 AOPCR=  1.576 NDCG=  n/a C=  5 T= 1092 (11s)  [34 trained / 0 failed so far]
[ 36/129] Herring
    stage 1/3: loading data ...
    stage 2/3: training on 64 series (no val (train-loss early stop), C=2, T=512, batch=6) ...
    stage 3/3: scoring on 64 test series (accuracy + AOPCR) ...
    [mlflow] versioned model 'seanet_acp__sea_mstcn_sep__sea_adaptive_classwise' (id=m-7a3cca9ab3e5434aba77ab52f9817688) params={'model_size_mb': '3.1864', 'n_model_params': '182630', 'name': 'seanet_acp'}
    [mlflow] logged run 'seanet_acp_Herring'  (train_acc=0.6094 test_acc=0.5938 test_loss=0.6777)
[ 36/129] Herring                      DONE  acc=0.5938 loss=0.6777 AOPCR=  0.117 NDCG=  n/a C=  2 T=  512 (5s)  [35 trained / 0 failed so far]
[ 37/129] InlineSkate
    stage 1/3: loading data ...
    stage 2/3: training on 84 series (val=16, C=7, T=1882, batch=8) ...
    stage 3/3: scoring on 550 test series (accuracy + AOPCR) ...
    [mlflow] versioned model 'seanet_acp__sea_mstcn_sep__sea_adaptive_classwise' (id=m-1bcda40b04d84aaab78f2f387f7d3026) params={'model_size_mb': '3.1894', 'n_model_params': '183445', 'name': 'seanet_acp'}
    [mlflow] logged run 'seanet_acp_InlineSkate'  (train_acc=0.6429 val_acc=0.3750 test_acc=0.2818 test_loss=1.7667)
[ 37/129] InlineSkate                  DONE  acc=0.2818 loss=1.7667 AOPCR=  1.637 NDCG=  n/a C=  7 T= 1882 (7s)  [36 trained / 0 failed so far]
[ 38/129] InsectWingbeatSound
    stage 1/3: loading data ...
    stage 2/3: training on 176 series (val=44, C=11, T=256, batch=16) ...
    stage 3/3: scoring on 1980 test series (accuracy + AOPCR) ...
    [mlflow] versioned model 'seanet_acp__sea_mstcn_sep__sea_adaptive_classwise' (id=m-db50e97515824fa8a7ccda281286ad02) params={'model_size_mb': '3.1919', 'n_model_params': '184097', 'name': 'seanet_acp'}
    [mlflow] logged run 'seanet_acp_InsectWingbeatSound'  (train_acc=0.8011 val_acc=0.5000 test_acc=0.5879 test_loss=1.0693)
[ 38/129] InsectWingbeatSound          DONE  acc=0.5879 loss=1.0693 AOPCR=  0.541 NDCG=  n/a C= 11 T=  256 (5s)  [37 trained / 0 failed so far]
[ 39/129] ItalyPowerDemand
    stage 1/3: loading data ...
    stage 2/3: training on 67 series (no val (train-loss early stop), C=2, T=24, batch=6) ...
    stage 3/3: scoring on 1029 test series (accuracy + AOPCR) ...
    [mlflow] versioned model 'seanet_acp__sea_mstcn_sep__sea_adaptive_classwise' (id=m-4fc661eec22e46619eca8f395f3af6c7) params={'model_size_mb': '3.1864', 'n_model_params': '182630', 'name': 'seanet_acp'}
    [mlflow] logged run 'seanet_acp_ItalyPowerDemand'  (train_acc=1.0000 test_acc=0.9689 test_loss=0.1286)
[ 39/129] ItalyPowerDemand             DONE  acc=0.9689 loss=0.1286 AOPCR=  0.068 NDCG=  n/a C=  2 T=   24 (24s)  [38 trained / 0 failed so far]
[ 40/129] LargeKitchenAppliances
    stage 1/3: loading data ...
    stage 2/3: training on 300 series (val=75, C=3, T=720, batch=16) ...
    stage 3/3: scoring on 375 test series (accuracy + AOPCR) ...
    [mlflow] versioned model 'seanet_acp__sea_mstcn_sep__sea_adaptive_classwise' (id=m-c72da616dcbe43578ab04baf47e360b0) params={'model_size_mb': '3.187', 'n_model_params': '182793', 'name': 'seanet_acp'}
    [mlflow] logged run 'seanet_acp_LargeKitchenAppliances'  (train_acc=1.0000 val_acc=0.9733 test_acc=0.9013 test_loss=0.3552)
[ 40/129] LargeKitchenAppliances       DONE  acc=0.9013 loss=0.3552 AOPCR=  1.538 NDCG=  n/a C=  3 T=  720 (18s)  [39 trained / 0 failed so far]
[ 41/129] Lightning2
    stage 1/3: loading data ...
    stage 2/3: training on 60 series (no val (train-loss early stop), C=2, T=637, batch=6) ...
    stage 3/3: scoring on 61 test series (accuracy + AOPCR) ...
    [mlflow] versioned model 'seanet_acp__sea_mstcn_sep__sea_adaptive_classwise' (id=m-a090420450ec4dbd8b6163b51347333b) params={'model_size_mb': '3.1864', 'n_model_params': '182630', 'name': 'seanet_acp'}
    [mlflow] logged run 'seanet_acp_Lightning2'  (train_acc=1.0000 test_acc=0.8852 test_loss=0.3227)
[ 41/129] Lightning2                   DONE  acc=0.8852 loss=0.3227 AOPCR=  0.739 NDCG=  n/a C=  2 T=  637 (17s)  [40 trained / 0 failed so far]
[ 42/129] Lightning7
    stage 1/3: loading data ...
    stage 2/3: training on 70 series (no val (train-loss early stop), C=7, T=319, batch=7) ...
    stage 3/3: scoring on 73 test series (accuracy + AOPCR) ...
    [mlflow] versioned model 'seanet_acp__sea_mstcn_sep__sea_adaptive_classwise' (id=m-ca3b363187914155b400c95e2cbbfda5) params={'model_size_mb': '3.1894', 'n_model_params': '183445', 'name': 'seanet_acp'}
    [mlflow] logged run 'seanet_acp_Lightning7'  (train_acc=1.0000 test_acc=0.8082 test_loss=0.5922)
[ 42/129] Lightning7                   DONE  acc=0.8082 loss=0.5922 AOPCR=  2.464 NDCG=  n/a C=  7 T=  319 (21s)  [41 trained / 0 failed so far]
[ 43/129] Mallat
    stage 1/3: loading data ...
    stage 2/3: training on 55 series (no val (train-loss early stop), C=8, T=1024, batch=5) ...
    stage 3/3: scoring on 2345 test series (accuracy + AOPCR) ...
    [mlflow] versioned model 'seanet_acp__sea_mstcn_sep__sea_adaptive_classwise' (id=m-51d2a21b47a349f8b0a19d849aefbbc5) params={'model_size_mb': '3.19', 'n_model_params': '183608', 'name': 'seanet_acp'}
    [mlflow] logged run 'seanet_acp_Mallat'  (train_acc=1.0000 test_acc=0.8064 test_loss=0.6685)
[ 43/129] Mallat                       DONE  acc=0.8064 loss=0.6685 AOPCR=  2.476 NDCG=  n/a C=  8 T= 1024 (28s)  [42 trained / 0 failed so far]
[ 44/129] Meat
    stage 1/3: loading data ...
    stage 2/3: training on 60 series (no val (train-loss early stop), C=3, T=448, batch=6) ...
    stage 3/3: scoring on 60 test series (accuracy + AOPCR) ...
    [mlflow] versioned model 'seanet_acp__sea_mstcn_sep__sea_adaptive_classwise' (id=m-8284c6fca08f4405b5dbc5340a05a4be) params={'model_size_mb': '3.187', 'n_model_params': '182793', 'name': 'seanet_acp'}
    [mlflow] logged run 'seanet_acp_Meat'  (train_acc=1.0000 test_acc=0.8500 test_loss=0.3211)
[ 44/129] Meat                         DONE  acc=0.8500 loss=0.3211 AOPCR=  2.171 NDCG=  n/a C=  3 T=  448 (11s)  [43 trained / 0 failed so far]
[ 45/129] MedicalImages
    stage 1/3: loading data ...
    stage 2/3: training on 307 series (val=74, C=10, T=99, batch=16) ...
    stage 3/3: scoring on 760 test series (accuracy + AOPCR) ...
    [mlflow] versioned model 'seanet_acp__sea_mstcn_sep__sea_adaptive_classwise' (id=m-14781b81e84a46e79c09f7add7ba5958) params={'model_size_mb': '3.1913', 'n_model_params': '183934', 'name': 'seanet_acp'}
    [mlflow] logged run 'seanet_acp_MedicalImages'  (train_acc=0.9544 val_acc=0.8243 test_acc=0.7645 test_loss=0.7712)
[ 45/129] MedicalImages                DONE  acc=0.7645 loss=0.7712 AOPCR=  0.363 NDCG=  n/a C= 10 T=   99 (18s)  [44 trained / 0 failed so far]
[ 46/129] MiddlePhalanxOutlineAgeGroup
    stage 1/3: loading data ...
    stage 2/3: training on 321 series (val=79, C=3, T=80, batch=16) ...
    stage 3/3: scoring on 154 test series (accuracy + AOPCR) ...
    [mlflow] versioned model 'seanet_acp__sea_mstcn_sep__sea_adaptive_classwise' (id=m-963c4b804717495f80a605905eb7298a) params={'model_size_mb': '3.187', 'n_model_params': '182793', 'name': 'seanet_acp'}
    [mlflow] logged run 'seanet_acp_MiddlePhalanxOutlineAgeGroup'  (train_acc=0.7539 val_acc=0.7722 test_acc=0.5455 test_loss=0.9570)
[ 46/129] MiddlePhalanxOutlineAgeGroup DONE  acc=0.5455 loss=0.9570 AOPCR=  0.402 NDCG=  n/a C=  3 T=   80 (10s)  [45 trained / 0 failed so far]
[ 47/129] MiddlePhalanxOutlineCorrect
    stage 1/3: loading data ...
    stage 2/3: training on 481 series (val=119, C=2, T=80, batch=16) ...
    stage 3/3: scoring on 291 test series (accuracy + AOPCR) ...
    [mlflow] versioned model 'seanet_acp__sea_mstcn_sep__sea_adaptive_classwise' (id=m-c178dcbd31084f31942e5632c6b6aa3d) params={'model_size_mb': '3.1864', 'n_model_params': '182630', 'name': 'seanet_acp'}
    [mlflow] logged run 'seanet_acp_MiddlePhalanxOutlineCorrect'  (train_acc=0.8940 val_acc=0.8487 test_acc=0.8316 test_loss=0.4099)
[ 47/129] MiddlePhalanxOutlineCorrect  DONE  acc=0.8316 loss=0.4099 AOPCR= -1.709 NDCG=  n/a C=  2 T=   80 (22s)  [46 trained / 0 failed so far]
[ 48/129] MiddlePhalanxTW
    stage 1/3: loading data ...
    stage 2/3: training on 321 series (val=78, C=6, T=80, batch=16) ...
    stage 3/3: scoring on 154 test series (accuracy + AOPCR) ...
    [mlflow] versioned model 'seanet_acp__sea_mstcn_sep__sea_adaptive_classwise' (id=m-1d98ce6b936c4e3c8c6749744c6d6034) params={'model_size_mb': '3.1888', 'n_model_params': '183282', 'name': 'seanet_acp'}
    [mlflow] logged run 'seanet_acp_MiddlePhalanxTW'  (train_acc=0.6822 val_acc=0.6923 test_acc=0.6169 test_loss=1.0630)
[ 48/129] MiddlePhalanxTW              DONE  acc=0.6169 loss=1.0630 AOPCR= -0.334 NDCG=  n/a C=  6 T=   80 (22s)  [47 trained / 0 failed so far]
[ 49/129] MoteStrain
    stage 1/3: loading data ...
    stage 2/3: training on 20 series (no val (train-loss early stop), C=2, T=84, batch=2) ...
    stage 3/3: scoring on 1252 test series (accuracy + AOPCR) ...
    [mlflow] versioned model 'seanet_acp__sea_mstcn_sep__sea_adaptive_classwise' (id=m-35834cbab8d744d69845eebf98a938b7) params={'model_size_mb': '3.1864', 'n_model_params': '182630', 'name': 'seanet_acp'}
    [mlflow] logged run 'seanet_acp_MoteStrain'  (train_acc=1.0000 test_acc=0.8898 test_loss=0.2779)
[ 49/129] MoteStrain                   DONE  acc=0.8898 loss=0.2779 AOPCR=  0.170 NDCG=  n/a C=  2 T=   84 (15s)  [48 trained / 0 failed so far]
[ 50/129] NonInvasiveFetalECGThorax1
    stage 1/3: loading data ...
    stage 2/3: training on 1452 series (val=348, C=42, T=750, batch=16) ...
    stage 3/3: scoring on 1965 test series (accuracy + AOPCR) ...
    [mlflow] versioned model 'seanet_acp__sea_mstcn_sep__sea_adaptive_classwise' (id=m-edf3b9a2b37945d79d783a3d9bc6240d) params={'model_size_mb': '3.2111', 'n_model_params': '189150', 'name': 'seanet_acp'}
    [mlflow] logged run 'seanet_acp_NonInvasiveFetalECGThorax1'  (train_acc=0.9883 val_acc=0.9253 test_acc=0.9170 test_loss=0.3746)
[ 50/129] NonInvasiveFetalECGThorax1   DONE  acc=0.9170 loss=0.3746 AOPCR=  0.807 NDCG=  n/a C= 42 T=  750 (87s)  [49 trained / 0 failed so far]
[ 51/129] NonInvasiveFetalECGThorax2
    stage 1/3: loading data ...
    stage 2/3: training on 1452 series (val=348, C=42, T=750, batch=16) ...
    stage 3/3: scoring on 1965 test series (accuracy + AOPCR) ...
    [mlflow] versioned model 'seanet_acp__sea_mstcn_sep__sea_adaptive_classwise' (id=m-3e73b41b69a547679da59dec22218204) params={'model_size_mb': '3.2111', 'n_model_params': '189150', 'name': 'seanet_acp'}
    [mlflow] logged run 'seanet_acp_NonInvasiveFetalECGThorax2'  (train_acc=0.9952 val_acc=0.9282 test_acc=0.9267 test_loss=0.3359)
[ 51/129] NonInvasiveFetalECGThorax2   DONE  acc=0.9267 loss=0.3359 AOPCR=  0.888 NDCG=  n/a C= 42 T=  750 (83s)  [50 trained / 0 failed so far]
[ 52/129] OliveOil
    stage 1/3: loading data ...
    stage 2/3: training on 30 series (no val (train-loss early stop), C=4, T=570, batch=3) ...
    stage 3/3: scoring on 30 test series (accuracy + AOPCR) ...
    [mlflow] versioned model 'seanet_acp__sea_mstcn_sep__sea_adaptive_classwise' (id=m-b563f1e433134717b983ddd60419a8d2) params={'model_size_mb': '3.1876', 'n_model_params': '182956', 'name': 'seanet_acp'}
    [mlflow] logged run 'seanet_acp_OliveOil'  (train_acc=0.4667 test_acc=0.4333 test_loss=1.2425)
[ 52/129] OliveOil                     DONE  acc=0.4333 loss=1.2425 AOPCR=  0.962 NDCG=  n/a C=  4 T=  570 (16s)  [51 trained / 0 failed so far]
[ 53/129] OSULeaf
    stage 1/3: loading data ...
    stage 2/3: training on 163 series (val=37, C=6, T=427, batch=16) ...
    stage 3/3: scoring on 242 test series (accuracy + AOPCR) ...
    [mlflow] versioned model 'seanet_acp__sea_mstcn_sep__sea_adaptive_classwise' (id=m-95ed2476f0924b29913e4d031dcf09f2) params={'model_size_mb': '3.1888', 'n_model_params': '183282', 'name': 'seanet_acp'}
    [mlflow] logged run 'seanet_acp_OSULeaf'  (train_acc=1.0000 val_acc=1.0000 test_acc=0.9008 test_loss=0.3654)
[ 53/129] OSULeaf                      DONE  acc=0.9008 loss=0.3654 AOPCR=  0.737 NDCG=  n/a C=  6 T=  427 (11s)  [52 trained / 0 failed so far]
[ 54/129] PhalangesOutlinesCorrect
    stage 1/3: loading data ...
    stage 2/3: training on 1441 series (val=359, C=2, T=80, batch=16) ...
    stage 3/3: scoring on 858 test series (accuracy + AOPCR) ...
    [mlflow] versioned model 'seanet_acp__sea_mstcn_sep__sea_adaptive_classwise' (id=m-01ffff26244a41d2aa2e8285a426ca41) params={'model_size_mb': '3.1864', 'n_model_params': '182630', 'name': 'seanet_acp'}
    [mlflow] logged run 'seanet_acp_PhalangesOutlinesCorrect'  (train_acc=0.9431 val_acc=0.9081 test_acc=0.8310 test_loss=0.3884)
[ 54/129] PhalangesOutlinesCorrect     DONE  acc=0.8310 loss=0.3884 AOPCR= -0.566 NDCG=  n/a C=  2 T=   80 (78s)  [53 trained / 0 failed so far]
[ 55/129] Phoneme
    stage 1/3: loading data ...
    stage 2/3: training on 171 series (val=43, C=39, T=1024, batch=16) ...
    stage 3/3: scoring on 1896 test series (accuracy + AOPCR) ...
    [mlflow] versioned model 'seanet_acp__sea_mstcn_sep__sea_adaptive_classwise' (id=m-76b3ef36413541e18e1a1b17e1c9ca22) params={'model_size_mb': '3.2093', 'n_model_params': '188661', 'name': 'seanet_acp'}
    [mlflow] logged run 'seanet_acp_Phoneme'  (train_acc=0.3450 val_acc=0.2326 test_acc=0.2068 test_loss=2.9081)
[ 55/129] Phoneme                      DONE  acc=0.2068 loss=2.9081 AOPCR=  0.658 NDCG=  n/a C= 39 T= 1024 (6s)  [54 trained / 0 failed so far]
[ 56/129] Plane
    stage 1/3: loading data ...
    stage 2/3: training on 87 series (val=18, C=7, T=144, batch=8) ...
    stage 3/3: scoring on 105 test series (accuracy + AOPCR) ...
    [mlflow] versioned model 'seanet_acp__sea_mstcn_sep__sea_adaptive_classwise' (id=m-a08c2283b6784f419c7cf62c76f2af1b) params={'model_size_mb': '3.1894', 'n_model_params': '183445', 'name': 'seanet_acp'}
    [mlflow] logged run 'seanet_acp_Plane'  (train_acc=1.0000 val_acc=1.0000 test_acc=1.0000 test_loss=0.0888)
[ 56/129] Plane                        DONE  acc=1.0000 loss=0.0888 AOPCR=  1.342 NDCG=  n/a C=  7 T=  144 (27s)  [55 trained / 0 failed so far]
[ 57/129] ProximalPhalanxOutlineAgeGroup
    stage 1/3: loading data ...
    stage 2/3: training on 322 series (val=78, C=3, T=80, batch=16) ...
    stage 3/3: scoring on 205 test series (accuracy + AOPCR) ...
    [mlflow] versioned model 'seanet_acp__sea_mstcn_sep__sea_adaptive_classwise' (id=m-d3ea1f8dae2c4915a17062aa54da9ef8) params={'model_size_mb': '3.187', 'n_model_params': '182793', 'name': 'seanet_acp'}
    [mlflow] logged run 'seanet_acp_ProximalPhalanxOutlineAgeGroup'  (train_acc=0.8913 val_acc=0.8205 test_acc=0.8390 test_loss=0.4338)
[ 57/129] ProximalPhalanxOutlineAgeGroup DONE  acc=0.8390 loss=0.4338 AOPCR=  1.340 NDCG=  n/a C=  3 T=   80 (25s)  [56 trained / 0 failed so far]
[ 58/129] ProximalPhalanxOutlineCorrect
    stage 1/3: loading data ...
    stage 2/3: training on 481 series (val=119, C=2, T=80, batch=16) ...
    stage 3/3: scoring on 291 test series (accuracy + AOPCR) ...
    [mlflow] versioned model 'seanet_acp__sea_mstcn_sep__sea_adaptive_classwise' (id=m-111dc15dee644504b43663b3e85de75a) params={'model_size_mb': '3.1864', 'n_model_params': '182630', 'name': 'seanet_acp'}
    [mlflow] logged run 'seanet_acp_ProximalPhalanxOutlineCorrect'  (train_acc=0.9813 val_acc=0.9328 test_acc=0.8797 test_loss=0.3477)
[ 58/129] ProximalPhalanxOutlineCorrect DONE  acc=0.8797 loss=0.3477 AOPCR= -1.599 NDCG=  n/a C=  2 T=   80 (60s)  [57 trained / 0 failed so far]
[ 59/129] ProximalPhalanxTW
    stage 1/3: loading data ...
    stage 2/3: training on 322 series (val=78, C=6, T=80, batch=16) ...
    stage 3/3: scoring on 205 test series (accuracy + AOPCR) ...
    [mlflow] versioned model 'seanet_acp__sea_mstcn_sep__sea_adaptive_classwise' (id=m-7d65059c677b4488865b72452038613b) params={'model_size_mb': '3.1888', 'n_model_params': '183282', 'name': 'seanet_acp'}
    [mlflow] logged run 'seanet_acp_ProximalPhalanxTW'  (train_acc=0.8758 val_acc=0.8718 test_acc=0.6976 test_loss=0.7826)
[ 59/129] ProximalPhalanxTW            DONE  acc=0.6976 loss=0.7826 AOPCR=  0.243 NDCG=  n/a C=  6 T=   80 (22s)  [58 trained / 0 failed so far]
[ 60/129] RefrigerationDevices
    stage 1/3: loading data ...
    stage 2/3: training on 300 series (val=75, C=3, T=720, batch=16) ...
    stage 3/3: scoring on 375 test series (accuracy + AOPCR) ...
    [mlflow] versioned model 'seanet_acp__sea_mstcn_sep__sea_adaptive_classwise' (id=m-73f12bc6625a45e1a5039dfd792f223a) params={'model_size_mb': '3.187', 'n_model_params': '182793', 'name': 'seanet_acp'}
    [mlflow] logged run 'seanet_acp_RefrigerationDevices'  (train_acc=0.8100 val_acc=0.6000 test_acc=0.4693 test_loss=1.3171)
[ 60/129] RefrigerationDevices         DONE  acc=0.4693 loss=1.3171 AOPCR=  0.343 NDCG=  n/a C=  3 T=  720 (9s)  [59 trained / 0 failed so far]
[ 61/129] ScreenType
    stage 1/3: loading data ...
    stage 2/3: training on 300 series (val=75, C=3, T=720, batch=16) ...
    stage 3/3: scoring on 375 test series (accuracy + AOPCR) ...
    [mlflow] versioned model 'seanet_acp__sea_mstcn_sep__sea_adaptive_classwise' (id=m-42bdaa2fab2e4c8bbfdbce406f469d97) params={'model_size_mb': '3.187', 'n_model_params': '182793', 'name': 'seanet_acp'}
    [mlflow] logged run 'seanet_acp_ScreenType'  (train_acc=0.8333 val_acc=0.6267 test_acc=0.5013 test_loss=1.0257)
[ 61/129] ScreenType                   DONE  acc=0.5013 loss=1.0257 AOPCR=  0.734 NDCG=  n/a C=  3 T=  720 (10s)  [60 trained / 0 failed so far]
[ 62/129] ShapeletSim
    stage 1/3: loading data ...
    stage 2/3: training on 20 series (no val (train-loss early stop), C=2, T=500, batch=2) ...
    stage 3/3: scoring on 180 test series (accuracy + AOPCR) ...
    [mlflow] versioned model 'seanet_acp__sea_mstcn_sep__sea_adaptive_classwise' (id=m-66a148ae4e08480ab20291c7cdd1c726) params={'model_size_mb': '3.1864', 'n_model_params': '182630', 'name': 'seanet_acp'}
    [mlflow] logged run 'seanet_acp_ShapeletSim'  (train_acc=1.0000 test_acc=1.0000 test_loss=0.0998)
[ 62/129] ShapeletSim                  DONE  acc=1.0000 loss=0.0998 AOPCR=  2.196 NDCG=  n/a C=  2 T=  500 (9s)  [61 trained / 0 failed so far]
[ 63/129] ShapesAll
    stage 1/3: loading data ...
    stage 2/3: training on 480 series (val=120, C=60, T=512, batch=16) ...
    stage 3/3: scoring on 600 test series (accuracy + AOPCR) ...
    [mlflow] versioned model 'seanet_acp__sea_mstcn_sep__sea_adaptive_classwise' (id=m-85e44f31999c4929b08713f8aa1f247b) params={'model_size_mb': '3.2223', 'n_model_params': '192084', 'name': 'seanet_acp'}
    [mlflow] logged run 'seanet_acp_ShapesAll'  (train_acc=0.9854 val_acc=0.8917 test_acc=0.8517 test_loss=0.7212)
[ 63/129] ShapesAll                    DONE  acc=0.8517 loss=0.7212 AOPCR=  1.706 NDCG=  n/a C= 60 T=  512 (21s)  [62 trained / 0 failed so far]
[ 64/129] SmallKitchenAppliances
    stage 1/3: loading data ...
    stage 2/3: training on 300 series (val=75, C=3, T=720, batch=16) ...
    stage 3/3: scoring on 375 test series (accuracy + AOPCR) ...
    [mlflow] versioned model 'seanet_acp__sea_mstcn_sep__sea_adaptive_classwise' (id=m-0b5c67d07d684221b383454fea1bf631) params={'model_size_mb': '3.187', 'n_model_params': '182793', 'name': 'seanet_acp'}
    [mlflow] logged run 'seanet_acp_SmallKitchenAppliances'  (train_acc=0.8967 val_acc=0.8000 test_acc=0.8453 test_loss=0.4364)
[ 64/129] SmallKitchenAppliances       DONE  acc=0.8453 loss=0.4364 AOPCR=  0.564 NDCG=  n/a C=  3 T=  720 (11s)  [63 trained / 0 failed so far]
[ 65/129] SonyAIBORobotSurface1
    stage 1/3: loading data ...
    stage 2/3: training on 20 series (no val (train-loss early stop), C=2, T=70, batch=2) ...
    stage 3/3: scoring on 601 test series (accuracy + AOPCR) ...
    [mlflow] versioned model 'seanet_acp__sea_mstcn_sep__sea_adaptive_classwise' (id=m-82beb26875174748a324f6da5bf4c8f6) params={'model_size_mb': '3.1864', 'n_model_params': '182630', 'name': 'seanet_acp'}
    [mlflow] logged run 'seanet_acp_SonyAIBORobotSurface1'  (train_acc=1.0000 test_acc=0.8153 test_loss=0.3910)
[ 65/129] SonyAIBORobotSurface1        DONE  acc=0.8153 loss=0.3910 AOPCR=  0.579 NDCG=  n/a C=  2 T=   70 (10s)  [64 trained / 0 failed so far]
[ 66/129] SonyAIBORobotSurface2
    stage 1/3: loading data ...
    stage 2/3: training on 27 series (no val (train-loss early stop), C=2, T=65, batch=2) ...
    stage 3/3: scoring on 953 test series (accuracy + AOPCR) ...
    [mlflow] versioned model 'seanet_acp__sea_mstcn_sep__sea_adaptive_classwise' (id=m-7c74f26d4e0e48c999a52c60dc4a1a43) params={'model_size_mb': '3.1864', 'n_model_params': '182630', 'name': 'seanet_acp'}
    [mlflow] logged run 'seanet_acp_SonyAIBORobotSurface2'  (train_acc=1.0000 test_acc=0.8437 test_loss=0.3485)
[ 66/129] SonyAIBORobotSurface2        DONE  acc=0.8437 loss=0.3485 AOPCR=  0.075 NDCG=  n/a C=  2 T=   65 (16s)  [65 trained / 0 failed so far]
[ 67/129] StarLightCurves
    stage 1/3: loading data ...
    stage 2/3: training on 801 series (val=199, C=3, T=1024, batch=16) ...
    stage 3/3: scoring on 8236 test series (accuracy + AOPCR) ...
    [mlflow] versioned model 'seanet_acp__sea_mstcn_sep__sea_adaptive_classwise' (id=m-f7ea94f81c6640b288677b7a032bde85) params={'model_size_mb': '3.187', 'n_model_params': '182793', 'name': 'seanet_acp'}
    [mlflow] logged run 'seanet_acp_StarLightCurves'  (train_acc=0.9913 val_acc=0.9698 test_acc=0.9749 test_loss=0.1732)
[ 67/129] StarLightCurves              DONE  acc=0.9749 loss=0.1732 AOPCR=  1.294 NDCG=  n/a C=  3 T= 1024 (34s)  [66 trained / 0 failed so far]
[ 68/129] Strawberry
    stage 1/3: loading data ...
    stage 2/3: training on 492 series (val=121, C=2, T=235, batch=16) ...
    stage 3/3: scoring on 370 test series (accuracy + AOPCR) ...
    [mlflow] versioned model 'seanet_acp__sea_mstcn_sep__sea_adaptive_classwise' (id=m-8bf47ed70822486188b86df7f405e2e8) params={'model_size_mb': '3.1864', 'n_model_params': '182630', 'name': 'seanet_acp'}
    [mlflow] logged run 'seanet_acp_Strawberry'  (train_acc=0.8089 val_acc=0.7851 test_acc=0.7919 test_loss=0.3386)
[ 68/129] Strawberry                   DONE  acc=0.7919 loss=0.3386 AOPCR=  0.176 NDCG=  n/a C=  2 T=  235 (29s)  [67 trained / 0 failed so far]
[ 69/129] SwedishLeaf
    stage 1/3: loading data ...
    stage 2/3: training on 405 series (val=95, C=15, T=128, batch=16) ...
    stage 3/3: scoring on 625 test series (accuracy + AOPCR) ...
    [mlflow] versioned model 'seanet_acp__sea_mstcn_sep__sea_adaptive_classwise' (id=m-3fd8dc67fc1c43189231f9b4a643ae9e) params={'model_size_mb': '3.1943', 'n_model_params': '184749', 'name': 'seanet_acp'}
    [mlflow] logged run 'seanet_acp_SwedishLeaf'  (train_acc=1.0000 val_acc=0.9895 test_acc=0.9504 test_loss=0.2156)
[ 69/129] SwedishLeaf                  DONE  acc=0.9504 loss=0.2156 AOPCR=  1.105 NDCG=  n/a C= 15 T=  128 (50s)  [68 trained / 0 failed so far]
[ 70/129] Symbols
    stage 1/3: loading data ...
    stage 2/3: training on 25 series (no val (train-loss early stop), C=6, T=398, batch=2) ...
    stage 3/3: scoring on 995 test series (accuracy + AOPCR) ...
    [mlflow] versioned model 'seanet_acp__sea_mstcn_sep__sea_adaptive_classwise' (id=m-186c301134bc4b21a01d3a5122b4c9a3) params={'model_size_mb': '3.1888', 'n_model_params': '183282', 'name': 'seanet_acp'}
    [mlflow] logged run 'seanet_acp_Symbols'  (train_acc=1.0000 test_acc=0.9779 test_loss=0.2086)
[ 70/129] Symbols                      DONE  acc=0.9779 loss=0.2086 AOPCR=  1.978 NDCG=  n/a C=  6 T=  398 (12s)  [69 trained / 0 failed so far]
[ 71/129] SyntheticControl
    stage 1/3: loading data ...
    stage 2/3: training on 240 series (val=60, C=6, T=60, batch=16) ...
    stage 3/3: scoring on 300 test series (accuracy + AOPCR) ...
    [mlflow] versioned model 'seanet_acp__sea_mstcn_sep__sea_adaptive_classwise' (id=m-359e2d0413d74f398de31c4e7c81c151) params={'model_size_mb': '3.1888', 'n_model_params': '183282', 'name': 'seanet_acp'}
    [mlflow] logged run 'seanet_acp_SyntheticControl'  (train_acc=1.0000 val_acc=1.0000 test_acc=0.9900 test_loss=0.0963)
[ 71/129] SyntheticControl             DONE  acc=0.9900 loss=0.0963 AOPCR=  0.538 NDCG=  n/a C=  6 T=   60 (16s)  [70 trained / 0 failed so far]
[ 72/129] ToeSegmentation1
    stage 1/3: loading data ...
    stage 2/3: training on 40 series (no val (train-loss early stop), C=2, T=277, batch=4) ...
    stage 3/3: scoring on 228 test series (accuracy + AOPCR) ...
    [mlflow] versioned model 'seanet_acp__sea_mstcn_sep__sea_adaptive_classwise' (id=m-c23d9fd7d1d6436f93030d9676b40579) params={'model_size_mb': '3.1864', 'n_model_params': '182630', 'name': 'seanet_acp'}
    [mlflow] logged run 'seanet_acp_ToeSegmentation1'  (train_acc=1.0000 test_acc=0.9430 test_loss=0.2023)
[ 72/129] ToeSegmentation1             DONE  acc=0.9430 loss=0.2023 AOPCR=  0.361 NDCG=  n/a C=  2 T=  277 (9s)  [71 trained / 0 failed so far]
[ 73/129] ToeSegmentation2
    stage 1/3: loading data ...
    stage 2/3: training on 36 series (no val (train-loss early stop), C=2, T=343, batch=3) ...
    stage 3/3: scoring on 130 test series (accuracy + AOPCR) ...
    [mlflow] versioned model 'seanet_acp__sea_mstcn_sep__sea_adaptive_classwise' (id=m-93b6d3576a27404ab8cf3a6d60cb59b1) params={'model_size_mb': '3.1864', 'n_model_params': '182630', 'name': 'seanet_acp'}
    [mlflow] logged run 'seanet_acp_ToeSegmentation2'  (train_acc=1.0000 test_acc=0.9385 test_loss=0.1987)
[ 73/129] ToeSegmentation2             DONE  acc=0.9385 loss=0.1987 AOPCR=  0.696 NDCG=  n/a C=  2 T=  343 (14s)  [72 trained / 0 failed so far]
[ 74/129] Trace
    stage 1/3: loading data ...
    stage 2/3: training on 81 series (val=19, C=4, T=275, batch=8) ...
    stage 3/3: scoring on 100 test series (accuracy + AOPCR) ...
    [mlflow] versioned model 'seanet_acp__sea_mstcn_sep__sea_adaptive_classwise' (id=m-2309350564324e5f82e06b4afb588a97) params={'model_size_mb': '3.1876', 'n_model_params': '182956', 'name': 'seanet_acp'}
    [mlflow] logged run 'seanet_acp_Trace'  (train_acc=1.0000 val_acc=1.0000 test_acc=1.0000 test_loss=0.0822)
[ 74/129] Trace                        DONE  acc=1.0000 loss=0.0822 AOPCR=  2.238 NDCG=  n/a C=  4 T=  275 (20s)  [73 trained / 0 failed so far]
[ 75/129] TwoLeadECG
    stage 1/3: loading data ...
    stage 2/3: training on 23 series (no val (train-loss early stop), C=2, T=82, batch=2) ...
    stage 3/3: scoring on 1139 test series (accuracy + AOPCR) ...
    [mlflow] versioned model 'seanet_acp__sea_mstcn_sep__sea_adaptive_classwise' (id=m-08404b11c4e54dffa1be1d1d2e89aaed) params={'model_size_mb': '3.1864', 'n_model_params': '182630', 'name': 'seanet_acp'}
    [mlflow] logged run 'seanet_acp_TwoLeadECG'  (train_acc=1.0000 test_acc=0.9939 test_loss=0.0746)
[ 75/129] TwoLeadECG                   DONE  acc=0.9939 loss=0.0746 AOPCR=  0.028 NDCG=  n/a C=  2 T=   82 (12s)  [74 trained / 0 failed so far]
[ 76/129] TwoPatterns
    stage 1/3: loading data ...
    stage 2/3: training on 801 series (val=199, C=4, T=128, batch=16) ...
    stage 3/3: scoring on 4000 test series (accuracy + AOPCR) ...
    [mlflow] versioned model 'seanet_acp__sea_mstcn_sep__sea_adaptive_classwise' (id=m-8540a53a87a249cbb32c1acdbf74bba4) params={'model_size_mb': '3.1876', 'n_model_params': '182956', 'name': 'seanet_acp'}
    [mlflow] logged run 'seanet_acp_TwoPatterns'  (train_acc=1.0000 val_acc=1.0000 test_acc=1.0000 test_loss=0.0791)
[ 76/129] TwoPatterns                  DONE  acc=1.0000 loss=0.0791 AOPCR=  2.640 NDCG=  n/a C=  4 T=  128 (45s)  [75 trained / 0 failed so far]
[ 77/129] UWaveGestureLibraryAll
    stage 1/3: loading data ...
    stage 2/3: training on 719 series (val=177, C=8, T=945, batch=16) ...
    stage 3/3: scoring on 3582 test series (accuracy + AOPCR) ...
    [mlflow] versioned model 'seanet_acp__sea_mstcn_sep__sea_adaptive_classwise' (id=m-9b729e97222b4a27bca3ee43b0b0be12) params={'model_size_mb': '3.19', 'n_model_params': '183608', 'name': 'seanet_acp'}
    [mlflow] logged run 'seanet_acp_UWaveGestureLibraryAll'  (train_acc=1.0000 val_acc=0.9661 test_acc=0.9665 test_loss=0.2217)
[ 77/129] UWaveGestureLibraryAll       DONE  acc=0.9665 loss=0.2217 AOPCR=  1.801 NDCG=  n/a C=  8 T=  945 (92s)  [76 trained / 0 failed so far]
[ 78/129] UWaveGestureLibraryX
    stage 1/3: loading data ...
    stage 2/3: training on 719 series (val=177, C=8, T=315, batch=16) ...
    stage 3/3: scoring on 3582 test series (accuracy + AOPCR) ...
    [mlflow] versioned model 'seanet_acp__sea_mstcn_sep__sea_adaptive_classwise' (id=m-db7dead2af6f43c7ab14cd16b445feb2) params={'model_size_mb': '3.19', 'n_model_params': '183608', 'name': 'seanet_acp'}
    [mlflow] logged run 'seanet_acp_UWaveGestureLibraryX'  (train_acc=0.9277 val_acc=0.8362 test_acc=0.8116 test_loss=0.5724)
[ 78/129] UWaveGestureLibraryX         DONE  acc=0.8116 loss=0.5724 AOPCR=  0.749 NDCG=  n/a C=  8 T=  315 (23s)  [77 trained / 0 failed so far]
[ 79/129] UWaveGestureLibraryY
    stage 1/3: loading data ...
    stage 2/3: training on 719 series (val=177, C=8, T=315, batch=16) ...
    stage 3/3: scoring on 3582 test series (accuracy + AOPCR) ...
    [mlflow] versioned model 'seanet_acp__sea_mstcn_sep__sea_adaptive_classwise' (id=m-5efdf6415e71425aa99066020c7ba97c) params={'model_size_mb': '3.19', 'n_model_params': '183608', 'name': 'seanet_acp'}
    [mlflow] logged run 'seanet_acp_UWaveGestureLibraryY'  (train_acc=1.0000 val_acc=0.7345 test_acc=0.7557 test_loss=0.7971)
[ 79/129] UWaveGestureLibraryY         DONE  acc=0.7557 loss=0.7971 AOPCR=  1.089 NDCG=  n/a C=  8 T=  315 (45s)  [78 trained / 0 failed so far]
[ 80/129] UWaveGestureLibraryZ
    stage 1/3: loading data ...
    stage 2/3: training on 719 series (val=177, C=8, T=315, batch=16) ...
    stage 3/3: scoring on 3582 test series (accuracy + AOPCR) ...
    [mlflow] versioned model 'seanet_acp__sea_mstcn_sep__sea_adaptive_classwise' (id=m-964d5f5bd32748f7b8c4a6f0ad608b73) params={'model_size_mb': '3.19', 'n_model_params': '183608', 'name': 'seanet_acp'}
    [mlflow] logged run 'seanet_acp_UWaveGestureLibraryZ'  (train_acc=0.9221 val_acc=0.7175 test_acc=0.7661 test_loss=0.6891)
[ 80/129] UWaveGestureLibraryZ         DONE  acc=0.7661 loss=0.6891 AOPCR=  0.909 NDCG=  n/a C=  8 T=  315 (23s)  [79 trained / 0 failed so far]
[ 81/129] Wafer
    stage 1/3: loading data ...
    stage 2/3: training on 801 series (val=199, C=2, T=152, batch=16) ...
    stage 3/3: scoring on 6164 test series (accuracy + AOPCR) ...
    [mlflow] versioned model 'seanet_acp__sea_mstcn_sep__sea_adaptive_classwise' (id=m-1154d8308aab4d2cac78ed14e89fd01f) params={'model_size_mb': '3.1864', 'n_model_params': '182630', 'name': 'seanet_acp'}
    [mlflow] logged run 'seanet_acp_Wafer'  (train_acc=1.0000 val_acc=1.0000 test_acc=0.9981 test_loss=0.0548)
[ 81/129] Wafer                        DONE  acc=0.9981 loss=0.0548 AOPCR=  0.506 NDCG=  n/a C=  2 T=  152 (78s)  [80 trained / 0 failed so far]
[ 82/129] Wine
    stage 1/3: loading data ...
    stage 2/3: training on 57 series (no val (train-loss early stop), C=2, T=234, batch=5) ...
    stage 3/3: scoring on 54 test series (accuracy + AOPCR) ...
    [mlflow] versioned model 'seanet_acp__sea_mstcn_sep__sea_adaptive_classwise' (id=m-78fb470ac9f148b287b779485b4f694b) params={'model_size_mb': '3.1864', 'n_model_params': '182630', 'name': 'seanet_acp'}
    [mlflow] logged run 'seanet_acp_Wine'  (train_acc=0.5263 test_acc=0.5000 test_loss=0.6934)
[ 82/129] Wine                         DONE  acc=0.5000 loss=0.6934 AOPCR=  0.042 NDCG=  n/a C=  2 T=  234 (5s)  [81 trained / 0 failed so far]
[ 83/129] WordSynonyms
    stage 1/3: loading data ...
    stage 2/3: training on 217 series (val=50, C=25, T=270, batch=16) ...
    stage 3/3: scoring on 638 test series (accuracy + AOPCR) ...
    [mlflow] versioned model 'seanet_acp__sea_mstcn_sep__sea_adaptive_classwise' (id=m-3699fd22ed6d4d91bb63d3ebcae86f9c) params={'model_size_mb': '3.2006', 'n_model_params': '186379', 'name': 'seanet_acp'}
    [mlflow] logged run 'seanet_acp_WordSynonyms'  (train_acc=1.0000 val_acc=0.8400 test_acc=0.7382 test_loss=1.1091)
[ 83/129] WordSynonyms                 DONE  acc=0.7382 loss=1.1091 AOPCR=  1.049 NDCG=  n/a C= 25 T=  270 (17s)  [82 trained / 0 failed so far]
[ 84/129] Worms
    stage 1/3: loading data ...
    stage 2/3: training on 146 series (val=35, C=5, T=900, batch=14) ...
    stage 3/3: scoring on 77 test series (accuracy + AOPCR) ...
    [mlflow] versioned model 'seanet_acp__sea_mstcn_sep__sea_adaptive_classwise' (id=m-90096243a6f6440cba8d5363407c71c7) params={'model_size_mb': '3.1882', 'n_model_params': '183119', 'name': 'seanet_acp'}
    [mlflow] logged run 'seanet_acp_Worms'  (train_acc=0.9726 val_acc=0.6857 test_acc=0.5714 test_loss=1.0950)
[ 84/129] Worms                        DONE  acc=0.5714 loss=1.0950 AOPCR=  2.021 NDCG=  n/a C=  5 T=  900 (6s)  [83 trained / 0 failed so far]
[ 85/129] WormsTwoClass
    stage 1/3: loading data ...
    stage 2/3: training on 145 series (val=36, C=2, T=900, batch=14) ...
    stage 3/3: scoring on 77 test series (accuracy + AOPCR) ...
    [mlflow] versioned model 'seanet_acp__sea_mstcn_sep__sea_adaptive_classwise' (id=m-84de25bbb9fc49dfad8aa4d5ee464c82) params={'model_size_mb': '3.1864', 'n_model_params': '182630', 'name': 'seanet_acp'}
    [mlflow] logged run 'seanet_acp_WormsTwoClass'  (train_acc=0.8966 val_acc=0.6944 test_acc=0.6753 test_loss=0.5885)
[ 85/129] WormsTwoClass                DONE  acc=0.6753 loss=0.5885 AOPCR=  0.505 NDCG=  n/a C=  2 T=  900 (6s)  [84 trained / 0 failed so far]
[ 86/129] Yoga
    stage 1/3: loading data ...
    stage 2/3: training on 241 series (val=59, C=2, T=426, batch=16) ...
    stage 3/3: scoring on 3000 test series (accuracy + AOPCR) ...
    [mlflow] versioned model 'seanet_acp__sea_mstcn_sep__sea_adaptive_classwise' (id=m-be8358a2fab54c7a9e8dd00f9226c618) params={'model_size_mb': '3.1864', 'n_model_params': '182630', 'name': 'seanet_acp'}
    [mlflow] logged run 'seanet_acp_Yoga'  (train_acc=1.0000 val_acc=0.9322 test_acc=0.8857 test_loss=0.2693)
[ 86/129] Yoga                         DONE  acc=0.8857 loss=0.2693 AOPCR=  1.057 NDCG=  n/a C=  2 T=  426 (17s)  [85 trained / 0 failed so far]
[ 87/129] ACSF1
    stage 1/3: loading data ...
    stage 2/3: training on 80 series (val=20, C=10, T=1460, batch=8) ...
    stage 3/3: scoring on 100 test series (accuracy + AOPCR) ...
    [mlflow] versioned model 'seanet_acp__sea_mstcn_sep__sea_adaptive_classwise' (id=m-19738e0d4e2a408fbf8928c782bd900f) params={'model_size_mb': '3.1913', 'n_model_params': '183934', 'name': 'seanet_acp'}
    [mlflow] logged run 'seanet_acp_ACSF1'  (train_acc=0.9500 val_acc=0.8000 test_acc=0.8400 test_loss=0.5203)
[ 87/129] ACSF1                        DONE  acc=0.8400 loss=0.5203 AOPCR=  0.714 NDCG=  n/a C= 10 T= 1460 (17s)  [86 trained / 0 failed so far]
[ 88/129] AllGestureWiimoteX
    stage 1/3: loading data ...
    stage 2/3: training on 240 series (val=60, C=10, T=500, batch=16) ...
    stage 3/3: scoring on 700 test series (accuracy + AOPCR) ...
    [mlflow] versioned model 'seanet_acp__sea_mstcn_sep__sea_adaptive_classwise' (id=m-601e2122f191484d90ab6b5f618531a4) params={'model_size_mb': '3.1913', 'n_model_params': '183934', 'name': 'seanet_acp'}
    [mlflow] logged run 'seanet_acp_AllGestureWiimoteX'  (train_acc=1.0000 val_acc=0.8500 test_acc=0.7671 test_loss=0.8497)
[ 88/129] AllGestureWiimoteX           DONE  acc=0.7671 loss=0.8497 AOPCR=  1.615 NDCG=  n/a C= 10 T=  500 (12s)  [87 trained / 0 failed so far]
[ 89/129] AllGestureWiimoteY
    stage 1/3: loading data ...
    stage 2/3: training on 240 series (val=60, C=10, T=500, batch=16) ...
    stage 3/3: scoring on 700 test series (accuracy + AOPCR) ...
    [mlflow] versioned model 'seanet_acp__sea_mstcn_sep__sea_adaptive_classwise' (id=m-9a9237d08d224414ae40ec8296b4709b) params={'model_size_mb': '3.1913', 'n_model_params': '183934', 'name': 'seanet_acp'}
    [mlflow] logged run 'seanet_acp_AllGestureWiimoteY'  (train_acc=1.0000 val_acc=0.8000 test_acc=0.7829 test_loss=0.7861)
[ 89/129] AllGestureWiimoteY           DONE  acc=0.7829 loss=0.7861 AOPCR=  1.860 NDCG=  n/a C= 10 T=  500 (13s)  [88 trained / 0 failed so far]
[ 90/129] AllGestureWiimoteZ
    stage 1/3: loading data ...
    stage 2/3: training on 240 series (val=60, C=10, T=500, batch=16) ...
    stage 3/3: scoring on 700 test series (accuracy + AOPCR) ...
    [mlflow] versioned model 'seanet_acp__sea_mstcn_sep__sea_adaptive_classwise' (id=m-f6ddeef661b04b738e4bd5dd9e87f1d6) params={'model_size_mb': '3.1913', 'n_model_params': '183934', 'name': 'seanet_acp'}
    [mlflow] logged run 'seanet_acp_AllGestureWiimoteZ'  (train_acc=1.0000 val_acc=0.7667 test_acc=0.7700 test_loss=0.8028)
[ 90/129] AllGestureWiimoteZ           DONE  acc=0.7700 loss=0.8028 AOPCR=  1.901 NDCG=  n/a C= 10 T=  500 (15s)  [89 trained / 0 failed so far]
[ 91/129] BME
    stage 1/3: loading data ...
    stage 2/3: training on 30 series (no val (train-loss early stop), C=3, T=128, batch=3) ...
    stage 3/3: scoring on 150 test series (accuracy + AOPCR) ...
    [mlflow] versioned model 'seanet_acp__sea_mstcn_sep__sea_adaptive_classwise' (id=m-85d7a78bdfe94851bf640066f67cc302) params={'model_size_mb': '3.187', 'n_model_params': '182793', 'name': 'seanet_acp'}
    [mlflow] logged run 'seanet_acp_BME'  (train_acc=1.0000 test_acc=0.9933 test_loss=0.0796)
[ 91/129] BME                          DONE  acc=0.9933 loss=0.0796 AOPCR=  2.148 NDCG=  n/a C=  3 T=  128 (14s)  [90 trained / 0 failed so far]
[ 92/129] Chinatown
    stage 1/3: loading data ...
    stage 2/3: training on 20 series (no val (train-loss early stop), C=2, T=24, batch=2) ...
    stage 3/3: scoring on 343 test series (accuracy + AOPCR) ...
    [mlflow] versioned model 'seanet_acp__sea_mstcn_sep__sea_adaptive_classwise' (id=m-78a2a3e6f2754d5691950a5833333aae) params={'model_size_mb': '3.1864', 'n_model_params': '182630', 'name': 'seanet_acp'}
    [mlflow] logged run 'seanet_acp_Chinatown'  (train_acc=1.0000 test_acc=0.9767 test_loss=0.1135)
[ 92/129] Chinatown                    DONE  acc=0.9767 loss=0.1135 AOPCR=  0.019 NDCG=  n/a C=  2 T=   24 (20s)  [91 trained / 0 failed so far]
[ 93/129] Crop
    stage 1/3: loading data ...
    stage 2/3: training on 5760 series (val=1440, C=24, T=46, batch=16) ...
    stage 3/3: scoring on 16800 test series (accuracy + AOPCR) ...
    [mlflow] versioned model 'seanet_acp__sea_mstcn_sep__sea_adaptive_classwise' (id=m-2d923dc6efc54ceeaabf3b63c132a84e) params={'model_size_mb': '3.2', 'n_model_params': '186216', 'name': 'seanet_acp'}
    [mlflow] logged run 'seanet_acp_Crop'  (train_acc=0.8378 val_acc=0.6903 test_acc=0.7064 test_loss=0.9397)
[ 93/129] Crop                         DONE  acc=0.7064 loss=0.9397 AOPCR=  0.040 NDCG=  n/a C= 24 T=   46 (177s)  [92 trained / 0 failed so far]
[ 94/129] DodgerLoopDay
    stage 1/3: loading data ...
    stage 2/3: training on 78 series (no val (train-loss early stop), C=7, T=288, batch=7) ...
    stage 3/3: scoring on 80 test series (accuracy + AOPCR) ...
    [mlflow] versioned model 'seanet_acp__sea_mstcn_sep__sea_adaptive_classwise' (id=m-9facc224bbb6470c8fbecb79d3aa69ae) params={'model_size_mb': '3.1894', 'n_model_params': '183445', 'name': 'seanet_acp'}
    [mlflow] logged run 'seanet_acp_DodgerLoopDay'  (train_acc=1.0000 test_acc=0.5625 test_loss=1.3881)
[ 94/129] DodgerLoopDay                DONE  acc=0.5625 loss=1.3881 AOPCR=  1.138 NDCG=  n/a C=  7 T=  288 (24s)  [93 trained / 0 failed so far]
[ 95/129] DodgerLoopGame
    stage 1/3: loading data ...
    stage 2/3: training on 20 series (no val (train-loss early stop), C=2, T=288, batch=2) ...
    stage 3/3: scoring on 138 test series (accuracy + AOPCR) ...
    [mlflow] versioned model 'seanet_acp__sea_mstcn_sep__sea_adaptive_classwise' (id=m-8c2a68da1b054e559e53240cb8f47272) params={'model_size_mb': '3.1864', 'n_model_params': '182630', 'name': 'seanet_acp'}
    [mlflow] logged run 'seanet_acp_DodgerLoopGame'  (train_acc=0.8500 test_acc=0.8188 test_loss=0.6509)
[ 95/129] DodgerLoopGame               DONE  acc=0.8188 loss=0.6509 AOPCR=  0.083 NDCG=  n/a C=  2 T=  288 (4s)  [94 trained / 0 failed so far]
[ 96/129] DodgerLoopWeekend
    stage 1/3: loading data ...
    stage 2/3: training on 20 series (no val (train-loss early stop), C=2, T=288, batch=2) ...
    stage 3/3: scoring on 138 test series (accuracy + AOPCR) ...
    [mlflow] versioned model 'seanet_acp__sea_mstcn_sep__sea_adaptive_classwise' (id=m-f7738a1cde534b9cb883e320662f1196) params={'model_size_mb': '3.1864', 'n_model_params': '182630', 'name': 'seanet_acp'}
    [mlflow] logged run 'seanet_acp_DodgerLoopWeekend'  (train_acc=1.0000 test_acc=0.9783 test_loss=0.1236)
[ 96/129] DodgerLoopWeekend            DONE  acc=0.9783 loss=0.1236 AOPCR=  1.712 NDCG=  n/a C=  2 T=  288 (7s)  [95 trained / 0 failed so far]
[ 97/129] EOGHorizontalSignal
    stage 1/3: loading data ...
    stage 2/3: training on 290 series (val=72, C=12, T=1250, batch=16) ...
    stage 3/3: scoring on 362 test series (accuracy + AOPCR) ...
    [mlflow] versioned model 'seanet_acp__sea_mstcn_sep__sea_adaptive_classwise' (id=m-0038e47967d24da5955bec0d46c3ba4e) params={'model_size_mb': '3.1925', 'n_model_params': '184260', 'name': 'seanet_acp'}
    [mlflow] logged run 'seanet_acp_EOGHorizontalSignal'  (train_acc=0.9862 val_acc=0.8889 test_acc=0.5110 test_loss=1.4851)
[ 97/129] EOGHorizontalSignal          DONE  acc=0.5110 loss=1.4851 AOPCR=  1.956 NDCG=  n/a C= 12 T= 1250 (20s)  [96 trained / 0 failed so far]
[ 98/129] EOGVerticalSignal
    stage 1/3: loading data ...
    stage 2/3: training on 290 series (val=72, C=12, T=1250, batch=16) ...
    stage 3/3: scoring on 362 test series (accuracy + AOPCR) ...
    [mlflow] versioned model 'seanet_acp__sea_mstcn_sep__sea_adaptive_classwise' (id=m-8ea8c756abca41899a3c5275a45d5842) params={'model_size_mb': '3.1925', 'n_model_params': '184260', 'name': 'seanet_acp'}
    [mlflow] logged run 'seanet_acp_EOGVerticalSignal'  (train_acc=0.9862 val_acc=0.7917 test_acc=0.5110 test_loss=1.6839)
[ 98/129] EOGVerticalSignal            DONE  acc=0.5110 loss=1.6839 AOPCR=  1.509 NDCG=  n/a C= 12 T= 1250 (23s)  [97 trained / 0 failed so far]
[ 99/129] EthanolLevel
    stage 1/3: loading data ...
    stage 2/3: training on 404 series (val=100, C=4, T=1751, batch=16) ...
    stage 3/3: scoring on 500 test series (accuracy + AOPCR) ...
    [mlflow] versioned model 'seanet_acp__sea_mstcn_sep__sea_adaptive_classwise' (id=m-fe967938e42d42b294f3c4289ac26091) params={'model_size_mb': '3.1876', 'n_model_params': '182956', 'name': 'seanet_acp'}
    [mlflow] logged run 'seanet_acp_EthanolLevel'  (train_acc=0.9455 val_acc=0.8800 test_acc=0.8400 test_loss=0.4317)
[ 99/129] EthanolLevel                 DONE  acc=0.8400 loss=0.4317 AOPCR=  1.807 NDCG=  n/a C=  4 T= 1751 (60s)  [98 trained / 0 failed so far]
[100/129] FreezerRegularTrain
    stage 1/3: loading data ...
    stage 2/3: training on 120 series (val=30, C=2, T=301, batch=12) ...
    stage 3/3: scoring on 2850 test series (accuracy + AOPCR) ...
    [mlflow] versioned model 'seanet_acp__sea_mstcn_sep__sea_adaptive_classwise' (id=m-3327f567ddf24e8e973394ad74c685f8) params={'model_size_mb': '3.1864', 'n_model_params': '182630', 'name': 'seanet_acp'}
    [mlflow] logged run 'seanet_acp_FreezerRegularTrain'  (train_acc=1.0000 val_acc=1.0000 test_acc=0.9986 test_loss=0.0584)
[100/129] FreezerRegularTrain          DONE  acc=0.9986 loss=0.0584 AOPCR=  0.533 NDCG=  n/a C=  2 T=  301 (6s)  [99 trained / 0 failed so far]
[101/129] FreezerSmallTrain
    stage 1/3: loading data ...
    stage 2/3: training on 28 series (no val (train-loss early stop), C=2, T=301, batch=2) ...
    stage 3/3: scoring on 2850 test series (accuracy + AOPCR) ...
    [mlflow] versioned model 'seanet_acp__sea_mstcn_sep__sea_adaptive_classwise' (id=m-3133d68a64684cfabcb48cf35b4b99c5) params={'model_size_mb': '3.1864', 'n_model_params': '182630', 'name': 'seanet_acp'}
    [mlflow] logged run 'seanet_acp_FreezerSmallTrain'  (train_acc=1.0000 test_acc=0.6902 test_loss=0.6651)
[101/129] FreezerSmallTrain            DONE  acc=0.6902 loss=0.6651 AOPCR=  0.148 NDCG=  n/a C=  2 T=  301 (22s)  [100 trained / 0 failed so far]
[102/129] Fungi
    stage 1/3: loading data ...
    stage 2/3: training on 18 series (no val (train-loss early stop), C=18, T=201, batch=2) ...
    stage 3/3: scoring on 186 test series (accuracy + AOPCR) ...
    [mlflow] versioned model 'seanet_acp__sea_mstcn_sep__sea_adaptive_classwise' (id=m-049d339e60bc4abb81097cf5dcb54bb5) params={'model_size_mb': '3.1963', 'n_model_params': '185238', 'name': 'seanet_acp'}
    [mlflow] logged run 'seanet_acp_Fungi'  (train_acc=1.0000 test_acc=0.9785 test_loss=0.1745)
[102/129] Fungi                        DONE  acc=0.9785 loss=0.1745 AOPCR=  1.272 NDCG=  n/a C= 18 T=  201 (10s)  [101 trained / 0 failed so far]
[103/129] GestureMidAirD1
    stage 1/3: loading data ...
    stage 2/3: training on 182 series (val=26, C=26, T=360, batch=16) ...
    stage 3/3: scoring on 130 test series (accuracy + AOPCR) ...
    [mlflow] versioned model 'seanet_acp__sea_mstcn_sep__sea_adaptive_classwise' (id=m-d6ab09592d494a009ee56518655b37f2) params={'model_size_mb': '3.2012', 'n_model_params': '186542', 'name': 'seanet_acp'}
    [mlflow] logged run 'seanet_acp_GestureMidAirD1'  (train_acc=0.9670 val_acc=0.8462 test_acc=0.7308 test_loss=1.0450)
[103/129] GestureMidAirD1              DONE  acc=0.7308 loss=1.0450 AOPCR=  2.615 NDCG=  n/a C= 26 T=  360 (8s)  [102 trained / 0 failed so far]
[104/129] GestureMidAirD2
    stage 1/3: loading data ...
    stage 2/3: training on 182 series (val=26, C=26, T=360, batch=16) ...
    stage 3/3: scoring on 130 test series (accuracy + AOPCR) ...
    [mlflow] versioned model 'seanet_acp__sea_mstcn_sep__sea_adaptive_classwise' (id=m-8df9b2481bff4f24893800a055b2be8d) params={'model_size_mb': '3.2012', 'n_model_params': '186542', 'name': 'seanet_acp'}
    [mlflow] logged run 'seanet_acp_GestureMidAirD2'  (train_acc=0.8352 val_acc=0.5000 test_acc=0.6462 test_loss=1.0651)
[104/129] GestureMidAirD2              DONE  acc=0.6462 loss=1.0651 AOPCR=  2.602 NDCG=  n/a C= 26 T=  360 (7s)  [103 trained / 0 failed so far]
[105/129] GestureMidAirD3
    stage 1/3: loading data ...
    stage 2/3: training on 182 series (val=26, C=26, T=360, batch=16) ...
    stage 3/3: scoring on 130 test series (accuracy + AOPCR) ...
    [mlflow] versioned model 'seanet_acp__sea_mstcn_sep__sea_adaptive_classwise' (id=m-0f4ed91aec2d4856b111ace04cbbdc49) params={'model_size_mb': '3.2012', 'n_model_params': '186542', 'name': 'seanet_acp'}
    [mlflow] logged run 'seanet_acp_GestureMidAirD3'  (train_acc=0.6978 val_acc=0.4615 test_acc=0.3077 test_loss=2.1217)
[105/129] GestureMidAirD3              DONE  acc=0.3077 loss=2.1217 AOPCR=  1.933 NDCG=  n/a C= 26 T=  360 (6s)  [104 trained / 0 failed so far]
[106/129] GesturePebbleZ1
    stage 1/3: loading data ...
    stage 2/3: training on 107 series (val=25, C=6, T=455, batch=10) ...
    stage 3/3: scoring on 172 test series (accuracy + AOPCR) ...
    [mlflow] versioned model 'seanet_acp__sea_mstcn_sep__sea_adaptive_classwise' (id=m-2c9e5592bf9d4015802b3586e4150bbc) params={'model_size_mb': '3.1888', 'n_model_params': '183282', 'name': 'seanet_acp'}
    [mlflow] logged run 'seanet_acp_GesturePebbleZ1'  (train_acc=1.0000 val_acc=1.0000 test_acc=0.9244 test_loss=0.3271)
[106/129] GesturePebbleZ1              DONE  acc=0.9244 loss=0.3271 AOPCR=  2.301 NDCG=  n/a C=  6 T=  455 (11s)  [105 trained / 0 failed so far]
[107/129] GesturePebbleZ2
    stage 1/3: loading data ...
    stage 2/3: training on 120 series (val=26, C=6, T=455, batch=12) ...
    stage 3/3: scoring on 158 test series (accuracy + AOPCR) ...
    [mlflow] versioned model 'seanet_acp__sea_mstcn_sep__sea_adaptive_classwise' (id=m-5953c44cf1534781a945037d25c07765) params={'model_size_mb': '3.1888', 'n_model_params': '183282', 'name': 'seanet_acp'}
    [mlflow] logged run 'seanet_acp_GesturePebbleZ2'  (train_acc=1.0000 val_acc=0.9615 test_acc=0.9114 test_loss=0.3224)
[107/129] GesturePebbleZ2              DONE  acc=0.9114 loss=0.3224 AOPCR=  2.432 NDCG=  n/a C=  6 T=  455 (11s)  [106 trained / 0 failed so far]
[108/129] GunPointAgeSpan
    stage 1/3: loading data ...
    stage 2/3: training on 109 series (val=26, C=2, T=150, batch=10) ...
    stage 3/3: scoring on 316 test series (accuracy + AOPCR) ...
    [mlflow] versioned model 'seanet_acp__sea_mstcn_sep__sea_adaptive_classwise' (id=m-0d55f489a8d74df2931f689e70c0635e) params={'model_size_mb': '3.1864', 'n_model_params': '182630', 'name': 'seanet_acp'}
    [mlflow] logged run 'seanet_acp_GunPointAgeSpan'  (train_acc=1.0000 val_acc=1.0000 test_acc=0.9873 test_loss=0.0930)
[108/129] GunPointAgeSpan              DONE  acc=0.9873 loss=0.0930 AOPCR=  1.512 NDCG=  n/a C=  2 T=  150 (10s)  [107 trained / 0 failed so far]
[109/129] GunPointMaleVersusFemale
    stage 1/3: loading data ...
    stage 2/3: training on 109 series (val=26, C=2, T=150, batch=10) ...
    stage 3/3: scoring on 316 test series (accuracy + AOPCR) ...
    [mlflow] versioned model 'seanet_acp__sea_mstcn_sep__sea_adaptive_classwise' (id=m-bd5e0d921f0848658e4a5a85bb6fa24e) params={'model_size_mb': '3.1864', 'n_model_params': '182630', 'name': 'seanet_acp'}
    [mlflow] logged run 'seanet_acp_GunPointMaleVersusFemale'  (train_acc=1.0000 val_acc=1.0000 test_acc=0.9937 test_loss=0.0605)
[109/129] GunPointMaleVersusFemale     DONE  acc=0.9937 loss=0.0605 AOPCR=  0.844 NDCG=  n/a C=  2 T=  150 (12s)  [108 trained / 0 failed so far]
[110/129] GunPointOldVersusYoung
    stage 1/3: loading data ...
    stage 2/3: training on 109 series (val=27, C=2, T=150, batch=10) ...
    stage 3/3: scoring on 315 test series (accuracy + AOPCR) ...
    [mlflow] versioned model 'seanet_acp__sea_mstcn_sep__sea_adaptive_classwise' (id=m-ea4a02f89e694c759edf02e1fff0c2bb) params={'model_size_mb': '3.1864', 'n_model_params': '182630', 'name': 'seanet_acp'}
    [mlflow] logged run 'seanet_acp_GunPointOldVersusYoung'  (train_acc=1.0000 val_acc=1.0000 test_acc=0.9746 test_loss=0.1037)
[110/129] GunPointOldVersusYoung       DONE  acc=0.9746 loss=0.1037 AOPCR=  0.817 NDCG=  n/a C=  2 T=  150 (9s)  [109 trained / 0 failed so far]
[111/129] HouseTwenty
    stage 1/3: loading data ...
    stage 2/3: training on 40 series (no val (train-loss early stop), C=2, T=2000, batch=4) ...
    stage 3/3: scoring on 119 test series (accuracy + AOPCR) ...
    [mlflow] versioned model 'seanet_acp__sea_mstcn_sep__sea_adaptive_classwise' (id=m-598c96646c77484ca1e49b213b76fe58) params={'model_size_mb': '3.1864', 'n_model_params': '182630', 'name': 'seanet_acp'}
    [mlflow] logged run 'seanet_acp_HouseTwenty'  (train_acc=1.0000 test_acc=0.9664 test_loss=0.1184)
[111/129] HouseTwenty                  DONE  acc=0.9664 loss=0.1184 AOPCR=  2.457 NDCG=  n/a C=  2 T= 2000 (20s)  [110 trained / 0 failed so far]
[112/129] InsectEPGRegularTrain
    stage 1/3: loading data ...
    stage 2/3: training on 62 series (no val (train-loss early stop), C=3, T=601, batch=6) ...
    stage 3/3: scoring on 249 test series (accuracy + AOPCR) ...
    [mlflow] versioned model 'seanet_acp__sea_mstcn_sep__sea_adaptive_classwise' (id=m-935af24935c84222b3b18bb3fbb1f56f) params={'model_size_mb': '3.187', 'n_model_params': '182793', 'name': 'seanet_acp'}
    [mlflow] logged run 'seanet_acp_InsectEPGRegularTrain'  (train_acc=1.0000 test_acc=0.9799 test_loss=0.1308)
[112/129] InsectEPGRegularTrain        DONE  acc=0.9799 loss=0.1308 AOPCR=  0.988 NDCG=  n/a C=  3 T=  601 (17s)  [111 trained / 0 failed so far]
[113/129] InsectEPGSmallTrain
    stage 1/3: loading data ...
    stage 2/3: training on 17 series (no val (train-loss early stop), C=3, T=601, batch=2) ...
    stage 3/3: scoring on 249 test series (accuracy + AOPCR) ...
    [mlflow] versioned model 'seanet_acp__sea_mstcn_sep__sea_adaptive_classwise' (id=m-1a85e1abedc34734af86eda6d34beb94) params={'model_size_mb': '3.187', 'n_model_params': '182793', 'name': 'seanet_acp'}
    [mlflow] logged run 'seanet_acp_InsectEPGSmallTrain'  (train_acc=1.0000 test_acc=0.9317 test_loss=0.2403)
[113/129] InsectEPGSmallTrain          DONE  acc=0.9317 loss=0.2403 AOPCR=  2.655 NDCG=  n/a C=  3 T=  601 (10s)  [112 trained / 0 failed so far]
[114/129] MelbournePedestrian
    stage 1/3: loading data ...
    stage 2/3: training on 956 series (val=238, C=10, T=24, batch=16) ...
    stage 3/3: scoring on 2439 test series (accuracy + AOPCR) ...
    [mlflow] versioned model 'seanet_acp__sea_mstcn_sep__sea_adaptive_classwise' (id=m-6a3044f420fd4fd2b6cd99ade1eb1d58) params={'model_size_mb': '3.1913', 'n_model_params': '183934', 'name': 'seanet_acp'}
    [mlflow] logged run 'seanet_acp_MelbournePedestrian'  (train_acc=0.9979 val_acc=0.9202 test_acc=0.9028 test_loss=0.3385)
[114/129] MelbournePedestrian          DONE  acc=0.9028 loss=0.3385 AOPCR= -0.214 NDCG=  n/a C= 10 T=   24 (40s)  [113 trained / 0 failed so far]
[115/129] MixedShapesRegularTrain
    stage 1/3: loading data ...
    stage 2/3: training on 400 series (val=100, C=5, T=1024, batch=16) ...
    stage 3/3: scoring on 2425 test series (accuracy + AOPCR) ...
    [mlflow] versioned model 'seanet_acp__sea_mstcn_sep__sea_adaptive_classwise' (id=m-44b370c6986a41289eb137615353025b) params={'model_size_mb': '3.1882', 'n_model_params': '183119', 'name': 'seanet_acp'}
    [mlflow] logged run 'seanet_acp_MixedShapesRegularTrain'  (train_acc=1.0000 val_acc=0.9700 test_acc=0.9765 test_loss=0.1714)
[115/129] MixedShapesRegularTrain      DONE  acc=0.9765 loss=0.1714 AOPCR=  1.228 NDCG=  n/a C=  5 T= 1024 (53s)  [114 trained / 0 failed so far]
[116/129] MixedShapesSmallTrain
    stage 1/3: loading data ...
    stage 2/3: training on 80 series (val=20, C=5, T=1024, batch=8) ...
    stage 3/3: scoring on 2425 test series (accuracy + AOPCR) ...
    [mlflow] versioned model 'seanet_acp__sea_mstcn_sep__sea_adaptive_classwise' (id=m-225afecd95a44740aba2c6a90149935d) params={'model_size_mb': '3.1882', 'n_model_params': '183119', 'name': 'seanet_acp'}
    [mlflow] logged run 'seanet_acp_MixedShapesSmallTrain'  (train_acc=1.0000 val_acc=1.0000 test_acc=0.8730 test_loss=0.4151)
[116/129] MixedShapesSmallTrain        DONE  acc=0.8730 loss=0.4151 AOPCR=  1.615 NDCG=  n/a C=  5 T= 1024 (8s)  [115 trained / 0 failed so far]
[117/129] PLAID
    stage 1/3: loading data ...
    stage 2/3: training on 436 series (val=101, C=11, T=1344, batch=16) ...
    stage 3/3: scoring on 537 test series (accuracy + AOPCR) ...
    [mlflow] versioned model 'seanet_acp__sea_mstcn_sep__sea_adaptive_classwise' (id=m-e90d98106ae948abb606141b65cebad5) params={'model_size_mb': '3.1919', 'n_model_params': '184097', 'name': 'seanet_acp'}
    [mlflow] logged run 'seanet_acp_PLAID'  (train_acc=0.9748 val_acc=0.9208 test_acc=0.8827 test_loss=0.4347)
[117/129] PLAID                        DONE  acc=0.8827 loss=0.4347 AOPCR=  1.279 NDCG=  n/a C= 11 T= 1344 (41s)  [116 trained / 0 failed so far]
[118/129] PickupGestureWiimoteZ
    stage 1/3: loading data ...
    stage 2/3: training on 50 series (no val (train-loss early stop), C=10, T=361, batch=5) ...
    stage 3/3: scoring on 50 test series (accuracy + AOPCR) ...
    [mlflow] versioned model 'seanet_acp__sea_mstcn_sep__sea_adaptive_classwise' (id=m-ed4635aafee542bca28ef6af24756557) params={'model_size_mb': '3.1913', 'n_model_params': '183934', 'name': 'seanet_acp'}
    [mlflow] logged run 'seanet_acp_PickupGestureWiimoteZ'  (train_acc=1.0000 test_acc=0.8000 test_loss=0.6731)
[118/129] PickupGestureWiimoteZ        DONE  acc=0.8000 loss=0.6731 AOPCR=  1.596 NDCG=  n/a C= 10 T=  361 (17s)  [117 trained / 0 failed so far]
[119/129] PigAirwayPressure
    stage 1/3: loading data ...
    stage 2/3: training on 52 series (val=52, C=52, T=2000, batch=5) ...
    stage 3/3: scoring on 208 test series (accuracy + AOPCR) ...
    [mlflow] versioned model 'seanet_acp__sea_mstcn_sep__sea_adaptive_classwise' (id=m-cd8f185d253349eab8e03c9dd4cb117f) params={'model_size_mb': '3.2174', 'n_model_params': '190780', 'name': 'seanet_acp'}
    [mlflow] logged run 'seanet_acp_PigAirwayPressure'  (train_acc=0.0385 val_acc=0.0385 test_acc=0.0385 test_loss=3.9270)
[119/129] PigAirwayPressure            DONE  acc=0.0385 loss=3.9270 AOPCR=  0.289 NDCG=  n/a C= 52 T= 2000 (5s)  [118 trained / 0 failed so far]
[120/129] PigArtPressure
    stage 1/3: loading data ...
    stage 2/3: training on 52 series (val=52, C=52, T=2000, batch=5) ...
    stage 3/3: scoring on 208 test series (accuracy + AOPCR) ...
    [mlflow] versioned model 'seanet_acp__sea_mstcn_sep__sea_adaptive_classwise' (id=m-5e7fa7a21fa345e0a48f5fc2ddf2ee45) params={'model_size_mb': '3.2174', 'n_model_params': '190780', 'name': 'seanet_acp'}
    [mlflow] logged run 'seanet_acp_PigArtPressure'  (train_acc=1.0000 val_acc=0.8462 test_acc=0.8894 test_loss=0.5364)
[120/129] PigArtPressure               DONE  acc=0.8894 loss=0.5364 AOPCR=  1.133 NDCG=  n/a C= 52 T= 2000 (19s)  [119 trained / 0 failed so far]
[121/129] PigCVP
    stage 1/3: loading data ...
    stage 2/3: training on 52 series (val=52, C=52, T=2000, batch=5) ...
    stage 3/3: scoring on 208 test series (accuracy + AOPCR) ...
    [mlflow] versioned model 'seanet_acp__sea_mstcn_sep__sea_adaptive_classwise' (id=m-981419a15a35483ca61fc126316f4787) params={'model_size_mb': '3.2174', 'n_model_params': '190780', 'name': 'seanet_acp'}
    [mlflow] logged run 'seanet_acp_PigCVP'  (train_acc=1.0000 val_acc=0.6154 test_acc=0.6827 test_loss=1.5171)
[121/129] PigCVP                       DONE  acc=0.6827 loss=1.5171 AOPCR=  2.272 NDCG=  n/a C= 52 T= 2000 (14s)  [120 trained / 0 failed so far]
[122/129] PowerCons
    stage 1/3: loading data ...
    stage 2/3: training on 144 series (val=36, C=2, T=144, batch=14) ...
    stage 3/3: scoring on 180 test series (accuracy + AOPCR) ...
    [mlflow] versioned model 'seanet_acp__sea_mstcn_sep__sea_adaptive_classwise' (id=m-f6c371d7ba5e44feb0f34975482efc83) params={'model_size_mb': '3.1864', 'n_model_params': '182630', 'name': 'seanet_acp'}
    [mlflow] logged run 'seanet_acp_PowerCons'  (train_acc=1.0000 val_acc=1.0000 test_acc=0.9667 test_loss=0.1479)
[122/129] PowerCons                    DONE  acc=0.9667 loss=0.1479 AOPCR=  0.802 NDCG=  n/a C=  2 T=  144 (12s)  [121 trained / 0 failed so far]
[123/129] Rock
    stage 1/3: loading data ...
    stage 2/3: training on 20 series (no val (train-loss early stop), C=4, T=2844, batch=2) ...
    stage 3/3: scoring on 50 test series (accuracy + AOPCR) ...
    [mlflow] versioned model 'seanet_acp__sea_mstcn_sep__sea_adaptive_classwise' (id=m-26a3659cc1df41b08c0af9e08ea4f7e2) params={'model_size_mb': '3.1876', 'n_model_params': '182956', 'name': 'seanet_acp'}
    [mlflow] logged run 'seanet_acp_Rock'  (train_acc=1.0000 test_acc=0.7200 test_loss=0.7270)
[123/129] Rock                         DONE  acc=0.7200 loss=0.7270 AOPCR=  2.034 NDCG=  n/a C=  4 T= 2844 (18s)  [122 trained / 0 failed so far]
[124/129] SemgHandGenderCh2
    stage 1/3: loading data ...
    stage 2/3: training on 240 series (val=60, C=2, T=1500, batch=16) ...
    stage 3/3: scoring on 600 test series (accuracy + AOPCR) ...
    [mlflow] versioned model 'seanet_acp__sea_mstcn_sep__sea_adaptive_classwise' (id=m-c5835eb5cccc4885ae4d0e0b49bca46f) params={'model_size_mb': '3.1864', 'n_model_params': '182630', 'name': 'seanet_acp'}
    [mlflow] logged run 'seanet_acp_SemgHandGenderCh2'  (train_acc=1.0000 val_acc=0.9333 test_acc=0.9117 test_loss=0.2391)
[124/129] SemgHandGenderCh2            DONE  acc=0.9117 loss=0.2391 AOPCR=  1.486 NDCG=  n/a C=  2 T= 1500 (31s)  [123 trained / 0 failed so far]
[125/129] SemgHandMovementCh2
    stage 1/3: loading data ...
    stage 2/3: training on 360 series (val=90, C=6, T=1500, batch=16) ...
    stage 3/3: scoring on 450 test series (accuracy + AOPCR) ...
    [mlflow] versioned model 'seanet_acp__sea_mstcn_sep__sea_adaptive_classwise' (id=m-354f80e895fe4f358375dcc53d91f9ea) params={'model_size_mb': '3.1888', 'n_model_params': '183282', 'name': 'seanet_acp'}
    [mlflow] logged run 'seanet_acp_SemgHandMovementCh2'  (train_acc=0.9972 val_acc=0.6556 test_acc=0.5844 test_loss=1.1248)
[125/129] SemgHandMovementCh2          DONE  acc=0.5844 loss=1.1248 AOPCR=  2.144 NDCG=  n/a C=  6 T= 1500 (29s)  [124 trained / 0 failed so far]
[126/129] SemgHandSubjectCh2
    stage 1/3: loading data ...
    stage 2/3: training on 360 series (val=90, C=5, T=1500, batch=16) ...
    stage 3/3: scoring on 450 test series (accuracy + AOPCR) ...
    [mlflow] versioned model 'seanet_acp__sea_mstcn_sep__sea_adaptive_classwise' (id=m-ac16f3688c344f28b61cfeadf612dc4c) params={'model_size_mb': '3.1882', 'n_model_params': '183119', 'name': 'seanet_acp'}
    [mlflow] logged run 'seanet_acp_SemgHandSubjectCh2'  (train_acc=1.0000 val_acc=0.8778 test_acc=0.8889 test_loss=0.4365)
[126/129] SemgHandSubjectCh2           DONE  acc=0.8889 loss=0.4365 AOPCR=  1.164 NDCG=  n/a C=  5 T= 1500 (49s)  [125 trained / 0 failed so far]
[127/129] ShakeGestureWiimoteZ
    stage 1/3: loading data ...
    stage 2/3: training on 50 series (no val (train-loss early stop), C=10, T=385, batch=5) ...
    stage 3/3: scoring on 50 test series (accuracy + AOPCR) ...
    [mlflow] versioned model 'seanet_acp__sea_mstcn_sep__sea_adaptive_classwise' (id=m-5e6bb325e3474a45b87260026a61fea3) params={'model_size_mb': '3.1913', 'n_model_params': '183934', 'name': 'seanet_acp'}
    [mlflow] logged run 'seanet_acp_ShakeGestureWiimoteZ'  (train_acc=1.0000 test_acc=0.9400 test_loss=0.4019)
[127/129] ShakeGestureWiimoteZ         DONE  acc=0.9400 loss=0.4019 AOPCR=  1.775 NDCG=  n/a C= 10 T=  385 (16s)  [126 trained / 0 failed so far]
[128/129] SmoothSubspace
    stage 1/3: loading data ...
    stage 2/3: training on 120 series (val=30, C=3, T=15, batch=12) ...
    stage 3/3: scoring on 150 test series (accuracy + AOPCR) ...
    [mlflow] versioned model 'seanet_acp__sea_mstcn_sep__sea_adaptive_classwise' (id=m-4193cc3189674a64af700efadcea4225) params={'model_size_mb': '3.187', 'n_model_params': '182793', 'name': 'seanet_acp'}
    [mlflow] logged run 'seanet_acp_SmoothSubspace'  (train_acc=1.0000 val_acc=1.0000 test_acc=0.9867 test_loss=0.1086)
[128/129] SmoothSubspace               DONE  acc=0.9867 loss=0.1086 AOPCR=  0.106 NDCG=  n/a C=  3 T=   15 (14s)  [127 trained / 0 failed so far]
[129/129] UMD
    stage 1/3: loading data ...
    stage 2/3: training on 36 series (no val (train-loss early stop), C=3, T=150, batch=3) ...
    stage 3/3: scoring on 144 test series (accuracy + AOPCR) ...
    [mlflow] versioned model 'seanet_acp__sea_mstcn_sep__sea_adaptive_classwise' (id=m-ebdd80456e80497f9a8b102ba48bfae3) params={'model_size_mb': '3.187', 'n_model_params': '182793', 'name': 'seanet_acp'}
    [mlflow] logged run 'seanet_acp_UMD'  (train_acc=1.0000 test_acc=0.9931 test_loss=0.0898)
[129/129] UMD                          DONE  acc=0.9931 loss=0.0898 AOPCR=  3.050 NDCG=  n/a C=  3 T=  150 (15s)  [128 trained / 0 failed so far]

Done: 128 trained, 1 skipped, 0 failed.
Results -> results/SEA_NET/seanet_acp__sea_mstcn_sep__sea_adaptive_classwise/results.csv

=== seanet_acp__sea_mstcn_sep__sea_adaptive_classwise vs MILLET ConjunctiveInceptionTime (mean of 5 reps) ===
  UCR datasets evaluated: 128  (with MILLET baseline: 85, without: 43)
  metric        ours    MILLET   win/tie/loss   (mean over the 85 datasets MILLET published)
  acc         0.8134    0.8445       25/17/43   
  loss        0.5354    1.2241        57/1/27   (lower is better)
  aopcr       0.8910    4.5532         4/1/80   
  wrote results/SEA_NET/seanet_acp__sea_mstcn_sep__sea_adaptive_classwise/comparison_vs_millet.csv

Next: `python main.py report` to draw the figures for seanet_acp__sea_mstcn_sep__sea_adaptive_classwise.

[log] finished; full output saved to results/SEA_NET/seanet_acp__sea_mstcn_sep__sea_adaptive_classwise/logs/train_2026-07-28_17-23-41.log
