[log] command 'run' started at 2026-07-23_13-32-40 for model 'seanet_conjunctive__mstcn_sep_conjunctive'
[log] a copy of everything below is being saved to: results/SEA_NET/seanet_conjunctive__mstcn_sep_conjunctive/logs/run_2026-07-23_13-32-40.log

=== run: model=seanet_conjunctive__mstcn_sep_conjunctive (config sv3/seanet_conjunctive) dataset=WebTraffic device=cuda mode=full ===
resolved config:
  model = sv3/seanet_conjunctive
  run.mode = single
  run.dataset = WebTraffic
  run.smoke = False
  run.re_train = True
  preprocessing.instance_type = single_point
  preprocessing.window_size = 5
  preprocessing.window_stride = 5
  seed = 0
  device = auto
  output.results_dir = results/SEA_NET
  interpretability.dataset = WebTraffic
  interpretability.n_classes = 3
  interpretability.per_class = 1
  mlflow.enabled = True
  mlflow.experiment_name = SEA-Net
  mlflow.tracking_uri = sqlite:///mlflow.db
  mlflow.log_model_weights = True
  model_config.name = seanet_conjunctive
  model_config.use_params = auto
  model_config.encoder.type = mstcn_sep
  model_config.encoder.d = 128
  model_config.encoder.n_blocks = 6
  model_config.encoder.dropout = 0.2
  model_config.encoder.max_dilation = 16
  model_config.encoder.kernels = [5, 11, 23]
  model_config.pooling.type = conjunctive
  model_config.pooling.d_attn = 8
  model_config.pooling.dropout = 0.2
  model_config.pooling.positional_encoding = True
  model_config.training.n_epochs = 400
  model_config.training.patience = 60
  model_config.training.max_batch = 16
  model_config.training.learning_rate = 0.00125
  model_config.training.weight_decay = 0.00012
  model_config.training.label_smoothing = 0.13
  model_config.training.lambda_entropy = 0.01
  model_config.training.min_train_for_val = 100
  model_config.training.val_frac = 0.2
  model_config.training.optimizer = adam
  model_config.optuna.enabled = True
  model_config.optuna.n_trials = 30
  model_config.optuna.timeout = None
  model_config.optuna.sampler = tpe
  model_config.optuna.pruner = median
  model_config.optuna.save_best_parameters = True
  model_config.optuna.search_space.training.learning_rate.type = float
  model_config.optuna.search_space.training.learning_rate.low = 0.0003
  model_config.optuna.search_space.training.learning_rate.high = 0.005
  model_config.optuna.search_space.training.learning_rate.log = True
  model_config.optuna.search_space.training.weight_decay.type = float
  model_config.optuna.search_space.training.weight_decay.low = 1e-05
  model_config.optuna.search_space.training.weight_decay.high = 0.0005
  model_config.optuna.search_space.training.weight_decay.log = True
  model_config.optuna.search_space.training.label_smoothing.type = float
  model_config.optuna.search_space.training.label_smoothing.low = 0.0
  model_config.optuna.search_space.training.label_smoothing.high = 0.2
  model_config.optuna.search_space.training.lambda_entropy.type = float
  model_config.optuna.search_space.training.lambda_entropy.low = 0.0
  model_config.optuna.search_space.training.lambda_entropy.high = 0.05
  model_config.optuna.search_space.training.max_batch.type = categorical
  model_config.optuna.search_space.training.max_batch.choices = [8, 16, 32]
  model_config.optuna.search_space.encoder.d.type = categorical
  model_config.optuna.search_space.encoder.d.choices = [64, 96, 128]
  model_config.optuna.search_space.encoder.n_blocks.type = int
  model_config.optuna.search_space.encoder.n_blocks.low = 3
  model_config.optuna.search_space.encoder.n_blocks.high = 8
  model_config.optuna.search_space.encoder.dropout.type = float
  model_config.optuna.search_space.encoder.dropout.low = 0.1
  model_config.optuna.search_space.encoder.dropout.high = 0.4
  model_config.optuna.search_space.encoder.max_dilation.type = categorical
  model_config.optuna.search_space.encoder.max_dilation.choices = [8, 16, 32]
  model_config.optuna.search_space.pooling.d_attn.type = categorical
  model_config.optuna.search_space.pooling.d_attn.choices = [4, 8, 16, 32]
  model_config.optuna.search_space.pooling.dropout.type = float
  model_config.optuna.search_space.pooling.dropout.low = 0.1
  model_config.optuna.search_space.pooling.dropout.high = 0.4
  model_config.records.optuna_best.params.training.learning_rate = 0.0016863092586043896
  model_config.records.optuna_best.params.training.weight_decay = 4.054910197722372e-05
  model_config.records.optuna_best.params.training.label_smoothing = 0.0004374153795219382
  model_config.records.optuna_best.params.training.lambda_entropy = 0.005281271576396442
  model_config.records.optuna_best.params.training.max_batch = 8
  model_config.records.optuna_best.params.encoder.d = 128
  model_config.records.optuna_best.params.encoder.n_blocks = 5
  model_config.records.optuna_best.params.encoder.dropout = 0.19169605369074288
  model_config.records.optuna_best.params.encoder.max_dilation = 8
  model_config.records.optuna_best.params.pooling.d_attn = 4
  model_config.records.optuna_best.params.pooling.dropout = 0.39889583133816825
  model_config.records.optuna_best.metrics.test_acc = 0.892
  model_config.records.optuna_best.metrics.test_loss = 0.3678
  model_config.records.optuna_best.metrics.test_auroc = 0.99
  model_config.records.optuna_best.metrics.val_loss = 0.4052
  model_config.records.optuna_best.metrics.dataset = WebTraffic
  model_config.records.optuna_best.metrics.n_trials = 30
  model_config.records.optuna_best.metrics.recorded = 2026-07-14 14:37:21
[params] using DEFAULT recipe: `auto` has nothing to compare against yet (optuna-best test_acc 0.8920, default not recorded). This run records the default, then `auto` picks the better of the two.
  [mlflow] logging runs to experiment 'SEA-Net_seanet_conjunctive__mstcn_sep_conjunctive_2026-07-23' at sqlite:///mlflow.db
  [mlflow] browse later with:  mlflow ui --backend-store-uri sqlite:///mlflow.db
    stage 1/3: loading data ...
    stage 2/3: training on 400 series (val=100, C=10, T=1008, batch=16) ...
    stage 3/3: scoring on 500 test series (accuracy + AOPCR + NDCG) ...
    [mlflow] versioned model 'seanet_conjunctive__mstcn_sep_conjunctive' (id=m-767daed1eb134e81b5e909154b4d03b8) params={'model_size_mb': '3.5386', 'n_model_params': '269083', 'name': 'seanet_conjunctive'}
    [mlflow] logged run 'seanet_conjunctive_WebTraffic'  (train_acc=1.0000 val_acc=0.9000 test_acc=0.9540 test_loss=0.2623)

=== seanet_conjunctive__mstcn_sep_conjunctive on WebTraffic ===
  params          : 269083
  model_size_mb   : 3.5386
  n_train         : 400
  n_val           : 100
  n_test          : 500
  series_length   : 1008
  n_classes       : 10
  test_acc        : 0.954
  test_loss       : 0.2623
  test_aopcr      : 1.5019
  test_ndcg       : 0.6983
  train_time_s    : 59.34

  saved -> results/SEA_NET/seanet_conjunctive__mstcn_sep_conjunctive/results.csv
  recorded default metrics -> configs/models/sv3/seanet_conjunctive.yaml (records.default)

[log] finished; full output saved to results/SEA_NET/seanet_conjunctive__mstcn_sep_conjunctive/logs/run_2026-07-23_13-32-40.log
