[log] command 'train' started at 2026-07-24_16-48-38 for model 'seanet_conjunctive__mstcn_sep_conjunctive'
[log] a copy of everything below is being saved to: results/SEA_NET/seanet_conjunctive__mstcn_sep_conjunctive/logs/train_2026-07-24_16-48-38.log

=== train: model=seanet_conjunctive__mstcn_sep_conjunctive (config sv3/seanet_conjunctive) device=cuda mode=full datasets=129 ===
[params] using DEFAULT recipe (test_acc: default 0.9540 vs optuna-best 0.8920; better = default).
  results  -> results/SEA_NET/seanet_conjunctive__mstcn_sep_conjunctive/results.csv
  resume   -> results/SEA_NET/seanet_conjunctive__mstcn_sep_conjunctive/done_train_dataset.txt  (delete it to retrain everything; delete one line to retrain that dataset)

  [mlflow] logging runs to experiment 'SEA-Net_seanet_conjunctive__mstcn_sep_conjunctive_2026-07-24' at sqlite:///mlflow.db
  [mlflow] browse later with:  mlflow ui --backend-store-uri sqlite:///mlflow.db
[  1/129] WebTraffic                   already done -> skip
[  2/129] Adiac
    stage 1/3: loading data ...
    stage 2/3: training on 328 series (val=62, C=37, T=176, batch=16) ...
    stage 3/3: scoring on 391 test series (accuracy + AOPCR) ...
    [mlflow] versioned model 'seanet_conjunctive__mstcn_sep_conjunctive' (id=m-bb499c17f8cc4a9c91abc5eaeda34c7f) params={'model_size_mb': '3.5519', 'n_model_params': '272566', 'name': 'seanet_conjunctive'}
    [mlflow] logged run 'seanet_conjunctive_Adiac'  (train_acc=0.9756 val_acc=0.8065 test_acc=0.7749 test_loss=0.8419)
[  2/129] Adiac                        DONE  acc=0.7749 loss=0.8419 AOPCR=  1.941 NDCG=  n/a C= 37 T=  176 (43s)  [1 trained / 0 failed so far]
[  3/129] ArrowHead
    stage 1/3: loading data ...
    stage 2/3: training on 36 series (no val (train-loss early stop), C=3, T=251, batch=3) ...
    stage 3/3: scoring on 175 test series (accuracy + AOPCR) ...
    [mlflow] versioned model 'seanet_conjunctive__mstcn_sep_conjunctive' (id=m-ea3e9880376443b785dae82cfd88c98f) params={'model_size_mb': '3.5351', 'n_model_params': '268180', 'name': 'seanet_conjunctive'}
    [mlflow] logged run 'seanet_conjunctive_ArrowHead'  (train_acc=1.0000 test_acc=0.8571 test_loss=0.4525)
[  3/129] ArrowHead                    DONE  acc=0.8571 loss=0.4525 AOPCR=  0.203 NDCG=  n/a C=  3 T=  251 (42s)  [2 trained / 0 failed so far]
[  4/129] Beef
    stage 1/3: loading data ...
    stage 2/3: training on 30 series (no val (train-loss early stop), C=5, T=470, batch=3) ...
    stage 3/3: scoring on 30 test series (accuracy + AOPCR) ...
    [mlflow] versioned model 'seanet_conjunctive__mstcn_sep_conjunctive' (id=m-469d429eef03441ea97d8572f2a10e6a) params={'model_size_mb': '3.5361', 'n_model_params': '268438', 'name': 'seanet_conjunctive'}
    [mlflow] logged run 'seanet_conjunctive_Beef'  (train_acc=1.0000 test_acc=0.8000 test_loss=0.5494)
[  4/129] Beef                         DONE  acc=0.8000 loss=0.5494 AOPCR=  1.196 NDCG=  n/a C=  5 T=  470 (26s)  [3 trained / 0 failed so far]
[  5/129] BeetleFly
    stage 1/3: loading data ...
    stage 2/3: training on 20 series (no val (train-loss early stop), C=2, T=512, batch=2) ...
    stage 3/3: scoring on 20 test series (accuracy + AOPCR) ...
    [mlflow] versioned model 'seanet_conjunctive__mstcn_sep_conjunctive' (id=m-dd6e66f330bd4547bc6ed39c3d035cc0) params={'model_size_mb': '3.5347', 'n_model_params': '268051', 'name': 'seanet_conjunctive'}
    [mlflow] logged run 'seanet_conjunctive_BeetleFly'  (train_acc=1.0000 test_acc=0.7000 test_loss=0.4279)
[  5/129] BeetleFly                    DONE  acc=0.7000 loss=0.4279 AOPCR= -0.043 NDCG=  n/a C=  2 T=  512 (20s)  [4 trained / 0 failed so far]
[  6/129] BirdChicken
    stage 1/3: loading data ...
    stage 2/3: training on 20 series (no val (train-loss early stop), C=2, T=512, batch=2) ...
    stage 3/3: scoring on 20 test series (accuracy + AOPCR) ...
    [mlflow] versioned model 'seanet_conjunctive__mstcn_sep_conjunctive' (id=m-4027bd1b9a464d939d8c375be007bf2b) params={'model_size_mb': '3.5347', 'n_model_params': '268051', 'name': 'seanet_conjunctive'}
    [mlflow] logged run 'seanet_conjunctive_BirdChicken'  (train_acc=1.0000 test_acc=1.0000 test_loss=0.1519)
[  6/129] BirdChicken                  DONE  acc=1.0000 loss=0.1519 AOPCR=  0.651 NDCG=  n/a C=  2 T=  512 (16s)  [5 trained / 0 failed so far]
[  7/129] Car
    stage 1/3: loading data ...
    stage 2/3: training on 60 series (no val (train-loss early stop), C=4, T=577, batch=6) ...
    stage 3/3: scoring on 60 test series (accuracy + AOPCR) ...
    [mlflow] versioned model 'seanet_conjunctive__mstcn_sep_conjunctive' (id=m-dcb70ce365fa43c2bf6fd7299d62d7d9) params={'model_size_mb': '3.5356', 'n_model_params': '268309', 'name': 'seanet_conjunctive'}
    [mlflow] logged run 'seanet_conjunctive_Car'  (train_acc=1.0000 test_acc=0.9500 test_loss=0.2819)
[  7/129] Car                          DONE  acc=0.9500 loss=0.2819 AOPCR=  0.446 NDCG=  n/a C=  4 T=  577 (32s)  [6 trained / 0 failed so far]
[  8/129] CBF
    stage 1/3: loading data ...
    stage 2/3: training on 30 series (no val (train-loss early stop), C=3, T=128, batch=3) ...
    stage 3/3: scoring on 900 test series (accuracy + AOPCR) ...
    [mlflow] versioned model 'seanet_conjunctive__mstcn_sep_conjunctive' (id=m-8d267f311a0a466999b8fc1d4b75fae6) params={'model_size_mb': '3.5351', 'n_model_params': '268180', 'name': 'seanet_conjunctive'}
    [mlflow] logged run 'seanet_conjunctive_CBF'  (train_acc=1.0000 test_acc=1.0000 test_loss=0.1032)
[  8/129] CBF                          DONE  acc=1.0000 loss=0.1032 AOPCR=  0.177 NDCG=  n/a C=  3 T=  128 (20s)  [7 trained / 0 failed so far]
[  9/129] ChlorineConcentration
    stage 1/3: loading data ...
    stage 2/3: training on 375 series (val=92, C=3, T=166, batch=16) ...
    stage 3/3: scoring on 3840 test series (accuracy + AOPCR) ...
    [mlflow] versioned model 'seanet_conjunctive__mstcn_sep_conjunctive' (id=m-7730dff786f44adca71b0a3b304ed369) params={'model_size_mb': '3.5351', 'n_model_params': '268180', 'name': 'seanet_conjunctive'}
    [mlflow] logged run 'seanet_conjunctive_ChlorineConcentration'  (train_acc=0.9067 val_acc=0.7717 test_acc=0.7271 test_loss=0.6787)
[  9/129] ChlorineConcentration        DONE  acc=0.7271 loss=0.6787 AOPCR=  0.315 NDCG=  n/a C=  3 T=  166 (67s)  [8 trained / 0 failed so far]
[ 10/129] CinCECGTorso
    stage 1/3: loading data ...
    stage 2/3: training on 40 series (no val (train-loss early stop), C=4, T=1639, batch=4) ...
    stage 3/3: scoring on 1380 test series (accuracy + AOPCR) ...
    [mlflow] versioned model 'seanet_conjunctive__mstcn_sep_conjunctive' (id=m-667af281357941808baa01ae1fde823c) params={'model_size_mb': '3.5356', 'n_model_params': '268309', 'name': 'seanet_conjunctive'}
    [mlflow] logged run 'seanet_conjunctive_CinCECGTorso'  (train_acc=1.0000 test_acc=0.8007 test_loss=0.6139)
[ 10/129] CinCECGTorso                 DONE  acc=0.8007 loss=0.6139 AOPCR=  0.970 NDCG=  n/a C=  4 T= 1639 (26s)  [9 trained / 0 failed so far]
[ 11/129] Coffee
    stage 1/3: loading data ...
    stage 2/3: training on 28 series (no val (train-loss early stop), C=2, T=286, batch=2) ...
    stage 3/3: scoring on 28 test series (accuracy + AOPCR) ...
    [mlflow] versioned model 'seanet_conjunctive__mstcn_sep_conjunctive' (id=m-321f4e68ce794b41a74f678702bd8952) params={'model_size_mb': '3.5347', 'n_model_params': '268051', 'name': 'seanet_conjunctive'}
    [mlflow] logged run 'seanet_conjunctive_Coffee'  (train_acc=1.0000 test_acc=1.0000 test_loss=0.0699)
[ 11/129] Coffee                       DONE  acc=1.0000 loss=0.0699 AOPCR=  0.178 NDCG=  n/a C=  2 T=  286 (46s)  [10 trained / 0 failed so far]
[ 12/129] Computers
    stage 1/3: loading data ...
    stage 2/3: training on 200 series (val=50, C=2, T=720, batch=16) ...
    stage 3/3: scoring on 250 test series (accuracy + AOPCR) ...
    [mlflow] versioned model 'seanet_conjunctive__mstcn_sep_conjunctive' (id=m-f90bfec34d5f4584b056f4c37e5de0a8) params={'model_size_mb': '3.5347', 'n_model_params': '268051', 'name': 'seanet_conjunctive'}
    [mlflow] logged run 'seanet_conjunctive_Computers'  (train_acc=0.9800 val_acc=0.7600 test_acc=0.6600 test_loss=0.6618)
[ 12/129] Computers                    DONE  acc=0.6600 loss=0.6618 AOPCR=  0.403 NDCG=  n/a C=  2 T=  720 (19s)  [11 trained / 0 failed so far]
[ 13/129] CricketX
    stage 1/3: loading data ...
    stage 2/3: training on 317 series (val=73, C=12, T=300, batch=16) ...
    stage 3/3: scoring on 390 test series (accuracy + AOPCR) ...
    [mlflow] versioned model 'seanet_conjunctive__mstcn_sep_conjunctive' (id=m-eeaa5890e5b844db91ff78e6583383c0) params={'model_size_mb': '3.5395', 'n_model_params': '269341', 'name': 'seanet_conjunctive'}
    [mlflow] logged run 'seanet_conjunctive_CricketX'  (train_acc=1.0000 val_acc=0.8493 test_acc=0.8256 test_loss=0.7355)
[ 13/129] CricketX                     DONE  acc=0.8256 loss=0.7355 AOPCR=  1.530 NDCG=  n/a C= 12 T=  300 (55s)  [12 trained / 0 failed so far]
[ 14/129] CricketY
    stage 1/3: loading data ...
    stage 2/3: training on 317 series (val=73, C=12, T=300, batch=16) ...
    stage 3/3: scoring on 390 test series (accuracy + AOPCR) ...
    [mlflow] versioned model 'seanet_conjunctive__mstcn_sep_conjunctive' (id=m-f4fac2ff2e5b4805a04b46247e90ec34) params={'model_size_mb': '3.5395', 'n_model_params': '269341', 'name': 'seanet_conjunctive'}
    [mlflow] logged run 'seanet_conjunctive_CricketY'  (train_acc=1.0000 val_acc=0.9041 test_acc=0.8359 test_loss=0.5668)
[ 14/129] CricketY                     DONE  acc=0.8359 loss=0.5668 AOPCR=  1.400 NDCG=  n/a C= 12 T=  300 (57s)  [13 trained / 0 failed so far]
[ 15/129] CricketZ
    stage 1/3: loading data ...
    stage 2/3: training on 316 series (val=74, C=12, T=300, batch=16) ...
    stage 3/3: scoring on 390 test series (accuracy + AOPCR) ...
    [mlflow] versioned model 'seanet_conjunctive__mstcn_sep_conjunctive' (id=m-4d7556b0a072482892bdd6563b80637e) params={'model_size_mb': '3.5395', 'n_model_params': '269341', 'name': 'seanet_conjunctive'}
    [mlflow] logged run 'seanet_conjunctive_CricketZ'  (train_acc=1.0000 val_acc=0.9054 test_acc=0.8538 test_loss=0.5885)
[ 15/129] CricketZ                     DONE  acc=0.8538 loss=0.5885 AOPCR=  1.457 NDCG=  n/a C= 12 T=  300 (33s)  [14 trained / 0 failed so far]
[ 16/129] DiatomSizeReduction
    stage 1/3: loading data ...
    stage 2/3: training on 16 series (no val (train-loss early stop), C=4, T=345, batch=2) ...
    stage 3/3: scoring on 306 test series (accuracy + AOPCR) ...
    [mlflow] versioned model 'seanet_conjunctive__mstcn_sep_conjunctive' (id=m-e868559268d246c18903d04d78ba4dfa) params={'model_size_mb': '3.5356', 'n_model_params': '268309', 'name': 'seanet_conjunctive'}
    [mlflow] logged run 'seanet_conjunctive_DiatomSizeReduction'  (train_acc=1.0000 test_acc=0.9510 test_loss=0.2029)
[ 16/129] DiatomSizeReduction          DONE  acc=0.9510 loss=0.2029 AOPCR=  3.160 NDCG=  n/a C=  4 T=  345 (8s)  [15 trained / 0 failed so far]
[ 17/129] DistalPhalanxOutlineAgeGroup
    stage 1/3: loading data ...
    stage 2/3: training on 321 series (val=79, C=3, T=80, batch=16) ...
    stage 3/3: scoring on 139 test series (accuracy + AOPCR) ...
    [mlflow] versioned model 'seanet_conjunctive__mstcn_sep_conjunctive' (id=m-975b705dc58b4e84835f6183fdc3a9a8) params={'model_size_mb': '3.5351', 'n_model_params': '268180', 'name': 'seanet_conjunctive'}
    [mlflow] logged run 'seanet_conjunctive_DistalPhalanxOutlineAgeGroup'  (train_acc=0.8941 val_acc=0.8481 test_acc=0.7482 test_loss=0.5605)
[ 17/129] DistalPhalanxOutlineAgeGroup DONE  acc=0.7482 loss=0.5605 AOPCR=  0.157 NDCG=  n/a C=  3 T=   80 (26s)  [16 trained / 0 failed so far]
[ 18/129] DistalPhalanxOutlineCorrect
    stage 1/3: loading data ...
    stage 2/3: training on 481 series (val=119, C=2, T=80, batch=16) ...
    stage 3/3: scoring on 276 test series (accuracy + AOPCR) ...
    [mlflow] versioned model 'seanet_conjunctive__mstcn_sep_conjunctive' (id=m-173cc0ade43f4bca80d660e9b5b68e67) params={'model_size_mb': '3.5347', 'n_model_params': '268051', 'name': 'seanet_conjunctive'}
    [mlflow] logged run 'seanet_conjunctive_DistalPhalanxOutlineCorrect'  (train_acc=0.9917 val_acc=0.8908 test_acc=0.7609 test_loss=0.6233)
[ 18/129] DistalPhalanxOutlineCorrect  DONE  acc=0.7609 loss=0.6233 AOPCR= -0.156 NDCG=  n/a C=  2 T=   80 (85s)  [17 trained / 0 failed so far]
[ 19/129] DistalPhalanxTW
    stage 1/3: loading data ...
    stage 2/3: training on 323 series (val=77, C=6, T=80, batch=16) ...
    stage 3/3: scoring on 139 test series (accuracy + AOPCR) ...
    [mlflow] versioned model 'seanet_conjunctive__mstcn_sep_conjunctive' (id=m-aa25a9950b8c49038808ac320e8cff97) params={'model_size_mb': '3.5366', 'n_model_params': '268567', 'name': 'seanet_conjunctive'}
    [mlflow] logged run 'seanet_conjunctive_DistalPhalanxTW'  (train_acc=0.8297 val_acc=0.8442 test_acc=0.6978 test_loss=0.8066)
[ 19/129] DistalPhalanxTW              DONE  acc=0.6978 loss=0.8066 AOPCR=  0.093 NDCG=  n/a C=  6 T=   80 (20s)  [18 trained / 0 failed so far]
[ 20/129] Earthquakes
    stage 1/3: loading data ...
    stage 2/3: training on 259 series (val=63, C=2, T=512, batch=16) ...
    stage 3/3: scoring on 139 test series (accuracy + AOPCR) ...
    [mlflow] versioned model 'seanet_conjunctive__mstcn_sep_conjunctive' (id=m-b894d45a9aa34594828f12473836f1c4) params={'model_size_mb': '3.5347', 'n_model_params': '268051', 'name': 'seanet_conjunctive'}
    [mlflow] logged run 'seanet_conjunctive_Earthquakes'  (train_acc=0.8494 val_acc=0.8254 test_acc=0.7410 test_loss=0.5218)
[ 20/129] Earthquakes                  DONE  acc=0.7410 loss=0.5218 AOPCR=  0.657 NDCG=  n/a C=  2 T=  512 (13s)  [19 trained / 0 failed so far]
[ 21/129] ECG200
    stage 1/3: loading data ...
    stage 2/3: training on 81 series (val=19, C=2, T=96, batch=8) ...
    stage 3/3: scoring on 100 test series (accuracy + AOPCR) ...
    [mlflow] versioned model 'seanet_conjunctive__mstcn_sep_conjunctive' (id=m-28a9a47f5e974e678a2a77dd11633a6c) params={'model_size_mb': '3.5347', 'n_model_params': '268051', 'name': 'seanet_conjunctive'}
    [mlflow] logged run 'seanet_conjunctive_ECG200'  (train_acc=0.9877 val_acc=0.8421 test_acc=0.8900 test_loss=0.2675)
[ 21/129] ECG200                       DONE  acc=0.8900 loss=0.2675 AOPCR=  0.548 NDCG=  n/a C=  2 T=   96 (16s)  [20 trained / 0 failed so far]
[ 22/129] ECG5000
    stage 1/3: loading data ...
    stage 2/3: training on 401 series (val=99, C=5, T=140, batch=16) ...
    stage 3/3: scoring on 4500 test series (accuracy + AOPCR) ...
    [mlflow] versioned model 'seanet_conjunctive__mstcn_sep_conjunctive' (id=m-ebb61902fa784c769a3cdcf435df337e) params={'model_size_mb': '3.5361', 'n_model_params': '268438', 'name': 'seanet_conjunctive'}
    [mlflow] logged run 'seanet_conjunctive_ECG5000'  (train_acc=0.9875 val_acc=0.9495 test_acc=0.9413 test_loss=0.2658)
[ 22/129] ECG5000                      DONE  acc=0.9413 loss=0.2658 AOPCR=  1.133 NDCG=  n/a C=  5 T=  140 (37s)  [21 trained / 0 failed so far]
[ 23/129] ECGFiveDays
    stage 1/3: loading data ...
    stage 2/3: training on 23 series (no val (train-loss early stop), C=2, T=136, batch=2) ...
    stage 3/3: scoring on 861 test series (accuracy + AOPCR) ...
    [mlflow] versioned model 'seanet_conjunctive__mstcn_sep_conjunctive' (id=m-429879d579b84afba718be8aad31ba31) params={'model_size_mb': '3.5347', 'n_model_params': '268051', 'name': 'seanet_conjunctive'}
    [mlflow] logged run 'seanet_conjunctive_ECGFiveDays'  (train_acc=1.0000 test_acc=1.0000 test_loss=0.0678)
[ 23/129] ECGFiveDays                  DONE  acc=1.0000 loss=0.0678 AOPCR=  0.341 NDCG=  n/a C=  2 T=  136 (31s)  [22 trained / 0 failed so far]
[ 24/129] ElectricDevices
    stage 1/3: loading data ...
    stage 2/3: training on 7144 series (val=1782, C=7, T=96, batch=16) ...
    stage 3/3: scoring on 7711 test series (accuracy + AOPCR) ...
    [mlflow] versioned model 'seanet_conjunctive__mstcn_sep_conjunctive' (id=m-a8c07d3bfc2c413e8c6fc5f67ec3fccc) params={'model_size_mb': '3.5371', 'n_model_params': '268696', 'name': 'seanet_conjunctive'}
    [mlflow] logged run 'seanet_conjunctive_ElectricDevices'  (train_acc=0.9274 val_acc=0.9108 test_acc=0.7191 test_loss=0.9696)
[ 24/129] ElectricDevices              DONE  acc=0.7191 loss=0.9696 AOPCR=  0.271 NDCG=  n/a C=  7 T=   96 (495s)  [23 trained / 0 failed so far]
[ 25/129] FaceAll
    stage 1/3: loading data ...
    stage 2/3: training on 448 series (val=112, C=14, T=131, batch=16) ...
    stage 3/3: scoring on 1690 test series (accuracy + AOPCR) ...
    [mlflow] versioned model 'seanet_conjunctive__mstcn_sep_conjunctive' (id=m-cc867b49638e41e7b4b0a16516616960) params={'model_size_mb': '3.5405', 'n_model_params': '269599', 'name': 'seanet_conjunctive'}
    [mlflow] logged run 'seanet_conjunctive_FaceAll'  (train_acc=1.0000 val_acc=0.9911 test_acc=0.8107 test_loss=0.8738)
[ 25/129] FaceAll                      DONE  acc=0.8107 loss=0.8738 AOPCR=  0.220 NDCG=  n/a C= 14 T=  131 (51s)  [24 trained / 0 failed so far]
[ 26/129] FaceFour
    stage 1/3: loading data ...
    stage 2/3: training on 24 series (no val (train-loss early stop), C=4, T=350, batch=2) ...
    stage 3/3: scoring on 88 test series (accuracy + AOPCR) ...
    [mlflow] versioned model 'seanet_conjunctive__mstcn_sep_conjunctive' (id=m-5e4c670f998b4262a147f763c4ee5aa6) params={'model_size_mb': '3.5356', 'n_model_params': '268309', 'name': 'seanet_conjunctive'}
    [mlflow] logged run 'seanet_conjunctive_FaceFour'  (train_acc=1.0000 test_acc=0.9545 test_loss=0.1950)
[ 26/129] FaceFour                     DONE  acc=0.9545 loss=0.1950 AOPCR=  0.791 NDCG=  n/a C=  4 T=  350 (39s)  [25 trained / 0 failed so far]
[ 27/129] FacesUCR
    stage 1/3: loading data ...
    stage 2/3: training on 165 series (val=35, C=14, T=131, batch=16) ...
    stage 3/3: scoring on 2050 test series (accuracy + AOPCR) ...
    [mlflow] versioned model 'seanet_conjunctive__mstcn_sep_conjunctive' (id=m-c5186f3936724a0793919e8ba9ed2001) params={'model_size_mb': '3.5405', 'n_model_params': '269599', 'name': 'seanet_conjunctive'}
    [mlflow] logged run 'seanet_conjunctive_FacesUCR'  (train_acc=1.0000 val_acc=1.0000 test_acc=0.9546 test_loss=0.2278)
[ 27/129] FacesUCR                     DONE  acc=0.9546 loss=0.2278 AOPCR=  0.414 NDCG=  n/a C= 14 T=  131 (25s)  [26 trained / 0 failed so far]
[ 28/129] FiftyWords
    stage 1/3: loading data ...
    stage 2/3: training on 365 series (val=85, C=50, T=270, batch=16) ...
    stage 3/3: scoring on 455 test series (accuracy + AOPCR) ...
    [mlflow] versioned model 'seanet_conjunctive__mstcn_sep_conjunctive' (id=m-9a249e56089847b7b47b60360fba44e1) params={'model_size_mb': '3.5583', 'n_model_params': '274243', 'name': 'seanet_conjunctive'}
    [mlflow] logged run 'seanet_conjunctive_FiftyWords'  (train_acc=1.0000 val_acc=0.8000 test_acc=0.8198 test_loss=0.7761)
[ 28/129] FiftyWords                   DONE  acc=0.8198 loss=0.7761 AOPCR=  0.776 NDCG=  n/a C= 50 T=  270 (50s)  [27 trained / 0 failed so far]
[ 29/129] Fish
    stage 1/3: loading data ...
    stage 2/3: training on 142 series (val=33, C=7, T=463, batch=14) ...
    stage 3/3: scoring on 175 test series (accuracy + AOPCR) ...
    [mlflow] versioned model 'seanet_conjunctive__mstcn_sep_conjunctive' (id=m-acdf08cba70043d8b8fa5b4fde7664f1) params={'model_size_mb': '3.5371', 'n_model_params': '268696', 'name': 'seanet_conjunctive'}
    [mlflow] logged run 'seanet_conjunctive_Fish'  (train_acc=1.0000 val_acc=0.9394 test_acc=0.9543 test_loss=0.2086)
[ 29/129] Fish                         DONE  acc=0.9543 loss=0.2086 AOPCR=  0.874 NDCG=  n/a C=  7 T=  463 (32s)  [28 trained / 0 failed so far]
[ 30/129] FordA
    stage 1/3: loading data ...
    stage 2/3: training on 2881 series (val=720, C=2, T=500, batch=16) ...
    stage 3/3: scoring on 1320 test series (accuracy + AOPCR) ...
    [mlflow] versioned model 'seanet_conjunctive__mstcn_sep_conjunctive' (id=m-e158d238f5ce446b882f2f528c87e3a5) params={'model_size_mb': '3.5347', 'n_model_params': '268051', 'name': 'seanet_conjunctive'}
    [mlflow] logged run 'seanet_conjunctive_FordA'  (train_acc=0.9806 val_acc=0.9653 test_acc=0.9606 test_loss=0.1362)
[ 30/129] FordA                        DONE  acc=0.9606 loss=0.1362 AOPCR=  0.073 NDCG=  n/a C=  2 T=  500 (190s)  [29 trained / 0 failed so far]
[ 31/129] FordB
    stage 1/3: loading data ...
    stage 2/3: training on 2909 series (val=727, C=2, T=500, batch=16) ...
    stage 3/3: scoring on 810 test series (accuracy + AOPCR) ...
    [mlflow] versioned model 'seanet_conjunctive__mstcn_sep_conjunctive' (id=m-7d062b35c63b43cba2fb346fc88f9f06) params={'model_size_mb': '3.5347', 'n_model_params': '268051', 'name': 'seanet_conjunctive'}
    [mlflow] logged run 'seanet_conjunctive_FordB'  (train_acc=0.9718 val_acc=0.9629 test_acc=0.8420 test_loss=0.3704)
[ 31/129] FordB                        DONE  acc=0.8420 loss=0.3704 AOPCR=  0.372 NDCG=  n/a C=  2 T=  500 (163s)  [30 trained / 0 failed so far]
[ 32/129] GunPoint
    stage 1/3: loading data ...
    stage 2/3: training on 50 series (no val (train-loss early stop), C=2, T=150, batch=5) ...
    stage 3/3: scoring on 150 test series (accuracy + AOPCR) ...
    [mlflow] versioned model 'seanet_conjunctive__mstcn_sep_conjunctive' (id=m-504a2ad4018646b38278c92842af6149) params={'model_size_mb': '3.5347', 'n_model_params': '268051', 'name': 'seanet_conjunctive'}
    [mlflow] logged run 'seanet_conjunctive_GunPoint'  (train_acc=1.0000 test_acc=1.0000 test_loss=0.0809)
[ 32/129] GunPoint                     DONE  acc=1.0000 loss=0.0809 AOPCR=  0.552 NDCG=  n/a C=  2 T=  150 (35s)  [31 trained / 0 failed so far]
[ 33/129] Ham
    stage 1/3: loading data ...
    stage 2/3: training on 88 series (val=21, C=2, T=431, batch=8) ...
    stage 3/3: scoring on 105 test series (accuracy + AOPCR) ...
    [mlflow] versioned model 'seanet_conjunctive__mstcn_sep_conjunctive' (id=m-95252f8e72c04ba19fdf252c63af158e) params={'model_size_mb': '3.5347', 'n_model_params': '268051', 'name': 'seanet_conjunctive'}
    [mlflow] logged run 'seanet_conjunctive_Ham'  (train_acc=1.0000 val_acc=0.9524 test_acc=0.6857 test_loss=0.7127)
[ 33/129] Ham                          DONE  acc=0.6857 loss=0.7127 AOPCR=  0.675 NDCG=  n/a C=  2 T=  431 (23s)  [32 trained / 0 failed so far]
[ 34/129] HandOutlines
    stage 1/3: loading data ...
    stage 2/3: training on 801 series (val=199, C=2, T=2709, batch=16) ...
    stage 3/3: scoring on 370 test series (accuracy + AOPCR) ...
    [mlflow] versioned model 'seanet_conjunctive__mstcn_sep_conjunctive' (id=m-19abc492b7534bfca12d0b7c09fbcd7f) params={'model_size_mb': '3.5347', 'n_model_params': '268051', 'name': 'seanet_conjunctive'}
    [mlflow] logged run 'seanet_conjunctive_HandOutlines'  (train_acc=0.9538 val_acc=0.8995 test_acc=0.9216 test_loss=0.2608)
[ 34/129] HandOutlines                 DONE  acc=0.9216 loss=0.2608 AOPCR=  0.273 NDCG=  n/a C=  2 T= 2709 (418s)  [33 trained / 0 failed so far]
[ 35/129] Haptics
    stage 1/3: loading data ...
    stage 2/3: training on 127 series (val=28, C=5, T=1092, batch=12) ...
    stage 3/3: scoring on 308 test series (accuracy + AOPCR) ...
    [mlflow] versioned model 'seanet_conjunctive__mstcn_sep_conjunctive' (id=m-ddff213cc9c24f39a93ef7fd9208b019) params={'model_size_mb': '3.5361', 'n_model_params': '268438', 'name': 'seanet_conjunctive'}
    [mlflow] logged run 'seanet_conjunctive_Haptics'  (train_acc=0.7559 val_acc=0.5000 test_acc=0.4448 test_loss=1.4088)
[ 35/129] Haptics                      DONE  acc=0.4448 loss=1.4088 AOPCR=  1.926 NDCG=  n/a C=  5 T= 1092 (15s)  [34 trained / 0 failed so far]
[ 36/129] Herring
    stage 1/3: loading data ...
    stage 2/3: training on 64 series (no val (train-loss early stop), C=2, T=512, batch=6) ...
    stage 3/3: scoring on 64 test series (accuracy + AOPCR) ...
    [mlflow] versioned model 'seanet_conjunctive__mstcn_sep_conjunctive' (id=m-b9adba7ba46e477aafb7cfb9559b28c2) params={'model_size_mb': '3.5347', 'n_model_params': '268051', 'name': 'seanet_conjunctive'}
    [mlflow] logged run 'seanet_conjunctive_Herring'  (train_acc=1.0000 test_acc=0.6562 test_loss=0.9525)
[ 36/129] Herring                      DONE  acc=0.6562 loss=0.9525 AOPCR=  0.984 NDCG=  n/a C=  2 T=  512 (24s)  [35 trained / 0 failed so far]
[ 37/129] InlineSkate
    stage 1/3: loading data ...
    stage 2/3: training on 84 series (val=16, C=7, T=1882, batch=8) ...
    stage 3/3: scoring on 550 test series (accuracy + AOPCR) ...
    [mlflow] versioned model 'seanet_conjunctive__mstcn_sep_conjunctive' (id=m-ef7a22b35fea4b22ae028f68f9d3c80c) params={'model_size_mb': '3.5371', 'n_model_params': '268696', 'name': 'seanet_conjunctive'}
    [mlflow] logged run 'seanet_conjunctive_InlineSkate'  (train_acc=0.9524 val_acc=0.3750 test_acc=0.4182 test_loss=1.7126)
[ 37/129] InlineSkate                  DONE  acc=0.4182 loss=1.7126 AOPCR=  1.485 NDCG=  n/a C=  7 T= 1882 (24s)  [36 trained / 0 failed so far]
[ 38/129] InsectWingbeatSound
    stage 1/3: loading data ...
    stage 2/3: training on 176 series (val=44, C=11, T=256, batch=16) ...
    stage 3/3: scoring on 1980 test series (accuracy + AOPCR) ...
    [mlflow] versioned model 'seanet_conjunctive__mstcn_sep_conjunctive' (id=m-24312c259eb2465ea0f61b6fe6f0b710) params={'model_size_mb': '3.5391', 'n_model_params': '269212', 'name': 'seanet_conjunctive'}
    [mlflow] logged run 'seanet_conjunctive_InsectWingbeatSound'  (train_acc=0.7784 val_acc=0.5455 test_acc=0.5924 test_loss=1.0827)
[ 38/129] InsectWingbeatSound          DONE  acc=0.5924 loss=1.0827 AOPCR=  0.248 NDCG=  n/a C= 11 T=  256 (9s)  [37 trained / 0 failed so far]
[ 39/129] ItalyPowerDemand
    stage 1/3: loading data ...
    stage 2/3: training on 67 series (no val (train-loss early stop), C=2, T=24, batch=6) ...
    stage 3/3: scoring on 1029 test series (accuracy + AOPCR) ...
    [mlflow] versioned model 'seanet_conjunctive__mstcn_sep_conjunctive' (id=m-9dcb077e913b4ba486a96c9298d0667a) params={'model_size_mb': '3.5347', 'n_model_params': '268051', 'name': 'seanet_conjunctive'}
    [mlflow] logged run 'seanet_conjunctive_ItalyPowerDemand'  (train_acc=1.0000 test_acc=0.9650 test_loss=0.1422)
[ 39/129] ItalyPowerDemand             DONE  acc=0.9650 loss=0.1422 AOPCR=  0.234 NDCG=  n/a C=  2 T=   24 (35s)  [38 trained / 0 failed so far]
[ 40/129] LargeKitchenAppliances
    stage 1/3: loading data ...
    stage 2/3: training on 300 series (val=75, C=3, T=720, batch=16) ...
    stage 3/3: scoring on 375 test series (accuracy + AOPCR) ...
    [mlflow] versioned model 'seanet_conjunctive__mstcn_sep_conjunctive' (id=m-e7ef4c9061e34c9ebc038aef43116bed) params={'model_size_mb': '3.5351', 'n_model_params': '268180', 'name': 'seanet_conjunctive'}
    [mlflow] logged run 'seanet_conjunctive_LargeKitchenAppliances'  (train_acc=0.9967 val_acc=0.9867 test_acc=0.9040 test_loss=0.3367)
[ 40/129] LargeKitchenAppliances       DONE  acc=0.9040 loss=0.3367 AOPCR=  1.544 NDCG=  n/a C=  3 T=  720 (49s)  [39 trained / 0 failed so far]
[ 41/129] Lightning2
    stage 1/3: loading data ...
    stage 2/3: training on 60 series (no val (train-loss early stop), C=2, T=637, batch=6) ...
    stage 3/3: scoring on 61 test series (accuracy + AOPCR) ...
    [mlflow] versioned model 'seanet_conjunctive__mstcn_sep_conjunctive' (id=m-ba3793b7aed944fb8d26c9a8684e2ce1) params={'model_size_mb': '3.5347', 'n_model_params': '268051', 'name': 'seanet_conjunctive'}
    [mlflow] logged run 'seanet_conjunctive_Lightning2'  (train_acc=1.0000 test_acc=0.8361 test_loss=0.3699)
[ 41/129] Lightning2                   DONE  acc=0.8361 loss=0.3699 AOPCR=  0.627 NDCG=  n/a C=  2 T=  637 (23s)  [40 trained / 0 failed so far]
[ 42/129] Lightning7
    stage 1/3: loading data ...
    stage 2/3: training on 70 series (no val (train-loss early stop), C=7, T=319, batch=7) ...
    stage 3/3: scoring on 73 test series (accuracy + AOPCR) ...
    [mlflow] versioned model 'seanet_conjunctive__mstcn_sep_conjunctive' (id=m-082d5b65027b43719b496637676c7a89) params={'model_size_mb': '3.5371', 'n_model_params': '268696', 'name': 'seanet_conjunctive'}
    [mlflow] logged run 'seanet_conjunctive_Lightning7'  (train_acc=1.0000 test_acc=0.8219 test_loss=0.5713)
[ 42/129] Lightning7                   DONE  acc=0.8219 loss=0.5713 AOPCR=  1.068 NDCG=  n/a C=  7 T=  319 (30s)  [41 trained / 0 failed so far]
[ 43/129] Mallat
    stage 1/3: loading data ...
    stage 2/3: training on 55 series (no val (train-loss early stop), C=8, T=1024, batch=5) ...
    stage 3/3: scoring on 2345 test series (accuracy + AOPCR) ...
    [mlflow] versioned model 'seanet_conjunctive__mstcn_sep_conjunctive' (id=m-28c68104e1934aeb8a9d32de77095a29) params={'model_size_mb': '3.5376', 'n_model_params': '268825', 'name': 'seanet_conjunctive'}
    [mlflow] logged run 'seanet_conjunctive_Mallat'  (train_acc=1.0000 test_acc=0.9608 test_loss=0.2169)
[ 43/129] Mallat                       DONE  acc=0.9608 loss=0.2169 AOPCR=  1.269 NDCG=  n/a C=  8 T= 1024 (32s)  [42 trained / 0 failed so far]
[ 44/129] Meat
    stage 1/3: loading data ...
    stage 2/3: training on 60 series (no val (train-loss early stop), C=3, T=448, batch=6) ...
    stage 3/3: scoring on 60 test series (accuracy + AOPCR) ...
    [mlflow] versioned model 'seanet_conjunctive__mstcn_sep_conjunctive' (id=m-82f686579a6c46879dbeeee8be8427bf) params={'model_size_mb': '3.5351', 'n_model_params': '268180', 'name': 'seanet_conjunctive'}
    [mlflow] logged run 'seanet_conjunctive_Meat'  (train_acc=1.0000 test_acc=0.9000 test_loss=0.3063)
[ 44/129] Meat                         DONE  acc=0.9000 loss=0.3063 AOPCR=  1.508 NDCG=  n/a C=  3 T=  448 (22s)  [43 trained / 0 failed so far]
[ 45/129] MedicalImages
    stage 1/3: loading data ...
    stage 2/3: training on 307 series (val=74, C=10, T=99, batch=16) ...
    stage 3/3: scoring on 760 test series (accuracy + AOPCR) ...
    [mlflow] versioned model 'seanet_conjunctive__mstcn_sep_conjunctive' (id=m-b4f36b0882e14b2b8896b13347df62fb) params={'model_size_mb': '3.5386', 'n_model_params': '269083', 'name': 'seanet_conjunctive'}
    [mlflow] logged run 'seanet_conjunctive_MedicalImages'  (train_acc=0.9544 val_acc=0.8243 test_acc=0.7408 test_loss=0.8354)
[ 45/129] MedicalImages                DONE  acc=0.7408 loss=0.8354 AOPCR=  0.487 NDCG=  n/a C= 10 T=   99 (25s)  [44 trained / 0 failed so far]
[ 46/129] MiddlePhalanxOutlineAgeGroup
    stage 1/3: loading data ...
    stage 2/3: training on 321 series (val=79, C=3, T=80, batch=16) ...
    stage 3/3: scoring on 154 test series (accuracy + AOPCR) ...
    [mlflow] versioned model 'seanet_conjunctive__mstcn_sep_conjunctive' (id=m-08ba0f4814ae4f279fd48d80b1710e0c) params={'model_size_mb': '3.5351', 'n_model_params': '268180', 'name': 'seanet_conjunctive'}
    [mlflow] logged run 'seanet_conjunctive_MiddlePhalanxOutlineAgeGroup'  (train_acc=0.8349 val_acc=0.7975 test_acc=0.5390 test_loss=0.9512)
[ 46/129] MiddlePhalanxOutlineAgeGroup DONE  acc=0.5390 loss=0.9512 AOPCR= -0.268 NDCG=  n/a C=  3 T=   80 (27s)  [45 trained / 0 failed so far]
[ 47/129] MiddlePhalanxOutlineCorrect
    stage 1/3: loading data ...
    stage 2/3: training on 481 series (val=119, C=2, T=80, batch=16) ...
    stage 3/3: scoring on 291 test series (accuracy + AOPCR) ...
    [mlflow] versioned model 'seanet_conjunctive__mstcn_sep_conjunctive' (id=m-7b64acd291c145f585643de1ca69c7a7) params={'model_size_mb': '3.5347', 'n_model_params': '268051', 'name': 'seanet_conjunctive'}
    [mlflow] logged run 'seanet_conjunctive_MiddlePhalanxOutlineCorrect'  (train_acc=0.9584 val_acc=0.8319 test_acc=0.8179 test_loss=0.4235)
[ 47/129] MiddlePhalanxOutlineCorrect  DONE  acc=0.8179 loss=0.4235 AOPCR=  0.237 NDCG=  n/a C=  2 T=   80 (63s)  [46 trained / 0 failed so far]
[ 48/129] MiddlePhalanxTW
    stage 1/3: loading data ...
    stage 2/3: training on 321 series (val=78, C=6, T=80, batch=16) ...
    stage 3/3: scoring on 154 test series (accuracy + AOPCR) ...
    [mlflow] versioned model 'seanet_conjunctive__mstcn_sep_conjunctive' (id=m-0520510719214690b0f73560cea1b5f0) params={'model_size_mb': '3.5366', 'n_model_params': '268567', 'name': 'seanet_conjunctive'}
    [mlflow] logged run 'seanet_conjunctive_MiddlePhalanxTW'  (train_acc=0.6916 val_acc=0.6667 test_acc=0.5325 test_loss=1.1408)
[ 48/129] MiddlePhalanxTW              DONE  acc=0.5325 loss=1.1408 AOPCR=  0.067 NDCG=  n/a C=  6 T=   80 (39s)  [47 trained / 0 failed so far]
[ 49/129] MoteStrain
    stage 1/3: loading data ...
    stage 2/3: training on 20 series (no val (train-loss early stop), C=2, T=84, batch=2) ...
    stage 3/3: scoring on 1252 test series (accuracy + AOPCR) ...
    [mlflow] versioned model 'seanet_conjunctive__mstcn_sep_conjunctive' (id=m-2878bb05718e4dd1b9b6a120912cccd1) params={'model_size_mb': '3.5347', 'n_model_params': '268051', 'name': 'seanet_conjunctive'}
    [mlflow] logged run 'seanet_conjunctive_MoteStrain'  (train_acc=1.0000 test_acc=0.8810 test_loss=0.2936)
[ 49/129] MoteStrain                   DONE  acc=0.8810 loss=0.2936 AOPCR=  0.221 NDCG=  n/a C=  2 T=   84 (24s)  [48 trained / 0 failed so far]
[ 50/129] NonInvasiveFetalECGThorax1
    stage 1/3: loading data ...
    stage 2/3: training on 1452 series (val=348, C=42, T=750, batch=16) ...
    stage 3/3: scoring on 1965 test series (accuracy + AOPCR) ...
    [mlflow] versioned model 'seanet_conjunctive__mstcn_sep_conjunctive' (id=m-acaa9a2e809a4af4a8267bb35eee3259) params={'model_size_mb': '3.5543', 'n_model_params': '273211', 'name': 'seanet_conjunctive'}
    [mlflow] logged run 'seanet_conjunctive_NonInvasiveFetalECGThorax1'  (train_acc=0.9725 val_acc=0.9080 test_acc=0.9053 test_loss=0.4182)
[ 50/129] NonInvasiveFetalECGThorax1   DONE  acc=0.9053 loss=0.4182 AOPCR= -0.478 NDCG=  n/a C= 42 T=  750 (204s)  [49 trained / 0 failed so far]
[ 51/129] NonInvasiveFetalECGThorax2
    stage 1/3: loading data ...
    stage 2/3: training on 1452 series (val=348, C=42, T=750, batch=16) ...
    stage 3/3: scoring on 1965 test series (accuracy + AOPCR) ...
    [mlflow] versioned model 'seanet_conjunctive__mstcn_sep_conjunctive' (id=m-fb6f4ac6acb04789856724f6a4db6208) params={'model_size_mb': '3.5543', 'n_model_params': '273211', 'name': 'seanet_conjunctive'}
    [mlflow] logged run 'seanet_conjunctive_NonInvasiveFetalECGThorax2'  (train_acc=0.9773 val_acc=0.9425 test_acc=0.9288 test_loss=0.3085)
[ 51/129] NonInvasiveFetalECGThorax2   DONE  acc=0.9288 loss=0.3085 AOPCR= -0.575 NDCG=  n/a C= 42 T=  750 (190s)  [50 trained / 0 failed so far]
[ 52/129] OliveOil
    stage 1/3: loading data ...
    stage 2/3: training on 30 series (no val (train-loss early stop), C=4, T=570, batch=3) ...
    stage 3/3: scoring on 30 test series (accuracy + AOPCR) ...
    [mlflow] versioned model 'seanet_conjunctive__mstcn_sep_conjunctive' (id=m-3e77bbed372340f7a7aa4cf2825602a8) params={'model_size_mb': '3.5356', 'n_model_params': '268309', 'name': 'seanet_conjunctive'}
    [mlflow] logged run 'seanet_conjunctive_OliveOil'  (train_acc=0.4333 test_acc=0.4000 test_loss=1.2613)
[ 52/129] OliveOil                     DONE  acc=0.4000 loss=1.2613 AOPCR=  3.727 NDCG=  n/a C=  4 T=  570 (12s)  [51 trained / 0 failed so far]
[ 53/129] OSULeaf
    stage 1/3: loading data ...
    stage 2/3: training on 163 series (val=37, C=6, T=427, batch=16) ...
    stage 3/3: scoring on 242 test series (accuracy + AOPCR) ...
    [mlflow] versioned model 'seanet_conjunctive__mstcn_sep_conjunctive' (id=m-c154d5d2d8aa47319bc1baf109d2cd91) params={'model_size_mb': '3.5366', 'n_model_params': '268567', 'name': 'seanet_conjunctive'}
    [mlflow] logged run 'seanet_conjunctive_OSULeaf'  (train_acc=1.0000 val_acc=0.9459 test_acc=0.8678 test_loss=0.3897)
[ 53/129] OSULeaf                      DONE  acc=0.8678 loss=0.3897 AOPCR=  0.780 NDCG=  n/a C=  6 T=  427 (17s)  [52 trained / 0 failed so far]
[ 54/129] PhalangesOutlinesCorrect
    stage 1/3: loading data ...
    stage 2/3: training on 1441 series (val=359, C=2, T=80, batch=16) ...
    stage 3/3: scoring on 858 test series (accuracy + AOPCR) ...
    [mlflow] versioned model 'seanet_conjunctive__mstcn_sep_conjunctive' (id=m-cf78ba7b01584c1e8e80c862ec61b6b0) params={'model_size_mb': '3.5347', 'n_model_params': '268051', 'name': 'seanet_conjunctive'}
    [mlflow] logged run 'seanet_conjunctive_PhalangesOutlinesCorrect'  (train_acc=0.9368 val_acc=0.8719 test_acc=0.8263 test_loss=0.4281)
[ 54/129] PhalangesOutlinesCorrect     DONE  acc=0.8263 loss=0.4281 AOPCR= -0.012 NDCG=  n/a C=  2 T=   80 (165s)  [53 trained / 0 failed so far]
[ 55/129] Phoneme
    stage 1/3: loading data ...
    stage 2/3: training on 171 series (val=43, C=39, T=1024, batch=16) ...
    stage 3/3: scoring on 1896 test series (accuracy + AOPCR) ...
    [mlflow] versioned model 'seanet_conjunctive__mstcn_sep_conjunctive' (id=m-ad3c47b019764b87afe89cb5efcb6064) params={'model_size_mb': '3.5528', 'n_model_params': '272824', 'name': 'seanet_conjunctive'}
    [mlflow] logged run 'seanet_conjunctive_Phoneme'  (train_acc=0.4971 val_acc=0.2791 test_acc=0.2648 test_loss=2.7949)
[ 55/129] Phoneme                      DONE  acc=0.2648 loss=2.7949 AOPCR=  0.486 NDCG=  n/a C= 39 T= 1024 (17s)  [54 trained / 0 failed so far]
[ 56/129] Plane
    stage 1/3: loading data ...
    stage 2/3: training on 87 series (val=18, C=7, T=144, batch=8) ...
    stage 3/3: scoring on 105 test series (accuracy + AOPCR) ...
    [mlflow] versioned model 'seanet_conjunctive__mstcn_sep_conjunctive' (id=m-ff7b1952e8c84e3385061d1c114cbbc8) params={'model_size_mb': '3.5371', 'n_model_params': '268696', 'name': 'seanet_conjunctive'}
    [mlflow] logged run 'seanet_conjunctive_Plane'  (train_acc=1.0000 val_acc=1.0000 test_acc=1.0000 test_loss=0.1071)
[ 56/129] Plane                        DONE  acc=1.0000 loss=0.1071 AOPCR=  0.470 NDCG=  n/a C=  7 T=  144 (27s)  [55 trained / 0 failed so far]
[ 57/129] ProximalPhalanxOutlineAgeGroup
    stage 1/3: loading data ...
    stage 2/3: training on 322 series (val=78, C=3, T=80, batch=16) ...
    stage 3/3: scoring on 205 test series (accuracy + AOPCR) ...
    [mlflow] versioned model 'seanet_conjunctive__mstcn_sep_conjunctive' (id=m-92dd76ff74f24bc08e90eda21fae39a8) params={'model_size_mb': '3.5351', 'n_model_params': '268180', 'name': 'seanet_conjunctive'}
    [mlflow] logged run 'seanet_conjunctive_ProximalPhalanxOutlineAgeGroup'  (train_acc=0.9037 val_acc=0.7949 test_acc=0.8390 test_loss=0.4238)
[ 57/129] ProximalPhalanxOutlineAgeGroup DONE  acc=0.8390 loss=0.4238 AOPCR= -0.201 NDCG=  n/a C=  3 T=   80 (44s)  [56 trained / 0 failed so far]
[ 58/129] ProximalPhalanxOutlineCorrect
    stage 1/3: loading data ...
    stage 2/3: training on 481 series (val=119, C=2, T=80, batch=16) ...
    stage 3/3: scoring on 291 test series (accuracy + AOPCR) ...
    [mlflow] versioned model 'seanet_conjunctive__mstcn_sep_conjunctive' (id=m-48b714abdb7e4facb22851210c1ebee7) params={'model_size_mb': '3.5347', 'n_model_params': '268051', 'name': 'seanet_conjunctive'}
    [mlflow] logged run 'seanet_conjunctive_ProximalPhalanxOutlineCorrect'  (train_acc=0.9792 val_acc=0.8908 test_acc=0.9038 test_loss=0.2629)
[ 58/129] ProximalPhalanxOutlineCorrect DONE  acc=0.9038 loss=0.2629 AOPCR=  0.030 NDCG=  n/a C=  2 T=   80 (89s)  [57 trained / 0 failed so far]
[ 59/129] ProximalPhalanxTW
    stage 1/3: loading data ...
    stage 2/3: training on 322 series (val=78, C=6, T=80, batch=16) ...
    stage 3/3: scoring on 205 test series (accuracy + AOPCR) ...
    [mlflow] versioned model 'seanet_conjunctive__mstcn_sep_conjunctive' (id=m-5866394ccfbc47aa8ecca20194a55182) params={'model_size_mb': '3.5366', 'n_model_params': '268567', 'name': 'seanet_conjunctive'}
    [mlflow] logged run 'seanet_conjunctive_ProximalPhalanxTW'  (train_acc=0.8727 val_acc=0.8205 test_acc=0.7610 test_loss=0.6119)
[ 59/129] ProximalPhalanxTW            DONE  acc=0.7610 loss=0.6119 AOPCR=  0.164 NDCG=  n/a C=  6 T=   80 (35s)  [58 trained / 0 failed so far]
[ 60/129] RefrigerationDevices
    stage 1/3: loading data ...
    stage 2/3: training on 300 series (val=75, C=3, T=720, batch=16) ...
    stage 3/3: scoring on 375 test series (accuracy + AOPCR) ...
    [mlflow] versioned model 'seanet_conjunctive__mstcn_sep_conjunctive' (id=m-27eca85f5739498abfbe695a86748931) params={'model_size_mb': '3.5351', 'n_model_params': '268180', 'name': 'seanet_conjunctive'}
    [mlflow] logged run 'seanet_conjunctive_RefrigerationDevices'  (train_acc=0.6733 val_acc=0.6667 test_acc=0.5147 test_loss=1.0378)
[ 60/129] RefrigerationDevices         DONE  acc=0.5147 loss=1.0378 AOPCR=  0.044 NDCG=  n/a C=  3 T=  720 (20s)  [59 trained / 0 failed so far]
[ 61/129] ScreenType
    stage 1/3: loading data ...
    stage 2/3: training on 300 series (val=75, C=3, T=720, batch=16) ...
    stage 3/3: scoring on 375 test series (accuracy + AOPCR) ...
    [mlflow] versioned model 'seanet_conjunctive__mstcn_sep_conjunctive' (id=m-3c364985f08b47198350c9fd9732c808) params={'model_size_mb': '3.5351', 'n_model_params': '268180', 'name': 'seanet_conjunctive'}
    [mlflow] logged run 'seanet_conjunctive_ScreenType'  (train_acc=0.9700 val_acc=0.6133 test_acc=0.5307 test_loss=1.1541)
[ 61/129] ScreenType                   DONE  acc=0.5307 loss=1.1541 AOPCR=  0.816 NDCG=  n/a C=  3 T=  720 (27s)  [60 trained / 0 failed so far]
[ 62/129] ShapeletSim
    stage 1/3: loading data ...
    stage 2/3: training on 20 series (no val (train-loss early stop), C=2, T=500, batch=2) ...
    stage 3/3: scoring on 180 test series (accuracy + AOPCR) ...
    [mlflow] versioned model 'seanet_conjunctive__mstcn_sep_conjunctive' (id=m-c891dc89c28a4e0a96de7de6b10ac9e6) params={'model_size_mb': '3.5347', 'n_model_params': '268051', 'name': 'seanet_conjunctive'}
    [mlflow] logged run 'seanet_conjunctive_ShapeletSim'  (train_acc=1.0000 test_acc=0.9944 test_loss=0.1049)
[ 62/129] ShapeletSim                  DONE  acc=0.9944 loss=0.1049 AOPCR=  0.468 NDCG=  n/a C=  2 T=  500 (13s)  [61 trained / 0 failed so far]
[ 63/129] ShapesAll
    stage 1/3: loading data ...
    stage 2/3: training on 480 series (val=120, C=60, T=512, batch=16) ...
    stage 3/3: scoring on 600 test series (accuracy + AOPCR) ...
    [mlflow] versioned model 'seanet_conjunctive__mstcn_sep_conjunctive' (id=m-b0744b8fce1d443f803c8036965ae700) params={'model_size_mb': '3.5632', 'n_model_params': '275533', 'name': 'seanet_conjunctive'}
    [mlflow] logged run 'seanet_conjunctive_ShapesAll'  (train_acc=1.0000 val_acc=0.9250 test_acc=0.8867 test_loss=0.5283)
[ 63/129] ShapesAll                    DONE  acc=0.8867 loss=0.5283 AOPCR=  0.573 NDCG=  n/a C= 60 T=  512 (80s)  [62 trained / 0 failed so far]
[ 64/129] SmallKitchenAppliances
    stage 1/3: loading data ...
    stage 2/3: training on 300 series (val=75, C=3, T=720, batch=16) ...
    stage 3/3: scoring on 375 test series (accuracy + AOPCR) ...
    [mlflow] versioned model 'seanet_conjunctive__mstcn_sep_conjunctive' (id=m-1184f6a03e8e42a69546a3f7fd57bc97) params={'model_size_mb': '3.5351', 'n_model_params': '268180', 'name': 'seanet_conjunctive'}
    [mlflow] logged run 'seanet_conjunctive_SmallKitchenAppliances'  (train_acc=0.8700 val_acc=0.8400 test_acc=0.7573 test_loss=0.6360)
[ 64/129] SmallKitchenAppliances       DONE  acc=0.7573 loss=0.6360 AOPCR=  1.216 NDCG=  n/a C=  3 T=  720 (42s)  [63 trained / 0 failed so far]
[ 65/129] SonyAIBORobotSurface1
    stage 1/3: loading data ...
    stage 2/3: training on 20 series (no val (train-loss early stop), C=2, T=70, batch=2) ...
    stage 3/3: scoring on 601 test series (accuracy + AOPCR) ...
    [mlflow] versioned model 'seanet_conjunctive__mstcn_sep_conjunctive' (id=m-baa65daa91bd4fa5903ee5d74ec69701) params={'model_size_mb': '3.5347', 'n_model_params': '268051', 'name': 'seanet_conjunctive'}
    [mlflow] logged run 'seanet_conjunctive_SonyAIBORobotSurface1'  (train_acc=1.0000 test_acc=0.8270 test_loss=0.3679)
[ 65/129] SonyAIBORobotSurface1        DONE  acc=0.8270 loss=0.3679 AOPCR=  0.033 NDCG=  n/a C=  2 T=   70 (16s)  [64 trained / 0 failed so far]
[ 66/129] SonyAIBORobotSurface2
    stage 1/3: loading data ...
    stage 2/3: training on 27 series (no val (train-loss early stop), C=2, T=65, batch=2) ...
    stage 3/3: scoring on 953 test series (accuracy + AOPCR) ...
    [mlflow] versioned model 'seanet_conjunctive__mstcn_sep_conjunctive' (id=m-39fdcb0bc73643b98dd60d081e9bee56) params={'model_size_mb': '3.5347', 'n_model_params': '268051', 'name': 'seanet_conjunctive'}
    [mlflow] logged run 'seanet_conjunctive_SonyAIBORobotSurface2'  (train_acc=1.0000 test_acc=0.9087 test_loss=0.2220)
[ 66/129] SonyAIBORobotSurface2        DONE  acc=0.9087 loss=0.2220 AOPCR=  0.023 NDCG=  n/a C=  2 T=   65 (22s)  [65 trained / 0 failed so far]
[ 67/129] StarLightCurves
    stage 1/3: loading data ...
    stage 2/3: training on 801 series (val=199, C=3, T=1024, batch=16) ...
    stage 3/3: scoring on 8236 test series (accuracy + AOPCR) ...
    [mlflow] versioned model 'seanet_conjunctive__mstcn_sep_conjunctive' (id=m-7c8ef3a37f684d459b511442f419765f) params={'model_size_mb': '3.5351', 'n_model_params': '268180', 'name': 'seanet_conjunctive'}
    [mlflow] logged run 'seanet_conjunctive_StarLightCurves'  (train_acc=0.9900 val_acc=0.9698 test_acc=0.9480 test_loss=0.2123)
[ 67/129] StarLightCurves              DONE  acc=0.9480 loss=0.2123 AOPCR=  0.411 NDCG=  n/a C=  3 T= 1024 (129s)  [66 trained / 0 failed so far]
[ 68/129] Strawberry
    stage 1/3: loading data ...
    stage 2/3: training on 492 series (val=121, C=2, T=235, batch=16) ...
    stage 3/3: scoring on 370 test series (accuracy + AOPCR) ...
    [mlflow] versioned model 'seanet_conjunctive__mstcn_sep_conjunctive' (id=m-01e08461e16246d8b4fbc443da60062d) params={'model_size_mb': '3.5347', 'n_model_params': '268051', 'name': 'seanet_conjunctive'}
    [mlflow] logged run 'seanet_conjunctive_Strawberry'  (train_acc=0.9776 val_acc=0.9917 test_acc=0.9432 test_loss=0.1543)
[ 68/129] Strawberry                   DONE  acc=0.9432 loss=0.1543 AOPCR= -0.178 NDCG=  n/a C=  2 T=  235 (51s)  [67 trained / 0 failed so far]
[ 69/129] SwedishLeaf
    stage 1/3: loading data ...
    stage 2/3: training on 405 series (val=95, C=15, T=128, batch=16) ...
    stage 3/3: scoring on 625 test series (accuracy + AOPCR) ...
    [mlflow] versioned model 'seanet_conjunctive__mstcn_sep_conjunctive' (id=m-5181155a457e4ab7b4f32d01bade6f06) params={'model_size_mb': '3.541', 'n_model_params': '269728', 'name': 'seanet_conjunctive'}
    [mlflow] logged run 'seanet_conjunctive_SwedishLeaf'  (train_acc=1.0000 val_acc=0.9789 test_acc=0.9664 test_loss=0.2231)
[ 69/129] SwedishLeaf                  DONE  acc=0.9664 loss=0.2231 AOPCR=  0.448 NDCG=  n/a C= 15 T=  128 (115s)  [68 trained / 0 failed so far]
[ 70/129] Symbols
    stage 1/3: loading data ...
    stage 2/3: training on 25 series (no val (train-loss early stop), C=6, T=398, batch=2) ...
    stage 3/3: scoring on 995 test series (accuracy + AOPCR) ...
    [mlflow] versioned model 'seanet_conjunctive__mstcn_sep_conjunctive' (id=m-7100424f2ea84c6cae4cd41d0f0d09ab) params={'model_size_mb': '3.5366', 'n_model_params': '268567', 'name': 'seanet_conjunctive'}
    [mlflow] logged run 'seanet_conjunctive_Symbols'  (train_acc=1.0000 test_acc=0.9668 test_loss=0.2516)
[ 70/129] Symbols                      DONE  acc=0.9668 loss=0.2516 AOPCR=  0.631 NDCG=  n/a C=  6 T=  398 (60s)  [69 trained / 0 failed so far]
[ 71/129] SyntheticControl
    stage 1/3: loading data ...
    stage 2/3: training on 240 series (val=60, C=6, T=60, batch=16) ...
    stage 3/3: scoring on 300 test series (accuracy + AOPCR) ...
    [mlflow] versioned model 'seanet_conjunctive__mstcn_sep_conjunctive' (id=m-5cc779ac3adb4b01b82758c0d45b0f7c) params={'model_size_mb': '3.5366', 'n_model_params': '268567', 'name': 'seanet_conjunctive'}
    [mlflow] logged run 'seanet_conjunctive_SyntheticControl'  (train_acc=1.0000 val_acc=1.0000 test_acc=1.0000 test_loss=0.1106)
[ 71/129] SyntheticControl             DONE  acc=1.0000 loss=0.1106 AOPCR=  0.321 NDCG=  n/a C=  6 T=   60 (63s)  [70 trained / 0 failed so far]
[ 72/129] ToeSegmentation1
    stage 1/3: loading data ...
    stage 2/3: training on 40 series (no val (train-loss early stop), C=2, T=277, batch=4) ...
    stage 3/3: scoring on 228 test series (accuracy + AOPCR) ...
    [mlflow] versioned model 'seanet_conjunctive__mstcn_sep_conjunctive' (id=m-38d62092b5d54df7866ec3c8df162239) params={'model_size_mb': '3.5347', 'n_model_params': '268051', 'name': 'seanet_conjunctive'}
    [mlflow] logged run 'seanet_conjunctive_ToeSegmentation1'  (train_acc=1.0000 test_acc=0.9474 test_loss=0.1869)
[ 72/129] ToeSegmentation1             DONE  acc=0.9474 loss=0.1869 AOPCR=  0.196 NDCG=  n/a C=  2 T=  277 (32s)  [71 trained / 0 failed so far]
[ 73/129] ToeSegmentation2
    stage 1/3: loading data ...
    stage 2/3: training on 36 series (no val (train-loss early stop), C=2, T=343, batch=3) ...
    stage 3/3: scoring on 130 test series (accuracy + AOPCR) ...
    [mlflow] versioned model 'seanet_conjunctive__mstcn_sep_conjunctive' (id=m-6d8c014d987242f58ccf5dee49d7d12f) params={'model_size_mb': '3.5347', 'n_model_params': '268051', 'name': 'seanet_conjunctive'}
    [mlflow] logged run 'seanet_conjunctive_ToeSegmentation2'  (train_acc=1.0000 test_acc=0.9231 test_loss=0.2352)
[ 73/129] ToeSegmentation2             DONE  acc=0.9231 loss=0.2352 AOPCR=  0.272 NDCG=  n/a C=  2 T=  343 (17s)  [72 trained / 0 failed so far]
[ 74/129] Trace
    stage 1/3: loading data ...
    stage 2/3: training on 81 series (val=19, C=4, T=275, batch=8) ...
    stage 3/3: scoring on 100 test series (accuracy + AOPCR) ...
    [mlflow] versioned model 'seanet_conjunctive__mstcn_sep_conjunctive' (id=m-9eec483a8da240df9118ac3810698b23) params={'model_size_mb': '3.5356', 'n_model_params': '268309', 'name': 'seanet_conjunctive'}
    [mlflow] logged run 'seanet_conjunctive_Trace'  (train_acc=1.0000 val_acc=1.0000 test_acc=1.0000 test_loss=0.0998)
[ 74/129] Trace                        DONE  acc=1.0000 loss=0.0998 AOPCR=  0.836 NDCG=  n/a C=  4 T=  275 (31s)  [73 trained / 0 failed so far]
[ 75/129] TwoLeadECG
    stage 1/3: loading data ...
    stage 2/3: training on 23 series (no val (train-loss early stop), C=2, T=82, batch=2) ...
    stage 3/3: scoring on 1139 test series (accuracy + AOPCR) ...
    [mlflow] versioned model 'seanet_conjunctive__mstcn_sep_conjunctive' (id=m-099b53c4cf7d44218d26536dd0d6ed38) params={'model_size_mb': '3.5347', 'n_model_params': '268051', 'name': 'seanet_conjunctive'}
    [mlflow] logged run 'seanet_conjunctive_TwoLeadECG'  (train_acc=1.0000 test_acc=0.9965 test_loss=0.0803)
[ 75/129] TwoLeadECG                   DONE  acc=0.9965 loss=0.0803 AOPCR=  0.277 NDCG=  n/a C=  2 T=   82 (30s)  [74 trained / 0 failed so far]
[ 76/129] TwoPatterns
    stage 1/3: loading data ...
    stage 2/3: training on 801 series (val=199, C=4, T=128, batch=16) ...
    stage 3/3: scoring on 4000 test series (accuracy + AOPCR) ...
    [mlflow] versioned model 'seanet_conjunctive__mstcn_sep_conjunctive' (id=m-0c4a3da1d5b54a7fb1befe8c3db8e25c) params={'model_size_mb': '3.5356', 'n_model_params': '268309', 'name': 'seanet_conjunctive'}
    [mlflow] logged run 'seanet_conjunctive_TwoPatterns'  (train_acc=1.0000 val_acc=1.0000 test_acc=1.0000 test_loss=0.0905)
[ 76/129] TwoPatterns                  DONE  acc=1.0000 loss=0.0905 AOPCR=  1.258 NDCG=  n/a C=  4 T=  128 (134s)  [75 trained / 0 failed so far]
[ 77/129] UWaveGestureLibraryAll
    stage 1/3: loading data ...
    stage 2/3: training on 719 series (val=177, C=8, T=945, batch=16) ...
    stage 3/3: scoring on 3582 test series (accuracy + AOPCR) ...
    [mlflow] versioned model 'seanet_conjunctive__mstcn_sep_conjunctive' (id=m-11ab73be52b14000913d8692e2002d27) params={'model_size_mb': '3.5376', 'n_model_params': '268825', 'name': 'seanet_conjunctive'}
    [mlflow] logged run 'seanet_conjunctive_UWaveGestureLibraryAll'  (train_acc=1.0000 val_acc=0.9718 test_acc=0.9802 test_loss=0.1845)
[ 77/129] UWaveGestureLibraryAll       DONE  acc=0.9802 loss=0.1845 AOPCR=  0.338 NDCG=  n/a C=  8 T=  945 (206s)  [76 trained / 0 failed so far]
[ 78/129] UWaveGestureLibraryX
    stage 1/3: loading data ...
    stage 2/3: training on 719 series (val=177, C=8, T=315, batch=16) ...
    stage 3/3: scoring on 3582 test series (accuracy + AOPCR) ...
    [mlflow] versioned model 'seanet_conjunctive__mstcn_sep_conjunctive' (id=m-7f529757d13f4294b85b7902296f58e8) params={'model_size_mb': '3.5376', 'n_model_params': '268825', 'name': 'seanet_conjunctive'}
    [mlflow] logged run 'seanet_conjunctive_UWaveGestureLibraryX'  (train_acc=0.9611 val_acc=0.8418 test_acc=0.8149 test_loss=0.5793)
[ 78/129] UWaveGestureLibraryX         DONE  acc=0.8149 loss=0.5793 AOPCR=  0.611 NDCG=  n/a C=  8 T=  315 (38s)  [77 trained / 0 failed so far]
[ 79/129] UWaveGestureLibraryY
    stage 1/3: loading data ...
    stage 2/3: training on 719 series (val=177, C=8, T=315, batch=16) ...
    stage 3/3: scoring on 3582 test series (accuracy + AOPCR) ...
    [mlflow] versioned model 'seanet_conjunctive__mstcn_sep_conjunctive' (id=m-fe88a81c6d804ba99cc292e8157b8887) params={'model_size_mb': '3.5376', 'n_model_params': '268825', 'name': 'seanet_conjunctive'}
    [mlflow] logged run 'seanet_conjunctive_UWaveGestureLibraryY'  (train_acc=1.0000 val_acc=0.7571 test_acc=0.7733 test_loss=0.7802)
[ 79/129] UWaveGestureLibraryY         DONE  acc=0.7733 loss=0.7802 AOPCR=  0.450 NDCG=  n/a C=  8 T=  315 (92s)  [78 trained / 0 failed so far]
[ 80/129] UWaveGestureLibraryZ
    stage 1/3: loading data ...
    stage 2/3: training on 719 series (val=177, C=8, T=315, batch=16) ...
    stage 3/3: scoring on 3582 test series (accuracy + AOPCR) ...
    [mlflow] versioned model 'seanet_conjunctive__mstcn_sep_conjunctive' (id=m-af09b9285ae54b15b83966f7ba8ce187) params={'model_size_mb': '3.5376', 'n_model_params': '268825', 'name': 'seanet_conjunctive'}
    [mlflow] logged run 'seanet_conjunctive_UWaveGestureLibraryZ'  (train_acc=0.8484 val_acc=0.7006 test_acc=0.7613 test_loss=0.6866)
[ 80/129] UWaveGestureLibraryZ         DONE  acc=0.7613 loss=0.6866 AOPCR=  0.843 NDCG=  n/a C=  8 T=  315 (36s)  [79 trained / 0 failed so far]
[ 81/129] Wafer
    stage 1/3: loading data ...
    stage 2/3: training on 801 series (val=199, C=2, T=152, batch=16) ...
    stage 3/3: scoring on 6164 test series (accuracy + AOPCR) ...
    [mlflow] versioned model 'seanet_conjunctive__mstcn_sep_conjunctive' (id=m-5e047c28467b4b109b601c5c9975d6a3) params={'model_size_mb': '3.5347', 'n_model_params': '268051', 'name': 'seanet_conjunctive'}
    [mlflow] logged run 'seanet_conjunctive_Wafer'  (train_acc=1.0000 val_acc=1.0000 test_acc=0.9972 test_loss=0.0717)
[ 81/129] Wafer                        DONE  acc=0.9972 loss=0.0717 AOPCR=  0.210 NDCG=  n/a C=  2 T=  152 (176s)  [80 trained / 0 failed so far]
[ 82/129] Wine
    stage 1/3: loading data ...
    stage 2/3: training on 57 series (no val (train-loss early stop), C=2, T=234, batch=5) ...
    stage 3/3: scoring on 54 test series (accuracy + AOPCR) ...
    [mlflow] versioned model 'seanet_conjunctive__mstcn_sep_conjunctive' (id=m-54d785dae98a4154ac6d5c1f46b2af51) params={'model_size_mb': '3.5347', 'n_model_params': '268051', 'name': 'seanet_conjunctive'}
    [mlflow] logged run 'seanet_conjunctive_Wine'  (train_acc=0.7719 test_acc=0.8519 test_loss=0.5033)
[ 82/129] Wine                         DONE  acc=0.8519 loss=0.5033 AOPCR=  1.797 NDCG=  n/a C=  2 T=  234 (40s)  [81 trained / 0 failed so far]
[ 83/129] WordSynonyms
    stage 1/3: loading data ...
    stage 2/3: training on 217 series (val=50, C=25, T=270, batch=16) ...
    stage 3/3: scoring on 638 test series (accuracy + AOPCR) ...
    [mlflow] versioned model 'seanet_conjunctive__mstcn_sep_conjunctive' (id=m-8ef9c786af6c44b2bbb955fc76a18315) params={'model_size_mb': '3.546', 'n_model_params': '271018', 'name': 'seanet_conjunctive'}
    [mlflow] logged run 'seanet_conjunctive_WordSynonyms'  (train_acc=1.0000 val_acc=0.8000 test_acc=0.7429 test_loss=1.0942)
[ 83/129] WordSynonyms                 DONE  acc=0.7429 loss=1.0942 AOPCR=  0.727 NDCG=  n/a C= 25 T=  270 (20s)  [82 trained / 0 failed so far]
[ 84/129] Worms
    stage 1/3: loading data ...
    stage 2/3: training on 146 series (val=35, C=5, T=900, batch=14) ...
    stage 3/3: scoring on 77 test series (accuracy + AOPCR) ...
    [mlflow] versioned model 'seanet_conjunctive__mstcn_sep_conjunctive' (id=m-647857667d264c5f92128bc4b2fc5036) params={'model_size_mb': '3.5361', 'n_model_params': '268438', 'name': 'seanet_conjunctive'}
    [mlflow] logged run 'seanet_conjunctive_Worms'  (train_acc=0.8562 val_acc=0.7714 test_acc=0.5714 test_loss=0.9143)
[ 84/129] Worms                        DONE  acc=0.5714 loss=0.9143 AOPCR=  0.827 NDCG=  n/a C=  5 T=  900 (15s)  [83 trained / 0 failed so far]
[ 85/129] WormsTwoClass
    stage 1/3: loading data ...
    stage 2/3: training on 145 series (val=36, C=2, T=900, batch=14) ...
    stage 3/3: scoring on 77 test series (accuracy + AOPCR) ...
    [mlflow] versioned model 'seanet_conjunctive__mstcn_sep_conjunctive' (id=m-f96987334d1d48408f77b58aa1f48b45) params={'model_size_mb': '3.5347', 'n_model_params': '268051', 'name': 'seanet_conjunctive'}
    [mlflow] logged run 'seanet_conjunctive_WormsTwoClass'  (train_acc=1.0000 val_acc=0.7500 test_acc=0.6753 test_loss=0.6701)
[ 85/129] WormsTwoClass                DONE  acc=0.6753 loss=0.6701 AOPCR=  0.918 NDCG=  n/a C=  2 T=  900 (18s)  [84 trained / 0 failed so far]
[ 86/129] Yoga
    stage 1/3: loading data ...
    stage 2/3: training on 241 series (val=59, C=2, T=426, batch=16) ...
    stage 3/3: scoring on 3000 test series (accuracy + AOPCR) ...
    [mlflow] versioned model 'seanet_conjunctive__mstcn_sep_conjunctive' (id=m-4adc6446ef0847e58f7fc0dd086342a7) params={'model_size_mb': '3.5347', 'n_model_params': '268051', 'name': 'seanet_conjunctive'}
    [mlflow] logged run 'seanet_conjunctive_Yoga'  (train_acc=1.0000 val_acc=0.9153 test_acc=0.8963 test_loss=0.2486)
[ 86/129] Yoga                         DONE  acc=0.8963 loss=0.2486 AOPCR=  0.747 NDCG=  n/a C=  2 T=  426 (48s)  [85 trained / 0 failed so far]
[ 87/129] ACSF1
    stage 1/3: loading data ...
    stage 2/3: training on 80 series (val=20, C=10, T=1460, batch=8) ...
    stage 3/3: scoring on 100 test series (accuracy + AOPCR) ...
    [mlflow] versioned model 'seanet_conjunctive__mstcn_sep_conjunctive' (id=m-2081bfc1ff4b4f8b80c091d3a854a548) params={'model_size_mb': '3.5386', 'n_model_params': '269083', 'name': 'seanet_conjunctive'}
    [mlflow] logged run 'seanet_conjunctive_ACSF1'  (train_acc=0.9500 val_acc=0.7500 test_acc=0.8000 test_loss=0.7369)
[ 87/129] ACSF1                        DONE  acc=0.8000 loss=0.7369 AOPCR= -0.316 NDCG=  n/a C= 10 T= 1460 (27s)  [86 trained / 0 failed so far]
[ 88/129] AllGestureWiimoteX
    stage 1/3: loading data ...
    stage 2/3: training on 240 series (val=60, C=10, T=500, batch=16) ...
    stage 3/3: scoring on 700 test series (accuracy + AOPCR) ...
    [mlflow] versioned model 'seanet_conjunctive__mstcn_sep_conjunctive' (id=m-b871dbbb90b346d1ac2897f0eb720108) params={'model_size_mb': '3.5386', 'n_model_params': '269083', 'name': 'seanet_conjunctive'}
    [mlflow] logged run 'seanet_conjunctive_AllGestureWiimoteX'  (train_acc=1.0000 val_acc=0.8500 test_acc=0.7714 test_loss=0.8364)
[ 88/129] AllGestureWiimoteX           DONE  acc=0.7714 loss=0.8364 AOPCR=  1.751 NDCG=  n/a C= 10 T=  500 (56s)  [87 trained / 0 failed so far]
[ 89/129] AllGestureWiimoteY
    stage 1/3: loading data ...
    stage 2/3: training on 240 series (val=60, C=10, T=500, batch=16) ...
    stage 3/3: scoring on 700 test series (accuracy + AOPCR) ...
    [mlflow] versioned model 'seanet_conjunctive__mstcn_sep_conjunctive' (id=m-43e2e021f66f470a8cfd2fde94f18259) params={'model_size_mb': '3.5386', 'n_model_params': '269083', 'name': 'seanet_conjunctive'}
    [mlflow] logged run 'seanet_conjunctive_AllGestureWiimoteY'  (train_acc=1.0000 val_acc=0.8500 test_acc=0.7971 test_loss=0.7208)
[ 89/129] AllGestureWiimoteY           DONE  acc=0.7971 loss=0.7208 AOPCR=  1.852 NDCG=  n/a C= 10 T=  500 (34s)  [88 trained / 0 failed so far]
[ 90/129] AllGestureWiimoteZ
    stage 1/3: loading data ...
    stage 2/3: training on 240 series (val=60, C=10, T=500, batch=16) ...
    stage 3/3: scoring on 700 test series (accuracy + AOPCR) ...
    [mlflow] versioned model 'seanet_conjunctive__mstcn_sep_conjunctive' (id=m-4f62b479b9154d19ad1580d07ad9d3bb) params={'model_size_mb': '3.5386', 'n_model_params': '269083', 'name': 'seanet_conjunctive'}
    [mlflow] logged run 'seanet_conjunctive_AllGestureWiimoteZ'  (train_acc=1.0000 val_acc=0.7333 test_acc=0.7443 test_loss=0.9407)
[ 90/129] AllGestureWiimoteZ           DONE  acc=0.7443 loss=0.9407 AOPCR=  1.265 NDCG=  n/a C= 10 T=  500 (35s)  [89 trained / 0 failed so far]
[ 91/129] BME
    stage 1/3: loading data ...
    stage 2/3: training on 30 series (no val (train-loss early stop), C=3, T=128, batch=3) ...
    stage 3/3: scoring on 150 test series (accuracy + AOPCR) ...
    [mlflow] versioned model 'seanet_conjunctive__mstcn_sep_conjunctive' (id=m-923b34086a8b45329bb408e2aa27487e) params={'model_size_mb': '3.5351', 'n_model_params': '268180', 'name': 'seanet_conjunctive'}
    [mlflow] logged run 'seanet_conjunctive_BME'  (train_acc=1.0000 test_acc=1.0000 test_loss=0.0912)
[ 91/129] BME                          DONE  acc=1.0000 loss=0.0912 AOPCR=  0.125 NDCG=  n/a C=  3 T=  128 (25s)  [90 trained / 0 failed so far]
[ 92/129] Chinatown
    stage 1/3: loading data ...
    stage 2/3: training on 20 series (no val (train-loss early stop), C=2, T=24, batch=2) ...
    stage 3/3: scoring on 343 test series (accuracy + AOPCR) ...
    [mlflow] versioned model 'seanet_conjunctive__mstcn_sep_conjunctive' (id=m-88b452d5b81e4d6390d8dcbdefe527b5) params={'model_size_mb': '3.5347', 'n_model_params': '268051', 'name': 'seanet_conjunctive'}
    [mlflow] logged run 'seanet_conjunctive_Chinatown'  (train_acc=1.0000 test_acc=0.9825 test_loss=0.1116)
[ 92/129] Chinatown                    DONE  acc=0.9825 loss=0.1116 AOPCR= -0.147 NDCG=  n/a C=  2 T=   24 (27s)  [91 trained / 0 failed so far]
[ 93/129] Crop
    stage 1/3: loading data ...
    stage 2/3: training on 5760 series (val=1440, C=24, T=46, batch=16) ...
    stage 3/3: scoring on 16800 test series (accuracy + AOPCR) ...
    [mlflow] versioned model 'seanet_conjunctive__mstcn_sep_conjunctive' (id=m-4c5e06435869444790cde4640824641b) params={'model_size_mb': '3.5455', 'n_model_params': '270889', 'name': 'seanet_conjunctive'}
    [mlflow] logged run 'seanet_conjunctive_Crop'  (train_acc=0.7750 val_acc=0.6924 test_acc=0.6977 test_loss=0.9467)
[ 93/129] Crop                         DONE  acc=0.6977 loss=0.9467 AOPCR=  0.277 NDCG=  n/a C= 24 T=   46 (296s)  [92 trained / 0 failed so far]
[ 94/129] DodgerLoopDay
    stage 1/3: loading data ...
    stage 2/3: training on 78 series (no val (train-loss early stop), C=7, T=288, batch=7) ...
    stage 3/3: scoring on 80 test series (accuracy + AOPCR) ...
    [mlflow] versioned model 'seanet_conjunctive__mstcn_sep_conjunctive' (id=m-a3f79da418544c56b4eec1c4c9b4953d) params={'model_size_mb': '3.5371', 'n_model_params': '268696', 'name': 'seanet_conjunctive'}
    [mlflow] logged run 'seanet_conjunctive_DodgerLoopDay'  (train_acc=1.0000 test_acc=0.5625 test_loss=1.2659)
[ 94/129] DodgerLoopDay                DONE  acc=0.5625 loss=1.2659 AOPCR=  0.502 NDCG=  n/a C=  7 T=  288 (59s)  [93 trained / 0 failed so far]
[ 95/129] DodgerLoopGame
    stage 1/3: loading data ...
    stage 2/3: training on 20 series (no val (train-loss early stop), C=2, T=288, batch=2) ...
    stage 3/3: scoring on 138 test series (accuracy + AOPCR) ...
    [mlflow] versioned model 'seanet_conjunctive__mstcn_sep_conjunctive' (id=m-8f712525ef8e4c3daec6335ad746e71f) params={'model_size_mb': '3.5347', 'n_model_params': '268051', 'name': 'seanet_conjunctive'}
    [mlflow] logged run 'seanet_conjunctive_DodgerLoopGame'  (train_acc=1.0000 test_acc=0.9565 test_loss=0.1817)
[ 95/129] DodgerLoopGame               DONE  acc=0.9565 loss=0.1817 AOPCR=  0.612 NDCG=  n/a C=  2 T=  288 (26s)  [94 trained / 0 failed so far]
[ 96/129] DodgerLoopWeekend
    stage 1/3: loading data ...
    stage 2/3: training on 20 series (no val (train-loss early stop), C=2, T=288, batch=2) ...
    stage 3/3: scoring on 138 test series (accuracy + AOPCR) ...
    [mlflow] versioned model 'seanet_conjunctive__mstcn_sep_conjunctive' (id=m-c22a5e2e96d14e4dbeaab47e0d5cf439) params={'model_size_mb': '3.5347', 'n_model_params': '268051', 'name': 'seanet_conjunctive'}
    [mlflow] logged run 'seanet_conjunctive_DodgerLoopWeekend'  (train_acc=1.0000 test_acc=0.9638 test_loss=0.1512)
[ 96/129] DodgerLoopWeekend            DONE  acc=0.9638 loss=0.1512 AOPCR=  0.715 NDCG=  n/a C=  2 T=  288 (29s)  [95 trained / 0 failed so far]
[ 97/129] EOGHorizontalSignal
    stage 1/3: loading data ...
    stage 2/3: training on 290 series (val=72, C=12, T=1250, batch=16) ...
    stage 3/3: scoring on 362 test series (accuracy + AOPCR) ...
    [mlflow] versioned model 'seanet_conjunctive__mstcn_sep_conjunctive' (id=m-b5718697b0664031b9e8f89fddc5b45b) params={'model_size_mb': '3.5395', 'n_model_params': '269341', 'name': 'seanet_conjunctive'}
    [mlflow] logged run 'seanet_conjunctive_EOGHorizontalSignal'  (train_acc=0.9793 val_acc=0.8611 test_acc=0.5331 test_loss=1.6015)
[ 97/129] EOGHorizontalSignal          DONE  acc=0.5331 loss=1.6015 AOPCR=  1.855 NDCG=  n/a C= 12 T= 1250 (54s)  [96 trained / 0 failed so far]
[ 98/129] EOGVerticalSignal
    stage 1/3: loading data ...
    stage 2/3: training on 290 series (val=72, C=12, T=1250, batch=16) ...
    stage 3/3: scoring on 362 test series (accuracy + AOPCR) ...
    [mlflow] versioned model 'seanet_conjunctive__mstcn_sep_conjunctive' (id=m-f7fb4ad526da49468dfe9dee2769932b) params={'model_size_mb': '3.5395', 'n_model_params': '269341', 'name': 'seanet_conjunctive'}
    [mlflow] logged run 'seanet_conjunctive_EOGVerticalSignal'  (train_acc=1.0000 val_acc=0.8333 test_acc=0.4972 test_loss=1.6958)
[ 98/129] EOGVerticalSignal            DONE  acc=0.4972 loss=1.6958 AOPCR=  1.680 NDCG=  n/a C= 12 T= 1250 (90s)  [97 trained / 0 failed so far]
[ 99/129] EthanolLevel
    stage 1/3: loading data ...
    stage 2/3: training on 404 series (val=100, C=4, T=1751, batch=16) ...
    stage 3/3: scoring on 500 test series (accuracy + AOPCR) ...
    [mlflow] versioned model 'seanet_conjunctive__mstcn_sep_conjunctive' (id=m-88bda0e2e80348fc854cef6c3e422272) params={'model_size_mb': '3.5356', 'n_model_params': '268309', 'name': 'seanet_conjunctive'}
    [mlflow] logged run 'seanet_conjunctive_EthanolLevel'  (train_acc=0.9777 val_acc=0.9000 test_acc=0.7980 test_loss=0.5221)
[ 99/129] EthanolLevel                 DONE  acc=0.7980 loss=0.5221 AOPCR=  1.050 NDCG=  n/a C=  4 T= 1751 (210s)  [98 trained / 0 failed so far]
[100/129] FreezerRegularTrain
    stage 1/3: loading data ...
    stage 2/3: training on 120 series (val=30, C=2, T=301, batch=12) ...
    stage 3/3: scoring on 2850 test series (accuracy + AOPCR) ...
    [mlflow] versioned model 'seanet_conjunctive__mstcn_sep_conjunctive' (id=m-d86032b2600447c780a3a6aca13adfec) params={'model_size_mb': '3.5347', 'n_model_params': '268051', 'name': 'seanet_conjunctive'}
    [mlflow] logged run 'seanet_conjunctive_FreezerRegularTrain'  (train_acc=1.0000 val_acc=1.0000 test_acc=0.9989 test_loss=0.0691)
[100/129] FreezerRegularTrain          DONE  acc=0.9989 loss=0.0691 AOPCR=  0.800 NDCG=  n/a C=  2 T=  301 (9s)  [99 trained / 0 failed so far]
[101/129] FreezerSmallTrain
    stage 1/3: loading data ...
    stage 2/3: training on 28 series (no val (train-loss early stop), C=2, T=301, batch=2) ...
    stage 3/3: scoring on 2850 test series (accuracy + AOPCR) ...
    [mlflow] versioned model 'seanet_conjunctive__mstcn_sep_conjunctive' (id=m-0d7b94c6ac104c3ab0ba1807a6ad8754) params={'model_size_mb': '3.5347', 'n_model_params': '268051', 'name': 'seanet_conjunctive'}
    [mlflow] logged run 'seanet_conjunctive_FreezerSmallTrain'  (train_acc=1.0000 test_acc=0.8653 test_loss=0.2876)
[101/129] FreezerSmallTrain            DONE  acc=0.8653 loss=0.2876 AOPCR=  0.106 NDCG=  n/a C=  2 T=  301 (33s)  [100 trained / 0 failed so far]
[102/129] Fungi
    stage 1/3: loading data ...
    stage 2/3: training on 18 series (no val (train-loss early stop), C=18, T=201, batch=2) ...
    stage 3/3: scoring on 186 test series (accuracy + AOPCR) ...
    [mlflow] versioned model 'seanet_conjunctive__mstcn_sep_conjunctive' (id=m-fd05d6fe377a450d933594a0c305b97f) params={'model_size_mb': '3.5425', 'n_model_params': '270115', 'name': 'seanet_conjunctive'}
    [mlflow] logged run 'seanet_conjunctive_Fungi'  (train_acc=1.0000 test_acc=0.9140 test_loss=0.2670)
[102/129] Fungi                        DONE  acc=0.9140 loss=0.2670 AOPCR=  0.911 NDCG=  n/a C= 18 T=  201 (12s)  [101 trained / 0 failed so far]
[103/129] GestureMidAirD1
    stage 1/3: loading data ...
    stage 2/3: training on 182 series (val=26, C=26, T=360, batch=16) ...
    stage 3/3: scoring on 130 test series (accuracy + AOPCR) ...
    [mlflow] versioned model 'seanet_conjunctive__mstcn_sep_conjunctive' (id=m-21a0ed4c559d4250bbd64c65801cd867) params={'model_size_mb': '3.5464', 'n_model_params': '271147', 'name': 'seanet_conjunctive'}
    [mlflow] logged run 'seanet_conjunctive_GestureMidAirD1'  (train_acc=0.8736 val_acc=0.6154 test_acc=0.7000 test_loss=0.9579)
[103/129] GestureMidAirD1              DONE  acc=0.7000 loss=0.9579 AOPCR=  1.577 NDCG=  n/a C= 26 T=  360 (10s)  [102 trained / 0 failed so far]
[104/129] GestureMidAirD2
    stage 1/3: loading data ...
    stage 2/3: training on 182 series (val=26, C=26, T=360, batch=16) ...
    stage 3/3: scoring on 130 test series (accuracy + AOPCR) ...
    [mlflow] versioned model 'seanet_conjunctive__mstcn_sep_conjunctive' (id=m-cf37f505ba1d4e1191e22e53496e6233) params={'model_size_mb': '3.5464', 'n_model_params': '271147', 'name': 'seanet_conjunctive'}
    [mlflow] logged run 'seanet_conjunctive_GestureMidAirD2'  (train_acc=0.8352 val_acc=0.5385 test_acc=0.5923 test_loss=1.2150)
[104/129] GestureMidAirD2              DONE  acc=0.5923 loss=1.2150 AOPCR=  1.409 NDCG=  n/a C= 26 T=  360 (14s)  [103 trained / 0 failed so far]
[105/129] GestureMidAirD3
    stage 1/3: loading data ...
    stage 2/3: training on 182 series (val=26, C=26, T=360, batch=16) ...
    stage 3/3: scoring on 130 test series (accuracy + AOPCR) ...
    [mlflow] versioned model 'seanet_conjunctive__mstcn_sep_conjunctive' (id=m-e9eee17a0cf04b8fa90f349313002d20) params={'model_size_mb': '3.5464', 'n_model_params': '271147', 'name': 'seanet_conjunctive'}
    [mlflow] logged run 'seanet_conjunctive_GestureMidAirD3'  (train_acc=0.7253 val_acc=0.3846 test_acc=0.3385 test_loss=1.9835)
[105/129] GestureMidAirD3              DONE  acc=0.3385 loss=1.9835 AOPCR=  1.221 NDCG=  n/a C= 26 T=  360 (10s)  [104 trained / 0 failed so far]
[106/129] GesturePebbleZ1
    stage 1/3: loading data ...
    stage 2/3: training on 107 series (val=25, C=6, T=455, batch=10) ...
    stage 3/3: scoring on 172 test series (accuracy + AOPCR) ...
    [mlflow] versioned model 'seanet_conjunctive__mstcn_sep_conjunctive' (id=m-af846791f94743daafda6176329345b3) params={'model_size_mb': '3.5366', 'n_model_params': '268567', 'name': 'seanet_conjunctive'}
    [mlflow] logged run 'seanet_conjunctive_GesturePebbleZ1'  (train_acc=1.0000 val_acc=1.0000 test_acc=0.9302 test_loss=0.2878)
[106/129] GesturePebbleZ1              DONE  acc=0.9302 loss=0.2878 AOPCR=  1.438 NDCG=  n/a C=  6 T=  455 (41s)  [105 trained / 0 failed so far]
[107/129] GesturePebbleZ2
    stage 1/3: loading data ...
    stage 2/3: training on 120 series (val=26, C=6, T=455, batch=12) ...
    stage 3/3: scoring on 158 test series (accuracy + AOPCR) ...
    [mlflow] versioned model 'seanet_conjunctive__mstcn_sep_conjunctive' (id=m-40b11495b1ad42adb7a2cc838a055818) params={'model_size_mb': '3.5366', 'n_model_params': '268567', 'name': 'seanet_conjunctive'}
    [mlflow] logged run 'seanet_conjunctive_GesturePebbleZ2'  (train_acc=1.0000 val_acc=1.0000 test_acc=0.9114 test_loss=0.3274)
[107/129] GesturePebbleZ2              DONE  acc=0.9114 loss=0.3274 AOPCR=  1.809 NDCG=  n/a C=  6 T=  455 (19s)  [106 trained / 0 failed so far]
[108/129] GunPointAgeSpan
    stage 1/3: loading data ...
    stage 2/3: training on 109 series (val=26, C=2, T=150, batch=10) ...
    stage 3/3: scoring on 316 test series (accuracy + AOPCR) ...
    [mlflow] versioned model 'seanet_conjunctive__mstcn_sep_conjunctive' (id=m-9ecc93f077aa49d295d6a5abf7bf3422) params={'model_size_mb': '3.5347', 'n_model_params': '268051', 'name': 'seanet_conjunctive'}
    [mlflow] logged run 'seanet_conjunctive_GunPointAgeSpan'  (train_acc=1.0000 val_acc=1.0000 test_acc=0.9810 test_loss=0.1057)
[108/129] GunPointAgeSpan              DONE  acc=0.9810 loss=0.1057 AOPCR=  0.726 NDCG=  n/a C=  2 T=  150 (15s)  [107 trained / 0 failed so far]
[109/129] GunPointMaleVersusFemale
    stage 1/3: loading data ...
    stage 2/3: training on 109 series (val=26, C=2, T=150, batch=10) ...
    stage 3/3: scoring on 316 test series (accuracy + AOPCR) ...
    [mlflow] versioned model 'seanet_conjunctive__mstcn_sep_conjunctive' (id=m-0f7f295290d947298c879899b9d068b8) params={'model_size_mb': '3.5347', 'n_model_params': '268051', 'name': 'seanet_conjunctive'}
    [mlflow] logged run 'seanet_conjunctive_GunPointMaleVersusFemale'  (train_acc=1.0000 val_acc=1.0000 test_acc=0.9905 test_loss=0.0779)
[109/129] GunPointMaleVersusFemale     DONE  acc=0.9905 loss=0.0779 AOPCR=  0.004 NDCG=  n/a C=  2 T=  150 (49s)  [108 trained / 0 failed so far]
[110/129] GunPointOldVersusYoung
    stage 1/3: loading data ...
    stage 2/3: training on 109 series (val=27, C=2, T=150, batch=10) ...
    stage 3/3: scoring on 315 test series (accuracy + AOPCR) ...
    [mlflow] versioned model 'seanet_conjunctive__mstcn_sep_conjunctive' (id=m-bad2101ed6504e4cae1cce94b199e92f) params={'model_size_mb': '3.5347', 'n_model_params': '268051', 'name': 'seanet_conjunctive'}
    [mlflow] logged run 'seanet_conjunctive_GunPointOldVersusYoung'  (train_acc=1.0000 val_acc=1.0000 test_acc=0.9746 test_loss=0.1026)
[110/129] GunPointOldVersusYoung       DONE  acc=0.9746 loss=0.1026 AOPCR=  0.553 NDCG=  n/a C=  2 T=  150 (21s)  [109 trained / 0 failed so far]
[111/129] HouseTwenty
    stage 1/3: loading data ...
    stage 2/3: training on 40 series (no val (train-loss early stop), C=2, T=2000, batch=4) ...
    stage 3/3: scoring on 119 test series (accuracy + AOPCR) ...
    [mlflow] versioned model 'seanet_conjunctive__mstcn_sep_conjunctive' (id=m-11d7d7d4ba304c6db82f924383e91f7c) params={'model_size_mb': '3.5347', 'n_model_params': '268051', 'name': 'seanet_conjunctive'}
    [mlflow] logged run 'seanet_conjunctive_HouseTwenty'  (train_acc=1.0000 test_acc=0.9832 test_loss=0.1259)
[111/129] HouseTwenty                  DONE  acc=0.9832 loss=0.1259 AOPCR=  0.793 NDCG=  n/a C=  2 T= 2000 (54s)  [110 trained / 0 failed so far]
[112/129] InsectEPGRegularTrain
    stage 1/3: loading data ...
    stage 2/3: training on 62 series (no val (train-loss early stop), C=3, T=601, batch=6) ...
    stage 3/3: scoring on 249 test series (accuracy + AOPCR) ...
    [mlflow] versioned model 'seanet_conjunctive__mstcn_sep_conjunctive' (id=m-9e9d2938346b4bebb86e5bcc24c7e198) params={'model_size_mb': '3.5351', 'n_model_params': '268180', 'name': 'seanet_conjunctive'}
    [mlflow] logged run 'seanet_conjunctive_InsectEPGRegularTrain'  (train_acc=1.0000 test_acc=0.9799 test_loss=0.1428)
[112/129] InsectEPGRegularTrain        DONE  acc=0.9799 loss=0.1428 AOPCR=  0.871 NDCG=  n/a C=  3 T=  601 (42s)  [111 trained / 0 failed so far]
[113/129] InsectEPGSmallTrain
    stage 1/3: loading data ...
    stage 2/3: training on 17 series (no val (train-loss early stop), C=3, T=601, batch=2) ...
    stage 3/3: scoring on 249 test series (accuracy + AOPCR) ...
    [mlflow] versioned model 'seanet_conjunctive__mstcn_sep_conjunctive' (id=m-9e53d0c0c56b430da0b2809d35778649) params={'model_size_mb': '3.5351', 'n_model_params': '268180', 'name': 'seanet_conjunctive'}
    [mlflow] logged run 'seanet_conjunctive_InsectEPGSmallTrain'  (train_acc=1.0000 test_acc=0.9197 test_loss=0.2467)
[113/129] InsectEPGSmallTrain          DONE  acc=0.9197 loss=0.2467 AOPCR=  0.408 NDCG=  n/a C=  3 T=  601 (24s)  [112 trained / 0 failed so far]
[114/129] MelbournePedestrian
    stage 1/3: loading data ...
    stage 2/3: training on 956 series (val=238, C=10, T=24, batch=16) ...
    stage 3/3: scoring on 2439 test series (accuracy + AOPCR) ...
    [mlflow] versioned model 'seanet_conjunctive__mstcn_sep_conjunctive' (id=m-43ef950898f949148908be3c33a30ba7) params={'model_size_mb': '3.5386', 'n_model_params': '269083', 'name': 'seanet_conjunctive'}
    [mlflow] logged run 'seanet_conjunctive_MelbournePedestrian'  (train_acc=0.9979 val_acc=0.9328 test_acc=0.9020 test_loss=0.4019)
[114/129] MelbournePedestrian          DONE  acc=0.9020 loss=0.4019 AOPCR= -0.176 NDCG=  n/a C= 10 T=   24 (210s)  [113 trained / 0 failed so far]
[115/129] MixedShapesRegularTrain
    stage 1/3: loading data ...
    stage 2/3: training on 400 series (val=100, C=5, T=1024, batch=16) ...
    stage 3/3: scoring on 2425 test series (accuracy + AOPCR) ...
    [mlflow] versioned model 'seanet_conjunctive__mstcn_sep_conjunctive' (id=m-0dd1ce1d6a80416eb949a8879edfe44f) params={'model_size_mb': '3.5361', 'n_model_params': '268438', 'name': 'seanet_conjunctive'}
    [mlflow] logged run 'seanet_conjunctive_MixedShapesRegularTrain'  (train_acc=1.0000 val_acc=0.9700 test_acc=0.9748 test_loss=0.1751)
[115/129] MixedShapesRegularTrain      DONE  acc=0.9748 loss=0.1751 AOPCR=  0.438 NDCG=  n/a C=  5 T= 1024 (139s)  [114 trained / 0 failed so far]
[116/129] MixedShapesSmallTrain
    stage 1/3: loading data ...
    stage 2/3: training on 80 series (val=20, C=5, T=1024, batch=8) ...
    stage 3/3: scoring on 2425 test series (accuracy + AOPCR) ...
    [mlflow] versioned model 'seanet_conjunctive__mstcn_sep_conjunctive' (id=m-d268f41ab6ce4387844a3a17dedacd7a) params={'model_size_mb': '3.5361', 'n_model_params': '268438', 'name': 'seanet_conjunctive'}
    [mlflow] logged run 'seanet_conjunctive_MixedShapesSmallTrain'  (train_acc=1.0000 val_acc=1.0000 test_acc=0.9060 test_loss=0.3612)
[116/129] MixedShapesSmallTrain        DONE  acc=0.9060 loss=0.3612 AOPCR=  0.426 NDCG=  n/a C=  5 T= 1024 (21s)  [115 trained / 0 failed so far]
[117/129] PLAID
    stage 1/3: loading data ...
    stage 2/3: training on 436 series (val=101, C=11, T=1344, batch=16) ...
    stage 3/3: scoring on 537 test series (accuracy + AOPCR) ...
    [mlflow] versioned model 'seanet_conjunctive__mstcn_sep_conjunctive' (id=m-b47ef9c3aceb450e854e6d76fe022825) params={'model_size_mb': '3.5391', 'n_model_params': '269212', 'name': 'seanet_conjunctive'}
    [mlflow] logged run 'seanet_conjunctive_PLAID'  (train_acc=0.9564 val_acc=0.9109 test_acc=0.8845 test_loss=0.4268)
[117/129] PLAID                        DONE  acc=0.8845 loss=0.4268 AOPCR=  1.043 NDCG=  n/a C= 11 T= 1344 (179s)  [116 trained / 0 failed so far]
[118/129] PickupGestureWiimoteZ
    stage 1/3: loading data ...
    stage 2/3: training on 50 series (no val (train-loss early stop), C=10, T=361, batch=5) ...
    stage 3/3: scoring on 50 test series (accuracy + AOPCR) ...
    [mlflow] versioned model 'seanet_conjunctive__mstcn_sep_conjunctive' (id=m-4d3274818cbd4faebe1f71ac19fd482d) params={'model_size_mb': '3.5386', 'n_model_params': '269083', 'name': 'seanet_conjunctive'}
    [mlflow] logged run 'seanet_conjunctive_PickupGestureWiimoteZ'  (train_acc=1.0000 test_acc=0.8400 test_loss=0.7245)
[118/129] PickupGestureWiimoteZ        DONE  acc=0.8400 loss=0.7245 AOPCR=  1.094 NDCG=  n/a C= 10 T=  361 (38s)  [117 trained / 0 failed so far]
[119/129] PigAirwayPressure
    stage 1/3: loading data ...
    stage 2/3: training on 52 series (val=52, C=52, T=2000, batch=5) ...
    stage 3/3: scoring on 208 test series (accuracy + AOPCR) ...
    [mlflow] versioned model 'seanet_conjunctive__mstcn_sep_conjunctive' (id=m-cbd10fd57b5e47e881796c0fbc3af269) params={'model_size_mb': '3.5593', 'n_model_params': '274501', 'name': 'seanet_conjunctive'}
    [mlflow] logged run 'seanet_conjunctive_PigAirwayPressure'  (train_acc=0.0385 val_acc=0.0385 test_acc=0.0385 test_loss=3.9186)
[119/129] PigAirwayPressure            DONE  acc=0.0385 loss=3.9186 AOPCR=  0.160 NDCG=  n/a C= 52 T= 2000 (12s)  [118 trained / 0 failed so far]
[120/129] PigArtPressure
    stage 1/3: loading data ...
    stage 2/3: training on 52 series (val=52, C=52, T=2000, batch=5) ...
    stage 3/3: scoring on 208 test series (accuracy + AOPCR) ...
    [mlflow] versioned model 'seanet_conjunctive__mstcn_sep_conjunctive' (id=m-26b239446b5b458fb8c46015ef56bffe) params={'model_size_mb': '3.5593', 'n_model_params': '274501', 'name': 'seanet_conjunctive'}
    [mlflow] logged run 'seanet_conjunctive_PigArtPressure'  (train_acc=1.0000 val_acc=0.8462 test_acc=0.9183 test_loss=0.3794)
[120/129] PigArtPressure               DONE  acc=0.9183 loss=0.3794 AOPCR= -0.201 NDCG=  n/a C= 52 T= 2000 (42s)  [119 trained / 0 failed so far]
[121/129] PigCVP
    stage 1/3: loading data ...
    stage 2/3: training on 52 series (val=52, C=52, T=2000, batch=5) ...
    stage 3/3: scoring on 208 test series (accuracy + AOPCR) ...
    [mlflow] versioned model 'seanet_conjunctive__mstcn_sep_conjunctive' (id=m-318c240c302342c59d67fb4c81388465) params={'model_size_mb': '3.5593', 'n_model_params': '274501', 'name': 'seanet_conjunctive'}
    [mlflow] logged run 'seanet_conjunctive_PigCVP'  (train_acc=1.0000 val_acc=0.5385 test_acc=0.6202 test_loss=1.7258)
[121/129] PigCVP                       DONE  acc=0.6202 loss=1.7258 AOPCR=  1.049 NDCG=  n/a C= 52 T= 2000 (37s)  [120 trained / 0 failed so far]
[122/129] PowerCons
    stage 1/3: loading data ...
    stage 2/3: training on 144 series (val=36, C=2, T=144, batch=14) ...
    stage 3/3: scoring on 180 test series (accuracy + AOPCR) ...
    [mlflow] versioned model 'seanet_conjunctive__mstcn_sep_conjunctive' (id=m-0f2a3667b92d4254ba84da58f0b4ac0c) params={'model_size_mb': '3.5347', 'n_model_params': '268051', 'name': 'seanet_conjunctive'}
    [mlflow] logged run 'seanet_conjunctive_PowerCons'  (train_acc=1.0000 val_acc=1.0000 test_acc=0.9222 test_loss=0.2324)
[122/129] PowerCons                    DONE  acc=0.9222 loss=0.2324 AOPCR=  0.470 NDCG=  n/a C=  2 T=  144 (19s)  [121 trained / 0 failed so far]
[123/129] Rock
    stage 1/3: loading data ...
    stage 2/3: training on 20 series (no val (train-loss early stop), C=4, T=2844, batch=2) ...
    stage 3/3: scoring on 50 test series (accuracy + AOPCR) ...
    [mlflow] versioned model 'seanet_conjunctive__mstcn_sep_conjunctive' (id=m-047c95b8e7f84a4e8312e52f0ca6bb9e) params={'model_size_mb': '3.5356', 'n_model_params': '268309', 'name': 'seanet_conjunctive'}
    [mlflow] logged run 'seanet_conjunctive_Rock'  (train_acc=1.0000 test_acc=0.8200 test_loss=0.7180)
[123/129] Rock                         DONE  acc=0.8200 loss=0.7180 AOPCR=  1.227 NDCG=  n/a C=  4 T= 2844 (45s)  [122 trained / 0 failed so far]
[124/129] SemgHandGenderCh2
    stage 1/3: loading data ...
    stage 2/3: training on 240 series (val=60, C=2, T=1500, batch=16) ...
    stage 3/3: scoring on 600 test series (accuracy + AOPCR) ...
    [mlflow] versioned model 'seanet_conjunctive__mstcn_sep_conjunctive' (id=m-dbdb836a66084c4baaa3a2f54aae0495) params={'model_size_mb': '3.5347', 'n_model_params': '268051', 'name': 'seanet_conjunctive'}
    [mlflow] logged run 'seanet_conjunctive_SemgHandGenderCh2'  (train_acc=1.0000 val_acc=0.9167 test_acc=0.9133 test_loss=0.2399)
[124/129] SemgHandGenderCh2            DONE  acc=0.9133 loss=0.2399 AOPCR=  1.615 NDCG=  n/a C=  2 T= 1500 (47s)  [123 trained / 0 failed so far]
[125/129] SemgHandMovementCh2
    stage 1/3: loading data ...
    stage 2/3: training on 360 series (val=90, C=6, T=1500, batch=16) ...
    stage 3/3: scoring on 450 test series (accuracy + AOPCR) ...
    [mlflow] versioned model 'seanet_conjunctive__mstcn_sep_conjunctive' (id=m-e8604032894843e5ae3ea896d47295c9) params={'model_size_mb': '3.5366', 'n_model_params': '268567', 'name': 'seanet_conjunctive'}
    [mlflow] logged run 'seanet_conjunctive_SemgHandMovementCh2'  (train_acc=1.0000 val_acc=0.7667 test_acc=0.6867 test_loss=0.9278)
[125/129] SemgHandMovementCh2          DONE  acc=0.6867 loss=0.9278 AOPCR=  0.968 NDCG=  n/a C=  6 T= 1500 (121s)  [124 trained / 0 failed so far]
[126/129] SemgHandSubjectCh2
    stage 1/3: loading data ...
    stage 2/3: training on 360 series (val=90, C=5, T=1500, batch=16) ...
    stage 3/3: scoring on 450 test series (accuracy + AOPCR) ...
    [mlflow] versioned model 'seanet_conjunctive__mstcn_sep_conjunctive' (id=m-f7af4e77336c4b3bb2e36a9d8b5728f2) params={'model_size_mb': '3.5361', 'n_model_params': '268438', 'name': 'seanet_conjunctive'}
    [mlflow] logged run 'seanet_conjunctive_SemgHandSubjectCh2'  (train_acc=1.0000 val_acc=0.9444 test_acc=0.9156 test_loss=0.3382)
[126/129] SemgHandSubjectCh2           DONE  acc=0.9156 loss=0.3382 AOPCR=  0.963 NDCG=  n/a C=  5 T= 1500 (239s)  [125 trained / 0 failed so far]
[127/129] ShakeGestureWiimoteZ
    stage 1/3: loading data ...
    stage 2/3: training on 50 series (no val (train-loss early stop), C=10, T=385, batch=5) ...
    stage 3/3: scoring on 50 test series (accuracy + AOPCR) ...
    [mlflow] versioned model 'seanet_conjunctive__mstcn_sep_conjunctive' (id=m-38bfb3ca5f3243a09a84438ef4184099) params={'model_size_mb': '3.5386', 'n_model_params': '269083', 'name': 'seanet_conjunctive'}
    [mlflow] logged run 'seanet_conjunctive_ShakeGestureWiimoteZ'  (train_acc=1.0000 test_acc=0.9400 test_loss=0.4018)
[127/129] ShakeGestureWiimoteZ         DONE  acc=0.9400 loss=0.4018 AOPCR=  0.900 NDCG=  n/a C= 10 T=  385 (27s)  [126 trained / 0 failed so far]
[128/129] SmoothSubspace
    stage 1/3: loading data ...
    stage 2/3: training on 120 series (val=30, C=3, T=15, batch=12) ...
    stage 3/3: scoring on 150 test series (accuracy + AOPCR) ...
    [mlflow] versioned model 'seanet_conjunctive__mstcn_sep_conjunctive' (id=m-90f12943a70e480e9cdd8ca37d5ca293) params={'model_size_mb': '3.5351', 'n_model_params': '268180', 'name': 'seanet_conjunctive'}
    [mlflow] logged run 'seanet_conjunctive_SmoothSubspace'  (train_acc=1.0000 val_acc=1.0000 test_acc=0.9867 test_loss=0.1087)
[128/129] SmoothSubspace               DONE  acc=0.9867 loss=0.1087 AOPCR=  0.109 NDCG=  n/a C=  3 T=   15 (21s)  [127 trained / 0 failed so far]
[129/129] UMD
    stage 1/3: loading data ...
    stage 2/3: training on 36 series (no val (train-loss early stop), C=3, T=150, batch=3) ...
    stage 3/3: scoring on 144 test series (accuracy + AOPCR) ...
    [mlflow] versioned model 'seanet_conjunctive__mstcn_sep_conjunctive' (id=m-893e459d906d433b83fd56a2fccc1b78) params={'model_size_mb': '3.5351', 'n_model_params': '268180', 'name': 'seanet_conjunctive'}
    [mlflow] logged run 'seanet_conjunctive_UMD'  (train_acc=1.0000 test_acc=0.9931 test_loss=0.1024)
[129/129] UMD                          DONE  acc=0.9931 loss=0.1024 AOPCR=  0.519 NDCG=  n/a C=  3 T=  150 (30s)  [128 trained / 0 failed so far]

Done: 128 trained, 1 skipped, 0 failed.
Results -> results/SEA_NET/seanet_conjunctive__mstcn_sep_conjunctive/results.csv

=== seanet_conjunctive__mstcn_sep_conjunctive vs MILLET ConjunctiveInceptionTime (mean of 5 reps) ===
  UCR datasets evaluated: 128  (with MILLET baseline: 85, without: 43)
  metric        ours    MILLET   win/tie/loss   (mean over the 85 datasets MILLET published)
  acc         0.8238    0.8445       23/20/42   
  loss        0.5180    1.2241        57/5/23   (lower is better)
  aopcr       0.6257    4.5532         4/0/81   
  wrote results/SEA_NET/seanet_conjunctive__mstcn_sep_conjunctive/comparison_vs_millet.csv

Next: `python main.py report` to draw the figures for seanet_conjunctive__mstcn_sep_conjunctive.

[log] finished; full output saved to results/SEA_NET/seanet_conjunctive__mstcn_sep_conjunctive/logs/train_2026-07-24_16-48-38.log
