[log] command 'train' started at 2026-07-20_16-03-21 for model 'mstcn_sep_conjunctive'
[log] a copy of everything below is being saved to: results/SEA_NET/mstcn_sep_conjunctive/logs/train_2026-07-20_16-03-21.log

=== train: model=mstcn_sep_conjunctive (config seanet_conjunctive) device=cuda mode=full datasets=129 ===
[params] using DEFAULT recipe: `auto` has nothing to compare against yet (optuna-best test_acc 0.8920, default not recorded). This run records the default, then `auto` picks the better of the two.
  results  -> results/SEA_NET/mstcn_sep_conjunctive/results.csv
  resume   -> results/SEA_NET/mstcn_sep_conjunctive/done_train_dataset.txt  (delete it to retrain everything; delete one line to retrain that dataset)

  [mlflow] logging runs to experiment 'SEA-Net_mstcn_sep_conjunctive_2026-07-20' at sqlite:///mlflow.db
  [mlflow] browse later with:  mlflow ui --backend-store-uri sqlite:///mlflow.db
[  1/129] WebTraffic
    stage 1/3: loading data ...
    stage 2/3: training on 400 series (val=100, C=10, T=201, batch=16) ...
    stage 3/3: scoring on 500 test series (accuracy + AOPCR + NDCG) ...
    [mlflow] versioned model 'mstcn_sep_conjunctive' (id=m-228241ca3a964b809a8dd1edf919d7ce) params={'model_size_mb': '3.5522', 'n_model_params': '272667', 'name': 'seanet_conjunctive'}
    [mlflow] logged run 'seanet_conjunctive_WebTraffic'  (train_acc=0.9800 val_acc=0.6900 test_acc=0.7140 test_loss=0.8720)
[  1/129] WebTraffic                   DONE  acc=0.7140 loss=0.8720 AOPCR=  0.519 NDCG=  n/a C= 10 T=  201 (29s)  [1 trained / 0 failed so far]
[  2/129] Adiac
    stage 1/3: loading data ...
    stage 2/3: training on 328 series (val=62, C=37, T=35, batch=16) ...
    stage 3/3: scoring on 391 test series (accuracy + AOPCR) ...
    [mlflow] versioned model 'mstcn_sep_conjunctive' (id=m-9659100917ee453f9f627fd4416aa744) params={'model_size_mb': '3.5655', 'n_model_params': '276150', 'name': 'seanet_conjunctive'}
    [mlflow] logged run 'seanet_conjunctive_Adiac'  (train_acc=0.9482 val_acc=0.7419 test_acc=0.7161 test_loss=1.1133)
[  2/129] Adiac                        DONE  acc=0.7161 loss=1.1133 AOPCR=  0.596 NDCG=  n/a C= 37 T=   35 (43s)  [2 trained / 0 failed so far]
[  3/129] ArrowHead
    stage 1/3: loading data ...
    stage 2/3: training on 36 series (no val (train-loss early stop), C=3, T=50, batch=3) ...
    stage 3/3: scoring on 175 test series (accuracy + AOPCR) ...
    [mlflow] versioned model 'mstcn_sep_conjunctive' (id=m-1bd2a275138143d68f128431d427b67e) params={'model_size_mb': '3.5488', 'n_model_params': '271764', 'name': 'seanet_conjunctive'}
    [mlflow] logged run 'seanet_conjunctive_ArrowHead'  (train_acc=1.0000 test_acc=0.7600 test_loss=0.6134)
[  3/129] ArrowHead                    DONE  acc=0.7600 loss=0.6134 AOPCR=  0.128 NDCG=  n/a C=  3 T=   50 (19s)  [3 trained / 0 failed so far]
[  4/129] Beef
    stage 1/3: loading data ...
    stage 2/3: training on 30 series (no val (train-loss early stop), C=5, T=94, batch=3) ...
    stage 3/3: scoring on 30 test series (accuracy + AOPCR) ...
    [mlflow] versioned model 'mstcn_sep_conjunctive' (id=m-ad6079197e064d1cb3ad0d951e18a415) params={'model_size_mb': '3.5498', 'n_model_params': '272022', 'name': 'seanet_conjunctive'}
    [mlflow] logged run 'seanet_conjunctive_Beef'  (train_acc=1.0000 test_acc=0.8667 test_loss=0.4076)
[  4/129] Beef                         DONE  acc=0.8667 loss=0.4076 AOPCR=  0.382 NDCG=  n/a C=  5 T=   94 (23s)  [4 trained / 0 failed so far]
[  5/129] BeetleFly
    stage 1/3: loading data ...
    stage 2/3: training on 20 series (no val (train-loss early stop), C=2, T=102, batch=2) ...
    stage 3/3: scoring on 20 test series (accuracy + AOPCR) ...
    [mlflow] versioned model 'mstcn_sep_conjunctive' (id=m-ab04f843fbad4c49844f78123f230d36) params={'model_size_mb': '3.5483', 'n_model_params': '271635', 'name': 'seanet_conjunctive'}
    [mlflow] logged run 'seanet_conjunctive_BeetleFly'  (train_acc=1.0000 test_acc=0.8000 test_loss=0.5189)
[  5/129] BeetleFly                    DONE  acc=0.8000 loss=0.5189 AOPCR= -0.404 NDCG=  n/a C=  2 T=  102 (9s)  [5 trained / 0 failed so far]
[  6/129] BirdChicken
    stage 1/3: loading data ...
    stage 2/3: training on 20 series (no val (train-loss early stop), C=2, T=102, batch=2) ...
    stage 3/3: scoring on 20 test series (accuracy + AOPCR) ...
    [mlflow] versioned model 'mstcn_sep_conjunctive' (id=m-101d739f9e114211a0fa178f44d7faa1) params={'model_size_mb': '3.5483', 'n_model_params': '271635', 'name': 'seanet_conjunctive'}
    [mlflow] logged run 'seanet_conjunctive_BirdChicken'  (train_acc=1.0000 test_acc=0.9000 test_loss=0.2442)
[  6/129] BirdChicken                  DONE  acc=0.9000 loss=0.2442 AOPCR=  0.050 NDCG=  n/a C=  2 T=  102 (15s)  [6 trained / 0 failed so far]
[  7/129] Car
    stage 1/3: loading data ...
    stage 2/3: training on 60 series (no val (train-loss early stop), C=4, T=115, batch=6) ...
    stage 3/3: scoring on 60 test series (accuracy + AOPCR) ...
    [mlflow] versioned model 'mstcn_sep_conjunctive' (id=m-ffe72cf0f671422aa1156801c769e777) params={'model_size_mb': '3.5493', 'n_model_params': '271893', 'name': 'seanet_conjunctive'}
    [mlflow] logged run 'seanet_conjunctive_Car'  (train_acc=1.0000 test_acc=0.9333 test_loss=0.2887)
[  7/129] Car                          DONE  acc=0.9333 loss=0.2887 AOPCR=  0.199 NDCG=  n/a C=  4 T=  115 (19s)  [7 trained / 0 failed so far]
[  8/129] CBF
    stage 1/3: loading data ...
    stage 2/3: training on 30 series (no val (train-loss early stop), C=3, T=25, batch=3) ...
    stage 3/3: scoring on 900 test series (accuracy + AOPCR) ...
    [mlflow] versioned model 'mstcn_sep_conjunctive' (id=m-8e7ebd81ad9a49dea0d8447823a5c187) params={'model_size_mb': '3.5488', 'n_model_params': '271764', 'name': 'seanet_conjunctive'}
    [mlflow] logged run 'seanet_conjunctive_CBF'  (train_acc=1.0000 test_acc=0.9956 test_loss=0.1257)
[  8/129] CBF                          DONE  acc=0.9956 loss=0.1257 AOPCR=  0.333 NDCG=  n/a C=  3 T=   25 (16s)  [8 trained / 0 failed so far]
[  9/129] ChlorineConcentration
    stage 1/3: loading data ...
    stage 2/3: training on 375 series (val=92, C=3, T=33, batch=16) ...
    stage 3/3: scoring on 3840 test series (accuracy + AOPCR) ...
    [mlflow] versioned model 'mstcn_sep_conjunctive' (id=m-6a178677d8f14f978dc773134757e233) params={'model_size_mb': '3.5488', 'n_model_params': '271764', 'name': 'seanet_conjunctive'}
    [mlflow] logged run 'seanet_conjunctive_ChlorineConcentration'  (train_acc=0.9840 val_acc=0.8587 test_acc=0.8049 test_loss=0.5365)
[  9/129] ChlorineConcentration        DONE  acc=0.8049 loss=0.5365 AOPCR= -0.083 NDCG=  n/a C=  3 T=   33 (59s)  [9 trained / 0 failed so far]
[ 10/129] CinCECGTorso
    stage 1/3: loading data ...
    stage 2/3: training on 40 series (no val (train-loss early stop), C=4, T=327, batch=4) ...
    stage 3/3: scoring on 1380 test series (accuracy + AOPCR) ...
    [mlflow] versioned model 'mstcn_sep_conjunctive' (id=m-7e71411376ba48e09421549e9b3b8941) params={'model_size_mb': '3.5493', 'n_model_params': '271893', 'name': 'seanet_conjunctive'}
    [mlflow] logged run 'seanet_conjunctive_CinCECGTorso'  (train_acc=1.0000 test_acc=0.8232 test_loss=0.5197)
[ 10/129] CinCECGTorso                 DONE  acc=0.8232 loss=0.5197 AOPCR=  0.361 NDCG=  n/a C=  4 T=  327 (29s)  [10 trained / 0 failed so far]
[ 11/129] Coffee
    stage 1/3: loading data ...
    stage 2/3: training on 28 series (no val (train-loss early stop), C=2, T=57, batch=2) ...
    stage 3/3: scoring on 28 test series (accuracy + AOPCR) ...
    [mlflow] versioned model 'mstcn_sep_conjunctive' (id=m-e9119bbff29d4710b683c51e95180467) params={'model_size_mb': '3.5483', 'n_model_params': '271635', 'name': 'seanet_conjunctive'}
    [mlflow] logged run 'seanet_conjunctive_Coffee'  (train_acc=1.0000 test_acc=1.0000 test_loss=0.0838)
[ 11/129] Coffee                       DONE  acc=1.0000 loss=0.0838 AOPCR=  0.362 NDCG=  n/a C=  2 T=   57 (23s)  [11 trained / 0 failed so far]
[ 12/129] Computers
    stage 1/3: loading data ...
    stage 2/3: training on 200 series (val=50, C=2, T=144, batch=16) ...
    stage 3/3: scoring on 250 test series (accuracy + AOPCR) ...
    [mlflow] versioned model 'mstcn_sep_conjunctive' (id=m-26073389d18a4f73b7d4225b4dcd1b99) params={'model_size_mb': '3.5483', 'n_model_params': '271635', 'name': 'seanet_conjunctive'}
    [mlflow] logged run 'seanet_conjunctive_Computers'  (train_acc=0.9950 val_acc=0.6800 test_acc=0.6120 test_loss=0.7358)
[ 12/129] Computers                    DONE  acc=0.6120 loss=0.7358 AOPCR=  0.192 NDCG=  n/a C=  2 T=  144 (11s)  [12 trained / 0 failed so far]
[ 13/129] CricketX
    stage 1/3: loading data ...
    stage 2/3: training on 317 series (val=73, C=12, T=60, batch=16) ...
    stage 3/3: scoring on 390 test series (accuracy + AOPCR) ...
    [mlflow] versioned model 'mstcn_sep_conjunctive' (id=m-19d83f90ddbc4a0f8a6b91098e0f57bb) params={'model_size_mb': '3.5532', 'n_model_params': '272925', 'name': 'seanet_conjunctive'}
    [mlflow] logged run 'seanet_conjunctive_CricketX'  (train_acc=1.0000 val_acc=0.8219 test_acc=0.7949 test_loss=0.7375)
[ 13/129] CricketX                     DONE  acc=0.7949 loss=0.7375 AOPCR=  0.852 NDCG=  n/a C= 12 T=   60 (24s)  [13 trained / 0 failed so far]
[ 14/129] CricketY
    stage 1/3: loading data ...
    stage 2/3: training on 317 series (val=73, C=12, T=60, batch=16) ...
    stage 3/3: scoring on 390 test series (accuracy + AOPCR) ...
    [mlflow] versioned model 'mstcn_sep_conjunctive' (id=m-5e5af1558d8e41ce9fa8a089efe29af6) params={'model_size_mb': '3.5532', 'n_model_params': '272925', 'name': 'seanet_conjunctive'}
    [mlflow] logged run 'seanet_conjunctive_CricketY'  (train_acc=0.9464 val_acc=0.7808 test_acc=0.7154 test_loss=0.8111)
[ 14/129] CricketY                     DONE  acc=0.7154 loss=0.8111 AOPCR=  0.360 NDCG=  n/a C= 12 T=   60 (13s)  [14 trained / 0 failed so far]
[ 15/129] CricketZ
    stage 1/3: loading data ...
    stage 2/3: training on 316 series (val=74, C=12, T=60, batch=16) ...
    stage 3/3: scoring on 390 test series (accuracy + AOPCR) ...
    [mlflow] versioned model 'mstcn_sep_conjunctive' (id=m-b6c50081edf64b6b8e9793b51ff517a9) params={'model_size_mb': '3.5532', 'n_model_params': '272925', 'name': 'seanet_conjunctive'}
    [mlflow] logged run 'seanet_conjunctive_CricketZ'  (train_acc=1.0000 val_acc=0.8243 test_acc=0.7923 test_loss=0.8335)
[ 15/129] CricketZ                     DONE  acc=0.7923 loss=0.8335 AOPCR=  0.783 NDCG=  n/a C= 12 T=   60 (32s)  [15 trained / 0 failed so far]
[ 16/129] DiatomSizeReduction
    stage 1/3: loading data ...
    stage 2/3: training on 16 series (no val (train-loss early stop), C=4, T=69, batch=2) ...
    stage 3/3: scoring on 306 test series (accuracy + AOPCR) ...
    [mlflow] versioned model 'mstcn_sep_conjunctive' (id=m-1bc336d0d33347a6a377aeb709e5ad03) params={'model_size_mb': '3.5493', 'n_model_params': '271893', 'name': 'seanet_conjunctive'}
    [mlflow] logged run 'seanet_conjunctive_DiatomSizeReduction'  (train_acc=1.0000 test_acc=0.9542 test_loss=0.1890)
[ 16/129] DiatomSizeReduction          DONE  acc=0.9542 loss=0.1890 AOPCR=  0.285 NDCG=  n/a C=  4 T=   69 (15s)  [16 trained / 0 failed so far]
[ 17/129] DistalPhalanxOutlineAgeGroup
    stage 1/3: loading data ...
    stage 2/3: training on 321 series (val=79, C=3, T=16, batch=16) ...
    stage 3/3: scoring on 139 test series (accuracy + AOPCR) ...
    [mlflow] versioned model 'mstcn_sep_conjunctive' (id=m-48d29cc87b004fb4a71d0c3387d78b1c) params={'model_size_mb': '3.5488', 'n_model_params': '271764', 'name': 'seanet_conjunctive'}
    [mlflow] logged run 'seanet_conjunctive_DistalPhalanxOutlineAgeGroup'  (train_acc=0.8723 val_acc=0.8354 test_acc=0.7338 test_loss=0.6008)
[ 17/129] DistalPhalanxOutlineAgeGroup DONE  acc=0.7338 loss=0.6008 AOPCR= -0.449 NDCG=  n/a C=  3 T=   16 (17s)  [17 trained / 0 failed so far]
[ 18/129] DistalPhalanxOutlineCorrect
    stage 1/3: loading data ...
    stage 2/3: training on 481 series (val=119, C=2, T=16, batch=16) ...
    stage 3/3: scoring on 276 test series (accuracy + AOPCR) ...
    [mlflow] versioned model 'mstcn_sep_conjunctive' (id=m-3228ced287314afbbd22b39abe41b8f0) params={'model_size_mb': '3.5483', 'n_model_params': '271635', 'name': 'seanet_conjunctive'}
    [mlflow] logged run 'seanet_conjunctive_DistalPhalanxOutlineCorrect'  (train_acc=0.8898 val_acc=0.8235 test_acc=0.7754 test_loss=0.4898)
[ 18/129] DistalPhalanxOutlineCorrect  DONE  acc=0.7754 loss=0.4898 AOPCR=  0.070 NDCG=  n/a C=  2 T=   16 (20s)  [18 trained / 0 failed so far]
[ 19/129] DistalPhalanxTW
    stage 1/3: loading data ...
    stage 2/3: training on 323 series (val=77, C=6, T=16, batch=16) ...
    stage 3/3: scoring on 139 test series (accuracy + AOPCR) ...
    [mlflow] versioned model 'mstcn_sep_conjunctive' (id=m-8b76bbb0d99a45fba19edd3f627299cb) params={'model_size_mb': '3.5503', 'n_model_params': '272151', 'name': 'seanet_conjunctive'}
    [mlflow] logged run 'seanet_conjunctive_DistalPhalanxTW'  (train_acc=0.8297 val_acc=0.8442 test_acc=0.6763 test_loss=0.8115)
[ 19/129] DistalPhalanxTW              DONE  acc=0.6763 loss=0.8115 AOPCR= -0.092 NDCG=  n/a C=  6 T=   16 (16s)  [19 trained / 0 failed so far]
[ 20/129] Earthquakes
    stage 1/3: loading data ...
    stage 2/3: training on 259 series (val=63, C=2, T=102, batch=16) ...
    stage 3/3: scoring on 139 test series (accuracy + AOPCR) ...
    [mlflow] versioned model 'mstcn_sep_conjunctive' (id=m-d3fc6b9313b3492bbcc5edc7a23ee9e8) params={'model_size_mb': '3.5483', 'n_model_params': '271635', 'name': 'seanet_conjunctive'}
    [mlflow] logged run 'seanet_conjunctive_Earthquakes'  (train_acc=0.8263 val_acc=0.8254 test_acc=0.7482 test_loss=0.5809)
[ 20/129] Earthquakes                  DONE  acc=0.7482 loss=0.5809 AOPCR=  0.048 NDCG=  n/a C=  2 T=  102 (9s)  [20 trained / 0 failed so far]
[ 21/129] ECG200
    stage 1/3: loading data ...
    stage 2/3: training on 81 series (val=19, C=2, T=19, batch=8) ...
    stage 3/3: scoring on 100 test series (accuracy + AOPCR) ...
    [mlflow] versioned model 'mstcn_sep_conjunctive' (id=m-3e7e691cd5474eb79fa73ac53cf24703) params={'model_size_mb': '3.5483', 'n_model_params': '271635', 'name': 'seanet_conjunctive'}
    [mlflow] logged run 'seanet_conjunctive_ECG200'  (train_acc=0.9753 val_acc=0.8947 test_acc=0.9100 test_loss=0.2764)
[ 21/129] ECG200                       DONE  acc=0.9100 loss=0.2764 AOPCR=  0.080 NDCG=  n/a C=  2 T=   19 (7s)  [21 trained / 0 failed so far]
[ 22/129] ECG5000
    stage 1/3: loading data ...
    stage 2/3: training on 401 series (val=99, C=5, T=28, batch=16) ...
    stage 3/3: scoring on 4500 test series (accuracy + AOPCR) ...
    [mlflow] versioned model 'mstcn_sep_conjunctive' (id=m-c3331bd3d7354c348a97329a720c5efd) params={'model_size_mb': '3.5498', 'n_model_params': '272022', 'name': 'seanet_conjunctive'}
    [mlflow] logged run 'seanet_conjunctive_ECG5000'  (train_acc=0.9751 val_acc=0.9394 test_acc=0.9458 test_loss=0.2704)
[ 22/129] ECG5000                      DONE  acc=0.9458 loss=0.2704 AOPCR= -0.008 NDCG=  n/a C=  5 T=   28 (19s)  [22 trained / 0 failed so far]
[ 23/129] ECGFiveDays
    stage 1/3: loading data ...
    stage 2/3: training on 23 series (no val (train-loss early stop), C=2, T=27, batch=2) ...
    stage 3/3: scoring on 861 test series (accuracy + AOPCR) ...
    [mlflow] versioned model 'mstcn_sep_conjunctive' (id=m-73f181d94c9e4ae38d3a87f7c260f15a) params={'model_size_mb': '3.5483', 'n_model_params': '271635', 'name': 'seanet_conjunctive'}
    [mlflow] logged run 'seanet_conjunctive_ECGFiveDays'  (train_acc=1.0000 test_acc=0.9803 test_loss=0.1240)
[ 23/129] ECGFiveDays                  DONE  acc=0.9803 loss=0.1240 AOPCR= -0.000 NDCG=  n/a C=  2 T=   27 (19s)  [23 trained / 0 failed so far]
[ 24/129] ElectricDevices
    stage 1/3: loading data ...
    stage 2/3: training on 7144 series (val=1782, C=7, T=19, batch=16) ...
    stage 3/3: scoring on 7711 test series (accuracy + AOPCR) ...
    [mlflow] versioned model 'mstcn_sep_conjunctive' (id=m-686ff7d24cc34e7e943c75f13633f686) params={'model_size_mb': '3.5508', 'n_model_params': '272280', 'name': 'seanet_conjunctive'}
    [mlflow] logged run 'seanet_conjunctive_ElectricDevices'  (train_acc=0.9239 val_acc=0.8418 test_acc=0.6677 test_loss=1.0450)
[ 24/129] ElectricDevices              DONE  acc=0.6677 loss=1.0450 AOPCR=  0.134 NDCG=  n/a C=  7 T=   19 (308s)  [24 trained / 0 failed so far]
[ 25/129] FaceAll
    stage 1/3: loading data ...
    stage 2/3: training on 448 series (val=112, C=14, T=26, batch=16) ...
    stage 3/3: scoring on 1690 test series (accuracy + AOPCR) ...
    [mlflow] versioned model 'mstcn_sep_conjunctive' (id=m-f114580a560047d3a212e3773e1eea3c) params={'model_size_mb': '3.5542', 'n_model_params': '273183', 'name': 'seanet_conjunctive'}
    [mlflow] logged run 'seanet_conjunctive_FaceAll'  (train_acc=1.0000 val_acc=0.9821 test_acc=0.7574 test_loss=0.8719)
[ 25/129] FaceAll                      DONE  acc=0.7574 loss=0.8719 AOPCR=  0.292 NDCG=  n/a C= 14 T=   26 (33s)  [25 trained / 0 failed so far]
[ 26/129] FaceFour
    stage 1/3: loading data ...
    stage 2/3: training on 24 series (no val (train-loss early stop), C=4, T=70, batch=2) ...
    stage 3/3: scoring on 88 test series (accuracy + AOPCR) ...
    [mlflow] versioned model 'mstcn_sep_conjunctive' (id=m-14e6021bd1ff43fd99625f99e9068300) params={'model_size_mb': '3.5493', 'n_model_params': '271893', 'name': 'seanet_conjunctive'}
    [mlflow] logged run 'seanet_conjunctive_FaceFour'  (train_acc=1.0000 test_acc=0.9659 test_loss=0.2404)
[ 26/129] FaceFour                     DONE  acc=0.9659 loss=0.2404 AOPCR= -0.080 NDCG=  n/a C=  4 T=   70 (19s)  [26 trained / 0 failed so far]
[ 27/129] FacesUCR
    stage 1/3: loading data ...
    stage 2/3: training on 165 series (val=35, C=14, T=26, batch=16) ...
    stage 3/3: scoring on 2050 test series (accuracy + AOPCR) ...
    [mlflow] versioned model 'mstcn_sep_conjunctive' (id=m-010d731c64e04e1c9901331d50b5c851) params={'model_size_mb': '3.5542', 'n_model_params': '273183', 'name': 'seanet_conjunctive'}
    [mlflow] logged run 'seanet_conjunctive_FacesUCR'  (train_acc=1.0000 val_acc=0.9143 test_acc=0.8902 test_loss=0.4576)
[ 27/129] FacesUCR                     DONE  acc=0.8902 loss=0.4576 AOPCR=  0.095 NDCG=  n/a C= 14 T=   26 (18s)  [27 trained / 0 failed so far]
[ 28/129] FiftyWords
    stage 1/3: loading data ...
    stage 2/3: training on 365 series (val=85, C=50, T=54, batch=16) ...
    stage 3/3: scoring on 455 test series (accuracy + AOPCR) ...
    [mlflow] versioned model 'mstcn_sep_conjunctive' (id=m-0ca6905be1274cc1b864223fe0cf4432) params={'model_size_mb': '3.572', 'n_model_params': '277827', 'name': 'seanet_conjunctive'}
    [mlflow] logged run 'seanet_conjunctive_FiftyWords'  (train_acc=1.0000 val_acc=0.7647 test_acc=0.7582 test_loss=0.9514)
[ 28/129] FiftyWords                   DONE  acc=0.7582 loss=0.9514 AOPCR=  0.536 NDCG=  n/a C= 50 T=   54 (26s)  [28 trained / 0 failed so far]
[ 29/129] Fish
    stage 1/3: loading data ...
    stage 2/3: training on 142 series (val=33, C=7, T=92, batch=14) ...
    stage 3/3: scoring on 175 test series (accuracy + AOPCR) ...
    [mlflow] versioned model 'mstcn_sep_conjunctive' (id=m-c7875f068ef44d12bd3af1d85fd3b158) params={'model_size_mb': '3.5508', 'n_model_params': '272280', 'name': 'seanet_conjunctive'}
    [mlflow] logged run 'seanet_conjunctive_Fish'  (train_acc=1.0000 val_acc=1.0000 test_acc=0.9371 test_loss=0.3021)
[ 29/129] Fish                         DONE  acc=0.9371 loss=0.3021 AOPCR=  0.090 NDCG=  n/a C=  7 T=   92 (18s)  [29 trained / 0 failed so far]
[ 30/129] FordA
    stage 1/3: loading data ...
    stage 2/3: training on 2881 series (val=720, C=2, T=100, batch=16) ...
    stage 3/3: scoring on 1320 test series (accuracy + AOPCR) ...
    [mlflow] versioned model 'mstcn_sep_conjunctive' (id=m-e171ef7a9fa84fff9197679b85bbfe45) params={'model_size_mb': '3.5483', 'n_model_params': '271635', 'name': 'seanet_conjunctive'}
    [mlflow] logged run 'seanet_conjunctive_FordA'  (train_acc=0.9660 val_acc=0.9667 test_acc=0.9561 test_loss=0.1680)
[ 30/129] FordA                        DONE  acc=0.9561 loss=0.1680 AOPCR=  0.011 NDCG=  n/a C=  2 T=  100 (118s)  [30 trained / 0 failed so far]
[ 31/129] FordB
    stage 1/3: loading data ...
    stage 2/3: training on 2909 series (val=727, C=2, T=100, batch=16) ...
    stage 3/3: scoring on 810 test series (accuracy + AOPCR) ...
    [mlflow] versioned model 'mstcn_sep_conjunctive' (id=m-ba8c59682b6043118fe9561043960654) params={'model_size_mb': '3.5483', 'n_model_params': '271635', 'name': 'seanet_conjunctive'}
    [mlflow] logged run 'seanet_conjunctive_FordB'  (train_acc=0.9897 val_acc=0.9656 test_acc=0.8494 test_loss=0.3507)
[ 31/129] FordB                        DONE  acc=0.8494 loss=0.3507 AOPCR=  0.005 NDCG=  n/a C=  2 T=  100 (126s)  [31 trained / 0 failed so far]
[ 32/129] GunPoint
    stage 1/3: loading data ...
    stage 2/3: training on 50 series (no val (train-loss early stop), C=2, T=30, batch=5) ...
    stage 3/3: scoring on 150 test series (accuracy + AOPCR) ...
    [mlflow] versioned model 'mstcn_sep_conjunctive' (id=m-ded7c9ea0bcf46aeb3bcb8f319574431) params={'model_size_mb': '3.5483', 'n_model_params': '271635', 'name': 'seanet_conjunctive'}
    [mlflow] logged run 'seanet_conjunctive_GunPoint'  (train_acc=1.0000 test_acc=0.9800 test_loss=0.1085)
[ 32/129] GunPoint                     DONE  acc=0.9800 loss=0.1085 AOPCR=  0.213 NDCG=  n/a C=  2 T=   30 (24s)  [32 trained / 0 failed so far]
[ 33/129] Ham
    stage 1/3: loading data ...
    stage 2/3: training on 88 series (val=21, C=2, T=86, batch=8) ...
    stage 3/3: scoring on 105 test series (accuracy + AOPCR) ...
    [mlflow] versioned model 'mstcn_sep_conjunctive' (id=m-cc18a24cb80a4aeeb564caf2382c2e77) params={'model_size_mb': '3.5483', 'n_model_params': '271635', 'name': 'seanet_conjunctive'}
    [mlflow] logged run 'seanet_conjunctive_Ham'  (train_acc=1.0000 val_acc=0.8095 test_acc=0.7048 test_loss=0.6076)
[ 33/129] Ham                          DONE  acc=0.7048 loss=0.6076 AOPCR=  0.218 NDCG=  n/a C=  2 T=   86 (7s)  [33 trained / 0 failed so far]
[ 34/129] HandOutlines
    stage 1/3: loading data ...
    stage 2/3: training on 801 series (val=199, C=2, T=541, batch=16) ...
    stage 3/3: scoring on 370 test series (accuracy + AOPCR) ...
    [mlflow] versioned model 'mstcn_sep_conjunctive' (id=m-285b7739702c4eed9f31127fa6a048bc) params={'model_size_mb': '3.5483', 'n_model_params': '271635', 'name': 'seanet_conjunctive'}
    [mlflow] logged run 'seanet_conjunctive_HandOutlines'  (train_acc=0.9888 val_acc=0.9196 test_acc=0.9568 test_loss=0.1815)
[ 34/129] HandOutlines                 DONE  acc=0.9568 loss=0.1815 AOPCR= -0.029 NDCG=  n/a C=  2 T=  541 (68s)  [34 trained / 0 failed so far]
[ 35/129] Haptics
    stage 1/3: loading data ...
    stage 2/3: training on 127 series (val=28, C=5, T=218, batch=12) ...
    stage 3/3: scoring on 308 test series (accuracy + AOPCR) ...
    [mlflow] versioned model 'mstcn_sep_conjunctive' (id=m-e9e209291a4e4db09e4196571687e271) params={'model_size_mb': '3.5498', 'n_model_params': '272022', 'name': 'seanet_conjunctive'}
    [mlflow] logged run 'seanet_conjunctive_Haptics'  (train_acc=0.9843 val_acc=0.6786 test_acc=0.4870 test_loss=1.3939)
[ 35/129] Haptics                      DONE  acc=0.4870 loss=1.3939 AOPCR=  0.290 NDCG=  n/a C=  5 T=  218 (10s)  [35 trained / 0 failed so far]
[ 36/129] Herring
    stage 1/3: loading data ...
    stage 2/3: training on 64 series (no val (train-loss early stop), C=2, T=102, batch=6) ...
    stage 3/3: scoring on 64 test series (accuracy + AOPCR) ...
    [mlflow] versioned model 'mstcn_sep_conjunctive' (id=m-09be9b3beee5423ba213aac69245930e) params={'model_size_mb': '3.5483', 'n_model_params': '271635', 'name': 'seanet_conjunctive'}
    [mlflow] logged run 'seanet_conjunctive_Herring'  (train_acc=1.0000 test_acc=0.6094 test_loss=1.0331)
[ 36/129] Herring                      DONE  acc=0.6094 loss=1.0331 AOPCR=  0.303 NDCG=  n/a C=  2 T=  102 (35s)  [36 trained / 0 failed so far]
[ 37/129] InlineSkate
    stage 1/3: loading data ...
    stage 2/3: training on 84 series (val=16, C=7, T=376, batch=8) ...
    stage 3/3: scoring on 550 test series (accuracy + AOPCR) ...
    [mlflow] versioned model 'mstcn_sep_conjunctive' (id=m-78bfd78ccd364e36836d93a1525e57b9) params={'model_size_mb': '3.5508', 'n_model_params': '272280', 'name': 'seanet_conjunctive'}
    [mlflow] logged run 'seanet_conjunctive_InlineSkate'  (train_acc=1.0000 val_acc=0.5625 test_acc=0.4109 test_loss=1.6347)
[ 37/129] InlineSkate                  DONE  acc=0.4109 loss=1.6347 AOPCR=  0.408 NDCG=  n/a C=  7 T=  376 (13s)  [37 trained / 0 failed so far]
[ 38/129] InsectWingbeatSound
    stage 1/3: loading data ...
    stage 2/3: training on 176 series (val=44, C=11, T=51, batch=16) ...
    stage 3/3: scoring on 1980 test series (accuracy + AOPCR) ...
    [mlflow] versioned model 'mstcn_sep_conjunctive' (id=m-a51330c1404c40a6b5cc052475499ad9) params={'model_size_mb': '3.5527', 'n_model_params': '272796', 'name': 'seanet_conjunctive'}
    [mlflow] logged run 'seanet_conjunctive_InsectWingbeatSound'  (train_acc=0.7273 val_acc=0.5909 test_acc=0.6222 test_loss=0.9734)
[ 38/129] InsectWingbeatSound          DONE  acc=0.6222 loss=0.9734 AOPCR=  0.064 NDCG=  n/a C= 11 T=   51 (7s)  [38 trained / 0 failed so far]
[ 39/129] ItalyPowerDemand
    stage 1/3: loading data ...
    stage 2/3: training on 67 series (no val (train-loss early stop), C=2, T=4, batch=6) ...
    stage 3/3: scoring on 1029 test series (accuracy + AOPCR) ...
    [mlflow] versioned model 'mstcn_sep_conjunctive' (id=m-d4103ab4c9a04040a10aa315f772e558) params={'model_size_mb': '3.5483', 'n_model_params': '271635', 'name': 'seanet_conjunctive'}
    [mlflow] logged run 'seanet_conjunctive_ItalyPowerDemand'  (train_acc=1.0000 test_acc=0.9640 test_loss=0.1435)
[ 39/129] ItalyPowerDemand             DONE  acc=0.9640 loss=0.1435 AOPCR= -0.010 NDCG=  n/a C=  2 T=    4 (29s)  [39 trained / 0 failed so far]
[ 40/129] LargeKitchenAppliances
    stage 1/3: loading data ...
    stage 2/3: training on 300 series (val=75, C=3, T=144, batch=16) ...
    stage 3/3: scoring on 375 test series (accuracy + AOPCR) ...
    [mlflow] versioned model 'mstcn_sep_conjunctive' (id=m-650f4e0a2f414b1e946ad851f16010b6) params={'model_size_mb': '3.5488', 'n_model_params': '271764', 'name': 'seanet_conjunctive'}
    [mlflow] logged run 'seanet_conjunctive_LargeKitchenAppliances'  (train_acc=1.0000 val_acc=0.9333 test_acc=0.7840 test_loss=0.5857)
[ 40/129] LargeKitchenAppliances       DONE  acc=0.7840 loss=0.5857 AOPCR=  0.564 NDCG=  n/a C=  3 T=  144 (30s)  [40 trained / 0 failed so far]
[ 41/129] Lightning2
    stage 1/3: loading data ...
    stage 2/3: training on 60 series (no val (train-loss early stop), C=2, T=127, batch=6) ...
    stage 3/3: scoring on 61 test series (accuracy + AOPCR) ...
    [mlflow] versioned model 'mstcn_sep_conjunctive' (id=m-853dd7bdd2eb46119157cd8597ac8bb2) params={'model_size_mb': '3.5483', 'n_model_params': '271635', 'name': 'seanet_conjunctive'}
    [mlflow] logged run 'seanet_conjunctive_Lightning2'  (train_acc=1.0000 test_acc=0.7049 test_loss=0.6446)
[ 41/129] Lightning2                   DONE  acc=0.7049 loss=0.6446 AOPCR=  0.734 NDCG=  n/a C=  2 T=  127 (25s)  [41 trained / 0 failed so far]
[ 42/129] Lightning7
    stage 1/3: loading data ...
    stage 2/3: training on 70 series (no val (train-loss early stop), C=7, T=63, batch=7) ...
    stage 3/3: scoring on 73 test series (accuracy + AOPCR) ...
    [mlflow] versioned model 'mstcn_sep_conjunctive' (id=m-8069b354f23741e184e8bfd9ae98a972) params={'model_size_mb': '3.5508', 'n_model_params': '272280', 'name': 'seanet_conjunctive'}
    [mlflow] logged run 'seanet_conjunctive_Lightning7'  (train_acc=1.0000 test_acc=0.7397 test_loss=0.9168)
[ 42/129] Lightning7                   DONE  acc=0.7397 loss=0.9168 AOPCR=  1.014 NDCG=  n/a C=  7 T=   63 (20s)  [42 trained / 0 failed so far]
[ 43/129] Mallat
    stage 1/3: loading data ...
    stage 2/3: training on 55 series (no val (train-loss early stop), C=8, T=204, batch=5) ...
    stage 3/3: scoring on 2345 test series (accuracy + AOPCR) ...
    [mlflow] versioned model 'mstcn_sep_conjunctive' (id=m-07926ef9187648d4ba95f70b5747c6d3) params={'model_size_mb': '3.5513', 'n_model_params': '272409', 'name': 'seanet_conjunctive'}
    [mlflow] logged run 'seanet_conjunctive_Mallat'  (train_acc=1.0000 test_acc=0.9151 test_loss=0.3523)
[ 43/129] Mallat                       DONE  acc=0.9151 loss=0.3523 AOPCR=  0.164 NDCG=  n/a C=  8 T=  204 (18s)  [43 trained / 0 failed so far]
[ 44/129] Meat
    stage 1/3: loading data ...
    stage 2/3: training on 60 series (no val (train-loss early stop), C=3, T=89, batch=6) ...
    stage 3/3: scoring on 60 test series (accuracy + AOPCR) ...
    [mlflow] versioned model 'mstcn_sep_conjunctive' (id=m-ae433fed53c24200a2f193180d84bde4) params={'model_size_mb': '3.5488', 'n_model_params': '271764', 'name': 'seanet_conjunctive'}
    [mlflow] logged run 'seanet_conjunctive_Meat'  (train_acc=1.0000 test_acc=0.9333 test_loss=0.2111)
[ 44/129] Meat                         DONE  acc=0.9333 loss=0.2111 AOPCR=  0.423 NDCG=  n/a C=  3 T=   89 (30s)  [44 trained / 0 failed so far]
[ 45/129] MedicalImages
    stage 1/3: loading data ...
    stage 2/3: training on 307 series (val=74, C=10, T=19, batch=16) ...
    stage 3/3: scoring on 760 test series (accuracy + AOPCR) ...
    [mlflow] versioned model 'mstcn_sep_conjunctive' (id=m-276cbfd0abb3445d8f088e2f44227a96) params={'model_size_mb': '3.5522', 'n_model_params': '272667', 'name': 'seanet_conjunctive'}
    [mlflow] logged run 'seanet_conjunctive_MedicalImages'  (train_acc=0.9414 val_acc=0.7703 test_acc=0.7145 test_loss=0.8245)
[ 45/129] MedicalImages                DONE  acc=0.7145 loss=0.8245 AOPCR=  0.251 NDCG=  n/a C= 10 T=   19 (17s)  [45 trained / 0 failed so far]
[ 46/129] MiddlePhalanxOutlineAgeGroup
    stage 1/3: loading data ...
    stage 2/3: training on 321 series (val=79, C=3, T=16, batch=16) ...
    stage 3/3: scoring on 154 test series (accuracy + AOPCR) ...
    [mlflow] versioned model 'mstcn_sep_conjunctive' (id=m-73970b559eb64be3ae973cf9f3370d9d) params={'model_size_mb': '3.5488', 'n_model_params': '271764', 'name': 'seanet_conjunctive'}
    [mlflow] logged run 'seanet_conjunctive_MiddlePhalanxOutlineAgeGroup'  (train_acc=0.8193 val_acc=0.7848 test_acc=0.5584 test_loss=0.9407)
[ 46/129] MiddlePhalanxOutlineAgeGroup DONE  acc=0.5584 loss=0.9407 AOPCR= -0.046 NDCG=  n/a C=  3 T=   16 (14s)  [46 trained / 0 failed so far]
[ 47/129] MiddlePhalanxOutlineCorrect
    stage 1/3: loading data ...
    stage 2/3: training on 481 series (val=119, C=2, T=16, batch=16) ...
    stage 3/3: scoring on 291 test series (accuracy + AOPCR) ...
    [mlflow] versioned model 'mstcn_sep_conjunctive' (id=m-4de723da05d9448d91b47249be0f6a99) params={'model_size_mb': '3.5483', 'n_model_params': '271635', 'name': 'seanet_conjunctive'}
    [mlflow] logged run 'seanet_conjunctive_MiddlePhalanxOutlineCorrect'  (train_acc=0.8836 val_acc=0.8235 test_acc=0.8041 test_loss=0.4446)
[ 47/129] MiddlePhalanxOutlineCorrect  DONE  acc=0.8041 loss=0.4446 AOPCR= -0.213 NDCG=  n/a C=  2 T=   16 (21s)  [47 trained / 0 failed so far]
[ 48/129] MiddlePhalanxTW
    stage 1/3: loading data ...
    stage 2/3: training on 321 series (val=78, C=6, T=16, batch=16) ...
    stage 3/3: scoring on 154 test series (accuracy + AOPCR) ...
    [mlflow] versioned model 'mstcn_sep_conjunctive' (id=m-746063da51a845d78dd8306a0e3ba685) params={'model_size_mb': '3.5503', 'n_model_params': '272151', 'name': 'seanet_conjunctive'}
    [mlflow] logged run 'seanet_conjunctive_MiddlePhalanxTW'  (train_acc=0.6760 val_acc=0.6410 test_acc=0.6169 test_loss=1.0613)
[ 48/129] MiddlePhalanxTW              DONE  acc=0.6169 loss=1.0613 AOPCR=  0.823 NDCG=  n/a C=  6 T=   16 (25s)  [48 trained / 0 failed so far]
[ 49/129] MoteStrain
    stage 1/3: loading data ...
    stage 2/3: training on 20 series (no val (train-loss early stop), C=2, T=16, batch=2) ...
    stage 3/3: scoring on 1252 test series (accuracy + AOPCR) ...
    [mlflow] versioned model 'mstcn_sep_conjunctive' (id=m-2a257da2525e4a76afed1876fb856206) params={'model_size_mb': '3.5483', 'n_model_params': '271635', 'name': 'seanet_conjunctive'}
    [mlflow] logged run 'seanet_conjunctive_MoteStrain'  (train_acc=1.0000 test_acc=0.8506 test_loss=0.3260)
[ 49/129] MoteStrain                   DONE  acc=0.8506 loss=0.3260 AOPCR=  0.436 NDCG=  n/a C=  2 T=   16 (13s)  [49 trained / 0 failed so far]
[ 50/129] NonInvasiveFetalECGThorax1
    stage 1/3: loading data ...
    stage 2/3: training on 1452 series (val=348, C=42, T=150, batch=16) ...
    stage 3/3: scoring on 1965 test series (accuracy + AOPCR) ...
    [mlflow] versioned model 'mstcn_sep_conjunctive' (id=m-d17b16241dd44b5096f699a0f7eed42f) params={'model_size_mb': '3.568', 'n_model_params': '276795', 'name': 'seanet_conjunctive'}
    [mlflow] logged run 'seanet_conjunctive_NonInvasiveFetalECGThorax1'  (train_acc=0.9959 val_acc=0.9368 test_acc=0.9242 test_loss=0.3233)
[ 50/129] NonInvasiveFetalECGThorax1   DONE  acc=0.9242 loss=0.3233 AOPCR= -0.816 NDCG=  n/a C= 42 T=  150 (204s)  [50 trained / 0 failed so far]
[ 51/129] NonInvasiveFetalECGThorax2
    stage 1/3: loading data ...
    stage 2/3: training on 1452 series (val=348, C=42, T=150, batch=16) ...
    stage 3/3: scoring on 1965 test series (accuracy + AOPCR) ...
    [mlflow] versioned model 'mstcn_sep_conjunctive' (id=m-22126abf17b14de8984a0d514dbe7362) params={'model_size_mb': '3.568', 'n_model_params': '276795', 'name': 'seanet_conjunctive'}
    [mlflow] logged run 'seanet_conjunctive_NonInvasiveFetalECGThorax2'  (train_acc=0.9938 val_acc=0.9540 test_acc=0.9450 test_loss=0.2277)
[ 51/129] NonInvasiveFetalECGThorax2   DONE  acc=0.9450 loss=0.2277 AOPCR= -0.020 NDCG=  n/a C= 42 T=  150 (105s)  [51 trained / 0 failed so far]
[ 52/129] OliveOil
    stage 1/3: loading data ...
    stage 2/3: training on 30 series (no val (train-loss early stop), C=4, T=114, batch=3) ...
    stage 3/3: scoring on 30 test series (accuracy + AOPCR) ...
    [mlflow] versioned model 'mstcn_sep_conjunctive' (id=m-4b44ccf11248403ba731fc4d6b9aafc8) params={'model_size_mb': '3.5493', 'n_model_params': '271893', 'name': 'seanet_conjunctive'}
    [mlflow] logged run 'seanet_conjunctive_OliveOil'  (train_acc=0.4333 test_acc=0.4000 test_loss=1.3052)
[ 52/129] OliveOil                     DONE  acc=0.4000 loss=1.3052 AOPCR=  0.059 NDCG=  n/a C=  4 T=  114 (5s)  [52 trained / 0 failed so far]
[ 53/129] OSULeaf
    stage 1/3: loading data ...
    stage 2/3: training on 163 series (val=37, C=6, T=85, batch=16) ...
    stage 3/3: scoring on 242 test series (accuracy + AOPCR) ...
    [mlflow] versioned model 'mstcn_sep_conjunctive' (id=m-9faa71e61d604036a723478872999693) params={'model_size_mb': '3.5503', 'n_model_params': '272151', 'name': 'seanet_conjunctive'}
    [mlflow] logged run 'seanet_conjunctive_OSULeaf'  (train_acc=1.0000 val_acc=0.9189 test_acc=0.7975 test_loss=0.5652)
[ 53/129] OSULeaf                      DONE  acc=0.7975 loss=0.5652 AOPCR=  0.259 NDCG=  n/a C=  6 T=   85 (13s)  [53 trained / 0 failed so far]
[ 54/129] PhalangesOutlinesCorrect
    stage 1/3: loading data ...
    stage 2/3: training on 1441 series (val=359, C=2, T=16, batch=16) ...
    stage 3/3: scoring on 858 test series (accuracy + AOPCR) ...
    [mlflow] versioned model 'mstcn_sep_conjunctive' (id=m-c207729eacd642099c9344c3f946b84a) params={'model_size_mb': '3.5483', 'n_model_params': '271635', 'name': 'seanet_conjunctive'}
    [mlflow] logged run 'seanet_conjunctive_PhalangesOutlinesCorrect'  (train_acc=0.9035 val_acc=0.8579 test_acc=0.8263 test_loss=0.4127)
[ 54/129] PhalangesOutlinesCorrect     DONE  acc=0.8263 loss=0.4127 AOPCR= -0.059 NDCG=  n/a C=  2 T=   16 (77s)  [54 trained / 0 failed so far]
[ 55/129] Phoneme
    stage 1/3: loading data ...
    stage 2/3: training on 171 series (val=43, C=39, T=204, batch=16) ...
    stage 3/3: scoring on 1896 test series (accuracy + AOPCR) ...
    [mlflow] versioned model 'mstcn_sep_conjunctive' (id=m-6c2adcb92f66473aab453773a0dc50a5) params={'model_size_mb': '3.5665', 'n_model_params': '276408', 'name': 'seanet_conjunctive'}
    [mlflow] logged run 'seanet_conjunctive_Phoneme'  (train_acc=0.4269 val_acc=0.2093 test_acc=0.2289 test_loss=2.8622)
[ 55/129] Phoneme                      DONE  acc=0.2289 loss=2.8622 AOPCR=  0.147 NDCG=  n/a C= 39 T=  204 (6s)  [55 trained / 0 failed so far]
[ 56/129] Plane
    stage 1/3: loading data ...
    stage 2/3: training on 87 series (val=18, C=7, T=28, batch=8) ...
    stage 3/3: scoring on 105 test series (accuracy + AOPCR) ...
    [mlflow] versioned model 'mstcn_sep_conjunctive' (id=m-9b43c68836d740e9a4fb7b9fe8dbf5d8) params={'model_size_mb': '3.5508', 'n_model_params': '272280', 'name': 'seanet_conjunctive'}
    [mlflow] logged run 'seanet_conjunctive_Plane'  (train_acc=1.0000 val_acc=1.0000 test_acc=1.0000 test_loss=0.0897)
[ 56/129] Plane                        DONE  acc=1.0000 loss=0.0897 AOPCR= -0.057 NDCG=  n/a C=  7 T=   28 (23s)  [56 trained / 0 failed so far]
[ 57/129] ProximalPhalanxOutlineAgeGroup
    stage 1/3: loading data ...
    stage 2/3: training on 322 series (val=78, C=3, T=16, batch=16) ...
    stage 3/3: scoring on 205 test series (accuracy + AOPCR) ...
    [mlflow] versioned model 'mstcn_sep_conjunctive' (id=m-2834b911127b47f0972ded5ed5ddc069) params={'model_size_mb': '3.5488', 'n_model_params': '271764', 'name': 'seanet_conjunctive'}
    [mlflow] logged run 'seanet_conjunctive_ProximalPhalanxOutlineAgeGroup'  (train_acc=0.8975 val_acc=0.8462 test_acc=0.8439 test_loss=0.4126)
[ 57/129] ProximalPhalanxOutlineAgeGroup DONE  acc=0.8439 loss=0.4126 AOPCR=  0.040 NDCG=  n/a C=  3 T=   16 (26s)  [57 trained / 0 failed so far]
[ 58/129] ProximalPhalanxOutlineCorrect
    stage 1/3: loading data ...
    stage 2/3: training on 481 series (val=119, C=2, T=16, batch=16) ...
    stage 3/3: scoring on 291 test series (accuracy + AOPCR) ...
    [mlflow] versioned model 'mstcn_sep_conjunctive' (id=m-c13371e912e747b5bd71db75c986ba58) params={'model_size_mb': '3.5483', 'n_model_params': '271635', 'name': 'seanet_conjunctive'}
    [mlflow] logged run 'seanet_conjunctive_ProximalPhalanxOutlineCorrect'  (train_acc=0.9709 val_acc=0.8824 test_acc=0.9038 test_loss=0.2759)
[ 58/129] ProximalPhalanxOutlineCorrect DONE  acc=0.9038 loss=0.2759 AOPCR=  0.070 NDCG=  n/a C=  2 T=   16 (55s)  [58 trained / 0 failed so far]
[ 59/129] ProximalPhalanxTW
    stage 1/3: loading data ...
    stage 2/3: training on 322 series (val=78, C=6, T=16, batch=16) ...
    stage 3/3: scoring on 205 test series (accuracy + AOPCR) ...
    [mlflow] versioned model 'mstcn_sep_conjunctive' (id=m-01a5ccd2c3ca47e1a860e500360ed2e0) params={'model_size_mb': '3.5503', 'n_model_params': '272151', 'name': 'seanet_conjunctive'}
    [mlflow] logged run 'seanet_conjunctive_ProximalPhalanxTW'  (train_acc=0.8975 val_acc=0.8462 test_acc=0.7854 test_loss=0.5679)
[ 59/129] ProximalPhalanxTW            DONE  acc=0.7854 loss=0.5679 AOPCR=  0.013 NDCG=  n/a C=  6 T=   16 (38s)  [59 trained / 0 failed so far]
[ 60/129] RefrigerationDevices
    stage 1/3: loading data ...
    stage 2/3: training on 300 series (val=75, C=3, T=144, batch=16) ...
    stage 3/3: scoring on 375 test series (accuracy + AOPCR) ...
    [mlflow] versioned model 'mstcn_sep_conjunctive' (id=m-2b4dc78a45964ea7a32d0eaa5b8427ea) params={'model_size_mb': '3.5488', 'n_model_params': '271764', 'name': 'seanet_conjunctive'}
    [mlflow] logged run 'seanet_conjunctive_RefrigerationDevices'  (train_acc=0.7833 val_acc=0.5867 test_acc=0.4347 test_loss=1.1685)
[ 60/129] RefrigerationDevices         DONE  acc=0.4347 loss=1.1685 AOPCR= -0.030 NDCG=  n/a C=  3 T=  144 (10s)  [60 trained / 0 failed so far]
[ 61/129] ScreenType
    stage 1/3: loading data ...
    stage 2/3: training on 300 series (val=75, C=3, T=144, batch=16) ...
    stage 3/3: scoring on 375 test series (accuracy + AOPCR) ...
    [mlflow] versioned model 'mstcn_sep_conjunctive' (id=m-19d47dd0e37f46e7827a7a2fc4fdf594) params={'model_size_mb': '3.5488', 'n_model_params': '271764', 'name': 'seanet_conjunctive'}
    [mlflow] logged run 'seanet_conjunctive_ScreenType'  (train_acc=0.6100 val_acc=0.4400 test_acc=0.4213 test_loss=1.0584)
[ 61/129] ScreenType                   DONE  acc=0.4213 loss=1.0584 AOPCR=  0.112 NDCG=  n/a C=  3 T=  144 (9s)  [61 trained / 0 failed so far]
[ 62/129] ShapeletSim
    stage 1/3: loading data ...
    stage 2/3: training on 20 series (no val (train-loss early stop), C=2, T=100, batch=2) ...
    stage 3/3: scoring on 180 test series (accuracy + AOPCR) ...
    [mlflow] versioned model 'mstcn_sep_conjunctive' (id=m-0627308317454b8db5ef0848d32ff99d) params={'model_size_mb': '3.5483', 'n_model_params': '271635', 'name': 'seanet_conjunctive'}
    [mlflow] logged run 'seanet_conjunctive_ShapeletSim'  (train_acc=1.0000 test_acc=0.6111 test_loss=0.8388)
[ 62/129] ShapeletSim                  DONE  acc=0.6111 loss=0.8388 AOPCR=  0.196 NDCG=  n/a C=  2 T=  100 (14s)  [62 trained / 0 failed so far]
[ 63/129] ShapesAll
    stage 1/3: loading data ...
    stage 2/3: training on 480 series (val=120, C=60, T=102, batch=16) ...
    stage 3/3: scoring on 600 test series (accuracy + AOPCR) ...
    [mlflow] versioned model 'mstcn_sep_conjunctive' (id=m-9dc1343b60b3473c8080ff8f56b148bd) params={'model_size_mb': '3.5768', 'n_model_params': '279117', 'name': 'seanet_conjunctive'}
    [mlflow] logged run 'seanet_conjunctive_ShapesAll'  (train_acc=0.9979 val_acc=0.9083 test_acc=0.8733 test_loss=0.5878)
[ 63/129] ShapesAll                    DONE  acc=0.8733 loss=0.5878 AOPCR=  0.515 NDCG=  n/a C= 60 T=  102 (69s)  [63 trained / 0 failed so far]
[ 64/129] SmallKitchenAppliances
    stage 1/3: loading data ...
    stage 2/3: training on 300 series (val=75, C=3, T=144, batch=16) ...
    stage 3/3: scoring on 375 test series (accuracy + AOPCR) ...
    [mlflow] versioned model 'mstcn_sep_conjunctive' (id=m-58fbb7517dc5487daf778c46a6cce415) params={'model_size_mb': '3.5488', 'n_model_params': '271764', 'name': 'seanet_conjunctive'}
    [mlflow] logged run 'seanet_conjunctive_SmallKitchenAppliances'  (train_acc=0.9567 val_acc=0.7467 test_acc=0.7147 test_loss=0.7329)
[ 64/129] SmallKitchenAppliances       DONE  acc=0.7147 loss=0.7329 AOPCR=  0.201 NDCG=  n/a C=  3 T=  144 (12s)  [64 trained / 0 failed so far]
[ 65/129] SonyAIBORobotSurface1
    stage 1/3: loading data ...
    stage 2/3: training on 20 series (no val (train-loss early stop), C=2, T=14, batch=2) ...
    stage 3/3: scoring on 601 test series (accuracy + AOPCR) ...
    [mlflow] versioned model 'mstcn_sep_conjunctive' (id=m-3cee6a27c1db49f796f0284eb34cf8bf) params={'model_size_mb': '3.5483', 'n_model_params': '271635', 'name': 'seanet_conjunctive'}
    [mlflow] logged run 'seanet_conjunctive_SonyAIBORobotSurface1'  (train_acc=1.0000 test_acc=0.8136 test_loss=0.4549)
[ 65/129] SonyAIBORobotSurface1        DONE  acc=0.8136 loss=0.4549 AOPCR= -0.313 NDCG=  n/a C=  2 T=   14 (16s)  [65 trained / 0 failed so far]
[ 66/129] SonyAIBORobotSurface2
    stage 1/3: loading data ...
    stage 2/3: training on 27 series (no val (train-loss early stop), C=2, T=13, batch=2) ...
    stage 3/3: scoring on 953 test series (accuracy + AOPCR) ...
    [mlflow] versioned model 'mstcn_sep_conjunctive' (id=m-79b1bc829c3d4ae18fe5835f7e648a23) params={'model_size_mb': '3.5483', 'n_model_params': '271635', 'name': 'seanet_conjunctive'}
    [mlflow] logged run 'seanet_conjunctive_SonyAIBORobotSurface2'  (train_acc=1.0000 test_acc=0.8447 test_loss=0.3549)
[ 66/129] SonyAIBORobotSurface2        DONE  acc=0.8447 loss=0.3549 AOPCR=  0.158 NDCG=  n/a C=  2 T=   13 (17s)  [66 trained / 0 failed so far]
[ 67/129] StarLightCurves
    stage 1/3: loading data ...
    stage 2/3: training on 801 series (val=199, C=3, T=204, batch=16) ...
    stage 3/3: scoring on 8236 test series (accuracy + AOPCR) ...
    [mlflow] versioned model 'mstcn_sep_conjunctive' (id=m-9a1b66c804be4b83910fda60d27ea5e7) params={'model_size_mb': '3.5488', 'n_model_params': '271764', 'name': 'seanet_conjunctive'}
    [mlflow] logged run 'seanet_conjunctive_StarLightCurves'  (train_acc=1.0000 val_acc=0.9899 test_acc=0.9773 test_loss=0.1559)
[ 67/129] StarLightCurves              DONE  acc=0.9773 loss=0.1559 AOPCR=  0.327 NDCG=  n/a C=  3 T=  204 (41s)  [67 trained / 0 failed so far]
[ 68/129] Strawberry
    stage 1/3: loading data ...
    stage 2/3: training on 492 series (val=121, C=2, T=47, batch=16) ...
    stage 3/3: scoring on 370 test series (accuracy + AOPCR) ...
    [mlflow] versioned model 'mstcn_sep_conjunctive' (id=m-911730bc755a4953aed6a47be0d0355a) params={'model_size_mb': '3.5483', 'n_model_params': '271635', 'name': 'seanet_conjunctive'}
    [mlflow] logged run 'seanet_conjunctive_Strawberry'  (train_acc=0.9756 val_acc=0.9917 test_acc=0.9595 test_loss=0.1655)
[ 68/129] Strawberry                   DONE  acc=0.9595 loss=0.1655 AOPCR=  0.098 NDCG=  n/a C=  2 T=   47 (30s)  [68 trained / 0 failed so far]
[ 69/129] SwedishLeaf
    stage 1/3: loading data ...
    stage 2/3: training on 405 series (val=95, C=15, T=25, batch=16) ...
    stage 3/3: scoring on 625 test series (accuracy + AOPCR) ...
    [mlflow] versioned model 'mstcn_sep_conjunctive' (id=m-8375438006cf4ed3819240bd5178200c) params={'model_size_mb': '3.5547', 'n_model_params': '273312', 'name': 'seanet_conjunctive'}
    [mlflow] logged run 'seanet_conjunctive_SwedishLeaf'  (train_acc=1.0000 val_acc=0.9895 test_acc=0.9328 test_loss=0.3000)
[ 69/129] SwedishLeaf                  DONE  acc=0.9328 loss=0.3000 AOPCR=  0.059 NDCG=  n/a C= 15 T=   25 (42s)  [69 trained / 0 failed so far]
[ 70/129] Symbols
    stage 1/3: loading data ...
    stage 2/3: training on 25 series (no val (train-loss early stop), C=6, T=79, batch=2) ...
    stage 3/3: scoring on 995 test series (accuracy + AOPCR) ...
    [mlflow] versioned model 'mstcn_sep_conjunctive' (id=m-b3008daa570443138b59fd9d03fe6345) params={'model_size_mb': '3.5503', 'n_model_params': '272151', 'name': 'seanet_conjunctive'}
    [mlflow] logged run 'seanet_conjunctive_Symbols'  (train_acc=1.0000 test_acc=0.9578 test_loss=0.2492)
[ 70/129] Symbols                      DONE  acc=0.9578 loss=0.2492 AOPCR=  0.678 NDCG=  n/a C=  6 T=   79 (17s)  [70 trained / 0 failed so far]
[ 71/129] SyntheticControl
    stage 1/3: loading data ...
    stage 2/3: training on 240 series (val=60, C=6, T=12, batch=16) ...
    stage 3/3: scoring on 300 test series (accuracy + AOPCR) ...
    [mlflow] versioned model 'mstcn_sep_conjunctive' (id=m-9c0d19146e064dfc83cbe788e63f9e22) params={'model_size_mb': '3.5503', 'n_model_params': '272151', 'name': 'seanet_conjunctive'}
    [mlflow] logged run 'seanet_conjunctive_SyntheticControl'  (train_acc=1.0000 val_acc=1.0000 test_acc=0.9933 test_loss=0.1301)
[ 71/129] SyntheticControl             DONE  acc=0.9933 loss=0.1301 AOPCR=  0.159 NDCG=  n/a C=  6 T=   12 (44s)  [71 trained / 0 failed so far]
[ 72/129] ToeSegmentation1
    stage 1/3: loading data ...
    stage 2/3: training on 40 series (no val (train-loss early stop), C=2, T=55, batch=4) ...
    stage 3/3: scoring on 228 test series (accuracy + AOPCR) ...
    [mlflow] versioned model 'mstcn_sep_conjunctive' (id=m-b06c78f970d94c63b8bfd4614b36e36c) params={'model_size_mb': '3.5483', 'n_model_params': '271635', 'name': 'seanet_conjunctive'}
    [mlflow] logged run 'seanet_conjunctive_ToeSegmentation1'  (train_acc=1.0000 test_acc=0.9079 test_loss=0.2399)
[ 72/129] ToeSegmentation1             DONE  acc=0.9079 loss=0.2399 AOPCR= -0.015 NDCG=  n/a C=  2 T=   55 (25s)  [72 trained / 0 failed so far]
[ 73/129] ToeSegmentation2
    stage 1/3: loading data ...
    stage 2/3: training on 36 series (no val (train-loss early stop), C=2, T=68, batch=3) ...
    stage 3/3: scoring on 130 test series (accuracy + AOPCR) ...
    [mlflow] versioned model 'mstcn_sep_conjunctive' (id=m-a48a61139a004d889424cf7628d3991c) params={'model_size_mb': '3.5483', 'n_model_params': '271635', 'name': 'seanet_conjunctive'}
    [mlflow] logged run 'seanet_conjunctive_ToeSegmentation2'  (train_acc=1.0000 test_acc=0.8769 test_loss=0.2890)
[ 73/129] ToeSegmentation2             DONE  acc=0.8769 loss=0.2890 AOPCR=  0.037 NDCG=  n/a C=  2 T=   68 (13s)  [73 trained / 0 failed so far]
[ 74/129] Trace
    stage 1/3: loading data ...
    stage 2/3: training on 81 series (val=19, C=4, T=55, batch=8) ...
    stage 3/3: scoring on 100 test series (accuracy + AOPCR) ...
    [mlflow] versioned model 'mstcn_sep_conjunctive' (id=m-5ba63b5bc4034817a57c3b12dda588fc) params={'model_size_mb': '3.5493', 'n_model_params': '271893', 'name': 'seanet_conjunctive'}
    [mlflow] logged run 'seanet_conjunctive_Trace'  (train_acc=1.0000 val_acc=1.0000 test_acc=1.0000 test_loss=0.0945)
[ 74/129] Trace                        DONE  acc=1.0000 loss=0.0945 AOPCR=  0.729 NDCG=  n/a C=  4 T=   55 (21s)  [74 trained / 0 failed so far]
[ 75/129] TwoLeadECG
    stage 1/3: loading data ...
    stage 2/3: training on 23 series (no val (train-loss early stop), C=2, T=16, batch=2) ...
    stage 3/3: scoring on 1139 test series (accuracy + AOPCR) ...
    [mlflow] versioned model 'mstcn_sep_conjunctive' (id=m-7b2cbb441a5d4d61a09853313bcd430d) params={'model_size_mb': '3.5483', 'n_model_params': '271635', 'name': 'seanet_conjunctive'}
    [mlflow] logged run 'seanet_conjunctive_TwoLeadECG'  (train_acc=1.0000 test_acc=0.9148 test_loss=0.2329)
[ 75/129] TwoLeadECG                   DONE  acc=0.9148 loss=0.2329 AOPCR=  0.710 NDCG=  n/a C=  2 T=   16 (37s)  [75 trained / 0 failed so far]
[ 76/129] TwoPatterns
    stage 1/3: loading data ...
    stage 2/3: training on 801 series (val=199, C=4, T=25, batch=16) ...
    stage 3/3: scoring on 4000 test series (accuracy + AOPCR) ...
    [mlflow] versioned model 'mstcn_sep_conjunctive' (id=m-c91cf527c03844ef88c8a0fcf4d31a8e) params={'model_size_mb': '3.5493', 'n_model_params': '271893', 'name': 'seanet_conjunctive'}
    [mlflow] logged run 'seanet_conjunctive_TwoPatterns'  (train_acc=1.0000 val_acc=1.0000 test_acc=0.9998 test_loss=0.0870)
[ 76/129] TwoPatterns                  DONE  acc=0.9998 loss=0.0870 AOPCR=  0.798 NDCG=  n/a C=  4 T=   25 (65s)  [76 trained / 0 failed so far]
[ 77/129] UWaveGestureLibraryAll
    stage 1/3: loading data ...
    stage 2/3: training on 719 series (val=177, C=8, T=189, batch=16) ...
    stage 3/3: scoring on 3582 test series (accuracy + AOPCR) ...
    [mlflow] versioned model 'mstcn_sep_conjunctive' (id=m-49deefb233dc44899d93cf0575999cc5) params={'model_size_mb': '3.5513', 'n_model_params': '272409', 'name': 'seanet_conjunctive'}
    [mlflow] logged run 'seanet_conjunctive_UWaveGestureLibraryAll'  (train_acc=1.0000 val_acc=0.9831 test_acc=0.9802 test_loss=0.1652)
[ 77/129] UWaveGestureLibraryAll       DONE  acc=0.9802 loss=0.1652 AOPCR=  0.397 NDCG=  n/a C=  8 T=  189 (57s)  [77 trained / 0 failed so far]
[ 78/129] UWaveGestureLibraryX
    stage 1/3: loading data ...
    stage 2/3: training on 719 series (val=177, C=8, T=63, batch=16) ...
    stage 3/3: scoring on 3582 test series (accuracy + AOPCR) ...
    [mlflow] versioned model 'mstcn_sep_conjunctive' (id=m-00d2d8dba9f84d07ab4beedb7e62ec34) params={'model_size_mb': '3.5513', 'n_model_params': '272409', 'name': 'seanet_conjunctive'}
    [mlflow] logged run 'seanet_conjunctive_UWaveGestureLibraryX'  (train_acc=0.9917 val_acc=0.8701 test_acc=0.8205 test_loss=0.5891)
[ 78/129] UWaveGestureLibraryX         DONE  acc=0.8205 loss=0.5891 AOPCR=  0.275 NDCG=  n/a C=  8 T=   63 (29s)  [78 trained / 0 failed so far]
[ 79/129] UWaveGestureLibraryY
    stage 1/3: loading data ...
    stage 2/3: training on 719 series (val=177, C=8, T=63, batch=16) ...
    stage 3/3: scoring on 3582 test series (accuracy + AOPCR) ...
    [mlflow] versioned model 'mstcn_sep_conjunctive' (id=m-f4b4c48a6f7b43db94713d6eb25c5811) params={'model_size_mb': '3.5513', 'n_model_params': '272409', 'name': 'seanet_conjunctive'}
    [mlflow] logged run 'seanet_conjunctive_UWaveGestureLibraryY'  (train_acc=0.9833 val_acc=0.7401 test_acc=0.7381 test_loss=0.8698)
[ 79/129] UWaveGestureLibraryY         DONE  acc=0.7381 loss=0.8698 AOPCR=  0.208 NDCG=  n/a C=  8 T=   63 (30s)  [79 trained / 0 failed so far]
[ 80/129] UWaveGestureLibraryZ
    stage 1/3: loading data ...
    stage 2/3: training on 719 series (val=177, C=8, T=63, batch=16) ...
    stage 3/3: scoring on 3582 test series (accuracy + AOPCR) ...
    [mlflow] versioned model 'mstcn_sep_conjunctive' (id=m-e529aeba76c648179a1973caf3fd9c8e) params={'model_size_mb': '3.5513', 'n_model_params': '272409', 'name': 'seanet_conjunctive'}
    [mlflow] logged run 'seanet_conjunctive_UWaveGestureLibraryZ'  (train_acc=0.7691 val_acc=0.7175 test_acc=0.7058 test_loss=0.7668)
[ 80/129] UWaveGestureLibraryZ         DONE  acc=0.7058 loss=0.7668 AOPCR=  0.332 NDCG=  n/a C=  8 T=   63 (21s)  [80 trained / 0 failed so far]
[ 81/129] Wafer
    stage 1/3: loading data ...
    stage 2/3: training on 801 series (val=199, C=2, T=30, batch=16) ...
    stage 3/3: scoring on 6164 test series (accuracy + AOPCR) ...
    [mlflow] versioned model 'mstcn_sep_conjunctive' (id=m-eee0a40b50104280a57513a04fc6ee06) params={'model_size_mb': '3.5483', 'n_model_params': '271635', 'name': 'seanet_conjunctive'}
    [mlflow] logged run 'seanet_conjunctive_Wafer'  (train_acc=1.0000 val_acc=1.0000 test_acc=0.9977 test_loss=0.0671)
[ 81/129] Wafer                        DONE  acc=0.9977 loss=0.0671 AOPCR=  0.075 NDCG=  n/a C=  2 T=   30 (58s)  [81 trained / 0 failed so far]
[ 82/129] Wine
    stage 1/3: loading data ...
    stage 2/3: training on 57 series (no val (train-loss early stop), C=2, T=46, batch=5) ...
    stage 3/3: scoring on 54 test series (accuracy + AOPCR) ...
    [mlflow] versioned model 'mstcn_sep_conjunctive' (id=m-1df30fe3833b42b9af96cc8430f8ed40) params={'model_size_mb': '3.5483', 'n_model_params': '271635', 'name': 'seanet_conjunctive'}
    [mlflow] logged run 'seanet_conjunctive_Wine'  (train_acc=0.5263 test_acc=0.5000 test_loss=0.6947)
[ 82/129] Wine                         DONE  acc=0.5000 loss=0.6947 AOPCR= -0.007 NDCG=  n/a C=  2 T=   46 (6s)  [82 trained / 0 failed so far]
[ 83/129] WordSynonyms
    stage 1/3: loading data ...
    stage 2/3: training on 217 series (val=50, C=25, T=54, batch=16) ...
    stage 3/3: scoring on 638 test series (accuracy + AOPCR) ...
    [mlflow] versioned model 'mstcn_sep_conjunctive' (id=m-fe0acc5fe7214c349408f740ba5db338) params={'model_size_mb': '3.5596', 'n_model_params': '274602', 'name': 'seanet_conjunctive'}
    [mlflow] logged run 'seanet_conjunctive_WordSynonyms'  (train_acc=1.0000 val_acc=0.7200 test_acc=0.7241 test_loss=1.1846)
[ 83/129] WordSynonyms                 DONE  acc=0.7241 loss=1.1846 AOPCR=  0.470 NDCG=  n/a C= 25 T=   54 (22s)  [83 trained / 0 failed so far]
[ 84/129] Worms
    stage 1/3: loading data ...
    stage 2/3: training on 146 series (val=35, C=5, T=180, batch=14) ...
    stage 3/3: scoring on 77 test series (accuracy + AOPCR) ...
    [mlflow] versioned model 'mstcn_sep_conjunctive' (id=m-079055079a5448e1be7fc541f4cb87bf) params={'model_size_mb': '3.5498', 'n_model_params': '272022', 'name': 'seanet_conjunctive'}
    [mlflow] logged run 'seanet_conjunctive_Worms'  (train_acc=0.9041 val_acc=0.8000 test_acc=0.6494 test_loss=0.8855)
[ 84/129] Worms                        DONE  acc=0.6494 loss=0.8855 AOPCR=  0.305 NDCG=  n/a C=  5 T=  180 (7s)  [84 trained / 0 failed so far]
[ 85/129] WormsTwoClass
    stage 1/3: loading data ...
    stage 2/3: training on 145 series (val=36, C=2, T=180, batch=14) ...
    stage 3/3: scoring on 77 test series (accuracy + AOPCR) ...
    [mlflow] versioned model 'mstcn_sep_conjunctive' (id=m-691e44f4410f43129776ebd86ed3a1fc) params={'model_size_mb': '3.5483', 'n_model_params': '271635', 'name': 'seanet_conjunctive'}
    [mlflow] logged run 'seanet_conjunctive_WormsTwoClass'  (train_acc=1.0000 val_acc=0.7778 test_acc=0.7532 test_loss=0.5220)
[ 85/129] WormsTwoClass                DONE  acc=0.7532 loss=0.5220 AOPCR=  0.277 NDCG=  n/a C=  2 T=  180 (8s)  [85 trained / 0 failed so far]
[ 86/129] Yoga
    stage 1/3: loading data ...
    stage 2/3: training on 241 series (val=59, C=2, T=85, batch=16) ...
    stage 3/3: scoring on 3000 test series (accuracy + AOPCR) ...
    [mlflow] versioned model 'mstcn_sep_conjunctive' (id=m-e39cb65a6ef94427a38075f34cdfa9c4) params={'model_size_mb': '3.5483', 'n_model_params': '271635', 'name': 'seanet_conjunctive'}
    [mlflow] logged run 'seanet_conjunctive_Yoga'  (train_acc=1.0000 val_acc=0.9492 test_acc=0.8913 test_loss=0.3047)
[ 86/129] Yoga                         DONE  acc=0.8913 loss=0.3047 AOPCR=  0.142 NDCG=  n/a C=  2 T=   85 (23s)  [86 trained / 0 failed so far]
[ 87/129] ACSF1
    stage 1/3: loading data ...
    stage 2/3: training on 80 series (val=20, C=10, T=292, batch=8) ...
    stage 3/3: scoring on 100 test series (accuracy + AOPCR) ...
    [mlflow] versioned model 'mstcn_sep_conjunctive' (id=m-ace8b391e86045209e914d210bf2f937) params={'model_size_mb': '3.5522', 'n_model_params': '272667', 'name': 'seanet_conjunctive'}
    [mlflow] logged run 'seanet_conjunctive_ACSF1'  (train_acc=0.8000 val_acc=0.6000 test_acc=0.6300 test_loss=1.1909)
[ 87/129] ACSF1                        DONE  acc=0.6300 loss=1.1909 AOPCR= -0.259 NDCG=  n/a C= 10 T=  292 (9s)  [87 trained / 0 failed so far]
[ 88/129] AllGestureWiimoteX
    stage 1/3: loading data ...
    stage 2/3: training on 240 series (val=60, C=10, T=100, batch=16) ...
    stage 3/3: scoring on 700 test series (accuracy + AOPCR) ...
    [mlflow] versioned model 'mstcn_sep_conjunctive' (id=m-945cc5bc2098438090555cc96874340c) params={'model_size_mb': '3.5522', 'n_model_params': '272667', 'name': 'seanet_conjunctive'}
    [mlflow] logged run 'seanet_conjunctive_AllGestureWiimoteX'  (train_acc=0.9542 val_acc=0.7667 test_acc=0.6529 test_loss=1.1262)
[ 88/129] AllGestureWiimoteX           DONE  acc=0.6529 loss=1.1262 AOPCR=  1.133 NDCG=  n/a C= 10 T=  100 (11s)  [88 trained / 0 failed so far]
[ 89/129] AllGestureWiimoteY
    stage 1/3: loading data ...
    stage 2/3: training on 240 series (val=60, C=10, T=100, batch=16) ...
    stage 3/3: scoring on 700 test series (accuracy + AOPCR) ...
    [mlflow] versioned model 'mstcn_sep_conjunctive' (id=m-d67ba11d7dd04737bb9b4ce7d7b84eac) params={'model_size_mb': '3.5522', 'n_model_params': '272667', 'name': 'seanet_conjunctive'}
    [mlflow] logged run 'seanet_conjunctive_AllGestureWiimoteY'  (train_acc=0.8583 val_acc=0.6000 test_acc=0.6714 test_loss=1.0430)
[ 89/129] AllGestureWiimoteY           DONE  acc=0.6714 loss=1.0430 AOPCR=  0.445 NDCG=  n/a C= 10 T=  100 (8s)  [89 trained / 0 failed so far]
[ 90/129] AllGestureWiimoteZ
    stage 1/3: loading data ...
    stage 2/3: training on 240 series (val=60, C=10, T=100, batch=16) ...
    stage 3/3: scoring on 700 test series (accuracy + AOPCR) ...
    [mlflow] versioned model 'mstcn_sep_conjunctive' (id=m-18d5cd0580954d6b9c9caaa6ae1c3865) params={'model_size_mb': '3.5522', 'n_model_params': '272667', 'name': 'seanet_conjunctive'}
    [mlflow] logged run 'seanet_conjunctive_AllGestureWiimoteZ'  (train_acc=0.6958 val_acc=0.6000 test_acc=0.5686 test_loss=1.2173)
[ 90/129] AllGestureWiimoteZ           DONE  acc=0.5686 loss=1.2173 AOPCR=  0.775 NDCG=  n/a C= 10 T=  100 (11s)  [90 trained / 0 failed so far]
[ 91/129] BME
    stage 1/3: loading data ...
    stage 2/3: training on 30 series (no val (train-loss early stop), C=3, T=25, batch=3) ...
    stage 3/3: scoring on 150 test series (accuracy + AOPCR) ...
    [mlflow] versioned model 'mstcn_sep_conjunctive' (id=m-0507f915ee8147868e46aa3ee64e5e8e) params={'model_size_mb': '3.5488', 'n_model_params': '271764', 'name': 'seanet_conjunctive'}
    [mlflow] logged run 'seanet_conjunctive_BME'  (train_acc=1.0000 test_acc=0.9600 test_loss=0.1888)
[ 91/129] BME                          DONE  acc=0.9600 loss=0.1888 AOPCR=  0.536 NDCG=  n/a C=  3 T=   25 (17s)  [91 trained / 0 failed so far]
[ 92/129] Chinatown
    stage 1/3: loading data ...
    stage 2/3: training on 20 series (no val (train-loss early stop), C=2, T=4, batch=2) ...
    stage 3/3: scoring on 343 test series (accuracy + AOPCR) ...
    [mlflow] versioned model 'mstcn_sep_conjunctive' (id=m-ce346c99c96e4fa5a3182d1f7483df9f) params={'model_size_mb': '3.5483', 'n_model_params': '271635', 'name': 'seanet_conjunctive'}
    [mlflow] logged run 'seanet_conjunctive_Chinatown'  (train_acc=1.0000 test_acc=0.9767 test_loss=0.1145)
[ 92/129] Chinatown                    DONE  acc=0.9767 loss=0.1145 AOPCR=  0.101 NDCG=  n/a C=  2 T=    4 (14s)  [92 trained / 0 failed so far]
[ 93/129] Crop
    stage 1/3: loading data ...
    stage 2/3: training on 5760 series (val=1440, C=24, T=9, batch=16) ...
    stage 3/3: scoring on 16800 test series (accuracy + AOPCR) ...
    [mlflow] versioned model 'mstcn_sep_conjunctive' (id=m-58a41bf5d9f74e01a6340727b47b2b6c) params={'model_size_mb': '3.5591', 'n_model_params': '274473', 'name': 'seanet_conjunctive'}
    [mlflow] logged run 'seanet_conjunctive_Crop'  (train_acc=0.8689 val_acc=0.7312 test_acc=0.7299 test_loss=0.8924)
[ 93/129] Crop                         DONE  acc=0.7299 loss=0.8924 AOPCR= -0.088 NDCG=  n/a C= 24 T=    9 (236s)  [93 trained / 0 failed so far]
[ 94/129] DodgerLoopDay
    stage 1/3: loading data ...
    stage 2/3: training on 78 series (no val (train-loss early stop), C=7, T=57, batch=7) ...
    stage 3/3: scoring on 80 test series (accuracy + AOPCR) ...
    [mlflow] versioned model 'mstcn_sep_conjunctive' (id=m-50f0481f63ad4a3986c75b912f25ef27) params={'model_size_mb': '3.5508', 'n_model_params': '272280', 'name': 'seanet_conjunctive'}
    [mlflow] logged run 'seanet_conjunctive_DodgerLoopDay'  (train_acc=1.0000 test_acc=0.5250 test_loss=1.4812)
[ 94/129] DodgerLoopDay                DONE  acc=0.5250 loss=1.4812 AOPCR=  0.378 NDCG=  n/a C=  7 T=   57 (14s)  [94 trained / 0 failed so far]
[ 95/129] DodgerLoopGame
    stage 1/3: loading data ...
    stage 2/3: training on 20 series (no val (train-loss early stop), C=2, T=57, batch=2) ...
    stage 3/3: scoring on 138 test series (accuracy + AOPCR) ...
    [mlflow] versioned model 'mstcn_sep_conjunctive' (id=m-da06fa3386df48d6b1e0bd8ed1c1805a) params={'model_size_mb': '3.5483', 'n_model_params': '271635', 'name': 'seanet_conjunctive'}
    [mlflow] logged run 'seanet_conjunctive_DodgerLoopGame'  (train_acc=1.0000 test_acc=0.8333 test_loss=0.4008)
[ 95/129] DodgerLoopGame               DONE  acc=0.8333 loss=0.4008 AOPCR=  0.251 NDCG=  n/a C=  2 T=   57 (11s)  [95 trained / 0 failed so far]
[ 96/129] DodgerLoopWeekend
    stage 1/3: loading data ...
    stage 2/3: training on 20 series (no val (train-loss early stop), C=2, T=57, batch=2) ...
    stage 3/3: scoring on 138 test series (accuracy + AOPCR) ...
    [mlflow] versioned model 'mstcn_sep_conjunctive' (id=m-3b58c2851dca4265bccbc36275d9380b) params={'model_size_mb': '3.5483', 'n_model_params': '271635', 'name': 'seanet_conjunctive'}
    [mlflow] logged run 'seanet_conjunctive_DodgerLoopWeekend'  (train_acc=1.0000 test_acc=0.9855 test_loss=0.1144)
[ 96/129] DodgerLoopWeekend            DONE  acc=0.9855 loss=0.1144 AOPCR=  0.168 NDCG=  n/a C=  2 T=   57 (12s)  [96 trained / 0 failed so far]
[ 97/129] EOGHorizontalSignal
    stage 1/3: loading data ...
    stage 2/3: training on 290 series (val=72, C=12, T=250, batch=16) ...
    stage 3/3: scoring on 362 test series (accuracy + AOPCR) ...
    [mlflow] versioned model 'mstcn_sep_conjunctive' (id=m-8dfd5bf36c364e418e4a3f5c8e5efcd1) params={'model_size_mb': '3.5532', 'n_model_params': '272925', 'name': 'seanet_conjunctive'}
    [mlflow] logged run 'seanet_conjunctive_EOGHorizontalSignal'  (train_acc=0.9897 val_acc=0.9028 test_acc=0.5967 test_loss=1.4703)
[ 97/129] EOGHorizontalSignal          DONE  acc=0.5967 loss=1.4703 AOPCR=  1.556 NDCG=  n/a C= 12 T=  250 (25s)  [97 trained / 0 failed so far]
[ 98/129] EOGVerticalSignal
    stage 1/3: loading data ...
    stage 2/3: training on 290 series (val=72, C=12, T=250, batch=16) ...
    stage 3/3: scoring on 362 test series (accuracy + AOPCR) ...
    [mlflow] versioned model 'mstcn_sep_conjunctive' (id=m-1c554be761ad43cb9aed91c44adb4c40) params={'model_size_mb': '3.5532', 'n_model_params': '272925', 'name': 'seanet_conjunctive'}
    [mlflow] logged run 'seanet_conjunctive_EOGVerticalSignal'  (train_acc=0.9897 val_acc=0.8194 test_acc=0.5552 test_loss=1.5765)
[ 98/129] EOGVerticalSignal            DONE  acc=0.5552 loss=1.5765 AOPCR=  1.254 NDCG=  n/a C= 12 T=  250 (26s)  [98 trained / 0 failed so far]
[ 99/129] EthanolLevel
    stage 1/3: loading data ...
    stage 2/3: training on 404 series (val=100, C=4, T=350, batch=16) ...
    stage 3/3: scoring on 500 test series (accuracy + AOPCR) ...
    [mlflow] versioned model 'mstcn_sep_conjunctive' (id=m-62fdf0d5a1eb419cb7d443a479e02b0c) params={'model_size_mb': '3.5493', 'n_model_params': '271893', 'name': 'seanet_conjunctive'}
    [mlflow] logged run 'seanet_conjunctive_EthanolLevel'  (train_acc=0.9629 val_acc=0.9600 test_acc=0.8840 test_loss=0.3804)
[ 99/129] EthanolLevel                 DONE  acc=0.8840 loss=0.3804 AOPCR= -0.188 NDCG=  n/a C=  4 T=  350 (48s)  [99 trained / 0 failed so far]
[100/129] FreezerRegularTrain
    stage 1/3: loading data ...
    stage 2/3: training on 120 series (val=30, C=2, T=60, batch=12) ...
    stage 3/3: scoring on 2850 test series (accuracy + AOPCR) ...
    [mlflow] versioned model 'mstcn_sep_conjunctive' (id=m-d08b09291e774b31a85a36cf6362d0ca) params={'model_size_mb': '3.5483', 'n_model_params': '271635', 'name': 'seanet_conjunctive'}
    [mlflow] logged run 'seanet_conjunctive_FreezerRegularTrain'  (train_acc=1.0000 val_acc=1.0000 test_acc=0.9951 test_loss=0.0956)
[100/129] FreezerRegularTrain          DONE  acc=0.9951 loss=0.0956 AOPCR= -0.149 NDCG=  n/a C=  2 T=   60 (6s)  [100 trained / 0 failed so far]
[101/129] FreezerSmallTrain
    stage 1/3: loading data ...
    stage 2/3: training on 28 series (no val (train-loss early stop), C=2, T=60, batch=2) ...
    stage 3/3: scoring on 2850 test series (accuracy + AOPCR) ...
    [mlflow] versioned model 'mstcn_sep_conjunctive' (id=m-66651ac651484525a78a6275cb0f5507) params={'model_size_mb': '3.5483', 'n_model_params': '271635', 'name': 'seanet_conjunctive'}
    [mlflow] logged run 'seanet_conjunctive_FreezerSmallTrain'  (train_acc=1.0000 test_acc=0.6779 test_loss=0.8992)
[101/129] FreezerSmallTrain            DONE  acc=0.6779 loss=0.8992 AOPCR=  0.065 NDCG=  n/a C=  2 T=   60 (17s)  [101 trained / 0 failed so far]
[102/129] Fungi
    stage 1/3: loading data ...
    stage 2/3: training on 18 series (no val (train-loss early stop), C=18, T=40, batch=2) ...
    stage 3/3: scoring on 186 test series (accuracy + AOPCR) ...
    [mlflow] versioned model 'mstcn_sep_conjunctive' (id=m-5f0b61b3d0e64023817178e44f03628a) params={'model_size_mb': '3.5562', 'n_model_params': '273699', 'name': 'seanet_conjunctive'}
    [mlflow] logged run 'seanet_conjunctive_Fungi'  (train_acc=1.0000 test_acc=0.9731 test_loss=0.1420)
[102/129] Fungi                        DONE  acc=0.9731 loss=0.1420 AOPCR=  0.039 NDCG=  n/a C= 18 T=   40 (20s)  [102 trained / 0 failed so far]
[103/129] GestureMidAirD1
    stage 1/3: loading data ...
    stage 2/3: training on 182 series (val=26, C=26, T=72, batch=16) ...
    stage 3/3: scoring on 130 test series (accuracy + AOPCR) ...
    [mlflow] versioned model 'mstcn_sep_conjunctive' (id=m-c110fac556e54d8fa67f0ddc3890cdec) params={'model_size_mb': '3.5601', 'n_model_params': '274731', 'name': 'seanet_conjunctive'}
    [mlflow] logged run 'seanet_conjunctive_GestureMidAirD1'  (train_acc=0.7363 val_acc=0.6538 test_acc=0.6077 test_loss=1.2070)
[103/129] GestureMidAirD1              DONE  acc=0.6077 loss=1.2070 AOPCR=  0.421 NDCG=  n/a C= 26 T=   72 (6s)  [103 trained / 0 failed so far]
[104/129] GestureMidAirD2
    stage 1/3: loading data ...
    stage 2/3: training on 182 series (val=26, C=26, T=72, batch=16) ...
    stage 3/3: scoring on 130 test series (accuracy + AOPCR) ...
    [mlflow] versioned model 'mstcn_sep_conjunctive' (id=m-177f7ca41ced44908b07a330a447bfd2) params={'model_size_mb': '3.5601', 'n_model_params': '274731', 'name': 'seanet_conjunctive'}
    [mlflow] logged run 'seanet_conjunctive_GestureMidAirD2'  (train_acc=0.7692 val_acc=0.4615 test_acc=0.5923 test_loss=1.1437)
[104/129] GestureMidAirD2              DONE  acc=0.5923 loss=1.1437 AOPCR=  0.574 NDCG=  n/a C= 26 T=   72 (8s)  [104 trained / 0 failed so far]
[105/129] GestureMidAirD3
    stage 1/3: loading data ...
    stage 2/3: training on 182 series (val=26, C=26, T=72, batch=16) ...
    stage 3/3: scoring on 130 test series (accuracy + AOPCR) ...
    [mlflow] versioned model 'mstcn_sep_conjunctive' (id=m-eb401776eded4053adf5af7e6ef2ae18) params={'model_size_mb': '3.5601', 'n_model_params': '274731', 'name': 'seanet_conjunctive'}
    [mlflow] logged run 'seanet_conjunctive_GestureMidAirD3'  (train_acc=0.7418 val_acc=0.4231 test_acc=0.3846 test_loss=1.8595)
[105/129] GestureMidAirD3              DONE  acc=0.3846 loss=1.8595 AOPCR=  0.568 NDCG=  n/a C= 26 T=   72 (7s)  [105 trained / 0 failed so far]
[106/129] GesturePebbleZ1
    stage 1/3: loading data ...
    stage 2/3: training on 107 series (val=25, C=6, T=91, batch=10) ...
    stage 3/3: scoring on 172 test series (accuracy + AOPCR) ...
    [mlflow] versioned model 'mstcn_sep_conjunctive' (id=m-a23239d8be1048a6812516fb40f8d410) params={'model_size_mb': '3.5503', 'n_model_params': '272151', 'name': 'seanet_conjunctive'}
    [mlflow] logged run 'seanet_conjunctive_GesturePebbleZ1'  (train_acc=1.0000 val_acc=1.0000 test_acc=0.9070 test_loss=0.3518)
[106/129] GesturePebbleZ1              DONE  acc=0.9070 loss=0.3518 AOPCR=  0.412 NDCG=  n/a C=  6 T=   91 (14s)  [106 trained / 0 failed so far]
[107/129] GesturePebbleZ2
    stage 1/3: loading data ...
    stage 2/3: training on 120 series (val=26, C=6, T=91, batch=12) ...
    stage 3/3: scoring on 158 test series (accuracy + AOPCR) ...
    [mlflow] versioned model 'mstcn_sep_conjunctive' (id=m-7e64c0f6533542138951177c005fdfba) params={'model_size_mb': '3.5503', 'n_model_params': '272151', 'name': 'seanet_conjunctive'}
    [mlflow] logged run 'seanet_conjunctive_GesturePebbleZ2'  (train_acc=1.0000 val_acc=1.0000 test_acc=0.9241 test_loss=0.2603)
[107/129] GesturePebbleZ2              DONE  acc=0.9241 loss=0.2603 AOPCR=  0.596 NDCG=  n/a C=  6 T=   91 (10s)  [107 trained / 0 failed so far]
[108/129] GunPointAgeSpan
    stage 1/3: loading data ...
    stage 2/3: training on 109 series (val=26, C=2, T=30, batch=10) ...
    stage 3/3: scoring on 316 test series (accuracy + AOPCR) ...
    [mlflow] versioned model 'mstcn_sep_conjunctive' (id=m-c7c6954eb3c44e5599eb0b77d5c6b486) params={'model_size_mb': '3.5483', 'n_model_params': '271635', 'name': 'seanet_conjunctive'}
    [mlflow] logged run 'seanet_conjunctive_GunPointAgeSpan'  (train_acc=1.0000 val_acc=1.0000 test_acc=0.9715 test_loss=0.1390)
[108/129] GunPointAgeSpan              DONE  acc=0.9715 loss=0.1390 AOPCR=  0.234 NDCG=  n/a C=  2 T=   30 (12s)  [108 trained / 0 failed so far]
[109/129] GunPointMaleVersusFemale
    stage 1/3: loading data ...
    stage 2/3: training on 109 series (val=26, C=2, T=30, batch=10) ...
    stage 3/3: scoring on 316 test series (accuracy + AOPCR) ...
    [mlflow] versioned model 'mstcn_sep_conjunctive' (id=m-0a1f59e8f1af49b5860a7aeb38dd5861) params={'model_size_mb': '3.5483', 'n_model_params': '271635', 'name': 'seanet_conjunctive'}
    [mlflow] logged run 'seanet_conjunctive_GunPointMaleVersusFemale'  (train_acc=1.0000 val_acc=1.0000 test_acc=0.9905 test_loss=0.0869)
[109/129] GunPointMaleVersusFemale     DONE  acc=0.9905 loss=0.0869 AOPCR=  0.423 NDCG=  n/a C=  2 T=   30 (20s)  [109 trained / 0 failed so far]
[110/129] GunPointOldVersusYoung
    stage 1/3: loading data ...
    stage 2/3: training on 109 series (val=27, C=2, T=30, batch=10) ...
    stage 3/3: scoring on 315 test series (accuracy + AOPCR) ...
    [mlflow] versioned model 'mstcn_sep_conjunctive' (id=m-2e61969967b24c1f9949b2c734fcb2dc) params={'model_size_mb': '3.5483', 'n_model_params': '271635', 'name': 'seanet_conjunctive'}
    [mlflow] logged run 'seanet_conjunctive_GunPointOldVersusYoung'  (train_acc=1.0000 val_acc=1.0000 test_acc=0.9651 test_loss=0.1257)
[110/129] GunPointOldVersusYoung       DONE  acc=0.9651 loss=0.1257 AOPCR=  0.277 NDCG=  n/a C=  2 T=   30 (21s)  [110 trained / 0 failed so far]
[111/129] HouseTwenty
    stage 1/3: loading data ...
    stage 2/3: training on 40 series (no val (train-loss early stop), C=2, T=400, batch=4) ...
    stage 3/3: scoring on 119 test series (accuracy + AOPCR) ...
    [mlflow] versioned model 'mstcn_sep_conjunctive' (id=m-c211f60cb6964ecd810f7f7c63737d8e) params={'model_size_mb': '3.5483', 'n_model_params': '271635', 'name': 'seanet_conjunctive'}
    [mlflow] logged run 'seanet_conjunctive_HouseTwenty'  (train_acc=1.0000 test_acc=0.8992 test_loss=0.2393)
[111/129] HouseTwenty                  DONE  acc=0.8992 loss=0.2393 AOPCR=  0.640 NDCG=  n/a C=  2 T=  400 (16s)  [111 trained / 0 failed so far]
[112/129] InsectEPGRegularTrain
    stage 1/3: loading data ...
    stage 2/3: training on 62 series (no val (train-loss early stop), C=3, T=120, batch=6) ...
    stage 3/3: scoring on 249 test series (accuracy + AOPCR) ...
    [mlflow] versioned model 'mstcn_sep_conjunctive' (id=m-3cc49402c37b408da0b3ebd48f3ea600) params={'model_size_mb': '3.5488', 'n_model_params': '271764', 'name': 'seanet_conjunctive'}
    [mlflow] logged run 'seanet_conjunctive_InsectEPGRegularTrain'  (train_acc=1.0000 test_acc=0.9639 test_loss=0.1646)
[112/129] InsectEPGRegularTrain        DONE  acc=0.9639 loss=0.1646 AOPCR=  0.624 NDCG=  n/a C=  3 T=  120 (26s)  [112 trained / 0 failed so far]
[113/129] InsectEPGSmallTrain
    stage 1/3: loading data ...
    stage 2/3: training on 17 series (no val (train-loss early stop), C=3, T=120, batch=2) ...
    stage 3/3: scoring on 249 test series (accuracy + AOPCR) ...
    [mlflow] versioned model 'mstcn_sep_conjunctive' (id=m-cae8e47dd24148d48df38b4048816f68) params={'model_size_mb': '3.5488', 'n_model_params': '271764', 'name': 'seanet_conjunctive'}
    [mlflow] logged run 'seanet_conjunctive_InsectEPGSmallTrain'  (train_acc=1.0000 test_acc=0.7871 test_loss=0.6449)
[113/129] InsectEPGSmallTrain          DONE  acc=0.7871 loss=0.6449 AOPCR=  0.395 NDCG=  n/a C=  3 T=  120 (21s)  [113 trained / 0 failed so far]
[114/129] MelbournePedestrian
    stage 1/3: loading data ...
    stage 2/3: training on 956 series (val=238, C=10, T=4, batch=16) ...
    stage 3/3: scoring on 2439 test series (accuracy + AOPCR) ...
    [mlflow] versioned model 'mstcn_sep_conjunctive' (id=m-92ecfae6965540dd9f758b5a55ce2693) params={'model_size_mb': '3.5522', 'n_model_params': '272667', 'name': 'seanet_conjunctive'}
    [mlflow] logged run 'seanet_conjunctive_MelbournePedestrian'  (train_acc=0.9979 val_acc=0.9118 test_acc=0.8983 test_loss=0.4471)
[114/129] MelbournePedestrian          DONE  acc=0.8983 loss=0.4471 AOPCR= -0.017 NDCG=  n/a C= 10 T=    4 (84s)  [114 trained / 0 failed so far]
[115/129] MixedShapesRegularTrain
    stage 1/3: loading data ...
    stage 2/3: training on 400 series (val=100, C=5, T=204, batch=16) ...
    stage 3/3: scoring on 2425 test series (accuracy + AOPCR) ...
    [mlflow] versioned model 'mstcn_sep_conjunctive' (id=m-347e3f068a5943f58039483f55a43913) params={'model_size_mb': '3.5498', 'n_model_params': '272022', 'name': 'seanet_conjunctive'}
    [mlflow] logged run 'seanet_conjunctive_MixedShapesRegularTrain'  (train_acc=0.9925 val_acc=0.9800 test_acc=0.9402 test_loss=0.2537)
[115/129] MixedShapesRegularTrain      DONE  acc=0.9402 loss=0.2537 AOPCR=  0.087 NDCG=  n/a C=  5 T=  204 (18s)  [115 trained / 0 failed so far]
[116/129] MixedShapesSmallTrain
    stage 1/3: loading data ...
    stage 2/3: training on 80 series (val=20, C=5, T=204, batch=8) ...
    stage 3/3: scoring on 2425 test series (accuracy + AOPCR) ...
    [mlflow] versioned model 'mstcn_sep_conjunctive' (id=m-c20bc9524b44479e8f1776ddd585dccc) params={'model_size_mb': '3.5498', 'n_model_params': '272022', 'name': 'seanet_conjunctive'}
    [mlflow] logged run 'seanet_conjunctive_MixedShapesSmallTrain'  (train_acc=1.0000 val_acc=0.9500 test_acc=0.8862 test_loss=0.4388)
[116/129] MixedShapesSmallTrain        DONE  acc=0.8862 loss=0.4388 AOPCR=  0.544 NDCG=  n/a C=  5 T=  204 (7s)  [116 trained / 0 failed so far]
[117/129] PLAID
    stage 1/3: loading data ...
    stage 2/3: training on 436 series (val=101, C=11, T=268, batch=16) ...
    stage 3/3: scoring on 537 test series (accuracy + AOPCR) ...
    [mlflow] versioned model 'mstcn_sep_conjunctive' (id=m-13a2c59790914556be119f47ce351f43) params={'model_size_mb': '3.5527', 'n_model_params': '272796', 'name': 'seanet_conjunctive'}
    [mlflow] logged run 'seanet_conjunctive_PLAID'  (train_acc=0.9587 val_acc=0.8515 test_acc=0.7840 test_loss=0.6985)
[117/129] PLAID                        DONE  acc=0.7840 loss=0.6985 AOPCR=  2.527 NDCG=  n/a C= 11 T=  268 (41s)  [117 trained / 0 failed so far]
[118/129] PickupGestureWiimoteZ
    stage 1/3: loading data ...
    stage 2/3: training on 50 series (no val (train-loss early stop), C=10, T=72, batch=5) ...
    stage 3/3: scoring on 50 test series (accuracy + AOPCR) ...
    [mlflow] versioned model 'mstcn_sep_conjunctive' (id=m-243931e9219f441abbbe0d82fa95e789) params={'model_size_mb': '3.5522', 'n_model_params': '272667', 'name': 'seanet_conjunctive'}
    [mlflow] logged run 'seanet_conjunctive_PickupGestureWiimoteZ'  (train_acc=1.0000 test_acc=0.7600 test_loss=0.7316)
[118/129] PickupGestureWiimoteZ        DONE  acc=0.7600 loss=0.7316 AOPCR=  0.464 NDCG=  n/a C= 10 T=   72 (27s)  [118 trained / 0 failed so far]
[119/129] PigAirwayPressure
    stage 1/3: loading data ...
    stage 2/3: training on 52 series (val=52, C=52, T=400, batch=5) ...
    stage 3/3: scoring on 208 test series (accuracy + AOPCR) ...
    [mlflow] versioned model 'mstcn_sep_conjunctive' (id=m-049d02e95d404da1b39e11b75d8e2454) params={'model_size_mb': '3.5729', 'n_model_params': '278085', 'name': 'seanet_conjunctive'}
    [mlflow] logged run 'seanet_conjunctive_PigAirwayPressure'  (train_acc=0.1154 val_acc=0.0385 test_acc=0.0625 test_loss=3.8367)
[119/129] PigAirwayPressure            DONE  acc=0.0625 loss=3.8367 AOPCR=  0.030 NDCG=  n/a C= 52 T=  400 (7s)  [119 trained / 0 failed so far]
[120/129] PigArtPressure
    stage 1/3: loading data ...
    stage 2/3: training on 52 series (val=52, C=52, T=400, batch=5) ...
    stage 3/3: scoring on 208 test series (accuracy + AOPCR) ...
    [mlflow] versioned model 'mstcn_sep_conjunctive' (id=m-a0e45f893f60494396b08f2e0750afcb) params={'model_size_mb': '3.5729', 'n_model_params': '278085', 'name': 'seanet_conjunctive'}
    [mlflow] logged run 'seanet_conjunctive_PigArtPressure'  (train_acc=1.0000 val_acc=0.6538 test_acc=0.6635 test_loss=1.3474)
[120/129] PigArtPressure               DONE  acc=0.6635 loss=1.3474 AOPCR= -0.598 NDCG=  n/a C= 52 T=  400 (20s)  [120 trained / 0 failed so far]
[121/129] PigCVP
    stage 1/3: loading data ...
    stage 2/3: training on 52 series (val=52, C=52, T=400, batch=5) ...
    stage 3/3: scoring on 208 test series (accuracy + AOPCR) ...
    [mlflow] versioned model 'mstcn_sep_conjunctive' (id=m-8386aded0d234ee182874f73ac93fa2e) params={'model_size_mb': '3.5729', 'n_model_params': '278085', 'name': 'seanet_conjunctive'}
    [mlflow] logged run 'seanet_conjunctive_PigCVP'  (train_acc=1.0000 val_acc=0.6154 test_acc=0.6346 test_loss=1.7729)
[121/129] PigCVP                       DONE  acc=0.6346 loss=1.7729 AOPCR= -0.460 NDCG=  n/a C= 52 T=  400 (31s)  [121 trained / 0 failed so far]
[122/129] PowerCons
    stage 1/3: loading data ...
    stage 2/3: training on 144 series (val=36, C=2, T=28, batch=14) ...
    stage 3/3: scoring on 180 test series (accuracy + AOPCR) ...
    [mlflow] versioned model 'mstcn_sep_conjunctive' (id=m-9bdb02ef36dd43fa8a32a78ace9eb8f4) params={'model_size_mb': '3.5483', 'n_model_params': '271635', 'name': 'seanet_conjunctive'}
    [mlflow] logged run 'seanet_conjunctive_PowerCons'  (train_acc=0.9861 val_acc=1.0000 test_acc=0.9500 test_loss=0.1936)
[122/129] PowerCons                    DONE  acc=0.9500 loss=0.1936 AOPCR= -0.045 NDCG=  n/a C=  2 T=   28 (5s)  [122 trained / 0 failed so far]
[123/129] Rock
    stage 1/3: loading data ...
    stage 2/3: training on 20 series (no val (train-loss early stop), C=4, T=568, batch=2) ...
    stage 3/3: scoring on 50 test series (accuracy + AOPCR) ...
    [mlflow] versioned model 'mstcn_sep_conjunctive' (id=m-dbd0be985bf6456a92d5c478259a25e0) params={'model_size_mb': '3.5493', 'n_model_params': '271893', 'name': 'seanet_conjunctive'}
    [mlflow] logged run 'seanet_conjunctive_Rock'  (train_acc=0.7500 test_acc=0.5600 test_loss=1.1428)
[123/129] Rock                         DONE  acc=0.5600 loss=1.1428 AOPCR=  0.239 NDCG=  n/a C=  4 T=  568 (5s)  [123 trained / 0 failed so far]
[124/129] SemgHandGenderCh2
    stage 1/3: loading data ...
    stage 2/3: training on 240 series (val=60, C=2, T=300, batch=16) ...
    stage 3/3: scoring on 600 test series (accuracy + AOPCR) ...
    [mlflow] versioned model 'mstcn_sep_conjunctive' (id=m-b0d3f3f0b98a4f129d202cadfbbd3b5b) params={'model_size_mb': '3.5483', 'n_model_params': '271635', 'name': 'seanet_conjunctive'}
    [mlflow] logged run 'seanet_conjunctive_SemgHandGenderCh2'  (train_acc=0.9958 val_acc=0.7500 test_acc=0.7850 test_loss=0.4698)
[124/129] SemgHandGenderCh2            DONE  acc=0.7850 loss=0.4698 AOPCR=  0.222 NDCG=  n/a C=  2 T=  300 (8s)  [124 trained / 0 failed so far]
[125/129] SemgHandMovementCh2
    stage 1/3: loading data ...
    stage 2/3: training on 360 series (val=90, C=6, T=300, batch=16) ...
    stage 3/3: scoring on 450 test series (accuracy + AOPCR) ...
    [mlflow] versioned model 'mstcn_sep_conjunctive' (id=m-f18813bcf8ed4c2e9698def3c7d2c7c3) params={'model_size_mb': '3.5503', 'n_model_params': '272151', 'name': 'seanet_conjunctive'}
    [mlflow] logged run 'seanet_conjunctive_SemgHandMovementCh2'  (train_acc=0.9222 val_acc=0.4889 test_acc=0.4511 test_loss=1.4215)
[125/129] SemgHandMovementCh2          DONE  acc=0.4511 loss=1.4215 AOPCR=  0.361 NDCG=  n/a C=  6 T=  300 (15s)  [125 trained / 0 failed so far]
[126/129] SemgHandSubjectCh2
    stage 1/3: loading data ...
    stage 2/3: training on 360 series (val=90, C=5, T=300, batch=16) ...
    stage 3/3: scoring on 450 test series (accuracy + AOPCR) ...
    [mlflow] versioned model 'mstcn_sep_conjunctive' (id=m-45140a3cb2d14a46a647881849d2d863) params={'model_size_mb': '3.5498', 'n_model_params': '272022', 'name': 'seanet_conjunctive'}
    [mlflow] logged run 'seanet_conjunctive_SemgHandSubjectCh2'  (train_acc=1.0000 val_acc=0.9222 test_acc=0.8044 test_loss=0.5623)
[126/129] SemgHandSubjectCh2           DONE  acc=0.8044 loss=0.5623 AOPCR=  0.235 NDCG=  n/a C=  5 T=  300 (21s)  [126 trained / 0 failed so far]
[127/129] ShakeGestureWiimoteZ
    stage 1/3: loading data ...
    stage 2/3: training on 50 series (no val (train-loss early stop), C=10, T=77, batch=5) ...
    stage 3/3: scoring on 50 test series (accuracy + AOPCR) ...
    [mlflow] versioned model 'mstcn_sep_conjunctive' (id=m-261065078fca4302b3b02cfb77a58eb2) params={'model_size_mb': '3.5522', 'n_model_params': '272667', 'name': 'seanet_conjunctive'}
    [mlflow] logged run 'seanet_conjunctive_ShakeGestureWiimoteZ'  (train_acc=1.0000 test_acc=0.8400 test_loss=0.5963)
[127/129] ShakeGestureWiimoteZ         DONE  acc=0.8400 loss=0.5963 AOPCR=  0.253 NDCG=  n/a C= 10 T=   77 (23s)  [127 trained / 0 failed so far]
[128/129] SmoothSubspace
    stage 1/3: loading data ...
    stage 2/3: training on 120 series (val=30, C=3, T=3, batch=12) ...
    stage 3/3: scoring on 150 test series (accuracy + AOPCR) ...
    [mlflow] versioned model 'mstcn_sep_conjunctive' (id=m-b3005255bf2f42d3bc6c48909b969e76) params={'model_size_mb': '3.5488', 'n_model_params': '271764', 'name': 'seanet_conjunctive'}
    [mlflow] logged run 'seanet_conjunctive_SmoothSubspace'  (train_acc=1.0000 val_acc=0.9000 test_acc=0.8933 test_loss=0.3098)
[128/129] SmoothSubspace               DONE  acc=0.8933 loss=0.3098 AOPCR= -0.022 NDCG=  n/a C=  3 T=    3 (9s)  [128 trained / 0 failed so far]
[129/129] UMD
    stage 1/3: loading data ...
    stage 2/3: training on 36 series (no val (train-loss early stop), C=3, T=30, batch=3) ...
    stage 3/3: scoring on 144 test series (accuracy + AOPCR) ...
    [mlflow] versioned model 'mstcn_sep_conjunctive' (id=m-2eb4d04dca5247ad826bd5384bc1846f) params={'model_size_mb': '3.5488', 'n_model_params': '271764', 'name': 'seanet_conjunctive'}
    [mlflow] logged run 'seanet_conjunctive_UMD'  (train_acc=1.0000 test_acc=0.9583 test_loss=0.2065)
[129/129] UMD                          DONE  acc=0.9583 loss=0.2065 AOPCR=  0.183 NDCG=  n/a C=  3 T=   30 (20s)  [129 trained / 0 failed so far]

Done: 129 trained, 0 skipped, 0 failed.
Results -> results/SEA_NET/mstcn_sep_conjunctive/results.csv

=== mstcn_sep_conjunctive vs MILLET ConjunctiveInceptionTime (mean of 5 reps) ===
  UCR datasets evaluated: 128  (with MILLET baseline: 85, without: 43)
  metric        ours    MILLET   win/tie/loss   (mean over the 85 datasets MILLET published)
  acc         0.8003    0.8445       19/15/51   
  loss        0.5637    1.2241        55/2/28   (lower is better)
  aopcr       0.2031    4.5532         3/0/82   
  wrote results/SEA_NET/mstcn_sep_conjunctive/comparison_vs_millet.csv

Next: `python main.py report` to draw the figures for mstcn_sep_conjunctive.

[log] finished; full output saved to results/SEA_NET/mstcn_sep_conjunctive/logs/train_2026-07-20_16-03-21.log
