[log] command 'train' started at 2026-07-20_14-39-05 for model 'mstcn_sep_additive'
[log] a copy of everything below is being saved to: results/SEA_NET/mstcn_sep_additive/logs/train_2026-07-20_14-39-05.log

=== train: model=mstcn_sep_additive (config seanet) device=cuda mode=full datasets=129 ===
[params] using DEFAULT recipe: `auto` has nothing to compare against yet (optuna-best test_acc 0.9060, default not recorded). This run records the default, then `auto` picks the better of the two.
  results  -> results/SEA_NET/mstcn_sep_additive/results.csv
  resume   -> results/SEA_NET/mstcn_sep_additive/done_train_dataset.txt  (delete it to retrain everything; delete one line to retrain that dataset)

  [mlflow] logging runs to experiment 'SEA-Net_mstcn_sep_additive_2026-07-20' at sqlite:///mlflow.db
  [mlflow] browse later with:  mlflow ui --backend-store-uri sqlite:///mlflow.db
[  1/129] WebTraffic
    stage 1/3: loading data ...
    stage 2/3: training on 400 series (val=100, C=10, T=201, batch=16) ...
    stage 3/3: scoring on 500 test series (accuracy + AOPCR + NDCG) ...
    [mlflow] versioned model 'mstcn_sep_additive' (id=m-51a2353c9f0346e4b576d8f7f719fe8b) params={'model_size_mb': '3.5522', 'n_model_params': '272667', 'name': 'seanet'}
    [mlflow] logged run 'seanet_WebTraffic'  (train_acc=1.0000 val_acc=0.6500 test_acc=0.7040 test_loss=0.9609)
[  1/129] WebTraffic                   DONE  acc=0.7040 loss=0.9609 AOPCR=  0.382 NDCG=  n/a C= 10 T=  201 (38s)  [1 trained / 0 failed so far]
[  2/129] Adiac
    stage 1/3: loading data ...
    stage 2/3: training on 328 series (val=62, C=37, T=35, batch=16) ...
    stage 3/3: scoring on 391 test series (accuracy + AOPCR) ...
    [mlflow] versioned model 'mstcn_sep_additive' (id=m-2799126154a94319a52ba07d83d7518b) params={'model_size_mb': '3.5655', 'n_model_params': '276150', 'name': 'seanet'}
    [mlflow] logged run 'seanet_Adiac'  (train_acc=0.8506 val_acc=0.6935 test_acc=0.6471 test_loss=1.2464)
[  2/129] Adiac                        DONE  acc=0.6471 loss=1.2464 AOPCR=  0.254 NDCG=  n/a C= 37 T=   35 (29s)  [2 trained / 0 failed so far]
[  3/129] ArrowHead
    stage 1/3: loading data ...
    stage 2/3: training on 36 series (no val (train-loss early stop), C=3, T=50, batch=3) ...
    stage 3/3: scoring on 175 test series (accuracy + AOPCR) ...
    [mlflow] versioned model 'mstcn_sep_additive' (id=m-1929e489f4bd4de69b5d6181d4db92bc) params={'model_size_mb': '3.5488', 'n_model_params': '271764', 'name': 'seanet'}
    [mlflow] logged run 'seanet_ArrowHead'  (train_acc=1.0000 test_acc=0.7886 test_loss=0.5471)
[  3/129] ArrowHead                    DONE  acc=0.7886 loss=0.5471 AOPCR= -0.008 NDCG=  n/a C=  3 T=   50 (35s)  [3 trained / 0 failed so far]
[  4/129] Beef
    stage 1/3: loading data ...
    stage 2/3: training on 30 series (no val (train-loss early stop), C=5, T=94, batch=3) ...
    stage 3/3: scoring on 30 test series (accuracy + AOPCR) ...
    [mlflow] versioned model 'mstcn_sep_additive' (id=m-a0090a21f25f414184b7a0ca9dccdc13) params={'model_size_mb': '3.5498', 'n_model_params': '272022', 'name': 'seanet'}
    [mlflow] logged run 'seanet_Beef'  (train_acc=1.0000 test_acc=0.8667 test_loss=0.4474)
[  4/129] Beef                         DONE  acc=0.8667 loss=0.4474 AOPCR=  0.265 NDCG=  n/a C=  5 T=   94 (30s)  [4 trained / 0 failed so far]
[  5/129] BeetleFly
    stage 1/3: loading data ...
    stage 2/3: training on 20 series (no val (train-loss early stop), C=2, T=102, batch=2) ...
    stage 3/3: scoring on 20 test series (accuracy + AOPCR) ...
    [mlflow] versioned model 'mstcn_sep_additive' (id=m-734688867d8b4cb6ba47a4f55b96b8e0) params={'model_size_mb': '3.5483', 'n_model_params': '271635', 'name': 'seanet'}
    [mlflow] logged run 'seanet_BeetleFly'  (train_acc=1.0000 test_acc=0.8500 test_loss=0.3877)
[  5/129] BeetleFly                    DONE  acc=0.8500 loss=0.3877 AOPCR=  0.016 NDCG=  n/a C=  2 T=  102 (10s)  [5 trained / 0 failed so far]
[  6/129] BirdChicken
    stage 1/3: loading data ...
    stage 2/3: training on 20 series (no val (train-loss early stop), C=2, T=102, batch=2) ...
    stage 3/3: scoring on 20 test series (accuracy + AOPCR) ...
    [mlflow] versioned model 'mstcn_sep_additive' (id=m-b94071edc99b44078ec97a7eab70f884) params={'model_size_mb': '3.5483', 'n_model_params': '271635', 'name': 'seanet'}
    [mlflow] logged run 'seanet_BirdChicken'  (train_acc=1.0000 test_acc=0.8000 test_loss=0.3213)
[  6/129] BirdChicken                  DONE  acc=0.8000 loss=0.3213 AOPCR=  0.270 NDCG=  n/a C=  2 T=  102 (12s)  [6 trained / 0 failed so far]
[  7/129] Car
    stage 1/3: loading data ...
    stage 2/3: training on 60 series (no val (train-loss early stop), C=4, T=115, batch=6) ...
    stage 3/3: scoring on 60 test series (accuracy + AOPCR) ...
    [mlflow] versioned model 'mstcn_sep_additive' (id=m-37ef1eb4a1b74a7caba7621226dc61c3) params={'model_size_mb': '3.5493', 'n_model_params': '271893', 'name': 'seanet'}
    [mlflow] logged run 'seanet_Car'  (train_acc=1.0000 test_acc=0.8833 test_loss=0.4098)
[  7/129] Car                          DONE  acc=0.8833 loss=0.4098 AOPCR=  0.357 NDCG=  n/a C=  4 T=  115 (20s)  [7 trained / 0 failed so far]
[  8/129] CBF
    stage 1/3: loading data ...
    stage 2/3: training on 30 series (no val (train-loss early stop), C=3, T=25, batch=3) ...
    stage 3/3: scoring on 900 test series (accuracy + AOPCR) ...
    [mlflow] versioned model 'mstcn_sep_additive' (id=m-7c9b5afeb98449f0baaa78d09cc51c50) params={'model_size_mb': '3.5488', 'n_model_params': '271764', 'name': 'seanet'}
    [mlflow] logged run 'seanet_CBF'  (train_acc=1.0000 test_acc=0.9844 test_loss=0.1354)
[  8/129] CBF                          DONE  acc=0.9844 loss=0.1354 AOPCR=  0.405 NDCG=  n/a C=  3 T=   25 (16s)  [8 trained / 0 failed so far]
[  9/129] ChlorineConcentration
    stage 1/3: loading data ...
    stage 2/3: training on 375 series (val=92, C=3, T=33, batch=16) ...
    stage 3/3: scoring on 3840 test series (accuracy + AOPCR) ...
    [mlflow] versioned model 'mstcn_sep_additive' (id=m-aad9e538a9be4f7b91216d21dec1e131) params={'model_size_mb': '3.5488', 'n_model_params': '271764', 'name': 'seanet'}
    [mlflow] logged run 'seanet_ChlorineConcentration'  (train_acc=0.9760 val_acc=0.8152 test_acc=0.7812 test_loss=0.5799)
[  9/129] ChlorineConcentration        DONE  acc=0.7812 loss=0.5799 AOPCR= -0.025 NDCG=  n/a C=  3 T=   33 (49s)  [9 trained / 0 failed so far]
[ 10/129] CinCECGTorso
    stage 1/3: loading data ...
    stage 2/3: training on 40 series (no val (train-loss early stop), C=4, T=327, batch=4) ...
    stage 3/3: scoring on 1380 test series (accuracy + AOPCR) ...
    [mlflow] versioned model 'mstcn_sep_additive' (id=m-9a92d3746e924763a96535c83e1bc3df) params={'model_size_mb': '3.5493', 'n_model_params': '271893', 'name': 'seanet'}
    [mlflow] logged run 'seanet_CinCECGTorso'  (train_acc=1.0000 test_acc=0.8326 test_loss=0.4941)
[ 10/129] CinCECGTorso                 DONE  acc=0.8326 loss=0.4941 AOPCR=  0.479 NDCG=  n/a C=  4 T=  327 (28s)  [10 trained / 0 failed so far]
[ 11/129] Coffee
    stage 1/3: loading data ...
    stage 2/3: training on 28 series (no val (train-loss early stop), C=2, T=57, batch=2) ...
    stage 3/3: scoring on 28 test series (accuracy + AOPCR) ...
    [mlflow] versioned model 'mstcn_sep_additive' (id=m-23a1655d575844e29b9960d9703d3773) params={'model_size_mb': '3.5483', 'n_model_params': '271635', 'name': 'seanet'}
    [mlflow] logged run 'seanet_Coffee'  (train_acc=1.0000 test_acc=1.0000 test_loss=0.0727)
[ 11/129] Coffee                       DONE  acc=1.0000 loss=0.0727 AOPCR=  1.044 NDCG=  n/a C=  2 T=   57 (35s)  [11 trained / 0 failed so far]
[ 12/129] Computers
    stage 1/3: loading data ...
    stage 2/3: training on 200 series (val=50, C=2, T=144, batch=16) ...
    stage 3/3: scoring on 250 test series (accuracy + AOPCR) ...
    [mlflow] versioned model 'mstcn_sep_additive' (id=m-dd66c0d00fa640fbab19ab65758e420a) params={'model_size_mb': '3.5483', 'n_model_params': '271635', 'name': 'seanet'}
    [mlflow] logged run 'seanet_Computers'  (train_acc=0.9950 val_acc=0.8000 test_acc=0.5840 test_loss=0.7994)
[ 12/129] Computers                    DONE  acc=0.5840 loss=0.7994 AOPCR=  0.117 NDCG=  n/a C=  2 T=  144 (13s)  [12 trained / 0 failed so far]
[ 13/129] CricketX
    stage 1/3: loading data ...
    stage 2/3: training on 317 series (val=73, C=12, T=60, batch=16) ...
    stage 3/3: scoring on 390 test series (accuracy + AOPCR) ...
    [mlflow] versioned model 'mstcn_sep_additive' (id=m-1537b36dd5634c6dae310765ef1858ba) params={'model_size_mb': '3.5532', 'n_model_params': '272925', 'name': 'seanet'}
    [mlflow] logged run 'seanet_CricketX'  (train_acc=1.0000 val_acc=0.7808 test_acc=0.8154 test_loss=0.6902)
[ 13/129] CricketX                     DONE  acc=0.8154 loss=0.6902 AOPCR=  0.735 NDCG=  n/a C= 12 T=   60 (27s)  [13 trained / 0 failed so far]
[ 14/129] CricketY
    stage 1/3: loading data ...
    stage 2/3: training on 317 series (val=73, C=12, T=60, batch=16) ...
    stage 3/3: scoring on 390 test series (accuracy + AOPCR) ...
    [mlflow] versioned model 'mstcn_sep_additive' (id=m-1f7cb351a82b4f02be2dff36951ee44d) params={'model_size_mb': '3.5532', 'n_model_params': '272925', 'name': 'seanet'}
    [mlflow] logged run 'seanet_CricketY'  (train_acc=1.0000 val_acc=0.8630 test_acc=0.7923 test_loss=0.7737)
[ 14/129] CricketY                     DONE  acc=0.7923 loss=0.7737 AOPCR=  0.697 NDCG=  n/a C= 12 T=   60 (30s)  [14 trained / 0 failed so far]
[ 15/129] CricketZ
    stage 1/3: loading data ...
    stage 2/3: training on 316 series (val=74, C=12, T=60, batch=16) ...
    stage 3/3: scoring on 390 test series (accuracy + AOPCR) ...
    [mlflow] versioned model 'mstcn_sep_additive' (id=m-e54742591ce8461194a632e58920df46) params={'model_size_mb': '3.5532', 'n_model_params': '272925', 'name': 'seanet'}
    [mlflow] logged run 'seanet_CricketZ'  (train_acc=0.9968 val_acc=0.8378 test_acc=0.7846 test_loss=0.8378)
[ 15/129] CricketZ                     DONE  acc=0.7846 loss=0.8378 AOPCR=  0.655 NDCG=  n/a C= 12 T=   60 (17s)  [15 trained / 0 failed so far]
[ 16/129] DiatomSizeReduction
    stage 1/3: loading data ...
    stage 2/3: training on 16 series (no val (train-loss early stop), C=4, T=69, batch=2) ...
    stage 3/3: scoring on 306 test series (accuracy + AOPCR) ...
    [mlflow] versioned model 'mstcn_sep_additive' (id=m-ec237492230640b187863bfc100dbbb3) params={'model_size_mb': '3.5493', 'n_model_params': '271893', 'name': 'seanet'}
    [mlflow] logged run 'seanet_DiatomSizeReduction'  (train_acc=1.0000 test_acc=0.9673 test_loss=0.1699)
[ 16/129] DiatomSizeReduction          DONE  acc=0.9673 loss=0.1699 AOPCR=  0.662 NDCG=  n/a C=  4 T=   69 (17s)  [16 trained / 0 failed so far]
[ 17/129] DistalPhalanxOutlineAgeGroup
    stage 1/3: loading data ...
    stage 2/3: training on 321 series (val=79, C=3, T=16, batch=16) ...
    stage 3/3: scoring on 139 test series (accuracy + AOPCR) ...
    [mlflow] versioned model 'mstcn_sep_additive' (id=m-6f247c814a1840e591f1ee9b38570430) params={'model_size_mb': '3.5488', 'n_model_params': '271764', 'name': 'seanet'}
    [mlflow] logged run 'seanet_DistalPhalanxOutlineAgeGroup'  (train_acc=0.8629 val_acc=0.8481 test_acc=0.7482 test_loss=0.5924)
[ 17/129] DistalPhalanxOutlineAgeGroup DONE  acc=0.7482 loss=0.5924 AOPCR= -0.514 NDCG=  n/a C=  3 T=   16 (11s)  [17 trained / 0 failed so far]
[ 18/129] DistalPhalanxOutlineCorrect
    stage 1/3: loading data ...
    stage 2/3: training on 481 series (val=119, C=2, T=16, batch=16) ...
    stage 3/3: scoring on 276 test series (accuracy + AOPCR) ...
    [mlflow] versioned model 'mstcn_sep_additive' (id=m-7edaf5bc3f144d19ac267690648332e6) params={'model_size_mb': '3.5483', 'n_model_params': '271635', 'name': 'seanet'}
    [mlflow] logged run 'seanet_DistalPhalanxOutlineCorrect'  (train_acc=0.8960 val_acc=0.8235 test_acc=0.7609 test_loss=0.4852)
[ 18/129] DistalPhalanxOutlineCorrect  DONE  acc=0.7609 loss=0.4852 AOPCR=  0.078 NDCG=  n/a C=  2 T=   16 (24s)  [18 trained / 0 failed so far]
[ 19/129] DistalPhalanxTW
    stage 1/3: loading data ...
    stage 2/3: training on 323 series (val=77, C=6, T=16, batch=16) ...
    stage 3/3: scoring on 139 test series (accuracy + AOPCR) ...
    [mlflow] versioned model 'mstcn_sep_additive' (id=m-4bcbeefb31f64f6ca92ce740025d7cd6) params={'model_size_mb': '3.5503', 'n_model_params': '272151', 'name': 'seanet'}
    [mlflow] logged run 'seanet_DistalPhalanxTW'  (train_acc=0.8204 val_acc=0.8312 test_acc=0.6763 test_loss=0.7957)
[ 19/129] DistalPhalanxTW              DONE  acc=0.6763 loss=0.7957 AOPCR= -0.286 NDCG=  n/a C=  6 T=   16 (14s)  [19 trained / 0 failed so far]
[ 20/129] Earthquakes
    stage 1/3: loading data ...
    stage 2/3: training on 259 series (val=63, C=2, T=102, batch=16) ...
    stage 3/3: scoring on 139 test series (accuracy + AOPCR) ...
    [mlflow] versioned model 'mstcn_sep_additive' (id=m-bd61047be5f643f2bcdff84014676f73) params={'model_size_mb': '3.5483', 'n_model_params': '271635', 'name': 'seanet'}
    [mlflow] logged run 'seanet_Earthquakes'  (train_acc=0.8301 val_acc=0.8254 test_acc=0.7482 test_loss=0.5881)
[ 20/129] Earthquakes                  DONE  acc=0.7482 loss=0.5881 AOPCR=  0.048 NDCG=  n/a C=  2 T=  102 (8s)  [20 trained / 0 failed so far]
[ 21/129] ECG200
    stage 1/3: loading data ...
    stage 2/3: training on 81 series (val=19, C=2, T=19, batch=8) ...
    stage 3/3: scoring on 100 test series (accuracy + AOPCR) ...
    [mlflow] versioned model 'mstcn_sep_additive' (id=m-ef7ba06eba044061a65dab60aedd694a) params={'model_size_mb': '3.5483', 'n_model_params': '271635', 'name': 'seanet'}
    [mlflow] logged run 'seanet_ECG200'  (train_acc=1.0000 val_acc=0.8947 test_acc=0.8700 test_loss=0.3290)
[ 21/129] ECG200                       DONE  acc=0.8700 loss=0.3290 AOPCR=  0.117 NDCG=  n/a C=  2 T=   19 (13s)  [21 trained / 0 failed so far]
[ 22/129] ECG5000
    stage 1/3: loading data ...
    stage 2/3: training on 401 series (val=99, C=5, T=28, batch=16) ...
    stage 3/3: scoring on 4500 test series (accuracy + AOPCR) ...
    [mlflow] versioned model 'mstcn_sep_additive' (id=m-dc3bc12284144e8288a48174aa2a6e24) params={'model_size_mb': '3.5498', 'n_model_params': '272022', 'name': 'seanet'}
    [mlflow] logged run 'seanet_ECG5000'  (train_acc=0.9925 val_acc=0.9495 test_acc=0.9447 test_loss=0.2753)
[ 22/129] ECG5000                      DONE  acc=0.9447 loss=0.2753 AOPCR=  0.230 NDCG=  n/a C=  5 T=   28 (29s)  [22 trained / 0 failed so far]
[ 23/129] ECGFiveDays
    stage 1/3: loading data ...
    stage 2/3: training on 23 series (no val (train-loss early stop), C=2, T=27, batch=2) ...
    stage 3/3: scoring on 861 test series (accuracy + AOPCR) ...
    [mlflow] versioned model 'mstcn_sep_additive' (id=m-bc26010eddc247e1868fc1a0892fd438) params={'model_size_mb': '3.5483', 'n_model_params': '271635', 'name': 'seanet'}
    [mlflow] logged run 'seanet_ECGFiveDays'  (train_acc=1.0000 test_acc=0.9803 test_loss=0.1253)
[ 23/129] ECGFiveDays                  DONE  acc=0.9803 loss=0.1253 AOPCR= -0.102 NDCG=  n/a C=  2 T=   27 (14s)  [23 trained / 0 failed so far]
[ 24/129] ElectricDevices
    stage 1/3: loading data ...
    stage 2/3: training on 7144 series (val=1782, C=7, T=19, batch=16) ...
    stage 3/3: scoring on 7711 test series (accuracy + AOPCR) ...
    [mlflow] versioned model 'mstcn_sep_additive' (id=m-6060edfd636b46ef9672d145fc68987a) params={'model_size_mb': '3.5508', 'n_model_params': '272280', 'name': 'seanet'}
    [mlflow] logged run 'seanet_ElectricDevices'  (train_acc=0.9296 val_acc=0.8440 test_acc=0.6495 test_loss=1.1366)
[ 24/129] ElectricDevices              DONE  acc=0.6495 loss=1.1366 AOPCR=  0.069 NDCG=  n/a C=  7 T=   19 (331s)  [24 trained / 0 failed so far]
[ 25/129] FaceAll
    stage 1/3: loading data ...
    stage 2/3: training on 448 series (val=112, C=14, T=26, batch=16) ...
    stage 3/3: scoring on 1690 test series (accuracy + AOPCR) ...
    [mlflow] versioned model 'mstcn_sep_additive' (id=m-e57a75d7a5ff4bd39c7a1ec0e3fd97f0) params={'model_size_mb': '3.5542', 'n_model_params': '273183', 'name': 'seanet'}
    [mlflow] logged run 'seanet_FaceAll'  (train_acc=1.0000 val_acc=0.9911 test_acc=0.7870 test_loss=0.7332)
[ 25/129] FaceAll                      DONE  acc=0.7870 loss=0.7332 AOPCR=  0.041 NDCG=  n/a C= 14 T=   26 (76s)  [25 trained / 0 failed so far]
[ 26/129] FaceFour
    stage 1/3: loading data ...
    stage 2/3: training on 24 series (no val (train-loss early stop), C=4, T=70, batch=2) ...
    stage 3/3: scoring on 88 test series (accuracy + AOPCR) ...
    [mlflow] versioned model 'mstcn_sep_additive' (id=m-ef767b11f7694c6090c9a06f550d668f) params={'model_size_mb': '3.5493', 'n_model_params': '271893', 'name': 'seanet'}
    [mlflow] logged run 'seanet_FaceFour'  (train_acc=1.0000 test_acc=0.9773 test_loss=0.2662)
[ 26/129] FaceFour                     DONE  acc=0.9773 loss=0.2662 AOPCR=  0.163 NDCG=  n/a C=  4 T=   70 (16s)  [26 trained / 0 failed so far]
[ 27/129] FacesUCR
    stage 1/3: loading data ...
    stage 2/3: training on 165 series (val=35, C=14, T=26, batch=16) ...
    stage 3/3: scoring on 2050 test series (accuracy + AOPCR) ...
    [mlflow] versioned model 'mstcn_sep_additive' (id=m-675dc2addce7411d8075d407006a7e8f) params={'model_size_mb': '3.5542', 'n_model_params': '273183', 'name': 'seanet'}
    [mlflow] logged run 'seanet_FacesUCR'  (train_acc=1.0000 val_acc=0.9429 test_acc=0.8268 test_loss=0.6228)
[ 27/129] FacesUCR                     DONE  acc=0.8268 loss=0.6228 AOPCR=  0.167 NDCG=  n/a C= 14 T=   26 (9s)  [27 trained / 0 failed so far]
[ 28/129] FiftyWords
    stage 1/3: loading data ...
    stage 2/3: training on 365 series (val=85, C=50, T=54, batch=16) ...
    stage 3/3: scoring on 455 test series (accuracy + AOPCR) ...
    [mlflow] versioned model 'mstcn_sep_additive' (id=m-31bd19824846462faefacc2d188289e5) params={'model_size_mb': '3.572', 'n_model_params': '277827', 'name': 'seanet'}
    [mlflow] logged run 'seanet_FiftyWords'  (train_acc=0.9973 val_acc=0.7647 test_acc=0.7780 test_loss=0.9117)
[ 28/129] FiftyWords                   DONE  acc=0.7780 loss=0.9117 AOPCR=  0.557 NDCG=  n/a C= 50 T=   54 (23s)  [28 trained / 0 failed so far]
[ 29/129] Fish
    stage 1/3: loading data ...
    stage 2/3: training on 142 series (val=33, C=7, T=92, batch=14) ...
    stage 3/3: scoring on 175 test series (accuracy + AOPCR) ...
    [mlflow] versioned model 'mstcn_sep_additive' (id=m-be557e3d56214c868ef97f342f13e417) params={'model_size_mb': '3.5508', 'n_model_params': '272280', 'name': 'seanet'}
    [mlflow] logged run 'seanet_Fish'  (train_acc=1.0000 val_acc=1.0000 test_acc=0.9371 test_loss=0.2741)
[ 29/129] Fish                         DONE  acc=0.9371 loss=0.2741 AOPCR=  0.236 NDCG=  n/a C=  7 T=   92 (21s)  [29 trained / 0 failed so far]
[ 30/129] FordA
    stage 1/3: loading data ...
    stage 2/3: training on 2881 series (val=720, C=2, T=100, batch=16) ...
    stage 3/3: scoring on 1320 test series (accuracy + AOPCR) ...
    [mlflow] versioned model 'mstcn_sep_additive' (id=m-0716dc8bd2374096b12450f50a6d7f23) params={'model_size_mb': '3.5483', 'n_model_params': '271635', 'name': 'seanet'}
    [mlflow] logged run 'seanet_FordA'  (train_acc=0.9771 val_acc=0.9667 test_acc=0.9644 test_loss=0.1626)
[ 30/129] FordA                        DONE  acc=0.9644 loss=0.1626 AOPCR= -0.086 NDCG=  n/a C=  2 T=  100 (158s)  [30 trained / 0 failed so far]
[ 31/129] FordB
    stage 1/3: loading data ...
    stage 2/3: training on 2909 series (val=727, C=2, T=100, batch=16) ...
    stage 3/3: scoring on 810 test series (accuracy + AOPCR) ...
    [mlflow] versioned model 'mstcn_sep_additive' (id=m-51a8cf6663d94d3ba6ce1d871a9dda4d) params={'model_size_mb': '3.5483', 'n_model_params': '271635', 'name': 'seanet'}
    [mlflow] logged run 'seanet_FordB'  (train_acc=0.9900 val_acc=0.9684 test_acc=0.8494 test_loss=0.3418)
[ 31/129] FordB                        DONE  acc=0.8494 loss=0.3418 AOPCR=  0.027 NDCG=  n/a C=  2 T=  100 (131s)  [31 trained / 0 failed so far]
[ 32/129] GunPoint
    stage 1/3: loading data ...
    stage 2/3: training on 50 series (no val (train-loss early stop), C=2, T=30, batch=5) ...
    stage 3/3: scoring on 150 test series (accuracy + AOPCR) ...
    [mlflow] versioned model 'mstcn_sep_additive' (id=m-22418aaceeee46c99b615287dac193fb) params={'model_size_mb': '3.5483', 'n_model_params': '271635', 'name': 'seanet'}
    [mlflow] logged run 'seanet_GunPoint'  (train_acc=1.0000 test_acc=0.9733 test_loss=0.1191)
[ 32/129] GunPoint                     DONE  acc=0.9733 loss=0.1191 AOPCR=  0.011 NDCG=  n/a C=  2 T=   30 (16s)  [32 trained / 0 failed so far]
[ 33/129] Ham
    stage 1/3: loading data ...
    stage 2/3: training on 88 series (val=21, C=2, T=86, batch=8) ...
    stage 3/3: scoring on 105 test series (accuracy + AOPCR) ...
    [mlflow] versioned model 'mstcn_sep_additive' (id=m-f8606c68c43c4be3b863749597b54ecd) params={'model_size_mb': '3.5483', 'n_model_params': '271635', 'name': 'seanet'}
    [mlflow] logged run 'seanet_Ham'  (train_acc=1.0000 val_acc=0.9048 test_acc=0.7238 test_loss=0.6633)
[ 33/129] Ham                          DONE  acc=0.7238 loss=0.6633 AOPCR=  0.064 NDCG=  n/a C=  2 T=   86 (6s)  [33 trained / 0 failed so far]
[ 34/129] HandOutlines
    stage 1/3: loading data ...
    stage 2/3: training on 801 series (val=199, C=2, T=541, batch=16) ...
    stage 3/3: scoring on 370 test series (accuracy + AOPCR) ...
    [mlflow] versioned model 'mstcn_sep_additive' (id=m-54729ef40a9541429ea12dfd67f49bef) params={'model_size_mb': '3.5483', 'n_model_params': '271635', 'name': 'seanet'}
    [mlflow] logged run 'seanet_HandOutlines'  (train_acc=0.9775 val_acc=0.9146 test_acc=0.9514 test_loss=0.2013)
[ 34/129] HandOutlines                 DONE  acc=0.9514 loss=0.2013 AOPCR=  0.139 NDCG=  n/a C=  2 T=  541 (56s)  [34 trained / 0 failed so far]
[ 35/129] Haptics
    stage 1/3: loading data ...
    stage 2/3: training on 127 series (val=28, C=5, T=218, batch=12) ...
    stage 3/3: scoring on 308 test series (accuracy + AOPCR) ...
    [mlflow] versioned model 'mstcn_sep_additive' (id=m-6b6b6a3a9d16419fb1cf15f6b02251f2) params={'model_size_mb': '3.5498', 'n_model_params': '272022', 'name': 'seanet'}
    [mlflow] logged run 'seanet_Haptics'  (train_acc=0.9370 val_acc=0.6786 test_acc=0.4610 test_loss=1.3866)
[ 35/129] Haptics                      DONE  acc=0.4610 loss=1.3866 AOPCR=  0.145 NDCG=  n/a C=  5 T=  218 (9s)  [35 trained / 0 failed so far]
[ 36/129] Herring
    stage 1/3: loading data ...
    stage 2/3: training on 64 series (no val (train-loss early stop), C=2, T=102, batch=6) ...
    stage 3/3: scoring on 64 test series (accuracy + AOPCR) ...
    [mlflow] versioned model 'mstcn_sep_additive' (id=m-34f68abe4ea147d09a716f46206111f7) params={'model_size_mb': '3.5483', 'n_model_params': '271635', 'name': 'seanet'}
    [mlflow] logged run 'seanet_Herring'  (train_acc=1.0000 test_acc=0.6094 test_loss=0.9292)
[ 36/129] Herring                      DONE  acc=0.6094 loss=0.9292 AOPCR=  0.806 NDCG=  n/a C=  2 T=  102 (33s)  [36 trained / 0 failed so far]
[ 37/129] InlineSkate
    stage 1/3: loading data ...
    stage 2/3: training on 84 series (val=16, C=7, T=376, batch=8) ...
    stage 3/3: scoring on 550 test series (accuracy + AOPCR) ...
    [mlflow] versioned model 'mstcn_sep_additive' (id=m-d2cc13682be04c14865cb8df2aa42ae6) params={'model_size_mb': '3.5508', 'n_model_params': '272280', 'name': 'seanet'}
    [mlflow] logged run 'seanet_InlineSkate'  (train_acc=0.9524 val_acc=0.5000 test_acc=0.3945 test_loss=1.6161)
[ 37/129] InlineSkate                  DONE  acc=0.3945 loss=1.6161 AOPCR=  0.370 NDCG=  n/a C=  7 T=  376 (9s)  [37 trained / 0 failed so far]
[ 38/129] InsectWingbeatSound
    stage 1/3: loading data ...
    stage 2/3: training on 176 series (val=44, C=11, T=51, batch=16) ...
    stage 3/3: scoring on 1980 test series (accuracy + AOPCR) ...
    [mlflow] versioned model 'mstcn_sep_additive' (id=m-1d134ee3d81f4ecb97601ce0f0ff29ad) params={'model_size_mb': '3.5527', 'n_model_params': '272796', 'name': 'seanet'}
    [mlflow] logged run 'seanet_InsectWingbeatSound'  (train_acc=0.7216 val_acc=0.6136 test_acc=0.6167 test_loss=0.9825)
[ 38/129] InsectWingbeatSound          DONE  acc=0.6167 loss=0.9825 AOPCR=  0.097 NDCG=  n/a C= 11 T=   51 (6s)  [38 trained / 0 failed so far]
[ 39/129] ItalyPowerDemand
    stage 1/3: loading data ...
    stage 2/3: training on 67 series (no val (train-loss early stop), C=2, T=4, batch=6) ...
    stage 3/3: scoring on 1029 test series (accuracy + AOPCR) ...
    [mlflow] versioned model 'mstcn_sep_additive' (id=m-a115dbe45046466bb5a37fb921de523f) params={'model_size_mb': '3.5483', 'n_model_params': '271635', 'name': 'seanet'}
    [mlflow] logged run 'seanet_ItalyPowerDemand'  (train_acc=1.0000 test_acc=0.9456 test_loss=0.1862)
[ 39/129] ItalyPowerDemand             DONE  acc=0.9456 loss=0.1862 AOPCR=  0.281 NDCG=  n/a C=  2 T=    4 (21s)  [39 trained / 0 failed so far]
[ 40/129] LargeKitchenAppliances
    stage 1/3: loading data ...
    stage 2/3: training on 300 series (val=75, C=3, T=144, batch=16) ...
    stage 3/3: scoring on 375 test series (accuracy + AOPCR) ...
    [mlflow] versioned model 'mstcn_sep_additive' (id=m-5bf0c89ba2364f9386bf44ddfd5c77c5) params={'model_size_mb': '3.5488', 'n_model_params': '271764', 'name': 'seanet'}
    [mlflow] logged run 'seanet_LargeKitchenAppliances'  (train_acc=1.0000 val_acc=0.9067 test_acc=0.7813 test_loss=0.5763)
[ 40/129] LargeKitchenAppliances       DONE  acc=0.7813 loss=0.5763 AOPCR=  0.536 NDCG=  n/a C=  3 T=  144 (16s)  [40 trained / 0 failed so far]
[ 41/129] Lightning2
    stage 1/3: loading data ...
    stage 2/3: training on 60 series (no val (train-loss early stop), C=2, T=127, batch=6) ...
    stage 3/3: scoring on 61 test series (accuracy + AOPCR) ...
    [mlflow] versioned model 'mstcn_sep_additive' (id=m-cc20e5566d264f05a5db312301f0af94) params={'model_size_mb': '3.5483', 'n_model_params': '271635', 'name': 'seanet'}
    [mlflow] logged run 'seanet_Lightning2'  (train_acc=1.0000 test_acc=0.7213 test_loss=0.6622)
[ 41/129] Lightning2                   DONE  acc=0.7213 loss=0.6622 AOPCR=  0.462 NDCG=  n/a C=  2 T=  127 (19s)  [41 trained / 0 failed so far]
[ 42/129] Lightning7
    stage 1/3: loading data ...
    stage 2/3: training on 70 series (no val (train-loss early stop), C=7, T=63, batch=7) ...
    stage 3/3: scoring on 73 test series (accuracy + AOPCR) ...
    [mlflow] versioned model 'mstcn_sep_additive' (id=m-8c35be925d8e431bbec38c36c0f81f5c) params={'model_size_mb': '3.5508', 'n_model_params': '272280', 'name': 'seanet'}
    [mlflow] logged run 'seanet_Lightning7'  (train_acc=1.0000 test_acc=0.7260 test_loss=0.8043)
[ 42/129] Lightning7                   DONE  acc=0.7260 loss=0.8043 AOPCR=  0.848 NDCG=  n/a C=  7 T=   63 (23s)  [42 trained / 0 failed so far]
[ 43/129] Mallat
    stage 1/3: loading data ...
    stage 2/3: training on 55 series (no val (train-loss early stop), C=8, T=204, batch=5) ...
    stage 3/3: scoring on 2345 test series (accuracy + AOPCR) ...
    [mlflow] versioned model 'mstcn_sep_additive' (id=m-ec191603cb2941aba1012536412866b7) params={'model_size_mb': '3.5513', 'n_model_params': '272409', 'name': 'seanet'}
    [mlflow] logged run 'seanet_Mallat'  (train_acc=1.0000 test_acc=0.9147 test_loss=0.3577)
[ 43/129] Mallat                       DONE  acc=0.9147 loss=0.3577 AOPCR=  0.128 NDCG=  n/a C=  8 T=  204 (21s)  [43 trained / 0 failed so far]
[ 44/129] Meat
    stage 1/3: loading data ...
    stage 2/3: training on 60 series (no val (train-loss early stop), C=3, T=89, batch=6) ...
    stage 3/3: scoring on 60 test series (accuracy + AOPCR) ...
    [mlflow] versioned model 'mstcn_sep_additive' (id=m-716b163efce1488caf8af3ff3de5750c) params={'model_size_mb': '3.5488', 'n_model_params': '271764', 'name': 'seanet'}
    [mlflow] logged run 'seanet_Meat'  (train_acc=1.0000 test_acc=0.9500 test_loss=0.2016)
[ 44/129] Meat                         DONE  acc=0.9500 loss=0.2016 AOPCR=  0.844 NDCG=  n/a C=  3 T=   89 (26s)  [44 trained / 0 failed so far]
[ 45/129] MedicalImages
    stage 1/3: loading data ...
    stage 2/3: training on 307 series (val=74, C=10, T=19, batch=16) ...
    stage 3/3: scoring on 760 test series (accuracy + AOPCR) ...
    [mlflow] versioned model 'mstcn_sep_additive' (id=m-b4e28f56a65841538ab56182986787bb) params={'model_size_mb': '3.5522', 'n_model_params': '272667', 'name': 'seanet'}
    [mlflow] logged run 'seanet_MedicalImages'  (train_acc=0.9251 val_acc=0.7568 test_acc=0.7066 test_loss=0.8988)
[ 45/129] MedicalImages                DONE  acc=0.7066 loss=0.8988 AOPCR=  0.233 NDCG=  n/a C= 10 T=   19 (17s)  [45 trained / 0 failed so far]
[ 46/129] MiddlePhalanxOutlineAgeGroup
    stage 1/3: loading data ...
    stage 2/3: training on 321 series (val=79, C=3, T=16, batch=16) ...
    stage 3/3: scoring on 154 test series (accuracy + AOPCR) ...
    [mlflow] versioned model 'mstcn_sep_additive' (id=m-07014051fc8641adb8a8097ed92f98c3) params={'model_size_mb': '3.5488', 'n_model_params': '271764', 'name': 'seanet'}
    [mlflow] logged run 'seanet_MiddlePhalanxOutlineAgeGroup'  (train_acc=0.7975 val_acc=0.7975 test_acc=0.6169 test_loss=0.9034)
[ 46/129] MiddlePhalanxOutlineAgeGroup DONE  acc=0.6169 loss=0.9034 AOPCR=  0.192 NDCG=  n/a C=  3 T=   16 (15s)  [46 trained / 0 failed so far]
[ 47/129] MiddlePhalanxOutlineCorrect
    stage 1/3: loading data ...
    stage 2/3: training on 481 series (val=119, C=2, T=16, batch=16) ...
    stage 3/3: scoring on 291 test series (accuracy + AOPCR) ...
    [mlflow] versioned model 'mstcn_sep_additive' (id=m-55eb594778954c74a611ab60dbd7521d) params={'model_size_mb': '3.5483', 'n_model_params': '271635', 'name': 'seanet'}
    [mlflow] logged run 'seanet_MiddlePhalanxOutlineCorrect'  (train_acc=0.8524 val_acc=0.8487 test_acc=0.7732 test_loss=0.4999)
[ 47/129] MiddlePhalanxOutlineCorrect  DONE  acc=0.7732 loss=0.4999 AOPCR= -0.149 NDCG=  n/a C=  2 T=   16 (24s)  [47 trained / 0 failed so far]
[ 48/129] MiddlePhalanxTW
    stage 1/3: loading data ...
    stage 2/3: training on 321 series (val=78, C=6, T=16, batch=16) ...
    stage 3/3: scoring on 154 test series (accuracy + AOPCR) ...
    [mlflow] versioned model 'mstcn_sep_additive' (id=m-5e733bae5d594fe3a71f035306f62f83) params={'model_size_mb': '3.5503', 'n_model_params': '272151', 'name': 'seanet'}
    [mlflow] logged run 'seanet_MiddlePhalanxTW'  (train_acc=0.6386 val_acc=0.6410 test_acc=0.5779 test_loss=1.0733)
[ 48/129] MiddlePhalanxTW              DONE  acc=0.5779 loss=1.0733 AOPCR= -0.073 NDCG=  n/a C=  6 T=   16 (14s)  [48 trained / 0 failed so far]
[ 49/129] MoteStrain
    stage 1/3: loading data ...
    stage 2/3: training on 20 series (no val (train-loss early stop), C=2, T=16, batch=2) ...
    stage 3/3: scoring on 1252 test series (accuracy + AOPCR) ...
    [mlflow] versioned model 'mstcn_sep_additive' (id=m-9c42d8d0e9e74754a7e4f832e85ca06a) params={'model_size_mb': '3.5483', 'n_model_params': '271635', 'name': 'seanet'}
    [mlflow] logged run 'seanet_MoteStrain'  (train_acc=1.0000 test_acc=0.8618 test_loss=0.3442)
[ 49/129] MoteStrain                   DONE  acc=0.8618 loss=0.3442 AOPCR=  0.216 NDCG=  n/a C=  2 T=   16 (14s)  [49 trained / 0 failed so far]
[ 50/129] NonInvasiveFetalECGThorax1
    stage 1/3: loading data ...
    stage 2/3: training on 1452 series (val=348, C=42, T=150, batch=16) ...
    stage 3/3: scoring on 1965 test series (accuracy + AOPCR) ...
    [mlflow] versioned model 'mstcn_sep_additive' (id=m-c68bc5a252a646dd88ce02c07724e45f) params={'model_size_mb': '3.568', 'n_model_params': '276795', 'name': 'seanet'}
    [mlflow] logged run 'seanet_NonInvasiveFetalECGThorax1'  (train_acc=0.9848 val_acc=0.9052 test_acc=0.9176 test_loss=0.3298)
[ 50/129] NonInvasiveFetalECGThorax1   DONE  acc=0.9176 loss=0.3298 AOPCR= -0.824 NDCG=  n/a C= 42 T=  150 (122s)  [50 trained / 0 failed so far]
[ 51/129] NonInvasiveFetalECGThorax2
    stage 1/3: loading data ...
    stage 2/3: training on 1452 series (val=348, C=42, T=150, batch=16) ...
    stage 3/3: scoring on 1965 test series (accuracy + AOPCR) ...
    [mlflow] versioned model 'mstcn_sep_additive' (id=m-c3858dfda2f9417d905771cd0d5bd273) params={'model_size_mb': '3.568', 'n_model_params': '276795', 'name': 'seanet'}
    [mlflow] logged run 'seanet_NonInvasiveFetalECGThorax2'  (train_acc=0.9869 val_acc=0.9598 test_acc=0.9267 test_loss=0.3295)
[ 51/129] NonInvasiveFetalECGThorax2   DONE  acc=0.9267 loss=0.3295 AOPCR= -0.088 NDCG=  n/a C= 42 T=  150 (149s)  [51 trained / 0 failed so far]
[ 52/129] OliveOil
    stage 1/3: loading data ...
    stage 2/3: training on 30 series (no val (train-loss early stop), C=4, T=114, batch=3) ...
    stage 3/3: scoring on 30 test series (accuracy + AOPCR) ...
    [mlflow] versioned model 'mstcn_sep_additive' (id=m-9598e39259a745bda2dd0b35a79734a6) params={'model_size_mb': '3.5493', 'n_model_params': '271893', 'name': 'seanet'}
    [mlflow] logged run 'seanet_OliveOil'  (train_acc=0.4333 test_acc=0.4000 test_loss=1.3037)
[ 52/129] OliveOil                     DONE  acc=0.4000 loss=1.3037 AOPCR=  0.043 NDCG=  n/a C=  4 T=  114 (5s)  [52 trained / 0 failed so far]
[ 53/129] OSULeaf
    stage 1/3: loading data ...
    stage 2/3: training on 163 series (val=37, C=6, T=85, batch=16) ...
    stage 3/3: scoring on 242 test series (accuracy + AOPCR) ...
    [mlflow] versioned model 'mstcn_sep_additive' (id=m-b458129a336f4e598da50ebfd38263fd) params={'model_size_mb': '3.5503', 'n_model_params': '272151', 'name': 'seanet'}
    [mlflow] logged run 'seanet_OSULeaf'  (train_acc=1.0000 val_acc=0.9189 test_acc=0.7851 test_loss=0.6676)
[ 53/129] OSULeaf                      DONE  acc=0.7851 loss=0.6676 AOPCR=  0.201 NDCG=  n/a C=  6 T=   85 (16s)  [53 trained / 0 failed so far]
[ 54/129] PhalangesOutlinesCorrect
    stage 1/3: loading data ...
    stage 2/3: training on 1441 series (val=359, C=2, T=16, batch=16) ...
    stage 3/3: scoring on 858 test series (accuracy + AOPCR) ...
    [mlflow] versioned model 'mstcn_sep_additive' (id=m-9aaae6c53abf461188375785150fc1ca) params={'model_size_mb': '3.5483', 'n_model_params': '271635', 'name': 'seanet'}
    [mlflow] logged run 'seanet_PhalangesOutlinesCorrect'  (train_acc=0.9410 val_acc=0.8747 test_acc=0.8077 test_loss=0.4220)
[ 54/129] PhalangesOutlinesCorrect     DONE  acc=0.8077 loss=0.4220 AOPCR=  0.081 NDCG=  n/a C=  2 T=   16 (125s)  [54 trained / 0 failed so far]
[ 55/129] Phoneme
    stage 1/3: loading data ...
    stage 2/3: training on 171 series (val=43, C=39, T=204, batch=16) ...
    stage 3/3: scoring on 1896 test series (accuracy + AOPCR) ...
    [mlflow] versioned model 'mstcn_sep_additive' (id=m-51c25b3739f547dfae8f43342610bc49) params={'model_size_mb': '3.5665', 'n_model_params': '276408', 'name': 'seanet'}
    [mlflow] logged run 'seanet_Phoneme'  (train_acc=0.4503 val_acc=0.1860 test_acc=0.2263 test_loss=2.8868)
[ 55/129] Phoneme                      DONE  acc=0.2263 loss=2.8868 AOPCR=  0.121 NDCG=  n/a C= 39 T=  204 (6s)  [55 trained / 0 failed so far]
[ 56/129] Plane
    stage 1/3: loading data ...
    stage 2/3: training on 87 series (val=18, C=7, T=28, batch=8) ...
    stage 3/3: scoring on 105 test series (accuracy + AOPCR) ...
    [mlflow] versioned model 'mstcn_sep_additive' (id=m-dee537b90a284e2699b8e3497f787cb5) params={'model_size_mb': '3.5508', 'n_model_params': '272280', 'name': 'seanet'}
    [mlflow] logged run 'seanet_Plane'  (train_acc=1.0000 val_acc=1.0000 test_acc=1.0000 test_loss=0.0970)
[ 56/129] Plane                        DONE  acc=1.0000 loss=0.0970 AOPCR= -0.032 NDCG=  n/a C=  7 T=   28 (32s)  [56 trained / 0 failed so far]
[ 57/129] ProximalPhalanxOutlineAgeGroup
    stage 1/3: loading data ...
    stage 2/3: training on 322 series (val=78, C=3, T=16, batch=16) ...
    stage 3/3: scoring on 205 test series (accuracy + AOPCR) ...
    [mlflow] versioned model 'mstcn_sep_additive' (id=m-bee97a06557640c99740cb14f60aff9f) params={'model_size_mb': '3.5488', 'n_model_params': '271764', 'name': 'seanet'}
    [mlflow] logged run 'seanet_ProximalPhalanxOutlineAgeGroup'  (train_acc=0.8975 val_acc=0.8333 test_acc=0.8537 test_loss=0.3953)
[ 57/129] ProximalPhalanxOutlineAgeGroup DONE  acc=0.8537 loss=0.3953 AOPCR=  0.100 NDCG=  n/a C=  3 T=   16 (24s)  [57 trained / 0 failed so far]
[ 58/129] ProximalPhalanxOutlineCorrect
    stage 1/3: loading data ...
    stage 2/3: training on 481 series (val=119, C=2, T=16, batch=16) ...
    stage 3/3: scoring on 291 test series (accuracy + AOPCR) ...
    [mlflow] versioned model 'mstcn_sep_additive' (id=m-6dfacda094f64abbbe6dc5dbdd92fd18) params={'model_size_mb': '3.5483', 'n_model_params': '271635', 'name': 'seanet'}
    [mlflow] logged run 'seanet_ProximalPhalanxOutlineCorrect'  (train_acc=0.9584 val_acc=0.8739 test_acc=0.9072 test_loss=0.2567)
[ 58/129] ProximalPhalanxOutlineCorrect DONE  acc=0.9072 loss=0.2567 AOPCR= -0.012 NDCG=  n/a C=  2 T=   16 (49s)  [58 trained / 0 failed so far]
[ 59/129] ProximalPhalanxTW
    stage 1/3: loading data ...
    stage 2/3: training on 322 series (val=78, C=6, T=16, batch=16) ...
    stage 3/3: scoring on 205 test series (accuracy + AOPCR) ...
    [mlflow] versioned model 'mstcn_sep_additive' (id=m-588caed2dc8149e29ed32a3ccda36a41) params={'model_size_mb': '3.5503', 'n_model_params': '272151', 'name': 'seanet'}
    [mlflow] logged run 'seanet_ProximalPhalanxTW'  (train_acc=0.8665 val_acc=0.8333 test_acc=0.7902 test_loss=0.5949)
[ 59/129] ProximalPhalanxTW            DONE  acc=0.7902 loss=0.5949 AOPCR=  0.683 NDCG=  n/a C=  6 T=   16 (23s)  [59 trained / 0 failed so far]
[ 60/129] RefrigerationDevices
    stage 1/3: loading data ...
    stage 2/3: training on 300 series (val=75, C=3, T=144, batch=16) ...
    stage 3/3: scoring on 375 test series (accuracy + AOPCR) ...
    [mlflow] versioned model 'mstcn_sep_additive' (id=m-6fb3ce940148458abd5bf31a67c4671f) params={'model_size_mb': '3.5488', 'n_model_params': '271764', 'name': 'seanet'}
    [mlflow] logged run 'seanet_RefrigerationDevices'  (train_acc=0.8067 val_acc=0.6133 test_acc=0.4400 test_loss=1.1635)
[ 60/129] RefrigerationDevices         DONE  acc=0.4400 loss=1.1635 AOPCR= -0.034 NDCG=  n/a C=  3 T=  144 (9s)  [60 trained / 0 failed so far]
[ 61/129] ScreenType
    stage 1/3: loading data ...
    stage 2/3: training on 300 series (val=75, C=3, T=144, batch=16) ...
    stage 3/3: scoring on 375 test series (accuracy + AOPCR) ...
    [mlflow] versioned model 'mstcn_sep_additive' (id=m-9d291aaeef104f68a17ba861734b4add) params={'model_size_mb': '3.5488', 'n_model_params': '271764', 'name': 'seanet'}
    [mlflow] logged run 'seanet_ScreenType'  (train_acc=0.7033 val_acc=0.5067 test_acc=0.4267 test_loss=1.0635)
[ 61/129] ScreenType                   DONE  acc=0.4267 loss=1.0635 AOPCR=  0.097 NDCG=  n/a C=  3 T=  144 (10s)  [61 trained / 0 failed so far]
[ 62/129] ShapeletSim
    stage 1/3: loading data ...
    stage 2/3: training on 20 series (no val (train-loss early stop), C=2, T=100, batch=2) ...
    stage 3/3: scoring on 180 test series (accuracy + AOPCR) ...
    [mlflow] versioned model 'mstcn_sep_additive' (id=m-fb9a530b15e047c580143478be0d8cb6) params={'model_size_mb': '3.5483', 'n_model_params': '271635', 'name': 'seanet'}
    [mlflow] logged run 'seanet_ShapeletSim'  (train_acc=1.0000 test_acc=0.6278 test_loss=0.8207)
[ 62/129] ShapeletSim                  DONE  acc=0.6278 loss=0.8207 AOPCR=  0.099 NDCG=  n/a C=  2 T=  100 (17s)  [62 trained / 0 failed so far]
[ 63/129] ShapesAll
    stage 1/3: loading data ...
    stage 2/3: training on 480 series (val=120, C=60, T=102, batch=16) ...
    stage 3/3: scoring on 600 test series (accuracy + AOPCR) ...
    [mlflow] versioned model 'mstcn_sep_additive' (id=m-4bbd15cbaab7404c86dfa7cf81e5e11d) params={'model_size_mb': '3.5768', 'n_model_params': '279117', 'name': 'seanet'}
    [mlflow] logged run 'seanet_ShapesAll'  (train_acc=1.0000 val_acc=0.9000 test_acc=0.8683 test_loss=0.5549)
[ 63/129] ShapesAll                    DONE  acc=0.8683 loss=0.5549 AOPCR=  0.603 NDCG=  n/a C= 60 T=  102 (57s)  [63 trained / 0 failed so far]
[ 64/129] SmallKitchenAppliances
    stage 1/3: loading data ...
    stage 2/3: training on 300 series (val=75, C=3, T=144, batch=16) ...
    stage 3/3: scoring on 375 test series (accuracy + AOPCR) ...
    [mlflow] versioned model 'mstcn_sep_additive' (id=m-00a07c938c9c4a65bda5184cdcfa75f3) params={'model_size_mb': '3.5488', 'n_model_params': '271764', 'name': 'seanet'}
    [mlflow] logged run 'seanet_SmallKitchenAppliances'  (train_acc=0.9867 val_acc=0.7867 test_acc=0.7387 test_loss=0.7043)
[ 64/129] SmallKitchenAppliances       DONE  acc=0.7387 loss=0.7043 AOPCR=  0.317 NDCG=  n/a C=  3 T=  144 (22s)  [64 trained / 0 failed so far]
[ 65/129] SonyAIBORobotSurface1
    stage 1/3: loading data ...
    stage 2/3: training on 20 series (no val (train-loss early stop), C=2, T=14, batch=2) ...
    stage 3/3: scoring on 601 test series (accuracy + AOPCR) ...
    [mlflow] versioned model 'mstcn_sep_additive' (id=m-c56c12bf771c4791b18e582f4ad1d78d) params={'model_size_mb': '3.5483', 'n_model_params': '271635', 'name': 'seanet'}
    [mlflow] logged run 'seanet_SonyAIBORobotSurface1'  (train_acc=1.0000 test_acc=0.8453 test_loss=0.3621)
[ 65/129] SonyAIBORobotSurface1        DONE  acc=0.8453 loss=0.3621 AOPCR= -0.154 NDCG=  n/a C=  2 T=   14 (17s)  [65 trained / 0 failed so far]
[ 66/129] SonyAIBORobotSurface2
    stage 1/3: loading data ...
    stage 2/3: training on 27 series (no val (train-loss early stop), C=2, T=13, batch=2) ...
    stage 3/3: scoring on 953 test series (accuracy + AOPCR) ...
    [mlflow] versioned model 'mstcn_sep_additive' (id=m-cf377c4254514bf198e7c7e07b143119) params={'model_size_mb': '3.5483', 'n_model_params': '271635', 'name': 'seanet'}
    [mlflow] logged run 'seanet_SonyAIBORobotSurface2'  (train_acc=1.0000 test_acc=0.8447 test_loss=0.3403)
[ 66/129] SonyAIBORobotSurface2        DONE  acc=0.8447 loss=0.3403 AOPCR=  0.018 NDCG=  n/a C=  2 T=   13 (19s)  [66 trained / 0 failed so far]
[ 67/129] StarLightCurves
    stage 1/3: loading data ...
    stage 2/3: training on 801 series (val=199, C=3, T=204, batch=16) ...
    stage 3/3: scoring on 8236 test series (accuracy + AOPCR) ...
    [mlflow] versioned model 'mstcn_sep_additive' (id=m-1da5f2449e7d4537ad622b9dc50d79d4) params={'model_size_mb': '3.5488', 'n_model_params': '271764', 'name': 'seanet'}
    [mlflow] logged run 'seanet_StarLightCurves'  (train_acc=0.9988 val_acc=0.9849 test_acc=0.9734 test_loss=0.1647)
[ 67/129] StarLightCurves              DONE  acc=0.9734 loss=0.1647 AOPCR=  0.186 NDCG=  n/a C=  3 T=  204 (45s)  [67 trained / 0 failed so far]
[ 68/129] Strawberry
    stage 1/3: loading data ...
    stage 2/3: training on 492 series (val=121, C=2, T=47, batch=16) ...
    stage 3/3: scoring on 370 test series (accuracy + AOPCR) ...
    [mlflow] versioned model 'mstcn_sep_additive' (id=m-1bb39fd4f64c47d495d0ce9d24cc1fb8) params={'model_size_mb': '3.5483', 'n_model_params': '271635', 'name': 'seanet'}
    [mlflow] logged run 'seanet_Strawberry'  (train_acc=0.9756 val_acc=0.9917 test_acc=0.9459 test_loss=0.1731)
[ 68/129] Strawberry                   DONE  acc=0.9459 loss=0.1731 AOPCR=  0.035 NDCG=  n/a C=  2 T=   47 (35s)  [68 trained / 0 failed so far]
[ 69/129] SwedishLeaf
    stage 1/3: loading data ...
    stage 2/3: training on 405 series (val=95, C=15, T=25, batch=16) ...
    stage 3/3: scoring on 625 test series (accuracy + AOPCR) ...
    [mlflow] versioned model 'mstcn_sep_additive' (id=m-125498fa407e4e03914ba46bdca8151a) params={'model_size_mb': '3.5547', 'n_model_params': '273312', 'name': 'seanet'}
    [mlflow] logged run 'seanet_SwedishLeaf'  (train_acc=1.0000 val_acc=0.9895 test_acc=0.9424 test_loss=0.2720)
[ 69/129] SwedishLeaf                  DONE  acc=0.9424 loss=0.2720 AOPCR= -0.004 NDCG=  n/a C= 15 T=   25 (37s)  [69 trained / 0 failed so far]
[ 70/129] Symbols
    stage 1/3: loading data ...
    stage 2/3: training on 25 series (no val (train-loss early stop), C=6, T=79, batch=2) ...
    stage 3/3: scoring on 995 test series (accuracy + AOPCR) ...
    [mlflow] versioned model 'mstcn_sep_additive' (id=m-d1e81bd9638f4f6eb8dd9aebbbe0a89c) params={'model_size_mb': '3.5503', 'n_model_params': '272151', 'name': 'seanet'}
    [mlflow] logged run 'seanet_Symbols'  (train_acc=1.0000 test_acc=0.9598 test_loss=0.2425)
[ 70/129] Symbols                      DONE  acc=0.9598 loss=0.2425 AOPCR=  0.632 NDCG=  n/a C=  6 T=   79 (20s)  [70 trained / 0 failed so far]
[ 71/129] SyntheticControl
    stage 1/3: loading data ...
    stage 2/3: training on 240 series (val=60, C=6, T=12, batch=16) ...
    stage 3/3: scoring on 300 test series (accuracy + AOPCR) ...
    [mlflow] versioned model 'mstcn_sep_additive' (id=m-ca0e5165af814e08848e94c2da602c7c) params={'model_size_mb': '3.5503', 'n_model_params': '272151', 'name': 'seanet'}
    [mlflow] logged run 'seanet_SyntheticControl'  (train_acc=1.0000 val_acc=1.0000 test_acc=0.9933 test_loss=0.1176)
[ 71/129] SyntheticControl             DONE  acc=0.9933 loss=0.1176 AOPCR=  0.057 NDCG=  n/a C=  6 T=   12 (31s)  [71 trained / 0 failed so far]
[ 72/129] ToeSegmentation1
    stage 1/3: loading data ...
    stage 2/3: training on 40 series (no val (train-loss early stop), C=2, T=55, batch=4) ...
    stage 3/3: scoring on 228 test series (accuracy + AOPCR) ...
    [mlflow] versioned model 'mstcn_sep_additive' (id=m-502937e34d59405b81cb029bdae70e25) params={'model_size_mb': '3.5483', 'n_model_params': '271635', 'name': 'seanet'}
    [mlflow] logged run 'seanet_ToeSegmentation1'  (train_acc=1.0000 test_acc=0.9254 test_loss=0.2300)
[ 72/129] ToeSegmentation1             DONE  acc=0.9254 loss=0.2300 AOPCR=  0.023 NDCG=  n/a C=  2 T=   55 (9s)  [72 trained / 0 failed so far]
[ 73/129] ToeSegmentation2
    stage 1/3: loading data ...
    stage 2/3: training on 36 series (no val (train-loss early stop), C=2, T=68, batch=3) ...
    stage 3/3: scoring on 130 test series (accuracy + AOPCR) ...
    [mlflow] versioned model 'mstcn_sep_additive' (id=m-160310a10377454fb5f838c7081a8c57) params={'model_size_mb': '3.5483', 'n_model_params': '271635', 'name': 'seanet'}
    [mlflow] logged run 'seanet_ToeSegmentation2'  (train_acc=1.0000 test_acc=0.8923 test_loss=0.2786)
[ 73/129] ToeSegmentation2             DONE  acc=0.8923 loss=0.2786 AOPCR=  0.044 NDCG=  n/a C=  2 T=   68 (8s)  [73 trained / 0 failed so far]
[ 74/129] Trace
    stage 1/3: loading data ...
    stage 2/3: training on 81 series (val=19, C=4, T=55, batch=8) ...
    stage 3/3: scoring on 100 test series (accuracy + AOPCR) ...
    [mlflow] versioned model 'mstcn_sep_additive' (id=m-cbddeb1b141147e9afb7e025196a7382) params={'model_size_mb': '3.5493', 'n_model_params': '271893', 'name': 'seanet'}
    [mlflow] logged run 'seanet_Trace'  (train_acc=1.0000 val_acc=1.0000 test_acc=1.0000 test_loss=0.0972)
[ 74/129] Trace                        DONE  acc=1.0000 loss=0.0972 AOPCR=  0.864 NDCG=  n/a C=  4 T=   55 (31s)  [74 trained / 0 failed so far]
[ 75/129] TwoLeadECG
    stage 1/3: loading data ...
    stage 2/3: training on 23 series (no val (train-loss early stop), C=2, T=16, batch=2) ...
    stage 3/3: scoring on 1139 test series (accuracy + AOPCR) ...
    [mlflow] versioned model 'mstcn_sep_additive' (id=m-ddd4123fcae94940870f7aac70ff337e) params={'model_size_mb': '3.5483', 'n_model_params': '271635', 'name': 'seanet'}
    [mlflow] logged run 'seanet_TwoLeadECG'  (train_acc=1.0000 test_acc=0.9342 test_loss=0.2016)
[ 75/129] TwoLeadECG                   DONE  acc=0.9342 loss=0.2016 AOPCR= -0.189 NDCG=  n/a C=  2 T=   16 (38s)  [75 trained / 0 failed so far]
[ 76/129] TwoPatterns
    stage 1/3: loading data ...
    stage 2/3: training on 801 series (val=199, C=4, T=25, batch=16) ...
    stage 3/3: scoring on 4000 test series (accuracy + AOPCR) ...
    [mlflow] versioned model 'mstcn_sep_additive' (id=m-ec8791155a33429fa00838c552f3e0a7) params={'model_size_mb': '3.5493', 'n_model_params': '271893', 'name': 'seanet'}
    [mlflow] logged run 'seanet_TwoPatterns'  (train_acc=1.0000 val_acc=1.0000 test_acc=0.9990 test_loss=0.0909)
[ 76/129] TwoPatterns                  DONE  acc=0.9990 loss=0.0909 AOPCR=  0.867 NDCG=  n/a C=  4 T=   25 (62s)  [76 trained / 0 failed so far]
[ 77/129] UWaveGestureLibraryAll
    stage 1/3: loading data ...
    stage 2/3: training on 719 series (val=177, C=8, T=189, batch=16) ...
    stage 3/3: scoring on 3582 test series (accuracy + AOPCR) ...
    [mlflow] versioned model 'mstcn_sep_additive' (id=m-41d29b14371143e7905ac8ebfa8d79c4) params={'model_size_mb': '3.5513', 'n_model_params': '272409', 'name': 'seanet'}
    [mlflow] logged run 'seanet_UWaveGestureLibraryAll'  (train_acc=1.0000 val_acc=0.9887 test_acc=0.9802 test_loss=0.1798)
[ 77/129] UWaveGestureLibraryAll       DONE  acc=0.9802 loss=0.1798 AOPCR=  0.242 NDCG=  n/a C=  8 T=  189 (48s)  [77 trained / 0 failed so far]
[ 78/129] UWaveGestureLibraryX
    stage 1/3: loading data ...
    stage 2/3: training on 719 series (val=177, C=8, T=63, batch=16) ...
    stage 3/3: scoring on 3582 test series (accuracy + AOPCR) ...
    [mlflow] versioned model 'mstcn_sep_additive' (id=m-a7b42f435b0a4ec9afbc783aff1effb1) params={'model_size_mb': '3.5513', 'n_model_params': '272409', 'name': 'seanet'}
    [mlflow] logged run 'seanet_UWaveGestureLibraryX'  (train_acc=0.9764 val_acc=0.8757 test_acc=0.8040 test_loss=0.5682)
[ 78/129] UWaveGestureLibraryX         DONE  acc=0.8040 loss=0.5682 AOPCR=  0.374 NDCG=  n/a C=  8 T=   63 (29s)  [78 trained / 0 failed so far]
[ 79/129] UWaveGestureLibraryY
    stage 1/3: loading data ...
    stage 2/3: training on 719 series (val=177, C=8, T=63, batch=16) ...
    stage 3/3: scoring on 3582 test series (accuracy + AOPCR) ...
    [mlflow] versioned model 'mstcn_sep_additive' (id=m-afb35fe550d74586a79c7136eed42e1d) params={'model_size_mb': '3.5513', 'n_model_params': '272409', 'name': 'seanet'}
    [mlflow] logged run 'seanet_UWaveGestureLibraryY'  (train_acc=0.9805 val_acc=0.7401 test_acc=0.7298 test_loss=0.8820)
[ 79/129] UWaveGestureLibraryY         DONE  acc=0.7298 loss=0.8820 AOPCR=  0.291 NDCG=  n/a C=  8 T=   63 (30s)  [79 trained / 0 failed so far]
[ 80/129] UWaveGestureLibraryZ
    stage 1/3: loading data ...
    stage 2/3: training on 719 series (val=177, C=8, T=63, batch=16) ...
    stage 3/3: scoring on 3582 test series (accuracy + AOPCR) ...
    [mlflow] versioned model 'mstcn_sep_additive' (id=m-8efbd9329e2c431ba7482e1147fc5ba5) params={'model_size_mb': '3.5513', 'n_model_params': '272409', 'name': 'seanet'}
    [mlflow] logged run 'seanet_UWaveGestureLibraryZ'  (train_acc=0.8818 val_acc=0.7119 test_acc=0.7605 test_loss=0.6986)
[ 80/129] UWaveGestureLibraryZ         DONE  acc=0.7605 loss=0.6986 AOPCR=  0.267 NDCG=  n/a C=  8 T=   63 (25s)  [80 trained / 0 failed so far]
[ 81/129] Wafer
    stage 1/3: loading data ...
    stage 2/3: training on 801 series (val=199, C=2, T=30, batch=16) ...
    stage 3/3: scoring on 6164 test series (accuracy + AOPCR) ...
    [mlflow] versioned model 'mstcn_sep_additive' (id=m-e4a9bf8b044d4b71bda43260560347b2) params={'model_size_mb': '3.5483', 'n_model_params': '271635', 'name': 'seanet'}
    [mlflow] logged run 'seanet_Wafer'  (train_acc=1.0000 val_acc=0.9950 test_acc=0.9974 test_loss=0.0758)
[ 81/129] Wafer                        DONE  acc=0.9974 loss=0.0758 AOPCR=  0.039 NDCG=  n/a C=  2 T=   30 (34s)  [81 trained / 0 failed so far]
[ 82/129] Wine
    stage 1/3: loading data ...
    stage 2/3: training on 57 series (no val (train-loss early stop), C=2, T=46, batch=5) ...
    stage 3/3: scoring on 54 test series (accuracy + AOPCR) ...
    [mlflow] versioned model 'mstcn_sep_additive' (id=m-44b92f73e9d648d999d53bcf0e71fbd8) params={'model_size_mb': '3.5483', 'n_model_params': '271635', 'name': 'seanet'}
    [mlflow] logged run 'seanet_Wine'  (train_acc=0.5263 test_acc=0.5000 test_loss=0.6952)
[ 82/129] Wine                         DONE  acc=0.5000 loss=0.6952 AOPCR= -0.014 NDCG=  n/a C=  2 T=   46 (6s)  [82 trained / 0 failed so far]
[ 83/129] WordSynonyms
    stage 1/3: loading data ...
    stage 2/3: training on 217 series (val=50, C=25, T=54, batch=16) ...
    stage 3/3: scoring on 638 test series (accuracy + AOPCR) ...
    [mlflow] versioned model 'mstcn_sep_additive' (id=m-76bcf1cfe3344f3a8a42f35ae18d0316) params={'model_size_mb': '3.5596', 'n_model_params': '274602', 'name': 'seanet'}
    [mlflow] logged run 'seanet_WordSynonyms'  (train_acc=1.0000 val_acc=0.6800 test_acc=0.7194 test_loss=1.1711)
[ 83/129] WordSynonyms                 DONE  acc=0.7194 loss=1.1711 AOPCR=  0.513 NDCG=  n/a C= 25 T=   54 (18s)  [83 trained / 0 failed so far]
[ 84/129] Worms
    stage 1/3: loading data ...
    stage 2/3: training on 146 series (val=35, C=5, T=180, batch=14) ...
    stage 3/3: scoring on 77 test series (accuracy + AOPCR) ...
    [mlflow] versioned model 'mstcn_sep_additive' (id=m-65bd20f06902476fa8da7eb2d4d6cabf) params={'model_size_mb': '3.5498', 'n_model_params': '272022', 'name': 'seanet'}
    [mlflow] logged run 'seanet_Worms'  (train_acc=0.9658 val_acc=0.8000 test_acc=0.6364 test_loss=0.9531)
[ 84/129] Worms                        DONE  acc=0.6364 loss=0.9531 AOPCR=  0.199 NDCG=  n/a C=  5 T=  180 (8s)  [84 trained / 0 failed so far]
[ 85/129] WormsTwoClass
    stage 1/3: loading data ...
    stage 2/3: training on 145 series (val=36, C=2, T=180, batch=14) ...
    stage 3/3: scoring on 77 test series (accuracy + AOPCR) ...
    [mlflow] versioned model 'mstcn_sep_additive' (id=m-fa85a837f6b74aaeaeba73ae7a7a346c) params={'model_size_mb': '3.5483', 'n_model_params': '271635', 'name': 'seanet'}
    [mlflow] logged run 'seanet_WormsTwoClass'  (train_acc=0.9931 val_acc=0.7778 test_acc=0.7273 test_loss=0.5911)
[ 85/129] WormsTwoClass                DONE  acc=0.7273 loss=0.5911 AOPCR=  0.378 NDCG=  n/a C=  2 T=  180 (9s)  [85 trained / 0 failed so far]
[ 86/129] Yoga
    stage 1/3: loading data ...
    stage 2/3: training on 241 series (val=59, C=2, T=85, batch=16) ...
    stage 3/3: scoring on 3000 test series (accuracy + AOPCR) ...
    [mlflow] versioned model 'mstcn_sep_additive' (id=m-71cd7d6d730e4bc19757adfba877a6a0) params={'model_size_mb': '3.5483', 'n_model_params': '271635', 'name': 'seanet'}
    [mlflow] logged run 'seanet_Yoga'  (train_acc=1.0000 val_acc=0.9322 test_acc=0.8917 test_loss=0.2907)
[ 86/129] Yoga                         DONE  acc=0.8917 loss=0.2907 AOPCR=  0.297 NDCG=  n/a C=  2 T=   85 (18s)  [86 trained / 0 failed so far]
[ 87/129] ACSF1
    stage 1/3: loading data ...
    stage 2/3: training on 80 series (val=20, C=10, T=292, batch=8) ...
    stage 3/3: scoring on 100 test series (accuracy + AOPCR) ...
    [mlflow] versioned model 'mstcn_sep_additive' (id=m-34a255242a0f44d9aa9386b8dc5466a5) params={'model_size_mb': '3.5522', 'n_model_params': '272667', 'name': 'seanet'}
    [mlflow] logged run 'seanet_ACSF1'  (train_acc=0.7375 val_acc=0.7000 test_acc=0.5500 test_loss=1.3306)
[ 87/129] ACSF1                        DONE  acc=0.5500 loss=1.3306 AOPCR= -0.102 NDCG=  n/a C= 10 T=  292 (8s)  [87 trained / 0 failed so far]
[ 88/129] AllGestureWiimoteX
    stage 1/3: loading data ...
    stage 2/3: training on 240 series (val=60, C=10, T=100, batch=16) ...
    stage 3/3: scoring on 700 test series (accuracy + AOPCR) ...
    [mlflow] versioned model 'mstcn_sep_additive' (id=m-8397ee598ea6413e8b22fe27c051db58) params={'model_size_mb': '3.5522', 'n_model_params': '272667', 'name': 'seanet'}
    [mlflow] logged run 'seanet_AllGestureWiimoteX'  (train_acc=0.9875 val_acc=0.7333 test_acc=0.6586 test_loss=1.1212)
[ 88/129] AllGestureWiimoteX           DONE  acc=0.6586 loss=1.1212 AOPCR=  0.991 NDCG=  n/a C= 10 T=  100 (12s)  [88 trained / 0 failed so far]
[ 89/129] AllGestureWiimoteY
    stage 1/3: loading data ...
    stage 2/3: training on 240 series (val=60, C=10, T=100, batch=16) ...
    stage 3/3: scoring on 700 test series (accuracy + AOPCR) ...
    [mlflow] versioned model 'mstcn_sep_additive' (id=m-940404f166284abc927564fbaaa39bad) params={'model_size_mb': '3.5522', 'n_model_params': '272667', 'name': 'seanet'}
    [mlflow] logged run 'seanet_AllGestureWiimoteY'  (train_acc=1.0000 val_acc=0.7333 test_acc=0.7229 test_loss=0.9582)
[ 89/129] AllGestureWiimoteY           DONE  acc=0.7229 loss=0.9582 AOPCR=  0.954 NDCG=  n/a C= 10 T=  100 (18s)  [89 trained / 0 failed so far]
[ 90/129] AllGestureWiimoteZ
    stage 1/3: loading data ...
    stage 2/3: training on 240 series (val=60, C=10, T=100, batch=16) ...
    stage 3/3: scoring on 700 test series (accuracy + AOPCR) ...
    [mlflow] versioned model 'mstcn_sep_additive' (id=m-04c36cd307d44e1f95dc2d8d6ebb8470) params={'model_size_mb': '3.5522', 'n_model_params': '272667', 'name': 'seanet'}
    [mlflow] logged run 'seanet_AllGestureWiimoteZ'  (train_acc=0.9042 val_acc=0.6167 test_acc=0.6429 test_loss=1.0700)
[ 90/129] AllGestureWiimoteZ           DONE  acc=0.6429 loss=1.0700 AOPCR=  0.888 NDCG=  n/a C= 10 T=  100 (13s)  [90 trained / 0 failed so far]
[ 91/129] BME
    stage 1/3: loading data ...
    stage 2/3: training on 30 series (no val (train-loss early stop), C=3, T=25, batch=3) ...
    stage 3/3: scoring on 150 test series (accuracy + AOPCR) ...
    [mlflow] versioned model 'mstcn_sep_additive' (id=m-3cb61e9f332b44a9834ae8a6d22ea6cd) params={'model_size_mb': '3.5488', 'n_model_params': '271764', 'name': 'seanet'}
    [mlflow] logged run 'seanet_BME'  (train_acc=1.0000 test_acc=0.9467 test_loss=0.1955)
[ 91/129] BME                          DONE  acc=0.9467 loss=0.1955 AOPCR=  0.511 NDCG=  n/a C=  3 T=   25 (19s)  [91 trained / 0 failed so far]
[ 92/129] Chinatown
    stage 1/3: loading data ...
    stage 2/3: training on 20 series (no val (train-loss early stop), C=2, T=4, batch=2) ...
    stage 3/3: scoring on 343 test series (accuracy + AOPCR) ...
    [mlflow] versioned model 'mstcn_sep_additive' (id=m-08951878748642c29fd2f1008a34cf3b) params={'model_size_mb': '3.5483', 'n_model_params': '271635', 'name': 'seanet'}
    [mlflow] logged run 'seanet_Chinatown'  (train_acc=1.0000 test_acc=0.9767 test_loss=0.1149)
[ 92/129] Chinatown                    DONE  acc=0.9767 loss=0.1149 AOPCR=  0.156 NDCG=  n/a C=  2 T=    4 (26s)  [92 trained / 0 failed so far]
[ 93/129] Crop
    stage 1/3: loading data ...
    stage 2/3: training on 5760 series (val=1440, C=24, T=9, batch=16) ...
    stage 3/3: scoring on 16800 test series (accuracy + AOPCR) ...
    [mlflow] versioned model 'mstcn_sep_additive' (id=m-353ac3bbecfc424fa4bd3c4e03e2de8b) params={'model_size_mb': '3.5591', 'n_model_params': '274473', 'name': 'seanet'}
    [mlflow] logged run 'seanet_Crop'  (train_acc=0.8637 val_acc=0.7319 test_acc=0.7279 test_loss=0.9038)
[ 93/129] Crop                         DONE  acc=0.7279 loss=0.9038 AOPCR=  0.001 NDCG=  n/a C= 24 T=    9 (245s)  [93 trained / 0 failed so far]
[ 94/129] DodgerLoopDay
    stage 1/3: loading data ...
    stage 2/3: training on 78 series (no val (train-loss early stop), C=7, T=57, batch=7) ...
    stage 3/3: scoring on 80 test series (accuracy + AOPCR) ...
    [mlflow] versioned model 'mstcn_sep_additive' (id=m-97bf7ef6e5394295a5909d983f75d446) params={'model_size_mb': '3.5508', 'n_model_params': '272280', 'name': 'seanet'}
    [mlflow] logged run 'seanet_DodgerLoopDay'  (train_acc=1.0000 test_acc=0.5250 test_loss=1.3720)
[ 94/129] DodgerLoopDay                DONE  acc=0.5250 loss=1.3720 AOPCR=  0.445 NDCG=  n/a C=  7 T=   57 (38s)  [94 trained / 0 failed so far]
[ 95/129] DodgerLoopGame
    stage 1/3: loading data ...
    stage 2/3: training on 20 series (no val (train-loss early stop), C=2, T=57, batch=2) ...
    stage 3/3: scoring on 138 test series (accuracy + AOPCR) ...
    [mlflow] versioned model 'mstcn_sep_additive' (id=m-bc07a74a2bd146c4ba0ea7bc35b605af) params={'model_size_mb': '3.5483', 'n_model_params': '271635', 'name': 'seanet'}
    [mlflow] logged run 'seanet_DodgerLoopGame'  (train_acc=1.0000 test_acc=0.8261 test_loss=0.3935)
[ 95/129] DodgerLoopGame               DONE  acc=0.8261 loss=0.3935 AOPCR=  0.488 NDCG=  n/a C=  2 T=   57 (14s)  [95 trained / 0 failed so far]
[ 96/129] DodgerLoopWeekend
    stage 1/3: loading data ...
    stage 2/3: training on 20 series (no val (train-loss early stop), C=2, T=57, batch=2) ...
    stage 3/3: scoring on 138 test series (accuracy + AOPCR) ...
    [mlflow] versioned model 'mstcn_sep_additive' (id=m-1a9dc7dcd7554e1688a4b2cdee546e22) params={'model_size_mb': '3.5483', 'n_model_params': '271635', 'name': 'seanet'}
    [mlflow] logged run 'seanet_DodgerLoopWeekend'  (train_acc=1.0000 test_acc=0.9783 test_loss=0.1338)
[ 96/129] DodgerLoopWeekend            DONE  acc=0.9783 loss=0.1338 AOPCR=  0.119 NDCG=  n/a C=  2 T=   57 (10s)  [96 trained / 0 failed so far]
[ 97/129] EOGHorizontalSignal
    stage 1/3: loading data ...
    stage 2/3: training on 290 series (val=72, C=12, T=250, batch=16) ...
    stage 3/3: scoring on 362 test series (accuracy + AOPCR) ...
    [mlflow] versioned model 'mstcn_sep_additive' (id=m-6a49ee72ab6849568eeb4dcb2a7e8713) params={'model_size_mb': '3.5532', 'n_model_params': '272925', 'name': 'seanet'}
    [mlflow] logged run 'seanet_EOGHorizontalSignal'  (train_acc=0.9793 val_acc=0.9028 test_acc=0.5525 test_loss=1.5256)
[ 97/129] EOGHorizontalSignal          DONE  acc=0.5525 loss=1.5256 AOPCR=  1.320 NDCG=  n/a C= 12 T=  250 (27s)  [97 trained / 0 failed so far]
[ 98/129] EOGVerticalSignal
    stage 1/3: loading data ...
    stage 2/3: training on 290 series (val=72, C=12, T=250, batch=16) ...
    stage 3/3: scoring on 362 test series (accuracy + AOPCR) ...
    [mlflow] versioned model 'mstcn_sep_additive' (id=m-808d028f11354fa0abe6d0badf36c948) params={'model_size_mb': '3.5532', 'n_model_params': '272925', 'name': 'seanet'}
    [mlflow] logged run 'seanet_EOGVerticalSignal'  (train_acc=0.9793 val_acc=0.8611 test_acc=0.5166 test_loss=1.6395)
[ 98/129] EOGVerticalSignal            DONE  acc=0.5166 loss=1.6395 AOPCR=  1.634 NDCG=  n/a C= 12 T=  250 (22s)  [98 trained / 0 failed so far]
[ 99/129] EthanolLevel
    stage 1/3: loading data ...
    stage 2/3: training on 404 series (val=100, C=4, T=350, batch=16) ...
    stage 3/3: scoring on 500 test series (accuracy + AOPCR) ...
    [mlflow] versioned model 'mstcn_sep_additive' (id=m-1b201081ca724b32a951c5f54916d418) params={'model_size_mb': '3.5493', 'n_model_params': '271893', 'name': 'seanet'}
    [mlflow] logged run 'seanet_EthanolLevel'  (train_acc=0.9530 val_acc=0.9200 test_acc=0.8820 test_loss=0.3796)
[ 99/129] EthanolLevel                 DONE  acc=0.8820 loss=0.3796 AOPCR= -0.104 NDCG=  n/a C=  4 T=  350 (44s)  [99 trained / 0 failed so far]
[100/129] FreezerRegularTrain
    stage 1/3: loading data ...
    stage 2/3: training on 120 series (val=30, C=2, T=60, batch=12) ...
    stage 3/3: scoring on 2850 test series (accuracy + AOPCR) ...
    [mlflow] versioned model 'mstcn_sep_additive' (id=m-20a416c4e0c44c929faed53c77636c9a) params={'model_size_mb': '3.5483', 'n_model_params': '271635', 'name': 'seanet'}
    [mlflow] logged run 'seanet_FreezerRegularTrain'  (train_acc=0.9917 val_acc=1.0000 test_acc=0.9691 test_loss=0.1518)
[100/129] FreezerRegularTrain          DONE  acc=0.9691 loss=0.1518 AOPCR= -0.026 NDCG=  n/a C=  2 T=   60 (6s)  [100 trained / 0 failed so far]
[101/129] FreezerSmallTrain
    stage 1/3: loading data ...
    stage 2/3: training on 28 series (no val (train-loss early stop), C=2, T=60, batch=2) ...
    stage 3/3: scoring on 2850 test series (accuracy + AOPCR) ...
    [mlflow] versioned model 'mstcn_sep_additive' (id=m-2fd705bf4d4944dcaf797454eda29124) params={'model_size_mb': '3.5483', 'n_model_params': '271635', 'name': 'seanet'}
    [mlflow] logged run 'seanet_FreezerSmallTrain'  (train_acc=1.0000 test_acc=0.6870 test_loss=0.8022)
[101/129] FreezerSmallTrain            DONE  acc=0.6870 loss=0.8022 AOPCR= -0.047 NDCG=  n/a C=  2 T=   60 (20s)  [101 trained / 0 failed so far]
[102/129] Fungi
    stage 1/3: loading data ...
    stage 2/3: training on 18 series (no val (train-loss early stop), C=18, T=40, batch=2) ...
    stage 3/3: scoring on 186 test series (accuracy + AOPCR) ...
    [mlflow] versioned model 'mstcn_sep_additive' (id=m-e4a7ecfca1ab401986c7f18f3750163d) params={'model_size_mb': '3.5562', 'n_model_params': '273699', 'name': 'seanet'}
    [mlflow] logged run 'seanet_Fungi'  (train_acc=1.0000 test_acc=0.9624 test_loss=0.1255)
[102/129] Fungi                        DONE  acc=0.9624 loss=0.1255 AOPCR=  0.017 NDCG=  n/a C= 18 T=   40 (22s)  [102 trained / 0 failed so far]
[103/129] GestureMidAirD1
    stage 1/3: loading data ...
    stage 2/3: training on 182 series (val=26, C=26, T=72, batch=16) ...
    stage 3/3: scoring on 130 test series (accuracy + AOPCR) ...
    [mlflow] versioned model 'mstcn_sep_additive' (id=m-f95548a3fb884559af1b2e9b75a55f5e) params={'model_size_mb': '3.5601', 'n_model_params': '274731', 'name': 'seanet'}
    [mlflow] logged run 'seanet_GestureMidAirD1'  (train_acc=0.7198 val_acc=0.6538 test_acc=0.5769 test_loss=1.2562)
[103/129] GestureMidAirD1              DONE  acc=0.5769 loss=1.2562 AOPCR=  0.384 NDCG=  n/a C= 26 T=   72 (6s)  [103 trained / 0 failed so far]
[104/129] GestureMidAirD2
    stage 1/3: loading data ...
    stage 2/3: training on 182 series (val=26, C=26, T=72, batch=16) ...
    stage 3/3: scoring on 130 test series (accuracy + AOPCR) ...
    [mlflow] versioned model 'mstcn_sep_additive' (id=m-0ed6d1d0bfab4efcbbf3a7eacfa4e6d5) params={'model_size_mb': '3.5601', 'n_model_params': '274731', 'name': 'seanet'}
    [mlflow] logged run 'seanet_GestureMidAirD2'  (train_acc=0.7582 val_acc=0.6154 test_acc=0.5462 test_loss=1.1417)
[104/129] GestureMidAirD2              DONE  acc=0.5462 loss=1.1417 AOPCR=  0.733 NDCG=  n/a C= 26 T=   72 (9s)  [104 trained / 0 failed so far]
[105/129] GestureMidAirD3
    stage 1/3: loading data ...
    stage 2/3: training on 182 series (val=26, C=26, T=72, batch=16) ...
    stage 3/3: scoring on 130 test series (accuracy + AOPCR) ...
    [mlflow] versioned model 'mstcn_sep_additive' (id=m-ad75ded8cd8b4eca8daea9d3413c825e) params={'model_size_mb': '3.5601', 'n_model_params': '274731', 'name': 'seanet'}
    [mlflow] logged run 'seanet_GestureMidAirD3'  (train_acc=0.6813 val_acc=0.3846 test_acc=0.3692 test_loss=1.9269)
[105/129] GestureMidAirD3              DONE  acc=0.3692 loss=1.9269 AOPCR=  0.589 NDCG=  n/a C= 26 T=   72 (8s)  [105 trained / 0 failed so far]
[106/129] GesturePebbleZ1
    stage 1/3: loading data ...
    stage 2/3: training on 107 series (val=25, C=6, T=91, batch=10) ...
    stage 3/3: scoring on 172 test series (accuracy + AOPCR) ...
    [mlflow] versioned model 'mstcn_sep_additive' (id=m-a50bc48ddd424459af656550f64aef45) params={'model_size_mb': '3.5503', 'n_model_params': '272151', 'name': 'seanet'}
    [mlflow] logged run 'seanet_GesturePebbleZ1'  (train_acc=1.0000 val_acc=1.0000 test_acc=0.9070 test_loss=0.3826)
[106/129] GesturePebbleZ1              DONE  acc=0.9070 loss=0.3826 AOPCR=  0.259 NDCG=  n/a C=  6 T=   91 (24s)  [106 trained / 0 failed so far]
[107/129] GesturePebbleZ2
    stage 1/3: loading data ...
    stage 2/3: training on 120 series (val=26, C=6, T=91, batch=12) ...
    stage 3/3: scoring on 158 test series (accuracy + AOPCR) ...
    [mlflow] versioned model 'mstcn_sep_additive' (id=m-7c67ea3173da48cab971c722eadee20d) params={'model_size_mb': '3.5503', 'n_model_params': '272151', 'name': 'seanet'}
    [mlflow] logged run 'seanet_GesturePebbleZ2'  (train_acc=1.0000 val_acc=1.0000 test_acc=0.8797 test_loss=0.3941)
[107/129] GesturePebbleZ2              DONE  acc=0.8797 loss=0.3941 AOPCR=  0.819 NDCG=  n/a C=  6 T=   91 (21s)  [107 trained / 0 failed so far]
[108/129] GunPointAgeSpan
    stage 1/3: loading data ...
    stage 2/3: training on 109 series (val=26, C=2, T=30, batch=10) ...
    stage 3/3: scoring on 316 test series (accuracy + AOPCR) ...
    [mlflow] versioned model 'mstcn_sep_additive' (id=m-c4ba816a37034313b926e234b8665286) params={'model_size_mb': '3.5483', 'n_model_params': '271635', 'name': 'seanet'}
    [mlflow] logged run 'seanet_GunPointAgeSpan'  (train_acc=1.0000 val_acc=1.0000 test_acc=0.9620 test_loss=0.1358)
[108/129] GunPointAgeSpan              DONE  acc=0.9620 loss=0.1358 AOPCR=  0.226 NDCG=  n/a C=  2 T=   30 (15s)  [108 trained / 0 failed so far]
[109/129] GunPointMaleVersusFemale
    stage 1/3: loading data ...
    stage 2/3: training on 109 series (val=26, C=2, T=30, batch=10) ...
    stage 3/3: scoring on 316 test series (accuracy + AOPCR) ...
    [mlflow] versioned model 'mstcn_sep_additive' (id=m-7f04ccf392584a9baf334444107dc280) params={'model_size_mb': '3.5483', 'n_model_params': '271635', 'name': 'seanet'}
    [mlflow] logged run 'seanet_GunPointMaleVersusFemale'  (train_acc=1.0000 val_acc=1.0000 test_acc=0.9873 test_loss=0.0904)
[109/129] GunPointMaleVersusFemale     DONE  acc=0.9873 loss=0.0904 AOPCR=  0.309 NDCG=  n/a C=  2 T=   30 (16s)  [109 trained / 0 failed so far]
[110/129] GunPointOldVersusYoung
    stage 1/3: loading data ...
    stage 2/3: training on 109 series (val=27, C=2, T=30, batch=10) ...
    stage 3/3: scoring on 315 test series (accuracy + AOPCR) ...
    [mlflow] versioned model 'mstcn_sep_additive' (id=m-632667772de14022a143401b98e3153e) params={'model_size_mb': '3.5483', 'n_model_params': '271635', 'name': 'seanet'}
    [mlflow] logged run 'seanet_GunPointOldVersusYoung'  (train_acc=1.0000 val_acc=1.0000 test_acc=0.9651 test_loss=0.1275)
[110/129] GunPointOldVersusYoung       DONE  acc=0.9651 loss=0.1275 AOPCR=  0.250 NDCG=  n/a C=  2 T=   30 (20s)  [110 trained / 0 failed so far]
[111/129] HouseTwenty
    stage 1/3: loading data ...
    stage 2/3: training on 40 series (no val (train-loss early stop), C=2, T=400, batch=4) ...
    stage 3/3: scoring on 119 test series (accuracy + AOPCR) ...
    [mlflow] versioned model 'mstcn_sep_additive' (id=m-ab0d363e35664f91976fcf7c69fea426) params={'model_size_mb': '3.5483', 'n_model_params': '271635', 'name': 'seanet'}
    [mlflow] logged run 'seanet_HouseTwenty'  (train_acc=1.0000 test_acc=0.8824 test_loss=0.2500)
[111/129] HouseTwenty                  DONE  acc=0.8824 loss=0.2500 AOPCR=  0.671 NDCG=  n/a C=  2 T=  400 (22s)  [111 trained / 0 failed so far]
[112/129] InsectEPGRegularTrain
    stage 1/3: loading data ...
    stage 2/3: training on 62 series (no val (train-loss early stop), C=3, T=120, batch=6) ...
    stage 3/3: scoring on 249 test series (accuracy + AOPCR) ...
    [mlflow] versioned model 'mstcn_sep_additive' (id=m-b98d5b8c71c643c8a7c8a145a9a09910) params={'model_size_mb': '3.5488', 'n_model_params': '271764', 'name': 'seanet'}
    [mlflow] logged run 'seanet_InsectEPGRegularTrain'  (train_acc=1.0000 test_acc=0.9719 test_loss=0.1654)
[112/129] InsectEPGRegularTrain        DONE  acc=0.9719 loss=0.1654 AOPCR=  0.956 NDCG=  n/a C=  3 T=  120 (18s)  [112 trained / 0 failed so far]
[113/129] InsectEPGSmallTrain
    stage 1/3: loading data ...
    stage 2/3: training on 17 series (no val (train-loss early stop), C=3, T=120, batch=2) ...
    stage 3/3: scoring on 249 test series (accuracy + AOPCR) ...
    [mlflow] versioned model 'mstcn_sep_additive' (id=m-9bcd94dd937246c0bc1be4768c2bd044) params={'model_size_mb': '3.5488', 'n_model_params': '271764', 'name': 'seanet'}
    [mlflow] logged run 'seanet_InsectEPGSmallTrain'  (train_acc=1.0000 test_acc=0.8032 test_loss=0.5537)
[113/129] InsectEPGSmallTrain          DONE  acc=0.8032 loss=0.5537 AOPCR=  0.274 NDCG=  n/a C=  3 T=  120 (18s)  [113 trained / 0 failed so far]
[114/129] MelbournePedestrian
    stage 1/3: loading data ...
    stage 2/3: training on 956 series (val=238, C=10, T=4, batch=16) ...
    stage 3/3: scoring on 2439 test series (accuracy + AOPCR) ...
    [mlflow] versioned model 'mstcn_sep_additive' (id=m-5e41ca595d4247b4bf6db5cc492198b9) params={'model_size_mb': '3.5522', 'n_model_params': '272667', 'name': 'seanet'}
    [mlflow] logged run 'seanet_MelbournePedestrian'  (train_acc=1.0000 val_acc=0.9034 test_acc=0.8913 test_loss=0.4462)
[114/129] MelbournePedestrian          DONE  acc=0.8913 loss=0.4462 AOPCR=  0.263 NDCG=  n/a C= 10 T=    4 (121s)  [114 trained / 0 failed so far]
[115/129] MixedShapesRegularTrain
    stage 1/3: loading data ...
    stage 2/3: training on 400 series (val=100, C=5, T=204, batch=16) ...
    stage 3/3: scoring on 2425 test series (accuracy + AOPCR) ...
    [mlflow] versioned model 'mstcn_sep_additive' (id=m-77ea78c9011a43b8bbfa86231b7fd2ae) params={'model_size_mb': '3.5498', 'n_model_params': '272022', 'name': 'seanet'}
    [mlflow] logged run 'seanet_MixedShapesRegularTrain'  (train_acc=1.0000 val_acc=0.9500 test_acc=0.9493 test_loss=0.2311)
[115/129] MixedShapesRegularTrain      DONE  acc=0.9493 loss=0.2311 AOPCR=  0.303 NDCG=  n/a C=  5 T=  204 (30s)  [115 trained / 0 failed so far]
[116/129] MixedShapesSmallTrain
    stage 1/3: loading data ...
    stage 2/3: training on 80 series (val=20, C=5, T=204, batch=8) ...
    stage 3/3: scoring on 2425 test series (accuracy + AOPCR) ...
    [mlflow] versioned model 'mstcn_sep_additive' (id=m-0ff9f4fb6b814ad6a423c28b912813cc) params={'model_size_mb': '3.5498', 'n_model_params': '272022', 'name': 'seanet'}
    [mlflow] logged run 'seanet_MixedShapesSmallTrain'  (train_acc=1.0000 val_acc=0.9500 test_acc=0.8829 test_loss=0.4063)
[116/129] MixedShapesSmallTrain        DONE  acc=0.8829 loss=0.4063 AOPCR=  0.305 NDCG=  n/a C=  5 T=  204 (13s)  [116 trained / 0 failed so far]
[117/129] PLAID
    stage 1/3: loading data ...
    stage 2/3: training on 436 series (val=101, C=11, T=268, batch=16) ...
    stage 3/3: scoring on 537 test series (accuracy + AOPCR) ...
    [mlflow] versioned model 'mstcn_sep_additive' (id=m-ba164f0273d949fbb92aac4094270ea7) params={'model_size_mb': '3.5527', 'n_model_params': '272796', 'name': 'seanet'}
    [mlflow] logged run 'seanet_PLAID'  (train_acc=0.8945 val_acc=0.7624 test_acc=0.8026 test_loss=0.6171)
[117/129] PLAID                        DONE  acc=0.8026 loss=0.6171 AOPCR=  2.822 NDCG=  n/a C= 11 T=  268 (22s)  [117 trained / 0 failed so far]
[118/129] PickupGestureWiimoteZ
    stage 1/3: loading data ...
    stage 2/3: training on 50 series (no val (train-loss early stop), C=10, T=72, batch=5) ...
    stage 3/3: scoring on 50 test series (accuracy + AOPCR) ...
    [mlflow] versioned model 'mstcn_sep_additive' (id=m-60c625fe75394d5287fae8675ff64eea) params={'model_size_mb': '3.5522', 'n_model_params': '272667', 'name': 'seanet'}
    [mlflow] logged run 'seanet_PickupGestureWiimoteZ'  (train_acc=1.0000 test_acc=0.7400 test_loss=0.7883)
[118/129] PickupGestureWiimoteZ        DONE  acc=0.7400 loss=0.7883 AOPCR=  0.236 NDCG=  n/a C= 10 T=   72 (24s)  [118 trained / 0 failed so far]
[119/129] PigAirwayPressure
    stage 1/3: loading data ...
    stage 2/3: training on 52 series (val=52, C=52, T=400, batch=5) ...
    stage 3/3: scoring on 208 test series (accuracy + AOPCR) ...
    [mlflow] versioned model 'mstcn_sep_additive' (id=m-543084d902c64ee28457a4002c3a8394) params={'model_size_mb': '3.5729', 'n_model_params': '278085', 'name': 'seanet'}
    [mlflow] logged run 'seanet_PigAirwayPressure'  (train_acc=0.0769 val_acc=0.0577 test_acc=0.0529 test_loss=3.8379)
[119/129] PigAirwayPressure            DONE  acc=0.0529 loss=3.8379 AOPCR=  0.019 NDCG=  n/a C= 52 T=  400 (7s)  [119 trained / 0 failed so far]
[120/129] PigArtPressure
    stage 1/3: loading data ...
    stage 2/3: training on 52 series (val=52, C=52, T=400, batch=5) ...
    stage 3/3: scoring on 208 test series (accuracy + AOPCR) ...
    [mlflow] versioned model 'mstcn_sep_additive' (id=m-64949aec5dc146608c4b395a46a52038) params={'model_size_mb': '3.5729', 'n_model_params': '278085', 'name': 'seanet'}
    [mlflow] logged run 'seanet_PigArtPressure'  (train_acc=1.0000 val_acc=0.6154 test_acc=0.6635 test_loss=1.3977)
[120/129] PigArtPressure               DONE  acc=0.6635 loss=1.3977 AOPCR= -3.092 NDCG=  n/a C= 52 T=  400 (16s)  [120 trained / 0 failed so far]
[121/129] PigCVP
    stage 1/3: loading data ...
    stage 2/3: training on 52 series (val=52, C=52, T=400, batch=5) ...
    stage 3/3: scoring on 208 test series (accuracy + AOPCR) ...
    [mlflow] versioned model 'mstcn_sep_additive' (id=m-4c6951fb8d0b4569851488301c1094d1) params={'model_size_mb': '3.5729', 'n_model_params': '278085', 'name': 'seanet'}
    [mlflow] logged run 'seanet_PigCVP'  (train_acc=1.0000 val_acc=0.5000 test_acc=0.5481 test_loss=1.9577)
[121/129] PigCVP                       DONE  acc=0.5481 loss=1.9577 AOPCR= -0.637 NDCG=  n/a C= 52 T=  400 (19s)  [121 trained / 0 failed so far]
[122/129] PowerCons
    stage 1/3: loading data ...
    stage 2/3: training on 144 series (val=36, C=2, T=28, batch=14) ...
    stage 3/3: scoring on 180 test series (accuracy + AOPCR) ...
    [mlflow] versioned model 'mstcn_sep_additive' (id=m-2efb1713d0754a9f98484471f1a66781) params={'model_size_mb': '3.5483', 'n_model_params': '271635', 'name': 'seanet'}
    [mlflow] logged run 'seanet_PowerCons'  (train_acc=0.9792 val_acc=0.9444 test_acc=0.9500 test_loss=0.2004)
[122/129] PowerCons                    DONE  acc=0.9500 loss=0.2004 AOPCR= -0.017 NDCG=  n/a C=  2 T=   28 (6s)  [122 trained / 0 failed so far]
[123/129] Rock
    stage 1/3: loading data ...
    stage 2/3: training on 20 series (no val (train-loss early stop), C=4, T=568, batch=2) ...
    stage 3/3: scoring on 50 test series (accuracy + AOPCR) ...
    [mlflow] versioned model 'mstcn_sep_additive' (id=m-a482ea2debe343048282be4d0dcdc7cb) params={'model_size_mb': '3.5493', 'n_model_params': '271893', 'name': 'seanet'}
    [mlflow] logged run 'seanet_Rock'  (train_acc=0.9000 test_acc=0.6400 test_loss=1.0949)
[123/129] Rock                         DONE  acc=0.6400 loss=1.0949 AOPCR=  0.244 NDCG=  n/a C=  4 T=  568 (6s)  [123 trained / 0 failed so far]
[124/129] SemgHandGenderCh2
    stage 1/3: loading data ...
    stage 2/3: training on 240 series (val=60, C=2, T=300, batch=16) ...
    stage 3/3: scoring on 600 test series (accuracy + AOPCR) ...
    [mlflow] versioned model 'mstcn_sep_additive' (id=m-0f20472db55447d8831a66864e915a7c) params={'model_size_mb': '3.5483', 'n_model_params': '271635', 'name': 'seanet'}
    [mlflow] logged run 'seanet_SemgHandGenderCh2'  (train_acc=1.0000 val_acc=0.8000 test_acc=0.8383 test_loss=0.4073)
[124/129] SemgHandGenderCh2            DONE  acc=0.8383 loss=0.4073 AOPCR=  0.280 NDCG=  n/a C=  2 T=  300 (16s)  [124 trained / 0 failed so far]
[125/129] SemgHandMovementCh2
    stage 1/3: loading data ...
    stage 2/3: training on 360 series (val=90, C=6, T=300, batch=16) ...
    stage 3/3: scoring on 450 test series (accuracy + AOPCR) ...
    [mlflow] versioned model 'mstcn_sep_additive' (id=m-4a1bd91a4e2b462a8d5270ba06aead9b) params={'model_size_mb': '3.5503', 'n_model_params': '272151', 'name': 'seanet'}
    [mlflow] logged run 'seanet_SemgHandMovementCh2'  (train_acc=0.8667 val_acc=0.4778 test_acc=0.4778 test_loss=1.2619)
[125/129] SemgHandMovementCh2          DONE  acc=0.4778 loss=1.2619 AOPCR=  0.242 NDCG=  n/a C=  6 T=  300 (15s)  [125 trained / 0 failed so far]
[126/129] SemgHandSubjectCh2
    stage 1/3: loading data ...
    stage 2/3: training on 360 series (val=90, C=5, T=300, batch=16) ...
    stage 3/3: scoring on 450 test series (accuracy + AOPCR) ...
    [mlflow] versioned model 'mstcn_sep_additive' (id=m-68dcda8e894b40eab88ea0e069734d66) params={'model_size_mb': '3.5498', 'n_model_params': '272022', 'name': 'seanet'}
    [mlflow] logged run 'seanet_SemgHandSubjectCh2'  (train_acc=0.9972 val_acc=0.8889 test_acc=0.7956 test_loss=0.6311)
[126/129] SemgHandSubjectCh2           DONE  acc=0.7956 loss=0.6311 AOPCR=  0.370 NDCG=  n/a C=  5 T=  300 (18s)  [126 trained / 0 failed so far]
[127/129] ShakeGestureWiimoteZ
    stage 1/3: loading data ...
    stage 2/3: training on 50 series (no val (train-loss early stop), C=10, T=77, batch=5) ...
    stage 3/3: scoring on 50 test series (accuracy + AOPCR) ...
    [mlflow] versioned model 'mstcn_sep_additive' (id=m-c618182dae494f489ccb0063b9b6beb5) params={'model_size_mb': '3.5522', 'n_model_params': '272667', 'name': 'seanet'}
    [mlflow] logged run 'seanet_ShakeGestureWiimoteZ'  (train_acc=1.0000 test_acc=0.9000 test_loss=0.4883)
[127/129] ShakeGestureWiimoteZ         DONE  acc=0.9000 loss=0.4883 AOPCR=  0.276 NDCG=  n/a C= 10 T=   77 (21s)  [127 trained / 0 failed so far]
[128/129] SmoothSubspace
    stage 1/3: loading data ...
    stage 2/3: training on 120 series (val=30, C=3, T=3, batch=12) ...
    stage 3/3: scoring on 150 test series (accuracy + AOPCR) ...
    [mlflow] versioned model 'mstcn_sep_additive' (id=m-d6ff5f01559643088a0ff303cc15cd9a) params={'model_size_mb': '3.5488', 'n_model_params': '271764', 'name': 'seanet'}
    [mlflow] logged run 'seanet_SmoothSubspace'  (train_acc=1.0000 val_acc=0.9333 test_acc=0.9067 test_loss=0.2788)
[128/129] SmoothSubspace               DONE  acc=0.9067 loss=0.2788 AOPCR=  0.009 NDCG=  n/a C=  3 T=    3 (18s)  [128 trained / 0 failed so far]
[129/129] UMD
    stage 1/3: loading data ...
    stage 2/3: training on 36 series (no val (train-loss early stop), C=3, T=30, batch=3) ...
    stage 3/3: scoring on 144 test series (accuracy + AOPCR) ...
    [mlflow] versioned model 'mstcn_sep_additive' (id=m-4ce577f57c82478c9110a03708af12de) params={'model_size_mb': '3.5488', 'n_model_params': '271764', 'name': 'seanet'}
    [mlflow] logged run 'seanet_UMD'  (train_acc=1.0000 test_acc=0.9653 test_loss=0.1822)
[129/129] UMD                          DONE  acc=0.9653 loss=0.1822 AOPCR=  0.121 NDCG=  n/a C=  3 T=   30 (32s)  [129 trained / 0 failed so far]

Done: 129 trained, 0 skipped, 0 failed.
Results -> results/SEA_NET/mstcn_sep_additive/results.csv

=== mstcn_sep_additive vs MILLET ConjunctiveInceptionTime (mean of 5 reps) ===
  UCR datasets evaluated: 128  (with MILLET baseline: 85, without: 43)
  metric        ours    MILLET   win/tie/loss   (mean over the 85 datasets MILLET published)
  acc         0.7988    0.8445       16/14/55   
  loss        0.5674    1.2241        55/1/29   (lower is better)
  aopcr       0.2134    4.5532         3/0/82   
  wrote results/SEA_NET/mstcn_sep_additive/comparison_vs_millet.csv

Next: `python main.py report` to draw the figures for mstcn_sep_additive.

[log] finished; full output saved to results/SEA_NET/mstcn_sep_additive/logs/train_2026-07-20_14-39-05.log
