[log] command 'train' started at 2026-07-18_23-26-23 for model 'mstcn_sep_additive'
[log] a copy of everything below is being saved to: results/SEA_NET/mstcn_sep_additive/logs/train_2026-07-18_23-26-23.log

=== train: model=mstcn_sep_additive (config seanet) device=cuda mode=full datasets=129 ===
[params] using DEFAULT recipe: `auto` has nothing to compare against yet (optuna-best test_acc 0.9060, default not recorded). This run records the default, then `auto` picks the better of the two.
  results  -> results/SEA_NET/mstcn_sep_additive/results.csv
  resume   -> results/SEA_NET/mstcn_sep_additive/done_train_dataset.txt  (delete it to retrain everything; delete one line to retrain that dataset)

  [mlflow] logging runs to experiment 'SEA-Net_mstcn_sep_additive_2026-07-18' at sqlite:///mlflow.db
  [mlflow] browse later with:  mlflow ui --backend-store-uri sqlite:///mlflow.db
[  1/129] WebTraffic
    stage 1/3: loading data ...
    stage 2/3: training on 400 series (val=100, C=10, T=1008, batch=16) ...
    stage 3/3: scoring on 500 test series (accuracy + AOPCR + NDCG) ...
    [mlflow] versioned model 'mstcn_sep_additive' (id=m-d465f70abfc6442db3bb51a08f371f33) params={'model_size_mb': '3.5386', 'n_model_params': '269083', 'name': 'seanet'}
    [mlflow] logged run 'seanet_WebTraffic'  (train_acc=1.0000 val_acc=0.9100 test_acc=0.9540 test_loss=0.2559)
[  1/129] WebTraffic                   DONE  acc=0.9540 loss=0.2559 AOPCR=  1.371 NDCG=0.726 C= 10 T= 1008 (159s)  [1 trained / 0 failed so far]
[  2/129] Adiac
    stage 1/3: loading data ...
    stage 2/3: training on 328 series (val=62, C=37, T=176, batch=16) ...
    stage 3/3: scoring on 391 test series (accuracy + AOPCR) ...
    [mlflow] versioned model 'mstcn_sep_additive' (id=m-cd00e5d754844e9ba924382a39929e95) params={'model_size_mb': '3.5519', 'n_model_params': '272566', 'name': 'seanet'}
    [mlflow] logged run 'seanet_Adiac'  (train_acc=0.9604 val_acc=0.7903 test_acc=0.7596 test_loss=0.9148)
[  2/129] Adiac                        DONE  acc=0.7596 loss=0.9148 AOPCR=  2.549 NDCG=  n/a C= 37 T=  176 (51s)  [2 trained / 0 failed so far]
[  3/129] ArrowHead
    stage 1/3: loading data ...
    stage 2/3: training on 36 series (no val (train-loss early stop), C=3, T=251, batch=3) ...
    stage 3/3: scoring on 175 test series (accuracy + AOPCR) ...
    [mlflow] versioned model 'mstcn_sep_additive' (id=m-cd0d3564f1624d6d8515a02d3e22abbb) params={'model_size_mb': '3.5351', 'n_model_params': '268180', 'name': 'seanet'}
    [mlflow] logged run 'seanet_ArrowHead'  (train_acc=1.0000 test_acc=0.8457 test_loss=0.4283)
[  3/129] ArrowHead                    DONE  acc=0.8457 loss=0.4283 AOPCR=  0.104 NDCG=  n/a C=  3 T=  251 (48s)  [3 trained / 0 failed so far]
[  4/129] Beef
    stage 1/3: loading data ...
    stage 2/3: training on 30 series (no val (train-loss early stop), C=5, T=470, batch=3) ...
    stage 3/3: scoring on 30 test series (accuracy + AOPCR) ...
    [mlflow] versioned model 'mstcn_sep_additive' (id=m-36b10dc28cf142339507283c2334fb34) params={'model_size_mb': '3.5361', 'n_model_params': '268438', 'name': 'seanet'}
    [mlflow] logged run 'seanet_Beef'  (train_acc=1.0000 test_acc=0.8667 test_loss=0.4357)
[  4/129] Beef                         DONE  acc=0.8667 loss=0.4357 AOPCR=  0.827 NDCG=  n/a C=  5 T=  470 (47s)  [4 trained / 0 failed so far]
[  5/129] BeetleFly
    stage 1/3: loading data ...
    stage 2/3: training on 20 series (no val (train-loss early stop), C=2, T=512, batch=2) ...
    stage 3/3: scoring on 20 test series (accuracy + AOPCR) ...
    [mlflow] versioned model 'mstcn_sep_additive' (id=m-0893f7325bb448c7822d4848b6b180ec) params={'model_size_mb': '3.5347', 'n_model_params': '268051', 'name': 'seanet'}
    [mlflow] logged run 'seanet_BeetleFly'  (train_acc=1.0000 test_acc=0.7500 test_loss=0.4465)
[  5/129] BeetleFly                    DONE  acc=0.7500 loss=0.4465 AOPCR= -0.055 NDCG=  n/a C=  2 T=  512 (26s)  [5 trained / 0 failed so far]
[  6/129] BirdChicken
    stage 1/3: loading data ...
    stage 2/3: training on 20 series (no val (train-loss early stop), C=2, T=512, batch=2) ...
    stage 3/3: scoring on 20 test series (accuracy + AOPCR) ...
    [mlflow] versioned model 'mstcn_sep_additive' (id=m-dfb3469872a74d2f98d0f6ca8f3b076a) params={'model_size_mb': '3.5347', 'n_model_params': '268051', 'name': 'seanet'}
    [mlflow] logged run 'seanet_BirdChicken'  (train_acc=1.0000 test_acc=1.0000 test_loss=0.1835)
[  6/129] BirdChicken                  DONE  acc=1.0000 loss=0.1835 AOPCR=  0.330 NDCG=  n/a C=  2 T=  512 (29s)  [6 trained / 0 failed so far]
[  7/129] Car
    stage 1/3: loading data ...
    stage 2/3: training on 60 series (no val (train-loss early stop), C=4, T=577, batch=6) ...
    stage 3/3: scoring on 60 test series (accuracy + AOPCR) ...
    [mlflow] versioned model 'mstcn_sep_additive' (id=m-0ffa93a3c7ed49abbc29c0506e1f7486) params={'model_size_mb': '3.5356', 'n_model_params': '268309', 'name': 'seanet'}
    [mlflow] logged run 'seanet_Car'  (train_acc=1.0000 test_acc=0.9500 test_loss=0.2523)
[  7/129] Car                          DONE  acc=0.9500 loss=0.2523 AOPCR=  0.483 NDCG=  n/a C=  4 T=  577 (49s)  [7 trained / 0 failed so far]
[  8/129] CBF
    stage 1/3: loading data ...
    stage 2/3: training on 30 series (no val (train-loss early stop), C=3, T=128, batch=3) ...
    stage 3/3: scoring on 900 test series (accuracy + AOPCR) ...
    [mlflow] versioned model 'mstcn_sep_additive' (id=m-b6c93d16d2a243b8825f0712be6a7e00) params={'model_size_mb': '3.5351', 'n_model_params': '268180', 'name': 'seanet'}
    [mlflow] logged run 'seanet_CBF'  (train_acc=1.0000 test_acc=1.0000 test_loss=0.1057)
[  8/129] CBF                          DONE  acc=1.0000 loss=0.1057 AOPCR=  0.200 NDCG=  n/a C=  3 T=  128 (21s)  [8 trained / 0 failed so far]
[  9/129] ChlorineConcentration
    stage 1/3: loading data ...
    stage 2/3: training on 375 series (val=92, C=3, T=166, batch=16) ...
    stage 3/3: scoring on 3840 test series (accuracy + AOPCR) ...
    [mlflow] versioned model 'mstcn_sep_additive' (id=m-1732e86bf69f411eb88c5bd7aba6c1b7) params={'model_size_mb': '3.5351', 'n_model_params': '268180', 'name': 'seanet'}
    [mlflow] logged run 'seanet_ChlorineConcentration'  (train_acc=0.6373 val_acc=0.6413 test_acc=0.5828 test_loss=0.9416)
[  9/129] ChlorineConcentration        DONE  acc=0.5828 loss=0.9416 AOPCR=  0.541 NDCG=  n/a C=  3 T=  166 (24s)  [9 trained / 0 failed so far]
[ 10/129] CinCECGTorso
    stage 1/3: loading data ...
    stage 2/3: training on 40 series (no val (train-loss early stop), C=4, T=1639, batch=4) ...
    stage 3/3: scoring on 1380 test series (accuracy + AOPCR) ...
    [mlflow] versioned model 'mstcn_sep_additive' (id=m-3cfaddb4628d4bafa7d2fb4e0fad782d) params={'model_size_mb': '3.5356', 'n_model_params': '268309', 'name': 'seanet'}
    [mlflow] logged run 'seanet_CinCECGTorso'  (train_acc=1.0000 test_acc=0.7920 test_loss=0.6248)
[ 10/129] CinCECGTorso                 DONE  acc=0.7920 loss=0.6248 AOPCR=  1.255 NDCG=  n/a C=  4 T= 1639 (25s)  [10 trained / 0 failed so far]
[ 11/129] Coffee
    stage 1/3: loading data ...
    stage 2/3: training on 28 series (no val (train-loss early stop), C=2, T=286, batch=2) ...
    stage 3/3: scoring on 28 test series (accuracy + AOPCR) ...
    [mlflow] versioned model 'mstcn_sep_additive' (id=m-22317ae870fc46519d77fbe36c87cdf5) params={'model_size_mb': '3.5347', 'n_model_params': '268051', 'name': 'seanet'}
    [mlflow] logged run 'seanet_Coffee'  (train_acc=1.0000 test_acc=1.0000 test_loss=0.0704)
[ 11/129] Coffee                       DONE  acc=1.0000 loss=0.0704 AOPCR=  0.433 NDCG=  n/a C=  2 T=  286 (43s)  [11 trained / 0 failed so far]
[ 12/129] Computers
    stage 1/3: loading data ...
    stage 2/3: training on 200 series (val=50, C=2, T=720, batch=16) ...
    stage 3/3: scoring on 250 test series (accuracy + AOPCR) ...
    [mlflow] versioned model 'mstcn_sep_additive' (id=m-fc49786a06b848ac82ba36740d963933) params={'model_size_mb': '3.5347', 'n_model_params': '268051', 'name': 'seanet'}
    [mlflow] logged run 'seanet_Computers'  (train_acc=1.0000 val_acc=0.8400 test_acc=0.7120 test_loss=0.6588)
[ 12/129] Computers                    DONE  acc=0.7120 loss=0.6588 AOPCR=  0.849 NDCG=  n/a C=  2 T=  720 (38s)  [12 trained / 0 failed so far]
[ 13/129] CricketX
    stage 1/3: loading data ...
    stage 2/3: training on 317 series (val=73, C=12, T=300, batch=16) ...
    stage 3/3: scoring on 390 test series (accuracy + AOPCR) ...
    [mlflow] versioned model 'mstcn_sep_additive' (id=m-a09f10fe4f0c44ae88af7dde9bcf3be8) params={'model_size_mb': '3.5395', 'n_model_params': '269341', 'name': 'seanet'}
    [mlflow] logged run 'seanet_CricketX'  (train_acc=1.0000 val_acc=0.8904 test_acc=0.8410 test_loss=0.6234)
[ 13/129] CricketX                     DONE  acc=0.8410 loss=0.6234 AOPCR=  1.565 NDCG=  n/a C= 12 T=  300 (43s)  [13 trained / 0 failed so far]
[ 14/129] CricketY
    stage 1/3: loading data ...
    stage 2/3: training on 317 series (val=73, C=12, T=300, batch=16) ...
    stage 3/3: scoring on 390 test series (accuracy + AOPCR) ...
    [mlflow] versioned model 'mstcn_sep_additive' (id=m-69c72c4a99b64b098e0e58d90cbdbf2e) params={'model_size_mb': '3.5395', 'n_model_params': '269341', 'name': 'seanet'}
    [mlflow] logged run 'seanet_CricketY'  (train_acc=1.0000 val_acc=0.8904 test_acc=0.8538 test_loss=0.5678)
[ 14/129] CricketY                     DONE  acc=0.8538 loss=0.5678 AOPCR=  1.485 NDCG=  n/a C= 12 T=  300 (31s)  [14 trained / 0 failed so far]
[ 15/129] CricketZ
    stage 1/3: loading data ...
    stage 2/3: training on 316 series (val=74, C=12, T=300, batch=16) ...
    stage 3/3: scoring on 390 test series (accuracy + AOPCR) ...
    [mlflow] versioned model 'mstcn_sep_additive' (id=m-2cc570ff4142496a8f5116387025d1ad) params={'model_size_mb': '3.5395', 'n_model_params': '269341', 'name': 'seanet'}
    [mlflow] logged run 'seanet_CricketZ'  (train_acc=1.0000 val_acc=0.9054 test_acc=0.8410 test_loss=0.5828)
[ 15/129] CricketZ                     DONE  acc=0.8410 loss=0.5828 AOPCR=  1.410 NDCG=  n/a C= 12 T=  300 (63s)  [15 trained / 0 failed so far]
[ 16/129] DiatomSizeReduction
    stage 1/3: loading data ...
    stage 2/3: training on 16 series (no val (train-loss early stop), C=4, T=345, batch=2) ...
    stage 3/3: scoring on 306 test series (accuracy + AOPCR) ...
    [mlflow] versioned model 'mstcn_sep_additive' (id=m-acd5815372bb413da3fbb68ccf66710f) params={'model_size_mb': '3.5356', 'n_model_params': '268309', 'name': 'seanet'}
    [mlflow] logged run 'seanet_DiatomSizeReduction'  (train_acc=1.0000 test_acc=0.9739 test_loss=0.1457)
[ 16/129] DiatomSizeReduction          DONE  acc=0.9739 loss=0.1457 AOPCR= -0.040 NDCG=  n/a C=  4 T=  345 (36s)  [16 trained / 0 failed so far]
[ 17/129] DistalPhalanxOutlineAgeGroup
    stage 1/3: loading data ...
    stage 2/3: training on 321 series (val=79, C=3, T=80, batch=16) ...
    stage 3/3: scoring on 139 test series (accuracy + AOPCR) ...
    [mlflow] versioned model 'mstcn_sep_additive' (id=m-e75e6ac215114c0dab5dfd5817bc9405) params={'model_size_mb': '3.5351', 'n_model_params': '268180', 'name': 'seanet'}
    [mlflow] logged run 'seanet_DistalPhalanxOutlineAgeGroup'  (train_acc=0.9097 val_acc=0.7595 test_acc=0.7626 test_loss=0.5552)
[ 17/129] DistalPhalanxOutlineAgeGroup DONE  acc=0.7626 loss=0.5552 AOPCR=  0.235 NDCG=  n/a C=  3 T=   80 (26s)  [17 trained / 0 failed so far]
[ 18/129] DistalPhalanxOutlineCorrect
    stage 1/3: loading data ...
    stage 2/3: training on 481 series (val=119, C=2, T=80, batch=16) ...
    stage 3/3: scoring on 276 test series (accuracy + AOPCR) ...
    [mlflow] versioned model 'mstcn_sep_additive' (id=m-f74ecbd55ff242d98ea5a9d63982aa69) params={'model_size_mb': '3.5347', 'n_model_params': '268051', 'name': 'seanet'}
    [mlflow] logged run 'seanet_DistalPhalanxOutlineCorrect'  (train_acc=0.9002 val_acc=0.8739 test_acc=0.7717 test_loss=0.4905)
[ 18/129] DistalPhalanxOutlineCorrect  DONE  acc=0.7717 loss=0.4905 AOPCR= -0.036 NDCG=  n/a C=  2 T=   80 (29s)  [18 trained / 0 failed so far]
[ 19/129] DistalPhalanxTW
    stage 1/3: loading data ...
    stage 2/3: training on 323 series (val=77, C=6, T=80, batch=16) ...
    stage 3/3: scoring on 139 test series (accuracy + AOPCR) ...
    [mlflow] versioned model 'mstcn_sep_additive' (id=m-415bd89ab0cf454386b368a0f5e879c4) params={'model_size_mb': '3.5366', 'n_model_params': '268567', 'name': 'seanet'}
    [mlflow] logged run 'seanet_DistalPhalanxTW'  (train_acc=0.8390 val_acc=0.8312 test_acc=0.6906 test_loss=0.8290)
[ 19/129] DistalPhalanxTW              DONE  acc=0.6906 loss=0.8290 AOPCR=  0.177 NDCG=  n/a C=  6 T=   80 (26s)  [19 trained / 0 failed so far]
[ 20/129] Earthquakes
    stage 1/3: loading data ...
    stage 2/3: training on 259 series (val=63, C=2, T=512, batch=16) ...
    stage 3/3: scoring on 139 test series (accuracy + AOPCR) ...
    [mlflow] versioned model 'mstcn_sep_additive' (id=m-cc1e6d68031c48c2aaf62d18ca4cb81b) params={'model_size_mb': '3.5347', 'n_model_params': '268051', 'name': 'seanet'}
    [mlflow] logged run 'seanet_Earthquakes'  (train_acc=0.8456 val_acc=0.8254 test_acc=0.7410 test_loss=0.5280)
[ 20/129] Earthquakes                  DONE  acc=0.7410 loss=0.5280 AOPCR=  0.615 NDCG=  n/a C=  2 T=  512 (13s)  [20 trained / 0 failed so far]
[ 21/129] ECG200
    stage 1/3: loading data ...
    stage 2/3: training on 81 series (val=19, C=2, T=96, batch=8) ...
    stage 3/3: scoring on 100 test series (accuracy + AOPCR) ...
    [mlflow] versioned model 'mstcn_sep_additive' (id=m-0b10504e076b484e9a97c5df71390361) params={'model_size_mb': '3.5347', 'n_model_params': '268051', 'name': 'seanet'}
    [mlflow] logged run 'seanet_ECG200'  (train_acc=0.9877 val_acc=0.8947 test_acc=0.8500 test_loss=0.4253)
[ 21/129] ECG200                       DONE  acc=0.8500 loss=0.4253 AOPCR=  0.095 NDCG=  n/a C=  2 T=   96 (37s)  [21 trained / 0 failed so far]
[ 22/129] ECG5000
    stage 1/3: loading data ...
    stage 2/3: training on 401 series (val=99, C=5, T=140, batch=16) ...
    stage 3/3: scoring on 4500 test series (accuracy + AOPCR) ...
    [mlflow] versioned model 'mstcn_sep_additive' (id=m-7b85823672944578ac5c4cb68ab530d7) params={'model_size_mb': '3.5361', 'n_model_params': '268438', 'name': 'seanet'}
    [mlflow] logged run 'seanet_ECG5000'  (train_acc=1.0000 val_acc=0.9596 test_acc=0.9353 test_loss=0.3048)
[ 22/129] ECG5000                      DONE  acc=0.9353 loss=0.3048 AOPCR=  0.927 NDCG=  n/a C=  5 T=  140 (55s)  [22 trained / 0 failed so far]
[ 23/129] ECGFiveDays
    stage 1/3: loading data ...
    stage 2/3: training on 23 series (no val (train-loss early stop), C=2, T=136, batch=2) ...
    stage 3/3: scoring on 861 test series (accuracy + AOPCR) ...
    [mlflow] versioned model 'mstcn_sep_additive' (id=m-3d618c3174d04eb786ca77f06ac0db93) params={'model_size_mb': '3.5347', 'n_model_params': '268051', 'name': 'seanet'}
    [mlflow] logged run 'seanet_ECGFiveDays'  (train_acc=1.0000 test_acc=1.0000 test_loss=0.0618)
[ 23/129] ECGFiveDays                  DONE  acc=1.0000 loss=0.0618 AOPCR=  0.015 NDCG=  n/a C=  2 T=  136 (28s)  [23 trained / 0 failed so far]
[ 24/129] ElectricDevices
    stage 1/3: loading data ...
    stage 2/3: training on 7144 series (val=1782, C=7, T=96, batch=16) ...
    stage 3/3: scoring on 7711 test series (accuracy + AOPCR) ...
    [mlflow] versioned model 'mstcn_sep_additive' (id=m-7f8b96d254044dc5830adf5ebf2fe721) params={'model_size_mb': '3.5371', 'n_model_params': '268696', 'name': 'seanet'}
    [mlflow] logged run 'seanet_ElectricDevices'  (train_acc=0.9482 val_acc=0.9091 test_acc=0.7222 test_loss=0.9270)
[ 24/129] ElectricDevices              DONE  acc=0.7222 loss=0.9270 AOPCR=  0.309 NDCG=  n/a C=  7 T=   96 (651s)  [24 trained / 0 failed so far]
[ 25/129] FaceAll
    stage 1/3: loading data ...
    stage 2/3: training on 448 series (val=112, C=14, T=131, batch=16) ...
    stage 3/3: scoring on 1690 test series (accuracy + AOPCR) ...
    [mlflow] versioned model 'mstcn_sep_additive' (id=m-e21f636d689545e782443095c5f24380) params={'model_size_mb': '3.5405', 'n_model_params': '269599', 'name': 'seanet'}
    [mlflow] logged run 'seanet_FaceAll'  (train_acc=1.0000 val_acc=0.9821 test_acc=0.8124 test_loss=0.9449)
[ 25/129] FaceAll                      DONE  acc=0.8124 loss=0.9449 AOPCR=  0.290 NDCG=  n/a C= 14 T=  131 (51s)  [25 trained / 0 failed so far]
[ 26/129] FaceFour
    stage 1/3: loading data ...
    stage 2/3: training on 24 series (no val (train-loss early stop), C=4, T=350, batch=2) ...
    stage 3/3: scoring on 88 test series (accuracy + AOPCR) ...
    [mlflow] versioned model 'mstcn_sep_additive' (id=m-849378e09a49406b89de76f9c5def786) params={'model_size_mb': '3.5356', 'n_model_params': '268309', 'name': 'seanet'}
    [mlflow] logged run 'seanet_FaceFour'  (train_acc=1.0000 test_acc=0.9773 test_loss=0.1767)
[ 26/129] FaceFour                     DONE  acc=0.9773 loss=0.1767 AOPCR=  0.819 NDCG=  n/a C=  4 T=  350 (36s)  [26 trained / 0 failed so far]
[ 27/129] FacesUCR
    stage 1/3: loading data ...
    stage 2/3: training on 165 series (val=35, C=14, T=131, batch=16) ...
    stage 3/3: scoring on 2050 test series (accuracy + AOPCR) ...
    [mlflow] versioned model 'mstcn_sep_additive' (id=m-dd57cc47ca524643b3ce77d544f9e871) params={'model_size_mb': '3.5405', 'n_model_params': '269599', 'name': 'seanet'}
    [mlflow] logged run 'seanet_FacesUCR'  (train_acc=1.0000 val_acc=1.0000 test_acc=0.9580 test_loss=0.2260)
[ 27/129] FacesUCR                     DONE  acc=0.9580 loss=0.2260 AOPCR=  0.273 NDCG=  n/a C= 14 T=  131 (37s)  [27 trained / 0 failed so far]
[ 28/129] FiftyWords
    stage 1/3: loading data ...
    stage 2/3: training on 365 series (val=85, C=50, T=270, batch=16) ...
    stage 3/3: scoring on 455 test series (accuracy + AOPCR) ...
    [mlflow] versioned model 'mstcn_sep_additive' (id=m-6fcf829529b24c6f9e62c8fe120ebcf8) params={'model_size_mb': '3.5583', 'n_model_params': '274243', 'name': 'seanet'}
    [mlflow] logged run 'seanet_FiftyWords'  (train_acc=0.9973 val_acc=0.8000 test_acc=0.8044 test_loss=0.8225)
[ 28/129] FiftyWords                   DONE  acc=0.8044 loss=0.8225 AOPCR=  0.922 NDCG=  n/a C= 50 T=  270 (40s)  [28 trained / 0 failed so far]
[ 29/129] Fish
    stage 1/3: loading data ...
    stage 2/3: training on 142 series (val=33, C=7, T=463, batch=14) ...
    stage 3/3: scoring on 175 test series (accuracy + AOPCR) ...
    [mlflow] versioned model 'mstcn_sep_additive' (id=m-e2414bd0cfde450c95c317635e9510a7) params={'model_size_mb': '3.5371', 'n_model_params': '268696', 'name': 'seanet'}
    [mlflow] logged run 'seanet_Fish'  (train_acc=1.0000 val_acc=1.0000 test_acc=0.9600 test_loss=0.1847)
[ 29/129] Fish                         DONE  acc=0.9600 loss=0.1847 AOPCR=  0.709 NDCG=  n/a C=  7 T=  463 (54s)  [29 trained / 0 failed so far]
[ 30/129] FordA
    stage 1/3: loading data ...
    stage 2/3: training on 2881 series (val=720, C=2, T=500, batch=16) ...
    stage 3/3: scoring on 1320 test series (accuracy + AOPCR) ...
    [mlflow] versioned model 'mstcn_sep_additive' (id=m-48a7194027ba4d259128bd974030cb09) params={'model_size_mb': '3.5347', 'n_model_params': '268051', 'name': 'seanet'}
    [mlflow] logged run 'seanet_FordA'  (train_acc=0.9868 val_acc=0.9611 test_acc=0.9598 test_loss=0.1452)
[ 30/129] FordA                        DONE  acc=0.9598 loss=0.1452 AOPCR=  0.110 NDCG=  n/a C=  2 T=  500 (201s)  [30 trained / 0 failed so far]
[ 31/129] FordB
    stage 1/3: loading data ...
    stage 2/3: training on 2909 series (val=727, C=2, T=500, batch=16) ...
    stage 3/3: scoring on 810 test series (accuracy + AOPCR) ...
    [mlflow] versioned model 'mstcn_sep_additive' (id=m-5eb63e4a18ab414d92608d3ba4b8b207) params={'model_size_mb': '3.5347', 'n_model_params': '268051', 'name': 'seanet'}
    [mlflow] logged run 'seanet_FordB'  (train_acc=0.9687 val_acc=0.9560 test_acc=0.8247 test_loss=0.3866)
[ 31/129] FordB                        DONE  acc=0.8247 loss=0.3866 AOPCR=  0.329 NDCG=  n/a C=  2 T=  500 (164s)  [31 trained / 0 failed so far]
[ 32/129] GunPoint
    stage 1/3: loading data ...
    stage 2/3: training on 50 series (no val (train-loss early stop), C=2, T=150, batch=5) ...
    stage 3/3: scoring on 150 test series (accuracy + AOPCR) ...
    [mlflow] versioned model 'mstcn_sep_additive' (id=m-be661c57c5be402f9ae446ab19348b14) params={'model_size_mb': '3.5347', 'n_model_params': '268051', 'name': 'seanet'}
    [mlflow] logged run 'seanet_GunPoint'  (train_acc=1.0000 test_acc=0.9933 test_loss=0.0842)
[ 32/129] GunPoint                     DONE  acc=0.9933 loss=0.0842 AOPCR=  0.376 NDCG=  n/a C=  2 T=  150 (35s)  [32 trained / 0 failed so far]
[ 33/129] Ham
    stage 1/3: loading data ...
    stage 2/3: training on 88 series (val=21, C=2, T=431, batch=8) ...
    stage 3/3: scoring on 105 test series (accuracy + AOPCR) ...
    [mlflow] versioned model 'mstcn_sep_additive' (id=m-617649fcdc8d458aabb5fc3c3b0314f4) params={'model_size_mb': '3.5347', 'n_model_params': '268051', 'name': 'seanet'}
    [mlflow] logged run 'seanet_Ham'  (train_acc=0.9773 val_acc=0.9524 test_acc=0.7429 test_loss=0.5389)
[ 33/129] Ham                          DONE  acc=0.7429 loss=0.5389 AOPCR=  1.194 NDCG=  n/a C=  2 T=  431 (10s)  [33 trained / 0 failed so far]
[ 34/129] HandOutlines
    stage 1/3: loading data ...
    stage 2/3: training on 801 series (val=199, C=2, T=2709, batch=16) ...
    stage 3/3: scoring on 370 test series (accuracy + AOPCR) ...
    [mlflow] versioned model 'mstcn_sep_additive' (id=m-b2b61304729a429685f459699f8590c5) params={'model_size_mb': '3.5347', 'n_model_params': '268051', 'name': 'seanet'}
    [mlflow] logged run 'seanet_HandOutlines'  (train_acc=0.9438 val_acc=0.8794 test_acc=0.9000 test_loss=0.3073)
[ 34/129] HandOutlines                 DONE  acc=0.9000 loss=0.3073 AOPCR=  0.454 NDCG=  n/a C=  2 T= 2709 (298s)  [34 trained / 0 failed so far]
[ 35/129] Haptics
    stage 1/3: loading data ...
    stage 2/3: training on 127 series (val=28, C=5, T=1092, batch=12) ...
    stage 3/3: scoring on 308 test series (accuracy + AOPCR) ...
    [mlflow] versioned model 'mstcn_sep_additive' (id=m-392bc10ef9ec491aa4a751bc1a3c423a) params={'model_size_mb': '3.5361', 'n_model_params': '268438', 'name': 'seanet'}
    [mlflow] logged run 'seanet_Haptics'  (train_acc=1.0000 val_acc=0.5000 test_acc=0.4675 test_loss=1.4734)
[ 35/129] Haptics                      DONE  acc=0.4675 loss=1.4734 AOPCR=  1.340 NDCG=  n/a C=  5 T= 1092 (24s)  [35 trained / 0 failed so far]
[ 36/129] Herring
    stage 1/3: loading data ...
    stage 2/3: training on 64 series (no val (train-loss early stop), C=2, T=512, batch=6) ...
    stage 3/3: scoring on 64 test series (accuracy + AOPCR) ...
    [mlflow] versioned model 'mstcn_sep_additive' (id=m-8b1d1a45c69f4cf8a274a3b6b483dffe) params={'model_size_mb': '3.5347', 'n_model_params': '268051', 'name': 'seanet'}
    [mlflow] logged run 'seanet_Herring'  (train_acc=1.0000 test_acc=0.5781 test_loss=0.9108)
[ 36/129] Herring                      DONE  acc=0.5781 loss=0.9108 AOPCR=  0.551 NDCG=  n/a C=  2 T=  512 (42s)  [36 trained / 0 failed so far]
[ 37/129] InlineSkate
    stage 1/3: loading data ...
    stage 2/3: training on 84 series (val=16, C=7, T=1882, batch=8) ...
    stage 3/3: scoring on 550 test series (accuracy + AOPCR) ...
    [mlflow] versioned model 'mstcn_sep_additive' (id=m-326933e8a3e44727928ed6f9acd524e0) params={'model_size_mb': '3.5371', 'n_model_params': '268696', 'name': 'seanet'}
    [mlflow] logged run 'seanet_InlineSkate'  (train_acc=0.9524 val_acc=0.5625 test_acc=0.3855 test_loss=1.7583)
[ 37/129] InlineSkate                  DONE  acc=0.3855 loss=1.7583 AOPCR=  1.442 NDCG=  n/a C=  7 T= 1882 (25s)  [37 trained / 0 failed so far]
[ 38/129] InsectWingbeatSound
    stage 1/3: loading data ...
    stage 2/3: training on 176 series (val=44, C=11, T=256, batch=16) ...
    stage 3/3: scoring on 1980 test series (accuracy + AOPCR) ...
    [mlflow] versioned model 'mstcn_sep_additive' (id=m-bae152d17b024ca3a7ac36634e9336cd) params={'model_size_mb': '3.5391', 'n_model_params': '269212', 'name': 'seanet'}
    [mlflow] logged run 'seanet_InsectWingbeatSound'  (train_acc=0.7784 val_acc=0.5909 test_acc=0.5874 test_loss=1.0703)
[ 38/129] InsectWingbeatSound          DONE  acc=0.5874 loss=1.0703 AOPCR=  0.271 NDCG=  n/a C= 11 T=  256 (9s)  [38 trained / 0 failed so far]
[ 39/129] ItalyPowerDemand
    stage 1/3: loading data ...
    stage 2/3: training on 67 series (no val (train-loss early stop), C=2, T=24, batch=6) ...
    stage 3/3: scoring on 1029 test series (accuracy + AOPCR) ...
    [mlflow] versioned model 'mstcn_sep_additive' (id=m-4b832bd7b8bc46f79901c4a001747f71) params={'model_size_mb': '3.5347', 'n_model_params': '268051', 'name': 'seanet'}
    [mlflow] logged run 'seanet_ItalyPowerDemand'  (train_acc=1.0000 test_acc=0.9708 test_loss=0.1405)
[ 39/129] ItalyPowerDemand             DONE  acc=0.9708 loss=0.1405 AOPCR=  0.152 NDCG=  n/a C=  2 T=   24 (40s)  [39 trained / 0 failed so far]
[ 40/129] LargeKitchenAppliances
    stage 1/3: loading data ...
    stage 2/3: training on 300 series (val=75, C=3, T=720, batch=16) ...
    stage 3/3: scoring on 375 test series (accuracy + AOPCR) ...
    [mlflow] versioned model 'mstcn_sep_additive' (id=m-b44d5521146a451e909d597ec8eda1fe) params={'model_size_mb': '3.5351', 'n_model_params': '268180', 'name': 'seanet'}
    [mlflow] logged run 'seanet_LargeKitchenAppliances'  (train_acc=0.9967 val_acc=1.0000 test_acc=0.9120 test_loss=0.3285)
[ 40/129] LargeKitchenAppliances       DONE  acc=0.9120 loss=0.3285 AOPCR=  1.437 NDCG=  n/a C=  3 T=  720 (73s)  [40 trained / 0 failed so far]
[ 41/129] Lightning2
    stage 1/3: loading data ...
    stage 2/3: training on 60 series (no val (train-loss early stop), C=2, T=637, batch=6) ...
    stage 3/3: scoring on 61 test series (accuracy + AOPCR) ...
    [mlflow] versioned model 'mstcn_sep_additive' (id=m-090dc84effcf48a8a1cdaad9f6642922) params={'model_size_mb': '3.5347', 'n_model_params': '268051', 'name': 'seanet'}
    [mlflow] logged run 'seanet_Lightning2'  (train_acc=1.0000 test_acc=0.8361 test_loss=0.3848)
[ 41/129] Lightning2                   DONE  acc=0.8361 loss=0.3848 AOPCR=  0.550 NDCG=  n/a C=  2 T=  637 (31s)  [41 trained / 0 failed so far]
[ 42/129] Lightning7
    stage 1/3: loading data ...
    stage 2/3: training on 70 series (no val (train-loss early stop), C=7, T=319, batch=7) ...
    stage 3/3: scoring on 73 test series (accuracy + AOPCR) ...
    [mlflow] versioned model 'mstcn_sep_additive' (id=m-a2e19134d4be4009bd6b4b4b7c77cf34) params={'model_size_mb': '3.5371', 'n_model_params': '268696', 'name': 'seanet'}
    [mlflow] logged run 'seanet_Lightning7'  (train_acc=1.0000 test_acc=0.8219 test_loss=0.5683)
[ 42/129] Lightning7                   DONE  acc=0.8219 loss=0.5683 AOPCR=  1.116 NDCG=  n/a C=  7 T=  319 (46s)  [42 trained / 0 failed so far]
[ 43/129] Mallat
    stage 1/3: loading data ...
    stage 2/3: training on 55 series (no val (train-loss early stop), C=8, T=1024, batch=5) ...
    stage 3/3: scoring on 2345 test series (accuracy + AOPCR) ...
    [mlflow] versioned model 'mstcn_sep_additive' (id=m-b6f4c025f01d40dea25dfca3c60eef30) params={'model_size_mb': '3.5376', 'n_model_params': '268825', 'name': 'seanet'}
    [mlflow] logged run 'seanet_Mallat'  (train_acc=1.0000 test_acc=0.9659 test_loss=0.2173)
[ 43/129] Mallat                       DONE  acc=0.9659 loss=0.2173 AOPCR=  1.388 NDCG=  n/a C=  8 T= 1024 (39s)  [43 trained / 0 failed so far]
[ 44/129] Meat
    stage 1/3: loading data ...
    stage 2/3: training on 60 series (no val (train-loss early stop), C=3, T=448, batch=6) ...
    stage 3/3: scoring on 60 test series (accuracy + AOPCR) ...
    [mlflow] versioned model 'mstcn_sep_additive' (id=m-5cc633bc89454046b37acc81adf984e1) params={'model_size_mb': '3.5351', 'n_model_params': '268180', 'name': 'seanet'}
    [mlflow] logged run 'seanet_Meat'  (train_acc=1.0000 test_acc=0.7667 test_loss=0.5909)
[ 44/129] Meat                         DONE  acc=0.7667 loss=0.5909 AOPCR=  2.559 NDCG=  n/a C=  3 T=  448 (12s)  [44 trained / 0 failed so far]
[ 45/129] MedicalImages
    stage 1/3: loading data ...
    stage 2/3: training on 307 series (val=74, C=10, T=99, batch=16) ...
    stage 3/3: scoring on 760 test series (accuracy + AOPCR) ...
    [mlflow] versioned model 'mstcn_sep_additive' (id=m-9772f192ec9143ef94a7cdcab8960caf) params={'model_size_mb': '3.5386', 'n_model_params': '269083', 'name': 'seanet'}
    [mlflow] logged run 'seanet_MedicalImages'  (train_acc=0.9023 val_acc=0.7703 test_acc=0.7276 test_loss=0.9150)
[ 45/129] MedicalImages                DONE  acc=0.7276 loss=0.9150 AOPCR=  0.319 NDCG=  n/a C= 10 T=   99 (23s)  [45 trained / 0 failed so far]
[ 46/129] MiddlePhalanxOutlineAgeGroup
    stage 1/3: loading data ...
    stage 2/3: training on 321 series (val=79, C=3, T=80, batch=16) ...
    stage 3/3: scoring on 154 test series (accuracy + AOPCR) ...
    [mlflow] versioned model 'mstcn_sep_additive' (id=m-720e3dd9e50440c188a91f99f491ffef) params={'model_size_mb': '3.5351', 'n_model_params': '268180', 'name': 'seanet'}
    [mlflow] logged run 'seanet_MiddlePhalanxOutlineAgeGroup'  (train_acc=0.8411 val_acc=0.7975 test_acc=0.5714 test_loss=0.9740)
[ 46/129] MiddlePhalanxOutlineAgeGroup DONE  acc=0.5714 loss=0.9740 AOPCR= -0.004 NDCG=  n/a C=  3 T=   80 (32s)  [46 trained / 0 failed so far]
[ 47/129] MiddlePhalanxOutlineCorrect
    stage 1/3: loading data ...
    stage 2/3: training on 481 series (val=119, C=2, T=80, batch=16) ...
    stage 3/3: scoring on 291 test series (accuracy + AOPCR) ...
    [mlflow] versioned model 'mstcn_sep_additive' (id=m-012c8c980a4e4fa186d744b8fd1328a2) params={'model_size_mb': '3.5347', 'n_model_params': '268051', 'name': 'seanet'}
    [mlflow] logged run 'seanet_MiddlePhalanxOutlineCorrect'  (train_acc=0.9376 val_acc=0.8487 test_acc=0.8076 test_loss=0.3995)
[ 47/129] MiddlePhalanxOutlineCorrect  DONE  acc=0.8076 loss=0.3995 AOPCR=  0.064 NDCG=  n/a C=  2 T=   80 (46s)  [47 trained / 0 failed so far]
[ 48/129] MiddlePhalanxTW
    stage 1/3: loading data ...
    stage 2/3: training on 321 series (val=78, C=6, T=80, batch=16) ...
    stage 3/3: scoring on 154 test series (accuracy + AOPCR) ...
    [mlflow] versioned model 'mstcn_sep_additive' (id=m-64ffb704c45f44b4b60fb9592874b824) params={'model_size_mb': '3.5366', 'n_model_params': '268567', 'name': 'seanet'}
    [mlflow] logged run 'seanet_MiddlePhalanxTW'  (train_acc=0.6760 val_acc=0.6410 test_acc=0.5519 test_loss=1.0806)
[ 48/129] MiddlePhalanxTW              DONE  acc=0.5519 loss=1.0806 AOPCR=  0.300 NDCG=  n/a C=  6 T=   80 (35s)  [48 trained / 0 failed so far]
[ 49/129] MoteStrain
    stage 1/3: loading data ...
    stage 2/3: training on 20 series (no val (train-loss early stop), C=2, T=84, batch=2) ...
    stage 3/3: scoring on 1252 test series (accuracy + AOPCR) ...
    [mlflow] versioned model 'mstcn_sep_additive' (id=m-45777ba434844e65afa719a84e791bb8) params={'model_size_mb': '3.5347', 'n_model_params': '268051', 'name': 'seanet'}
    [mlflow] logged run 'seanet_MoteStrain'  (train_acc=1.0000 test_acc=0.8594 test_loss=0.3187)
[ 49/129] MoteStrain                   DONE  acc=0.8594 loss=0.3187 AOPCR=  0.285 NDCG=  n/a C=  2 T=   84 (17s)  [49 trained / 0 failed so far]
[ 50/129] NonInvasiveFetalECGThorax1
    stage 1/3: loading data ...
    stage 2/3: training on 1452 series (val=348, C=42, T=750, batch=16) ...
    stage 3/3: scoring on 1965 test series (accuracy + AOPCR) ...
    [mlflow] versioned model 'mstcn_sep_additive' (id=m-ef3b3c4882514704ac6b8f3461f8e17b) params={'model_size_mb': '3.5543', 'n_model_params': '273211', 'name': 'seanet'}
    [mlflow] logged run 'seanet_NonInvasiveFetalECGThorax1'  (train_acc=0.9814 val_acc=0.9052 test_acc=0.9018 test_loss=0.4266)
[ 50/129] NonInvasiveFetalECGThorax1   DONE  acc=0.9018 loss=0.4266 AOPCR= -0.690 NDCG=  n/a C= 42 T=  750 (250s)  [50 trained / 0 failed so far]
[ 51/129] NonInvasiveFetalECGThorax2
    stage 1/3: loading data ...
    stage 2/3: training on 1452 series (val=348, C=42, T=750, batch=16) ...
    stage 3/3: scoring on 1965 test series (accuracy + AOPCR) ...
    [mlflow] versioned model 'mstcn_sep_additive' (id=m-4350efe0bb7144718ff7440de8463998) params={'model_size_mb': '3.5543', 'n_model_params': '273211', 'name': 'seanet'}
    [mlflow] logged run 'seanet_NonInvasiveFetalECGThorax2'  (train_acc=0.9869 val_acc=0.9454 test_acc=0.9415 test_loss=0.2691)
[ 51/129] NonInvasiveFetalECGThorax2   DONE  acc=0.9415 loss=0.2691 AOPCR= -0.071 NDCG=  n/a C= 42 T=  750 (177s)  [51 trained / 0 failed so far]
[ 52/129] OliveOil
    stage 1/3: loading data ...
    stage 2/3: training on 30 series (no val (train-loss early stop), C=4, T=570, batch=3) ...
    stage 3/3: scoring on 30 test series (accuracy + AOPCR) ...
    [mlflow] versioned model 'mstcn_sep_additive' (id=m-3ddfe1bacea24b79848c557cad780309) params={'model_size_mb': '3.5356', 'n_model_params': '268309', 'name': 'seanet'}
    [mlflow] logged run 'seanet_OliveOil'  (train_acc=0.8333 test_acc=0.5667 test_loss=0.8072)
[ 52/129] OliveOil                     DONE  acc=0.5667 loss=0.8072 AOPCR=  5.181 NDCG=  n/a C=  4 T=  570 (30s)  [52 trained / 0 failed so far]
[ 53/129] OSULeaf
    stage 1/3: loading data ...
    stage 2/3: training on 163 series (val=37, C=6, T=427, batch=16) ...
    stage 3/3: scoring on 242 test series (accuracy + AOPCR) ...
    [mlflow] versioned model 'mstcn_sep_additive' (id=m-faf17909e65442999609b13a650a7d7b) params={'model_size_mb': '3.5366', 'n_model_params': '268567', 'name': 'seanet'}
    [mlflow] logged run 'seanet_OSULeaf'  (train_acc=1.0000 val_acc=1.0000 test_acc=0.8843 test_loss=0.3861)
[ 53/129] OSULeaf                      DONE  acc=0.8843 loss=0.3861 AOPCR=  0.745 NDCG=  n/a C=  6 T=  427 (17s)  [53 trained / 0 failed so far]
[ 54/129] PhalangesOutlinesCorrect
    stage 1/3: loading data ...
    stage 2/3: training on 1441 series (val=359, C=2, T=80, batch=16) ...
    stage 3/3: scoring on 858 test series (accuracy + AOPCR) ...
    [mlflow] versioned model 'mstcn_sep_additive' (id=m-3e23b06d6ee546f89e65ed0591eb1c8d) params={'model_size_mb': '3.5347', 'n_model_params': '268051', 'name': 'seanet'}
    [mlflow] logged run 'seanet_PhalangesOutlinesCorrect'  (train_acc=0.9473 val_acc=0.8858 test_acc=0.8240 test_loss=0.4216)
[ 54/129] PhalangesOutlinesCorrect     DONE  acc=0.8240 loss=0.4216 AOPCR= -0.128 NDCG=  n/a C=  2 T=   80 (186s)  [54 trained / 0 failed so far]
[ 55/129] Phoneme
    stage 1/3: loading data ...
    stage 2/3: training on 171 series (val=43, C=39, T=1024, batch=16) ...
    stage 3/3: scoring on 1896 test series (accuracy + AOPCR) ...
    [mlflow] versioned model 'mstcn_sep_additive' (id=m-cf2a162d744947d7b0599808ea3c2127) params={'model_size_mb': '3.5528', 'n_model_params': '272824', 'name': 'seanet'}
    [mlflow] logged run 'seanet_Phoneme'  (train_acc=0.5088 val_acc=0.2791 test_acc=0.2838 test_loss=2.7114)
[ 55/129] Phoneme                      DONE  acc=0.2838 loss=2.7114 AOPCR=  0.475 NDCG=  n/a C= 39 T= 1024 (17s)  [55 trained / 0 failed so far]
[ 56/129] Plane
    stage 1/3: loading data ...
    stage 2/3: training on 87 series (val=18, C=7, T=144, batch=8) ...
    stage 3/3: scoring on 105 test series (accuracy + AOPCR) ...
    [mlflow] versioned model 'mstcn_sep_additive' (id=m-a4fac7ef775f4282be9205d7f820d825) params={'model_size_mb': '3.5371', 'n_model_params': '268696', 'name': 'seanet'}
    [mlflow] logged run 'seanet_Plane'  (train_acc=1.0000 val_acc=1.0000 test_acc=1.0000 test_loss=0.1051)
[ 56/129] Plane                        DONE  acc=1.0000 loss=0.1051 AOPCR=  0.355 NDCG=  n/a C=  7 T=  144 (27s)  [56 trained / 0 failed so far]
[ 57/129] ProximalPhalanxOutlineAgeGroup
    stage 1/3: loading data ...
    stage 2/3: training on 322 series (val=78, C=3, T=80, batch=16) ...
    stage 3/3: scoring on 205 test series (accuracy + AOPCR) ...
    [mlflow] versioned model 'mstcn_sep_additive' (id=m-12d33d6691a74d5bbfa98325b18ce870) params={'model_size_mb': '3.5351', 'n_model_params': '268180', 'name': 'seanet'}
    [mlflow] logged run 'seanet_ProximalPhalanxOutlineAgeGroup'  (train_acc=0.8851 val_acc=0.8077 test_acc=0.8244 test_loss=0.4154)
[ 57/129] ProximalPhalanxOutlineAgeGroup DONE  acc=0.8244 loss=0.4154 AOPCR=  0.336 NDCG=  n/a C=  3 T=   80 (27s)  [57 trained / 0 failed so far]
[ 58/129] ProximalPhalanxOutlineCorrect
    stage 1/3: loading data ...
    stage 2/3: training on 481 series (val=119, C=2, T=80, batch=16) ...
    stage 3/3: scoring on 291 test series (accuracy + AOPCR) ...
    [mlflow] versioned model 'mstcn_sep_additive' (id=m-aaf4570177114d78ac20720d54ad8773) params={'model_size_mb': '3.5347', 'n_model_params': '268051', 'name': 'seanet'}
    [mlflow] logged run 'seanet_ProximalPhalanxOutlineCorrect'  (train_acc=0.9730 val_acc=0.9076 test_acc=0.9072 test_loss=0.2553)
[ 58/129] ProximalPhalanxOutlineCorrect DONE  acc=0.9072 loss=0.2553 AOPCR= -0.201 NDCG=  n/a C=  2 T=   80 (83s)  [58 trained / 0 failed so far]
[ 59/129] ProximalPhalanxTW
    stage 1/3: loading data ...
    stage 2/3: training on 322 series (val=78, C=6, T=80, batch=16) ...
    stage 3/3: scoring on 205 test series (accuracy + AOPCR) ...
    [mlflow] versioned model 'mstcn_sep_additive' (id=m-ca04f9afb754407aa7e6a7ac002be5ac) params={'model_size_mb': '3.5366', 'n_model_params': '268567', 'name': 'seanet'}
    [mlflow] logged run 'seanet_ProximalPhalanxTW'  (train_acc=0.8758 val_acc=0.8462 test_acc=0.7610 test_loss=0.6159)
[ 59/129] ProximalPhalanxTW            DONE  acc=0.7610 loss=0.6159 AOPCR= -0.343 NDCG=  n/a C=  6 T=   80 (35s)  [59 trained / 0 failed so far]
[ 60/129] RefrigerationDevices
    stage 1/3: loading data ...
    stage 2/3: training on 300 series (val=75, C=3, T=720, batch=16) ...
    stage 3/3: scoring on 375 test series (accuracy + AOPCR) ...
    [mlflow] versioned model 'mstcn_sep_additive' (id=m-0852c1bc97d34372b1a8051ec04a57c0) params={'model_size_mb': '3.5351', 'n_model_params': '268180', 'name': 'seanet'}
    [mlflow] logged run 'seanet_RefrigerationDevices'  (train_acc=0.6667 val_acc=0.6667 test_acc=0.5040 test_loss=1.0446)
[ 60/129] RefrigerationDevices         DONE  acc=0.5040 loss=1.0446 AOPCR=  0.048 NDCG=  n/a C=  3 T=  720 (19s)  [60 trained / 0 failed so far]
[ 61/129] ScreenType
    stage 1/3: loading data ...
    stage 2/3: training on 300 series (val=75, C=3, T=720, batch=16) ...
    stage 3/3: scoring on 375 test series (accuracy + AOPCR) ...
    [mlflow] versioned model 'mstcn_sep_additive' (id=m-8c41c7f9f0984e2084ded1ab779865b9) params={'model_size_mb': '3.5351', 'n_model_params': '268180', 'name': 'seanet'}
    [mlflow] logged run 'seanet_ScreenType'  (train_acc=0.8767 val_acc=0.5867 test_acc=0.5547 test_loss=1.0762)
[ 61/129] ScreenType                   DONE  acc=0.5547 loss=1.0762 AOPCR=  0.886 NDCG=  n/a C=  3 T=  720 (26s)  [61 trained / 0 failed so far]
[ 62/129] ShapeletSim
    stage 1/3: loading data ...
    stage 2/3: training on 20 series (no val (train-loss early stop), C=2, T=500, batch=2) ...
    stage 3/3: scoring on 180 test series (accuracy + AOPCR) ...
    [mlflow] versioned model 'mstcn_sep_additive' (id=m-56cb0359a6c246bc904858de8f16646d) params={'model_size_mb': '3.5347', 'n_model_params': '268051', 'name': 'seanet'}
    [mlflow] logged run 'seanet_ShapeletSim'  (train_acc=1.0000 test_acc=0.9944 test_loss=0.0845)
[ 62/129] ShapeletSim                  DONE  acc=0.9944 loss=0.0845 AOPCR=  0.640 NDCG=  n/a C=  2 T=  500 (10s)  [62 trained / 0 failed so far]
[ 63/129] ShapesAll
    stage 1/3: loading data ...
    stage 2/3: training on 480 series (val=120, C=60, T=512, batch=16) ...
    stage 3/3: scoring on 600 test series (accuracy + AOPCR) ...
    [mlflow] versioned model 'mstcn_sep_additive' (id=m-2a8f3f419927403cb456fd22289023b9) params={'model_size_mb': '3.5632', 'n_model_params': '275533', 'name': 'seanet'}
    [mlflow] logged run 'seanet_ShapesAll'  (train_acc=1.0000 val_acc=0.9083 test_acc=0.8883 test_loss=0.5629)
[ 63/129] ShapesAll                    DONE  acc=0.8883 loss=0.5629 AOPCR=  0.605 NDCG=  n/a C= 60 T=  512 (78s)  [63 trained / 0 failed so far]
[ 64/129] SmallKitchenAppliances
    stage 1/3: loading data ...
    stage 2/3: training on 300 series (val=75, C=3, T=720, batch=16) ...
    stage 3/3: scoring on 375 test series (accuracy + AOPCR) ...
    [mlflow] versioned model 'mstcn_sep_additive' (id=m-44fcf195c74742319d38fd43d2904340) params={'model_size_mb': '3.5351', 'n_model_params': '268180', 'name': 'seanet'}
    [mlflow] logged run 'seanet_SmallKitchenAppliances'  (train_acc=0.7633 val_acc=0.8267 test_acc=0.7813 test_loss=0.5805)
[ 64/129] SmallKitchenAppliances       DONE  acc=0.7813 loss=0.5805 AOPCR=  1.537 NDCG=  n/a C=  3 T=  720 (22s)  [64 trained / 0 failed so far]
[ 65/129] SonyAIBORobotSurface1
    stage 1/3: loading data ...
    stage 2/3: training on 20 series (no val (train-loss early stop), C=2, T=70, batch=2) ...
    stage 3/3: scoring on 601 test series (accuracy + AOPCR) ...
    [mlflow] versioned model 'mstcn_sep_additive' (id=m-da81621069cd48b6af54f0d81e2963cd) params={'model_size_mb': '3.5347', 'n_model_params': '268051', 'name': 'seanet'}
    [mlflow] logged run 'seanet_SonyAIBORobotSurface1'  (train_acc=1.0000 test_acc=0.8253 test_loss=0.3391)
[ 65/129] SonyAIBORobotSurface1        DONE  acc=0.8253 loss=0.3391 AOPCR=  0.228 NDCG=  n/a C=  2 T=   70 (16s)  [65 trained / 0 failed so far]
[ 66/129] SonyAIBORobotSurface2
    stage 1/3: loading data ...
    stage 2/3: training on 27 series (no val (train-loss early stop), C=2, T=65, batch=2) ...
    stage 3/3: scoring on 953 test series (accuracy + AOPCR) ...
    [mlflow] versioned model 'mstcn_sep_additive' (id=m-323adda3a42f45d19deb019231e8d14d) params={'model_size_mb': '3.5347', 'n_model_params': '268051', 'name': 'seanet'}
    [mlflow] logged run 'seanet_SonyAIBORobotSurface2'  (train_acc=1.0000 test_acc=0.8751 test_loss=0.2795)
[ 66/129] SonyAIBORobotSurface2        DONE  acc=0.8751 loss=0.2795 AOPCR=  0.014 NDCG=  n/a C=  2 T=   65 (48s)  [66 trained / 0 failed so far]
[ 67/129] StarLightCurves
    stage 1/3: loading data ...
    stage 2/3: training on 801 series (val=199, C=3, T=1024, batch=16) ...
    stage 3/3: scoring on 8236 test series (accuracy + AOPCR) ...
    [mlflow] versioned model 'mstcn_sep_additive' (id=m-c7752148154b4ecc946e772c9bb2bdcd) params={'model_size_mb': '3.5351', 'n_model_params': '268180', 'name': 'seanet'}
    [mlflow] logged run 'seanet_StarLightCurves'  (train_acc=0.9913 val_acc=0.9698 test_acc=0.9665 test_loss=0.1544)
[ 67/129] StarLightCurves              DONE  acc=0.9665 loss=0.1544 AOPCR=  0.561 NDCG=  n/a C=  3 T= 1024 (105s)  [67 trained / 0 failed so far]
[ 68/129] Strawberry
    stage 1/3: loading data ...
    stage 2/3: training on 492 series (val=121, C=2, T=235, batch=16) ...
    stage 3/3: scoring on 370 test series (accuracy + AOPCR) ...
    [mlflow] versioned model 'mstcn_sep_additive' (id=m-68342dbaf16e44ac82c0bcdc3b8d0825) params={'model_size_mb': '3.5347', 'n_model_params': '268051', 'name': 'seanet'}
    [mlflow] logged run 'seanet_Strawberry'  (train_acc=0.9837 val_acc=0.9917 test_acc=0.9595 test_loss=0.1304)
[ 68/129] Strawberry                   DONE  acc=0.9595 loss=0.1304 AOPCR= -0.175 NDCG=  n/a C=  2 T=  235 (70s)  [68 trained / 0 failed so far]
[ 69/129] SwedishLeaf
    stage 1/3: loading data ...
    stage 2/3: training on 405 series (val=95, C=15, T=128, batch=16) ...
    stage 3/3: scoring on 625 test series (accuracy + AOPCR) ...
    [mlflow] versioned model 'mstcn_sep_additive' (id=m-7a65f5acca144a3b83b0de81544120ba) params={'model_size_mb': '3.541', 'n_model_params': '269728', 'name': 'seanet'}
    [mlflow] logged run 'seanet_SwedishLeaf'  (train_acc=1.0000 val_acc=0.9895 test_acc=0.9584 test_loss=0.2233)
[ 69/129] SwedishLeaf                  DONE  acc=0.9584 loss=0.2233 AOPCR=  0.369 NDCG=  n/a C= 15 T=  128 (122s)  [69 trained / 0 failed so far]
[ 70/129] Symbols
    stage 1/3: loading data ...
    stage 2/3: training on 25 series (no val (train-loss early stop), C=6, T=398, batch=2) ...
    stage 3/3: scoring on 995 test series (accuracy + AOPCR) ...
    [mlflow] versioned model 'mstcn_sep_additive' (id=m-8c1b6c3a7d6a40b9a00889ced534287b) params={'model_size_mb': '3.5366', 'n_model_params': '268567', 'name': 'seanet'}
    [mlflow] logged run 'seanet_Symbols'  (train_acc=1.0000 test_acc=0.9709 test_loss=0.2146)
[ 70/129] Symbols                      DONE  acc=0.9709 loss=0.2146 AOPCR=  0.651 NDCG=  n/a C=  6 T=  398 (38s)  [70 trained / 0 failed so far]
[ 71/129] SyntheticControl
    stage 1/3: loading data ...
    stage 2/3: training on 240 series (val=60, C=6, T=60, batch=16) ...
    stage 3/3: scoring on 300 test series (accuracy + AOPCR) ...
    [mlflow] versioned model 'mstcn_sep_additive' (id=m-0bf973c917c94f24b247cc37d25c4c6e) params={'model_size_mb': '3.5366', 'n_model_params': '268567', 'name': 'seanet'}
    [mlflow] logged run 'seanet_SyntheticControl'  (train_acc=1.0000 val_acc=1.0000 test_acc=1.0000 test_loss=0.1001)
[ 71/129] SyntheticControl             DONE  acc=1.0000 loss=0.1001 AOPCR=  0.367 NDCG=  n/a C=  6 T=   60 (46s)  [71 trained / 0 failed so far]
[ 72/129] ToeSegmentation1
    stage 1/3: loading data ...
    stage 2/3: training on 40 series (no val (train-loss early stop), C=2, T=277, batch=4) ...
    stage 3/3: scoring on 228 test series (accuracy + AOPCR) ...
    [mlflow] versioned model 'mstcn_sep_additive' (id=m-2ca01d8c4e9a4e73901af40a6eb409b3) params={'model_size_mb': '3.5347', 'n_model_params': '268051', 'name': 'seanet'}
    [mlflow] logged run 'seanet_ToeSegmentation1'  (train_acc=1.0000 test_acc=0.9518 test_loss=0.1883)
[ 72/129] ToeSegmentation1             DONE  acc=0.9518 loss=0.1883 AOPCR=  0.170 NDCG=  n/a C=  2 T=  277 (28s)  [72 trained / 0 failed so far]
[ 73/129] ToeSegmentation2
    stage 1/3: loading data ...
    stage 2/3: training on 36 series (no val (train-loss early stop), C=2, T=343, batch=3) ...
    stage 3/3: scoring on 130 test series (accuracy + AOPCR) ...
    [mlflow] versioned model 'mstcn_sep_additive' (id=m-ffda0908528a47f68e62d22de472e706) params={'model_size_mb': '3.5347', 'n_model_params': '268051', 'name': 'seanet'}
    [mlflow] logged run 'seanet_ToeSegmentation2'  (train_acc=1.0000 test_acc=0.9385 test_loss=0.2190)
[ 73/129] ToeSegmentation2             DONE  acc=0.9385 loss=0.2190 AOPCR=  0.120 NDCG=  n/a C=  2 T=  343 (17s)  [73 trained / 0 failed so far]
[ 74/129] Trace
    stage 1/3: loading data ...
    stage 2/3: training on 81 series (val=19, C=4, T=275, batch=8) ...
    stage 3/3: scoring on 100 test series (accuracy + AOPCR) ...
    [mlflow] versioned model 'mstcn_sep_additive' (id=m-6369013df30948b7b39876d05bf0d368) params={'model_size_mb': '3.5356', 'n_model_params': '268309', 'name': 'seanet'}
    [mlflow] logged run 'seanet_Trace'  (train_acc=1.0000 val_acc=1.0000 test_acc=1.0000 test_loss=0.0968)
[ 74/129] Trace                        DONE  acc=1.0000 loss=0.0968 AOPCR=  0.871 NDCG=  n/a C=  4 T=  275 (31s)  [74 trained / 0 failed so far]
[ 75/129] TwoLeadECG
    stage 1/3: loading data ...
    stage 2/3: training on 23 series (no val (train-loss early stop), C=2, T=82, batch=2) ...
    stage 3/3: scoring on 1139 test series (accuracy + AOPCR) ...
    [mlflow] versioned model 'mstcn_sep_additive' (id=m-9fe3fe7e6bb44ebfbd7cfb0312d13ec3) params={'model_size_mb': '3.5347', 'n_model_params': '268051', 'name': 'seanet'}
    [mlflow] logged run 'seanet_TwoLeadECG'  (train_acc=1.0000 test_acc=0.9974 test_loss=0.0857)
[ 75/129] TwoLeadECG                   DONE  acc=0.9974 loss=0.0857 AOPCR=  0.044 NDCG=  n/a C=  2 T=   82 (30s)  [75 trained / 0 failed so far]
[ 76/129] TwoPatterns
    stage 1/3: loading data ...
    stage 2/3: training on 801 series (val=199, C=4, T=128, batch=16) ...
    stage 3/3: scoring on 4000 test series (accuracy + AOPCR) ...
    [mlflow] versioned model 'mstcn_sep_additive' (id=m-a0a8d7a3fe284336937854b95e7b9192) params={'model_size_mb': '3.5356', 'n_model_params': '268309', 'name': 'seanet'}
    [mlflow] logged run 'seanet_TwoPatterns'  (train_acc=1.0000 val_acc=1.0000 test_acc=1.0000 test_loss=0.0978)
[ 76/129] TwoPatterns                  DONE  acc=1.0000 loss=0.0978 AOPCR=  1.225 NDCG=  n/a C=  4 T=  128 (121s)  [76 trained / 0 failed so far]
[ 77/129] UWaveGestureLibraryAll
    stage 1/3: loading data ...
    stage 2/3: training on 719 series (val=177, C=8, T=945, batch=16) ...
    stage 3/3: scoring on 3582 test series (accuracy + AOPCR) ...
    [mlflow] versioned model 'mstcn_sep_additive' (id=m-2d4fec316af24f8395c826f920ea920f) params={'model_size_mb': '3.5376', 'n_model_params': '268825', 'name': 'seanet'}
    [mlflow] logged run 'seanet_UWaveGestureLibraryAll'  (train_acc=1.0000 val_acc=0.9831 test_acc=0.9791 test_loss=0.1823)
[ 77/129] UWaveGestureLibraryAll       DONE  acc=0.9791 loss=0.1823 AOPCR=  0.114 NDCG=  n/a C=  8 T=  945 (322s)  [77 trained / 0 failed so far]
[ 78/129] UWaveGestureLibraryX
    stage 1/3: loading data ...
    stage 2/3: training on 719 series (val=177, C=8, T=315, batch=16) ...
    stage 3/3: scoring on 3582 test series (accuracy + AOPCR) ...
    [mlflow] versioned model 'mstcn_sep_additive' (id=m-3d2b1bb1d2e148ab8bdcd167f9edcfd3) params={'model_size_mb': '3.5376', 'n_model_params': '268825', 'name': 'seanet'}
    [mlflow] logged run 'seanet_UWaveGestureLibraryX'  (train_acc=0.9611 val_acc=0.8588 test_acc=0.8054 test_loss=0.6114)
[ 78/129] UWaveGestureLibraryX         DONE  acc=0.8054 loss=0.6114 AOPCR=  0.579 NDCG=  n/a C=  8 T=  315 (40s)  [78 trained / 0 failed so far]
[ 79/129] UWaveGestureLibraryY
    stage 1/3: loading data ...
    stage 2/3: training on 719 series (val=177, C=8, T=315, batch=16) ...
    stage 3/3: scoring on 3582 test series (accuracy + AOPCR) ...
    [mlflow] versioned model 'mstcn_sep_additive' (id=m-cbd1eaf90287477eb1bebdcd9a67a8f5) params={'model_size_mb': '3.5376', 'n_model_params': '268825', 'name': 'seanet'}
    [mlflow] logged run 'seanet_UWaveGestureLibraryY'  (train_acc=0.8943 val_acc=0.7119 test_acc=0.7337 test_loss=0.7804)
[ 79/129] UWaveGestureLibraryY         DONE  acc=0.7337 loss=0.7804 AOPCR=  0.534 NDCG=  n/a C=  8 T=  315 (37s)  [79 trained / 0 failed so far]
[ 80/129] UWaveGestureLibraryZ
    stage 1/3: loading data ...
    stage 2/3: training on 719 series (val=177, C=8, T=315, batch=16) ...
    stage 3/3: scoring on 3582 test series (accuracy + AOPCR) ...
    [mlflow] versioned model 'mstcn_sep_additive' (id=m-0c83bbfe3bb341caaa0c9a43b90f4e91) params={'model_size_mb': '3.5376', 'n_model_params': '268825', 'name': 'seanet'}
    [mlflow] logged run 'seanet_UWaveGestureLibraryZ'  (train_acc=0.8873 val_acc=0.7458 test_acc=0.7669 test_loss=0.6832)
[ 80/129] UWaveGestureLibraryZ         DONE  acc=0.7669 loss=0.6832 AOPCR=  0.788 NDCG=  n/a C=  8 T=  315 (38s)  [80 trained / 0 failed so far]
[ 81/129] Wafer
    stage 1/3: loading data ...
    stage 2/3: training on 801 series (val=199, C=2, T=152, batch=16) ...
    stage 3/3: scoring on 6164 test series (accuracy + AOPCR) ...
    [mlflow] versioned model 'mstcn_sep_additive' (id=m-ea41fa02c351445285463a4cadf0de03) params={'model_size_mb': '3.5347', 'n_model_params': '268051', 'name': 'seanet'}
    [mlflow] logged run 'seanet_Wafer'  (train_acc=1.0000 val_acc=1.0000 test_acc=0.9979 test_loss=0.0698)
[ 81/129] Wafer                        DONE  acc=0.9979 loss=0.0698 AOPCR= -0.203 NDCG=  n/a C=  2 T=  152 (167s)  [81 trained / 0 failed so far]
[ 82/129] Wine
    stage 1/3: loading data ...
    stage 2/3: training on 57 series (no val (train-loss early stop), C=2, T=234, batch=5) ...
    stage 3/3: scoring on 54 test series (accuracy + AOPCR) ...
    [mlflow] versioned model 'mstcn_sep_additive' (id=m-01a42fdbf33e42f5bc017bab7ca23e1c) params={'model_size_mb': '3.5347', 'n_model_params': '268051', 'name': 'seanet'}
    [mlflow] logged run 'seanet_Wine'  (train_acc=0.7368 test_acc=0.8704 test_loss=0.5031)
[ 82/129] Wine                         DONE  acc=0.8704 loss=0.5031 AOPCR=  0.436 NDCG=  n/a C=  2 T=  234 (38s)  [82 trained / 0 failed so far]
[ 83/129] WordSynonyms
    stage 1/3: loading data ...
    stage 2/3: training on 217 series (val=50, C=25, T=270, batch=16) ...
    stage 3/3: scoring on 638 test series (accuracy + AOPCR) ...
    [mlflow] versioned model 'mstcn_sep_additive' (id=m-b1be8c10062e4e0f808f2d2276caf71f) params={'model_size_mb': '3.546', 'n_model_params': '271018', 'name': 'seanet'}
    [mlflow] logged run 'seanet_WordSynonyms'  (train_acc=1.0000 val_acc=0.8200 test_acc=0.7429 test_loss=1.0914)
[ 83/129] WordSynonyms                 DONE  acc=0.7429 loss=1.0914 AOPCR=  0.734 NDCG=  n/a C= 25 T=  270 (23s)  [83 trained / 0 failed so far]
[ 84/129] Worms
    stage 1/3: loading data ...
    stage 2/3: training on 146 series (val=35, C=5, T=900, batch=14) ...
    stage 3/3: scoring on 77 test series (accuracy + AOPCR) ...
    [mlflow] versioned model 'mstcn_sep_additive' (id=m-11e76046431e48c4a34a948034d3aa05) params={'model_size_mb': '3.5361', 'n_model_params': '268438', 'name': 'seanet'}
    [mlflow] logged run 'seanet_Worms'  (train_acc=0.8630 val_acc=0.7143 test_acc=0.5844 test_loss=0.8988)
[ 84/129] Worms                        DONE  acc=0.5844 loss=0.8988 AOPCR=  0.872 NDCG=  n/a C=  5 T=  900 (14s)  [84 trained / 0 failed so far]
[ 85/129] WormsTwoClass
    stage 1/3: loading data ...
    stage 2/3: training on 145 series (val=36, C=2, T=900, batch=14) ...
    stage 3/3: scoring on 77 test series (accuracy + AOPCR) ...
    [mlflow] versioned model 'mstcn_sep_additive' (id=m-6a7b1a997432464a9ddae797edf5cf1b) params={'model_size_mb': '3.5347', 'n_model_params': '268051', 'name': 'seanet'}
    [mlflow] logged run 'seanet_WormsTwoClass'  (train_acc=1.0000 val_acc=0.8056 test_acc=0.6494 test_loss=0.7073)
[ 85/129] WormsTwoClass                DONE  acc=0.6494 loss=0.7073 AOPCR=  0.936 NDCG=  n/a C=  2 T=  900 (17s)  [85 trained / 0 failed so far]
[ 86/129] Yoga
    stage 1/3: loading data ...
    stage 2/3: training on 241 series (val=59, C=2, T=426, batch=16) ...
    stage 3/3: scoring on 3000 test series (accuracy + AOPCR) ...
    [mlflow] versioned model 'mstcn_sep_additive' (id=m-41338f9bc6b740e4af5c249533c79994) params={'model_size_mb': '3.5347', 'n_model_params': '268051', 'name': 'seanet'}
    [mlflow] logged run 'seanet_Yoga'  (train_acc=1.0000 val_acc=0.9492 test_acc=0.9057 test_loss=0.2314)
[ 86/129] Yoga                         DONE  acc=0.9057 loss=0.2314 AOPCR=  0.704 NDCG=  n/a C=  2 T=  426 (39s)  [86 trained / 0 failed so far]
[ 87/129] ACSF1
    stage 1/3: loading data ...
    stage 2/3: training on 80 series (val=20, C=10, T=1460, batch=8) ...
    stage 3/3: scoring on 100 test series (accuracy + AOPCR) ...
    [mlflow] versioned model 'mstcn_sep_additive' (id=m-ce4786025c1c423f837f9bfe9dc28926) params={'model_size_mb': '3.5386', 'n_model_params': '269083', 'name': 'seanet'}
    [mlflow] logged run 'seanet_ACSF1'  (train_acc=0.9500 val_acc=0.7000 test_acc=0.7600 test_loss=0.7085)
[ 87/129] ACSF1                        DONE  acc=0.7600 loss=0.7085 AOPCR= -0.210 NDCG=  n/a C= 10 T= 1460 (29s)  [87 trained / 0 failed so far]
[ 88/129] AllGestureWiimoteX
    stage 1/3: loading data ...
    stage 2/3: training on 240 series (val=60, C=10, T=500, batch=16) ...
    stage 3/3: scoring on 700 test series (accuracy + AOPCR) ...
    [mlflow] versioned model 'mstcn_sep_additive' (id=m-610b52930fd54c7291d85c94071d1a27) params={'model_size_mb': '3.5386', 'n_model_params': '269083', 'name': 'seanet'}
    [mlflow] logged run 'seanet_AllGestureWiimoteX'  (train_acc=1.0000 val_acc=0.8500 test_acc=0.7800 test_loss=0.8017)
[ 88/129] AllGestureWiimoteX           DONE  acc=0.7800 loss=0.8017 AOPCR=  1.731 NDCG=  n/a C= 10 T=  500 (45s)  [88 trained / 0 failed so far]
[ 89/129] AllGestureWiimoteY
    stage 1/3: loading data ...
    stage 2/3: training on 240 series (val=60, C=10, T=500, batch=16) ...
    stage 3/3: scoring on 700 test series (accuracy + AOPCR) ...
    [mlflow] versioned model 'mstcn_sep_additive' (id=m-f049cb3d1ea04784aba521a6409bae71) params={'model_size_mb': '3.5386', 'n_model_params': '269083', 'name': 'seanet'}
    [mlflow] logged run 'seanet_AllGestureWiimoteY'  (train_acc=1.0000 val_acc=0.8000 test_acc=0.7943 test_loss=0.7414)
[ 89/129] AllGestureWiimoteY           DONE  acc=0.7943 loss=0.7414 AOPCR=  1.811 NDCG=  n/a C= 10 T=  500 (33s)  [89 trained / 0 failed so far]
[ 90/129] AllGestureWiimoteZ
    stage 1/3: loading data ...
    stage 2/3: training on 240 series (val=60, C=10, T=500, batch=16) ...
    stage 3/3: scoring on 700 test series (accuracy + AOPCR) ...
    [mlflow] versioned model 'mstcn_sep_additive' (id=m-20687dca81ac405ca1041f1fcf93f168) params={'model_size_mb': '3.5386', 'n_model_params': '269083', 'name': 'seanet'}
    [mlflow] logged run 'seanet_AllGestureWiimoteZ'  (train_acc=1.0000 val_acc=0.7333 test_acc=0.7243 test_loss=0.9238)
[ 90/129] AllGestureWiimoteZ           DONE  acc=0.7243 loss=0.9238 AOPCR=  1.540 NDCG=  n/a C= 10 T=  500 (25s)  [90 trained / 0 failed so far]
[ 91/129] BME
    stage 1/3: loading data ...
    stage 2/3: training on 30 series (no val (train-loss early stop), C=3, T=128, batch=3) ...
    stage 3/3: scoring on 150 test series (accuracy + AOPCR) ...
    [mlflow] versioned model 'mstcn_sep_additive' (id=m-ec0af9891104428e91bf12cc4668dca7) params={'model_size_mb': '3.5351', 'n_model_params': '268180', 'name': 'seanet'}
    [mlflow] logged run 'seanet_BME'  (train_acc=1.0000 test_acc=1.0000 test_loss=0.0988)
[ 91/129] BME                          DONE  acc=1.0000 loss=0.0988 AOPCR=  0.118 NDCG=  n/a C=  3 T=  128 (22s)  [91 trained / 0 failed so far]
[ 92/129] Chinatown
    stage 1/3: loading data ...
    stage 2/3: training on 20 series (no val (train-loss early stop), C=2, T=24, batch=2) ...
    stage 3/3: scoring on 343 test series (accuracy + AOPCR) ...
    [mlflow] versioned model 'mstcn_sep_additive' (id=m-99c771cd4d8045f1b4566b85eb5424a2) params={'model_size_mb': '3.5347', 'n_model_params': '268051', 'name': 'seanet'}
    [mlflow] logged run 'seanet_Chinatown'  (train_acc=1.0000 test_acc=0.9796 test_loss=0.1103)
[ 92/129] Chinatown                    DONE  acc=0.9796 loss=0.1103 AOPCR= -0.184 NDCG=  n/a C=  2 T=   24 (33s)  [92 trained / 0 failed so far]
[ 93/129] Crop
    stage 1/3: loading data ...
    stage 2/3: training on 5760 series (val=1440, C=24, T=46, batch=16) ...
    stage 3/3: scoring on 16800 test series (accuracy + AOPCR) ...
    [mlflow] versioned model 'mstcn_sep_additive' (id=m-177a3ba209cb48b4a5ff9b7e1f754910) params={'model_size_mb': '3.5455', 'n_model_params': '270889', 'name': 'seanet'}
    [mlflow] logged run 'seanet_Crop'  (train_acc=0.8302 val_acc=0.7174 test_acc=0.7186 test_loss=0.9148)
[ 93/129] Crop                         DONE  acc=0.7186 loss=0.9148 AOPCR=  0.107 NDCG=  n/a C= 24 T=   46 (337s)  [93 trained / 0 failed so far]
[ 94/129] DodgerLoopDay
    stage 1/3: loading data ...
    stage 2/3: training on 78 series (no val (train-loss early stop), C=7, T=288, batch=7) ...
    stage 3/3: scoring on 80 test series (accuracy + AOPCR) ...
    [mlflow] versioned model 'mstcn_sep_additive' (id=m-d20112ca087e4a78b2f40cf9059b98bd) params={'model_size_mb': '3.5371', 'n_model_params': '268696', 'name': 'seanet'}
    [mlflow] logged run 'seanet_DodgerLoopDay'  (train_acc=1.0000 test_acc=0.5750 test_loss=1.2265)
[ 94/129] DodgerLoopDay                DONE  acc=0.5750 loss=1.2265 AOPCR=  0.508 NDCG=  n/a C=  7 T=  288 (59s)  [94 trained / 0 failed so far]
[ 95/129] DodgerLoopGame
    stage 1/3: loading data ...
    stage 2/3: training on 20 series (no val (train-loss early stop), C=2, T=288, batch=2) ...
    stage 3/3: scoring on 138 test series (accuracy + AOPCR) ...
    [mlflow] versioned model 'mstcn_sep_additive' (id=m-4d5c8f4610ba486b977da26eaf56a71a) params={'model_size_mb': '3.5347', 'n_model_params': '268051', 'name': 'seanet'}
    [mlflow] logged run 'seanet_DodgerLoopGame'  (train_acc=1.0000 test_acc=0.9493 test_loss=0.1811)
[ 95/129] DodgerLoopGame               DONE  acc=0.9493 loss=0.1811 AOPCR=  0.567 NDCG=  n/a C=  2 T=  288 (23s)  [95 trained / 0 failed so far]
[ 96/129] DodgerLoopWeekend
    stage 1/3: loading data ...
    stage 2/3: training on 20 series (no val (train-loss early stop), C=2, T=288, batch=2) ...
    stage 3/3: scoring on 138 test series (accuracy + AOPCR) ...
    [mlflow] versioned model 'mstcn_sep_additive' (id=m-050118359d484caba6257033c0199432) params={'model_size_mb': '3.5347', 'n_model_params': '268051', 'name': 'seanet'}
    [mlflow] logged run 'seanet_DodgerLoopWeekend'  (train_acc=1.0000 test_acc=0.9638 test_loss=0.1372)
[ 96/129] DodgerLoopWeekend            DONE  acc=0.9638 loss=0.1372 AOPCR=  0.786 NDCG=  n/a C=  2 T=  288 (22s)  [96 trained / 0 failed so far]
[ 97/129] EOGHorizontalSignal
    stage 1/3: loading data ...
    stage 2/3: training on 290 series (val=72, C=12, T=1250, batch=16) ...
    stage 3/3: scoring on 362 test series (accuracy + AOPCR) ...
    [mlflow] versioned model 'mstcn_sep_additive' (id=m-c1ada5a899cf40bfa281b85e8894caf0) params={'model_size_mb': '3.5395', 'n_model_params': '269341', 'name': 'seanet'}
    [mlflow] logged run 'seanet_EOGHorizontalSignal'  (train_acc=0.9966 val_acc=0.8889 test_acc=0.5691 test_loss=1.5831)
[ 97/129] EOGHorizontalSignal          DONE  acc=0.5691 loss=1.5831 AOPCR=  1.647 NDCG=  n/a C= 12 T= 1250 (107s)  [97 trained / 0 failed so far]
[ 98/129] EOGVerticalSignal
    stage 1/3: loading data ...
    stage 2/3: training on 290 series (val=72, C=12, T=1250, batch=16) ...
    stage 3/3: scoring on 362 test series (accuracy + AOPCR) ...
    [mlflow] versioned model 'mstcn_sep_additive' (id=m-7a13c6ca8d2442cfb7bf8d5bd11c1cd5) params={'model_size_mb': '3.5395', 'n_model_params': '269341', 'name': 'seanet'}
    [mlflow] logged run 'seanet_EOGVerticalSignal'  (train_acc=0.9828 val_acc=0.8333 test_acc=0.4586 test_loss=1.8701)
[ 98/129] EOGVerticalSignal            DONE  acc=0.4586 loss=1.8701 AOPCR=  1.890 NDCG=  n/a C= 12 T= 1250 (68s)  [98 trained / 0 failed so far]
[ 99/129] EthanolLevel
    stage 1/3: loading data ...
    stage 2/3: training on 404 series (val=100, C=4, T=1751, batch=16) ...
    stage 3/3: scoring on 500 test series (accuracy + AOPCR) ...
    [mlflow] versioned model 'mstcn_sep_additive' (id=m-9ef3df0f7e0e41798c43a88ad1e001d2) params={'model_size_mb': '3.5356', 'n_model_params': '268309', 'name': 'seanet'}
    [mlflow] logged run 'seanet_EthanolLevel'  (train_acc=0.9208 val_acc=0.8700 test_acc=0.8380 test_loss=0.4386)
[ 99/129] EthanolLevel                 DONE  acc=0.8380 loss=0.4386 AOPCR=  1.068 NDCG=  n/a C=  4 T= 1751 (205s)  [99 trained / 0 failed so far]
[100/129] FreezerRegularTrain
    stage 1/3: loading data ...
    stage 2/3: training on 120 series (val=30, C=2, T=301, batch=12) ...
    stage 3/3: scoring on 2850 test series (accuracy + AOPCR) ...
    [mlflow] versioned model 'mstcn_sep_additive' (id=m-570a82cf371b4e51928ef2b1299730b5) params={'model_size_mb': '3.5347', 'n_model_params': '268051', 'name': 'seanet'}
    [mlflow] logged run 'seanet_FreezerRegularTrain'  (train_acc=1.0000 val_acc=1.0000 test_acc=0.9954 test_loss=0.0725)
[100/129] FreezerRegularTrain          DONE  acc=0.9954 loss=0.0725 AOPCR=  0.866 NDCG=  n/a C=  2 T=  301 (13s)  [100 trained / 0 failed so far]
[101/129] FreezerSmallTrain
    stage 1/3: loading data ...
    stage 2/3: training on 28 series (no val (train-loss early stop), C=2, T=301, batch=2) ...
    stage 3/3: scoring on 2850 test series (accuracy + AOPCR) ...
    [mlflow] versioned model 'mstcn_sep_additive' (id=m-853bd91e912243c1955c52aabd57815b) params={'model_size_mb': '3.5347', 'n_model_params': '268051', 'name': 'seanet'}
    [mlflow] logged run 'seanet_FreezerSmallTrain'  (train_acc=1.0000 test_acc=0.7758 test_loss=0.3983)
[101/129] FreezerSmallTrain            DONE  acc=0.7758 loss=0.3983 AOPCR=  0.360 NDCG=  n/a C=  2 T=  301 (27s)  [101 trained / 0 failed so far]
[102/129] Fungi
    stage 1/3: loading data ...
    stage 2/3: training on 18 series (no val (train-loss early stop), C=18, T=201, batch=2) ...
    stage 3/3: scoring on 186 test series (accuracy + AOPCR) ...
    [mlflow] versioned model 'mstcn_sep_additive' (id=m-20d729156bf246bd9c9501e21d07ae6b) params={'model_size_mb': '3.5425', 'n_model_params': '270115', 'name': 'seanet'}
    [mlflow] logged run 'seanet_Fungi'  (train_acc=0.9444 test_acc=0.9516 test_loss=0.2053)
[102/129] Fungi                        DONE  acc=0.9516 loss=0.2053 AOPCR=  1.228 NDCG=  n/a C= 18 T=  201 (12s)  [102 trained / 0 failed so far]
[103/129] GestureMidAirD1
    stage 1/3: loading data ...
    stage 2/3: training on 182 series (val=26, C=26, T=360, batch=16) ...
    stage 3/3: scoring on 130 test series (accuracy + AOPCR) ...
    [mlflow] versioned model 'mstcn_sep_additive' (id=m-6c8e0a761c4d40a4b00ba8d5817637d9) params={'model_size_mb': '3.5464', 'n_model_params': '271147', 'name': 'seanet'}
    [mlflow] logged run 'seanet_GestureMidAirD1'  (train_acc=0.8681 val_acc=0.6538 test_acc=0.6538 test_loss=1.0222)
[103/129] GestureMidAirD1              DONE  acc=0.6538 loss=1.0222 AOPCR=  1.504 NDCG=  n/a C= 26 T=  360 (10s)  [103 trained / 0 failed so far]
[104/129] GestureMidAirD2
    stage 1/3: loading data ...
    stage 2/3: training on 182 series (val=26, C=26, T=360, batch=16) ...
    stage 3/3: scoring on 130 test series (accuracy + AOPCR) ...
    [mlflow] versioned model 'mstcn_sep_additive' (id=m-9c6b999a6cac47faa312bf3960b3b7a2) params={'model_size_mb': '3.5464', 'n_model_params': '271147', 'name': 'seanet'}
    [mlflow] logged run 'seanet_GestureMidAirD2'  (train_acc=0.8626 val_acc=0.6154 test_acc=0.6462 test_loss=1.0387)
[104/129] GestureMidAirD2              DONE  acc=0.6462 loss=1.0387 AOPCR=  1.401 NDCG=  n/a C= 26 T=  360 (13s)  [104 trained / 0 failed so far]
[105/129] GestureMidAirD3
    stage 1/3: loading data ...
    stage 2/3: training on 182 series (val=26, C=26, T=360, batch=16) ...
    stage 3/3: scoring on 130 test series (accuracy + AOPCR) ...
    [mlflow] versioned model 'mstcn_sep_additive' (id=m-e06843e398f2485fb9988a2a5c3f6cf6) params={'model_size_mb': '3.5464', 'n_model_params': '271147', 'name': 'seanet'}
    [mlflow] logged run 'seanet_GestureMidAirD3'  (train_acc=0.6978 val_acc=0.5000 test_acc=0.3846 test_loss=1.9232)
[105/129] GestureMidAirD3              DONE  acc=0.3846 loss=1.9232 AOPCR=  1.390 NDCG=  n/a C= 26 T=  360 (10s)  [105 trained / 0 failed so far]
[106/129] GesturePebbleZ1
    stage 1/3: loading data ...
    stage 2/3: training on 107 series (val=25, C=6, T=455, batch=10) ...
    stage 3/3: scoring on 172 test series (accuracy + AOPCR) ...
    [mlflow] versioned model 'mstcn_sep_additive' (id=m-5fad9cc40f4542e8b4225cfa4f8e1f83) params={'model_size_mb': '3.5366', 'n_model_params': '268567', 'name': 'seanet'}
    [mlflow] logged run 'seanet_GesturePebbleZ1'  (train_acc=1.0000 val_acc=1.0000 test_acc=0.9244 test_loss=0.2901)
[106/129] GesturePebbleZ1              DONE  acc=0.9244 loss=0.2901 AOPCR=  1.314 NDCG=  n/a C=  6 T=  455 (29s)  [106 trained / 0 failed so far]
[107/129] GesturePebbleZ2
    stage 1/3: loading data ...
    stage 2/3: training on 120 series (val=26, C=6, T=455, batch=12) ...
    stage 3/3: scoring on 158 test series (accuracy + AOPCR) ...
    [mlflow] versioned model 'mstcn_sep_additive' (id=m-ded8a937a8454d78852e93b53a65ee79) params={'model_size_mb': '3.5366', 'n_model_params': '268567', 'name': 'seanet'}
    [mlflow] logged run 'seanet_GesturePebbleZ2'  (train_acc=1.0000 val_acc=1.0000 test_acc=0.9177 test_loss=0.3398)
[107/129] GesturePebbleZ2              DONE  acc=0.9177 loss=0.3398 AOPCR=  1.768 NDCG=  n/a C=  6 T=  455 (20s)  [107 trained / 0 failed so far]
[108/129] GunPointAgeSpan
    stage 1/3: loading data ...
    stage 2/3: training on 109 series (val=26, C=2, T=150, batch=10) ...
    stage 3/3: scoring on 316 test series (accuracy + AOPCR) ...
    [mlflow] versioned model 'mstcn_sep_additive' (id=m-3040ba4c1bbb418f884ab63e491c3087) params={'model_size_mb': '3.5347', 'n_model_params': '268051', 'name': 'seanet'}
    [mlflow] logged run 'seanet_GunPointAgeSpan'  (train_acc=1.0000 val_acc=1.0000 test_acc=0.9842 test_loss=0.0951)
[108/129] GunPointAgeSpan              DONE  acc=0.9842 loss=0.0951 AOPCR=  0.449 NDCG=  n/a C=  2 T=  150 (14s)  [108 trained / 0 failed so far]
[109/129] GunPointMaleVersusFemale
    stage 1/3: loading data ...
    stage 2/3: training on 109 series (val=26, C=2, T=150, batch=10) ...
    stage 3/3: scoring on 316 test series (accuracy + AOPCR) ...
    [mlflow] versioned model 'mstcn_sep_additive' (id=m-139173dfc40b4df7b9127d9b00fe4387) params={'model_size_mb': '3.5347', 'n_model_params': '268051', 'name': 'seanet'}
    [mlflow] logged run 'seanet_GunPointMaleVersusFemale'  (train_acc=1.0000 val_acc=1.0000 test_acc=0.9905 test_loss=0.0879)
[109/129] GunPointMaleVersusFemale     DONE  acc=0.9905 loss=0.0879 AOPCR=  0.302 NDCG=  n/a C=  2 T=  150 (21s)  [109 trained / 0 failed so far]
[110/129] GunPointOldVersusYoung
    stage 1/3: loading data ...
    stage 2/3: training on 109 series (val=27, C=2, T=150, batch=10) ...
    stage 3/3: scoring on 315 test series (accuracy + AOPCR) ...
    [mlflow] versioned model 'mstcn_sep_additive' (id=m-9916a7efe6c14e358d327c5521254bee) params={'model_size_mb': '3.5347', 'n_model_params': '268051', 'name': 'seanet'}
    [mlflow] logged run 'seanet_GunPointOldVersusYoung'  (train_acc=1.0000 val_acc=1.0000 test_acc=0.9778 test_loss=0.1088)
[110/129] GunPointOldVersusYoung       DONE  acc=0.9778 loss=0.1088 AOPCR=  0.511 NDCG=  n/a C=  2 T=  150 (16s)  [110 trained / 0 failed so far]
[111/129] HouseTwenty
    stage 1/3: loading data ...
    stage 2/3: training on 40 series (no val (train-loss early stop), C=2, T=2000, batch=4) ...
    stage 3/3: scoring on 119 test series (accuracy + AOPCR) ...
    [mlflow] versioned model 'mstcn_sep_additive' (id=m-ede2f69c918942a58eb1fb9f62b19429) params={'model_size_mb': '3.5347', 'n_model_params': '268051', 'name': 'seanet'}
    [mlflow] logged run 'seanet_HouseTwenty'  (train_acc=1.0000 test_acc=0.9832 test_loss=0.1305)
[111/129] HouseTwenty                  DONE  acc=0.9832 loss=0.1305 AOPCR=  0.794 NDCG=  n/a C=  2 T= 2000 (25s)  [111 trained / 0 failed so far]
[112/129] InsectEPGRegularTrain
    stage 1/3: loading data ...
    stage 2/3: training on 62 series (no val (train-loss early stop), C=3, T=601, batch=6) ...
    stage 3/3: scoring on 249 test series (accuracy + AOPCR) ...
    [mlflow] versioned model 'mstcn_sep_additive' (id=m-ff2f1c0ce40642eba3d7ada5b014c9ef) params={'model_size_mb': '3.5351', 'n_model_params': '268180', 'name': 'seanet'}
    [mlflow] logged run 'seanet_InsectEPGRegularTrain'  (train_acc=1.0000 test_acc=0.9759 test_loss=0.1510)
[112/129] InsectEPGRegularTrain        DONE  acc=0.9759 loss=0.1510 AOPCR=  0.823 NDCG=  n/a C=  3 T=  601 (42s)  [112 trained / 0 failed so far]
[113/129] InsectEPGSmallTrain
    stage 1/3: loading data ...
    stage 2/3: training on 17 series (no val (train-loss early stop), C=3, T=601, batch=2) ...
    stage 3/3: scoring on 249 test series (accuracy + AOPCR) ...
    [mlflow] versioned model 'mstcn_sep_additive' (id=m-67d404942d7d4eb4b0cf6204b0328b4d) params={'model_size_mb': '3.5351', 'n_model_params': '268180', 'name': 'seanet'}
    [mlflow] logged run 'seanet_InsectEPGSmallTrain'  (train_acc=1.0000 test_acc=0.9116 test_loss=0.2722)
[113/129] InsectEPGSmallTrain          DONE  acc=0.9116 loss=0.2722 AOPCR=  0.679 NDCG=  n/a C=  3 T=  601 (15s)  [113 trained / 0 failed so far]
[114/129] MelbournePedestrian
    stage 1/3: loading data ...
    stage 2/3: training on 956 series (val=238, C=10, T=24, batch=16) ...
    stage 3/3: scoring on 2439 test series (accuracy + AOPCR) ...
    [mlflow] versioned model 'mstcn_sep_additive' (id=m-bf61e0dd4d02423aabd30fffe8c3edaf) params={'model_size_mb': '3.5386', 'n_model_params': '269083', 'name': 'seanet'}
    [mlflow] logged run 'seanet_MelbournePedestrian'  (train_acc=1.0000 val_acc=0.9328 test_acc=0.9077 test_loss=0.3548)
[114/129] MelbournePedestrian          DONE  acc=0.9077 loss=0.3548 AOPCR= -0.191 NDCG=  n/a C= 10 T=   24 (151s)  [114 trained / 0 failed so far]
[115/129] MixedShapesRegularTrain
    stage 1/3: loading data ...
    stage 2/3: training on 400 series (val=100, C=5, T=1024, batch=16) ...
    stage 3/3: scoring on 2425 test series (accuracy + AOPCR) ...
    [mlflow] versioned model 'mstcn_sep_additive' (id=m-bb6f0afc69bf4afaad7ea770d1f8a0c1) params={'model_size_mb': '3.5361', 'n_model_params': '268438', 'name': 'seanet'}
    [mlflow] logged run 'seanet_MixedShapesRegularTrain'  (train_acc=1.0000 val_acc=0.9700 test_acc=0.9691 test_loss=0.2025)
[115/129] MixedShapesRegularTrain      DONE  acc=0.9691 loss=0.2025 AOPCR=  0.253 NDCG=  n/a C=  5 T= 1024 (93s)  [115 trained / 0 failed so far]
[116/129] MixedShapesSmallTrain
    stage 1/3: loading data ...
    stage 2/3: training on 80 series (val=20, C=5, T=1024, batch=8) ...
    stage 3/3: scoring on 2425 test series (accuracy + AOPCR) ...
    [mlflow] versioned model 'mstcn_sep_additive' (id=m-b1efc089516d43f3ac20e361f58b3fc0) params={'model_size_mb': '3.5361', 'n_model_params': '268438', 'name': 'seanet'}
    [mlflow] logged run 'seanet_MixedShapesSmallTrain'  (train_acc=1.0000 val_acc=1.0000 test_acc=0.9068 test_loss=0.3404)
[116/129] MixedShapesSmallTrain        DONE  acc=0.9068 loss=0.3404 AOPCR=  0.559 NDCG=  n/a C=  5 T= 1024 (21s)  [116 trained / 0 failed so far]
[117/129] PLAID
    stage 1/3: loading data ...
    stage 2/3: training on 436 series (val=101, C=11, T=1344, batch=16) ...
    stage 3/3: scoring on 537 test series (accuracy + AOPCR) ...
    [mlflow] versioned model 'mstcn_sep_additive' (id=m-3adde8ffabb0432faf7469b6b46bc6b0) params={'model_size_mb': '3.5391', 'n_model_params': '269212', 'name': 'seanet'}
    [mlflow] logged run 'seanet_PLAID'  (train_acc=0.9518 val_acc=0.9208 test_acc=0.8752 test_loss=0.4218)
[117/129] PLAID                        DONE  acc=0.8752 loss=0.4218 AOPCR=  1.445 NDCG=  n/a C= 11 T= 1344 (110s)  [117 trained / 0 failed so far]
[118/129] PickupGestureWiimoteZ
    stage 1/3: loading data ...
    stage 2/3: training on 50 series (no val (train-loss early stop), C=10, T=361, batch=5) ...
    stage 3/3: scoring on 50 test series (accuracy + AOPCR) ...
    [mlflow] versioned model 'mstcn_sep_additive' (id=m-06aa97ba97f24021a82b0c8eab2b6cc0) params={'model_size_mb': '3.5386', 'n_model_params': '269083', 'name': 'seanet'}
    [mlflow] logged run 'seanet_PickupGestureWiimoteZ'  (train_acc=1.0000 test_acc=0.8400 test_loss=0.6405)
[118/129] PickupGestureWiimoteZ        DONE  acc=0.8400 loss=0.6405 AOPCR=  1.004 NDCG=  n/a C= 10 T=  361 (36s)  [118 trained / 0 failed so far]
[119/129] PigAirwayPressure
    stage 1/3: loading data ...
    stage 2/3: training on 52 series (val=52, C=52, T=2000, batch=5) ...
    stage 3/3: scoring on 208 test series (accuracy + AOPCR) ...
    [mlflow] versioned model 'mstcn_sep_additive' (id=m-145d7dac834c47508194829851cc4117) params={'model_size_mb': '3.5593', 'n_model_params': '274501', 'name': 'seanet'}
    [mlflow] logged run 'seanet_PigAirwayPressure'  (train_acc=0.0577 val_acc=0.0192 test_acc=0.0433 test_loss=3.9154)
[119/129] PigAirwayPressure            DONE  acc=0.0433 loss=3.9154 AOPCR=  0.153 NDCG=  n/a C= 52 T= 2000 (12s)  [119 trained / 0 failed so far]
[120/129] PigArtPressure
    stage 1/3: loading data ...
    stage 2/3: training on 52 series (val=52, C=52, T=2000, batch=5) ...
    stage 3/3: scoring on 208 test series (accuracy + AOPCR) ...
    [mlflow] versioned model 'mstcn_sep_additive' (id=m-1a17b790599c41d1bcb2a296ca14b5de) params={'model_size_mb': '3.5593', 'n_model_params': '274501', 'name': 'seanet'}
    [mlflow] logged run 'seanet_PigArtPressure'  (train_acc=1.0000 val_acc=0.8654 test_acc=0.9183 test_loss=0.3584)
[120/129] PigArtPressure               DONE  acc=0.9183 loss=0.3584 AOPCR= -0.334 NDCG=  n/a C= 52 T= 2000 (46s)  [120 trained / 0 failed so far]
[121/129] PigCVP
    stage 1/3: loading data ...
    stage 2/3: training on 52 series (val=52, C=52, T=2000, batch=5) ...
    stage 3/3: scoring on 208 test series (accuracy + AOPCR) ...
    [mlflow] versioned model 'mstcn_sep_additive' (id=m-718b68e841554dbc9e69548bd9d37af4) params={'model_size_mb': '3.5593', 'n_model_params': '274501', 'name': 'seanet'}
    [mlflow] logged run 'seanet_PigCVP'  (train_acc=1.0000 val_acc=0.5000 test_acc=0.6058 test_loss=1.8526)
[121/129] PigCVP                       DONE  acc=0.6058 loss=1.8526 AOPCR=  0.931 NDCG=  n/a C= 52 T= 2000 (42s)  [121 trained / 0 failed so far]
[122/129] PowerCons
    stage 1/3: loading data ...
    stage 2/3: training on 144 series (val=36, C=2, T=144, batch=14) ...
    stage 3/3: scoring on 180 test series (accuracy + AOPCR) ...
    [mlflow] versioned model 'mstcn_sep_additive' (id=m-8a1910b680584fa99737c012a17c1e09) params={'model_size_mb': '3.5347', 'n_model_params': '268051', 'name': 'seanet'}
    [mlflow] logged run 'seanet_PowerCons'  (train_acc=1.0000 val_acc=1.0000 test_acc=0.9722 test_loss=0.1264)
[122/129] PowerCons                    DONE  acc=0.9722 loss=0.1264 AOPCR=  0.437 NDCG=  n/a C=  2 T=  144 (19s)  [122 trained / 0 failed so far]
[123/129] Rock
    stage 1/3: loading data ...
    stage 2/3: training on 20 series (no val (train-loss early stop), C=4, T=2844, batch=2) ...
    stage 3/3: scoring on 50 test series (accuracy + AOPCR) ...
    [mlflow] versioned model 'mstcn_sep_additive' (id=m-3a805596e8d14e8e89b4d853decb1efa) params={'model_size_mb': '3.5356', 'n_model_params': '268309', 'name': 'seanet'}
    [mlflow] logged run 'seanet_Rock'  (train_acc=1.0000 test_acc=0.8400 test_loss=0.6143)
[123/129] Rock                         DONE  acc=0.8400 loss=0.6143 AOPCR=  1.298 NDCG=  n/a C=  4 T= 2844 (24s)  [123 trained / 0 failed so far]
[124/129] SemgHandGenderCh2
    stage 1/3: loading data ...
    stage 2/3: training on 240 series (val=60, C=2, T=1500, batch=16) ...
    stage 3/3: scoring on 600 test series (accuracy + AOPCR) ...
    [mlflow] versioned model 'mstcn_sep_additive' (id=m-2eb8cb74f9314741a6444d30a9036aa0) params={'model_size_mb': '3.5347', 'n_model_params': '268051', 'name': 'seanet'}
    [mlflow] logged run 'seanet_SemgHandGenderCh2'  (train_acc=1.0000 val_acc=0.9333 test_acc=0.9283 test_loss=0.2495)
[124/129] SemgHandGenderCh2            DONE  acc=0.9283 loss=0.2495 AOPCR=  1.012 NDCG=  n/a C=  2 T= 1500 (77s)  [124 trained / 0 failed so far]
[125/129] SemgHandMovementCh2
    stage 1/3: loading data ...
    stage 2/3: training on 360 series (val=90, C=6, T=1500, batch=16) ...
    stage 3/3: scoring on 450 test series (accuracy + AOPCR) ...
    [mlflow] versioned model 'mstcn_sep_additive' (id=m-05fadafb399740d08ff8c22608555304) params={'model_size_mb': '3.5366', 'n_model_params': '268567', 'name': 'seanet'}
    [mlflow] logged run 'seanet_SemgHandMovementCh2'  (train_acc=1.0000 val_acc=0.7000 test_acc=0.7089 test_loss=0.8849)
[125/129] SemgHandMovementCh2          DONE  acc=0.7089 loss=0.8849 AOPCR=  1.117 NDCG=  n/a C=  6 T= 1500 (86s)  [125 trained / 0 failed so far]
[126/129] SemgHandSubjectCh2
    stage 1/3: loading data ...
    stage 2/3: training on 360 series (val=90, C=5, T=1500, batch=16) ...
    stage 3/3: scoring on 450 test series (accuracy + AOPCR) ...
    [mlflow] versioned model 'mstcn_sep_additive' (id=m-19309a7c5c2041a1a076a346bce5d2f6) params={'model_size_mb': '3.5361', 'n_model_params': '268438', 'name': 'seanet'}
    [mlflow] logged run 'seanet_SemgHandSubjectCh2'  (train_acc=1.0000 val_acc=0.9333 test_acc=0.9089 test_loss=0.3729)
[126/129] SemgHandSubjectCh2           DONE  acc=0.9089 loss=0.3729 AOPCR=  1.167 NDCG=  n/a C=  5 T= 1500 (125s)  [126 trained / 0 failed so far]
[127/129] ShakeGestureWiimoteZ
    stage 1/3: loading data ...
    stage 2/3: training on 50 series (no val (train-loss early stop), C=10, T=385, batch=5) ...
    stage 3/3: scoring on 50 test series (accuracy + AOPCR) ...
    [mlflow] versioned model 'mstcn_sep_additive' (id=m-f325e71709804d7eb43ac09ad2f12616) params={'model_size_mb': '3.5386', 'n_model_params': '269083', 'name': 'seanet'}
    [mlflow] logged run 'seanet_ShakeGestureWiimoteZ'  (train_acc=1.0000 test_acc=0.9400 test_loss=0.4014)
[127/129] ShakeGestureWiimoteZ         DONE  acc=0.9400 loss=0.4014 AOPCR=  0.866 NDCG=  n/a C= 10 T=  385 (27s)  [127 trained / 0 failed so far]
[128/129] SmoothSubspace
    stage 1/3: loading data ...
    stage 2/3: training on 120 series (val=30, C=3, T=15, batch=12) ...
    stage 3/3: scoring on 150 test series (accuracy + AOPCR) ...
    [mlflow] versioned model 'mstcn_sep_additive' (id=m-c7e6f22ca85a45fcaa93077d9bfca17c) params={'model_size_mb': '3.5351', 'n_model_params': '268180', 'name': 'seanet'}
    [mlflow] logged run 'seanet_SmoothSubspace'  (train_acc=1.0000 val_acc=1.0000 test_acc=0.9867 test_loss=0.1115)
[128/129] SmoothSubspace               DONE  acc=0.9867 loss=0.1115 AOPCR=  0.188 NDCG=  n/a C=  3 T=   15 (29s)  [128 trained / 0 failed so far]
[129/129] UMD
    stage 1/3: loading data ...
    stage 2/3: training on 36 series (no val (train-loss early stop), C=3, T=150, batch=3) ...
    stage 3/3: scoring on 144 test series (accuracy + AOPCR) ...
    [mlflow] versioned model 'mstcn_sep_additive' (id=m-4e0263239f8e4c279af522b18f6acd85) params={'model_size_mb': '3.5351', 'n_model_params': '268180', 'name': 'seanet'}
    [mlflow] logged run 'seanet_UMD'  (train_acc=1.0000 test_acc=0.9931 test_loss=0.0975)
[129/129] UMD                          DONE  acc=0.9931 loss=0.0975 AOPCR=  0.760 NDCG=  n/a C=  3 T=  150 (34s)  [129 trained / 0 failed so far]

Done: 129 trained, 0 skipped, 0 failed.
Results -> results/SEA_NET/mstcn_sep_additive/results.csv

=== mstcn_sep_additive vs MILLET ConjunctiveInceptionTime (mean of 5 reps) ===
  UCR datasets evaluated: 128  (with MILLET baseline: 85, without: 43)
  metric        ours    MILLET   win/tie/loss   (mean over the 85 datasets MILLET published)
  acc         0.8245    0.8445       25/20/40   
  loss        0.5141    1.2241        61/1/23   (lower is better)
  aopcr       0.5981    4.5532         3/0/82   
  wrote results/SEA_NET/mstcn_sep_additive/comparison_vs_millet.csv

Next: `python main.py report` to draw the figures for mstcn_sep_additive.

[log] finished; full output saved to results/SEA_NET/mstcn_sep_additive/logs/train_2026-07-18_23-26-23.log
