[log] command 'train' started at 2026-07-23_20-44-26 for model 'seanet_gated_mean_topk__mstcn_sep_gated_topk_conjunctive'
[log] a copy of everything below is being saved to: results/SEA_NET/seanet_gated_mean_topk__mstcn_sep_gated_topk_conjunctive/logs/train_2026-07-23_20-44-26.log

=== train: model=seanet_gated_mean_topk__mstcn_sep_gated_topk_conjunctive (config sv4/seanet_gated_mean_topk) device=cuda mode=full datasets=129 ===
[params] using DEFAULT recipe (no Optuna record yet - run 'python main.py optuna --model sv4/seanet_gated_mean_topk').
  results  -> results/SEA_NET/seanet_gated_mean_topk__mstcn_sep_gated_topk_conjunctive/results.csv
  resume   -> results/SEA_NET/seanet_gated_mean_topk__mstcn_sep_gated_topk_conjunctive/done_train_dataset.txt  (delete it to retrain everything; delete one line to retrain that dataset)

  [mlflow] logging runs to experiment 'SEA-Net_seanet_gated_mean_topk__mstcn_sep_gated_topk_conjunctive_2026-07-23' at sqlite:///mlflow.db
  [mlflow] browse later with:  mlflow ui --backend-store-uri sqlite:///mlflow.db
[  1/129] WebTraffic                   already done -> skip
[  2/129] Adiac
    stage 1/3: loading data ...
    stage 2/3: training on 328 series (val=62, C=37, T=176, batch=16) ...
    stage 3/3: scoring on 391 test series (accuracy + AOPCR) ...
    [mlflow] versioned model 'seanet_gated_mean_topk__mstcn_sep_gated_topk_conjunctive' (id=m-313208af4bb2420bb53fcebe2e410968) params={'model_size_mb': '1.5102', 'n_model_params': '63738', 'name': 'seanet_gated_mean_topk'}
    [mlflow] logged run 'seanet_gated_mean_topk_Adiac'  (train_acc=0.9268 val_acc=0.7903 test_acc=0.7877 test_loss=0.7731)
[  2/129] Adiac                        DONE  acc=0.7877 loss=0.7731 AOPCR= -0.016 NDCG=  n/a C= 37 T=  176 (48s)  [1 trained / 0 failed so far]
[  3/129] ArrowHead
    stage 1/3: loading data ...
    stage 2/3: training on 36 series (no val (train-loss early stop), C=3, T=251, batch=3) ...
    stage 3/3: scoring on 175 test series (accuracy + AOPCR) ...
    [mlflow] versioned model 'seanet_gated_mean_topk__mstcn_sep_gated_topk_conjunctive' (id=m-e3322fef31ff4b35818fc536927e5e71) params={'model_size_mb': '1.5006', 'n_model_params': '61222', 'name': 'seanet_gated_mean_topk'}
    [mlflow] logged run 'seanet_gated_mean_topk_ArrowHead'  (train_acc=1.0000 test_acc=0.8286 test_loss=0.4642)
[  3/129] ArrowHead                    DONE  acc=0.8286 loss=0.4642 AOPCR=  0.453 NDCG=  n/a C=  3 T=  251 (17s)  [2 trained / 0 failed so far]
[  4/129] Beef
    stage 1/3: loading data ...
    stage 2/3: training on 30 series (no val (train-loss early stop), C=5, T=470, batch=3) ...
    stage 3/3: scoring on 30 test series (accuracy + AOPCR) ...
    [mlflow] versioned model 'seanet_gated_mean_topk__mstcn_sep_gated_topk_conjunctive' (id=m-930baa9c35774d8983f61c0b75362c52) params={'model_size_mb': '1.5011', 'n_model_params': '61370', 'name': 'seanet_gated_mean_topk'}
    [mlflow] logged run 'seanet_gated_mean_topk_Beef'  (train_acc=1.0000 test_acc=0.8667 test_loss=0.4869)
[  4/129] Beef                         DONE  acc=0.8667 loss=0.4869 AOPCR=  1.945 NDCG=  n/a C=  5 T=  470 (29s)  [3 trained / 0 failed so far]
[  5/129] BeetleFly
    stage 1/3: loading data ...
    stage 2/3: training on 20 series (no val (train-loss early stop), C=2, T=512, batch=2) ...
    stage 3/3: scoring on 20 test series (accuracy + AOPCR) ...
    [mlflow] versioned model 'seanet_gated_mean_topk__mstcn_sep_gated_topk_conjunctive' (id=m-8d2d7d63aa9e44bc9bf6af6c5eb50dc7) params={'model_size_mb': '1.5003', 'n_model_params': '61148', 'name': 'seanet_gated_mean_topk'}
    [mlflow] logged run 'seanet_gated_mean_topk_BeetleFly'  (train_acc=1.0000 test_acc=0.7500 test_loss=0.5893)
[  5/129] BeetleFly                    DONE  acc=0.7500 loss=0.5893 AOPCR=  2.353 NDCG=  n/a C=  2 T=  512 (15s)  [4 trained / 0 failed so far]
[  6/129] BirdChicken
    stage 1/3: loading data ...
    stage 2/3: training on 20 series (no val (train-loss early stop), C=2, T=512, batch=2) ...
    stage 3/3: scoring on 20 test series (accuracy + AOPCR) ...
    [mlflow] versioned model 'seanet_gated_mean_topk__mstcn_sep_gated_topk_conjunctive' (id=m-8a598b3c68024e9e88dfe21415174294) params={'model_size_mb': '1.5003', 'n_model_params': '61148', 'name': 'seanet_gated_mean_topk'}
    [mlflow] logged run 'seanet_gated_mean_topk_BirdChicken'  (train_acc=1.0000 test_acc=0.8000 test_loss=0.3245)
[  6/129] BirdChicken                  DONE  acc=0.8000 loss=0.3245 AOPCR=  2.774 NDCG=  n/a C=  2 T=  512 (31s)  [5 trained / 0 failed so far]
[  7/129] Car
    stage 1/3: loading data ...
    stage 2/3: training on 60 series (no val (train-loss early stop), C=4, T=577, batch=6) ...
    stage 3/3: scoring on 60 test series (accuracy + AOPCR) ...
    [mlflow] versioned model 'seanet_gated_mean_topk__mstcn_sep_gated_topk_conjunctive' (id=m-ef3cb268a67f497ea166d1045c00fd87) params={'model_size_mb': '1.5009', 'n_model_params': '61296', 'name': 'seanet_gated_mean_topk'}
    [mlflow] logged run 'seanet_gated_mean_topk_Car'  (train_acc=1.0000 test_acc=0.8833 test_loss=0.5021)
[  7/129] Car                          DONE  acc=0.8833 loss=0.5021 AOPCR=  1.809 NDCG=  n/a C=  4 T=  577 (33s)  [6 trained / 0 failed so far]
[  8/129] CBF
    stage 1/3: loading data ...
    stage 2/3: training on 30 series (no val (train-loss early stop), C=3, T=128, batch=3) ...
    stage 3/3: scoring on 900 test series (accuracy + AOPCR) ...
    [mlflow] versioned model 'seanet_gated_mean_topk__mstcn_sep_gated_topk_conjunctive' (id=m-ec72f595dad946308e252e8e396b8400) params={'model_size_mb': '1.5006', 'n_model_params': '61222', 'name': 'seanet_gated_mean_topk'}
    [mlflow] logged run 'seanet_gated_mean_topk_CBF'  (train_acc=1.0000 test_acc=0.9467 test_loss=0.1836)
[  8/129] CBF                          DONE  acc=0.9467 loss=0.1836 AOPCR=  1.580 NDCG=  n/a C=  3 T=  128 (11s)  [7 trained / 0 failed so far]
[  9/129] ChlorineConcentration
    stage 1/3: loading data ...
    stage 2/3: training on 375 series (val=92, C=3, T=166, batch=16) ...
    stage 3/3: scoring on 3840 test series (accuracy + AOPCR) ...
    [mlflow] versioned model 'seanet_gated_mean_topk__mstcn_sep_gated_topk_conjunctive' (id=m-1dbd92f8ca0349aea4f1e9f5746b565d) params={'model_size_mb': '1.5006', 'n_model_params': '61222', 'name': 'seanet_gated_mean_topk'}
    [mlflow] logged run 'seanet_gated_mean_topk_ChlorineConcentration'  (train_acc=0.9173 val_acc=0.6848 test_acc=0.7000 test_loss=0.7123)
[  9/129] ChlorineConcentration        DONE  acc=0.7000 loss=0.7123 AOPCR=  0.305 NDCG=  n/a C=  3 T=  166 (99s)  [8 trained / 0 failed so far]
[ 10/129] CinCECGTorso
    stage 1/3: loading data ...
    stage 2/3: training on 40 series (no val (train-loss early stop), C=4, T=1639, batch=4) ...
    stage 3/3: scoring on 1380 test series (accuracy + AOPCR) ...
    [mlflow] versioned model 'seanet_gated_mean_topk__mstcn_sep_gated_topk_conjunctive' (id=m-18134e13319549eb8a30a15bf67c2051) params={'model_size_mb': '1.5009', 'n_model_params': '61296', 'name': 'seanet_gated_mean_topk'}
    [mlflow] logged run 'seanet_gated_mean_topk_CinCECGTorso'  (train_acc=1.0000 test_acc=0.7493 test_loss=0.6821)
[ 10/129] CinCECGTorso                 DONE  acc=0.7493 loss=0.6821 AOPCR=  2.428 NDCG=  n/a C=  4 T= 1639 (24s)  [9 trained / 0 failed so far]
[ 11/129] Coffee
    stage 1/3: loading data ...
    stage 2/3: training on 28 series (no val (train-loss early stop), C=2, T=286, batch=2) ...
    stage 3/3: scoring on 28 test series (accuracy + AOPCR) ...
    [mlflow] versioned model 'seanet_gated_mean_topk__mstcn_sep_gated_topk_conjunctive' (id=m-d18e1ebfc47f4d9b99b7f8855d5b4bfe) params={'model_size_mb': '1.5003', 'n_model_params': '61148', 'name': 'seanet_gated_mean_topk'}
    [mlflow] logged run 'seanet_gated_mean_topk_Coffee'  (train_acc=1.0000 test_acc=1.0000 test_loss=0.0823)
[ 11/129] Coffee                       DONE  acc=1.0000 loss=0.0823 AOPCR=  0.224 NDCG=  n/a C=  2 T=  286 (29s)  [10 trained / 0 failed so far]
[ 12/129] Computers
    stage 1/3: loading data ...
    stage 2/3: training on 200 series (val=50, C=2, T=720, batch=16) ...
    stage 3/3: scoring on 250 test series (accuracy + AOPCR) ...
    [mlflow] versioned model 'seanet_gated_mean_topk__mstcn_sep_gated_topk_conjunctive' (id=m-ae11bfe6209948dda272d53f92c5f1a8) params={'model_size_mb': '1.5003', 'n_model_params': '61148', 'name': 'seanet_gated_mean_topk'}
    [mlflow] logged run 'seanet_gated_mean_topk_Computers'  (train_acc=0.9800 val_acc=0.8000 test_acc=0.6400 test_loss=0.7112)
[ 12/129] Computers                    DONE  acc=0.6400 loss=0.7112 AOPCR=  0.650 NDCG=  n/a C=  2 T=  720 (17s)  [11 trained / 0 failed so far]
[ 13/129] CricketX
    stage 1/3: loading data ...
    stage 2/3: training on 317 series (val=73, C=12, T=300, batch=16) ...
    stage 3/3: scoring on 390 test series (accuracy + AOPCR) ...
    [mlflow] versioned model 'seanet_gated_mean_topk__mstcn_sep_gated_topk_conjunctive' (id=m-a9687252421b4264aff46c2032c9acb7) params={'model_size_mb': '1.5031', 'n_model_params': '61888', 'name': 'seanet_gated_mean_topk'}
    [mlflow] logged run 'seanet_gated_mean_topk_CricketX'  (train_acc=1.0000 val_acc=0.8767 test_acc=0.8333 test_loss=0.6591)
[ 13/129] CricketX                     DONE  acc=0.8333 loss=0.6591 AOPCR=  1.397 NDCG=  n/a C= 12 T=  300 (51s)  [12 trained / 0 failed so far]
[ 14/129] CricketY
    stage 1/3: loading data ...
    stage 2/3: training on 317 series (val=73, C=12, T=300, batch=16) ...
    stage 3/3: scoring on 390 test series (accuracy + AOPCR) ...
    [mlflow] versioned model 'seanet_gated_mean_topk__mstcn_sep_gated_topk_conjunctive' (id=m-d972786d24694a029f8c41e0c71b4af7) params={'model_size_mb': '1.5031', 'n_model_params': '61888', 'name': 'seanet_gated_mean_topk'}
    [mlflow] logged run 'seanet_gated_mean_topk_CricketY'  (train_acc=0.9842 val_acc=0.8767 test_acc=0.7718 test_loss=0.7583)
[ 14/129] CricketY                     DONE  acc=0.7718 loss=0.7583 AOPCR=  1.797 NDCG=  n/a C= 12 T=  300 (25s)  [13 trained / 0 failed so far]
[ 15/129] CricketZ
    stage 1/3: loading data ...
    stage 2/3: training on 316 series (val=74, C=12, T=300, batch=16) ...
    stage 3/3: scoring on 390 test series (accuracy + AOPCR) ...
    [mlflow] versioned model 'seanet_gated_mean_topk__mstcn_sep_gated_topk_conjunctive' (id=m-d78eaf9898e34c90911f1d7af24746cd) params={'model_size_mb': '1.5031', 'n_model_params': '61888', 'name': 'seanet_gated_mean_topk'}
    [mlflow] logged run 'seanet_gated_mean_topk_CricketZ'  (train_acc=1.0000 val_acc=0.8514 test_acc=0.8000 test_loss=0.6944)
[ 15/129] CricketZ                     DONE  acc=0.8000 loss=0.6944 AOPCR=  1.137 NDCG=  n/a C= 12 T=  300 (69s)  [14 trained / 0 failed so far]
[ 16/129] DiatomSizeReduction
    stage 1/3: loading data ...
    stage 2/3: training on 16 series (no val (train-loss early stop), C=4, T=345, batch=2) ...
    stage 3/3: scoring on 306 test series (accuracy + AOPCR) ...
    [mlflow] versioned model 'seanet_gated_mean_topk__mstcn_sep_gated_topk_conjunctive' (id=m-c5c377732c8b42c797ac485b42bae536) params={'model_size_mb': '1.5009', 'n_model_params': '61296', 'name': 'seanet_gated_mean_topk'}
    [mlflow] logged run 'seanet_gated_mean_topk_DiatomSizeReduction'  (train_acc=1.0000 test_acc=0.9346 test_loss=0.2095)
[ 16/129] DiatomSizeReduction          DONE  acc=0.9346 loss=0.2095 AOPCR= -0.023 NDCG=  n/a C=  4 T=  345 (22s)  [15 trained / 0 failed so far]
[ 17/129] DistalPhalanxOutlineAgeGroup
    stage 1/3: loading data ...
    stage 2/3: training on 321 series (val=79, C=3, T=80, batch=16) ...
    stage 3/3: scoring on 139 test series (accuracy + AOPCR) ...
    [mlflow] versioned model 'seanet_gated_mean_topk__mstcn_sep_gated_topk_conjunctive' (id=m-90befb7cc20d43d0910d46833c80ec94) params={'model_size_mb': '1.5006', 'n_model_params': '61222', 'name': 'seanet_gated_mean_topk'}
    [mlflow] logged run 'seanet_gated_mean_topk_DistalPhalanxOutlineAgeGroup'  (train_acc=0.9003 val_acc=0.7975 test_acc=0.7698 test_loss=0.5463)
[ 17/129] DistalPhalanxOutlineAgeGroup DONE  acc=0.7698 loss=0.5463 AOPCR=  0.174 NDCG=  n/a C=  3 T=   80 (51s)  [16 trained / 0 failed so far]
[ 18/129] DistalPhalanxOutlineCorrect
    stage 1/3: loading data ...
    stage 2/3: training on 481 series (val=119, C=2, T=80, batch=16) ...
    stage 3/3: scoring on 276 test series (accuracy + AOPCR) ...
    [mlflow] versioned model 'seanet_gated_mean_topk__mstcn_sep_gated_topk_conjunctive' (id=m-ac857b85fba9408da90acb1451410879) params={'model_size_mb': '1.5003', 'n_model_params': '61148', 'name': 'seanet_gated_mean_topk'}
    [mlflow] logged run 'seanet_gated_mean_topk_DistalPhalanxOutlineCorrect'  (train_acc=0.9168 val_acc=0.8739 test_acc=0.7681 test_loss=0.5210)
[ 18/129] DistalPhalanxOutlineCorrect  DONE  acc=0.7681 loss=0.5210 AOPCR=  0.539 NDCG=  n/a C=  2 T=   80 (56s)  [17 trained / 0 failed so far]
[ 19/129] DistalPhalanxTW
    stage 1/3: loading data ...
    stage 2/3: training on 323 series (val=77, C=6, T=80, batch=16) ...
    stage 3/3: scoring on 139 test series (accuracy + AOPCR) ...
    [mlflow] versioned model 'seanet_gated_mean_topk__mstcn_sep_gated_topk_conjunctive' (id=m-400b09df11014d2b9c1758edc16dcfe8) params={'model_size_mb': '1.5014', 'n_model_params': '61444', 'name': 'seanet_gated_mean_topk'}
    [mlflow] logged run 'seanet_gated_mean_topk_DistalPhalanxTW'  (train_acc=0.8514 val_acc=0.8182 test_acc=0.6978 test_loss=0.8065)
[ 19/129] DistalPhalanxTW              DONE  acc=0.6978 loss=0.8065 AOPCR=  0.919 NDCG=  n/a C=  6 T=   80 (34s)  [18 trained / 0 failed so far]
[ 20/129] Earthquakes
    stage 1/3: loading data ...
    stage 2/3: training on 259 series (val=63, C=2, T=512, batch=16) ...
    stage 3/3: scoring on 139 test series (accuracy + AOPCR) ...
    [mlflow] versioned model 'seanet_gated_mean_topk__mstcn_sep_gated_topk_conjunctive' (id=m-23d8caed3e5a4aa998c22e8243f96967) params={'model_size_mb': '1.5003', 'n_model_params': '61148', 'name': 'seanet_gated_mean_topk'}
    [mlflow] logged run 'seanet_gated_mean_topk_Earthquakes'  (train_acc=0.8185 val_acc=0.8254 test_acc=0.7482 test_loss=0.5299)
[ 20/129] Earthquakes                  DONE  acc=0.7482 loss=0.5299 AOPCR=  0.105 NDCG=  n/a C=  2 T=  512 (14s)  [19 trained / 0 failed so far]
[ 21/129] ECG200
    stage 1/3: loading data ...
    stage 2/3: training on 81 series (val=19, C=2, T=96, batch=8) ...
    stage 3/3: scoring on 100 test series (accuracy + AOPCR) ...
    [mlflow] versioned model 'seanet_gated_mean_topk__mstcn_sep_gated_topk_conjunctive' (id=m-2c59a53159eb438f90f472e33d7adada) params={'model_size_mb': '1.5003', 'n_model_params': '61148', 'name': 'seanet_gated_mean_topk'}
    [mlflow] logged run 'seanet_gated_mean_topk_ECG200'  (train_acc=1.0000 val_acc=1.0000 test_acc=0.8900 test_loss=0.2965)
[ 21/129] ECG200                       DONE  acc=0.8900 loss=0.2965 AOPCR=  0.741 NDCG=  n/a C=  2 T=   96 (30s)  [20 trained / 0 failed so far]
[ 22/129] ECG5000
    stage 1/3: loading data ...
    stage 2/3: training on 401 series (val=99, C=5, T=140, batch=16) ...
    stage 3/3: scoring on 4500 test series (accuracy + AOPCR) ...
    [mlflow] versioned model 'seanet_gated_mean_topk__mstcn_sep_gated_topk_conjunctive' (id=m-844631bb9af94efea89dbb7ae162425d) params={'model_size_mb': '1.5011', 'n_model_params': '61370', 'name': 'seanet_gated_mean_topk'}
    [mlflow] logged run 'seanet_gated_mean_topk_ECG5000'  (train_acc=0.9925 val_acc=0.9495 test_acc=0.9333 test_loss=0.2784)
[ 22/129] ECG5000                      DONE  acc=0.9333 loss=0.2784 AOPCR=  1.324 NDCG=  n/a C=  5 T=  140 (62s)  [21 trained / 0 failed so far]
[ 23/129] ECGFiveDays
    stage 1/3: loading data ...
    stage 2/3: training on 23 series (no val (train-loss early stop), C=2, T=136, batch=2) ...
    stage 3/3: scoring on 861 test series (accuracy + AOPCR) ...
    [mlflow] versioned model 'seanet_gated_mean_topk__mstcn_sep_gated_topk_conjunctive' (id=m-b0976711dd7548cabee859c7e12d62b2) params={'model_size_mb': '1.5003', 'n_model_params': '61148', 'name': 'seanet_gated_mean_topk'}
    [mlflow] logged run 'seanet_gated_mean_topk_ECGFiveDays'  (train_acc=1.0000 test_acc=1.0000 test_loss=0.0680)
[ 23/129] ECGFiveDays                  DONE  acc=1.0000 loss=0.0680 AOPCR= -0.509 NDCG=  n/a C=  2 T=  136 (33s)  [22 trained / 0 failed so far]
[ 24/129] ElectricDevices
    stage 1/3: loading data ...
    stage 2/3: training on 7144 series (val=1782, C=7, T=96, batch=16) ...
    stage 3/3: scoring on 7711 test series (accuracy + AOPCR) ...
    [mlflow] versioned model 'seanet_gated_mean_topk__mstcn_sep_gated_topk_conjunctive' (id=m-582875f2e4a0425c8b3356ca190c55d4) params={'model_size_mb': '1.5017', 'n_model_params': '61518', 'name': 'seanet_gated_mean_topk'}
    [mlflow] logged run 'seanet_gated_mean_topk_ElectricDevices'  (train_acc=0.9353 val_acc=0.9046 test_acc=0.6959 test_loss=1.1173)
[ 24/129] ElectricDevices              DONE  acc=0.6959 loss=1.1173 AOPCR=  1.060 NDCG=  n/a C=  7 T=   96 (714s)  [23 trained / 0 failed so far]
[ 25/129] FaceAll
    stage 1/3: loading data ...
    stage 2/3: training on 448 series (val=112, C=14, T=131, batch=16) ...
    stage 3/3: scoring on 1690 test series (accuracy + AOPCR) ...
    [mlflow] versioned model 'seanet_gated_mean_topk__mstcn_sep_gated_topk_conjunctive' (id=m-ed8318a7b1e74e5596d5b697b16edb29) params={'model_size_mb': '1.5036', 'n_model_params': '62036', 'name': 'seanet_gated_mean_topk'}
    [mlflow] logged run 'seanet_gated_mean_topk_FaceAll'  (train_acc=1.0000 val_acc=0.9821 test_acc=0.8219 test_loss=0.7380)
[ 25/129] FaceAll                      DONE  acc=0.8219 loss=0.7380 AOPCR=  0.938 NDCG=  n/a C= 14 T=  131 (90s)  [24 trained / 0 failed so far]
[ 26/129] FaceFour
    stage 1/3: loading data ...
    stage 2/3: training on 24 series (no val (train-loss early stop), C=4, T=350, batch=2) ...
    stage 3/3: scoring on 88 test series (accuracy + AOPCR) ...
    [mlflow] versioned model 'seanet_gated_mean_topk__mstcn_sep_gated_topk_conjunctive' (id=m-67c0e301fe224870bccced7bea1240e6) params={'model_size_mb': '1.5009', 'n_model_params': '61296', 'name': 'seanet_gated_mean_topk'}
    [mlflow] logged run 'seanet_gated_mean_topk_FaceFour'  (train_acc=1.0000 test_acc=0.9773 test_loss=0.1719)
[ 26/129] FaceFour                     DONE  acc=0.9773 loss=0.1719 AOPCR=  0.622 NDCG=  n/a C=  4 T=  350 (31s)  [25 trained / 0 failed so far]
[ 27/129] FacesUCR
    stage 1/3: loading data ...
    stage 2/3: training on 165 series (val=35, C=14, T=131, batch=16) ...
    stage 3/3: scoring on 2050 test series (accuracy + AOPCR) ...
    [mlflow] versioned model 'seanet_gated_mean_topk__mstcn_sep_gated_topk_conjunctive' (id=m-ad681e71033b44f78a821db93163e4ed) params={'model_size_mb': '1.5036', 'n_model_params': '62036', 'name': 'seanet_gated_mean_topk'}
    [mlflow] logged run 'seanet_gated_mean_topk_FacesUCR'  (train_acc=1.0000 val_acc=0.9714 test_acc=0.9600 test_loss=0.2374)
[ 27/129] FacesUCR                     DONE  acc=0.9600 loss=0.2374 AOPCR=  1.204 NDCG=  n/a C= 14 T=  131 (45s)  [26 trained / 0 failed so far]
[ 28/129] FiftyWords
    stage 1/3: loading data ...
    stage 2/3: training on 365 series (val=85, C=50, T=270, batch=16) ...
    stage 3/3: scoring on 455 test series (accuracy + AOPCR) ...
    [mlflow] versioned model 'seanet_gated_mean_topk__mstcn_sep_gated_topk_conjunctive' (id=m-073031b1c0d1467f8d23efd673979be2) params={'model_size_mb': '1.5139', 'n_model_params': '64700', 'name': 'seanet_gated_mean_topk'}
    [mlflow] logged run 'seanet_gated_mean_topk_FiftyWords'  (train_acc=1.0000 val_acc=0.8000 test_acc=0.8088 test_loss=0.8725)
[ 28/129] FiftyWords                   DONE  acc=0.8088 loss=0.8725 AOPCR=  1.783 NDCG=  n/a C= 50 T=  270 (66s)  [27 trained / 0 failed so far]
[ 29/129] Fish
    stage 1/3: loading data ...
    stage 2/3: training on 142 series (val=33, C=7, T=463, batch=14) ...
    stage 3/3: scoring on 175 test series (accuracy + AOPCR) ...
    [mlflow] versioned model 'seanet_gated_mean_topk__mstcn_sep_gated_topk_conjunctive' (id=m-7bf4d68f97204ab183099a661fec5f26) params={'model_size_mb': '1.5017', 'n_model_params': '61518', 'name': 'seanet_gated_mean_topk'}
    [mlflow] logged run 'seanet_gated_mean_topk_Fish'  (train_acc=0.9507 val_acc=0.9697 test_acc=0.9543 test_loss=0.2575)
[ 29/129] Fish                         DONE  acc=0.9543 loss=0.2575 AOPCR=  1.089 NDCG=  n/a C=  7 T=  463 (13s)  [28 trained / 0 failed so far]
[ 30/129] FordA
    stage 1/3: loading data ...
    stage 2/3: training on 2881 series (val=720, C=2, T=500, batch=16) ...
    stage 3/3: scoring on 1320 test series (accuracy + AOPCR) ...
    [mlflow] versioned model 'seanet_gated_mean_topk__mstcn_sep_gated_topk_conjunctive' (id=m-1d404adee061440bb5921e67d07ad989) params={'model_size_mb': '1.5003', 'n_model_params': '61148', 'name': 'seanet_gated_mean_topk'}
    [mlflow] logged run 'seanet_gated_mean_topk_FordA'  (train_acc=0.9944 val_acc=0.9708 test_acc=0.9674 test_loss=0.1383)
[ 30/129] FordA                        DONE  acc=0.9674 loss=0.1383 AOPCR=  0.729 NDCG=  n/a C=  2 T=  500 (203s)  [29 trained / 0 failed so far]
[ 31/129] FordB
    stage 1/3: loading data ...
    stage 2/3: training on 2909 series (val=727, C=2, T=500, batch=16) ...
    stage 3/3: scoring on 810 test series (accuracy + AOPCR) ...
    [mlflow] versioned model 'seanet_gated_mean_topk__mstcn_sep_gated_topk_conjunctive' (id=m-0243ee09022849a89f56b45fd40d0445) params={'model_size_mb': '1.5003', 'n_model_params': '61148', 'name': 'seanet_gated_mean_topk'}
    [mlflow] logged run 'seanet_gated_mean_topk_FordB'  (train_acc=0.9921 val_acc=0.9587 test_acc=0.8370 test_loss=0.3496)
[ 31/129] FordB                        DONE  acc=0.8370 loss=0.3496 AOPCR=  0.028 NDCG=  n/a C=  2 T=  500 (191s)  [30 trained / 0 failed so far]
[ 32/129] GunPoint
    stage 1/3: loading data ...
    stage 2/3: training on 50 series (no val (train-loss early stop), C=2, T=150, batch=5) ...
    stage 3/3: scoring on 150 test series (accuracy + AOPCR) ...
    [mlflow] versioned model 'seanet_gated_mean_topk__mstcn_sep_gated_topk_conjunctive' (id=m-3c241a05cdab49e9b6d19d940fc714c1) params={'model_size_mb': '1.5003', 'n_model_params': '61148', 'name': 'seanet_gated_mean_topk'}
    [mlflow] logged run 'seanet_gated_mean_topk_GunPoint'  (train_acc=1.0000 test_acc=0.9867 test_loss=0.0802)
[ 32/129] GunPoint                     DONE  acc=0.9867 loss=0.0802 AOPCR=  0.487 NDCG=  n/a C=  2 T=  150 (40s)  [31 trained / 0 failed so far]
[ 33/129] Ham
    stage 1/3: loading data ...
    stage 2/3: training on 88 series (val=21, C=2, T=431, batch=8) ...
    stage 3/3: scoring on 105 test series (accuracy + AOPCR) ...
    [mlflow] versioned model 'seanet_gated_mean_topk__mstcn_sep_gated_topk_conjunctive' (id=m-52502d3871664ed5b5a83765b6f8009d) params={'model_size_mb': '1.5003', 'n_model_params': '61148', 'name': 'seanet_gated_mean_topk'}
    [mlflow] logged run 'seanet_gated_mean_topk_Ham'  (train_acc=1.0000 val_acc=0.9524 test_acc=0.7333 test_loss=0.6224)
[ 33/129] Ham                          DONE  acc=0.7333 loss=0.6224 AOPCR=  1.510 NDCG=  n/a C=  2 T=  431 (16s)  [32 trained / 0 failed so far]
[ 34/129] HandOutlines
    stage 1/3: loading data ...
    stage 2/3: training on 801 series (val=199, C=2, T=2709, batch=16) ...
    stage 3/3: scoring on 370 test series (accuracy + AOPCR) ...
    [mlflow] versioned model 'seanet_gated_mean_topk__mstcn_sep_gated_topk_conjunctive' (id=m-f1d32c52ae9143759277efec74b0bbfb) params={'model_size_mb': '1.5003', 'n_model_params': '61148', 'name': 'seanet_gated_mean_topk'}
    [mlflow] logged run 'seanet_gated_mean_topk_HandOutlines'  (train_acc=0.9788 val_acc=0.9196 test_acc=0.9514 test_loss=0.1641)
[ 34/129] HandOutlines                 DONE  acc=0.9514 loss=0.1641 AOPCR=  2.897 NDCG=  n/a C=  2 T= 2709 (192s)  [33 trained / 0 failed so far]
[ 35/129] Haptics
    stage 1/3: loading data ...
    stage 2/3: training on 127 series (val=28, C=5, T=1092, batch=12) ...
    stage 3/3: scoring on 308 test series (accuracy + AOPCR) ...
    [mlflow] versioned model 'seanet_gated_mean_topk__mstcn_sep_gated_topk_conjunctive' (id=m-9a6138c80e73414ba8e90d1d54eadf06) params={'model_size_mb': '1.5011', 'n_model_params': '61370', 'name': 'seanet_gated_mean_topk'}
    [mlflow] logged run 'seanet_gated_mean_topk_Haptics'  (train_acc=0.4961 val_acc=0.5357 test_acc=0.3929 test_loss=1.4577)
[ 35/129] Haptics                      DONE  acc=0.3929 loss=1.4577 AOPCR=  1.369 NDCG=  n/a C=  5 T= 1092 (10s)  [34 trained / 0 failed so far]
[ 36/129] Herring
    stage 1/3: loading data ...
    stage 2/3: training on 64 series (no val (train-loss early stop), C=2, T=512, batch=6) ...
    stage 3/3: scoring on 64 test series (accuracy + AOPCR) ...
    [mlflow] versioned model 'seanet_gated_mean_topk__mstcn_sep_gated_topk_conjunctive' (id=m-e44a0bbdd1a64064917fec20c965ffd5) params={'model_size_mb': '1.5003', 'n_model_params': '61148', 'name': 'seanet_gated_mean_topk'}
    [mlflow] logged run 'seanet_gated_mean_topk_Herring'  (train_acc=1.0000 test_acc=0.6406 test_loss=1.0149)
[ 36/129] Herring                      DONE  acc=0.6406 loss=1.0149 AOPCR=  1.797 NDCG=  n/a C=  2 T=  512 (42s)  [35 trained / 0 failed so far]
[ 37/129] InlineSkate
    stage 1/3: loading data ...
    stage 2/3: training on 84 series (val=16, C=7, T=1882, batch=8) ...
    stage 3/3: scoring on 550 test series (accuracy + AOPCR) ...
    [mlflow] versioned model 'seanet_gated_mean_topk__mstcn_sep_gated_topk_conjunctive' (id=m-3e8ce31b71d14e239946ff0d2d02f3b6) params={'model_size_mb': '1.5017', 'n_model_params': '61518', 'name': 'seanet_gated_mean_topk'}
    [mlflow] logged run 'seanet_gated_mean_topk_InlineSkate'  (train_acc=0.6190 val_acc=0.4375 test_acc=0.2927 test_loss=1.8914)
[ 37/129] InlineSkate                  DONE  acc=0.2927 loss=1.8914 AOPCR=  1.885 NDCG=  n/a C=  7 T= 1882 (14s)  [36 trained / 0 failed so far]
[ 38/129] InsectWingbeatSound
    stage 1/3: loading data ...
    stage 2/3: training on 176 series (val=44, C=11, T=256, batch=16) ...
    stage 3/3: scoring on 1980 test series (accuracy + AOPCR) ...
    [mlflow] versioned model 'seanet_gated_mean_topk__mstcn_sep_gated_topk_conjunctive' (id=m-44b6fa558c5549339bfe3cf3231aa59e) params={'model_size_mb': '1.5028', 'n_model_params': '61814', 'name': 'seanet_gated_mean_topk'}
    [mlflow] logged run 'seanet_gated_mean_topk_InsectWingbeatSound'  (train_acc=0.7273 val_acc=0.6364 test_acc=0.6096 test_loss=1.0592)
[ 38/129] InsectWingbeatSound          DONE  acc=0.6096 loss=1.0592 AOPCR=  1.426 NDCG=  n/a C= 11 T=  256 (10s)  [37 trained / 0 failed so far]
[ 39/129] ItalyPowerDemand
    stage 1/3: loading data ...
    stage 2/3: training on 67 series (no val (train-loss early stop), C=2, T=24, batch=6) ...
    stage 3/3: scoring on 1029 test series (accuracy + AOPCR) ...
    [mlflow] versioned model 'seanet_gated_mean_topk__mstcn_sep_gated_topk_conjunctive' (id=m-05b5b6c64f054232ab9062398478fc2d) params={'model_size_mb': '1.5003', 'n_model_params': '61148', 'name': 'seanet_gated_mean_topk'}
    [mlflow] logged run 'seanet_gated_mean_topk_ItalyPowerDemand'  (train_acc=1.0000 test_acc=0.9689 test_loss=0.1345)
[ 39/129] ItalyPowerDemand             DONE  acc=0.9689 loss=0.1345 AOPCR=  0.923 NDCG=  n/a C=  2 T=   24 (60s)  [38 trained / 0 failed so far]
[ 40/129] LargeKitchenAppliances
    stage 1/3: loading data ...
    stage 2/3: training on 300 series (val=75, C=3, T=720, batch=16) ...
    stage 3/3: scoring on 375 test series (accuracy + AOPCR) ...
    [mlflow] versioned model 'seanet_gated_mean_topk__mstcn_sep_gated_topk_conjunctive' (id=m-be624086e6734e5aaf00947b9d34c110) params={'model_size_mb': '1.5006', 'n_model_params': '61222', 'name': 'seanet_gated_mean_topk'}
    [mlflow] logged run 'seanet_gated_mean_topk_LargeKitchenAppliances'  (train_acc=0.9900 val_acc=0.9867 test_acc=0.9040 test_loss=0.3061)
[ 40/129] LargeKitchenAppliances       DONE  acc=0.9040 loss=0.3061 AOPCR=  1.218 NDCG=  n/a C=  3 T=  720 (35s)  [39 trained / 0 failed so far]
[ 41/129] Lightning2
    stage 1/3: loading data ...
    stage 2/3: training on 60 series (no val (train-loss early stop), C=2, T=637, batch=6) ...
    stage 3/3: scoring on 61 test series (accuracy + AOPCR) ...
    [mlflow] versioned model 'seanet_gated_mean_topk__mstcn_sep_gated_topk_conjunctive' (id=m-65bcfecbe085447bb5bbdecb34943d14) params={'model_size_mb': '1.5003', 'n_model_params': '61148', 'name': 'seanet_gated_mean_topk'}
    [mlflow] logged run 'seanet_gated_mean_topk_Lightning2'  (train_acc=1.0000 test_acc=0.8852 test_loss=0.3352)
[ 41/129] Lightning2                   DONE  acc=0.8852 loss=0.3352 AOPCR=  1.091 NDCG=  n/a C=  2 T=  637 (47s)  [40 trained / 0 failed so far]
[ 42/129] Lightning7
    stage 1/3: loading data ...
    stage 2/3: training on 70 series (no val (train-loss early stop), C=7, T=319, batch=7) ...
    stage 3/3: scoring on 73 test series (accuracy + AOPCR) ...
    [mlflow] versioned model 'seanet_gated_mean_topk__mstcn_sep_gated_topk_conjunctive' (id=m-f98c5cf2378541ee9a7c35ce57f16f60) params={'model_size_mb': '1.5017', 'n_model_params': '61518', 'name': 'seanet_gated_mean_topk'}
    [mlflow] logged run 'seanet_gated_mean_topk_Lightning7'  (train_acc=1.0000 test_acc=0.8219 test_loss=0.5464)
[ 42/129] Lightning7                   DONE  acc=0.8219 loss=0.5464 AOPCR=  1.155 NDCG=  n/a C=  7 T=  319 (24s)  [41 trained / 0 failed so far]
[ 43/129] Mallat
    stage 1/3: loading data ...
    stage 2/3: training on 55 series (no val (train-loss early stop), C=8, T=1024, batch=5) ...
    stage 3/3: scoring on 2345 test series (accuracy + AOPCR) ...
    [mlflow] versioned model 'seanet_gated_mean_topk__mstcn_sep_gated_topk_conjunctive' (id=m-58054442876b4574be5fc4ba955822e6) params={'model_size_mb': '1.502', 'n_model_params': '61592', 'name': 'seanet_gated_mean_topk'}
    [mlflow] logged run 'seanet_gated_mean_topk_Mallat'  (train_acc=1.0000 test_acc=0.6832 test_loss=1.0338)
[ 43/129] Mallat                       DONE  acc=0.6832 loss=1.0338 AOPCR=  2.278 NDCG=  n/a C=  8 T= 1024 (57s)  [42 trained / 0 failed so far]
[ 44/129] Meat
    stage 1/3: loading data ...
    stage 2/3: training on 60 series (no val (train-loss early stop), C=3, T=448, batch=6) ...
    stage 3/3: scoring on 60 test series (accuracy + AOPCR) ...
    [mlflow] versioned model 'seanet_gated_mean_topk__mstcn_sep_gated_topk_conjunctive' (id=m-9adb4f983a0c4e3d8a5403c8bb35968b) params={'model_size_mb': '1.5006', 'n_model_params': '61222', 'name': 'seanet_gated_mean_topk'}
    [mlflow] logged run 'seanet_gated_mean_topk_Meat'  (train_acc=1.0000 test_acc=0.9333 test_loss=0.2214)
[ 44/129] Meat                         DONE  acc=0.9333 loss=0.2214 AOPCR=  1.591 NDCG=  n/a C=  3 T=  448 (21s)  [43 trained / 0 failed so far]
[ 45/129] MedicalImages
    stage 1/3: loading data ...
    stage 2/3: training on 307 series (val=74, C=10, T=99, batch=16) ...
    stage 3/3: scoring on 760 test series (accuracy + AOPCR) ...
    [mlflow] versioned model 'seanet_gated_mean_topk__mstcn_sep_gated_topk_conjunctive' (id=m-8013f6809fff41788e16faf71e00ddf2) params={'model_size_mb': '1.5025', 'n_model_params': '61740', 'name': 'seanet_gated_mean_topk'}
    [mlflow] logged run 'seanet_gated_mean_topk_MedicalImages'  (train_acc=0.8697 val_acc=0.7568 test_acc=0.7118 test_loss=0.8208)
[ 45/129] MedicalImages                DONE  acc=0.7118 loss=0.8208 AOPCR=  0.960 NDCG=  n/a C= 10 T=   99 (22s)  [44 trained / 0 failed so far]
[ 46/129] MiddlePhalanxOutlineAgeGroup
    stage 1/3: loading data ...
    stage 2/3: training on 321 series (val=79, C=3, T=80, batch=16) ...
    stage 3/3: scoring on 154 test series (accuracy + AOPCR) ...
    [mlflow] versioned model 'seanet_gated_mean_topk__mstcn_sep_gated_topk_conjunctive' (id=m-80f7862d47af4134a99d6dc8f5dfcb2a) params={'model_size_mb': '1.5006', 'n_model_params': '61222', 'name': 'seanet_gated_mean_topk'}
    [mlflow] logged run 'seanet_gated_mean_topk_MiddlePhalanxOutlineAgeGroup'  (train_acc=0.8411 val_acc=0.8228 test_acc=0.6104 test_loss=0.9942)
[ 46/129] MiddlePhalanxOutlineAgeGroup DONE  acc=0.6104 loss=0.9942 AOPCR=  0.348 NDCG=  n/a C=  3 T=   80 (48s)  [45 trained / 0 failed so far]
[ 47/129] MiddlePhalanxOutlineCorrect
    stage 1/3: loading data ...
    stage 2/3: training on 481 series (val=119, C=2, T=80, batch=16) ...
    stage 3/3: scoring on 291 test series (accuracy + AOPCR) ...
    [mlflow] versioned model 'seanet_gated_mean_topk__mstcn_sep_gated_topk_conjunctive' (id=m-087a0504860e49e09f6724a8074c3c10) params={'model_size_mb': '1.5003', 'n_model_params': '61148', 'name': 'seanet_gated_mean_topk'}
    [mlflow] logged run 'seanet_gated_mean_topk_MiddlePhalanxOutlineCorrect'  (train_acc=0.8462 val_acc=0.8235 test_acc=0.7904 test_loss=0.4593)
[ 47/129] MiddlePhalanxOutlineCorrect  DONE  acc=0.7904 loss=0.4593 AOPCR=  0.578 NDCG=  n/a C=  2 T=   80 (50s)  [46 trained / 0 failed so far]
[ 48/129] MiddlePhalanxTW
    stage 1/3: loading data ...
    stage 2/3: training on 321 series (val=78, C=6, T=80, batch=16) ...
    stage 3/3: scoring on 154 test series (accuracy + AOPCR) ...
    [mlflow] versioned model 'seanet_gated_mean_topk__mstcn_sep_gated_topk_conjunctive' (id=m-11c1e141d78f4b3daf1d2a58f5ac8b5a) params={'model_size_mb': '1.5014', 'n_model_params': '61444', 'name': 'seanet_gated_mean_topk'}
    [mlflow] logged run 'seanet_gated_mean_topk_MiddlePhalanxTW'  (train_acc=0.6480 val_acc=0.6282 test_acc=0.5584 test_loss=1.0695)
[ 48/129] MiddlePhalanxTW              DONE  acc=0.5584 loss=1.0695 AOPCR=  0.617 NDCG=  n/a C=  6 T=   80 (22s)  [47 trained / 0 failed so far]
[ 49/129] MoteStrain
    stage 1/3: loading data ...
    stage 2/3: training on 20 series (no val (train-loss early stop), C=2, T=84, batch=2) ...
    stage 3/3: scoring on 1252 test series (accuracy + AOPCR) ...
    [mlflow] versioned model 'seanet_gated_mean_topk__mstcn_sep_gated_topk_conjunctive' (id=m-a30b50a1d8444e5a9597d6d75f54d6f7) params={'model_size_mb': '1.5003', 'n_model_params': '61148', 'name': 'seanet_gated_mean_topk'}
    [mlflow] logged run 'seanet_gated_mean_topk_MoteStrain'  (train_acc=1.0000 test_acc=0.8810 test_loss=0.3021)
[ 49/129] MoteStrain                   DONE  acc=0.8810 loss=0.3021 AOPCR=  1.391 NDCG=  n/a C=  2 T=   84 (47s)  [48 trained / 0 failed so far]
[ 50/129] NonInvasiveFetalECGThorax1
    stage 1/3: loading data ...
    stage 2/3: training on 1452 series (val=348, C=42, T=750, batch=16) ...
    stage 3/3: scoring on 1965 test series (accuracy + AOPCR) ...
    [mlflow] versioned model 'seanet_gated_mean_topk__mstcn_sep_gated_topk_conjunctive' (id=m-7b11b2aafeb145b099096e89cb006a5d) params={'model_size_mb': '1.5116', 'n_model_params': '64108', 'name': 'seanet_gated_mean_topk'}
    [mlflow] logged run 'seanet_gated_mean_topk_NonInvasiveFetalECGThorax1'  (train_acc=0.9938 val_acc=0.9167 test_acc=0.9079 test_loss=0.4087)
[ 50/129] NonInvasiveFetalECGThorax1   DONE  acc=0.9079 loss=0.4087 AOPCR=  1.465 NDCG=  n/a C= 42 T=  750 (323s)  [49 trained / 0 failed so far]
[ 51/129] NonInvasiveFetalECGThorax2
    stage 1/3: loading data ...
    stage 2/3: training on 1452 series (val=348, C=42, T=750, batch=16) ...
    stage 3/3: scoring on 1965 test series (accuracy + AOPCR) ...
    [mlflow] versioned model 'seanet_gated_mean_topk__mstcn_sep_gated_topk_conjunctive' (id=m-717c0162213348b6a064c38cbef2afd2) params={'model_size_mb': '1.5116', 'n_model_params': '64108', 'name': 'seanet_gated_mean_topk'}
    [mlflow] logged run 'seanet_gated_mean_topk_NonInvasiveFetalECGThorax2'  (train_acc=0.9979 val_acc=0.9425 test_acc=0.9298 test_loss=0.3519)
[ 51/129] NonInvasiveFetalECGThorax2   DONE  acc=0.9298 loss=0.3519 AOPCR=  1.406 NDCG=  n/a C= 42 T=  750 (463s)  [50 trained / 0 failed so far]
[ 52/129] OliveOil
    stage 1/3: loading data ...
    stage 2/3: training on 30 series (no val (train-loss early stop), C=4, T=570, batch=3) ...
    stage 3/3: scoring on 30 test series (accuracy + AOPCR) ...
    [mlflow] versioned model 'seanet_gated_mean_topk__mstcn_sep_gated_topk_conjunctive' (id=m-3d7611565b21424cbae704cef3d2407b) params={'model_size_mb': '1.5009', 'n_model_params': '61296', 'name': 'seanet_gated_mean_topk'}
    [mlflow] logged run 'seanet_gated_mean_topk_OliveOil'  (train_acc=0.4333 test_acc=0.4000 test_loss=1.2967)
[ 52/129] OliveOil                     DONE  acc=0.4000 loss=1.2967 AOPCR=  0.083 NDCG=  n/a C=  4 T=  570 (14s)  [51 trained / 0 failed so far]
[ 53/129] OSULeaf
    stage 1/3: loading data ...
    stage 2/3: training on 163 series (val=37, C=6, T=427, batch=16) ...
    stage 3/3: scoring on 242 test series (accuracy + AOPCR) ...
    [mlflow] versioned model 'seanet_gated_mean_topk__mstcn_sep_gated_topk_conjunctive' (id=m-6b516f110c0e467f9b531ac7acffdb6c) params={'model_size_mb': '1.5014', 'n_model_params': '61444', 'name': 'seanet_gated_mean_topk'}
    [mlflow] logged run 'seanet_gated_mean_topk_OSULeaf'  (train_acc=1.0000 val_acc=0.9730 test_acc=0.8719 test_loss=0.4295)
[ 53/129] OSULeaf                      DONE  acc=0.8719 loss=0.4295 AOPCR=  0.731 NDCG=  n/a C=  6 T=  427 (37s)  [52 trained / 0 failed so far]
[ 54/129] PhalangesOutlinesCorrect
    stage 1/3: loading data ...
    stage 2/3: training on 1441 series (val=359, C=2, T=80, batch=16) ...
    stage 3/3: scoring on 858 test series (accuracy + AOPCR) ...
    [mlflow] versioned model 'seanet_gated_mean_topk__mstcn_sep_gated_topk_conjunctive' (id=m-8280b9aceb7a467a80f198a15e9b5cc9) params={'model_size_mb': '1.5003', 'n_model_params': '61148', 'name': 'seanet_gated_mean_topk'}
    [mlflow] logged run 'seanet_gated_mean_topk_PhalangesOutlinesCorrect'  (train_acc=0.8987 val_acc=0.8524 test_acc=0.8135 test_loss=0.4172)
[ 54/129] PhalangesOutlinesCorrect     DONE  acc=0.8135 loss=0.4172 AOPCR=  0.447 NDCG=  n/a C=  2 T=   80 (150s)  [53 trained / 0 failed so far]
[ 55/129] Phoneme
    stage 1/3: loading data ...
    stage 2/3: training on 171 series (val=43, C=39, T=1024, batch=16) ...
    stage 3/3: scoring on 1896 test series (accuracy + AOPCR) ...
    [mlflow] versioned model 'seanet_gated_mean_topk__mstcn_sep_gated_topk_conjunctive' (id=m-dc8d518b4cf24b3e9f0389ec904a0d76) params={'model_size_mb': '1.5107', 'n_model_params': '63886', 'name': 'seanet_gated_mean_topk'}
    [mlflow] logged run 'seanet_gated_mean_topk_Phoneme'  (train_acc=0.4854 val_acc=0.2326 test_acc=0.2078 test_loss=2.9690)
[ 55/129] Phoneme                      DONE  acc=0.2078 loss=2.9690 AOPCR=  1.163 NDCG=  n/a C= 39 T= 1024 (10s)  [54 trained / 0 failed so far]
[ 56/129] Plane
    stage 1/3: loading data ...
    stage 2/3: training on 87 series (val=18, C=7, T=144, batch=8) ...
    stage 3/3: scoring on 105 test series (accuracy + AOPCR) ...
    [mlflow] versioned model 'seanet_gated_mean_topk__mstcn_sep_gated_topk_conjunctive' (id=m-76e67f9c63604de9bfbc4c56ae10be3a) params={'model_size_mb': '1.5017', 'n_model_params': '61518', 'name': 'seanet_gated_mean_topk'}
    [mlflow] logged run 'seanet_gated_mean_topk_Plane'  (train_acc=1.0000 val_acc=1.0000 test_acc=1.0000 test_loss=0.0760)
[ 56/129] Plane                        DONE  acc=1.0000 loss=0.0760 AOPCR=  1.049 NDCG=  n/a C=  7 T=  144 (52s)  [55 trained / 0 failed so far]
[ 57/129] ProximalPhalanxOutlineAgeGroup
    stage 1/3: loading data ...
    stage 2/3: training on 322 series (val=78, C=3, T=80, batch=16) ...
    stage 3/3: scoring on 205 test series (accuracy + AOPCR) ...
    [mlflow] versioned model 'seanet_gated_mean_topk__mstcn_sep_gated_topk_conjunctive' (id=m-f38707ca28994ca591cc94a3f4358fb1) params={'model_size_mb': '1.5006', 'n_model_params': '61222', 'name': 'seanet_gated_mean_topk'}
    [mlflow] logged run 'seanet_gated_mean_topk_ProximalPhalanxOutlineAgeGroup'  (train_acc=0.8820 val_acc=0.7821 test_acc=0.8293 test_loss=0.4186)
[ 57/129] ProximalPhalanxOutlineAgeGroup DONE  acc=0.8293 loss=0.4186 AOPCR= -0.252 NDCG=  n/a C=  3 T=   80 (49s)  [56 trained / 0 failed so far]
[ 58/129] ProximalPhalanxOutlineCorrect
    stage 1/3: loading data ...
    stage 2/3: training on 481 series (val=119, C=2, T=80, batch=16) ...
    stage 3/3: scoring on 291 test series (accuracy + AOPCR) ...
    [mlflow] versioned model 'seanet_gated_mean_topk__mstcn_sep_gated_topk_conjunctive' (id=m-2245c990aff64429821cb61aee195b65) params={'model_size_mb': '1.5003', 'n_model_params': '61148', 'name': 'seanet_gated_mean_topk'}
    [mlflow] logged run 'seanet_gated_mean_topk_ProximalPhalanxOutlineCorrect'  (train_acc=0.9730 val_acc=0.8824 test_acc=0.9003 test_loss=0.2997)
[ 58/129] ProximalPhalanxOutlineCorrect DONE  acc=0.9003 loss=0.2997 AOPCR=  0.306 NDCG=  n/a C=  2 T=   80 (103s)  [57 trained / 0 failed so far]
[ 59/129] ProximalPhalanxTW
    stage 1/3: loading data ...
    stage 2/3: training on 322 series (val=78, C=6, T=80, batch=16) ...
    stage 3/3: scoring on 205 test series (accuracy + AOPCR) ...
    [mlflow] versioned model 'seanet_gated_mean_topk__mstcn_sep_gated_topk_conjunctive' (id=m-988342c4bc0841feb20a95ac33fa233e) params={'model_size_mb': '1.5014', 'n_model_params': '61444', 'name': 'seanet_gated_mean_topk'}
    [mlflow] logged run 'seanet_gated_mean_topk_ProximalPhalanxTW'  (train_acc=0.8944 val_acc=0.8333 test_acc=0.8000 test_loss=0.5496)
[ 59/129] ProximalPhalanxTW            DONE  acc=0.8000 loss=0.5496 AOPCR= -0.884 NDCG=  n/a C=  6 T=   80 (39s)  [58 trained / 0 failed so far]
[ 60/129] RefrigerationDevices
    stage 1/3: loading data ...
    stage 2/3: training on 300 series (val=75, C=3, T=720, batch=16) ...
    stage 3/3: scoring on 375 test series (accuracy + AOPCR) ...
    [mlflow] versioned model 'seanet_gated_mean_topk__mstcn_sep_gated_topk_conjunctive' (id=m-2fa7d403100b4609a1018f69b9b5922e) params={'model_size_mb': '1.5006', 'n_model_params': '61222', 'name': 'seanet_gated_mean_topk'}
    [mlflow] logged run 'seanet_gated_mean_topk_RefrigerationDevices'  (train_acc=0.9800 val_acc=0.7467 test_acc=0.4693 test_loss=1.8900)
[ 60/129] RefrigerationDevices         DONE  acc=0.4693 loss=1.8900 AOPCR=  0.285 NDCG=  n/a C=  3 T=  720 (24s)  [59 trained / 0 failed so far]
[ 61/129] ScreenType
    stage 1/3: loading data ...
    stage 2/3: training on 300 series (val=75, C=3, T=720, batch=16) ...
    stage 3/3: scoring on 375 test series (accuracy + AOPCR) ...
    [mlflow] versioned model 'seanet_gated_mean_topk__mstcn_sep_gated_topk_conjunctive' (id=m-f69fec58f6ca4a98b98a4731075db41c) params={'model_size_mb': '1.5006', 'n_model_params': '61222', 'name': 'seanet_gated_mean_topk'}
    [mlflow] logged run 'seanet_gated_mean_topk_ScreenType'  (train_acc=0.8433 val_acc=0.6533 test_acc=0.4907 test_loss=1.1919)
[ 61/129] ScreenType                   DONE  acc=0.4907 loss=1.1919 AOPCR=  0.373 NDCG=  n/a C=  3 T=  720 (24s)  [60 trained / 0 failed so far]
[ 62/129] ShapeletSim
    stage 1/3: loading data ...
    stage 2/3: training on 20 series (no val (train-loss early stop), C=2, T=500, batch=2) ...
    stage 3/3: scoring on 180 test series (accuracy + AOPCR) ...
    [mlflow] versioned model 'seanet_gated_mean_topk__mstcn_sep_gated_topk_conjunctive' (id=m-0e84815902e84783bf8e619734d118e3) params={'model_size_mb': '1.5003', 'n_model_params': '61148', 'name': 'seanet_gated_mean_topk'}
    [mlflow] logged run 'seanet_gated_mean_topk_ShapeletSim'  (train_acc=1.0000 test_acc=1.0000 test_loss=0.0604)
[ 62/129] ShapeletSim                  DONE  acc=1.0000 loss=0.0604 AOPCR=  2.465 NDCG=  n/a C=  2 T=  500 (9s)  [61 trained / 0 failed so far]
[ 63/129] ShapesAll
    stage 1/3: loading data ...
    stage 2/3: training on 480 series (val=120, C=60, T=512, batch=16) ...
    stage 3/3: scoring on 600 test series (accuracy + AOPCR) ...
    [mlflow] versioned model 'seanet_gated_mean_topk__mstcn_sep_gated_topk_conjunctive' (id=m-e34c6efa162444199362e21020995caa) params={'model_size_mb': '1.5166', 'n_model_params': '65440', 'name': 'seanet_gated_mean_topk'}
    [mlflow] logged run 'seanet_gated_mean_topk_ShapesAll'  (train_acc=1.0000 val_acc=0.8917 test_acc=0.8550 test_loss=0.6571)
[ 63/129] ShapesAll                    DONE  acc=0.8550 loss=0.6571 AOPCR=  2.230 NDCG=  n/a C= 60 T=  512 (78s)  [62 trained / 0 failed so far]
[ 64/129] SmallKitchenAppliances
    stage 1/3: loading data ...
    stage 2/3: training on 300 series (val=75, C=3, T=720, batch=16) ...
    stage 3/3: scoring on 375 test series (accuracy + AOPCR) ...
    [mlflow] versioned model 'seanet_gated_mean_topk__mstcn_sep_gated_topk_conjunctive' (id=m-2197f19fcd8e430799ff3ddf81222b0a) params={'model_size_mb': '1.5006', 'n_model_params': '61222', 'name': 'seanet_gated_mean_topk'}
    [mlflow] logged run 'seanet_gated_mean_topk_SmallKitchenAppliances'  (train_acc=0.8867 val_acc=0.8133 test_acc=0.8027 test_loss=0.5213)
[ 64/129] SmallKitchenAppliances       DONE  acc=0.8027 loss=0.5213 AOPCR=  1.089 NDCG=  n/a C=  3 T=  720 (24s)  [63 trained / 0 failed so far]
[ 65/129] SonyAIBORobotSurface1
    stage 1/3: loading data ...
    stage 2/3: training on 20 series (no val (train-loss early stop), C=2, T=70, batch=2) ...
    stage 3/3: scoring on 601 test series (accuracy + AOPCR) ...
    [mlflow] versioned model 'seanet_gated_mean_topk__mstcn_sep_gated_topk_conjunctive' (id=m-08b33c0d4d504ffabad32548d8f1b13f) params={'model_size_mb': '1.5003', 'n_model_params': '61148', 'name': 'seanet_gated_mean_topk'}
    [mlflow] logged run 'seanet_gated_mean_topk_SonyAIBORobotSurface1'  (train_acc=1.0000 test_acc=0.7870 test_loss=0.4133)
[ 65/129] SonyAIBORobotSurface1        DONE  acc=0.7870 loss=0.4133 AOPCR= -0.477 NDCG=  n/a C=  2 T=   70 (40s)  [64 trained / 0 failed so far]
[ 66/129] SonyAIBORobotSurface2
    stage 1/3: loading data ...
    stage 2/3: training on 27 series (no val (train-loss early stop), C=2, T=65, batch=2) ...
    stage 3/3: scoring on 953 test series (accuracy + AOPCR) ...
    [mlflow] versioned model 'seanet_gated_mean_topk__mstcn_sep_gated_topk_conjunctive' (id=m-520e116e4a184b5581611721cc730768) params={'model_size_mb': '1.5003', 'n_model_params': '61148', 'name': 'seanet_gated_mean_topk'}
    [mlflow] logged run 'seanet_gated_mean_topk_SonyAIBORobotSurface2'  (train_acc=1.0000 test_acc=0.8541 test_loss=0.3230)
[ 66/129] SonyAIBORobotSurface2        DONE  acc=0.8541 loss=0.3230 AOPCR= -0.128 NDCG=  n/a C=  2 T=   65 (58s)  [65 trained / 0 failed so far]
[ 67/129] StarLightCurves
    stage 1/3: loading data ...
    stage 2/3: training on 801 series (val=199, C=3, T=1024, batch=16) ...
    stage 3/3: scoring on 8236 test series (accuracy + AOPCR) ...
    [mlflow] versioned model 'seanet_gated_mean_topk__mstcn_sep_gated_topk_conjunctive' (id=m-b8039fc5355b4927bee1d4605c01855f) params={'model_size_mb': '1.5006', 'n_model_params': '61222', 'name': 'seanet_gated_mean_topk'}
    [mlflow] logged run 'seanet_gated_mean_topk_StarLightCurves'  (train_acc=1.0000 val_acc=0.9849 test_acc=0.9703 test_loss=0.1368)
[ 67/129] StarLightCurves              DONE  acc=0.9703 loss=0.1368 AOPCR=  1.688 NDCG=  n/a C=  3 T= 1024 (241s)  [66 trained / 0 failed so far]
[ 68/129] Strawberry
    stage 1/3: loading data ...
    stage 2/3: training on 492 series (val=121, C=2, T=235, batch=16) ...
    stage 3/3: scoring on 370 test series (accuracy + AOPCR) ...
    [mlflow] versioned model 'seanet_gated_mean_topk__mstcn_sep_gated_topk_conjunctive' (id=m-d1ac57eaa8cc41edaab3a2e6db39705e) params={'model_size_mb': '1.5003', 'n_model_params': '61148', 'name': 'seanet_gated_mean_topk'}
    [mlflow] logged run 'seanet_gated_mean_topk_Strawberry'  (train_acc=0.9858 val_acc=1.0000 test_acc=0.9595 test_loss=0.1310)
[ 68/129] Strawberry                   DONE  acc=0.9595 loss=0.1310 AOPCR=  0.165 NDCG=  n/a C=  2 T=  235 (100s)  [67 trained / 0 failed so far]
[ 69/129] SwedishLeaf
    stage 1/3: loading data ...
    stage 2/3: training on 405 series (val=95, C=15, T=128, batch=16) ...
    stage 3/3: scoring on 625 test series (accuracy + AOPCR) ...
    [mlflow] versioned model 'seanet_gated_mean_topk__mstcn_sep_gated_topk_conjunctive' (id=m-c0fa2de46fcd4efabbef03070a80c0d7) params={'model_size_mb': '1.5039', 'n_model_params': '62110', 'name': 'seanet_gated_mean_topk'}
    [mlflow] logged run 'seanet_gated_mean_topk_SwedishLeaf'  (train_acc=0.9975 val_acc=0.9684 test_acc=0.9328 test_loss=0.2571)
[ 69/129] SwedishLeaf                  DONE  acc=0.9328 loss=0.2571 AOPCR=  1.167 NDCG=  n/a C= 15 T=  128 (69s)  [68 trained / 0 failed so far]
[ 70/129] Symbols
    stage 1/3: loading data ...
    stage 2/3: training on 25 series (no val (train-loss early stop), C=6, T=398, batch=2) ...
    stage 3/3: scoring on 995 test series (accuracy + AOPCR) ...
    [mlflow] versioned model 'seanet_gated_mean_topk__mstcn_sep_gated_topk_conjunctive' (id=m-3af11de87197420c82b3d131c531a796) params={'model_size_mb': '1.5014', 'n_model_params': '61444', 'name': 'seanet_gated_mean_topk'}
    [mlflow] logged run 'seanet_gated_mean_topk_Symbols'  (train_acc=1.0000 test_acc=0.9437 test_loss=0.2570)
[ 70/129] Symbols                      DONE  acc=0.9437 loss=0.2570 AOPCR=  1.167 NDCG=  n/a C=  6 T=  398 (59s)  [69 trained / 0 failed so far]
[ 71/129] SyntheticControl
    stage 1/3: loading data ...
    stage 2/3: training on 240 series (val=60, C=6, T=60, batch=16) ...
    stage 3/3: scoring on 300 test series (accuracy + AOPCR) ...
    [mlflow] versioned model 'seanet_gated_mean_topk__mstcn_sep_gated_topk_conjunctive' (id=m-42da2400d4cd4b179d5f15de6b8eef98) params={'model_size_mb': '1.5014', 'n_model_params': '61444', 'name': 'seanet_gated_mean_topk'}
    [mlflow] logged run 'seanet_gated_mean_topk_SyntheticControl'  (train_acc=1.0000 val_acc=1.0000 test_acc=0.9933 test_loss=0.1280)
[ 71/129] SyntheticControl             DONE  acc=0.9933 loss=0.1280 AOPCR=  0.395 NDCG=  n/a C=  6 T=   60 (69s)  [70 trained / 0 failed so far]
[ 72/129] ToeSegmentation1
    stage 1/3: loading data ...
    stage 2/3: training on 40 series (no val (train-loss early stop), C=2, T=277, batch=4) ...
    stage 3/3: scoring on 228 test series (accuracy + AOPCR) ...
    [mlflow] versioned model 'seanet_gated_mean_topk__mstcn_sep_gated_topk_conjunctive' (id=m-8648d658746342f287dcb326eecdcd17) params={'model_size_mb': '1.5003', 'n_model_params': '61148', 'name': 'seanet_gated_mean_topk'}
    [mlflow] logged run 'seanet_gated_mean_topk_ToeSegmentation1'  (train_acc=1.0000 test_acc=0.9342 test_loss=0.1921)
[ 72/129] ToeSegmentation1             DONE  acc=0.9342 loss=0.1921 AOPCR=  0.238 NDCG=  n/a C=  2 T=  277 (21s)  [71 trained / 0 failed so far]
[ 73/129] ToeSegmentation2
    stage 1/3: loading data ...
    stage 2/3: training on 36 series (no val (train-loss early stop), C=2, T=343, batch=3) ...
    stage 3/3: scoring on 130 test series (accuracy + AOPCR) ...
    [mlflow] versioned model 'seanet_gated_mean_topk__mstcn_sep_gated_topk_conjunctive' (id=m-b4a70c945f73490fa62314cf5182d72d) params={'model_size_mb': '1.5003', 'n_model_params': '61148', 'name': 'seanet_gated_mean_topk'}
    [mlflow] logged run 'seanet_gated_mean_topk_ToeSegmentation2'  (train_acc=1.0000 test_acc=0.9538 test_loss=0.2039)
[ 73/129] ToeSegmentation2             DONE  acc=0.9538 loss=0.2039 AOPCR=  0.418 NDCG=  n/a C=  2 T=  343 (57s)  [72 trained / 0 failed so far]
[ 74/129] Trace
    stage 1/3: loading data ...
    stage 2/3: training on 81 series (val=19, C=4, T=275, batch=8) ...
    stage 3/3: scoring on 100 test series (accuracy + AOPCR) ...
    [mlflow] versioned model 'seanet_gated_mean_topk__mstcn_sep_gated_topk_conjunctive' (id=m-18de3cb0f2624cfcbff87673eedf03bf) params={'model_size_mb': '1.5009', 'n_model_params': '61296', 'name': 'seanet_gated_mean_topk'}
    [mlflow] logged run 'seanet_gated_mean_topk_Trace'  (train_acc=1.0000 val_acc=1.0000 test_acc=1.0000 test_loss=0.0819)
[ 74/129] Trace                        DONE  acc=1.0000 loss=0.0819 AOPCR=  1.399 NDCG=  n/a C=  4 T=  275 (45s)  [73 trained / 0 failed so far]
[ 75/129] TwoLeadECG
    stage 1/3: loading data ...
    stage 2/3: training on 23 series (no val (train-loss early stop), C=2, T=82, batch=2) ...
    stage 3/3: scoring on 1139 test series (accuracy + AOPCR) ...
    [mlflow] versioned model 'seanet_gated_mean_topk__mstcn_sep_gated_topk_conjunctive' (id=m-61aedfb9fe5042989cae867622762eaa) params={'model_size_mb': '1.5003', 'n_model_params': '61148', 'name': 'seanet_gated_mean_topk'}
    [mlflow] logged run 'seanet_gated_mean_topk_TwoLeadECG'  (train_acc=1.0000 test_acc=0.9719 test_loss=0.1207)
[ 75/129] TwoLeadECG                   DONE  acc=0.9719 loss=0.1207 AOPCR=  0.944 NDCG=  n/a C=  2 T=   82 (28s)  [74 trained / 0 failed so far]
[ 76/129] TwoPatterns
    stage 1/3: loading data ...
    stage 2/3: training on 801 series (val=199, C=4, T=128, batch=16) ...
    stage 3/3: scoring on 4000 test series (accuracy + AOPCR) ...
    [mlflow] versioned model 'seanet_gated_mean_topk__mstcn_sep_gated_topk_conjunctive' (id=m-f5fc4078f5b64056b05f735bde0484ad) params={'model_size_mb': '1.5009', 'n_model_params': '61296', 'name': 'seanet_gated_mean_topk'}
    [mlflow] logged run 'seanet_gated_mean_topk_TwoPatterns'  (train_acc=1.0000 val_acc=1.0000 test_acc=1.0000 test_loss=0.0829)
[ 76/129] TwoPatterns                  DONE  acc=1.0000 loss=0.0829 AOPCR=  3.075 NDCG=  n/a C=  4 T=  128 (89s)  [75 trained / 0 failed so far]
[ 77/129] UWaveGestureLibraryAll
    stage 1/3: loading data ...
    stage 2/3: training on 719 series (val=177, C=8, T=945, batch=16) ...
    stage 3/3: scoring on 3582 test series (accuracy + AOPCR) ...
    [mlflow] versioned model 'seanet_gated_mean_topk__mstcn_sep_gated_topk_conjunctive' (id=m-6f692558a2c24e4aa25d2987d984c09b) params={'model_size_mb': '1.502', 'n_model_params': '61592', 'name': 'seanet_gated_mean_topk'}
    [mlflow] logged run 'seanet_gated_mean_topk_UWaveGestureLibraryAll'  (train_acc=1.0000 val_acc=0.9718 test_acc=0.9654 test_loss=0.2162)
[ 77/129] UWaveGestureLibraryAll       DONE  acc=0.9654 loss=0.2162 AOPCR=  2.029 NDCG=  n/a C=  8 T=  945 (163s)  [76 trained / 0 failed so far]
[ 78/129] UWaveGestureLibraryX
    stage 1/3: loading data ...
    stage 2/3: training on 719 series (val=177, C=8, T=315, batch=16) ...
    stage 3/3: scoring on 3582 test series (accuracy + AOPCR) ...
    [mlflow] versioned model 'seanet_gated_mean_topk__mstcn_sep_gated_topk_conjunctive' (id=m-c2d1d040f6ac4927950b63d0b2ef6e74) params={'model_size_mb': '1.502', 'n_model_params': '61592', 'name': 'seanet_gated_mean_topk'}
    [mlflow] logged run 'seanet_gated_mean_topk_UWaveGestureLibraryX'  (train_acc=0.9903 val_acc=0.8701 test_acc=0.8046 test_loss=0.6181)
[ 78/129] UWaveGestureLibraryX         DONE  acc=0.8046 loss=0.6181 AOPCR=  1.700 NDCG=  n/a C=  8 T=  315 (49s)  [77 trained / 0 failed so far]
[ 79/129] UWaveGestureLibraryY
    stage 1/3: loading data ...
    stage 2/3: training on 719 series (val=177, C=8, T=315, batch=16) ...
    stage 3/3: scoring on 3582 test series (accuracy + AOPCR) ...
    [mlflow] versioned model 'seanet_gated_mean_topk__mstcn_sep_gated_topk_conjunctive' (id=m-ba252f60dc3c4ca59cce2fad52d776e4) params={'model_size_mb': '1.502', 'n_model_params': '61592', 'name': 'seanet_gated_mean_topk'}
    [mlflow] logged run 'seanet_gated_mean_topk_UWaveGestureLibraryY'  (train_acc=0.9680 val_acc=0.7006 test_acc=0.7306 test_loss=0.8259)
[ 79/129] UWaveGestureLibraryY         DONE  acc=0.7306 loss=0.8259 AOPCR=  1.548 NDCG=  n/a C=  8 T=  315 (49s)  [78 trained / 0 failed so far]
[ 80/129] UWaveGestureLibraryZ
    stage 1/3: loading data ...
    stage 2/3: training on 719 series (val=177, C=8, T=315, batch=16) ...
    stage 3/3: scoring on 3582 test series (accuracy + AOPCR) ...
    [mlflow] versioned model 'seanet_gated_mean_topk__mstcn_sep_gated_topk_conjunctive' (id=m-72bc5a6b19e2421ba5c7609e117ca681) params={'model_size_mb': '1.502', 'n_model_params': '61592', 'name': 'seanet_gated_mean_topk'}
    [mlflow] logged run 'seanet_gated_mean_topk_UWaveGestureLibraryZ'  (train_acc=0.8234 val_acc=0.6780 test_acc=0.7111 test_loss=0.7801)
[ 80/129] UWaveGestureLibraryZ         DONE  acc=0.7111 loss=0.7801 AOPCR=  1.616 NDCG=  n/a C=  8 T=  315 (39s)  [79 trained / 0 failed so far]
[ 81/129] Wafer
    stage 1/3: loading data ...
    stage 2/3: training on 801 series (val=199, C=2, T=152, batch=16) ...
    stage 3/3: scoring on 6164 test series (accuracy + AOPCR) ...
    [mlflow] versioned model 'seanet_gated_mean_topk__mstcn_sep_gated_topk_conjunctive' (id=m-62cde9c286ff450fbe24fd045aabbaac) params={'model_size_mb': '1.5003', 'n_model_params': '61148', 'name': 'seanet_gated_mean_topk'}
    [mlflow] logged run 'seanet_gated_mean_topk_Wafer'  (train_acc=1.0000 val_acc=1.0000 test_acc=0.9977 test_loss=0.0752)
[ 81/129] Wafer                        DONE  acc=0.9977 loss=0.0752 AOPCR=  0.502 NDCG=  n/a C=  2 T=  152 (69s)  [80 trained / 0 failed so far]
[ 82/129] Wine
    stage 1/3: loading data ...
    stage 2/3: training on 57 series (no val (train-loss early stop), C=2, T=234, batch=5) ...
    stage 3/3: scoring on 54 test series (accuracy + AOPCR) ...
    [mlflow] versioned model 'seanet_gated_mean_topk__mstcn_sep_gated_topk_conjunctive' (id=m-69d487df126f4c57865a4ed1c8a3732c) params={'model_size_mb': '1.5003', 'n_model_params': '61148', 'name': 'seanet_gated_mean_topk'}
    [mlflow] logged run 'seanet_gated_mean_topk_Wine'  (train_acc=0.5789 test_acc=0.5000 test_loss=0.6912)
[ 82/129] Wine                         DONE  acc=0.5000 loss=0.6912 AOPCR=  2.271 NDCG=  n/a C=  2 T=  234 (59s)  [81 trained / 0 failed so far]
[ 83/129] WordSynonyms
    stage 1/3: loading data ...
    stage 2/3: training on 217 series (val=50, C=25, T=270, batch=16) ...
    stage 3/3: scoring on 638 test series (accuracy + AOPCR) ...
    [mlflow] versioned model 'seanet_gated_mean_topk__mstcn_sep_gated_topk_conjunctive' (id=m-dd9200fa3a234f47af7c431cf04e2570) params={'model_size_mb': '1.5067', 'n_model_params': '62850', 'name': 'seanet_gated_mean_topk'}
    [mlflow] logged run 'seanet_gated_mean_topk_WordSynonyms'  (train_acc=1.0000 val_acc=0.8000 test_acc=0.7445 test_loss=1.0955)
[ 83/129] WordSynonyms                 DONE  acc=0.7445 loss=1.0955 AOPCR=  1.278 NDCG=  n/a C= 25 T=  270 (72s)  [82 trained / 0 failed so far]
[ 84/129] Worms
    stage 1/3: loading data ...
    stage 2/3: training on 146 series (val=35, C=5, T=900, batch=14) ...
    stage 3/3: scoring on 77 test series (accuracy + AOPCR) ...
    [mlflow] versioned model 'seanet_gated_mean_topk__mstcn_sep_gated_topk_conjunctive' (id=m-394dc02fed1b48d0939b55f88088a0b7) params={'model_size_mb': '1.5011', 'n_model_params': '61370', 'name': 'seanet_gated_mean_topk'}
    [mlflow] logged run 'seanet_gated_mean_topk_Worms'  (train_acc=0.9247 val_acc=0.6857 test_acc=0.6104 test_loss=0.9716)
[ 84/129] Worms                        DONE  acc=0.6104 loss=0.9716 AOPCR=  1.463 NDCG=  n/a C=  5 T=  900 (12s)  [83 trained / 0 failed so far]
[ 85/129] WormsTwoClass
    stage 1/3: loading data ...
    stage 2/3: training on 145 series (val=36, C=2, T=900, batch=14) ...
    stage 3/3: scoring on 77 test series (accuracy + AOPCR) ...
    [mlflow] versioned model 'seanet_gated_mean_topk__mstcn_sep_gated_topk_conjunctive' (id=m-22d7fd364e424fafa7101643dad6a5b0) params={'model_size_mb': '1.5003', 'n_model_params': '61148', 'name': 'seanet_gated_mean_topk'}
    [mlflow] logged run 'seanet_gated_mean_topk_WormsTwoClass'  (train_acc=0.8690 val_acc=0.6389 test_acc=0.7013 test_loss=0.5528)
[ 85/129] WormsTwoClass                DONE  acc=0.7013 loss=0.5528 AOPCR=  1.186 NDCG=  n/a C=  2 T=  900 (10s)  [84 trained / 0 failed so far]
[ 86/129] Yoga
    stage 1/3: loading data ...
    stage 2/3: training on 241 series (val=59, C=2, T=426, batch=16) ...
    stage 3/3: scoring on 3000 test series (accuracy + AOPCR) ...
    [mlflow] versioned model 'seanet_gated_mean_topk__mstcn_sep_gated_topk_conjunctive' (id=m-90445f5c0a8f419eaea00d647694ea37) params={'model_size_mb': '1.5003', 'n_model_params': '61148', 'name': 'seanet_gated_mean_topk'}
    [mlflow] logged run 'seanet_gated_mean_topk_Yoga'  (train_acc=1.0000 val_acc=0.9831 test_acc=0.8840 test_loss=0.2953)
[ 86/129] Yoga                         DONE  acc=0.8840 loss=0.2953 AOPCR=  1.721 NDCG=  n/a C=  2 T=  426 (35s)  [85 trained / 0 failed so far]
[ 87/129] ACSF1
    stage 1/3: loading data ...
    stage 2/3: training on 80 series (val=20, C=10, T=1460, batch=8) ...
    stage 3/3: scoring on 100 test series (accuracy + AOPCR) ...
    [mlflow] versioned model 'seanet_gated_mean_topk__mstcn_sep_gated_topk_conjunctive' (id=m-bcaf10678ba14497911d9a0648a48ca3) params={'model_size_mb': '1.5025', 'n_model_params': '61740', 'name': 'seanet_gated_mean_topk'}
    [mlflow] logged run 'seanet_gated_mean_topk_ACSF1'  (train_acc=0.9375 val_acc=0.8000 test_acc=0.7800 test_loss=0.6733)
[ 87/129] ACSF1                        DONE  acc=0.7800 loss=0.6733 AOPCR=  1.216 NDCG=  n/a C= 10 T= 1460 (27s)  [86 trained / 0 failed so far]
[ 88/129] AllGestureWiimoteX
    stage 1/3: loading data ...
    stage 2/3: training on 240 series (val=60, C=10, T=500, batch=16) ...
    stage 3/3: scoring on 700 test series (accuracy + AOPCR) ...
    [mlflow] versioned model 'seanet_gated_mean_topk__mstcn_sep_gated_topk_conjunctive' (id=m-ee0cdce691a540dc868310b329403e72) params={'model_size_mb': '1.5025', 'n_model_params': '61740', 'name': 'seanet_gated_mean_topk'}
    [mlflow] logged run 'seanet_gated_mean_topk_AllGestureWiimoteX'  (train_acc=1.0000 val_acc=0.8833 test_acc=0.7614 test_loss=0.8298)
[ 88/129] AllGestureWiimoteX           DONE  acc=0.7614 loss=0.8298 AOPCR=  1.696 NDCG=  n/a C= 10 T=  500 (34s)  [87 trained / 0 failed so far]
[ 89/129] AllGestureWiimoteY
    stage 1/3: loading data ...
    stage 2/3: training on 240 series (val=60, C=10, T=500, batch=16) ...
    stage 3/3: scoring on 700 test series (accuracy + AOPCR) ...
    [mlflow] versioned model 'seanet_gated_mean_topk__mstcn_sep_gated_topk_conjunctive' (id=m-b8f634caa1074dc8a27e97c684677fb5) params={'model_size_mb': '1.5025', 'n_model_params': '61740', 'name': 'seanet_gated_mean_topk'}
    [mlflow] logged run 'seanet_gated_mean_topk_AllGestureWiimoteY'  (train_acc=1.0000 val_acc=0.8167 test_acc=0.7943 test_loss=0.7447)
[ 89/129] AllGestureWiimoteY           DONE  acc=0.7943 loss=0.7447 AOPCR=  2.773 NDCG=  n/a C= 10 T=  500 (22s)  [88 trained / 0 failed so far]
[ 90/129] AllGestureWiimoteZ
    stage 1/3: loading data ...
    stage 2/3: training on 240 series (val=60, C=10, T=500, batch=16) ...
    stage 3/3: scoring on 700 test series (accuracy + AOPCR) ...
    [mlflow] versioned model 'seanet_gated_mean_topk__mstcn_sep_gated_topk_conjunctive' (id=m-d1ada2147b3f4ef2be43a7e62d00b7e5) params={'model_size_mb': '1.5025', 'n_model_params': '61740', 'name': 'seanet_gated_mean_topk'}
    [mlflow] logged run 'seanet_gated_mean_topk_AllGestureWiimoteZ'  (train_acc=1.0000 val_acc=0.7333 test_acc=0.7371 test_loss=0.9241)
[ 90/129] AllGestureWiimoteZ           DONE  acc=0.7371 loss=0.9241 AOPCR=  1.970 NDCG=  n/a C= 10 T=  500 (29s)  [89 trained / 0 failed so far]
[ 91/129] BME
    stage 1/3: loading data ...
    stage 2/3: training on 30 series (no val (train-loss early stop), C=3, T=128, batch=3) ...
    stage 3/3: scoring on 150 test series (accuracy + AOPCR) ...
    [mlflow] versioned model 'seanet_gated_mean_topk__mstcn_sep_gated_topk_conjunctive' (id=m-4af533941d99445091abec59753f08da) params={'model_size_mb': '1.5006', 'n_model_params': '61222', 'name': 'seanet_gated_mean_topk'}
    [mlflow] logged run 'seanet_gated_mean_topk_BME'  (train_acc=1.0000 test_acc=0.9933 test_loss=0.1044)
[ 91/129] BME                          DONE  acc=0.9933 loss=0.1044 AOPCR=  1.624 NDCG=  n/a C=  3 T=  128 (13s)  [90 trained / 0 failed so far]
[ 92/129] Chinatown
    stage 1/3: loading data ...
    stage 2/3: training on 20 series (no val (train-loss early stop), C=2, T=24, batch=2) ...
    stage 3/3: scoring on 343 test series (accuracy + AOPCR) ...
    [mlflow] versioned model 'seanet_gated_mean_topk__mstcn_sep_gated_topk_conjunctive' (id=m-4c7da93185c94c32b54fc2aa808bf35e) params={'model_size_mb': '1.5003', 'n_model_params': '61148', 'name': 'seanet_gated_mean_topk'}
    [mlflow] logged run 'seanet_gated_mean_topk_Chinatown'  (train_acc=1.0000 test_acc=0.9825 test_loss=0.0984)
[ 92/129] Chinatown                    DONE  acc=0.9825 loss=0.0984 AOPCR=  0.789 NDCG=  n/a C=  2 T=   24 (24s)  [91 trained / 0 failed so far]
[ 93/129] Crop
    stage 1/3: loading data ...
    stage 2/3: training on 5760 series (val=1440, C=24, T=46, batch=16) ...
    stage 3/3: scoring on 16800 test series (accuracy + AOPCR) ...
    [mlflow] versioned model 'seanet_gated_mean_topk__mstcn_sep_gated_topk_conjunctive' (id=m-0823a95e130c4e17a9a5321317f3b314) params={'model_size_mb': '1.5065', 'n_model_params': '62776', 'name': 'seanet_gated_mean_topk'}
    [mlflow] logged run 'seanet_gated_mean_topk_Crop'  (train_acc=0.8182 val_acc=0.7188 test_acc=0.7153 test_loss=0.9185)
[ 93/129] Crop                         DONE  acc=0.7153 loss=0.9185 AOPCR=  0.862 NDCG=  n/a C= 24 T=   46 (426s)  [92 trained / 0 failed so far]
[ 94/129] DodgerLoopDay
    stage 1/3: loading data ...
    stage 2/3: training on 78 series (no val (train-loss early stop), C=7, T=288, batch=7) ...
    stage 3/3: scoring on 80 test series (accuracy + AOPCR) ...
    [mlflow] versioned model 'seanet_gated_mean_topk__mstcn_sep_gated_topk_conjunctive' (id=m-4550a1ee246d4a3387670a84d9953345) params={'model_size_mb': '1.5017', 'n_model_params': '61518', 'name': 'seanet_gated_mean_topk'}
    [mlflow] logged run 'seanet_gated_mean_topk_DodgerLoopDay'  (train_acc=1.0000 test_acc=0.6000 test_loss=1.2366)
[ 94/129] DodgerLoopDay                DONE  acc=0.6000 loss=1.2366 AOPCR=  0.935 NDCG=  n/a C=  7 T=  288 (40s)  [93 trained / 0 failed so far]
[ 95/129] DodgerLoopGame
    stage 1/3: loading data ...
    stage 2/3: training on 20 series (no val (train-loss early stop), C=2, T=288, batch=2) ...
    stage 3/3: scoring on 138 test series (accuracy + AOPCR) ...
    [mlflow] versioned model 'seanet_gated_mean_topk__mstcn_sep_gated_topk_conjunctive' (id=m-668acccd0d4145ddb937a1d76b187339) params={'model_size_mb': '1.5003', 'n_model_params': '61148', 'name': 'seanet_gated_mean_topk'}
    [mlflow] logged run 'seanet_gated_mean_topk_DodgerLoopGame'  (train_acc=1.0000 test_acc=0.9348 test_loss=0.1897)
[ 95/129] DodgerLoopGame               DONE  acc=0.9348 loss=0.1897 AOPCR=  1.894 NDCG=  n/a C=  2 T=  288 (36s)  [94 trained / 0 failed so far]
[ 96/129] DodgerLoopWeekend
    stage 1/3: loading data ...
    stage 2/3: training on 20 series (no val (train-loss early stop), C=2, T=288, batch=2) ...
    stage 3/3: scoring on 138 test series (accuracy + AOPCR) ...
    [mlflow] versioned model 'seanet_gated_mean_topk__mstcn_sep_gated_topk_conjunctive' (id=m-85fa84ab47f748918c62f55750be8187) params={'model_size_mb': '1.5003', 'n_model_params': '61148', 'name': 'seanet_gated_mean_topk'}
    [mlflow] logged run 'seanet_gated_mean_topk_DodgerLoopWeekend'  (train_acc=1.0000 test_acc=0.9783 test_loss=0.1055)
[ 96/129] DodgerLoopWeekend            DONE  acc=0.9783 loss=0.1055 AOPCR=  1.531 NDCG=  n/a C=  2 T=  288 (23s)  [95 trained / 0 failed so far]
[ 97/129] EOGHorizontalSignal
    stage 1/3: loading data ...
    stage 2/3: training on 290 series (val=72, C=12, T=1250, batch=16) ...
    stage 3/3: scoring on 362 test series (accuracy + AOPCR) ...
    [mlflow] versioned model 'seanet_gated_mean_topk__mstcn_sep_gated_topk_conjunctive' (id=m-11fc5bcebcd44736bd5c76fa38b40ac4) params={'model_size_mb': '1.5031', 'n_model_params': '61888', 'name': 'seanet_gated_mean_topk'}
    [mlflow] logged run 'seanet_gated_mean_topk_EOGHorizontalSignal'  (train_acc=1.0000 val_acc=0.9028 test_acc=0.4669 test_loss=1.8716)
[ 97/129] EOGHorizontalSignal          DONE  acc=0.4669 loss=1.8716 AOPCR=  1.427 NDCG=  n/a C= 12 T= 1250 (76s)  [96 trained / 0 failed so far]
[ 98/129] EOGVerticalSignal
    stage 1/3: loading data ...
    stage 2/3: training on 290 series (val=72, C=12, T=1250, batch=16) ...
    stage 3/3: scoring on 362 test series (accuracy + AOPCR) ...
    [mlflow] versioned model 'seanet_gated_mean_topk__mstcn_sep_gated_topk_conjunctive' (id=m-0eba9e02c5a74c1bb242dca0a7f34859) params={'model_size_mb': '1.5031', 'n_model_params': '61888', 'name': 'seanet_gated_mean_topk'}
    [mlflow] logged run 'seanet_gated_mean_topk_EOGVerticalSignal'  (train_acc=1.0000 val_acc=0.8333 test_acc=0.4751 test_loss=1.8178)
[ 98/129] EOGVerticalSignal            DONE  acc=0.4751 loss=1.8178 AOPCR=  1.632 NDCG=  n/a C= 12 T= 1250 (49s)  [97 trained / 0 failed so far]
[ 99/129] EthanolLevel
    stage 1/3: loading data ...
    stage 2/3: training on 404 series (val=100, C=4, T=1751, batch=16) ...
    stage 3/3: scoring on 500 test series (accuracy + AOPCR) ...
    [mlflow] versioned model 'seanet_gated_mean_topk__mstcn_sep_gated_topk_conjunctive' (id=m-8021591912db43708d8d20ca3f118b19) params={'model_size_mb': '1.5009', 'n_model_params': '61296', 'name': 'seanet_gated_mean_topk'}
    [mlflow] logged run 'seanet_gated_mean_topk_EthanolLevel'  (train_acc=0.9431 val_acc=0.9000 test_acc=0.7700 test_loss=0.5124)
[ 99/129] EthanolLevel                 DONE  acc=0.7700 loss=0.5124 AOPCR=  0.218 NDCG=  n/a C=  4 T= 1751 (84s)  [98 trained / 0 failed so far]
[100/129] FreezerRegularTrain
    stage 1/3: loading data ...
    stage 2/3: training on 120 series (val=30, C=2, T=301, batch=12) ...
    stage 3/3: scoring on 2850 test series (accuracy + AOPCR) ...
    [mlflow] versioned model 'seanet_gated_mean_topk__mstcn_sep_gated_topk_conjunctive' (id=m-9587f74ebed8461a898a00c4e2cd63d1) params={'model_size_mb': '1.5003', 'n_model_params': '61148', 'name': 'seanet_gated_mean_topk'}
    [mlflow] logged run 'seanet_gated_mean_topk_FreezerRegularTrain'  (train_acc=1.0000 val_acc=1.0000 test_acc=0.9972 test_loss=0.0576)
[100/129] FreezerRegularTrain          DONE  acc=0.9972 loss=0.0576 AOPCR=  0.756 NDCG=  n/a C=  2 T=  301 (26s)  [99 trained / 0 failed so far]
[101/129] FreezerSmallTrain
    stage 1/3: loading data ...
    stage 2/3: training on 28 series (no val (train-loss early stop), C=2, T=301, batch=2) ...
    stage 3/3: scoring on 2850 test series (accuracy + AOPCR) ...
    [mlflow] versioned model 'seanet_gated_mean_topk__mstcn_sep_gated_topk_conjunctive' (id=m-2ee77c3e90694428b862411156996bea) params={'model_size_mb': '1.5003', 'n_model_params': '61148', 'name': 'seanet_gated_mean_topk'}
    [mlflow] logged run 'seanet_gated_mean_topk_FreezerSmallTrain'  (train_acc=1.0000 test_acc=0.6688 test_loss=0.8386)
[101/129] FreezerSmallTrain            DONE  acc=0.6688 loss=0.8386 AOPCR=  1.432 NDCG=  n/a C=  2 T=  301 (54s)  [100 trained / 0 failed so far]
[102/129] Fungi
    stage 1/3: loading data ...
    stage 2/3: training on 18 series (no val (train-loss early stop), C=18, T=201, batch=2) ...
    stage 3/3: scoring on 186 test series (accuracy + AOPCR) ...
    [mlflow] versioned model 'seanet_gated_mean_topk__mstcn_sep_gated_topk_conjunctive' (id=m-718d0b0e31474fe1941f08c4cac84d41) params={'model_size_mb': '1.5048', 'n_model_params': '62332', 'name': 'seanet_gated_mean_topk'}
    [mlflow] logged run 'seanet_gated_mean_topk_Fungi'  (train_acc=1.0000 test_acc=0.9892 test_loss=0.1536)
[102/129] Fungi                        DONE  acc=0.9892 loss=0.1536 AOPCR=  1.220 NDCG=  n/a C= 18 T=  201 (35s)  [101 trained / 0 failed so far]
[103/129] GestureMidAirD1
    stage 1/3: loading data ...
    stage 2/3: training on 182 series (val=26, C=26, T=360, batch=16) ...
    stage 3/3: scoring on 130 test series (accuracy + AOPCR) ...
    [mlflow] versioned model 'seanet_gated_mean_topk__mstcn_sep_gated_topk_conjunctive' (id=m-618b561ff89243ff8abdb18360c32b7a) params={'model_size_mb': '1.507', 'n_model_params': '62924', 'name': 'seanet_gated_mean_topk'}
    [mlflow] logged run 'seanet_gated_mean_topk_GestureMidAirD1'  (train_acc=0.9835 val_acc=0.7692 test_acc=0.7154 test_loss=1.1497)
[103/129] GestureMidAirD1              DONE  acc=0.7154 loss=1.1497 AOPCR=  3.079 NDCG=  n/a C= 26 T=  360 (20s)  [102 trained / 0 failed so far]
[104/129] GestureMidAirD2
    stage 1/3: loading data ...
    stage 2/3: training on 182 series (val=26, C=26, T=360, batch=16) ...
    stage 3/3: scoring on 130 test series (accuracy + AOPCR) ...
    [mlflow] versioned model 'seanet_gated_mean_topk__mstcn_sep_gated_topk_conjunctive' (id=m-b45f54638ddc48e49d70f2be046862b4) params={'model_size_mb': '1.507', 'n_model_params': '62924', 'name': 'seanet_gated_mean_topk'}
    [mlflow] logged run 'seanet_gated_mean_topk_GestureMidAirD2'  (train_acc=0.6923 val_acc=0.5000 test_acc=0.5846 test_loss=1.1864)
[104/129] GestureMidAirD2              DONE  acc=0.5846 loss=1.1864 AOPCR=  2.319 NDCG=  n/a C= 26 T=  360 (13s)  [103 trained / 0 failed so far]
[105/129] GestureMidAirD3
    stage 1/3: loading data ...
    stage 2/3: training on 182 series (val=26, C=26, T=360, batch=16) ...
    stage 3/3: scoring on 130 test series (accuracy + AOPCR) ...
    [mlflow] versioned model 'seanet_gated_mean_topk__mstcn_sep_gated_topk_conjunctive' (id=m-1c3df703c3c548f08aac23e8257a8314) params={'model_size_mb': '1.507', 'n_model_params': '62924', 'name': 'seanet_gated_mean_topk'}
    [mlflow] logged run 'seanet_gated_mean_topk_GestureMidAirD3'  (train_acc=0.6923 val_acc=0.3462 test_acc=0.3462 test_loss=2.3136)
[105/129] GestureMidAirD3              DONE  acc=0.3462 loss=2.3136 AOPCR=  2.019 NDCG=  n/a C= 26 T=  360 (12s)  [104 trained / 0 failed so far]
[106/129] GesturePebbleZ1
    stage 1/3: loading data ...
    stage 2/3: training on 107 series (val=25, C=6, T=455, batch=10) ...
    stage 3/3: scoring on 172 test series (accuracy + AOPCR) ...
    [mlflow] versioned model 'seanet_gated_mean_topk__mstcn_sep_gated_topk_conjunctive' (id=m-a715e1d7cab14c01a0b3719fa1687934) params={'model_size_mb': '1.5014', 'n_model_params': '61444', 'name': 'seanet_gated_mean_topk'}
    [mlflow] logged run 'seanet_gated_mean_topk_GesturePebbleZ1'  (train_acc=1.0000 val_acc=1.0000 test_acc=0.9128 test_loss=0.2972)
[106/129] GesturePebbleZ1              DONE  acc=0.9128 loss=0.2972 AOPCR=  2.045 NDCG=  n/a C=  6 T=  455 (27s)  [105 trained / 0 failed so far]
[107/129] GesturePebbleZ2
    stage 1/3: loading data ...
    stage 2/3: training on 120 series (val=26, C=6, T=455, batch=12) ...
    stage 3/3: scoring on 158 test series (accuracy + AOPCR) ...
    [mlflow] versioned model 'seanet_gated_mean_topk__mstcn_sep_gated_topk_conjunctive' (id=m-95e7c69c74c74715be00ad157d48ff63) params={'model_size_mb': '1.5014', 'n_model_params': '61444', 'name': 'seanet_gated_mean_topk'}
    [mlflow] logged run 'seanet_gated_mean_topk_GesturePebbleZ2'  (train_acc=1.0000 val_acc=1.0000 test_acc=0.9241 test_loss=0.3355)
[107/129] GesturePebbleZ2              DONE  acc=0.9241 loss=0.3355 AOPCR=  1.471 NDCG=  n/a C=  6 T=  455 (36s)  [106 trained / 0 failed so far]
[108/129] GunPointAgeSpan
    stage 1/3: loading data ...
    stage 2/3: training on 109 series (val=26, C=2, T=150, batch=10) ...
    stage 3/3: scoring on 316 test series (accuracy + AOPCR) ...
    [mlflow] versioned model 'seanet_gated_mean_topk__mstcn_sep_gated_topk_conjunctive' (id=m-e4c64b54fafa4abfab85a1109d9e4df0) params={'model_size_mb': '1.5003', 'n_model_params': '61148', 'name': 'seanet_gated_mean_topk'}
    [mlflow] logged run 'seanet_gated_mean_topk_GunPointAgeSpan'  (train_acc=1.0000 val_acc=1.0000 test_acc=0.9810 test_loss=0.0991)
[108/129] GunPointAgeSpan              DONE  acc=0.9810 loss=0.0991 AOPCR=  1.053 NDCG=  n/a C=  2 T=  150 (42s)  [107 trained / 0 failed so far]
[109/129] GunPointMaleVersusFemale
    stage 1/3: loading data ...
    stage 2/3: training on 109 series (val=26, C=2, T=150, batch=10) ...
    stage 3/3: scoring on 316 test series (accuracy + AOPCR) ...
    [mlflow] versioned model 'seanet_gated_mean_topk__mstcn_sep_gated_topk_conjunctive' (id=m-49ebe178fe104570862f283ffa46489b) params={'model_size_mb': '1.5003', 'n_model_params': '61148', 'name': 'seanet_gated_mean_topk'}
    [mlflow] logged run 'seanet_gated_mean_topk_GunPointMaleVersusFemale'  (train_acc=1.0000 val_acc=1.0000 test_acc=0.9905 test_loss=0.0855)
[109/129] GunPointMaleVersusFemale     DONE  acc=0.9905 loss=0.0855 AOPCR=  2.496 NDCG=  n/a C=  2 T=  150 (33s)  [108 trained / 0 failed so far]
[110/129] GunPointOldVersusYoung
    stage 1/3: loading data ...
    stage 2/3: training on 109 series (val=27, C=2, T=150, batch=10) ...
    stage 3/3: scoring on 315 test series (accuracy + AOPCR) ...
    [mlflow] versioned model 'seanet_gated_mean_topk__mstcn_sep_gated_topk_conjunctive' (id=m-4da612e161d5407499af20f240d1ed3d) params={'model_size_mb': '1.5003', 'n_model_params': '61148', 'name': 'seanet_gated_mean_topk'}
    [mlflow] logged run 'seanet_gated_mean_topk_GunPointOldVersusYoung'  (train_acc=1.0000 val_acc=1.0000 test_acc=0.9873 test_loss=0.0807)
[110/129] GunPointOldVersusYoung       DONE  acc=0.9873 loss=0.0807 AOPCR=  0.948 NDCG=  n/a C=  2 T=  150 (31s)  [109 trained / 0 failed so far]
[111/129] HouseTwenty
    stage 1/3: loading data ...
    stage 2/3: training on 40 series (no val (train-loss early stop), C=2, T=2000, batch=4) ...
    stage 3/3: scoring on 119 test series (accuracy + AOPCR) ...
    [mlflow] versioned model 'seanet_gated_mean_topk__mstcn_sep_gated_topk_conjunctive' (id=m-8387671052b3401baa405b4302dd4f96) params={'model_size_mb': '1.5003', 'n_model_params': '61148', 'name': 'seanet_gated_mean_topk'}
    [mlflow] logged run 'seanet_gated_mean_topk_HouseTwenty'  (train_acc=1.0000 test_acc=0.9664 test_loss=0.1630)
[111/129] HouseTwenty                  DONE  acc=0.9664 loss=0.1630 AOPCR=  1.671 NDCG=  n/a C=  2 T= 2000 (18s)  [110 trained / 0 failed so far]
[112/129] InsectEPGRegularTrain
    stage 1/3: loading data ...
    stage 2/3: training on 62 series (no val (train-loss early stop), C=3, T=601, batch=6) ...
    stage 3/3: scoring on 249 test series (accuracy + AOPCR) ...
    [mlflow] versioned model 'seanet_gated_mean_topk__mstcn_sep_gated_topk_conjunctive' (id=m-bca586b2a1a84c4dac399574847361ca) params={'model_size_mb': '1.5006', 'n_model_params': '61222', 'name': 'seanet_gated_mean_topk'}
    [mlflow] logged run 'seanet_gated_mean_topk_InsectEPGRegularTrain'  (train_acc=1.0000 test_acc=0.9880 test_loss=0.1037)
[112/129] InsectEPGRegularTrain        DONE  acc=0.9880 loss=0.1037 AOPCR=  2.390 NDCG=  n/a C=  3 T=  601 (12s)  [111 trained / 0 failed so far]
[113/129] InsectEPGSmallTrain
    stage 1/3: loading data ...
    stage 2/3: training on 17 series (no val (train-loss early stop), C=3, T=601, batch=2) ...
    stage 3/3: scoring on 249 test series (accuracy + AOPCR) ...
    [mlflow] versioned model 'seanet_gated_mean_topk__mstcn_sep_gated_topk_conjunctive' (id=m-801a2811468f451a81c738ea2af1d063) params={'model_size_mb': '1.5006', 'n_model_params': '61222', 'name': 'seanet_gated_mean_topk'}
    [mlflow] logged run 'seanet_gated_mean_topk_InsectEPGSmallTrain'  (train_acc=1.0000 test_acc=0.9478 test_loss=0.2078)
[113/129] InsectEPGSmallTrain          DONE  acc=0.9478 loss=0.2078 AOPCR=  2.133 NDCG=  n/a C=  3 T=  601 (37s)  [112 trained / 0 failed so far]
[114/129] MelbournePedestrian
    stage 1/3: loading data ...
    stage 2/3: training on 956 series (val=238, C=10, T=24, batch=16) ...
    stage 3/3: scoring on 2439 test series (accuracy + AOPCR) ...
    [mlflow] versioned model 'seanet_gated_mean_topk__mstcn_sep_gated_topk_conjunctive' (id=m-bb74edb0dae84b6b80e8602e970d7b48) params={'model_size_mb': '1.5025', 'n_model_params': '61740', 'name': 'seanet_gated_mean_topk'}
    [mlflow] logged run 'seanet_gated_mean_topk_MelbournePedestrian'  (train_acc=0.9990 val_acc=0.9202 test_acc=0.8926 test_loss=0.3591)
[114/129] MelbournePedestrian          DONE  acc=0.8926 loss=0.3591 AOPCR=  0.544 NDCG=  n/a C= 10 T=   24 (114s)  [113 trained / 0 failed so far]
[115/129] MixedShapesRegularTrain
    stage 1/3: loading data ...
    stage 2/3: training on 400 series (val=100, C=5, T=1024, batch=16) ...
    stage 3/3: scoring on 2425 test series (accuracy + AOPCR) ...
    [mlflow] versioned model 'seanet_gated_mean_topk__mstcn_sep_gated_topk_conjunctive' (id=m-a2ce6ede36bf4acb9cbfaa4ffc40f957) params={'model_size_mb': '1.5011', 'n_model_params': '61370', 'name': 'seanet_gated_mean_topk'}
    [mlflow] logged run 'seanet_gated_mean_topk_MixedShapesRegularTrain'  (train_acc=1.0000 val_acc=0.9800 test_acc=0.9600 test_loss=0.1972)
[115/129] MixedShapesRegularTrain      DONE  acc=0.9600 loss=0.1972 AOPCR=  1.718 NDCG=  n/a C=  5 T= 1024 (130s)  [114 trained / 0 failed so far]
[116/129] MixedShapesSmallTrain
    stage 1/3: loading data ...
    stage 2/3: training on 80 series (val=20, C=5, T=1024, batch=8) ...
    stage 3/3: scoring on 2425 test series (accuracy + AOPCR) ...
    [mlflow] versioned model 'seanet_gated_mean_topk__mstcn_sep_gated_topk_conjunctive' (id=m-5367aa5b1038436f9476b594b4419ad6) params={'model_size_mb': '1.5011', 'n_model_params': '61370', 'name': 'seanet_gated_mean_topk'}
    [mlflow] logged run 'seanet_gated_mean_topk_MixedShapesSmallTrain'  (train_acc=1.0000 val_acc=0.9000 test_acc=0.8433 test_loss=0.5017)
[116/129] MixedShapesSmallTrain        DONE  acc=0.8433 loss=0.5017 AOPCR=  2.275 NDCG=  n/a C=  5 T= 1024 (17s)  [115 trained / 0 failed so far]
[117/129] PLAID
    stage 1/3: loading data ...
    stage 2/3: training on 436 series (val=101, C=11, T=1344, batch=16) ...
    stage 3/3: scoring on 537 test series (accuracy + AOPCR) ...
    [mlflow] versioned model 'seanet_gated_mean_topk__mstcn_sep_gated_topk_conjunctive' (id=m-bdc850331bf44f6d8319dfe398dc6738) params={'model_size_mb': '1.5028', 'n_model_params': '61814', 'name': 'seanet_gated_mean_topk'}
    [mlflow] logged run 'seanet_gated_mean_topk_PLAID'  (train_acc=0.9977 val_acc=0.9010 test_acc=0.9143 test_loss=0.3439)
[117/129] PLAID                        DONE  acc=0.9143 loss=0.3439 AOPCR=  1.942 NDCG=  n/a C= 11 T= 1344 (104s)  [116 trained / 0 failed so far]
[118/129] PickupGestureWiimoteZ
    stage 1/3: loading data ...
    stage 2/3: training on 50 series (no val (train-loss early stop), C=10, T=361, batch=5) ...
