[log] command 'run' started at 2026-07-23_13-34-48 for model 'seanet_gated_max__mstcn_sep_gated_classwise_conjunctive'
[log] a copy of everything below is being saved to: results/SEA_NET/seanet_gated_max__mstcn_sep_gated_classwise_conjunctive/logs/run_2026-07-23_13-34-48.log

=== run: model=seanet_gated_max__mstcn_sep_gated_classwise_conjunctive (config sv4/seanet_gated_max) dataset=WebTraffic device=cuda mode=full ===
resolved config:
  model = sv4/seanet_gated_max
  run.mode = single
  run.dataset = WebTraffic
  run.smoke = False
  run.re_train = False
  preprocessing.instance_type = single_point
  preprocessing.window_size = 5
  preprocessing.window_stride = 5
  seed = 0
  device = auto
  output.results_dir = results/SEA_NET
  interpretability.dataset = WebTraffic
  interpretability.n_classes = 3
  interpretability.per_class = 1
  mlflow.enabled = True
  mlflow.experiment_name = SEA-Net
  mlflow.tracking_uri = sqlite:///mlflow.db
  mlflow.log_model_weights = True
  model_config.name = seanet_gated_max
  model_config.use_params = default
  model_config.encoder.type = mstcn_sep_gated
  model_config.encoder.d = 64
  model_config.encoder.n_blocks = 4
  model_config.encoder.dropout = 0.2
  model_config.encoder.max_dilation = 16
  model_config.encoder.kernels = [5, 11, 23]
  model_config.encoder.summary = max
  model_config.pooling.type = classwise_conjunctive
  model_config.pooling.d_attn = 8
  model_config.pooling.dropout = 0.2
  model_config.pooling.positional_encoding = True
  model_config.training.n_epochs = 400
  model_config.training.patience = 60
  model_config.training.max_batch = 16
  model_config.training.learning_rate = 0.00125
  model_config.training.weight_decay = 0.00012
  model_config.training.label_smoothing = 0.13
  model_config.training.lambda_entropy = 0.01
  model_config.training.min_train_for_val = 100
  model_config.training.val_frac = 0.2
  model_config.training.optimizer = adam
[params] using DEFAULT recipe (no Optuna record yet - run 'python main.py optuna --model sv4/seanet_gated_max').
  [mlflow] logging runs to experiment 'SEA-Net_seanet_gated_max__mstcn_sep_gated_classwise_conjunctive_2026-07-23' at sqlite:///mlflow.db
  [mlflow] browse later with:  mlflow ui --backend-store-uri sqlite:///mlflow.db
    stage 1/3: loading data ...
    stage 2/3: training on 400 series (val=100, C=10, T=1008, batch=16) ...
    stage 3/3: scoring on 500 test series (accuracy + AOPCR + NDCG) ...
    [mlflow] versioned model 'seanet_gated_max__mstcn_sep_gated_classwise_conjunctive' (id=m-640fcc217d8d4da6a6c48e2161791276) params={'model_size_mb': '1.5025', 'n_model_params': '61740', 'name': 'seanet_gated_max'}
    [mlflow] logged run 'seanet_gated_max_WebTraffic'  (train_acc=1.0000 val_acc=0.8800 test_acc=0.9440 test_loss=0.3063)

=== seanet_gated_max__mstcn_sep_gated_classwise_conjunctive on WebTraffic ===
  params          : 61740
  model_size_mb   : 1.5025
  n_train         : 400
  n_val           : 100
  n_test          : 500
  series_length   : 1008
  n_classes       : 10
  test_acc        : 0.944
  test_loss       : 0.3063
  test_aopcr      : 1.8892
  test_ndcg       : 0.5924
  train_time_s    : 69.88

  saved -> results/SEA_NET/seanet_gated_max__mstcn_sep_gated_classwise_conjunctive/results.csv
  recorded default metrics -> configs/models/sv4/seanet_gated_max.yaml (records.default)

[log] finished; full output saved to results/SEA_NET/seanet_gated_max__mstcn_sep_gated_classwise_conjunctive/logs/run_2026-07-23_13-34-48.log
