[log] command 'benchmark' started at 2026-07-14_15-10-09
[log] a copy of everything below is being saved to: results/SEA_NET/logs/benchmark_2026-07-14_15-10-09.log

  [mlflow] logging runs to experiment 'SEA-Net' at sqlite:///mlflow.db
  [mlflow] browse later with:  mlflow ui --backend-store-uri sqlite:///mlflow.db
=== pooling benchmark: 5 heads x 5 datasets = 25 runs | encoder=seanet device=cuda mode=full ===
  poolings: ['additive', 'conjunctive', 'classwise_conjunctive', 'softmax_conjunctive', 'adaptive_classwise']
  datasets: ['WebTraffic', 'Coffee', 'ECG200', 'GunPoint', 'ItalyPowerDemand']

[ 1/25] WebTraffic  pooling=additive
    stage 1/3: loading data ...
    stage 2/3: training on 400 series (val=100, C=10, T=1008, batch=16) ...
    stage 3/3: scoring on 500 test series (accuracy + AOPCR + NDCG) ...
    [mlflow] versioned model 'seanet-additive' (id=m-5994986ad2a6427abe88f764287020e0) params={'model_size_mb': '3.5386', 'n_model_params': '269083', 'name': 'seanet-additive'}
    [mlflow] logged run 'seanet-additive_WebTraffic'  (train_acc=1.0000 val_acc=0.9100 test_acc=0.9380 test_loss=0.2950)
[ 1/25] WebTraffic       additive               DONE  acc=0.9380 AOPCR=  1.658 NDCG=0.694 (128s)

[ 2/25] WebTraffic  pooling=conjunctive
    stage 1/3: loading data ...
    stage 2/3: training on 400 series (val=100, C=10, T=1008, batch=16) ...
    stage 3/3: scoring on 500 test series (accuracy + AOPCR + NDCG) ...
    [mlflow] versioned model 'seanet-conjunctive' (id=m-8f2c224bb86b44cf85f09d0e3120d0f9) params={'model_size_mb': '3.5386', 'n_model_params': '269083', 'name': 'seanet-conjunctive'}
    [mlflow] logged run 'seanet-conjunctive_WebTraffic'  (train_acc=1.0000 val_acc=0.9200 test_acc=0.9600 test_loss=0.2400)
[ 2/25] WebTraffic       conjunctive            DONE  acc=0.9600 AOPCR=  1.461 NDCG=0.693 (193s)

[ 3/25] WebTraffic  pooling=classwise_conjunctive
    stage 1/3: loading data ...
    stage 2/3: training on 400 series (val=100, C=10, T=1008, batch=16) ...
    stage 3/3: scoring on 500 test series (accuracy + AOPCR + NDCG) ...
    [mlflow] versioned model 'seanet-classwise_conjunctive' (id=m-7655543cb1d44d6db3ae7a3a80a15f5d) params={'model_size_mb': '3.5389', 'n_model_params': '269164', 'name': 'seanet-classwise_conjunctive'}
    [mlflow] logged run 'seanet-classwise_conjunctive_WebTraffic'  (train_acc=1.0000 val_acc=0.8900 test_acc=0.9480 test_loss=0.2675)
[ 3/25] WebTraffic       classwise_conjunctive  DONE  acc=0.9480 AOPCR=  2.002 NDCG=0.739 (152s)

[ 4/25] WebTraffic  pooling=softmax_conjunctive
    stage 1/3: loading data ...
    stage 2/3: training on 400 series (val=100, C=10, T=1008, batch=16) ...
    stage 3/3: scoring on 500 test series (accuracy + AOPCR + NDCG) ...
    [mlflow] versioned model 'seanet-softmax_conjunctive' (id=m-61c3335f2d114292a5ce160b50ea6d2b) params={'model_size_mb': '3.5392', 'n_model_params': '269165', 'name': 'seanet-softmax_conjunctive'}
    [mlflow] logged run 'seanet-softmax_conjunctive_WebTraffic'  (train_acc=1.0000 val_acc=0.9000 test_acc=0.9160 test_loss=0.3900)
[ 4/25] WebTraffic       softmax_conjunctive    DONE  acc=0.9160 AOPCR=  1.142 NDCG=0.616 (110s)

[ 5/25] WebTraffic  pooling=adaptive_classwise
    stage 1/3: loading data ...
    stage 2/3: training on 400 series (val=100, C=10, T=1008, batch=16) ...
    stage 3/3: scoring on 500 test series (accuracy + AOPCR + NDCG) ...
    [mlflow] versioned model 'seanet-adaptive_classwise' (id=m-e9c67185d5a545868c56e2334be23b29) params={'model_size_mb': '3.5392', 'n_model_params': '269174', 'name': 'seanet-adaptive_classwise'}
    [mlflow] logged run 'seanet-adaptive_classwise_WebTraffic'  (train_acc=1.0000 val_acc=0.9100 test_acc=0.9460 test_loss=0.2627)
[ 5/25] WebTraffic       adaptive_classwise     DONE  acc=0.9460 AOPCR=  1.716 NDCG=0.601 (267s)

[ 6/25] Coffee  pooling=additive
    stage 1/3: loading data ...
    stage 2/3: training on 28 series (no val (train-loss early stop), C=2, T=286, batch=2) ...
    stage 3/3: scoring on 28 test series (accuracy + AOPCR) ...
    [mlflow] versioned model 'seanet-additive' (id=m-8675dfa864414456a64a67f124eb68cb) params={'model_size_mb': '3.5347', 'n_model_params': '268051', 'name': 'seanet-additive'}
    [mlflow] logged run 'seanet-additive_Coffee'  (train_acc=1.0000 test_acc=1.0000 test_loss=0.0775)
[ 6/25] Coffee           additive               DONE  acc=1.0000 AOPCR=  0.525 NDCG=  n/a (25s)

[ 7/25] Coffee  pooling=conjunctive
    stage 1/3: loading data ...
    stage 2/3: training on 28 series (no val (train-loss early stop), C=2, T=286, batch=2) ...
    stage 3/3: scoring on 28 test series (accuracy + AOPCR) ...
    [mlflow] versioned model 'seanet-conjunctive' (id=m-cc54a61a503a40c38675a18de90217ce) params={'model_size_mb': '3.5347', 'n_model_params': '268051', 'name': 'seanet-conjunctive'}
    [mlflow] logged run 'seanet-conjunctive_Coffee'  (train_acc=1.0000 test_acc=1.0000 test_loss=0.0742)
[ 7/25] Coffee           conjunctive            DONE  acc=1.0000 AOPCR=  0.659 NDCG=  n/a (68s)

[ 8/25] Coffee  pooling=classwise_conjunctive
    stage 1/3: loading data ...
    stage 2/3: training on 28 series (no val (train-loss early stop), C=2, T=286, batch=2) ...
    stage 3/3: scoring on 28 test series (accuracy + AOPCR) ...
    [mlflow] versioned model 'seanet-classwise_conjunctive' (id=m-bfedbef4641f4ad58d98d9aa3c9b65d3) params={'model_size_mb': '3.5347', 'n_model_params': '268060', 'name': 'seanet-classwise_conjunctive'}
    [mlflow] logged run 'seanet-classwise_conjunctive_Coffee'  (train_acc=1.0000 test_acc=1.0000 test_loss=0.0755)
[ 8/25] Coffee           classwise_conjunctive  DONE  acc=1.0000 AOPCR=  0.339 NDCG=  n/a (49s)

[ 9/25] Coffee  pooling=softmax_conjunctive
    stage 1/3: loading data ...
    stage 2/3: training on 28 series (no val (train-loss early stop), C=2, T=286, batch=2) ...
    stage 3/3: scoring on 28 test series (accuracy + AOPCR) ...
    [mlflow] versioned model 'seanet-softmax_conjunctive' (id=m-71763d2522b246899796c409b3a2d25f) params={'model_size_mb': '3.535', 'n_model_params': '268061', 'name': 'seanet-softmax_conjunctive'}
    [mlflow] logged run 'seanet-softmax_conjunctive_Coffee'  (train_acc=1.0000 test_acc=1.0000 test_loss=0.0668)
[ 9/25] Coffee           softmax_conjunctive    DONE  acc=1.0000 AOPCR=  0.003 NDCG=  n/a (40s)

[10/25] Coffee  pooling=adaptive_classwise
    stage 1/3: loading data ...
    stage 2/3: training on 28 series (no val (train-loss early stop), C=2, T=286, batch=2) ...
    stage 3/3: scoring on 28 test series (accuracy + AOPCR) ...
    [mlflow] versioned model 'seanet-adaptive_classwise' (id=m-99545da78bad406488ba2e5fe7326a62) params={'model_size_mb': '3.535', 'n_model_params': '268062', 'name': 'seanet-adaptive_classwise'}
    [mlflow] logged run 'seanet-adaptive_classwise_Coffee'  (train_acc=1.0000 test_acc=1.0000 test_loss=0.0710)
[10/25] Coffee           adaptive_classwise     DONE  acc=1.0000 AOPCR=  0.280 NDCG=  n/a (24s)

[11/25] ECG200  pooling=additive
    stage 1/3: loading data ...
    stage 2/3: training on 81 series (val=19, C=2, T=96, batch=8) ...
    stage 3/3: scoring on 100 test series (accuracy + AOPCR) ...
    [mlflow] versioned model 'seanet-additive' (id=m-99b6843e09c345c9bdae3a4b982f5a0e) params={'model_size_mb': '3.5347', 'n_model_params': '268051', 'name': 'seanet-additive'}
    [mlflow] logged run 'seanet-additive_ECG200'  (train_acc=1.0000 val_acc=0.8947 test_acc=0.9000 test_loss=0.2998)
[11/25] ECG200           additive               DONE  acc=0.9000 AOPCR=  0.558 NDCG=  n/a (22s)

[12/25] ECG200  pooling=conjunctive
    stage 1/3: loading data ...
    stage 2/3: training on 81 series (val=19, C=2, T=96, batch=8) ...
    stage 3/3: scoring on 100 test series (accuracy + AOPCR) ...
    [mlflow] versioned model 'seanet-conjunctive' (id=m-abae45e9f8f14308ad62142888646edd) params={'model_size_mb': '3.5347', 'n_model_params': '268051', 'name': 'seanet-conjunctive'}
    [mlflow] logged run 'seanet-conjunctive_ECG200'  (train_acc=1.0000 val_acc=0.8947 test_acc=0.8900 test_loss=0.2780)
[12/25] ECG200           conjunctive            DONE  acc=0.8900 AOPCR=  0.072 NDCG=  n/a (22s)

[13/25] ECG200  pooling=classwise_conjunctive
    stage 1/3: loading data ...
    stage 2/3: training on 81 series (val=19, C=2, T=96, batch=8) ...
    stage 3/3: scoring on 100 test series (accuracy + AOPCR) ...
    [mlflow] versioned model 'seanet-classwise_conjunctive' (id=m-420741893bcc426aacd5d702856e72e1) params={'model_size_mb': '3.5347', 'n_model_params': '268060', 'name': 'seanet-classwise_conjunctive'}
    [mlflow] logged run 'seanet-classwise_conjunctive_ECG200'  (train_acc=0.9877 val_acc=1.0000 test_acc=0.8200 test_loss=0.4117)
[13/25] ECG200           classwise_conjunctive  DONE  acc=0.8200 AOPCR=  0.024 NDCG=  n/a (31s)

[14/25] ECG200  pooling=softmax_conjunctive
    stage 1/3: loading data ...
    stage 2/3: training on 81 series (val=19, C=2, T=96, batch=8) ...
    stage 3/3: scoring on 100 test series (accuracy + AOPCR) ...
    [mlflow] versioned model 'seanet-softmax_conjunctive' (id=m-08bce4178862472dad859165d2399743) params={'model_size_mb': '3.535', 'n_model_params': '268061', 'name': 'seanet-softmax_conjunctive'}
    [mlflow] logged run 'seanet-softmax_conjunctive_ECG200'  (train_acc=1.0000 val_acc=0.8947 test_acc=0.9100 test_loss=0.3071)
[14/25] ECG200           softmax_conjunctive    DONE  acc=0.9100 AOPCR=  0.090 NDCG=  n/a (19s)

[15/25] ECG200  pooling=adaptive_classwise
    stage 1/3: loading data ...
    stage 2/3: training on 81 series (val=19, C=2, T=96, batch=8) ...
    stage 3/3: scoring on 100 test series (accuracy + AOPCR) ...
    [mlflow] versioned model 'seanet-adaptive_classwise' (id=m-649b4a1885ab49a1af6d4a712dbe5942) params={'model_size_mb': '3.535', 'n_model_params': '268062', 'name': 'seanet-adaptive_classwise'}
    [mlflow] logged run 'seanet-adaptive_classwise_ECG200'  (train_acc=0.9877 val_acc=0.8947 test_acc=0.9100 test_loss=0.2583)
[15/25] ECG200           adaptive_classwise     DONE  acc=0.9100 AOPCR= -0.267 NDCG=  n/a (19s)

[16/25] GunPoint  pooling=additive
    stage 1/3: loading data ...
    stage 2/3: training on 50 series (no val (train-loss early stop), C=2, T=150, batch=5) ...
    stage 3/3: scoring on 150 test series (accuracy + AOPCR) ...
    [mlflow] versioned model 'seanet-additive' (id=m-357558b0167342be8477584438f2f8fb) params={'model_size_mb': '3.5347', 'n_model_params': '268051', 'name': 'seanet-additive'}
    [mlflow] logged run 'seanet-additive_GunPoint'  (train_acc=1.0000 test_acc=0.9933 test_loss=0.0895)
[16/25] GunPoint         additive               DONE  acc=0.9933 AOPCR=  0.456 NDCG=  n/a (34s)

[17/25] GunPoint  pooling=conjunctive
    stage 1/3: loading data ...
    stage 2/3: training on 50 series (no val (train-loss early stop), C=2, T=150, batch=5) ...
    stage 3/3: scoring on 150 test series (accuracy + AOPCR) ...
    [mlflow] versioned model 'seanet-conjunctive' (id=m-e4cb3b95b5ce41b8bce635078479c7f5) params={'model_size_mb': '3.5347', 'n_model_params': '268051', 'name': 'seanet-conjunctive'}
    [mlflow] logged run 'seanet-conjunctive_GunPoint'  (train_acc=1.0000 test_acc=0.9933 test_loss=0.0823)
[17/25] GunPoint         conjunctive            DONE  acc=0.9933 AOPCR=  0.501 NDCG=  n/a (27s)

[18/25] GunPoint  pooling=classwise_conjunctive
    stage 1/3: loading data ...
    stage 2/3: training on 50 series (no val (train-loss early stop), C=2, T=150, batch=5) ...
    stage 3/3: scoring on 150 test series (accuracy + AOPCR) ...
    [mlflow] versioned model 'seanet-classwise_conjunctive' (id=m-52a7c4b90b4c4be1a7b1e396227cdc7a) params={'model_size_mb': '3.5347', 'n_model_params': '268060', 'name': 'seanet-classwise_conjunctive'}
    [mlflow] logged run 'seanet-classwise_conjunctive_GunPoint'  (train_acc=1.0000 test_acc=0.9933 test_loss=0.1069)
[18/25] GunPoint         classwise_conjunctive  DONE  acc=0.9933 AOPCR=  0.373 NDCG=  n/a (40s)

[19/25] GunPoint  pooling=softmax_conjunctive
    stage 1/3: loading data ...
    stage 2/3: training on 50 series (no val (train-loss early stop), C=2, T=150, batch=5) ...
    stage 3/3: scoring on 150 test series (accuracy + AOPCR) ...
    [mlflow] versioned model 'seanet-softmax_conjunctive' (id=m-1dd71fe048ed4ccc9b0f03ba6872deea) params={'model_size_mb': '3.535', 'n_model_params': '268061', 'name': 'seanet-softmax_conjunctive'}
    [mlflow] logged run 'seanet-softmax_conjunctive_GunPoint'  (train_acc=1.0000 test_acc=0.9667 test_loss=0.1145)
[19/25] GunPoint         softmax_conjunctive    DONE  acc=0.9667 AOPCR=  0.148 NDCG=  n/a (52s)

[20/25] GunPoint  pooling=adaptive_classwise
    stage 1/3: loading data ...
    stage 2/3: training on 50 series (no val (train-loss early stop), C=2, T=150, batch=5) ...
    stage 3/3: scoring on 150 test series (accuracy + AOPCR) ...
    [mlflow] versioned model 'seanet-adaptive_classwise' (id=m-8bfa4467aa3443708df67d3f330bd90f) params={'model_size_mb': '3.535', 'n_model_params': '268062', 'name': 'seanet-adaptive_classwise'}
    [mlflow] logged run 'seanet-adaptive_classwise_GunPoint'  (train_acc=1.0000 test_acc=0.9933 test_loss=0.0957)
[20/25] GunPoint         adaptive_classwise     DONE  acc=0.9933 AOPCR= -0.024 NDCG=  n/a (63s)

[21/25] ItalyPowerDemand  pooling=additive
    stage 1/3: loading data ...
    stage 2/3: training on 67 series (no val (train-loss early stop), C=2, T=24, batch=6) ...
    stage 3/3: scoring on 1029 test series (accuracy + AOPCR) ...
    [mlflow] versioned model 'seanet-additive' (id=m-02e96a0b1edc43acb286f5f302c955d9) params={'model_size_mb': '3.5347', 'n_model_params': '268051', 'name': 'seanet-additive'}
    [mlflow] logged run 'seanet-additive_ItalyPowerDemand'  (train_acc=1.0000 test_acc=0.9689 test_loss=0.1407)
[21/25] ItalyPowerDemand additive               DONE  acc=0.9689 AOPCR=  0.196 NDCG=  n/a (55s)

[22/25] ItalyPowerDemand  pooling=conjunctive
    stage 1/3: loading data ...
    stage 2/3: training on 67 series (no val (train-loss early stop), C=2, T=24, batch=6) ...
    stage 3/3: scoring on 1029 test series (accuracy + AOPCR) ...
    [mlflow] versioned model 'seanet-conjunctive' (id=m-b2e31f0ea7d84c7fa4bf3d847ebc9b8d) params={'model_size_mb': '3.5347', 'n_model_params': '268051', 'name': 'seanet-conjunctive'}
    [mlflow] logged run 'seanet-conjunctive_ItalyPowerDemand'  (train_acc=1.0000 test_acc=0.9689 test_loss=0.1382)
[22/25] ItalyPowerDemand conjunctive            DONE  acc=0.9689 AOPCR=  0.092 NDCG=  n/a (39s)

[23/25] ItalyPowerDemand  pooling=classwise_conjunctive
    stage 1/3: loading data ...
    stage 2/3: training on 67 series (no val (train-loss early stop), C=2, T=24, batch=6) ...
    stage 3/3: scoring on 1029 test series (accuracy + AOPCR) ...
    [mlflow] versioned model 'seanet-classwise_conjunctive' (id=m-93a58e79498946a9af7fb0c7f12f4893) params={'model_size_mb': '3.5347', 'n_model_params': '268060', 'name': 'seanet-classwise_conjunctive'}
    [mlflow] logged run 'seanet-classwise_conjunctive_ItalyPowerDemand'  (train_acc=1.0000 test_acc=0.9699 test_loss=0.1387)
[23/25] ItalyPowerDemand classwise_conjunctive  DONE  acc=0.9699 AOPCR=  0.104 NDCG=  n/a (68s)

[24/25] ItalyPowerDemand  pooling=softmax_conjunctive
    stage 1/3: loading data ...
    stage 2/3: training on 67 series (no val (train-loss early stop), C=2, T=24, batch=6) ...
    stage 3/3: scoring on 1029 test series (accuracy + AOPCR) ...
    [mlflow] versioned model 'seanet-softmax_conjunctive' (id=m-b4a56ed9a0a342bb984ce9a5b8ed0355) params={'model_size_mb': '3.535', 'n_model_params': '268061', 'name': 'seanet-softmax_conjunctive'}
    [mlflow] logged run 'seanet-softmax_conjunctive_ItalyPowerDemand'  (train_acc=1.0000 test_acc=0.9738 test_loss=0.1369)
[24/25] ItalyPowerDemand softmax_conjunctive    DONE  acc=0.9738 AOPCR=  0.141 NDCG=  n/a (77s)

[25/25] ItalyPowerDemand  pooling=adaptive_classwise
    stage 1/3: loading data ...
    stage 2/3: training on 67 series (no val (train-loss early stop), C=2, T=24, batch=6) ...
    stage 3/3: scoring on 1029 test series (accuracy + AOPCR) ...
    [mlflow] versioned model 'seanet-adaptive_classwise' (id=m-e70a35fe88c44b1a8185ad33156af9c8) params={'model_size_mb': '3.535', 'n_model_params': '268062', 'name': 'seanet-adaptive_classwise'}
    [mlflow] logged run 'seanet-adaptive_classwise_ItalyPowerDemand'  (train_acc=1.0000 test_acc=0.9621 test_loss=0.1471)
[25/25] ItalyPowerDemand adaptive_classwise     DONE  acc=0.9621 AOPCR=  0.038 NDCG=  n/a (41s)

=== pooling ranking (mean over datasets; higher acc / AOPCR / NDCG is better) ===
  pooling                    n  mean_acc  mean_aopcr  mean_ndcg
  ------------------------------------------------------------
  conjunctive                5    0.9624       0.557     0.6927
  adaptive_classwise         5    0.9623       0.348     0.6013
  additive                   5    0.9600       0.679     0.6936
  softmax_conjunctive        5    0.9533       0.305     0.6157
  classwise_conjunctive      5    0.9462       0.568     0.7391

=== best pooling per dataset (by test_acc) ===
  Coffee           -> additive                 acc=1.0000
  ECG200           -> softmax_conjunctive      acc=0.9100
  GunPoint         -> additive                 acc=0.9933
  ItalyPowerDemand -> softmax_conjunctive      acc=0.9738
  WebTraffic       -> conjunctive              acc=0.9600

  full table -> results/SEA_NET/pooling_benchmark.csv

[log] finished; full output saved to results/SEA_NET/logs/benchmark_2026-07-14_15-10-09.log
