[log] command 'optuna' started at 2026-07-14_14-24-05
[log] a copy of everything below is being saved to: results/SEA_NET/logs/optuna_2026-07-14_14-24-05.log

  [mlflow] logging runs to experiment 'SEA-Net' at sqlite:///mlflow.db
  [mlflow] browse later with:  mlflow ui --backend-store-uri sqlite:///mlflow.db
=== optuna: model=seanet_classwise dataset=WebTraffic device=cuda mode=full ===
trials=30 sampler=tpe pruner=median | tuning: ['training.learning_rate', 'training.weight_decay', 'training.label_smoothing', 'training.lambda_entropy', 'training.max_batch', 'encoder.d', 'encoder.n_blocks', 'encoder.dropout', 'encoder.max_dilation', 'pooling.d_attn', 'pooling.dropout']
objective: minimise validation loss (lower is better)

  trial  0: training.learning_rate=0.001405, training.weight_decay=0.00016409, training.label_smoothing=0.12055, training.lambda_entropy=0.027244, training.max_batch=16, encoder.d=96, encoder.n_blocks=7, encoder.dropout=0.25867, encoder.max_dilation=16, pooling.d_attn=16, pooling.dropout=0.361
           -> val_loss=0.8090
  trial  1: training.learning_rate=0.0047081, training.weight_decay=0.0002279, training.label_smoothing=0.092296, training.lambda_entropy=0.039026, training.max_batch=16, encoder.d=64, encoder.n_blocks=4, encoder.dropout=0.33227, encoder.max_dilation=16, pooling.d_attn=32, pooling.dropout=0.30455
           -> val_loss=0.9183
  trial  2: training.learning_rate=0.00082487, training.weight_decay=5.5272e-05, training.label_smoothing=0.13953, training.lambda_entropy=0.0030113, training.max_batch=16, encoder.d=128, encoder.n_blocks=6, encoder.dropout=0.23158, encoder.max_dilation=8, pooling.d_attn=8, pooling.dropout=0.17333
           -> val_loss=0.9151
  trial  3: training.learning_rate=0.0004692, training.weight_decay=1.54e-05, training.label_smoothing=0.13127, training.lambda_entropy=0.0069091, training.max_batch=32, encoder.d=96, encoder.n_blocks=8, encoder.dropout=0.2406, encoder.max_dilation=8, pooling.d_attn=32, pooling.dropout=0.13562
           -> val_loss=0.9682
  trial  4: training.learning_rate=0.00073392, training.weight_decay=5.0562e-05, training.label_smoothing=0.012829, training.lambda_entropy=0.034624, training.max_batch=8, encoder.d=128, encoder.n_blocks=4, encoder.dropout=0.30022, encoder.max_dilation=16, pooling.d_attn=32, pooling.dropout=0.10141
           -> val_loss=0.5112
  trial  5: training.learning_rate=0.0020198, training.weight_decay=2.8756e-05, training.label_smoothing=0.14704, training.lambda_entropy=0.048109, training.max_batch=32, encoder.d=128, encoder.n_blocks=5, encoder.dropout=0.35392, encoder.max_dilation=32, pooling.d_attn=32, pooling.dropout=0.30776
  trial  6: training.learning_rate=0.0023082, training.weight_decay=7.1078e-05, training.label_smoothing=0.19122, training.lambda_entropy=0.0322, training.max_batch=16, encoder.d=96, encoder.n_blocks=6, encoder.dropout=0.22863, encoder.max_dilation=32, pooling.d_attn=16, pooling.dropout=0.22943
  trial  7: training.learning_rate=0.0037374, training.weight_decay=4.2119e-05, training.label_smoothing=0.087173, training.lambda_entropy=0.044596, training.max_batch=8, encoder.d=128, encoder.n_blocks=3, encoder.dropout=0.36044, encoder.max_dilation=16, pooling.d_attn=4, pooling.dropout=0.12075
  trial  8: training.learning_rate=0.0021344, training.weight_decay=5.896e-05, training.label_smoothing=0.14441, training.lambda_entropy=0.043319, training.max_batch=8, encoder.d=96, encoder.n_blocks=6, encoder.dropout=0.1163, encoder.max_dilation=32, pooling.d_attn=16, pooling.dropout=0.10955
  trial  9: training.learning_rate=0.00047682, training.weight_decay=0.00011373, training.label_smoothing=0.11545, training.lambda_entropy=0.011895, training.max_batch=8, encoder.d=96, encoder.n_blocks=5, encoder.dropout=0.16295, encoder.max_dilation=16, pooling.d_attn=4, pooling.dropout=0.23032
  trial 10: training.learning_rate=0.00031766, training.weight_decay=0.00043958, training.label_smoothing=0.0041538, training.lambda_entropy=0.019942, training.max_batch=8, encoder.d=64, encoder.n_blocks=3, encoder.dropout=0.30784, encoder.max_dilation=16, pooling.d_attn=8, pooling.dropout=0.37508
  trial 11: training.learning_rate=0.00097274, training.weight_decay=0.00016715, training.label_smoothing=0.015865, training.lambda_entropy=0.028534, training.max_batch=16, encoder.d=128, encoder.n_blocks=8, encoder.dropout=0.28497, encoder.max_dilation=16, pooling.d_attn=16, pooling.dropout=0.39003
  trial 12: training.learning_rate=0.0010729, training.weight_decay=1.014e-05, training.label_smoothing=0.041387, training.lambda_entropy=0.023969, training.max_batch=8, encoder.d=128, encoder.n_blocks=7, encoder.dropout=0.39919, encoder.max_dilation=16, pooling.d_attn=32, pooling.dropout=0.31392
  trial 13: training.learning_rate=0.0014868, training.weight_decay=0.00043286, training.label_smoothing=0.052577, training.lambda_entropy=0.035167, training.max_batch=16, encoder.d=96, encoder.n_blocks=4, encoder.dropout=0.27722, encoder.max_dilation=16, pooling.d_attn=16, pooling.dropout=0.22533
  trial 14: training.learning_rate=0.00071474, training.weight_decay=0.00011619, training.label_smoothing=0.19885, training.lambda_entropy=0.021273, training.max_batch=32, encoder.d=64, encoder.n_blocks=7, encoder.dropout=0.18358, encoder.max_dilation=16, pooling.d_attn=32, pooling.dropout=0.34281
  trial 15: training.learning_rate=0.0013867, training.weight_decay=2.7487e-05, training.label_smoothing=0.055605, training.lambda_entropy=0.014812, training.max_batch=8, encoder.d=96, encoder.n_blocks=4, encoder.dropout=0.25762, encoder.max_dilation=8, pooling.d_attn=16, pooling.dropout=0.17283
  trial 16: training.learning_rate=0.00055703, training.weight_decay=0.00023897, training.label_smoothing=0.17613, training.lambda_entropy=0.028597, training.max_batch=16, encoder.d=128, encoder.n_blocks=7, encoder.dropout=0.18645, encoder.max_dilation=16, pooling.d_attn=4, pooling.dropout=0.26927
  trial 17: training.learning_rate=0.0013672, training.weight_decay=0.00010591, training.label_smoothing=0.082106, training.lambda_entropy=0.037524, training.max_batch=16, encoder.d=128, encoder.n_blocks=5, encoder.dropout=0.31599, encoder.max_dilation=16, pooling.d_attn=8, pooling.dropout=0.16639
           -> val_loss=0.7959
  trial 18: training.learning_rate=0.00032666, training.weight_decay=9.9992e-05, training.label_smoothing=0.082374, training.lambda_entropy=0.039066, training.max_batch=8, encoder.d=128, encoder.n_blocks=5, encoder.dropout=0.31265, encoder.max_dilation=8, pooling.d_attn=8, pooling.dropout=0.15968
  trial 19: training.learning_rate=0.00058688, training.weight_decay=3.2313e-05, training.label_smoothing=0.029611, training.lambda_entropy=0.035678, training.max_batch=32, encoder.d=128, encoder.n_blocks=4, encoder.dropout=0.3762, encoder.max_dilation=32, pooling.d_attn=8, pooling.dropout=0.14514
  trial 20: training.learning_rate=0.0026379, training.weight_decay=1.8147e-05, training.label_smoothing=0.067268, training.lambda_entropy=0.041214, training.max_batch=8, encoder.d=128, encoder.n_blocks=3, encoder.dropout=0.32105, encoder.max_dilation=16, pooling.d_attn=8, pooling.dropout=0.19467
  trial 21: training.learning_rate=0.0014001, training.weight_decay=8.3434e-05, training.label_smoothing=0.10481, training.lambda_entropy=0.029497, training.max_batch=16, encoder.d=128, encoder.n_blocks=5, encoder.dropout=0.28353, encoder.max_dilation=16, pooling.d_attn=16, pooling.dropout=0.10638
  trial 22: training.learning_rate=0.0011135, training.weight_decay=0.00015215, training.label_smoothing=0.16453, training.lambda_entropy=0.024688, training.max_batch=16, encoder.d=96, encoder.n_blocks=6, encoder.dropout=0.25548, encoder.max_dilation=16, pooling.d_attn=32, pooling.dropout=0.26816
  trial 23: training.learning_rate=0.0017378, training.weight_decay=0.00026307, training.label_smoothing=0.11715, training.lambda_entropy=0.03676, training.max_batch=16, encoder.d=64, encoder.n_blocks=4, encoder.dropout=0.20455, encoder.max_dilation=16, pooling.d_attn=8, pooling.dropout=0.35428
  trial 24: training.learning_rate=0.002833, training.weight_decay=0.00016201, training.label_smoothing=0.024863, training.lambda_entropy=0.032375, training.max_batch=16, encoder.d=128, encoder.n_blocks=8, encoder.dropout=0.29966, encoder.max_dilation=16, pooling.d_attn=32, pooling.dropout=0.19985
  trial 25: training.learning_rate=0.00080137, training.weight_decay=4.2039e-05, training.label_smoothing=0.077051, training.lambda_entropy=0.04654, training.max_batch=16, encoder.d=96, encoder.n_blocks=5, encoder.dropout=0.333, encoder.max_dilation=16, pooling.d_attn=8, pooling.dropout=0.26025
  trial 26: training.learning_rate=0.0012143, training.weight_decay=7.6162e-05, training.label_smoothing=0.00034405, training.lambda_entropy=0.01667, training.max_batch=16, encoder.d=128, encoder.n_blocks=7, encoder.dropout=0.26389, encoder.max_dilation=16, pooling.d_attn=16, pooling.dropout=0.12759
  trial 27: training.learning_rate=0.0016752, training.weight_decay=0.00029973, training.label_smoothing=0.1099, training.lambda_entropy=0.025194, training.max_batch=16, encoder.d=128, encoder.n_blocks=3, encoder.dropout=0.35141, encoder.max_dilation=16, pooling.d_attn=4, pooling.dropout=0.10161
  trial 28: training.learning_rate=0.00067925, training.weight_decay=0.00014813, training.label_smoothing=0.16171, training.lambda_entropy=0.03188, training.max_batch=8, encoder.d=96, encoder.n_blocks=6, encoder.dropout=0.29498, encoder.max_dilation=8, pooling.d_attn=32, pooling.dropout=0.15037
  trial 29: training.learning_rate=0.0040097, training.weight_decay=0.00019592, training.label_smoothing=0.096447, training.lambda_entropy=0.039386, training.max_batch=32, encoder.d=64, encoder.n_blocks=4, encoder.dropout=0.33219, encoder.max_dilation=32, pooling.d_attn=16, pooling.dropout=0.28801

best validation loss: 0.5112  (trial 4)
best hyperparameters:
  training.learning_rate = 0.0007339198007141648
  training.weight_decay = 5.056155262003501e-05
  training.label_smoothing = 0.012829499269756873
  training.lambda_entropy = 0.034623605968500996
  training.max_batch = 8
  encoder.d = 128
  encoder.n_blocks = 4
  encoder.dropout = 0.3002231139891045
  encoder.max_dilation = 16
  pooling.d_attn = 32
  pooling.dropout = 0.10140864285776413

  retraining the best config on WebTraffic to record its test metrics ...
    stage 1/3: loading data ...
    stage 2/3: training on 400 series (val=100, C=10, T=1008, batch=8) ...
  saved best params + metrics -> configs/models/seanet_classwise.yaml  (records.optuna_best)
  best on WebTraffic: test_acc=0.934 test_loss=0.2312 test_auroc=0.9967  (val_loss=0.5112)
  set `use_params: auto` (or optuna_best) in configs/models/seanet_classwise.yaml to train with these.
  compare all trials in the MLflow web page:  mlflow ui --backend-store-uri sqlite:///mlflow.db

[log] finished; full output saved to results/SEA_NET/logs/optuna_2026-07-14_14-24-05.log
