[log] command 'optuna' started at 2026-07-10_15-17-21
[log] a copy of everything below is being saved to: results/SEA_NET/logs/optuna_2026-07-10_15-17-21.log

  [mlflow] logging trials to experiment 'SEA-Net' at sqlite:///mlflow.db
  [mlflow] browse later with:  mlflow ui --backend-store-uri sqlite:///mlflow.db
=== optuna: model=seanet dataset=WebTraffic device=cuda mode=full ===
trials=20 sampler=tpe pruner=median | tuning: ['training.learning_rate', 'training.weight_decay', 'training.label_smoothing', 'training.lambda_entropy', 'encoder.dropout']
objective: minimise validation loss (lower is better)

  trial  0: training.learning_rate=0.001405, training.weight_decay=0.00016409, training.label_smoothing=0.12055, training.lambda_entropy=0.027244, encoder.dropout=0.2271
           -> val_loss=0.8303
  trial  1: training.learning_rate=0.0018463, training.weight_decay=5.5392e-05, training.label_smoothing=0.17835, training.lambda_entropy=0.048183, encoder.dropout=0.21503
           -> val_loss=0.9789
  trial  2: training.learning_rate=0.0027828, training.weight_decay=7.9173e-05, training.label_smoothing=0.11361, training.lambda_entropy=0.04628, encoder.dropout=0.12131
           -> val_loss=0.7861
  trial  3: training.learning_rate=0.00038334, training.weight_decay=1.0823e-05, training.label_smoothing=0.16652, training.lambda_entropy=0.038908, encoder.dropout=0.361
           -> val_loss=1.0475
  trial  4: training.learning_rate=0.0047081, training.weight_decay=0.0002279, training.label_smoothing=0.092296, training.lambda_entropy=0.039026, encoder.dropout=0.13548
           -> val_loss=0.7842
  trial  5: training.learning_rate=0.0018155, training.weight_decay=1.7521e-05, training.label_smoothing=0.18893, training.lambda_entropy=0.026092, encoder.dropout=0.2244
  trial  6: training.learning_rate=0.00063149, training.weight_decay=0.00020673, training.label_smoothing=0.09123, training.lambda_entropy=0.028422, encoder.dropout=0.10564
  trial  7: training.learning_rate=0.0017052, training.weight_decay=0.00010963, training.label_smoothing=0.12339, training.lambda_entropy=0.047187, encoder.dropout=0.30455
  trial  8: training.learning_rate=0.00082487, training.weight_decay=5.5272e-05, training.label_smoothing=0.13953, training.lambda_entropy=0.0030113, encoder.dropout=0.30003
  trial  9: training.learning_rate=0.0019794, training.weight_decay=2.2774e-05, training.label_smoothing=0.025785, training.lambda_entropy=0.015771, encoder.dropout=0.20911
  trial 10: training.learning_rate=0.0043646, training.weight_decay=0.00046039, training.label_smoothing=0.0041538, training.lambda_entropy=0.0010023, encoder.dropout=0.38478
  trial 11: training.learning_rate=0.0048949, training.weight_decay=0.00035654, training.label_smoothing=0.069464, training.lambda_entropy=0.038416, encoder.dropout=0.10817
  trial 12: training.learning_rate=0.0031467, training.weight_decay=7.1374e-05, training.label_smoothing=0.069822, training.lambda_entropy=0.038295, encoder.dropout=0.15707
  trial 13: training.learning_rate=0.0031126, training.weight_decay=0.00022857, training.label_smoothing=0.091384, training.lambda_entropy=0.04294, encoder.dropout=0.15677
  trial 14: training.learning_rate=0.0030139, training.weight_decay=9.5739e-05, training.label_smoothing=0.05132, training.lambda_entropy=0.031889, encoder.dropout=0.15574
  trial 15: training.learning_rate=0.0028287, training.weight_decay=3.3296e-05, training.label_smoothing=0.13926, training.lambda_entropy=0.020457, encoder.dropout=0.13471
  trial 16: training.learning_rate=0.0040172, training.weight_decay=0.00013618, training.label_smoothing=0.098962, training.lambda_entropy=0.04978, encoder.dropout=0.1866
  trial 17: training.learning_rate=0.00097582, training.weight_decay=0.00031338, training.label_smoothing=0.046818, training.lambda_entropy=0.034567, encoder.dropout=0.26424
  trial 18: training.learning_rate=0.0027156, training.weight_decay=3.9999e-05, training.label_smoothing=0.15223, training.lambda_entropy=0.043751, encoder.dropout=0.12885
  trial 19: training.learning_rate=0.0038464, training.weight_decay=9.8652e-05, training.label_smoothing=0.1102, training.lambda_entropy=0.042602, encoder.dropout=0.16994

best validation loss: 0.7842  (trial 4)
best hyperparameters:
  training.learning_rate = 0.004708091043862427
  training.weight_decay = 0.00022790110416522034
  training.label_smoothing = 0.09229587245058637
  training.lambda_entropy = 0.039026458814322776
  encoder.dropout = 0.13548232776067998
  best parameters saved -> configs/models/seanet.best.yaml
  future runs will now use these values automatically.
  compare all trials in the MLflow web page:  mlflow ui --backend-store-uri sqlite:///mlflow.db

[log] finished; full output saved to results/SEA_NET/logs/optuna_2026-07-10_15-17-21.log
