[log] command 'optuna' started at 2026-07-14_14-40-15
[log] a copy of everything below is being saved to: results/SEA_NET/logs/optuna_2026-07-14_14-40-15.log

  [mlflow] logging runs to experiment 'SEA-Net' at sqlite:///mlflow.db
  [mlflow] browse later with:  mlflow ui --backend-store-uri sqlite:///mlflow.db
=== optuna: model=seanet_acp dataset=WebTraffic device=cuda mode=full ===
trials=30 sampler=tpe pruner=median | tuning: ['training.learning_rate', 'training.weight_decay', 'training.label_smoothing', 'training.lambda_entropy', 'training.max_batch', 'encoder.d', 'encoder.n_blocks', 'encoder.dropout', 'encoder.max_dilation', 'pooling.d_attn', 'pooling.dropout', 'pooling.init_beta']
objective: minimise validation loss (lower is better)

  trial  0: training.learning_rate=0.001405, training.weight_decay=0.00016409, training.label_smoothing=0.12055, training.lambda_entropy=0.027244, training.max_batch=16, encoder.d=96, encoder.n_blocks=7, encoder.dropout=0.25867, encoder.max_dilation=16, pooling.d_attn=16, pooling.dropout=0.361, pooling.init_beta=2.7485
           -> val_loss=1.1925
  trial  1: training.learning_rate=0.0028417, training.weight_decay=6.0819e-05, training.label_smoothing=0.15611, training.lambda_entropy=0.0059137, training.max_batch=32, encoder.d=64, encoder.n_blocks=7, encoder.dropout=0.23685, encoder.max_dilation=32, pooling.d_attn=16, pooling.dropout=0.20785, pooling.init_beta=0.29928
           -> val_loss=0.9693
  trial  2: training.learning_rate=0.0021356, training.weight_decay=1.2657e-05, training.label_smoothing=0.13335, training.lambda_entropy=0.033532, training.max_batch=32, encoder.d=96, encoder.n_blocks=8, encoder.dropout=0.13061, encoder.max_dilation=32, pooling.d_attn=8, pooling.dropout=0.13311, pooling.init_beta=0.73455
           -> val_loss=0.9914
  trial  3: training.learning_rate=0.00044255, training.weight_decay=2.1577e-05, training.label_smoothing=0.073745, training.lambda_entropy=0.04105, training.max_batch=16, encoder.d=128, encoder.n_blocks=6, encoder.dropout=0.32178, encoder.max_dilation=16, pooling.d_attn=32, pooling.dropout=0.11924, pooling.init_beta=0.85171
           -> val_loss=1.0639
  trial  4: training.learning_rate=0.0014771, training.weight_decay=2.8242e-05, training.label_smoothing=0.10465, training.lambda_entropy=0.004697, training.max_batch=16, encoder.d=128, encoder.n_blocks=4, encoder.dropout=0.15496, encoder.max_dilation=32, pooling.d_attn=32, pooling.dropout=0.38866, pooling.init_beta=0.13845
           -> val_loss=0.7557
  trial  5: training.learning_rate=0.0015174, training.weight_decay=0.00010136, training.label_smoothing=0.11445, training.lambda_entropy=0.011154, training.max_batch=8, encoder.d=128, encoder.n_blocks=5, encoder.dropout=0.36433, encoder.max_dilation=16, pooling.d_attn=16, pooling.dropout=0.22716, pooling.init_beta=0.59873
  trial  6: training.learning_rate=0.00031664, training.weight_decay=3.2536e-05, training.label_smoothing=0.13203, training.lambda_entropy=0.014504, training.max_batch=8, encoder.d=128, encoder.n_blocks=6, encoder.dropout=0.29596, encoder.max_dilation=32, pooling.d_attn=16, pooling.dropout=0.31117, pooling.init_beta=0.075368
  trial  7: training.learning_rate=0.0039865, training.weight_decay=0.00016348, training.label_smoothing=0.19977, training.lambda_entropy=0.0074724, training.max_batch=8, encoder.d=96, encoder.n_blocks=6, encoder.dropout=0.22215, encoder.max_dilation=16, pooling.d_attn=16, pooling.dropout=0.10351, pooling.init_beta=0.21831
  trial  8: training.learning_rate=0.0023392, training.weight_decay=1.957e-05, training.label_smoothing=0.10421, training.lambda_entropy=0.0027169, training.max_batch=32, encoder.d=128, encoder.n_blocks=7, encoder.dropout=0.10955, encoder.max_dilation=16, pooling.d_attn=8, pooling.dropout=0.27697, pooling.init_beta=0.99366
  trial  9: training.learning_rate=0.00072156, training.weight_decay=4.7486e-05, training.label_smoothing=0.041969, training.lambda_entropy=0.0093097, training.max_batch=8, encoder.d=96, encoder.n_blocks=5, encoder.dropout=0.19354, encoder.max_dilation=8, pooling.d_attn=16, pooling.dropout=0.26097, pooling.init_beta=1.9651
  trial 10: training.learning_rate=0.00091247, training.weight_decay=0.00043896, training.label_smoothing=0.0041538, training.lambda_entropy=0.023145, training.max_batch=16, encoder.d=64, encoder.n_blocks=3, encoder.dropout=0.38682, encoder.max_dilation=8, pooling.d_attn=32, pooling.dropout=0.3804, pooling.init_beta=0.058614
  trial 11: training.learning_rate=0.004989, training.weight_decay=6.0178e-05, training.label_smoothing=0.15414, training.lambda_entropy=3.3027e-05, training.max_batch=32, encoder.d=64, encoder.n_blocks=3, encoder.dropout=0.16768, encoder.max_dilation=32, pooling.d_attn=4, pooling.dropout=0.18388, pooling.init_beta=0.2311
  trial 12: training.learning_rate=0.0029684, training.weight_decay=6.3864e-05, training.label_smoothing=0.17841, training.lambda_entropy=0.017654, training.max_batch=32, encoder.d=64, encoder.n_blocks=4, encoder.dropout=0.2376, encoder.max_dilation=32, pooling.d_attn=32, pooling.dropout=0.33004, pooling.init_beta=0.16625
  trial 13: training.learning_rate=0.0014665, training.weight_decay=1.0581e-05, training.label_smoothing=0.081358, training.lambda_entropy=0.005885, training.max_batch=16, encoder.d=64, encoder.n_blocks=8, encoder.dropout=0.16456, encoder.max_dilation=32, pooling.d_attn=4, pooling.dropout=0.17684, pooling.init_beta=0.10874
  trial 14: training.learning_rate=0.00092769, training.weight_decay=3.1915e-05, training.label_smoothing=0.16048, training.lambda_entropy=0.019104, training.max_batch=32, encoder.d=128, encoder.n_blocks=4, encoder.dropout=0.27792, encoder.max_dilation=32, pooling.d_attn=32, pooling.dropout=0.39577, pooling.init_beta=0.35114
  trial 15: training.learning_rate=0.0026718, training.weight_decay=0.00010761, training.label_smoothing=0.062924, training.lambda_entropy=0.046622, training.max_batch=16, encoder.d=64, encoder.n_blocks=4, encoder.dropout=0.19682, encoder.max_dilation=32, pooling.d_attn=32, pooling.dropout=0.22659, pooling.init_beta=0.36472
  trial 16: training.learning_rate=0.0018151, training.weight_decay=3.137e-05, training.label_smoothing=0.0944, training.lambda_entropy=0.00044491, training.max_batch=16, encoder.d=64, encoder.n_blocks=7, encoder.dropout=0.13356, encoder.max_dilation=8, pooling.d_attn=4, pooling.dropout=0.32913, pooling.init_beta=0.12078
  trial 17: training.learning_rate=0.0035873, training.weight_decay=0.00033526, training.label_smoothing=0.15456, training.lambda_entropy=0.013732, training.max_batch=32, encoder.d=128, encoder.n_blocks=5, encoder.dropout=0.3133, encoder.max_dilation=32, pooling.d_attn=8, pooling.dropout=0.17155, pooling.init_beta=0.35898
  trial 18: training.learning_rate=0.0011734, training.weight_decay=1.8046e-05, training.label_smoothing=0.042447, training.lambda_entropy=0.0057099, training.max_batch=16, encoder.d=64, encoder.n_blocks=8, encoder.dropout=0.21621, encoder.max_dilation=32, pooling.d_attn=32, pooling.dropout=0.27644, pooling.init_beta=0.10351
  trial 19: training.learning_rate=0.00057871, training.weight_decay=8.3545e-05, training.label_smoothing=0.18489, training.lambda_entropy=0.027577, training.max_batch=32, encoder.d=128, encoder.n_blocks=3, encoder.dropout=0.16513, encoder.max_dilation=32, pooling.d_attn=16, pooling.dropout=0.2214, pooling.init_beta=0.19638
  trial 20: training.learning_rate=0.0019007, training.weight_decay=4.3528e-05, training.label_smoothing=0.13581, training.lambda_entropy=0.017, training.max_batch=32, encoder.d=128, encoder.n_blocks=6, encoder.dropout=0.2624, encoder.max_dilation=8, pooling.d_attn=32, pooling.dropout=0.35521, pooling.init_beta=0.45982
  trial 21: training.learning_rate=0.0021245, training.weight_decay=1.3301e-05, training.label_smoothing=0.13897, training.lambda_entropy=0.034315, training.max_batch=32, encoder.d=96, encoder.n_blocks=8, encoder.dropout=0.10398, encoder.max_dilation=32, pooling.d_attn=8, pooling.dropout=0.13638, pooling.init_beta=1.1581
  trial 22: training.learning_rate=0.0031919, training.weight_decay=1.4061e-05, training.label_smoothing=0.098038, training.lambda_entropy=0.036726, training.max_batch=32, encoder.d=96, encoder.n_blocks=7, encoder.dropout=0.13835, encoder.max_dilation=32, pooling.d_attn=8, pooling.dropout=0.16201, pooling.init_beta=0.65309
  trial 23: training.learning_rate=0.0024595, training.weight_decay=2.6513e-05, training.label_smoothing=0.16319, training.lambda_entropy=0.046257, training.max_batch=32, encoder.d=96, encoder.n_blocks=8, encoder.dropout=0.13319, encoder.max_dilation=32, pooling.d_attn=8, pooling.dropout=0.14391, pooling.init_beta=0.27196
  trial 24: training.learning_rate=0.0010992, training.weight_decay=1.0534e-05, training.label_smoothing=0.11878, training.lambda_entropy=0.030636, training.max_batch=32, encoder.d=96, encoder.n_blocks=8, encoder.dropout=0.19174, encoder.max_dilation=32, pooling.d_attn=8, pooling.dropout=0.19948, pooling.init_beta=1.3872
  trial 25: training.learning_rate=0.0046604, training.weight_decay=1.5406e-05, training.label_smoothing=0.13816, training.lambda_entropy=0.021695, training.max_batch=16, encoder.d=96, encoder.n_blocks=7, encoder.dropout=0.15078, encoder.max_dilation=32, pooling.d_attn=8, pooling.dropout=0.24915, pooling.init_beta=0.14751
  trial 26: training.learning_rate=0.0017297, training.weight_decay=4.7432e-05, training.label_smoothing=0.17619, training.lambda_entropy=0.040541, training.max_batch=32, encoder.d=64, encoder.n_blocks=5, encoder.dropout=0.11402, encoder.max_dilation=32, pooling.d_attn=16, pooling.dropout=0.14598, pooling.init_beta=0.48929
  trial 27: training.learning_rate=0.0020926, training.weight_decay=2.8047e-05, training.label_smoothing=0.14626, training.lambda_entropy=0.011453, training.max_batch=32, encoder.d=128, encoder.n_blocks=8, encoder.dropout=0.17801, encoder.max_dilation=32, pooling.d_attn=4, pooling.dropout=0.29732, pooling.init_beta=0.086239
  trial 28: training.learning_rate=0.0011889, training.weight_decay=6.5351e-05, training.label_smoothing=0.1157, training.lambda_entropy=0.0036671, training.max_batch=16, encoder.d=64, encoder.n_blocks=7, encoder.dropout=0.23007, encoder.max_dilation=8, pooling.d_attn=32, pooling.dropout=0.19389, pooling.init_beta=0.054755
  trial 29: training.learning_rate=0.0029431, training.weight_decay=0.00024315, training.label_smoothing=0.12646, training.lambda_entropy=0.049754, training.max_batch=8, encoder.d=96, encoder.n_blocks=7, encoder.dropout=0.25209, encoder.max_dilation=32, pooling.d_attn=16, pooling.dropout=0.10431, pooling.init_beta=1.9694

best validation loss: 0.7557  (trial 4)
best hyperparameters:
  training.learning_rate = 0.0014771429739046443
  training.weight_decay = 2.824156663833462e-05
  training.label_smoothing = 0.10464961069333995
  training.lambda_entropy = 0.004697025537922084
  training.max_batch = 16
  encoder.d = 128
  encoder.n_blocks = 4
  encoder.dropout = 0.15495740860213505
  encoder.max_dilation = 32
  pooling.d_attn = 32
  pooling.dropout = 0.3886565635352315
  pooling.init_beta = 0.13844928509004092

  retraining the best config on WebTraffic to record its test metrics ...
    stage 1/3: loading data ...
    stage 2/3: training on 400 series (val=100, C=10, T=1008, batch=16) ...
  saved best params + metrics -> configs/models/seanet_acp.yaml  (records.optuna_best)
  best on WebTraffic: test_acc=0.938 test_loss=0.2963 test_auroc=0.9976  (val_loss=0.7557)
  set `use_params: auto` (or optuna_best) in configs/models/seanet_acp.yaml to train with these.
  compare all trials in the MLflow web page:  mlflow ui --backend-store-uri sqlite:///mlflow.db

[log] finished; full output saved to results/SEA_NET/logs/optuna_2026-07-14_14-40-15.log
