[log] command 'optuna' started at 2026-07-14_14-07-32
[log] a copy of everything below is being saved to: results/SEA_NET/logs/optuna_2026-07-14_14-07-32.log

  [mlflow] logging runs to experiment 'SEA-Net' at sqlite:///mlflow.db
  [mlflow] browse later with:  mlflow ui --backend-store-uri sqlite:///mlflow.db
=== optuna: model=seanet dataset=WebTraffic device=cuda mode=full ===
trials=30 sampler=tpe pruner=median | tuning: ['training.learning_rate', 'training.weight_decay', 'training.label_smoothing', 'training.lambda_entropy', 'training.max_batch', 'encoder.d', 'encoder.n_blocks', 'encoder.dropout', 'encoder.max_dilation', 'pooling.d_attn', 'pooling.dropout']
objective: minimise validation loss (lower is better)

  trial  0: training.learning_rate=0.001405, training.weight_decay=0.00016409, training.label_smoothing=0.12055, training.lambda_entropy=0.027244, training.max_batch=16, encoder.d=96, encoder.n_blocks=7, encoder.dropout=0.25867, encoder.max_dilation=16, pooling.d_attn=16, pooling.dropout=0.361
           -> val_loss=2.2947
  trial  1: training.learning_rate=0.0047081, training.weight_decay=0.0002279, training.label_smoothing=0.092296, training.lambda_entropy=0.039026, training.max_batch=16, encoder.d=64, encoder.n_blocks=4, encoder.dropout=0.33227, encoder.max_dilation=16, pooling.d_attn=32, pooling.dropout=0.30455
           -> val_loss=0.8685
  trial  2: training.learning_rate=0.00082487, training.weight_decay=5.5272e-05, training.label_smoothing=0.13953, training.lambda_entropy=0.0030113, training.max_batch=16, encoder.d=128, encoder.n_blocks=6, encoder.dropout=0.23158, encoder.max_dilation=8, pooling.d_attn=8, pooling.dropout=0.17333
           -> val_loss=0.8774
  trial  3: training.learning_rate=0.0004692, training.weight_decay=1.54e-05, training.label_smoothing=0.13127, training.lambda_entropy=0.0069091, training.max_batch=32, encoder.d=96, encoder.n_blocks=8, encoder.dropout=0.2406, encoder.max_dilation=8, pooling.d_attn=32, pooling.dropout=0.13562
           -> val_loss=0.9465
  trial  4: training.learning_rate=0.00073392, training.weight_decay=5.0562e-05, training.label_smoothing=0.012829, training.lambda_entropy=0.034624, training.max_batch=8, encoder.d=128, encoder.n_blocks=4, encoder.dropout=0.30022, encoder.max_dilation=16, pooling.d_attn=32, pooling.dropout=0.10141
           -> val_loss=0.5572
  trial  5: training.learning_rate=0.0020198, training.weight_decay=2.8756e-05, training.label_smoothing=0.14704, training.lambda_entropy=0.048109, training.max_batch=32, encoder.d=128, encoder.n_blocks=5, encoder.dropout=0.35392, encoder.max_dilation=32, pooling.d_attn=32, pooling.dropout=0.30776
  trial  6: training.learning_rate=0.0023082, training.weight_decay=7.1078e-05, training.label_smoothing=0.19122, training.lambda_entropy=0.0322, training.max_batch=16, encoder.d=96, encoder.n_blocks=6, encoder.dropout=0.22863, encoder.max_dilation=32, pooling.d_attn=16, pooling.dropout=0.22943
  trial  7: training.learning_rate=0.0037374, training.weight_decay=4.2119e-05, training.label_smoothing=0.087173, training.lambda_entropy=0.044596, training.max_batch=8, encoder.d=128, encoder.n_blocks=3, encoder.dropout=0.36044, encoder.max_dilation=16, pooling.d_attn=4, pooling.dropout=0.12075
  trial  8: training.learning_rate=0.0021344, training.weight_decay=5.896e-05, training.label_smoothing=0.14441, training.lambda_entropy=0.043319, training.max_batch=8, encoder.d=96, encoder.n_blocks=6, encoder.dropout=0.1163, encoder.max_dilation=32, pooling.d_attn=16, pooling.dropout=0.10955
  trial  9: training.learning_rate=0.00047682, training.weight_decay=0.00011373, training.label_smoothing=0.11545, training.lambda_entropy=0.011895, training.max_batch=8, encoder.d=96, encoder.n_blocks=5, encoder.dropout=0.16295, encoder.max_dilation=16, pooling.d_attn=4, pooling.dropout=0.23032
           -> val_loss=0.7670
  trial 10: training.learning_rate=0.00031766, training.weight_decay=0.00043958, training.label_smoothing=0.0041538, training.lambda_entropy=0.019942, training.max_batch=8, encoder.d=64, encoder.n_blocks=3, encoder.dropout=0.30784, encoder.max_dilation=16, pooling.d_attn=8, pooling.dropout=0.37508
  trial 11: training.learning_rate=0.0006948, training.weight_decay=0.00014515, training.label_smoothing=0.0077955, training.lambda_entropy=0.015569, training.max_batch=8, encoder.d=128, encoder.n_blocks=4, encoder.dropout=0.1328, encoder.max_dilation=16, pooling.d_attn=4, pooling.dropout=0.2234
           -> val_loss=0.4147
  trial 12: training.learning_rate=0.00087103, training.weight_decay=1.1095e-05, training.label_smoothing=0.0042117, training.lambda_entropy=0.018146, training.max_batch=8, encoder.d=128, encoder.n_blocks=4, encoder.dropout=0.39846, encoder.max_dilation=16, pooling.d_attn=4, pooling.dropout=0.20052
  trial 13: training.learning_rate=0.00080815, training.weight_decay=0.00031215, training.label_smoothing=0.040787, training.lambda_entropy=0.031461, training.max_batch=8, encoder.d=128, encoder.n_blocks=4, encoder.dropout=0.17047, encoder.max_dilation=16, pooling.d_attn=4, pooling.dropout=0.28188
           -> val_loss=0.5692
  trial 14: training.learning_rate=0.001179, training.weight_decay=0.00011508, training.label_smoothing=0.036107, training.lambda_entropy=0.021494, training.max_batch=8, encoder.d=128, encoder.n_blocks=5, encoder.dropout=0.10548, encoder.max_dilation=16, pooling.d_attn=32, pooling.dropout=0.24961
  trial 15: training.learning_rate=0.00055324, training.weight_decay=2.7076e-05, training.label_smoothing=0.039984, training.lambda_entropy=0.012325, training.max_batch=32, encoder.d=128, encoder.n_blocks=3, encoder.dropout=0.28548, encoder.max_dilation=8, pooling.d_attn=4, pooling.dropout=0.15685
  trial 16: training.learning_rate=0.00031429, training.weight_decay=0.00010365, training.label_smoothing=0.025094, training.lambda_entropy=0.034344, training.max_batch=8, encoder.d=64, encoder.n_blocks=4, encoder.dropout=0.18962, encoder.max_dilation=16, pooling.d_attn=32, pooling.dropout=0.10059
  trial 17: training.learning_rate=0.00060812, training.weight_decay=2.9835e-05, training.label_smoothing=0.068573, training.lambda_entropy=0.024829, training.max_batch=8, encoder.d=128, encoder.n_blocks=5, encoder.dropout=0.1392, encoder.max_dilation=16, pooling.d_attn=8, pooling.dropout=0.17733
           -> val_loss=0.5774
  trial 18: training.learning_rate=0.001213, training.weight_decay=0.00022378, training.label_smoothing=0.061981, training.lambda_entropy=0.00068437, training.max_batch=8, encoder.d=128, encoder.n_blocks=4, encoder.dropout=0.18466, encoder.max_dilation=8, pooling.d_attn=32, pooling.dropout=0.33977
  trial 19: training.learning_rate=0.00099611, training.weight_decay=7.9017e-05, training.label_smoothing=0.022273, training.lambda_entropy=0.012882, training.max_batch=32, encoder.d=128, encoder.n_blocks=3, encoder.dropout=0.20522, encoder.max_dilation=32, pooling.d_attn=4, pooling.dropout=0.19646
  trial 20: training.learning_rate=0.00066239, training.weight_decay=0.00016248, training.label_smoothing=0.00091838, training.lambda_entropy=0.038461, training.max_batch=8, encoder.d=64, encoder.n_blocks=5, encoder.dropout=0.38678, encoder.max_dilation=16, pooling.d_attn=32, pooling.dropout=0.25214
  trial 21: training.learning_rate=0.00069359, training.weight_decay=0.00032857, training.label_smoothing=0.050121, training.lambda_entropy=0.029909, training.max_batch=8, encoder.d=128, encoder.n_blocks=4, encoder.dropout=0.14708, encoder.max_dilation=16, pooling.d_attn=4, pooling.dropout=0.28541
  trial 22: training.learning_rate=0.00040401, training.weight_decay=0.00047278, training.label_smoothing=0.021299, training.lambda_entropy=0.036765, training.max_batch=8, encoder.d=128, encoder.n_blocks=4, encoder.dropout=0.12851, encoder.max_dilation=16, pooling.d_attn=4, pooling.dropout=0.39823
           -> val_loss=0.6137
  trial 23: training.learning_rate=0.0014741, training.weight_decay=0.00022256, training.label_smoothing=0.055717, training.lambda_entropy=0.025101, training.max_batch=8, encoder.d=128, encoder.n_blocks=3, encoder.dropout=0.16644, encoder.max_dilation=16, pooling.d_attn=4, pooling.dropout=0.26947
  trial 24: training.learning_rate=0.00081175, training.weight_decay=0.00032812, training.label_smoothing=0.031153, training.lambda_entropy=0.02922, training.max_batch=8, encoder.d=128, encoder.n_blocks=4, encoder.dropout=0.27538, encoder.max_dilation=16, pooling.d_attn=4, pooling.dropout=0.32589
  trial 25: training.learning_rate=0.00097506, training.weight_decay=0.00029805, training.label_smoothing=0.077051, training.lambda_entropy=0.015681, training.max_batch=8, encoder.d=128, encoder.n_blocks=5, encoder.dropout=0.20651, encoder.max_dilation=16, pooling.d_attn=4, pooling.dropout=0.21348
  trial 26: training.learning_rate=0.0007052, training.weight_decay=0.00015648, training.label_smoothing=0.018473, training.lambda_entropy=0.04316, training.max_batch=8, encoder.d=128, encoder.n_blocks=4, encoder.dropout=0.30831, encoder.max_dilation=16, pooling.d_attn=8, pooling.dropout=0.14943
  trial 27: training.learning_rate=0.00050764, training.weight_decay=4.0916e-05, training.label_smoothing=0.014545, training.lambda_entropy=0.0076087, training.max_batch=8, encoder.d=128, encoder.n_blocks=3, encoder.dropout=0.15583, encoder.max_dilation=16, pooling.d_attn=16, pooling.dropout=0.2808
           -> val_loss=0.3982
  trial 28: training.learning_rate=0.0004746, training.weight_decay=1.9899e-05, training.label_smoothing=0.012805, training.lambda_entropy=0.0054972, training.max_batch=32, encoder.d=128, encoder.n_blocks=3, encoder.dropout=0.13559, encoder.max_dilation=8, pooling.d_attn=16, pooling.dropout=0.24965
  trial 29: training.learning_rate=0.00038312, training.weight_decay=4.153e-05, training.label_smoothing=0.052005, training.lambda_entropy=0.0093554, training.max_batch=16, encoder.d=64, encoder.n_blocks=8, encoder.dropout=0.25387, encoder.max_dilation=32, pooling.d_attn=16, pooling.dropout=0.35695

best validation loss: 0.3982  (trial 27)
best hyperparameters:
  training.learning_rate = 0.0005076417815298255
  training.weight_decay = 4.091626401527854e-05
  training.label_smoothing = 0.014544866656788336
  training.lambda_entropy = 0.007608685664283788
  training.max_batch = 8
  encoder.d = 128
  encoder.n_blocks = 3
  encoder.dropout = 0.15583378869148168
  encoder.max_dilation = 16
  pooling.d_attn = 16
  pooling.dropout = 0.28079526048212006

  retraining the best config on WebTraffic to record its test metrics ...
    stage 1/3: loading data ...
    stage 2/3: training on 400 series (val=100, C=10, T=1008, batch=8) ...
  saved best params + metrics -> configs/models/seanet.yaml  (records.optuna_best)
  best on WebTraffic: test_acc=0.906 test_loss=0.3068 test_auroc=0.9922  (val_loss=0.3982)
  set `use_params: auto` (or optuna_best) in configs/models/seanet.yaml to train with these.
  compare all trials in the MLflow web page:  mlflow ui --backend-store-uri sqlite:///mlflow.db

[log] finished; full output saved to results/SEA_NET/logs/optuna_2026-07-14_14-07-32.log
