[log] command 'report' started at 2026-07-15_14-44-15
[log] a copy of everything below is being saved to: results/SEA_NET/logs/report_2026-07-15_14-44-15.log

=== SEA-Net report ===
  datasets_with_results     : 129
  mean_test_accuracy        : 0.8296
  mean_aopcr                : 0.6585
  webtraffic_ndcg           : 0.7133
  params                    : 269083
  model_size_mb             : 3.539
  millet_overlap_datasets   : 85
  acc_win_tie_loss          : 26/14/45
  aopcr_win_tie_loss        : 4/0/81
  acc_mean_ours_vs_millet   : 0.8294 / 0.8445
  aopcr_mean_ours_vs_millet : 0.572 / 4.553

  per model (model | settings | datasets | mean acc | last run):
    SEA-Net                  legacy      129  0.8296  2026-07-10 14:28

  pooling benchmark (mean test_acc over 5 datasets):
    conjunctive              0.9624
    adaptive_classwise       0.9623  <- new
    additive                 0.9600
    softmax_conjunctive      0.9533  <- new
    classwise_conjunctive    0.9462  <- new

wrote 8 figures -> results/SEA_NET/figures/
   results/SEA_NET/figures/data_summary.png
   results/SEA_NET/figures/results.png
   results/SEA_NET/figures/acc_scatter.png
   results/SEA_NET/figures/win_tie_loss.png
   results/SEA_NET/figures/aopcr_scatter.png
   results/SEA_NET/figures/acc_diff.png
   results/SEA_NET/figures/pooling_benchmark.png
   results/SEA_NET/figures/pooling_benchmark_by_dataset.png
wrote summary table -> results/SEA_NET/summary.csv and results/SEA_NET/summary.md
updated README results section -> README.md

[log] finished; full output saved to results/SEA_NET/logs/report_2026-07-15_14-44-15.log
