[log] command 'results' started at 2026-08-21_17-43-04
[log] a copy of everything below is being saved to: results\SEA_NET\logs\results_2026-08-21_17-43-04.log

=== seanet_bottleneck_topk__sea_mstcn_sep_bottleneck__sea_topk_conjunctive vs MILLET ConjunctiveInceptionTime (mean of 5 reps) ===
  UCR datasets evaluated: 128  (with MILLET baseline: 85, without: 43)
  metric        ours    MILLET   win/tie/loss   (mean over the 85 datasets MILLET published)
  acc         0.8097    0.8445       20/15/50   
  loss        0.5506    1.2241        58/1/26   (lower is better)
  aopcr       1.0909    4.5532         4/0/81   
  wrote results\SEA_NET\seanet_bottleneck_topk__sea_mstcn_sep_bottleneck__sea_topk_conjunctive\comparison_vs_millet.csv

=== seanet_bottleneck_topk__sea_mstcn_sep_bottleneck__sea_topk_conjunctive summary ===
  model                   : seanet_bottleneck_topk__sea_mstcn_sep_bottleneck__sea_topk_conjunctive
  millet85_datasets       : 85
  mean_acc_ours           : 0.8097
  mean_acc_millet         : 0.8445
  acc_win_tie_loss        : 20/15/50
  mean_loss_ours          : 0.5506
  mean_loss_millet        : 1.2241
  loss_win_tie_loss       : 58/1/26
  mean_aopcr_ours         : 1.0909
  mean_aopcr_millet       : 4.5532
  aopcr_win_tie_loss      : 4/0/81
  overall_ucr_datasets    : 128
  overall_mean_acc        : 0.8058
  overall_mean_loss       : 0.599
  overall_mean_aopcr      : 1.3239
  webtraffic_acc          : 0.9307
  webtraffic_ndcg         : 0.7652
  params                  : 41324
  model_size_mb           : 1.428

  wrote results\SEA_NET\seanet_bottleneck_topk__sea_mstcn_sep_bottleneck__sea_topk_conjunctive/summary.csv and summary.md

[log] finished; full output saved to results\SEA_NET\logs\results_2026-08-21_17-43-04.log
