[log] command 'train' started at 2026-07-16_15-23-00
[log] a copy of everything below is being saved to: results/SEA_NET/logs/train_2026-07-16_15-23-00.log

=== train: model=seanet_classwise settings=df4a9c11 device=cuda mode=full datasets=129 ===
[params] using DEFAULT recipe: `auto` has nothing to compare against yet (optuna-best test_acc 0.9340, default not recorded). This run records the default, then `auto` picks the better of the two.
  fresh sweep for seanet_classwise|df4a9c11: nothing done yet for these settings
  this run's rows -> results/SEA_NET/runs/2026-07-16_15-23-00_seanet_classwise_train/results.csv
  [mlflow] logging runs to experiment 'SEA-Net_seanet_classwise_2026-07-16' at sqlite:///mlflow.db
  [mlflow] browse later with:  mlflow ui --backend-store-uri sqlite:///mlflow.db
[  1/129] WebTraffic
    stage 1/3: loading data ...
    stage 2/3: training on 400 series (val=100, C=10, T=1008, batch=16) ...
    stage 3/3: scoring on 500 test series (accuracy + AOPCR + NDCG) ...
    [mlflow] versioned model 'seanet_classwise' (id=m-de37f3d0baf144a79d55201e76b7cae3) params={'model_size_mb': '3.5389', 'n_model_params': '269164', 'name': 'seanet_classwise'}
    [mlflow] logged run 'seanet_classwise_WebTraffic'  (train_acc=1.0000 val_acc=0.9200 test_acc=0.9560 test_loss=0.2524)
[  1/129] WebTraffic                   DONE  acc=0.9560 AOPCR=  1.734 NDCG=0.696 C= 10 T= 1008 (480s)  [1 trained / 0 failed so far]
[  2/129] ACSF1
    stage 1/3: loading data ...
    stage 2/3: training on 80 series (val=20, C=10, T=1460, batch=8) ...
    stage 3/3: scoring on 100 test series (accuracy + AOPCR) ...
    [mlflow] versioned model 'seanet_classwise' (id=m-9fce3468e57c41c6bd755a214016274a) params={'model_size_mb': '3.5389', 'n_model_params': '269164', 'name': 'seanet_classwise'}
    [mlflow] logged run 'seanet_classwise_ACSF1'  (train_acc=0.8500 val_acc=0.7000 test_acc=0.7600 test_loss=0.7839)
[  2/129] ACSF1                        DONE  acc=0.7600 AOPCR=  0.653 NDCG=  n/a C= 10 T= 1460 (61s)  [2 trained / 0 failed so far]
[  3/129] Adiac
    stage 1/3: loading data ...
    stage 2/3: training on 328 series (val=62, C=37, T=176, batch=16) ...
    stage 3/3: scoring on 391 test series (accuracy + AOPCR) ...
    [mlflow] versioned model 'seanet_classwise' (id=m-5da2d572ff7d48a9a734007f6d0ecd17) params={'model_size_mb': '3.5531', 'n_model_params': '272890', 'name': 'seanet_classwise'}
    [mlflow] logged run 'seanet_classwise_Adiac'  (train_acc=0.9665 val_acc=0.7581 test_acc=0.7954 test_loss=0.8769)
[  3/129] Adiac                        DONE  acc=0.7954 AOPCR=  2.890 NDCG=  n/a C= 37 T=  176 (66s)  [3 trained / 0 failed so far]
[  4/129] AllGestureWiimoteX
    stage 1/3: loading data ...
    stage 2/3: training on 240 series (val=60, C=10, T=500, batch=16) ...
    stage 3/3: scoring on 700 test series (accuracy + AOPCR) ...
    [mlflow] versioned model 'seanet_classwise' (id=m-06344ec06802484fadd1fa96b758e99d) params={'model_size_mb': '3.5389', 'n_model_params': '269164', 'name': 'seanet_classwise'}
    [mlflow] logged run 'seanet_classwise_AllGestureWiimoteX'  (train_acc=0.9917 val_acc=0.8000 test_acc=0.7343 test_loss=0.9765)
[  4/129] AllGestureWiimoteX           DONE  acc=0.7343 AOPCR=  2.041 NDCG=  n/a C= 10 T=  500 (73s)  [4 trained / 0 failed so far]
[  5/129] AllGestureWiimoteY
    stage 1/3: loading data ...
    stage 2/3: training on 240 series (val=60, C=10, T=500, batch=16) ...
    stage 3/3: scoring on 700 test series (accuracy + AOPCR) ...
    [mlflow] versioned model 'seanet_classwise' (id=m-783fee5727be4a60a7c175bd1e60c91e) params={'model_size_mb': '3.5389', 'n_model_params': '269164', 'name': 'seanet_classwise'}
    [mlflow] logged run 'seanet_classwise_AllGestureWiimoteY'  (train_acc=1.0000 val_acc=0.8167 test_acc=0.7729 test_loss=0.8426)
[  5/129] AllGestureWiimoteY           DONE  acc=0.7729 AOPCR=  2.213 NDCG=  n/a C= 10 T=  500 (66s)  [5 trained / 0 failed so far]
[  6/129] AllGestureWiimoteZ
    stage 1/3: loading data ...
    stage 2/3: training on 240 series (val=60, C=10, T=500, batch=16) ...
