[log] command 'train' started at 2026-07-15_17-48-33
[log] a copy of everything below is being saved to: results/SEA_NET/logs/train_2026-07-15_17-48-33.log

=== train: model=seanet_classwise settings=df4a9c11 device=cuda mode=full datasets=129 ===
[params] using DEFAULT recipe: `auto` has nothing to compare against yet (optuna-best test_acc 0.9340, default not recorded). This run records the default, then `auto` picks the better of the two.
  fresh sweep for seanet_classwise|df4a9c11: nothing done yet for these settings
  this run's rows -> results/SEA_NET/runs/2026-07-15_17-48-33_seanet_classwise_train/results.csv
  [mlflow] logging runs to experiment 'SEA-Net_seanet_classwise_2026-07-15' at sqlite:///mlflow.db
  [mlflow] browse later with:  mlflow ui --backend-store-uri sqlite:///mlflow.db
[  1/129] WebTraffic
    stage 1/3: loading data ...
    stage 2/3: training on 400 series (val=100, C=10, T=1008, batch=16) ...
    stage 3/3: scoring on 500 test series (accuracy + AOPCR + NDCG) ...
    [mlflow] versioned model 'seanet_classwise' (id=m-7f330ee1f13640ab963a799070022c95) params={'model_size_mb': '3.5389', 'n_model_params': '269164', 'name': 'seanet_classwise'}
    [mlflow] logged run 'seanet_classwise_WebTraffic'  (train_acc=1.0000 val_acc=0.8900 test_acc=0.9320 test_loss=0.3191)
[  1/129] WebTraffic                   DONE  acc=0.9320 AOPCR=  1.894 NDCG=0.697 C= 10 T= 1008 (276s)  [1 trained / 0 failed so far]
[  2/129] ACSF1
    stage 1/3: loading data ...
    stage 2/3: training on 80 series (val=20, C=10, T=1460, batch=8) ...
    stage 3/3: scoring on 100 test series (accuracy + AOPCR) ...
    [mlflow] versioned model 'seanet_classwise' (id=m-84ebc8b6ecfa4a9eaa653b959c153560) params={'model_size_mb': '3.5389', 'n_model_params': '269164', 'name': 'seanet_classwise'}
    [mlflow] logged run 'seanet_classwise_ACSF1'  (train_acc=0.8875 val_acc=0.8000 test_acc=0.7600 test_loss=0.8921)
[  2/129] ACSF1                        DONE  acc=0.7600 AOPCR=  0.186 NDCG=  n/a C= 10 T= 1460 (64s)  [2 trained / 0 failed so far]
[  3/129] Adiac
    stage 1/3: loading data ...
    stage 2/3: training on 328 series (val=62, C=37, T=176, batch=16) ...
    stage 3/3: scoring on 391 test series (accuracy + AOPCR) ...
    [mlflow] versioned model 'seanet_classwise' (id=m-2220356ebf6b49c2ac015acd83f639f8) params={'model_size_mb': '3.5531', 'n_model_params': '272890', 'name': 'seanet_classwise'}
    [mlflow] logged run 'seanet_classwise_Adiac'  (train_acc=0.9604 val_acc=0.7742 test_acc=0.7749 test_loss=0.9282)
[  3/129] Adiac                        DONE  acc=0.7749 AOPCR=  2.231 NDCG=  n/a C= 37 T=  176 (71s)  [3 trained / 0 failed so far]
[  4/129] AllGestureWiimoteX
    stage 1/3: loading data ...
    stage 2/3: training on 240 series (val=60, C=10, T=500, batch=16) ...
    stage 3/3: scoring on 700 test series (accuracy + AOPCR) ...
    [mlflow] versioned model 'seanet_classwise' (id=m-a64af16530004675a9a2f7507ebd9b56) params={'model_size_mb': '3.5389', 'n_model_params': '269164', 'name': 'seanet_classwise'}
    [mlflow] logged run 'seanet_classwise_AllGestureWiimoteX'  (train_acc=1.0000 val_acc=0.8500 test_acc=0.7614 test_loss=0.8224)
[  4/129] AllGestureWiimoteX           DONE  acc=0.7614 AOPCR=  1.699 NDCG=  n/a C= 10 T=  500 (242s)  [4 trained / 0 failed so far]
[  5/129] AllGestureWiimoteY
    stage 1/3: loading data ...
    stage 2/3: training on 240 series (val=60, C=10, T=500, batch=16) ...
    stage 3/3: scoring on 700 test series (accuracy + AOPCR) ...
    [mlflow] versioned model 'seanet_classwise' (id=m-b8008aa23771484fa2657e9c20d44307) params={'model_size_mb': '3.5389', 'n_model_params': '269164', 'name': 'seanet_classwise'}
    [mlflow] logged run 'seanet_classwise_AllGestureWiimoteY'  (train_acc=0.9875 val_acc=0.8000 test_acc=0.7329 test_loss=0.8521)
[  5/129] AllGestureWiimoteY           DONE  acc=0.7329 AOPCR=  2.308 NDCG=  n/a C= 10 T=  500 (63s)  [5 trained / 0 failed so far]
[  6/129] AllGestureWiimoteZ
    stage 1/3: loading data ...
    stage 2/3: training on 240 series (val=60, C=10, T=500, batch=16) ...
    stage 3/3: scoring on 700 test series (accuracy + AOPCR) ...
    [mlflow] versioned model 'seanet_classwise' (id=m-a3f15036dfbd45dd96023d9578185fee) params={'model_size_mb': '3.5389', 'n_model_params': '269164', 'name': 'seanet_classwise'}
    [mlflow] logged run 'seanet_classwise_AllGestureWiimoteZ'  (train_acc=1.0000 val_acc=0.7833 test_acc=0.7429 test_loss=0.8976)
[  6/129] AllGestureWiimoteZ           DONE  acc=0.7429 AOPCR=  1.758 NDCG=  n/a C= 10 T=  500 (160s)  [6 trained / 0 failed so far]
[  7/129] ArrowHead
    stage 1/3: loading data ...
    stage 2/3: training on 36 series (no val (train-loss early stop), C=3, T=251, batch=3) ...
    stage 3/3: scoring on 175 test series (accuracy + AOPCR) ...
    [mlflow] versioned model 'seanet_classwise' (id=m-39348f6b376a455f823888cd5d25a3c4) params={'model_size_mb': '3.5352', 'n_model_params': '268198', 'name': 'seanet_classwise'}
    [mlflow] logged run 'seanet_classwise_ArrowHead'  (train_acc=1.0000 test_acc=0.8800 test_loss=0.3825)
[  7/129] ArrowHead                    DONE  acc=0.8800 AOPCR=  0.154 NDCG=  n/a C=  3 T=  251 (42s)  [7 trained / 0 failed so far]
[  8/129] BME
    stage 1/3: loading data ...
    stage 2/3: training on 30 series (no val (train-loss early stop), C=3, T=128, batch=3) ...
    stage 3/3: scoring on 150 test series (accuracy + AOPCR) ...
    [mlflow] versioned model 'seanet_classwise' (id=m-54db53a537034495a3563e09b5c3c8f9) params={'model_size_mb': '3.5352', 'n_model_params': '268198', 'name': 'seanet_classwise'}
    [mlflow] logged run 'seanet_classwise_BME'  (train_acc=1.0000 test_acc=1.0000 test_loss=0.0925)
[  8/129] BME                          DONE  acc=1.0000 AOPCR=  0.349 NDCG=  n/a C=  3 T=  128 (17s)  [8 trained / 0 failed so far]
[  9/129] Beef
    stage 1/3: loading data ...
    stage 2/3: training on 30 series (no val (train-loss early stop), C=5, T=470, batch=3) ...
    stage 3/3: scoring on 30 test series (accuracy + AOPCR) ...
    [mlflow] versioned model 'seanet_classwise' (id=m-7856cfd336524e93b984097c83e608d2) params={'model_size_mb': '3.5362', 'n_model_params': '268474', 'name': 'seanet_classwise'}
    [mlflow] logged run 'seanet_classwise_Beef'  (train_acc=1.0000 test_acc=0.8000 test_loss=0.4806)
[  9/129] Beef                         DONE  acc=0.8000 AOPCR=  1.314 NDCG=  n/a C=  5 T=  470 (42s)  [9 trained / 0 failed so far]
[ 10/129] BeetleFly
    stage 1/3: loading data ...
    stage 2/3: training on 20 series (no val (train-loss early stop), C=2, T=512, batch=2) ...
    stage 3/3: scoring on 20 test series (accuracy + AOPCR) ...
    [mlflow] versioned model 'seanet_classwise' (id=m-1e315e5f4b494153bc34fef7547da8f1) params={'model_size_mb': '3.5347', 'n_model_params': '268060', 'name': 'seanet_classwise'}
    [mlflow] logged run 'seanet_classwise_BeetleFly'  (train_acc=1.0000 test_acc=0.7500 test_loss=0.4150)
[ 10/129] BeetleFly                    DONE  acc=0.7500 AOPCR=  0.292 NDCG=  n/a C=  2 T=  512 (30s)  [10 trained / 0 failed so far]
[ 11/129] BirdChicken
    stage 1/3: loading data ...
    stage 2/3: training on 20 series (no val (train-loss early stop), C=2, T=512, batch=2) ...
    stage 3/3: scoring on 20 test series (accuracy + AOPCR) ...
    [mlflow] versioned model 'seanet_classwise' (id=m-5ba34d41922247308ed6692c020c7847) params={'model_size_mb': '3.5347', 'n_model_params': '268060', 'name': 'seanet_classwise'}
    [mlflow] logged run 'seanet_classwise_BirdChicken'  (train_acc=1.0000 test_acc=1.0000 test_loss=0.1770)
[ 11/129] BirdChicken                  DONE  acc=1.0000 AOPCR=  0.571 NDCG=  n/a C=  2 T=  512 (18s)  [11 trained / 0 failed so far]
[ 12/129] CBF
    stage 1/3: loading data ...
    stage 2/3: training on 30 series (no val (train-loss early stop), C=3, T=128, batch=3) ...
    stage 3/3: scoring on 900 test series (accuracy + AOPCR) ...
    [mlflow] versioned model 'seanet_classwise' (id=m-f17e8323bc2d41559fd5598e7ad3c363) params={'model_size_mb': '3.5352', 'n_model_params': '268198', 'name': 'seanet_classwise'}
    [mlflow] logged run 'seanet_classwise_CBF'  (train_acc=1.0000 test_acc=1.0000 test_loss=0.0973)
[ 12/129] CBF                          DONE  acc=1.0000 AOPCR=  0.522 NDCG=  n/a C=  3 T=  128 (22s)  [12 trained / 0 failed so far]
[ 13/129] Car
    stage 1/3: loading data ...
    stage 2/3: training on 60 series (no val (train-loss early stop), C=4, T=577, batch=6) ...
    stage 3/3: scoring on 60 test series (accuracy + AOPCR) ...
    [mlflow] versioned model 'seanet_classwise' (id=m-3b8bc84ed2dc4cdabb4ef47553c4ab40) params={'model_size_mb': '3.5358', 'n_model_params': '268336', 'name': 'seanet_classwise'}
    [mlflow] logged run 'seanet_classwise_Car'  (train_acc=1.0000 test_acc=0.9167 test_loss=0.3051)
[ 13/129] Car                          DONE  acc=0.9167 AOPCR=  0.440 NDCG=  n/a C=  4 T=  577 (72s)  [13 trained / 0 failed so far]
[ 14/129] Chinatown
    stage 1/3: loading data ...
    stage 2/3: training on 20 series (no val (train-loss early stop), C=2, T=24, batch=2) ...
    stage 3/3: scoring on 343 test series (accuracy + AOPCR) ...
    [mlflow] versioned model 'seanet_classwise' (id=m-a39fa539ebfd4c54acda18e981430219) params={'model_size_mb': '3.5347', 'n_model_params': '268060', 'name': 'seanet_classwise'}
    [mlflow] logged run 'seanet_classwise_Chinatown'  (train_acc=1.0000 test_acc=0.9883 test_loss=0.1009)
[ 14/129] Chinatown                    DONE  acc=0.9883 AOPCR=  0.193 NDCG=  n/a C=  2 T=   24 (27s)  [14 trained / 0 failed so far]
[ 15/129] ChlorineConcentration
    stage 1/3: loading data ...
    stage 2/3: training on 375 series (val=92, C=3, T=166, batch=16) ...
    stage 3/3: scoring on 3840 test series (accuracy + AOPCR) ...
    [mlflow] versioned model 'seanet_classwise' (id=m-2babe2f950054d76b4257acaf20e7552) params={'model_size_mb': '3.5352', 'n_model_params': '268198', 'name': 'seanet_classwise'}
    [mlflow] logged run 'seanet_classwise_ChlorineConcentration'  (train_acc=0.9840 val_acc=0.7609 test_acc=0.7609 test_loss=0.6150)
[ 15/129] ChlorineConcentration        DONE  acc=0.7609 AOPCR=  0.326 NDCG=  n/a C=  3 T=  166 (93s)  [15 trained / 0 failed so far]
[ 16/129] CinCECGTorso
    stage 1/3: loading data ...
    stage 2/3: training on 40 series (no val (train-loss early stop), C=4, T=1639, batch=4) ...
    stage 3/3: scoring on 1380 test series (accuracy + AOPCR) ...
    [mlflow] versioned model 'seanet_classwise' (id=m-cac8c600a4064fc984d9077572ab639e) params={'model_size_mb': '3.5358', 'n_model_params': '268336', 'name': 'seanet_classwise'}
    [mlflow] logged run 'seanet_classwise_CinCECGTorso'  (train_acc=1.0000 test_acc=0.8138 test_loss=0.5700)
[ 16/129] CinCECGTorso                 DONE  acc=0.8138 AOPCR=  1.149 NDCG=  n/a C=  4 T= 1639 (117s)  [16 trained / 0 failed so far]
[ 17/129] Coffee
    stage 1/3: loading data ...
    stage 2/3: training on 28 series (no val (train-loss early stop), C=2, T=286, batch=2) ...
    stage 3/3: scoring on 28 test series (accuracy + AOPCR) ...
    [mlflow] versioned model 'seanet_classwise' (id=m-2cec606325734048b4a0423715946e37) params={'model_size_mb': '3.5347', 'n_model_params': '268060', 'name': 'seanet_classwise'}
    [mlflow] logged run 'seanet_classwise_Coffee'  (train_acc=1.0000 test_acc=1.0000 test_loss=0.0767)
[ 17/129] Coffee                       DONE  acc=1.0000 AOPCR=  0.389 NDCG=  n/a C=  2 T=  286 (47s)  [17 trained / 0 failed so far]
[ 18/129] Computers
    stage 1/3: loading data ...
    stage 2/3: training on 200 series (val=50, C=2, T=720, batch=16) ...
    stage 3/3: scoring on 250 test series (accuracy + AOPCR) ...
    [mlflow] versioned model 'seanet_classwise' (id=m-b120b1e27e1c4d1da903c4ab936c03f6) params={'model_size_mb': '3.5347', 'n_model_params': '268060', 'name': 'seanet_classwise'}
    [mlflow] logged run 'seanet_classwise_Computers'  (train_acc=1.0000 val_acc=0.8400 test_acc=0.6840 test_loss=0.7148)
[ 18/129] Computers                    DONE  acc=0.6840 AOPCR=  0.568 NDCG=  n/a C=  2 T=  720 (81s)  [18 trained / 0 failed so far]
[ 19/129] CricketX
    stage 1/3: loading data ...
    stage 2/3: training on 317 series (val=73, C=12, T=300, batch=16) ...
    stage 3/3: scoring on 390 test series (accuracy + AOPCR) ...
    [mlflow] versioned model 'seanet_classwise' (id=m-45c43813802c46da8861118e12171fee) params={'model_size_mb': '3.5399', 'n_model_params': '269440', 'name': 'seanet_classwise'}
    [mlflow] logged run 'seanet_classwise_CricketX'  (train_acc=1.0000 val_acc=0.8630 test_acc=0.8359 test_loss=0.6513)
[ 19/129] CricketX                     DONE  acc=0.8359 AOPCR=  1.603 NDCG=  n/a C= 12 T=  300 (152s)  [19 trained / 0 failed so far]
[ 20/129] CricketY
    stage 1/3: loading data ...
    stage 2/3: training on 317 series (val=73, C=12, T=300, batch=16) ...
    stage 3/3: scoring on 390 test series (accuracy + AOPCR) ...
    [mlflow] versioned model 'seanet_classwise' (id=m-a109f94bb38d4b428abc81e4de4a2c4a) params={'model_size_mb': '3.5399', 'n_model_params': '269440', 'name': 'seanet_classwise'}
    [mlflow] logged run 'seanet_classwise_CricketY'  (train_acc=1.0000 val_acc=0.8904 test_acc=0.8103 test_loss=0.7221)
[ 20/129] CricketY                     DONE  acc=0.8103 AOPCR=  1.450 NDCG=  n/a C= 12 T=  300 (118s)  [20 trained / 0 failed so far]
[ 21/129] CricketZ
    stage 1/3: loading data ...
    stage 2/3: training on 316 series (val=74, C=12, T=300, batch=16) ...
    stage 3/3: scoring on 390 test series (accuracy + AOPCR) ...
    [mlflow] versioned model 'seanet_classwise' (id=m-c5c52bfdf9c343e9ad827a339c8d8ba9) params={'model_size_mb': '3.5399', 'n_model_params': '269440', 'name': 'seanet_classwise'}
    [mlflow] logged run 'seanet_classwise_CricketZ'  (train_acc=1.0000 val_acc=0.9189 test_acc=0.8410 test_loss=0.6370)
[ 21/129] CricketZ                     DONE  acc=0.8410 AOPCR=  1.322 NDCG=  n/a C= 12 T=  300 (171s)  [21 trained / 0 failed so far]
[ 22/129] Crop
    stage 1/3: loading data ...
    stage 2/3: training on 5760 series (val=1440, C=24, T=46, batch=16) ...
    stage 3/3: scoring on 16800 test series (accuracy + AOPCR) ...
    [mlflow] versioned model 'seanet_classwise' (id=m-a4c9e6c2f0784bff99907965e6492613) params={'model_size_mb': '3.5463', 'n_model_params': '271096', 'name': 'seanet_classwise'}
    [mlflow] logged run 'seanet_classwise_Crop'  (train_acc=0.7590 val_acc=0.6819 test_acc=0.6851 test_loss=0.9722)
[ 22/129] Crop                         DONE  acc=0.6851 AOPCR=  0.122 NDCG=  n/a C= 24 T=   46 (336s)  [22 trained / 0 failed so far]
[ 23/129] DiatomSizeReduction
    stage 1/3: loading data ...
    stage 2/3: training on 16 series (no val (train-loss early stop), C=4, T=345, batch=2) ...
    stage 3/3: scoring on 306 test series (accuracy + AOPCR) ...
    [mlflow] versioned model 'seanet_classwise' (id=m-c096a7caa2054740bdfd629d2cdd21bf) params={'model_size_mb': '3.5358', 'n_model_params': '268336', 'name': 'seanet_classwise'}
    [mlflow] logged run 'seanet_classwise_DiatomSizeReduction'  (train_acc=1.0000 test_acc=0.9771 test_loss=0.2078)
[ 23/129] DiatomSizeReduction          DONE  acc=0.9771 AOPCR=  0.865 NDCG=  n/a C=  4 T=  345 (39s)  [23 trained / 0 failed so far]
[ 24/129] DistalPhalanxOutlineAgeGroup
    stage 1/3: loading data ...
    stage 2/3: training on 321 series (val=79, C=3, T=80, batch=16) ...
    stage 3/3: scoring on 139 test series (accuracy + AOPCR) ...
    [mlflow] versioned model 'seanet_classwise' (id=m-edd136ab9b97428da17ddc4d0aa45e5e) params={'model_size_mb': '3.5352', 'n_model_params': '268198', 'name': 'seanet_classwise'}
    [mlflow] logged run 'seanet_classwise_DistalPhalanxOutlineAgeGroup'  (train_acc=0.9159 val_acc=0.7848 test_acc=0.7914 test_loss=0.5673)
[ 24/129] DistalPhalanxOutlineAgeGroup DONE  acc=0.7914 AOPCR=  0.247 NDCG=  n/a C=  3 T=   80 (31s)  [24 trained / 0 failed so far]
[ 25/129] DistalPhalanxOutlineCorrect
    stage 1/3: loading data ...
    stage 2/3: training on 481 series (val=119, C=2, T=80, batch=16) ...
    stage 3/3: scoring on 276 test series (accuracy + AOPCR) ...
    [mlflow] versioned model 'seanet_classwise' (id=m-9180800d39ec4c049ac5d7d2ef2dd36a) params={'model_size_mb': '3.5347', 'n_model_params': '268060', 'name': 'seanet_classwise'}
    [mlflow] logged run 'seanet_classwise_DistalPhalanxOutlineCorrect'  (train_acc=0.9127 val_acc=0.8739 test_acc=0.7645 test_loss=0.4986)
[ 25/129] DistalPhalanxOutlineCorrect  DONE  acc=0.7645 AOPCR=  0.131 NDCG=  n/a C=  2 T=   80 (40s)  [25 trained / 0 failed so far]
[ 26/129] DistalPhalanxTW
    stage 1/3: loading data ...
    stage 2/3: training on 323 series (val=77, C=6, T=80, batch=16) ...
    stage 3/3: scoring on 139 test series (accuracy + AOPCR) ...
    [mlflow] versioned model 'seanet_classwise' (id=m-612217d961574f45a10ea1c0979248e5) params={'model_size_mb': '3.5368', 'n_model_params': '268612', 'name': 'seanet_classwise'}
    [mlflow] logged run 'seanet_classwise_DistalPhalanxTW'  (train_acc=0.8824 val_acc=0.8442 test_acc=0.6691 test_loss=0.7635)
[ 26/129] DistalPhalanxTW              DONE  acc=0.6691 AOPCR=  0.384 NDCG=  n/a C=  6 T=   80 (33s)  [26 trained / 0 failed so far]
[ 27/129] DodgerLoopDay
    stage 1/3: loading data ...
    stage 2/3: training on 78 series (no val (train-loss early stop), C=7, T=288, batch=7) ...
    stage 3/3: scoring on 80 test series (accuracy + AOPCR) ...
    [mlflow] versioned model 'seanet_classwise' (id=m-f0cf60ce6a264463b4635c36ed698806) params={'model_size_mb': '3.5373', 'n_model_params': '268750', 'name': 'seanet_classwise'}
    [mlflow] logged run 'seanet_classwise_DodgerLoopDay'  (train_acc=1.0000 test_acc=0.5875 test_loss=1.2379)
[ 27/129] DodgerLoopDay                DONE  acc=0.5875 AOPCR=  0.549 NDCG=  n/a C=  7 T=  288 (98s)  [27 trained / 0 failed so far]
[ 28/129] DodgerLoopGame
    stage 1/3: loading data ...
    stage 2/3: training on 20 series (no val (train-loss early stop), C=2, T=288, batch=2) ...
    stage 3/3: scoring on 138 test series (accuracy + AOPCR) ...
    [mlflow] versioned model 'seanet_classwise' (id=m-bef7e04b906b43309f154fca7ecd19cc) params={'model_size_mb': '3.5347', 'n_model_params': '268060', 'name': 'seanet_classwise'}
    [mlflow] logged run 'seanet_classwise_DodgerLoopGame'  (train_acc=1.0000 test_acc=0.8986 test_loss=0.3122)
[ 28/129] DodgerLoopGame               DONE  acc=0.8986 AOPCR=  0.688 NDCG=  n/a C=  2 T=  288 (10s)  [28 trained / 0 failed so far]
[ 29/129] DodgerLoopWeekend
    stage 1/3: loading data ...
    stage 2/3: training on 20 series (no val (train-loss early stop), C=2, T=288, batch=2) ...
    stage 3/3: scoring on 138 test series (accuracy + AOPCR) ...
    [mlflow] versioned model 'seanet_classwise' (id=m-d16b719394384f54866571820981aec2) params={'model_size_mb': '3.5347', 'n_model_params': '268060', 'name': 'seanet_classwise'}
    [mlflow] logged run 'seanet_classwise_DodgerLoopWeekend'  (train_acc=1.0000 test_acc=0.9638 test_loss=0.2596)
[ 29/129] DodgerLoopWeekend            DONE  acc=0.9638 AOPCR=  0.319 NDCG=  n/a C=  2 T=  288 (9s)  [29 trained / 0 failed so far]
[ 30/129] ECG200
    stage 1/3: loading data ...
    stage 2/3: training on 81 series (val=19, C=2, T=96, batch=8) ...
    stage 3/3: scoring on 100 test series (accuracy + AOPCR) ...
    [mlflow] versioned model 'seanet_classwise' (id=m-160e5ab5cce8455f9a7121d7816de709) params={'model_size_mb': '3.5347', 'n_model_params': '268060', 'name': 'seanet_classwise'}
    [mlflow] logged run 'seanet_classwise_ECG200'  (train_acc=0.9877 val_acc=0.8947 test_acc=0.8600 test_loss=0.3438)
[ 30/129] ECG200                       DONE  acc=0.8600 AOPCR=  0.149 NDCG=  n/a C=  2 T=   96 (18s)  [30 trained / 0 failed so far]
[ 31/129] ECG5000
    stage 1/3: loading data ...
    stage 2/3: training on 401 series (val=99, C=5, T=140, batch=16) ...
    stage 3/3: scoring on 4500 test series (accuracy + AOPCR) ...
    [mlflow] versioned model 'seanet_classwise' (id=m-8f43093b8c4f4a69882b11053be51718) params={'model_size_mb': '3.5362', 'n_model_params': '268474', 'name': 'seanet_classwise'}
    [mlflow] logged run 'seanet_classwise_ECG5000'  (train_acc=1.0000 val_acc=0.9596 test_acc=0.9389 test_loss=0.2796)
[ 31/129] ECG5000                      DONE  acc=0.9389 AOPCR=  0.730 NDCG=  n/a C=  5 T=  140 (93s)  [31 trained / 0 failed so far]
[ 32/129] ECGFiveDays
    stage 1/3: loading data ...
    stage 2/3: training on 23 series (no val (train-loss early stop), C=2, T=136, batch=2) ...
    stage 3/3: scoring on 861 test series (accuracy + AOPCR) ...
    [mlflow] versioned model 'seanet_classwise' (id=m-0afdb59cd09f44e4bf12eb0707214c2a) params={'model_size_mb': '3.5347', 'n_model_params': '268060', 'name': 'seanet_classwise'}
    [mlflow] logged run 'seanet_classwise_ECGFiveDays'  (train_acc=1.0000 test_acc=1.0000 test_loss=0.0666)
[ 32/129] ECGFiveDays                  DONE  acc=1.0000 AOPCR= -0.111 NDCG=  n/a C=  2 T=  136 (26s)  [32 trained / 0 failed so far]
[ 33/129] EOGHorizontalSignal
    stage 1/3: loading data ...
    stage 2/3: training on 290 series (val=72, C=12, T=1250, batch=16) ...
    stage 3/3: scoring on 362 test series (accuracy + AOPCR) ...
    [mlflow] versioned model 'seanet_classwise' (id=m-b8acc0888625483db75ed590ce669e7b) params={'model_size_mb': '3.5399', 'n_model_params': '269440', 'name': 'seanet_classwise'}
    [mlflow] logged run 'seanet_classwise_EOGHorizontalSignal'  (train_acc=0.9966 val_acc=0.8750 test_acc=0.5939 test_loss=1.4155)
[ 33/129] EOGHorizontalSignal          DONE  acc=0.5939 AOPCR=  2.087 NDCG=  n/a C= 12 T= 1250 (161s)  [33 trained / 0 failed so far]
[ 34/129] EOGVerticalSignal
    stage 1/3: loading data ...
    stage 2/3: training on 290 series (val=72, C=12, T=1250, batch=16) ...
    stage 3/3: scoring on 362 test series (accuracy + AOPCR) ...
    [mlflow] versioned model 'seanet_classwise' (id=m-69725bd6c70d4fac9943f43ec9f749be) params={'model_size_mb': '3.5399', 'n_model_params': '269440', 'name': 'seanet_classwise'}
    [mlflow] logged run 'seanet_classwise_EOGVerticalSignal'  (train_acc=1.0000 val_acc=0.8611 test_acc=0.5028 test_loss=1.6889)
[ 34/129] EOGVerticalSignal            DONE  acc=0.5028 AOPCR=  1.507 NDCG=  n/a C= 12 T= 1250 (356s)  [34 trained / 0 failed so far]
[ 35/129] Earthquakes
    stage 1/3: loading data ...
    stage 2/3: training on 259 series (val=63, C=2, T=512, batch=16) ...
    stage 3/3: scoring on 139 test series (accuracy + AOPCR) ...
    [mlflow] versioned model 'seanet_classwise' (id=m-77de3706ff2646b0b3242bdf95010bbe) params={'model_size_mb': '3.5347', 'n_model_params': '268060', 'name': 'seanet_classwise'}
    [mlflow] logged run 'seanet_classwise_Earthquakes'  (train_acc=0.8687 val_acc=0.7937 test_acc=0.7482 test_loss=0.5862)
[ 35/129] Earthquakes                  DONE  acc=0.7482 AOPCR=  0.537 NDCG=  n/a C=  2 T=  512 (48s)  [35 trained / 0 failed so far]
[ 36/129] ElectricDevices
    stage 1/3: loading data ...
    stage 2/3: training on 7144 series (val=1782, C=7, T=96, batch=16) ...
    stage 3/3: scoring on 7711 test series (accuracy + AOPCR) ...
    [mlflow] versioned model 'seanet_classwise' (id=m-2ef7546461d1421d82b7ba23f9fbbeb9) params={'model_size_mb': '3.5373', 'n_model_params': '268750', 'name': 'seanet_classwise'}
    [mlflow] logged run 'seanet_classwise_ElectricDevices'  (train_acc=0.9187 val_acc=0.8996 test_acc=0.7122 test_loss=0.9337)
[ 36/129] ElectricDevices              DONE  acc=0.7122 AOPCR=  0.250 NDCG=  n/a C=  7 T=   96 (496s)  [36 trained / 0 failed so far]
[ 37/129] EthanolLevel
    stage 1/3: loading data ...
    stage 2/3: training on 404 series (val=100, C=4, T=1751, batch=16) ...
