[log] command 'train' started at 2026-07-29_11-16-28 for model 'seanet_gated_last_adaptive__sea_mstcn_sep_gated__sea_adaptive_classwise'
[log] a copy of everything below is being saved to: results/SEA_NET/seanet_gated_last_adaptive__sea_mstcn_sep_gated__sea_adaptive_classwise/logs/train_2026-07-29_11-16-28.log

=== train: model=seanet_gated_last_adaptive__sea_mstcn_sep_gated__sea_adaptive_classwise (config sv4/seanet_gated_last_adaptive) device=cuda mode=full datasets=129 ===
[params] using DEFAULT recipe (no Optuna record yet - run 'python main.py optuna --model sv4/seanet_gated_last_adaptive').
  results  -> results/SEA_NET/seanet_gated_last_adaptive__sea_mstcn_sep_gated__sea_adaptive_classwise/results.csv
  resume   -> results/SEA_NET/seanet_gated_last_adaptive__sea_mstcn_sep_gated__sea_adaptive_classwise/done_train_dataset.txt  (delete it to retrain everything; delete one line to retrain that dataset)

  [mlflow] logging runs to experiment 'SEA-Net_seanet_gated_last_adaptive__sea_mstcn_sep_gated__sea_adaptive_classwise_2026-07-29' at sqlite:///mlflow.db
  [mlflow] browse later with:  mlflow ui --backend-store-uri sqlite:///mlflow.db
[  1/129] WebTraffic                   already done -> skip
[  2/129] Adiac                        already done -> skip
[  3/129] ArrowHead                    already done -> skip
[  4/129] Beef                         already done -> skip
[  5/129] BeetleFly                    already done -> skip
[  6/129] BirdChicken                  already done -> skip
[  7/129] Car                          already done -> skip
[  8/129] CBF                          already done -> skip
[  9/129] ChlorineConcentration        already done -> skip
[ 10/129] CinCECGTorso                 already done -> skip
[ 11/129] Coffee                       already done -> skip
[ 12/129] Computers                    already done -> skip
[ 13/129] CricketX                     already done -> skip
[ 14/129] CricketY                     already done -> skip
[ 15/129] CricketZ                     already done -> skip
[ 16/129] DiatomSizeReduction          already done -> skip
[ 17/129] DistalPhalanxOutlineAgeGroup already done -> skip
[ 18/129] DistalPhalanxOutlineCorrect  already done -> skip
[ 19/129] DistalPhalanxTW              already done -> skip
[ 20/129] Earthquakes                  already done -> skip
[ 21/129] ECG200                       already done -> skip
[ 22/129] ECG5000                      already done -> skip
[ 23/129] ECGFiveDays                  already done -> skip
[ 24/129] ElectricDevices              already done -> skip
[ 25/129] FaceAll                      already done -> skip
[ 26/129] FaceFour                     already done -> skip
[ 27/129] FacesUCR                     already done -> skip
[ 28/129] FiftyWords                   already done -> skip
[ 29/129] Fish                         already done -> skip
[ 30/129] FordA                        already done -> skip
[ 31/129] FordB                        already done -> skip
[ 32/129] GunPoint                     already done -> skip
[ 33/129] Ham                          already done -> skip
[ 34/129] HandOutlines                 already done -> skip
[ 35/129] Haptics                      already done -> skip
[ 36/129] Herring                      already done -> skip
[ 37/129] InlineSkate                  already done -> skip
[ 38/129] InsectWingbeatSound          already done -> skip
[ 39/129] ItalyPowerDemand             already done -> skip
[ 40/129] LargeKitchenAppliances       already done -> skip
[ 41/129] Lightning2                   already done -> skip
[ 42/129] Lightning7                   already done -> skip
[ 43/129] Mallat                       already done -> skip
[ 44/129] Meat                         already done -> skip
[ 45/129] MedicalImages                already done -> skip
[ 46/129] MiddlePhalanxOutlineAgeGroup already done -> skip
[ 47/129] MiddlePhalanxOutlineCorrect  already done -> skip
[ 48/129] MiddlePhalanxTW              already done -> skip
[ 49/129] MoteStrain                   already done -> skip
[ 50/129] NonInvasiveFetalECGThorax1   already done -> skip
[ 51/129] NonInvasiveFetalECGThorax2   already done -> skip
[ 52/129] OliveOil                     already done -> skip
[ 53/129] OSULeaf                      already done -> skip
[ 54/129] PhalangesOutlinesCorrect     already done -> skip
[ 55/129] Phoneme                      already done -> skip
[ 56/129] Plane                        already done -> skip
[ 57/129] ProximalPhalanxOutlineAgeGroup already done -> skip
[ 58/129] ProximalPhalanxOutlineCorrect already done -> skip
[ 59/129] ProximalPhalanxTW            already done -> skip
[ 60/129] RefrigerationDevices         already done -> skip
[ 61/129] ScreenType                   already done -> skip
[ 62/129] ShapeletSim
    stage 1/3: loading data ...
    stage 2/3: training on 20 series (no val (train-loss early stop), C=2, T=500, batch=2) ...
    stage 3/3: scoring on 180 test series (accuracy + AOPCR) ...
    [mlflow] versioned model 'seanet_gated_last_adaptive__sea_mstcn_sep_gated__sea_adaptive_classwise' (id=m-6642a0c6c2d24a9294062d7be702482c) params={'model_size_mb': '1.5006', 'n_model_params': '61150', 'name': 'seanet_gated_last_adaptive'}
    [mlflow] logged run 'seanet_gated_last_adaptive_ShapeletSim'  (train_acc=1.0000 test_acc=0.5111 test_loss=0.7824)
[ 62/129] ShapeletSim                  DONE  acc=0.5111 loss=0.7824 AOPCR=  0.097 NDCG=  n/a C=  2 T=  500 (14s)  [1 trained / 0 failed so far]
[ 63/129] ShapesAll
    stage 1/3: loading data ...
    stage 2/3: training on 480 series (val=120, C=60, T=512, batch=16) ...
    stage 3/3: scoring on 600 test series (accuracy + AOPCR) ...
    [mlflow] versioned model 'seanet_gated_last_adaptive__sea_mstcn_sep_gated__sea_adaptive_classwise' (id=m-0795d9a60bac47029478acf9b5a6a810) params={'model_size_mb': '1.5171', 'n_model_params': '65500', 'name': 'seanet_gated_last_adaptive'}
    [mlflow] logged run 'seanet_gated_last_adaptive_ShapesAll'  (train_acc=1.0000 val_acc=0.8833 test_acc=0.8567 test_loss=0.7660)
[ 63/129] ShapesAll                    DONE  acc=0.8567 loss=0.7660 AOPCR=  1.825 NDCG=  n/a C= 60 T=  512 (55s)  [2 trained / 0 failed so far]
[ 64/129] SmallKitchenAppliances
    stage 1/3: loading data ...
    stage 2/3: training on 300 series (val=75, C=3, T=720, batch=16) ...
    stage 3/3: scoring on 375 test series (accuracy + AOPCR) ...
    [mlflow] versioned model 'seanet_gated_last_adaptive__sea_mstcn_sep_gated__sea_adaptive_classwise' (id=m-748a61c71143448a9e9e8542773c7618) params={'model_size_mb': '1.5009', 'n_model_params': '61225', 'name': 'seanet_gated_last_adaptive'}
    [mlflow] logged run 'seanet_gated_last_adaptive_SmallKitchenAppliances'  (train_acc=0.9867 val_acc=0.8267 test_acc=0.7973 test_loss=0.6033)
[ 64/129] SmallKitchenAppliances       DONE  acc=0.7973 loss=0.6033 AOPCR=  0.528 NDCG=  n/a C=  3 T=  720 (58s)  [3 trained / 0 failed so far]
[ 65/129] SonyAIBORobotSurface1
    stage 1/3: loading data ...
    stage 2/3: training on 20 series (no val (train-loss early stop), C=2, T=70, batch=2) ...
    stage 3/3: scoring on 601 test series (accuracy + AOPCR) ...
    [mlflow] versioned model 'seanet_gated_last_adaptive__sea_mstcn_sep_gated__sea_adaptive_classwise' (id=m-cd82038fd95745baa8810deecd226d22) params={'model_size_mb': '1.5006', 'n_model_params': '61150', 'name': 'seanet_gated_last_adaptive'}
    [mlflow] logged run 'seanet_gated_last_adaptive_SonyAIBORobotSurface1'  (train_acc=1.0000 test_acc=0.8003 test_loss=0.4465)
[ 65/129] SonyAIBORobotSurface1        DONE  acc=0.8003 loss=0.4465 AOPCR=  0.166 NDCG=  n/a C=  2 T=   70 (13s)  [4 trained / 0 failed so far]
[ 66/129] SonyAIBORobotSurface2
    stage 1/3: loading data ...
    stage 2/3: training on 27 series (no val (train-loss early stop), C=2, T=65, batch=2) ...
    stage 3/3: scoring on 953 test series (accuracy + AOPCR) ...
    [mlflow] versioned model 'seanet_gated_last_adaptive__sea_mstcn_sep_gated__sea_adaptive_classwise' (id=m-22a444255ccf4ab69a4e001008503c06) params={'model_size_mb': '1.5006', 'n_model_params': '61150', 'name': 'seanet_gated_last_adaptive'}
    [mlflow] logged run 'seanet_gated_last_adaptive_SonyAIBORobotSurface2'  (train_acc=1.0000 test_acc=0.8793 test_loss=0.2849)
[ 66/129] SonyAIBORobotSurface2        DONE  acc=0.8793 loss=0.2849 AOPCR=  0.008 NDCG=  n/a C=  2 T=   65 (13s)  [5 trained / 0 failed so far]
[ 67/129] StarLightCurves
    stage 1/3: loading data ...
    stage 2/3: training on 801 series (val=199, C=3, T=1024, batch=16) ...
    stage 3/3: scoring on 8236 test series (accuracy + AOPCR) ...
    [mlflow] versioned model 'seanet_gated_last_adaptive__sea_mstcn_sep_gated__sea_adaptive_classwise' (id=m-ec095509201e4590bb0e62f43b6d8186) params={'model_size_mb': '1.5009', 'n_model_params': '61225', 'name': 'seanet_gated_last_adaptive'}
    [mlflow] logged run 'seanet_gated_last_adaptive_StarLightCurves'  (train_acc=0.9975 val_acc=0.9849 test_acc=0.9762 test_loss=0.1475)
[ 67/129] StarLightCurves              DONE  acc=0.9762 loss=0.1475 AOPCR=  0.983 NDCG=  n/a C=  3 T= 1024 (51s)  [6 trained / 0 failed so far]
[ 68/129] Strawberry
    stage 1/3: loading data ...
    stage 2/3: training on 492 series (val=121, C=2, T=235, batch=16) ...
    stage 3/3: scoring on 370 test series (accuracy + AOPCR) ...
    [mlflow] versioned model 'seanet_gated_last_adaptive__sea_mstcn_sep_gated__sea_adaptive_classwise' (id=m-31273b049d9541eaaf1603915dcc9429) params={'model_size_mb': '1.5006', 'n_model_params': '61150', 'name': 'seanet_gated_last_adaptive'}
    [mlflow] logged run 'seanet_gated_last_adaptive_Strawberry'  (train_acc=0.9837 val_acc=0.9917 test_acc=0.9649 test_loss=0.1384)
[ 68/129] Strawberry                   DONE  acc=0.9649 loss=0.1384 AOPCR=  0.606 NDCG=  n/a C=  2 T=  235 (43s)  [7 trained / 0 failed so far]
[ 69/129] SwedishLeaf
    stage 1/3: loading data ...
    stage 2/3: training on 405 series (val=95, C=15, T=128, batch=16) ...
    stage 3/3: scoring on 625 test series (accuracy + AOPCR) ...
    [mlflow] versioned model 'seanet_gated_last_adaptive__sea_mstcn_sep_gated__sea_adaptive_classwise' (id=m-dc891e5df94040d4b73b761ab59550c4) params={'model_size_mb': '1.5042', 'n_model_params': '62125', 'name': 'seanet_gated_last_adaptive'}
    [mlflow] logged run 'seanet_gated_last_adaptive_SwedishLeaf'  (train_acc=1.0000 val_acc=0.9684 test_acc=0.9344 test_loss=0.2772)
[ 69/129] SwedishLeaf                  DONE  acc=0.9344 loss=0.2772 AOPCR=  1.033 NDCG=  n/a C= 15 T=  128 (99s)  [8 trained / 0 failed so far]
[ 70/129] Symbols
    stage 1/3: loading data ...
    stage 2/3: training on 25 series (no val (train-loss early stop), C=6, T=398, batch=2) ...
    stage 3/3: scoring on 995 test series (accuracy + AOPCR) ...
    [mlflow] versioned model 'seanet_gated_last_adaptive__sea_mstcn_sep_gated__sea_adaptive_classwise' (id=m-1fdfe1c7671b4707a856607409eb5ab9) params={'model_size_mb': '1.5017', 'n_model_params': '61450', 'name': 'seanet_gated_last_adaptive'}
    [mlflow] logged run 'seanet_gated_last_adaptive_Symbols'  (train_acc=1.0000 test_acc=0.9487 test_loss=0.3093)
[ 70/129] Symbols                      DONE  acc=0.9487 loss=0.3093 AOPCR=  1.318 NDCG=  n/a C=  6 T=  398 (32s)  [9 trained / 0 failed so far]
[ 71/129] SyntheticControl
    stage 1/3: loading data ...
    stage 2/3: training on 240 series (val=60, C=6, T=60, batch=16) ...
    stage 3/3: scoring on 300 test series (accuracy + AOPCR) ...
    [mlflow] versioned model 'seanet_gated_last_adaptive__sea_mstcn_sep_gated__sea_adaptive_classwise' (id=m-317fe3addb1346d6a9594a246d42e10a) params={'model_size_mb': '1.5017', 'n_model_params': '61450', 'name': 'seanet_gated_last_adaptive'}
    [mlflow] logged run 'seanet_gated_last_adaptive_SyntheticControl'  (train_acc=1.0000 val_acc=1.0000 test_acc=0.9933 test_loss=0.1237)
[ 71/129] SyntheticControl             DONE  acc=0.9933 loss=0.1237 AOPCR=  0.774 NDCG=  n/a C=  6 T=   60 (52s)  [10 trained / 0 failed so far]
[ 72/129] ToeSegmentation1
    stage 1/3: loading data ...
    stage 2/3: training on 40 series (no val (train-loss early stop), C=2, T=277, batch=4) ...
    stage 3/3: scoring on 228 test series (accuracy + AOPCR) ...
    [mlflow] versioned model 'seanet_gated_last_adaptive__sea_mstcn_sep_gated__sea_adaptive_classwise' (id=m-ea18c96455f64a8bbed2505fe8a6f992) params={'model_size_mb': '1.5006', 'n_model_params': '61150', 'name': 'seanet_gated_last_adaptive'}
    [mlflow] logged run 'seanet_gated_last_adaptive_ToeSegmentation1'  (train_acc=1.0000 test_acc=0.9342 test_loss=0.2129)
[ 72/129] ToeSegmentation1             DONE  acc=0.9342 loss=0.2129 AOPCR=  0.460 NDCG=  n/a C=  2 T=  277 (16s)  [11 trained / 0 failed so far]
[ 73/129] ToeSegmentation2
    stage 1/3: loading data ...
    stage 2/3: training on 36 series (no val (train-loss early stop), C=2, T=343, batch=3) ...
    stage 3/3: scoring on 130 test series (accuracy + AOPCR) ...
    [mlflow] versioned model 'seanet_gated_last_adaptive__sea_mstcn_sep_gated__sea_adaptive_classwise' (id=m-b2331ce7bb6247ffba4bdb67fa6eb664) params={'model_size_mb': '1.5006', 'n_model_params': '61150', 'name': 'seanet_gated_last_adaptive'}
    [mlflow] logged run 'seanet_gated_last_adaptive_ToeSegmentation2'  (train_acc=1.0000 test_acc=0.9692 test_loss=0.1997)
[ 73/129] ToeSegmentation2             DONE  acc=0.9692 loss=0.1997 AOPCR=  0.753 NDCG=  n/a C=  2 T=  343 (47s)  [12 trained / 0 failed so far]
[ 74/129] Trace
    stage 1/3: loading data ...
    stage 2/3: training on 81 series (val=19, C=4, T=275, batch=8) ...
    stage 3/3: scoring on 100 test series (accuracy + AOPCR) ...
    [mlflow] versioned model 'seanet_gated_last_adaptive__sea_mstcn_sep_gated__sea_adaptive_classwise' (id=m-195e0c1e44e94c15b7391cbf73dea6f4) params={'model_size_mb': '1.5012', 'n_model_params': '61300', 'name': 'seanet_gated_last_adaptive'}
    [mlflow] logged run 'seanet_gated_last_adaptive_Trace'  (train_acc=1.0000 val_acc=1.0000 test_acc=1.0000 test_loss=0.0962)
[ 74/129] Trace                        DONE  acc=1.0000 loss=0.0962 AOPCR=  2.214 NDCG=  n/a C=  4 T=  275 (25s)  [13 trained / 0 failed so far]
[ 75/129] TwoLeadECG
    stage 1/3: loading data ...
    stage 2/3: training on 23 series (no val (train-loss early stop), C=2, T=82, batch=2) ...
    stage 3/3: scoring on 1139 test series (accuracy + AOPCR) ...
    [mlflow] versioned model 'seanet_gated_last_adaptive__sea_mstcn_sep_gated__sea_adaptive_classwise' (id=m-78c87ce0406e45efa8c4d01ee9cd10c7) params={'model_size_mb': '1.5006', 'n_model_params': '61150', 'name': 'seanet_gated_last_adaptive'}
    [mlflow] logged run 'seanet_gated_last_adaptive_TwoLeadECG'  (train_acc=1.0000 test_acc=0.9991 test_loss=0.0610)
[ 75/129] TwoLeadECG                   DONE  acc=0.9991 loss=0.0610 AOPCR=  0.384 NDCG=  n/a C=  2 T=   82 (24s)  [14 trained / 0 failed so far]
[ 76/129] TwoPatterns
    stage 1/3: loading data ...
    stage 2/3: training on 801 series (val=199, C=4, T=128, batch=16) ...
    stage 3/3: scoring on 4000 test series (accuracy + AOPCR) ...
    [mlflow] versioned model 'seanet_gated_last_adaptive__sea_mstcn_sep_gated__sea_adaptive_classwise' (id=m-8de535ed6f994bbeaf7713f1f8d22483) params={'model_size_mb': '1.5012', 'n_model_params': '61300', 'name': 'seanet_gated_last_adaptive'}
    [mlflow] logged run 'seanet_gated_last_adaptive_TwoPatterns'  (train_acc=1.0000 val_acc=1.0000 test_acc=1.0000 test_loss=0.0922)
[ 76/129] TwoPatterns                  DONE  acc=1.0000 loss=0.0922 AOPCR=  1.429 NDCG=  n/a C=  4 T=  128 (76s)  [15 trained / 0 failed so far]
[ 77/129] UWaveGestureLibraryAll
    stage 1/3: loading data ...
    stage 2/3: training on 719 series (val=177, C=8, T=945, batch=16) ...
    stage 3/3: scoring on 3582 test series (accuracy + AOPCR) ...
    [mlflow] versioned model 'seanet_gated_last_adaptive__sea_mstcn_sep_gated__sea_adaptive_classwise' (id=m-8074e842f00143a39fcd0bb1fcd8d05f) params={'model_size_mb': '1.5023', 'n_model_params': '61600', 'name': 'seanet_gated_last_adaptive'}
    [mlflow] logged run 'seanet_gated_last_adaptive_UWaveGestureLibraryAll'  (train_acc=1.0000 val_acc=0.9605 test_acc=0.9618 test_loss=0.2649)
[ 77/129] UWaveGestureLibraryAll       DONE  acc=0.9618 loss=0.2649 AOPCR=  1.805 NDCG=  n/a C=  8 T=  945 (89s)  [16 trained / 0 failed so far]
[ 78/129] UWaveGestureLibraryX
    stage 1/3: loading data ...
    stage 2/3: training on 719 series (val=177, C=8, T=315, batch=16) ...
    stage 3/3: scoring on 3582 test series (accuracy + AOPCR) ...
    [mlflow] versioned model 'seanet_gated_last_adaptive__sea_mstcn_sep_gated__sea_adaptive_classwise' (id=m-2caa213ac22e4ed5ac62da26143e1f07) params={'model_size_mb': '1.5023', 'n_model_params': '61600', 'name': 'seanet_gated_last_adaptive'}
    [mlflow] logged run 'seanet_gated_last_adaptive_UWaveGestureLibraryX'  (train_acc=0.9624 val_acc=0.8249 test_acc=0.8185 test_loss=0.5815)
[ 78/129] UWaveGestureLibraryX         DONE  acc=0.8185 loss=0.5815 AOPCR=  1.296 NDCG=  n/a C=  8 T=  315 (34s)  [17 trained / 0 failed so far]
[ 79/129] UWaveGestureLibraryY
    stage 1/3: loading data ...
    stage 2/3: training on 719 series (val=177, C=8, T=315, batch=16) ...
    stage 3/3: scoring on 3582 test series (accuracy + AOPCR) ...
    [mlflow] versioned model 'seanet_gated_last_adaptive__sea_mstcn_sep_gated__sea_adaptive_classwise' (id=m-44eb49ed81ea46ad8843911d8f896413) params={'model_size_mb': '1.5023', 'n_model_params': '61600', 'name': 'seanet_gated_last_adaptive'}
    [mlflow] logged run 'seanet_gated_last_adaptive_UWaveGestureLibraryY'  (train_acc=0.9972 val_acc=0.7571 test_acc=0.7510 test_loss=0.8064)
[ 79/129] UWaveGestureLibraryY         DONE  acc=0.7510 loss=0.8064 AOPCR=  1.179 NDCG=  n/a C=  8 T=  315 (56s)  [18 trained / 0 failed so far]
[ 80/129] UWaveGestureLibraryZ
    stage 1/3: loading data ...
    stage 2/3: training on 719 series (val=177, C=8, T=315, batch=16) ...
    stage 3/3: scoring on 3582 test series (accuracy + AOPCR) ...
    [mlflow] versioned model 'seanet_gated_last_adaptive__sea_mstcn_sep_gated__sea_adaptive_classwise' (id=m-3ce39886e14b446e86333d582eed919f) params={'model_size_mb': '1.5023', 'n_model_params': '61600', 'name': 'seanet_gated_last_adaptive'}
    [mlflow] logged run 'seanet_gated_last_adaptive_UWaveGestureLibraryZ'  (train_acc=0.8081 val_acc=0.7062 test_acc=0.7345 test_loss=0.7626)
[ 80/129] UWaveGestureLibraryZ         DONE  acc=0.7345 loss=0.7626 AOPCR=  1.064 NDCG=  n/a C=  8 T=  315 (29s)  [19 trained / 0 failed so far]
[ 81/129] Wafer
    stage 1/3: loading data ...
    stage 2/3: training on 801 series (val=199, C=2, T=152, batch=16) ...
    stage 3/3: scoring on 6164 test series (accuracy + AOPCR) ...
    [mlflow] versioned model 'seanet_gated_last_adaptive__sea_mstcn_sep_gated__sea_adaptive_classwise' (id=m-e5db4525ec1b467c9be0cbb320f89da5) params={'model_size_mb': '1.5006', 'n_model_params': '61150', 'name': 'seanet_gated_last_adaptive'}
    [mlflow] logged run 'seanet_gated_last_adaptive_Wafer'  (train_acc=1.0000 val_acc=1.0000 test_acc=0.9956 test_loss=0.0750)
[ 81/129] Wafer                        DONE  acc=0.9956 loss=0.0750 AOPCR=  0.201 NDCG=  n/a C=  2 T=  152 (147s)  [20 trained / 0 failed so far]
[ 82/129] Wine
    stage 1/3: loading data ...
    stage 2/3: training on 57 series (no val (train-loss early stop), C=2, T=234, batch=5) ...
    stage 3/3: scoring on 54 test series (accuracy + AOPCR) ...
    [mlflow] versioned model 'seanet_gated_last_adaptive__sea_mstcn_sep_gated__sea_adaptive_classwise' (id=m-760efed21b854d61bb9b2e12b379908b) params={'model_size_mb': '1.5006', 'n_model_params': '61150', 'name': 'seanet_gated_last_adaptive'}
    [mlflow] logged run 'seanet_gated_last_adaptive_Wine'  (train_acc=0.5789 test_acc=0.5000 test_loss=0.6895)
[ 82/129] Wine                         DONE  acc=0.5000 loss=0.6895 AOPCR=  2.117 NDCG=  n/a C=  2 T=  234 (40s)  [21 trained / 0 failed so far]
[ 83/129] WordSynonyms
    stage 1/3: loading data ...
    stage 2/3: training on 217 series (val=50, C=25, T=270, batch=16) ...
    stage 3/3: scoring on 638 test series (accuracy + AOPCR) ...
    [mlflow] versioned model 'seanet_gated_last_adaptive__sea_mstcn_sep_gated__sea_adaptive_classwise' (id=m-ea0c202755be42bf8dee9534d2a26189) params={'model_size_mb': '1.5071', 'n_model_params': '62875', 'name': 'seanet_gated_last_adaptive'}
    [mlflow] logged run 'seanet_gated_last_adaptive_WordSynonyms'  (train_acc=1.0000 val_acc=0.7600 test_acc=0.7429 test_loss=1.1626)
[ 83/129] WordSynonyms                 DONE  acc=0.7429 loss=1.1626 AOPCR=  0.947 NDCG=  n/a C= 25 T=  270 (41s)  [22 trained / 0 failed so far]
[ 84/129] Worms
    stage 1/3: loading data ...
    stage 2/3: training on 146 series (val=35, C=5, T=900, batch=14) ...
    stage 3/3: scoring on 77 test series (accuracy + AOPCR) ...
    [mlflow] versioned model 'seanet_gated_last_adaptive__sea_mstcn_sep_gated__sea_adaptive_classwise' (id=m-21616b9eee1641629c624e48cea67040) params={'model_size_mb': '1.5014', 'n_model_params': '61375', 'name': 'seanet_gated_last_adaptive'}
    [mlflow] logged run 'seanet_gated_last_adaptive_Worms'  (train_acc=0.9795 val_acc=0.7143 test_acc=0.6104 test_loss=0.9254)
[ 84/129] Worms                        DONE  acc=0.6104 loss=0.9254 AOPCR=  1.361 NDCG=  n/a C=  5 T=  900 (11s)  [23 trained / 0 failed so far]
[ 85/129] WormsTwoClass
    stage 1/3: loading data ...
    stage 2/3: training on 145 series (val=36, C=2, T=900, batch=14) ...
    stage 3/3: scoring on 77 test series (accuracy + AOPCR) ...
    [mlflow] versioned model 'seanet_gated_last_adaptive__sea_mstcn_sep_gated__sea_adaptive_classwise' (id=m-56be99405cda4fe7ad8ac72e902d6542) params={'model_size_mb': '1.5006', 'n_model_params': '61150', 'name': 'seanet_gated_last_adaptive'}
    [mlflow] logged run 'seanet_gated_last_adaptive_WormsTwoClass'  (train_acc=0.8690 val_acc=0.7500 test_acc=0.6883 test_loss=0.5663)
[ 85/129] WormsTwoClass                DONE  acc=0.6883 loss=0.5663 AOPCR=  0.978 NDCG=  n/a C=  2 T=  900 (8s)  [24 trained / 0 failed so far]
[ 86/129] Yoga
    stage 1/3: loading data ...
    stage 2/3: training on 241 series (val=59, C=2, T=426, batch=16) ...
    stage 3/3: scoring on 3000 test series (accuracy + AOPCR) ...
    [mlflow] versioned model 'seanet_gated_last_adaptive__sea_mstcn_sep_gated__sea_adaptive_classwise' (id=m-1bfcdafdafd7489b89dc12788efaf78e) params={'model_size_mb': '1.5006', 'n_model_params': '61150', 'name': 'seanet_gated_last_adaptive'}
    [mlflow] logged run 'seanet_gated_last_adaptive_Yoga'  (train_acc=0.9876 val_acc=0.9661 test_acc=0.9133 test_loss=0.2765)
[ 86/129] Yoga                         DONE  acc=0.9133 loss=0.2765 AOPCR=  1.440 NDCG=  n/a C=  2 T=  426 (30s)  [25 trained / 0 failed so far]
[ 87/129] ACSF1
    stage 1/3: loading data ...
    stage 2/3: training on 80 series (val=20, C=10, T=1460, batch=8) ...
    stage 3/3: scoring on 100 test series (accuracy + AOPCR) ...
    [mlflow] versioned model 'seanet_gated_last_adaptive__sea_mstcn_sep_gated__sea_adaptive_classwise' (id=m-8cf860d3f094491a8e60a3e5930ab35e) params={'model_size_mb': '1.5028', 'n_model_params': '61750', 'name': 'seanet_gated_last_adaptive'}
    [mlflow] logged run 'seanet_gated_last_adaptive_ACSF1'  (train_acc=0.9250 val_acc=0.8000 test_acc=0.8200 test_loss=0.6720)
[ 87/129] ACSF1                        DONE  acc=0.8200 loss=0.6720 AOPCR=  0.783 NDCG=  n/a C= 10 T= 1460 (30s)  [26 trained / 0 failed so far]
[ 88/129] AllGestureWiimoteX
    stage 1/3: loading data ...
    stage 2/3: training on 240 series (val=60, C=10, T=500, batch=16) ...
    stage 3/3: scoring on 700 test series (accuracy + AOPCR) ...
    [mlflow] versioned model 'seanet_gated_last_adaptive__sea_mstcn_sep_gated__sea_adaptive_classwise' (id=m-534159adb3164519b04c65065e8ede8d) params={'model_size_mb': '1.5028', 'n_model_params': '61750', 'name': 'seanet_gated_last_adaptive'}
    [mlflow] logged run 'seanet_gated_last_adaptive_AllGestureWiimoteX'  (train_acc=1.0000 val_acc=0.8500 test_acc=0.7614 test_loss=0.8071)
[ 88/129] AllGestureWiimoteX           DONE  acc=0.7614 loss=0.8071 AOPCR=  1.933 NDCG=  n/a C= 10 T=  500 (41s)  [27 trained / 0 failed so far]
[ 89/129] AllGestureWiimoteY
    stage 1/3: loading data ...
    stage 2/3: training on 240 series (val=60, C=10, T=500, batch=16) ...
    stage 3/3: scoring on 700 test series (accuracy + AOPCR) ...
    [mlflow] versioned model 'seanet_gated_last_adaptive__sea_mstcn_sep_gated__sea_adaptive_classwise' (id=m-1435578822b14cfaae2ccd4014e4c56b) params={'model_size_mb': '1.5028', 'n_model_params': '61750', 'name': 'seanet_gated_last_adaptive'}
    [mlflow] logged run 'seanet_gated_last_adaptive_AllGestureWiimoteY'  (train_acc=1.0000 val_acc=0.8000 test_acc=0.7729 test_loss=0.8316)
[ 89/129] AllGestureWiimoteY           DONE  acc=0.7729 loss=0.8316 AOPCR=  1.732 NDCG=  n/a C= 10 T=  500 (19s)  [28 trained / 0 failed so far]
[ 90/129] AllGestureWiimoteZ
    stage 1/3: loading data ...
    stage 2/3: training on 240 series (val=60, C=10, T=500, batch=16) ...
    stage 3/3: scoring on 700 test series (accuracy + AOPCR) ...
    [mlflow] versioned model 'seanet_gated_last_adaptive__sea_mstcn_sep_gated__sea_adaptive_classwise' (id=m-419aab19e3a24e328335772f7936bf4b) params={'model_size_mb': '1.5028', 'n_model_params': '61750', 'name': 'seanet_gated_last_adaptive'}
    [mlflow] logged run 'seanet_gated_last_adaptive_AllGestureWiimoteZ'  (train_acc=1.0000 val_acc=0.7000 test_acc=0.7314 test_loss=0.9552)
[ 90/129] AllGestureWiimoteZ           DONE  acc=0.7314 loss=0.9552 AOPCR=  1.497 NDCG=  n/a C= 10 T=  500 (33s)  [29 trained / 0 failed so far]
[ 91/129] BME
    stage 1/3: loading data ...
    stage 2/3: training on 30 series (no val (train-loss early stop), C=3, T=128, batch=3) ...
    stage 3/3: scoring on 150 test series (accuracy + AOPCR) ...
    [mlflow] versioned model 'seanet_gated_last_adaptive__sea_mstcn_sep_gated__sea_adaptive_classwise' (id=m-1f288e1072eb418d908cf65e68c5e90f) params={'model_size_mb': '1.5009', 'n_model_params': '61225', 'name': 'seanet_gated_last_adaptive'}
    [mlflow] logged run 'seanet_gated_last_adaptive_BME'  (train_acc=1.0000 test_acc=1.0000 test_loss=0.1079)
[ 91/129] BME                          DONE  acc=1.0000 loss=0.1079 AOPCR=  0.136 NDCG=  n/a C=  3 T=  128 (32s)  [30 trained / 0 failed so far]
[ 92/129] Chinatown
    stage 1/3: loading data ...
    stage 2/3: training on 20 series (no val (train-loss early stop), C=2, T=24, batch=2) ...
    stage 3/3: scoring on 343 test series (accuracy + AOPCR) ...
    [mlflow] versioned model 'seanet_gated_last_adaptive__sea_mstcn_sep_gated__sea_adaptive_classwise' (id=m-bf92b61f455c4c5ebc053a418c518250) params={'model_size_mb': '1.5006', 'n_model_params': '61150', 'name': 'seanet_gated_last_adaptive'}
    [mlflow] logged run 'seanet_gated_last_adaptive_Chinatown'  (train_acc=1.0000 test_acc=0.9825 test_loss=0.1185)
[ 92/129] Chinatown                    DONE  acc=0.9825 loss=0.1185 AOPCR= -0.110 NDCG=  n/a C=  2 T=   24 (36s)  [31 trained / 0 failed so far]
[ 93/129] Crop
    stage 1/3: loading data ...
    stage 2/3: training on 5760 series (val=1440, C=24, T=46, batch=16) ...
    stage 3/3: scoring on 16800 test series (accuracy + AOPCR) ...
    [mlflow] versioned model 'seanet_gated_last_adaptive__sea_mstcn_sep_gated__sea_adaptive_classwise' (id=m-4096b95c92f644138059818010b6feae) params={'model_size_mb': '1.5069', 'n_model_params': '62800', 'name': 'seanet_gated_last_adaptive'}
    [mlflow] logged run 'seanet_gated_last_adaptive_Crop'  (train_acc=0.8812 val_acc=0.7424 test_acc=0.7375 test_loss=0.8817)
[ 93/129] Crop                         DONE  acc=0.7375 loss=0.8817 AOPCR=  0.499 NDCG=  n/a C= 24 T=   46 (462s)  [32 trained / 0 failed so far]
[ 94/129] DodgerLoopDay
    stage 1/3: loading data ...
    stage 2/3: training on 78 series (no val (train-loss early stop), C=7, T=288, batch=7) ...
    stage 3/3: scoring on 80 test series (accuracy + AOPCR) ...
    [mlflow] versioned model 'seanet_gated_last_adaptive__sea_mstcn_sep_gated__sea_adaptive_classwise' (id=m-0ac8a2d46cab485aa67b63e5fe0e0ae4) params={'model_size_mb': '1.502', 'n_model_params': '61525', 'name': 'seanet_gated_last_adaptive'}
    [mlflow] logged run 'seanet_gated_last_adaptive_DodgerLoopDay'  (train_acc=1.0000 test_acc=0.5750 test_loss=1.2405)
[ 94/129] DodgerLoopDay                DONE  acc=0.5750 loss=1.2405 AOPCR=  0.816 NDCG=  n/a C=  7 T=  288 (25s)  [33 trained / 0 failed so far]
[ 95/129] DodgerLoopGame
    stage 1/3: loading data ...
    stage 2/3: training on 20 series (no val (train-loss early stop), C=2, T=288, batch=2) ...
    stage 3/3: scoring on 138 test series (accuracy + AOPCR) ...
    [mlflow] versioned model 'seanet_gated_last_adaptive__sea_mstcn_sep_gated__sea_adaptive_classwise' (id=m-e641d07cb2e44090bc89528997647b40) params={'model_size_mb': '1.5006', 'n_model_params': '61150', 'name': 'seanet_gated_last_adaptive'}
    [mlflow] logged run 'seanet_gated_last_adaptive_DodgerLoopGame'  (train_acc=1.0000 test_acc=0.8696 test_loss=0.2929)
[ 95/129] DodgerLoopGame               DONE  acc=0.8696 loss=0.2929 AOPCR=  0.187 NDCG=  n/a C=  2 T=  288 (12s)  [34 trained / 0 failed so far]
[ 96/129] DodgerLoopWeekend
    stage 1/3: loading data ...
    stage 2/3: training on 20 series (no val (train-loss early stop), C=2, T=288, batch=2) ...
    stage 3/3: scoring on 138 test series (accuracy + AOPCR) ...
    [mlflow] versioned model 'seanet_gated_last_adaptive__sea_mstcn_sep_gated__sea_adaptive_classwise' (id=m-aad006817bee422f8772fe80442318bd) params={'model_size_mb': '1.5006', 'n_model_params': '61150', 'name': 'seanet_gated_last_adaptive'}
    [mlflow] logged run 'seanet_gated_last_adaptive_DodgerLoopWeekend'  (train_acc=1.0000 test_acc=0.9855 test_loss=0.1571)
[ 96/129] DodgerLoopWeekend            DONE  acc=0.9855 loss=0.1571 AOPCR=  1.865 NDCG=  n/a C=  2 T=  288 (18s)  [35 trained / 0 failed so far]
[ 97/129] EOGHorizontalSignal
    stage 1/3: loading data ...
    stage 2/3: training on 290 series (val=72, C=12, T=1250, batch=16) ...
    stage 3/3: scoring on 362 test series (accuracy + AOPCR) ...
    [mlflow] versioned model 'seanet_gated_last_adaptive__sea_mstcn_sep_gated__sea_adaptive_classwise' (id=m-91199df0ff33438f97de8f93441b0724) params={'model_size_mb': '1.5034', 'n_model_params': '61900', 'name': 'seanet_gated_last_adaptive'}
    [mlflow] logged run 'seanet_gated_last_adaptive_EOGHorizontalSignal'  (train_acc=0.9966 val_acc=0.8611 test_acc=0.5028 test_loss=1.6202)
[ 97/129] EOGHorizontalSignal          DONE  acc=0.5028 loss=1.6202 AOPCR=  1.314 NDCG=  n/a C= 12 T= 1250 (58s)  [36 trained / 0 failed so far]
[ 98/129] EOGVerticalSignal
    stage 1/3: loading data ...
    stage 2/3: training on 290 series (val=72, C=12, T=1250, batch=16) ...
    stage 3/3: scoring on 362 test series (accuracy + AOPCR) ...
    [mlflow] versioned model 'seanet_gated_last_adaptive__sea_mstcn_sep_gated__sea_adaptive_classwise' (id=m-d39cc2dfdacb47bbbee82902254a34bb) params={'model_size_mb': '1.5034', 'n_model_params': '61900', 'name': 'seanet_gated_last_adaptive'}
    [mlflow] logged run 'seanet_gated_last_adaptive_EOGVerticalSignal'  (train_acc=0.9931 val_acc=0.7778 test_acc=0.5193 test_loss=1.7566)
[ 98/129] EOGVerticalSignal            DONE  acc=0.5193 loss=1.7566 AOPCR=  1.322 NDCG=  n/a C= 12 T= 1250 (79s)  [37 trained / 0 failed so far]
[ 99/129] EthanolLevel
    stage 1/3: loading data ...
    stage 2/3: training on 404 series (val=100, C=4, T=1751, batch=16) ...
    stage 3/3: scoring on 500 test series (accuracy + AOPCR) ...
    [mlflow] versioned model 'seanet_gated_last_adaptive__sea_mstcn_sep_gated__sea_adaptive_classwise' (id=m-62c3434bdeff42e9a0495353f4677021) params={'model_size_mb': '1.5012', 'n_model_params': '61300', 'name': 'seanet_gated_last_adaptive'}
    [mlflow] logged run 'seanet_gated_last_adaptive_EthanolLevel'  (train_acc=0.9777 val_acc=0.8600 test_acc=0.7900 test_loss=0.5072)
[ 99/129] EthanolLevel                 DONE  acc=0.7900 loss=0.5072 AOPCR=  2.152 NDCG=  n/a C=  4 T= 1751 (133s)  [38 trained / 0 failed so far]
[100/129] FreezerRegularTrain
    stage 1/3: loading data ...
    stage 2/3: training on 120 series (val=30, C=2, T=301, batch=12) ...
    stage 3/3: scoring on 2850 test series (accuracy + AOPCR) ...
    [mlflow] versioned model 'seanet_gated_last_adaptive__sea_mstcn_sep_gated__sea_adaptive_classwise' (id=m-f0c1e132b41345ee80978312d91ac339) params={'model_size_mb': '1.5006', 'n_model_params': '61150', 'name': 'seanet_gated_last_adaptive'}
    [mlflow] logged run 'seanet_gated_last_adaptive_FreezerRegularTrain'  (train_acc=1.0000 val_acc=1.0000 test_acc=0.9940 test_loss=0.0680)
[100/129] FreezerRegularTrain          DONE  acc=0.9940 loss=0.0680 AOPCR=  0.676 NDCG=  n/a C=  2 T=  301 (17s)  [39 trained / 0 failed so far]
[101/129] FreezerSmallTrain
    stage 1/3: loading data ...
    stage 2/3: training on 28 series (no val (train-loss early stop), C=2, T=301, batch=2) ...
    stage 3/3: scoring on 2850 test series (accuracy + AOPCR) ...
    [mlflow] versioned model 'seanet_gated_last_adaptive__sea_mstcn_sep_gated__sea_adaptive_classwise' (id=m-fcc252825e1a4444a39758c42a1a14ab) params={'model_size_mb': '1.5006', 'n_model_params': '61150', 'name': 'seanet_gated_last_adaptive'}
    [mlflow] logged run 'seanet_gated_last_adaptive_FreezerSmallTrain'  (train_acc=1.0000 test_acc=0.6702 test_loss=0.8579)
[101/129] FreezerSmallTrain            DONE  acc=0.6702 loss=0.8579 AOPCR=  0.723 NDCG=  n/a C=  2 T=  301 (12s)  [40 trained / 0 failed so far]
[102/129] Fungi
    stage 1/3: loading data ...
    stage 2/3: training on 18 series (no val (train-loss early stop), C=18, T=201, batch=2) ...
    stage 3/3: scoring on 186 test series (accuracy + AOPCR) ...
    [mlflow] versioned model 'seanet_gated_last_adaptive__sea_mstcn_sep_gated__sea_adaptive_classwise' (id=m-2971ff6837b6412092d20fb058b95989) params={'model_size_mb': '1.5052', 'n_model_params': '62350', 'name': 'seanet_gated_last_adaptive'}
    [mlflow] logged run 'seanet_gated_last_adaptive_Fungi'  (train_acc=1.0000 test_acc=0.9301 test_loss=0.3868)
[102/129] Fungi                        DONE  acc=0.9301 loss=0.3868 AOPCR=  0.682 NDCG=  n/a C= 18 T=  201 (37s)  [41 trained / 0 failed so far]
[103/129] GestureMidAirD1
    stage 1/3: loading data ...
    stage 2/3: training on 182 series (val=26, C=26, T=360, batch=16) ...
    stage 3/3: scoring on 130 test series (accuracy + AOPCR) ...
    [mlflow] versioned model 'seanet_gated_last_adaptive__sea_mstcn_sep_gated__sea_adaptive_classwise' (id=m-8057a8c918c24fbb8220da33759291bf) params={'model_size_mb': '1.5074', 'n_model_params': '62950', 'name': 'seanet_gated_last_adaptive'}
    [mlflow] logged run 'seanet_gated_last_adaptive_GestureMidAirD1'  (train_acc=1.0000 val_acc=0.7692 test_acc=0.7000 test_loss=1.1673)
[103/129] GestureMidAirD1              DONE  acc=0.7000 loss=1.1673 AOPCR=  2.061 NDCG=  n/a C= 26 T=  360 (31s)  [42 trained / 0 failed so far]
[104/129] GestureMidAirD2
    stage 1/3: loading data ...
    stage 2/3: training on 182 series (val=26, C=26, T=360, batch=16) ...
    stage 3/3: scoring on 130 test series (accuracy + AOPCR) ...
    [mlflow] versioned model 'seanet_gated_last_adaptive__sea_mstcn_sep_gated__sea_adaptive_classwise' (id=m-9343f08f90ab4f5a86595ce1fc4acb05) params={'model_size_mb': '1.5074', 'n_model_params': '62950', 'name': 'seanet_gated_last_adaptive'}
    [mlflow] logged run 'seanet_gated_last_adaptive_GestureMidAirD2'  (train_acc=0.8791 val_acc=0.5769 test_acc=0.6231 test_loss=1.0999)
[104/129] GestureMidAirD2              DONE  acc=0.6231 loss=1.0999 AOPCR=  1.852 NDCG=  n/a C= 26 T=  360 (14s)  [43 trained / 0 failed so far]
[105/129] GestureMidAirD3
    stage 1/3: loading data ...
    stage 2/3: training on 182 series (val=26, C=26, T=360, batch=16) ...
    stage 3/3: scoring on 130 test series (accuracy + AOPCR) ...
    [mlflow] versioned model 'seanet_gated_last_adaptive__sea_mstcn_sep_gated__sea_adaptive_classwise' (id=m-dfc8f9a43f4146d6828e0788b43e83df) params={'model_size_mb': '1.5074', 'n_model_params': '62950', 'name': 'seanet_gated_last_adaptive'}
    [mlflow] logged run 'seanet_gated_last_adaptive_GestureMidAirD3'  (train_acc=0.9176 val_acc=0.3846 test_acc=0.3385 test_loss=2.2735)
[105/129] GestureMidAirD3              DONE  acc=0.3385 loss=2.2735 AOPCR=  1.858 NDCG=  n/a C= 26 T=  360 (15s)  [44 trained / 0 failed so far]
[106/129] GesturePebbleZ1
    stage 1/3: loading data ...
    stage 2/3: training on 107 series (val=25, C=6, T=455, batch=10) ...
    stage 3/3: scoring on 172 test series (accuracy + AOPCR) ...
    [mlflow] versioned model 'seanet_gated_last_adaptive__sea_mstcn_sep_gated__sea_adaptive_classwise' (id=m-635e168c189940b283fba86be88cf29d) params={'model_size_mb': '1.5017', 'n_model_params': '61450', 'name': 'seanet_gated_last_adaptive'}
    [mlflow] logged run 'seanet_gated_last_adaptive_GesturePebbleZ1'  (train_acc=1.0000 val_acc=1.0000 test_acc=0.9244 test_loss=0.3612)
[106/129] GesturePebbleZ1              DONE  acc=0.9244 loss=0.3612 AOPCR=  1.567 NDCG=  n/a C=  6 T=  455 (11s)  [45 trained / 0 failed so far]
[107/129] GesturePebbleZ2
    stage 1/3: loading data ...
    stage 2/3: training on 120 series (val=26, C=6, T=455, batch=12) ...
    stage 3/3: scoring on 158 test series (accuracy + AOPCR) ...
    [mlflow] versioned model 'seanet_gated_last_adaptive__sea_mstcn_sep_gated__sea_adaptive_classwise' (id=m-276e3dba608743b7932a7b1f8c11708b) params={'model_size_mb': '1.5017', 'n_model_params': '61450', 'name': 'seanet_gated_last_adaptive'}
    [mlflow] logged run 'seanet_gated_last_adaptive_GesturePebbleZ2'  (train_acc=1.0000 val_acc=1.0000 test_acc=0.8734 test_loss=0.4184)
[107/129] GesturePebbleZ2              DONE  acc=0.8734 loss=0.4184 AOPCR=  1.585 NDCG=  n/a C=  6 T=  455 (18s)  [46 trained / 0 failed so far]
[108/129] GunPointAgeSpan
    stage 1/3: loading data ...
    stage 2/3: training on 109 series (val=26, C=2, T=150, batch=10) ...
    stage 3/3: scoring on 316 test series (accuracy + AOPCR) ...
    [mlflow] versioned model 'seanet_gated_last_adaptive__sea_mstcn_sep_gated__sea_adaptive_classwise' (id=m-6d6d36a88a7c4b868a3bea32b1672fa7) params={'model_size_mb': '1.5006', 'n_model_params': '61150', 'name': 'seanet_gated_last_adaptive'}
    [mlflow] logged run 'seanet_gated_last_adaptive_GunPointAgeSpan'  (train_acc=1.0000 val_acc=0.9615 test_acc=0.9810 test_loss=0.0975)
[108/129] GunPointAgeSpan              DONE  acc=0.9810 loss=0.0975 AOPCR=  1.136 NDCG=  n/a C=  2 T=  150 (12s)  [47 trained / 0 failed so far]
[109/129] GunPointMaleVersusFemale
    stage 1/3: loading data ...
    stage 2/3: training on 109 series (val=26, C=2, T=150, batch=10) ...
    stage 3/3: scoring on 316 test series (accuracy + AOPCR) ...
    [mlflow] versioned model 'seanet_gated_last_adaptive__sea_mstcn_sep_gated__sea_adaptive_classwise' (id=m-7d5bb130da5243c882b0c0fa7e48ea6e) params={'model_size_mb': '1.5006', 'n_model_params': '61150', 'name': 'seanet_gated_last_adaptive'}
    [mlflow] logged run 'seanet_gated_last_adaptive_GunPointMaleVersusFemale'  (train_acc=1.0000 val_acc=1.0000 test_acc=0.9905 test_loss=0.0862)
[109/129] GunPointMaleVersusFemale     DONE  acc=0.9905 loss=0.0862 AOPCR=  0.639 NDCG=  n/a C=  2 T=  150 (29s)  [48 trained / 0 failed so far]
[110/129] GunPointOldVersusYoung
    stage 1/3: loading data ...
    stage 2/3: training on 109 series (val=27, C=2, T=150, batch=10) ...
    stage 3/3: scoring on 315 test series (accuracy + AOPCR) ...
    [mlflow] versioned model 'seanet_gated_last_adaptive__sea_mstcn_sep_gated__sea_adaptive_classwise' (id=m-75044a5c39f548b3851a3108bc32f032) params={'model_size_mb': '1.5006', 'n_model_params': '61150', 'name': 'seanet_gated_last_adaptive'}
    [mlflow] logged run 'seanet_gated_last_adaptive_GunPointOldVersusYoung'  (train_acc=1.0000 val_acc=1.0000 test_acc=0.9841 test_loss=0.0939)
[110/129] GunPointOldVersusYoung       DONE  acc=0.9841 loss=0.0939 AOPCR=  1.446 NDCG=  n/a C=  2 T=  150 (22s)  [49 trained / 0 failed so far]
[111/129] HouseTwenty
    stage 1/3: loading data ...
    stage 2/3: training on 40 series (no val (train-loss early stop), C=2, T=2000, batch=4) ...
    stage 3/3: scoring on 119 test series (accuracy + AOPCR) ...
    [mlflow] versioned model 'seanet_gated_last_adaptive__sea_mstcn_sep_gated__sea_adaptive_classwise' (id=m-e9fdf6840b504fa5be41dd097a048e39) params={'model_size_mb': '1.5006', 'n_model_params': '61150', 'name': 'seanet_gated_last_adaptive'}
    [mlflow] logged run 'seanet_gated_last_adaptive_HouseTwenty'  (train_acc=1.0000 test_acc=0.9832 test_loss=0.1290)
[111/129] HouseTwenty                  DONE  acc=0.9832 loss=0.1290 AOPCR=  2.142 NDCG=  n/a C=  2 T= 2000 (33s)  [50 trained / 0 failed so far]
[112/129] InsectEPGRegularTrain
    stage 1/3: loading data ...
    stage 2/3: training on 62 series (no val (train-loss early stop), C=3, T=601, batch=6) ...
    stage 3/3: scoring on 249 test series (accuracy + AOPCR) ...
    [mlflow] versioned model 'seanet_gated_last_adaptive__sea_mstcn_sep_gated__sea_adaptive_classwise' (id=m-50a1ca1d67754f2daaf993a7bc3ecbb5) params={'model_size_mb': '1.5009', 'n_model_params': '61225', 'name': 'seanet_gated_last_adaptive'}
    [mlflow] logged run 'seanet_gated_last_adaptive_InsectEPGRegularTrain'  (train_acc=1.0000 test_acc=0.9960 test_loss=0.1319)
[112/129] InsectEPGRegularTrain        DONE  acc=0.9960 loss=0.1319 AOPCR=  1.576 NDCG=  n/a C=  3 T=  601 (29s)  [51 trained / 0 failed so far]
[113/129] InsectEPGSmallTrain
    stage 1/3: loading data ...
    stage 2/3: training on 17 series (no val (train-loss early stop), C=3, T=601, batch=2) ...
    stage 3/3: scoring on 249 test series (accuracy + AOPCR) ...
    [mlflow] versioned model 'seanet_gated_last_adaptive__sea_mstcn_sep_gated__sea_adaptive_classwise' (id=m-023f03118f5c48309f16d1078d512281) params={'model_size_mb': '1.5009', 'n_model_params': '61225', 'name': 'seanet_gated_last_adaptive'}
    [mlflow] logged run 'seanet_gated_last_adaptive_InsectEPGSmallTrain'  (train_acc=1.0000 test_acc=0.8112 test_loss=0.4436)
[113/129] InsectEPGSmallTrain          DONE  acc=0.8112 loss=0.4436 AOPCR=  1.330 NDCG=  n/a C=  3 T=  601 (24s)  [52 trained / 0 failed so far]
[114/129] MelbournePedestrian
    stage 1/3: loading data ...
    stage 2/3: training on 956 series (val=238, C=10, T=24, batch=16) ...
    stage 3/3: scoring on 2439 test series (accuracy + AOPCR) ...
    [mlflow] versioned model 'seanet_gated_last_adaptive__sea_mstcn_sep_gated__sea_adaptive_classwise' (id=m-763212a4b6654b46bf68d1e12aaaf736) params={'model_size_mb': '1.5028', 'n_model_params': '61750', 'name': 'seanet_gated_last_adaptive'}
    [mlflow] logged run 'seanet_gated_last_adaptive_MelbournePedestrian'  (train_acc=0.9895 val_acc=0.9244 test_acc=0.9024 test_loss=0.3860)
[114/129] MelbournePedestrian          DONE  acc=0.9024 loss=0.3860 AOPCR= -0.007 NDCG=  n/a C= 10 T=   24 (84s)  [53 trained / 0 failed so far]
[115/129] MixedShapesRegularTrain
    stage 1/3: loading data ...
    stage 2/3: training on 400 series (val=100, C=5, T=1024, batch=16) ...
    stage 3/3: scoring on 2425 test series (accuracy + AOPCR) ...
    [mlflow] versioned model 'seanet_gated_last_adaptive__sea_mstcn_sep_gated__sea_adaptive_classwise' (id=m-d511ecf949de4ec498e1aaf71838f520) params={'model_size_mb': '1.5014', 'n_model_params': '61375', 'name': 'seanet_gated_last_adaptive'}
    [mlflow] logged run 'seanet_gated_last_adaptive_MixedShapesRegularTrain'  (train_acc=1.0000 val_acc=0.9500 test_acc=0.9546 test_loss=0.2518)
[115/129] MixedShapesRegularTrain      DONE  acc=0.9546 loss=0.2518 AOPCR=  1.224 NDCG=  n/a C=  5 T= 1024 (87s)  [54 trained / 0 failed so far]
[116/129] MixedShapesSmallTrain
    stage 1/3: loading data ...
    stage 2/3: training on 80 series (val=20, C=5, T=1024, batch=8) ...
    stage 3/3: scoring on 2425 test series (accuracy + AOPCR) ...
    [mlflow] versioned model 'seanet_gated_last_adaptive__sea_mstcn_sep_gated__sea_adaptive_classwise' (id=m-9613335622b449b29cdcdc2185b35569) params={'model_size_mb': '1.5014', 'n_model_params': '61375', 'name': 'seanet_gated_last_adaptive'}
    [mlflow] logged run 'seanet_gated_last_adaptive_MixedShapesSmallTrain'  (train_acc=0.9875 val_acc=1.0000 test_acc=0.8487 test_loss=0.5112)
[116/129] MixedShapesSmallTrain        DONE  acc=0.8487 loss=0.5112 AOPCR=  1.861 NDCG=  n/a C=  5 T= 1024 (16s)  [55 trained / 0 failed so far]
[117/129] PLAID
    stage 1/3: loading data ...
    stage 2/3: training on 436 series (val=101, C=11, T=1344, batch=16) ...
    stage 3/3: scoring on 537 test series (accuracy + AOPCR) ...
    [mlflow] versioned model 'seanet_gated_last_adaptive__sea_mstcn_sep_gated__sea_adaptive_classwise' (id=m-9a11017c4b6f4541a12fe38c354418cf) params={'model_size_mb': '1.5031', 'n_model_params': '61825', 'name': 'seanet_gated_last_adaptive'}
    [mlflow] logged run 'seanet_gated_last_adaptive_PLAID'  (train_acc=0.9908 val_acc=0.8812 test_acc=0.8790 test_loss=0.4992)
[117/129] PLAID                        DONE  acc=0.8790 loss=0.4992 AOPCR=  1.547 NDCG=  n/a C= 11 T= 1344 (115s)  [56 trained / 0 failed so far]
[118/129] PickupGestureWiimoteZ
    stage 1/3: loading data ...
    stage 2/3: training on 50 series (no val (train-loss early stop), C=10, T=361, batch=5) ...
    stage 3/3: scoring on 50 test series (accuracy + AOPCR) ...
    [mlflow] versioned model 'seanet_gated_last_adaptive__sea_mstcn_sep_gated__sea_adaptive_classwise' (id=m-3d4c5319c4394dbc9b6d8c8f125e95cb) params={'model_size_mb': '1.5028', 'n_model_params': '61750', 'name': 'seanet_gated_last_adaptive'}
    [mlflow] logged run 'seanet_gated_last_adaptive_PickupGestureWiimoteZ'  (train_acc=1.0000 test_acc=0.8000 test_loss=0.7828)
[118/129] PickupGestureWiimoteZ        DONE  acc=0.8000 loss=0.7828 AOPCR=  0.333 NDCG=  n/a C= 10 T=  361 (29s)  [57 trained / 0 failed so far]
[119/129] PigAirwayPressure
    stage 1/3: loading data ...
    stage 2/3: training on 52 series (val=52, C=52, T=2000, batch=5) ...
    stage 3/3: scoring on 208 test series (accuracy + AOPCR) ...
    [mlflow] versioned model 'seanet_gated_last_adaptive__sea_mstcn_sep_gated__sea_adaptive_classwise' (id=m-7a1871c2c7034062831d5ff6a1cc57f7) params={'model_size_mb': '1.5149', 'n_model_params': '64900', 'name': 'seanet_gated_last_adaptive'}
    [mlflow] logged run 'seanet_gated_last_adaptive_PigAirwayPressure'  (train_acc=0.0769 val_acc=0.0192 test_acc=0.0337 test_loss=3.8472)
[119/129] PigAirwayPressure            DONE  acc=0.0337 loss=3.8472 AOPCR=  0.141 NDCG=  n/a C= 52 T= 2000 (8s)  [58 trained / 0 failed so far]
[120/129] PigArtPressure
    stage 1/3: loading data ...
    stage 2/3: training on 52 series (val=52, C=52, T=2000, batch=5) ...
    stage 3/3: scoring on 208 test series (accuracy + AOPCR) ...
    [mlflow] versioned model 'seanet_gated_last_adaptive__sea_mstcn_sep_gated__sea_adaptive_classwise' (id=m-17985e367cbc4b1e9dce5cac807ec3b6) params={'model_size_mb': '1.5149', 'n_model_params': '64900', 'name': 'seanet_gated_last_adaptive'}
    [mlflow] logged run 'seanet_gated_last_adaptive_PigArtPressure'  (train_acc=1.0000 val_acc=0.5385 test_acc=0.6442 test_loss=1.7096)
[120/129] PigArtPressure               DONE  acc=0.6442 loss=1.7096 AOPCR=  0.721 NDCG=  n/a C= 52 T= 2000 (47s)  [59 trained / 0 failed so far]
[121/129] PigCVP
    stage 1/3: loading data ...
    stage 2/3: training on 52 series (val=52, C=52, T=2000, batch=5) ...
    stage 3/3: scoring on 208 test series (accuracy + AOPCR) ...
    [mlflow] versioned model 'seanet_gated_last_adaptive__sea_mstcn_sep_gated__sea_adaptive_classwise' (id=m-69e0991f4f6146928cfec09cc2644e20) params={'model_size_mb': '1.5149', 'n_model_params': '64900', 'name': 'seanet_gated_last_adaptive'}
    [mlflow] logged run 'seanet_gated_last_adaptive_PigCVP'  (train_acc=1.0000 val_acc=0.3269 test_acc=0.3942 test_loss=2.6724)
[121/129] PigCVP                       DONE  acc=0.3942 loss=2.6724 AOPCR=  1.140 NDCG=  n/a C= 52 T= 2000 (42s)  [60 trained / 0 failed so far]
[122/129] PowerCons
    stage 1/3: loading data ...
    stage 2/3: training on 144 series (val=36, C=2, T=144, batch=14) ...
    stage 3/3: scoring on 180 test series (accuracy + AOPCR) ...
    [mlflow] versioned model 'seanet_gated_last_adaptive__sea_mstcn_sep_gated__sea_adaptive_classwise' (id=m-8616eb8da913467b89de8227a12a9dad) params={'model_size_mb': '1.5006', 'n_model_params': '61150', 'name': 'seanet_gated_last_adaptive'}
    [mlflow] logged run 'seanet_gated_last_adaptive_PowerCons'  (train_acc=1.0000 val_acc=1.0000 test_acc=0.9611 test_loss=0.1331)
[122/129] PowerCons                    DONE  acc=0.9611 loss=0.1331 AOPCR= -0.185 NDCG=  n/a C=  2 T=  144 (27s)  [61 trained / 0 failed so far]
[123/129] Rock
    stage 1/3: loading data ...
    stage 2/3: training on 20 series (no val (train-loss early stop), C=4, T=2844, batch=2) ...
    stage 3/3: scoring on 50 test series (accuracy + AOPCR) ...
    [mlflow] versioned model 'seanet_gated_last_adaptive__sea_mstcn_sep_gated__sea_adaptive_classwise' (id=m-bd3863c07efb424a98ff2f512b6343aa) params={'model_size_mb': '1.5012', 'n_model_params': '61300', 'name': 'seanet_gated_last_adaptive'}
    [mlflow] logged run 'seanet_gated_last_adaptive_Rock'  (train_acc=1.0000 test_acc=0.7800 test_loss=0.6796)
[123/129] Rock                         DONE  acc=0.7800 loss=0.6796 AOPCR=  1.950 NDCG=  n/a C=  4 T= 2844 (33s)  [62 trained / 0 failed so far]
[124/129] SemgHandGenderCh2
    stage 1/3: loading data ...
    stage 2/3: training on 240 series (val=60, C=2, T=1500, batch=16) ...
    stage 3/3: scoring on 600 test series (accuracy + AOPCR) ...
    [mlflow] versioned model 'seanet_gated_last_adaptive__sea_mstcn_sep_gated__sea_adaptive_classwise' (id=m-004753561baa4c60be34fc317bb8a7cb) params={'model_size_mb': '1.5006', 'n_model_params': '61150', 'name': 'seanet_gated_last_adaptive'}
    [mlflow] logged run 'seanet_gated_last_adaptive_SemgHandGenderCh2'  (train_acc=1.0000 val_acc=0.9167 test_acc=0.8983 test_loss=0.2668)
[124/129] SemgHandGenderCh2            DONE  acc=0.8983 loss=0.2668 AOPCR=  1.098 NDCG=  n/a C=  2 T= 1500 (27s)  [63 trained / 0 failed so far]
[125/129] SemgHandMovementCh2
    stage 1/3: loading data ...
    stage 2/3: training on 360 series (val=90, C=6, T=1500, batch=16) ...
    stage 3/3: scoring on 450 test series (accuracy + AOPCR) ...
    [mlflow] versioned model 'seanet_gated_last_adaptive__sea_mstcn_sep_gated__sea_adaptive_classwise' (id=m-9080fe36d6054c5fb57d7d0df7176e56) params={'model_size_mb': '1.5017', 'n_model_params': '61450', 'name': 'seanet_gated_last_adaptive'}
    [mlflow] logged run 'seanet_gated_last_adaptive_SemgHandMovementCh2'  (train_acc=0.7694 val_acc=0.6000 test_acc=0.4467 test_loss=1.3082)
[125/129] SemgHandMovementCh2          DONE  acc=0.4467 loss=1.3082 AOPCR=  1.572 NDCG=  n/a C=  6 T= 1500 (26s)  [64 trained / 0 failed so far]
[126/129] SemgHandSubjectCh2
    stage 1/3: loading data ...
    stage 2/3: training on 360 series (val=90, C=5, T=1500, batch=16) ...
    stage 3/3: scoring on 450 test series (accuracy + AOPCR) ...
    [mlflow] versioned model 'seanet_gated_last_adaptive__sea_mstcn_sep_gated__sea_adaptive_classwise' (id=m-a98684f383a646b885e50f712ecf8f56) params={'model_size_mb': '1.5014', 'n_model_params': '61375', 'name': 'seanet_gated_last_adaptive'}
    [mlflow] logged run 'seanet_gated_last_adaptive_SemgHandSubjectCh2'  (train_acc=1.0000 val_acc=0.8000 test_acc=0.7800 test_loss=0.6984)
[126/129] SemgHandSubjectCh2           DONE  acc=0.7800 loss=0.6984 AOPCR=  1.404 NDCG=  n/a C=  5 T= 1500 (37s)  [65 trained / 0 failed so far]
[127/129] ShakeGestureWiimoteZ
    stage 1/3: loading data ...
    stage 2/3: training on 50 series (no val (train-loss early stop), C=10, T=385, batch=5) ...
    stage 3/3: scoring on 50 test series (accuracy + AOPCR) ...
    [mlflow] versioned model 'seanet_gated_last_adaptive__sea_mstcn_sep_gated__sea_adaptive_classwise' (id=m-c5b88aab6fa745bb890b2ecf24b13cb0) params={'model_size_mb': '1.5028', 'n_model_params': '61750', 'name': 'seanet_gated_last_adaptive'}
    [mlflow] logged run 'seanet_gated_last_adaptive_ShakeGestureWiimoteZ'  (train_acc=1.0000 test_acc=0.8800 test_loss=0.5317)
[127/129] ShakeGestureWiimoteZ         DONE  acc=0.8800 loss=0.5317 AOPCR=  1.101 NDCG=  n/a C= 10 T=  385 (28s)  [66 trained / 0 failed so far]
[128/129] SmoothSubspace
    stage 1/3: loading data ...
    stage 2/3: training on 120 series (val=30, C=3, T=15, batch=12) ...
    stage 3/3: scoring on 150 test series (accuracy + AOPCR) ...
    [mlflow] versioned model 'seanet_gated_last_adaptive__sea_mstcn_sep_gated__sea_adaptive_classwise' (id=m-ebc52d4bcbc943aa94adbf9f196992eb) params={'model_size_mb': '1.5009', 'n_model_params': '61225', 'name': 'seanet_gated_last_adaptive'}
    [mlflow] logged run 'seanet_gated_last_adaptive_SmoothSubspace'  (train_acc=1.0000 val_acc=1.0000 test_acc=0.9733 test_loss=0.1591)
[128/129] SmoothSubspace               DONE  acc=0.9733 loss=0.1591 AOPCR=  0.170 NDCG=  n/a C=  3 T=   15 (14s)  [67 trained / 0 failed so far]
[129/129] UMD
    stage 1/3: loading data ...
    stage 2/3: training on 36 series (no val (train-loss early stop), C=3, T=150, batch=3) ...
    stage 3/3: scoring on 144 test series (accuracy + AOPCR) ...
    [mlflow] versioned model 'seanet_gated_last_adaptive__sea_mstcn_sep_gated__sea_adaptive_classwise' (id=m-bbc623b735234b2f8a747ce55aafcd96) params={'model_size_mb': '1.5009', 'n_model_params': '61225', 'name': 'seanet_gated_last_adaptive'}
    [mlflow] logged run 'seanet_gated_last_adaptive_UMD'  (train_acc=1.0000 test_acc=0.9722 test_loss=0.1552)
[129/129] UMD                          DONE  acc=0.9722 loss=0.1552 AOPCR=  0.844 NDCG=  n/a C=  3 T=  150 (27s)  [68 trained / 0 failed so far]

Done: 68 trained, 61 skipped, 0 failed.
Results -> results/SEA_NET/seanet_gated_last_adaptive__sea_mstcn_sep_gated__sea_adaptive_classwise/results.csv

=== seanet_gated_last_adaptive__sea_mstcn_sep_gated__sea_adaptive_classwise vs MILLET ConjunctiveInceptionTime (mean of 5 reps) ===
  UCR datasets evaluated: 128  (with MILLET baseline: 85, without: 43)
  metric        ours    MILLET   win/tie/loss   (mean over the 85 datasets MILLET published)
  acc         0.8029    0.8445       18/18/49   
  loss        0.5633    1.2241        57/0/28   (lower is better)
  aopcr       0.7965    4.5532         4/1/80   
  wrote results/SEA_NET/seanet_gated_last_adaptive__sea_mstcn_sep_gated__sea_adaptive_classwise/comparison_vs_millet.csv

Next: `python main.py report` to draw the figures for seanet_gated_last_adaptive__sea_mstcn_sep_gated__sea_adaptive_classwise.

[log] finished; full output saved to results/SEA_NET/seanet_gated_last_adaptive__sea_mstcn_sep_gated__sea_adaptive_classwise/logs/train_2026-07-29_11-16-28.log
