[log] command 'train' started at 2026-07-28_19-45-14 for model 'seanet_gated_last_adaptive__sea_mstcn_sep_gated__sea_adaptive_classwise'
[log] a copy of everything below is being saved to: results/SEA_NET/seanet_gated_last_adaptive__sea_mstcn_sep_gated__sea_adaptive_classwise/logs/train_2026-07-28_19-45-14.log

=== train: model=seanet_gated_last_adaptive__sea_mstcn_sep_gated__sea_adaptive_classwise (config sv4/seanet_gated_last_adaptive) device=cuda mode=full datasets=129 ===
[params] using DEFAULT recipe (no Optuna record yet - run 'python main.py optuna --model sv4/seanet_gated_last_adaptive').
  results  -> results/SEA_NET/seanet_gated_last_adaptive__sea_mstcn_sep_gated__sea_adaptive_classwise/results.csv
  resume   -> results/SEA_NET/seanet_gated_last_adaptive__sea_mstcn_sep_gated__sea_adaptive_classwise/done_train_dataset.txt  (delete it to retrain everything; delete one line to retrain that dataset)

  [mlflow] logging runs to experiment 'SEA-Net_seanet_gated_last_adaptive__sea_mstcn_sep_gated__sea_adaptive_classwise_2026-07-28' at sqlite:///mlflow.db
  [mlflow] browse later with:  mlflow ui --backend-store-uri sqlite:///mlflow.db
[  1/129] WebTraffic                   already done -> skip
[  2/129] Adiac
    stage 1/3: loading data ...
    stage 2/3: training on 328 series (val=62, C=37, T=176, batch=16) ...
    stage 3/3: scoring on 391 test series (accuracy + AOPCR) ...
    [mlflow] versioned model 'seanet_gated_last_adaptive__sea_mstcn_sep_gated__sea_adaptive_classwise' (id=m-085236b05a5b4301b4afe0a609e98f73) params={'model_size_mb': '1.5106', 'n_model_params': '63775', 'name': 'seanet_gated_last_adaptive'}
    [mlflow] logged run 'seanet_gated_last_adaptive_Adiac'  (train_acc=0.9573 val_acc=0.7903 test_acc=0.7647 test_loss=0.8566)
[  2/129] Adiac                        DONE  acc=0.7647 loss=0.8566 AOPCR= -0.286 NDCG=  n/a C= 37 T=  176 (26s)  [1 trained / 0 failed so far]
[  3/129] ArrowHead
    stage 1/3: loading data ...
    stage 2/3: training on 36 series (no val (train-loss early stop), C=3, T=251, batch=3) ...
    stage 3/3: scoring on 175 test series (accuracy + AOPCR) ...
    [mlflow] versioned model 'seanet_gated_last_adaptive__sea_mstcn_sep_gated__sea_adaptive_classwise' (id=m-e88df230875f46b3a6209b3dce0f1395) params={'model_size_mb': '1.5009', 'n_model_params': '61225', 'name': 'seanet_gated_last_adaptive'}
    [mlflow] logged run 'seanet_gated_last_adaptive_ArrowHead'  (train_acc=1.0000 test_acc=0.8171 test_loss=0.4778)
[  3/129] ArrowHead                    DONE  acc=0.8171 loss=0.4778 AOPCR=  0.991 NDCG=  n/a C=  3 T=  251 (21s)  [2 trained / 0 failed so far]
[  4/129] Beef
    stage 1/3: loading data ...
    stage 2/3: training on 30 series (no val (train-loss early stop), C=5, T=470, batch=3) ...
    stage 3/3: scoring on 30 test series (accuracy + AOPCR) ...
    [mlflow] versioned model 'seanet_gated_last_adaptive__sea_mstcn_sep_gated__sea_adaptive_classwise' (id=m-5b060dae02e24235a559770e95f5479b) params={'model_size_mb': '1.5014', 'n_model_params': '61375', 'name': 'seanet_gated_last_adaptive'}
    [mlflow] logged run 'seanet_gated_last_adaptive_Beef'  (train_acc=1.0000 test_acc=0.9000 test_loss=0.4278)
[  4/129] Beef                         DONE  acc=0.9000 loss=0.4278 AOPCR=  1.081 NDCG=  n/a C=  5 T=  470 (25s)  [3 trained / 0 failed so far]
[  5/129] BeetleFly
    stage 1/3: loading data ...
    stage 2/3: training on 20 series (no val (train-loss early stop), C=2, T=512, batch=2) ...
    stage 3/3: scoring on 20 test series (accuracy + AOPCR) ...
    [mlflow] versioned model 'seanet_gated_last_adaptive__sea_mstcn_sep_gated__sea_adaptive_classwise' (id=m-418c2574aedc48abae4dcdd840c77e7c) params={'model_size_mb': '1.5006', 'n_model_params': '61150', 'name': 'seanet_gated_last_adaptive'}
    [mlflow] logged run 'seanet_gated_last_adaptive_BeetleFly'  (train_acc=1.0000 test_acc=0.7000 test_loss=0.4456)
[  5/129] BeetleFly                    DONE  acc=0.7000 loss=0.4456 AOPCR=  1.164 NDCG=  n/a C=  2 T=  512 (22s)  [4 trained / 0 failed so far]
[  6/129] BirdChicken
    stage 1/3: loading data ...
    stage 2/3: training on 20 series (no val (train-loss early stop), C=2, T=512, batch=2) ...
    stage 3/3: scoring on 20 test series (accuracy + AOPCR) ...
    [mlflow] versioned model 'seanet_gated_last_adaptive__sea_mstcn_sep_gated__sea_adaptive_classwise' (id=m-5f61966c3a0d436f871d856437aaf985) params={'model_size_mb': '1.5006', 'n_model_params': '61150', 'name': 'seanet_gated_last_adaptive'}
    [mlflow] logged run 'seanet_gated_last_adaptive_BirdChicken'  (train_acc=1.0000 test_acc=0.7500 test_loss=0.3584)
[  6/129] BirdChicken                  DONE  acc=0.7500 loss=0.3584 AOPCR=  1.758 NDCG=  n/a C=  2 T=  512 (24s)  [5 trained / 0 failed so far]
[  7/129] Car
    stage 1/3: loading data ...
    stage 2/3: training on 60 series (no val (train-loss early stop), C=4, T=577, batch=6) ...
    stage 3/3: scoring on 60 test series (accuracy + AOPCR) ...
    [mlflow] versioned model 'seanet_gated_last_adaptive__sea_mstcn_sep_gated__sea_adaptive_classwise' (id=m-1f0463b76dda44c1adf5ce58e6c3b124) params={'model_size_mb': '1.5012', 'n_model_params': '61300', 'name': 'seanet_gated_last_adaptive'}
    [mlflow] logged run 'seanet_gated_last_adaptive_Car'  (train_acc=1.0000 test_acc=0.8500 test_loss=0.4482)
[  7/129] Car                          DONE  acc=0.8500 loss=0.4482 AOPCR=  1.695 NDCG=  n/a C=  4 T=  577 (26s)  [6 trained / 0 failed so far]
[  8/129] CBF
    stage 1/3: loading data ...
    stage 2/3: training on 30 series (no val (train-loss early stop), C=3, T=128, batch=3) ...
    stage 3/3: scoring on 900 test series (accuracy + AOPCR) ...
    [mlflow] versioned model 'seanet_gated_last_adaptive__sea_mstcn_sep_gated__sea_adaptive_classwise' (id=m-02d4c45a140644b19489f92c5dd45521) params={'model_size_mb': '1.5009', 'n_model_params': '61225', 'name': 'seanet_gated_last_adaptive'}
    [mlflow] logged run 'seanet_gated_last_adaptive_CBF'  (train_acc=1.0000 test_acc=0.9989 test_loss=0.1263)
[  8/129] CBF                          DONE  acc=0.9989 loss=0.1263 AOPCR=  0.504 NDCG=  n/a C=  3 T=  128 (10s)  [7 trained / 0 failed so far]
[  9/129] ChlorineConcentration
    stage 1/3: loading data ...
    stage 2/3: training on 375 series (val=92, C=3, T=166, batch=16) ...
    stage 3/3: scoring on 3840 test series (accuracy + AOPCR) ...
    [mlflow] versioned model 'seanet_gated_last_adaptive__sea_mstcn_sep_gated__sea_adaptive_classwise' (id=m-a96af0cdc9fa4c128a30a46fe0e215b0) params={'model_size_mb': '1.5009', 'n_model_params': '61225', 'name': 'seanet_gated_last_adaptive'}
    [mlflow] logged run 'seanet_gated_last_adaptive_ChlorineConcentration'  (train_acc=0.9760 val_acc=0.7609 test_acc=0.7594 test_loss=0.6455)
[  9/129] ChlorineConcentration        DONE  acc=0.7594 loss=0.6455 AOPCR=  0.434 NDCG=  n/a C=  3 T=  166 (59s)  [8 trained / 0 failed so far]
[ 10/129] CinCECGTorso
    stage 1/3: loading data ...
    stage 2/3: training on 40 series (no val (train-loss early stop), C=4, T=1639, batch=4) ...
    stage 3/3: scoring on 1380 test series (accuracy + AOPCR) ...
    [mlflow] versioned model 'seanet_gated_last_adaptive__sea_mstcn_sep_gated__sea_adaptive_classwise' (id=m-6da1738b119d4d1cafe67e238f68d7a2) params={'model_size_mb': '1.5012', 'n_model_params': '61300', 'name': 'seanet_gated_last_adaptive'}
    [mlflow] logged run 'seanet_gated_last_adaptive_CinCECGTorso'  (train_acc=1.0000 test_acc=0.7435 test_loss=0.7095)
[ 10/129] CinCECGTorso                 DONE  acc=0.7435 loss=0.7095 AOPCR=  1.446 NDCG=  n/a C=  4 T= 1639 (27s)  [9 trained / 0 failed so far]
[ 11/129] Coffee
    stage 1/3: loading data ...
    stage 2/3: training on 28 series (no val (train-loss early stop), C=2, T=286, batch=2) ...
    stage 3/3: scoring on 28 test series (accuracy + AOPCR) ...
    [mlflow] versioned model 'seanet_gated_last_adaptive__sea_mstcn_sep_gated__sea_adaptive_classwise' (id=m-4500113620044e56a74ac6d046981880) params={'model_size_mb': '1.5006', 'n_model_params': '61150', 'name': 'seanet_gated_last_adaptive'}
    [mlflow] logged run 'seanet_gated_last_adaptive_Coffee'  (train_acc=1.0000 test_acc=1.0000 test_loss=0.0717)
[ 11/129] Coffee                       DONE  acc=1.0000 loss=0.0717 AOPCR=  0.447 NDCG=  n/a C=  2 T=  286 (15s)  [10 trained / 0 failed so far]
[ 12/129] Computers
    stage 1/3: loading data ...
    stage 2/3: training on 200 series (val=50, C=2, T=720, batch=16) ...
    stage 3/3: scoring on 250 test series (accuracy + AOPCR) ...
    [mlflow] versioned model 'seanet_gated_last_adaptive__sea_mstcn_sep_gated__sea_adaptive_classwise' (id=m-515c4b4560814d22966c68a11e8874f9) params={'model_size_mb': '1.5006', 'n_model_params': '61150', 'name': 'seanet_gated_last_adaptive'}
    [mlflow] logged run 'seanet_gated_last_adaptive_Computers'  (train_acc=0.8450 val_acc=0.6800 test_acc=0.6800 test_loss=0.5770)
[ 12/129] Computers                    DONE  acc=0.6800 loss=0.5770 AOPCR=  0.469 NDCG=  n/a C=  2 T=  720 (6s)  [11 trained / 0 failed so far]
[ 13/129] CricketX
    stage 1/3: loading data ...
    stage 2/3: training on 317 series (val=73, C=12, T=300, batch=16) ...
    stage 3/3: scoring on 390 test series (accuracy + AOPCR) ...
    [mlflow] versioned model 'seanet_gated_last_adaptive__sea_mstcn_sep_gated__sea_adaptive_classwise' (id=m-5f8dab9fa0a5463d943fa58b94521572) params={'model_size_mb': '1.5034', 'n_model_params': '61900', 'name': 'seanet_gated_last_adaptive'}
    [mlflow] logged run 'seanet_gated_last_adaptive_CricketX'  (train_acc=1.0000 val_acc=0.8630 test_acc=0.8308 test_loss=0.6795)
[ 13/129] CricketX                     DONE  acc=0.8308 loss=0.6795 AOPCR=  1.503 NDCG=  n/a C= 12 T=  300 (32s)  [12 trained / 0 failed so far]
[ 14/129] CricketY
    stage 1/3: loading data ...
    stage 2/3: training on 317 series (val=73, C=12, T=300, batch=16) ...
    stage 3/3: scoring on 390 test series (accuracy + AOPCR) ...
    [mlflow] versioned model 'seanet_gated_last_adaptive__sea_mstcn_sep_gated__sea_adaptive_classwise' (id=m-74e4c69a2b4c4c6abba49269ca8db0c8) params={'model_size_mb': '1.5034', 'n_model_params': '61900', 'name': 'seanet_gated_last_adaptive'}
    [mlflow] logged run 'seanet_gated_last_adaptive_CricketY'  (train_acc=1.0000 val_acc=0.8767 test_acc=0.8231 test_loss=0.7184)
[ 14/129] CricketY                     DONE  acc=0.8231 loss=0.7184 AOPCR=  1.645 NDCG=  n/a C= 12 T=  300 (28s)  [13 trained / 0 failed so far]
[ 15/129] CricketZ
    stage 1/3: loading data ...
    stage 2/3: training on 316 series (val=74, C=12, T=300, batch=16) ...
    stage 3/3: scoring on 390 test series (accuracy + AOPCR) ...
    [mlflow] versioned model 'seanet_gated_last_adaptive__sea_mstcn_sep_gated__sea_adaptive_classwise' (id=m-f2637cc0f0374aa79f89977a50ae5f10) params={'model_size_mb': '1.5034', 'n_model_params': '61900', 'name': 'seanet_gated_last_adaptive'}
    [mlflow] logged run 'seanet_gated_last_adaptive_CricketZ'  (train_acc=1.0000 val_acc=0.8919 test_acc=0.8308 test_loss=0.6531)
[ 15/129] CricketZ                     DONE  acc=0.8308 loss=0.6531 AOPCR=  1.411 NDCG=  n/a C= 12 T=  300 (49s)  [14 trained / 0 failed so far]
[ 16/129] DiatomSizeReduction
    stage 1/3: loading data ...
    stage 2/3: training on 16 series (no val (train-loss early stop), C=4, T=345, batch=2) ...
    stage 3/3: scoring on 306 test series (accuracy + AOPCR) ...
    [mlflow] versioned model 'seanet_gated_last_adaptive__sea_mstcn_sep_gated__sea_adaptive_classwise' (id=m-b080a661afc3472c9406b94c32f179b8) params={'model_size_mb': '1.5012', 'n_model_params': '61300', 'name': 'seanet_gated_last_adaptive'}
    [mlflow] logged run 'seanet_gated_last_adaptive_DiatomSizeReduction'  (train_acc=1.0000 test_acc=0.9412 test_loss=0.2686)
[ 16/129] DiatomSizeReduction          DONE  acc=0.9412 loss=0.2686 AOPCR=  1.153 NDCG=  n/a C=  4 T=  345 (13s)  [15 trained / 0 failed so far]
[ 17/129] DistalPhalanxOutlineAgeGroup
    stage 1/3: loading data ...
    stage 2/3: training on 321 series (val=79, C=3, T=80, batch=16) ...
    stage 3/3: scoring on 139 test series (accuracy + AOPCR) ...
    [mlflow] versioned model 'seanet_gated_last_adaptive__sea_mstcn_sep_gated__sea_adaptive_classwise' (id=m-ac6b8bfa9f0d4f7d82113d0b236b2545) params={'model_size_mb': '1.5009', 'n_model_params': '61225', 'name': 'seanet_gated_last_adaptive'}
    [mlflow] logged run 'seanet_gated_last_adaptive_DistalPhalanxOutlineAgeGroup'  (train_acc=0.8567 val_acc=0.8608 test_acc=0.7554 test_loss=0.5813)
[ 17/129] DistalPhalanxOutlineAgeGroup DONE  acc=0.7554 loss=0.5813 AOPCR=  0.076 NDCG=  n/a C=  3 T=   80 (10s)  [16 trained / 0 failed so far]
[ 18/129] DistalPhalanxOutlineCorrect
    stage 1/3: loading data ...
    stage 2/3: training on 481 series (val=119, C=2, T=80, batch=16) ...
    stage 3/3: scoring on 276 test series (accuracy + AOPCR) ...
    [mlflow] versioned model 'seanet_gated_last_adaptive__sea_mstcn_sep_gated__sea_adaptive_classwise' (id=m-138eabd2c24245a588684992c6d27d97) params={'model_size_mb': '1.5006', 'n_model_params': '61150', 'name': 'seanet_gated_last_adaptive'}
    [mlflow] logged run 'seanet_gated_last_adaptive_DistalPhalanxOutlineCorrect'  (train_acc=0.9148 val_acc=0.8739 test_acc=0.7862 test_loss=0.4755)
[ 18/129] DistalPhalanxOutlineCorrect  DONE  acc=0.7862 loss=0.4755 AOPCR= -0.317 NDCG=  n/a C=  2 T=   80 (23s)  [17 trained / 0 failed so far]
[ 19/129] DistalPhalanxTW
    stage 1/3: loading data ...
    stage 2/3: training on 323 series (val=77, C=6, T=80, batch=16) ...
    stage 3/3: scoring on 139 test series (accuracy + AOPCR) ...
    [mlflow] versioned model 'seanet_gated_last_adaptive__sea_mstcn_sep_gated__sea_adaptive_classwise' (id=m-ab0a5687ef0940f280ed0b1821b0e82b) params={'model_size_mb': '1.5017', 'n_model_params': '61450', 'name': 'seanet_gated_last_adaptive'}
    [mlflow] logged run 'seanet_gated_last_adaptive_DistalPhalanxTW'  (train_acc=0.8545 val_acc=0.8182 test_acc=0.6835 test_loss=0.7863)
[ 19/129] DistalPhalanxTW              DONE  acc=0.6835 loss=0.7863 AOPCR=  0.648 NDCG=  n/a C=  6 T=   80 (12s)  [18 trained / 0 failed so far]
[ 20/129] Earthquakes
    stage 1/3: loading data ...
    stage 2/3: training on 259 series (val=63, C=2, T=512, batch=16) ...
    stage 3/3: scoring on 139 test series (accuracy + AOPCR) ...
    [mlflow] versioned model 'seanet_gated_last_adaptive__sea_mstcn_sep_gated__sea_adaptive_classwise' (id=m-bbbd947a1dca48ea993bb95326410dff) params={'model_size_mb': '1.5006', 'n_model_params': '61150', 'name': 'seanet_gated_last_adaptive'}
    [mlflow] logged run 'seanet_gated_last_adaptive_Earthquakes'  (train_acc=1.0000 val_acc=0.8254 test_acc=0.7266 test_loss=0.6025)
[ 20/129] Earthquakes                  DONE  acc=0.7266 loss=0.6025 AOPCR=  0.257 NDCG=  n/a C=  2 T=  512 (11s)  [19 trained / 0 failed so far]
[ 21/129] ECG200
    stage 1/3: loading data ...
    stage 2/3: training on 81 series (val=19, C=2, T=96, batch=8) ...
    stage 3/3: scoring on 100 test series (accuracy + AOPCR) ...
    [mlflow] versioned model 'seanet_gated_last_adaptive__sea_mstcn_sep_gated__sea_adaptive_classwise' (id=m-a43758973d8444e58970f78fcb064ed4) params={'model_size_mb': '1.5006', 'n_model_params': '61150', 'name': 'seanet_gated_last_adaptive'}
    [mlflow] logged run 'seanet_gated_last_adaptive_ECG200'  (train_acc=0.8765 val_acc=0.6842 test_acc=0.8000 test_loss=0.4693)
[ 21/129] ECG200                       DONE  acc=0.8000 loss=0.4693 AOPCR=  0.325 NDCG=  n/a C=  2 T=   96 (5s)  [20 trained / 0 failed so far]
[ 22/129] ECG5000
    stage 1/3: loading data ...
    stage 2/3: training on 401 series (val=99, C=5, T=140, batch=16) ...
    stage 3/3: scoring on 4500 test series (accuracy + AOPCR) ...
    [mlflow] versioned model 'seanet_gated_last_adaptive__sea_mstcn_sep_gated__sea_adaptive_classwise' (id=m-bd0df5acdb0d4116b6729b2eb12424c6) params={'model_size_mb': '1.5014', 'n_model_params': '61375', 'name': 'seanet_gated_last_adaptive'}
    [mlflow] logged run 'seanet_gated_last_adaptive_ECG5000'  (train_acc=1.0000 val_acc=0.9697 test_acc=0.9342 test_loss=0.3061)
[ 22/129] ECG5000                      DONE  acc=0.9342 loss=0.3061 AOPCR=  0.160 NDCG=  n/a C=  5 T=  140 (45s)  [21 trained / 0 failed so far]
[ 23/129] ECGFiveDays
    stage 1/3: loading data ...
    stage 2/3: training on 23 series (no val (train-loss early stop), C=2, T=136, batch=2) ...
    stage 3/3: scoring on 861 test series (accuracy + AOPCR) ...
    [mlflow] versioned model 'seanet_gated_last_adaptive__sea_mstcn_sep_gated__sea_adaptive_classwise' (id=m-789a00659b8d45478f6db586a48257b9) params={'model_size_mb': '1.5006', 'n_model_params': '61150', 'name': 'seanet_gated_last_adaptive'}
    [mlflow] logged run 'seanet_gated_last_adaptive_ECGFiveDays'  (train_acc=1.0000 test_acc=1.0000 test_loss=0.0708)
[ 23/129] ECGFiveDays                  DONE  acc=1.0000 loss=0.0708 AOPCR=  0.083 NDCG=  n/a C=  2 T=  136 (16s)  [22 trained / 0 failed so far]
[ 24/129] ElectricDevices
    stage 1/3: loading data ...
    stage 2/3: training on 7144 series (val=1782, C=7, T=96, batch=16) ...
    stage 3/3: scoring on 7711 test series (accuracy + AOPCR) ...
    [mlflow] versioned model 'seanet_gated_last_adaptive__sea_mstcn_sep_gated__sea_adaptive_classwise' (id=m-fd7e52a0c9614777bf56e6673bcc88d8) params={'model_size_mb': '1.502', 'n_model_params': '61525', 'name': 'seanet_gated_last_adaptive'}
    [mlflow] logged run 'seanet_gated_last_adaptive_ElectricDevices'  (train_acc=0.9532 val_acc=0.9029 test_acc=0.6991 test_loss=1.0866)
[ 24/129] ElectricDevices              DONE  acc=0.6991 loss=1.0866 AOPCR=  0.458 NDCG=  n/a C=  7 T=   96 (533s)  [23 trained / 0 failed so far]
[ 25/129] FaceAll
    stage 1/3: loading data ...
    stage 2/3: training on 448 series (val=112, C=14, T=131, batch=16) ...
    stage 3/3: scoring on 1690 test series (accuracy + AOPCR) ...
    [mlflow] versioned model 'seanet_gated_last_adaptive__sea_mstcn_sep_gated__sea_adaptive_classwise' (id=m-9386091f961748f0abd97e5bfd6ee79c) params={'model_size_mb': '1.5039', 'n_model_params': '62050', 'name': 'seanet_gated_last_adaptive'}
    [mlflow] logged run 'seanet_gated_last_adaptive_FaceAll'  (train_acc=1.0000 val_acc=0.9732 test_acc=0.8189 test_loss=0.7767)
[ 25/129] FaceAll                      DONE  acc=0.8189 loss=0.7767 AOPCR=  0.729 NDCG=  n/a C= 14 T=  131 (71s)  [24 trained / 0 failed so far]
[ 26/129] FaceFour
    stage 1/3: loading data ...
    stage 2/3: training on 24 series (no val (train-loss early stop), C=4, T=350, batch=2) ...
    stage 3/3: scoring on 88 test series (accuracy + AOPCR) ...
    [mlflow] versioned model 'seanet_gated_last_adaptive__sea_mstcn_sep_gated__sea_adaptive_classwise' (id=m-2c913de204a14eb9b0a654c86bac980e) params={'model_size_mb': '1.5012', 'n_model_params': '61300', 'name': 'seanet_gated_last_adaptive'}
    [mlflow] logged run 'seanet_gated_last_adaptive_FaceFour'  (train_acc=1.0000 test_acc=0.7955 test_loss=0.5208)
[ 26/129] FaceFour                     DONE  acc=0.7955 loss=0.5208 AOPCR=  0.216 NDCG=  n/a C=  4 T=  350 (22s)  [25 trained / 0 failed so far]
[ 27/129] FacesUCR
    stage 1/3: loading data ...
    stage 2/3: training on 165 series (val=35, C=14, T=131, batch=16) ...
    stage 3/3: scoring on 2050 test series (accuracy + AOPCR) ...
    [mlflow] versioned model 'seanet_gated_last_adaptive__sea_mstcn_sep_gated__sea_adaptive_classwise' (id=m-e6369e63a6b34907afcd24e1f82c67eb) params={'model_size_mb': '1.5039', 'n_model_params': '62050', 'name': 'seanet_gated_last_adaptive'}
    [mlflow] logged run 'seanet_gated_last_adaptive_FacesUCR'  (train_acc=1.0000 val_acc=0.9429 test_acc=0.9322 test_loss=0.3440)
[ 27/129] FacesUCR                     DONE  acc=0.9322 loss=0.3440 AOPCR=  0.497 NDCG=  n/a C= 14 T=  131 (13s)  [26 trained / 0 failed so far]
[ 28/129] FiftyWords
    stage 1/3: loading data ...
    stage 2/3: training on 365 series (val=85, C=50, T=270, batch=16) ...
    stage 3/3: scoring on 455 test series (accuracy + AOPCR) ...
    [mlflow] versioned model 'seanet_gated_last_adaptive__sea_mstcn_sep_gated__sea_adaptive_classwise' (id=m-da5727a7500e44439184534568a50b1d) params={'model_size_mb': '1.5144', 'n_model_params': '64750', 'name': 'seanet_gated_last_adaptive'}
    [mlflow] logged run 'seanet_gated_last_adaptive_FiftyWords'  (train_acc=1.0000 val_acc=0.7765 test_acc=0.7912 test_loss=0.9691)
[ 28/129] FiftyWords                   DONE  acc=0.7912 loss=0.9691 AOPCR=  1.557 NDCG=  n/a C= 50 T=  270 (23s)  [27 trained / 0 failed so far]
[ 29/129] Fish
    stage 1/3: loading data ...
    stage 2/3: training on 142 series (val=33, C=7, T=463, batch=14) ...
    stage 3/3: scoring on 175 test series (accuracy + AOPCR) ...
    [mlflow] versioned model 'seanet_gated_last_adaptive__sea_mstcn_sep_gated__sea_adaptive_classwise' (id=m-486a04e91d59407b995bf9964914fc78) params={'model_size_mb': '1.502', 'n_model_params': '61525', 'name': 'seanet_gated_last_adaptive'}
    [mlflow] logged run 'seanet_gated_last_adaptive_Fish'  (train_acc=1.0000 val_acc=0.9697 test_acc=0.9714 test_loss=0.1810)
[ 29/129] Fish                         DONE  acc=0.9714 loss=0.1810 AOPCR=  1.506 NDCG=  n/a C=  7 T=  463 (25s)  [28 trained / 0 failed so far]
[ 30/129] FordA
    stage 1/3: loading data ...
    stage 2/3: training on 2881 series (val=720, C=2, T=500, batch=16) ...
    stage 3/3: scoring on 1320 test series (accuracy + AOPCR) ...
    [mlflow] versioned model 'seanet_gated_last_adaptive__sea_mstcn_sep_gated__sea_adaptive_classwise' (id=m-9289d94990a04a19ade4eda11c9a08bd) params={'model_size_mb': '1.5006', 'n_model_params': '61150', 'name': 'seanet_gated_last_adaptive'}
    [mlflow] logged run 'seanet_gated_last_adaptive_FordA'  (train_acc=0.9934 val_acc=0.9653 test_acc=0.9576 test_loss=0.1460)
[ 30/129] FordA                        DONE  acc=0.9576 loss=0.1460 AOPCR=  0.681 NDCG=  n/a C=  2 T=  500 (101s)  [29 trained / 0 failed so far]
[ 31/129] FordB
    stage 1/3: loading data ...
    stage 2/3: training on 2909 series (val=727, C=2, T=500, batch=16) ...
    stage 3/3: scoring on 810 test series (accuracy + AOPCR) ...
    [mlflow] versioned model 'seanet_gated_last_adaptive__sea_mstcn_sep_gated__sea_adaptive_classwise' (id=m-02f0fb8ae1f545349b0a114a56c9b717) params={'model_size_mb': '1.5006', 'n_model_params': '61150', 'name': 'seanet_gated_last_adaptive'}
    [mlflow] logged run 'seanet_gated_last_adaptive_FordB'  (train_acc=0.9832 val_acc=0.9629 test_acc=0.8407 test_loss=0.3584)
[ 31/129] FordB                        DONE  acc=0.8407 loss=0.3584 AOPCR=  0.473 NDCG=  n/a C=  2 T=  500 (86s)  [30 trained / 0 failed so far]
[ 32/129] GunPoint
    stage 1/3: loading data ...
    stage 2/3: training on 50 series (no val (train-loss early stop), C=2, T=150, batch=5) ...
    stage 3/3: scoring on 150 test series (accuracy + AOPCR) ...
    [mlflow] versioned model 'seanet_gated_last_adaptive__sea_mstcn_sep_gated__sea_adaptive_classwise' (id=m-ad90c423b1a04b499888580d24c0b1b8) params={'model_size_mb': '1.5006', 'n_model_params': '61150', 'name': 'seanet_gated_last_adaptive'}
    [mlflow] logged run 'seanet_gated_last_adaptive_GunPoint'  (train_acc=1.0000 test_acc=0.9933 test_loss=0.0906)
[ 32/129] GunPoint                     DONE  acc=0.9933 loss=0.0906 AOPCR=  0.563 NDCG=  n/a C=  2 T=  150 (15s)  [31 trained / 0 failed so far]
[ 33/129] Ham
    stage 1/3: loading data ...
    stage 2/3: training on 88 series (val=21, C=2, T=431, batch=8) ...
    stage 3/3: scoring on 105 test series (accuracy + AOPCR) ...
    [mlflow] versioned model 'seanet_gated_last_adaptive__sea_mstcn_sep_gated__sea_adaptive_classwise' (id=m-50424be6fbe24fd18fdf35c8bfb523fd) params={'model_size_mb': '1.5006', 'n_model_params': '61150', 'name': 'seanet_gated_last_adaptive'}
    [mlflow] logged run 'seanet_gated_last_adaptive_Ham'  (train_acc=1.0000 val_acc=0.9048 test_acc=0.7143 test_loss=0.5678)
[ 33/129] Ham                          DONE  acc=0.7143 loss=0.5678 AOPCR=  0.738 NDCG=  n/a C=  2 T=  431 (14s)  [32 trained / 0 failed so far]
[ 34/129] HandOutlines
    stage 1/3: loading data ...
    stage 2/3: training on 801 series (val=199, C=2, T=2709, batch=16) ...
    stage 3/3: scoring on 370 test series (accuracy + AOPCR) ...
    [mlflow] versioned model 'seanet_gated_last_adaptive__sea_mstcn_sep_gated__sea_adaptive_classwise' (id=m-8806df9c716d4675bf38430b805d70f1) params={'model_size_mb': '1.5006', 'n_model_params': '61150', 'name': 'seanet_gated_last_adaptive'}
    [mlflow] logged run 'seanet_gated_last_adaptive_HandOutlines'  (train_acc=0.9788 val_acc=0.9347 test_acc=0.9378 test_loss=0.2059)
[ 34/129] HandOutlines                 DONE  acc=0.9378 loss=0.2059 AOPCR= -0.098 NDCG=  n/a C=  2 T= 2709 (101s)  [33 trained / 0 failed so far]
[ 35/129] Haptics
    stage 1/3: loading data ...
    stage 2/3: training on 127 series (val=28, C=5, T=1092, batch=12) ...
    stage 3/3: scoring on 308 test series (accuracy + AOPCR) ...
    [mlflow] versioned model 'seanet_gated_last_adaptive__sea_mstcn_sep_gated__sea_adaptive_classwise' (id=m-b7e7faf72fed4903bd2fa619285dc52f) params={'model_size_mb': '1.5014', 'n_model_params': '61375', 'name': 'seanet_gated_last_adaptive'}
    [mlflow] logged run 'seanet_gated_last_adaptive_Haptics'  (train_acc=0.5197 val_acc=0.6429 test_acc=0.4156 test_loss=1.4695)
[ 35/129] Haptics                      DONE  acc=0.4156 loss=1.4695 AOPCR=  1.098 NDCG=  n/a C=  5 T= 1092 (5s)  [34 trained / 0 failed so far]
[ 36/129] Herring
    stage 1/3: loading data ...
    stage 2/3: training on 64 series (no val (train-loss early stop), C=2, T=512, batch=6) ...
    stage 3/3: scoring on 64 test series (accuracy + AOPCR) ...
    [mlflow] versioned model 'seanet_gated_last_adaptive__sea_mstcn_sep_gated__sea_adaptive_classwise' (id=m-d23aa2f642784e208ca84949fde05a56) params={'model_size_mb': '1.5006', 'n_model_params': '61150', 'name': 'seanet_gated_last_adaptive'}
    [mlflow] logged run 'seanet_gated_last_adaptive_Herring'  (train_acc=1.0000 test_acc=0.6406 test_loss=0.9853)
[ 36/129] Herring                      DONE  acc=0.6406 loss=0.9853 AOPCR=  1.177 NDCG=  n/a C=  2 T=  512 (24s)  [35 trained / 0 failed so far]
[ 37/129] InlineSkate
    stage 1/3: loading data ...
    stage 2/3: training on 84 series (val=16, C=7, T=1882, batch=8) ...
    stage 3/3: scoring on 550 test series (accuracy + AOPCR) ...
    [mlflow] versioned model 'seanet_gated_last_adaptive__sea_mstcn_sep_gated__sea_adaptive_classwise' (id=m-cf2f3f6f139a44998c4d423ddba5aa92) params={'model_size_mb': '1.502', 'n_model_params': '61525', 'name': 'seanet_gated_last_adaptive'}
    [mlflow] logged run 'seanet_gated_last_adaptive_InlineSkate'  (train_acc=0.7024 val_acc=0.3125 test_acc=0.2473 test_loss=2.0856)
[ 37/129] InlineSkate                  DONE  acc=0.2473 loss=2.0856 AOPCR=  2.378 NDCG=  n/a C=  7 T= 1882 (7s)  [36 trained / 0 failed so far]
[ 38/129] InsectWingbeatSound
    stage 1/3: loading data ...
    stage 2/3: training on 176 series (val=44, C=11, T=256, batch=16) ...
    stage 3/3: scoring on 1980 test series (accuracy + AOPCR) ...
    [mlflow] versioned model 'seanet_gated_last_adaptive__sea_mstcn_sep_gated__sea_adaptive_classwise' (id=m-0345ae8823fb43a888aaa525f1741695) params={'model_size_mb': '1.5031', 'n_model_params': '61825', 'name': 'seanet_gated_last_adaptive'}
    [mlflow] logged run 'seanet_gated_last_adaptive_InsectWingbeatSound'  (train_acc=0.7557 val_acc=0.5455 test_acc=0.5909 test_loss=1.0976)
[ 38/129] InsectWingbeatSound          DONE  acc=0.5909 loss=1.0976 AOPCR=  0.802 NDCG=  n/a C= 11 T=  256 (5s)  [37 trained / 0 failed so far]
[ 39/129] ItalyPowerDemand
    stage 1/3: loading data ...
    stage 2/3: training on 67 series (no val (train-loss early stop), C=2, T=24, batch=6) ...
    stage 3/3: scoring on 1029 test series (accuracy + AOPCR) ...
    [mlflow] versioned model 'seanet_gated_last_adaptive__sea_mstcn_sep_gated__sea_adaptive_classwise' (id=m-ac8619b70e7348ec8e876455204d3acc) params={'model_size_mb': '1.5006', 'n_model_params': '61150', 'name': 'seanet_gated_last_adaptive'}
    [mlflow] logged run 'seanet_gated_last_adaptive_ItalyPowerDemand'  (train_acc=1.0000 test_acc=0.9650 test_loss=0.1474)
[ 39/129] ItalyPowerDemand             DONE  acc=0.9650 loss=0.1474 AOPCR= -0.184 NDCG=  n/a C=  2 T=   24 (28s)  [38 trained / 0 failed so far]
[ 40/129] LargeKitchenAppliances
    stage 1/3: loading data ...
    stage 2/3: training on 300 series (val=75, C=3, T=720, batch=16) ...
    stage 3/3: scoring on 375 test series (accuracy + AOPCR) ...
    [mlflow] versioned model 'seanet_gated_last_adaptive__sea_mstcn_sep_gated__sea_adaptive_classwise' (id=m-c45fb78cbb1c42ac9513d5f9614d9fa9) params={'model_size_mb': '1.5009', 'n_model_params': '61225', 'name': 'seanet_gated_last_adaptive'}
    [mlflow] logged run 'seanet_gated_last_adaptive_LargeKitchenAppliances'  (train_acc=0.9967 val_acc=0.9867 test_acc=0.8933 test_loss=0.3625)
[ 40/129] LargeKitchenAppliances       DONE  acc=0.8933 loss=0.3625 AOPCR=  0.988 NDCG=  n/a C=  3 T=  720 (32s)  [39 trained / 0 failed so far]
[ 41/129] Lightning2
    stage 1/3: loading data ...
    stage 2/3: training on 60 series (no val (train-loss early stop), C=2, T=637, batch=6) ...
    stage 3/3: scoring on 61 test series (accuracy + AOPCR) ...
    [mlflow] versioned model 'seanet_gated_last_adaptive__sea_mstcn_sep_gated__sea_adaptive_classwise' (id=m-9b62bfc17e554cbe8ed16c4e3ae30987) params={'model_size_mb': '1.5006', 'n_model_params': '61150', 'name': 'seanet_gated_last_adaptive'}
    [mlflow] logged run 'seanet_gated_last_adaptive_Lightning2'  (train_acc=1.0000 test_acc=0.8689 test_loss=0.4735)
[ 41/129] Lightning2                   DONE  acc=0.8689 loss=0.4735 AOPCR=  1.016 NDCG=  n/a C=  2 T=  637 (10s)  [40 trained / 0 failed so far]
[ 42/129] Lightning7
    stage 1/3: loading data ...
    stage 2/3: training on 70 series (no val (train-loss early stop), C=7, T=319, batch=7) ...
    stage 3/3: scoring on 73 test series (accuracy + AOPCR) ...
    [mlflow] versioned model 'seanet_gated_last_adaptive__sea_mstcn_sep_gated__sea_adaptive_classwise' (id=m-3943bffcd0414465ac8d8cc194fb81e6) params={'model_size_mb': '1.502', 'n_model_params': '61525', 'name': 'seanet_gated_last_adaptive'}
    [mlflow] logged run 'seanet_gated_last_adaptive_Lightning7'  (train_acc=1.0000 test_acc=0.8082 test_loss=0.6374)
[ 42/129] Lightning7                   DONE  acc=0.8082 loss=0.6374 AOPCR=  0.674 NDCG=  n/a C=  7 T=  319 (25s)  [41 trained / 0 failed so far]
[ 43/129] Mallat
    stage 1/3: loading data ...
    stage 2/3: training on 55 series (no val (train-loss early stop), C=8, T=1024, batch=5) ...
    stage 3/3: scoring on 2345 test series (accuracy + AOPCR) ...
    [mlflow] versioned model 'seanet_gated_last_adaptive__sea_mstcn_sep_gated__sea_adaptive_classwise' (id=m-4523bc229218486384714c7854e568a0) params={'model_size_mb': '1.5023', 'n_model_params': '61600', 'name': 'seanet_gated_last_adaptive'}
    [mlflow] logged run 'seanet_gated_last_adaptive_Mallat'  (train_acc=1.0000 test_acc=0.8299 test_loss=0.6494)
[ 43/129] Mallat                       DONE  acc=0.8299 loss=0.6494 AOPCR=  2.343 NDCG=  n/a C=  8 T= 1024 (30s)  [42 trained / 0 failed so far]
[ 44/129] Meat
    stage 1/3: loading data ...
    stage 2/3: training on 60 series (no val (train-loss early stop), C=3, T=448, batch=6) ...
    stage 3/3: scoring on 60 test series (accuracy + AOPCR) ...
    [mlflow] versioned model 'seanet_gated_last_adaptive__sea_mstcn_sep_gated__sea_adaptive_classwise' (id=m-0b1a9ae3b67f4cf1ba0ee844bea1abb0) params={'model_size_mb': '1.5009', 'n_model_params': '61225', 'name': 'seanet_gated_last_adaptive'}
    [mlflow] logged run 'seanet_gated_last_adaptive_Meat'  (train_acc=1.0000 test_acc=0.9167 test_loss=0.2885)
[ 44/129] Meat                         DONE  acc=0.9167 loss=0.2885 AOPCR=  1.168 NDCG=  n/a C=  3 T=  448 (28s)  [43 trained / 0 failed so far]
[ 45/129] MedicalImages
    stage 1/3: loading data ...
    stage 2/3: training on 307 series (val=74, C=10, T=99, batch=16) ...
    stage 3/3: scoring on 760 test series (accuracy + AOPCR) ...
    [mlflow] versioned model 'seanet_gated_last_adaptive__sea_mstcn_sep_gated__sea_adaptive_classwise' (id=m-35888afcfe5b48e9843581e46dc93c0d) params={'model_size_mb': '1.5028', 'n_model_params': '61750', 'name': 'seanet_gated_last_adaptive'}
    [mlflow] logged run 'seanet_gated_last_adaptive_MedicalImages'  (train_acc=0.9088 val_acc=0.7297 test_acc=0.7066 test_loss=0.7870)
[ 45/129] MedicalImages                DONE  acc=0.7066 loss=0.7870 AOPCR=  0.314 NDCG=  n/a C= 10 T=   99 (14s)  [44 trained / 0 failed so far]
[ 46/129] MiddlePhalanxOutlineAgeGroup
    stage 1/3: loading data ...
    stage 2/3: training on 321 series (val=79, C=3, T=80, batch=16) ...
    stage 3/3: scoring on 154 test series (accuracy + AOPCR) ...
    [mlflow] versioned model 'seanet_gated_last_adaptive__sea_mstcn_sep_gated__sea_adaptive_classwise' (id=m-ac84e9324835465e8c54864b22f6c280) params={'model_size_mb': '1.5009', 'n_model_params': '61225', 'name': 'seanet_gated_last_adaptive'}
    [mlflow] logged run 'seanet_gated_last_adaptive_MiddlePhalanxOutlineAgeGroup'  (train_acc=0.8162 val_acc=0.8101 test_acc=0.6104 test_loss=0.9398)
[ 46/129] MiddlePhalanxOutlineAgeGroup DONE  acc=0.6104 loss=0.9398 AOPCR= -0.033 NDCG=  n/a C=  3 T=   80 (15s)  [45 trained / 0 failed so far]
[ 47/129] MiddlePhalanxOutlineCorrect
    stage 1/3: loading data ...
    stage 2/3: training on 481 series (val=119, C=2, T=80, batch=16) ...
    stage 3/3: scoring on 291 test series (accuracy + AOPCR) ...
    [mlflow] versioned model 'seanet_gated_last_adaptive__sea_mstcn_sep_gated__sea_adaptive_classwise' (id=m-bdb73afbad4f440e811274a13add2e78) params={'model_size_mb': '1.5006', 'n_model_params': '61150', 'name': 'seanet_gated_last_adaptive'}
    [mlflow] logged run 'seanet_gated_last_adaptive_MiddlePhalanxOutlineCorrect'  (train_acc=0.8773 val_acc=0.8739 test_acc=0.8110 test_loss=0.4146)
[ 47/129] MiddlePhalanxOutlineCorrect  DONE  acc=0.8110 loss=0.4146 AOPCR=  0.471 NDCG=  n/a C=  2 T=   80 (20s)  [46 trained / 0 failed so far]
[ 48/129] MiddlePhalanxTW
    stage 1/3: loading data ...
    stage 2/3: training on 321 series (val=78, C=6, T=80, batch=16) ...
    stage 3/3: scoring on 154 test series (accuracy + AOPCR) ...
    [mlflow] versioned model 'seanet_gated_last_adaptive__sea_mstcn_sep_gated__sea_adaptive_classwise' (id=m-b55452cb647f4f8c8f8de724a5eda84b) params={'model_size_mb': '1.5017', 'n_model_params': '61450', 'name': 'seanet_gated_last_adaptive'}
    [mlflow] logged run 'seanet_gated_last_adaptive_MiddlePhalanxTW'  (train_acc=0.6916 val_acc=0.6282 test_acc=0.5714 test_loss=1.0956)
[ 48/129] MiddlePhalanxTW              DONE  acc=0.5714 loss=1.0956 AOPCR= -0.093 NDCG=  n/a C=  6 T=   80 (20s)  [47 trained / 0 failed so far]
[ 49/129] MoteStrain
    stage 1/3: loading data ...
    stage 2/3: training on 20 series (no val (train-loss early stop), C=2, T=84, batch=2) ...
    stage 3/3: scoring on 1252 test series (accuracy + AOPCR) ...
    [mlflow] versioned model 'seanet_gated_last_adaptive__sea_mstcn_sep_gated__sea_adaptive_classwise' (id=m-1fbd3420d61f48218464fbfc5659b1a9) params={'model_size_mb': '1.5006', 'n_model_params': '61150', 'name': 'seanet_gated_last_adaptive'}
    [mlflow] logged run 'seanet_gated_last_adaptive_MoteStrain'  (train_acc=1.0000 test_acc=0.8546 test_loss=0.3309)
[ 49/129] MoteStrain                   DONE  acc=0.8546 loss=0.3309 AOPCR=  0.409 NDCG=  n/a C=  2 T=   84 (11s)  [48 trained / 0 failed so far]
[ 50/129] NonInvasiveFetalECGThorax1
    stage 1/3: loading data ...
    stage 2/3: training on 1452 series (val=348, C=42, T=750, batch=16) ...
    stage 3/3: scoring on 1965 test series (accuracy + AOPCR) ...
    [mlflow] versioned model 'seanet_gated_last_adaptive__sea_mstcn_sep_gated__sea_adaptive_classwise' (id=m-c449139aaf694fbd853b09c705613bc8) params={'model_size_mb': '1.512', 'n_model_params': '64150', 'name': 'seanet_gated_last_adaptive'}
    [mlflow] logged run 'seanet_gated_last_adaptive_NonInvasiveFetalECGThorax1'  (train_acc=0.9883 val_acc=0.9167 test_acc=0.9150 test_loss=0.4180)
[ 50/129] NonInvasiveFetalECGThorax1   DONE  acc=0.9150 loss=0.4180 AOPCR=  1.311 NDCG=  n/a C= 42 T=  750 (156s)  [49 trained / 0 failed so far]
[ 51/129] NonInvasiveFetalECGThorax2
    stage 1/3: loading data ...
    stage 2/3: training on 1452 series (val=348, C=42, T=750, batch=16) ...
    stage 3/3: scoring on 1965 test series (accuracy + AOPCR) ...
    [mlflow] versioned model 'seanet_gated_last_adaptive__sea_mstcn_sep_gated__sea_adaptive_classwise' (id=m-b6fa018ac16b4de6ba847fd7013c80b7) params={'model_size_mb': '1.512', 'n_model_params': '64150', 'name': 'seanet_gated_last_adaptive'}
    [mlflow] logged run 'seanet_gated_last_adaptive_NonInvasiveFetalECGThorax2'  (train_acc=0.9917 val_acc=0.9540 test_acc=0.9338 test_loss=0.3429)
[ 51/129] NonInvasiveFetalECGThorax2   DONE  acc=0.9338 loss=0.3429 AOPCR=  1.419 NDCG=  n/a C= 42 T=  750 (152s)  [50 trained / 0 failed so far]
[ 52/129] OliveOil
    stage 1/3: loading data ...
    stage 2/3: training on 30 series (no val (train-loss early stop), C=4, T=570, batch=3) ...
    stage 3/3: scoring on 30 test series (accuracy + AOPCR) ...
    [mlflow] versioned model 'seanet_gated_last_adaptive__sea_mstcn_sep_gated__sea_adaptive_classwise' (id=m-86e4db9e5a6642948c4f2f70ba82aa49) params={'model_size_mb': '1.5012', 'n_model_params': '61300', 'name': 'seanet_gated_last_adaptive'}
    [mlflow] logged run 'seanet_gated_last_adaptive_OliveOil'  (train_acc=0.8000 test_acc=0.5000 test_loss=0.8959)
[ 52/129] OliveOil                     DONE  acc=0.5000 loss=0.8959 AOPCR=  0.706 NDCG=  n/a C=  4 T=  570 (27s)  [51 trained / 0 failed so far]
[ 53/129] OSULeaf
    stage 1/3: loading data ...
    stage 2/3: training on 163 series (val=37, C=6, T=427, batch=16) ...
    stage 3/3: scoring on 242 test series (accuracy + AOPCR) ...
    [mlflow] versioned model 'seanet_gated_last_adaptive__sea_mstcn_sep_gated__sea_adaptive_classwise' (id=m-e5100edcbf6f4db7bcf1a39019dd1839) params={'model_size_mb': '1.5017', 'n_model_params': '61450', 'name': 'seanet_gated_last_adaptive'}
    [mlflow] logged run 'seanet_gated_last_adaptive_OSULeaf'  (train_acc=1.0000 val_acc=0.9459 test_acc=0.8719 test_loss=0.5080)
[ 53/129] OSULeaf                      DONE  acc=0.8719 loss=0.5080 AOPCR=  0.821 NDCG=  n/a C=  6 T=  427 (23s)  [52 trained / 0 failed so far]
[ 54/129] PhalangesOutlinesCorrect
    stage 1/3: loading data ...
    stage 2/3: training on 1441 series (val=359, C=2, T=80, batch=16) ...
    stage 3/3: scoring on 858 test series (accuracy + AOPCR) ...
    [mlflow] versioned model 'seanet_gated_last_adaptive__sea_mstcn_sep_gated__sea_adaptive_classwise' (id=m-07cdc87806fd446f9eb922803ac9ac34) params={'model_size_mb': '1.5006', 'n_model_params': '61150', 'name': 'seanet_gated_last_adaptive'}
    [mlflow] logged run 'seanet_gated_last_adaptive_PhalangesOutlinesCorrect'  (train_acc=0.9306 val_acc=0.8719 test_acc=0.8275 test_loss=0.3957)
[ 54/129] PhalangesOutlinesCorrect     DONE  acc=0.8275 loss=0.3957 AOPCR=  0.525 NDCG=  n/a C=  2 T=   80 (83s)  [53 trained / 0 failed so far]
[ 55/129] Phoneme
    stage 1/3: loading data ...
    stage 2/3: training on 171 series (val=43, C=39, T=1024, batch=16) ...
    stage 3/3: scoring on 1896 test series (accuracy + AOPCR) ...
    [mlflow] versioned model 'seanet_gated_last_adaptive__sea_mstcn_sep_gated__sea_adaptive_classwise' (id=m-e1c60093a925498aa0a16b6e9e99bf9a) params={'model_size_mb': '1.5111', 'n_model_params': '63925', 'name': 'seanet_gated_last_adaptive'}
    [mlflow] logged run 'seanet_gated_last_adaptive_Phoneme'  (train_acc=0.5205 val_acc=0.2558 test_acc=0.2363 test_loss=2.8262)
[ 55/129] Phoneme                      DONE  acc=0.2363 loss=2.8262 AOPCR=  0.858 NDCG=  n/a C= 39 T= 1024 (6s)  [54 trained / 0 failed so far]
[ 56/129] Plane
    stage 1/3: loading data ...
    stage 2/3: training on 87 series (val=18, C=7, T=144, batch=8) ...
    stage 3/3: scoring on 105 test series (accuracy + AOPCR) ...
    [mlflow] versioned model 'seanet_gated_last_adaptive__sea_mstcn_sep_gated__sea_adaptive_classwise' (id=m-1324988306cc4f5d94dee090dea47994) params={'model_size_mb': '1.502', 'n_model_params': '61525', 'name': 'seanet_gated_last_adaptive'}
    [mlflow] logged run 'seanet_gated_last_adaptive_Plane'  (train_acc=1.0000 val_acc=1.0000 test_acc=1.0000 test_loss=0.0944)
[ 56/129] Plane                        DONE  acc=1.0000 loss=0.0944 AOPCR=  0.938 NDCG=  n/a C=  7 T=  144 (9s)  [55 trained / 0 failed so far]
[ 57/129] ProximalPhalanxOutlineAgeGroup
    stage 1/3: loading data ...
    stage 2/3: training on 322 series (val=78, C=3, T=80, batch=16) ...
    stage 3/3: scoring on 205 test series (accuracy + AOPCR) ...
    [mlflow] versioned model 'seanet_gated_last_adaptive__sea_mstcn_sep_gated__sea_adaptive_classwise' (id=m-0d4966cc5dc74b61b0a2a467e9a0b995) params={'model_size_mb': '1.5009', 'n_model_params': '61225', 'name': 'seanet_gated_last_adaptive'}
    [mlflow] logged run 'seanet_gated_last_adaptive_ProximalPhalanxOutlineAgeGroup'  (train_acc=0.8758 val_acc=0.8205 test_acc=0.8244 test_loss=0.4495)
[ 57/129] ProximalPhalanxOutlineAgeGroup DONE  acc=0.8244 loss=0.4495 AOPCR= -0.325 NDCG=  n/a C=  3 T=   80 (24s)  [56 trained / 0 failed so far]
[ 58/129] ProximalPhalanxOutlineCorrect
    stage 1/3: loading data ...
    stage 2/3: training on 481 series (val=119, C=2, T=80, batch=16) ...
    stage 3/3: scoring on 291 test series (accuracy + AOPCR) ...
    [mlflow] versioned model 'seanet_gated_last_adaptive__sea_mstcn_sep_gated__sea_adaptive_classwise' (id=m-f5dd026481d34b8098e83ace9661efd0) params={'model_size_mb': '1.5006', 'n_model_params': '61150', 'name': 'seanet_gated_last_adaptive'}
    [mlflow] logged run 'seanet_gated_last_adaptive_ProximalPhalanxOutlineCorrect'  (train_acc=0.9647 val_acc=0.8992 test_acc=0.8969 test_loss=0.2712)
[ 58/129] ProximalPhalanxOutlineCorrect DONE  acc=0.8969 loss=0.2712 AOPCR= -0.627 NDCG=  n/a C=  2 T=   80 (52s)  [57 trained / 0 failed so far]
[ 59/129] ProximalPhalanxTW
    stage 1/3: loading data ...
    stage 2/3: training on 322 series (val=78, C=6, T=80, batch=16) ...
    stage 3/3: scoring on 205 test series (accuracy + AOPCR) ...
    [mlflow] versioned model 'seanet_gated_last_adaptive__sea_mstcn_sep_gated__sea_adaptive_classwise' (id=m-2116cd6cdc8247f086222ca71155fcb8) params={'model_size_mb': '1.5017', 'n_model_params': '61450', 'name': 'seanet_gated_last_adaptive'}
    [mlflow] logged run 'seanet_gated_last_adaptive_ProximalPhalanxTW'  (train_acc=0.9596 val_acc=0.8590 test_acc=0.7854 test_loss=0.6284)
[ 59/129] ProximalPhalanxTW            DONE  acc=0.7854 loss=0.6284 AOPCR= -0.344 NDCG=  n/a C=  6 T=   80 (33s)  [58 trained / 0 failed so far]
[ 60/129] RefrigerationDevices
    stage 1/3: loading data ...
    stage 2/3: training on 300 series (val=75, C=3, T=720, batch=16) ...
    stage 3/3: scoring on 375 test series (accuracy + AOPCR) ...
    [mlflow] versioned model 'seanet_gated_last_adaptive__sea_mstcn_sep_gated__sea_adaptive_classwise' (id=m-a48ec4bd1c1f4d6a8959020e404bf119) params={'model_size_mb': '1.5009', 'n_model_params': '61225', 'name': 'seanet_gated_last_adaptive'}
    [mlflow] logged run 'seanet_gated_last_adaptive_RefrigerationDevices'  (train_acc=0.8933 val_acc=0.6800 test_acc=0.4907 test_loss=1.4585)
[ 60/129] RefrigerationDevices         DONE  acc=0.4907 loss=1.4585 AOPCR=  0.227 NDCG=  n/a C=  3 T=  720 (8s)  [59 trained / 0 failed so far]
[ 61/129] ScreenType
    stage 1/3: loading data ...
    stage 2/3: training on 300 series (val=75, C=3, T=720, batch=16) ...
    stage 3/3: scoring on 375 test series (accuracy + AOPCR) ...
    [mlflow] versioned model 'seanet_gated_last_adaptive__sea_mstcn_sep_gated__sea_adaptive_classwise' (id=m-b72a022985e94c4da63d321502619a74) params={'model_size_mb': '1.5009', 'n_model_params': '61225', 'name': 'seanet_gated_last_adaptive'}
    [mlflow] logged run 'seanet_gated_last_adaptive_ScreenType'  (train_acc=0.7433 val_acc=0.5067 test_acc=0.4267 test_loss=1.1759)
[ 61/129] ScreenType                   DONE  acc=0.4267 loss=1.1759 AOPCR=  0.729 NDCG=  n/a C=  3 T=  720 (10s)  [60 trained / 0 failed so far]
[ 62/129] ShapeletSim
    stage 1/3: loading data ...
    stage 2/3: training on 20 series (no val (train-loss early stop), C=2, T=500, batch=2) ...
