[log] command 'train' started at 2026-08-12_06-56-23 for model 'millet_paper__mil_inceptiontime__mil_conjunctive'
[log] a copy of everything below is being saved to: results/SEA_NET/millet_paper__mil_inceptiontime__mil_conjunctive/logs/train_2026-08-12_06-56-23.log

=== train: model=millet_paper__mil_inceptiontime__mil_conjunctive (config sv1/millet_paper) device=cuda mode=full datasets=129 ===
[params] using DEFAULT recipe (no Optuna record yet - run 'python main.py optuna --model sv1/millet_paper').
  results  -> results/SEA_NET/millet_paper__mil_inceptiontime__mil_conjunctive/results.csv
  resume   -> results/SEA_NET/millet_paper__mil_inceptiontime__mil_conjunctive/done_train_dataset.txt  (delete it to retrain everything; delete one line to retrain that dataset)

  [mlflow] logging runs to experiment 'SEA-Net_millet_paper__mil_inceptiontime__mil_conjunctive_2026-08-12' at sqlite:///mlflow.db
  [mlflow] browse later with:  mlflow ui --backend-store-uri sqlite:///mlflow.db
[  1/129] WebTraffic                   already done -> skip
[  2/129] Adiac                        already done -> skip
[  3/129] ArrowHead                    already done -> skip
[  4/129] Beef                         already done -> skip
[  5/129] BeetleFly                    already done -> skip
[  6/129] BirdChicken                  already done -> skip
[  7/129] Car                          already done -> skip
[  8/129] CBF                          already done -> skip
[  9/129] ChlorineConcentration        already done -> skip
[ 10/129] CinCECGTorso                 already done -> skip
[ 11/129] Coffee                       already done -> skip
[ 12/129] Computers                    already done -> skip
[ 13/129] CricketX                     already done -> skip
[ 14/129] CricketY                     already done -> skip
[ 15/129] CricketZ                     already done -> skip
[ 16/129] DiatomSizeReduction          already done -> skip
[ 17/129] DistalPhalanxOutlineAgeGroup already done -> skip
[ 18/129] DistalPhalanxOutlineCorrect  already done -> skip
[ 19/129] DistalPhalanxTW              already done -> skip
[ 20/129] Earthquakes                  already done -> skip
[ 21/129] ECG200                       already done -> skip
[ 22/129] ECG5000                      already done -> skip
[ 23/129] ECGFiveDays                  already done -> skip
[ 24/129] ElectricDevices              already done -> skip
[ 25/129] FaceAll                      already done -> skip
[ 26/129] FaceFour                     already done -> skip
[ 27/129] FacesUCR                     already done -> skip
[ 28/129] FiftyWords                   already done -> skip
[ 29/129] Fish                         already done -> skip
[ 30/129] FordA                        already done -> skip
[ 31/129] FordB                        already done -> skip
[ 32/129] GunPoint                     already done -> skip
[ 33/129] Ham                          already done -> skip
[ 34/129] HandOutlines                 already done -> skip
[ 35/129] Haptics                      already done -> skip
[ 36/129] Herring                      already done -> skip
[ 37/129] InlineSkate                  already done -> skip
[ 38/129] InsectWingbeatSound          already done -> skip
[ 39/129] ItalyPowerDemand
    stage 1/3: loading data ...
    stage 2/3: training on 67 series (no val (train-loss early stop), C=2, T=24, batch=6) ...
    stage 3/3: scoring on 1029 test series (accuracy + AOPCR) ...
[ 39/129] ItalyPowerDemand             FAILED: RuntimeError: a Tensor with 16 elements cannot be converted to Scalar
[ 40/129] LargeKitchenAppliances       already done -> skip
[ 41/129] Lightning2                   already done -> skip
[ 42/129] Lightning7                   already done -> skip
[ 43/129] Mallat                       already done -> skip
[ 44/129] Meat                         already done -> skip
[ 45/129] MedicalImages                already done -> skip
[ 46/129] MiddlePhalanxOutlineAgeGroup already done -> skip
[ 47/129] MiddlePhalanxOutlineCorrect  already done -> skip
[ 48/129] MiddlePhalanxTW              already done -> skip
[ 49/129] MoteStrain                   already done -> skip
[ 50/129] NonInvasiveFetalECGThorax1   already done -> skip
[ 51/129] NonInvasiveFetalECGThorax2   already done -> skip
[ 52/129] OliveOil                     already done -> skip
[ 53/129] OSULeaf                      already done -> skip
[ 54/129] PhalangesOutlinesCorrect     already done -> skip
[ 55/129] Phoneme                      already done -> skip
[ 56/129] Plane                        already done -> skip
[ 57/129] ProximalPhalanxOutlineAgeGroup already done -> skip
[ 58/129] ProximalPhalanxOutlineCorrect already done -> skip
[ 59/129] ProximalPhalanxTW            already done -> skip
[ 60/129] RefrigerationDevices         already done -> skip
[ 61/129] ScreenType                   already done -> skip
[ 62/129] ShapeletSim                  already done -> skip
[ 63/129] ShapesAll                    already done -> skip
[ 64/129] SmallKitchenAppliances       already done -> skip
[ 65/129] SonyAIBORobotSurface1        already done -> skip
[ 66/129] SonyAIBORobotSurface2        already done -> skip
[ 67/129] StarLightCurves              already done -> skip
[ 68/129] Strawberry                   already done -> skip
[ 69/129] SwedishLeaf                  already done -> skip
[ 70/129] Symbols                      already done -> skip
[ 71/129] SyntheticControl             already done -> skip
[ 72/129] ToeSegmentation1             already done -> skip
[ 73/129] ToeSegmentation2             already done -> skip
[ 74/129] Trace                        already done -> skip
[ 75/129] TwoLeadECG                   already done -> skip
[ 76/129] TwoPatterns                  already done -> skip
[ 77/129] UWaveGestureLibraryAll       already done -> skip
[ 78/129] UWaveGestureLibraryX         already done -> skip
[ 79/129] UWaveGestureLibraryY         already done -> skip
[ 80/129] UWaveGestureLibraryZ         already done -> skip
[ 81/129] Wafer                        already done -> skip
[ 82/129] Wine                         already done -> skip
[ 83/129] WordSynonyms                 already done -> skip
[ 84/129] Worms                        already done -> skip
[ 85/129] WormsTwoClass                already done -> skip
[ 86/129] Yoga                         already done -> skip
[ 87/129] ACSF1                        already done -> skip
[ 88/129] AllGestureWiimoteX           already done -> skip
[ 89/129] AllGestureWiimoteY           already done -> skip
[ 90/129] AllGestureWiimoteZ           already done -> skip
[ 91/129] BME                          already done -> skip
[ 92/129] Chinatown
    stage 1/3: loading data ...
    stage 2/3: training on 20 series (no val (train-loss early stop), C=2, T=24, batch=2) ...
    stage 3/3: scoring on 343 test series (accuracy + AOPCR) ...
[ 92/129] Chinatown                    FAILED: RuntimeError: a Tensor with 16 elements cannot be converted to Scalar
[ 93/129] Crop                         already done -> skip
[ 94/129] DodgerLoopDay                already done -> skip
[ 95/129] DodgerLoopGame               already done -> skip
[ 96/129] DodgerLoopWeekend            already done -> skip
[ 97/129] EOGHorizontalSignal          already done -> skip
[ 98/129] EOGVerticalSignal            already done -> skip
[ 99/129] EthanolLevel                 already done -> skip
[100/129] FreezerRegularTrain          already done -> skip
[101/129] FreezerSmallTrain            already done -> skip
[102/129] Fungi                        already done -> skip
[103/129] GestureMidAirD1              already done -> skip
[104/129] GestureMidAirD2
    stage 1/3: loading data ...
    stage 2/3: training on 208 series (no val (train-loss early stop), C=26, T=360, batch=16) ...
    stage 3/3: scoring on 130 test series (accuracy + AOPCR) ...
    [mlflow] versioned model 'millet_paper__mil_inceptiontime__mil_conjunctive' (id=m-9a29fdd1681c472f81866c06be4bc3df) params={'model_size_mb': '4.1177', 'n_model_params': '425771', 'name': 'millet_paper'}
    [mlflow] logged run 'millet_paper_GestureMidAirD2'  (train_acc=1.0000 test_acc=0.7000 test_loss=2.0162)
[104/129] GestureMidAirD2              DONE  acc=0.7000 loss=2.0162 AOPCR=  3.750 NDCG=  n/a C= 26 T=  360 (281s)  [1 trained / 2 failed so far]
[105/129] GestureMidAirD3
    stage 1/3: loading data ...
    stage 2/3: training on 208 series (no val (train-loss early stop), C=26, T=360, batch=16) ...
    stage 3/3: scoring on 130 test series (accuracy + AOPCR) ...
    [mlflow] versioned model 'millet_paper__mil_inceptiontime__mil_conjunctive' (id=m-1dbebe5dccaa44768b75ae00edbe40b4) params={'model_size_mb': '4.1177', 'n_model_params': '425771', 'name': 'millet_paper'}
    [mlflow] logged run 'millet_paper_GestureMidAirD3'  (train_acc=1.0000 test_acc=0.3846 test_loss=4.4229)
[105/129] GestureMidAirD3              DONE  acc=0.3846 loss=4.4229 AOPCR=  4.548 NDCG=  n/a C= 26 T=  360 (283s)  [2 trained / 2 failed so far]
[106/129] GesturePebbleZ1
    stage 1/3: loading data ...
    stage 2/3: training on 132 series (no val (train-loss early stop), C=6, T=455, batch=13) ...
    stage 3/3: scoring on 172 test series (accuracy + AOPCR) ...
    [mlflow] versioned model 'millet_paper__mil_inceptiontime__mil_conjunctive' (id=m-5f6acb84ae9e4a48b2137132551a7702) params={'model_size_mb': '4.1078', 'n_model_params': '423191', 'name': 'millet_paper'}
    [mlflow] logged run 'millet_paper_GesturePebbleZ1'  (train_acc=1.0000 test_acc=0.9128 test_loss=0.4091)
[106/129] GesturePebbleZ1              DONE  acc=0.9128 loss=0.4091 AOPCR=  5.027 NDCG=  n/a C=  6 T=  455 (215s)  [3 trained / 2 failed so far]
[107/129] GesturePebbleZ2
    stage 1/3: loading data ...
    stage 2/3: training on 146 series (no val (train-loss early stop), C=6, T=455, batch=14) ...
    stage 3/3: scoring on 158 test series (accuracy + AOPCR) ...
    [mlflow] versioned model 'millet_paper__mil_inceptiontime__mil_conjunctive' (id=m-3d22e690b09d4ec0b4b153aaf76b9210) params={'model_size_mb': '4.1078', 'n_model_params': '423191', 'name': 'millet_paper'}
    [mlflow] logged run 'millet_paper_GesturePebbleZ2'  (train_acc=1.0000 test_acc=0.8924 test_loss=0.5095)
[107/129] GesturePebbleZ2              DONE  acc=0.8924 loss=0.5095 AOPCR=  7.286 NDCG=  n/a C=  6 T=  455 (222s)  [4 trained / 2 failed so far]
[108/129] GunPointAgeSpan
    stage 1/3: loading data ...
    stage 2/3: training on 135 series (no val (train-loss early stop), C=2, T=150, batch=13) ...
    stage 3/3: scoring on 316 test series (accuracy + AOPCR) ...
    [mlflow] versioned model 'millet_paper__mil_inceptiontime__mil_conjunctive' (id=m-5bb3b2354e264cdcb5dec8d104b4ed6b) params={'model_size_mb': '4.1059', 'n_model_params': '422675', 'name': 'millet_paper'}
    [mlflow] logged run 'millet_paper_GunPointAgeSpan'  (train_acc=1.0000 test_acc=0.9905 test_loss=0.0472)
[108/129] GunPointAgeSpan              DONE  acc=0.9905 loss=0.0472 AOPCR=  7.238 NDCG=  n/a C=  2 T=  150 (441s)  [5 trained / 2 failed so far]
[109/129] GunPointMaleVersusFemale
    stage 1/3: loading data ...
    stage 2/3: training on 135 series (no val (train-loss early stop), C=2, T=150, batch=13) ...
    stage 3/3: scoring on 316 test series (accuracy + AOPCR) ...
    [mlflow] versioned model 'millet_paper__mil_inceptiontime__mil_conjunctive' (id=m-6bf6314b8204488ba3ec90b225db097f) params={'model_size_mb': '4.1059', 'n_model_params': '422675', 'name': 'millet_paper'}
    [mlflow] logged run 'millet_paper_GunPointMaleVersusFemale'  (train_acc=1.0000 test_acc=0.9968 test_loss=0.0074)
[109/129] GunPointMaleVersusFemale     DONE  acc=0.9968 loss=0.0074 AOPCR=  2.753 NDCG=  n/a C=  2 T=  150 (442s)  [6 trained / 2 failed so far]
[110/129] GunPointOldVersusYoung
    stage 1/3: loading data ...
    stage 2/3: training on 136 series (no val (train-loss early stop), C=2, T=150, batch=13) ...
    stage 3/3: scoring on 315 test series (accuracy + AOPCR) ...
    [mlflow] versioned model 'millet_paper__mil_inceptiontime__mil_conjunctive' (id=m-b8f10400ee09439cb3062b3f48761bdc) params={'model_size_mb': '4.1059', 'n_model_params': '422675', 'name': 'millet_paper'}
    [mlflow] logged run 'millet_paper_GunPointOldVersusYoung'  (train_acc=1.0000 test_acc=0.9460 test_loss=0.5268)
[110/129] GunPointOldVersusYoung       DONE  acc=0.9460 loss=0.5268 AOPCR=  3.483 NDCG=  n/a C=  2 T=  150 (441s)  [7 trained / 2 failed so far]
[111/129] HouseTwenty
    stage 1/3: loading data ...
    stage 2/3: training on 40 series (no val (train-loss early stop), C=2, T=2000, batch=4) ...
    stage 3/3: scoring on 119 test series (accuracy + AOPCR) ...
    [mlflow] versioned model 'millet_paper__mil_inceptiontime__mil_conjunctive' (id=m-c9693893d1dd4487858bbbb2ab13fc9d) params={'model_size_mb': '4.1059', 'n_model_params': '422675', 'name': 'millet_paper'}
    [mlflow] logged run 'millet_paper_HouseTwenty'  (train_acc=1.0000 test_acc=0.9748 test_loss=0.1172)
[111/129] HouseTwenty                  DONE  acc=0.9748 loss=0.1172 AOPCR=  4.985 NDCG=  n/a C=  2 T= 2000 (164s)  [8 trained / 2 failed so far]
[112/129] InsectEPGRegularTrain
    stage 1/3: loading data ...
    stage 2/3: training on 62 series (no val (train-loss early stop), C=3, T=601, batch=6) ...
    stage 3/3: scoring on 249 test series (accuracy + AOPCR) ...
    [mlflow] versioned model 'millet_paper__mil_inceptiontime__mil_conjunctive' (id=m-40dfbb9b94d644df992e59fc717a5916) params={'model_size_mb': '4.1064', 'n_model_params': '422804', 'name': 'millet_paper'}
    [mlflow] logged run 'millet_paper_InsectEPGRegularTrain'  (train_acc=1.0000 test_acc=1.0000 test_loss=0.0031)
[112/129] InsectEPGRegularTrain        DONE  acc=1.0000 loss=0.0031 AOPCR=  8.111 NDCG=  n/a C=  3 T=  601 (183s)  [9 trained / 2 failed so far]
[113/129] InsectEPGSmallTrain
    stage 1/3: loading data ...
    stage 2/3: training on 17 series (no val (train-loss early stop), C=3, T=601, batch=2) ...
    stage 3/3: scoring on 249 test series (accuracy + AOPCR) ...
    [mlflow] versioned model 'millet_paper__mil_inceptiontime__mil_conjunctive' (id=m-1240bfec779c40dc92f033eb580245ae) params={'model_size_mb': '4.1064', 'n_model_params': '422804', 'name': 'millet_paper'}
    [mlflow] logged run 'millet_paper_InsectEPGSmallTrain'  (train_acc=1.0000 test_acc=0.9357 test_loss=0.3391)
[113/129] InsectEPGSmallTrain          DONE  acc=0.9357 loss=0.3391 AOPCR=  5.115 NDCG=  n/a C=  3 T=  601 (140s)  [10 trained / 2 failed so far]
[114/129] MelbournePedestrian
    stage 1/3: loading data ...
    stage 2/3: training on 1194 series (no val (train-loss early stop), C=10, T=24, batch=16) ...
    stage 3/3: scoring on 2439 test series (accuracy + AOPCR) ...
[114/129] MelbournePedestrian          FAILED: RuntimeError: a Tensor with 16 elements cannot be converted to Scalar
[115/129] MixedShapesRegularTrain
    stage 1/3: loading data ...
    stage 2/3: training on 500 series (no val (train-loss early stop), C=5, T=1024, batch=16) ...
    stage 3/3: scoring on 2425 test series (accuracy + AOPCR) ...
    [mlflow] versioned model 'millet_paper__mil_inceptiontime__mil_conjunctive' (id=m-034ddf414a2546eba353d83b8edc9a03) params={'model_size_mb': '4.1073', 'n_model_params': '423062', 'name': 'millet_paper'}
    [mlflow] logged run 'millet_paper_MixedShapesRegularTrain'  (train_acc=1.0000 test_acc=0.9798 test_loss=0.1160)
[115/129] MixedShapesRegularTrain      DONE  acc=0.9798 loss=0.1160 AOPCR=  7.176 NDCG=  n/a C=  5 T= 1024 (662s)  [11 trained / 3 failed so far]
[116/129] MixedShapesSmallTrain
    stage 1/3: loading data ...
    stage 2/3: training on 100 series (no val (train-loss early stop), C=5, T=1024, batch=10) ...
    stage 3/3: scoring on 2425 test series (accuracy + AOPCR) ...
    [mlflow] versioned model 'millet_paper__mil_inceptiontime__mil_conjunctive' (id=m-988ef4c19d2a461892582c0be0e14ae4) params={'model_size_mb': '4.1073', 'n_model_params': '423062', 'name': 'millet_paper'}
    [mlflow] logged run 'millet_paper_MixedShapesSmallTrain'  (train_acc=1.0000 test_acc=0.9196 test_loss=0.4195)
[116/129] MixedShapesSmallTrain        DONE  acc=0.9196 loss=0.4195 AOPCR=  7.630 NDCG=  n/a C=  5 T= 1024 (187s)  [12 trained / 3 failed so far]
[117/129] PLAID
    stage 1/3: loading data ...
    stage 2/3: training on 537 series (no val (train-loss early stop), C=11, T=1344, batch=16) ...
    stage 3/3: scoring on 537 test series (accuracy + AOPCR) ...
    [mlflow] versioned model 'millet_paper__mil_inceptiontime__mil_conjunctive' (id=m-407e3598540f42dbbaf60cc8e9017a30) params={'model_size_mb': '4.1103', 'n_model_params': '423836', 'name': 'millet_paper'}
    [mlflow] logged run 'millet_paper_PLAID'  (train_acc=1.0000 test_acc=0.9236 test_loss=0.4023)
[117/129] PLAID                        DONE  acc=0.9236 loss=0.4023 AOPCR=  3.458 NDCG=  n/a C= 11 T= 1344 (705s)  [13 trained / 3 failed so far]
[118/129] PickupGestureWiimoteZ
    stage 1/3: loading data ...
    stage 2/3: training on 50 series (no val (train-loss early stop), C=10, T=361, batch=5) ...
    stage 3/3: scoring on 50 test series (accuracy + AOPCR) ...
    [mlflow] versioned model 'millet_paper__mil_inceptiontime__mil_conjunctive' (id=m-6248a8ae57c74e5fa897a1399fd8a625) params={'model_size_mb': '4.1098', 'n_model_params': '423707', 'name': 'millet_paper'}
    [mlflow] logged run 'millet_paper_PickupGestureWiimoteZ'  (train_acc=1.0000 test_acc=0.7800 test_loss=1.1432)
[118/129] PickupGestureWiimoteZ        DONE  acc=0.7800 loss=1.1432 AOPCR=  4.037 NDCG=  n/a C= 10 T=  361 (169s)  [14 trained / 3 failed so far]
[119/129] PigAirwayPressure
    stage 1/3: loading data ...
    stage 2/3: training on 104 series (no val (train-loss early stop), C=52, T=2000, batch=10) ...
    stage 3/3: scoring on 208 test series (accuracy + AOPCR) ...
    [mlflow] versioned model 'millet_paper__mil_inceptiontime__mil_conjunctive' (id=m-88d1869a1f0745dcb6f7f52f21555bce) params={'model_size_mb': '4.1305', 'n_model_params': '429125', 'name': 'millet_paper'}
    [mlflow] logged run 'millet_paper_PigAirwayPressure'  (train_acc=1.0000 test_acc=0.4471 test_loss=3.7849)
[119/129] PigAirwayPressure            DONE  acc=0.4471 loss=3.7849 AOPCR=  2.721 NDCG=  n/a C= 52 T= 2000 (226s)  [15 trained / 3 failed so far]
[120/129] PigArtPressure
    stage 1/3: loading data ...
    stage 2/3: training on 104 series (no val (train-loss early stop), C=52, T=2000, batch=10) ...
    stage 3/3: scoring on 208 test series (accuracy + AOPCR) ...
    [mlflow] versioned model 'millet_paper__mil_inceptiontime__mil_conjunctive' (id=m-ce88d8fdd2b24493acbcaefb17093499) params={'model_size_mb': '4.1305', 'n_model_params': '429125', 'name': 'millet_paper'}
    [mlflow] logged run 'millet_paper_PigArtPressure'  (train_acc=1.0000 test_acc=0.9904 test_loss=0.0334)
[120/129] PigArtPressure               DONE  acc=0.9904 loss=0.0334 AOPCR=  2.651 NDCG=  n/a C= 52 T= 2000 (227s)  [16 trained / 3 failed so far]
[121/129] PigCVP
    stage 1/3: loading data ...
    stage 2/3: training on 104 series (no val (train-loss early stop), C=52, T=2000, batch=10) ...
    stage 3/3: scoring on 208 test series (accuracy + AOPCR) ...
    [mlflow] versioned model 'millet_paper__mil_inceptiontime__mil_conjunctive' (id=m-7c61bcb124ec46e093ebece6527f6ae3) params={'model_size_mb': '4.1305', 'n_model_params': '429125', 'name': 'millet_paper'}
    [mlflow] logged run 'millet_paper_PigCVP'  (train_acc=1.0000 test_acc=0.9423 test_loss=0.7661)
[121/129] PigCVP                       DONE  acc=0.9423 loss=0.7661 AOPCR=  0.445 NDCG=  n/a C= 52 T= 2000 (227s)  [17 trained / 3 failed so far]
[122/129] PowerCons
    stage 1/3: loading data ...
    stage 2/3: training on 180 series (no val (train-loss early stop), C=2, T=144, batch=16) ...
    stage 3/3: scoring on 180 test series (accuracy + AOPCR) ...
    [mlflow] versioned model 'millet_paper__mil_inceptiontime__mil_conjunctive' (id=m-2d09802466c343ae921221a3cd68196c) params={'model_size_mb': '4.1059', 'n_model_params': '422675', 'name': 'millet_paper'}
    [mlflow] logged run 'millet_paper_PowerCons'  (train_acc=1.0000 test_acc=0.9611 test_loss=0.3490)
[122/129] PowerCons                    DONE  acc=0.9611 loss=0.3490 AOPCR=  3.105 NDCG=  n/a C=  2 T=  144 (483s)  [18 trained / 3 failed so far]
[123/129] Rock
    stage 1/3: loading data ...
    stage 2/3: training on 20 series (no val (train-loss early stop), C=4, T=2844, batch=2) ...
    stage 3/3: scoring on 50 test series (accuracy + AOPCR) ...
    [mlflow] versioned model 'millet_paper__mil_inceptiontime__mil_conjunctive' (id=m-2061ec27488c43e39f50f2b3623d12b2) params={'model_size_mb': '4.1068', 'n_model_params': '422933', 'name': 'millet_paper'}
    [mlflow] logged run 'millet_paper_Rock'  (train_acc=1.0000 test_acc=0.6000 test_loss=2.3957)
[123/129] Rock                         DONE  acc=0.6000 loss=2.3957 AOPCR=  6.071 NDCG=  n/a C=  4 T= 2844 (159s)  [19 trained / 3 failed so far]
[124/129] SemgHandGenderCh2
    stage 1/3: loading data ...
    stage 2/3: training on 300 series (no val (train-loss early stop), C=2, T=1500, batch=16) ...
    stage 3/3: scoring on 600 test series (accuracy + AOPCR) ...
    [mlflow] versioned model 'millet_paper__mil_inceptiontime__mil_conjunctive' (id=m-f140d089cc454cd2b3aeb0eaab16ae41) params={'model_size_mb': '4.1059', 'n_model_params': '422675', 'name': 'millet_paper'}
    [mlflow] logged run 'millet_paper_SemgHandGenderCh2'  (train_acc=1.0000 test_acc=0.8267 test_loss=0.8924)
[124/129] SemgHandGenderCh2            DONE  acc=0.8267 loss=0.8924 AOPCR=  7.165 NDCG=  n/a C=  2 T= 1500 (396s)  [20 trained / 3 failed so far]
[125/129] SemgHandMovementCh2
    stage 1/3: loading data ...
    stage 2/3: training on 450 series (no val (train-loss early stop), C=6, T=1500, batch=16) ...
    stage 3/3: scoring on 450 test series (accuracy + AOPCR) ...
    [mlflow] versioned model 'millet_paper__mil_inceptiontime__mil_conjunctive' (id=m-c641b9832f23482a86ec34929cc318bf) params={'model_size_mb': '4.1078', 'n_model_params': '423191', 'name': 'millet_paper'}
    [mlflow] logged run 'millet_paper_SemgHandMovementCh2'  (train_acc=1.0000 test_acc=0.4444 test_loss=2.8208)
[125/129] SemgHandMovementCh2          DONE  acc=0.4444 loss=2.8208 AOPCR=  6.324 NDCG=  n/a C=  6 T= 1500 (613s)  [21 trained / 3 failed so far]
[126/129] SemgHandSubjectCh2
    stage 1/3: loading data ...
    stage 2/3: training on 450 series (no val (train-loss early stop), C=5, T=1500, batch=16) ...
    stage 3/3: scoring on 450 test series (accuracy + AOPCR) ...
    [mlflow] versioned model 'millet_paper__mil_inceptiontime__mil_conjunctive' (id=m-7d9ad625562b48c88589a3eb5931378f) params={'model_size_mb': '4.1073', 'n_model_params': '423062', 'name': 'millet_paper'}
    [mlflow] logged run 'millet_paper_SemgHandSubjectCh2'  (train_acc=1.0000 test_acc=0.7622 test_loss=1.0836)
[126/129] SemgHandSubjectCh2           DONE  acc=0.7622 loss=1.0836 AOPCR=  7.332 NDCG=  n/a C=  5 T= 1500 (616s)  [22 trained / 3 failed so far]
[127/129] ShakeGestureWiimoteZ
    stage 1/3: loading data ...
    stage 2/3: training on 50 series (no val (train-loss early stop), C=10, T=385, batch=5) ...
    stage 3/3: scoring on 50 test series (accuracy + AOPCR) ...
    [mlflow] versioned model 'millet_paper__mil_inceptiontime__mil_conjunctive' (id=m-b846020e225541328a4f2b9b443b015c) params={'model_size_mb': '4.1098', 'n_model_params': '423707', 'name': 'millet_paper'}
    [mlflow] logged run 'millet_paper_ShakeGestureWiimoteZ'  (train_acc=1.0000 test_acc=0.9200 test_loss=0.5335)
[127/129] ShakeGestureWiimoteZ         DONE  acc=0.9200 loss=0.5335 AOPCR=  3.502 NDCG=  n/a C= 10 T=  385 (171s)  [23 trained / 3 failed so far]
[128/129] SmoothSubspace
    stage 1/3: loading data ...
    stage 2/3: training on 150 series (no val (train-loss early stop), C=3, T=15, batch=15) ...
[128/129] SmoothSubspace               FAILED: RuntimeError: a Tensor with 15 elements cannot be converted to Scalar
[129/129] UMD
    stage 1/3: loading data ...
    stage 2/3: training on 36 series (no val (train-loss early stop), C=3, T=150, batch=3) ...
    stage 3/3: scoring on 144 test series (accuracy + AOPCR) ...
    [mlflow] versioned model 'millet_paper__mil_inceptiontime__mil_conjunctive' (id=m-f836438405444aa8ad0475134e202d32) params={'model_size_mb': '4.1064', 'n_model_params': '422804', 'name': 'millet_paper'}
    [mlflow] logged run 'millet_paper_UMD'  (train_acc=1.0000 test_acc=0.9861 test_loss=0.0845)
[129/129] UMD                          DONE  acc=0.9861 loss=0.0845 AOPCR=  5.438 NDCG=  n/a C=  3 T=  150 (276s)  [24 trained / 4 failed so far]

Done: 24 trained, 101 skipped, 4 failed.
Results -> results/SEA_NET/millet_paper__mil_inceptiontime__mil_conjunctive/results.csv

=== millet_paper__mil_inceptiontime__mil_conjunctive vs MILLET ConjunctiveInceptionTime (mean of 5 reps) ===
  UCR datasets evaluated: 124  (with MILLET baseline: 84, without: 40)
  metric        ours    MILLET   win/tie/loss   (mean over the 84 datasets MILLET published)
  acc         0.8434    0.8433       26/32/26   
  loss        1.1704    1.2321       40/14/30   (lower is better)
  aopcr       3.9264    4.5579        42/5/37   
  wrote results/SEA_NET/millet_paper__mil_inceptiontime__mil_conjunctive/comparison_vs_millet.csv

Next: `python main.py report` to draw the figures for millet_paper__mil_inceptiontime__mil_conjunctive.

[log] finished; full output saved to results/SEA_NET/millet_paper__mil_inceptiontime__mil_conjunctive/logs/train_2026-08-12_06-56-23.log
python main.py teaser --models sv1/millet,sv4/seanet_bottleneck_topk