[log] command 'train' started at 2026-08-09_20-19-04 for model 'millet_paper__mil_inceptiontime__mil_conjunctive'
[log] a copy of everything below is being saved to: results/SEA_NET/millet_paper__mil_inceptiontime__mil_conjunctive/logs/train_2026-08-09_20-19-04.log

=== train: model=millet_paper__mil_inceptiontime__mil_conjunctive (config sv1/millet_paper) device=cuda mode=full datasets=129 ===
[params] using DEFAULT recipe (no Optuna record yet - run 'python main.py optuna --model sv1/millet_paper').
  results  -> results/SEA_NET/millet_paper__mil_inceptiontime__mil_conjunctive/results.csv
  resume   -> results/SEA_NET/millet_paper__mil_inceptiontime__mil_conjunctive/done_train_dataset.txt  (delete it to retrain everything; delete one line to retrain that dataset)

  [mlflow] logging runs to experiment 'SEA-Net_millet_paper__mil_inceptiontime__mil_conjunctive_2026-08-09' at sqlite:///mlflow.db
  [mlflow] browse later with:  mlflow ui --backend-store-uri sqlite:///mlflow.db
[  1/129] WebTraffic                   already done -> skip
[  2/129] Adiac
    stage 1/3: loading data ...
    stage 2/3: training on 390 series (no val (train-loss early stop), C=37, T=176, batch=16) ...
    stage 3/3: scoring on 391 test series (accuracy + AOPCR) ...
    [mlflow] versioned model 'millet_paper__mil_inceptiontime__mil_conjunctive' (id=m-aaa967cdf6ca452b837fb164f85dd7a5) params={'model_size_mb': '4.1231', 'n_model_params': '427190', 'name': 'millet_paper'}
    [mlflow] logged run 'millet_paper_Adiac'  (train_acc=1.0000 test_acc=0.8338 test_loss=0.9725)
[  2/129] Adiac                        DONE  acc=0.8338 loss=0.9725 AOPCR= 19.690 NDCG=  n/a C= 37 T=  176 (788s)  [1 trained / 0 failed so far]
[  3/129] ArrowHead
    stage 1/3: loading data ...
    stage 2/3: training on 36 series (no val (train-loss early stop), C=3, T=251, batch=3) ...
    stage 3/3: scoring on 175 test series (accuracy + AOPCR) ...
    [mlflow] versioned model 'millet_paper__mil_inceptiontime__mil_conjunctive' (id=m-748e266b0fb44778a1e15f6d19e3d124) params={'model_size_mb': '4.1064', 'n_model_params': '422804', 'name': 'millet_paper'}
    [mlflow] logged run 'millet_paper_ArrowHead'  (train_acc=1.0000 test_acc=0.8343 test_loss=1.0621)
[  3/129] ArrowHead                    DONE  acc=0.8343 loss=1.0621 AOPCR=  1.925 NDCG=  n/a C=  3 T=  251 (291s)  [2 trained / 0 failed so far]
[  4/129] Beef
    stage 1/3: loading data ...
    stage 2/3: training on 30 series (no val (train-loss early stop), C=5, T=470, batch=3) ...
    stage 3/3: scoring on 30 test series (accuracy + AOPCR) ...
    [mlflow] versioned model 'millet_paper__mil_inceptiontime__mil_conjunctive' (id=m-e9545774ab604bc5b5ccab3a4dadee86) params={'model_size_mb': '4.1073', 'n_model_params': '423062', 'name': 'millet_paper'}
    [mlflow] logged run 'millet_paper_Beef'  (train_acc=1.0000 test_acc=0.7333 test_loss=1.2270)
[  4/129] Beef                         DONE  acc=0.7333 loss=1.2270 AOPCR=  6.125 NDCG=  n/a C=  5 T=  470 (243s)  [3 trained / 0 failed so far]
[  5/129] BeetleFly
    stage 1/3: loading data ...
    stage 2/3: training on 20 series (no val (train-loss early stop), C=2, T=512, batch=2) ...
    stage 3/3: scoring on 20 test series (accuracy + AOPCR) ...
    [mlflow] versioned model 'millet_paper__mil_inceptiontime__mil_conjunctive' (id=m-2cad31e3346646efacecbaad3065cded) params={'model_size_mb': '4.1059', 'n_model_params': '422675', 'name': 'millet_paper'}
    [mlflow] logged run 'millet_paper_BeetleFly'  (train_acc=1.0000 test_acc=0.9000 test_loss=0.1586)
[  5/129] BeetleFly                    DONE  acc=0.9000 loss=0.1586 AOPCR=  1.707 NDCG=  n/a C=  2 T=  512 (244s)  [4 trained / 0 failed so far]
[  6/129] BirdChicken
    stage 1/3: loading data ...
    stage 2/3: training on 20 series (no val (train-loss early stop), C=2, T=512, batch=2) ...
    stage 3/3: scoring on 20 test series (accuracy + AOPCR) ...
    [mlflow] versioned model 'millet_paper__mil_inceptiontime__mil_conjunctive' (id=m-dd4d59e6b6064070aa7b031b982c5a36) params={'model_size_mb': '4.1059', 'n_model_params': '422675', 'name': 'millet_paper'}
    [mlflow] logged run 'millet_paper_BirdChicken'  (train_acc=1.0000 test_acc=0.9500 test_loss=0.1044)
[  6/129] BirdChicken                  DONE  acc=0.9500 loss=0.1044 AOPCR=  2.314 NDCG=  n/a C=  2 T=  512 (239s)  [5 trained / 0 failed so far]
[  7/129] Car
    stage 1/3: loading data ...
    stage 2/3: training on 60 series (no val (train-loss early stop), C=4, T=577, batch=6) ...
    stage 3/3: scoring on 60 test series (accuracy + AOPCR) ...
    [mlflow] versioned model 'millet_paper__mil_inceptiontime__mil_conjunctive' (id=m-52d20b9170294d749303b7c517dd331a) params={'model_size_mb': '4.1068', 'n_model_params': '422933', 'name': 'millet_paper'}
    [mlflow] logged run 'millet_paper_Car'  (train_acc=1.0000 test_acc=0.9167 test_loss=0.2368)
[  7/129] Car                          DONE  acc=0.9167 loss=0.2368 AOPCR= 10.569 NDCG=  n/a C=  4 T=  577 (260s)  [6 trained / 0 failed so far]
[  8/129] CBF
    stage 1/3: loading data ...
    stage 2/3: training on 30 series (no val (train-loss early stop), C=3, T=128, batch=3) ...
    stage 3/3: scoring on 900 test series (accuracy + AOPCR) ...
    [mlflow] versioned model 'millet_paper__mil_inceptiontime__mil_conjunctive' (id=m-ad7d8d0b93084289953e3c18b927fd49) params={'model_size_mb': '4.1064', 'n_model_params': '422804', 'name': 'millet_paper'}
    [mlflow] logged run 'millet_paper_CBF'  (train_acc=1.0000 test_acc=1.0000 test_loss=0.0001)
[  8/129] CBF                          DONE  acc=1.0000 loss=0.0001 AOPCR=  3.989 NDCG=  n/a C=  3 T=  128 (235s)  [7 trained / 0 failed so far]
[  9/129] ChlorineConcentration
    stage 1/3: loading data ...
    stage 2/3: training on 467 series (no val (train-loss early stop), C=3, T=166, batch=16) ...
    stage 3/3: scoring on 3840 test series (accuracy + AOPCR) ...
    [mlflow] versioned model 'millet_paper__mil_inceptiontime__mil_conjunctive' (id=m-8274bedb892047efbd1b5b0b727f59f2) params={'model_size_mb': '4.1064', 'n_model_params': '422804', 'name': 'millet_paper'}
    [mlflow] logged run 'millet_paper_ChlorineConcentration'  (train_acc=1.0000 test_acc=0.8604 test_loss=1.0159)
[  9/129] ChlorineConcentration        DONE  acc=0.8604 loss=1.0159 AOPCR=  0.577 NDCG=  n/a C=  3 T=  166 (949s)  [8 trained / 0 failed so far]
[ 10/129] CinCECGTorso
    stage 1/3: loading data ...
    stage 2/3: training on 40 series (no val (train-loss early stop), C=4, T=1639, batch=4) ...
    stage 3/3: scoring on 1380 test series (accuracy + AOPCR) ...
    [mlflow] versioned model 'millet_paper__mil_inceptiontime__mil_conjunctive' (id=m-e40572a0a09f4b7d8dbb5f43476e6725) params={'model_size_mb': '4.1068', 'n_model_params': '422933', 'name': 'millet_paper'}
    [mlflow] logged run 'millet_paper_CinCECGTorso'  (train_acc=1.0000 test_acc=0.8065 test_loss=1.0943)
[ 10/129] CinCECGTorso                 DONE  acc=0.8065 loss=1.0943 AOPCR=  6.064 NDCG=  n/a C=  4 T= 1639 (253s)  [9 trained / 0 failed so far]
[ 11/129] Coffee
    stage 1/3: loading data ...
    stage 2/3: training on 28 series (no val (train-loss early stop), C=2, T=286, batch=2) ...
    stage 3/3: scoring on 28 test series (accuracy + AOPCR) ...
    [mlflow] versioned model 'millet_paper__mil_inceptiontime__mil_conjunctive' (id=m-6f1a8f1120124e92817c0214354eaed8) params={'model_size_mb': '4.1059', 'n_model_params': '422675', 'name': 'millet_paper'}
    [mlflow] logged run 'millet_paper_Coffee'  (train_acc=1.0000 test_acc=1.0000 test_loss=0.0000)
[ 11/129] Coffee                       DONE  acc=1.0000 loss=0.0000 AOPCR=  1.672 NDCG=  n/a C=  2 T=  286 (331s)  [10 trained / 0 failed so far]
[ 12/129] Computers
    stage 1/3: loading data ...
    stage 2/3: training on 250 series (no val (train-loss early stop), C=2, T=720, batch=16) ...
    stage 3/3: scoring on 250 test series (accuracy + AOPCR) ...
    [mlflow] versioned model 'millet_paper__mil_inceptiontime__mil_conjunctive' (id=m-588eefbceb8f4d17baefa6ae194e7e80) params={'model_size_mb': '4.1059', 'n_model_params': '422675', 'name': 'millet_paper'}
    [mlflow] logged run 'millet_paper_Computers'  (train_acc=1.0000 test_acc=0.7880 test_loss=2.1802)
[ 12/129] Computers                    DONE  acc=0.7880 loss=2.1802 AOPCR=  3.220 NDCG=  n/a C=  2 T=  720 (529s)  [11 trained / 0 failed so far]
[ 13/129] CricketX
    stage 1/3: loading data ...
    stage 2/3: training on 390 series (no val (train-loss early stop), C=12, T=300, batch=16) ...
    stage 3/3: scoring on 390 test series (accuracy + AOPCR) ...
    [mlflow] versioned model 'millet_paper__mil_inceptiontime__mil_conjunctive' (id=m-7e214ac3090a42f7949f4e6eddb97ddc) params={'model_size_mb': '4.1108', 'n_model_params': '423965', 'name': 'millet_paper'}
    [mlflow] logged run 'millet_paper_CricketX'  (train_acc=1.0000 test_acc=0.8641 test_loss=0.8199)
[ 13/129] CricketX                     DONE  acc=0.8641 loss=0.8199 AOPCR=  5.787 NDCG=  n/a C= 12 T=  300 (797s)  [12 trained / 0 failed so far]
[ 14/129] CricketY
    stage 1/3: loading data ...
    stage 2/3: training on 390 series (no val (train-loss early stop), C=12, T=300, batch=16) ...
    stage 3/3: scoring on 390 test series (accuracy + AOPCR) ...
    [mlflow] versioned model 'millet_paper__mil_inceptiontime__mil_conjunctive' (id=m-f49ec84459f342beab388ee95db1c077) params={'model_size_mb': '4.1108', 'n_model_params': '423965', 'name': 'millet_paper'}
    [mlflow] logged run 'millet_paper_CricketY'  (train_acc=1.0000 test_acc=0.8308 test_loss=0.9473)
[ 14/129] CricketY                     DONE  acc=0.8308 loss=0.9473 AOPCR=  5.612 NDCG=  n/a C= 12 T=  300 (799s)  [13 trained / 0 failed so far]
[ 15/129] CricketZ
    stage 1/3: loading data ...
    stage 2/3: training on 390 series (no val (train-loss early stop), C=12, T=300, batch=16) ...
    stage 3/3: scoring on 390 test series (accuracy + AOPCR) ...
    [mlflow] versioned model 'millet_paper__mil_inceptiontime__mil_conjunctive' (id=m-278edaec3374488f876d1a8755dd04e0) params={'model_size_mb': '4.1108', 'n_model_params': '423965', 'name': 'millet_paper'}
    [mlflow] logged run 'millet_paper_CricketZ'  (train_acc=1.0000 test_acc=0.8487 test_loss=0.7425)
[ 15/129] CricketZ                     DONE  acc=0.8487 loss=0.7425 AOPCR=  5.478 NDCG=  n/a C= 12 T=  300 (797s)  [14 trained / 0 failed so far]
[ 16/129] DiatomSizeReduction
    stage 1/3: loading data ...
    stage 2/3: training on 16 series (no val (train-loss early stop), C=4, T=345, batch=2) ...
    stage 3/3: scoring on 306 test series (accuracy + AOPCR) ...
    [mlflow] versioned model 'millet_paper__mil_inceptiontime__mil_conjunctive' (id=m-bcf9112b82424ee38ded775ccfa699bf) params={'model_size_mb': '4.1068', 'n_model_params': '422933', 'name': 'millet_paper'}
    [mlflow] logged run 'millet_paper_DiatomSizeReduction'  (train_acc=1.0000 test_acc=0.9510 test_loss=0.1746)
[ 16/129] DiatomSizeReduction          DONE  acc=0.9510 loss=0.1746 AOPCR= -4.871 NDCG=  n/a C=  4 T=  345 (189s)  [15 trained / 0 failed so far]
[ 17/129] DistalPhalanxOutlineAgeGroup
    stage 1/3: loading data ...
    stage 2/3: training on 400 series (no val (train-loss early stop), C=3, T=80, batch=16) ...
    stage 3/3: scoring on 139 test series (accuracy + AOPCR) ...
    [mlflow] versioned model 'millet_paper__mil_inceptiontime__mil_conjunctive' (id=m-c887fdbf5c124c5fba422cb8d676a316) params={'model_size_mb': '4.1064', 'n_model_params': '422804', 'name': 'millet_paper'}
    [mlflow] logged run 'millet_paper_DistalPhalanxOutlineAgeGroup'  (train_acc=1.0000 test_acc=0.7050 test_loss=2.2118)
[ 17/129] DistalPhalanxOutlineAgeGroup DONE  acc=0.7050 loss=2.2118 AOPCR=  4.361 NDCG=  n/a C=  3 T=   80 (768s)  [16 trained / 0 failed so far]
[ 18/129] DistalPhalanxOutlineCorrect
    stage 1/3: loading data ...
    stage 2/3: training on 600 series (no val (train-loss early stop), C=2, T=80, batch=16) ...
    stage 3/3: scoring on 276 test series (accuracy + AOPCR) ...
    [mlflow] versioned model 'millet_paper__mil_inceptiontime__mil_conjunctive' (id=m-4f0517de9feb4256bb3b92dad4d12852) params={'model_size_mb': '4.1059', 'n_model_params': '422675', 'name': 'millet_paper'}
    [mlflow] logged run 'millet_paper_DistalPhalanxOutlineCorrect'  (train_acc=1.0000 test_acc=0.7935 test_loss=1.7459)
[ 18/129] DistalPhalanxOutlineCorrect  DONE  acc=0.7935 loss=1.7459 AOPCR=  0.787 NDCG=  n/a C=  2 T=   80 (1172s)  [17 trained / 0 failed so far]
[ 19/129] DistalPhalanxTW
    stage 1/3: loading data ...
    stage 2/3: training on 400 series (no val (train-loss early stop), C=6, T=80, batch=16) ...
    stage 3/3: scoring on 139 test series (accuracy + AOPCR) ...
    [mlflow] versioned model 'millet_paper__mil_inceptiontime__mil_conjunctive' (id=m-52efb54a69bc4767b0956131f17379ec) params={'model_size_mb': '4.1078', 'n_model_params': '423191', 'name': 'millet_paper'}
    [mlflow] logged run 'millet_paper_DistalPhalanxTW'  (train_acc=1.0000 test_acc=0.6403 test_loss=2.6004)
[ 19/129] DistalPhalanxTW              DONE  acc=0.6403 loss=2.6004 AOPCR=  4.978 NDCG=  n/a C=  6 T=   80 (779s)  [18 trained / 0 failed so far]
[ 20/129] Earthquakes
    stage 1/3: loading data ...
    stage 2/3: training on 322 series (no val (train-loss early stop), C=2, T=512, batch=16) ...
    stage 3/3: scoring on 139 test series (accuracy + AOPCR) ...
    [mlflow] versioned model 'millet_paper__mil_inceptiontime__mil_conjunctive' (id=m-15d2b30a15624b64bc7f7693e3b47c49) params={'model_size_mb': '4.1059', 'n_model_params': '422675', 'name': 'millet_paper'}
    [mlflow] logged run 'millet_paper_Earthquakes'  (train_acc=1.0000 test_acc=0.7338 test_loss=2.0676)
[ 20/129] Earthquakes                  DONE  acc=0.7338 loss=2.0676 AOPCR=  4.862 NDCG=  n/a C=  2 T=  512 (662s)  [19 trained / 0 failed so far]
[ 21/129] ECG200
    stage 1/3: loading data ...
    stage 2/3: training on 100 series (no val (train-loss early stop), C=2, T=96, batch=10) ...
    stage 3/3: scoring on 100 test series (accuracy + AOPCR) ...
    [mlflow] versioned model 'millet_paper__mil_inceptiontime__mil_conjunctive' (id=m-ac85adb1483b4ad58acc490f551a0c44) params={'model_size_mb': '4.1059', 'n_model_params': '422675', 'name': 'millet_paper'}
    [mlflow] logged run 'millet_paper_ECG200'  (train_acc=1.0000 test_acc=0.8800 test_loss=1.0229)
[ 21/129] ECG200                       DONE  acc=0.8800 loss=1.0229 AOPCR=  1.626 NDCG=  n/a C=  2 T=   96 (285s)  [20 trained / 0 failed so far]
[ 22/129] ECG5000
    stage 1/3: loading data ...
    stage 2/3: training on 500 series (no val (train-loss early stop), C=5, T=140, batch=16) ...
    stage 3/3: scoring on 4500 test series (accuracy + AOPCR) ...
    [mlflow] versioned model 'millet_paper__mil_inceptiontime__mil_conjunctive' (id=m-589dc864c40647338ee707a592cd3cef) params={'model_size_mb': '4.1073', 'n_model_params': '423062', 'name': 'millet_paper'}
    [mlflow] logged run 'millet_paper_ECG5000'  (train_acc=1.0000 test_acc=0.9433 test_loss=0.6666)
[ 22/129] ECG5000                      DONE  acc=0.9433 loss=0.6666 AOPCR=  8.293 NDCG=  n/a C=  5 T=  140 (1000s)  [21 trained / 0 failed so far]
[ 23/129] ECGFiveDays
    stage 1/3: loading data ...
    stage 2/3: training on 23 series (no val (train-loss early stop), C=2, T=136, batch=2) ...
    stage 3/3: scoring on 861 test series (accuracy + AOPCR) ...
    [mlflow] versioned model 'millet_paper__mil_inceptiontime__mil_conjunctive' (id=m-46ba807ee63c4f849fe3dccda6b8b40f) params={'model_size_mb': '4.1059', 'n_model_params': '422675', 'name': 'millet_paper'}
    [mlflow] logged run 'millet_paper_ECGFiveDays'  (train_acc=1.0000 test_acc=1.0000 test_loss=0.0000)
[ 23/129] ECGFiveDays                  DONE  acc=1.0000 loss=0.0000 AOPCR=  2.082 NDCG=  n/a C=  2 T=  136 (283s)  [22 trained / 0 failed so far]
[ 24/129] ElectricDevices
    stage 1/3: loading data ...
    stage 2/3: training on 8926 series (no val (train-loss early stop), C=7, T=96, batch=16) ...
